06-24 16:41:00.065 W/ExpandableNotificationRow( 1513): setActionsBackground,null == view,mPublicLayout
06-24 16:41:00.065 W/ExpandableNotificationRow( 1513): setActionsBackground,null == view,mPrivateLayout
06-24 16:41:00.065 W/ExpandableNotificationRow( 1513): setActionsBackground,null == view,mPublicLayout
06-24 16:41:00.065 W/ExpandableNotificationRow( 1513): setActionsBackground,null == view,mPrivateLayout
06-24 16:41:00.065 W/ExpandableNotificationRow( 1513): setActionsBackground,null == view,mPublicLayout
06-24 16:41:00.065 W/ExpandableNotificationRow( 1513): setActionsBackground,null == view,mPrivateLayout
06-24 16:41:00.065 W/ExpandableNotificationRow( 1513): setActionsBackground,null == view,mPublicLayout
06-24 16:41:00.065 W/ExpandableNotificationRow( 1513): setActionsBackground,null == view,mPrivateLayout
06-24 16:41:00.066 W/ExpandableNotificationRow( 1513): setActionsBackground,null == view,mPublicLayout
06-24 16:41:00.066 W/ExpandableNotificationRow( 1513): setActionsBackground,null == view,mPrivateLayout
06-24 16:41:00.066 W/ExpandableNotificationRow( 1513): setActionsBackground,null == view,mPublicLayout
06-24 16:41:00.066 W/ExpandableNotificationRow( 1513): setActionsBackground,null == view,mPrivateLayout
06-24 16:41:00.066 W/ExpandableNotificationRow( 1513): setActionsBackground,null == view,mPublicLayout
06-24 16:41:00.066 W/ExpandableNotificationRow( 1513): setActionsBackground,null == view,mPrivateLayout
06-24 16:41:00.066 W/ExpandableNotificationRow( 1513): setActionsBackground,null == view,mPublicLayout
06-24 16:41:00.066 W/ExpandableNotificationRow( 1513): setActionsBackground,null == view,mPrivateLayout
06-24 16:41:00.066 W/ExpandableNotificationRow( 1513): setActionsBackground,null == view,mPublicLayout
06-24 16:41:00.066 W/ExpandableNotificationRow( 1513): setActionsBackground,null == view,mPrivateLayout
06-24 16:41:00.066 W/ExpandableNotificationRow( 1513): setActionsBackground,null == view,mPublicLayout
06-24 16:41:00.067 W/ExpandableNotificationRow( 1513): setActionsBackground,null == view,mPrivateLayout
06-24 16:41:00.067 W/ExpandableNotificationRow( 1513): setActionsBackground,null == view,mPublicLayout
06-24 16:41:00.067 W/ExpandableNotificationRow( 1513): setActionsBackground,null == view,mPrivateLayout
06-24 16:41:00.067 W/ExpandableNotificationRow( 1513): setActionsBackground,null == view,mPublicLayout
06-24 16:41:00.067 W/ExpandableNotificationRow( 1513): setActionsBackground,null == view,mPrivateLayout
06-24 16:41:00.067 W/ExpandableNotificationRow( 1513): setActionsBackground,null == view,mPublicLayout
06-24 16:41:00.067 W/ExpandableNotificationRow( 1513): setActionsBackground,null == view,mPrivateLayout
06-24 16:41:00.067 W/ExpandableNotificationRow( 1513): setActionsBackground,null == view,mPublicLayout
06-24 16:41:00.067 W/ExpandableNotificationRow( 1513): setActionsBackground,null == view,mPrivateLayout
06-24 16:41:00.067 W/ExpandableNotificationRow( 1513): setActionsBackground,null == view,mPublicLayout
06-24 16:41:00.067 W/ExpandableNotificationRow( 1513): setActionsBackground,null == view,mPrivateLayout
06-24 16:41:00.068 W/ExpandableNotificationRow( 1513): setActionsBackground,null == view,mPublicLayout
06-24 16:41:00.068 W/ExpandableNotificationRow( 1513): setActionsBackground,null == view,mPrivateLayout
06-24 16:41:00.068 W/ExpandableNotificationRow( 1513): setActionsBackground,null == view,mPublicLayout
06-24 16:41:00.068 W/ExpandableNotificationRow( 1513): setActionsBackground,null == view,mPrivateLayout
06-24 16:41:00.068 W/ExpandableNotificationRow( 1513): setActionsBackground,null == view,mPublicLayout
06-24 16:41:00.068 W/ExpandableNotificationRow( 1513): setActionsBackground,null == view,mPrivateLayout
06-24 16:41:00.068 W/ExpandableNotificationRow( 1513): setActionsBackground,null == view,mPublicLayout
06-24 16:41:00.068 W/ExpandableNotificationRow( 1513): setActionsBackground,null == view,mPrivateLayout
06-24 16:41:00.068 W/ExpandableNotificationRow( 1513): setActionsBackground,null == view,mPublicLayout
06-24 16:41:00.068 W/ExpandableNotificationRow( 1513): setActionsBackground,null == view,mPrivateLayout
06-24 16:41:00.069 W/ExpandableNotificationRow( 1513): setActionsBackground,null == view,mPublicLayout
06-24 16:41:00.069 W/ExpandableNotificationRow( 1513): setActionsBackground,null == view,mPrivateLayout
06-24 16:41:00.069 W/ExpandableNotificationRow( 1513): setActionsBackground,null == view,mPublicLayout
06-24 16:41:00.069 W/ExpandableNotificationRow( 1513): setActionsBackground,null == view,mPrivateLayout
06-24 16:41:00.069 W/HwKeyguardDragHelper( 1513): AnimationBlocked
06-24 16:41:00.080 D/AirPushService( 8977): result = {"period":"r","vip":{"index_":"","data":""},"update":{"index_":"","data":""},"officalActivity":{"index_":"","data":""},"news":{"index_":"","data":""},"target":{"index_":"","data":""},"batch":{"index_":"","data":""},"skipTarget":{"index_":"","data":""},"thirdApp":{"index_":"","data":""}}
06-24 16:41:00.080 D/AirPushService( 8977): handleCheckerSaveToDB
06-24 16:41:00.080 D/AirPushUtils( 8977): startDbOver
06-24 16:41:00.081 D/AdvCtrlInfoTask( 8977): getResponseCode = 200
06-24 16:41:00.081 D/AdvCtrlInfoTask( 8977): result = {"ctrl_info":[{"stat_id":"5000","appid":"10000","behav":"65535","valid_time":"1905631200","upload_cycle":"1"},{"stat_id":"4001","appid":"10000","behav":"65535","valid_time":"1905631200","upload_cycle":"1"},{"stat_id":"3001","appid":"10000","behav":"65535","valid_time":"1905631200","upload_cycle":"1"},{"stat_id":"4002","appid":"10000","behav":"65535","valid_time":"1905631200","upload_cycle":"1"},{"stat_id":"5100","appid":"10000","behav":"65535","valid_time":"1905631200","upload_cycle":"1"},{"stat_id":"8000","appid":"10000","behav":"65535","valid_time":"1905631200","upload_cycle":"1"},{"stat_id":"7000","appid":"10000","behav":"65535","valid_time":"1905631200","upload_cycle":"1"},{"stat_id":"4000","appid":"10000","behav":"65535","valid_time":"1905631200","upload_cycle":"1"},{"stat_id":"3000","appid":"10000","behav":"65535","valid_time":"1905631200","upload_cycle":"1"},{"stat_id":"6000","appid":"10000","behav":"65535","valid_time":"1905631200","upload_cycle":"1"}]}
06-24 16:41:00.090 D/SmtServService( 8977): db write over
06-24 16:41:00.091 D/SmtServService( 8977): gameCenterFirstStart = true
06-24 16:41:00.093 W/AlarmManager(  657): mIsScreenOn is: true, WAKEUP alarm trigger action = ALARM_ACTION(20049) package name is: com.tencent.mm
06-24 16:41:00.097 D/PMS1000 (  657): package:com.excelliance.dualaid, input flags:1024, output hwFlags:0
06-24 16:41:00.097 I/ActivityManager(  657): Need to start process com.excelliance.dualaid:lbcore for provider ContentProviderInfo{name=com.excelliance.dualaid:com.excelliance.kxqp.platform.PluginManagerProvider className=com.excelliance.kxqp.platform.PluginManagerProvider}, callerApp: ProcessRecord{b233994 8977:com.excelliance.dualaid/u0a1423}
06-24 16:41:00.097 V/ActivityManager(  657): startProcess: name=com.excelliance.dualaid:lbcore app=null knownToBeDead=false thread=null pid=-1
06-24 16:41:00.097 D/PMS1000 (  657): package:com.excelliance.dualaid, input flags:0, output hwFlags:0
06-24 16:41:00.106 I/ActivityManager(  657): Start proc 9119:com.excelliance.dualaid:lbcore/u0a1423 for content provider com.excelliance.dualaid/com.excelliance.kxqp.platform.PluginManagerProvider
06-24 16:41:00.107 V/ActivityManager_MU(  657): Waiting to start provider ContentProviderRecord{adc8bb6 u0 com.excelliance.dualaid/com.excelliance.kxqp.platform.PluginManagerProvider} launchingApp=ProcessRecord{440d751 9119:com.excelliance.dualaid:lbcore/u0a1423} caller pid= 8977
06-24 16:41:00.107 I/        ( 9119): power log dlsym ok
06-24 16:41:00.109 I/zygote  ( 9119): Reinit property: dalvik.vm.checkjni= false
06-24 16:41:00.110 I/[HwRecSys]TimerController( 2647): onMinuteChange requestWeather
06-24 16:41:00.110 D/DateTimeView( 1513): Change to single clock mode!
06-24 16:41:00.118 D/ActivityThread( 9119): ActivityThread,attachApplication
06-24 16:41:00.122 D/VersionManager( 8977): uid=353
06-24 16:41:00.128 D/ActivityManager(  657): ActivityManagerService,attachApplication,callingPid = 9119
06-24 16:41:00.133 V/BroadcastQueue(  657): Finished with ordered broadcast BroadcastRecord{bcaab8c u-1 android.intent.action.TIME_TICK}
06-24 16:41:00.134 V/BroadcastQueue(  657): Finished with ordered broadcast BroadcastRecord{bc6aaea u0 ALARM_ACTION(20049)}
06-24 16:41:00.135 W//system/bin/hwservicemanager(  416): Cannot open /odm/manifest.xml
06-24 16:41:00.149 W//system/bin/hwservicemanager(  416): Cannot open /odm/manifest.xml
06-24 16:41:00.150 I/GRALLOC (  679): 	 shrFd=10,fmt=0x1,intFmt=0x1,btStrd=256,size=4096,pid=679 
06-24 16:41:00.150 I/GRALLOC (  679): 	 yuv=2,w=16,h=16,Stride u=0 v=0,offset u=0 v=0 
06-24 16:41:00.150 I/GRALLOC (  679): 	 iova_size=4096,conUsg=0x100,proUsg=0x100,	 strd=64,[afbc]HdrStrd=0 PyldStrd=0 Scrmbl=0,ionhnd = 1 
06-24 16:41:00.154 D/HwFLClassLoader( 9119): get used feature list :/feature/used-list failed!
06-24 16:41:00.154 D/HwFLClassLoader( 9119): USE_FEATURE_LIST had not init! 
06-24 16:41:00.169 D/PMS11423(  657): package:com.excelliance.dualaid, input flags:128, output hwFlags:0
06-24 16:41:00.207 D/launch-time-RU( 9119): preload 24 classes cost 16ms
06-24 16:41:00.243 D/ActivityThread( 9119): Loading provider com.excelliance.dualaid:com.excelliance.kxqp.platform.PluginManagerProvider: com.excelliance.kxqp.platform.PluginManagerProvider
06-24 16:41:00.243 D/PMS11423(  657): package:com.excelliance.dualaid, input flags:0, output hwFlags:0
06-24 16:41:00.251 D/PMS1000 (  657): package:com.excelliance.dualaid, input flags:8192, output hwFlags:0
06-24 16:41:00.253 D/PMS1001 (  657): package:com.excelliance.dualaid, input flags:0, output hwFlags:0
06-24 16:41:00.257 D/PMS11423(  657): package:com.excelliance.dualaid, input flags:0, output hwFlags:0
06-24 16:41:00.259 D/PMS11423(  657): package:com.excelliance.dualaid:lbcore, input flags:0, output is null
06-24 16:41:00.261 I/Bluetooth_framework(  657): BluetoothManagerService:Added callback: android.bluetooth.IBluetoothManagerCallback$Stub$Proxy@2796faf:true pid = 9119
06-24 16:41:00.263 D/PMS11423(  657): package:com.excelliance.dualaid, input flags:128, output hwFlags:0
06-24 16:41:00.276 I/LBVMD-LBPMS( 9119): LBVMRT: version 54302:543.02
06-24 16:41:00.277 E/zygote  ( 9119): Invalid capacity given to EnsureLocalCapacity: 800
06-24 16:41:00.291 I/HwCust  ( 9119): Constructor found for class android.net.HwCustConnectivityManagerImpl
06-24 16:41:00.291 D/HwCust  ( 9119): Create obj success use class android.net.HwCustConnectivityManagerImpl
06-24 16:41:00.296 D/PMS11423(  657): package:com.excelliance.dualaid, input flags:0, output hwFlags:0
06-24 16:41:00.303 V/HwWidgetFactory( 9119): : successes to get AllImpl object and return....
06-24 16:41:00.308 E/MemoryLeakMonitorManager( 9119): MemoryLeakMonitor.jar is not exist!
06-24 16:41:00.309 D/KXQPApplication( 9119): run: initUserManager
06-24 16:41:00.309 E/MemoryLeakMonitorManager( 9119): MemoryLeakMonitor.jar is not exist!
06-24 16:41:00.310 V/ActivityManager(  657): Successfully start provider ContentProviderRecord{adc8bb6 u0 com.excelliance.dualaid/com.excelliance.kxqp.platform.PluginManagerProvider} launchingApp=ProcessRecord{440d751 9119:com.excelliance.dualaid:lbcore/u0a1423} caller pid= 8977
06-24 16:41:00.310 E/Minikin ( 9119): Could not get cmap table size!
06-24 16:41:00.311 D/PMS11423(  657): package:com.excelliance.dualaid, input flags:128, output hwFlags:0
06-24 16:41:00.313 W/PackageParser( 9119): No actions in intent filter at /data/app/com.huawei.hwid-Sc7ADDdoDYIYREll7tj_iw==/base.apk Binary XML file line #1412
06-24 16:41:00.313 V/ActivityManager(  657): Attempted to start a foreground service (ComponentInfo{com.excelliance.dualaid/com.excelliance.kxqp.platform.TrampolineService}) with a broken notification (no icon: Notification(channel=null pri=0 contentView=null vibrate=null sound=null defaults=0x0 flags=0x40 color=0x00000000 vis=PRIVATE))
06-24 16:41:00.314 E/MemoryLeakMonitorManager( 8977): MemoryLeakMonitor.jar is not exist!
06-24 16:41:00.315 W/PackageParser( 9119): No actions in intent filter at /data/app/com.huawei.hwid-Sc7ADDdoDYIYREll7tj_iw==/base.apk Binary XML file line #1680
06-24 16:41:00.315 W/PackageParser( 9119): No actions in intent filter at /data/app/com.huawei.hwid-Sc7ADDdoDYIYREll7tj_iw==/base.apk Binary XML file line #1694
06-24 16:41:00.316 E/zygote  ( 9119): Invalid capacity given to EnsureLocalCapacity: 592
06-24 16:41:00.316 D/SmtServService( 8977): MSG_LOAD_PLT after msg.obj
06-24 16:41:00.330 I/Pged-IPgedBinderService(  769): ****action is 2, pid num is 7***
06-24 16:41:00.330 I/Pged-Freezer(  769): thawPids
06-24 16:41:00.331 D/PgedBinderAdapter( 1699): unfrz ok, pid: [29457, 19894, 29531, 14942, 15544, 24379]
06-24 16:41:00.348 D/HwNotificationManagerService(  657): recognize: tag=null, id=268435456, user=UserHandle{0}, pkg=com.excelliance.dualaid, uid=11423, callingPid=9119
06-24 16:41:00.348 D/PMS1000 (  657): package:com.excelliance.dualaid, input flags:0, output hwFlags:0
06-24 16:41:00.348 I/[HwRecSys]HwRecSysAidlService( 2647): doNotificationCollect -> current num:1
06-24 16:41:00.349 I/[HwRecSys]-Notification-NotificationUpdateController( 2647): startNotificationUpdate start!
06-24 16:41:00.349 W/SettingsEx( 2647): SettingsEx.Systemex.getInt deprecated use Settings.System.getInt instead ;callers=com.huawei.recsys.util.SystemUtil.getNotificationUpdateMode:169 com.huawei.recsys.util.SystemUtil.isAllowUpdate:104 com.huawei.recsys.controller.notification.http.NotificationUpdateController.startNotificationUpdate:85 
06-24 16:41:00.349 I/[HwRecSys]SystemUtil( 2647): isAllowUpdate mode:1
06-24 16:41:00.350 I/[HwRecSys]SystemUtil( 2647): isAllowUpdate isAllowUpdate:true
06-24 16:41:00.350 I/[HwRecSys]-Notification-NotificationUpdateController( 2647):  -> currentYear:2018
06-24 16:41:00.350 I/[HwRecSys]-Notification-NotificationUpdateController( 2647):  -> currentMonth:5
06-24 16:41:00.350 I/[HwRecSys]-Notification-NotificationUpdateController( 2647):  -> currentDay:24
06-24 16:41:00.350 I/[HwRecSys]-Notification-NotificationUpdateController( 2647):  -> oldYear:2018
06-24 16:41:00.350 I/[HwRecSys]-Notification-NotificationUpdateController( 2647):  -> oldMonth:5
06-24 16:41:00.350 I/[HwRecSys]-Notification-NotificationUpdateController( 2647):  -> oldDay:24
06-24 16:41:00.350 E/[HwRecSys]-Notification-NotificationUpdateController( 2647): startNotificationUpdate time is valid no need request
06-24 16:41:00.350 I/[HwRecSys]-Notification-NotificationController( 2647): doNotificationCollect start!
06-24 16:41:00.351 E/[HwRecSys]-Notification-NotificationController( 2647): HwDefaultLabels returnStr:107
06-24 16:41:00.352 E/[HwRecSys]-Notification-NotificationController( 2647): getChinese paramValue is null!
06-24 16:41:00.354 E/[HwRecSys]-Notification-NotificationController( 2647): doNotificationCollect getLabelByRegRules label:107
06-24 16:41:00.355 I/[HwRecSys]HwRecSysAidlService( 2647): doNotificationCollect ->  finally remote Num - 1 !
06-24 16:41:00.355 I/HwNotificationManagerService(  657): doNotificationCollect: pkg=com.excelliance.dualaid, uid=11423, hw_type=107, hw_btw=true
06-24 16:41:00.355 D/PMS1000 (  657): package:com.excelliance.dualaid, input flags:268435456, output hwFlags:0
06-24 16:41:00.355 D/PMS1000 (  657): package:com.excelliance.dualaid, input flags:0, output hwFlags:0
06-24 16:41:00.355 W/NotificationRecord(  657): Use default channel, The importance is:2
06-24 16:41:00.355 D/PMS1000 (  657): package:com.excelliance.dualaid, input flags:0, output hwFlags:0
06-24 16:41:00.356 V/ActivityManager(  657): Attempted to start a foreground service (ComponentInfo{com.excelliance.dualaid/com.excelliance.kxqp.platform.TrampolineService$EmptyService}) with a broken notification (no icon: Notification(channel=null pri=0 contentView=null vibrate=null sound=null defaults=0x0 flags=0x40 color=0x00000000 vis=PRIVATE))
06-24 16:41:00.360 D/HwNotificationManagerService(  657): recognize: tag=null, id=268435456, user=UserHandle{0}, pkg=com.excelliance.dualaid, uid=11423, callingPid=9119
06-24 16:41:00.360 D/PMS1000 (  657): package:com.excelliance.dualaid, input flags:0, output hwFlags:0
06-24 16:41:00.361 I/[HwRecSys]HwRecSysAidlService( 2647): doNotificationCollect -> current num:1
06-24 16:41:00.362 I/[HwRecSys]-Notification-NotificationUpdateController( 2647): startNotificationUpdate start!
06-24 16:41:00.362 W/SettingsEx( 2647): SettingsEx.Systemex.getInt deprecated use Settings.System.getInt instead ;callers=com.huawei.recsys.util.SystemUtil.getNotificationUpdateMode:169 com.huawei.recsys.util.SystemUtil.isAllowUpdate:104 com.huawei.recsys.controller.notification.http.NotificationUpdateController.startNotificationUpdate:85 
06-24 16:41:00.363 I/[HwRecSys]SystemUtil( 2647): isAllowUpdate mode:1
06-24 16:41:00.363 I/[HwRecSys]SystemUtil( 2647): isAllowUpdate isAllowUpdate:true
06-24 16:41:00.364 I/[HwRecSys]-Notification-NotificationUpdateController( 2647):  -> currentYear:2018
06-24 16:41:00.364 I/[HwRecSys]-Notification-NotificationUpdateController( 2647):  -> currentMonth:5
06-24 16:41:00.364 I/[HwRecSys]-Notification-NotificationUpdateController( 2647):  -> currentDay:24
06-24 16:41:00.364 I/[HwRecSys]-Notification-NotificationUpdateController( 2647):  -> oldYear:2018
06-24 16:41:00.364 I/[HwRecSys]-Notification-NotificationUpdateController( 2647):  -> oldMonth:5
06-24 16:41:00.364 I/[HwRecSys]-Notification-NotificationUpdateController( 2647):  -> oldDay:24
06-24 16:41:00.364 E/[HwRecSys]-Notification-NotificationUpdateController( 2647): startNotificationUpdate time is valid no need request
06-24 16:41:00.364 I/[HwRecSys]-Notification-NotificationController( 2647): doNotificationCollect start!
06-24 16:41:00.364 D/NotificationService(  657): mGameDndStatus is:false ,isGameDndSwitchOn is:false
06-24 16:41:00.364 E/[HwRecSys]-Notification-NotificationController( 2647): HwDefaultLabels returnStr:107
06-24 16:41:00.365 E/[HwRecSys]-Notification-NotificationController( 2647): getChinese paramValue is null!
06-24 16:41:00.366 W/zygote  ( 9119): Throwing OutOfMemoryError "EnsureLocalCapacity"
06-24 16:41:00.368 E/[HwRecSys]-Notification-NotificationController( 2647): doNotificationCollect getLabelByRegRules label:107
06-24 16:41:00.368 I/[HwRecSys]HwRecSysAidlService( 2647): doNotificationCollect ->  finally remote Num - 1 !
06-24 16:41:00.368 I/HwNotificationManagerService(  657): doNotificationCollect: pkg=com.excelliance.dualaid, uid=11423, hw_type=107, hw_btw=true
06-24 16:41:00.368 D/PMS1000 (  657): package:com.excelliance.dualaid, input flags:268435456, output hwFlags:0
06-24 16:41:00.368 D/PMS1000 (  657): package:com.excelliance.dualaid, input flags:0, output hwFlags:0
06-24 16:41:00.368 W/NotificationRecord(  657): Use default channel, The importance is:2
06-24 16:41:00.369 I/AppManager( 1699): app:com.excelliance.dualaid Notification update time:112399218
06-24 16:41:00.369 I/AppManager( 1699): app:com.excelliance.dualaid Notification persist:true  Ids:[268435456]
06-24 16:41:00.380 D/NotificationService(  657): mGameDndStatus is:false ,isGameDndSwitchOn is:false
06-24 16:41:00.385 W/IPMSI   ( 9119): request permission: com.huawei.permission.sec.MDM.v2
06-24 16:41:00.385 W/IPMSI   ( 9119): request permission: com.huawei.authentication.HW_ACCESS_AUTH_SERVICE
06-24 16:41:00.385 W/IPMSI   ( 9119): request permission: com.huawei.appmarket.provider.readPermission
06-24 16:41:00.385 W/IPMSI   ( 9119): request permission: com.huawei.pushagent.permission.RICHMEDIA_PROVIDER
06-24 16:41:00.389 D/PMS10039(  657): package:com.excelliance.dualaid, input flags:1024, output hwFlags:0
06-24 16:41:00.400 D/PMS10039(  657): package:com.android.systemui, input flags:268436480, output hwFlags:0
06-24 16:41:00.402 D/HwCust  ( 1513): Create obj success use class com.android.systemui.statusbar.notification.HwCustNotificationInflaterImpl
06-24 16:41:00.402 I/FakeShadowView( 1513): radius18
06-24 16:41:00.403 D/PMS10039(  657): package:com.excelliance.dualaid, input flags:8704, output hwFlags:0
06-24 16:41:00.403 D/PMS10039(  657): package:com.excelliance.dualaid, input flags:8192, output hwFlags:0
06-24 16:41:00.404 W/HwPhoneLayoutInflater( 1513): onCreateView : ClassNotFoundException, In this case we want to let the base class take a crack at it
06-24 16:41:00.405 I/chatty  ( 1513): uid=10039(u0_a39) com.android.systemui identical 2 lines
06-24 16:41:00.405 W/HwPhoneLayoutInflater( 1513): onCreateView : ClassNotFoundException, In this case we want to let the base class take a crack at it
06-24 16:41:00.406 W/ResourceType( 1513): Failure getting entry for 0x01040255 (t=3 e=597) (error -75)
06-24 16:41:00.407 W/HwPhoneLayoutInflater( 1513): onCreateView : ClassNotFoundException, In this case we want to let the base class take a crack at it
06-24 16:41:00.409 I/chatty  ( 1513): uid=10039(u0_a39) com.android.systemui identical 2 lines
06-24 16:41:00.409 W/HwPhoneLayoutInflater( 1513): onCreateView : ClassNotFoundException, In this case we want to let the base class take a crack at it
06-24 16:41:00.409 W/ResourceType( 1513): Failure getting entry for 0x01040255 (t=3 e=597) (error -75)
06-24 16:41:00.413 W/HwPhoneLayoutInflater( 1513): onCreateView : ClassNotFoundException, In this case we want to let the base class take a crack at it
06-24 16:41:00.414 I/chatty  ( 1513): uid=10039(u0_a39) com.android.systemui identical 2 lines
06-24 16:41:00.414 W/HwPhoneLayoutInflater( 1513): onCreateView : ClassNotFoundException, In this case we want to let the base class take a crack at it
06-24 16:41:00.414 W/ResourceType( 1513): Failure getting entry for 0x01040255 (t=3 e=597) (error -75)
06-24 16:41:00.416 D/SmtServService( 8977): MSG_LOAD_PLT GameUtil.isPtLoaded() = true
06-24 16:41:00.417 W/HwPhoneLayoutInflater( 1513): onCreateView : ClassNotFoundException, In this case we want to let the base class take a crack at it
06-24 16:41:00.418 I/chatty  ( 1513): uid=10039(u0_a39) com.android.systemui identical 2 lines
06-24 16:41:00.418 W/HwPhoneLayoutInflater( 1513): onCreateView : ClassNotFoundException, In this case we want to let the base class take a crack at it
06-24 16:41:00.419 W/ResourceType( 1513): Failure getting entry for 0x01040255 (t=3 e=597) (error -75)
06-24 16:41:00.421 D/PMS10039(  657): package:com.excelliance.dualaid, input flags:0, output hwFlags:0
06-24 16:41:00.423 D/HwPhoneStatusBar( 1513): No peeking: not allowed notification: 0|com.excelliance.dualaid|268435456|null|11423
06-24 16:41:00.430 I/PhoneStatusBar( 1513): updateNotificationShade: total=78, active=78
06-24 16:41:00.430 W/PhoneStatusBar( 1513): updateNotificationShade hasFaceDT: false; Detected:false
06-24 16:41:00.432 V/PhoneStatusBar( 1513): mStackScroller size:11,activeCount:78, childCnt:15
06-24 16:41:00.453 D/ReporterUtil( 1513):  e id:344 type:{pkg:com.excelliance.dualaid,hw_type:107,hw_btw:true,onGoing:true,importance:2}
06-24 16:41:00.454 E/BDLog   ( 1686): BD.FilterImpl:com.android.systemui 344 times= 200 over threshold
06-24 16:41:00.454 E/BDLog   ( 1686): BD.FilterImpl:com.android.systemui344 is illLegal
06-24 16:41:00.456 W/HwKeyguardDragHelper( 1513): AnimationBlocked
06-24 16:41:00.463 D/StatusBar( 1513): updateNotification(StatusBarNotification(pkg=com.excelliance.dualaid user=UserHandle{0} id=268435456 tag=null key=0|com.excelliance.dualaid|268435456|null|11423: Notification(channel=null pri=0 contentView=com.excelliance.dualaid/0x1090090 vibrate=null sound=null defaults=0x0 flags=0x62 color=0xff607d8b vis=PRIVATE)))
06-24 16:41:00.468 D/HwPhoneStatusBar( 1513): No peeking: not allowed notification: 0|com.excelliance.dualaid|268435456|null|11423
06-24 16:41:00.468 D/StatusBar( 1513): applyInPlace=true shouldPeek=false alertAgain=true
06-24 16:41:00.468 D/StatusBar( 1513): reusing notification for key: 0|com.excelliance.dualaid|268435456|null|11423
06-24 16:41:00.469 D/PMS10039(  657): package:com.excelliance.dualaid, input flags:8192, output hwFlags:0
06-24 16:41:00.475 I/PhoneStatusBar( 1513): updateNotificationShade: total=78, active=78
06-24 16:41:00.475 W/PhoneStatusBar( 1513): updateNotificationShade hasFaceDT: false; Detected:false
06-24 16:41:00.476 V/PhoneStatusBar( 1513): mStackScroller size:11,activeCount:78, childCnt:15
06-24 16:41:00.499 W/HwKeyguardDragHelper( 1513): AnimationBlocked
06-24 16:41:00.616 I/TrafficMonitor(  657): update:rxPkts:31,txPkts:38,rxBytes:13121,txBytes:4918
06-24 16:41:00.616 I/TrafficMonitor(  657): start expired. level:-1
06-24 16:41:00.616 I/TrafficMonitor(  657): gettimer:interval=2000
06-24 16:41:00.969 D/SmartcareProc(  657): onSignalStrengthsChanged: signalStrength is: SignalStrength: 0 1955964583 0 255 0 0 32767 -1 32767 -1 -70 -10 31 -1 0 -1 false gw|lte , on sub: 0
06-24 16:41:00.969 D/SmartcareProc(  657): SignalStrength update result, ss: SignalStrengthInfo:8749149 mGsmSignalStrength: -1 mWcdmaRscp: -1 mWcdmaEcio: 255 mLteRsrp: -70 mLteRsrq: -10 mCdmaDbm: -1 mCdmaEcio: -1 mEvdoDbm: 32767mEvdoEcio: -1mLteRssnr: 31
06-24 16:41:00.973 I/MQoS    (  657): onSignal: mSubId=0,currDataSubID=0
06-24 16:41:00.973 I/MQoS    (  657): received cell-signal:5
06-24 16:41:00.979 I/HwMobileSignalController(0)( 1513): subId:0 phoneType:1 networktype:13 targetClass:3 masterLevel:5 slaveLevel:-1
06-24 16:41:01.102 E/WifiHAL (  706): enter wifi_get_link_stats
06-24 16:41:01.112 E/wificond(  765): Failed to get NL80211_STA_INFO_CNAHLOAD
06-24 16:41:01.112 E/WificondControl(  657): Noise: -92, Snr: 0, Chload: -1
06-24 16:41:01.113 D/HwWifiCHRStateManager(  657): handleMessage : 1001
06-24 16:41:01.113 D/HwWifiCHRStateManager(  657): handleUpdateChannel:5805
06-24 16:41:01.113 V/HwWifiServiceFactory(  657): get AllImpl object = com.android.server.wifi.HwWifiServiceFactoryImpl@a390a53
06-24 16:41:01.115 D/WifiScoreReport(  657): Score = 100, wifiConnectivityManagerEnabled = false, lowScoreCount = 0
06-24 16:41:01.291 I/appium  (24379): Skipping invisible child: android.view.accessibility.AccessibilityNodeInfo@a017; boundsInParent: Rect(0, 0 - 1080, 1920); boundsInScreen: Rect(1080, 0 - 1080, 1920); packageName: com.excelliance.dualaid; className: android.widget.RelativeLayout; text: null; error: null; maxTextLength: -1; contentDescription: null; viewIdResName: null; checkable: false; checked: false; focusable: false; focused: false; selected: false; clickable: false; longClickable: false; contextClickable: false; enabled: true; password: false; scrollable: false; importantForAccessibility: false; actions: [AccessibilityAction: ACTION_SELECT - null, AccessibilityAction: ACTION_CLEAR_SELECTION - null, AccessibilityAction: ACTION_ACCESSIBILITY_FOCUS - null, AccessibilityAction: ACTION_SHOW_ON_SCREEN - null]
06-24 16:41:01.292 I/appium  (24379): Skipping invisible child: android.view.accessibility.AccessibilityNodeInfo@a3d8; boundsInParent: Rect(0, 0 - 1080, 1920); boundsInScreen: Rect(2160, 0 - 1080, 1920); packageName: com.excelliance.dualaid; className: android.widget.RelativeLayout; text: null; error: null; maxTextLength: -1; contentDescription: null; viewIdResName: null; checkable: false; checked: false; focusable: false; focused: false; selected: false; clickable: false; longClickable: false; contextClickable: false; enabled: true; password: false; scrollable: false; importantForAccessibility: false; actions: [AccessibilityAction: ACTION_SELECT - null, AccessibilityAction: ACTION_CLEAR_SELECTION - null, AccessibilityAction: ACTION_ACCESSIBILITY_FOCUS - null, AccessibilityAction: ACTION_SHOW_ON_SCREEN - null]
06-24 16:41:01.292 I/appium  (24379): Fetch time: 9ms
06-24 16:41:01.309 I/appium  (24379): AppiumResponse: {"sessionId":"12d3f873-0ea4-4775-928a-9964d13dcd6c","status":0,"value":"<?xml version=\"1.0\" encoding=\"UTF-8\"?><hierarchy rotation=\"0\"><android.widget.FrameLayout index=\"0\" text=\"\" class=\"android.widget.FrameLayout\" package=\"com.excelliance.dualaid\" content-desc=\"\" checkable=\"false\" checked=\"false\" clickable=\"false\" enabled=\"true\" focusable=\"false\" focused=\"false\" scrollable=\"false\" long-clickable=\"false\" password=\"false\" selected=\"false\" bounds=\"[0,0][1080,1920]\" resource-id=\"\" instance=\"0\"><android.widget.LinearLayout index=\"0\" text=\"\" class=\"android.widget.LinearLayout\" package=\"com.excelliance.dualaid\" content-desc=\"\" checkable=\"false\" checked=\"false\" clickable=\"false\" enabled=\"true\" focusable=\"false\" focused=\"false\" scrollable=\"false\" long-clickable=\"false\" password=\"false\" selected=\"false\" bounds=\"[0,0][1080,1920]\" resource-id=\"\" instance=\"0\"><android.widget.FrameLayout index=\"0\" text=\"\" class=\"android.widget.FrameLayout\" package=\"com.excelliance.dualaid\" content-desc=\"\" checkable=\"false\" checked=\"false\" clickable=\"false\" enabled=\"true\" focusable=\"false\" focused=\"false\" scrollable=\"false\" long-clickable=\"false\" password=\"false\" selected=\"false\" bounds=\"[0,0][1080,1920]\" resource-id=\"android:id\/content\" instance=\"1\"><android.widget.FrameLayout index=\"0\" text=\"\" class=\"android.widget.FrameLayout\" package=\"com.excelliance.dualaid\" content-desc=\"\" checkable=\"false\" checked=\"false\" clickable=\"false\" enabled=\"true\" focusable=\"false\" focused=\"false\" scrollable=\"false\" long-clickable=\"false\" password=\"false\" selected=\"false\" bounds=\"[0,0][1080,1920]\" resource-id=\"\" instance=\"2\"><android.widget.RelativeLayout index=\"0\" text=\"\" class=\"android.widget.RelativeLayout\" package=\"com.excelliance.dualaid\" content-desc=\"\" checkable=\"false\" checked=\"false\" clickable=\"false\" enabled=\"true\" focusable=\"false\" focused=\"false\" scrollable=\"false\" long-clickable=\"false\" password=\"false\" selected=\"false\" bounds=\"[0,0][1080,1920]\" resource-id=\"com.excelliance.dualaid:id\/rl_guide_original\" instance=\"0\"><android.support.v4.view.ViewPager index=\"0\" text=\"\" class=\"android.support.v4.view.ViewPager\" package=\"com.excelliance.dualaid\" content-desc=\"\" checkable=\"false\" checked=\"false\" clickable=\"false\" enabled=\"true\" focusable=\"true\" focused=\"false\" scrollable=\"true\" long-clickable=\"false\" password=\"false\" selected=\"false\" bounds=\"[0,0][1080,1920]\" resource-id=\"com.excelliance.dualaid:id\/vp_nav\" instance=\"0\"><android.widget.RelativeLayout index=\"0\" text=\"\" class=\"android.widget.RelativeLayout\" package=\"com.excelliance.dualaid\" content-desc=\"\" checkable=\"false\" checked=\"false\" clickable=\"false\" enabled=\"true\" focusable=\"false\" focused=\"false\" scrollable=\"false\" long-clickable=\"false\" password=\"false\" selected=\"false\" bounds=\"[0,0][1080,1920]\" resource-id=\"\" instance=\"1\"><android.view.View index=\"0\" text=\"\" class=\"android.view.View\" package=\"com.excelliance.dualaid\" content-desc=\"\" checkable=\"false\" checked=\"false\" clickable=\"false\" enabled=\"true\" focusable=\"false\" focused=\"false\" scrollable=\"false\" long-clickable=\"false\" password=\"false\" selected=\"false\" bounds=\"[0,0][1080,1920]\" resource-id=\"\" instance=\"0\"\/><android.widget.ImageView index=\"1\" text=\"\" class=\"android.widget.ImageView\" package=\"com.excelliance.dualaid\" content-desc=\"\" checkable=\"false\" checked=\"false\" clickable=\"false\" enabled=\"true\" focusable=\"false\" focused=\"false\" scrollable=\"false\" long-clickable=\"false\" password=\"false\" selected=\"false\" bounds=\"[345,303][990,1185]\" resource-id=\"com.excelliance.dualaid:id\/nav_chat\" instance=\"0\"\/><android.widget.ImageView index=\"2\" text=\"\" class=\"android.widget.ImageView\" package=\"com.excelliance.dualaid\" content-desc=\"\" checkable=\"false\" checked=\"false\" c
06-24 16:41:01.322 W/libc    (  493): Set property "hw.wifi.dns_stat" to "39835,34932,5028,1,53299"
06-24 16:41:01.335 I/appium  (24379): channel read invoked!
06-24 16:41:01.335 I/appium  (24379): channel read: GET /wd/hub/session/12d3f873-0ea4-4775-928a-9964d13dcd6c/source
06-24 16:41:01.348 I/appium  (24379): Skipping invisible child: android.view.accessibility.AccessibilityNodeInfo@a017; boundsInParent: Rect(0, 0 - 1080, 1920); boundsInScreen: Rect(1080, 0 - 1080, 1920); packageName: com.excelliance.dualaid; className: android.widget.RelativeLayout; text: null; error: null; maxTextLength: -1; contentDescription: null; viewIdResName: null; checkable: false; checked: false; focusable: false; focused: false; selected: false; clickable: false; longClickable: false; contextClickable: false; enabled: true; password: false; scrollable: false; importantForAccessibility: false; actions: [AccessibilityAction: ACTION_SELECT - null, AccessibilityAction: ACTION_CLEAR_SELECTION - null, AccessibilityAction: ACTION_ACCESSIBILITY_FOCUS - null, AccessibilityAction: ACTION_SHOW_ON_SCREEN - null]
06-24 16:41:01.348 I/appium  (24379): Skipping invisible child: android.view.accessibility.AccessibilityNodeInfo@a3d8; boundsInParent: Rect(0, 0 - 1080, 1920); boundsInScreen: Rect(2160, 0 - 1080, 1920); packageName: com.excelliance.dualaid; className: android.widget.RelativeLayout; text: null; error: null; maxTextLength: -1; contentDescription: null; viewIdResName: null; checkable: false; checked: false; focusable: false; focused: false; selected: false; clickable: false; longClickable: false; contextClickable: false; enabled: true; password: false; scrollable: false; importantForAccessibility: false; actions: [AccessibilityAction: ACTION_SELECT - null, AccessibilityAction: ACTION_CLEAR_SELECTION - null, AccessibilityAction: ACTION_ACCESSIBILITY_FOCUS - null, AccessibilityAction: ACTION_SHOW_ON_SCREEN - null]
06-24 16:41:01.348 I/appium  (24379): Fetch time: 5ms
06-24 16:41:01.363 I/appium  (24379): AppiumResponse: {"sessionId":"12d3f873-0ea4-4775-928a-9964d13dcd6c","status":0,"value":"<?xml version=\"1.0\" encoding=\"UTF-8\"?><hierarchy rotation=\"0\"><android.widget.FrameLayout index=\"0\" text=\"\" class=\"android.widget.FrameLayout\" package=\"com.excelliance.dualaid\" content-desc=\"\" checkable=\"false\" checked=\"false\" clickable=\"false\" enabled=\"true\" focusable=\"false\" focused=\"false\" scrollable=\"false\" long-clickable=\"false\" password=\"false\" selected=\"false\" bounds=\"[0,0][1080,1920]\" resource-id=\"\" instance=\"0\"><android.widget.LinearLayout index=\"0\" text=\"\" class=\"android.widget.LinearLayout\" package=\"com.excelliance.dualaid\" content-desc=\"\" checkable=\"false\" checked=\"false\" clickable=\"false\" enabled=\"true\" focusable=\"false\" focused=\"false\" scrollable=\"false\" long-clickable=\"false\" password=\"false\" selected=\"false\" bounds=\"[0,0][1080,1920]\" resource-id=\"\" instance=\"0\"><android.widget.FrameLayout index=\"0\" text=\"\" class=\"android.widget.FrameLayout\" package=\"com.excelliance.dualaid\" content-desc=\"\" checkable=\"false\" checked=\"false\" clickable=\"false\" enabled=\"true\" focusable=\"false\" focused=\"false\" scrollable=\"false\" long-clickable=\"false\" password=\"false\" selected=\"false\" bounds=\"[0,0][1080,1920]\" resource-id=\"android:id\/content\" instance=\"1\"><android.widget.FrameLayout index=\"0\" text=\"\" class=\"android.widget.FrameLayout\" package=\"com.excelliance.dualaid\" content-desc=\"\" checkable=\"false\" checked=\"false\" clickable=\"false\" enabled=\"true\" focusable=\"false\" focused=\"false\" scrollable=\"false\" long-clickable=\"false\" password=\"false\" selected=\"false\" bounds=\"[0,0][1080,1920]\" resource-id=\"\" instance=\"2\"><android.widget.RelativeLayout index=\"0\" text=\"\" class=\"android.widget.RelativeLayout\" package=\"com.excelliance.dualaid\" content-desc=\"\" checkable=\"false\" checked=\"false\" clickable=\"false\" enabled=\"true\" focusable=\"false\" focused=\"false\" scrollable=\"false\" long-clickable=\"false\" password=\"false\" selected=\"false\" bounds=\"[0,0][1080,1920]\" resource-id=\"com.excelliance.dualaid:id\/rl_guide_original\" instance=\"0\"><android.support.v4.view.ViewPager index=\"0\" text=\"\" class=\"android.support.v4.view.ViewPager\" package=\"com.excelliance.dualaid\" content-desc=\"\" checkable=\"false\" checked=\"false\" clickable=\"false\" enabled=\"true\" focusable=\"true\" focused=\"false\" scrollable=\"true\" long-clickable=\"false\" password=\"false\" selected=\"false\" bounds=\"[0,0][1080,1920]\" resource-id=\"com.excelliance.dualaid:id\/vp_nav\" instance=\"0\"><android.widget.RelativeLayout index=\"0\" text=\"\" class=\"android.widget.RelativeLayout\" package=\"com.excelliance.dualaid\" content-desc=\"\" checkable=\"false\" checked=\"false\" clickable=\"false\" enabled=\"true\" focusable=\"false\" focused=\"false\" scrollable=\"false\" long-clickable=\"false\" password=\"false\" selected=\"false\" bounds=\"[0,0][1080,1920]\" resource-id=\"\" instance=\"1\"><android.view.View index=\"0\" text=\"\" class=\"android.view.View\" package=\"com.excelliance.dualaid\" content-desc=\"\" checkable=\"false\" checked=\"false\" clickable=\"false\" enabled=\"true\" focusable=\"false\" focused=\"false\" scrollable=\"false\" long-clickable=\"false\" password=\"false\" selected=\"false\" bounds=\"[0,0][1080,1920]\" resource-id=\"\" instance=\"0\"\/><android.widget.ImageView index=\"1\" text=\"\" class=\"android.widget.ImageView\" package=\"com.excelliance.dualaid\" content-desc=\"\" checkable=\"false\" checked=\"false\" clickable=\"false\" enabled=\"true\" focusable=\"false\" focused=\"false\" scrollable=\"false\" long-clickable=\"false\" password=\"false\" selected=\"false\" bounds=\"[345,303][990,1185]\" resource-id=\"com.excelliance.dualaid:id\/nav_chat\" instance=\"0\"\/><android.widget.ImageView index=\"2\" text=\"\" class=\"android.widget.ImageView\" package=\"com.excelliance.dualaid\" content-desc=\"\" checkable=\"false\" checked=\"false\" c
06-24 16:41:01.368 E/WificondControl(  657): Noise: -92, Snr: 0, Chload: -1
06-24 16:41:01.369 D/HwWifiCHRStateManager(  657): handleMessage : 1001
06-24 16:41:01.369 D/HwWifiCHRStateManager(  657): handleUpdateChannel:5805
06-24 16:41:01.369 V/HwWifiServiceFactory(  657): get AllImpl object = com.android.server.wifi.HwWifiServiceFactoryImpl@a390a53
06-24 16:41:01.373 D/HuaweiWifiWatchdogStateMachine(  657): LM mrssi=-41
06-24 16:41:01.374 D/HuaweiWifiWatchdogStateMachine(  657): f2:9f:**:**:8f:43 current loss[-45]=0%, volume=91
06-24 16:41:01.374 D/HuaweiWifiWatchdogStateMachine(  657): f2:9f:**:**:8f:43 history loss[-45]=0.02%, volume=23062574
06-24 16:41:01.374 I/HuaweiWifiWatchdogStateMachine(  657): spd good count:0, add sc:0.0, rate:1.0
06-24 16:41:01.374 D/HuaweiWifiWatchdogStateMachine(  657): high data flow: protection_counter = 0,  not_detect_counter = 16
06-24 16:41:01.374 D/HuaweiWifiWatchdogStateMachine(  657): high data flow scenario: 0 --> 0 rx bytes =69KB
06-24 16:41:01.374 I/HuaweiWifiWatchdogStateMachine(  657): current mHighDataFlowRate = 1.0
06-24 16:41:01.375 I/HuaweiWifiWatchdogStateMachine(  657): POta txb txg rxg:0, 91, 0. Lr =0% Totpkt=91
06-24 16:41:01.376 D/WiFi_PRO(  657): MSG_RETURN_AP_CURRY_RSSI rssi = -41
06-24 16:41:01.376 I/QosMonitor(  657): queryRtt: rtt_type = 3
06-24 16:41:01.376 I/HwQoEJNI(  657): send_cmd_kernel. begin
06-24 16:41:01.376 I/HwQoEJNI(  657): send_cmd_kernel. end
06-24 16:41:01.376 I/QosMonitor(  657): postEventFromNative: msg=100,arg1=4,arg2=10
06-24 16:41:01.377 I/HwQoEJNI(  657): send_cmd_kernel. begin
06-24 16:41:01.377 I/HwQoEJNI(  657): send_cmd_kernel. end
06-24 16:41:01.377 I/QosMonitor(  657): postEventFromNative: msg=100,arg1=0,arg2=10
06-24 16:41:01.377 D/HuaweiWifiWatchdogStateMachine(  657): f2:9f:**:**:8f:43 current RTT[-45]=200, volume=24
06-24 16:41:01.377 D/HuaweiWifiWatchdogStateMachine(  657): f2:9f:**:**:8f:43 history RTT[-45]=237, volume=1690627
06-24 16:41:01.377 D/HuaweiWifiWatchdogStateMachine(  657): setSampleRtt: rtt=200,rtt_pkts =24,rtt_when=1
06-24 16:41:01.377 D/HwUidTcpMonitor(  657): parseWlanUidTcpStatistics lastUidTcpStatInfo = [ mUid = 10093 mPacketName = com.android.vending mSendSegs = 3847 mResendSegs = 2710 mRcvSegs = 254 ]
06-24 16:41:01.377 I/MQoS    (  657): rtt=200,tcp_tx_pkts=432073,tcp_rx_pkts=453105
06-24 16:41:01.377 I/QosMonitor(  657): resetRtt: rtt_type = 3
06-24 16:41:01.377 D/HwUidTcpMonitor(  657): parseWlanUidTcpStatistics lastUidTcpStatInfo = [ mUid = 10122 mPacketName = com.eg.android.AlipayGphone mSendSegs = 384 mResendSegs = 0 mRcvSegs = 397 ]
06-24 16:41:01.377 D/HwWifiConnectivityMonitor(  657): ENTER: notifyTopUidTcpInfo, tx = 35, rx = 27, reTx = 0, uid = 11423, tr = 0.0
06-24 16:41:01.377 I/HwQoEJNI(  657): send_cmd_kernel. begin
06-24 16:41:01.377 I/HwQoEJNI(  657): send_cmd_kernel. end
06-24 16:41:01.377 D/HwWifiConnectivityMonitor(  657): ENTER: notifyTopUidTcpInfo, rtt = 680, rttPkts = 16, aveRtt = 42.5, app = com.excelliance.dualaid
06-24 16:41:01.378 D/HwUidTcpMonitor(  657): parseWlanUidTcpStatistics lastUidTcpStatInfo = [ mUid = 11423 mPacketName = com.excelliance.dualaid mSendSegs = 22945 mResendSegs = 6 mRcvSegs = 30081 ]
06-24 16:41:01.378 I/MQoS    (  657): QOS_level:0(0),DataDisable;use level-0
06-24 16:41:01.378 D/HwUidTcpMonitor(  657): parseWlanUidTcpStatistics lastUidTcpStatInfo = [ mUid = 10300 mPacketName = com.tencent.mm mSendSegs = 2007 mResendSegs = 0 mRcvSegs = 1864 ]
06-24 16:41:01.378 I/MQoS    (  657): skip-low-Level:0(0),DataDisable;use level-0
06-24 16:41:01.378 D/HwWifiConnectivityMonitor(  657): handleTopUidInternetStatusChanged, uid = 11423, status = 0
06-24 16:41:01.379 D/HuaweiWifiWatchdogStateMachine(  657): dumpTcpResult: len=10,rtt=200,rttPkt=24,rttWn=1,cgt=16,cgtWn=9821498
06-24 16:41:01.379 I/HuaweiWifiWatchdogStateMachine(  657): PTcp RTT:200, rtt pkt=24, tcp_rx=42, tcp_tx=70, tcp_reTran=3, rtRate=0.04
06-24 16:41:01.379 D/HuaweiWifiWatchdogStateMachine(  657): isRttGood is good, AvgRtt = 200, TotPkt = 24
06-24 16:41:01.379 D/HuaweiWifiWatchdogStateMachine(  657): mRssiBadCount =0, RSSI not bad.
06-24 16:41:01.379 D/HuaweiWifiWatchdogStateMachine(  657): detectNetworkAvailable:hw.wifipro.dns_fail_count = 66
06-24 16:41:01.379 D/HuaweiWifiWatchdogStateMachine(  657): detectNetworkAvailable: tcpRxPkts != 0, reset
06-24 16:41:01.379 I/HuaweiWifiWatchdogStateMachine(  657): rs ota tcp lr rttvb bad: false, false, false, false, false; rsth:-75
06-24 16:41:01.379 D/HuaweiWifiWatchdogStateMachine(  657): GSC:0, GSR:1.0, RSR:1.0, RTH:-75
06-24 16:41:01.379 I/HuaweiWifiWatchdogStateMachine(  657): judge good link######, goodLinkLevel=3
06-24 16:41:01.380 I/HuaweiWifiWatchdogStateMachine(  657): sendResultMsgToQM bssid:f2:9f:**:**:8f:43, qoslevel=3
06-24 16:41:01.380 I/HuaweiWifiWatchdogStateMachine(  657): link good reported, good base rssi:-44
06-24 16:41:01.380 D/HuaweiWifiWatchdogStateMachine(  657): goodperiod count=0, rb rttg sg =false, true, false
06-24 16:41:01.380 D/HuaweiWifiWatchdogStateMachine(  657): bqeLevel = 3 rtt=200,rtt_pkts=24 speed=0 rssi=-41
06-24 16:41:01.380 D/HuaweiWifiWatchdogStateMachine(  657): Enter updateQoeLevel level = 3
06-24 16:41:01.380 D/WiFi_PRO_WifiProStateMachine(  657): onNetworkQosChange, currentWifiLevel == 3, wifiNoInternet = false, updateUiOnly = true
06-24 16:41:01.380 D/HuaweiWifiWatchdogStateMachine(  657): updateQoeLevel need two more periods, return
06-24 16:41:01.380 I/HuaweiWifiWatchdogStateMachine(  657):  pkt chk not bad, reset sc to 0.
06-24 16:41:01.380 D/HuaweiWifiWatchdogStateMachine(  657): ### mPktChkBadCnt=0
06-24 16:41:01.385 I/appium  (24379): channel read invoked!
06-24 16:41:01.386 I/appium  (24379): channel read: POST /wd/hub/session/12d3f873-0ea4-4775-928a-9964d13dcd6c/element
06-24 16:41:01.386 I/appium  (24379): Find element command
06-24 16:41:01.386 D/appium  (24379): payload: {"strategy":"id","selector":"com.excelliance.dualaid:id/bt_explore","context":"","multiple":false}
06-24 16:41:01.387 I/appium  (24379): find element command using 'id' with selector 'com.excelliance.dualaid:id/bt_explore'.
06-24 16:41:01.397 I/appium  (24379): AppiumResponse: {"sessionId":"12d3f873-0ea4-4775-928a-9964d13dcd6c","status":7,"value":"An element could not be located on the page using the given search parameters."}
06-24 16:41:01.422 I/appium  (24379): channel read invoked!
06-24 16:41:01.422 I/appium  (24379): channel read: GET /wd/hub/session/12d3f873-0ea4-4775-928a-9964d13dcd6c/source
06-24 16:41:01.433 D/HwArpVerifier(  657): performPollAndLog:
06-24 16:41:01.435 I/appium  (24379): Skipping invisible child: android.view.accessibility.AccessibilityNodeInfo@a017; boundsInParent: Rect(0, 0 - 1080, 1920); boundsInScreen: Rect(1080, 0 - 1080, 1920); packageName: com.excelliance.dualaid; className: android.widget.RelativeLayout; text: null; error: null; maxTextLength: -1; contentDescription: null; viewIdResName: null; checkable: false; checked: false; focusable: false; focused: false; selected: false; clickable: false; longClickable: false; contextClickable: false; enabled: true; password: false; scrollable: false; importantForAccessibility: false; actions: [AccessibilityAction: ACTION_SELECT - null, AccessibilityAction: ACTION_CLEAR_SELECTION - null, AccessibilityAction: ACTION_ACCESSIBILITY_FOCUS - null, AccessibilityAction: ACTION_SHOW_ON_SCREEN - null]
06-24 16:41:01.435 I/appium  (24379): Skipping invisible child: android.view.accessibility.AccessibilityNodeInfo@a3d8; boundsInParent: Rect(0, 0 - 1080, 1920); boundsInScreen: Rect(2160, 0 - 1080, 1920); packageName: com.excelliance.dualaid; className: android.widget.RelativeLayout; text: null; error: null; maxTextLength: -1; contentDescription: null; viewIdResName: null; checkable: false; checked: false; focusable: false; focused: false; selected: false; clickable: false; longClickable: false; contextClickable: false; enabled: true; password: false; scrollable: false; importantForAccessibility: false; actions: [AccessibilityAction: ACTION_SELECT - null, AccessibilityAction: ACTION_CLEAR_SELECTION - null, AccessibilityAction: ACTION_ACCESSIBILITY_FOCUS - null, AccessibilityAction: ACTION_SHOW_ON_SCREEN - null]
06-24 16:41:01.435 I/appium  (24379): Fetch time: 5ms
06-24 16:41:01.439 D/hw_netstat(  657): total/14124/5018,com.excelliance.dualaid/12848/4761,unknown:0/1159/80,com.tencent.mm/117/117,com.android.vending/0/60
