06-24 16:17:48.114 D/PMS11422(  657): package:com.excelliance.dualaid, input flags:0, output hwFlags:0
06-24 16:17:48.115 D/AirPushPreferences(16076): setLastPushTime
06-24 16:17:48.124 D/PMS11422(  657): package:com.excelliance.dualaid, input flags:128, output hwFlags:0
06-24 16:17:48.127 D/StatisticsManager(16076): Query time diff:1529828268127
06-24 16:17:48.135 D/launch-time-RU(16076): preload 24 classes cost 36ms
06-24 16:17:48.136 I/chatty  (  657): uid=1000(system) Binder:657_13 identical 1 line
06-24 16:17:48.136 D/PMS11422(  657): package:com.excelliance.dualaid, input flags:128, output hwFlags:0
06-24 16:17:48.140 D/PMS11422(  657): package:com.excelliance.dualaid, input flags:128, output hwFlags:0
06-24 16:17:48.149 D/StatisticsManager(16076): Query time diff:1529828268149
06-24 16:17:48.155 D/StatisticsManager(16076): Query time diff:1529828268155
06-24 16:17:48.158 I/chatty  (  657): uid=1000(system) Binder:657_1F identical 12 lines
06-24 16:17:48.159 D/PMS11422(  657): package:com.excelliance.dualaid, input flags:128, output hwFlags:0
06-24 16:17:48.160 D/PMS11422(  657): package:com.excelliance.dualaid, input flags:128, output hwFlags:0
06-24 16:17:48.172 D/AirPushDBHelper(16076): onCreate: pushitemnew
06-24 16:17:48.175 D/AirPushDBHelper(16076): selection = type=? and index_=(select max(index_) from pushitemnew where type=?) , key = vip
06-24 16:17:48.176 D/AirPushDBHelper(16076): selection = type=? and index_=(select max(index_) from pushitemnew where type=?) , key = update
06-24 16:17:48.176 D/AirPushDBHelper(16076): selection = type=? and index_=(select max(index_) from pushitemnew where type=?) , key = officalActivity
06-24 16:17:48.176 D/AirPushDBHelper(16076): selection = type=? and index_=(select max(index_) from pushitemnew where type=?) , key = news
06-24 16:17:48.176 D/AirPushDBHelper(16076): selection = type=? and index_=(select max(index_) from pushitemnew where type=?) , key = target
06-24 16:17:48.176 D/AirPushDBHelper(16076): selection = type=? and index_=(select max(index_) from pushitemnew where type=?) , key = batch
06-24 16:17:48.177 D/AirPushDBHelper(16076): selection = type=? and index_=(select max(index_) from pushitemnew where type=?) , key = skipTarget
06-24 16:17:48.177 D/AirPushDBHelper(16076): selection = type=? and index_=(select max(index_) from pushitemnew where type=?) , key = thirdApp
06-24 16:17:48.177 D/PushItem(16076): indexJson = {}
06-24 16:17:48.177 D/AirPushService(16076): dataJson = {}
06-24 16:17:48.177 V/AirPushService(16076): ver :e30%3D%0A
06-24 16:17:48.178 D/VersionManager(16076): httpsRequest getURL = https://mto.multiopen.cn/pushmess.php?ver=466&mainver=231200&data=e30%3D%0A&wxCode=1321&subchid=1&sdkV=8.0.0&pkg=com.excelliance.dualaid&chid=10019&issl=1&compver=54302&wxVerName=6.6.7&vn=4.0.6&model=stf-al10&api=26&brand=honor&aid=f0c2426fc7560cf5
06-24 16:17:48.178 D/NetworkSecurityConfig(16076): No Network Security Config specified, using platform default
06-24 16:17:48.197 D/GameUtil(16076): getSDKDataParam totalmem:5.60GB
06-24 16:17:48.199 D/VersionManager(16076): httpsRequest getURL = https://folder.appota.cn/genuser.php?chid=10019&subchid=1&vc=466&type=4&data=tbCbI6ooWmOSi%2BhP8At3K55rUDjOXjUCTTE1Q7OqeVGzpiL1Dx8z2UKsv%2F2w066OKzL65VOc%2FHNVNculXvpkfbOlpWKAPUf5ryVSFynVNa8UucDwm5e36rJ6e2Kpu%2B5ykc4DARTfkZV4Ad5N96d4%2BjApQCWZuWchybogtHpbAp5JGb2oE4RYpIUqF8au1pxTSmwBdD5PozvBfX2%2Bj4RIW8u13M8ksM63bQoy2eR4WdDx%2BqZexoey63Hms3xqJyQkd3PFvljbOMDFV5%2BIsI0F%2B0cTu0Poz37kp440m4BdEnDxUpl%2F2SWQiyGENywr4rII2GFixGV6F3FTP2B6Iz%2Bp9XPgTT1Q8jOobYd0%2B7qf7bpZ2AyYZuCae%2FN%2FDrbd9ARIKpXrBwZ7SdplMO1nzphjQUqGRQMAlrO9Oa0Du6EV17%2FgN7YtgBzuJRHbP0GgVSdnIEYbOUnjg9adLEk2nhpRcwGYdX7bJ5%2FC%2FGVy8QMvFO%2FVJ5uAYH82VV6bvSarVkuFeotJT4yadRHbDkYGgVZfCDPVS%2FOPcQttSZtkoN3AjIdEC3B%2BjPtytpdTQYFvI9Ol&issl=1
06-24 16:17:48.217 W/X509TrustManager(16076): checkServerTrusted: SignatureException:null
06-24 16:17:48.217 W/X509TrustManager(16076): checkServerTrusted: SignatureException:error:04000073:RSA routines:OPENSSL_internal:DATA_TOO_LARGE_FOR_MODULUS
06-24 16:17:48.229 W/X509TrustManager(16076): checkServerTrusted: SignatureException:null
06-24 16:17:48.229 W/X509TrustManager(16076): checkServerTrusted: SignatureException:error:04000073:RSA routines:OPENSSL_internal:DATA_TOO_LARGE_FOR_MODULUS
06-24 16:17:48.236 D/PMS1000 (  657): package:com.excelliance.dualaid, input flags:1024, output hwFlags:0
06-24 16:17:48.236 I/ActivityManager(  657): Need to start process com.excelliance.dualaid:lbcore for provider ContentProviderInfo{name=com.excelliance.dualaid:com.excelliance.kxqp.platform.PluginManagerProvider className=com.excelliance.kxqp.platform.PluginManagerProvider}, callerApp: ProcessRecord{4db311d 16076:com.excelliance.dualaid/u0a1422}
06-24 16:17:48.236 V/ActivityManager(  657): startProcess: name=com.excelliance.dualaid:lbcore app=null knownToBeDead=false thread=null pid=-1
06-24 16:17:48.236 D/PMS1000 (  657): package:com.excelliance.dualaid, input flags:0, output hwFlags:0
06-24 16:17:48.248 I/ActivityManager(  657): Start proc 16186:com.excelliance.dualaid:lbcore/u0a1422 for content provider com.excelliance.dualaid/com.excelliance.kxqp.platform.PluginManagerProvider
06-24 16:17:48.250 I/        (16186): power log dlsym ok
06-24 16:17:48.252 V/ActivityManager_MU(  657): Waiting to start provider ContentProviderRecord{179c266 u0 com.excelliance.dualaid/com.excelliance.kxqp.platform.PluginManagerProvider} launchingApp=ProcessRecord{6aafac1 16186:com.excelliance.dualaid:lbcore/u0a1422} caller pid= 16076
06-24 16:17:48.253 I/zygote  (16186): Reinit property: dalvik.vm.checkjni= false
06-24 16:17:48.259 D/ActivityThread(16186): ActivityThread,attachApplication
06-24 16:17:48.259 D/ActivityManager(  657): ActivityManagerService,attachApplication,callingPid = 16186
06-24 16:17:48.260 I/TrafficMonitor(  657): update:rxPkts:20,txPkts:25,rxBytes:11433,txBytes:3644
06-24 16:17:48.260 I/TrafficMonitor(  657): start expired. level:-1
06-24 16:17:48.260 I/TrafficMonitor(  657): gettimer:interval=2000
06-24 16:17:48.265 W//system/bin/hwservicemanager(  416): Cannot open /odm/manifest.xml
06-24 16:17:48.265 D/AirPushService(16076): result = {"period":"r","vip":{"index_":"","data":""},"update":{"index_":"","data":""},"officalActivity":{"index_":"","data":""},"news":{"index_":"","data":""},"target":{"index_":"","data":""},"batch":{"index_":"","data":""},"skipTarget":{"index_":"","data":""},"thirdApp":{"index_":"","data":""}}
06-24 16:17:48.266 D/AirPushService(16076): handleCheckerSaveToDB
06-24 16:17:48.266 D/AirPushUtils(16076): startDbOver
06-24 16:17:48.268 D/SmtServService(16076): db write over
06-24 16:17:48.269 D/SmtServService(16076): gameCenterFirstStart = true
06-24 16:17:48.274 W//system/bin/hwservicemanager(  416): Cannot open /odm/manifest.xml
06-24 16:17:48.276 I/GRALLOC (  679): 	 shrFd=10,fmt=0x1,intFmt=0x1,btStrd=256,size=4096,pid=679 
06-24 16:17:48.276 I/GRALLOC (  679): 	 yuv=2,w=16,h=16,Stride u=0 v=0,offset u=0 v=0 
06-24 16:17:48.276 I/GRALLOC (  679): 	 iova_size=4096,conUsg=0x100,proUsg=0x100,	 strd=64,[afbc]HdrStrd=0 PyldStrd=0 Scrmbl=0,ionhnd = 1 
06-24 16:17:48.276 D/HwFLClassLoader(16186): get used feature list :/feature/used-list failed!
06-24 16:17:48.277 D/HwFLClassLoader(16186): USE_FEATURE_LIST had not init! 
06-24 16:17:48.281 I/zygote  (16046): Do partial code cache collection, code=27KB, data=27KB
06-24 16:17:48.282 I/zygote  (16046): After code cache collection, code=27KB, data=27KB
06-24 16:17:48.282 I/zygote  (16046): Increasing code cache capacity to 128KB
06-24 16:17:48.283 D/VersionManager(16076): uid=353
06-24 16:17:48.291 D/PMS11422(  657): package:com.excelliance.dualaid, input flags:128, output hwFlags:0
06-24 16:17:48.329 D/launch-time-RU(16186): preload 24 classes cost 15ms
06-24 16:17:48.363 D/ActivityThread(16186): Loading provider com.excelliance.dualaid:com.excelliance.kxqp.platform.PluginManagerProvider: com.excelliance.kxqp.platform.PluginManagerProvider
06-24 16:17:48.363 D/PMS11422(  657): package:com.excelliance.dualaid, input flags:0, output hwFlags:0
06-24 16:17:48.372 D/PMS1000 (  657): package:com.excelliance.dualaid, input flags:8192, output hwFlags:0
06-24 16:17:48.373 D/PMS1001 (  657): package:com.excelliance.dualaid, input flags:0, output hwFlags:0
06-24 16:17:48.379 D/PMS11422(  657): package:com.excelliance.dualaid, input flags:0, output hwFlags:0
06-24 16:17:48.381 D/PMS11422(  657): package:com.excelliance.dualaid:lbcore, input flags:0, output is null
06-24 16:17:48.383 I/Bluetooth_framework(  657): BluetoothManagerService:Added callback: android.bluetooth.IBluetoothManagerCallback$Stub$Proxy@8ab81fd:true pid = 16186
06-24 16:17:48.386 D/PMS11422(  657): package:com.excelliance.dualaid, input flags:128, output hwFlags:0
06-24 16:17:48.399 I/LBVMD-LBPMS(16186): LBVMRT: version 54302:543.02
06-24 16:17:48.400 E/zygote  (16186): Invalid capacity given to EnsureLocalCapacity: 800
06-24 16:17:48.410 I/HwCust  (16186): Constructor found for class android.net.HwCustConnectivityManagerImpl
06-24 16:17:48.410 D/HwCust  (16186): Create obj success use class android.net.HwCustConnectivityManagerImpl
06-24 16:17:48.416 D/PMS11422(  657): package:com.excelliance.dualaid, input flags:0, output hwFlags:0
06-24 16:17:48.423 D/PMS11422(  657): package:com.excelliance.dualaid, input flags:0, output hwFlags:0
06-24 16:17:48.425 V/HwWidgetFactory(16186): : successes to get AllImpl object and return....
06-24 16:17:48.425 D/PMS11422(  657): package:com.excelliance.dualaid, input flags:0, output hwFlags:0
06-24 16:17:48.427 V/ActivityManager(  657): Successfully start provider ContentProviderRecord{179c266 u0 com.excelliance.dualaid/com.excelliance.kxqp.platform.PluginManagerProvider} launchingApp=ProcessRecord{6aafac1 16186:com.excelliance.dualaid:lbcore/u0a1422} caller pid= 16076
06-24 16:17:48.427 E/MemoryLeakMonitorManager(16186): MemoryLeakMonitor.jar is not exist!
06-24 16:17:48.428 E/MemoryLeakMonitorManager(16186): MemoryLeakMonitor.jar is not exist!
06-24 16:17:48.428 D/KXQPApplication(16186): run: initUserManager
06-24 16:17:48.430 E/Minikin (16186): Could not get cmap table size!
06-24 16:17:48.430 D/PMS11422(  657): package:com.excelliance.dualaid, input flags:128, output hwFlags:0
06-24 16:17:48.431 E/MemoryLeakMonitorManager(16076): MemoryLeakMonitor.jar is not exist!
06-24 16:17:48.433 V/ActivityManager(  657): Attempted to start a foreground service (ComponentInfo{com.excelliance.dualaid/com.excelliance.kxqp.platform.TrampolineService}) with a broken notification (no icon: Notification(channel=null pri=0 contentView=null vibrate=null sound=null defaults=0x0 flags=0x40 color=0x00000000 vis=PRIVATE))
06-24 16:17:48.433 D/SmtServService(16076): MSG_LOAD_PLT after msg.obj
06-24 16:17:48.436 E/zygote  (16186): Invalid capacity given to EnsureLocalCapacity: 592
06-24 16:17:48.438 W/PackageParser(16186): No actions in intent filter at /data/app/com.huawei.hwid-Sc7ADDdoDYIYREll7tj_iw==/base.apk Binary XML file line #1412
06-24 16:17:48.440 W/PackageParser(16186): No actions in intent filter at /data/app/com.huawei.hwid-Sc7ADDdoDYIYREll7tj_iw==/base.apk Binary XML file line #1680
06-24 16:17:48.440 W/PackageParser(16186): No actions in intent filter at /data/app/com.huawei.hwid-Sc7ADDdoDYIYREll7tj_iw==/base.apk Binary XML file line #1694
06-24 16:17:48.459 D/HwNotificationManagerService(  657): recognize: tag=null, id=268435456, user=UserHandle{0}, pkg=com.excelliance.dualaid, uid=11422, callingPid=16186
06-24 16:17:48.459 D/PMS1000 (  657): package:com.excelliance.dualaid, input flags:0, output hwFlags:0
06-24 16:17:48.459 I/[HwRecSys]HwRecSysAidlService( 2647): doNotificationCollect -> current num:1
06-24 16:17:48.459 I/[HwRecSys]-Notification-NotificationUpdateController( 2647): startNotificationUpdate start!
06-24 16:17:48.460 W/SettingsEx( 2647): SettingsEx.Systemex.getInt deprecated use Settings.System.getInt instead ;callers=com.huawei.recsys.util.SystemUtil.getNotificationUpdateMode:169 com.huawei.recsys.util.SystemUtil.isAllowUpdate:104 com.huawei.recsys.controller.notification.http.NotificationUpdateController.startNotificationUpdate:85 
06-24 16:17:48.460 I/[HwRecSys]SystemUtil( 2647): isAllowUpdate mode:1
06-24 16:17:48.460 I/[HwRecSys]SystemUtil( 2647): isAllowUpdate isAllowUpdate:true
06-24 16:17:48.460 I/[HwRecSys]-Notification-NotificationUpdateController( 2647):  -> currentYear:2018
06-24 16:17:48.460 I/[HwRecSys]-Notification-NotificationUpdateController( 2647):  -> currentMonth:5
06-24 16:17:48.460 I/[HwRecSys]-Notification-NotificationUpdateController( 2647):  -> currentDay:24
06-24 16:17:48.460 I/[HwRecSys]-Notification-NotificationUpdateController( 2647):  -> oldYear:2018
06-24 16:17:48.460 I/[HwRecSys]-Notification-NotificationUpdateController( 2647):  -> oldMonth:5
06-24 16:17:48.460 I/[HwRecSys]-Notification-NotificationUpdateController( 2647):  -> oldDay:24
06-24 16:17:48.460 E/[HwRecSys]-Notification-NotificationUpdateController( 2647): startNotificationUpdate time is valid no need request
06-24 16:17:48.460 I/[HwRecSys]-Notification-NotificationController( 2647): doNotificationCollect start!
06-24 16:17:48.461 E/[HwRecSys]-Notification-NotificationController( 2647): HwDefaultLabels returnStr:107
06-24 16:17:48.461 E/[HwRecSys]-Notification-NotificationController( 2647): getChinese paramValue is null!
06-24 16:17:48.462 E/[HwRecSys]-Notification-NotificationController( 2647): doNotificationCollect getLabelByRegRules label:107
06-24 16:17:48.462 I/[HwRecSys]HwRecSysAidlService( 2647): doNotificationCollect ->  finally remote Num - 1 !
06-24 16:17:48.462 I/HwNotificationManagerService(  657): doNotificationCollect: pkg=com.excelliance.dualaid, uid=11422, hw_type=107, hw_btw=true
06-24 16:17:48.462 D/PMS1000 (  657): package:com.excelliance.dualaid, input flags:268435456, output hwFlags:0
06-24 16:17:48.462 D/PMS1000 (  657): package:com.excelliance.dualaid, input flags:0, output hwFlags:0
06-24 16:17:48.463 W/NotificationRecord(  657): Use default channel, The importance is:2
06-24 16:17:48.465 D/NotificationService(  657): mGameDndStatus is:false ,isGameDndSwitchOn is:false
06-24 16:17:48.468 I/AppManager( 1699): app:com.excelliance.dualaid Notification update time:111007316
06-24 16:17:48.468 I/AppManager( 1699): app:com.excelliance.dualaid Notification persist:true  Ids:[268435456]
06-24 16:17:48.469 V/ActivityManager(  657): Attempted to start a foreground service (ComponentInfo{com.excelliance.dualaid/com.excelliance.kxqp.platform.TrampolineService$EmptyService}) with a broken notification (no icon: Notification(channel=null pri=0 contentView=null vibrate=null sound=null defaults=0x0 flags=0x40 color=0x00000000 vis=PRIVATE))
06-24 16:17:48.472 D/HwNotificationManagerService(  657): recognize: tag=null, id=268435456, user=UserHandle{0}, pkg=com.excelliance.dualaid, uid=11422, callingPid=16186
06-24 16:17:48.472 D/PMS1000 (  657): package:com.excelliance.dualaid, input flags:0, output hwFlags:0
06-24 16:17:48.472 I/[HwRecSys]HwRecSysAidlService( 2647): doNotificationCollect -> current num:1
06-24 16:17:48.472 I/[HwRecSys]-Notification-NotificationUpdateController( 2647): startNotificationUpdate start!
06-24 16:17:48.472 W/SettingsEx( 2647): SettingsEx.Systemex.getInt deprecated use Settings.System.getInt instead ;callers=com.huawei.recsys.util.SystemUtil.getNotificationUpdateMode:169 com.huawei.recsys.util.SystemUtil.isAllowUpdate:104 com.huawei.recsys.controller.notification.http.NotificationUpdateController.startNotificationUpdate:85 
06-24 16:17:48.473 I/[HwRecSys]SystemUtil( 2647): isAllowUpdate mode:1
06-24 16:17:48.473 I/[HwRecSys]SystemUtil( 2647): isAllowUpdate isAllowUpdate:true
06-24 16:17:48.473 I/[HwRecSys]-Notification-NotificationUpdateController( 2647):  -> currentYear:2018
06-24 16:17:48.473 I/[HwRecSys]-Notification-NotificationUpdateController( 2647):  -> currentMonth:5
06-24 16:17:48.473 I/[HwRecSys]-Notification-NotificationUpdateController( 2647):  -> currentDay:24
06-24 16:17:48.473 I/[HwRecSys]-Notification-NotificationUpdateController( 2647):  -> oldYear:2018
06-24 16:17:48.473 I/[HwRecSys]-Notification-NotificationUpdateController( 2647):  -> oldMonth:5
06-24 16:17:48.473 I/[HwRecSys]-Notification-NotificationUpdateController( 2647):  -> oldDay:24
06-24 16:17:48.473 E/[HwRecSys]-Notification-NotificationUpdateController( 2647): startNotificationUpdate time is valid no need request
06-24 16:17:48.473 I/[HwRecSys]-Notification-NotificationController( 2647): doNotificationCollect start!
06-24 16:17:48.473 E/[HwRecSys]-Notification-NotificationController( 2647): HwDefaultLabels returnStr:107
06-24 16:17:48.474 E/[HwRecSys]-Notification-NotificationController( 2647): getChinese paramValue is null!
06-24 16:17:48.475 E/[HwRecSys]-Notification-NotificationController( 2647): doNotificationCollect getLabelByRegRules label:107
06-24 16:17:48.475 I/[HwRecSys]HwRecSysAidlService( 2647): doNotificationCollect ->  finally remote Num - 1 !
06-24 16:17:48.475 I/HwNotificationManagerService(  657): doNotificationCollect: pkg=com.excelliance.dualaid, uid=11422, hw_type=107, hw_btw=true
06-24 16:17:48.475 D/PMS1000 (  657): package:com.excelliance.dualaid, input flags:268435456, output hwFlags:0
06-24 16:17:48.475 D/PMS1000 (  657): package:com.excelliance.dualaid, input flags:0, output hwFlags:0
06-24 16:17:48.475 W/NotificationRecord(  657): Use default channel, The importance is:2
06-24 16:17:48.478 D/NotificationService(  657): mGameDndStatus is:false ,isGameDndSwitchOn is:false
06-24 16:17:48.484 D/PMS10039(  657): package:com.excelliance.dualaid, input flags:1024, output hwFlags:0
06-24 16:17:48.486 D/PMS10039(  657): package:com.android.systemui, input flags:268436480, output hwFlags:0
06-24 16:17:48.490 D/HwCust  ( 1513): Create obj success use class com.android.systemui.statusbar.notification.HwCustNotificationInflaterImpl
06-24 16:17:48.491 W/zygote  (16186): Throwing OutOfMemoryError "EnsureLocalCapacity"
06-24 16:17:48.492 I/FakeShadowView( 1513): radius18
06-24 16:17:48.494 D/PMS10039(  657): package:com.excelliance.dualaid, input flags:8704, output hwFlags:0
06-24 16:17:48.494 D/PMS10039(  657): package:com.excelliance.dualaid, input flags:8192, output hwFlags:0
06-24 16:17:48.495 D/HwFLClassLoader( 1513): USE_FEATURE_LIST had not init! 
06-24 16:17:48.495 W/HwPhoneLayoutInflater( 1513): onCreateView : ClassNotFoundException, In this case we want to let the base class take a crack at it
06-24 16:17:48.497 I/chatty  ( 1513): uid=10039(u0_a39) com.android.systemui identical 2 lines
06-24 16:17:48.497 W/HwPhoneLayoutInflater( 1513): onCreateView : ClassNotFoundException, In this case we want to let the base class take a crack at it
06-24 16:17:48.497 W/ResourceType( 1513): Failure getting entry for 0x01040255 (t=3 e=597) (error -75)
06-24 16:17:48.498 W/IPMSI   (16186): request permission: com.huawei.permission.sec.MDM.v2
06-24 16:17:48.498 W/IPMSI   (16186): request permission: com.huawei.authentication.HW_ACCESS_AUTH_SERVICE
06-24 16:17:48.498 W/IPMSI   (16186): request permission: com.huawei.appmarket.provider.readPermission
06-24 16:17:48.498 W/IPMSI   (16186): request permission: com.huawei.pushagent.permission.RICHMEDIA_PROVIDER
06-24 16:17:48.499 W/HwPhoneLayoutInflater( 1513): onCreateView : ClassNotFoundException, In this case we want to let the base class take a crack at it
06-24 16:17:48.501 I/chatty  ( 1513): uid=10039(u0_a39) com.android.systemui identical 2 lines
06-24 16:17:48.501 W/HwPhoneLayoutInflater( 1513): onCreateView : ClassNotFoundException, In this case we want to let the base class take a crack at it
06-24 16:17:48.502 W/ResourceType( 1513): Failure getting entry for 0x01040255 (t=3 e=597) (error -75)
06-24 16:17:48.504 D/PMS10039(  657): package:com.excelliance.dualaid, input flags:8192, output hwFlags:0
06-24 16:17:48.506 W/HwPhoneLayoutInflater( 1513): onCreateView : ClassNotFoundException, In this case we want to let the base class take a crack at it
06-24 16:17:48.508 I/chatty  ( 1513): uid=10039(u0_a39) com.android.systemui identical 2 lines
06-24 16:17:48.508 W/HwPhoneLayoutInflater( 1513): onCreateView : ClassNotFoundException, In this case we want to let the base class take a crack at it
06-24 16:17:48.508 W/ResourceType( 1513): Failure getting entry for 0x01040255 (t=3 e=597) (error -75)
06-24 16:17:48.511 W/HwPhoneLayoutInflater( 1513): onCreateView : ClassNotFoundException, In this case we want to let the base class take a crack at it
06-24 16:17:48.513 I/chatty  ( 1513): uid=10039(u0_a39) com.android.systemui identical 2 lines
06-24 16:17:48.513 W/HwPhoneLayoutInflater( 1513): onCreateView : ClassNotFoundException, In this case we want to let the base class take a crack at it
06-24 16:17:48.513 W/ResourceType( 1513): Failure getting entry for 0x01040255 (t=3 e=597) (error -75)
06-24 16:17:48.516 D/PMS10039(  657): package:com.excelliance.dualaid, input flags:0, output hwFlags:0
06-24 16:17:48.518 D/HwPhoneStatusBar( 1513): No peeking: not allowed notification: 0|com.excelliance.dualaid|268435456|null|11422
06-24 16:17:48.524 I/PhoneStatusBar( 1513): updateNotificationShade: total=74, active=74
06-24 16:17:48.524 W/PhoneStatusBar( 1513): updateNotificationShade hasFaceDT: false; Detected:false
06-24 16:17:48.526 V/PhoneStatusBar( 1513): mStackScroller size:11,activeCount:74, childCnt:15
06-24 16:17:48.545 D/ReporterUtil( 1513):  e id:344 type:{pkg:com.excelliance.dualaid,hw_type:107,hw_btw:true,onGoing:true,importance:2}
06-24 16:17:48.546 E/BDLog   ( 1686): BD.FilterImpl:com.android.systemui 344 times= 200 over threshold
06-24 16:17:48.546 E/BDLog   ( 1686): BD.FilterImpl:com.android.systemui344 is illLegal
06-24 16:17:48.547 W/HwKeyguardDragHelper( 1513): AnimationBlocked
06-24 16:17:48.557 D/StatusBar( 1513): updateNotification(StatusBarNotification(pkg=com.excelliance.dualaid user=UserHandle{0} id=268435456 tag=null key=0|com.excelliance.dualaid|268435456|null|11422: Notification(channel=null pri=0 contentView=com.excelliance.dualaid/0x1090090 vibrate=null sound=null defaults=0x0 flags=0x62 color=0xff607d8b vis=PRIVATE)))
06-24 16:17:48.561 D/HwPhoneStatusBar( 1513): No peeking: not allowed notification: 0|com.excelliance.dualaid|268435456|null|11422
06-24 16:17:48.561 D/StatusBar( 1513): applyInPlace=true shouldPeek=false alertAgain=true
06-24 16:17:48.561 D/StatusBar( 1513): reusing notification for key: 0|com.excelliance.dualaid|268435456|null|11422
06-24 16:17:48.562 D/PMS10039(  657): package:com.excelliance.dualaid, input flags:8192, output hwFlags:0
06-24 16:17:48.569 I/PhoneStatusBar( 1513): updateNotificationShade: total=74, active=74
06-24 16:17:48.569 W/PhoneStatusBar( 1513): updateNotificationShade hasFaceDT: false; Detected:false
06-24 16:17:48.569 V/PhoneStatusBar( 1513): mStackScroller size:11,activeCount:74, childCnt:15
06-24 16:17:48.592 W/HwKeyguardDragHelper( 1513): AnimationBlocked
06-24 16:17:48.598 D/SmtServService(16076): MSG_LOAD_PLT GameUtil.isPtLoaded() = true
06-24 16:17:48.642 D/HwWifiStatStore(  657): handleMessage : 200
06-24 16:17:48.661 I/Pged-IPgedBinderService(  769): ****action is 2, pid num is 6***
06-24 16:17:48.661 I/Pged-Freezer(  769): thawPids
06-24 16:17:48.664 D/PgedBinderAdapter( 1699): unfrz ok, pid: [29457, 29531, 14942, 15544, 15693]
06-24 16:17:48.671 I/appium  (15693): Null child 0/3, parent: android.view.accessibility.AccessibilityNodeInfo@9b66; boundsInParent: Rect(0, 0 - 1080, 1580); boundsInScreen: Rect(0, 0 - 1080, 1532); packageName: com.huawei.android.launcher; className: android.view.ViewGroup; text: null; error: null; maxTextLength: -1; contentDescription: null; viewIdResName: com.huawei.android.launcher:id/workspace_screen; checkable: false; checked: false; focusable: false; focused: false; selected: false; clickable: true; longClickable: true; contextClickable: false; enabled: true; password: false; scrollable: false; importantForAccessibility: true; actions: [AccessibilityAction: ACTION_SELECT - null, AccessibilityAction: ACTION_CLEAR_SELECTION - null, AccessibilityAction: ACTION_CLICK - null, AccessibilityAction: ACTION_LONG_CLICK - null, AccessibilityAction: ACTION_ACCESSIBILITY_FOCUS - null, AccessibilityAction: ACTION_SHOW_ON_SCREEN - null]
06-24 16:17:48.672 I/appium  (15693): Null child 1/3, parent: android.view.accessibility.AccessibilityNodeInfo@9b66; boundsInParent: Rect(0, 0 - 1080, 1580); boundsInScreen: Rect(0, 0 - 1080, 1532); packageName: com.huawei.android.launcher; className: android.view.ViewGroup; text: null; error: null; maxTextLength: -1; contentDescription: null; viewIdResName: com.huawei.android.launcher:id/workspace_screen; checkable: false; checked: false; focusable: false; focused: false; selected: false; clickable: true; longClickable: true; contextClickable: false; enabled: true; password: false; scrollable: false; importantForAccessibility: true; actions: [AccessibilityAction: ACTION_SELECT - null, AccessibilityAction: ACTION_CLEAR_SELECTION - null, AccessibilityAction: ACTION_CLICK - null, AccessibilityAction: ACTION_LONG_CLICK - null, AccessibilityAction: ACTION_ACCESSIBILITY_FOCUS - null, AccessibilityAction: ACTION_SHOW_ON_SCREEN - null]
06-24 16:17:48.675 I/appium  (15693): Null child 2/3, parent: android.view.accessibility.AccessibilityNodeInfo@9b66; boundsInParent: Rect(0, 0 - 1080, 1580); boundsInScreen: Rect(0, 0 - 1080, 1532); packageName: com.huawei.android.launcher; className: android.view.ViewGroup; text: null; error: null; maxTextLength: -1; contentDescription: null; viewIdResName: com.huawei.android.launcher:id/workspace_screen; checkable: false; checked: false; focusable: false; focused: false; selected: false; clickable: true; longClickable: true; contextClickable: false; enabled: true; password: false; scrollable: false; importantForAccessibility: true; actions: [AccessibilityAction: ACTION_SELECT - null, AccessibilityAction: ACTION_CLEAR_SELECTION - null, AccessibilityAction: ACTION_CLICK - null, AccessibilityAction: ACTION_LONG_CLICK - null, AccessibilityAction: ACTION_ACCESSIBILITY_FOCUS - null, AccessibilityAction: ACTION_SHOW_ON_SCREEN - null]
06-24 16:17:48.676 I/appium  (15693): Null child 3/4, parent: android.view.accessibility.AccessibilityNodeInfo@799d; boundsInParent: Rect(2160, 0 - 3240, 1920); boundsInScreen: Rect(0, 0 - 1080, 1920); packageName: com.huawei.android.launcher; className: android.view.ViewGroup; text: null; error: null; maxTextLength: -1; contentDescription:  3  4 ; viewIdResName: com.huawei.android.launcher:id/workspace; checkable: false; checked: false; focusable: false; focused: false; selected: false; clickable: false; longClickable: false; contextClickable: false; enabled: true; password: false; scrollable: true; importantForAccessibility: true; actions: [AccessibilityAction: ACTION_SELECT - null, AccessibilityAction: ACTION_CLEAR_SELECTION - null, AccessibilityAction: ACTION_ACCESSIBILITY_FOCUS - null, AccessibilityAction: ACTION_NEXT_AT_MOVEMENT_GRANULARITY - null, AccessibilityAction: ACTION_PREVIOUS_AT_MOVEMENT_GRANULARITY - null, AccessibilityAction: ACTION_SET_SELECTION - null, AccessibilityAction: ACTION_SHOW_ON_SCREEN - null]
06-24 16:17:48.677 I/appium  (15693): Null child 1/4, parent: android.view.accessibility.AccessibilityNodeInfo@8c62; boundsInParent: Rect(0, 0 - 1080, 1920); boundsInScreen: Rect(0, 0 - 1080, 1920); packageName: com.huawei.android.launcher; className: android.widget.FrameLayout; text: null; error: null; maxTextLength: -1; contentDescription: null; viewIdResName: com.huawei.android.launcher:id/drag_layer; checkable: false; checked: false; focusable: false; focused: false; selected: false; clickable: false; longClickable: false; contextClickable: false; enabled: true; password: false; scrollable: false; importantForAccessibility: false; actions: [AccessibilityAction: ACTION_SELECT - null, AccessibilityAction: ACTION_CLEAR_SELECTION - null, AccessibilityAction: ACTION_ACCESSIBILITY_FOCUS - null, AccessibilityAction: ACTION_SHOW_ON_SCREEN - null]
06-24 16:17:48.678 I/appium  (15693): Null child 2/4, parent: android.view.accessibility.AccessibilityNodeInfo@8c62; boundsInParent: Rect(0, 0 - 1080, 1920); boundsInScreen: Rect(0, 0 - 1080, 1920); packageName: com.huawei.android.launcher; className: android.widget.FrameLayout; text: null; error: null; maxTextLength: -1; contentDescription: null; viewIdResName: com.huawei.android.launcher:id/drag_layer; checkable: false; checked: false; focusable: false; focused: false; selected: false; clickable: false; longClickable: false; contextClickable: false; enabled: true; password: false; scrollable: false; importantForAccessibility: false; actions: [AccessibilityAction: ACTION_SELECT - null, AccessibilityAction: ACTION_CLEAR_SELECTION - null, AccessibilityAction: ACTION_ACCESSIBILITY_FOCUS - null, AccessibilityAction: ACTION_SHOW_ON_SCREEN - null]
06-24 16:17:48.680 I/appium  (15693): Null child 3/4, parent: android.view.accessibility.AccessibilityNodeInfo@8c62; boundsInParent: Rect(0, 0 - 1080, 1920); boundsInScreen: Rect(0, 0 - 1080, 1920); packageName: com.huawei.android.launcher; className: android.widget.FrameLayout; text: null; error: null; maxTextLength: -1; contentDescription: null; viewIdResName: com.huawei.android.launcher:id/drag_layer; checkable: false; checked: false; focusable: false; focused: false; selected: false; clickable: false; longClickable: false; contextClickable: false; enabled: true; password: false; scrollable: false; importantForAccessibility: false; actions: [AccessibilityAction: ACTION_SELECT - null, AccessibilityAction: ACTION_CLEAR_SELECTION - null, AccessibilityAction: ACTION_ACCESSIBILITY_FOCUS - null, AccessibilityAction: ACTION_SHOW_ON_SCREEN - null]
06-24 16:17:48.680 I/appium  (15693): Fetch time: 1531ms
06-24 16:17:48.691 I/appium  (15693): AppiumResponse: {"sessionId":"1eed4334-17c4-490d-a3a9-12315532ad6b","status":0,"value":"<?xml version=\"1.0\" encoding=\"UTF-8\"?><hierarchy rotation=\"0\"><android.widget.FrameLayout index=\"0\" text=\"\" class=\"android.widget.FrameLayout\" package=\"com.huawei.android.launcher\" content-desc=\"\" checkable=\"false\" checked=\"false\" clickable=\"false\" enabled=\"true\" focusable=\"false\" focused=\"false\" scrollable=\"false\" long-clickable=\"false\" password=\"false\" selected=\"false\" bounds=\"[0,0][1080,1920]\" resource-id=\"\" instance=\"0\"><android.widget.LinearLayout index=\"0\" text=\"\" class=\"android.widget.LinearLayout\" package=\"com.huawei.android.launcher\" content-desc=\"\" checkable=\"false\" checked=\"false\" clickable=\"false\" enabled=\"true\" focusable=\"false\" focused=\"false\" scrollable=\"false\" long-clickable=\"false\" password=\"false\" selected=\"false\" bounds=\"[0,0][1080,1920]\" resource-id=\"\" instance=\"0\"><android.widget.FrameLayout index=\"0\" text=\"\" class=\"android.widget.FrameLayout\" package=\"com.huawei.android.launcher\" content-desc=\"\" checkable=\"false\" checked=\"false\" clickable=\"false\" enabled=\"true\" focusable=\"false\" focused=\"false\" scrollable=\"false\" long-clickable=\"false\" password=\"false\" selected=\"false\" bounds=\"[0,0][1080,1920]\" resource-id=\"android:id\/content\" instance=\"1\"><android.widget.FrameLayout index=\"0\" text=\"\" class=\"android.widget.FrameLayout\" package=\"com.huawei.android.launcher\" content-desc=\"\" checkable=\"false\" checked=\"false\" clickable=\"false\" enabled=\"true\" focusable=\"false\" focused=\"false\" scrollable=\"false\" long-clickable=\"false\" password=\"false\" selected=\"false\" bounds=\"[0,0][1080,1920]\" resource-id=\"com.huawei.android.launcher:id\/drag_layer\" instance=\"2\"><android.view.ViewGroup index=\"0\" text=\"\" class=\"android.view.ViewGroup\" package=\"com.huawei.android.launcher\" content-desc=\" 3  4 \" checkable=\"false\" checked=\"false\" clickable=\"false\" enabled=\"true\" focusable=\"false\" focused=\"false\" scrollable=\"true\" long-clickable=\"false\" password=\"false\" selected=\"false\" bounds=\"[0,0][1080,1920]\" resource-id=\"com.huawei.android.launcher:id\/workspace\" instance=\"0\"><android.view.ViewGroup index=\"2\" text=\"\" class=\"android.view.ViewGroup\" package=\"com.huawei.android.launcher\" content-desc=\"\" checkable=\"false\" checked=\"false\" clickable=\"true\" enabled=\"true\" focusable=\"false\" focused=\"false\" scrollable=\"false\" long-clickable=\"true\" password=\"false\" selected=\"false\" bounds=\"[0,0][1080,1532]\" resource-id=\"com.huawei.android.launcher:id\/workspace_screen\" instance=\"1\"\/><\/android.view.ViewGroup><\/android.widget.FrameLayout><\/android.widget.FrameLayout><\/android.widget.LinearLayout><\/android.widget.FrameLayout><\/hierarchy>"}
06-24 16:17:48.737 I/appium  (15693): channel read invoked!
06-24 16:17:48.737 I/appium  (15693): channel read: POST /wd/hub/session/1eed4334-17c4-490d-a3a9-12315532ad6b/element
06-24 16:17:48.738 I/appium  (15693): Find element command
06-24 16:17:48.739 D/appium  (15693): payload: {"strategy":"id","selector":"com.excelliance.dualaid:id/bt_explore","context":"","multiple":false}
06-24 16:17:48.739 I/appium  (15693): find element command using 'id' with selector 'com.excelliance.dualaid:id/bt_explore'.
06-24 16:17:48.904 I/PhoneStatusBar( 1513): updateNotificationShade: total=74, active=74
06-24 16:17:48.904 W/PhoneStatusBar( 1513): updateNotificationShade hasFaceDT: false; Detected:false
06-24 16:17:48.905 V/PhoneStatusBar( 1513): mStackScroller size:11,activeCount:74, childCnt:15
06-24 16:17:48.947 W/HwKeyguardDragHelper( 1513): AnimationBlocked
06-24 16:17:48.969 I/PhoneStatusBar( 1513): updateNotificationShade: total=74, active=74
06-24 16:17:48.969 W/PhoneStatusBar( 1513): updateNotificationShade hasFaceDT: false; Detected:false
06-24 16:17:48.969 V/PhoneStatusBar( 1513): mStackScroller size:11,activeCount:74, childCnt:15
06-24 16:17:48.996 I/PhoneStatusBar( 1513): updateNotificationShade: total=74, active=74
06-24 16:17:48.996 W/PhoneStatusBar( 1513): updateNotificationShade hasFaceDT: false; Detected:false
06-24 16:17:48.996 V/PhoneStatusBar( 1513): mStackScroller size:11,activeCount:74, childCnt:15
06-24 16:17:49.023 I/PhoneStatusBar( 1513): updateNotificationShade: total=74, active=74
06-24 16:17:49.023 W/PhoneStatusBar( 1513): updateNotificationShade hasFaceDT: false; Detected:false
06-24 16:17:49.024 V/PhoneStatusBar( 1513): mStackScroller size:11,activeCount:74, childCnt:15
06-24 16:17:49.041 W/HwKeyguardDragHelper( 1513): AnimationBlocked
06-24 16:17:49.052 I/PhoneStatusBar( 1513): updateNotificationShade: total=74, active=74
06-24 16:17:49.052 W/PhoneStatusBar( 1513): updateNotificationShade hasFaceDT: false; Detected:false
06-24 16:17:49.053 V/PhoneStatusBar( 1513): mStackScroller size:11,activeCount:74, childCnt:15
06-24 16:17:49.074 D/HwArpVerifier(  657): performPollAndLog:
06-24 16:17:49.077 D/hw_netstat(  657): total/12399/4076,com.excelliance.dualaid/11905/3724,unknown:0/442/0,com.google.uid.shared:10089/0/240,android.uid.system:1000/52/52,com.android.vending/0/60
06-24 16:17:49.077 I/PhoneStatusBar( 1513): updateNotificationShade: total=74, active=74
06-24 16:17:49.077 W/PhoneStatusBar( 1513): updateNotificationShade hasFaceDT: false; Detected:false
06-24 16:17:49.078 V/PhoneStatusBar( 1513): mStackScroller size:11,activeCount:74, childCnt:15
06-24 16:17:49.098 W/HwKeyguardDragHelper( 1513): AnimationBlocked
06-24 16:17:49.110 I/PhoneStatusBar( 1513): updateNotificationShade: total=74, active=74
06-24 16:17:49.110 W/PhoneStatusBar( 1513): updateNotificationShade hasFaceDT: false; Detected:false
06-24 16:17:49.110 V/PhoneStatusBar( 1513): mStackScroller size:11,activeCount:74, childCnt:15
06-24 16:17:49.143 I/PhoneStatusBar( 1513): updateNotificationShade: total=74, active=74
06-24 16:17:49.143 W/PhoneStatusBar( 1513): updateNotificationShade hasFaceDT: false; Detected:false
06-24 16:17:49.144 V/PhoneStatusBar( 1513): mStackScroller size:11,activeCount:74, childCnt:15
06-24 16:17:49.170 I/PhoneStatusBar( 1513): updateNotificationShade: total=74, active=74
06-24 16:17:49.170 W/PhoneStatusBar( 1513): updateNotificationShade hasFaceDT: false; Detected:false
06-24 16:17:49.170 V/PhoneStatusBar( 1513): mStackScroller size:11,activeCount:74, childCnt:15
06-24 16:17:49.195 I/PhoneStatusBar( 1513): updateNotificationShade: total=74, active=74
06-24 16:17:49.195 W/PhoneStatusBar( 1513): updateNotificationShade hasFaceDT: false; Detected:false
06-24 16:17:49.195 V/PhoneStatusBar( 1513): mStackScroller size:11,activeCount:74, childCnt:15
06-24 16:17:49.223 I/PhoneStatusBar( 1513): updateNotificationShade: total=74, active=74
06-24 16:17:49.223 W/PhoneStatusBar( 1513): updateNotificationShade hasFaceDT: false; Detected:false
06-24 16:17:49.224 V/PhoneStatusBar( 1513): mStackScroller size:11,activeCount:74, childCnt:15
06-24 16:17:49.255 I/PhoneStatusBar( 1513): updateNotificationShade: total=74, active=74
06-24 16:17:49.255 W/PhoneStatusBar( 1513): updateNotificationShade hasFaceDT: false; Detected:false
06-24 16:17:49.255 V/PhoneStatusBar( 1513): mStackScroller size:11,activeCount:74, childCnt:15
06-24 16:17:49.275 W/HwKeyguardDragHelper( 1513): AnimationBlocked
06-24 16:17:49.285 I/PhoneStatusBar( 1513): updateNotificationShade: total=74, active=74
06-24 16:17:49.285 W/PhoneStatusBar( 1513): updateNotificationShade hasFaceDT: false; Detected:false
06-24 16:17:49.286 V/PhoneStatusBar( 1513): mStackScroller size:11,activeCount:74, childCnt:15
06-24 16:17:49.305 W/HwKeyguardDragHelper( 1513): AnimationBlocked
06-24 16:17:49.387 E/WifiHAL (  706): enter wifi_get_link_stats
06-24 16:17:49.401 E/wificond(  765): Failed to get NL80211_STA_INFO_CNAHLOAD
06-24 16:17:49.402 E/WificondControl(  657): Noise: -90, Snr: 0, Chload: -1
06-24 16:17:49.402 D/HwWifiCHRStateManager(  657): handleMessage : 1001
06-24 16:17:49.402 D/HwWifiCHRStateManager(  657): handleUpdateChannel:5805
06-24 16:17:49.402 V/HwWifiServiceFactory(  657): get AllImpl object = com.android.server.wifi.HwWifiServiceFactoryImpl@a390a53
06-24 16:17:49.404 D/WifiScoreReport(  657): Score = 100, wifiConnectivityManagerEnabled = false, lowScoreCount = 0
06-24 16:17:49.579 I/appium  (15693): AppiumResponse: {"sessionId":"1eed4334-17c4-490d-a3a9-12315532ad6b","status":7,"value":"An element could not be located on the page using the given search parameters."}
06-24 16:17:49.599 W/libc    (  493): Set property "hw.wifi.dns_stat" to "33708,29201,5028,1,52531"
06-24 16:17:49.614 I/appium  (15693): channel read invoked!
06-24 16:17:49.614 I/appium  (15693): channel read: GET /wd/hub/session/1eed4334-17c4-490d-a3a9-12315532ad6b/source
06-24 16:17:49.638 I/appium  (15693): Skipping invisible child: android.view.accessibility.AccessibilityNodeInfo@9f37; boundsInParent: Rect(0, 0 - 1080, 1920); boundsInScreen: Rect(1080, 0 - 1080, 1920); packageName: com.excelliance.dualaid; className: android.widget.RelativeLayout; text: null; error: null; maxTextLength: -1; contentDescription: null; viewIdResName: null; checkable: false; checked: false; focusable: false; focused: false; selected: false; clickable: false; longClickable: false; contextClickable: false; enabled: true; password: false; scrollable: false; importantForAccessibility: false; actions: [AccessibilityAction: ACTION_SELECT - null, AccessibilityAction: ACTION_CLEAR_SELECTION - null, AccessibilityAction: ACTION_ACCESSIBILITY_FOCUS - null, AccessibilityAction: ACTION_SHOW_ON_SCREEN - null]
06-24 16:17:49.639 I/appium  (15693): Skipping invisible child: android.view.accessibility.AccessibilityNodeInfo@a2f8; boundsInParent: Rect(0, 0 - 1080, 1920); boundsInScreen: Rect(2160, 0 - 1080, 1920); packageName: com.excelliance.dualaid; className: android.widget.RelativeLayout; text: null; error: null; maxTextLength: -1; contentDescription: null; viewIdResName: null; checkable: false; checked: false; focusable: false; focused: false; selected: false; clickable: false; longClickable: false; contextClickable: false; enabled: true; password: false; scrollable: false; importantForAccessibility: false; actions: [AccessibilityAction: ACTION_SELECT - null, AccessibilityAction: ACTION_CLEAR_SELECTION - null, AccessibilityAction: ACTION_ACCESSIBILITY_FOCUS - null, AccessibilityAction: ACTION_SHOW_ON_SCREEN - null]
06-24 16:17:49.639 I/appium  (15693): Fetch time: 12ms
06-24 16:17:49.665 I/appium  (15693): AppiumResponse: {"sessionId":"1eed4334-17c4-490d-a3a9-12315532ad6b","status":0,"value":"<?xml version=\"1.0\" encoding=\"UTF-8\"?><hierarchy rotation=\"0\"><android.widget.FrameLayout index=\"0\" text=\"\" class=\"android.widget.FrameLayout\" package=\"com.excelliance.dualaid\" content-desc=\"\" checkable=\"false\" checked=\"false\" clickable=\"false\" enabled=\"true\" focusable=\"false\" focused=\"false\" scrollable=\"false\" long-clickable=\"false\" password=\"false\" selected=\"false\" bounds=\"[0,0][1080,1920]\" resource-id=\"\" instance=\"0\"><android.widget.LinearLayout index=\"0\" text=\"\" class=\"android.widget.LinearLayout\" package=\"com.excelliance.dualaid\" content-desc=\"\" checkable=\"false\" checked=\"false\" clickable=\"false\" enabled=\"true\" focusable=\"false\" focused=\"false\" scrollable=\"false\" long-clickable=\"false\" password=\"false\" selected=\"false\" bounds=\"[0,0][1080,1920]\" resource-id=\"\" instance=\"0\"><android.widget.FrameLayout index=\"0\" text=\"\" class=\"android.widget.FrameLayout\" package=\"com.excelliance.dualaid\" content-desc=\"\" checkable=\"false\" checked=\"false\" clickable=\"false\" enabled=\"true\" focusable=\"false\" focused=\"false\" scrollable=\"false\" long-clickable=\"false\" password=\"false\" selected=\"false\" bounds=\"[0,0][1080,1920]\" resource-id=\"android:id\/content\" instance=\"1\"><android.widget.FrameLayout index=\"0\" text=\"\" class=\"android.widget.FrameLayout\" package=\"com.excelliance.dualaid\" content-desc=\"\" checkable=\"false\" checked=\"false\" clickable=\"false\" enabled=\"true\" focusable=\"false\" focused=\"false\" scrollable=\"false\" long-clickable=\"false\" password=\"false\" selected=\"false\" bounds=\"[0,0][1080,1920]\" resource-id=\"\" instance=\"2\"><android.widget.RelativeLayout index=\"0\" text=\"\" class=\"android.widget.RelativeLayout\" package=\"com.excelliance.dualaid\" content-desc=\"\" checkable=\"false\" checked=\"false\" clickable=\"false\" enabled=\"true\" focusable=\"false\" focused=\"false\" scrollable=\"false\" long-clickable=\"false\" password=\"false\" selected=\"false\" bounds=\"[0,0][1080,1920]\" resource-id=\"com.excelliance.dualaid:id\/rl_guide_original\" instance=\"0\"><android.support.v4.view.ViewPager index=\"0\" text=\"\" class=\"android.support.v4.view.ViewPager\" package=\"com.excelliance.dualaid\" content-desc=\"\" checkable=\"false\" checked=\"false\" clickable=\"false\" enabled=\"true\" focusable=\"true\" focused=\"false\" scrollable=\"true\" long-clickable=\"false\" password=\"false\" selected=\"false\" bounds=\"[0,0][1080,1920]\" resource-id=\"com.excelliance.dualaid:id\/vp_nav\" instance=\"0\"><android.widget.RelativeLayout index=\"0\" text=\"\" class=\"android.widget.RelativeLayout\" package=\"com.excelliance.dualaid\" content-desc=\"\" checkable=\"false\" checked=\"false\" clickable=\"false\" enabled=\"true\" focusable=\"false\" focused=\"false\" scrollable=\"false\" long-clickable=\"false\" password=\"false\" selected=\"false\" bounds=\"[0,0][1080,1920]\" resource-id=\"\" instance=\"1\"><android.view.View index=\"0\" text=\"\" class=\"android.view.View\" package=\"com.excelliance.dualaid\" content-desc=\"\" checkable=\"false\" checked=\"false\" clickable=\"false\" enabled=\"true\" focusable=\"false\" focused=\"false\" scrollable=\"false\" long-clickable=\"false\" password=\"false\" selected=\"false\" bounds=\"[0,0][1080,1920]\" resource-id=\"\" instance=\"0\"\/><android.widget.ImageView index=\"1\" text=\"\" class=\"android.widget.ImageView\" package=\"com.excelliance.dualaid\" content-desc=\"\" checkable=\"false\" checked=\"false\" clickable=\"false\" enabled=\"true\" focusable=\"false\" focused=\"false\" scrollable=\"false\" long-clickable=\"false\" password=\"false\" selected=\"false\" bounds=\"[345,303][990,1185]\" resource-id=\"com.excelliance.dualaid:id\/nav_chat\" instance=\"0\"\/><android.widget.ImageView index=\"2\" text=\"\" class=\"android.widget.ImageView\" package=\"com.excelliance.dualaid\" content-desc=\"\" checkable=\"false\" checked=\"false\" c
06-24 16:17:49.718 I/appium  (15693): channel read invoked!
06-24 16:17:49.718 I/appium  (15693): channel read: GET /wd/hub/session/1eed4334-17c4-490d-a3a9-12315532ad6b/source
06-24 16:17:49.740 I/appium  (15693): Skipping invisible child: android.view.accessibility.AccessibilityNodeInfo@9f37; boundsInParent: Rect(0, 0 - 1080, 1920); boundsInScreen: Rect(1080, 0 - 1080, 1920); packageName: com.excelliance.dualaid; className: android.widget.RelativeLayout; text: null; error: null; maxTextLength: -1; contentDescription: null; viewIdResName: null; checkable: false; checked: false; focusable: false; focused: false; selected: false; clickable: false; longClickable: false; contextClickable: false; enabled: true; password: false; scrollable: false; importantForAccessibility: false; actions: [AccessibilityAction: ACTION_SELECT - null, AccessibilityAction: ACTION_CLEAR_SELECTION - null, AccessibilityAction: ACTION_ACCESSIBILITY_FOCUS - null, AccessibilityAction: ACTION_SHOW_ON_SCREEN - null]
06-24 16:17:49.741 I/appium  (15693): Skipping invisible child: android.view.accessibility.AccessibilityNodeInfo@a2f8; boundsInParent: Rect(0, 0 - 1080, 1920); boundsInScreen: Rect(2160, 0 - 1080, 1920); packageName: com.excelliance.dualaid; className: android.widget.RelativeLayout; text: null; error: null; maxTextLength: -1; contentDescription: null; viewIdResName: null; checkable: false; checked: false; focusable: false; focused: false; selected: false; clickable: false; longClickable: false; contextClickable: false; enabled: true; password: false; scrollable: false; importantForAccessibility: false; actions: [AccessibilityAction: ACTION_SELECT - null, AccessibilityAction: ACTION_CLEAR_SELECTION - null, AccessibilityAction: ACTION_ACCESSIBILITY_FOCUS - null, AccessibilityAction: ACTION_SHOW_ON_SCREEN - null]
06-24 16:17:49.741 I/appium  (15693): Fetch time: 9ms
