06-24 15:26:17.121 W/libc    ( 1699): Set property "sys.aps.gameProcessName" to ""
06-24 15:26:17.123 W/libc    ( 1699): Set property "sys.aps.browserProcessName" to ""
06-24 15:26:17.125 D/HwFLClassLoader(27762): get used feature list :/feature/used-list failed!
06-24 15:26:17.125 D/HwFLClassLoader(27762): USE_FEATURE_LIST had not init! 
06-24 15:26:17.126 I/GRALLOC (  679): 	 shrFd=10,fmt=0x1,intFmt=0x200000001,btStrd=4352,size=8486912,pid=679 
06-24 15:26:17.126 I/GRALLOC (  679): 	 yuv=2,w=1080,h=1920,Stride u=0 v=0,offset u=0 v=0 
06-24 15:26:17.126 I/GRALLOC (  679): 	 iova_size=8486912,conUsg=0xb00,proUsg=0xb00,	 strd=1088,[afbc]HdrStrd=1088 PyldStrd=69632 Scrmbl=2,ionhnd = 1 
06-24 15:26:17.129 W//system/bin/hwservicemanager(  416): Cannot open /odm/manifest.xml
06-24 15:26:17.131 I/GRALLOC (  679): 	 shrFd=10,fmt=0x1,intFmt=0x1,btStrd=256,size=4096,pid=679 
06-24 15:26:17.131 I/GRALLOC (  679): 	 yuv=2,w=16,h=16,Stride u=0 v=0,offset u=0 v=0 
06-24 15:26:17.131 I/GRALLOC (  679): 	 iova_size=4096,conUsg=0x100,proUsg=0x100,	 strd=64,[afbc]HdrStrd=0 PyldStrd=0 Scrmbl=0,ionhnd = 1 
06-24 15:26:17.143 E/MemoryLeakMonitorManager(27762): MemoryLeakMonitor.jar is not exist!
06-24 15:26:17.144 D/KXQPApplication(27762): run: initUserManager
06-24 15:26:17.144 D/CrashHandler(27762): CrashHandler
06-24 15:26:17.145 E/Minikin (27762): Could not get cmap table size!
06-24 15:26:17.145 D/PMS11421(  657): package:com.excelliance.dualaid, input flags:128, output hwFlags:0
06-24 15:26:17.156 I/HwCust  (27762): Constructor found for class android.app.HwCustActivityImpl
06-24 15:26:17.156 D/HwCust  (27762): Create obj success use class android.app.HwCustActivityImpl
06-24 15:26:17.158 V/HwPolicyFactory(27762): : success to get AllImpl object and return....
06-24 15:26:17.159 I/HwCust  (27762): Constructor found for class android.app.HwCustHwWallpaperManagerImpl
06-24 15:26:17.159 D/HwCust  (27762): Create obj success use class android.app.HwCustHwWallpaperManagerImpl
06-24 15:26:17.160 D/PMS11421(  657): package:com.excelliance.dualaid, input flags:0, output hwFlags:0
06-24 15:26:17.161 V/HwWidgetFactory(27762): : successes to get AllImpl object and return....
06-24 15:26:17.162 V/ActivityThread(27762): ActivityThread,callActivityOnCreate
06-24 15:26:17.163 D/HelloActivity(27762): Memory:25142M
06-24 15:26:17.164 D/HelloActivity(27762): onCreate: true
06-24 15:26:17.165 D/HelloActivity(27762): is code boot
06-24 15:26:17.168 D/HelloActivity(27762): mIsNav = false
06-24 15:26:17.179 D/HttpUtils(27762): getDownloadMode()
06-24 15:26:17.179 D/NetUtils(27762): init inited = true
06-24 15:26:17.179 D/HelloActivity(27762): enter Nav2
06-24 15:26:17.181 D/NetworkSecurityConfig(27762): No Network Security Config specified, using platform default
06-24 15:26:17.181 I/ActivityManager(  657): START u0 {pkg=com.excelliance.dualaid cmp=com.excelliance.dualaid/com.excelliance.kxqp.swipe.NavActivity2 (has extras)} from uid 11421
06-24 15:26:17.181 I/ActivityManager(  657): ActivityRecord info: ActivityInfo{46c71fb com.excelliance.kxqp.swipe.NavActivity2}
06-24 15:26:17.182 V/WindowManager(  657): findFocusedWindow: AppWindowToken{d3a938b token=Token{377755a ActivityRecord{d5c9105 u0 com.huawei.android.launcher/.unihome.UniHomeLauncher t15658}}} below Reached focused app=AppWindowToken{bf66de token=Token{5d70619 ActivityRecord{2f70160 u0 com.excelliance.dualaid/com.excelliance.kxqp.ui.HelloActivity t16007}}}
06-24 15:26:17.183 V/WindowManager(  657): addAppToken: AppWindowToken{b73b6 token=Token{6ba5f51 ActivityRecord{9079c78 u0 com.excelliance.dualaid/com.excelliance.kxqp.swipe.NavActivity2 t16007}}} controller={TaskWindowContainerController taskId=16007} at 2147483647
06-24 15:26:17.188 V/ActivityManager(  657): startProcess: name=com.excelliance.dualaid app=null knownToBeDead=true thread=null pid=-1
06-24 15:26:17.188 D/PMS1000 (  657): package:com.excelliance.dualaid, input flags:0, output hwFlags:0
06-24 15:26:17.194 I/ActivityManager(  657): Start proc 27792:com.excelliance.dualaid/u0a1421 for service com.excelliance.dualaid/com.excelliance.kxqp.SmtServService
06-24 15:26:17.195 I/        (27792): power log dlsym ok
06-24 15:26:17.196 E/wificond(  765): Failed to get NL80211_STA_INFO_CNAHLOAD
06-24 15:26:17.196 E/WificondControl(  657): Noise: -91, Snr: 0, Chload: -1
06-24 15:26:17.196 D/HwWifiCHRStateManager(  657): handleMessage : 1001
06-24 15:26:17.196 D/HwWifiCHRStateManager(  657): handleUpdateChannel:5805
06-24 15:26:17.196 V/HwWifiServiceFactory(  657): get AllImpl object = com.android.server.wifi.HwWifiServiceFactoryImpl@a390a53
06-24 15:26:17.196 I/zygote  (27792): Reinit property: dalvik.vm.checkjni= false
06-24 15:26:17.197 D/HwRecentsLockUtils( 1513): Search
06-24 15:26:17.197 E/HsmCoreServiceImpl( 1478): onTransact in code is: 103
06-24 15:26:17.197 I/MediaProcessHandler( 1478): playingUids: 
06-24 15:26:17.197 D/ActivityManager(  657): Skipping, home or recents stack task: TaskRecord{333215f #15658 A=com.huawei.android.launcher U=0 StackId=0 sz=1}
06-24 15:26:17.197 D/ActivityManager(  657): Skipping intent:act=android.intent.action.MAIN cat=[android.intent.category.LAUNCHER] flg=0x10a00000 cmp=io.appium.settings/.Settings
06-24 15:26:17.197 D/ActivityManager(  657): Skipping intent:flg=0x10804000 cmp=com.android.systemui/.recents.RecentsActivity bnds=[48,928][1032,2296]
06-24 15:26:17.197 D/ActivityManager(  657): Skipping intent:flg=0x18800000 cmp=com.tencent.mm/.plugin.base.stub.WXPayEntryActivity
06-24 15:26:17.197 D/ActivityManager(  657): Skipping intent:flg=0x10800000 cmp=com.huawei.systemmanager/com.huawei.permissionmanager.ui.MainActivity
06-24 15:26:17.197 D/ActivityManager(  657): Skipping intent:flg=0x18800000 cmp=com.tencent.mm/.plugin.base.stub.WXEntryActivity
06-24 15:26:17.197 D/ActivityManager(  657): Skipping intent:act=com.huawei.action.VOICE_ASSISTANT flg=0x10800000 pkg=com.huawei.vassistant cmp=com.huawei.vassistant/.ui.main.VAssistantActivity
06-24 15:26:17.197 D/ActivityManager(  657): Skipping intent:act=com.huawei.android.launcher.action.ACCESS_SPLIT_SCREEN_APP cat=[android.intent.category.DEFAULT] flg=0x10804000 cmp=com.huawei.android.launcher/.splitscreen.SplitScreenAppActivity
06-24 15:26:17.197 D/ActivityManager(  657): Skipping intent:flg=0x10800000 pkg=com.excelliance.dualaid.b64 cmp=com.excelliance.dualaid.b64/com.excelliance.kxqp.sdk.PermissionRequestActivity
06-24 15:26:17.197 D/ActivityManager(  657): Skipping intent:act=android.intent.action.VIEW dat=content://com.excelliance.dualaid.fileProvider/external_storage_root/Download/apk/Multiple_64.apk typ=application/vnd.android.package-archive flg=0x10800001 cmp=com.android.packageinstaller/.InstallStart
06-24 15:26:17.197 D/ActivityManager(  657): Skipping intent:flg=0x10800000 cmp=com.android.systemui/.usb.HwUsbDebuggingActivity
06-24 15:26:17.197 D/ActivityManager(  657): Skipping intent:act=android.deviceinfo.chooser.action.LAUNCH flg=0x10800000 hwFlg=0x100 pkg=com.android.settings cmp=com.android.settings/.deviceinfo.UsbConnModeChooserActivity
06-24 15:26:17.197 D/ActivityManager(  657): Skipping intent:flg=0x10800000 cmp=com.zol.android/.push.KeepLiveActivity
06-24 15:26:17.197 D/ActivityManager(  657): Skipping intent:act=android.intent.action.MAIN cat=[android.intent.category.HOME] flg=0x10800300 cmp=com.android.settings/.FallbackHome
06-24 15:26:17.198 E/wificond(  765): Failed to get NL80211_STA_INFO_CNAHLOAD
06-24 15:26:17.199 D/HuaweiWifiWatchdogStateMachine(  657): LM mrssi=-39
06-24 15:26:17.199 D/WiFi_PRO(  657): MSG_RETURN_AP_CURRY_RSSI rssi = -39
06-24 15:26:17.199 I/QosMonitor(  657): queryRtt: rtt_type = 3
06-24 15:26:17.199 D/HuaweiWifiWatchdogStateMachine(  657): f2:9f:**:**:8f:43 current loss[-45]=0%, volume=37
06-24 15:26:17.199 I/HwQoEJNI(  657): send_cmd_kernel. begin
06-24 15:26:17.199 D/HuaweiWifiWatchdogStateMachine(  657): f2:9f:**:**:8f:43 history loss[-45]=0.02%, volume=23015439
06-24 15:26:17.199 I/HwQoEJNI(  657): send_cmd_kernel. end
06-24 15:26:17.199 I/QosMonitor(  657): postEventFromNative: msg=100,arg1=4,arg2=10
06-24 15:26:17.199 D/HuaweiWifiWatchdogStateMachine(  657): f2:9f:**:**:8f:43 current RTT[-45]=172, volume=9
06-24 15:26:17.199 D/HuaweiWifiWatchdogStateMachine(  657): f2:9f:**:**:8f:43 history RTT[-45]=237, volume=1682592
06-24 15:26:17.199 I/HuaweiWifiWatchdogStateMachine(  657): spd good count:0, add sc:0.0, rate:1.0
06-24 15:26:17.199 D/HuaweiWifiWatchdogStateMachine(  657): setSampleRtt: rtt=172,rtt_pkts =9,rtt_when=4
06-24 15:26:17.199 I/QosMonitor(  657): resetRtt: rtt_type = 3
06-24 15:26:17.199 I/HwQoEJNI(  657): send_cmd_kernel. begin
06-24 15:26:17.199 I/HwQoEJNI(  657): send_cmd_kernel. end
06-24 15:26:17.199 D/HuaweiWifiWatchdogStateMachine(  657): high data flow: protection_counter = 0,  not_detect_counter = 263
06-24 15:26:17.199 D/HuaweiWifiWatchdogStateMachine(  657): high data flow scenario: 0 --> 0 rx bytes =44KB
06-24 15:26:17.199 I/HuaweiWifiWatchdogStateMachine(  657): current mHighDataFlowRate = 1.0
06-24 15:26:17.199 I/HuaweiWifiWatchdogStateMachine(  657): POta txb txg rxg:0, 37, 0. Lr =0% Totpkt=37
06-24 15:26:17.199 I/HwQoEJNI(  657): send_cmd_kernel. begin
06-24 15:26:17.199 I/HwQoEJNI(  657): send_cmd_kernel. end
06-24 15:26:17.199 I/QosMonitor(  657): postEventFromNative: msg=100,arg1=0,arg2=10
06-24 15:26:17.199 I/MQoS    (  657): rtt=172,tcp_tx_pkts=381195,tcp_rx_pkts=394392
06-24 15:26:17.200 D/HwUidTcpMonitor(  657): parseWlanUidTcpStatistics lastUidTcpStatInfo = [ mUid = 10093 mPacketName = com.android.vending mSendSegs = 2446 mResendSegs = 1713 mRcvSegs = 189 ]
06-24 15:26:17.200 D/HwWifiConnectivityMonitor(  657): ENTER: notifyTopUidTcpInfo, tx = 10, rx = 7, reTx = 0, uid = 11421, tr = 0.0
06-24 15:26:17.200 I/MQoS    (  657): QOS_level:0(0),DataDisable;use level-0
06-24 15:26:17.200 D/HwWifiConnectivityMonitor(  657): ENTER: notifyTopUidTcpInfo, rtt = 112, rttPkts = 4, aveRtt = 28.0, app = com.excelliance.dualaid
06-24 15:26:17.200 I/MQoS    (  657): skip-low-Level:0(0),DataDisable;use level-0
06-24 15:26:17.200 D/HwUidTcpMonitor(  657): parseWlanUidTcpStatistics rm oldestUid = 11418, current size = 19
06-24 15:26:17.200 D/HwWifiConnectivityMonitor(  657): handleTopUidInternetStatusChanged, uid = 11421, status = 0
06-24 15:26:17.200 D/HwNetworkManagementService(  657): code == CODE_GET_AD_KEY_LIST
06-24 15:26:17.200 D/HwUidTcpMonitor(  657): parseWlanUidTcpStatistics newUidTcpStatInfo = [ mUid = 11421 mPacketName = com.excelliance.dualaid mSendSegs = 10 mResendSegs = 0 mRcvSegs = 7 ]
06-24 15:26:17.200 D/HwNetworkManagementService(  657): appName = com.excelliance.dualaid  is not in the mAdViewMap! reply none
06-24 15:26:17.200 D/HwNetworkManagementService(  657): appName = com.excelliance.dualaid  is not in the mAdIdMap! reply none
06-24 15:26:17.200 D/HwUidTcpMonitor(  657): parseWlanUidTcpStatistics lastUidTcpStatInfo = [ mUid = 10089 mPacketName = com.google.uid.shared:10089 mSendSegs = 6922 mResendSegs = 0 mRcvSegs = 451 ]
06-24 15:26:17.201 D/HuaweiWifiWatchdogStateMachine(  657): dumpTcpResult: len=10,rtt=172,rttPkt=9,rttWn=4,cgt=16,cgtWn=8700392
06-24 15:26:17.201 I/HuaweiWifiWatchdogStateMachine(  657): PTcp RTT:172, rtt pkt=9, tcp_rx=19, tcp_tx=26, tcp_reTran=1, rtRate=0.04
06-24 15:26:17.202 D/HuaweiWifiWatchdogStateMachine(  657): isRttGood is good, AvgRtt = 172, TotPkt = 9
06-24 15:26:17.202 D/HuaweiWifiWatchdogStateMachine(  657): mRssiBadCount =0, RSSI not bad.
06-24 15:26:17.202 D/HuaweiWifiWatchdogStateMachine(  657): detectNetworkAvailable:hw.wifipro.dns_fail_count = 64
06-24 15:26:17.202 D/HuaweiWifiWatchdogStateMachine(  657): detectNetworkAvailable: tcpRxPkts != 0, reset
06-24 15:26:17.202 I/HuaweiWifiWatchdogStateMachine(  657): rs ota tcp lr rttvb bad: false, false, false, false, false; rsth:-75
06-24 15:26:17.202 D/HuaweiWifiWatchdogStateMachine(  657): GSC:0, GSR:1.0, RSR:1.0, RTH:-75
06-24 15:26:17.202 I/HuaweiWifiWatchdogStateMachine(  657): judge good link######, goodLinkLevel=3
06-24 15:26:17.202 I/HuaweiWifiWatchdogStateMachine(  657): sendResultMsgToQM bssid:f2:9f:**:**:8f:43, qoslevel=3
06-24 15:26:17.202 I/HuaweiWifiWatchdogStateMachine(  657): link good reported, good base rssi:-41
06-24 15:26:17.202 D/HuaweiWifiWatchdogStateMachine(  657): goodperiod count=0, rb rttg sg =false, true, false
06-24 15:26:17.202 D/HuaweiWifiWatchdogStateMachine(  657): bqeLevel = 3 rtt=172,rtt_pkts=9 speed=4876 rssi=-39
06-24 15:26:17.202 D/HuaweiWifiWatchdogStateMachine(  657): Enter updateQoeLevel level = 3
06-24 15:26:17.202 D/WiFi_PRO_WifiProStateMachine(  657): onNetworkQosChange, currentWifiLevel == 3, wifiNoInternet = false, updateUiOnly = true
06-24 15:26:17.202 D/HuaweiWifiWatchdogStateMachine(  657): updateQoeLevel need two more periods, return
06-24 15:26:17.202 I/HuaweiWifiWatchdogStateMachine(  657):  pkt chk not bad, reset sc to 0.
06-24 15:26:17.202 D/HuaweiWifiWatchdogStateMachine(  657): ### mPktChkBadCnt=0
06-24 15:26:17.202 D/ActivityThread(27762): add activity client record, r= ActivityRecord{cbe2ddc token=android.os.BinderProxy@d13fa03 {com.excelliance.dualaid/com.excelliance.kxqp.ui.HelloActivity}} token= android.os.BinderProxy@d13fa03
06-24 15:26:17.203 D/ActivityThread(27792): ActivityThread,attachApplication
06-24 15:26:17.203 D/ActivityManager(  657): ActivityManagerService,attachApplication,callingPid = 27792
06-24 15:26:17.205 V/WindowManager(  657): No longer Stopped: AppWindowToken{b73b6 token=Token{6ba5f51 ActivityRecord{9079c78 u0 com.excelliance.dualaid/com.excelliance.kxqp.swipe.NavActivity2 t16007}}}
06-24 15:26:17.205 D/ActivityManager(  657): allPausedActivitiesComplete: r=ActivityRecord{2f70160 u0 com.excelliance.dualaid/com.excelliance.kxqp.ui.HelloActivity t16007 f} state=PAUSING
06-24 15:26:17.208 V/WindowManager(  657): No longer Stopped: AppWindowToken{b73b6 token=Token{6ba5f51 ActivityRecord{9079c78 u0 com.excelliance.dualaid/com.excelliance.kxqp.swipe.NavActivity2 t16007}}}
06-24 15:26:17.210 W//system/bin/hwservicemanager(  416): Cannot open /odm/manifest.xml
06-24 15:26:17.212 V/WindowManager(  657): Checking 1 opening apps (frozen=false timeout=false)...
06-24 15:26:17.212 V/WindowManager(  657): Check opening app=AppWindowToken{b73b6 token=Token{6ba5f51 ActivityRecord{9079c78 u0 com.excelliance.dualaid/com.excelliance.kxqp.swipe.NavActivity2 t16007}}}: allDrawn=false startingDisplayed=false startingMoved=false isRelaunching()=false
06-24 15:26:17.214 D/HwCust  (27762): Create obj success use class android.app.HwCustActivityImpl
06-24 15:26:17.215 D/HwCust  (27762): Create obj success use class android.app.HwCustHwWallpaperManagerImpl
06-24 15:26:17.216 V/ActivityThread(27762): ActivityThread,callActivityOnCreate
06-24 15:26:17.218 D/NavActivity2(27762): onCreate
06-24 15:26:17.220 W/X509TrustManager(27762): checkServerTrusted: SignatureException:null
06-24 15:26:17.221 W/X509TrustManager(27762): checkServerTrusted: SignatureException:error:04000073:RSA routines:OPENSSL_internal:DATA_TOO_LARGE_FOR_MODULUS
06-24 15:26:17.226 W//system/bin/hwservicemanager(  416): Cannot open /odm/manifest.xml
06-24 15:26:17.227 I/GRALLOC (  679): 	 shrFd=10,fmt=0x1,intFmt=0x1,btStrd=256,size=4096,pid=679 
06-24 15:26:17.227 I/GRALLOC (  679): 	 yuv=2,w=16,h=16,Stride u=0 v=0,offset u=0 v=0 
06-24 15:26:17.227 I/GRALLOC (  679): 	 iova_size=4096,conUsg=0x100,proUsg=0x100,	 strd=64,[afbc]HdrStrd=0 PyldStrd=0 Scrmbl=0,ionhnd = 1 
06-24 15:26:17.227 D/HwFLClassLoader(27792): get used feature list :/feature/used-list failed!
06-24 15:26:17.227 D/HwFLClassLoader(27792): USE_FEATURE_LIST had not init! 
06-24 15:26:17.227 W/Utils   (27762): Utils_isSuperResolutionSupport [load libai_client.so failed]
06-24 15:26:17.231 D/CubicBezierInterpolator(27762): CubicBezierInterpolator  mControlPoint1x = 0.23, mControlPoint1y = 0.06, mControlPoint2x = 0.09, mControlPoint2y = 0.97
06-24 15:26:17.232 D/CubicBezierInterpolator(27762): CubicBezierInterpolator  mControlPoint1x = 0.6, mControlPoint1y = 0.9, mControlPoint2x = 0.8, mControlPoint2y = 1.0
06-24 15:26:17.232 D/CubicBezierInterpolator(27762): CubicBezierInterpolator  mControlPoint1x = 0.23, mControlPoint1y = 0.06, mControlPoint2x = 0.09, mControlPoint2y = 0.97
06-24 15:26:17.232 D/CubicBezierInterpolator(27762): CubicBezierInterpolator  mControlPoint1x = 0.6, mControlPoint1y = 0.9, mControlPoint2x = 0.8, mControlPoint2y = 1.0
06-24 15:26:17.233 D/CubicBezierInterpolator(27762): CubicBezierInterpolator  mControlPoint1x = 0.23, mControlPoint1y = 0.06, mControlPoint2x = 0.09, mControlPoint2y = 0.97
06-24 15:26:17.233 D/CubicBezierInterpolator(27762): CubicBezierInterpolator  mControlPoint1x = 0.6, mControlPoint1y = 0.9, mControlPoint2x = 0.8, mControlPoint2y = 1.0
06-24 15:26:17.233 D/CubicBezierInterpolator(27762): CubicBezierInterpolator  mControlPoint1x = 0.23, mControlPoint1y = 0.06, mControlPoint2x = 0.09, mControlPoint2y = 0.97
06-24 15:26:17.233 D/CubicBezierInterpolator(27762): CubicBezierInterpolator  mControlPoint1x = 0.6, mControlPoint1y = 0.9, mControlPoint2x = 0.8, mControlPoint2y = 1.0
06-24 15:26:17.240 D/HwRTBlurUtils(27762): check blur style for HwPhoneWindow-, themeResId : 0x7f0e000a, context : com.excelliance.kxqp.swipe.NavActivity2@794246b, Nhwext : 0, get Blur : disable with , null
06-24 15:26:17.240 D/HwRTBlurUtils(27762): check blur style for HwPhoneWindow-, themeResId : 0x7f0e000a, context : com.excelliance.kxqp.swipe.NavActivity2@794246b, Nhwext : 0, get Blur : disable with , null
06-24 15:26:17.240 E/test    (27762): hw notch screen flag api error
06-24 15:26:17.243 D/ActivityThread(27762): add activity client record, r= ActivityRecord{414755e token=android.os.BinderProxy@31abee5 {com.excelliance.dualaid/com.excelliance.kxqp.swipe.NavActivity2}} token= android.os.BinderProxy@31abee5
06-24 15:26:17.243 D/PMS11421(  657): package:com.excelliance.dualaid, input flags:128, output hwFlags:0
06-24 15:26:17.245 E/ViewUtils(27762): setBgColor: view==null:top
06-24 15:26:17.247 D/PMS11421(  657): package:com.excelliance.dualaid, input flags:128, output hwFlags:0
06-24 15:26:17.249 D/PMS11421(  657): package:com.excelliance.dualaid, input flags:128, output hwFlags:0
06-24 15:26:17.252 D/OpenGLRenderer(27762):   HWUI Binary is  enabled
06-24 15:26:17.253 D/SurfaceFlinger(  710): SurfaceFlinger: getDisplayConfigs--3.000000, 1080, 1920
06-24 15:26:17.253 I/chatty  (  710): uid=1000(system) Binder:710_3 identical 1 line
06-24 15:26:17.253 D/SurfaceFlinger(  710): SurfaceFlinger: getDisplayConfigs--3.000000, 1080, 1920
06-24 15:26:17.254 D/OpenGLRenderer(27762): HWUI GL Pipeline
06-24 15:26:17.254 I/chatty  (  657): uid=1000(system) Binder:657_18 identical 2 lines
06-24 15:26:17.255 D/PMS11421(  657): package:com.excelliance.dualaid, input flags:128, output hwFlags:0
06-24 15:26:17.255 D/PMS11421(  657): package:com.excelliance.dualaid, input flags:128, output hwFlags:0
06-24 15:26:17.256 D/PMS11421(  657): package:com.excelliance.dualaid, input flags:128, output hwFlags:0
06-24 15:26:17.256 D/HttpUtils(27762): getResponseCode():200
06-24 15:26:17.257 D/WHEG    (27762): {"status":"0","controls":"","skip":"0"}
06-24 15:26:17.258 V/WindowManager(  657): Adding Window{a5b3345 u0 com.excelliance.dualaid/com.excelliance.kxqp.swipe.NavActivity2} to AppWindowToken{b73b6 token=Token{6ba5f51 ActivityRecord{9079c78 u0 com.excelliance.dualaid/com.excelliance.kxqp.swipe.NavActivity2 t16007}}}
06-24 15:26:17.259 V/WindowManager(  657): addWindow: New client android.os.BinderProxy@d6037bc: window=Window{a5b3345 u0 com.excelliance.dualaid/com.excelliance.kxqp.swipe.NavActivity2} Callers=com.android.server.wm.HwWindowManagerService.addWindow:562 com.android.server.wm.Session.addToDisplay:199 android.view.IWindowSession$Stub.onTransact:124 com.android.server.wm.Session.onTransact:161 android.os.Binder.execTransact:675 
06-24 15:26:17.273 V/WindowManager(  657): Checking 1 opening apps (frozen=false timeout=false)...
06-24 15:26:17.273 V/WindowManager(  657): Check opening app=AppWindowToken{b73b6 token=Token{6ba5f51 ActivityRecord{9079c78 u0 com.excelliance.dualaid/com.excelliance.kxqp.swipe.NavActivity2 t16007}}}: allDrawn=false startingDisplayed=false startingMoved=false isRelaunching()=false
06-24 15:26:17.273 D/HwGalleryCacheManagerImpl(27762): mIsEffect:false
06-24 15:26:17.288 W/dex2oat (27818): Using default instruction set features for ARM CPU variant (default) using conservative defaults
06-24 15:26:17.288 I/dex2oat (27818): /system/bin/dex2oat -j4 --dex-file=/data/data/com.excelliance.dualaid/.platformcache/main.jar --output-vdex-fd=48 --oat-fd=49 --oat-location=/data/data/com.excelliance.dualaid/.platformcache/oat/arm/main.odex --compiler-filter=quicken
06-24 15:26:17.288 I/cutils-trace(27818): atrace_init_once, trace_marker_path = /sys/kernel/debug/tracing/trace_marker
06-24 15:26:17.312 D/HwRecentsLockUtils( 1513): Search
06-24 15:26:17.312 E/HsmCoreServiceImpl( 1478): onTransact in code is: 103
06-24 15:26:17.312 I/MediaProcessHandler( 1478): playingUids: 
06-24 15:26:17.312 D/ActivityManager(  657): Skipping, home or recents stack task: TaskRecord{333215f #15658 A=com.huawei.android.launcher U=0 StackId=0 sz=1}
06-24 15:26:17.312 D/ActivityManager(  657): Skipping intent:act=android.intent.action.MAIN cat=[android.intent.category.LAUNCHER] flg=0x10a00000 cmp=io.appium.settings/.Settings
06-24 15:26:17.312 D/ActivityManager(  657): Skipping intent:flg=0x10804000 cmp=com.android.systemui/.recents.RecentsActivity bnds=[48,928][1032,2296]
06-24 15:26:17.312 D/ActivityManager(  657): Skipping intent:flg=0x18800000 cmp=com.tencent.mm/.plugin.base.stub.WXPayEntryActivity
06-24 15:26:17.312 D/ActivityManager(  657): Skipping intent:flg=0x10800000 cmp=com.huawei.systemmanager/com.huawei.permissionmanager.ui.MainActivity
06-24 15:26:17.312 D/ActivityManager(  657): Skipping intent:flg=0x18800000 cmp=com.tencent.mm/.plugin.base.stub.WXEntryActivity
06-24 15:26:17.312 D/ActivityManager(  657): Skipping intent:act=com.huawei.action.VOICE_ASSISTANT flg=0x10800000 pkg=com.huawei.vassistant cmp=com.huawei.vassistant/.ui.main.VAssistantActivity
06-24 15:26:17.312 D/ActivityManager(  657): Skipping intent:act=com.huawei.android.launcher.action.ACCESS_SPLIT_SCREEN_APP cat=[android.intent.category.DEFAULT] flg=0x10804000 cmp=com.huawei.android.launcher/.splitscreen.SplitScreenAppActivity
06-24 15:26:17.312 D/ActivityManager(  657): Skipping intent:flg=0x10800000 pkg=com.excelliance.dualaid.b64 cmp=com.excelliance.dualaid.b64/com.excelliance.kxqp.sdk.PermissionRequestActivity
06-24 15:26:17.312 D/ActivityManager(  657): Skipping intent:act=android.intent.action.VIEW dat=content://com.excelliance.dualaid.fileProvider/external_storage_root/Download/apk/Multiple_64.apk typ=application/vnd.android.package-archive flg=0x10800001 cmp=com.android.packageinstaller/.InstallStart
06-24 15:26:17.312 D/ActivityManager(  657): Skipping intent:flg=0x10800000 cmp=com.android.systemui/.usb.HwUsbDebuggingActivity
06-24 15:26:17.312 D/ActivityManager(  657): Skipping intent:act=android.deviceinfo.chooser.action.LAUNCH flg=0x10800000 hwFlg=0x100 pkg=com.android.settings cmp=com.android.settings/.deviceinfo.UsbConnModeChooserActivity
06-24 15:26:17.312 D/ActivityManager(  657): Skipping intent:flg=0x10800000 cmp=com.zol.android/.push.KeepLiveActivity
06-24 15:26:17.312 D/ActivityManager(  657): Skipping intent:act=android.intent.action.MAIN cat=[android.intent.category.HOME] flg=0x10800300 cmp=com.android.settings/.FallbackHome
06-24 15:26:17.346 D/MainActivity(27762): instantiateItem: 2	android.widget.RelativeLayout{d00e2b1 V.E...... ......I. 0,0-0,0}
06-24 15:26:17.347 D/MainActivity(27762): initPage3: 
06-24 15:26:17.350 V/WindowManager(  657): Checking 1 opening apps (frozen=false timeout=false)...
06-24 15:26:17.350 V/WindowManager(  657): Check opening app=AppWindowToken{b73b6 token=Token{6ba5f51 ActivityRecord{9079c78 u0 com.excelliance.dualaid/com.excelliance.kxqp.swipe.NavActivity2 t16007}}}: allDrawn=false startingDisplayed=false startingMoved=false isRelaunching()=false
06-24 15:26:17.353 V/HwPhoneWindowManager(  657): updateSystemUiColorLw window=Window{a5b3345 u0 com.excelliance.dualaid/com.excelliance.kxqp.swipe.NavActivity2},EmuiStyle=0,StatusBarColor=0xff000000,NavigationBarColor=0xff000000, mLastIsEmuiLightStyle=-1
06-24 15:26:17.353 D/HwPhoneWindowManager(  657): Transact:setSystemUIColor to status bar service
06-24 15:26:17.354 I/CommandQueue( 1513): updateBarBgColor
06-24 15:26:17.354 D/CommandQueue( 1513): CommandQueue, setBarBackgroundColor
06-24 15:26:17.354 V/WindowManager(  657): Checking 1 opening apps (frozen=false timeout=false)...
06-24 15:26:17.355 V/WindowManager(  657): Check opening app=AppWindowToken{b73b6 token=Token{6ba5f51 ActivityRecord{9079c78 u0 com.excelliance.dualaid/com.excelliance.kxqp.swipe.NavActivity2 t16007}}}: allDrawn=false startingDisplayed=false startingMoved=false isRelaunching()=false
06-24 15:26:17.358 I/GRALLOC (  679): 	 shrFd=10,fmt=0x1,intFmt=0x200000001,btStrd=4352,size=8486912,pid=679 
06-24 15:26:17.358 I/GRALLOC (  679): 	 yuv=2,w=1080,h=1920,Stride u=0 v=0,offset u=0 v=0 
06-24 15:26:17.358 I/GRALLOC (  679): 	 iova_size=8486912,conUsg=0x900,proUsg=0x900,	 strd=1088,[afbc]HdrStrd=1088 PyldStrd=69632 Scrmbl=2,ionhnd = 1 
06-24 15:26:17.359 D/MainActivity(27762): run: initPage3
06-24 15:26:17.359 D/TintManager( 1513): statusBarIconTint=#99FFFFFF,navigationBarIconTint=#FF000000
06-24 15:26:17.360 I/GRALLOC (  679): 	 shrFd=10,fmt=0x1,intFmt=0x200000001,btStrd=4352,size=8486912,pid=679 
06-24 15:26:17.360 I/GRALLOC (  679): 	 yuv=2,w=1080,h=1920,Stride u=0 v=0,offset u=0 v=0 
06-24 15:26:17.360 I/GRALLOC (  679): 	 iova_size=8486912,conUsg=0x900,proUsg=0x900,	 strd=1088,[afbc]HdrStrd=1088 PyldStrd=69632 Scrmbl=2,ionhnd = 1 
06-24 15:26:17.361 I/GRALLOC (  679): 	 shrFd=10,fmt=0x1,intFmt=0x200000001,btStrd=4352,size=8486912,pid=679 
06-24 15:26:17.361 I/GRALLOC (  679): 	 yuv=2,w=1080,h=1920,Stride u=0 v=0,offset u=0 v=0 
06-24 15:26:17.361 I/GRALLOC (  679): 	 iova_size=8486912,conUsg=0x900,proUsg=0x900,	 strd=1088,[afbc]HdrStrd=1088 PyldStrd=69632 Scrmbl=2,ionhnd = 1 
06-24 15:26:17.362 I/OpenGLRenderer(27762): Initialized EGL, version 1.4
06-24 15:26:17.362 D/OpenGLRenderer(27762): Swap behavior 2
06-24 15:26:17.366 D/mali_winsys(27762): EGLint new_window_surface(egl_winsys_display *, void *, EGLSurface, EGLConfig, egl_winsys_surface **, egl_color_buffer_format *, EGLBoolean) returns 0x3000
06-24 15:26:17.367 E/vndksupport(27762): Could not load vendor/lib/egl/libGLES_mali_v2.so from sphal namespace: dlopen failed: library "vendor/lib/egl/libGLES_mali_v2.so" not found.
06-24 15:26:17.374 D/BarTransitions.HwPhoneStatusBarView( 1513): MODE_TRANSPARENT -> MODE_TRANSLUCENT animate=false
06-24 15:26:17.375 D/BarTransitions.HwPhoneStatusBarView( 1513): applyModeBackground oldMode=MODE_TRANSPARENT newMode=MODE_TRANSLUCENT animate=false
06-24 15:26:17.378 D/StatusBarIconController( 1513): setIconVisibility icon is null or visibility not change visibility=false
06-24 15:26:17.384 I/GRALLOC (  679): 	 shrFd=10,fmt=0x1,intFmt=0x200000001,btStrd=4352,size=8486912,pid=679 
06-24 15:26:17.384 I/GRALLOC (  679): 	 yuv=2,w=1080,h=1920,Stride u=0 v=0,offset u=0 v=0 
06-24 15:26:17.384 I/GRALLOC (  679): 	 iova_size=8486912,conUsg=0xb00,proUsg=0xb00,	 strd=1088,[afbc]HdrStrd=1088 PyldStrd=69632 Scrmbl=2,ionhnd = 1 
06-24 15:26:17.391 D/WindowManager(  657): finishDrawingWindow: Window{a5b3345 u0 com.excelliance.dualaid/com.excelliance.kxqp.swipe.NavActivity2} mDrawState=DRAW_PENDING
06-24 15:26:17.391 V/MainActivity(27762): onWindowFocusChanged: true
06-24 15:26:17.392 W/InputMethodManager(27762): startInputReason = 1
06-24 15:26:17.392 V/WindowManager(  657): Checking 1 opening apps (frozen=false timeout=false)...
06-24 15:26:17.392 V/WindowManager(  657): Check opening app=AppWindowToken{b73b6 token=Token{6ba5f51 ActivityRecord{9079c78 u0 com.excelliance.dualaid/com.excelliance.kxqp.swipe.NavActivity2 t16007}}}: allDrawn=true startingDisplayed=false startingMoved=false isRelaunching()=false
06-24 15:26:17.394 D/ImageWallpaper( 1513): onVisibilityChanged: mVisible, visible=true, false
06-24 15:26:17.394 D/ImageWallpaper( 1513): Visibility changed to visible=false
06-24 15:26:17.395 D/BarTransitions.HwPhoneStatusBarView( 1513): MODE_TRANSLUCENT -> MODE_TRANSPARENT animate=false
06-24 15:26:17.395 D/BarTransitions.HwPhoneStatusBarView( 1513): applyModeBackground oldMode=MODE_TRANSLUCENT newMode=MODE_TRANSPARENT animate=false
06-24 15:26:17.396 I/ActivityManager(  657): Displayed com.excelliance.dualaid/com.excelliance.kxqp.swipe.NavActivity2: +188ms (total +318ms)
06-24 15:26:17.397 W/InputMethodManager(27762): startInputReason = 5
06-24 15:26:17.399 I/wangchen( 7035): SysInfo.getSysParam: orientation=1||config d=3.0,w=1080,h=1920||metrics d=3.0,w=1080,h=1920||sdk=26,bar_h=72
06-24 15:26:17.400 I/KeymapLoader( 7035): w=1080 h=1920 ori=true appScale=3.3 s1=3.0
06-24 15:26:17.406 E/BufferQueueProducer(  710): [com.huawei.android.launcher/com.huawei.android.launcher.unihome.UniHomeLauncher#0] disconnect: not connected (req=1)
06-24 15:26:17.406 W/libEGL  ( 2519): EGLNativeWindowType 0x74abe76010 disconnect failed
06-24 15:26:17.406 I/WindowManager(  657): notifyAccessibilityButtonVisibilityChanged visible:false
06-24 15:26:17.410 I/GRALLOC (  679): 	 shrFd=10,fmt=0x1,intFmt=0x200000001,btStrd=4352,size=8486912,pid=679 
06-24 15:26:17.410 I/GRALLOC (  679): 	 yuv=2,w=1080,h=1920,Stride u=0 v=0,offset u=0 v=0 
06-24 15:26:17.410 I/GRALLOC (  679): 	 iova_size=8486912,conUsg=0xb00,proUsg=0xb00,	 strd=1088,[afbc]HdrStrd=1088 PyldStrd=69632 Scrmbl=2,ionhnd = 1 
06-24 15:26:17.425 W/ActivityManager(  657): Sending non-protected broadcast huawei.action.floattasks.STATUS_BAR_STATE_CHANGED from system 1513:com.android.systemui/u0a39 pkg com.android.systemui
06-24 15:26:17.425 W/HwKeyguardDragHelper( 1513): AnimationBlocked
06-24 15:26:17.425 D/ActivityThread(27762): Remove activity client record, r= ActivityRecord{cbe2ddc token=android.os.BinderProxy@d13fa03 {com.excelliance.dualaid/com.excelliance.kxqp.ui.HelloActivity}} token= android.os.BinderProxy@d13fa03
06-24 15:26:17.426 D/BarTransitions.HwPhoneStatusBarView( 1513): MODE_TRANSPARENT -> MODE_TRANSLUCENT animate=false
06-24 15:26:17.426 D/BarTransitions.HwPhoneStatusBarView( 1513): applyModeBackground oldMode=MODE_TRANSPARENT newMode=MODE_TRANSLUCENT animate=false
06-24 15:26:17.426 D/BarTransitions.HwNavigationBarView( 1513): MODE_TRANSLUCENT -> MODE_OPAQUE animate=false
06-24 15:26:17.426 D/BarTransitions.HwNavigationBarView( 1513): applyModeBackground oldMode=MODE_TRANSLUCENT newMode=MODE_OPAQUE animate=false
06-24 15:26:17.427 V/WindowManager(  657): notifyAppStopped: AppWindowToken{d3a938b token=Token{377755a ActivityRecord{d5c9105 u0 com.huawei.android.launcher/.unihome.UniHomeLauncher t15658}}}
06-24 15:26:17.427 E/WindowManager(  657): win=Window{68d6975 u0 com.huawei.android.launcher/com.huawei.android.launcher.unihome.UniHomeLauncher} destroySurfaces: appStopped=true win.mWindowRemovalAllowed=false win.mRemoveOnExit=false
06-24 15:26:17.427 I/WindowManager(  657): Destroying surface Surface(name=com.huawei.android.launcher/com.huawei.android.launcher.unihome.UniHomeLauncher) called by com.android.server.wm.WindowStateAnimator.destroySurface:2060 com.android.server.wm.WindowStateAnimator.destroySurfaceLocked:873 com.android.server.wm.HwWindowStateAnimator.destroySurfaceLocked:1006 com.android.server.wm.WindowState.destroyOrSaveSurfaceUnchecked:2990 com.android.server.wm.WindowState.destroySurface:2951 com.android.server.wm.AppWindowToken.destroySurfaces:654 com.android.server.wm.AppWindowToken.destroySurfaces:638 com.android.server.wm.AppWindowToken.notifyAppStopped:682 
06-24 15:26:17.428 D/HwGameAssistantController(  657): pid=2519, uid=10056, foreground=false
06-24 15:26:17.428 V/WindowManager(  657): removeAppToken: AppWindowToken{bf66de token=Token{5d70619 ActivityRecord{2f70160 u0 com.excelliance.dualaid/com.excelliance.kxqp.ui.HelloActivity t16007}}} delayed=false Callers=com.android.server.wm.DisplayContent.removeAppToken:985 com.android.server.wm.AppWindowContainerController.removeContainer:348 com.android.server.am.ActivityRecord.removeWindowContainer:1039 com.android.server.am.ActivityStack.removeActivityFromHistoryLocked:4491 
06-24 15:26:17.428 W/AwareLog(  657): SchedLevelBoost: onFgActivitiesChanged config not set!
06-24 15:26:17.617 I/HwNormalizedSpline(  657): getEyeProtectionBrightnessLevel lux =239.0, mDefaultBrightnessFromLux =68.645
06-24 15:26:17.649 D/HwArpVerifier(  657): check_wifi_state_mode = 0 mCheckStateToken=6 token6
06-24 15:26:17.650 D/wifiserviceimpl(  657): netmask =16777215
06-24 15:26:17.678 D/HWMultiGW(  657): setGateWay 10.0.0.1
06-24 15:26:17.712 I/dex2oat (27818): dex2oat took 424.393ms (1.035s cpu) (threads: 4) arena alloc=114KB (117240B) java alloc=2MB (3143720B) native alloc=4MB (4685488B) free=2MB (2654544B)
06-24 15:26:17.727 D/PMS11421(  657): package:com.excelliance.dualaid, input flags:128, output hwFlags:0
06-24 15:26:17.762 W/dex2oat (27863): Using default instruction set features for ARM CPU variant (default) using conservative defaults
06-24 15:26:17.762 I/dex2oat (27863): /system/bin/dex2oat -j4 --dex-file=/data/data/com.excelliance.dualaid/.platformcache/kxqpplatform2.jar --output-vdex-fd=49 --oat-fd=50 --oat-location=/data/data/com.excelliance.dualaid/.platformcache/oat/arm/kxqpplatform2.odex --compiler-filter=quicken
06-24 15:26:17.762 I/cutils-trace(27863): atrace_init_once, trace_marker_path = /sys/kernel/debug/tracing/trace_marker
06-24 15:26:17.914 I/GRALLOC (  679): 	 shrFd=10,fmt=0x1,intFmt=0x200000001,btStrd=4352,size=8486912,pid=679 
06-24 15:26:17.914 I/GRALLOC (  679): 	 yuv=2,w=1080,h=1920,Stride u=0 v=0,offset u=0 v=0 
06-24 15:26:17.914 I/GRALLOC (  679): 	 iova_size=8486912,conUsg=0xb00,proUsg=0xb00,	 strd=1088,[afbc]HdrStrd=1088 PyldStrd=69632 Scrmbl=2,ionhnd = 1 
06-24 15:26:17.922 D/NetWorkUtils( 1513): mVSimCurCardType is -1
06-24 15:26:17.923 D/NetWorkUtils( 1513): mVSimCurCardType is -1
06-24 15:26:18.002 I/dex2oat (27863): dex2oat took 240.140ms (438.742ms cpu) (threads: 4) arena alloc=62KB (63808B) java alloc=2MB (2283472B) native alloc=2MB (2308296B) free=2MB (2934584B)
06-24 15:26:18.013 D/PMS11421(  657): package:com.excelliance.dualaid, input flags:0, output hwFlags:0
06-24 15:26:18.023 E/MemoryLeakMonitorManager(27792): MemoryLeakMonitor.jar is not exist!
06-24 15:26:18.024 D/CrashHandler(27792): CrashHandler
06-24 15:26:18.026 D/KXQPApplication(27792): run: initUserManager
06-24 15:26:18.028 E/Minikin (27792): Could not get cmap table size!
06-24 15:26:18.029 D/PMS11421(  657): package:com.excelliance.dualaid, input flags:128, output hwFlags:0
06-24 15:26:18.042 D/PMS1000 (  657): package:com.excelliance.dualaid, input flags:0, output hwFlags:0
06-24 15:26:18.042 D/PMS1000 (  657): package:com.excelliance.dualaid, input flags:8192, output hwFlags:0
06-24 15:26:18.044 D/AirPushService(27792): 
06-24 15:26:18.044 D/SmtServService(27792): MSG_LOAD_PLT GameUtil.isPtLoaded() = false
06-24 15:26:18.046 D/PMS1000 (  657): package:com.excelliance.dualaid, input flags:8192, output hwFlags:0
06-24 15:26:18.046 I/HwCust  (27792): Constructor found for class android.net.HwCustConnectivityManagerImpl
06-24 15:26:18.046 D/HwCust  (27792): Create obj success use class android.net.HwCustConnectivityManagerImpl
06-24 15:26:18.047 D/NetworkStateReceiver(27792): netWorkConnected = true
06-24 15:26:18.047 D/AirPushUtils(27792): startPushInfo
06-24 15:26:18.049 D/PMS1001 (  657): package:com.excelliance.dualaid, input flags:0, output hwFlags:0
06-24 15:26:18.049 D/AirPushService(27792): Alarm
06-24 15:26:18.049 D/AirPushService(27792): resetPushAlarm
06-24 15:26:18.050 D/SmtServService(27792): pull info
06-24 15:26:18.051 D/SmtServService(27792): diffTime = 1529825178050
06-24 15:26:18.051 D/SmtServService(27792): pushInfoFromServer
06-24 15:26:18.051 D/PMS11421(  657): package:com.excelliance.dualaid, input flags:0, output hwFlags:0
06-24 15:26:18.053 D/AirPushPreferences(27792): setLastPushTime
06-24 15:26:18.063 D/launch-time-RU(27792): preload 24 classes cost 17ms
06-24 15:26:18.067 D/StatisticsManager(27792): Query time diff:1529825178067
06-24 15:26:18.070 D/PMS11421(  657): package:com.excelliance.dualaid, input flags:128, output hwFlags:0
06-24 15:26:18.086 D/StatisticsManager(27792): Query time diff:1529825178086
06-24 15:26:18.087 D/PMS11421(  657): package:com.excelliance.dualaid, input flags:128, output hwFlags:0
06-24 15:26:18.115 D/StatisticsManager(27792): Query time diff:1529825178115
06-24 15:26:18.118 I/chatty  (  657): uid=1000(system) Binder:657_18 identical 7 lines
06-24 15:26:18.118 D/PMS11421(  657): package:com.excelliance.dualaid, input flags:128, output hwFlags:0
06-24 15:26:18.121 D/PMS11421(  657): package:com.excelliance.dualaid, input flags:128, output hwFlags:0
06-24 15:26:18.121 I/chatty  (  657): uid=1000(system) Binder:657_19 identical 1 line
06-24 15:26:18.121 D/PMS11421(  657): package:com.excelliance.dualaid, input flags:128, output hwFlags:0
06-24 15:26:18.123 D/PMS11421(  657): package:com.excelliance.dualaid, input flags:128, output hwFlags:0
06-24 15:26:18.177 D/AirPushDBHelper(27792): onCreate: pushitemnew
06-24 15:26:18.180 D/AirPushDBHelper(27792): selection = type=? and index_=(select max(index_) from pushitemnew where type=?) , key = vip
06-24 15:26:18.181 D/AirPushDBHelper(27792): selection = type=? and index_=(select max(index_) from pushitemnew where type=?) , key = update
06-24 15:26:18.182 D/AirPushDBHelper(27792): selection = type=? and index_=(select max(index_) from pushitemnew where type=?) , key = officalActivity
06-24 15:26:18.182 D/AirPushDBHelper(27792): selection = type=? and index_=(select max(index_) from pushitemnew where type=?) , key = news
06-24 15:26:18.184 D/AirPushDBHelper(27792): selection = type=? and index_=(select max(index_) from pushitemnew where type=?) , key = target
06-24 15:26:18.186 D/AirPushDBHelper(27792): selection = type=? and index_=(select max(index_) from pushitemnew where type=?) , key = batch
06-24 15:26:18.186 D/AirPushDBHelper(27792): selection = type=? and index_=(select max(index_) from pushitemnew where type=?) , key = skipTarget
06-24 15:26:18.186 D/AirPushDBHelper(27792): selection = type=? and index_=(select max(index_) from pushitemnew where type=?) , key = thirdApp
06-24 15:26:18.186 D/PushItem(27792): indexJson = {}
06-24 15:26:18.186 D/AirPushService(27792): dataJson = {}
06-24 15:26:18.187 V/AirPushService(27792): ver :e30%3D%0A
06-24 15:26:18.187 D/VersionManager(27792): httpsRequest getURL = https://mto.multiopen.cn/pushmess.php?ver=466&mainver=231200&data=e30%3D%0A&wxCode=1321&subchid=1&sdkV=8.0.0&pkg=com.excelliance.dualaid&chid=10019&issl=1&compver=54302&wxVerName=6.6.7&vn=4.0.6&model=stf-al10&api=26&brand=honor&aid=f0c2426fc7560cf5
06-24 15:26:18.187 D/NetworkSecurityConfig(27792): No Network Security Config specified, using platform default
06-24 15:26:18.206 D/PMS1000 (  657): package:com.excelliance.dualaid, input flags:1024, output hwFlags:0
06-24 15:26:18.206 I/ActivityManager(  657): Need to start process com.excelliance.dualaid:lbcore for provider ContentProviderInfo{name=com.excelliance.dualaid:com.excelliance.kxqp.platform.PluginManagerProvider className=com.excelliance.kxqp.platform.PluginManagerProvider}, callerApp: ProcessRecord{6e5e8b7 27792:com.excelliance.dualaid/u0a1421}
06-24 15:26:18.206 V/ActivityManager(  657): startProcess: name=com.excelliance.dualaid:lbcore app=null knownToBeDead=false thread=null pid=-1
06-24 15:26:18.206 D/PMS1000 (  657): package:com.excelliance.dualaid, input flags:0, output hwFlags:0
06-24 15:26:18.209 E/memtrack(26506): Couldn't load memtrack module
06-24 15:26:18.209 W/android.os.Debug(26506): failed to get memory consumption info: -1
06-24 15:26:18.214 D/GameUtil(27792): getSDKDataParam totalmem:5.60GB
06-24 15:26:18.214 I/        (27919): power log dlsym ok
06-24 15:26:18.215 D/VersionManager(27792): httpsRequest getURL = https://folder.appota.cn/genuser.php?chid=10019&subchid=1&vc=466&type=4&data=tbCbI6ooWmOSi%2BhP8At3K55rUDjOXjUCTTE1Q7OqeVGzpiL1Dx8z2UKsv%2F2w066OKzL65VOc%2FHNVNculXvpkfbOlpWKAPUf5ryVSFynVNa8UucDwm5e36rJ6e2Kpu%2B5ykc4DARTfkZV4Ad5N96d4%2BjApQCWZuWchybogtHpbAp5JGb2oE4RYpIUqF8au1pxTSmwBdD5PozvBfX2%2Bj4RIW8u13M8ksM63bQoy2eR4WdDx%2BqZexoey63Hms3xqJyQkd3PFvljbOMDFV5%2BIsI0F%2B0cTu0Poz37kp440m4BdEnDxUpl%2F2SWQiyGENywr4rII2GFixGV6F3FTP2B6Iz%2Bp9XPgTT1Q8jOobYd0%2B7qf7bpZ2AyYZuCae%2FN%2FDrbd9ARIKpXrBwZ7SdplMO1nzphjQUqGRQMAlrO9Oa0Du6EV17%2FgN7YtgBzuJRHbP0GgVSdnIEYbOUnjg9adLEk2nhpRcwGYdX7bJ5%2FC%2FGVy8QMvFO%2FVJ5uAYH82VV6bvSarVkuFeotJT4yadRHbDkYGgVZfCDPVS%2FOPcQttSZtkoN3AjIdEC3B%2BjPtytpdTQYFvI9Ol&issl=1
06-24 15:26:18.216 I/zygote  (27919): Reinit property: dalvik.vm.checkjni= false
06-24 15:26:18.218 I/ActivityManager(  657): Start proc 27919:com.excelliance.dualaid:lbcore/u0a1421 for content provider com.excelliance.dualaid/com.excelliance.kxqp.platform.PluginManagerProvider
06-24 15:26:18.218 V/ActivityManager_MU(  657): Waiting to start provider ContentProviderRecord{ecab6d8 u0 com.excelliance.dualaid/com.excelliance.kxqp.platform.PluginManagerProvider} launchingApp=ProcessRecord{a6211bb 27919:com.excelliance.dualaid:lbcore/u0a1421} caller pid= 27792
06-24 15:26:18.222 D/ActivityThread(27919): ActivityThread,attachApplication
06-24 15:26:18.223 D/ActivityManager(  657): ActivityManagerService,attachApplication,callingPid = 27919
06-24 15:26:18.228 W/X509TrustManager(27792): checkServerTrusted: SignatureException:null
06-24 15:26:18.228 W//system/bin/hwservicemanager(  416): Cannot open /odm/manifest.xml
06-24 15:26:18.228 W/X509TrustManager(27792): checkServerTrusted: SignatureException:error:04000073:RSA routines:OPENSSL_internal:DATA_TOO_LARGE_FOR_MODULUS
06-24 15:26:18.238 W//system/bin/hwservicemanager(  416): Cannot open /odm/manifest.xml
06-24 15:26:18.239 I/zygote  (27762): Do partial code cache collection, code=27KB, data=27KB
06-24 15:26:18.239 I/zygote  (27762): After code cache collection, code=27KB, data=27KB
06-24 15:26:18.239 I/zygote  (27762): Increasing code cache capacity to 128KB
06-24 15:26:18.239 I/GRALLOC (  679): 	 shrFd=10,fmt=0x1,intFmt=0x1,btStrd=256,size=4096,pid=679 
06-24 15:26:18.239 I/GRALLOC (  679): 	 yuv=2,w=16,h=16,Stride u=0 v=0,offset u=0 v=0 
06-24 15:26:18.239 I/GRALLOC (  679): 	 iova_size=4096,conUsg=0x100,proUsg=0x100,	 strd=64,[afbc]HdrStrd=0 PyldStrd=0 Scrmbl=0,ionhnd = 1 
06-24 15:26:18.241 D/HwFLClassLoader(27919): get used feature list :/feature/used-list failed!
06-24 15:26:18.241 D/HwFLClassLoader(27919): USE_FEATURE_LIST had not init! 
06-24 15:26:18.247 W/X509TrustManager(27792): checkServerTrusted: SignatureException:null
06-24 15:26:18.247 W/X509TrustManager(27792): checkServerTrusted: SignatureException:error:04000073:RSA routines:OPENSSL_internal:DATA_TOO_LARGE_FOR_MODULUS
06-24 15:26:18.255 D/PMS11421(  657): package:com.excelliance.dualaid, input flags:128, output hwFlags:0
06-24 15:26:18.278 D/AirPushService(27792): result = {"period":"r","vip":{"index_":"","data":""},"update":{"index_":"","data":""},"officalActivity":{"index_":"","data":""},"news":{"index_":"","data":""},"target":{"index_":"","data":""},"batch":{"index_":"","data":""},"skipTarget":{"index_":"","data":""},"thirdApp":{"index_":"","data":""}}
06-24 15:26:18.278 D/AirPushService(27792): handleCheckerSaveToDB
06-24 15:26:18.278 D/AirPushUtils(27792): startDbOver
06-24 15:26:18.281 D/SmtServService(27792): db write over
06-24 15:26:18.282 D/SmtServService(27792): gameCenterFirstStart = true
06-24 15:26:18.292 E/memtrack(26506): Couldn't load memtrack module
06-24 15:26:18.292 W/android.os.Debug(26506): failed to get memory consumption info: -1
06-24 15:26:18.298 D/launch-time-RU(27919): preload 24 classes cost 21ms
06-24 15:26:18.319 D/VersionManager(27792): uid=353
06-24 15:26:18.336 D/ActivityThread(27919): Loading provider com.excelliance.dualaid:com.excelliance.kxqp.platform.PluginManagerProvider: com.excelliance.kxqp.platform.PluginManagerProvider
06-24 15:26:18.336 D/PMS11421(  657): package:com.excelliance.dualaid, input flags:0, output hwFlags:0
06-24 15:26:18.344 D/PMS1000 (  657): package:com.excelliance.dualaid, input flags:8192, output hwFlags:0
06-24 15:26:18.345 D/PMS1001 (  657): package:com.excelliance.dualaid, input flags:0, output hwFlags:0
06-24 15:26:18.350 D/PMS11421(  657): package:com.excelliance.dualaid, input flags:0, output hwFlags:0
06-24 15:26:18.352 D/PMS11421(  657): package:com.excelliance.dualaid:lbcore, input flags:0, output is null
06-24 15:26:18.354 I/Bluetooth_framework(  657): BluetoothManagerService:Added callback: android.bluetooth.IBluetoothManagerCallback$Stub$Proxy@2160e97:true pid = 27919
06-24 15:26:18.357 D/PMS11421(  657): package:com.excelliance.dualaid, input flags:128, output hwFlags:0
06-24 15:26:18.375 I/LBVMD-LBPMS(27919): LBVMRT: version 54302:543.02
06-24 15:26:18.376 E/zygote  (27919): Invalid capacity given to EnsureLocalCapacity: 800
06-24 15:26:18.382 I/HwCust  (27919): Constructor found for class android.net.HwCustConnectivityManagerImpl
06-24 15:26:18.382 D/HwCust  (27919): Create obj success use class android.net.HwCustConnectivityManagerImpl
06-24 15:26:18.388 D/PMS11421(  657): package:com.excelliance.dualaid, input flags:0, output hwFlags:0
06-24 15:26:18.399 I/chatty  (  657): uid=1000(system) Binder:657_4 identical 1 line
06-24 15:26:18.400 D/PMS11421(  657): package:com.excelliance.dualaid, input flags:0, output hwFlags:0
06-24 15:26:18.401 V/ActivityManager(  657): Successfully start provider ContentProviderRecord{ecab6d8 u0 com.excelliance.dualaid/com.excelliance.kxqp.platform.PluginManagerProvider} launchingApp=ProcessRecord{a6211bb 27919:com.excelliance.dualaid:lbcore/u0a1421} caller pid= 27792
06-24 15:26:18.401 E/MemoryLeakMonitorManager(27919): MemoryLeakMonitor.jar is not exist!
06-24 15:26:18.402 E/MemoryLeakMonitorManager(27919): MemoryLeakMonitor.jar is not exist!
06-24 15:26:18.404 E/MemoryLeakMonitorManager(27792): MemoryLeakMonitor.jar is not exist!
06-24 15:26:18.405 D/SmtServService(27792): MSG_LOAD_PLT after msg.obj
06-24 15:26:18.405 D/KXQPApplication(27919): run: initUserManager
06-24 15:26:18.407 V/HwWidgetFactory(27919): : successes to get AllImpl object and return....
06-24 15:26:18.408 E/Minikin (27919): Could not get cmap table size!
06-24 15:26:18.409 D/PMS11421(  657): package:com.excelliance.dualaid, input flags:128, output hwFlags:0
06-24 15:26:18.411 V/ActivityManager(  657): Attempted to start a foreground service (ComponentInfo{com.excelliance.dualaid/com.excelliance.kxqp.platform.TrampolineService}) with a broken notification (no icon: Notification(channel=null pri=0 contentView=null vibrate=null sound=null defaults=0x0 flags=0x40 color=0x00000000 vis=PRIVATE))
06-24 15:26:18.413 E/zygote  (27919): Invalid capacity given to EnsureLocalCapacity: 592
06-24 15:26:18.420 W/PackageParser(27919): No actions in intent filter at /data/app/com.huawei.hwid-Sc7ADDdoDYIYREll7tj_iw==/base.apk Binary XML file line #1412
06-24 15:26:18.422 W/PackageParser(27919): No actions in intent filter at /data/app/com.huawei.hwid-Sc7ADDdoDYIYREll7tj_iw==/base.apk Binary XML file line #1680
06-24 15:26:18.422 W/PackageParser(27919): No actions in intent filter at /data/app/com.huawei.hwid-Sc7ADDdoDYIYREll7tj_iw==/base.apk Binary XML file line #1694
06-24 15:26:18.434 D/HwNotificationManagerService(  657): recognize: tag=null, id=268435456, user=UserHandle{0}, pkg=com.excelliance.dualaid, uid=11421, callingPid=27919
06-24 15:26:18.435 D/PMS1000 (  657): package:com.excelliance.dualaid, input flags:0, output hwFlags:0
06-24 15:26:18.436 I/[HwRecSys]HwRecSysAidlService( 2647): doNotificationCollect -> current num:1
06-24 15:26:18.436 I/[HwRecSys]-Notification-NotificationUpdateController( 2647): startNotificationUpdate start!
06-24 15:26:18.436 W/SettingsEx( 2647): SettingsEx.Systemex.getInt deprecated use Settings.System.getInt instead ;callers=com.huawei.recsys.util.SystemUtil.getNotificationUpdateMode:169 com.huawei.recsys.util.SystemUtil.isAllowUpdate:104 com.huawei.recsys.controller.notification.http.NotificationUpdateController.startNotificationUpdate:85 
06-24 15:26:18.437 I/[HwRecSys]SystemUtil( 2647): isAllowUpdate mode:1
06-24 15:26:18.438 I/[HwRecSys]SystemUtil( 2647): isAllowUpdate isAllowUpdate:true
06-24 15:26:18.438 I/[HwRecSys]-Notification-NotificationUpdateController( 2647):  -> currentYear:2018
06-24 15:26:18.438 I/[HwRecSys]-Notification-NotificationUpdateController( 2647):  -> currentMonth:5
06-24 15:26:18.438 I/[HwRecSys]-Notification-NotificationUpdateController( 2647):  -> currentDay:24
06-24 15:26:18.438 I/[HwRecSys]-Notification-NotificationUpdateController( 2647):  -> oldYear:2018
06-24 15:26:18.438 I/[HwRecSys]-Notification-NotificationUpdateController( 2647):  -> oldMonth:5
06-24 15:26:18.438 I/[HwRecSys]-Notification-NotificationUpdateController( 2647):  -> oldDay:24
06-24 15:26:18.438 E/[HwRecSys]-Notification-NotificationUpdateController( 2647): startNotificationUpdate time is valid no need request
06-24 15:26:18.438 I/[HwRecSys]-Notification-NotificationController( 2647): doNotificationCollect start!
06-24 15:26:18.439 E/[HwRecSys]-Notification-NotificationController( 2647): HwDefaultLabels returnStr:107
06-24 15:26:18.439 E/[HwRecSys]-Notification-NotificationController( 2647): getChinese paramValue is null!
06-24 15:26:18.442 I/NetworkSpeedManagerEx( 1513): mIsStop = false
06-24 15:26:18.442 I/NetworkSpeedManagerEx( 1513):  runInThread getTetherStats
06-24 15:26:18.442 E/[HwRecSys]-Notification-NotificationController( 2647): doNotificationCollect getLabelByRegRules label:107
06-24 15:26:18.442 I/[HwRecSys]HwRecSysAidlService( 2647): doNotificationCollect ->  finally remote Num - 1 !
