06-24 15:34:53.056 D/HwRecentsLockUtils( 1513): Search
06-24 15:34:53.056 E/HsmCoreServiceImpl( 1478): onTransact in code is: 103
06-24 15:34:53.056 I/MediaProcessHandler( 1478): playingUids: 
06-24 15:34:53.057 D/ActivityManager(  657): Skipping, home or recents stack task: TaskRecord{333215f #15658 A=com.huawei.android.launcher U=0 StackId=0 sz=1}
06-24 15:34:53.057 D/ActivityManager(  657): Skipping intent:act=android.intent.action.MAIN cat=[android.intent.category.LAUNCHER] flg=0x10a00000 cmp=io.appium.settings/.Settings
06-24 15:34:53.057 D/ActivityManager(  657): Skipping intent:flg=0x10804000 cmp=com.android.systemui/.recents.RecentsActivity bnds=[48,928][1032,2296]
06-24 15:34:53.057 D/ActivityManager(  657): Skipping intent:flg=0x18800000 cmp=com.tencent.mm/.plugin.base.stub.WXPayEntryActivity
06-24 15:34:53.057 D/ActivityManager(  657): Skipping intent:flg=0x10800000 cmp=com.huawei.systemmanager/com.huawei.permissionmanager.ui.MainActivity
06-24 15:34:53.057 D/ActivityManager(  657): Skipping intent:flg=0x18800000 cmp=com.tencent.mm/.plugin.base.stub.WXEntryActivity
06-24 15:34:53.057 D/ActivityManager(  657): Skipping intent:act=com.huawei.action.VOICE_ASSISTANT flg=0x10800000 pkg=com.huawei.vassistant cmp=com.huawei.vassistant/.ui.main.VAssistantActivity
06-24 15:34:53.057 D/ActivityManager(  657): Skipping intent:act=com.huawei.android.launcher.action.ACCESS_SPLIT_SCREEN_APP cat=[android.intent.category.DEFAULT] flg=0x10804000 cmp=com.huawei.android.launcher/.splitscreen.SplitScreenAppActivity
06-24 15:34:53.057 D/ActivityManager(  657): Skipping intent:flg=0x10800000 pkg=com.excelliance.dualaid.b64 cmp=com.excelliance.dualaid.b64/com.excelliance.kxqp.sdk.PermissionRequestActivity
06-24 15:34:53.057 D/ActivityManager(  657): Skipping intent:act=android.intent.action.VIEW dat=content://com.excelliance.dualaid.fileProvider/external_storage_root/Download/apk/Multiple_64.apk typ=application/vnd.android.package-archive flg=0x10800001 cmp=com.android.packageinstaller/.InstallStart
06-24 15:34:53.057 D/ActivityManager(  657): Skipping intent:flg=0x10800000 cmp=com.android.systemui/.usb.HwUsbDebuggingActivity
06-24 15:34:53.057 D/ActivityManager(  657): Skipping intent:act=android.deviceinfo.chooser.action.LAUNCH flg=0x10800000 hwFlg=0x100 pkg=com.android.settings cmp=com.android.settings/.deviceinfo.UsbConnModeChooserActivity
06-24 15:34:53.057 D/ActivityManager(  657): Skipping intent:flg=0x10800000 cmp=com.zol.android/.push.KeepLiveActivity
06-24 15:34:53.057 D/ActivityManager(  657): Skipping intent:act=android.intent.action.MAIN cat=[android.intent.category.HOME] flg=0x10800300 cmp=com.android.settings/.FallbackHome
06-24 15:34:53.059 D/HttpUtils(14937): getDownloadMode()
06-24 15:34:53.059 D/NetUtils(14937): init inited = true
06-24 15:34:53.059 D/HelloActivity(14937): enter Nav2
06-24 15:34:53.061 I/ActivityManager(  657): START u0 {pkg=com.excelliance.dualaid cmp=com.excelliance.dualaid/com.excelliance.kxqp.swipe.NavActivity2 (has extras)} from uid 11422
06-24 15:34:53.061 D/NetworkSecurityConfig(14937): No Network Security Config specified, using platform default
06-24 15:34:53.061 I/ActivityManager(  657): ActivityRecord info: ActivityInfo{ec63ea com.excelliance.kxqp.swipe.NavActivity2}
06-24 15:34:53.062 V/WindowManager(  657): findFocusedWindow: AppWindowToken{d3a938b token=Token{377755a ActivityRecord{d5c9105 u0 com.huawei.android.launcher/.unihome.UniHomeLauncher t15658}}} below Reached focused app=AppWindowToken{4cb1695 token=Token{5ff564c ActivityRecord{358767f u0 com.excelliance.dualaid/com.excelliance.kxqp.ui.HelloActivity t16020}}}
06-24 15:34:53.062 V/WindowManager(  657): addAppToken: AppWindowToken{d98834d token=Token{2d022e4 ActivityRecord{760b677 u0 com.excelliance.dualaid/com.excelliance.kxqp.swipe.NavActivity2 t16020}}} controller={TaskWindowContainerController taskId=16020} at 2147483647
06-24 15:34:53.068 V/ActivityManager(  657): startProcess: name=com.excelliance.dualaid app=null knownToBeDead=true thread=null pid=-1
06-24 15:34:53.068 D/PMS1000 (  657): package:com.excelliance.dualaid, input flags:0, output hwFlags:0
06-24 15:34:53.074 I/ActivityManager(  657): Start proc 14968:com.excelliance.dualaid/u0a1422 for service com.excelliance.dualaid/com.excelliance.kxqp.SmtServService
06-24 15:34:53.075 I/        (14968): power log dlsym ok
06-24 15:34:53.076 I/zygote  (14968): Reinit property: dalvik.vm.checkjni= false
06-24 15:34:53.081 D/HwNetworkManagementService(  657): code == CODE_GET_AD_KEY_LIST
06-24 15:34:53.081 D/HwNetworkManagementService(  657): appName = com.excelliance.dualaid  is not in the mAdViewMap! reply none
06-24 15:34:53.081 D/HwNetworkManagementService(  657): appName = com.excelliance.dualaid  is not in the mAdIdMap! reply none
06-24 15:34:53.083 D/ActivityThread(14937): add activity client record, r= ActivityRecord{cbe2ddc token=android.os.BinderProxy@d13fa03 {com.excelliance.dualaid/com.excelliance.kxqp.ui.HelloActivity}} token= android.os.BinderProxy@d13fa03
06-24 15:34:53.084 D/ActivityThread(14968): ActivityThread,attachApplication
06-24 15:34:53.086 V/WindowManager(  657): No longer Stopped: AppWindowToken{d98834d token=Token{2d022e4 ActivityRecord{760b677 u0 com.excelliance.dualaid/com.excelliance.kxqp.swipe.NavActivity2 t16020}}}
06-24 15:34:53.086 V/WindowManager(  657): No longer Stopped: AppWindowToken{d98834d token=Token{2d022e4 ActivityRecord{760b677 u0 com.excelliance.dualaid/com.excelliance.kxqp.swipe.NavActivity2 t16020}}}
06-24 15:34:53.091 V/WindowManager(  657): Checking 1 opening apps (frozen=false timeout=false)...
06-24 15:34:53.091 V/WindowManager(  657): Check opening app=AppWindowToken{d98834d token=Token{2d022e4 ActivityRecord{760b677 u0 com.excelliance.dualaid/com.excelliance.kxqp.swipe.NavActivity2 t16020}}}: allDrawn=false startingDisplayed=false startingMoved=false isRelaunching()=false
06-24 15:34:53.092 D/ActivityManager(  657): ActivityManagerService,attachApplication,callingPid = 14968
06-24 15:34:53.099 D/HwCust  (14937): Create obj success use class android.app.HwCustActivityImpl
06-24 15:34:53.099 W//system/bin/hwservicemanager(  416): Cannot open /odm/manifest.xml
06-24 15:34:53.100 D/HwCust  (14937): Create obj success use class android.app.HwCustHwWallpaperManagerImpl
06-24 15:34:53.101 V/ActivityThread(14937): ActivityThread,callActivityOnCreate
06-24 15:34:53.106 D/NavActivity2(14937): onCreate
06-24 15:34:53.108 W/X509TrustManager(14937): checkServerTrusted: SignatureException:null
06-24 15:34:53.108 W/X509TrustManager(14937): checkServerTrusted: SignatureException:error:04000073:RSA routines:OPENSSL_internal:DATA_TOO_LARGE_FOR_MODULUS
06-24 15:34:53.111 W/Utils   (14937): Utils_isSuperResolutionSupport [load libai_client.so failed]
06-24 15:34:53.113 D/CubicBezierInterpolator(14937): CubicBezierInterpolator  mControlPoint1x = 0.23, mControlPoint1y = 0.06, mControlPoint2x = 0.09, mControlPoint2y = 0.97
06-24 15:34:53.113 D/CubicBezierInterpolator(14937): CubicBezierInterpolator  mControlPoint1x = 0.6, mControlPoint1y = 0.9, mControlPoint2x = 0.8, mControlPoint2y = 1.0
06-24 15:34:53.113 D/CubicBezierInterpolator(14937): CubicBezierInterpolator  mControlPoint1x = 0.23, mControlPoint1y = 0.06, mControlPoint2x = 0.09, mControlPoint2y = 0.97
06-24 15:34:53.113 D/CubicBezierInterpolator(14937): CubicBezierInterpolator  mControlPoint1x = 0.6, mControlPoint1y = 0.9, mControlPoint2x = 0.8, mControlPoint2y = 1.0
06-24 15:34:53.114 D/CubicBezierInterpolator(14937): CubicBezierInterpolator  mControlPoint1x = 0.23, mControlPoint1y = 0.06, mControlPoint2x = 0.09, mControlPoint2y = 0.97
06-24 15:34:53.114 D/CubicBezierInterpolator(14937): CubicBezierInterpolator  mControlPoint1x = 0.6, mControlPoint1y = 0.9, mControlPoint2x = 0.8, mControlPoint2y = 1.0
06-24 15:34:53.114 D/CubicBezierInterpolator(14937): CubicBezierInterpolator  mControlPoint1x = 0.23, mControlPoint1y = 0.06, mControlPoint2x = 0.09, mControlPoint2y = 0.97
06-24 15:34:53.114 D/CubicBezierInterpolator(14937): CubicBezierInterpolator  mControlPoint1x = 0.6, mControlPoint1y = 0.9, mControlPoint2x = 0.8, mControlPoint2y = 1.0
06-24 15:34:53.114 D/PMS11422(  657): package:com.excelliance.dualaid, input flags:128, output hwFlags:0
06-24 15:34:53.115 W//system/bin/hwservicemanager(  416): Cannot open /odm/manifest.xml
06-24 15:34:53.117 I/GRALLOC (  679): 	 shrFd=10,fmt=0x1,intFmt=0x1,btStrd=256,size=4096,pid=679 
06-24 15:34:53.117 I/GRALLOC (  679): 	 yuv=2,w=16,h=16,Stride u=0 v=0,offset u=0 v=0 
06-24 15:34:53.117 I/GRALLOC (  679): 	 iova_size=4096,conUsg=0x100,proUsg=0x100,	 strd=64,[afbc]HdrStrd=0 PyldStrd=0 Scrmbl=0,ionhnd = 1 
06-24 15:34:53.119 D/HwFLClassLoader(14968): get used feature list :/feature/used-list failed!
06-24 15:34:53.119 D/HwFLClassLoader(14968): USE_FEATURE_LIST had not init! 
06-24 15:34:53.120 D/HwRTBlurUtils(14937): check blur style for HwPhoneWindow-, themeResId : 0x7f0e000a, context : com.excelliance.kxqp.swipe.NavActivity2@794246b, Nhwext : 0, get Blur : disable with , null
06-24 15:34:53.120 D/HwRTBlurUtils(14937): check blur style for HwPhoneWindow-, themeResId : 0x7f0e000a, context : com.excelliance.kxqp.swipe.NavActivity2@794246b, Nhwext : 0, get Blur : disable with , null
06-24 15:34:53.121 E/test    (14937): hw notch screen flag api error
06-24 15:34:53.123 D/ActivityThread(14937): add activity client record, r= ActivityRecord{414755e token=android.os.BinderProxy@31abee5 {com.excelliance.dualaid/com.excelliance.kxqp.swipe.NavActivity2}} token= android.os.BinderProxy@31abee5
06-24 15:34:53.124 E/ViewUtils(14937): setBgColor: view==null:top
06-24 15:34:53.128 E/WifiHAL (  706): enter wifi_get_link_stats
06-24 15:34:53.130 D/OpenGLRenderer(14937):   HWUI Binary is  enabled
06-24 15:34:53.132 D/SurfaceFlinger(  710): SurfaceFlinger: getDisplayConfigs--3.000000, 1080, 1920
06-24 15:34:53.132 I/chatty  (  710): uid=1000(system) Binder:710_2 identical 1 line
06-24 15:34:53.132 D/SurfaceFlinger(  710): SurfaceFlinger: getDisplayConfigs--3.000000, 1080, 1920
06-24 15:34:53.133 D/OpenGLRenderer(14937): HWUI GL Pipeline
06-24 15:34:53.133 E/wificond(  765): Failed to get NL80211_STA_INFO_CNAHLOAD
06-24 15:34:53.133 E/WificondControl(  657): Noise: -89, Snr: 0, Chload: -1
06-24 15:34:53.134 D/HwWifiCHRStateManager(  657): handleMessage : 1001
06-24 15:34:53.134 D/HwWifiCHRStateManager(  657): handleUpdateChannel:5805
06-24 15:34:53.134 V/HwWifiServiceFactory(  657): get AllImpl object = com.android.server.wifi.HwWifiServiceFactoryImpl@a390a53
06-24 15:34:53.134 D/PMS11422(  657): package:com.excelliance.dualaid, input flags:128, output hwFlags:0
06-24 15:34:53.134 D/WifiScoreReport(  657): Score = 100, wifiConnectivityManagerEnabled = false, lowScoreCount = 0
06-24 15:34:53.138 V/WindowManager(  657): Adding Window{d7a3268 u0 com.excelliance.dualaid/com.excelliance.kxqp.swipe.NavActivity2} to AppWindowToken{d98834d token=Token{2d022e4 ActivityRecord{760b677 u0 com.excelliance.dualaid/com.excelliance.kxqp.swipe.NavActivity2 t16020}}}
06-24 15:34:53.138 V/WindowManager(  657): addWindow: New client android.os.BinderProxy@71b018b: window=Window{d7a3268 u0 com.excelliance.dualaid/com.excelliance.kxqp.swipe.NavActivity2} Callers=com.android.server.wm.HwWindowManagerService.addWindow:562 com.android.server.wm.Session.addToDisplay:199 android.view.IWindowSession$Stub.onTransact:124 com.android.server.wm.Session.onTransact:161 android.os.Binder.execTransact:675 
06-24 15:34:53.140 D/PMS11422(  657): package:com.excelliance.dualaid, input flags:128, output hwFlags:0
06-24 15:34:53.141 V/WindowManager(  657): Checking 1 opening apps (frozen=false timeout=false)...
06-24 15:34:53.142 V/WindowManager(  657): Check opening app=AppWindowToken{d98834d token=Token{2d022e4 ActivityRecord{760b677 u0 com.excelliance.dualaid/com.excelliance.kxqp.swipe.NavActivity2 t16020}}}: allDrawn=false startingDisplayed=false startingMoved=false isRelaunching()=false
06-24 15:34:53.145 D/PMS11422(  657): package:com.excelliance.dualaid, input flags:128, output hwFlags:0
06-24 15:34:53.147 D/HwGalleryCacheManagerImpl(14937): mIsEffect:false
06-24 15:34:53.153 D/PMS11422(  657): package:com.excelliance.dualaid, input flags:128, output hwFlags:0
06-24 15:34:53.161 D/PMS11422(  657): package:com.excelliance.dualaid, input flags:128, output hwFlags:0
06-24 15:34:53.167 D/HttpUtils(14937): getResponseCode():200
06-24 15:34:53.168 D/WHEG    (14937): {"status":"0","controls":"","skip":"0"}
06-24 15:34:53.192 D/HwRecentsLockUtils( 1513): Search
06-24 15:34:53.192 E/HsmCoreServiceImpl( 1478): onTransact in code is: 103
06-24 15:34:53.192 I/MediaProcessHandler( 1478): playingUids: 
06-24 15:34:53.192 D/ActivityManager(  657): Skipping, home or recents stack task: TaskRecord{333215f #15658 A=com.huawei.android.launcher U=0 StackId=0 sz=1}
06-24 15:34:53.192 D/ActivityManager(  657): Skipping intent:act=android.intent.action.MAIN cat=[android.intent.category.LAUNCHER] flg=0x10a00000 cmp=io.appium.settings/.Settings
06-24 15:34:53.192 D/ActivityManager(  657): Skipping intent:flg=0x10804000 cmp=com.android.systemui/.recents.RecentsActivity bnds=[48,928][1032,2296]
06-24 15:34:53.192 D/ActivityManager(  657): Skipping intent:flg=0x18800000 cmp=com.tencent.mm/.plugin.base.stub.WXPayEntryActivity
06-24 15:34:53.192 D/ActivityManager(  657): Skipping intent:flg=0x10800000 cmp=com.huawei.systemmanager/com.huawei.permissionmanager.ui.MainActivity
06-24 15:34:53.192 D/ActivityManager(  657): Skipping intent:flg=0x18800000 cmp=com.tencent.mm/.plugin.base.stub.WXEntryActivity
06-24 15:34:53.192 D/ActivityManager(  657): Skipping intent:act=com.huawei.action.VOICE_ASSISTANT flg=0x10800000 pkg=com.huawei.vassistant cmp=com.huawei.vassistant/.ui.main.VAssistantActivity
06-24 15:34:53.192 D/ActivityManager(  657): Skipping intent:act=com.huawei.android.launcher.action.ACCESS_SPLIT_SCREEN_APP cat=[android.intent.category.DEFAULT] flg=0x10804000 cmp=com.huawei.android.launcher/.splitscreen.SplitScreenAppActivity
06-24 15:34:53.192 D/ActivityManager(  657): Skipping intent:flg=0x10800000 pkg=com.excelliance.dualaid.b64 cmp=com.excelliance.dualaid.b64/com.excelliance.kxqp.sdk.PermissionRequestActivity
06-24 15:34:53.192 D/ActivityManager(  657): Skipping intent:act=android.intent.action.VIEW dat=content://com.excelliance.dualaid.fileProvider/external_storage_root/Download/apk/Multiple_64.apk typ=application/vnd.android.package-archive flg=0x10800001 cmp=com.android.packageinstaller/.InstallStart
06-24 15:34:53.192 D/ActivityManager(  657): Skipping intent:flg=0x10800000 cmp=com.android.systemui/.usb.HwUsbDebuggingActivity
06-24 15:34:53.192 D/ActivityManager(  657): Skipping intent:act=android.deviceinfo.chooser.action.LAUNCH flg=0x10800000 hwFlg=0x100 pkg=com.android.settings cmp=com.android.settings/.deviceinfo.UsbConnModeChooserActivity
06-24 15:34:53.192 D/ActivityManager(  657): Skipping intent:flg=0x10800000 cmp=com.zol.android/.push.KeepLiveActivity
06-24 15:34:53.192 D/ActivityManager(  657): Skipping intent:act=android.intent.action.MAIN cat=[android.intent.category.HOME] flg=0x10800300 cmp=com.android.settings/.FallbackHome
06-24 15:34:53.204 I/NetworkSpeedManagerEx( 1513): mIsStop = false
06-24 15:34:53.204 I/NetworkSpeedManagerEx( 1513):  runInThread getTetherStats
06-24 15:34:53.204 I/NetworkSpeedManagerEx( 1513):  runInUI refreshSpeed
06-24 15:34:53.205 I/NetworkSpeedManagerEx( 1513): value=1814.6666speed = 1.8
06-24 15:34:53.205 I/NetworkSpeedManagerEx( 1513): K/smIsShowLastSpeedValuefalse
06-24 15:34:53.205 I/NetworkSpeedView( 1513): /update(), speed=1.8
06-24 15:34:53.205 I/NetworkSpeedView( 1513): K/s parent class:class com.android.systemui.statusbar.HwSystemIcons
06-24 15:34:53.220 D/MainActivity(14937): instantiateItem: 2	android.widget.RelativeLayout{d00e2b1 V.E...... ......I. 0,0-0,0}
06-24 15:34:53.221 D/MainActivity(14937): initPage3: 
06-24 15:34:53.224 V/WindowManager(  657): Checking 1 opening apps (frozen=false timeout=false)...
06-24 15:34:53.224 V/WindowManager(  657): Check opening app=AppWindowToken{d98834d token=Token{2d022e4 ActivityRecord{760b677 u0 com.excelliance.dualaid/com.excelliance.kxqp.swipe.NavActivity2 t16020}}}: allDrawn=false startingDisplayed=false startingMoved=false isRelaunching()=false
06-24 15:34:53.226 V/HwPhoneWindowManager(  657): updateSystemUiColorLw window=Window{d7a3268 u0 com.excelliance.dualaid/com.excelliance.kxqp.swipe.NavActivity2},EmuiStyle=0,StatusBarColor=0xff000000,NavigationBarColor=0xff000000, mLastIsEmuiLightStyle=-1
06-24 15:34:53.227 D/HwPhoneWindowManager(  657): Transact:setSystemUIColor to status bar service
06-24 15:34:53.227 I/CommandQueue( 1513): updateBarBgColor
06-24 15:34:53.227 D/CommandQueue( 1513): CommandQueue, setBarBackgroundColor
06-24 15:34:53.227 D/TintManager( 1513): statusBarIconTint=#99FFFFFF,navigationBarIconTint=#FF000000
06-24 15:34:53.228 D/BarTransitions.HwPhoneStatusBarView( 1513): MODE_TRANSPARENT -> MODE_TRANSLUCENT animate=false
06-24 15:34:53.228 D/BarTransitions.HwPhoneStatusBarView( 1513): applyModeBackground oldMode=MODE_TRANSPARENT newMode=MODE_TRANSLUCENT animate=false
06-24 15:34:53.228 V/WindowManager(  657): Checking 1 opening apps (frozen=false timeout=false)...
06-24 15:34:53.228 V/WindowManager(  657): Check opening app=AppWindowToken{d98834d token=Token{2d022e4 ActivityRecord{760b677 u0 com.excelliance.dualaid/com.excelliance.kxqp.swipe.NavActivity2 t16020}}}: allDrawn=false startingDisplayed=false startingMoved=false isRelaunching()=false
06-24 15:34:53.232 I/GRALLOC (  679): 	 shrFd=10,fmt=0x1,intFmt=0x200000001,btStrd=4352,size=8486912,pid=679 
06-24 15:34:53.232 I/GRALLOC (  679): 	 yuv=2,w=1080,h=1920,Stride u=0 v=0,offset u=0 v=0 
06-24 15:34:53.232 I/GRALLOC (  679): 	 iova_size=8486912,conUsg=0x900,proUsg=0x900,	 strd=1088,[afbc]HdrStrd=1088 PyldStrd=69632 Scrmbl=2,ionhnd = 1 
06-24 15:34:53.233 D/MainActivity(14937): run: initPage3
06-24 15:34:53.233 I/zygote  (14968): Compiler allocated 4MB to compile boolean com.excelliance.kxqp.KXQPApplication.b(int)
06-24 15:34:53.234 I/GRALLOC (  679): 	 shrFd=10,fmt=0x1,intFmt=0x200000001,btStrd=4352,size=8486912,pid=679 
06-24 15:34:53.234 I/GRALLOC (  679): 	 yuv=2,w=1080,h=1920,Stride u=0 v=0,offset u=0 v=0 
06-24 15:34:53.234 I/GRALLOC (  679): 	 iova_size=8486912,conUsg=0x900,proUsg=0x900,	 strd=1088,[afbc]HdrStrd=1088 PyldStrd=69632 Scrmbl=2,ionhnd = 1 
06-24 15:34:53.236 I/OpenGLRenderer(14937): Initialized EGL, version 1.4
06-24 15:34:53.236 D/OpenGLRenderer(14937): Swap behavior 2
06-24 15:34:53.236 I/GRALLOC (  679): 	 shrFd=10,fmt=0x1,intFmt=0x200000001,btStrd=4352,size=8486912,pid=679 
06-24 15:34:53.236 I/GRALLOC (  679): 	 yuv=2,w=1080,h=1920,Stride u=0 v=0,offset u=0 v=0 
06-24 15:34:53.236 I/GRALLOC (  679): 	 iova_size=8486912,conUsg=0x900,proUsg=0x900,	 strd=1088,[afbc]HdrStrd=1088 PyldStrd=69632 Scrmbl=2,ionhnd = 1 
06-24 15:34:53.240 D/StatusBarIconController( 1513): setIconVisibility icon is null or visibility not change visibility=false
06-24 15:34:53.241 D/mali_winsys(14937): EGLint new_window_surface(egl_winsys_display *, void *, EGLSurface, EGLConfig, egl_winsys_surface **, egl_color_buffer_format *, EGLBoolean) returns 0x3000
06-24 15:34:53.241 E/vndksupport(14937): Could not load vendor/lib/egl/libGLES_mali_v2.so from sphal namespace: dlopen failed: library "vendor/lib/egl/libGLES_mali_v2.so" not found.
06-24 15:34:53.244 I/NetworkSpeedManagerEx( 1513): mIsStop = false
06-24 15:34:53.245 I/NetworkSpeedManagerEx( 1513):  runInThread getTetherStats
06-24 15:34:53.254 I/GRALLOC (  679): 	 shrFd=10,fmt=0x1,intFmt=0x200000001,btStrd=4352,size=8486912,pid=679 
06-24 15:34:53.254 I/GRALLOC (  679): 	 yuv=2,w=1080,h=1920,Stride u=0 v=0,offset u=0 v=0 
06-24 15:34:53.254 I/GRALLOC (  679): 	 iova_size=8486912,conUsg=0xb00,proUsg=0xb00,	 strd=1088,[afbc]HdrStrd=1088 PyldStrd=69632 Scrmbl=2,ionhnd = 1 
06-24 15:34:53.258 I/NetworkSpeedManagerEx( 1513):  runInUI refreshSpeed
06-24 15:34:53.259 I/NetworkSpeedManagerEx( 1513): value=1828.0speed = 1.8
06-24 15:34:53.259 I/NetworkSpeedManagerEx( 1513): K/smIsShowLastSpeedValuefalse
06-24 15:34:53.259 I/NetworkSpeedView( 1513): /update(), speed=1.8
06-24 15:34:53.259 I/NetworkSpeedView( 1513): K/s parent class:class com.android.systemui.statusbar.HwSystemIcons
06-24 15:34:53.262 D/WindowManager(  657): finishDrawingWindow: Window{d7a3268 u0 com.excelliance.dualaid/com.excelliance.kxqp.swipe.NavActivity2} mDrawState=DRAW_PENDING
06-24 15:34:53.263 V/MainActivity(14937): onWindowFocusChanged: true
06-24 15:34:53.263 W/InputMethodManager(14937): startInputReason = 1
06-24 15:34:53.264 D/PMS11422(  657): package:com.excelliance.dualaid, input flags:128, output hwFlags:0
06-24 15:34:53.264 V/WindowManager(  657): Checking 1 opening apps (frozen=false timeout=false)...
06-24 15:34:53.264 V/WindowManager(  657): Check opening app=AppWindowToken{d98834d token=Token{2d022e4 ActivityRecord{760b677 u0 com.excelliance.dualaid/com.excelliance.kxqp.swipe.NavActivity2 t16020}}}: allDrawn=true startingDisplayed=false startingMoved=false isRelaunching()=false
06-24 15:34:53.268 D/ImageWallpaper( 1513): onVisibilityChanged: mVisible, visible=true, false
06-24 15:34:53.268 D/ImageWallpaper( 1513): Visibility changed to visible=false
06-24 15:34:53.268 D/BarTransitions.HwPhoneStatusBarView( 1513): MODE_TRANSLUCENT -> MODE_TRANSPARENT animate=false
06-24 15:34:53.268 D/BarTransitions.HwPhoneStatusBarView( 1513): applyModeBackground oldMode=MODE_TRANSLUCENT newMode=MODE_TRANSPARENT animate=false
06-24 15:34:53.270 I/ActivityManager(  657): Displayed com.excelliance.dualaid/com.excelliance.kxqp.swipe.NavActivity2: +180ms (total +319ms)
06-24 15:34:53.270 D/PMS11422(  657): package:com.excelliance.dualaid, input flags:128, output hwFlags:0
06-24 15:34:53.272 W/InputMethodManager(14937): startInputReason = 5
06-24 15:34:53.273 E/BufferQueueProducer(  710): [com.huawei.android.launcher/com.huawei.android.launcher.unihome.UniHomeLauncher#0] disconnect: not connected (req=1)
06-24 15:34:53.273 W/libEGL  ( 2519): EGLNativeWindowType 0x748dc4c010 disconnect failed
06-24 15:34:53.274 I/wangchen( 7035): SysInfo.getSysParam: orientation=1||config d=3.0,w=1080,h=1920||metrics d=3.0,w=1080,h=1920||sdk=26,bar_h=72
06-24 15:34:53.274 I/KeymapLoader( 7035): w=1080 h=1920 ori=true appScale=3.3 s1=3.0
06-24 15:34:53.274 I/WindowManager(  657): notifyAccessibilityButtonVisibilityChanged visible:false
06-24 15:34:53.278 I/GRALLOC (  679): 	 shrFd=10,fmt=0x1,intFmt=0x200000001,btStrd=4352,size=8486912,pid=679 
06-24 15:34:53.278 I/GRALLOC (  679): 	 yuv=2,w=1080,h=1920,Stride u=0 v=0,offset u=0 v=0 
06-24 15:34:53.278 I/GRALLOC (  679): 	 iova_size=8486912,conUsg=0xb00,proUsg=0xb00,	 strd=1088,[afbc]HdrStrd=1088 PyldStrd=69632 Scrmbl=2,ionhnd = 1 
06-24 15:34:53.284 D/BarTransitions.HwPhoneStatusBarView( 1513): MODE_TRANSPARENT -> MODE_TRANSLUCENT animate=false
06-24 15:34:53.284 D/BarTransitions.HwPhoneStatusBarView( 1513): applyModeBackground oldMode=MODE_TRANSPARENT newMode=MODE_TRANSLUCENT animate=false
06-24 15:34:53.284 D/BarTransitions.HwNavigationBarView( 1513): MODE_TRANSLUCENT -> MODE_OPAQUE animate=false
06-24 15:34:53.284 D/BarTransitions.HwNavigationBarView( 1513): applyModeBackground oldMode=MODE_TRANSLUCENT newMode=MODE_OPAQUE animate=false
06-24 15:34:53.297 W/ActivityManager(  657): Sending non-protected broadcast huawei.action.floattasks.STATUS_BAR_STATE_CHANGED from system 1513:com.android.systemui/u0a39 pkg com.android.systemui
06-24 15:34:53.297 W/HwKeyguardDragHelper( 1513): AnimationBlocked
06-24 15:34:53.297 D/ActivityThread(14937): Remove activity client record, r= ActivityRecord{cbe2ddc token=android.os.BinderProxy@d13fa03 {com.excelliance.dualaid/com.excelliance.kxqp.ui.HelloActivity}} token= android.os.BinderProxy@d13fa03
06-24 15:34:53.299 V/WindowManager(  657): notifyAppStopped: AppWindowToken{d3a938b token=Token{377755a ActivityRecord{d5c9105 u0 com.huawei.android.launcher/.unihome.UniHomeLauncher t15658}}}
06-24 15:34:53.299 E/WindowManager(  657): win=Window{68d6975 u0 com.huawei.android.launcher/com.huawei.android.launcher.unihome.UniHomeLauncher} destroySurfaces: appStopped=true win.mWindowRemovalAllowed=false win.mRemoveOnExit=false
06-24 15:34:53.299 I/WindowManager(  657): Destroying surface Surface(name=com.huawei.android.launcher/com.huawei.android.launcher.unihome.UniHomeLauncher) called by com.android.server.wm.WindowStateAnimator.destroySurface:2060 com.android.server.wm.WindowStateAnimator.destroySurfaceLocked:873 com.android.server.wm.HwWindowStateAnimator.destroySurfaceLocked:1006 com.android.server.wm.WindowState.destroyOrSaveSurfaceUnchecked:2990 com.android.server.wm.WindowState.destroySurface:2951 com.android.server.wm.AppWindowToken.destroySurfaces:654 com.android.server.wm.AppWindowToken.destroySurfaces:638 com.android.server.wm.AppWindowToken.notifyAppStopped:682 
06-24 15:34:53.300 I/TrafficMonitor(  657): update:rxPkts:7,txPkts:13,rxBytes:3929,txBytes:1256
06-24 15:34:53.300 I/TrafficMonitor(  657): start expired. level:-1
06-24 15:34:53.300 I/TrafficMonitor(  657): gettimer:interval=2000
06-24 15:34:53.301 D/HwGameAssistantController(  657): pid=2519, uid=10056, foreground=false
06-24 15:34:53.301 W/AwareLog(  657): SchedLevelBoost: onFgActivitiesChanged config not set!
06-24 15:34:53.305 V/WindowManager(  657): removeAppToken: AppWindowToken{4cb1695 token=Token{5ff564c ActivityRecord{358767f u0 com.excelliance.dualaid/com.excelliance.kxqp.ui.HelloActivity t16020}}} delayed=false Callers=com.android.server.wm.DisplayContent.removeAppToken:985 com.android.server.wm.AppWindowContainerController.removeContainer:348 com.android.server.am.ActivityRecord.removeWindowContainer:1039 com.android.server.am.ActivityStack.removeActivityFromHistoryLocked:4491 
06-24 15:34:53.320 W/dex2oat (15020): Using default instruction set features for ARM CPU variant (default) using conservative defaults
06-24 15:34:53.320 I/dex2oat (15020): /system/bin/dex2oat -j4 --dex-file=/data/data/com.excelliance.dualaid/.platformcache/main.jar --output-vdex-fd=44 --oat-fd=49 --oat-location=/data/data/com.excelliance.dualaid/.platformcache/oat/arm/main.odex --compiler-filter=quicken
06-24 15:34:53.320 I/cutils-trace(15020): atrace_init_once, trace_marker_path = /sys/kernel/debug/tracing/trace_marker
06-24 15:34:53.418 I/zygote64(  657): Background concurrent copying GC freed 384114(22MB) AllocSpace objects, 102(2MB) LOS objects, 30% free, 54MB/78MB, paused 906us total 188.033ms
06-24 15:34:53.489 I/HwNormalizedSpline(  657): getEyeProtectionBrightnessLevel lux =239.0, mDefaultBrightnessFromLux =68.645
06-24 15:34:53.590 D/HwWifiStatStore(  657): handleMessage : 200
06-24 15:34:53.744 I/dex2oat (15020): dex2oat took 424.104ms (996.178ms cpu) (threads: 4) arena alloc=139KB (142544B) java alloc=2MB (3127336B) native alloc=4MB (4682112B) free=2MB (2657920B)
06-24 15:34:53.756 D/PMS11422(  657): package:com.excelliance.dualaid, input flags:128, output hwFlags:0
06-24 15:34:53.782 I/GRALLOC (  679): 	 shrFd=10,fmt=0x1,intFmt=0x200000001,btStrd=4352,size=8486912,pid=679 
06-24 15:34:53.782 I/GRALLOC (  679): 	 yuv=2,w=1080,h=1920,Stride u=0 v=0,offset u=0 v=0 
06-24 15:34:53.782 I/GRALLOC (  679): 	 iova_size=8486912,conUsg=0xb00,proUsg=0xb00,	 strd=1088,[afbc]HdrStrd=1088 PyldStrd=69632 Scrmbl=2,ionhnd = 1 
06-24 15:34:53.806 W/dex2oat (15047): Using default instruction set features for ARM CPU variant (default) using conservative defaults
06-24 15:34:53.806 I/dex2oat (15047): /system/bin/dex2oat -j4 --dex-file=/data/data/com.excelliance.dualaid/.platformcache/kxqpplatform2.jar --output-vdex-fd=46 --oat-fd=48 --oat-location=/data/data/com.excelliance.dualaid/.platformcache/oat/arm/kxqpplatform2.odex --compiler-filter=quicken
06-24 15:34:53.806 I/cutils-trace(15047): atrace_init_once, trace_marker_path = /sys/kernel/debug/tracing/trace_marker
06-24 15:34:54.013 I/dex2oat (15047): dex2oat took 207.615ms (442.983ms cpu) (threads: 4) arena alloc=62KB (63808B) java alloc=2MB (2267088B) native alloc=2MB (2315400B) free=3MB (3451768B)
06-24 15:34:54.024 D/PMS11422(  657): package:com.excelliance.dualaid, input flags:0, output hwFlags:0
06-24 15:34:54.032 E/MemoryLeakMonitorManager(14968): MemoryLeakMonitor.jar is not exist!
06-24 15:34:54.033 D/CrashHandler(14968): CrashHandler
06-24 15:34:54.033 D/KXQPApplication(14968): run: initUserManager
06-24 15:34:54.034 E/Minikin (14968): Could not get cmap table size!
06-24 15:34:54.035 D/PMS11422(  657): package:com.excelliance.dualaid, input flags:128, output hwFlags:0
06-24 15:34:54.043 D/NetWorkUtils( 1513): mVSimCurCardType is -1
06-24 15:34:54.044 D/NetWorkUtils( 1513): mVSimCurCardType is -1
06-24 15:34:54.049 D/AirPushService(14968): 第一次触发
06-24 15:34:54.049 D/SmtServService(14968): MSG_LOAD_PLT GameUtil.isPtLoaded() = false
06-24 15:34:54.053 I/HwCust  (14968): Constructor found for class android.net.HwCustConnectivityManagerImpl
06-24 15:34:54.053 D/HwCust  (14968): Create obj success use class android.net.HwCustConnectivityManagerImpl
06-24 15:34:54.054 D/PMS1000 (  657): package:com.excelliance.dualaid, input flags:8192, output hwFlags:0
06-24 15:34:54.054 D/NetworkStateReceiver(14968): netWorkConnected = true
06-24 15:34:54.054 D/AirPushUtils(14968): startPushInfo
06-24 15:34:54.057 D/PMS1001 (  657): package:com.excelliance.dualaid, input flags:0, output hwFlags:0
06-24 15:34:54.058 D/AirPushService(14968): 第一次设置Alarm
06-24 15:34:54.058 D/AirPushService(14968): resetPushAlarm
06-24 15:34:54.059 D/PMS11422(  657): package:com.excelliance.dualaid, input flags:0, output hwFlags:0
06-24 15:34:54.060 D/SmtServService(14968): pull info
06-24 15:34:54.060 D/SmtServService(14968): diffTime = 1529825694060
06-24 15:34:54.060 D/SmtServService(14968): pushInfoFromServer
06-24 15:34:54.062 D/AirPushPreferences(14968): setLastPushTime
06-24 15:34:54.075 I/zygote  (14968): Do partial code cache collection, code=27KB, data=31KB
06-24 15:34:54.079 I/zygote  (14968): After code cache collection, code=11KB, data=18KB
06-24 15:34:54.079 I/zygote  (14968): Increasing code cache capacity to 128KB
06-24 15:34:54.085 D/StatisticsManager(14968): Query time diff:1529825694085
06-24 15:34:54.091 D/PMS11422(  657): package:com.excelliance.dualaid, input flags:128, output hwFlags:0
06-24 15:34:54.091 D/launch-time-RU(14968): preload 24 classes cost 35ms
06-24 15:34:54.107 I/zygote  (14937): Do partial code cache collection, code=27KB, data=27KB
06-24 15:34:54.107 I/zygote  (14937): After code cache collection, code=27KB, data=27KB
06-24 15:34:54.107 I/zygote  (14937): Increasing code cache capacity to 128KB
06-24 15:34:54.114 D/StatisticsManager(14968): Query time diff:1529825694114
06-24 15:34:54.119 I/chatty  (  657): uid=1000(system) Binder:657_1A identical 10 lines
06-24 15:34:54.119 D/PMS11422(  657): package:com.excelliance.dualaid, input flags:128, output hwFlags:0
06-24 15:34:54.121 D/PMS11422(  657): package:com.excelliance.dualaid, input flags:128, output hwFlags:0
06-24 15:34:54.121 D/StatisticsManager(14968): Query time diff:1529825694121
06-24 15:34:54.121 D/PMS11422(  657): package:com.excelliance.dualaid, input flags:128, output hwFlags:0
06-24 15:34:54.124 D/PMS11422(  657): package:com.excelliance.dualaid, input flags:128, output hwFlags:0
06-24 15:34:54.125 D/PMS11422(  657): package:com.excelliance.dualaid, input flags:128, output hwFlags:0
06-24 15:34:54.136 D/AirPushDBHelper(14968): onCreate: pushitemnew
06-24 15:34:54.141 D/AirPushDBHelper(14968): selection = type=? and index_=(select max(index_) from pushitemnew where type=?) , key = vip
06-24 15:34:54.141 D/AirPushDBHelper(14968): selection = type=? and index_=(select max(index_) from pushitemnew where type=?) , key = update
06-24 15:34:54.141 D/AirPushDBHelper(14968): selection = type=? and index_=(select max(index_) from pushitemnew where type=?) , key = officalActivity
06-24 15:34:54.141 D/AirPushDBHelper(14968): selection = type=? and index_=(select max(index_) from pushitemnew where type=?) , key = news
06-24 15:34:54.141 D/AirPushDBHelper(14968): selection = type=? and index_=(select max(index_) from pushitemnew where type=?) , key = target
06-24 15:34:54.142 D/AirPushDBHelper(14968): selection = type=? and index_=(select max(index_) from pushitemnew where type=?) , key = batch
06-24 15:34:54.142 D/AirPushDBHelper(14968): selection = type=? and index_=(select max(index_) from pushitemnew where type=?) , key = skipTarget
06-24 15:34:54.142 D/AirPushDBHelper(14968): selection = type=? and index_=(select max(index_) from pushitemnew where type=?) , key = thirdApp
06-24 15:34:54.142 D/PushItem(14968): indexJson = {}
06-24 15:34:54.142 D/AirPushService(14968): dataJson = {}
06-24 15:34:54.142 V/AirPushService(14968): ver :e30%3D%0A
06-24 15:34:54.143 D/VersionManager(14968): httpsRequest getURL = https://mto.multiopen.cn/pushmess.php?ver=466&mainver=231200&data=e30%3D%0A&wxCode=1321&subchid=1&sdkV=8.0.0&pkg=com.excelliance.dualaid&chid=10019&issl=1&compver=54302&wxVerName=6.6.7&vn=4.0.6&model=stf-al10&api=26&brand=honor&aid=f0c2426fc7560cf5
06-24 15:34:54.143 D/NetworkSecurityConfig(14968): No Network Security Config specified, using platform default
06-24 15:34:54.156 D/GameUtil(14968): getSDKDataParam totalmem:5.60GB
06-24 15:34:54.157 D/VersionManager(14968): httpsRequest getURL = https://folder.appota.cn/genuser.php?chid=10019&subchid=1&vc=466&type=4&data=tbCbI6ooWmOSi%2BhP8At3K55rUDjOXjUCTTE1Q7OqeVGzpiL1Dx8z2UKsv%2F2w066OKzL65VOc%2FHNVNculXvpkfbOlpWKAPUf5ryVSFynVNa8UucDwm5e36rJ6e2Kpu%2B5ykc4DARTfkZV4Ad5N96d4%2BjApQCWZuWchybogtHpbAp5JGb2oE4RYpIUqF8au1pxTSmwBdD5PozvBfX2%2Bj4RIW8u13M8ksM63bQoy2eR4WdDx%2BqZexoey63Hms3xqJyQkd3PFvljbOMDFV5%2BIsI0F%2B0cTu0Poz37kp440m4BdEnDxUpl%2F2SWQiyGENywr4rII2GFixGV6F3FTP2B6Iz%2Bp9XPgTT1Q8jOobYd0%2B7qf7bpZ2AyYZuCae%2FN%2FDrbd9ARIKpXrBwZ7SdplMO1nzphjQUqGRQMAlrO9Oa0Du6EV17%2FgN7YtgBzuJRHbP0GgVSdnIEYbOUnjg9adLEk2nhpRcwGYdX7bJ5%2FC%2FGVy8QMvFO%2FVJ5uAYH82VV6bvSarVkuFeotJT4yadRHbDkYGgVZfCDPVS%2FOPcQttSZtkoN3AjIdEC3B%2BjPtytpdTQYFvI9Ol&issl=1
06-24 15:34:54.188 W/X509TrustManager(14968): checkServerTrusted: SignatureException:null
06-24 15:34:54.188 W/X509TrustManager(14968): checkServerTrusted: SignatureException:error:04000073:RSA routines:OPENSSL_internal:DATA_TOO_LARGE_FOR_MODULUS
06-24 15:34:54.192 W/X509TrustManager(14968): checkServerTrusted: SignatureException:null
06-24 15:34:54.192 W/X509TrustManager(14968): checkServerTrusted: SignatureException:error:04000073:RSA routines:OPENSSL_internal:DATA_TOO_LARGE_FOR_MODULUS
06-24 15:34:54.203 D/PMS1000 (  657): package:com.excelliance.dualaid, input flags:1024, output hwFlags:0
06-24 15:34:54.203 I/ActivityManager(  657): Need to start process com.excelliance.dualaid:lbcore for provider ContentProviderInfo{name=com.excelliance.dualaid:com.excelliance.kxqp.platform.PluginManagerProvider className=com.excelliance.kxqp.platform.PluginManagerProvider}, callerApp: ProcessRecord{c7f8e02 14968:com.excelliance.dualaid/u0a1422}
06-24 15:34:54.203 V/ActivityManager(  657): startProcess: name=com.excelliance.dualaid:lbcore app=null knownToBeDead=false thread=null pid=-1
06-24 15:34:54.203 D/PMS1000 (  657): package:com.excelliance.dualaid, input flags:0, output hwFlags:0
06-24 15:34:54.213 I/        (15103): power log dlsym ok
06-24 15:34:54.215 I/ActivityManager(  657): Start proc 15103:com.excelliance.dualaid:lbcore/u0a1422 for content provider com.excelliance.dualaid/com.excelliance.kxqp.platform.PluginManagerProvider
06-24 15:34:54.215 I/zygote  (15103): Reinit property: dalvik.vm.checkjni= false
06-24 15:34:54.216 V/ActivityManager_MU(  657): Waiting to start provider ContentProviderRecord{8abc57 u0 com.excelliance.dualaid/com.excelliance.kxqp.platform.PluginManagerProvider} launchingApp=ProcessRecord{af6d1d6 15103:com.excelliance.dualaid:lbcore/u0a1422} caller pid= 14968
06-24 15:34:54.222 D/ActivityThread(15103): ActivityThread,attachApplication
06-24 15:34:54.222 D/ActivityManager(  657): ActivityManagerService,attachApplication,callingPid = 15103
06-24 15:34:54.230 W//system/bin/hwservicemanager(  416): Cannot open /odm/manifest.xml
06-24 15:34:54.238 D/AirPushService(14968): result = {"period":"r","vip":{"index_":"","data":""},"update":{"index_":"","data":""},"officalActivity":{"index_":"","data":""},"news":{"index_":"","data":""},"target":{"index_":"","data":""},"batch":{"index_":"","data":""},"skipTarget":{"index_":"","data":""},"thirdApp":{"index_":"","data":""}}
06-24 15:34:54.238 D/AirPushService(14968): handleCheckerSaveToDB
06-24 15:34:54.238 D/AirPushUtils(14968): startDbOver
06-24 15:34:54.240 W//system/bin/hwservicemanager(  416): Cannot open /odm/manifest.xml
06-24 15:34:54.241 D/SmtServService(14968): db write over
06-24 15:34:54.241 I/GRALLOC (  679): 	 shrFd=10,fmt=0x1,intFmt=0x1,btStrd=256,size=4096,pid=679 
06-24 15:34:54.241 I/GRALLOC (  679): 	 yuv=2,w=16,h=16,Stride u=0 v=0,offset u=0 v=0 
06-24 15:34:54.241 I/GRALLOC (  679): 	 iova_size=4096,conUsg=0x100,proUsg=0x100,	 strd=64,[afbc]HdrStrd=0 PyldStrd=0 Scrmbl=0,ionhnd = 1 
06-24 15:34:54.242 D/SmtServService(14968): gameCenterFirstStart = true
06-24 15:34:54.243 D/HwFLClassLoader(15103): get used feature list :/feature/used-list failed!
06-24 15:34:54.243 D/HwFLClassLoader(15103): USE_FEATURE_LIST had not init! 
06-24 15:34:54.251 D/VersionManager(14968): uid=353
06-24 15:34:54.256 D/PMS11422(  657): package:com.excelliance.dualaid, input flags:128, output hwFlags:0
06-24 15:34:54.263 D/PMS11422(  657): package:com.excelliance.dualaid, input flags:128, output hwFlags:0
06-24 15:34:54.298 D/launch-time-RU(15103): preload 24 classes cost 17ms
06-24 15:34:54.331 D/ActivityThread(15103): Loading provider com.excelliance.dualaid:com.excelliance.kxqp.platform.PluginManagerProvider: com.excelliance.kxqp.platform.PluginManagerProvider
06-24 15:34:54.331 D/PMS11422(  657): package:com.excelliance.dualaid, input flags:0, output hwFlags:0
06-24 15:34:54.339 D/PMS1000 (  657): package:com.excelliance.dualaid, input flags:8192, output hwFlags:0
06-24 15:34:54.341 D/PMS1001 (  657): package:com.excelliance.dualaid, input flags:0, output hwFlags:0
06-24 15:34:54.345 D/PMS11422(  657): package:com.excelliance.dualaid, input flags:0, output hwFlags:0
06-24 15:34:54.346 D/PMS11422(  657): package:com.excelliance.dualaid:lbcore, input flags:0, output is null
06-24 15:34:54.347 I/Bluetooth_framework(  657): BluetoothManagerService:Added callback: android.bluetooth.IBluetoothManagerCallback$Stub$Proxy@1e63562:true pid = 15103
06-24 15:34:54.349 D/PMS11422(  657): package:com.excelliance.dualaid, input flags:128, output hwFlags:0
06-24 15:34:54.362 I/LBVMD-LBPMS(15103): LBVMRT: version 54302:543.02
06-24 15:34:54.363 E/zygote  (15103): Invalid capacity given to EnsureLocalCapacity: 800
06-24 15:34:54.375 I/HwCust  (15103): Constructor found for class android.net.HwCustConnectivityManagerImpl
06-24 15:34:54.375 D/HwCust  (15103): Create obj success use class android.net.HwCustConnectivityManagerImpl
06-24 15:34:54.383 D/PMS11422(  657): package:com.excelliance.dualaid, input flags:0, output hwFlags:0
06-24 15:34:54.393 V/HwWidgetFactory(15103): : successes to get AllImpl object and return....
06-24 15:34:54.397 D/PMS11422(  657): package:com.excelliance.dualaid, input flags:0, output hwFlags:0
06-24 15:34:54.397 D/PMS11422(  657): package:com.excelliance.dualaid, input flags:0, output hwFlags:0
06-24 15:34:54.398 V/ActivityManager(  657): Successfully start provider ContentProviderRecord{8abc57 u0 com.excelliance.dualaid/com.excelliance.kxqp.platform.PluginManagerProvider} launchingApp=ProcessRecord{af6d1d6 15103:com.excelliance.dualaid:lbcore/u0a1422} caller pid= 14968
06-24 15:34:54.398 E/MemoryLeakMonitorManager(15103): MemoryLeakMonitor.jar is not exist!
06-24 15:34:54.399 E/MemoryLeakMonitorManager(15103): MemoryLeakMonitor.jar is not exist!
06-24 15:34:54.400 D/KXQPApplication(15103): run: initUserManager
06-24 15:34:54.401 E/Minikin (15103): Could not get cmap table size!
06-24 15:34:54.402 D/PMS11422(  657): package:com.excelliance.dualaid, input flags:128, output hwFlags:0
06-24 15:34:54.403 E/MemoryLeakMonitorManager(14968): MemoryLeakMonitor.jar is not exist!
06-24 15:34:54.404 D/SmtServService(14968): MSG_LOAD_PLT after msg.obj
06-24 15:34:54.404 W/PackageParser(15103): No actions in intent filter at /data/app/com.huawei.hwid-Sc7ADDdoDYIYREll7tj_iw==/base.apk Binary XML file line #1412
06-24 15:34:54.406 W/PackageParser(15103): No actions in intent filter at /data/app/com.huawei.hwid-Sc7ADDdoDYIYREll7tj_iw==/base.apk Binary XML file line #1680
06-24 15:34:54.407 V/ActivityManager(  657): Attempted to start a foreground service (ComponentInfo{com.excelliance.dualaid/com.excelliance.kxqp.platform.TrampolineService}) with a broken notification (no icon: Notification(channel=null pri=0 contentView=null vibrate=null sound=null defaults=0x0 flags=0x40 color=0x00000000 vis=PRIVATE))
06-24 15:34:54.407 W/PackageParser(15103): No actions in intent filter at /data/app/com.huawei.hwid-Sc7ADDdoDYIYREll7tj_iw==/base.apk Binary XML file line #1694
06-24 15:34:54.410 E/zygote  (15103): Invalid capacity given to EnsureLocalCapacity: 592
06-24 15:34:54.427 D/HwNotificationManagerService(  657): recognize: tag=null, id=268435456, user=UserHandle{0}, pkg=com.excelliance.dualaid, uid=11422, callingPid=15103
06-24 15:34:54.427 D/PMS1000 (  657): package:com.excelliance.dualaid, input flags:0, output hwFlags:0
06-24 15:34:54.428 I/[HwRecSys]HwRecSysAidlService( 2647): doNotificationCollect -> current num:1
06-24 15:34:54.428 I/[HwRecSys]-Notification-NotificationUpdateController( 2647): startNotificationUpdate start!
06-24 15:34:54.428 W/SettingsEx( 2647): SettingsEx.Systemex.getInt deprecated use Settings.System.getInt instead ;callers=com.huawei.recsys.util.SystemUtil.getNotificationUpdateMode:169 com.huawei.recsys.util.SystemUtil.isAllowUpdate:104 com.huawei.recsys.controller.notification.http.NotificationUpdateController.startNotificationUpdate:85 
06-24 15:34:54.428 I/[HwRecSys]SystemUtil( 2647): isAllowUpdate mode:1
06-24 15:34:54.428 I/[HwRecSys]SystemUtil( 2647): isAllowUpdate isAllowUpdate:true
06-24 15:34:54.428 I/[HwRecSys]-Notification-NotificationUpdateController( 2647):  -> currentYear:2018
06-24 15:34:54.429 I/[HwRecSys]-Notification-NotificationUpdateController( 2647):  -> currentMonth:5
06-24 15:34:54.429 I/[HwRecSys]-Notification-NotificationUpdateController( 2647):  -> currentDay:24
06-24 15:34:54.429 I/[HwRecSys]-Notification-NotificationUpdateController( 2647):  -> oldYear:2018
06-24 15:34:54.429 I/[HwRecSys]-Notification-NotificationUpdateController( 2647):  -> oldMonth:5
06-24 15:34:54.429 I/[HwRecSys]-Notification-NotificationUpdateController( 2647):  -> oldDay:24
06-24 15:34:54.429 E/[HwRecSys]-Notification-NotificationUpdateController( 2647): startNotificationUpdate time is valid no need request
06-24 15:34:54.429 I/[HwRecSys]-Notification-NotificationController( 2647): doNotificationCollect start!
06-24 15:34:54.429 E/[HwRecSys]-Notification-NotificationController( 2647): HwDefaultLabels returnStr:107
06-24 15:34:54.429 E/[HwRecSys]-Notification-NotificationController( 2647): getChinese paramValue is null!
06-24 15:34:54.430 E/[HwRecSys]-Notification-NotificationController( 2647): doNotificationCollect getLabelByRegRules label:107
06-24 15:34:54.430 I/[HwRecSys]HwRecSysAidlService( 2647): doNotificationCollect ->  finally remote Num - 1 !
06-24 15:34:54.431 I/HwNotificationManagerService(  657): doNotificationCollect: pkg=com.excelliance.dualaid, uid=11422, hw_type=107, hw_btw=true
06-24 15:34:54.431 D/PMS1000 (  657): package:com.excelliance.dualaid, input flags:268435456, output hwFlags:0
06-24 15:34:54.431 D/PMS1000 (  657): package:com.excelliance.dualaid, input flags:0, output hwFlags:0
06-24 15:34:54.431 W/NotificationRecord(  657): Use default channel, The importance is:2
06-24 15:34:54.431 D/PMS1000 (  657): package:com.excelliance.dualaid, input flags:0, output hwFlags:0
06-24 15:34:54.431 V/ActivityManager(  657): Attempted to start a foreground service (ComponentInfo{com.excelliance.dualaid/com.excelliance.kxqp.platform.TrampolineService$EmptyService}) with a broken notification (no icon: Notification(channel=null pri=0 contentView=null vibrate=null sound=null defaults=0x0 flags=0x40 color=0x00000000 vis=PRIVATE))
06-24 15:34:54.436 D/NotificationService(  657): mGameDndStatus is:false ,isGameDndSwitchOn is:false
06-24 15:34:54.437 I/Pged-IPgedBinderService(  769): ****action is 2, pid num is 6***
06-24 15:34:54.437 I/Pged-Freezer(  769): thawPids
06-24 15:34:54.438 D/HwNotificationManagerService(  657): recognize: tag=null, id=268435456, user=UserHandle{0}, pkg=com.excelliance.dualaid, uid=11422, callingPid=15103
06-24 15:34:54.438 D/PMS1000 (  657): package:com.excelliance.dualaid, input flags:0, output hwFlags:0
06-24 15:34:54.438 I/[HwRecSys]HwRecSysAidlService( 2647): doNotificationCollect -> current num:1
06-24 15:34:54.438 I/[HwRecSys]-Notification-NotificationUpdateController( 2647): startNotificationUpdate start!
06-24 15:34:54.438 W/SettingsEx( 2647): SettingsEx.Systemex.getInt deprecated use Settings.System.getInt instead ;callers=com.huawei.recsys.util.SystemUtil.getNotificationUpdateMode:169 com.huawei.recsys.util.SystemUtil.isAllowUpdate:104 com.huawei.recsys.controller.notification.http.NotificationUpdateController.startNotificationUpdate:85 
06-24 15:34:54.439 I/[HwRecSys]SystemUtil( 2647): isAllowUpdate mode:1
06-24 15:34:54.439 I/[HwRecSys]SystemUtil( 2647): isAllowUpdate isAllowUpdate:true
06-24 15:34:54.439 I/[HwRecSys]-Notification-NotificationUpdateController( 2647):  -> currentYear:2018
06-24 15:34:54.439 I/[HwRecSys]-Notification-NotificationUpdateController( 2647):  -> currentMonth:5
06-24 15:34:54.439 I/[HwRecSys]-Notification-NotificationUpdateController( 2647):  -> currentDay:24
06-24 15:34:54.439 I/[HwRecSys]-Notification-NotificationUpdateController( 2647):  -> oldYear:2018
06-24 15:34:54.439 I/[HwRecSys]-Notification-NotificationUpdateController( 2647):  -> oldMonth:5
06-24 15:34:54.439 I/[HwRecSys]-Notification-NotificationUpdateController( 2647):  -> oldDay:24
06-24 15:34:54.439 E/[HwRecSys]-Notification-NotificationUpdateController( 2647): startNotificationUpdate time is valid no need request
06-24 15:34:54.439 I/[HwRecSys]-Notification-NotificationController( 2647): doNotificationCollect start!
06-24 15:34:54.439 E/[HwRecSys]-Notification-NotificationController( 2647): HwDefaultLabels returnStr:107
06-24 15:34:54.440 E/[HwRecSys]-Notification-NotificationController( 2647): getChinese paramValue is null!
06-24 15:34:54.441 E/[HwRecSys]-Notification-NotificationController( 2647): doNotificationCollect getLabelByRegRules label:107
06-24 15:34:54.441 I/[HwRecSys]HwRecSysAidlService( 2647): doNotificationCollect ->  finally remote Num - 1 !
06-24 15:34:54.441 I/HwNotificationManagerService(  657): doNotificationCollect: pkg=com.excelliance.dualaid, uid=11422, hw_type=107, hw_btw=true
06-24 15:34:54.441 D/PMS1000 (  657): package:com.excelliance.dualaid, input flags:268435456, output hwFlags:0
06-24 15:34:54.441 D/PMS1000 (  657): package:com.excelliance.dualaid, input flags:0, output hwFlags:0
06-24 15:34:54.441 W/NotificationRecord(  657): Use default channel, The importance is:2
06-24 15:34:54.444 I/AppManager( 1699): app:com.excelliance.dualaid Notification update time:108433293
06-24 15:34:54.444 I/AppManager( 1699): app:com.excelliance.dualaid Notification persist:true  Ids:[268435456]
06-24 15:34:54.447 I/appium  (29532): Null child 10/20, parent: android.view.accessibility.AccessibilityNodeInfo@c40a; boundsInParent: Rect(0, 0 - 1056, 1550); boundsInScreen: Rect(12, 0 - 1068, 1514); packageName: com.huawei.android.launcher; className: android.view.ViewGroup; text: null; error: null; maxTextLength: -1; contentDescription: null; viewIdResName: null; checkable: false; checked: false; focusable: false; focused: false; selected: false; clickable: false; longClickable: false; contextClickable: false; enabled: true; password: false; scrollable: false; importantForAccessibility: false; actions: [AccessibilityAction: ACTION_SELECT - null, AccessibilityAction: ACTION_CLEAR_SELECTION - null, AccessibilityAction: ACTION_ACCESSIBILITY_FOCUS - null, AccessibilityAction: ACTION_SHOW_ON_SCREEN - null]
06-24 15:34:54.448 I/appium  (29532): Null child 11/20, parent: android.view.accessibility.AccessibilityNodeInfo@c40a; boundsInParent: Rect(0, 0 - 1056, 1550); boundsInScreen: Rect(12, 0 - 1068, 1514); packageName: com.huawei.android.launcher; className: android.view.ViewGroup; text: null; error: null; maxTextLength: -1; contentDescription: null; viewIdResName: null; checkable: false; checked: false; focusable: false; focused: false; selected: false; clickable: false; longClickable: false; contextClickable: false; enabled: true; password: false; scrollable: false; importantForAccessibility: false; actions: [AccessibilityAction: ACTION_SELECT - null, AccessibilityAction: ACTION_CLEAR_SELECTION - null, AccessibilityAction: ACTION_ACCESSIBILITY_FOCUS - null, AccessibilityAction: ACTION_SHOW_ON_SCREEN - null]
06-24 15:34:54.449 I/appium  (29532): Null child 12/20, parent: android.view.accessibility.AccessibilityNodeInfo@c40a; boundsInParent: Rect(0, 0 - 1056, 1550); boundsInScreen: Rect(12, 0 - 1068, 1514); packageName: com.huawei.android.launcher; className: android.view.ViewGroup; text: null; error: null; maxTextLength: -1; contentDescription: null; viewIdResName: null; checkable: false; checked: false; focusable: false; focused: false; selected: false; clickable: false; longClickable: false; contextClickable: false; enabled: true; password: false; scrollable: false; importantForAccessibility: false; actions: [AccessibilityAction: ACTION_SELECT - null, AccessibilityAction: ACTION_CLEAR_SELECTION - null, AccessibilityAction: ACTION_ACCESSIBILITY_FOCUS - null, AccessibilityAction: ACTION_SHOW_ON_SCREEN - null]
