06-24 16:27:57.923 I/NetworkSpeedView( 1513): K/s parent class:class com.android.systemui.statusbar.HwSystemIcons
06-24 16:27:57.925 D/OpenGLRenderer(27935):   HWUI Binary is  enabled
06-24 16:27:57.926 D/SurfaceFlinger(  710): SurfaceFlinger: getDisplayConfigs--3.000000, 1080, 1920
06-24 16:27:57.926 I/chatty  (  710): uid=1000(system) Binder:710_3 identical 1 line
06-24 16:27:57.927 D/SurfaceFlinger(  710): SurfaceFlinger: getDisplayConfigs--3.000000, 1080, 1920
06-24 16:27:57.927 D/OpenGLRenderer(27935): HWUI GL Pipeline
06-24 16:27:57.937 V/WindowManager(  657): Adding Window{fb3a2e7 u0 com.excelliance.dualaid/com.excelliance.kxqp.ui.MainActivity} to AppWindowToken{53229d2 token=Token{a67ec5d ActivityRecord{2a64634 u0 com.excelliance.dualaid/com.excelliance.kxqp.ui.MainActivity t16043}}}
06-24 16:27:57.939 V/WindowManager(  657): addWindow: New client android.os.BinderProxy@fcff8a6: window=Window{fb3a2e7 u0 com.excelliance.dualaid/com.excelliance.kxqp.ui.MainActivity} Callers=com.android.server.wm.HwWindowManagerService.addWindow:562 com.android.server.wm.Session.addToDisplay:199 android.view.IWindowSession$Stub.onTransact:124 com.android.server.wm.Session.onTransact:161 android.os.Binder.execTransact:675 
06-24 16:27:57.957 V/WindowManager(  657): Checking 1 opening apps (frozen=false timeout=false)...
06-24 16:27:57.958 V/WindowManager(  657): Check opening app=AppWindowToken{53229d2 token=Token{a67ec5d ActivityRecord{2a64634 u0 com.excelliance.dualaid/com.excelliance.kxqp.ui.MainActivity t16043}}}: allDrawn=false startingDisplayed=false startingMoved=false isRelaunching()=false
06-24 16:27:57.959 I/NetworkSpeedManagerEx( 1513): mIsStop = false
06-24 16:27:57.960 I/NetworkSpeedManagerEx( 1513):  runInThread getTetherStats
06-24 16:27:57.961 I/NetworkSpeedManagerEx( 1513):  runInUI refreshSpeed
06-24 16:27:57.964 I/NetworkSpeedManagerEx( 1513): value=1139.0speed = 1.1
06-24 16:27:57.964 I/NetworkSpeedManagerEx( 1513): K/smIsShowLastSpeedValuefalse
06-24 16:27:57.964 I/NetworkSpeedView( 1513): /update(), speed=1.1
06-24 16:27:57.964 I/NetworkSpeedView( 1513): K/s parent class:class com.android.systemui.statusbar.HwSystemIcons
06-24 16:27:57.981 D/PMS1000 (  657): package:com.excelliance.dualaid, input flags:8192, output hwFlags:0
06-24 16:27:57.983 W/HSM     ( 1813): HoldService:toast switch is close!
06-24 16:27:57.984 D/ApplicationPackageManager(27906): queryIntentActivitiesAsUser blocked, Intent { act=android.intent.action.MAIN cat=[android.intent.category.LAUNCHER] pkg=com.youlong.multiaccount }
06-24 16:27:57.984 D/HsmInterfaceImpl(27906): List [ResolveInfo{e51c894 com.youlong.multiaccount/com.excelliance.kxqp.ui.HelloActivity m=0x108000}]
06-24 16:27:57.992 V/WindowManager(  657): Checking 1 opening apps (frozen=false timeout=false)...
06-24 16:27:57.993 V/WindowManager(  657): Check opening app=AppWindowToken{53229d2 token=Token{a67ec5d ActivityRecord{2a64634 u0 com.excelliance.dualaid/com.excelliance.kxqp.ui.MainActivity t16043}}}: allDrawn=false startingDisplayed=false startingMoved=false isRelaunching()=false
06-24 16:27:58.001 V/HwPhoneWindowManager(  657): updateSystemUiColorLw window=Window{fb3a2e7 u0 com.excelliance.dualaid/com.excelliance.kxqp.ui.MainActivity},EmuiStyle=0,StatusBarColor=0x0,NavigationBarColor=0x0, mLastIsEmuiLightStyle=-1
06-24 16:27:58.001 D/HwPhoneWindowManager(  657): Transact:setSystemUIColor to status bar service
06-24 16:27:58.002 I/CommandQueue( 1513): updateBarBgColor
06-24 16:27:58.002 D/CommandQueue( 1513): CommandQueue, setBarBackgroundColor
06-24 16:27:58.025 V/WindowManager(  657): Checking 1 opening apps (frozen=false timeout=false)...
06-24 16:27:58.025 V/WindowManager(  657): Check opening app=AppWindowToken{53229d2 token=Token{a67ec5d ActivityRecord{2a64634 u0 com.excelliance.dualaid/com.excelliance.kxqp.ui.MainActivity t16043}}}: allDrawn=false startingDisplayed=false startingMoved=false isRelaunching()=false
06-24 16:27:58.038 I/GRALLOC (  679): 	 shrFd=10,fmt=0x1,intFmt=0x200000001,btStrd=4352,size=8486912,pid=679 
06-24 16:27:58.038 I/GRALLOC (  679): 	 yuv=2,w=1080,h=1920,Stride u=0 v=0,offset u=0 v=0 
06-24 16:27:58.038 I/GRALLOC (  679): 	 iova_size=8486912,conUsg=0x900,proUsg=0x900,	 strd=1088,[afbc]HdrStrd=1088 PyldStrd=69632 Scrmbl=2,ionhnd = 1 
06-24 16:27:58.041 D/PMS1000 (  657): package:com.excelliance.dualaid, input flags:8192, output hwFlags:0
06-24 16:27:58.042 I/OpenGLRenderer(27935): Initialized EGL, version 1.4
06-24 16:27:58.042 D/OpenGLRenderer(27935): Swap behavior 2
06-24 16:27:58.044 W/HSM     ( 1813): HoldService:toast switch is close!
06-24 16:27:58.048 D/ApplicationPackageManager(27906): queryIntentActivitiesAsUser blocked, Intent { act=android.intent.action.MAIN cat=[android.intent.category.LAUNCHER] pkg=com.gameloft.android.ANMP.GloftA9HM }
06-24 16:27:58.048 D/HsmInterfaceImpl(27906): List [ResolveInfo{bb86332 com.gameloft.android.ANMP.GloftA9HM/.MainActivity m=0x108000}]
06-24 16:27:58.048 I/GRALLOC (  679): 	 shrFd=10,fmt=0x1,intFmt=0x200000001,btStrd=4352,size=8486912,pid=679 
06-24 16:27:58.048 I/GRALLOC (  679): 	 yuv=2,w=1080,h=1920,Stride u=0 v=0,offset u=0 v=0 
06-24 16:27:58.048 I/GRALLOC (  679): 	 iova_size=8486912,conUsg=0x900,proUsg=0x900,	 strd=1088,[afbc]HdrStrd=1088 PyldStrd=69632 Scrmbl=2,ionhnd = 1 
06-24 16:27:58.055 I/GRALLOC (  679): 	 shrFd=10,fmt=0x1,intFmt=0x200000001,btStrd=4352,size=8486912,pid=679 
06-24 16:27:58.055 I/GRALLOC (  679): 	 yuv=2,w=1080,h=1920,Stride u=0 v=0,offset u=0 v=0 
06-24 16:27:58.055 I/GRALLOC (  679): 	 iova_size=8486912,conUsg=0x900,proUsg=0x900,	 strd=1088,[afbc]HdrStrd=1088 PyldStrd=69632 Scrmbl=2,ionhnd = 1 
06-24 16:27:58.057 D/mali_winsys(27935): EGLint new_window_surface(egl_winsys_display *, void *, EGLSurface, EGLConfig, egl_winsys_surface **, egl_color_buffer_format *, EGLBoolean) returns 0x3000
06-24 16:27:58.058 E/vndksupport(27935): Could not load vendor/lib/egl/libGLES_mali_v2.so from sphal namespace: dlopen failed: library "vendor/lib/egl/libGLES_mali_v2.so" not f