06-24 16:39:59.754 I/appium  (24379): AppiumResponse: {"sessionId":"12d3f873-0ea4-4775-928a-9964d13dcd6c","status":0,"value":"<?xml version=\"1.0\" encoding=\"UTF-8\"?><hierarchy rotation=\"0\"><android.widget.FrameLayout index=\"0\" text=\"\" class=\"android.widget.FrameLayout\" package=\"com.huawei.android.launcher\" content-desc=\"\" checkable=\"false\" checked=\"false\" clickable=\"false\" enabled=\"true\" focusable=\"false\" focused=\"false\" scrollable=\"false\" long-clickable=\"false\" password=\"false\" selected=\"false\" bounds=\"[0,0][1080,1920]\" resource-id=\"\" instance=\"0\"><android.widget.LinearLayout index=\"0\" text=\"\" class=\"android.widget.LinearLayout\" package=\"com.huawei.android.launcher\" content-desc=\"\" checkable=\"false\" checked=\"false\" clickable=\"false\" enabled=\"true\" focusable=\"false\" focused=\"false\" scrollable=\"false\" long-clickable=\"false\" password=\"false\" selected=\"false\" bounds=\"[0,0][1080,1920]\" resource-id=\"\" instance=\"0\"><android.widget.FrameLayout index=\"0\" text=\"\" class=\"android.widget.FrameLayout\" package=\"com.huawei.android.launcher\" content-desc=\"\" checkable=\"false\" checked=\"false\" clickable=\"false\" enabled=\"true\" focusable=\"false\" focused=\"false\" scrollable=\"false\" long-clickable=\"false\" password=\"false\" selected=\"false\" bounds=\"[0,0][1080,1920]\" resource-id=\"android:id\/content\" instance=\"1\"><android.widget.FrameLayout index=\"0\" text=\"\" class=\"android.widget.FrameLayout\" package=\"com.huawei.android.launcher\" content-desc=\"\" checkable=\"false\" checked=\"false\" clickable=\"false\" enabled=\"true\" focusable=\"false\" focused=\"false\" scrollable=\"false\" long-clickable=\"false\" password=\"false\" selected=\"false\" bounds=\"[0,0][1080,1920]\" resource-id=\"com.huawei.android.launcher:id\/drag_layer\" instance=\"2\"><android.view.ViewGroup index=\"0\" text=\"\" class=\"android.view.ViewGroup\" package=\"com.huawei.android.launcher\" content-desc=\"第 3 屏，共 4 屏\" checkable=\"false\" checked=\"false\" clickable=\"false\" enabled=\"true\" focusable=\"false\" focused=\"false\" scrollable=\"true\" long-clickable=\"false\" password=\"false\" selected=\"false\" bounds=\"[0,0][1080,1920]\" resource-id=\"com.huawei.android.launcher:id\/workspace\" instance=\"0\"><android.view.ViewGroup index=\"2\" text=\"\" class=\"android.view.ViewGroup\" package=\"com.huawei.android.launcher\" content-desc=\"\" checkable=\"false\" checked=\"false\" clickable=\"true\" enabled=\"true\" focusable=\"false\" focused=\"false\" scrollable=\"false\" long-clickable=\"true\" password=\"false\" selected=\"false\" bounds=\"[0,0][1080,1532]\" resource-id=\"com.huawei.android.launcher:id\/workspace_screen\" instance=\"1\"><android.widget.FrameLayout index=\"0\" text=\"\" class=\"android.widget.FrameLayout\" package=\"com.huawei.android.launcher\" content-desc=\"\" checkable=\"false\" checked=\"false\" clickable=\"false\" enabled=\"true\" focusable=\"false\" focused=\"false\" scrollable=\"false\" long-clickable=\"false\" password=\"false\" selected=\"false\" bounds=\"[12,0][1068,1514]\" resource-id=\"\" instance=\"3\"\/><android.view.ViewGroup index=\"1\" text=\"\" class=\"android.view.ViewGroup\" package=\"com.huawei.android.launcher\" content-desc=\"\" checkable=\"false\" checked=\"false\" clickable=\"false\" enabled=\"true\" focusable=\"false\" focused=\"false\" scrollable=\"false\" long-clickable=\"false\" password=\"false\" selected=\"false\" bounds=\"[12,0][1068,1514]\" resource-id=\"\" instance=\"2\"><android.widget.TextView index=\"0\" text=\"iTest\" class=\"android.widget.TextView\" package=\"com.huawei.android.launcher\" content-desc=\"\" checkable=\"false\" checked=\"false\" clickable=\"true\" enabled=\"true\" focusable=\"true\" focused=\"false\" scrollable=\"false\" long-clickable=\"true\" password=\"false\" selected=\"false\" bounds=\"[12,84][276,370]\" resource-id=\"\" instance=\"0\"\/><android.widget.TextView index=\"1\" text=\"WhatsApp\" class=\"android.widget.TextView\" package=\"com.huawei.android.launcher\" content-
06-24 16:39:59.778 I/appium  (24379): channel read invoked!
06-24 16:39:59.778 I/appium  (24379): channel read: GET /wd/hub/session/12d3f873-0ea4-4775-928a-9964d13dcd6c/source
06-24 16:39:59.783 W/ResourceType( 2519): No known package when getting name for resource number 0x9c010000
06-24 16:39:59.784 W/ResourceType( 2519): No known package when getting name for resource number 0x9c010100
06-24 16:39:59.785 W/ResourceType( 2519): No known package when getting name for resource number 0x9c010200
06-24 16:39:59.785 W/ResourceType( 2519): No known package when getting name for resource number 0x9c010300
06-24 16:39:59.785 W/ResourceType( 2519): No known package when getting name for resource number 0x9c010001
06-24 16:39:59.786 W/ResourceType( 2519): No known package when getting name for resource number 0x9c010101
06-24 16:39:59.786 W/ResourceType( 2519): No known package when getting name for resource number 0x9c010201
06-24 16:39:59.786 W/ResourceType( 2519): No known package when getting name for resource number 0x9c010301
06-24 16:39:59.786 W/ResourceType( 2519): No known package when getting name for resource number 0x9c010002
06-24 16:39:59.787 W/ResourceType( 2519): No known package when getting name for resource number 0x9c010102
06-24 16:39:59.787 W/ResourceType( 2519): No known package when getting name for resource number 0x9c010202
06-24 16:39:59.787 W/ResourceType( 2519): No known package when getting name for resource number 0x9c010302
06-24 16:39:59.787 W/ResourceType( 2519): No known package when getting name for resource number 0x9c010003
06-24 16:39:59.787 W/ResourceType( 2519): No known package when getting name for resource number 0x9c010103
06-24 16:39:59.787 W/ResourceType( 2519): No known package when getting name for resource number 0x9c010203
06-24 16:39:59.788 W/ResourceType( 2519): No known package when getting name for resource number 0x9c010303
06-24 16:39:59.788 W/ResourceType( 2519): No known package when getting name for resource number 0x9c010004
06-24 16:39:59.788 W/ResourceType( 2519): No known package when getting name for resource number 0x9c010104
06-24 16:39:59.788 W/ResourceType( 2519): No known package when getting name for resource number 0x9c010204
06-24 16:39:59.788 W/ResourceType( 2519): No known package when getting name for resource number 0x9c010304
06-24 16:39:59.797 I/appium  (24379): Skipping invisible child: android.view.accessibility.AccessibilityNodeInfo@9418; boundsInParent: Rect(0, 0 - 1080, 1580); boundsInScreen: Rect(0, 0 - -1080, 1532); packageName: com.huawei.android.launcher; className: android.view.ViewGroup; text: null; error: null; maxTextLength: -1; contentDescription: null; viewIdResName: com.huawei.android.launcher:id/workspace_screen; checkable: false; checked: false; focusable: false; focused: false; selected: false; clickable: true; longClickable: true; contextClickable: false; enabled: true; password: false; scrollable: false; importantForAccessibility: true; actions: [AccessibilityAction: ACTION_SELECT - null, AccessibilityAction: ACTION_CLEAR_SELECTION - null, AccessibilityAction: ACTION_CLICK - null, AccessibilityAction: ACTION_LONG_CLICK - null, AccessibilityAction: ACTION_ACCESSIBILITY_FOCUS - null, AccessibilityAction: ACTION_SHOW_ON_SCREEN - null]
06-24 16:39:59.797 I/appium  (24379): Skipping invisible child: android.view.accessibility.AccessibilityNodeInfo@97d9; boundsInParent: Rect(0, 0 - 1080, 1580); boundsInScreen: Rect(0, 0 - 0, 1532); packageName: com.huawei.android.launcher; className: android.view.ViewGroup; text: null; error: null; maxTextLength: -1; contentDescription: null; viewIdResName: com.huawei.android.launcher:id/workspace_screen; checkable: false; checked: false; focusable: false; focused: false; selected: false; clickable: true; longClickable: true; contextClickable: false; enabled: true; password: false; scrollable: false; importantForAccessibility: true; actions: [AccessibilityAction: ACTION_SELECT - null, AccessibilityAction: ACTION_CLEAR_SELECTION - null, AccessibilityAction: ACTION_CLICK - null, AccessibilityAction: ACTION_LONG_CLICK - null, AccessibilityAction: ACTION_ACCESSIBILITY_FOCUS - null, AccessibilityAction: ACTION_SHOW_ON_SCREEN - null]
06-24 16:39:59.801 I/appium  (24379): Skipping invisible child: android.view.accessibility.AccessibilityNodeInfo@14fca; boundsInParent: Rect(0, 0 - 93, 93); boundsInScreen: Rect(495, 0 - 584, 76); packageName: com.huawei.android.launcher; className: android.widget.ImageView; text: null; error: null; maxTextLength: -1; contentDescription: 设置默认主屏幕; viewIdResName: com.huawei.android.launcher:id/default_screen_home_icon; checkable: false; checked: false; focusable: true; focused: false; selected: false; clickable: true; longClickable: false; contextClickable: false; enabled: true; password: false; scrollable: false; importantForAccessibility: true; actions: [AccessibilityAction: ACTION_FOCUS - null, AccessibilityAction: ACTION_SELECT - null, AccessibilityAction: ACTION_CLEAR_SELECTION - null, AccessibilityAction: ACTION_CLICK - null, AccessibilityAction: ACTION_ACCESSIBILITY_FOCUS - null, AccessibilityAction: ACTION_NEXT_AT_MOVEMENT_GRANULARITY - null, AccessibilityAction: ACTION_PREVIOUS_AT_MOVEMENT_GRANULARITY - null, AccessibilityAction: ACTION_SET_SELECTION - null, AccessibilityAction: ACTION_SHOW_ON_SCREEN - null]
06-24 16:39:59.804 I/appium  (24379): Skipping invisible child: android.view.accessibility.AccessibilityNodeInfo@1538b; boundsInParent: Rect(0, 0 - 93, 93); boundsInScreen: Rect(493, 0 - 586, 78); packageName: com.huawei.android.launcher; className: android.widget.ImageView; text: null; error: null; maxTextLength: -1; contentDescription: 设置默认主屏幕; viewIdResName: com.huawei.android.launcher:id/default_screen_home_icon_bg; checkable: false; checked: false; focusable: true; focused: false; selected: false; clickable: true; longClickable: false; contextClickable: false; enabled: true; password: false; scrollable: false; importantForAccessibility: true; actions: [AccessibilityAction: ACTION_FOCUS - null, AccessibilityAction: ACTION_SELECT - null, AccessibilityAction: ACTION_CLEAR_SELECTION - null, AccessibilityAction: ACTION_CLICK - null, AccessibilityAction: ACTION_ACCESSIBILITY_FOCUS - null, AccessibilityAction: ACTION_NEXT_AT_MOVEMENT_GRANULARITY - null, AccessibilityAction: ACTION_PREVIOUS_AT_MOVEMENT_GRANULARITY - null, AccessibilityAction: ACTION_SET_SELECTION - null, AccessibilityAction: ACTION_SHOW_ON_SCREEN - null]
06-24 16:39:59.807 W/ResourceType( 2519): No known package when getting name for resource number 0x9c030000
06-24 16:39:59.809 I/ActivityManager(  657): START u0 {act=android.intent.action.MAIN cat=[android.intent.category.LAUNCHER] flg=0x10000000 cmp=com.excelliance.dualaid/com.excelliance.kxqp.ui.HelloActivity} from uid 2000
06-24 16:39:59.811 W/ResourceType( 2519): No known package when getting name for resource number 0x9c030100
06-24 16:39:59.815 I/ActivityManager(  657): ActivityRecord info: ActivityInfo{fad70dc com.excelliance.kxqp.ui.HelloActivity}
06-24 16:39:59.815 W/ResourceType( 2519): No known package when getting name for resource number 0x9c030200
06-24 16:39:59.816 I/ash     ( 1699): front pkg : com.excelliance.dualaid launcher: false
06-24 16:39:59.816 I/ash     ( 1699): above launcher front pkgs: [com.excelliance.dualaid]
06-24 16:39:59.820 W/ResourceType( 2519): No known package when getting name for resource number 0x9c030300
06-24 16:39:59.820 V/WindowManager(  657): addAppToken: AppWindowToken{7ed08fe token=Token{7cb5cb9 ActivityRecord{d820e80 u0 com.excelliance.dualaid/com.excelliance.kxqp.ui.HelloActivity t16061}}} controller={TaskWindowContainerController taskId=16061} at 2147483647
06-24 16:39:59.821 W/ResourceType( 2519): No known package when getting name for resource number 0x9c030001
06-24 16:39:59.821 I/PGServer( 1699): android calls fast hibernateApps
06-24 16:39:59.821 I/AppFastHibernation( 1699): fast hibernate duration: 1500 reason: start activity
06-24 16:39:59.822 I/Pged-IPgedBinderService(  769): ****action is 1, pid num is 7***
06-24 16:39:59.822 I/Pged-Freezer(  769): freezePids
06-24 16:39:59.822 I/Pged-Freezer(  769): Freeze process: 29457
06-24 16:39:59.822 D/PMS1000 (  657): package:com.excelliance.dualaid, input flags:1, output hwFlags:0
06-24 16:39:59.822 D/MotionDetectionManager( 2519): stopMotionAppsReco motionApps: 403
06-24 16:39:59.823 D/MotionDetectionManager( 2519): stopMotionAppsReco not recognition motionApps 403
06-24 16:39:59.823 W/HwLauncher( 2519): Launcher.MotionManager stopMotionAppsReco service flg 403 is unavailable
06-24 16:39:59.823 I/Pged-Freezer(  769): Freeze process: 19894
06-24 16:39:59.823 I/Pged-Freezer(  769): Freeze process: 29531
06-24 16:39:59.824 I/Pged-Freezer(  769): Freeze process: 14942
06-24 16:39:59.825 V/ActivityManager(  657): startProcess: name=com.excelliance.dualaid:olle app=null knownToBeDead=true thread=null pid=-1
06-24 16:39:59.825 D/PMS1000 (  657): package:com.excelliance.dualaid, input flags:0, output hwFlags:0
06-24 16:39:59.826 I/Pged-Freezer(  769): Freeze process: 15544
06-24 16:39:59.828 I/Pged-Freezer(  769): Freeze process: 24379
06-24 16:39:59.829 D/PgedBinderAdapter( 1699): frz ok, pid: [29457, 19894, 29531, 14942, 15544, 24379]
06-24 16:39:59.834 I/        ( 5557): power log dlsym ok
06-24 16:39:59.835 I/ActivityManager(  657): Start proc 5557:com.excelliance.dualaid:olle/u0a1423 for activity com.excelliance.dualaid/com.excelliance.kxqp.ui.HelloActivity
06-24 16:39:59.836 V/WindowManager(  657): No longer Stopped: AppWindowToken{7ed08fe token=Token{7cb5cb9 ActivityRecord{d820e80 u0 com.excelliance.dualaid/com.excelliance.kxqp.ui.HelloActivity t16061}}}
06-24 16:39:59.836 I/zygote  ( 5557): Reinit property: dalvik.vm.checkjni= false
06-24 16:39:59.836 V/ActivityManager(  657): startProcess: name=com.excelliance.dualaid:olle app=ProcessRecord{b1e685f 5557:com.excelliance.dualaid:olle/u0a1423} knownToBeDead=true thread=null pid=5557
06-24 16:39:59.838 W/ResourceType( 2519): No known package when getting name for resource number 0x9c030101
06-24 16:39:59.843 D/ActivityThread( 5557): ActivityThread,attachApplication
06-24 16:39:59.844 D/ActivityManager(  657): ActivityManagerService,attachApplication,callingPid = 5557
06-24 16:39:59.846 V/WindowManager(  657): No longer Stopped: AppWindowToken{7ed08fe token=Token{7cb5cb9 ActivityRecord{d820e80 u0 com.excelliance.dualaid/com.excelliance.kxqp.ui.HelloActivity t16061}}}
06-24 16:39:59.855 V/WindowManager(  657): findFocusedWindow: AppWindowToken{d3a938b token=Token{377755a ActivityRecord{d5c9105 u0 com.huawei.android.launcher/.unihome.UniHomeLauncher t15658}}} below Reached focused app=AppWindowToken{7ed08fe token=Token{7cb5cb9 ActivityRecord{d820e80 u0 com.excelliance.dualaid/com.excelliance.kxqp.ui.HelloActivity t16061}}}
06-24 16:39:59.856 D/ScenarioService( 1699): front pkg : com.excelliance.dualaid launcher: false
06-24 16:39:59.856 D/ScenarioService( 1699): new above launcher front pkgs: [com.excelliance.dualaid]
06-24 16:39:59.856 I/AppsUsage( 1699): scnOff:false FgAPP:com.excelliance.dualaid BgAPP:com.huawei.android.launcher
06-24 16:39:59.857 V/WindowManager(  657): Checking 1 opening apps (frozen=false timeout=false)...
06-24 16:39:59.857 V/WindowManager(  657): Check opening app=AppWindowToken{7ed08fe token=Token{7cb5cb9 ActivityRecord{d820e80 u0 com.excelliance.dualaid/com.excelliance.kxqp.ui.HelloActivity t16061}}}: allDrawn=false startingDisplayed=false startingMoved=false isRelaunching()=false
06-24 16:39:59.859 D/HwQoEUtils(  657): mForegroundAppPackageName: com.excelliance.dualaid:olle ,score: 0
06-24 16:39:59.859 D/HwQoEUtils(  657): APP type: -1 appName= com.excelliance.dualaid:olle
06-24 16:39:59.859 D/HwQoEUtils(  657): RealAppName:com.excelliance.dualaid
06-24 16:39:59.859 D/HwQoEUtils(  657): no game, APP_TYPE_GAME, appName =com.excelliance.dualaid:olle
06-24 16:39:59.860 D/HwGameAssistantController(  657): pid=5557, uid=11423, foreground=true
06-24 16:39:59.860 D/EmcomManagerService(  657): forePackage name is com.excelliance.dualaid
06-24 16:39:59.860 D/HicomPolicyManager(  657): foreAppInfo = nullpkgName = com.excelliance.dualaid uid= 11423
06-24 16:39:59.860 E/HicomPolicyManager(  657): udp acc is not start yet!
06-24 16:39:59.860 D/HicomPolicyManager(  657): speed control is not start
06-24 16:39:59.860 E/HicomPolicyManager(  657): Network Evaluation is not start yet!
06-24 16:39:59.860 E/HicomPolicyManager(  657): foreground app info is null
06-24 16:39:59.860 W/AwareLog(  657): SchedLevelBoost: onFgActivitiesChanged config not set!
06-24 16:39:59.861 I/HwNetworkPolicy(  657): onTransact, code = 203
06-24 16:39:59.861 I/HwNetworkPolicyManager( 1813): getHwUidPolicy uid = 11423 policy = 0
06-24 16:39:59.863 D/[HwRecSys]HwRecSysService( 2647): onEvent actionID: 10000 msg:com.excelliance.dualaid		
06-24 16:39:59.863 W//system/bin/hwservicemanager(  416): Cannot open /odm/manifest.xml
06-24 16:39:59.863 E/[HwRecSys]HwRecSysService( 2647): getIsRportDirectService is false!
06-24 16:39:59.864 I/PGServer( 1699): report state:10010 event type:2 pid:0 uid:0 pkg:com.huawei.android.launcher to pid: 657
06-24 16:39:59.864 I/PGServer( 1699): report state:10010 event type:2 pid:0 uid:0 pkg:com.huawei.android.launcher to pid: 1699
06-24 16:39:59.864 I/SceneReceiver( 1699): state type: 10010 eventType:2 pid:0 uid:0 pkg:com.huawei.android.launcher
06-24 16:39:59.864 I/PGServer( 1699): report state:10000 event type:1 pid:0 uid:0 pkg:com.excelliance.dualaid to pid: 657
06-24 16:39:59.864 I/PGServer( 1699): report state:10000 event type:1 pid:0 uid:0 pkg:com.excelliance.dualaid to pid: 1699
06-24 16:39:59.865 I/SceneReceiver( 1699): state type: 10000 eventType:1 pid:0 uid:0 pkg:com.excelliance.dualaid
06-24 16:39:59.867 W/libc    ( 1699): Set property "sys.aps.gameProcessName" to ""
06-24 16:39:59.867 D/HwThermalStateManager( 1699): current foreapp pkg : com.excelliance.dualaid
06-24 16:39:59.867 I/PGServer( 1699): checkPkgType. calling pkg: android
06-24 16:39:59.868 W/libc    ( 1699): Set property "sys.aps.browserProcessName" to ""
06-24 16:39:59.868 I/PGServer( 1699): checkPkgType. calling pkg: android
06-24 16:39:59.875 D/HwFLClassLoader( 5557): get used feature list :/feature/used-list failed!
06-24 16:39:59.876 D/HwFLClassLoader( 5557): USE_FEATURE_LIST had not init! 
06-24 16:39:59.878 W//system/bin/hwservicemanager(  416): Cannot open /odm/manifest.xml
06-24 16:39:59.879 I/GRALLOC (  679): 	 shrFd=10,fmt=0x1,intFmt=0x1,btStrd=256,size=4096,pid=679 
06-24 16:39:59.879 I/GRALLOC (  679): 	 yuv=2,w=16,h=16,Stride u=0 v=0,offset u=0 v=0 
06-24 16:39:59.879 I/GRALLOC (  679): 	 iova_size=4096,conUsg=0x100,proUsg=0x100,	 strd=64,[afbc]HdrStrd=0 PyldStrd=0 Scrmbl=0,ionhnd = 1 
06-24 16:39:59.890 E/MemoryLeakMonitorManager( 5557): MemoryLeakMonitor.jar is not exist!
06-24 16:39:59.890 D/CrashHandler( 5557): CrashHandler
06-24 16:39:59.891 E/Minikin ( 5557): Could not get cmap table size!
06-24 16:39:59.891 D/PMS11423(  657): package:com.excelliance.dualaid, input flags:128, output hwFlags:0
06-24 16:39:59.897 D/KXQPApplication( 5557): run: initUserManager
06-24 16:39:59.900 I/HwCust  ( 5557): Constructor found for class android.app.HwCustActivityImpl
06-24 16:39:59.900 D/HwCust  ( 5557): Create obj success use class android.app.HwCustActivityImpl
06-24 16:39:59.902 V/HwPolicyFactory( 5557): : success to get AllImpl object and return....
06-24 16:39:59.903 I/HwCust  ( 5557): Constructor found for class android.app.HwCustHwWallpaperManagerImpl
06-24 16:39:59.903 D/HwCust  ( 5557): Create obj success use class android.app.HwCustHwWallpaperManagerImpl
06-24 16:39:59.904 D/PMS11423(  657): package:com.excelliance.dualaid, input flags:0, output hwFlags:0
06-24 16:39:59.906 V/HwWidgetFactory( 5557): : successes to get AllImpl object and return....
06-24 16:39:59.907 V/ActivityThread( 5557): ActivityThread,callActivityOnCreate
06-24 16:39:59.908 D/HelloActivity( 5557): Memory:25151M
06-24 16:39:59.909 D/HelloActivity( 5557): onCreate: true
06-24 16:39:59.911 D/HelloActivity( 5557): is code boot
06-24 16:39:59.913 D/HelloActivity( 5557): mIsNav = false
06-24 16:39:59.929 D/HelloActivity( 5557): defDisplayStyle:5
06-24 16:39:59.931 D/HttpUtils( 5557): getDownloadMode()
06-24 16:39:59.931 D/NetUtils( 5557): init inited = true
06-24 16:39:59.931 D/HelloActivity( 5557): enter Nav2
06-24 16:39:59.934 D/NetworkSecurityConfig( 5557): No Network Security Config specified, using platform default
06-24 16:39:59.934 I/ActivityManager(  657): START u0 {pkg=com.excelliance.dualaid cmp=com.excelliance.dualaid/com.excelliance.kxqp.swipe.NavActivity2 (has extras)} from uid 11423
06-24 16:39:59.934 I/ActivityManager(  657): ActivityRecord info: ActivityInfo{db9d78c com.excelliance.kxqp.swipe.NavActivity2}
06-24 16:39:59.935 V/WindowManager(  657): findFocusedWindow: AppWindowToken{d3a938b token=Token{377755a ActivityRecord{d5c9105 u0 com.huawei.android.launcher/.unihome.UniHomeLauncher t15658}}} below Reached focused app=AppWindowToken{7ed08fe token=Token{7cb5cb9 ActivityRecord{d820e80 u0 com.excelliance.dualaid/com.excelliance.kxqp.ui.HelloActivity t16061}}}
06-24 16:39:59.935 V/WindowManager(  657): addAppToken: AppWindowToken{2c739d6 token=Token{6cee9f1 ActivityRecord{a032d98 u0 com.excelliance.dualaid/com.excelliance.kxqp.swipe.NavActivity2 t16061}}} controller={TaskWindowContainerController taskId=16061} at 2147483647
06-24 16:39:59.940 D/HwRecentsLockUtils( 1513): Search
06-24 16:39:59.940 E/HsmCoreServiceImpl( 1478): onTransact in code is: 103
06-24 16:39:59.940 I/MediaProcessHandler( 1478): playingUids: 
06-24 16:39:59.941 D/ActivityManager(  657): Skipping, home or recents stack task: TaskRecord{333215f #15658 A=com.huawei.android.launcher U=0 StackId=0 sz=1}
06-24 16:39:59.941 D/ActivityManager(  657): Skipping intent:act=android.intent.action.MAIN cat=[android.intent.category.LAUNCHER] flg=0x10a00000 cmp=io.appium.settings/.Settings
06-24 16:39:59.941 D/ActivityManager(  657): Skipping intent:flg=0x10804000 cmp=com.android.systemui/.recents.RecentsActivity bnds=[48,928][1032,2296]
06-24 16:39:59.941 D/ActivityManager(  657): Skipping intent:flg=0x18800000 cmp=com.tencent.mm/.plugin.base.stub.WXPayEntryActivity
06-24 16:39:59.941 D/ActivityManager(  657): Skipping intent:flg=0x10800000 cmp=com.huawei.systemmanager/com.huawei.permissionmanager.ui.MainActivity
06-24 16:39:59.941 D/ActivityManager(  657): Skipping intent:flg=0x18800000 cmp=com.tencent.mm/.plugin.base.stub.WXEntryActivity
06-24 16:39:59.941 D/ActivityManager(  657): Skipping intent:act=com.huawei.action.VOICE_ASSISTANT flg=0x10800000 pkg=com.huawei.vassistant cmp=com.huawei.vassistant/.ui.main.VAssistantActivity
06-24 16:39:59.941 D/ActivityManager(  657): Skipping intent:act=com.huawei.android.launcher.action.ACCESS_SPLIT_SCREEN_APP cat=[android.intent.category.DEFAULT] flg=0x10804000 cmp=com.huawei.android.launcher/.splitscreen.SplitScreenAppActivity
06-24 16:39:59.942 D/ActivityManager(  657): Skipping intent:flg=0x10800000 pkg=com.excelliance.dualaid.b64 cmp=com.excelliance.dualaid.b64/com.excelliance.kxqp.sdk.PermissionRequestActivity
06-24 16:39:59.942 D/ActivityManager(  657): Skipping intent:act=android.intent.action.VIEW dat=content://com.excelliance.dualaid.fileProvider/external_storage_root/Download/apk/Multiple_64.apk typ=application/vnd.android.package-archive flg=0x10800001 cmp=com.android.packageinstaller/.InstallStart
06-24 16:39:59.942 D/ActivityManager(  657): Skipping intent:flg=0x10800000 cmp=com.android.systemui/.usb.HwUsbDebuggingActivity
06-24 16:39:59.942 D/ActivityManager(  657): Skipping intent:act=android.deviceinfo.chooser.action.LAUNCH flg=0x10800000 hwFlg=0x100 pkg=com.android.settings cmp=com.android.settings/.deviceinfo.UsbConnModeChooserActivity
06-24 16:39:59.942 D/ActivityManager(  657): Skipping intent:flg=0x10800000 cmp=com.zol.android/.push.KeepLiveActivity
06-24 16:39:59.942 D/ActivityManager(  657): Skipping intent:act=android.intent.action.MAIN cat=[android.intent.category.HOME] flg=0x10800300 cmp=com.android.settings/.FallbackHome
06-24 16:39:59.942 V/ActivityManager(  657): startProcess: name=com.excelliance.dualaid app=null knownToBeDead=true thread=null pid=-1
06-24 16:39:59.942 D/PMS1000 (  657): package:com.excelliance.dualaid, input flags:0, output hwFlags:0
06-24 16:39:59.950 I/        ( 5582): power log dlsym ok
06-24 16:39:59.951 I/ActivityManager(  657): Start proc 5582:com.excelliance.dualaid/u0a1423 for service com.excelliance.dualaid/com.excelliance.kxqp.SmtServService
06-24 16:39:59.952 I/zygote  ( 5582): Reinit property: dalvik.vm.checkjni= false
06-24 16:39:59.957 D/ActivityThread( 5582): ActivityThread,attachApplication
06-24 16:39:59.958 D/ActivityManager(  657): ActivityManagerService,attachApplication,callingPid = 5582
06-24 16:39:59.958 D/HwNetworkManagementService(  657): code == CODE_GET_AD_KEY_LIST
06-24 16:39:59.958 D/HwNetworkManagementService(  657): appName = com.excelliance.dualaid  is not in the mAdViewMap! reply none
06-24 16:39:59.958 D/HwNetworkManagementService(  657): appName = com.excelliance.dualaid  is not in the mAdIdMap! reply none
06-24 16:39:59.960 V/WindowManager(  657): No longer Stopped: AppWindowToken{2c739d6 token=Token{6cee9f1 ActivityRecord{a032d98 u0 com.excelliance.dualaid/com.excelliance.kxqp.swipe.NavActivity2 t16061}}}
06-24 16:39:59.960 D/ActivityManager(  657): allPausedActivitiesComplete: r=ActivityRecord{d820e80 u0 com.excelliance.dualaid/com.excelliance.kxqp.ui.HelloActivity t16061 f} state=PAUSING
06-24 16:39:59.963 D/ActivityThread( 5557): add activity client record, r= ActivityRecord{cbe2ddc token=android.os.BinderProxy@d13fa03 {com.excelliance.dualaid/com.excelliance.kxqp.ui.HelloActivity}} token= android.os.BinderProxy@d13fa03
06-24 16:39:59.965 V/WindowManager(  657): No longer Stopped: AppWindowToken{2c739d6 token=Token{6cee9f1 ActivityRecord{a032d98 u0 com.excelliance.dualaid/com.excelliance.kxqp.swipe.NavActivity2 t16061}}}
06-24 16:39:59.965 W//system/bin/hwservicemanager(  416): Cannot open /odm/manifest.xml
06-24 16:39:59.969 V/WindowManager(  657): Checking 1 opening apps (frozen=false timeout=false)...
06-24 16:39:59.969 V/WindowManager(  657): Check opening app=AppWindowToken{2c739d6 token=Token{6cee9f1 ActivityRecord{a032d98 u0 com.excelliance.dualaid/com.excelliance.kxqp.swipe.NavActivity2 t16061}}}: allDrawn=false startingDisplayed=false startingMoved=false isRelaunching()=false
06-24 16:39:59.971 D/HwCust  ( 5557): Create obj success use class android.app.HwCustActivityImpl
06-24 16:39:59.971 D/HwCust  ( 5557): Create obj success use class android.app.HwCustHwWallpaperManagerImpl
06-24 16:39:59.972 V/ActivityThread( 5557): ActivityThread,callActivityOnCreate
06-24 16:39:59.976 W/X509TrustManager( 5557): checkServerTrusted: SignatureException:null
06-24 16:39:59.976 W/X509TrustManager( 5557): checkServerTrusted: SignatureException:error:04000073:RSA routines:OPENSSL_internal:DATA_TOO_LARGE_FOR_MODULUS
06-24 16:39:59.978 D/NavActivity2( 5557): onCreate
06-24 16:39:59.982 W//system/bin/hwservicemanager(  416): Cannot open /odm/manifest.xml
06-24 16:39:59.983 D/PMS11423(  657): package:com.excelliance.dualaid, input flags:128, output hwFlags:0
06-24 16:39:59.983 I/GRALLOC (  679): 	 shrFd=10,fmt=0x1,intFmt=0x1,btStrd=256,size=4096,pid=679 
06-24 16:39:59.983 I/GRALLOC (  679): 	 yuv=2,w=16,h=16,Stride u=0 v=0,offset u=0 v=0 
06-24 16:39:59.983 I/GRALLOC (  679): 	 iova_size=4096,conUsg=0x100,proUsg=0x100,	 strd=64,[afbc]HdrStrd=0 PyldStrd=0 Scrmbl=0,ionhnd = 1 
06-24 16:39:59.984 W/Utils   ( 5557): Utils_isSuperResolutionSupport [load libai_client.so failed]
06-24 16:39:59.986 D/CubicBezierInterpolator( 5557): CubicBezierInterpolator  mControlPoint1x = 0.23, mControlPoint1y = 0.06, mControlPoint2x = 0.09, mControlPoint2y = 0.97
06-24 16:39:59.986 D/CubicBezierInterpolator( 5557): CubicBezierInterpolator  mControlPoint1x = 0.6, mControlPoint1y = 0.9, mControlPoint2x = 0.8, mControlPoint2y = 1.0
06-24 16:39:59.986 D/CubicBezierInterpolator( 5557): CubicBezierInterpolator  mControlPoint1x = 0.23, mControlPoint1y = 0.06, mControlPoint2x = 0.09, mControlPoint2y = 0.97
06-24 16:39:59.986 D/CubicBezierInterpolator( 5557): CubicBezierInterpolator  mControlPoint1x = 0.6, mControlPoint1y = 0.9, mControlPoint2x = 0.8, mControlPoint2y = 1.0
06-24 16:39:59.987 D/CubicBezierInterpolator( 5557): CubicBezierInterpolator  mControlPoint1x = 0.23, mControlPoint1y = 0.06, mControlPoint2x = 0.09, mControlPoint2y = 0.97
06-24 16:39:59.987 D/HwFLClassLoader( 5582): get used feature list :/feature/used-list failed!
06-24 16:39:59.987 D/HwFLClassLoader( 5582): USE_FEATURE_LIST had not init! 
06-24 16:39:59.987 D/CubicBezierInterpolator( 5557): CubicBezierInterpolator  mControlPoint1x = 0.6, mControlPoint1y = 0.9, mControlPoint2x = 0.8, mControlPoint2y = 1.0
06-24 16:39:59.987 D/CubicBezierInterpolator( 5557): CubicBezierInterpolator  mControlPoint1x = 0.23, mControlPoint1y = 0.06, mControlPoint2x = 0.09, mControlPoint2y = 0.97
06-24 16:39:59.987 D/CubicBezierInterpolator( 5557): CubicBezierInterpolator  mControlPoint1x = 0.6, mControlPoint1y = 0.9, mControlPoint2x = 0.8, mControlPoint2y = 1.0
06-24 16:39:59.993 D/HwRTBlurUtils( 5557): check blur style for HwPhoneWindow-, themeResId : 0x7f0e000a, context : com.excelliance.kxqp.swipe.NavActivity2@794246b, Nhwext : 0, get Blur : disable with , null
06-24 16:39:59.993 D/HwRTBlurUtils( 5557): check blur style for HwPhoneWindow-, themeResId : 0x7f0e000a, context : com.excelliance.kxqp.swipe.NavActivity2@794246b, Nhwext : 0, get Blur : disable with , null
06-24 16:39:59.994 E/test    ( 5557): hw notch screen flag api error
06-24 16:39:59.996 D/ActivityThread( 5557): add activity client record, r= ActivityRecord{414755e token=android.os.BinderProxy@31abee5 {com.excelliance.dualaid/com.excelliance.kxqp.swipe.NavActivity2}} token= android.os.BinderProxy@31abee5
06-24 16:39:59.997 E/ViewUtils( 5557): setBgColor: view==null:top
06-24 16:40:00.000 D/PMS11423(  657): package:com.excelliance.dualaid, input flags:128, output hwFlags:0
06-24 16:40:00.001 V/AlarmManager(  657): Received TIME_TICK alarm; rescheduling
06-24 16:40:00.001 I/HwAlarmManagerService(  657): hwSetAlarm listenerTag: time_tick
06-24 16:40:00.002 E/DateView( 1513): DateView,mCurrentTime: 1529829600002
06-24 16:40:00.003 D/OpenGLRenderer( 5557):   HWUI Binary is  enabled
06-24 16:40:00.004 D/SurfaceFlinger(  710): SurfaceFlinger: getDisplayConfigs--3.000000, 1080, 1920
06-24 16:40:00.004 I/chatty  (  710): uid=1000(system) Binder:710_3 identical 1 line
06-24 16:40:00.004 D/SurfaceFlinger(  710): SurfaceFlinger: getDisplayConfigs--3.000000, 1080, 1920
06-24 16:40:00.005 D/OpenGLRenderer( 5557): HWUI GL Pipeline
06-24 16:40:00.005 D/PMS11423(  657): package:com.excelliance.dualaid, input flags:128, output hwFlags:0
06-24 16:40:00.009 V/WindowManager(  657): Adding Window{219e96b u0 com.excelliance.dualaid/com.excelliance.kxqp.swipe.NavActivity2} to AppWindowToken{2c739d6 token=Token{6cee9f1 ActivityRecord{a032d98 u0 com.excelliance.dualaid/com.excelliance.kxqp.swipe.NavActivity2 t16061}}}
06-24 16:40:00.009 D/PMS11423(  657): package:com.excelliance.dualaid, input flags:128, output hwFlags:0
06-24 16:40:00.009 V/WindowManager(  657): addWindow: New client android.os.BinderProxy@248f6ba: window=Window{219e96b u0 com.excelliance.dualaid/com.excelliance.kxqp.swipe.NavActivity2} Callers=com.android.server.wm.HwWindowManagerService.addWindow:562 com.android.server.wm.Session.addToDisplay:199 android.view.IWindowSession$Stub.onTransact:124 com.android.server.wm.Session.onTransact:161 android.os.Binder.execTransact:675 
06-24 16:40:00.012 W/HwKeyguardDragHelper( 1513): AnimationBlocked
06-24 16:40:00.015 V/WindowManager(  657): Checking 1 opening apps (frozen=false timeout=false)...
06-24 16:40:00.015 V/WindowManager(  657): Check opening app=AppWindowToken{2c739d6 token=Token{6cee9f1 ActivityRecord{a032d98 u0 com.excelliance.dualaid/com.excelliance.kxqp.swipe.NavActivity2 t16061}}}: allDrawn=false startingDisplayed=false startingMoved=false isRelaunching()=false
06-24 16:40:00.015 D/HwGalleryCacheManagerImpl( 5557): mIsEffect:false
06-24 16:40:00.015 D/PMS11423(  657): package:com.excelliance.dualaid, input flags:128, output hwFlags:0
06-24 16:40:00.017 I/EventCenter( 1513): EventCenter Get :android.intent.action.TIME_TICK
06-24 16:40:00.018 D/HttpUtils( 5557): getResponseCode():200
06-24 16:40:00.018 D/WHEG    ( 5557): {"status":"0","controls":"","skip":"0"}
06-24 16:40:00.019 W/ResourceType( 1513): No known package when getting value for resource number 0xffffffff
06-24 16:40:00.019 E/DateLunarView( 1513): mDateString is: 6月24日星期日
06-24 16:40:00.020 W/ResourceType( 1513): No known package when getting value for resource number 0xffffffff
06-24 16:40:00.020 E/DateLunarView( 1513): mDateString is: 6月24日星期日
06-24 16:40:00.020 D/KeyguardUpdateMonitor( 1513): received broadcast android.intent.action.TIME_TICK
06-24 16:40:00.020 D/KeyguardUpdateMonitor( 1513): handleTimeUpdate
06-24 16:40:00.020 I/KeyguardStatusView( 1513): Runnable for refresh
06-24 16:40:00.021 I/HwLauncher( 2519): Model  onReceive intent=Intent { act=android.intent.action.TIME_TICK flg=0x50200014 hwFlg=0x900 (has extras) }
06-24 16:40:00.021 I/HwLauncher( 2519): Model  onReceive user=UserHandle{0}
06-24 16:40:00.023 I/Step_LSC( 3140): 80002326|processHandleBroadcastAction action:android.intent.action.TIME_TICK
06-24 16:40:00.025 I/Step_SPUtils( 3140): 80002326|setAliveRecord  success: timestampArg=1529829600023 elapsedRealtimeArg=112338872
06-24 16:40:00.027 D/PMS11423(  657): package:com.excelliance.dualaid, input flags:128, output hwFlags:0
06-24 16:40:00.029 E/HwLauncher( 2519): SettingsEx , no such field.
06-24 16:40:00.029 W/HwLauncher( 2519): Clock getDataFormat the getSystemString failed.
06-24 16:40:00.036 W/ExpandableNotificationRow( 1513): setActionsBackground,null == view,mPublicLayout
06-24 16:40:00.036 W/ExpandableNotificationRow( 1513): setActionsBackground,null == view,mPrivateLayout
06-24 16:40:00.036 W/ExpandableNotificationRow( 1513): setActionsBackground,null == view,mPublicLayout
06-24 16:40:00.036 W/ExpandableNotificationRow( 1513): setActionsBackground,null == view,mPrivateLayout
06-24 16:40:00.037 W/ExpandableNotificationRow( 1513): setActionsBackground,null == view,mPublicLayout
06-24 16:40:00.037 W/ExpandableNotificationRow( 1513): setActionsBackground,null == view,mPrivateLayout
06-24 16:40:00.037 W/ExpandableNotificationRow( 1513): setActionsBackground,null == view,mPublicLayout
06-24 16:40:00.037 W/ExpandableNotificationRow( 1513): setActionsBackground,null == view,mPrivateLayout
06-24 16:40:00.037 W/ExpandableNotificationRow( 1513): setActionsBackground,null == view,mPublicLayout
06-24 16:40:00.037 W/ExpandableNotificationRow( 1513): setActionsBackground,null == view,mPrivateLayout
06-24 16:40:00.037 W/ExpandableNotificationRow( 1513): setActionsBackground,null == view,mPublicLayout
06-24 16:40:00.037 W/ExpandableNotificationRow( 1513): setActionsBackground,null == view,mPrivateLayout
06-24 16:40:00.038 W/ExpandableNotificationRow( 1513): setActionsBackground,null == view,mPublicLayout
06-24 16:40:00.038 W/ExpandableNotificationRow( 1513): setActionsBackground,null == view,mPrivateLayout
06-24 16:40:00.038 W/ExpandableNotificationRow( 1513): setActionsBackground,null == view,mPublicLayout
06-24 16:40:00.038 W/ExpandableNotificationRow( 1513): setActionsBackground,null == view,mPrivateLayout
06-24 16:40:00.038 W/ExpandableNotificationRow( 1513): setActionsBackground,null == view,mPublicLayout
06-24 16:40:00.038 W/ExpandableNotificationRow( 1513): setActionsBackground,null == view,mPrivateLayout
06-24 16:40:00.038 W/ExpandableNotificationRow( 1513): setActionsBackground,null == view,mPublicLayout
06-24 16:40:00.038 W/ExpandableNotificationRow( 1513): setActionsBackground,null == view,mPrivateLayout
06-24 16:40:00.038 W/ExpandableNotificationRow( 1513): setActionsBackground,null == view,mPublicLayout
06-24 16:40:00.039 W/ExpandableNotificationRow( 1513): setActionsBackground,null == view,mPrivateLayout
06-24 16:40:00.039 W/ExpandableNotificationRow( 1513): setActionsBackground,null == view,mPublicLayout
06-24 16:40:00.039 W/ExpandableNotificationRow( 1513): setActionsBackground,null == view,mPrivateLayout
06-24 16:40:00.039 W/ExpandableNotificationRow( 1513): setActionsBackground,null == view,mPublicLayout
06-24 16:40:00.039 W/ExpandableNotificationRow( 1513): setActionsBackground,null == view,mPrivateLayout
06-24 16:40:00.039 W/ExpandableNotificationRow( 1513): setActionsBackground,null == view,mPublicLayout
06-24 16:40:00.039 W/ExpandableNotificationRow( 1513): setActionsBackground,null == view,mPrivateLayout
06-24 16:40:00.039 W/ExpandableNotificationRow( 1513): setActionsBackground,null == view,mPublicLayout
06-24 16:40:00.039 W/ExpandableNotificationRow( 1513): setActionsBackground,null == view,mPrivateLayout
06-24 16:40:00.039 W/ExpandableNotificationRow( 1513): setActionsBackground,null == view,mPublicLayout
06-24 16:40:00.039 W/ExpandableNotificationRow( 1513): setActionsBackground,null == view,mPrivateLayout
06-24 16:40:00.040 W/ExpandableNotificationRow( 1513): setActionsBackground,null == view,mPublicLayout
06-24 16:40:00.040 W/ExpandableNotificationRow( 1513): setActionsBackground,null == view,mPrivateLayout
06-24 16:40:00.040 W/ExpandableNotificationRow( 1513): setActionsBackground,null == view,mPublicLayout
06-24 16:40:00.040 W/ExpandableNotificationRow( 1513): setActionsBackground,null == view,mPrivateLayout
06-24 16:40:00.040 W/ExpandableNotificationRow( 1513): setActionsBackground,null == view,mPublicLayout
06-24 16:40:00.040 W/ExpandableNotificationRow( 1513): setActionsBackground,null == view,mPrivateLayout
06-24 16:40:00.040 W/ExpandableNotificationRow( 1513): setActionsBackground,null == view,mPublicLayout
06-24 16:40:00.040 W/ExpandableNotificationRow( 1513): setActionsBackground,null == view,mPrivateLayout
06-24 16:40:00.040 W/ExpandableNotificationRow( 1513): setActionsBackground,null == view,mPublicLayout
06-24 16:40:00.040 W/ExpandableNotificationRow( 1513): setActionsBackground,null == view,mPrivateLayout
06-24 16:40:00.041 W/ExpandableNotificationRow( 1513): setActionsBackground,null == view,mPublicLayout
06-24 16:40:00.041 W/ExpandableNotificationRow( 1513): setActionsBackground,null == view,mPrivateLayout
06-24 16:40:00.041 W/ExpandableNotificationRow( 1513): setActionsBackground,null == view,mPublicLayout
06-24 16:40:00.041 W/ExpandableNotificationRow( 1513): setActionsBackground,null == view,mPrivateLayout
06-24 16:40:00.041 W/ExpandableNotificationRow( 1513): setActionsBackground,null == view,mPublicLayout
06-24 16:40:00.041 W/ExpandableNotificationRow( 1513): setActionsBackground,null == view,mPrivateLayout
06-24 16:40:00.041 W/ExpandableNotificationRow( 1513): setActionsBackground,null == view,mPublicLayout
06-24 16:40:00.041 W/ExpandableNotificationRow( 1513): setActionsBackground,null == view,mPrivateLayout
06-24 16:40:00.041 W/ExpandableNotificationRow( 1513): setActionsBackground,null == view,mPublicLayout
06-24 16:40:00.041 W/ExpandableNotificationRow( 1513): setActionsBackground,null == view,mPrivateLayout
06-24 16:40:00.042 W/ExpandableNotificationRow( 1513): setActionsBackground,null == view,mPublicLayout
06-24 16:40:00.042 W/ExpandableNotificationRow( 1513): setActionsBackground,null == view,mPrivateLayout
06-24 16:40:00.042 W/ExpandableNotificationRow( 1513): setActionsBackground,null == view,mPublicLayout
06-24 16:40:00.042 W/ExpandableNotificationRow( 1513): setActionsBackground,null == view,mPrivateLayout
06-24 16:40:00.042 W/ExpandableNotificationRow( 1513): setActionsBackground,null == view,mPublicLayout
06-24 16:40:00.042 W/ExpandableNotificationRow( 1513): setActionsBackground,null == view,mPrivateLayout
06-24 16:40:00.042 W/ExpandableNotificationRow( 1513): setActionsBackground,null == view,mPublicLayout
06-24 16:40:00.042 W/ExpandableNotificationRow( 1513): setActionsBackground,null == view,mPrivateLayout
06-24 16:40:00.042 W/ExpandableNotificationRow( 1513): setActionsBackground,null == view,mPublicLayout
06-24 16:40:00.042 W/ExpandableNotificationRow( 1513): setActionsBackground,null == view,mPrivateLayout
06-24 16:40:00.043 W/ExpandableNotificationRow( 1513): setActionsBackground,null == view,mPublicLayout
06-24 16:40:00.043 W/ExpandableNotificationRow( 1513): setActionsBackground,null == view,mPrivateLayout
06-24 16:40:00.043 W/ExpandableNotificationRow( 1513): setActionsBackground,null == view,mPublicLayout
06-24 16:40:00.043 W/ExpandableNotificationRow( 1513): setActionsBackground,null == view,mPrivateLayout
06-24 16:40:00.043 W/ExpandableNotificationRow( 1513): setActionsBackground,null == view,mPublicLayout
06-24 16:40:00.043 W/ExpandableNotificationRow( 1513): setActionsBackground,null == view,mPrivateLayout
06-24 16:40:00.043 W/ExpandableNotificationRow( 1513): setActionsBackground,null == view,mPublicLayout
06-24 16:40:00.043 W/ExpandableNotificationRow( 1513): setActionsBackground,null == view,mPrivateLayout
06-24 16:40:00.043 W/ExpandableNotificationRow( 1513): setActionsBackground,null == view,mPublicLayout
06-24 16:40:00.043 W/ExpandableNotificationRow( 1513): setActionsBackground,null == view,mPrivateLayout
06-24 16:40:00.043 W/ExpandableNotificationRow( 1513): setActionsBackground,null == view,mPublicLayout
06-24 16:40:00.043 W/ExpandableNotificationRow( 1513): setActionsBackground,null == view,mPrivateLayout
06-24 16:40:00.044 W/HwKeyguardDragHelper( 1513): AnimationBlocked
06-24 16:40:00.047 I/[HwRecSys]TimerController( 2647): onMinuteChange requestWeather
06-24 16:40:00.064 V/BroadcastQueue(  657): Finished with ordered broadcast BroadcastRecord{627bbe5 u-1 android.intent.action.TIME_TICK}
06-24 16:40:00.069 D/HwRecentsLockUtils( 1513): Search
06-24 16:40:00.069 E/HsmCoreServiceImpl( 1478): onTransact in code is: 103
06-24 16:40:00.069 I/MediaProcessHandler( 1478): playingUids: 
06-24 16:40:00.069 D/ActivityManager(  657): Skipping, home or recents stack task: TaskRecord{333215f #15658 A=com.huawei.android.launcher U=0 StackId=0 sz=1}
06-24 16:40:00.069 D/ActivityManager(  657): Skipping intent:act=android.intent.action.MAIN cat=[android.intent.category.LAUNCHER] flg=0x10a00000 cmp=io.appium.settings/.Settings
06-24 16:40:00.069 D/ActivityManager(  657): Skipping intent:flg=0x10804000 cmp=com.android.systemui/.recents.RecentsActivity bnds=[48,928][1032,2296]
06-24 16:40:00.069 D/ActivityManager(  657): Skipping intent:flg=0x18800000 cmp=com.tencent.mm/.plugin.base.stub.WXPayEntryActivity
06-24 16:40:00.069 D/ActivityManager(  657): Skipping intent:flg=0x10800000 cmp=com.huawei.systemmanager/com.huawei.permissionmanager.ui.MainActivity
06-24 16:40:00.069 D/ActivityManager(  657): Skipping intent:flg=0x18800000 cmp=com.tencent.mm/.plugin.base.stub.WXEntryActivity
06-24 16:40:00.069 D/ActivityManager(  657): Skipping intent:act=com.huawei.action.VOICE_ASSISTANT flg=0x10800000 pkg=com.huawei.vassistant cmp=com.huawei.vassistant/.ui.main.VAssistantActivity
06-24 16:40:00.069 D/ActivityManager(  657): Skipping intent:act=com.huawei.android.launcher.action.ACCESS_SPLIT_SCREEN_APP cat=[android.intent.category.DEFAULT] flg=0x10804000 cmp=com.huawei.android.launcher/.splitscreen.SplitScreenAppActivity
06-24 16:40:00.069 D/ActivityManager(  657): Skipping intent:flg=0x10800000 pkg=com.excelliance.dualaid.b64 cmp=com.excelliance.dualaid.b64/com.excelliance.kxqp.sdk.PermissionRequestActivity
06-24 16:40:00.069 D/ActivityManager(  657): Skipping intent:act=android.intent.action.VIEW dat=content://com.excelliance.dualaid.fileProvider/external_storage_root/Download/apk/Multiple_64.apk typ=application/vnd.android.package-archive flg=0x10800001 cmp=com.android.packageinstaller/.InstallStart
06-24 16:40:00.069 D/ActivityManager(  657): Skipping intent:flg=0x10800000 cmp=com.android.systemui/.usb.HwUsbDebuggingActivity
06-24 16:40:00.069 D/ActivityManager(  657): Skipping intent:act=android.deviceinfo.chooser.action.LAUNCH flg=0x10800000 hwFlg=0x100 pkg=com.android.settings cmp=com.android.settings/.deviceinfo.UsbConnModeChooserActivity
06-24 16:40:00.069 D/ActivityManager(  657): Skipping intent:flg=0x10800000 cmp=com.zol.android/.push.KeepLiveActivity
06-24 16:40:00.069 D/ActivityManager(  657): Skipping intent:act=android.intent.action.MAIN cat=[android.intent.category.HOME] flg=0x10800300 cmp=com.android.settings/.FallbackHome
06-24 16:40:00.070 D/PMS11423(  657): package:com.excelliance.dualaid, input flags:128, output hwFlags:0
06-24 16:40:00.070 D/PMS11423(  657): package:com.excelliance.dualaid, input flags:128, output hwFlags:0
06-24 16:40:00.070 D/PMS11423(  657): package:com.excelliance.dualaid, input flags:128, output hwFlags:0
06-24 16:40:00.071 D/PMS11423(  657): package:com.excelliance.dualaid, input flags:128, output hwFlags:0
06-24 16:40:00.089 D/MainActivity( 5557): instantiateItem: 2	android.widget.RelativeLayout{d00e2b1 V.E...... ......I. 0,0-0,0}
06-24 16:40:00.090 D/MainActivity( 5557): initPage3: 
06-24 16:40:00.094 V/WindowManager(  657): Checking 1 opening apps (frozen=false timeout=false)...
06-24 16:40:00.094 V/WindowManager(  657): Check opening app=AppWindowToken{2c739d6 token=Token{6cee9f1 ActivityRecord{a032d98 u0 com.excelliance.dualaid/com.excelliance.kxqp.swipe.NavActivity2 t16061}}}: allDrawn=false startingDisplayed=false startingMoved=false isRelaunching()=false
06-24 16:40:00.096 V/HwPhoneWindowManager(  657): updateSystemUiColorLw window=Window{219e96b u0 com.excelliance.dualaid/com.excelliance.kxqp.swipe.NavActivity2},EmuiStyle=0,StatusBarColor=0xff000000,NavigationBarColor=0xff000000, mLastIsEmuiLightStyle=-1
06-24 16:40:00.096 D/HwPhoneWindowManager(  657): Transact:setSystemUIColor to status bar service
06-24 16:40:00.096 I/CommandQueue( 1513): updateBarBgColor
06-24 16:40:00.096 D/CommandQueue( 1513): CommandQueue, setBarBackgroundColor
06-24 16:40:00.096 D/TintManager( 1513): statusBarIconTint=#99FFFFFF,navigationBarIconTint=#FF000000
06-24 16:40:00.098 V/WindowManager(  657): Checking 1 opening apps (frozen=false timeout=false)...
06-24 16:40:00.098 V/WindowManager(  657): Check opening app=AppWindowToken{2c739d6 token=Token{6cee9f1 ActivityRecord{a032d98 u0 com.excelliance.dualaid/com.excelliance.kxqp.swipe.NavActivity2 t16061}}}: allDrawn=false startingDisplayed=false startingMoved=false isRelaunching()=false
06-24 16:40:00.101 D/MainActivity( 5557): run: initPage3
06-24 16:40:00.101 V/MainActivity( 5557): onWindowFocusChanged: true
06-24 16:40:00.102 W/InputMethodManager( 5557): startInputReason = 1
06-24 16:40:00.103 I/GRALLOC (  679): 	 shrFd=10,fmt=0x1,intFmt=0x200000001,btStrd=4352,size=8486912,pid=679 
06-24 16:40:00.103 I/GRALLOC (  679): 	 yuv=2,w=1080,h=1920,Stride u=0 v=0,offset u=0 v=0 
06-24 16:40:00.103 I/GRALLOC (  679): 	 iova_size=8486912,conUsg=0x900,proUsg=0x900,	 strd=1088,[afbc]HdrStrd=1088 PyldStrd=69632 Scrmbl=2,ionhnd = 1 
06-24 16:40:00.104 W/InputMethodManager( 5557): startInputReason = 5
06-24 16:40:00.106 I/GRALLOC (  679): 	 shrFd=10,fmt=0x1,intFmt=0x200000001,btStrd=4352,size=8486912,pid=679 
06-24 16:40:00.106 I/GRALLOC (  679): 	 yuv=2,w=1080,h=1920,Stride u=0 v=0,offset u=0 v=0 
06-24 16:40:00.106 I/GRALLOC (  679): 	 iova_size=8486912,conUsg=0x900,proUsg=0x900,	 strd=1088,[afbc]HdrStrd=1088 PyldStrd=69632 Scrmbl=2,ionhnd = 1 
06-24 16:40:00.106 I/wangchen( 7035): SysInfo.getSysParam: orientation=1||config d=3.0,w=1080,h=1920||metrics d=3.0,w=1080,h=1920||sdk=26,bar_h=72
06-24 16:40:00.106 I/KeymapLoader( 7035): w=1080 h=1920 ori=true appScale=3.3 s1=3.0
06-24 16:40:00.106 I/OpenGLRenderer( 5557): Initialized EGL, version 1.4
06-24 16:40:00.106 D/OpenGLRenderer( 5557): Swap behavior 2
06-24 16:40:00.107 I/GRALLOC (  679): 	 shrFd=10,fmt=0x1,intFmt=0x200000001,btStrd=4352,size=8486912,pid=679 
06-24 16:40:00.107 I/GRALLOC (  679): 	 yuv=2,w=1080,h=1920,Stride u=0 v=0,offset u=0 v=0 
06-24 16:40:00.107 I/GRALLOC (  679): 	 iova_size=8486912,conUsg=0x900,proUsg=0x900,	 strd=1088,[afbc]HdrStrd=1088 PyldStrd=69632 Scrmbl=2,ionhnd = 1 
06-24 16:40:00.110 D/mali_winsys( 5557): EGLint new_window_surface(egl_winsys_display *, void *, EGLSurface, EGLConfig, egl_winsys_surface **, egl_color_buffer_format *, EGLBoolean) returns 0x3000
06-24 16:40:00.110 E/vndksupport( 5557): Could not load vendor/lib/egl/libGLES_mali_v2.so from sphal namespace: dlopen failed: library "vendor/lib/egl/libGLES_mali_v2.so" not found.
06-24 16:40:00.113 D/BarTransitions.HwPhoneStatusBarView( 1513): MODE_TRANSPARENT -> MODE_TRANSLUCENT animate=false
06-24 16:40:00.113 D/BarTransitions.HwPhoneStatusBarView( 1513): applyModeBackground oldMode=MODE_TRANSPARENT newMode=MODE_TRANSLUCENT animate=false
06-24 16:40:00.115 D/StatusBarIconController( 1513): setIconVisibility icon is null or visibility not change visibility=false
06-24 16:40:00.125 I/GRALLOC (  679): 	 shrFd=10,fmt=0x1,intFmt=0x200000001,btStrd=4352,size=8486912,pid=679 
06-24 16:40:00.125 I/GRALLOC (  679): 	 yuv=2,w=1080,h=1920,Stride u=0 v=0,offset u=0 v=0 
06-24 16:40:00.125 I/GRALLOC (  679): 	 iova_size=8486912,conUsg=0xb00,proUsg=0xb00,	 strd=1088,[afbc]HdrStrd=1088 PyldStrd=69632 Scrmbl=2,ionhnd = 1 
06-24 16:40:00.132 D/DateTimeView( 1513): Change to single clock mode!
06-24 16:40:00.133 I/zygote  ( 5582): Compiler allocated 4MB to compile boolean com.excelliance.kxqp.KXQPApplication.b(int)
06-24 16:40:00.133 D/WindowManager(  657): finishDrawingWindow: Window{219e96b u0 com.excelliance.dualaid/com.excelliance.kxqp.swipe.NavActivity2} mDrawState=DRAW_PENDING
06-24 16:40:00.135 D/DateTimeView( 1513): Change to single clock mode!
06-24 16:40:00.135 V/WindowManager(  657): Checking 1 opening apps (frozen=false timeout=false)...
