06-24 16:38:07.256 D/AirPushDBHelper(30361): selection = type=? and index_=(select max(index_) from pushitemnew where type=?) , key = thirdApp
06-24 16:38:07.257 D/PushItem(30361): indexJson = {}
06-24 16:38:07.257 D/AirPushService(30361): dataJson = {}
06-24 16:38:07.257 V/AirPushService(30361): ver :e30%3D%0A
06-24 16:38:07.257 D/VersionManager(30361): httpsRequest getURL = https://mto.multiopen.cn/pushmess.php?ver=466&mainver=231200&data=e30%3D%0A&wxCode=1321&subchid=1&sdkV=8.0.0&pkg=com.excelliance.dualaid&chid=10019&issl=1&compver=54302&wxVerName=6.6.7&vn=4.0.6&model=stf-al10&api=26&brand=honor&aid=f0c2426fc7560cf5
06-24 16:38:07.258 D/NetworkSecurityConfig(30361): No Network Security Config specified, using platform default
06-24 16:38:07.277 I/NetworkSpeedManagerEx( 1513): mIsStop = false
06-24 16:38:07.277 I/NetworkSpeedManagerEx( 1513):  runInThread getTetherStats
06-24 16:38:07.278 I/NetworkSpeedManagerEx( 1513):  runInUI refreshSpeed
06-24 16:38:07.278 I/NetworkSpeedManagerEx( 1513): value=1946.3334speed = 1.9
06-24 16:38:07.278 I/NetworkSpeedManagerEx( 1513): K/smIsShowLastSpeedValuefalse
06-24 16:38:07.278 I/NetworkSpeedView( 1513): /update(), speed=1.9
06-24 16:38:07.278 I/NetworkSpeedView( 1513): K/s parent class:class com.android.systemui.statusbar.HwSystemIcons
06-24 16:38:07.280 D/GameUtil(30361): getSDKDataParam totalmem:5.60GB
06-24 16:38:07.289 I/NetworkSpeedManagerEx( 1513): mIsStop = false
06-24 16:38:07.289 I/NetworkSpeedManagerEx( 1513):  runInThread getTetherStats
06-24 16:38:07.290 I/NetworkSpeedManagerEx( 1513):  runInUI refreshSpeed
06-24 16:38:07.290 D/PMS1000 (  657): package:com.excelliance.dualaid, input flags:1024, output hwFlags:0
06-24 16:38:07.290 I/NetworkSpeedManagerEx( 1513): value=2049.6667speed = 2
06-24 16:38:07.290 I/NetworkSpeedManagerEx( 1513): K/smIsShowLastSpeedValuefalse
06-24 16:38:07.290 I/NetworkSpeedView( 1513): /update(), speed=2
06-24 16:38:07.290 I/NetworkSpeedView( 1513): K/s parent class:class com.android.systemui.statusbar.HwSystemIcons
06-24 16:38:07.290 I/ActivityManager(  657): Need to start process com.excelliance.dualaid:lbcore for provider ContentProviderInfo{name=com.excelliance.dualaid:com.excelliance.kxqp.platform.PluginManagerProvider className=com.excelliance.kxqp.platform.PluginManagerProvider}, callerApp: ProcessRecord{e20dbf 30361:com.excelliance.dualaid/u0a1423}
06-24 16:38:07.290 V/ActivityManager(  657): startProcess: name=com.excelliance.dualaid:lbcore app=null knownToBeDead=false thread=null pid=-1
06-24 16:38:07.290 D/PMS1000 (  657): package:com.excelliance.dualaid, input flags:0, output hwFlags:0
06-24 16:38:07.291 D/VersionManager(30361): httpsRequest getURL = https://folder.appota.cn/genuser.php?chid=10019&subchid=1&vc=466&type=4&data=tbCbI6ooWmOSi%2BhP8At3K55rUDjOXjUCTTE1Q7OqeVGzpiL1Dx8z2UKsv%2F2w066OKzL65VOc%2FHNVNculXvpkfbOlpWKAPUf5ryVSFynVNa8UucDwm5e36rJ6e2Kpu%2B5ykc4DARTfkZV4Ad5N96d4%2BjApQCWZuWchybogtHpbAp5JGb2oE4RYpIUqF8au1pxTSmwBdD5PozvBfX2%2Bj4RIW8u13M8ksM63bQoy2eR4WdDx%2BqZexoey63Hms3xqJyQkd3PFvljbOMDFV5%2BIsI0F%2B0cTu0Poz37kp440m4BdEnDxUpl%2F2SWQiyGENywr4rII2GFixGV6F3FTP2B6Iz%2Bp9XPgTT1Q8jOobYd0%2B7qf7bpZ2AyYZuCae%2FN%2FDrbd9ARIKpXrBwZ7SdplMO1nzphjQUqGRQMAlrO9Oa0Du6EV17%2FgN7YtgBzuJRHbP0GgVSdnIEYbOUnjg9adLEk2nhpRcwGYdX7bJ5%2FC%2FGVy8QMvFO%2FVJ5uAYH82VV6bvSarVkuFeotJT4yadRHbDkYGgVZfCDPVS%2FOPcQttSZtkoN3AjIdEC3B%2BjPtytpdTQYFvI9Ol&issl=1
06-24 16:38:07.292 I/zygote  (30334): Do partial code cache collection, code=27KB, data=27KB
06-24 16:38:07.292 I/zygote  (30334): After code cache collection, code=27KB, data=27KB
06-24 16:38:07.292 I/zygote  (30334): Increasing code cache capacity to 128KB
06-24 16:38:07.300 W/X509TrustManager(30361): checkServerTrusted: SignatureException:null
06-24 16:38:07.301 W/X509TrustManager(30361): checkServerTrusted: SignatureException:error:04000073:RSA routines:OPENSSL_internal:DATA_TOO_LARGE_FOR_MODULUS
06-24 16:38:07.302 I/        (30447): power log dlsym ok
06-24 16:38:07.304 I/zygote  (30447): Reinit property: dalvik.vm.checkjni= false
06-24 16:38:07.304 I/ActivityManager(  657): Start proc 30447:com.excelliance.dualaid:lbcore/u0a1423 for content provider com.excelliance.dualaid/com.excelliance.kxqp.platform.PluginManagerProvider
06-24 16:38:07.304 V/ActivityManager_MU(  657): Waiting to start provider ContentProviderRecord{f7a08c0 u0 com.excelliance.dualaid/com.excelliance.kxqp.platform.PluginManagerProvider} launchingApp=ProcessRecord{655a43 30447:com.excelliance.dualaid:lbcore/u0a1423} caller pid= 30361
06-24 16:38:07.309 D/ActivityThread(30447): ActivityThread,attachApplication
06-24 16:38:07.310 D/ActivityManager(  657): ActivityManagerService,attachApplication,callingPid = 30447
06-24 16:38:07.318 W//system/bin/hwservicemanager(  416): Cannot open /odm/manifest.xml
06-24 16:38:07.324 W/X509TrustManager(30361): checkServerTrusted: SignatureException:null
06-24 16:38:07.324 W/X509TrustManager(30361): checkServerTrusted: SignatureException:error:04000073:RSA routines:OPENSSL_internal:DATA_TOO_LARGE_FOR_MODULUS
06-24 16:38:07.326 W//system/bin/hwservicemanager(  416): Cannot open /odm/manifest.xml
06-24 16:38:07.327 I/GRALLOC (  679): 	 shrFd=10,fmt=0x1,intFmt=0x1,btStrd=256,size=4096,pid=679 
06-24 16:38:07.327 I/GRALLOC (  679): 	 yuv=2,w=16,h=16,Stride u=0 v=0,offset u=0 v=0 
06-24 16:38:07.327 I/GRALLOC (  679): 	 iova_size=4096,conUsg=0x100,proUsg=0x100,	 strd=64,[afbc]HdrStrd=0 PyldStrd=0 Scrmbl=0,ionhnd = 1 
06-24 16:38:07.328 D/HwFLClassLoader(30447): get used feature list :/feature/used-list failed!
06-24 16:38:07.328 D/HwFLClassLoader(30447): USE_FEATURE_LIST had not init! 
06-24 16:38:07.341 D/PMS11423(  657): package:com.excelliance.dualaid, input flags:128, output hwFlags:0
06-24 16:38:07.345 D/PMS11423(  657): package:com.excelliance.dualaid, input flags:128, output hwFlags:0
06-24 16:38:07.348 D/AirPushService(30361): result = {"period":"r","vip":{"index_":"","data":""},"update":{"index_":"","data":""},"officalActivity":{"index_":"","data":""},"news":{"index_":"","data":""},"target":{"index_":"","data":""},"batch":{"index_":"","data":""},"skipTarget":{"index_":"","data":""},"thirdApp":{"index_":"","data":""}}
06-24 16:38:07.348 D/AirPushService(30361): handleCheckerSaveToDB
06-24 16:38:07.348 D/AirPushUtils(30361): startDbOver
06-24 16:38:07.353 D/SmtServService(30361): db write over
06-24 16:38:07.354 D/SmtServService(30361): gameCenterFirstStart = true
06-24 16:38:07.381 D/launch-time-RU(30447): preload 24 classes cost 15ms
06-24 16:38:07.387 D/VersionManager(30361): uid=353
06-24 16:38:07.415 D/ActivityThread(30447): Loading provider com.excelliance.dualaid:com.excelliance.kxqp.platform.PluginManagerProvider: com.excelliance.kxqp.platform.PluginManagerProvider
06-24 16:38:07.415 D/PMS11423(  657): package:com.excelliance.dualaid, input flags:0, output hwFlags:0
06-24 16:38:07.423 D/PMS1000 (  657): package:com.excelliance.dualaid, input flags:8192, output hwFlags:0
06-24 16:38:07.425 D/PMS1001 (  657): package:com.excelliance.dualaid, input flags:0, output hwFlags:0
06-24 16:38:07.431 D/PMS11423(  657): package:com.excelliance.dualaid, input flags:0, output hwFlags:0
06-24 16:38:07.433 D/PMS11423(  657): package:com.excelliance.dualaid:lbcore, input flags:0, output is null
06-24 16:38:07.435 I/Bluetooth_framework(  657): BluetoothManagerService:Added callback: android.bluetooth.IBluetoothManagerCallback$Stub$Proxy@c79579f:true pid = 30447
06-24 16:38:07.436 D/PMS11423(  657): package:com.excelliance.dualaid, input flags:128, output hwFlags:0
06-24 16:38:07.452 I/LBVMD-LBPMS(30447): LBVMRT: version 54302:543.02
06-24 16:38:07.453 E/zygote  (30447): Invalid capacity given to EnsureLocalCapacity: 800
06-24 16:38:07.464 I/HwCust  (30447): Constructor found for class android.net.HwCustConnectivityManagerImpl
06-24 16:38:07.464 D/HwCust  (30447): Create obj success use class android.net.HwCustConnectivityManagerImpl
06-24 16:38:07.471 D/PMS11423(  657): package:com.excelliance.dualaid, input flags:0, output hwFlags:0
06-24 16:38:07.480 D/PMS11423(  657): package:com.excelliance.dualaid, input flags:0, output hwFlags:0
06-24 16:38:07.480 D/PMS11423(  657): package:com.excelliance.dualaid, input flags:0, output hwFlags:0
06-24 16:38:07.482 V/ActivityManager(  657): Successfully start provider ContentProviderRecord{f7a08c0 u0 com.excelliance.dualaid/com.excelliance.kxqp.platform.PluginManagerProvider} launchingApp=ProcessRecord{655a43 30447:com.excelliance.dualaid:lbcore/u0a1423} caller pid= 30361
06-24 16:38:07.482 E/MemoryLeakMonitorManager(30447): MemoryLeakMonitor.jar is not exist!
06-24 16:38:07.483 E/MemoryLeakMonitorManager(30447): MemoryLeakMonitor.jar is not exist!
06-24 16:38:07.484 D/KXQPApplication(30447): run: initUserManager
06-24 16:38:07.484 E/Minikin (30447): Could not get cmap table size!
06-24 16:38:07.485 D/PMS11423(  657): package:com.excelliance.dualaid, input flags:128, output hwFlags:0
06-24 16:38:07.486 E/MemoryLeakMonitorManager(30361): MemoryLeakMonitor.jar is not exist!
06-24 16:38:07.487 V/HwWidgetFactory(30447): : successes to get AllImpl object and return....
06-24 16:38:07.487 V/ActivityManager(  657): Attempted to start a foreground service (ComponentInfo{com.excelliance.dualaid/com.excelliance.kxqp.platform.TrampolineService}) with a broken notification (no icon: Notification(channel=null pri=0 contentView=null vibrate=null sound=null defaults=0x0 flags=0x40 color=0x00000000 vis=PRIVATE))
06-24 16:38:07.488 D/SmtServService(30361): MSG_LOAD_PLT after msg.obj
06-24 16:38:07.490 E/zygote  (30447): Invalid capacity given to EnsureLocalCapacity: 592
06-24 16:38:07.501 W/PackageParser(30447): No actions in intent filter at /data/app/com.huawei.hwid-Sc7ADDdoDYIYREll7tj_iw==/base.apk Binary XML file line #1412
06-24 16:38:07.503 W/PackageParser(30447): No actions in intent filter at /data/app/com.huawei.hwid-Sc7ADDdoDYIYREll7tj_iw==/base.apk Binary XML file line #1680
06-24 16:38:07.503 W/PackageParser(30447): No actions in intent filter at /data/app/com.huawei.hwid-Sc7ADDdoDYIYREll7tj_iw==/base.apk Binary XML file line #1694
06-24 16:38:07.531 D/HwNotificationManagerService(  657): recognize: tag=null, id=268435456, user=UserHandle{0}, pkg=com.excelliance.dualaid, uid=11423, callingPid=30447
06-24 16:38:07.531 D/PMS1000 (  657): package:com.excelliance.dualaid, input flags:0, output hwFlags:0
06-24 16:38:07.532 I/[HwRecSys]HwRecSysAidlService( 2647): doNotificationCollect -> current num:1
06-24 16:38:07.532 I/[HwRecSys]-Notification-NotificationUpdateController( 2647): startNotificationUpdate start!
06-24 16:38:07.532 W/SettingsEx( 2647): SettingsEx.Systemex.getInt deprecated use Settings.System.getInt instead ;callers=com.huawei.recsys.util.SystemUtil.getNotificationUpdateMode:169 com.huawei.recsys.util.SystemUtil.isAllowUpdate:104 com.huawei.recsys.controller.notification.http.NotificationUpdateController.startNotificationUpdate:85 
06-24 16:38:07.532 I/[HwRecSys]SystemUtil( 2647): isAllowUpdate mode:1
06-24 16:38:07.533 I/[HwRecSys]SystemUtil( 2647): isAllowUpdate isAllowUpdate:true
06-24 16:38:07.533 I/[HwRecSys]-Notification-NotificationUpdateController( 2647):  -> currentYear:2018
06-24 16:38:07.533 I/[HwRecSys]-Notification-NotificationUpdateController( 2647):  -> currentMonth:5
06-24 16:38:07.533 I/[HwRecSys]-Notification-NotificationUpdateController( 2647):  -> currentDay:24
06-24 16:38:07.533 I/[HwRecSys]-Notification-NotificationUpdateController( 2647):  -> oldYear:2018
06-24 16:38:07.533 I/[HwRecSys]-Notification-NotificationUpdateController( 2647):  -> oldMonth:5
06-24 16:38:07.533 I/[HwRecSys]-Notification-NotificationUpdateController( 2647):  -> oldDay:24
06-24 16:38:07.533 E/[HwRecSys]-Notification-NotificationUpdateController( 2647): startNotificationUpdate time is valid no need request
06-24 16:38:07.533 I/[HwRecSys]-Notification-NotificationController( 2647): doNotificationCollect start!
06-24 16:38:07.534 E/[HwRecSys]-Notification-NotificationController( 2647): HwDefaultLabels returnStr:107
06-24 16:38:07.535 E/[HwRecSys]-Notification-NotificationController( 2647): getChinese paramValue is null!
06-24 16:38:07.537 E/[HwRecSys]-Notification-NotificationController( 2647): doNotificationCollect getLabelByRegRules label:107
06-24 16:38:07.538 I/[HwRecSys]HwRecSysAidlService( 2647): doNotificationCollect ->  finally remote Num - 1 !
06-24 16:38:07.538 I/HwNotificationManagerService(  657): doNotificationCollect: pkg=com.excelliance.dualaid, uid=11423, hw_type=107, hw_btw=true
06-24 16:38:07.538 D/PMS1000 (  657): package:com.excelliance.dualaid, input flags:268435456, output hwFlags:0
06-24 16:38:07.538 D/PMS1000 (  657): package:com.excelliance.dualaid, input flags:0, output hwFlags:0
06-24 16:38:07.538 W/NotificationRecord(  657): Use default channel, The importance is:2
06-24 16:38:07.538 V/ActivityManager(  657): Attempted to start a foreground service (ComponentInfo{com.excelliance.dualaid/com.excelliance.kxqp.platform.TrampolineService$EmptyService}) with a broken notification (no icon: Notification(channel=null pri=0 contentView=null vibrate=null sound=null defaults=0x0 flags=0x40 color=0x00000000 vis=PRIVATE))
06-24 16:38:07.542 D/HwNotificationManagerService(  657): recognize: tag=null, id=268435456, user=UserHandle{0}, pkg=com.excelliance.dualaid, uid=11423, callingPid=30447
06-24 16:38:07.542 D/PMS1000 (  657): package:com.excelliance.dualaid, input flags:0, output hwFlags:0
06-24 16:38:07.543 I/[HwRecSys]HwRecSysAidlService( 2647): doNotificationCollect -> current num:1
06-24 16:38:07.543 I/[HwRecSys]-Notification-NotificationUpdateController( 2647): startNotificationUpdate start!
06-24 16:38:07.543 W/SettingsEx( 2647): SettingsEx.Systemex.getInt deprecated use Settings.System.getInt instead ;callers=com.huawei.recsys.util.SystemUtil.getNotificationUpdateMode:169 com.huawei.recsys.util.SystemUtil.isAllowUpdate:104 com.huawei.recsys.controller.notification.http.NotificationUpdateController.startNotificationUpdate:85 
06-24 16:38:07.543 I/[HwRecSys]SystemUtil( 2647): isAllowUpdate mode:1
06-24 16:38:07.543 I/[HwRecSys]SystemUtil( 2647): isAllowUpdate isAllowUpdate:true
06-24 16:38:07.543 I/[HwRecSys]-Notification-NotificationUpdateController( 2647):  -> currentYear:2018
06-24 16:38:07.544 I/[HwRecSys]-Notification-NotificationUpdateController( 2647):  -> currentMonth:5
06-24 16:38:07.544 I/[HwRecSys]-Notification-NotificationUpdateController( 2647):  -> currentDay:24
06-24 16:38:07.544 I/[HwRecSys]-Notification-NotificationUpdateController( 2647):  -> oldYear:2018
06-24 16:38:07.544 I/[HwRecSys]-Notification-NotificationUpdateController( 2647):  -> oldMonth:5
06-24 16:38:07.544 I/[HwRecSys]-Notification-NotificationUpdateController( 2647):  -> oldDay:24
06-24 16:38:07.544 E/[HwRecSys]-Notification-NotificationUpdateController( 2647): startNotificationUpdate time is valid no need request
06-24 16:38:07.544 I/[HwRecSys]-Notification-NotificationController( 2647): doNotificationCollect start!
06-24 16:38:07.544 D/NotificationService(  657): mGameDndStatus is:false ,isGameDndSwitchOn is:false
06-24 16:38:07.544 E/[HwRecSys]-Notification-NotificationController( 2647): HwDefaultLabels returnStr:107
06-24 16:38:07.544 E/[HwRecSys]-Notification-NotificationController( 2647): getChinese paramValue is null!
06-24 16:38:07.545 E/[HwRecSys]-Notification-NotificationController( 2647): doNotificationCollect getLabelByRegRules label:107
06-24 16:38:07.545 I/[HwRecSys]HwRecSysAidlService( 2647): doNotificationCollect ->  finally remote Num - 1 !
06-24 16:38:07.545 I/HwNotificationManagerService(  657): doNotificationCollect: pkg=com.excelliance.dualaid, uid=11423, hw_type=107, hw_btw=true
06-24 16:38:07.546 D/PMS1000 (  657): package:com.excelliance.dualaid, input flags:268435456, output hwFlags:0
06-24 16:38:07.546 D/PMS1000 (  657): package:com.excelliance.dualaid, input flags:0, output hwFlags:0
06-24 16:38:07.546 W/NotificationRecord(  657): Use default channel, The importance is:2
06-24 16:38:07.548 I/AppManager( 1699): app:com.excelliance.dualaid Notification update time:112226397
06-24 16:38:07.548 I/AppManager( 1699): app:com.excelliance.dualaid Notification persist:true  Ids:[268435456]
06-24 16:38:07.549 W/zygote  (30447): Throwing OutOfMemoryError "EnsureLocalCapacity"
06-24 16:38:07.555 W/IPMSI   (30447): request permission: com.huawei.permission.sec.MDM.v2
06-24 16:38:07.555 W/IPMSI   (30447): request permission: com.huawei.authentication.HW_ACCESS_AUTH_SERVICE
06-24 16:38:07.555 W/IPMSI   (30447): request permission: com.huawei.appmarket.provider.readPermission
06-24 16:38:07.555 W/IPMSI   (30447): request permission: com.huawei.pushagent.permission.RICHMEDIA_PROVIDER
06-24 16:38:07.562 D/NotificationService(  657): mGameDndStatus is:false ,isGameDndSwitchOn is:false
06-24 16:38:07.566 D/PMS10039(  657): package:com.excelliance.dualaid, input flags:1024, output hwFlags:0
06-24 16:38:07.577 D/PMS10039(  657): package:com.android.systemui, input flags:268436480, output hwFlags:0
06-24 16:38:07.579 D/HwCust  ( 1513): Create obj success use class com.android.systemui.statusbar.notification.HwCustNotificationInflaterImpl
06-24 16:38:07.580 I/FakeShadowView( 1513): radius18
06-24 16:38:07.581 D/PMS10039(  657): package:com.excelliance.dualaid, input flags:8704, output hwFlags:0
06-24 16:38:07.581 D/PMS10039(  657): package:com.excelliance.dualaid, input flags:8192, output hwFlags:0
06-24 16:38:07.582 W/HwPhoneLayoutInflater( 1513): onCreateView : ClassNotFoundException, In this case we want to let the base class take a crack at it
06-24 16:38:07.583 I/chatty  ( 1513): uid=10039(u0_a39) com.android.systemui identical 2 lines
06-24 16:38:07.583 W/HwPhoneLayoutInflater( 1513): onCreateView : ClassNotFoundException, In this case we want to let the base class take a crack at it
06-24 16:38:07.584 W/ResourceType( 1513): Failure getting entry for 0x01040255 (t=3 e=597) (error -75)
06-24 16:38:07.585 W/HwPhoneLayoutInflater( 1513): onCreateView : ClassNotFoundException, In this case we want to let the base class take a crack at it
06-24 16:38:07.587 I/chatty  ( 1513): uid=10039(u0_a39) com.android.systemui identical 2 lines
06-24 16:38:07.587 W/HwPhoneLayoutInflater( 1513): onCreateView : ClassNotFoundException, In this case we want to let the base class take a crack at it
06-24 16:38:07.587 W/ResourceType( 1513): Failure getting entry for 0x01040255 (t=3 e=597) (error -75)
06-24 16:38:07.591 W/HwPhoneLayoutInflater( 1513): onCreateView : ClassNotFoundException, In this case we want to let the base class take a crack at it
06-24 16:38:07.592 I/chatty  ( 1513): uid=10039(u0_a39) com.android.systemui identical 2 lines
06-24 16:38:07.593 W/HwPhoneLayoutInflater( 1513): onCreateView : ClassNotFoundException, In this case we want to let the base class take a crack at it
06-24 16:38:07.593 W/ResourceType( 1513): Failure getting entry for 0x01040255 (t=3 e=597) (error -75)
06-24 16:38:07.595 W/HwPhoneLayoutInflater( 1513): onCreateView : ClassNotFoundException, In this case we want to let the base class take a crack at it
06-24 16:38:07.597 I/chatty  ( 1513): uid=10039(u0_a39) com.android.systemui identical 2 lines
06-24 16:38:07.597 W/HwPhoneLayoutInflater( 1513): onCreateView : ClassNotFoundException, In this case we want to let the base class take a crack at it
06-24 16:38:07.597 W/ResourceType( 1513): Failure getting entry for 0x01040255 (t=3 e=597) (error -75)
06-24 16:38:07.599 D/PMS10039(  657): package:com.excelliance.dualaid, input flags:0, output hwFlags:0
06-24 16:38:07.601 D/HwPhoneStatusBar( 1513): No peeking: not allowed notification: 0|com.excelliance.dualaid|268435456|null|11423
06-24 16:38:07.607 I/Pged-IPgedBinderService(  769): ****action is 2, pid num is 7***
06-24 16:38:07.607 I/Pged-Freezer(  769): thawPids
06-24 16:38:07.608 I/PhoneStatusBar( 1513): updateNotificationShade: total=78, active=78
06-24 16:38:07.608 W/PhoneStatusBar( 1513): updateNotificationShade hasFaceDT: false; Detected:false
06-24 16:38:07.610 V/PhoneStatusBar( 1513): mStackScroller size:11,activeCount:78, childCnt:15
06-24 16:38:07.612 D/PgedBinderAdapter( 1699): unfrz ok, pid: [29457, 19894, 29531, 14942, 15544, 24379]
06-24 16:38:07.612 E/QueryController(24379): Got null root node from accessibility - Retrying...
06-24 16:38:07.630 D/ReporterUtil( 1513):  e id:344 type:{pkg:com.excelliance.dualaid,hw_type:107,hw_btw:true,onGoing:true,importance:2}
06-24 16:38:07.630 E/BDLog   ( 1686): BD.FilterImpl:com.android.systemui 344 times= 200 over threshold
06-24 16:38:07.630 E/BDLog   ( 1686): BD.FilterImpl:com.android.systemui344 is illLegal
06-24 16:38:07.632 W/HwKeyguardDragHelper( 1513): AnimationBlocked
06-24 16:38:07.636 I/TrafficMonitor(  657): update:rxPkts:26,txPkts:30,rxBytes:12581,txBytes:3884
06-24 16:38:07.636 I/TrafficMonitor(  657): start expired. level:-1
06-24 16:38:07.636 I/TrafficMonitor(  657): gettimer:interval=2000
06-24 16:38:07.639 D/StatusBar( 1513): updateNotification(StatusBarNotification(pkg=com.excelliance.dualaid user=UserHandle{0} id=268435456 tag=null key=0|com.excelliance.dualaid|268435456|null|11423: Notification(channel=null pri=0 contentView=com.excelliance.dualaid/0x1090090 vibrate=null sound=null defaults=0x0 flags=0x62 color=0xff607d8b vis=PRIVATE)))
06-24 16:38:07.644 D/HwPhoneStatusBar( 1513): No peeking: not allowed notification: 0|com.excelliance.dualaid|268435456|null|11423
06-24 16:38:07.644 D/StatusBar( 1513): applyInPlace=true shouldPeek=false alertAgain=true
06-24 16:38:07.644 D/StatusBar( 1513): reusing notification for key: 0|com.excelliance.dualaid|268435456|null|11423
06-24 16:38:07.646 D/PMS10039(  657): package:com.excelliance.dualaid, input flags:8192, output hwFlags:0
06-24 16:38:07.653 I/PhoneStatusBar( 1513): updateNotificationShade: total=78, active=78
06-24 16:38:07.653 W/PhoneStatusBar( 1513): updateNotificationShade hasFaceDT: false; Detected:false
06-24 16:38:07.654 V/PhoneStatusBar( 1513): mStackScroller size:11,activeCount:78, childCnt:15
06-24 16:38:07.661 D/SmtServService(30361): MSG_LOAD_PLT GameUtil.isPtLoaded() = true
06-24 16:38:07.678 W/HwKeyguardDragHelper( 1513): AnimationBlocked
06-24 16:38:07.875 I/appium  (24379): Skipping invisible child: android.view.accessibility.AccessibilityNodeInfo@a3b3; boundsInParent: Rect(0, 0 - 1080, 1920); boundsInScreen: Rect(1080, 0 - 1080, 1920); packageName: com.excelliance.dualaid; className: android.widget.RelativeLayout; text: null; error: null; maxTextLength: -1; contentDescription: null; viewIdResName: null; checkable: false; checked: false; focusable: false; focused: false; selected: false; clickable: false; longClickable: false; contextClickable: false; enabled: true; password: false; scrollable: false; importantForAccessibility: false; actions: [AccessibilityAction: ACTION_SELECT - null, AccessibilityAction: ACTION_CLEAR_SELECTION - null, AccessibilityAction: ACTION_ACCESSIBILITY_FOCUS - null, AccessibilityAction: ACTION_SHOW_ON_SCREEN - null]
06-24 16:38:07.875 I/appium  (24379): Skipping invisible child: android.view.accessibility.AccessibilityNodeInfo@a774; boundsInParent: Rect(0, 0 - 1080, 1920); boundsInScreen: Rect(2160, 0 - 1080, 1920); packageName: com.excelliance.dualaid; className: android.widget.RelativeLayout; text: null; error: null; maxTextLength: -1; contentDescription: null; viewIdResName: null; checkable: false; checked: false; focusable: false; focused: false; selected: false; clickable: false; longClickable: false; contextClickable: false; enabled: true; password: false; scrollable: false; importantForAccessibility: false; actions: [AccessibilityAction: ACTION_SELECT - null, AccessibilityAction: ACTION_CLEAR_SELECTION - null, AccessibilityAction: ACTION_ACCESSIBILITY_FOCUS - null, AccessibilityAction: ACTION_SHOW_ON_SCREEN - null]
06-24 16:38:07.875 I/appium  (24379): Fetch time: 5ms
06-24 16:38:07.888 I/appium  (24379): AppiumResponse: {"sessionId":"12d3f873-0ea4-4775-928a-9964d13dcd6c","status":0,"value":"<?xml version=\"1.0\" encoding=\"UTF-8\"?><hierarchy rotation=\"0\"><android.widget.FrameLayout index=\"0\" text=\"\" class=\"android.widget.FrameLayout\" package=\"com.excelliance.dualaid\" content-desc=\"\" checkable=\"false\" checked=\"false\" clickable=\"false\" enabled=\"true\" focusable=\"false\" focused=\"false\" scrollable=\"false\" long-clickable=\"false\" password=\"false\" selected=\"false\" bounds=\"[0,0][1080,1920]\" resource-id=\"\" instance=\"0\"><android.widget.LinearLayout index=\"0\" text=\"\" class=\"android.widget.LinearLayout\" package=\"com.excelliance.dualaid\" content-desc=\"\" checkable=\"false\" checked=\"false\" clickable=\"false\" enabled=\"true\" focusable=\"false\" focused=\"false\" scrollable=\"false\" long-clickable=\"false\" password=\"false\" selected=\"false\" bounds=\"[0,0][1080,1920]\" resource-id=\"\" instance=\"0\"><android.widget.FrameLayout index=\"0\" text=\"\" class=\"android.widget.FrameLayout\" package=\"com.excelliance.dualaid\" content-desc=\"\" checkable=\"false\" checked=\"false\" clickable=\"false\" enabled=\"true\" focusable=\"false\" focused=\"false\" scrollable=\"false\" long-clickable=\"false\" password=\"false\" selected=\"false\" bounds=\"[0,0][1080,1920]\" resource-id=\"android:id\/content\" instance=\"1\"><android.widget.FrameLayout index=\"0\" text=\"\" class=\"android.widget.FrameLayout\" package=\"com.excelliance.dualaid\" content-desc=\"\" checkable=\"false\" checked=\"false\" clickable=\"false\" enabled=\"true\" focusable=\"false\" focused=\"false\" scrollable=\"false\" long-clickable=\"false\" password=\"false\" selected=\"false\" bounds=\"[0,0][1080,1920]\" resource-id=\"\" instance=\"2\"><android.widget.RelativeLayout index=\"0\" text=\"\" class=\"android.widget.RelativeLayout\" package=\"com.excelliance.dualaid\" content-desc=\"\" checkable=\"false\" checked=\"false\" clickable=\"false\" enabled=\"true\" focusable=\"false\" focused=\"false\" scrollable=\"false\" long-clickable=\"false\" password=\"false\" selected=\"false\" bounds=\"[0,0][1080,1920]\" resource-id=\"com.excelliance.dualaid:id\/rl_guide_original\" instance=\"0\"><android.support.v4.view.ViewPager index=\"0\" text=\"\" class=\"android.support.v4.view.ViewPager\" package=\"com.excelliance.dualaid\" content-desc=\"\" checkable=\"false\" checked=\"false\" clickable=\"false\" enabled=\"true\" focusable=\"true\" focused=\"false\" scrollable=\"true\" long-clickable=\"false\" password=\"false\" selected=\"false\" bounds=\"[0,0][1080,1920]\" resource-id=\"com.excelliance.dualaid:id\/vp_nav\" instance=\"0\"><android.widget.RelativeLayout index=\"0\" text=\"\" class=\"android.widget.RelativeLayout\" package=\"com.excelliance.dualaid\" content-desc=\"\" checkable=\"false\" checked=\"false\" clickable=\"false\" enabled=\"true\" focusable=\"false\" focused=\"false\" scrollable=\"false\" long-clickable=\"false\" password=\"false\" selected=\"false\" bounds=\"[0,0][1080,1920]\" resource-id=\"\" instance=\"1\"><android.view.View index=\"0\" text=\"\" class=\"android.view.View\" package=\"com.excelliance.dualaid\" content-desc=\"\" checkable=\"false\" checked=\"false\" clickable=\"false\" enabled=\"true\" focusable=\"false\" focused=\"false\" scrollable=\"false\" long-clickable=\"false\" password=\"false\" selected=\"false\" bounds=\"[0,0][1080,1920]\" resource-id=\"\" instance=\"0\"\/><android.widget.ImageView index=\"1\" text=\"\" class=\"android.widget.ImageView\" package=\"com.excelliance.dualaid\" content-desc=\"\" checkable=\"false\" checked=\"false\" clickable=\"false\" enabled=\"true\" focusable=\"false\" focused=\"false\" scrollable=\"false\" long-clickable=\"false\" password=\"false\" selected=\"false\" bounds=\"[345,303][990,1185]\" resource-id=\"com.excelliance.dualaid:id\/nav_chat\" instance=\"0\"\/><android.widget.ImageView index=\"2\" text=\"\" class=\"android.widget.ImageView\" package=\"com.excelliance.dualaid\" content-desc=\"\" checkable=\"false\" checked=\"false\" c
06-24 16:38:07.901 W/libc    (  493): Set property "hw.wifi.dns_stat" to "38609,33761,5028,1,53183"
06-24 16:38:07.908 I/appium  (24379): channel read invoked!
06-24 16:38:07.908 I/appium  (24379): channel read: GET /wd/hub/session/12d3f873-0ea4-4775-928a-9964d13dcd6c/source
06-24 16:38:08.134 I/HwLauncher( 2519): SimpleAllAppsList  updatePackage : package[com.excelliance.dualaid] matched activity's size is 1 and data List size is 0
06-24 16:38:08.140 D/PMS1000 (  657): package:com.excelliance.dualaid, input flags:794624, output hwFlags:0
06-24 16:38:08.144 I/MainView( 3005): onReceive intent.getAction() android.intent.action.PACKAGE_CHANGED
06-24 16:38:08.150 I/MainView( 3005): ACTION_PACKAGE_CHANGED : packageName =com.excelliance.dualaid, stopedByuser =false
06-24 16:38:08.153 E/NfcNci  ( 2677): NfcUtils error: APP have nfc permission
06-24 16:38:08.157 D/PMS10003(  657): package:com.excelliance.dualaid, input flags:794624, output hwFlags:0
06-24 16:38:08.164 W/HwLauncher( 2519): get getBundleExtra with downloadtask all return null!
06-24 16:38:08.165 D/PMS1027 (  657): package:com.google.android.apps.walletnfcrel, input flags:8192, output is null
06-24 16:38:08.166 I/HwLauncher( 2519): SimpleAllAppsList  findAndUpdateInfoInDB : found 0 shortcutInfo for package[com.excelliance.dualaid] in db
06-24 16:38:08.166 I/HwLauncher( 2519): SimpleAllAppsList  updatePackage do not add new SimpleApplicationInfo,It's in normal now. package = com.excelliance.dualaid
06-24 16:38:08.166 W/HwLauncher( 2519): SimpleLauncherModeNobody to tell about the new app.  Launcher is probably loading.
06-24 16:38:08.178 I/InputReader(  657): Reconfiguring input devices.  changes=0x00000010
06-24 16:38:08.188 D/ApduServiceInfo( 2677): No com.nxp.nfc.extensions meta-data
06-24 16:38:08.209 D/CarrierSvcBindHelper( 1715): No carrier app for: 0
06-24 16:38:08.209 D/CarrierSvcBindHelper( 1715): No carrier app for: 1
06-24 16:38:08.225 D/ApduServiceInfo( 2677): No com.nxp.nfc.extensions meta-data
06-24 16:38:08.240 D/PMS1000 (  657): package:com.android.browser, input flags:268436480, output hwFlags:0
06-24 16:38:08.246 E/asset   (  657): createFromFile(): lock file /data/resource-cache/system@emui@base@overlay@frameworkhwexthonor@frameworkhwexthonor.apk@idmap.
06-24 16:38:08.246 E/asset   (  657): createFromFile(): lock file /data/resource-cache/system@emui@base@overlay@frameworkhwexthonor@frameworkhwexthonor.apk@idmap.
06-24 16:38:08.247 W/ResourceType(  657): Found multiple library tables, ignoring...
06-24 16:38:08.248 E/asset   (  657): createFromFile(): lock file /data/resource-cache/system@emui@base@overlay@frameworkhwexthonor@frameworkhwexthonor.apk@idmap.
06-24 16:38:08.249 E/asset   (  657): createFromFile(): lock file /data/resource-cache/system@emui@base@overlay@frameworkhwexthonor@frameworkhwexthonor.apk@idmap.
06-24 16:38:08.249 W/ResourceType(  657): Found multiple library tables, ignoring...
06-24 16:38:08.260 D/PMS1000 (  657): package:com.android.calendar, input flags:268436480, output hwFlags:0
06-24 16:38:08.265 E/asset   (  657): createFromFile(): lock file /data/resource-cache/system@emui@base@overlay@frameworkhwexthonor@frameworkhwexthonor.apk@idmap.
06-24 16:38:08.265 E/asset   (  657): createFromFile(): lock file /data/resource-cache/system@emui@base@overlay@frameworkhwexthonor@frameworkhwexthonor.apk@idmap.
06-24 16:38:08.266 W/ResourceType(  657): Found multiple library tables, ignoring...
06-24 16:38:08.275 E/asset   (  657): createFromFile(): lock file /data/resource-cache/system@emui@base@overlay@frameworkhwexthonor@frameworkhwexthonor.apk@idmap.
06-24 16:38:08.275 E/asset   (  657): createFromFile(): lock file /data/resource-cache/system@emui@base@overlay@frameworkhwexthonor@frameworkhwexthonor.apk@idmap.
06-24 16:38:08.275 W/ResourceType(  657): Found multiple library tables, ignoring...
06-24 16:38:08.281 D/ApduServiceInfo( 2677): No com.nxp.nfc.extensions meta-data
06-24 16:38:08.288 D/PMS1000 (  657): package:com.android.contacts, input flags:268436480, output hwFlags:0
06-24 16:38:08.295 D/ApduServiceInfo( 2677): No com.nxp.nfc.extensions meta-data
06-24 16:38:08.303 E/asset   ( 2677): createFromFile(): lock file /data/resource-cache/system@emui@base@overlay@frameworkhwexthonor@frameworkhwexthonor.apk@idmap.
06-24 16:38:08.303 E/asset   ( 2677): createFromFile(): lock file /data/resource-cache/system@emui@base@overlay@frameworkhwexthonor@frameworkhwexthonor.apk@idmap.
06-24 16:38:08.303 W/ResourceType( 2677): Found multiple library tables, ignoring...
06-24 16:38:08.311 E/asset   (  657): createFromFile(): lock file /data/resource-cache/system@emui@base@overlay@frameworkhwexthonor@frameworkhwexthonor.apk@idmap.
06-24 16:38:08.312 E/asset   (  657): createFromFile(): lock file /data/resource-cache/system@emui@base@overlay@frameworkhwexthonor@frameworkhwexthonor.apk@idmap.
06-24 16:38:08.312 D/ApduServiceInfo( 2677): No com.nxp.nfc.extensions meta-data
06-24 16:38:08.312 E/ApduServiceInfo( 2677): SE extension not present, Setting default offhost seID
06-24 16:38:08.312 W/ResourceType(  657): Found multiple library tables, ignoring...
06-24 16:38:08.321 D/PMS1000 (  657): package:com.android.email, input flags:268436480, output hwFlags:33554432
06-24 16:38:08.322 E/NfcNci  ( 2677): NfcUtils error: APP have nfc permission
06-24 16:38:08.322 E/NfcNci  ( 2677): NfcUtils error: APP have nfc permission
06-24 16:38:08.340 E/asset   (  657): createFromFile(): lock file /data/resource-cache/system@emui@base@overlay@frameworkhwexthonor@frameworkhwexthonor.apk@idmap.
06-24 16:38:08.341 E/asset   (  657): createFromFile(): lock file /data/resource-cache/system@emui@base@overlay@frameworkhwexthonor@frameworkhwexthonor.apk@idmap.
06-24 16:38:08.341 W/ResourceType(  657): Found multiple library tables, ignoring...
06-24 16:38:08.348 D/PMS1000 (  657): package:com.android.mediacenter, input flags:268436480, output hwFlags:0
06-24 16:38:08.360 E/asset   (  657): createFromFile(): lock file /data/resource-cache/system@emui@base@overlay@frameworkhwexthonor@frameworkhwexthonor.apk@idmap.
06-24 16:38:08.360 E/asset   (  657): createFromFile(): lock file /data/resource-cache/system@emui@base@overlay@frameworkhwexthonor@frameworkhwexthonor.apk@idmap.
06-24 16:38:08.360 W/ResourceType(  657): Found multiple library tables, ignoring...
06-24 16:38:08.364 D/PMS1000 (  657): package:com.android.mms, input flags:268436480, output hwFlags:0
06-24 16:38:08.370 D/HwWifiStatStore(  657): handleMessage : 200
06-24 16:38:08.394 E/asset   (  657): createFromFile(): lock file /data/resource-cache/system@emui@base@overlay@frameworkhwexthonor@frameworkhwexthonor.apk@idmap.
06-24 16:38:08.394 E/asset   (  657): createFromFile(): lock file /data/resource-cache/system@emui@base@overlay@frameworkhwexthonor@frameworkhwexthonor.apk@idmap.
06-24 16:38:08.395 W/ResourceType(  657): Found multiple library tables, ignoring...
06-24 16:38:08.407 E/asset   (  657): createFromFile(): lock file /data/resource-cache/system@emui@base@overlay@frameworkhwexthonor@frameworkhwexthonor.apk@idmap.
06-24 16:38:08.407 E/asset   (  657): createFromFile(): lock file /data/resource-cache/system@emui@base@overlay@frameworkhwexthonor@frameworkhwexthonor.apk@idmap.
06-24 16:38:08.408 W/ResourceType(  657): Found multiple library tables, ignoring...
06-24 16:38:08.419 E/asset   (  657): createFromFile(): lock file /data/resource-cache/system@emui@base@overlay@frameworkhwexthonor@frameworkhwexthonor.apk@idmap.
06-24 16:38:08.419 E/asset   (  657): createFromFile(): lock file /data/resource-cache/system@emui@base@overlay@frameworkhwexthonor@frameworkhwexthonor.apk@idmap.
06-24 16:38:08.419 W/ResourceType(  657): Found multiple library tables, ignoring...
06-24 16:38:08.423 D/PMS1000 (  657): package:com.example.android.notepad, input flags:268436480, output hwFlags:33554432
06-24 16:38:08.429 D/PMS1000 (  657): package:com.huawei.indexsearch, input flags:268436480, output hwFlags:0
06-24 16:38:08.435 D/PMS1000 (  657): package:com.twitter.android, input flags:268436480, output hwFlags:0
06-24 16:38:08.436 D/PMS1000 (  657): package:com.google.android.gms, input flags:268436480, output hwFlags:0
06-24 16:38:08.473 D/PMS1000 (  657): package:com.sankuai.meituan, input flags:268436480, output hwFlags:0
06-24 16:38:08.478 W/Searchables(  657): No global search activity found
06-24 16:38:08.481 E/asset   (  657): createFromFile(): lock file /data/resource-cache/system@emui@base@overlay@frameworkhwexthonor@frameworkhwexthonor.apk@idmap.
06-24 16:38:08.482 E/asset   (  657): createFromFile(): lock file /data/resource-cache/system@emui@base@overlay@frameworkhwexthonor@frameworkhwexthonor.apk@idmap.
06-24 16:38:08.482 W/ResourceType(  657): Found multiple library tables, ignoring...
06-24 16:38:08.484 D/RMS.ContentOberverResource(  657): clear ObserverResource in contentService
06-24 16:38:08.484 D/PMS1000 (  657): package:com.huawei.android.thememanager, input flags:268436480, output hwFlags:0
06-24 16:38:08.484 D/PMS1000 (  657): package:com.excelliance.dualaid, input flags:0, output hwFlags:0
06-24 16:38:08.485 D/HwBastetService(  657): BroadcastReceiver android.intent.action.PACKAGE_CHANGED
06-24 16:38:08.485 D/EmcomManagerService(  657): EmcomManagerReceiver actionandroid.intent.action.PACKAGE_CHANGED
06-24 16:38:08.485 D/EmcomManagerService(  657): doBroadcastMessage  action id: 2
06-24 16:38:08.485 D/EmcomManagerService(  657): handlerPackageChanged  type = 2 packageName = com.excelliance.dualaid
06-24 16:38:08.485 D/XEngineProcessor(  657): handlerPackageChanged  type = 2 packageName = com.excelliance.dualaid
06-24 16:38:08.485 D/GrabService(  657): receive package change msg:com.excelliance.dualaid
06-24 16:38:08.486 E/asset   (  657): createFromFile(): lock file /data/resource-cache/system@emui@base@overlay@frameworkhwexthonor@frameworkhwexthonor.apk@idmap.
06-24 16:38:08.486 E/asset   (  657): createFromFile(): lock file /data/resource-cache/system@emui@base@overlay@frameworkhwexthonor@frameworkhwexthonor.apk@idmap.
06-24 16:38:08.486 W/ResourceType(  657): Found multiple library tables, ignoring...
06-24 16:38:08.493 E/asset   (  657): createFromFile(): lock file /data/resource-cache/system@emui@base@overlay@frameworkhwexthonor@frameworkhwexthonor.apk@idmap.
06-24 16:38:08.493 E/asset   (  657): createFromFile(): lock file /data/resource-cache/system@emui@base@overlay@frameworkhwexthonor@frameworkhwexthonor.apk@idmap.
06-24 16:38:08.493 W/ResourceType(  657): Found multiple library tables, ignoring...
06-24 16:38:08.497 D/PMS1000 (  657): package:com.huawei.appmarket, input flags:268436480, output hwFlags:0
06-24 16:38:08.500 E/asset   (  657): createFromFile(): lock file /data/resource-cache/system@emui@base@overlay@frameworkhwexthonor@frameworkhwexthonor.apk@idmap.
06-24 16:38:08.500 E/asset   (  657): createFromFile(): lock file /data/resource-cache/system@emui@base@overlay@frameworkhwexthonor@frameworkhwexthonor.apk@idmap.
06-24 16:38:08.500 W/ResourceType(  657): Found multiple library tables, ignoring...
06-24 16:38:08.501 I/Telecom-DefaultDialerCache(  657): Refreshing default dialer for user 0: now com.android.contacts
06-24 16:38:08.505 D/PMS1000 (  657): package:com.huawei.himovie, input flags:268436480, output hwFlags:0
06-24 16:38:08.508 E/asset   (  657): createFromFile(): lock file /data/resource-cache/system@emui@base@overlay@frameworkhwexthonor@frameworkhwexthonor.apk@idmap.
06-24 16:38:08.509 E/asset   (  657): createFromFile(): lock file /data/resource-cache/system@emui@base@overlay@frameworkhwexthonor@frameworkhwexthonor.apk@idmap.
06-24 16:38:08.509 W/ResourceType(  657): Found multiple library tables, ignoring...
06-24 16:38:08.512 D/PMS1000 (  657): package:com.huawei.hnreader, input flags:268436480, output hwFlags:67108864
06-24 16:38:08.516 E/asset   (  657): createFromFile(): lock file /data/resource-cache/system@emui@base@overlay@frameworkhwexthonor@frameworkhwexthonor.apk@idmap.
06-24 16:38:08.516 E/asset   (  657): createFromFile(): lock file /data/resource-cache/system@emui@base@overlay@frameworkhwexthonor@frameworkhwexthonor.apk@idmap.
06-24 16:38:08.516 W/ResourceType(  657): Found multiple library tables, ignoring...
06-24 16:38:08.519 D/PMS1000 (  657): package:com.huawei.lives, input flags:268436480, output hwFlags:67108864
06-24 16:38:08.524 E/asset   (  657): createFromFile(): lock file /data/resource-cache/system@emui@base@overlay@frameworkhwexthonor@frameworkhwexthonor.apk@idmap.
06-24 16:38:08.524 E/asset   (  657): createFromFile(): lock file /data/resource-cache/system@emui@base@overlay@frameworkhwexthonor@frameworkhwexthonor.apk@idmap.
06-24 16:38:08.524 W/ResourceType(  657): Found multiple library tables, ignoring...
06-24 16:38:08.528 D/PMS1000 (  657): package:com.huawei.wallet, input flags:268436480, output hwFlags:0
06-24 16:38:08.531 E/asset   (  657): createFromFile(): lock file /data/resource-cache/system@emui@base@overlay@frameworkhwexthonor@frameworkhwexthonor.apk@idmap.
06-24 16:38:08.531 E/asset   (  657): createFromFile(): lock file /data/resource-cache/system@emui@base@overlay@frameworkhwexthonor@frameworkhwexthonor.apk@idmap.
06-24 16:38:08.531 W/ResourceType(  657): Found multiple library tables, ignoring...
06-24 16:38:08.541 D/PMS1000 (  657): package:com.vmall.client, input flags:268436480, output hwFlags:67108864
06-24 16:38:08.546 D/PMS10075(  657): package:com.android.printspooler, input flags:0, output hwFlags:0
06-24 16:38:08.547 D/PMS10075(  657): package:com.android.printspooler, input flags:0, output hwFlags:0
06-24 16:38:08.547 D/PMS1000 (  657): package:com.android.printspooler, input flags:8192, output hwFlags:0
06-24 16:38:08.557 D/PMS1000 (  657): package:com.android.printspooler, input flags:8192, output hwFlags:0
06-24 16:38:08.560 I/HwLauncher( 2519): Model onPackageChanged packageName = com.excelliance.dualaid user = UserHandle{0}
06-24 16:38:08.566 I/HwLauncher( 2519): PowerSaveLauncherModel onPackageChanged packageName = com.excelliance.dualaid user = UserHandle{0}
06-24 16:38:08.566 E/HwLauncher( 2519): PowerSaveLauncherModel onPackageChanged:  not inPowerSaveLauncher 
06-24 16:38:08.566 I/HwLauncher( 2519): StreetModeLauncherModel onPackageChanged packageName = com.excelliance.dualaid user = UserHandle{0}
06-24 16:38:08.566 E/HwLauncher( 2519): StreetModeLauncherModel onPackageChanged:  not inStreetModeLauncher 
06-24 16:38:08.568 I/appium  (24379): Skipping invisible child: android.view.accessibility.AccessibilityNodeInfo@a3b3; boundsInParent: Rect(0, 0 - 1080, 1920); boundsInScreen: Rect(1080, 0 - 1080, 1920); packageName: com.excelliance.dualaid; className: android.widget.RelativeLayout; text: null; error: null; maxTextLength: -1; contentDescription: null; viewIdResName: null; checkable: false; checked: false; focusable: false; focused: false; selected: false; clickable: false; longClickable: false; contextClickable: false; enabled: true; password: false; scrollable: false; importantForAccessibility: false; actions: [AccessibilityAction: ACTION_SELECT - null, AccessibilityAction: ACTION_CLEAR_SELECTION - null, AccessibilityAction: ACTION_ACCESSIBILITY_FOCUS - null, AccessibilityAction: ACTION_SHOW_ON_SCREEN - null]
06-24 16:38:08.568 I/appium  (24379): Skipping invisible child: android.view.accessibility.AccessibilityNodeInfo@a774; boundsInParent: Rect(0, 0 - 1080, 1920); boundsInScreen: Rect(2160, 0 - 1080, 1920); packageName: com.excelliance.dualaid; className: android.widget.RelativeLayout; text: null; error: null; maxTextLength: -1; contentDescription: null; viewIdResName: null; checkable: false; checked: false; focusable: false; focused: false; selected: false; clickable: false; longClickable: false; contextClickable: false; enabled: true; password: false; scrollable: false; importantForAccessibility: false; actions: [AccessibilityAction: ACTION_SELECT - null, AccessibilityAction: ACTION_CLEAR_SELECTION - null, AccessibilityAction: ACTION_ACCESSIBILITY_FOCUS - null, AccessibilityAction: ACTION_SHOW_ON_SCREEN - null]
06-24 16:38:08.568 I/appium  (24379): Fetch time: 6ms
06-24 16:38:08.574 I/HwLauncher( 2519): AllIdleAppsList  updatePackage : package[com.excelliance.dualaid] matched activity's size is 1 and data List size is 107
06-24 16:38:08.578 I/appium  (24379): AppiumResponse: {"sessionId":"12d3f873-0ea4-4775-928a-9964d13dcd6c","status":0,"value":"<?xml version=\"1.0\" encoding=\"UTF-8\"?><hierarchy rotation=\"0\"><android.widget.FrameLayout index=\"0\" text=\"\" class=\"android.widget.FrameLayout\" package=\"com.excelliance.dualaid\" content-desc=\"\" checkable=\"false\" checked=\"false\" clickable=\"false\" enabled=\"true\" focusable=\"false\" focused=\"false\" scrollable=\"false\" long-clickable=\"false\" password=\"false\" selected=\"false\" bounds=\"[0,0][1080,1920]\" resource-id=\"\" instance=\"0\"><android.widget.LinearLayout index=\"0\" text=\"\" class=\"android.widget.LinearLayout\" package=\"com.excelliance.dualaid\" content-desc=\"\" checkable=\"false\" checked=\"false\" clickable=\"false\" enabled=\"true\" focusable=\"false\" focused=\"false\" scrollable=\"false\" long-clickable=\"false\" password=\"false\" selected=\"false\" bounds=\"[0,0][1080,1920]\" resource-id=\"\" instance=\"0\"><android.widget.FrameLayout index=\"0\" text=\"\" class=\"android.widget.FrameLayout\" package=\"com.excelliance.dualaid\" content-desc=\"\" checkable=\"false\" checked=\"false\" clickable=\"false\" enabled=\"true\" focusable=\"false\" focused=\"false\" scrollable=\"false\" long-clickable=\"false\" password=\"false\" selected=\"false\" bounds=\"[0,0][1080,1920]\" resource-id=\"android:id\/content\" instance=\"1\"><android.widget.FrameLayout index=\"0\" text=\"\" class=\"android.widget.FrameLayout\" package=\"com.excelliance.dualaid\" content-desc=\"\" checkable=\"false\" checked=\"false\" clickable=\"false\" enabled=\"true\" focusable=\"false\" focused=\"false\" scrollable=\"false\" long-clickable=\"false\" password=\"false\" selected=\"false\" bounds=\"[0,0][1080,1920]\" resource-id=\"\" instance=\"2\"><android.widget.RelativeLayout index=\"0\" text=\"\" class=\"android.widget.RelativeLayout\" package=\"com.excelliance.dualaid\" content-desc=\"\" checkable=\"false\" checked=\"false\" clickable=\"false\" enabled=\"true\" focusable=\"false\" focused=\"false\" scrollable=\"false\" long-clickable=\"false\" password=\"false\" selected=\"false\" bounds=\"[0,0][1080,1920]\" resource-id=\"com.excelliance.dualaid:id\/rl_guide_original\" instance=\"0\"><android.support.v4.view.ViewPager index=\"0\" text=\"\" class=\"android.support.v4.view.ViewPager\" package=\"com.excelliance.dualaid\" content-desc=\"\" checkable=\"false\" checked=\"false\" clickable=\"false\" enabled=\"true\" focusable=\"true\" focused=\"false\" scrollable=\"true\" long-clickable=\"false\" password=\"false\" selected=\"false\" bounds=\"[0,0][1080,1920]\" resource-id=\"com.excelliance.dualaid:id\/vp_nav\" instance=\"0\"><android.widget.RelativeLayout index=\"0\" text=\"\" class=\"android.widget.RelativeLayout\" package=\"com.excelliance.dualaid\" content-desc=\"\" checkable=\"false\" checked=\"false\" clickable=\"false\" enabled=\"true\" focusable=\"false\" focused=\"false\" scrollable=\"false\" long-clickable=\"false\" password=\"false\" selected=\"false\" bounds=\"[0,0][1080,1920]\" resource-id=\"\" instance=\"1\"><android.view.View index=\"0\" text=\"\" class=\"android.view.View\" package=\"com.excelliance.dualaid\" content-desc=\"\" checkable=\"false\" checked=\"false\" clickable=\"false\" enabled=\"true\" focusable=\"false\" focused=\"false\" scrollable=\"false\" long-clickable=\"false\" password=\"false\" selected=\"false\" bounds=\"[0,0][1080,1920]\" resource-id=\"\" instance=\"0\"\/><android.widget.ImageView index=\"1\" text=\"\" class=\"android.widget.ImageView\" package=\"com.excelliance.dualaid\" content-desc=\"\" checkable=\"false\" checked=\"false\" clickable=\"false\" enabled=\"true\" focusable=\"false\" focused=\"false\" scrollable=\"false\" long-clickable=\"false\" password=\"false\" selected=\"false\" bounds=\"[345,303][990,1185]\" resource-id=\"com.excelliance.dualaid:id\/nav_chat\" instance=\"0\"\/><android.widget.ImageView index=\"2\" text=\"\" class=\"android.widget.ImageView\" package=\"com.excelliance.dualaid\" content-desc=\"\" checkable=\"false\" checked=\"false\" c
06-24 16:38:08.592 I/appium  (24379): channel read invoked!
06-24 16:38:08.592 I/appium  (24379): channel read: GET /wd/hub/session/12d3f873-0ea4-4775-928a-9964d13dcd6c/source
06-24 16:38:08.601 I/appium  (24379): Skipping invisible child: android.view.accessibility.AccessibilityNodeInfo@a3b3; boundsInParent: Rect(0, 0 - 1080, 1920); boundsInScreen: Rect(1080, 0 - 1080, 1920); packageName: com.excelliance.dualaid; className: android.widget.RelativeLayout; text: null; error: null; maxTextLength: -1; contentDescription: null; viewIdResName: null; checkable: false; checked: false; focusable: false; focused: false; selected: false; clickable: false; longClickable: false; contextClickable: false; enabled: true; password: false; scrollable: false; importantForAccessibility: false; actions: [AccessibilityAction: ACTION_SELECT - null, AccessibilityAction: ACTION_CLEAR_SELECTION - null, AccessibilityAction: ACTION_ACCESSIBILITY_FOCUS - null, AccessibilityAction: ACTION_SHOW_ON_SCREEN - null]
