06-24 15:32:59.412 V/WindowManager(  657): findFocusedWindow: AppWindowToken{d3a938b token=Token{377755a ActivityRecord{d5c9105 u0 com.huawei.android.launcher/.unihome.UniHomeLauncher t15658}}} below Reached focused app=AppWindowToken{e5bfe0a token=Token{a300e75 ActivityRecord{73fc1ac u0 com.excelliance.dualaid/com.excelliance.kxqp.ui.HelloActivity t16018}}}
06-24 15:32:59.413 V/WindowManager(  657): addAppToken: AppWindowToken{de64462 token=Token{fe8972d ActivityRecord{b869a44 u0 com.excelliance.dualaid/com.excelliance.kxqp.swipe.NavActivity2 t16018}}} controller={TaskWindowContainerController taskId=16018} at 2147483647
06-24 15:32:59.418 D/HwRecentsLockUtils( 1513): Search
06-24 15:32:59.418 E/HsmCoreServiceImpl( 1478): onTransact in code is: 103
06-24 15:32:59.418 I/MediaProcessHandler( 1478): playingUids: 
06-24 15:32:59.423 I/MainView( 3005): onReceive intent.getAction() android.intent.action.PACKAGE_CHANGED
06-24 15:32:59.425 I/MainView( 3005): ACTION_PACKAGE_CHANGED : packageName =com.excelliance.dualaid, stopedByuser =false
06-24 15:32:59.425 D/PMS1000 (  657): package:com.excelliance.dualaid, input flags:794624, output hwFlags:0
06-24 15:32:59.425 E/NfcNci  ( 2677): NfcUtils error: APP have nfc permission
06-24 15:32:59.426 V/ActivityManager(  657): startProcess: name=com.excelliance.dualaid app=null knownToBeDead=true thread=null pid=-1
06-24 15:32:59.426 D/PMS1000 (  657): package:com.excelliance.dualaid, input flags:0, output hwFlags:0
06-24 15:32:59.427 D/PMS10003(  657): package:com.excelliance.dualaid, input flags:794624, output hwFlags:0
06-24 15:32:59.431 I/HwLauncher( 2519): SimpleAllAppsList  updatePackage : package[com.excelliance.dualaid] matched activity's size is 1 and data List size is 0
06-24 15:32:59.432 I/InputReader(  657): Reconfiguring input devices.  changes=0x00000010
06-24 15:32:59.433 D/PMS1027 (  657): package:com.google.android.apps.walletnfcrel, input flags:8192, output is null
06-24 15:32:59.433 D/HwWifiStatStore(  657): handleMessage : 200
06-24 15:32:59.434 I/ActivityManager(  657): Start proc 9392:com.excelliance.dualaid/u0a1422 for service com.excelliance.dualaid/com.excelliance.kxqp.SmtServService
06-24 15:32:59.434 D/ApduServiceInfo( 2677): No com.nxp.nfc.extensions meta-data
06-24 15:32:59.435 D/ApduServiceInfo( 2677): No com.nxp.nfc.extensions meta-data
06-24 15:32:59.436 I/HwLauncher( 2519): SimpleAllAppsList  findAndUpdateInfoInDB : found 0 shortcutInfo for package[com.excelliance.dualaid] in db
06-24 15:32:59.436 I/HwLauncher( 2519): SimpleAllAppsList  updatePackage do not add new SimpleApplicationInfo,It's in normal now. package = com.excelliance.dualaid
06-24 15:32:59.436 W/HwLauncher( 2519): SimpleLauncherModeNobody to tell about the new app.  Launcher is probably loading.
06-24 15:32:59.436 I/        ( 9392): power log dlsym ok
06-24 15:32:59.437 D/ApduServiceInfo( 2677): No com.nxp.nfc.extensions meta-data
06-24 15:32:59.437 D/ActivityManager(  657): Skipping, home or recents stack task: TaskRecord{333215f #15658 A=com.huawei.android.launcher U=0 StackId=0 sz=1}
06-24 15:32:59.437 D/ActivityManager(  657): Skipping intent:act=android.intent.action.MAIN cat=[android.intent.category.LAUNCHER] flg=0x10a00000 cmp=io.appium.settings/.Settings
06-24 15:32:59.437 D/ActivityManager(  657): Skipping intent:flg=0x10804000 cmp=com.android.systemui/.recents.RecentsActivity bnds=[48,928][1032,2296]
06-24 15:32:59.437 D/ActivityManager(  657): Skipping intent:flg=0x18800000 cmp=com.tencent.mm/.plugin.base.stub.WXPayEntryActivity
06-24 15:32:59.437 D/ActivityManager(  657): Skipping intent:flg=0x10800000 cmp=com.huawei.systemmanager/com.huawei.permissionmanager.ui.MainActivity
06-24 15:32:59.437 D/ActivityManager(  657): Skipping intent:flg=0x18800000 cmp=com.tencent.mm/.plugin.base.stub.WXEntryActivity
06-24 15:32:59.437 D/ActivityManager(  657): Skipping intent:act=com.huawei.action.VOICE_ASSISTANT flg=0x10800000 pkg=com.huawei.vassistant cmp=com.huawei.vassistant/.ui.main.VAssistantActivity
06-24 15:32:59.437 D/ActivityManager(  657): Skipping intent:act=com.huawei.android.launcher.action.ACCESS_SPLIT_SCREEN_APP cat=[android.intent.category.DEFAULT] flg=0x10804000 cmp=com.huawei.android.launcher/.splitscreen.SplitScreenAppActivity
06-24 15:32:59.437 D/ActivityManager(  657): Skipping intent:flg=0x10800000 pkg=com.excelliance.dualaid.b64 cmp=com.excelliance.dualaid.b64/com.excelliance.kxqp.sdk.PermissionRequestActivity
06-24 15:32:59.437 D/ActivityManager(  657): Skipping intent:act=android.intent.action.VIEW dat=content://com.excelliance.dualaid.fileProvider/external_storage_root/Download/apk/Multiple_64.apk typ=application/vnd.android.package-archive flg=0x10800001 cmp=com.android.packageinstaller/.InstallStart
06-24 15:32:59.437 D/ActivityManager(  657): Skipping intent:flg=0x10800000 cmp=com.android.systemui/.usb.HwUsbDebuggingActivity
06-24 15:32:59.437 D/ActivityManager(  657): Skipping intent:act=android.deviceinfo.chooser.action.LAUNCH flg=0x10800000 hwFlg=0x100 pkg=com.android.settings cmp=com.android.settings/.deviceinfo.UsbConnModeChooserActivity
06-24 15:32:59.437 D/ActivityManager(  657): Skipping intent:flg=0x10800000 cmp=com.zol.android/.push.KeepLiveActivity
06-24 15:32:59.437 D/ActivityManager(  657): Skipping intent:act=android.intent.action.MAIN cat=[android.intent.category.HOME] flg=0x10800300 cmp=com.android.settings/.FallbackHome
06-24 15:32:59.439 I/chatty  ( 2677): uid=1027(nfc) com.android.nfc identical 1 line
06-24 15:32:59.440 D/ApduServiceInfo( 2677): No com.nxp.nfc.extensions meta-data
06-24 15:32:59.440 E/ApduServiceInfo( 2677): SE extension not present, Setting default offhost seID
06-24 15:32:59.440 I/zygote  ( 9392): Reinit property: dalvik.vm.checkjni= false
06-24 15:32:59.441 D/HwNetworkManagementService(  657): code == CODE_GET_AD_KEY_LIST
06-24 15:32:59.441 D/HwNetworkManagementService(  657): appName = com.excelliance.dualaid  is not in the mAdViewMap! reply none
06-24 15:32:59.441 D/HwNetworkManagementService(  657): appName = com.excelliance.dualaid  is not in the mAdIdMap! reply none
06-24 15:32:59.443 D/ActivityThread( 9366): add activity client record, r= ActivityRecord{cbe2ddc token=android.os.BinderProxy@d13fa03 {com.excelliance.dualaid/com.excelliance.kxqp.ui.HelloActivity}} token= android.os.BinderProxy@d13fa03
06-24 15:32:59.444 V/WindowManager(  657): No longer Stopped: AppWindowToken{de64462 token=Token{fe8972d ActivityRecord{b869a44 u0 com.excelliance.dualaid/com.excelliance.kxqp.swipe.NavActivity2 t16018}}}
06-24 15:32:59.444 E/NfcNci  ( 2677): NfcUtils error: APP have nfc permission
06-24 15:32:59.444 V/WindowManager(  657): No longer Stopped: AppWindowToken{de64462 token=Token{fe8972d ActivityRecord{b869a44 u0 com.excelliance.dualaid/com.excelliance.kxqp.swipe.NavActivity2 t16018}}}
06-24 15:32:59.449 V/WindowManager(  657): Checking 1 opening apps (frozen=false timeout=false)...
06-24 15:32:59.449 V/WindowManager(  657): Check opening app=AppWindowToken{de64462 token=Token{fe8972d ActivityRecord{b869a44 u0 com.excelliance.dualaid/com.excelliance.kxqp.swipe.NavActivity2 t16018}}}: allDrawn=false startingDisplayed=false startingMoved=false isRelaunching()=false
06-24 15:32:59.451 W/X509TrustManager( 9366): checkServerTrusted: SignatureException:null
06-24 15:32:59.451 W/X509TrustManager( 9366): checkServerTrusted: SignatureException:error:04000073:RSA routines:OPENSSL_internal:DATA_TOO_LARGE_FOR_MODULUS
06-24 15:32:59.453 D/HwCust  ( 9366): Create obj success use class android.app.HwCustActivityImpl
06-24 15:32:59.454 D/HwCust  ( 9366): Create obj success use class android.app.HwCustHwWallpaperManagerImpl
06-24 15:32:59.455 V/ActivityThread( 9366): ActivityThread,callActivityOnCreate
06-24 15:32:59.456 D/PMS1000 (  657): package:com.android.browser, input flags:268436480, output hwFlags:0
06-24 15:32:59.457 D/ActivityThread( 9392): ActivityThread,attachApplication
06-24 15:32:59.458 D/ActivityManager(  657): ActivityManagerService,attachApplication,callingPid = 9392
06-24 15:32:59.458 D/PMS11422(  657): package:com.excelliance.dualaid, input flags:128, output hwFlags:0
06-24 15:32:59.462 D/NavActivity2( 9366): onCreate
06-24 15:32:59.464 W//system/bin/hwservicemanager(  416): Cannot open /odm/manifest.xml
06-24 15:32:59.468 W/Utils   ( 9366): Utils_isSuperResolutionSupport [load libai_client.so failed]
06-24 15:32:59.470 D/CubicBezierInterpolator( 9366): CubicBezierInterpolator  mControlPoint1x = 0.23, mControlPoint1y = 0.06, mControlPoint2x = 0.09, mControlPoint2y = 0.97
06-24 15:32:59.470 D/CubicBezierInterpolator( 9366): CubicBezierInterpolator  mControlPoint1x = 0.6, mControlPoint1y = 0.9, mControlPoint2x = 0.8, mControlPoint2y = 1.0
06-24 15:32:59.470 D/CubicBezierInterpolator( 9366): CubicBezierInterpolator  mControlPoint1x = 0.23, mControlPoint1y = 0.06, mControlPoint2x = 0.09, mControlPoint2y = 0.97
06-24 15:32:59.470 D/CubicBezierInterpolator( 9366): CubicBezierInterpolator  mControlPoint1x = 0.6, mControlPoint1y = 0.9, mControlPoint2x = 0.8, mControlPoint2y = 1.0
06-24 15:32:59.470 D/CubicBezierInterpolator( 9366): CubicBezierInterpolator  mControlPoint1x = 0.23, mControlPoint1y = 0.06, mControlPoint2x = 0.09, mControlPoint2y = 0.97
06-24 15:32:59.470 D/CubicBezierInterpolator( 9366): CubicBezierInterpolator  mControlPoint1x = 0.6, mControlPoint1y = 0.9, mControlPoint2x = 0.8, mControlPoint2y = 1.0
06-24 15:32:59.470 D/CubicBezierInterpolator( 9366): CubicBezierInterpolator  mControlPoint1x = 0.23, mControlPoint1y = 0.06, mControlPoint2x = 0.09, mControlPoint2y = 0.97
06-24 15:32:59.471 D/CubicBezierInterpolator( 9366): CubicBezierInterpolator  mControlPoint1x = 0.6, mControlPoint1y = 0.9, mControlPoint2x = 0.8, mControlPoint2y = 1.0
06-24 15:32:59.476 E/asset   (  657): createFromFile(): lock file /data/resource-cache/system@emui@base@overlay@frameworkhwexthonor@frameworkhwexthonor.apk@idmap.
06-24 15:32:59.476 D/HwRTBlurUtils( 9366): check blur style for HwPhoneWindow-, themeResId : 0x7f0e000a, context : com.excelliance.kxqp.swipe.NavActivity2@794246b, Nhwext : 0, get Blur : disable with , null
06-24 15:32:59.476 E/asset   (  657): createFromFile(): lock file /data/resource-cache/system@emui@base@overlay@frameworkhwexthonor@frameworkhwexthonor.apk@idmap.
06-24 15:32:59.476 D/HwRTBlurUtils( 9366): check blur style for HwPhoneWindow-, themeResId : 0x7f0e000a, context : com.excelliance.kxqp.swipe.NavActivity2@794246b, Nhwext : 0, get Blur : disable with , null
06-24 15:32:59.476 W/ResourceType(  657): Found multiple library tables, ignoring...
06-24 15:32:59.477 E/test    ( 9366): hw notch screen flag api error
06-24 15:32:59.479 D/ActivityThread( 9366): add activity client record, r= ActivityRecord{414755e token=android.os.BinderProxy@31abee5 {com.excelliance.dualaid/com.excelliance.kxqp.swipe.NavActivity2}} token= android.os.BinderProxy@31abee5
06-24 15:32:59.480 E/ViewUtils( 9366): setBgColor: view==null:top
06-24 15:32:59.481 D/PMS1000 (  657): package:com.android.calendar, input flags:268436480, output hwFlags:0
06-24 15:32:59.485 E/asset   (  657): createFromFile(): lock file /data/resource-cache/system@emui@base@overlay@frameworkhwexthonor@frameworkhwexthonor.apk@idmap.
06-24 15:32:59.485 E/asset   (  657): createFromFile(): lock file /data/resource-cache/system@emui@base@overlay@frameworkhwexthonor@frameworkhwexthonor.apk@idmap.
06-24 15:32:59.485 W/ResourceType(  657): Found multiple library tables, ignoring...
06-24 15:32:59.486 W//system/bin/hwservicemanager(  416): Cannot open /odm/manifest.xml
06-24 15:32:59.487 I/GRALLOC (  679): 	 shrFd=10,fmt=0x1,intFmt=0x1,btStrd=256,size=4096,pid=679 
06-24 15:32:59.487 I/GRALLOC (  679): 	 yuv=2,w=16,h=16,Stride u=0 v=0,offset u=0 v=0 
06-24 15:32:59.487 I/GRALLOC (  679): 	 iova_size=4096,conUsg=0x100,proUsg=0x100,	 strd=64,[afbc]HdrStrd=0 PyldStrd=0 Scrmbl=0,ionhnd = 1 
06-24 15:32:59.489 E/asset   (  657): createFromFile(): lock file /data/resource-cache/system@emui@base@overlay@frameworkhwexthonor@frameworkhwexthonor.apk@idmap.
06-24 15:32:59.489 D/OpenGLRenderer( 9366):   HWUI Binary is  enabled
06-24 15:32:59.490 E/asset   (  657): createFromFile(): lock file /data/resource-cache/system@emui@base@overlay@frameworkhwexthonor@frameworkhwexthonor.apk@idmap.
06-24 15:32:59.490 D/SurfaceFlinger(  710): SurfaceFlinger: getDisplayConfigs--3.000000, 1080, 1920
06-24 15:32:59.490 I/chatty  (  710): uid=1000(system) Binder:710_5 identical 1 line
06-24 15:32:59.490 D/SurfaceFlinger(  710): SurfaceFlinger: getDisplayConfigs--3.000000, 1080, 1920
06-24 15:32:59.491 D/OpenGLRenderer( 9366): HWUI GL Pipeline
06-24 15:32:59.491 W/ResourceType(  657): Found multiple library tables, ignoring...
06-24 15:32:59.494 E/asset   (  657): createFromFile(): lock file /data/resource-cache/system@emui@base@overlay@frameworkhwexthonor@frameworkhwexthonor.apk@idmap.
06-24 15:32:59.494 D/HwFLClassLoader( 9392): get used feature list :/feature/used-list failed!
06-24 15:32:59.494 D/HwFLClassLoader( 9392): USE_FEATURE_LIST had not init! 
06-24 15:32:59.494 E/asset   (  657): createFromFile(): lock file /data/resource-cache/system@emui@base@overlay@frameworkhwexthonor@frameworkhwexthonor.apk@idmap.
06-24 15:32:59.494 W/ResourceType(  657): Found multiple library tables, ignoring...
06-24 15:32:59.494 D/HttpUtils( 9366): getResponseCode():200
06-24 15:32:59.494 V/WindowManager(  657): Adding Window{9ee8d3f u0 com.excelliance.dualaid/com.excelliance.kxqp.swipe.NavActivity2} to AppWindowToken{de64462 token=Token{fe8972d ActivityRecord{b869a44 u0 com.excelliance.dualaid/com.excelliance.kxqp.swipe.NavActivity2 t16018}}}
06-24 15:32:59.495 V/WindowManager(  657): addWindow: New client android.os.BinderProxy@7c5355e: window=Window{9ee8d3f u0 com.excelliance.dualaid/com.excelliance.kxqp.swipe.NavActivity2} Callers=com.android.server.wm.HwWindowManagerService.addWindow:562 com.android.server.wm.Session.addToDisplay:199 android.view.IWindowSession$Stub.onTransact:124 com.android.server.wm.Session.onTransact:161 android.os.Binder.execTransact:675 
06-24 15:32:59.495 D/WHEG    ( 9366): {"status":"0","controls":"","skip":"0"}
06-24 15:32:59.496 D/PMS1000 (  657): package:com.android.contacts, input flags:268436480, output hwFlags:0
06-24 15:32:59.501 V/WindowManager(  657): Checking 1 opening apps (frozen=false timeout=false)...
06-24 15:32:59.501 V/WindowManager(  657): Check opening app=AppWindowToken{de64462 token=Token{fe8972d ActivityRecord{b869a44 u0 com.excelliance.dualaid/com.excelliance.kxqp.swipe.NavActivity2 t16018}}}: allDrawn=false startingDisplayed=false startingMoved=false isRelaunching()=false
06-24 15:32:59.501 E/asset   (  657): createFromFile(): lock file /data/resource-cache/system@emui@base@overlay@frameworkhwexthonor@frameworkhwexthonor.apk@idmap.
06-24 15:32:59.502 E/asset   (  657): createFromFile(): lock file /data/resource-cache/system@emui@base@overlay@frameworkhwexthonor@frameworkhwexthonor.apk@idmap.
06-24 15:32:59.502 D/HwGalleryCacheManagerImpl( 9366): mIsEffect:false
06-24 15:32:59.502 W/ResourceType(  657): Found multiple library tables, ignoring...
06-24 15:32:59.506 D/PMS11422(  657): package:com.excelliance.dualaid, input flags:128, output hwFlags:0
06-24 15:32:59.510 D/PMS11422(  657): package:com.excelliance.dualaid, input flags:128, output hwFlags:0
06-24 15:32:59.511 D/PMS1000 (  657): package:com.android.email, input flags:268436480, output hwFlags:33554432
06-24 15:32:59.514 D/PMS11422(  657): package:com.excelliance.dualaid, input flags:128, output hwFlags:0
06-24 15:32:59.536 E/asset   (  657): createFromFile(): lock file /data/resource-cache/system@emui@base@overlay@frameworkhwexthonor@frameworkhwexthonor.apk@idmap.
06-24 15:32:59.536 E/asset   (  657): createFromFile(): lock file /data/resource-cache/system@emui@base@overlay@frameworkhwexthonor@frameworkhwexthonor.apk@idmap.
06-24 15:32:59.536 W/ResourceType(  657): Found multiple library tables, ignoring...
06-24 15:32:59.540 D/PMS1000 (  657): package:com.android.mediacenter, input flags:268436480, output hwFlags:0
06-24 15:32:59.544 E/asset   (  657): createFromFile(): lock file /data/resource-cache/system@emui@base@overlay@frameworkhwexthonor@frameworkhwexthonor.apk@idmap.
06-24 15:32:59.545 E/asset   (  657): createFromFile(): lock file /data/resource-cache/system@emui@base@overlay@frameworkhwexthonor@frameworkhwexthonor.apk@idmap.
06-24 15:32:59.549 D/HwRecentsLockUtils( 1513): Search
06-24 15:32:59.549 E/HsmCoreServiceImpl( 1478): onTransact in code is: 103
06-24 15:32:59.549 I/MediaProcessHandler( 1478): playingUids: 
06-24 15:32:59.549 D/ActivityManager(  657): Skipping, home or recents stack task: TaskRecord{333215f #15658 A=com.huawei.android.launcher U=0 StackId=0 sz=1}
06-24 15:32:59.549 D/ActivityManager(  657): Skipping intent:act=android.intent.action.MAIN cat=[android.intent.category.LAUNCHER] flg=0x10a00000 cmp=io.appium.settings/.Settings
06-24 15:32:59.549 D/ActivityManager(  657): Skipping intent:flg=0x10804000 cmp=com.android.systemui/.recents.RecentsActivity bnds=[48,928][1032,2296]
06-24 15:32:59.549 D/ActivityManager(  657): Skipping intent:flg=0x18800000 cmp=com.tencent.mm/.plugin.base.stub.WXPayEntryActivity
06-24 15:32:59.549 D/ActivityManager(  657): Skipping intent:flg=0x10800000 cmp=com.huawei.systemmanager/com.huawei.permissionmanager.ui.MainActivity
06-24 15:32:59.549 D/ActivityManager(  657): Skipping intent:flg=0x18800000 cmp=com.tencent.mm/.plugin.base.stub.WXEntryActivity
06-24 15:32:59.549 D/ActivityManager(  657): Skipping intent:act=com.huawei.action.VOICE_ASSISTANT flg=0x10800000 pkg=com.huawei.vassistant cmp=com.huawei.vassistant/.ui.main.VAssistantActivity
06-24 15:32:59.549 D/ActivityManager(  657): Skipping intent:act=com.huawei.android.launcher.action.ACCESS_SPLIT_SCREEN_APP cat=[android.intent.category.DEFAULT] flg=0x10804000 cmp=com.huawei.android.launcher/.splitscreen.SplitScreenAppActivity
06-24 15:32:59.549 D/ActivityManager(  657): Skipping intent:flg=0x10800000 pkg=com.excelliance.dualaid.b64 cmp=com.excelliance.dualaid.b64/com.excelliance.kxqp.sdk.PermissionRequestActivity
06-24 15:32:59.549 D/ActivityManager(  657): Skipping intent:act=android.intent.action.VIEW dat=content://com.excelliance.dualaid.fileProvider/external_storage_root/Download/apk/Multiple_64.apk typ=application/vnd.android.package-archive flg=0x10800001 cmp=com.android.packageinstaller/.InstallStart
06-24 15:32:59.549 D/ActivityManager(  657): Skipping intent:flg=0x10800000 cmp=com.android.systemui/.usb.HwUsbDebuggingActivity
06-24 15:32:59.549 D/ActivityManager(  657): Skipping intent:act=android.deviceinfo.chooser.action.LAUNCH flg=0x10800000 hwFlg=0x100 pkg=com.android.settings cmp=com.android.settings/.deviceinfo.UsbConnModeChooserActivity
06-24 15:32:59.549 D/ActivityManager(  657): Skipping intent:flg=0x10800000 cmp=com.zol.android/.push.KeepLiveActivity
06-24 15:32:59.549 D/ActivityManager(  657): Skipping intent:act=android.intent.action.MAIN cat=[android.intent.category.HOME] flg=0x10800300 cmp=com.android.settings/.FallbackHome
06-24 15:32:59.553 W/ResourceType(  657): Found multiple library tables, ignoring...
06-24 15:32:59.563 D/PMS1000 (  657): package:com.android.mms, input flags:268436480, output hwFlags:0
06-24 15:32:59.573 E/asset   (  657): createFromFile(): lock file /data/resource-cache/system@emui@base@overlay@frameworkhwexthonor@frameworkhwexthonor.apk@idmap.
06-24 15:32:59.573 E/asset   (  657): createFromFile(): lock file /data/resource-cache/system@emui@base@overlay@frameworkhwexthonor@frameworkhwexthonor.apk@idmap.
06-24 15:32:59.573 W/ResourceType(  657): Found multiple library tables, ignoring...
06-24 15:32:59.574 D/MainActivity( 9366): instantiateItem: 2	android.widget.RelativeLayout{d00e2b1 V.E...... ......I. 0,0-0,0}
06-24 15:32:59.575 D/MainActivity( 9366): initPage3: 
06-24 15:32:59.578 V/WindowManager(  657): Checking 1 opening apps (frozen=false timeout=false)...
06-24 15:32:59.578 V/WindowManager(  657): Check opening app=AppWindowToken{de64462 token=Token{fe8972d ActivityRecord{b869a44 u0 com.excelliance.dualaid/com.excelliance.kxqp.swipe.NavActivity2 t16018}}}: allDrawn=false startingDisplayed=false startingMoved=false isRelaunching()=false
06-24 15:32:59.580 V/HwPhoneWindowManager(  657): updateSystemUiColorLw window=Window{9ee8d3f u0 com.excelliance.dualaid/com.excelliance.kxqp.swipe.NavActivity2},EmuiStyle=0,StatusBarColor=0xff000000,NavigationBarColor=0xff000000, mLastIsEmuiLightStyle=-1
06-24 15:32:59.580 D/HwPhoneWindowManager(  657): Transact:setSystemUIColor to status bar service
06-24 15:32:59.581 I/CommandQueue( 1513): updateBarBgColor
06-24 15:32:59.581 D/CommandQueue( 1513): CommandQueue, setBarBackgroundColor
06-24 15:32:59.582 V/WindowManager(  657): Checking 1 opening apps (frozen=false timeout=false)...
06-24 15:32:59.582 V/WindowManager(  657): Check opening app=AppWindowToken{de64462 token=Token{fe8972d ActivityRecord{b869a44 u0 com.excelliance.dualaid/com.excelliance.kxqp.swipe.NavActivity2 t16018}}}: allDrawn=false startingDisplayed=false startingMoved=false isRelaunching()=false
06-24 15:32:59.585 D/MainActivity( 9366): run: initPage3
06-24 15:32:59.586 V/MainActivity( 9366): onWindowFocusChanged: true
06-24 15:32:59.586 I/GRALLOC (  679): 	 shrFd=10,fmt=0x1,intFmt=0x200000001,btStrd=4352,size=8486912,pid=679 
06-24 15:32:59.586 I/GRALLOC (  679): 	 yuv=2,w=1080,h=1920,Stride u=0 v=0,offset u=0 v=0 
06-24 15:32:59.586 I/GRALLOC (  679): 	 iova_size=8486912,conUsg=0x900,proUsg=0x900,	 strd=1088,[afbc]HdrStrd=1088 PyldStrd=69632 Scrmbl=2,ionhnd = 1 
06-24 15:32:59.586 D/TintManager( 1513): statusBarIconTint=#99FFFFFF,navigationBarIconTint=#FF000000
06-24 15:32:59.587 W/InputMethodManager( 9366): startInputReason = 1
06-24 15:32:59.588 I/GRALLOC (  679): 	 shrFd=10,fmt=0x1,intFmt=0x200000001,btStrd=4352,size=8486912,pid=679 
06-24 15:32:59.588 I/GRALLOC (  679): 	 yuv=2,w=1080,h=1920,Stride u=0 v=0,offset u=0 v=0 
06-24 15:32:59.588 I/GRALLOC (  679): 	 iova_size=8486912,conUsg=0x900,proUsg=0x900,	 strd=1088,[afbc]HdrStrd=1088 PyldStrd=69632 Scrmbl=2,ionhnd = 1 
06-24 15:32:59.590 I/OpenGLRenderer( 9366): Initialized EGL, version 1.4
06-24 15:32:59.590 W/InputMethodManager( 9366): startInputReason = 5
06-24 15:32:59.590 D/OpenGLRenderer( 9366): Swap behavior 2
06-24 15:32:59.591 I/GRALLOC (  679): 	 shrFd=10,fmt=0x1,intFmt=0x200000001,btStrd=4352,size=8486912,pid=679 
06-24 15:32:59.591 I/GRALLOC (  679): 	 yuv=2,w=1080,h=1920,Stride u=0 v=0,offset u=0 v=0 
06-24 15:32:59.591 I/GRALLOC (  679): 	 iova_size=8486912,conUsg=0x900,proUsg=0x900,	 strd=1088,[afbc]HdrStrd=1088 PyldStrd=69632 Scrmbl=2,ionhnd = 1 
06-24 15:32:59.593 I/wangchen( 7035): SysInfo.getSysParam: orientation=1||config d=3.0,w=1080,h=1920||metrics d=3.0,w=1080,h=1920||sdk=26,bar_h=72
06-24 15:32:59.593 I/KeymapLoader( 7035): w=1080 h=1920 ori=true appScale=3.3 s1=3.0
06-24 15:32:59.595 D/mali_winsys( 9366): EGLint new_window_surface(egl_winsys_display *, void *, EGLSurface, EGLConfig, egl_winsys_surface **, egl_color_buffer_format *, EGLBoolean) returns 0x3000
06-24 15:32:59.596 E/vndksupport( 9366): Could not load vendor/lib/egl/libGLES_mali_v2.so from sphal namespace: dlopen failed: library "vendor/lib/egl/libGLES_mali_v2.so" not found.
06-24 15:32:59.607 D/StatusBarIconController( 1513): setIconVisibility icon is null or visibility not change visibility=false
06-24 15:32:59.609 E/asset   (  657): createFromFile(): lock file /data/resource-cache/system@emui@base@overlay@frameworkhwexthonor@frameworkhwexthonor.apk@idmap.
06-24 15:32:59.609 E/asset   (  657): createFromFile(): lock file /data/resource-cache/system@emui@base@overlay@frameworkhwexthonor@frameworkhwexthonor.apk@idmap.
06-24 15:32:59.609 W/ResourceType(  657): Found multiple library tables, ignoring...
06-24 15:32:59.612 I/GRALLOC (  679): 	 shrFd=10,fmt=0x1,intFmt=0x200000001,btStrd=4352,size=8486912,pid=679 
06-24 15:32:59.612 I/GRALLOC (  679): 	 yuv=2,w=1080,h=1920,Stride u=0 v=0,offset u=0 v=0 
06-24 15:32:59.612 I/GRALLOC (  679): 	 iova_size=8486912,conUsg=0xb00,proUsg=0xb00,	 strd=1088,[afbc]HdrStrd=1088 PyldStrd=69632 Scrmbl=2,ionhnd = 1 
06-24 15:32:59.620 D/WindowManager(  657): finishDrawingWindow: Window{9ee8d3f u0 com.excelliance.dualaid/com.excelliance.kxqp.swipe.NavActivity2} mDrawState=DRAW_PENDING
06-24 15:32:59.621 V/WindowManager(  657): Checking 1 opening apps (frozen=false timeout=false)...
06-24 15:32:59.621 V/WindowManager(  657): Check opening app=AppWindowToken{de64462 token=Token{fe8972d ActivityRecord{b869a44 u0 com.excelliance.dualaid/com.excelliance.kxqp.swipe.NavActivity2 t16018}}}: allDrawn=true startingDisplayed=false startingMoved=false isRelaunching()=false
06-24 15:32:59.624 E/asset   (  657): createFromFile(): lock file /data/resource-cache/system@emui@base@overlay@frameworkhwexthonor@frameworkhwexthonor.apk@idmap.
06-24 15:32:59.624 E/asset   (  657): createFromFile(): lock file /data/resource-cache/system@emui@base@overlay@frameworkhwexthonor@frameworkhwexthonor.apk@idmap.
06-24 15:32:59.624 W/ResourceType(  657): Found multiple library tables, ignoring...
06-24 15:32:59.625 D/ImageWallpaper( 1513): onVisibilityChanged: mVisible, visible=true, false
06-24 15:32:59.625 D/ImageWallpaper( 1513): Visibility changed to visible=false
06-24 15:32:59.627 I/ActivityManager(  657): Displayed com.excelliance.dualaid/com.excelliance.kxqp.swipe.NavActivity2: +178ms (total +327ms)
06-24 15:32:59.627 I/zygote  ( 9392): Compiler allocated 4MB to compile boolean com.excelliance.kxqp.KXQPApplication.b(int)
06-24 15:32:59.627 D/PMS1000 (  657): package:com.example.android.notepad, input flags:268436480, output hwFlags:33554432
06-24 15:32:59.635 E/BufferQueueProducer(  710): [com.huawei.android.launcher/com.huawei.android.launcher.unihome.UniHomeLauncher#0] disconnect: not connected (req=1)
06-24 15:32:59.635 W/libEGL  ( 2519): EGLNativeWindowType 0x748dc4c010 disconnect failed
06-24 15:32:59.639 D/ActivityThread( 9366): Remove activity client record, r= ActivityRecord{cbe2ddc token=android.os.BinderProxy@d13fa03 {com.excelliance.dualaid/com.excelliance.kxqp.ui.HelloActivity}} token= android.os.BinderProxy@d13fa03
06-24 15:32:59.639 D/PMS1000 (  657): package:com.huawei.indexsearch, input flags:268436480, output hwFlags:0
06-24 15:32:59.640 V/WindowManager(  657): removeAppToken: AppWindowToken{e5bfe0a token=Token{a300e75 ActivityRecord{73fc1ac u0 com.excelliance.dualaid/com.excelliance.kxqp.ui.HelloActivity t16018}}} delayed=false Callers=com.android.server.wm.DisplayContent.removeAppToken:985 com.android.server.wm.AppWindowContainerController.removeContainer:348 com.android.server.am.ActivityRecord.removeWindowContainer:1039 com.android.server.am.ActivityStack.removeActivityFromHistoryLocked:4491 
06-24 15:32:59.648 D/PMS1000 (  657): package:com.twitter.android, input flags:268436480, output hwFlags:0
06-24 15:32:59.649 D/PMS1000 (  657): package:com.google.android.gms, input flags:268436480, output hwFlags:0
06-24 15:32:59.651 V/WindowManager(  657): notifyAppStopped: AppWindowToken{d3a938b token=Token{377755a ActivityRecord{d5c9105 u0 com.huawei.android.launcher/.unihome.UniHomeLauncher t15658}}}
06-24 15:32:59.651 E/WindowManager(  657): win=Window{68d6975 u0 com.huawei.android.launcher/com.huawei.android.launcher.unihome.UniHomeLauncher} destroySurfaces: appStopped=true win.mWindowRemovalAllowed=false win.mRemoveOnExit=false
06-24 15:32:59.651 I/WindowManager(  657): Destroying surface Surface(name=com.huawei.android.launcher/com.huawei.android.launcher.unihome.UniHomeLauncher) called by com.android.server.wm.WindowStateAnimator.destroySurface:2060 com.android.server.wm.WindowStateAnimator.destroySurfaceLocked:873 com.android.server.wm.HwWindowStateAnimator.destroySurfaceLocked:1006 com.android.server.wm.WindowState.destroyOrSaveSurfaceUnchecked:2990 com.android.server.wm.WindowState.destroySurface:2951 com.android.server.wm.AppWindowToken.destroySurfaces:654 com.android.server.wm.AppWindowToken.destroySurfaces:638 com.android.server.wm.AppWindowToken.notifyAppStopped:682 
06-24 15:32:59.654 D/PMS11422(  657): package:com.excelliance.dualaid, input flags:128, output hwFlags:0
06-24 15:32:59.655 D/HwGameAssistantController(  657): pid=2519, uid=10056, foreground=false
06-24 15:32:59.656 W/AwareLog(  657): SchedLevelBoost: onFgActivitiesChanged config not set!
06-24 15:32:59.656 D/PMS11422(  657): package:com.excelliance.dualaid, input flags:128, output hwFlags:0
06-24 15:32:59.685 W/dex2oat ( 9433): Using default instruction set features for ARM CPU variant (default) using conservative defaults
06-24 15:32:59.686 I/dex2oat ( 9433): /system/bin/dex2oat -j4 --dex-file=/data/data/com.excelliance.dualaid/.platformcache/main.jar --output-vdex-fd=49 --oat-fd=51 --oat-location=/data/data/com.excelliance.dualaid/.platformcache/oat/arm/main.odex --compiler-filter=quicken
06-24 15:32:59.686 I/cutils-trace( 9433): atrace_init_once, trace_marker_path = /sys/kernel/debug/tracing/trace_marker
06-24 15:32:59.713 D/PMS1000 (  657): package:com.sankuai.meituan, input flags:268436480, output hwFlags:0
06-24 15:32:59.721 D/RMS.ContentOberverResource(  657): clear ObserverResource in contentService
06-24 15:32:59.721 W/Searchables(  657): No global search activity found
06-24 15:32:59.722 D/HwBastetService(  657): BroadcastReceiver android.intent.action.PACKAGE_CHANGED
06-24 15:32:59.722 D/EmcomManagerService(  657): EmcomManagerReceiver actionandroid.intent.action.PACKAGE_CHANGED
06-24 15:32:59.722 D/EmcomManagerService(  657): doBroadcastMessage  action id: 2
06-24 15:32:59.722 D/EmcomManagerService(  657): handlerPackageChanged  type = 2 packageName = com.excelliance.dualaid
06-24 15:32:59.722 D/XEngineProcessor(  657): handlerPackageChanged  type = 2 packageName = com.excelliance.dualaid
06-24 15:32:59.722 D/GrabService(  657): receive package change msg:com.excelliance.dualaid
06-24 15:32:59.724 E/asset   (  657): createFromFile(): lock file /data/resource-cache/system@emui@base@overlay@frameworkhwexthonor@frameworkhwexthonor.apk@idmap.
06-24 15:32:59.724 E/asset   (  657): createFromFile(): lock file /data/resource-cache/system@emui@base@overlay@frameworkhwexthonor@frameworkhwexthonor.apk@idmap.
06-24 15:32:59.724 W/ResourceType(  657): Found multiple library tables, ignoring...
06-24 15:32:59.727 D/PMS1000 (  657): package:com.huawei.android.thememanager, input flags:268436480, output hwFlags:0
06-24 15:32:59.729 E/asset   (  657): createFromFile(): lock file /data/resource-cache/system@emui@base@overlay@frameworkhwexthonor@frameworkhwexthonor.apk@idmap.
06-24 15:32:59.729 E/asset   (  657): createFromFile(): lock file /data/resource-cache/system@emui@base@overlay@frameworkhwexthonor@frameworkhwexthonor.apk@idmap.
06-24 15:32:59.729 W/ResourceType(  657): Found multiple library tables, ignoring...
06-24 15:32:59.735 E/asset   (  657): createFromFile(): lock file /data/resource-cache/system@emui@base@overlay@frameworkhwexthonor@frameworkhwexthonor.apk@idmap.
06-24 15:32:59.735 E/asset   (  657): createFromFile(): lock file /data/resource-cache/system@emui@base@overlay@frameworkhwexthonor@frameworkhwexthonor.apk@idmap.
06-24 15:32:59.735 W/ResourceType(  657): Found multiple library tables, ignoring...
06-24 15:32:59.739 I/Telecom-DefaultDialerCache(  657): Refreshing default dialer for user 0: now com.android.contacts
06-24 15:32:59.740 D/PMS1000 (  657): package:com.huawei.appmarket, input flags:268436480, output hwFlags:0
06-24 15:32:59.741 D/BarTransitions.HwPhoneStatusBarView( 1513): MODE_TRANSPARENT -> MODE_TRANSLUCENT animate=false
06-24 15:32:59.741 D/BarTransitions.HwPhoneStatusBarView( 1513): applyModeBackground oldMode=MODE_TRANSPARENT newMode=MODE_TRANSLUCENT animate=false
06-24 15:32:59.746 E/asset   (  657): createFromFile(): lock file /data/resource-cache/system@emui@base@overlay@frameworkhwexthonor@frameworkhwexthonor.apk@idmap.
06-24 15:32:59.746 E/asset   (  657): createFromFile(): lock file /data/resource-cache/system@emui@base@overlay@frameworkhwexthonor@frameworkhwexthonor.apk@idmap.
06-24 15:32:59.746 W/ResourceType(  657): Found multiple library tables, ignoring...
06-24 15:32:59.750 D/PMS1000 (  657): package:com.huawei.himovie, input flags:268436480, output hwFlags:0
06-24 15:32:59.753 D/BarTransitions.HwPhoneStatusBarView( 1513): MODE_TRANSLUCENT -> MODE_TRANSPARENT animate=false
06-24 15:32:59.753 D/BarTransitions.HwPhoneStatusBarView( 1513): applyModeBackground oldMode=MODE_TRANSLUCENT newMode=MODE_TRANSPARENT animate=false
06-24 15:32:59.753 D/BarTransitions.HwPhoneStatusBarView( 1513): MODE_TRANSPARENT -> MODE_TRANSLUCENT animate=false
06-24 15:32:59.753 D/BarTransitions.HwPhoneStatusBarView( 1513): applyModeBackground oldMode=MODE_TRANSPARENT newMode=MODE_TRANSLUCENT animate=false
06-24 15:32:59.753 D/BarTransitions.HwNavigationBarView( 1513): MODE_TRANSLUCENT -> MODE_OPAQUE animate=false
06-24 15:32:59.753 D/BarTransitions.HwNavigationBarView( 1513): applyModeBackground oldMode=MODE_TRANSLUCENT newMode=MODE_OPAQUE animate=false
06-24 15:32:59.753 I/WindowManager(  657): notifyAccessibilityButtonVisibilityChanged visible:false
06-24 15:32:59.754 E/asset   (  657): createFromFile(): lock file /data/resource-cache/system@emui@base@overlay@frameworkhwexthonor@frameworkhwexthonor.apk@idmap.
06-24 15:32:59.754 E/asset   (  657): createFromFile(): lock file /data/resource-cache/system@emui@base@overlay@frameworkhwexthonor@frameworkhwexthonor.apk@idmap.
06-24 15:32:59.754 W/ResourceType(  657): Found multiple library tables, ignoring...
06-24 15:32:59.758 D/PMS1000 (  657): package:com.huawei.hnreader, input flags:268436480, output hwFlags:67108864
06-24 15:32:59.761 E/asset   (  657): createFromFile(): lock file /data/resource-cache/system@emui@base@overlay@frameworkhwexthonor@frameworkhwexthonor.apk@idmap.
06-24 15:32:59.761 E/asset   (  657): createFromFile(): lock file /data/resource-cache/system@emui@base@overlay@frameworkhwexthonor@frameworkhwexthonor.apk@idmap.
06-24 15:32:59.761 W/ResourceType(  657): Found multiple library tables, ignoring...
06-24 15:32:59.765 D/PMS1000 (  657): package:com.huawei.lives, input flags:268436480, output hwFlags:67108864
06-24 15:32:59.769 W/ActivityManager(  657): Sending non-protected broadcast huawei.action.floattasks.STATUS_BAR_STATE_CHANGED from system 1513:com.android.systemui/u0a39 pkg com.android.systemui
06-24 15:32:59.770 W/HwKeyguardDragHelper( 1513): AnimationBlocked
06-24 15:32:59.772 E/asset   (  657): createFromFile(): lock file /data/resource-cache/system@emui@base@overlay@frameworkhwexthonor@frameworkhwexthonor.apk@idmap.
06-24 15:32:59.772 E/asset   (  657): createFromFile(): lock file /data/resource-cache/system@emui@base@overlay@frameworkhwexthonor@frameworkhwexthonor.apk@idmap.
06-24 15:32:59.772 W/ResourceType(  657): Found multiple library tables, ignoring...
06-24 15:32:59.776 D/PMS1000 (  657): package:com.huawei.wallet, input flags:268436480, output hwFlags:0
06-24 15:32:59.779 E/asset   (  657): createFromFile(): lock file /data/resource-cache/system@emui@base@overlay@frameworkhwexthonor@frameworkhwexthonor.apk@idmap.
06-24 15:32:59.779 E/asset   (  657): createFromFile(): lock file /data/resource-cache/system@emui@base@overlay@frameworkhwexthonor@frameworkhwexthonor.apk@idmap.
06-24 15:32:59.779 W/ResourceType(  657): Found multiple library tables, ignoring...
06-24 15:32:59.787 D/NetWorkUtils( 1513): mVSimCurCardType is -1
06-24 15:32:59.788 D/PMS1000 (  657): package:com.vmall.client, input flags:268436480, output hwFlags:67108864
06-24 15:32:59.794 D/PMS10075(  657): package:com.android.printspooler, input flags:0, output hwFlags:0
06-24 15:32:59.794 D/PMS10075(  657): package:com.android.printspooler, input flags:0, output hwFlags:0
06-24 15:32:59.795 D/PMS1000 (  657): package:com.android.printspooler, input flags:8192, output hwFlags:0
06-24 15:32:59.800 D/PMS1000 (  657): package:com.android.printspooler, input flags:8192, output hwFlags:0
06-24 15:32:59.802 I/HwLauncher( 2519): Model onPackageChanged packageName = com.excelliance.dualaid user = UserHandle{0}
06-24 15:32:59.804 I/HwLauncher( 2519): PowerSaveLauncherModel onPackageChanged packageName = com.excelliance.dualaid user = UserHandle{0}
06-24 15:32:59.804 E/HwLauncher( 2519): PowerSaveLauncherModel onPackageChanged:  not inPowerSaveLauncher 
06-24 15:32:59.804 I/HwLauncher( 2519): StreetModeLauncherModel onPackageChanged packageName = com.excelliance.dualaid user = UserHandle{0}
06-24 15:32:59.804 E/HwLauncher( 2519): StreetModeLauncherModel onPackageChanged:  not inStreetModeLauncher 
06-24 15:32:59.805 I/HwLauncher( 2519): AllIdleAppsList  updatePackage : package[com.excelliance.dualaid] matched activity's size is 1 and data List size is 107
06-24 15:32:59.840 I/HwNormalizedSpline(  657): getEyeProtectionBrightnessLevel lux =239.0, mDefaultBrightnessFromLux =68.645
06-24 15:33:00.000 V/AlarmManager(  657): Received TIME_TICK alarm; rescheduling
06-24 15:33:00.001 I/HwAlarmManagerService(  657): hwSetAlarm listenerTag: time_tick
06-24 15:33:00.002 E/DateView( 1513): DateView,mCurrentTime: 1529825580002
06-24 15:33:00.022 W/HwKeyguardDragHelper( 1513): AnimationBlocked
06-24 15:33:00.030 I/EventCenter( 1513): EventCenter Get :android.intent.action.TIME_TICK
06-24 15:33:00.033 W/ResourceType( 1513): No known package when getting value for resource number 0xffffffff
06-24 15:33:00.033 E/DateLunarView( 1513): mDateString is: 6月24日星期日
06-24 15:33:00.033 W/ResourceType( 1513): No known package when getting value for resource number 0xffffffff
06-24 15:33:00.034 E/DateLunarView( 1513): mDateString is: 6月24日星期日
06-24 15:33:00.034 D/KeyguardUpdateMonitor( 1513): received broadcast android.intent.action.TIME_TICK
06-24 15:33:00.034 D/KeyguardUpdateMonitor( 1513): handleTimeUpdate
06-24 15:33:00.034 I/KeyguardStatusView( 1513): Runnable for refresh
06-24 15:33:00.042 I/HwLauncher( 2519): Model  onReceive intent=Intent { act=android.intent.action.TIME_TICK flg=0x50200014 hwFlg=0x900 (has extras) }
06-24 15:33:00.042 I/HwLauncher( 2519): Model  onReceive user=UserHandle{0}
06-24 15:33:00.054 I/Step_LSC( 3140): 80002326|processHandleBroadcastAction action:android.intent.action.TIME_TICK
06-24 15:33:00.066 I/Step_SPUtils( 3140): 80002326|setAliveRecord  success: timestampArg=1529825580054 elapsedRealtimeArg=108318903
06-24 15:33:00.077 W/ExpandableNotificationRow( 1513): setActionsBackground,null == view,mPublicLayout
06-24 15:33:00.077 W/ExpandableNotificationRow( 1513): setActionsBackground,null == view,mPrivateLayout
06-24 15:33:00.077 W/ExpandableNotificationRow( 1513): setActionsBackground,null == view,mPublicLayout
06-24 15:33:00.077 W/ExpandableNotificationRow( 1513): setActionsBackground,null == view,mPrivateLayout
06-24 15:33:00.078 W/ExpandableNotificationRow( 1513): setActionsBackground,null == view,mPublicLayout
06-24 15:33:00.078 W/ExpandableNotificationRow( 1513): setActionsBackground,null == view,mPrivateLayout
06-24 15:33:00.078 W/ExpandableNotificationRow( 1513): setActionsBackground,null == view,mPublicLayout
06-24 15:33:00.078 W/ExpandableNotificationRow( 1513): setActionsBackground,null == view,mPrivateLayout
06-24 15:33:00.078 W/ExpandableNotificationRow( 1513): setActionsBackground,null == view,mPublicLayout
06-24 15:33:00.078 W/ExpandableNotificationRow( 1513): setActionsBackground,null == view,mPrivateLayout
06-24 15:33:00.078 W/ExpandableNotificationRow( 1513): setActionsBackground,null == view,mPublicLayout
06-24 15:33:00.078 W/ExpandableNotificationRow( 1513): setActionsBackground,null == view,mPrivateLayout
06-24 15:33:00.079 W/ExpandableNotificationRow( 1513): setActionsBackground,null == view,mPublicLayout
06-24 15:33:00.079 W/ExpandableNotificationRow( 1513): setActionsBackground,null == view,mPrivateLayout
06-24 15:33:00.079 W/ExpandableNotificationRow( 1513): setActionsBackground,null == view,mPublicLayout
06-24 15:33:00.079 W/ExpandableNotificationRow( 1513): setActionsBackground,null == view,mPrivateLayout
06-24 15:33:00.079 W/ExpandableNotificationRow( 1513): setActionsBackground,null == view,mPublicLayout
06-24 15:33:00.079 W/ExpandableNotificationRow( 1513): setActionsBackground,null == view,mPrivateLayout
06-24 15:33:00.080 W/ExpandableNotificationRow( 1513): setActionsBackground,null == view,mPublicLayout
06-24 15:33:00.080 W/ExpandableNotificationRow( 1513): setActionsBackground,null == view,mPrivateLayout
06-24 15:33:00.080 W/ExpandableNotificationRow( 1513): setActionsBackground,null == view,mPublicLayout
06-24 15:33:00.080 W/ExpandableNotificationRow( 1513): setActionsBackground,null == view,mPrivateLayout
06-24 15:33:00.080 W/ExpandableNotificationRow( 1513): setActionsBackground,null == view,mPublicLayout
06-24 15:33:00.080 W/ExpandableNotificationRow( 1513): setActionsBackground,null == view,mPrivateLayout
06-24 15:33:00.080 W/ExpandableNotificationRow( 1513): setActionsBackground,null == view,mPublicLayout
06-24 15:33:00.080 W/ExpandableNotificationRow( 1513): setActionsBackground,null == view,mPrivateLayout
06-24 15:33:00.080 W/ExpandableNotificationRow( 1513): setActionsBackground,null == view,mPublicLayout
06-24 15:33:00.080 W/ExpandableNotificationRow( 1513): setActionsBackground,null == view,mPrivateLayout
06-24 15:33:00.081 W/ExpandableNotificationRow( 1513): setActionsBackground,null == view,mPublicLayout
06-24 15:33:00.081 W/ExpandableNotificationRow( 1513): setActionsBackground,null == view,mPrivateLayout
06-24 15:33:00.081 W/ExpandableNotificationRow( 1513): setActionsBackground,null == view,mPublicLayout
06-24 15:33:00.081 W/ExpandableNotificationRow( 1513): setActionsBackground,null == view,mPrivateLayout
06-24 15:33:00.081 W/ExpandableNotificationRow( 1513): setActionsBackground,null == view,mPublicLayout
06-24 15:33:00.081 W/ExpandableNotificationRow( 1513): setActionsBackground,null == view,mPrivateLayout
06-24 15:33:00.081 W/ExpandableNotificationRow( 1513): setActionsBackground,null == view,mPublicLayout
06-24 15:33:00.081 W/ExpandableNotificationRow( 1513): setActionsBackground,null == view,mPrivateLayout
06-24 15:33:00.081 W/ExpandableNotificationRow( 1513): setActionsBackground,null == view,mPublicLayout
06-24 15:33:00.081 W/ExpandableNotificationRow( 1513): setActionsBackground,null == view,mPrivateLayout
06-24 15:33:00.082 W/ExpandableNotificationRow( 1513): setActionsBackground,null == view,mPublicLayout
06-24 15:33:00.082 W/ExpandableNotificationRow( 1513): setActionsBackground,null == view,mPrivateLayout
06-24 15:33:00.082 W/ExpandableNotificationRow( 1513): setActionsBackground,null == view,mPublicLayout
06-24 15:33:00.082 W/ExpandableNotificationRow( 1513): setActionsBackground,null == view,mPrivateLayout
06-24 15:33:00.082 W/ExpandableNotificationRow( 1513): setActionsBackground,null == view,mPublicLayout
06-24 15:33:00.082 W/ExpandableNotificationRow( 1513): setActionsBackground,null == view,mPrivateLayout
06-24 15:33:00.082 W/ExpandableNotificationRow( 1513): setActionsBackground,null == view,mPublicLayout
06-24 15:33:00.082 W/ExpandableNotificationRow( 1513): setActionsBackground,null == view,mPrivateLayout
06-24 15:33:00.082 W/ExpandableNotificationRow( 1513): setActionsBackground,null == view,mPublicLayout
06-24 15:33:00.082 W/ExpandableNotificationRow( 1513): setActionsBackground,null == view,mPrivateLayout
06-24 15:33:00.083 W/ExpandableNotificationRow( 1513): setActionsBackground,null == view,mPublicLayout
06-24 15:33:00.083 W/ExpandableNotificationRow( 1513): setActionsBackground,null == view,mPrivateLayout
06-24 15:33:00.083 W/ExpandableNotificationRow( 1513): setActionsBackground,null == view,mPublicLayout
06-24 15:33:00.083 W/ExpandableNotificationRow( 1513): setActionsBackground,null == view,mPrivateLayout
06-24 15:33:00.083 W/ExpandableNotificationRow( 1513): setActionsBackground,null == view,mPublicLayout
06-24 15:33:00.083 W/ExpandableNotificationRow( 1513): setActionsBackground,null == view,mPrivateLayout
06-24 15:33:00.083 W/ExpandableNotificationRow( 1513): setActionsBackground,null == view,mPublicLayout
06-24 15:33:00.083 W/ExpandableNotificationRow( 1513): setActionsBackground,null == view,mPrivateLayout
06-24 15:33:00.083 W/ExpandableNotificationRow( 1513): setActionsBackground,null == view,mPublicLayout
06-24 15:33:00.083 W/ExpandableNotificationRow( 1513): setActionsBackground,null == view,mPrivateLayout
06-24 15:33:00.084 W/ExpandableNotificationRow( 1513): setActionsBackground,null == view,mPublicLayout
06-24 15:33:00.084 W/ExpandableNotificationRow( 1513): setActionsBackground,null == view,mPrivateLayout
06-24 15:33:00.084 W/ExpandableNotificationRow( 1513): setActionsBackground,null == view,mPublicLayout
06-24 15:33:00.084 W/ExpandableNotificationRow( 1513): setActionsBackground,null == view,mPrivateLayout
06-24 15:33:00.084 W/HwKeyguardDragHelper( 1513): AnimationBlocked
06-24 15:33:00.092 I/GRALLOC (  679): 	 shrFd=10,fmt=0x1,intFmt=0x200000001,btStrd=4352,size=8486912,pid=679 
06-24 15:33:00.092 I/GRALLOC (  679): 	 yuv=2,w=1080,h=1920,Stride u=0 v=0,offset u=0 v=0 
06-24 15:33:00.092 I/GRALLOC (  679): 	 iova_size=8486912,conUsg=0xb00,proUsg=0xb00,	 strd=1088,[afbc]HdrStrd=1088 PyldStrd=69632 Scrmbl=2,ionhnd = 1 
06-24 15:33:00.103 I/dex2oat ( 9433): dex2oat took 417.885ms (1.027s cpu) (threads: 4) arena alloc=137KB (141240B) java alloc=2MB (3127336B) native alloc=4MB (4686496B) free=3MB (3177824B)
06-24 15:33:00.113 I/[HwRecSys]TimerController( 2647): onMinuteChange requestWeather
06-24 15:33:00.116 D/PMS11422(  657): package:com.excelliance.dualaid, input flags:128, output hwFlags:0
06-24 15:33:00.119 D/PMS11422(  657): package:com.excelliance.dualaid, input flags:128, output hwFlags:0
06-24 15:33:00.131 D/DateTimeView( 1513): Change to single clock mode!
06-24 15:33:00.133 D/DateTimeView( 1513): Change to single clock mode!
06-24 15:33:00.142 I/GRALLOC (  679): 	 shrFd=10,fmt=0x1,intFmt=0x200000001,btStrd=4352,size=8486912,pid=679 
06-24 15:33:00.142 I/GRALLOC (  679): 	 yuv=2,w=1080,h=1920,Stride u=0 v=0,offset u=0 v=0 
06-24 15:33:00.142 I/GRALLOC (  679): 	 iova_size=8486912,conUsg=0xb00,proUsg=0xb00,	 strd=1088,[afbc]HdrStrd=1088 PyldStrd=69632 Scrmbl=2,ionhnd = 1 
06-24 15:33:00.149 V/BroadcastQueue(  657): Finished with ordered broadcast BroadcastRecord{54935e7 u-1 android.intent.action.TIME_TICK}
06-24 15:33:00.151 W/dex2oat ( 9460): Using default instruction set features for ARM CPU variant (default) using conservative defaults
06-24 15:33:00.151 I/dex2oat ( 9460): /system/bin/dex2oat -j4 --dex-file=/data/data/com.excelliance.dualaid/.platformcache/kxqpplatform2.jar --output-vdex-fd=50 --oat-fd=51 --oat-location=/data/data/com.excelliance.dualaid/.platformcache/oat/arm/kxqpplatform2.odex --compiler-filter=quicken
06-24 15:33:00.151 I/cutils-trace( 9460): atrace_init_once, trace_marker_path = /sys/kernel/debug/tracing/trace_marker
06-24 15:33:00.189 I/TrafficMonitor(  657): expired arrive. level:-1
06-24 15:33:00.189 I/TrafficMonitor(  657): during_ms:2003,period_ms:2000
06-24 15:33:00.189 I/TrafficMonitor(  657): count:733,rx_sum:3,tx_sum:3,rxBytes:234,during_ms:2003,rx_speed:116.82476285571641,tx_speed:69.89515726410384,rto:1.0
06-24 15:33:00.189 D/HuaweiWifiWatchdogStateMachine(  657): speed: rxpkt:3, rxSpd:116B/s, txpkt:3, txSpd:69
06-24 15:33:00.371 I/dex2oat ( 9460): dex2oat took 219.841ms (452.903ms cpu) (threads: 4) arena alloc=62KB (63808B) java alloc=2MB (2283472B) native alloc=2MB (2308800B) free=2MB (2934080B)
06-24 15:33:00.382 D/PMS11422(  657): package:com.excelliance.dualaid, input flags:0, output hwFlags:0
06-24 15:33:00.390 E/MemoryLeakMonitorManager( 9392): MemoryLeakMonitor.jar is not exist!
06-24 15:33:00.391 D/KXQPApplication( 9392): run: initUserManager
06-24 15:33:00.391 D/CrashHandler( 9392): CrashHandler
06-24 15:33:00.393 E/Minikin ( 9392): Could not get cmap table size!
06-24 15:33:00.393 D/PMS11422(  657): package:com.excelliance.dualaid, input flags:128, output hwFlags:0
06-24 15:33:00.400 D/AirPushService( 9392): 第一次触发
06-24 15:33:00.401 D/SmtServService( 9392): MSG_LOAD_PLT GameUtil.isPtLoaded() = false
06-24 15:33:00.402 I/HwCust  ( 9392): Constructor found for class android.net.HwCustConnectivityManagerImpl
06-24 15:33:00.402 D/HwCust  ( 9392): Create obj success use class android.net.HwCustConnectivityManagerImpl
06-24 15:33:00.402 D/NetworkStateReceiver( 9392): netWorkConnected = true
06-24 15:33:00.403 D/AirPushUtils( 9392): startPushInfo
06-24 15:33:00.408 D/PMS1000 (  657): package:com.excelliance.dualaid, input flags:8192, output hwFlags:0
06-24 15:33:00.409 D/AirPushService( 9392): 第一次设置Alarm
06-24 15:33:00.409 D/AirPushService( 9392): resetPushAlarm
06-24 15:33:00.411 D/SmtServService( 9392): pull info
06-24 15:33:00.411 D/SmtServService( 9392): diffTime = 1529825580411
06-24 15:33:00.411 D/SmtServService( 9392): pushInfoFromServer
06-24 15:33:00.412 D/AirPushPreferences( 9392): setLastPushTime
06-24 15:33:00.412 D/PMS1001 (  657): package:com.excelliance.dualaid, input flags:0, output hwFlags:0
06-24 15:33:00.415 D/PMS11422(  657): package:com.excelliance.dualaid, input flags:0, output hwFlags:0
06-24 15:33:00.419 I/zygote  ( 9366): Do partial code cache collection, code=26KB, data=25KB
06-24 15:33:00.419 I/zygote  ( 9366): After code cache collection, code=26KB, data=25KB
06-24 15:33:00.419 I/zygote  ( 9366): Increasing code cache capacity to 128KB
06-24 15:33:00.420 D/PMS11422(  657): package:com.excelliance.dualaid, input flags:128, output hwFlags:0
06-24 15:33:00.427 I/zygote  ( 9392): Do partial code cache collection, code=27KB, data=31KB
06-24 15:33:00.428 I/zygote  ( 9392): After code cache collection, code=11KB, data=18KB
06-24 15:33:00.428 I/zygote  ( 9392): Increasing code cache capacity to 128KB
06-24 15:33:00.444 D/StatisticsManager( 9392): Query time diff:1529825580444
06-24 15:33:00.448 D/launch-time-RU( 9392): preload 24 classes cost 45ms
06-24 15:33:00.451 I/chatty  (  657): uid=1000(system) Binder:657_17 identical 8 lines
