07-29 16:41:01.139 D/launch-time-RU(17978): preload 24 classes cost 66ms
07-29 16:41:01.209 D/MainFragment(16979): handleMessage msg.what:53
07-29 16:41:01.209 D/MainFragment(16979): MSG_INIT_OFF_STANDARD_POSITION
07-29 16:41:01.209 D/MainFragment(16979): handleMessage final msg.what:53, take:0
07-29 16:41:01.229 D/KXQPApplication(17978): run: initUserManager
07-29 16:41:01.229 D/CrashHandler(17978): CrashHandler
07-29 16:41:01.259 D/LBService(17978): add o=com.android.ggapsvc.LBService, busyCount=1
07-29 16:41:01.259 D/LBService(17978): onStartCommand action=com.excelliance.dualaid.action.downloadcomp
07-29 16:41:01.269 D/LBService(17978): add o=com.android.ggapsvc.LBService, busyCount=2
07-29 16:41:01.269 D/LBService(17978): remove o=com.android.ggapsvc.LBService, busyCount=1
07-29 16:41:01.269 D/DownloadComponentService(17978): gameId:null check:false gameLib:null url:null gameType:0  savePath:null dmd5:null autodl:false downloadGame:true alarmCheck:false owenShortcutfalse
07-29 16:41:01.269 D/LBService(17978): remove o=com.android.ggapsvc.LBService, busyCount=0
07-29 16:41:01.269 D/LBService(17978): add o=com.excelliance.kxqp.d$2, busyCount=1
07-29 16:41:01.279 D/PowerSaveService( 2572): PowerSaveReceiver EXTRA_STATUS: status = 2, lastCharging = true
07-29 16:41:01.309 D/PayUtil (17978): sp is empty
07-29 16:41:01.309 D/PayUtil (17978): 本地不存在文件
07-29 16:41:01.349 D/VersionManager(17978): file exists /storage/emulated/0/.dygameres.apps/game_res/3rd/config/
07-29 16:41:01.349 D/VersionManager(17978): httpsRequest getURL = https://folder.appota.cn/newofflinead.php?vc=472&vn=4.1.2&chid=10022&subchid=1&imei=860270034674273&imsi=null&lang=zh_CN&uflag=3&uid=10338333&type=20&pkg=com.excelliance.dualaid&api=22&release=5.1.1&abi=armeabi-v7a&abi2=armeabi&abilist=arm64-v8a%2Carmeabi-v7a%2Carmeabi&abilist32=armeabi-v7a%2Carmeabi&abilist64=arm64-v8a&brand=OPPO&manufacturer=OPPO&model=OPPO%20R7sm&product=R7sm&tp=3&feature=1&newuser=1&issl=1
07-29 16:41:01.349 I/System.out(17978): sLuckyMoneyUrl = wx.gtimg.com/hongbao/
07-29 16:41:01.409 W/X509TrustManager(17978): checkServerTrusted: SignatureException:null
07-29 16:41:01.409 W/X509TrustManager(17978): checkServerTrusted: SignatureException:error:04067084:rsa routines:RSA_EAY_PUBLIC_DECRYPT:data too large for modulus
07-29 16:41:01.409 D/MainFragment(16979): handleMessage msg.what:45
07-29 16:41:01.409 V/ChannelManager(16979): initChannelDao
07-29 16:41:01.409 D/MainFragment(16979): handleMessage final msg.what:45, take:1
07-29 16:41:01.409 V/ChannelManager(16979): parseChannels
07-29 16:41:01.409 D/Arm64Utils(16979): checkVersion_64
07-29 16:41:01.409 D/MainFragment(16979): initStreamAdFragment
07-29 16:41:01.409 D/PayUtil (16979): sRid = 
07-29 16:41:01.419 D/OppoPackageManager( 1243): filterThirdMarket()---
07-29 16:41:01.419 I/OppoPackageManager( 1243): OppoPackageManagerHelper hasSystemFeature oppo.filtrated.app
07-29 16:41:01.419 D/OppoPackageManager( 1243): getKnownMarketMap()
07-29 16:41:01.419 D/OppoPackageManager( 1243): mKnownMarketMap: 
07-29 16:41:01.419 D/OppoPackageManager( 1243): mKnownMarketMap - com.excelliance.dualaid, 1
07-29 16:41:01.419 D/OppoPackageManager( 1243): mKnownMarketMap - com.excean.gspace, 1
07-29 16:41:01.419 D/OppoPackageManager( 1243): mKnownMarketMap - com.estrongs.android.pop, 1
07-29 16:41:01.419 D/OppoPackageManager( 1243): mKnownMarketMap - com.excean.gspace.b64, 1
07-29 16:41:01.419 D/OppoPackageManager( 1243): The MarketName[0] is com.excelliance.dualaid called by Binder.getCallingUid()= 10165
07-29 16:41:01.419 D/OppoPackageManager( 1243): com.excelliance.dualaid is open state.
07-29 16:41:01.419 D/OppoPackageManager( 1243): Filter result: isBlack = false, isWhite = false, isManualOpen = true, isBadMarket = false, isSystem = false, isAddNew = false
07-29 16:41:01.419 D/MainFragment(16979): handleMessage msg.what:43
07-29 16:41:01.429 D/SPAESUtil(16979): v_p_no
07-29 16:41:01.429 D/MainFragment(16979): handleMessage final msg.what:43, take:4
07-29 16:41:01.429 E/Parcel  (16979): Reading a NULL string not supported here.
07-29 16:41:01.429 E/Reflecting  getMessage(16979): com.excelliance.kxqp.ads.guangdiantongnew.GdtnewFactory 
07-29 16:41:01.429 E/Reflecting   getLocalizedMessage(16979): com.excelliance.kxqp.ads.guangdiantongnew.GdtnewFactory 
07-29 16:41:01.429 D/Reflecting(16979): com.excelliance.kxqp.ads.guangdiantongnew.GdtnewFactory
07-29 16:41:01.429 E/Reflecting  getMessage(16979): com.excelliance.kxqp.ads.guangdiantongnew.GdtnewFactory 
07-29 16:41:01.429 E/Reflecting   getLocalizedMessage(16979): com.excelliance.kxqp.ads.guangdiantongnew.GdtnewFactory 
07-29 16:41:01.429 D/Reflecting(16979): com.excelliance.kxqp.ads.guangdiantongnew.GdtnewFactory
07-29 16:41:01.429 V/InitialData(16979): capitalize:Gdtnew
07-29 16:41:01.429 V/GameUtil(16979): getCurrentVersionByKey : gdtnew	current_gdtnew_version	GdtnewVersion
07-29 16:41:01.439 V/GameUtil(16979): saveVersionToFileByKey  xml_key :gdtnew  result:0
07-29 16:41:01.449 E/Parcel  (16979): Reading a NULL string not supported here.
07-29 16:41:01.449 V/GameUtil(16979): getCurrentVersionByKey  gdtnew:0
07-29 16:41:01.449 V/InitialData(16979): capitalize:Gdtnew
07-29 16:41:01.449 D/lyl     (16979): file:gdtnew.jar   pay.jar
07-29 16:41:01.449 E/InitialData(16979): gdtnew.jar not exist
07-29 16:41:01.449 V/InitialData(16979): gdtnewVersion:0    gdtnew_version:0    current_gdtnew_version:0
07-29 16:41:01.449 D/InitialData(16979): current not exits identifing = gdtnew, current_jar_version = 0
07-29 16:41:01.449 V/GameUtil(16979): saveVersionToFileByKey  xml_key :gdtnew  result:0
07-29 16:41:01.449 D/InitialData(16979): identifing = gdtnew, jarPath = /data/data/com.excelliance.dualaid/.platformcache/tmp/gdtnew/gdtnew.jar
07-29 16:41:01.449 V/InitialData(16979): capitalize:Gdtnew
07-29 16:41:01.449 V/GameUtil(16979): getCurrentVersionByKey : gdtnew	current_gdtnew_version	GdtnewVersion
07-29 16:41:01.449 V/GameUtil(16979): saveVersionToFileByKey  xml_key :gdtnew  result:0
07-29 16:41:01.449 V/GameUtil(16979): getCurrentVersionByKey  gdtnew:0
07-29 16:41:01.449 V/InitialData(16979): capitalize:Gdtnew
07-29 16:41:01.459 D/InitialData(16979): assets not exists /data/data/com.excelliance.dualaid/.platformcache/tmp/gdtnew/gdtnew.jar
07-29 16:41:01.459 V/MainActivity(16979): load GDT jar success
07-29 16:41:01.469 D/VersionManager(17978): qdl getURL = https://folder.appota.cn/newofflinead.php?vc=472&vn=4.1.2&chid=10022&subchid=1&imei=860270034674273&imsi=null&lang=zh_CN&uflag=3&uid=10338333&type=20&pkg=com.excelliance.dualaid&api=22&release=5.1.1&abi=armeabi-v7a&abi2=armeabi&abilist=arm64-v8a%2Carmeabi-v7a%2Carmeabi&abilist32=armeabi-v7a%2Carmeabi&abilist64=arm64-v8a&brand=OPPO&manufacturer=OPPO&model=OPPO%20R7sm&product=R7sm&tp=3&feature=1&newuser=1&issl=1
07-29 16:41:01.479 D/VersionManager(17978): queryDlList result:<?xml version="1.0" encoding="utf-8"?><listpack ver="1.0"><gamelist><icon pos = "1" con = "-1"/><glist gid="10287"  gfup="0" gname="[转账]确认" glib="" gpath="http://act.adintl.cn/channel/index?cid=417&amp;appKey=442e4e12153e757d104411d14bde0af9" gsize="0" ppath="https://cdn.multiopen.cn/origicon/3rdicon/iconpath/10287/0c5b99cd8a82183ba87e5b57d4575d62.gif" ppath1="https://cdn.multiopen.cn/origicon/3rdicon/iconpath/10287/cf371d743a4cee8727276d164b9496b0.png" gtype="3" gtime="0" gcid=""  patch="0" omd5="" nmd5="" dmd5="" flag="83" notifytitle="" notifymsg="" tm="own" adt="3" adp="1" getime="" promsg="" proic="" probabity="1000000" /></gamelist></listpack>
07-29 16:41:01.479 D/VersionManager(17978): getPartialDownload file exists /storage/emulated/0/.dygameres.apps/game_res/3rd/downloading/
07-29 16:41:01.489 V/VersionManager(17978): icon:{"con":-1,"pos":1}
07-29 16:41:01.489 V/StatisticsBySpImpl(17978): init   isFirstCheck
07-29 16:41:01.489 W/X509TrustManager(16979): checkServerTrusted: SignatureException:null
07-29 16:41:01.489 W/X509TrustManager(16979): checkServerTrusted: SignatureException:error:04067084:rsa routines:RSA_EAY_PUBLIC_DECRYPT:data too large for modulus
07-29 16:41:01.489 E/StatisticsBySpImpl(17978): install new version, old version is 324, net is ok, upload now!
07-29 16:41:01.499 D/StatisticsService(16979): ACTION_UPLOAD com.excelliance.kxqp.action.upload
07-29 16:41:01.529 D/VersionManager(17978): forceUpdate=0
07-29 16:41:01.539 D/VersionManager(17978): queryDlList final result:
07-29 16:41:01.539 D/VersionManager(17978): <?xml version="1.0" encoding="utf-8"?><listpack ver="1.0"><gamelist><icon pos = "1" con = "-1"/><glist gid="10287"  gfup="0" gname="[转账]确认" glib="" gpath="http://act.adintl.cn/channel/index?cid=417&amp;appKey=442e4e12153e757d104411d14bde0af9" gsize="0" ppath="https://cdn.multiopen.cn/origicon/3rdicon/iconpath/10287/0c5b99cd8a82183ba87e5b57d4575d62.gif" ppath1="https://cdn.multiopen.cn/origicon/3rdicon/iconpath/10287/cf371d743a4cee8727276d164b9496b0.png" gtype="3" gtime="0" gcid=""  patch="0" omd5="" nmd5="" dmd5="" flag="83" notifytitle="" notifymsg="" tm="own" adt="3" adp="1" getime="" promsg="" proic="" probabity="1000000" /></gamelist></listpack>
07-29 16:41:01.539 V/AddGameData(17978): Manufacturer:OPPO
07-29 16:41:01.549 D/MainFragment(16979): verName = 4.1.2
07-29 16:41:01.549 D/MainFragment(16979): handleMessage msg.what:10
07-29 16:41:01.559 D/MainFragment(16979): serverVersionCode = 472
07-29 16:41:01.559 D/MainFragment(16979): handleMessage final msg.what:10, take:5
07-29 16:41:01.559 E/Parcel  (17978): Reading a NULL string not supported here.
07-29 16:41:01.689 I/appium  ( 9879): AppiumResponse: {"sessionId":"dfbf3083-c5d8-4fdf-9522-7a886ccdaa53","status":0,"value":true}
07-29 16:41:01.699 I/appium  ( 9879): channel read invoked!
07-29 16:41:01.699 I/appium  ( 9879): channel read: GET /wd/hub/session/dfbf3083-c5d8-4fdf-9522-7a886ccdaa53/source
07-29 16:41:01.719 D/VersionManager(17978): httpsRequest getURL = http://mto.multiopen.cn/recommbwlist.php?sdkver=2009&compver=55302&mainver=231800&vc=472&vn=4.1.2&chid=10022&subchid=1&fv=1&uid=10338333&type=20&pkg=com.excelliance.dualaid&api=22&release=5.1.1&language=zh&country=CN&abi=armeabi-v7a&abi2=armeabi&abilist=arm64-v8a%2Carmeabi-v7a%2Carmeabi&abilist32=armeabi-v7a%2Carmeabi&abilist64=arm64-v8a&brand=OPPO&manufacturer=OPPO&model=OPPO%20R7sm&product=R7sm&issl=0&pl=aW8uYXBwaXVtLnNldHRpbmdzO2NvbS5leGNlYW4uZ3NwYWNlO2NvbS5pZnJlZXRhbGsuZnRhbGs7%0AaW8uYXBwaXVtLnVpYXV0b21hdG9yMi5zZXJ2ZXI7Y29tLnRlbmNlbnQubW07Y29tLm9wcG8uY2Ft%0AZXJhLmRvdWJsZWV4cG9zdXJlO2NvbS5lc3Ryb25ncy5hbmRyb2lkLnBvcDtjb20uZXhjZWFuLmdz%0AcGFjZS5iNjQ7aW8uYXBwaXVtLnVpYXV0b21hdG9yMi5zZXJ2ZXIudGVzdDtjb20ub3Bwby5jYW1l%0AcmEucHJvZmVzc2lvbmFsO2NvbS5vcHBvLm1hcmtldDtjb20uYW5kcm9pZC5lbWFpbDtpby5hcHBp%0AdW0udW5sb2NrO2NvbS5leGNlbGxpYW5jZS5kdWFsYWlk%0A
07-29 16:41:01.769 D/NetworkLinkMonitor( 1243): RSSI_PKTCNT_FETCH_SUCCEEDED--dtotal= 23
07-29 16:41:01.779 E/VersionManager(17978): queryAppList urlConn result = <?xml version="1.0" encoding="utf-8"?><infopack><rminfo><nrml pkg="com.tencent.mm"/><nrml pkg="com.tencent.mobileqq"/><nrml pkg="com.ifreetalk.ftalk"/><nrml pkg="com.immomo.momo"/><nrml pkg="com.taobao.taobao"/><nrml pkg="com.eg.android.AlipayGphone"/><nrml pkg="com.tencent.qqlite"/><nrml pkg="com.tencen2.mm"/></rminfo><bwinfo><bwl pl="io.appium.settings;com.excean.gspace;com.ifreetalk.ftalk;io.appium.uiautomator2.server;com.tencent.mm;com.oppo.camera.doubleexposure;com.estrongs.android.pop;com.excean.gspace.b64;io.appium.uiautomator2.server.test;com.oppo.camera.professional;com.oppo.market;com.android.email;io.appium.unlock;com.excelliance.dualaid"/></bwinfo><bbinfo><bbl pl="com.qihoo360.mobilesafe;"/></bbinfo><hotinfo><hotl pgk="" /></hotinfo></infopack>
07-29 16:41:01.779 E/VersionManager(17978): queryAppList response result = <?xml version="1.0" encoding="utf-8"?><infopack><rminfo><nrml pkg="com.tencent.mm"/><nrml pkg="com.tencent.mobileqq"/><nrml pkg="com.ifreetalk.ftalk"/><nrml pkg="com.immomo.momo"/><nrml pkg="com.taobao.taobao"/><nrml pkg="com.eg.android.AlipayGphone"/><nrml pkg="com.tencent.qqlite"/><nrml pkg="com.tencen2.mm"/></rminfo><bwinfo><bwl pl="io.appium.settings;com.excean.gspace;com.ifreetalk.ftalk;io.appium.uiautomator2.server;com.tencent.mm;com.oppo.camera.doubleexposure;com.estrongs.android.pop;com.excean.gspace.b64;io.appium.uiautomator2.server.test;com.oppo.camera.professional;com.oppo.market;com.android.email;io.appium.unlock;com.excelliance.dualaid"/></bwinfo><bbinfo><bbl pl="com.qihoo360.mobilesafe;"/></bbinfo><hotinfo><hotl pgk="" /></hotinfo></infopack>
07-29 16:41:01.819 E/Parcel  (17978): Reading a NULL string not supported here.
07-29 16:41:01.979 D/        (  343): charger_monitor log_has_update will be set false
07-29 16:41:02.009 D/VersionManager(17978): httpsRequest getURL = http://mto.multiopen.cn/localinstall.php?sdkver=2009&compver=55302&mainver=231800&vc=472&vn=4.1.2&chid=10022&subchid=1&fv=1&increase=1&uid=10338333&type=20&pkg=com.excelliance.dualaid&api=22&release=5.1.1&language=zh&country=CN&abi=armeabi-v7a&abi2=armeabi&abilist=arm64-v8a%2Carmeabi-v7a%2Carmeabi&abilist32=armeabi-v7a%2Carmeabi&abilist64=arm64-v8a&brand=OPPO&manufacturer=OPPO&model=OPPO%20R7sm&product=R7sm&pl=io.appium.settings;com.excean.gspace;com.ifreetalk.ftalk;io.appium.uiautomator2.server;com.tencent.mm;com.oppo.camera.doubleexposure;com.estrongs.android.pop;com.excean.gspace.b64;io.appium.uiautomator2.server.test;com.oppo.camera.professional;com.oppo.market;com.android.email;io.appium.unlock;com.excelliance.dualaid&issl=0
07-29 16:41:02.069 D/VersionManager(17978): AppList OK
07-29 16:41:02.119 D/VersionManager(17978): httpsRequest getURL = http://mto.multiopen.cn/virtualtpkg.php?sdkver=2009&compver=55302&mainver=231800&chid=10022&subchid=1&type=20&pkg=com.excelliance.dualaid&api=22&release=5.1.1&language=zh&country=CN&abi=armeabi-v7a&abi2=armeabi&abilist=arm64-v8a%2Carmeabi-v7a%2Carmeabi&abilist32=armeabi-v7a%2Carmeabi&abilist64=arm64-v8a&brand=OPPO&manufacturer=OPPO&model=OPPO%20R7sm&product=R7sm&issl=1
07-29 16:41:02.199 D/VersionManager(17978): httpsRequest getURL = http://mto.multiopen.cn/shareaddr.php?sdkver=2009&compver=55302&mainver=231800&chid=10022&subchid=1&type=20&pkg=com.excelliance.dualaid&api=22&release=5.1.1&language=zh&country=CN&abi=armeabi-v7a&abi2=armeabi&abilist=arm64-v8a%2Carmeabi-v7a%2Carmeabi&abilist32=armeabi-v7a%2Carmeabi&abilist64=arm64-v8a&brand=OPPO&manufacturer=OPPO&model=OPPO%20R7sm&product=R7sm&issl=0
07-29 16:41:02.219 I/appium  ( 9879): Skipping invisible child: android.view.accessibility.AccessibilityNodeInfo@8000cab7; boundsInParent: Rect(0, 0 - 1080, 75); boundsInScreen: Rect(0, 0 - 1080, 75); packageName: com.excelliance.dualaid; className: android.view.View; text: null; error: null; maxTextLength: -1; contentDescription: null; viewIdResName: com.excelliance.dualaid:id/custom_status_bar; checkable: false; checked: false; focusable: false; focused: false; selected: false; clickable: false; longClickable: false; enabled: true; password: false; scrollable: false; actions: [AccessibilityAction: ACTION_SELECT - null, AccessibilityAction: ACTION_CLEAR_SELECTION - null, AccessibilityAction: ACTION_ACCESSIBILITY_FOCUS - null]
07-29 16:41:02.239 I/appium  ( 9879): Skipping invisible child: android.view.accessibility.AccessibilityNodeInfo@8001198c; boundsInParent: Rect(0, 0 - 1080, 0); boundsInScreen: Rect(0, 1369 - 1080, 1369); packageName: com.excelliance.dualaid; className: android.widget.LinearLayout; text: null; error: null; maxTextLength: -1; contentDescription: null; viewIdResName: com.excelliance.dualaid:id/layout_container; checkable: false; checked: false; focusable: false; focused: false; selected: false; clickable: false; longClickable: false; enabled: true; password: false; scrollable: false; actions: [AccessibilityAction: ACTION_SELECT - null, AccessibilityAction: ACTION_CLEAR_SELECTION - null, AccessibilityAction: ACTION_ACCESSIBILITY_FOCUS - null]
07-29 16:41:02.239 I/appium  ( 9879): Skipping invisible child: android.view.accessibility.AccessibilityNodeInfo@800106c7; boundsInParent: Rect(0, 0 - 1080, 0); boundsInScreen: Rect(0, 1369 - 1080, 1369); packageName: com.excelliance.dualaid; className: android.widget.FrameLayout; text: null; error: null; maxTextLength: -1; contentDescription: null; viewIdResName: com.excelliance.dualaid:id/fl_off_standard_position; checkable: false; checked: false; focusable: false; focused: false; selected: false; clickable: false; longClickable: false; enabled: true; password: false; scrollable: false; actions: [AccessibilityAction: ACTION_SELECT - null, AccessibilityAction: ACTION_CLEAR_SELECTION - null, AccessibilityAction: ACTION_ACCESSIBILITY_FOCUS - null]
07-29 16:41:02.239 I/appium  ( 9879): Skipping invisible child: android.view.accessibility.AccessibilityNodeInfo@8000f7c3; boundsInParent: Rect(0, 0 - 1080, 0); boundsInScreen: Rect(0, 1800 - 1080, 1800); packageName: com.excelliance.dualaid; className: android.widget.FrameLayout; text: null; error: null; maxTextLength: -1; contentDescription: null; viewIdResName: com.excelliance.dualaid:id/fl_stream_new; checkable: false; checked: false; focusable: false; focused: false; selected: false; clickable: false; longClickable: false; enabled: true; password: false; scrollable: false; actions: [AccessibilityAction: ACTION_SELECT - null, AccessibilityAction: ACTION_CLEAR_SELECTION - null, AccessibilityAction: ACTION_ACCESSIBILITY_FOCUS - null]
07-29 16:41:02.239 I/appium  ( 9879): Skipping invisible child: android.view.accessibility.AccessibilityNodeInfo@8000d239; boundsInParent: Rect(0, 0 - 1080, 0); boundsInScreen: Rect(0, 243 - 1080, 243); packageName: com.excelliance.dualaid; className: android.view.View; text: null; error: null; maxTextLength: -1; contentDescription: null; viewIdResName: com.excelliance.dualaid:id/view_bottom; checkable: false; checked: false; focusable: false; focused: false; selected: false; clickable: false; longClickable: false; enabled: true; password: false; scrollable: false; actions: [AccessibilityAction: ACTION_SELECT - null, AccessibilityAction: ACTION_CLEAR_SELECTION - null, AccessibilityAction: ACTION_ACCESSIBILITY_FOCUS - null]
07-29 16:41:02.239 I/appium  ( 9879): Fetch time: 27ms
07-29 16:41:02.279 D/VersionManager(17978): QG = 729015440
07-29 16:41:02.279 D/VersionManager(17978): QGK = 6XoSVhhsUPompOJcvqYtV6Vn1_eiIQyl
07-29 16:41:02.289 I/appium  ( 9879): AppiumResponse: {"sessionId":"dfbf3083-c5d8-4fdf-9522-7a886ccdaa53","status":0,"value":"<?xml version=\"1.0\" encoding=\"UTF-8\"?><hierarchy rotation=\"0\"><android.widget.FrameLayout index=\"0\" text=\"\" class=\"android.widget.FrameLayout\" package=\"com.excelliance.dualaid\" content-desc=\"\" checkable=\"false\" checked=\"false\" clickable=\"false\" enabled=\"true\" focusable=\"false\" focused=\"false\" scrollable=\"false\" long-clickable=\"false\" password=\"false\" selected=\"false\" bounds=\"[0,0][1080,1800]\" resource-id=\"\" instance=\"0\"><android.widget.LinearLayout index=\"0\" text=\"\" class=\"android.widget.LinearLayout\" package=\"com.excelliance.dualaid\" content-desc=\"\" checkable=\"false\" checked=\"false\" clickable=\"false\" enabled=\"true\" focusable=\"false\" focused=\"false\" scrollable=\"false\" long-clickable=\"false\" password=\"false\" selected=\"false\" bounds=\"[0,0][1080,1800]\" resource-id=\"\" instance=\"0\"><android.widget.FrameLayout index=\"0\" text=\"\" class=\"android.widget.FrameLayout\" package=\"com.excelliance.dualaid\" content-desc=\"\" checkable=\"false\" checked=\"false\" clickable=\"false\" enabled=\"true\" focusable=\"false\" focused=\"false\" scrollable=\"false\" long-clickable=\"false\" password=\"false\" selected=\"false\" bounds=\"[0,0][1080,1800]\" resource-id=\"android:id\/content\" instance=\"1\"><android.widget.FrameLayout index=\"0\" text=\"\" class=\"android.widget.FrameLayout\" package=\"com.excelliance.dualaid\" content-desc=\"\" checkable=\"false\" checked=\"false\" clickable=\"false\" enabled=\"true\" focusable=\"false\" focused=\"false\" scrollable=\"false\" long-clickable=\"false\" password=\"false\" selected=\"false\" bounds=\"[0,0][1080,1800]\" resource-id=\"com.excelliance.dualaid:id\/mainactivity\" instance=\"2\"><android.widget.FrameLayout index=\"0\" text=\"\" class=\"android.widget.FrameLayout\" package=\"com.excelliance.dualaid\" content-desc=\"\" checkable=\"false\" checked=\"false\" clickable=\"false\" enabled=\"true\" focusable=\"false\" focused=\"false\" scrollable=\"false\" long-clickable=\"false\" password=\"false\" selected=\"false\" bounds=\"[0,0][1080,1800]\" resource-id=\"\" instance=\"3\"><android.widget.RelativeLayout index=\"0\" text=\"\" class=\"android.widget.RelativeLayout\" package=\"com.excelliance.dualaid\" content-desc=\"\" checkable=\"false\" checked=\"false\" clickable=\"true\" enabled=\"true\" focusable=\"false\" focused=\"false\" scrollable=\"false\" long-clickable=\"false\" password=\"false\" selected=\"false\" bounds=\"[0,0][1080,1800]\" resource-id=\"com.excelliance.dualaid:id\/full_layout\" instance=\"0\"><android.widget.FrameLayout index=\"1\" text=\"\" class=\"android.widget.FrameLayout\" package=\"com.excelliance.dualaid\" content-desc=\"\" checkable=\"false\" checked=\"false\" clickable=\"true\" enabled=\"true\" focusable=\"false\" focused=\"false\" scrollable=\"false\" long-clickable=\"false\" password=\"false\" selected=\"false\" bounds=\"[0,75][1080,1800]\" resource-id=\"com.excelliance.dualaid:id\/rl_guide\" instance=\"4\"><android.widget.RelativeLayout index=\"0\" text=\"\" class=\"android.widget.RelativeLayout\" package=\"com.excelliance.dualaid\" content-desc=\"\" checkable=\"false\" checked=\"false\" clickable=\"false\" enabled=\"true\" focusable=\"false\" focused=\"false\" scrollable=\"false\" long-clickable=\"false\" password=\"false\" selected=\"false\" bounds=\"[0,75][1080,1800]\" resource-id=\"com.excelliance.dualaid:id\/rl_content\" instance=\"1\"><android.widget.TextView index=\"0\" text=\"点击这里开始添加哦\" class=\"android.widget.TextView\" package=\"com.excelliance.dualaid\" content-desc=\"\" checkable=\"false\" checked=\"false\" clickable=\"false\" enabled=\"true\" focusable=\"false\" focused=\"false\" scrollable=\"false\" long-clickable=\"false\" password=\"false\" selected=\"false\" bounds=\"[567,1317][1080,1500]\" resource-id=\"com.excelliance.dualaid:id\/tv_bt_add\" instance=\"0\"\/><\/android.widget.RelativeLayout><android.widget.FrameLayout index=\"1\" text=
07-29 16:41:02.289 D/VersionManager(17978): queryJrttChannels entered
07-29 16:41:02.319 I/appium  ( 9879): channel read invoked!
07-29 16:41:02.319 I/appium  ( 9879): channel read: GET /wd/hub/session/dfbf3083-c5d8-4fdf-9522-7a886ccdaa53/source
07-29 16:41:02.349 D/VersionManager(17978): superIds = 
07-29 16:41:02.349 V/VersionManager(17978): queryJrttChannels  url>>>http://mto.multiopen.cn/substance_channel.php?sdkver=2009&vc=472&vn=4.1.2&compver=55302&mainver=231800&chid=10022&subchid=1&uid=10338333&type=20&imei=860270034674273&imsi=&pkg=com.excelliance.dualaid&api=22&release=5.1.1&abi=armeabi-v7a&abi2=armeabi&abilist=arm64-v8a%2Carmeabi-v7a%2Carmeabi&abilist32=armeabi-v7a%2Carmeabi&abilist64=arm64-v8a&brand=OPPO&manufacturer=OPPO&model=OPPO%20R7sm&product=R7sm&apl=baidu;wdj&plat=7&issl=0
07-29 16:41:02.349 D/VersionManager(17978): httpsRequest getURL = http://mto.multiopen.cn/substance_channel.php?sdkver=2009&vc=472&vn=4.1.2&compver=55302&mainver=231800&chid=10022&subchid=1&uid=10338333&type=20&imei=860270034674273&imsi=&pkg=com.excelliance.dualaid&api=22&release=5.1.1&abi=armeabi-v7a&abi2=armeabi&abilist=arm64-v8a%2Carmeabi-v7a%2Carmeabi&abilist32=armeabi-v7a%2Carmeabi&abilist64=arm64-v8a&brand=OPPO&manufacturer=OPPO&model=OPPO%20R7sm&product=R7sm&apl=baidu;wdj&plat=7&issl=0
07-29 16:41:02.379 D/VersionManager(17978): result = {"channel":[{"id":"98","link":"","name":"\u63a8\u8350","plat":"2","super":"0"},{"id":"100","link":"","name":"\u65f6\u4e8b","plat":"2","super":"0"},{"id":"107","link":"","name":"\u5a31\u4e50","plat":"2","super":"0"},{"id":"104","link":"","name":"\u8d22\u7ecf","plat":"2","super":"0"},{"id":"1002","link":"","name":"\u793e\u4f1a","plat":"2","super":"0"},{"id":"109","link":"","name":"\u79d1\u6280","plat":"2","super":"0"},{"id":"106","link":"","name":"\u4e16\u754c\u676f","plat":"2","super":"2"}],"switch":[{"flushtime":1,"iconnews":0,"interback":0}],"backTime":0,"streamAdBigImg":10}
07-29 16:41:02.389 D/VersionManager(17978): httpsRequest getURL = http://mto.multiopen.cn/blackList.php
07-29 16:41:02.479 D/VersionManager(17978): httpsRequest getURL = http://mto.multiopen.cn/icon_pull_time.php?sdkver=2009&vc=472&vn=4.1.2&compver=55302&mainver=231800&chid=10022&subchid=1&aid=cd7885452bcb39af&uid=10338333&imei=860270034674273&imsi=&pkg=com.excelliance.dualaid&api=22&release=5.1.1&issl=0
07-29 16:41:02.509 V/VersionManager(17978): queryStatisticsSettings response>>>{"icon_pull_time":"40"}
07-29 16:41:02.509 W/FileUtils(16979): Failed to chmod(/data/data/com.excelliance.dualaid/shared_prefs/statistics.xml): android.system.ErrnoException: chmod failed: ENOENT (No such file or directory)
07-29 16:41:02.519 D/DownloadComponentService(17978): vipTestFirstStartTime = 1532853659806
07-29 16:41:02.519 D/DownloadComponentService(17978): diffTime = 2718
07-29 16:41:02.519 D/VersionManager(17978): queryAdId()
07-29 16:41:02.519 D/VersionManager(17978): ABTestGetId()
07-29 16:41:02.519 D/VersionManager(17978): getFoldStyle=5
07-29 16:41:02.529 D/VersionManager(17978): queryAdId:-----getURL = https://mto.multiopen.cn/baidu_id.php?vc=472&vn=4.1.2&chid=10022&subchid=1&imei=860270034674273&imsi=&pkg=com.excelliance.dualaid&api=22&release=5.1.1&newVer=1&brand=OPPO&manufacturer=OPPO&model=OPPO%20R7sm&product=R7sm&issl=1
07-29 16:41:02.539 D/VersionManager(17978): httpsRequest getURL = https://mto.multiopen.cn/baidu_id.php?vc=472&vn=4.1.2&chid=10022&subchid=1&imei=860270034674273&imsi=&pkg=com.excelliance.dualaid&api=22&release=5.1.1&newVer=1&brand=OPPO&manufacturer=OPPO&model=OPPO%20R7sm&product=R7sm&issl=1
07-29 16:41:02.549 D/skia    ( 1243): SkPNGImageEncoder::doEncode bitmap.width() = 576 ,bitmap.height() = 1024
07-29 16:41:02.559 D/TFA9890_OPPO(  336): tfa9890_SpeakerOff is close
07-29 16:41:02.569 W/X509TrustManager(17978): checkServerTrusted: SignatureException:null
07-29 16:41:02.569 W/X509TrustManager(17978): checkServerTrusted: SignatureException:error:04067084:rsa routines:RSA_EAY_PUBLIC_DECRYPT:data too large for modulus
07-29 16:41:02.569 D/audio_hw_primary(  336): disable_audio_route:tfa9890_speakerOff because of no i2s dsp connection
07-29 16:41:02.609 D/VersionManager(17978): queryAdId result>>>
07-29 16:41:02.619 D/SmtServService(16979): pull info
07-29 16:41:02.619 D/SmtServService(16979): diffTime = 18887
07-29 16:41:02.619 D/DownloadComponentService(17978): action serv pull
07-29 16:41:02.669 D/VersionManager(17978): queryShowOneKeyLoginConfig: 
07-29 16:41:02.689 V/DownloadComponentService(17978): -------------detail>>>GameDetail [gameId=10287, gameLib=, gameName=[转账]确认, url=http://act.adintl.cn/channel/index?cid=417&appKey=442e4e12153e757d104411d14bde0af9, gameType=3, nettype=0, savePath=/storage/emulated/0/.dygameres.apps/game_res/3rd/jar/.jar.dload, size=0, version=0, level=1, forceUpdate=0, icon=https://cdn.multiopen.cn/origicon/3rdicon/iconpath/10287/0c5b99cd8a82183ba87e5b57d4575d62.gif, cid=3, cfgPath=/storage/emulated/0/.dygameres.apps/game_res/3rd/downloading/.cfg, downloadType=0, patch=false, omd5=, nmd5=, dmd5=, autodl=true, notifyTitle=, notifyMsg=, flag=83, downloadStatus=0, sid=10287, gameTime=0, appProvider=null, sortLetters=, isAd=false, uid = 0]
07-29 16:41:02.689 D/DownloadComponentService(17978): settingAuto1: true
07-29 16:41:02.689 D/DownloadComponentService(17978): download pending detail.gameId10287 nonAutoDownload:true
07-29 16:41:02.689 D/LBService(17978): add o=com.android.ggapsvc.LBService, busyCount=2
07-29 16:41:02.689 D/LBService(17978): onStartCommand action=com.excelliance.dualaid.action.downloadcomp
07-29 16:41:02.689 D/DownloadComponentService(17978): check update checkPeriod = false, canUpdate = true
07-29 16:41:02.689 D/DownloadComponentService(17978): check update canUpdate
07-29 16:41:02.689 D/LBService(17978): add o=com.android.ggapsvc.LBService, busyCount=3
07-29 16:41:02.689 D/LBService(17978): remove o=com.android.ggapsvc.LBService, busyCount=2
07-29 16:41:02.689 D/DownloadComponentService(17978): gameId:10287 check:false gameLib: url:http://act.adintl.cn/channel/index?cid=417&appKey=442e4e12153e757d104411d14bde0af9 gameType:3  savePath:/storage/emulated/0/.dygameres.apps/game_res/3rd/jar/.jar.dload dmd5: autodl:false downloadGame:false alarmCheck:false owenShortcutfalse
07-29 16:41:02.699 D/DownloadComponentService(17978): startAlarm
07-29 16:41:02.699 W/AlarmManager( 1243): Suspiciously short interval 20000 millis; expanding to 60 seconds
07-29 16:41:02.699 D/DownloadComponentService(17978): put into downloadMap 10287
07-29 16:41:02.699 D/LBService(17978): remove o=com.android.ggapsvc.LBService, busyCount=1
07-29 16:41:02.709 D/LBService(17978): add o=com.excelliance.kxqp.d$1, busyCount=2
07-29 16:41:02.709 E/DownloadComponentService(17978): try download  (1)
07-29 16:41:02.709 D/DownloadComponentService(17978): download  iconUrl = https://cdn.multiopen.cn/origicon/3rdicon/iconpath/10287/0c5b99cd8a82183ba87e5b57d4575d62.gif, iconPath = null
07-29 16:41:02.709 D/DownloadComponentService(17978): download  iconUrl = https://cdn.multiopen.cn/origicon/3rdicon/iconpath/10287/0c5b99cd8a82183ba87e5b57d4575d62.gif, iconSavePath = /storage/emulated/0/.dygameres.apps/game_res/3rd/icon/0c5b99cd8a82183ba87e5b57d4575d62.gif
07-29 16:41:02.719 D/PayUtil (17978): sp is empty
07-29 16:41:02.719 D/PayUtil (17978): 本地不存在文件
07-29 16:41:02.729 D/VersionManager(17978): onSuccess: respone:{"code":1,"message":"success","data":{"switch":1},"service":"onekeyswitch"}
07-29 16:41:02.729 D/VersionManager(17978): feng:query entered
07-29 16:41:02.759 D/VersionManager(17978): chid=10022subchid=1
07-29 16:41:02.769 D/NetworkLinkMonitor( 1243): RSSI_PKTCNT_FETCH_SUCCEEDED--dtotal= 31
07-29 16:41:02.769 D/VersionManager(17978): getFoldStyle=5
07-29 16:41:02.779 D/VersionManager(17978): httpsRequest getURL = https://mto.multiopen.cn/nadcontrollernew.php?sdkver=2009&vc=472&vn=4.1.2&compver=55302&mainver=231800&chid=10022&subchid=1&uid=10338333&type=20&imei=860270034674273&imsi=&pkg=com.excelliance.dualaid&api=22&release=5.1.1&abi=armeabi-v7a&abi2=armeabi&abilist=arm64-v8a%2Carmeabi-v7a%2Carmeabi&abilist32=armeabi-v7a%2Carmeabi&abilist64=arm64-v8a&brand=OPPO&manufacturer=OPPO&model=OPPO%20R7sm&product=R7sm&apl=baidu;wdj&issl=1
07-29 16:41:02.819 W/X509TrustManager(17978): checkServerTrusted: SignatureException:null
07-29 16:41:02.819 W/X509TrustManager(17978): checkServerTrusted: SignatureException:error:04067084:rsa routines:RSA_EAY_PUBLIC_DECRYPT:data too large for modulus
07-29 16:41:02.829 I/appium  ( 9879): Skipping invisible child: android.view.accessibility.AccessibilityNodeInfo@8000cab7; boundsInParent: Rect(0, 0 - 1080, 75); boundsInScreen: Rect(0, 0 - 1080, 75); packageName: com.excelliance.dualaid; className: android.view.View; text: null; error: null; maxTextLength: -1; contentDescription: null; viewIdResName: com.excelliance.dualaid:id/custom_status_bar; checkable: false; checked: false; focusable: false; focused: false; selected: false; clickable: false; longClickable: false; enabled: true; password: false; scrollable: false; actions: [AccessibilityAction: ACTION_SELECT - null, AccessibilityAction: ACTION_CLEAR_SELECTION - null, AccessibilityAction: ACTION_ACCESSIBILITY_FOCUS - null]
07-29 16:41:02.859 I/appium  ( 9879): Skipping invisible child: android.view.accessibility.AccessibilityNodeInfo@8001198c; boundsInParent: Rect(0, 0 - 1080, 0); boundsInScreen: Rect(0, 1369 - 1080, 1369); packageName: com.excelliance.dualaid; className: android.widget.LinearLayout; text: null; error: null; maxTextLength: -1; contentDescription: null; viewIdResName: com.excelliance.dualaid:id/layout_container; checkable: false; checked: false; focusable: false; focused: false; selected: false; clickable: false; longClickable: false; enabled: true; password: false; scrollable: false; actions: [AccessibilityAction: ACTION_SELECT - null, AccessibilityAction: ACTION_CLEAR_SELECTION - null, AccessibilityAction: ACTION_ACCESSIBILITY_FOCUS - null]
07-29 16:41:02.859 I/appium  ( 9879): Skipping invisible child: android.view.accessibility.AccessibilityNodeInfo@800106c7; boundsInParent: Rect(0, 0 - 1080, 0); boundsInScreen: Rect(0, 1369 - 1080, 1369); packageName: com.excelliance.dualaid; className: android.widget.FrameLayout; text: null; error: null; maxTextLength: -1; contentDescription: null; viewIdResName: com.excelliance.dualaid:id/fl_off_standard_position; checkable: false; checked: false; focusable: false; focused: false; selected: false; clickable: false; longClickable: false; enabled: true; password: false; scrollable: false; actions: [AccessibilityAction: ACTION_SELECT - null, AccessibilityAction: ACTION_CLEAR_SELECTION - null, AccessibilityAction: ACTION_ACCESSIBILITY_FOCUS - null]
07-29 16:41:02.859 I/appium  ( 9879): Skipping invisible child: android.view.accessibility.AccessibilityNodeInfo@8000f7c3; boundsInParent: Rect(0, 0 - 1080, 0); boundsInScreen: Rect(0, 1800 - 1080, 1800); packageName: com.excelliance.dualaid; className: android.widget.FrameLayout; text: null; error: null; maxTextLength: -1; contentDescription: null; viewIdResName: com.excelliance.dualaid:id/fl_stream_new; checkable: false; checked: false; focusable: false; focused: false; selected: false; clickable: false; longClickable: false; enabled: true; password: false; scrollable: false; actions: [AccessibilityAction: ACTION_SELECT - null, AccessibilityAction: ACTION_CLEAR_SELECTION - null, AccessibilityAction: ACTION_ACCESSIBILITY_FOCUS - null]
07-29 16:41:02.859 I/appium  ( 9879): Skipping invisible child: android.view.accessibility.AccessibilityNodeInfo@8000d239; boundsInParent: Rect(0, 0 - 1080, 0); boundsInScreen: Rect(0, 243 - 1080, 243); packageName: com.excelliance.dualaid; className: android.view.View; text: null; error: null; maxTextLength: -1; contentDescription: null; viewIdResName: com.excelliance.dualaid:id/view_bottom; checkable: false; checked: false; focusable: false; focused: false; selected: false; clickable: false; longClickable: false; enabled: true; password: false; scrollable: false; actions: [AccessibilityAction: ACTION_SELECT - null, AccessibilityAction: ACTION_CLEAR_SELECTION - null, AccessibilityAction: ACTION_ACCESSIBILITY_FOCUS - null]
07-29 16:41:02.859 I/appium  ( 9879): Fetch time: 27ms
07-29 16:41:02.889 D/VersionManager(17978): queryAdSwitcherNew:-----getURL = https://mto.multiopen.cn/nadcontrollernew.php?sdkver=2009&vc=472&vn=4.1.2&compver=55302&mainver=231800&chid=10022&subchid=1&uid=10338333&type=20&imei=860270034674273&imsi=&pkg=com.excelliance.dualaid&api=22&release=5.1.1&abi=armeabi-v7a&abi2=armeabi&abilist=arm64-v8a%2Carmeabi-v7a%2Carmeabi&abilist32=armeabi-v7a%2Carmeabi&abilist64=arm64-v8a&brand=OPPO&manufacturer=OPPO&model=OPPO%20R7sm&product=R7sm&apl=baidu;wdj&issl=1
07-29 16:41:02.889 D/VersionManager(17978): qasNew xml=<?xml version="1.0" encoding="utf-8"?><infopack><bar><bl pos="1" con="17" con2="1" con3="1" scti="5"/><bl pos="2" con="17" con2="1" con3="1" scti="5"/><bl pos="3" con="17" con2="17" con3="1" scti="5"/></bar><sp><sl pos="1"  con="17" con2="17" con3="17" time="12" minInterTime="120" startTime="573" /><sl pos="3"  con="17" con2="17" con3="17" time="12" minInterTime="120" startTime="573" /></sp><ch><cl pos="1"  title="今日热点"  con="1" ch="128" flag="1" time="1" link=""/></ch><order blcon="1" spcon="1" /><bdallice pos = "1" con = "-1"/><baidubanner>1000</baidubanner><back>90</back><reqcount>8</reqcount><stoptime>1500</stoptime><spouttime>0</spouttime><spOldFailedStrategy>0</spOldFailedStrategy><ap><al pos="2"  con="17" con2="17" con3="1" time="1" minInterTime="1" startTime="573" /></ap></infopack>
07-29 16:41:02.899 V/VersionManager(17978): b_total:0
07-29 16:41:02.909 V/VersionManager(17978): b_total:1 pref:bl_1
07-29 16:41:02.909 I/appium  ( 9879): AppiumResponse: {"sessionId":"dfbf3083-c5d8-4fdf-9522-7a886ccdaa53","status":0,"value":"<?xml version=\"1.0\" encoding=\"UTF-8\"?><hierarchy rotation=\"0\"><android.widget.FrameLayout index=\"0\" text=\"\" class=\"android.widget.FrameLayout\" package=\"com.excelliance.dualaid\" content-desc=\"\" checkable=\"false\" checked=\"false\" clickable=\"false\" enabled=\"true\" focusable=\"false\" focused=\"false\" scrollable=\"false\" long-clickable=\"false\" password=\"false\" selected=\"false\" bounds=\"[0,0][1080,1800]\" resource-id=\"\" instance=\"0\"><android.widget.LinearLayout index=\"0\" text=\"\" class=\"android.widget.LinearLayout\" package=\"com.excelliance.dualaid\" content-desc=\"\" checkable=\"false\" checked=\"false\" clickable=\"false\" enabled=\"true\" focusable=\"false\" focused=\"false\" scrollable=\"false\" long-clickable=\"false\" password=\"false\" selected=\"false\" bounds=\"[0,0][1080,1800]\" resource-id=\"\" instance=\"0\"><android.widget.FrameLayout index=\"0\" text=\"\" class=\"android.widget.FrameLayout\" package=\"com.excelliance.dualaid\" content-desc=\"\" checkable=\"false\" checked=\"false\" clickable=\"false\" enabled=\"true\" focusable=\"false\" focused=\"false\" scrollable=\"false\" long-clickable=\"false\" password=\"false\" selected=\"false\" bounds=\"[0,0][1080,1800]\" resource-id=\"android:id\/content\" instance=\"1\"><android.widget.FrameLayout index=\"0\" text=\"\" class=\"android.widget.FrameLayout\" package=\"com.excelliance.dualaid\" content-desc=\"\" checkable=\"false\" checked=\"false\" clickable=\"false\" enabled=\"true\" focusable=\"false\" focused=\"false\" scrollable=\"false\" long-clickable=\"false\" password=\"false\" selected=\"false\" bounds=\"[0,0][1080,1800]\" resource-id=\"com.excelliance.dualaid:id\/mainactivity\" instance=\"2\"><android.widget.FrameLayout index=\"0\" text=\"\" class=\"android.widget.FrameLayout\" package=\"com.excelliance.dualaid\" content-desc=\"\" checkable=\"false\" checked=\"false\" clickable=\"false\" enabled=\"true\" focusable=\"false\" focused=\"false\" scrollable=\"false\" long-clickable=\"false\" password=\"false\" selected=\"false\" bounds=\"[0,0][1080,1800]\" resource-id=\"\" instance=\"3\"><android.widget.RelativeLayout index=\"0\" text=\"\" class=\"android.widget.RelativeLayout\" package=\"com.excelliance.dualaid\" content-desc=\"\" checkable=\"false\" checked=\"false\" clickable=\"true\" enabled=\"true\" focusable=\"false\" focused=\"false\" scrollable=\"false\" long-clickable=\"false\" password=\"false\" selected=\"false\" bounds=\"[0,0][1080,1800]\" resource-id=\"com.excelliance.dualaid:id\/full_layout\" instance=\"0\"><android.widget.FrameLayout index=\"1\" text=\"\" class=\"android.widget.FrameLayout\" package=\"com.excelliance.dualaid\" content-desc=\"\" checkable=\"false\" checked=\"false\" clickable=\"true\" enabled=\"true\" focusable=\"false\" focused=\"false\" scrollable=\"false\" long-clickable=\"false\" password=\"false\" selected=\"false\" bounds=\"[0,75][1080,1800]\" resource-id=\"com.excelliance.dualaid:id\/rl_guide\" instance=\"4\"><android.widget.RelativeLayout index=\"0\" text=\"\" class=\"android.widget.RelativeLayout\" package=\"com.excelliance.dualaid\" content-desc=\"\" checkable=\"false\" checked=\"false\" clickable=\"false\" enabled=\"true\" focusable=\"false\" focused=\"false\" scrollable=\"false\" long-clickable=\"false\" password=\"false\" selected=\"false\" bounds=\"[0,75][1080,1800]\" resource-id=\"com.excelliance.dualaid:id\/rl_content\" instance=\"1\"><android.widget.TextView index=\"0\" text=\"点击这里开始添加哦\" class=\"android.widget.TextView\" package=\"com.excelliance.dualaid\" content-desc=\"\" checkable=\"false\" checked=\"false\" clickable=\"false\" enabled=\"true\" focusable=\"false\" focused=\"false\" scrollable=\"false\" long-clickable=\"false\" password=\"false\" selected=\"false\" bounds=\"[567,1317][1080,1500]\" resource-id=\"com.excelliance.dualaid:id\/tv_bt_add\" instance=\"0\"\/><\/android.widget.RelativeLayout><android.widget.FrameLayout index=\"1\" text=
07-29 16:41:02.929 I/appium  ( 9879): channel read invoked!
07-29 16:41:02.929 I/appium  ( 9879): channel read: POST /wd/hub/session/dfbf3083-c5d8-4fdf-9522-7a886ccdaa53/element
07-29 16:41:02.929 I/appium  ( 9879): Find element command
07-29 16:41:02.929 D/appium  ( 9879): payload: {"strategy":"id","selector":"com.excelliance.dualaid:id/tv_bt_add","context":"","multiple":false}
07-29 16:41:02.929 I/appium  ( 9879): find element command using 'id' with selector 'com.excelliance.dualaid:id/tv_bt_add'.
07-29 16:41:02.959 V/VersionManager(17978): b_total:2 pref:bl_2
07-29 16:41:02.979 D/DownloadComponentService(17978): download  iconUrl1 = https://cdn.multiopen.cn/origicon/3rdicon/iconpath/10287/cf371d743a4cee8727276d164b9496b0.png, iconSavePath1 = /storage/emulated/0/.dygameres.apps/game_res/3rd/icon/cf371d743a4cee8727276d164b9496b0.png
07-29 16:41:02.979 D/MainFragment(16979): handleMessage msg.what:24
07-29 16:41:03.029 V/VersionManager(17978): b_total:3 pref:bl_3
07-29 16:41:03.039 D/StatisticsToServer(16979): enter::::{"vc":324,"vn":"2.6.2","chid":10022,"subchid":1,"uid":"10338333","mcnt":1}
07-29 16:41:03.039 E/StatisticsToServer(16979): url=http://mto.multiopen.cn/adstatis.php?cmd=101&data=eyJ2YyI6MzI0LCJ2biI6IjIuNi4yIiwiY2hpZCI6MTAwMjIsInN1YmNoaWQiOjEsInVpZCI6IjEw%0AMzM4MzMzIiwibWNudCI6MX0%3D%0A
07-29 16:41:03.039 D/StatisticsToServer(16979): show::::[]
07-29 16:41:03.039 E/StatisticsToServer(16979): url=http://mto.multiopen.cn/adstatis.php?cmd=3&data=eyJ2YyI6MzI0LCJ2biI6IjIuNi4yIiwiY2hpZCI6MTAwMjIsInN1YmNoaWQiOjEsInVpZCI6IjEw%0AMzM4MzMzIiwiZHQiOiJbXSJ9%0A
07-29 16:41:03.039 D/StatisticsToServer(16979): click::::[]
07-29 16:41:03.039 E/StatisticsToServer(16979): url=http://mto.multiopen.cn/adstatis.php?cmd=1&data=eyJ2YyI6MzI0LCJ2biI6IjIuNi4yIiwiY2hpZCI6MTAwMjIsInN1YmNoaWQiOjEsInVpZCI6IjEw%0AMzM4MzMzIiwiZHQiOiJbXSJ9%0A
07-29 16:41:03.039 D/StatisticsToServer(16979): get::::[]
07-29 16:41:03.039 E/StatisticsToServer(16979): url=http://mto.multiopen.cn/adstatis.php?cmd=4&data=eyJ2YyI6MzI0LCJ2biI6IjIuNi4yIiwiY2hpZCI6MTAwMjIsInN1YmNoaWQiOjEsInVpZCI6IjEw%0AMzM4MzMzIiwiZHQiOiJbXSJ9%0A
07-29 16:41:03.039 D/StatisticsToServer(16979): getSuccess::::[]
07-29 16:41:03.039 E/StatisticsToServer(16979): url=http://mto.multiopen.cn/adstatis.php?cmd=5&data=eyJ2YyI6MzI0LCJ2biI6IjIuNi4yIiwiY2hpZCI6MTAwMjIsInN1YmNoaWQiOjEsInVpZCI6IjEw%0AMzM4MzMzIiwiZHQiOiJbXSJ9%0A
07-29 16:41:03.039 D/StatisticsToServer(16979): startCount
07-29 16:41:03.039 D/VersionManager(16979): httpsRequest getURL = http://mto.multiopen.cn/adstatis.php?cmd=101&data=eyJ2YyI6MzI0LCJ2biI6IjIuNi4yIiwiY2hpZCI6MTAwMjIsInN1YmNoaWQiOjEsInVpZCI6IjEw%0AMzM4MzMzIiwibWNudCI6MX0%3D%0A
07-29 16:41:03.109 V/VersionManager(17978): sp_total0
07-29 16:41:03.129 D/VersionManager(17978): splashDataHandle pos = 1, pref = sl_1
07-29 16:41:03.129 D/VersionManager(16979): httpsRequest getURL = http://mto.multiopen.cn/adstatis.php?cmd=3&data=eyJ2YyI6MzI0LCJ2biI6IjIuNi4yIiwiY2hpZCI6MTAwMjIsInN1YmNoaWQiOjEsInVpZCI6IjEw%0AMzM4MzMzIiwiZHQiOiJbXSJ9%0A
07-29 16:41:03.209 D/VersionManager(17978): splashDataHandle pos = 3, pref = sl_3
07-29 16:41:03.239 D/MainFragment(16979): handleMessage msg.what:24
07-29 16:41:03.249 D/DownloadComponentService(17978): download  iconUrl srcConfig = /storage/emulated/0/.dygameres.apps/game_res/3rd/downloading/.cfg, savePath = /storage/emulated/0/.dygameres.apps/game_res/3rd/jar/.jar.dload
07-29 16:41:03.249 D/MainFragment(16979): handleMessage msg.what:24
07-29 16:41:03.249 D/DownloadComponentService(17978): pendingMap.size=0, downloadMap.size = 0
07-29 16:41:03.259 D/DownloadComponentService(17978): cancelAlarm
07-29 16:41:03.259 D/LBService(17978): remove o=com.excelliance.kxqp.d$1, busyCount=1
07-29 16:41:03.269 V/VersionManager(17978): ch_total: 0
07-29 16:41:03.269 V/VersionManager(17978): ch_total0
07-29 16:41:03.289 V/VersionManager(17978): b_total:3 pref:cl_1
07-29 16:41:03.339 V/VersionManager(17978): pos:1,title:今日热点,con:1,ch:128,time:1,link:,flag:1
07-29 16:41:03.339 V/VersionManager(17978): {"blcon":"1","slcon":"1"}
07-29 16:41:03.359 V/VersionManager(17978): bdallice:{"con":-1,"pos":1}
07-29 16:41:03.359 V/VersionManager(17978): ------bdBannerDelayTime>>>1000
07-29 16:41:03.359 V/VersionManager(17978): ------rePullAdTime>>>90
07-29 16:41:03.399 V/VersionManager(17978): ap = sp_app_total, 0
07-29 16:41:03.409 D/VersionManager(16979): httpsRequest getURL = http://mto.multiopen.cn/adstatis.php?cmd=1&data=eyJ2YyI6MzI0LCJ2biI6IjIuNi4yIiwiY2hpZCI6MTAwMjIsInN1YmNoaWQiOjEsInVpZCI6IjEw%0AMzM4MzMzIiwiZHQiOiJbXSJ9%0A
07-29 16:41:03.419 D/VersionManager(17978): name = al, pref = sl_2, pos = 2, sp_app_total = 1
07-29 16:41:03.419 D/VersionManager(17978): splashDataHandle pos = 2, pref = sl_2
07-29 16:41:03.519 V/VersionManager(17978): cpuTab jsonObject>>>{"pos":1,"title":"今日热点","con":1,"ch":128,"time":1,"link":"","flag":1}
07-29 16:41:03.519 V/VersionManager(17978): cpuTab jsonArray>>>[{"pos":1,"title":"今日热点","con":1,"ch":128,"time":1,"link":"","flag":1}]
07-29 16:41:03.549 D/VersionManager(17978): pullActivityIconConfitg
07-29 16:41:03.549 D/VersionManager(17978): network = true
07-29 16:41:03.569 D/VersionManager(17978): activityIconUrl = https://folder.appota.cn/icon_activitynew.php?vc=472&vn=4.1.2&chid=10022&subchid=1&imei=860270034674273&imsi=null&lang=zh_CN&uid=10338333&isVip=false&sgid=10287&type=20&pkg=com.excelliance.dualaid&api=22&release=5.1.1&newuser=1&abTest=0&issl=1, callBack = null
07-29 16:41:03.569 D/VersionManager(17978): xpgi entered
07-29 16:41:03.609 W/X509TrustManager(17978): checkServerTrusted: SignatureException:null
07-29 16:41:03.609 W/X509TrustManager(17978): checkServerTrusted: SignatureException:error:04067084:rsa routines:RSA_EAY_PUBLIC_DECRYPT:data too large for modulus
07-29 16:41:03.619 V/InitialData(17978): capitalize:Plugin
07-29 16:41:03.619 V/GameUtil(17978): getCurrentVersionByKey : plugin	current_plugin_version	PluginVersion
07-29 16:41:03.619 V/GameUtil(17978): saveVersionToFileByKey  xml_key :plugin  result:0
07-29 16:41:03.619 V/GameUtil(17978): getCurrentVersionByKey  plugin:0
07-29 16:41:03.629 D/VersionManager(17978): httpsRequest getURL = http://mto.multiopen.cn/offlinepkg.php?sdkver=2009&apkver=472&vn=4.1.2&compver=55302&mainver=231800&pver=0&chid=10022&subchid=1&type=20&uflag=2&pkg=com.excelliance.dualaid&api=22&release=5.1.1&abi=armeabi-v7a&abi2=armeabi&abilist=arm64-v8a%2Carmeabi-v7a%2Carmeabi&abilist32=armeabi-v7a%2Carmeabi&abilist64=arm64-v8a&brand=OPPO&manufacturer=OPPO&model=OPPO%20R7sm&product=R7sm&sign=30820271308201daa0030201020204520332c2300d06092a864886f70d0101050500307c310b300906035504061302434e3111300f060355040813085368616e&issl=0
07-29 16:41:03.649 D/VersionManager(16979): httpsRequest getURL = http://mto.multiopen.cn/adstatis.php?cmd=4&data=eyJ2YyI6MzI0LCJ2biI6IjIuNi4yIiwiY2hpZCI6MTAwMjIsInN1YmNoaWQiOjEsInVpZCI6IjEw%0AMzM4MzMzIiwiZHQiOiJbXSJ9%0A
07-29 16:41:03.659 D/VersionManager(17978): xui entered
07-29 16:41:03.709 D/VersionManager(17978): getAllProviderApps appList.size = 1
07-29 16:41:03.719 D/PlatSdk (17978): max:0
07-29 16:41:03.719 D/PlatSdk (17978): max:0
07-29 16:41:03.719 D/PlatSdk (17978): current = 0
07-29 16:41:03.719 D/VersionManager(17978): xui getURL:https://folder.appota.cn/chksdkupdate.php?sdkver=2009&apkver=472&vn=4.1.2&compver=55302&mainver=231800&chid=10022&subchid=1&type=20&uflag=2&pkg=com.excelliance.dualaid&api=22&release=5.1.1&abi=armeabi-v7a&abi2=armeabi&abilist=arm64-v8a%2Carmeabi-v7a%2Carmeabi&abilist32=armeabi-v7a%2Carmeabi&abilist64=arm64-v8a&brand=OPPO&manufacturer=OPPO&model=OPPO%20R7sm&product=R7sm&issl=1&opl=&sign=30820271308201daa0030201020204520332c2300d06092a864886f70d0101050500307c310b300906035504061302434e3111300f060355040813085368616e&issl=1
07-29 16:41:03.719 D/VersionManager(17978): httpsRequest getURL = https://folder.appota.cn/chksdkupdate.php?sdkver=2009&apkver=472&vn=4.1.2&compver=55302&mainver=231800&chid=10022&subchid=1&type=20&uflag=2&pkg=com.excelliance.dualaid&api=22&release=5.1.1&abi=armeabi-v7a&abi2=armeabi&abilist=arm64-v8a%2Carmeabi-v7a%2Carmeabi&abilist32=armeabi-v7a%2Carmeabi&abilist64=arm64-v8a&brand=OPPO&manufacturer=OPPO&model=OPPO%20R7sm&product=R7sm&issl=1&opl=&sign=30820271308201daa0030201020204520332c2300d06092a864886f70d0101050500307c310b300906035504061302434e3111300f060355040813085368616e&issl=1
07-29 16:41:03.749 W/X509TrustManager(17978): checkServerTrusted: SignatureException:null
07-29 16:41:03.749 W/X509TrustManager(17978): checkServerTrusted: SignatureException:error:04067084:rsa routines:RSA_EAY_PUBLIC_DECRYPT:data too large for modulus
07-29 16:41:03.769 D/NetworkLinkMonitor( 1243): RSSI_PKTCNT_FETCH_SUCCEEDED--dtotal= 84
07-29 16:41:03.799 D/VersionManager(16979): httpsRequest getURL = http://mto.multiopen.cn/adstatis.php?cmd=5&data=eyJ2YyI6MzI0LCJ2biI6IjIuNi4yIiwiY2hpZCI6MTAwMjIsInN1YmNoaWQiOjEsInVpZCI6IjEw%0AMzM4MzMzIiwiZHQiOiJbXSJ9%0A
07-29 16:41:03.799 D/VersionManager(17978): xui result:<?xml version="1.0" encoding="utf-8"?><listpack ver="1.0"></listpack>
07-29 16:41:03.799 D/VersionManager(17978): queryUpdateInfoOfAdv
07-29 16:41:03.839 V/FactoryData(17978): old factory is null
07-29 16:41:03.839 V/FactoryData(17978): ads:null
07-29 16:41:03.839 V/VersionManager(17978): FactoryData.getFactoryDataOld.size():0
07-29 16:41:03.839 V/InitialData(17978): capitalize:Bd
07-29 16:41:03.839 V/GameUtil(17978): getCurrentVersionByKey : bd	current_bd_version	BdVersion
07-29 16:41:03.839 V/GameUtil(17978): saveVersionToFileByKey  xml_key :bd  result:12
