06-24 15:36:08.889 D/PMS11422(  657): package:com.android.mms, input flags:0, output hwFlags:0
06-24 15:36:08.890 D/PMS11422(  657): package:com.android.settings, input flags:0, output hwFlags:0
06-24 15:36:08.890 D/PMS11422(  657): package:com.android.contacts, input flags:0, output hwFlags:0
06-24 15:36:08.896 D/VersionManager(18297): xml=<?xml version="1.0" encoding="utf-8"?><upinfo></upinfo>
06-24 15:36:08.902 V/WindowManager(  657): Checking 1 opening apps (frozen=false timeout=false)...
06-24 15:36:08.902 V/WindowManager(  657): Check opening app=AppWindowToken{10ef554 token=Token{4468ca7 ActivityRecord{6197166 u0 com.excelliance.dualaid/com.excelliance.kxqp.ui.HelloActivity t16022}}}: allDrawn=false startingDisplayed=false startingMoved=false isRelaunching()=false
06-24 15:36:08.904 V/HwPhoneWindowManager(  657): updateSystemUiColorLw window=Window{d850eb5 u0 com.excelliance.dualaid/com.excelliance.kxqp.ui.HelloActivity},EmuiStyle=0,StatusBarColor=0x0,NavigationBarColor=0xff000000, mLastIsEmuiLightStyle=-1
06-24 15:36:08.904 D/HwPhoneWindowManager(  657): Transact:setSystemUIColor to status bar service
06-24 15:36:08.904 I/CommandQueue( 1513): updateBarBgColor
06-24 15:36:08.904 D/CommandQueue( 1513): CommandQueue, setBarBackgroundColor
06-24 15:36:08.905 I/WindowManager(  657): notifyAccessibilityButtonVisibilityChanged visible:false
06-24 15:36:08.905 D/PMS1000 (  657): package:com.excelliance.dualaid, input flags:8192, output hwFlags:0
06-24 15:36:08.905 D/TintManager( 1513): statusBarIconTint=#99FFFFFF,navigationBarIconTint=#FF000000
06-24 15:36:08.906 W/ActivityManager(  657): Sending non-protected broadcast huawei.action.floattasks.STATUS_BAR_STATE_CHANGED from system 1513:com.android.systemui/u0a39 pkg com.android.systemui
06-24 15:36:08.906 W/HSM     ( 1813): HoldService:toast switch is close!
06-24 15:36:08.906 V/WindowManager(  657): Checking 1 opening apps (frozen=false timeout=false)...
06-24 15:36:08.906 V/WindowManager(  657): Check opening app=AppWindowToken{10ef554 token=Token{4468ca7 ActivityRecord{6197166 u0 com.excelliance.dualaid/com.excelliance.kxqp.ui.HelloActivity t16022}}}: allDrawn=false startingDisplayed=false startingMoved=false isRelaunching()=false
06-24 15:36:08.907 D/ApplicationPackageManager(18272): getInstalledApplications blocked
06-24 15:36:08.907 D/HsmInterfaceImpl(18272): List [ApplicationInfo{c67b351 com.huawei.hifolder}, ApplicationInfo{27037b6 com.github.shadowsocks}, ApplicationInfo{7855cb7 com.excelliance.dualaid}]
06-24 15:36:08.910 I/GRALLOC (  679): 	 shrFd=10,fmt=0x1,intFmt=0x200000001,btStrd=4352,size=8486912,pid=679 
06-24 15:36:08.910 I/GRALLOC (  679): 	 yuv=2,w=1080,h=1920,Stride u=0 v=0,offset u=0 v=0 
06-24 15:36:08.910 I/GRALLOC (  679): 	 iova_size=8486912,conUsg=0x900,proUsg=0x900,	 strd=1088,[afbc]HdrStrd=1088 PyldStrd=69632 Scrmbl=2,ionhnd = 1 
06-24 15:36:08.910 V/WindowManager(  657): Checking 1 opening apps (frozen=false timeout=false)...
06-24 15:36:08.910 V/WindowManager(  657): Check opening app=AppWindowToken{10ef554 token=Token{4468ca7 ActivityRecord{6197166 u0 com.excelliance.dualaid/com.excelliance.kxqp.ui.HelloActivity t16022}}}: allDrawn=false startingDisplayed=false startingMoved=false isRelaunching()=false
06-24 15:36:08.910 W//system/bin/hwservicemanager(  416): Cannot open /odm/manifest.xml
06-24 15:36:08.912 I/GRALLOC (  679): 	 shrFd=10,fmt=0x1,intFmt=0x200000001,btStrd=4352,size=8486912,pid=679 
06-24 15:36:08.912 I/GRALLOC (  679): 	 yuv=2,w=1080,h=1920,Stride u=0 v=0,offset u=0 v=0 
06-24 15:36:08.912 I/GRALLOC (  679): 	 iova_size=8486912,conUsg=0x900,proUsg=0x900,	 strd=1088,[afbc]HdrStrd=1088 PyldStrd=69632 Scrmbl=2,ionhnd = 1 
06-24 15:36:08.914 D/PMS11422(  657): package:com.tencent.tmgp.qqx5, input flags:0, output hwFlags:0
06-24 15:36:08.913 I/GRALLOC (  679): 	 shrFd=10,fmt=0x1,intFmt=0x200000001,btStrd=4352,size=8486912,pid=679 
06-24 15:36:08.913 I/GRALLOC (  679): 	 yuv=2,w=1080,h=1920,Stride u=0 v=0,offset u=0 v=0 
06-24 15:36:08.913 I/GRALLOC (  679): 	 iova_size=8486912,conUsg=0x900,proUsg=0x900,	 strd=1088,[afbc]HdrStrd=1088 PyldStrd=69632 Scrmbl=2,ionhnd = 1 
06-24 15:36:08.914 D/mali_winsys(18272): EGLint new_window_surface(egl_winsys_display *, void *, EGLSurface, EGLConfig, egl_winsys_surface **, egl_color_buffer_format *, EGLBoolean) returns 0x3000
06-24 15:36:08.914 D/PMS11422(  657): package:com.huawei.android.pushagent, input flags:0, output hwFlags:0
06-24 15:36:08.914 D/PMS11422(  657): package:com.huawei.appmarket, input flags:0, output hwFlags:0
06-24 15:36:08.914 D/PMS11422(  657): package:com.wandoujia.phoenix2, input flags:0, output hwFlags:0
06-24 15:36:08.914 D/PMS11422(  657): package:com.tencent.mm, input flags:0, output hwFlags:0
06-24 15:36:08.914 D/PMS11422(  657): package:com.android.providers.media, input flags:0, output hwFlags:0
06-24 15:36:08.914 D/PMS11422(  657): package:com.huawei.vassistant, input flags:0, output hwFlags:0
06-24 15:36:08.915 D/PMS11422(  657): package:com.android.contacts, input flags:0, output hwFlags:0
06-24 15:36:08.915 D/PMS11422(  657): package:com.facebook.katana, input flags:0, output hwFlags:0
06-24 15:36:08.915 D/PMS11422(  657): package:com.huawei.hidisk, input flags:0, output hwFlags:536870912
06-24 15:36:08.915 D/PMS11422(  657): package:com.huawei.trustcircle, input flags:0, output hwFlags:0
06-24 15:36:08.915 D/PMS11422(  657): package:com.jingdong.app.mall, input flags:0, output hwFlags:0
06-24 15:36:08.915 D/PMS11422(  657): package:com.tencent.mobileqq, input flags:0, output hwFlags:0
06-24 15:36:08.916 D/PMS11422(  657): package:com.zol.android, input flags:0, output hwFlags:0
06-24 15:36:08.916 D/PMS11422(  657): package:com.huawei.hiskytone, input flags:0, output hwFlags:603979776
06-24 15:36:08.916 D/PMS11422(  657): package:com.huawei.hwid, input flags:0, output hwFlags:0
06-24 15:36:08.916 D/PMS11422(  657): package:com.sina.weibo, input flags:0, output hwFlags:0
06-24 15:36:08.916 D/PMS11422(  657): package:com.antutu.ABenchMark, input flags:0, output hwFlags:0
06-24 15:36:08.916 D/PMS11422(  657): package:com.sankuai.meituan.takeoutnew, input flags:0, output hwFlags:0
06-24 15:36:08.916 D/PMS11422(  657): package:com.vmall.client, input flags:0, output hwFlags:67108864
06-24 15:36:08.916 D/PMS11422(  657): package:com.android.browser, input flags:0, output hwFlags:0
06-24 15:36:08.917 D/PMS11422(  657): package:com.eg.android.AlipayGphone, input flags:0, output hwFlags:0
06-24 15:36:08.917 D/PMS11422(  657): package:com.android.mediacenter, input flags:0, output hwFlags:0
06-24 15:36:08.917 D/PMS11422(  657): package:com.huawei.himovie, input flags:0, output hwFlags:0
06-24 15:36:08.917 D/PMS11422(  657): package:com.huawei.hnreader, input flags:0, output hwFlags:67108864
06-24 15:36:08.917 D/PMS11422(  657): package:com.twitter.android, input flags:0, output hwFlags:0
06-24 15:36:08.917 D/PMS11422(  657): package:com.baidu.input_huawei, input flags:0, output hwFlags:0
06-24 15:36:08.917 D/PMS11422(  657): package:com.google.android.gms, input flags:0, output hwFlags:0
06-24 15:36:08.918 D/PMS11422(  657): package:com.sankuai.meituan, input flags:0, output hwFlags:0
06-24 15:36:08.918 D/PMS11422(  657): package:com.tencent.news, input flags:0, output hwFlags:0
06-24 15:36:08.918 D/PMS11422(  657): package:com.iflytek.speechsuite, input flags:0, output hwFlags:0
06-24 15:36:08.918 D/PMS11422(  657): package:com.qzone, input flags:0, output is null
06-24 15:36:08.918 D/PMS11422(  657): package:com.tencent.android.qqdownloader, input flags:0, output hwFlags:0
06-24 15:36:08.918 D/PMS11422(  657): package:com.tencent.now, input flags:0, output is null
06-24 15:36:08.918 D/PMS11422(  657): package:com.ifreetalk.ftalk, input flags:0, output hwFlags:0
06-24 15:36:08.918 D/PMS11422(  657): package:com.taobao.taobao, input flags:0, output hwFlags:0
06-24 15:36:08.919 D/PMS11422(  657): package:com.android.gallery3d, input flags:0, output hwFlags:0
06-24 15:36:08.919 D/PMS11422(  657): package:com.pp.assistant, input flags:0, output hwFlags:0
06-24 15:36:08.919 D/PMS11422(  657): package:com.oppo.market, input flags:0, output hwFlags:0
06-24 15:36:08.919 D/PMS11422(  657): package:com.excean.wxaid, input flags:0, output hwFlags:0
06-24 15:36:08.919 D/PMS11422(  657): package:com.huawei.intelligent, input flags:0, output hwFlags:0
06-24 15:36:08.919 D/PMS11422(  657): package:com.google.android.backuptransport, input flags:0, output hwFlags:0
06-24 15:36:08.919 D/PMS11422(  657): package:com.huawei.skytone, input flags:0, output hwFlags:0
06-24 15:36:08.920 D/PMS11422(  657): package:com.estrongs.android.pop, input flags:0, output hwFlags:0
06-24 15:36:08.920 D/PMS11422(  657): package:com.redfinger.app, input flags:0, output hwFlags:0
06-24 15:36:08.920 D/PMS11422(  657): package:com.android.vending, input flags:0, output hwFlags:0
06-24 15:36:08.920 D/PMS11422(  657): package:org.hapjs.mockup, input flags:0, output hwFlags:0
06-24 15:36:08.921 D/PMS11422(  657): package:com.huawei.gamebox, input flags:0, output hwFlags:603979776
06-24 15:36:08.921 D/PMS11422(  657): package:com.tencent.tmgp.pubgmhd-ext, input flags:0, output is null
06-24 15:36:08.921 D/PMS11422(  657): package:com.stickgame.los2, input flags:0, output hwFlags:0
06-24 15:36:08.921 D/PMS11422(  657): package:com.qihoo.appstore, input flags:0, output hwFlags:0
06-24 15:36:08.921 D/PMS11422(  657): package:com.huawei.android.thememanager, input flags:0, output hwFlags:0
06-24 15:36:08.921 D/PMS11422(  657): package:com.excean.parallelspace, input flags:0, output hwFlags:0
06-24 15:36:08.921 D/PMS11422(  657): package:com.UCMobile, input flags:0, output hwFlags:0
06-24 15:36:08.922 D/PMS11422(  657): package:com.bbk.appstore, input flags:0, output hwFlags:0
06-24 15:36:08.922 D/PMS11422(  657): package:com.excean.ppaid, input flags:0, output hwFlags:0
06-24 15:36:08.922 D/PMS11422(  657): package:com.netease.blockchain, input flags:0, output hwFlags:0
06-24 15:36:08.922 D/PMS11422(  657): package:com.huawei.camera, input flags:0, output hwFlags:0
06-24 15:36:08.922 D/PMS11422(  657): package:com.sinovatech.unicom.ui, input flags:0, output hwFlags:0
06-24 15:36:08.922 D/PMS11422(  657): package:com.huawei.phoneservice, input flags:0, output hwFlags:0
06-24 15:36:08.923 D/PMS11422(  657): package:com.crisisfire.android.nearme.gamecenter, input flags:0, output hwFlags:0
06-24 15:36:08.923 D/PMS11422(  657): package:com.antutu.benchmark.full, input flags:0, output hwFlags:0
06-24 15:36:08.923 D/PMS11422(  657): package:com.xunmeng.pinduoduo, input flags:0, output hwFlags:0
06-24 15:36:08.924 D/PMS11422(  657): package:com.zhuowang.cloneapp, input flags:0, output hwFlags:0
06-24 15:36:08.924 D/PMS11422(  657): package:com.excean.parallelspace.b64, input flags:0, output hwFlags:0
06-24 15:36:08.924 D/PMS11422(  657): package:com.excelliance.multiaccounts.b64, input flags:0, output hwFlags:0
06-24 15:36:08.924 D/PMS11422(  657): package:com.xiangyou.multispace, input flags:0, output hwFlags:0
06-24 15:36:08.924 D/PMS11422(  657): package:com.youlong.multiaccount, input flags:0, output hwFlags:0
06-24 15:36:08.924 D/PMS11422(  657): package:com.gameloft.android.ANMP.GloftA9HM, input flags:0, output hwFlags:0
06-24 15:36:08.924 D/PMS11422(  657): package:com.excelliance.dualaid.b64, input flags:0, output hwFlags:0
06-24 15:36:08.925 D/AddGameData(18272): switch_uninstall: 70
06-24 15:36:08.927 D/PMS1000 (  657): package:com.excelliance.dualaid, input flags:8192, output hwFlags:0
06-24 15:36:08.928 W/HSM     ( 1813): HoldService:toast switch is close!
06-24 15:36:08.928 D/ApplicationPackageManager(18272): queryIntentActivitiesAsUser blocked, Intent { act=android.intent.action.MAIN cat=[android.intent.category.LAUNCHER] pkg=com.huawei.hifolder }
06-24 15:36:08.928 D/HsmInterfaceImpl(18272): List []
06-24 15:36:08.931 W/InputMethodManager(18272): startInputReason = 1
06-24 15:36:08.931 D/PMS1000 (  657): package:com.excelliance.dualaid, input flags:8192, output hwFlags:0
06-24 15:36:08.932 W/HSM     ( 1813): HoldService:toast switch is close!
06-24 15:36:08.932 D/ApplicationPackageManager(18272): queryIntentActivitiesAsUser blocked, Intent { act=android.intent.action.MAIN cat=[android.intent.category.LAUNCHER] pkg=com.github.shadowsocks }
06-24 15:36:08.932 D/HsmInterfaceImpl(18272): List [ResolveInfo{57d5949 com.github.shadowsocks/.MainActivity m=0x108000}]
06-24 15:36:08.933 I/wangchen( 7035): SysInfo.getSysParam: orientation=1||config d=3.0,w=1080,h=1920||metrics d=3.0,w=1080,h=1920||sdk=26,bar_h=72
06-24 15:36:08.933 I/KeymapLoader( 7035): w=1080 h=1920 ori=true appScale=3.3 s1=3.0
06-24 15:36:08.947 I/GRALLOC (  679): 	 shrFd=10,fmt=0x1,intFmt=0x200000001,btStrd=4352,size=8486912,pid=679 
06-24 15:36:08.947 I/GRALLOC (  679): 	 yuv=2,w=1080,h=1920,Stride u=0 v=0,offset u=0 v=0 
06-24 15:36:08.947 I/GRALLOC (  679): 	 iova_size=8486912,conUsg=0xb00,proUsg=0xb00,	 strd=1088,[afbc]HdrStrd=1088 PyldStrd=69632 Scrmbl=2,ionhnd = 1 
06-24 15:36:08.954 D/WindowManager(  657): finishDrawingWindow: Window{d850eb5 u0 com.excelliance.dualaid/com.excelliance.kxqp.ui.HelloActivity} mDrawState=DRAW_PENDING
06-24 15:36:08.955 V/WindowManager(  657): Checking 1 opening apps (frozen=false timeout=false)...
06-24 15:36:08.956 V/WindowManager(  657): Check opening app=AppWindowToken{10ef554 token=Token{4468ca7 ActivityRecord{6197166 u0 com.excelliance.dualaid/com.excelliance.kxqp.ui.HelloActivity t16022}}}: allDrawn=true startingDisplayed=false startingMoved=false isRelaunching()=false
06-24 15:36:08.960 I/ActivityManager(  657): Displayed com.excelliance.dualaid/com.excelliance.kxqp.ui.HelloActivity: +218ms
06-24 15:36:08.961 V/WindowManager(  657): Checking 0 opening apps (frozen=false timeout=false)...
06-24 15:36:08.963 D/BarTransitions.HwPhoneStatusBarView( 1513): MODE_TRANSLUCENT -> MODE_TRANSPARENT animate=false
06-24 15:36:08.963 D/BarTransitions.HwPhoneStatusBarView( 1513): applyModeBackground oldMode=MODE_TRANSLUCENT newMode=MODE_TRANSPARENT animate=false
06-24 15:36:08.965 D/PMS1000 (  657): package:com.excelliance.dualaid, input flags:8192, output hwFlags:0
06-24 15:36:08.966 I/GRALLOC (  679): 	 shrFd=10,fmt=0x1,intFmt=0x200000001,btStrd=4352,size=8486912,pid=679 
06-24 15:36:08.966 I/GRALLOC (  679): 	 yuv=2,w=1080,h=1920,Stride u=0 v=0,offset u=0 v=0 
06-24 15:36:08.966 I/GRALLOC (  679): 	 iova_size=8486912,conUsg=0xb00,proUsg=0xb00,	 strd=1088,[afbc]HdrStrd=1088 PyldStrd=69632 Scrmbl=2,ionhnd = 1 
06-24 15:36:08.966 W/HSM     ( 1813): HoldService:toast switch is close!
06-24 15:36:08.967 D/ApplicationPackageManager(18272): queryIntentActivitiesAsUser blocked, Intent { act=android.intent.action.MAIN cat=[android.intent.category.LAUNCHER] pkg=com.excelliance.dualaid }
06-24 15:36:08.967 D/HsmInterfaceImpl(18272): List [ResolveInfo{e2d9f6f com.excelliance.dualaid/com.excelliance.kxqp.ui.HelloActivity m=0x108000}]
06-24 15:36:08.971 D/BarTransitions.HwNavigationBarView( 1513): MODE_OPAQUE -> MODE_TRANSPARENT animate=false
06-24 15:36:08.971 D/BarTransitions.HwNavigationBarView( 1513): applyModeBackground oldMode=MODE_OPAQUE newMode=MODE_TRANSPARENT animate=false
06-24 15:36:08.972 I/GRALLOC (  679): 	 shrFd=10,fmt=0x1,intFmt=0x200000001,btStrd=4352,size=8486912,pid=679 
06-24 15:36:08.972 I/GRALLOC (  679): 	 yuv=2,w=1080,h=1920,Stride u=0 v=0,offset u=0 v=0 
06-24 15:36:08.972 I/GRALLOC (  679): 	 iova_size=8486912,conUsg=0xb00,proUsg=0xb00,	 strd=1088,[afbc]HdrStrd=1088 PyldStrd=69632 Scrmbl=2,ionhnd = 1 
06-24 15:36:08.977 E/BufferQueueProducer(  710): [com.excelliance.dualaid/com.excelliance.kxqp.swipe.NavActivity2#0] disconnect: not connected (req=1)
06-24 15:36:08.977 W/libEGL  (18272): EGLNativeWindowType 0xd0cc6808 disconnect failed
06-24 15:36:08.996 D/PMS1000 (  657): package:com.excelliance.dualaid, input flags:8192, output hwFlags:0
06-24 15:36:08.997 W/HSM     ( 1813): HoldService:toast switch is close!
06-24 15:36:08.997 D/ApplicationPackageManager(18272): queryIntentActivitiesAsUser blocked, Intent { act=android.intent.action.MAIN cat=[android.intent.category.LAUNCHER] pkg=com.tencent.tmgp.qqx5 }
06-24 15:36:08.997 D/HsmInterfaceImpl(18272): List [ResolveInfo{8b94105 com.tencent.tmgp.qqx5/.DGMMainActivity m=0x108000}]
06-24 15:36:09.038 D/PMS1000 (  657): package:com.excelliance.dualaid, input flags:8192, output hwFlags:0
06-24 15:36:09.040 W/HSM     ( 1813): HoldService:toast switch is close!
06-24 15:36:09.040 D/ApplicationPackageManager(18272): queryIntentActivitiesAsUser blocked, Intent { act=android.intent.action.MAIN cat=[android.intent.category.LAUNCHER] pkg=com.huawei.android.pushagent }
06-24 15:36:09.040 D/HsmInterfaceImpl(18272): List []
06-24 15:36:09.044 W/HSM     ( 1813): HoldService:toast switch is close!
06-24 15:36:09.044 D/ApplicationPackageManager(18272): queryIntentActivitiesAsUser blocked, Intent { act=android.intent.action.MAIN cat=[android.intent.category.LAUNCHER] pkg=com.huawei.appmarket }
06-24 15:36:09.044 D/HsmInterfaceImpl(18272): List [ResolveInfo{81ec38b com.huawei.appmarket/.MainActivity m=0x108000}]
06-24 15:36:09.048 E/asset   (18272): createFromFile(): lock file /data/resource-cache/system@emui@base@overlay@frameworkhwexthonor@frameworkhwexthonor.apk@idmap.
06-24 15:36:09.048 E/asset   (18272): createFromFile(): lock file /data/resource-cache/system@emui@base@overlay@frameworkhwexthonor@frameworkhwexthonor.apk@idmap.
06-24 15:36:09.048 W/ResourceType(18272): Found multiple library tables, ignoring...
06-24 15:36:09.061 D/HwRecentsLockUtils( 1513): Search
06-24 15:36:09.061 E/HsmCoreServiceImpl( 1478): onTransact in code is: 103
06-24 15:36:09.061 I/MediaProcessHandler( 1478): playingUids: 
06-24 15:36:09.061 D/ActivityManager(  657): Skipping, home or recents stack task: TaskRecord{333215f #15658 A=com.huawei.android.launcher U=0 StackId=0 sz=1}
06-24 15:36:09.061 D/ActivityManager(  657): Skipping intent:act=android.intent.action.MAIN cat=[android.intent.category.LAUNCHER] flg=0x10a00000 cmp=io.appium.settings/.Settings
06-24 15:36:09.061 D/ActivityManager(  657): Skipping intent:flg=0x10804000 cmp=com.android.systemui/.recents.RecentsActivity bnds=[48,928][1032,2296]
06-24 15:36:09.061 D/ActivityManager(  657): Skipping intent:flg=0x18800000 cmp=com.tencent.mm/.plugin.base.stub.WXPayEntryActivity
06-24 15:36:09.061 D/ActivityManager(  657): Skipping intent:flg=0x10800000 cmp=com.huawei.systemmanager/com.huawei.permissionmanager.ui.MainActivity
06-24 15:36:09.061 D/ActivityManager(  657): Skipping intent:flg=0x18800000 cmp=com.tencent.mm/.plugin.base.stub.WXEntryActivity
06-24 15:36:09.061 D/ActivityManager(  657): Skipping intent:act=com.huawei.action.VOICE_ASSISTANT flg=0x10800000 pkg=com.huawei.vassistant cmp=com.huawei.vassistant/.ui.main.VAssistantActivity
06-24 15:36:09.061 D/ActivityManager(  657): Skipping intent:act=com.huawei.android.launcher.action.ACCESS_SPLIT_SCREEN_APP cat=[android.intent.category.DEFAULT] flg=0x10804000 cmp=com.huawei.android.launcher/.splitscreen.SplitScreenAppActivity
06-24 15:36:09.061 D/ActivityManager(  657): Skipping intent:flg=0x10800000 pkg=com.excelliance.dualaid.b64 cmp=com.excelliance.dualaid.b64/com.excelliance.kxqp.sdk.PermissionRequestActivity
06-24 15:36:09.061 D/ActivityManager(  657): Skipping intent:act=android.intent.action.VIEW dat=content://com.excelliance.dualaid.fileProvider/external_storage_root/Download/apk/Multiple_64.apk typ=application/vnd.android.package-archive flg=0x10800001 cmp=com.android.packageinstaller/.InstallStart
06-24 15:36:09.061 D/ActivityManager(  657): Skipping intent:flg=0x10800000 cmp=com.android.systemui/.usb.HwUsbDebuggingActivity
06-24 15:36:09.061 D/ActivityManager(  657): Skipping intent:act=android.deviceinfo.chooser.action.LAUNCH flg=0x10800000 hwFlg=0x100 pkg=com.android.settings cmp=com.android.settings/.deviceinfo.UsbConnModeChooserActivity
06-24 15:36:09.061 D/ActivityManager(  657): Skipping intent:flg=0x10800000 cmp=com.zol.android/.push.KeepLiveActivity
06-24 15:36:09.061 D/ActivityManager(  657): Skipping intent:act=android.intent.action.MAIN cat=[android.intent.category.HOME] flg=0x10800300 cmp=com.android.settings/.FallbackHome
06-24 15:36:09.078 D/PMS1000 (  657): package:com.excelliance.dualaid, input flags:8192, output hwFlags:0
06-24 15:36:09.079 W/HSM     ( 1813): HoldService:toast switch is close!
06-24 15:36:09.079 D/ApplicationPackageManager(18272): queryIntentActivitiesAsUser blocked, Intent { act=android.intent.action.MAIN cat=[android.intent.category.LAUNCHER] pkg=com.wandoujia.phoenix2 }
06-24 15:36:09.080 D/HsmInterfaceImpl(18272): List [ResolveInfo{73d7d26 com.wandoujia.phoenix2/com.pp.assistant.activity.PPMainActivity m=0x108000}]
06-24 15:36:09.107 W/HSM     ( 1813): HoldService:toast switch is close!
06-24 15:36:09.108 D/ApplicationPackageManager(18272): queryIntentActivitiesAsUser blocked, Intent { act=android.intent.action.MAIN cat=[android.intent.category.LAUNCHER] pkg=com.tencent.mm }
06-24 15:36:09.108 D/HsmInterfaceImpl(18272): List [ResolveInfo{7694714 com.tencent.mm/.ui.LauncherUI m=0x108000}]
06-24 15:36:09.120 W/HSM     ( 1813): HoldService:toast switch is close!
06-24 15:36:09.120 D/ApplicationPackageManager(18272): queryIntentActivitiesAsUser blocked, Intent { act=android.intent.action.MAIN cat=[android.intent.category.LAUNCHER] pkg=com.android.providers.media }
06-24 15:36:09.120 D/HsmInterfaceImpl(18272): List []
06-24 15:36:09.123 W/HSM     ( 1813): HoldService:toast switch is close!
06-24 15:36:09.123 D/ApplicationPackageManager(18272): queryIntentActivitiesAsUser blocked, Intent { act=android.intent.action.MAIN cat=[android.intent.category.LAUNCHER] pkg=com.huawei.vassistant }
06-24 15:36:09.123 D/HsmInterfaceImpl(18272): List [ResolveInfo{8f38bbd com.huawei.vassistant/.ui.main.VAssistantActivity m=0x108000}]
06-24 15:36:09.126 E/asset   (18272): createFromFile(): lock file /data/resource-cache/system@emui@base@overlay@frameworkhwexthonor@frameworkhwexthonor.apk@idmap.
06-24 15:36:09.126 E/asset   (18272): createFromFile(): lock file /data/resource-cache/system@emui@base@overlay@frameworkhwexthonor@frameworkhwexthonor.apk@idmap.
06-24 15:36:09.126 W/ResourceType(18272): Found multiple library tables, ignoring...
06-24 15:36:09.158 W/HSM     ( 1813): HoldService:toast switch is close!
06-24 15:36:09.159 D/ApplicationPackageManager(18272): queryIntentActivitiesAsUser blocked, Intent { act=android.intent.action.MAIN cat=[android.intent.category.LAUNCHER] pkg=com.facebook.katana }
06-24 15:36:09.159 D/HsmInterfaceImpl(18272): List [ResolveInfo{11dc080 com.facebook.katana/.LoginActivity m=0x108000}]
06-24 15:36:09.175 V/ActivityManager(  657): Making visible and scheduling visibility: ActivityRecord{d5c9105 u0 com.huawei.android.launcher/.unihome.UniHomeLauncher t15658}
06-24 15:36:09.175 V/WindowManager(  657): No longer Stopped: AppWindowToken{d3a938b token=Token{377755a ActivityRecord{d5c9105 u0 com.huawei.android.launcher/.unihome.UniHomeLauncher t15658}}}
06-24 15:36:09.200 D/ActivityThread(18272): Remove activity client record, r= ActivityRecord{414755e token=android.os.BinderProxy@31abee5 {com.excelliance.dualaid/com.excelliance.kxqp.swipe.NavActivity2}} token= android.os.BinderProxy@31abee5
06-24 15:36:09.201 V/WindowManager(  657): removeIfPossible: Window{5046600 u0 com.excelliance.dualaid/com.excelliance.kxqp.swipe.NavActivity2} callers=com.android.server.wm.WindowState.removeIfPossible:1914 com.android.server.wm.WindowManagerService.removeWindow:2022 com.android.server.wm.Session.remove:218 android.view.IWindowSession$Stub.onTransact:242 com.android.server.wm.Session.onTransact:161 
06-24 15:36:09.202 E/asset   (18272): createFromFile(): lock file /data/resource-cache/system@emui@base@overlay@frameworkhwexthonor@frameworkhwexthonor.apk@idmap.
06-24 15:36:09.202 E/asset   (18272): createFromFile(): lock file /data/resource-cache/system@emui@base@overlay@frameworkhwexthonor@frameworkhwexthonor.apk@idmap.
06-24 15:36:09.202 W/ResourceType(18272): Found multiple library tables, ignoring...
06-24 15:36:09.202 I/WindowManager(  657): Destroying surface Surface(name=com.excelliance.dualaid/com.excelliance.kxqp.swipe.NavActivity2) called by com.android.server.wm.WindowStateAnimator.destroySurface:2060 com.android.server.wm.WindowStateAnimator.destroySurfaceLocked:873 com.android.server.wm.HwWindowStateAnimator.destroySurfaceLocked:1006 com.android.server.wm.WindowState.removeImmediately:1899 com.android.server.wm.WindowState.removeIfPossible:2051 com.android.server.wm.WindowState.removeIfPossible:1914 com.android.server.wm.WindowManagerService.removeWindow:2022 com.android.server.wm.Session.remove:218 
06-24 15:36:09.202 D/HwQoEUtils(  657): mForegroundAppPackageName: com.huawei.android.launcher ,score: 0
06-24 15:36:09.202 V/ActivityThread( 2519): Handle window ActivityRecord{4719bb8 token=android.os.BinderProxy@b3fca27 {com.huawei.android.launcher/com.huawei.android.launcher.unihome.UniHomeLauncher}} visibility: true
06-24 15:36:09.202 D/HwQoEUtils(  657): onForegroundAppWifiSleepChange: config:false, sleeptime:-1,type: 255, appname:com.huawei.android.launcher
06-24 15:36:09.202 V/WindowManager(  657): postWindowRemoveCleanupLocked: Window{5046600 u0 com.excelliance.dualaid/com.excelliance.kxqp.swipe.NavActivity2}
06-24 15:36:09.202 V/WindowManager(  657): Removing Window{5046600 u0 com.excelliance.dualaid/com.excelliance.kxqp.swipe.NavActivity2} from AppWindowToken{37d085 token=Token{50401fc ActivityRecord{bfac2ef u0 com.excelliance.dualaid/com.excelliance.kxqp.swipe.NavActivity2 t16022}}}
06-24 15:36:09.203 D/HwQoEUtils(  657): APP type: 255 appName= com.huawei.android.launcher
06-24 15:36:09.203 D/HwQoEUtils(  657): no game, APP_TYPE_GAME, appName =com.huawei.android.launcher
06-24 15:36:09.203 D/HwGameAssistantController(  657): pid=2519, uid=10056, foreground=true
06-24 15:36:09.204 W/AwareLog(  657): SchedLevelBoost: onFgActivitiesChanged config not set!
06-24 15:36:09.207 E/HwLauncher( 2519): SettingsEx , no such field.
06-24 15:36:09.207 I/HwNetworkPolicy(  657): onTransact, code = 203
06-24 15:36:09.207 W/HwLauncher( 2519): Clock getDataFormat the getSystemString failed.
06-24 15:36:09.209 I/HwNetworkPolicyManager( 1813): getHwUidPolicy uid = 10056 policy = 0
06-24 15:36:09.210 V/WindowManager(  657): removeAppToken: AppWindowToken{37d085 token=Token{50401fc ActivityRecord{bfac2ef u0 com.excelliance.dualaid/com.excelliance.kxqp.swipe.NavActivity2 t16022}}} delayed=false Callers=com.android.server.wm.DisplayContent.removeAppToken:985 com.android.server.wm.AppWindowContainerController.removeContainer:348 com.android.server.am.ActivityRecord.removeWindowContainer:1039 com.android.server.am.ActivityStack.removeActivityFromHistoryLocked:4491 
06-24 15:36:09.214 D/NetWorkUtils( 1513): mVSimCurCardType is -1
06-24 15:36:09.216 D/NetWorkUtils( 1513): mVSimCurCardType is -1
06-24 15:36:09.219 I/GRALLOC (  679): 	 shrFd=10,fmt=0x1,intFmt=0x200000001,btStrd=4352,size=8486912,pid=679 
06-24 15:36:09.219 I/GRALLOC (  679): 	 yuv=2,w=1080,h=1920,Stride u=0 v=0,offset u=0 v=0 
06-24 15:36:09.219 I/GRALLOC (  679): 	 iova_size=8486912,conUsg=0x900,proUsg=0x900,	 strd=1088,[afbc]HdrStrd=1088 PyldStrd=69632 Scrmbl=2,ionhnd = 1 
06-24 15:36:09.222 I/chatty  (  679): uid=1000(system) allocator@2.0-s identical 1 line
06-24 15:36:09.224 I/GRALLOC (  679): 	 shrFd=10,fmt=0x1,intFmt=0x200000001,btStrd=4352,size=8486912,pid=679 
06-24 15:36:09.224 I/GRALLOC (  679): 	 yuv=2,w=1080,h=1920,Stride u=0 v=0,offset u=0 v=0 
06-24 15:36:09.224 I/GRALLOC (  679): 	 iova_size=8486912,conUsg=0x900,proUsg=0x900,	 strd=1088,[afbc]HdrStrd=1088 PyldStrd=69632 Scrmbl=2,ionhnd = 1 
06-24 15:36:09.226 D/mali_winsys( 2519): EGLint new_window_surface(egl_winsys_display *, void *, EGLSurface, EGLConfig, egl_winsys_surface **, egl_color_buffer_format *, EGLBoolean) returns 0x3000
06-24 15:36:09.239 D/PMS1000 (  657): package:com.excelliance.dualaid, input flags:8192, output hwFlags:0
06-24 15:36:09.240 W/HSM     ( 1813): HoldService:toast switch is close!
06-24 15:36:09.240 D/ApplicationPackageManager(18272): queryIntentActivitiesAsUser blocked, Intent { act=android.intent.action.MAIN cat=[android.intent.category.LAUNCHER] pkg=com.huawei.trustcircle }
06-24 15:36:09.241 D/HsmInterfaceImpl(18272): List []
06-24 15:36:09.243 W/HSM     ( 1813): HoldService:toast switch is close!
06-24 15:36:09.244 D/ApplicationPackageManager(18272): queryIntentActivitiesAsUser blocked, Intent { act=android.intent.action.MAIN cat=[android.intent.category.LAUNCHER] pkg=com.jingdong.app.mall }
06-24 15:36:09.244 D/HsmInterfaceImpl(18272): List [ResolveInfo{ede64ac com.jingdong.app.mall/.main.MainActivity m=0x108000}]
06-24 15:36:09.246 I/GRALLOC (  679): 	 shrFd=10,fmt=0x1,intFmt=0x200000001,btStrd=4352,size=8486912,pid=679 
06-24 15:36:09.246 I/GRALLOC (  679): 	 yuv=2,w=1080,h=1920,Stride u=0 v=0,offset u=0 v=0 
06-24 15:36:09.246 I/GRALLOC (  679): 	 iova_size=8486912,conUsg=0xb00,proUsg=0xb00,	 strd=1088,[afbc]HdrStrd=1088 PyldStrd=69632 Scrmbl=2,ionhnd = 1 
06-24 15:36:09.256 D/WindowManager(  657): finishDrawingWindow: Window{68d6975 u0 com.huawei.android.launcher/com.huawei.android.launcher.unihome.UniHomeLauncher} mDrawState=DRAW_PENDING
06-24 15:36:09.257 D/ImageWallpaper( 1513): onOffsetsChanged: xOffset=0.0, yOffset=0.0, xOffsetStep=0.0, yOffsetStep=0.0, xPixels=0, yPixels=0
06-24 15:36:09.257 D/ImageWallpaper( 1513): Suppressed drawFrame since redraw is not needed and offsets have not changed.sf=Rect(0, 0 - 2160, 1920)
06-24 15:36:09.257 D/ImageWallpaper( 1513): onVisibilityChanged: mVisible, visible=false, true
06-24 15:36:09.257 D/ImageWallpaper( 1513): Visibility changed to visible=true
06-24 15:36:09.258 D/ImageWallpaper( 1513): Suppressed drawFrame since redraw is not needed and offsets have not changed.sf=Rect(0, 0 - 2160, 1920)
06-24 15:36:09.280 D/PMS1000 (  657): package:com.excelliance.dualaid, input flags:8192, output hwFlags:0
06-24 15:36:09.281 W/HSM     ( 1813): HoldService:toast switch is close!
06-24 15:36:09.282 D/ApplicationPackageManager(18272): queryIntentActivitiesAsUser blocked, Intent { act=android.intent.action.MAIN cat=[android.intent.category.LAUNCHER] pkg=com.tencent.mobileqq }
06-24 15:36:09.282 D/HsmInterfaceImpl(18272): List [ResolveInfo{27ad90a com.tencent.mobileqq/.activity.SplashActivity m=0x108000}]
06-24 15:36:09.296 W/HSM     ( 1813): HoldService:toast switch is close!
06-24 15:36:09.296 D/ApplicationPackageManager(18272): queryIntentActivitiesAsUser blocked, Intent { act=android.intent.action.MAIN cat=[android.intent.category.LAUNCHER] pkg=com.zol.android }
06-24 15:36:09.296 D/HsmInterfaceImpl(18272): List [ResolveInfo{42ba57b com.zol.android/.ui.FirstActivity m=0x108000}]
06-24 15:36:09.323 D/PMS1000 (  657): package:com.excelliance.dualaid, input flags:8192, output hwFlags:0
06-24 15:36:09.324 W/HSM     ( 1813): HoldService:toast switch is close!
06-24 15:36:09.324 D/ApplicationPackageManager(18272): queryIntentActivitiesAsUser blocked, Intent { act=android.intent.action.MAIN cat=[android.intent.category.LAUNCHER] pkg=com.huawei.hiskytone }
06-24 15:36:09.324 D/HsmInterfaceImpl(18272): List [ResolveInfo{924f3f1 com.huawei.hiskytone/com.huawei.skytone.account.welcome.SplashActivity m=0x108000}]
06-24 15:36:09.358 D/PMS1000 (  657): package:com.excelliance.dualaid, input flags:8192, output hwFlags:0
06-24 15:36:09.359 W/HSM     ( 1813): HoldService:toast switch is close!
06-24 15:36:09.360 D/ApplicationPackageManager(18272): queryIntentActivitiesAsUser blocked, Intent { act=android.intent.action.MAIN cat=[android.intent.category.LAUNCHER] pkg=com.huawei.hwid }
06-24 15:36:09.360 D/HsmInterfaceImpl(18272): List []
06-24 15:36:09.363 I/TrafficMonitor(  657): update:rxPkts:15,txPkts:18,rxBytes:8181,txBytes:2626
06-24 15:36:09.363 I/TrafficMonitor(  657): start expired. level:-1
06-24 15:36:09.363 I/TrafficMonitor(  657): gettimer:interval=2000
06-24 15:36:09.363 W/HSM     ( 1813): HoldService:toast switch is close!
06-24 15:36:09.363 I/TrafficMonitor(  657): gettimer:interval=2000
06-24 15:36:09.364 D/ApplicationPackageManager(18272): queryIntentActivitiesAsUser blocked, Intent { act=android.intent.action.MAIN cat=[android.intent.category.LAUNCHER] pkg=com.sina.weibo }
06-24 15:36:09.364 D/HsmInterfaceImpl(18272): List [ResolveInfo{df69d44 com.sina.weibo/.SplashActivity m=0x108000}]
06-24 15:36:09.398 D/HwFLClassLoader( 2519): USE_FEATURE_LIST had not init! 
06-24 15:36:09.403 E/asset   ( 2519): createFromFile(): lock file /data/resource-cache/system@emui@base@overlay@frameworkhwexthonor@frameworkhwexthonor.apk@idmap.
06-24 15:36:09.403 E/asset   ( 2519): createFromFile(): lock file /data/resource-cache/system@emui@base@overlay@frameworkhwexthonor@frameworkhwexthonor.apk@idmap.
06-24 15:36:09.403 W/ResourceType( 2519): Found multiple library tables, ignoring...
06-24 15:36:09.411 D/HwFLClassLoader( 2519): USE_FEATURE_LIST had not init! 
06-24 15:36:09.413 E/asset   ( 2519): createFromFile(): lock file /data/resource-cache/system@emui@base@overlay@frameworkhwexthonor@frameworkhwexthonor.apk@idmap.
06-24 15:36:09.413 E/asset   ( 2519): createFromFile(): lock file /data/resource-cache/system@emui@base@overlay@frameworkhwexthonor@frameworkhwexthonor.apk@idmap.
06-24 15:36:09.413 W/ResourceType( 2519): Found multiple library tables, ignoring...
06-24 15:36:09.419 D/PMS1000 (  657): package:com.excelliance.dualaid, input flags:8192, output hwFlags:0
06-24 15:36:09.420 W/HSM     ( 1813): HoldService:toast switch is close!
06-24 15:36:09.420 D/ApplicationPackageManager(18272): queryIntentActivitiesAsUser blocked, Intent { act=android.intent.action.MAIN cat=[android.intent.category.LAUNCHER] pkg=com.antutu.ABenchMark }
06-24 15:36:09.420 D/HsmInterfaceImpl(18272): List [ResolveInfo{5a57f62 com.antutu.ABenchMark/.ABenchMarkStart m=0x108000}]
06-24 15:36:09.449 W/HSM     ( 1813): HoldService:toast switch is close!
06-24 15:36:09.450 D/ApplicationPackageManager(18272): queryIntentActivitiesAsUser blocked, Intent { act=android.intent.action.MAIN cat=[android.intent.category.LAUNCHER] pkg=com.sankuai.meituan.takeoutnew }
06-24 15:36:09.450 D/HsmInterfaceImpl(18272): List [ResolveInfo{16d3029 com.sankuai.meituan.takeoutnew/.ui.page.boot.WelcomeActivity m=0x108000}]
06-24 15:36:09.472 E/memtrack(26506): Couldn't load memtrack module
06-24 15:36:09.472 W/android.os.Debug(26506): failed to get memory consumption info: -1
06-24 15:36:09.475 E/asset   ( 2519): createFromFile(): lock file /data/resource-cache/system@emui@base@overlay@frameworkhwexthonor@frameworkhwexthonor.apk@idmap.
06-24 15:36:09.476 E/asset   ( 2519): createFromFile(): lock file /data/resource-cache/system@emui@base@overlay@frameworkhwexthonor@frameworkhwexthonor.apk@idmap.
06-24 15:36:09.476 W/ResourceType( 2519): Found multiple library tables, ignoring...
06-24 15:36:09.478 D/PMS1000 (  657): package:com.excelliance.dualaid, input flags:8192, output hwFlags:0
06-24 15:36:09.478 W/HSM     ( 1813): HoldService:toast switch is close!
06-24 15:36:09.479 D/ApplicationPackageManager(18272): queryIntentActivitiesAsUser blocked, Intent { act=android.intent.action.MAIN cat=[android.intent.category.LAUNCHER] pkg=com.vmall.client }
06-24 15:36:09.479 D/HsmInterfaceImpl(18272): List [ResolveInfo{48f814f com.vmall.client/.splash.fragment.SplashActivity m=0x108000}]
06-24 15:36:09.480 D/HwFLClassLoader( 2519): USE_FEATURE_LIST had not init! 
06-24 15:36:09.507 W/HSM     ( 1813): HoldService:toast switch is close!
06-24 15:36:09.507 D/ApplicationPackageManager(18272): queryIntentActivitiesAsUser blocked, Intent { act=android.intent.action.MAIN cat=[android.intent.category.LAUNCHER] pkg=com.android.browser }
06-24 15:36:09.507 D/HsmInterfaceImpl(18272): List [ResolveInfo{70398ba com.android.browser/com.tencent.mtt.SplashActivity m=0x108000}]
06-24 15:36:09.542 E/memtrack(26506): Couldn't load memtrack module
06-24 15:36:09.542 W/android.os.Debug(26506): failed to get memory consumption info: -1
06-24 15:36:09.544 W/HSM     ( 1813): HoldService:toast switch is close!
06-24 15:36:09.544 D/ApplicationPackageManager(18272): queryIntentActivitiesAsUser blocked, Intent { act=android.intent.action.MAIN cat=[android.intent.category.LAUNCHER] pkg=com.eg.android.AlipayGphone }
06-24 15:36:09.544 D/HsmInterfaceImpl(18272): List [ResolveInfo{389bb61 com.eg.android.AlipayGphone/.AlipayLogin m=0x108000}]
06-24 15:36:09.566 W/HSM     ( 1813): HoldService:toast switch is close!
06-24 15:36:09.567 D/ApplicationPackageManager(18272): queryIntentActivitiesAsUser blocked, Intent { act=android.intent.action.MAIN cat=[android.intent.category.LAUNCHER] pkg=com.android.mediacenter }
06-24 15:36:09.567 D/HsmInterfaceImpl(18272): List [ResolveInfo{7744b47 com.android.mediacenter/.PageActivity m=0x108000}]
06-24 15:36:09.572 E/asset   (18272): createFromFile(): lock file /data/resource-cache/system@emui@base@overlay@frameworkhwexthonor@frameworkhwexthonor.apk@idmap.
06-24 15:36:09.572 E/asset   (18272): createFromFile(): lock file /data/resource-cache/system@emui@base@overlay@frameworkhwexthonor@frameworkhwexthonor.apk@idmap.
06-24 15:36:09.572 W/ResourceType(18272): Found multiple library tables, ignoring...
06-24 15:36:09.603 D/PMS1000 (  657): package:com.excelliance.dualaid, input flags:8192, output hwFlags:0
06-24 15:36:09.604 W/HSM     ( 1813): HoldService:toast switch is close!
06-24 15:36:09.604 D/ApplicationPackageManager(18272): queryIntentActivitiesAsUser blocked, Intent { act=android.intent.action.MAIN cat=[android.intent.category.LAUNCHER] pkg=com.huawei.himovie }
06-24 15:36:09.605 D/HsmInterfaceImpl(18272): List [ResolveInfo{5308512 com.huawei.himovie/.ui.login.SplashScreenActivity m=0x108000}]
06-24 15:36:09.608 E/asset   (18272): createFromFile(): lock file /data/resource-cache/system@emui@base@overlay@frameworkhwexthonor@frameworkhwexthonor.apk@idmap.
06-24 15:36:09.608 E/asset   (18272): createFromFile(): lock file /data/resource-cache/system@emui@base@overlay@frameworkhwexthonor@frameworkhwexthonor.apk@idmap.
06-24 15:36:09.608 W/ResourceType(18272): Found multiple library tables, ignoring...
06-24 15:36:09.636 D/PMS1000 (  657): package:com.excelliance.dualaid, input flags:8192, output hwFlags:0
06-24 15:36:09.637 W/HSM     ( 1813): HoldService:toast switch is close!
06-24 15:36:09.638 D/ApplicationPackageManager(18272): queryIntentActivitiesAsUser blocked, Intent { act=android.intent.action.MAIN cat=[android.intent.category.LAUNCHER] pkg=com.huawei.hnreader }
06-24 15:36:09.638 D/HsmInterfaceImpl(18272): List [ResolveInfo{dd57599 com.huawei.hnreader/com.qq.reader.activity.SplashActivity m=0x108000}]
06-24 15:36:09.642 E/asset   (18272): createFromFile(): lock file /data/resource-cache/system@emui@base@overlay@frameworkhwexthonor@frameworkhwexthonor.apk@idmap.
06-24 15:36:09.642 E/asset   (18272): createFromFile(): lock file /data/resource-cache/system@emui@base@overlay@frameworkhwexthonor@frameworkhwexthonor.apk@idmap.
06-24 15:36:09.642 W/ResourceType(18272): Found multiple library tables, ignoring...
06-24 15:36:09.672 W/HSM     ( 1813): HoldService:toast switch is close!
06-24 15:36:09.673 D/ApplicationPackageManager(18272): queryIntentActivitiesAsUser blocked, Intent { act=android.intent.action.MAIN cat=[android.intent.category.LAUNCHER] pkg=com.twitter.android }
06-24 15:36:09.673 D/HsmInterfaceImpl(18272): List [ResolveInfo{d01a90c com.twitter.android/.StartActivity m=0x108000}]
06-24 15:36:09.708 D/PMS1000 (  657): package:com.excelliance.dualaid, input flags:8192, output hwFlags:0
06-24 15:36:09.709 W/HSM     ( 1813): HoldService:toast switch is close!
06-24 15:36:09.710 D/ApplicationPackageManager(18272): queryIntentActivitiesAsUser blocked, Intent { act=android.intent.action.MAIN cat=[android.intent.category.LAUNCHER] pkg=com.baidu.input_huawei }
06-24 15:36:09.710 D/HsmInterfaceImpl(18272): List []
06-24 15:36:09.712 W/HSM     ( 1813): HoldService:toast switch is close!
06-24 15:36:09.713 D/ApplicationPackageManager(18272): queryIntentActivitiesAsUser blocked, Intent { act=android.intent.action.MAIN cat=[android.intent.category.LAUNCHER] pkg=com.google.android.gms }
06-24 15:36:09.713 D/HsmInterfaceImpl(18272): List []
06-24 15:36:09.717 W/HSM     ( 1813): HoldService:toast switch is close!
06-24 15:36:09.717 D/ApplicationPackageManager(18272): queryIntentActivitiesAsUser blocked, Intent { act=android.intent.action.MAIN cat=[android.intent.category.LAUNCHER] pkg=com.sankuai.meituan }
06-24 15:36:09.717 D/HsmInterfaceImpl(18272): List [ResolveInfo{c317d5b com.sankuai.meituan/com.meituan.android.pt.homepage.activity.Welcome m=0x108000}]
06-24 15:36:09.750 W/OpenGLRenderer( 2519): Incorrectly called buildLayer on View: ShortcutAndWidgetContainer, destroying layer...
06-24 15:36:09.750 W/OpenGLRenderer( 2519): Incorrectly called buildLayer on View: ShortcutAndWidgetContainer, destroying layer...
06-24 15:36:09.751 I/GRALLOC (  679): 	 shrFd=10,fmt=0x1,intFmt=0x200000001,btStrd=4352,size=8486912,pid=679 
06-24 15:36:09.751 I/GRALLOC (  679): 	 yuv=2,w=1080,h=1920,Stride u=0 v=0,offset u=0 v=0 
06-24 15:36:09.751 I/GRALLOC (  679): 	 iova_size=8486912,conUsg=0xb00,proUsg=0xb00,	 strd=1088,[afbc]HdrStrd=1088 PyldStrd=69632 Scrmbl=2,ionhnd = 1 
06-24 15:36:09.755 E/wificond(  765): Failed to get NL80211_STA_INFO_CNAHLOAD
06-24 15:36:09.756 E/WificondControl(  657): Noise: -90, Snr: 0, Chload: -1
06-24 15:36:09.756 D/HwWifiCHRStateManager(  657): handleMessage : 1001
06-24 15:36:09.756 D/HwWifiCHRStateManager(  657): handleUpdateChannel:5805
06-24 15:36:09.756 V/HwWifiServiceFactory(  657): get AllImpl object = com.android.server.wifi.HwWifiServiceFactoryImpl@a390a53
06-24 15:36:09.759 D/HuaweiWifiWatchdogStateMachine(  657): LM mrssi=-40
06-24 15:36:09.759 D/HuaweiWifiWatchdogStateMachine(  657): f2:9f:**:**:8f:43 current loss[-45]=0%, volume=74
06-24 15:36:09.759 D/HuaweiWifiWatchdogStateMachine(  657): f2:9f:**:**:8f:43 history loss[-45]=0.02%, volume=23027979
06-24 15:36:09.759 I/HuaweiWifiWatchdogStateMachine(  657): spd good count:0, add sc:0.0, rate:1.0
06-24 15:36:09.759 I/HuaweiWifiWatchdogStateMachine(  657): current mHighDataFlowRate = 1.0
06-24 15:36:09.759 I/HuaweiWifiWatchdogStateMachine(  657): POta txb txg rxg:0, 74, 0. Lr =0% Totpkt=74
06-24 15:36:09.760 D/WiFi_PRO(  657): MSG_RETURN_AP_CURRY_RSSI rssi = -40
06-24 15:36:09.760 I/QosMonitor(  657): queryRtt: rtt_type = 3
06-24 15:36:09.760 I/HwQoEJNI(  657): send_cmd_kernel. begin
06-24 15:36:09.760 I/HwQoEJNI(  657): send_cmd_kernel. end
06-24 15:36:09.760 I/QosMonitor(  657): postEventFromNative: msg=100,arg1=4,arg2=10
06-24 15:36:09.760 I/HwQoEJNI(  657): send_cmd_kernel. begin
06-24 15:36:09.760 I/HwQoEJNI(  657): send_cmd_kernel. end
06-24 15:36:09.760 I/QosMonitor(  657): postEventFromNative: msg=100,arg1=0,arg2=10
06-24 15:36:09.760 D/HuaweiWifiWatchdogStateMachine(  657): f2:9f:**:**:8f:43 current RTT[-45]=160, volume=20
06-24 15:36:09.760 D/HuaweiWifiWatchdogStateMachine(  657): f2:9f:**:**:8f:43 history RTT[-45]=237, volume=1684958
06-24 15:36:09.760 D/HuaweiWifiWatchdogStateMachine(  657): setSampleRtt: rtt=160,rtt_pkts =20,rtt_when=0
06-24 15:36:09.760 I/MQoS    (  657): rtt=160,tcp_tx_pkts=393991,tcp_rx_pkts=409240
06-24 15:36:09.760 I/QosMonitor(  657): resetRtt: rtt_type = 3
06-24 15:36:09.760 I/HwQoEJNI(  657): send_cmd_kernel. begin
06-24 15:36:09.760 I/HwQoEJNI(  657): send_cmd_kernel. end
06-24 15:36:09.760 D/HwWifiConnectivityMonitor(  657): ENTER: notifyTopUidTcpInfo, tx = 47, rx = 40, reTx = 0, uid = 11422, tr = 0.0
06-24 15:36:09.760 D/HwWifiConnectivityMonitor(  657): ENTER: notifyTopUidTcpInfo, rtt = 808, rttPkts = 20, aveRtt = 40.4, app = com.excelliance.dualaid
06-24 15:36:09.760 D/HwUidTcpMonitor(  657): parseWlanUidTcpStatistics lastUidTcpStatInfo = [ mUid = 11422 mPacketName = com.excelliance.dualaid mSendSegs = 11168 mResendSegs = 2 mRcvSegs = 14084 ]
06-24 15:36:09.760 I/MQoS    (  657): QOS_level:0(0),DataDisable;use level-0
06-24 15:36:09.760 D/HwUidTcpMonitor(  657): parseWlanUidTcpStatistics lastUidTcpStatInfo = [ mUid = 10089 mPacketName = com.google.uid.shared:10089 mSendSegs = 7035 mResendSegs = 0 mRcvSegs = 460 ]
06-24 15:36:09.760 D/HwUidTcpMonitor(  657): parseWlanUidTcpStatistics lastUidTcpStatInfo = [ mUid = 10093 mPacketName = com.android.vending mSendSegs = 2698 mResendSegs = 1889 mRcvSegs = 204 ]
06-24 15:36:09.760 I/MQoS    (  657): skip-low-Level:0(0),DataDisable;use level-0
06-24 15:36:09.760 D/HwWifiConnectivityMonitor(  657): handleTopUidInternetStatusChanged, uid = 11422, status = 0
06-24 15:36:09.761 D/HuaweiWifiWatchdogStateMachine(  657): dumpTcpResult: len=10,rtt=160,rttPkt=20,rttWn=0,cgt=16,cgtWn=8848104
06-24 15:36:09.761 I/HuaweiWifiWatchdogStateMachine(  657): PTcp RTT:160, rtt pkt=20, tcp_rx=40, tcp_tx=54, tcp_reTran=1, rtRate=0.02
06-24 15:36:09.761 D/HuaweiWifiWatchdogStateMachine(  657): isRttGood is good, AvgRtt = 160, TotPkt = 20
06-24 15:36:09.761 D/HuaweiWifiWatchdogStateMachine(  657): mRssiBadCount =0, RSSI not bad.
06-24 15:36:09.761 D/HuaweiWifiWatchdogStateMachine(  657): detectNetworkAvailable:hw.wifipro.dns_fail_count = 64
06-24 15:36:09.761 D/HuaweiWifiWatchdogStateMachine(  657): detectNetworkAvailable: tcpRxPkts != 0, reset
06-24 15:36:09.761 I/HuaweiWifiWatchdogStateMachine(  657): rs ota tcp lr rttvb bad: false, false, false, false, false; rsth:-75
06-24 15:36:09.761 D/HuaweiWifiWatchdogStateMachine(  657): GSC:0, GSR:1.0, RSR:1.0, RTH:-75
06-24 15:36:09.761 I/HuaweiWifiWatchdogStateMachine(  657): judge good link######, goodLinkLevel=3
06-24 15:36:09.761 I/HuaweiWifiWatchdogStateMachine(  657): sendResultMsgToQM bssid:f2:9f:**:**:8f:43, qoslevel=3
06-24 15:36:09.761 I/HuaweiWifiWatchdogStateMachine(  657): link good reported, good base rssi:-38
06-24 15:36:09.762 D/HuaweiWifiWatchdogStateMachine(  657): goodperiod count=0, rb rttg sg =false, true, false
06-24 15:36:09.762 D/HuaweiWifiWatchdogStateMachine(  657): bqeLevel = 3 rtt=160,rtt_pkts=20 speed=0 rssi=-40
06-24 15:36:09.762 D/HuaweiWifiWatchdogStateMachine(  657): Enter updateQoeLevel level = 3
06-24 15:36:09.762 D/HuaweiWifiWatchdogStateMachine(  657): updateQoeLevel current level equal to mLastDetectLevel, return
06-24 15:36:09.762 I/HuaweiWifiWatchdogStateMachine(  657):  pkt chk not bad, reset sc to 0.
06-24 15:36:09.762 D/HuaweiWifiWatchdogStateMachine(  657): ### mPktChkBadCnt=0
06-24 15:36:09.762 D/WiFi_PRO_WifiProStateMachine(  657): onNetworkQosChange, currentWifiLevel == 3, wifiNoInternet = false, updateUiOnly = true
06-24 15:36:09.767 D/PMS1000 (  657): package:com.excelliance.dualaid, input flags:8192, output hwFlags:0
06-24 15:36:09.767 W/HSM     ( 1813): HoldService:toast switch is close!
06-24 15:36:09.768 D/ApplicationPackageManager(18272): queryIntentActivitiesAsUser blocked, Intent { act=android.intent.action.MAIN cat=[android.intent.category.LAUNCHER] pkg=com.tencent.news }
06-24 15:36:09.768 D/HsmInterfaceImpl(18272): List [ResolveInfo{3273ed1 com.tencent.news/.activity.SplashActivity m=0x108000}]
06-24 15:36:09.793 D/PMS1000 (  657): package:com.excelliance.dualaid, input flags:8192, output hwFlags:0
06-24 15:36:09.794 W/HSM     ( 1813): HoldService:toast switch is close!
06-24 15:36:09.794 D/ApplicationPackageManager(18272): queryIntentActivitiesAsUser blocked, Intent { act=android.intent.action.MAIN cat=[android.intent.category.LAUNCHER] pkg=com.iflytek.speechsuite }
06-24 15:36:09.794 D/HsmInterfaceImpl(18272): List []
06-24 15:36:09.797 W/HSM     ( 1813): HoldService:toast switch is close!
06-24 15:36:09.798 D/ApplicationPackageManager(18272): queryIntentActivitiesAsUser blocked, Intent { act=android.intent.action.MAIN cat=[android.intent.category.LAUNCHER] pkg=com.tencent.android.qqdownloader }
06-24 15:36:09.798 D/HsmInterfaceImpl(18272): List [ResolveInfo{d009437 com.tencent.android.qqdownloader/com.tencent.pangu.link.SplashActivity m=0x108000}]
06-24 15:36:09.834 W/HSM     ( 1813): HoldService:toast switch is close!
06-24 15:36:09.835 D/ApplicationPackageManager(18272): queryIntentActivitiesAsUser blocked, Intent { act=android.intent.action.MAIN cat=[android.intent.category.LAUNCHER] pkg=com.ifreetalk.ftalk }
06-24 15:36:09.835 D/HsmInterfaceImpl(18272): List [ResolveInfo{b0ff70d com.ifreetalk.ftalk/.activity.DummyActivity m=0x108000}]
06-24 15:36:09.847 W/HSM     ( 1813): HoldService:toast switch is close!
06-24 15:36:09.848 D/ApplicationPackageManager(18272): queryIntentActivitiesAsUser blocked, Intent { act=android.intent.action.MAIN cat=[android.intent.category.LAUNCHER] pkg=com.taobao.taobao }
06-24 15:36:09.848 D/HsmInterfaceImpl(18272): List [ResolveInfo{42056c2 com.taobao.taobao/com.taobao.tao.welcome.Welcome m=0x108000}]
06-24 15:36:09.877 D/PMS1000 (  657): package:com.excelliance.dualaid, input flags:8192, output hwFlags:0
06-24 15:36:09.878 W/HSM     ( 1813): HoldService:toast switch is close!
06-24 15:36:09.879 D/ApplicationPackageManager(18272): queryIntentActivitiesAsUser blocked, Intent { act=android.intent.action.MAIN cat=[android.intent.category.LAUNCHER] pkg=com.android.gallery3d }
06-24 15:36:09.879 D/HsmInterfaceImpl(18272): List [ResolveInfo{4146010 com.android.gallery3d/com.huawei.gallery.app.GalleryMain m=0x108000}]
06-24 15:36:09.883 E/asset   (18272): createFromFile(): lock file /data/resource-cache/system@emui@base@overlay@frameworkhwexthonor@frameworkhwexthonor.apk@idmap.
06-24 15:36:09.883 E/asset   (18272): createFromFile(): lock file /data/resource-cache/system@emui@base@overlay@frameworkhwexthonor@frameworkhwexthonor.apk@idmap.
06-24 15:36:09.883 W/ResourceType(18272): Found multiple library tables, ignoring...
06-24 15:36:09.894 I/PhoneStatusBar( 1513): updateNotificationShade: total=73, active=73
06-24 15:36:09.894 W/PhoneStatusBar( 1513): updateNotificationShade hasFaceDT: false; Detected:false
06-24 15:36:09.895 V/PhoneStatusBar( 1513): mStackScroller size:11,activeCount:73, childCnt:15
