07-29 16:39:47.599 I/dex2oat (15139): /system/bin/dex2oat --runtime-arg -classpath --runtime-arg  --instruction-set=arm --instruction-set-features=div,needfix_835769 --runtime-arg -Xrelocate --boot-image=/system/framework/boot.art --dex-file=/data/data/com.excelliance.dualaid/.platformcache/pay.jar --oat-fd=61 --oat-location=/data/data/com.excelliance.dualaid/.platformcache/pay.dex --runtime-arg -Xms64m --runtime-arg -Xmx512m -j4
07-29 16:39:47.629 D/MainFragment(14265): success
07-29 16:39:47.629 D/MainFragment(14265): jsonObject = {}
07-29 16:39:47.629 D/MainFragment(14265): appAdapter = com.excelliance.kxqp.platforms.AppShortcutGridAdapter@8f0d0d9
07-29 16:39:47.629 D/MainFragment(14265): activityArray = null
07-29 16:39:47.639 I/ActivityManager( 1243): Displayed com.excelliance.dualaid/com.excelliance.kxqp.ui.MainActivity: +1s213ms
07-29 16:39:47.649 I/InputMethodManager(14265): handleMessage: MSG_SET_ACTIVE true, was false
07-29 16:39:47.649 D/MainFragment(14265): handleMessage msg.what:36
07-29 16:39:47.649 D/MainFragment(14265): MSG_FETCH_ADS fetBannerAd
07-29 16:39:47.649 V/AdManagerOfMain(14265): htcbanners.size():0
07-29 16:39:47.659 D/PayUtil (14265): sRid = 
07-29 16:39:47.659 D/PayUtil (14265): no pay dex...
07-29 16:39:47.669 V/AdManagerOfMain(14265): fetBannerAd of banner
07-29 16:39:47.669 D/MainFragment(14265): MSG_FETCH_ADS fetCpuAd
07-29 16:39:47.669 V/AdManagerOfMain(14265): fetCpuAd
07-29 16:39:47.669 D/MainFragment(14265): MSG_FETCH_ADS final
07-29 16:39:47.669 D/MainFragment(14265): handleMessage final msg.what:36, take:19
07-29 16:39:47.689 V/AppShortcutGridAdapter(14265):   parmInt:0 paramViewnull, type = 1
07-29 16:39:47.699 D/NetworkLinkMonitor( 1243): RSSI_PKTCNT_FETCH_SUCCEEDED--dtotal= 9
07-29 16:39:47.709 V/AppShortcutGridAdapter(14265):   parmInt:0 paramViewandroid.widget.LinearLayout{20cffe9b V.E..... ......I. 0,0-0,0 #7f0c00ee app:id/root}, type = 1
07-29 16:39:47.719 D/MainFragment(14265): size = 0
07-29 16:39:47.769 I/ActivityManager( 1243): Start proc 15155:com.excelliance.dualaid:lebian/u0a165 for service com.excelliance.dualaid/com.android.ggapsvc.LBService
07-29 16:39:47.769 D/MainFragment(14265): handleMessage msg.what:28
07-29 16:39:47.769 D/MainFragment(14265): handleMessage final msg.what:28, take:1
07-29 16:39:47.889 D/MainFragment(14265): handleMessage msg.what:29
07-29 16:39:47.899 D/MainFragment(14265): checkFreeTimeOut:1532853587
07-29 16:39:47.899 D/PayUtil (14265): sp is empty
07-29 16:39:47.899 D/PayUtil (14265): 本地不存在文件
07-29 16:39:47.899 D/PayUtil (14265): sRid = 
07-29 16:39:47.899 D/MainFragment(14265): handleMessage final msg.what:29, take:8
07-29 16:39:47.929 D/MainFragment(14265): handleMessage msg.what:49
07-29 16:39:47.929 D/MainFragment(14265): handleMessage final msg.what:49, take:0
07-29 16:39:47.929 D/PlatSdk (14265): current = 0
07-29 16:39:47.929 D/SPAESUtil(14265): v_p_no
07-29 16:39:47.959 D/StatisticsManager(14265): Query time diff:1532853587961
07-29 16:39:47.969 I/dex2oat (15139): dex2oat took 366.423ms (threads: 4) arena alloc=111KB java alloc=458KB native alloc=2MB free=125KB
07-29 16:39:47.969 D/launch-time-RU(15155): preload 24 classes cost 67ms
07-29 16:39:47.979 E/Reflecting  getMessage(14265): com.excelliance.packageplugin.PackagePluginCallbackImpl 
07-29 16:39:47.979 E/Reflecting   getLocalizedMessage(14265): com.excelliance.packageplugin.PackagePluginCallbackImpl 
07-29 16:39:47.979 D/Reflecting(14265): com.excelliance.packageplugin.PackagePluginCallbackImpl
07-29 16:39:47.979 V/InitialData(14265): capitalize:Plugin
07-29 16:39:47.979 V/GameUtil(14265): getCurrentVersionByKey : plugin	current_plugin_version	PluginVersion
07-29 16:39:47.979 V/GameUtil(14265): saveVersionToFileByKey  xml_key :plugin  result:0
07-29 16:39:47.979 V/GameUtil(14265): getCurrentVersionByKey  plugin:0
07-29 16:39:47.989 V/InitialData(14265): capitalize:Plugin
07-29 16:39:47.989 D/lyl     (14265): file:plugin.jar   pay.jar
07-29 16:39:47.989 E/InitialData(14265): plugin.jar not exist
07-29 16:39:47.989 V/InitialData(14265): pluginVersion:0    plugin_version:0    current_plugin_version:0
07-29 16:39:47.989 D/InitialData(14265): current not exits identifing = plugin, current_jar_version = 0
07-29 16:39:47.989 V/GameUtil(14265): saveVersionToFileByKey  xml_key :plugin  result:0
07-29 16:39:47.989 D/InitialData(14265): identifing = plugin, jarPath = /data/data/com.excelliance.dualaid/.platformcache/tmp/plugin/plugin.jar
07-29 16:39:48.059 D/KXQPApplication(15155): run: initUserManager
07-29 16:39:48.069 D/CrashHandler(15155): CrashHandler
07-29 16:39:48.089 D/MainFragment(14265): handleMessage msg.what:53
07-29 16:39:48.089 D/MainFragment(14265): MSG_INIT_OFF_STANDARD_POSITION
07-29 16:39:48.089 D/MainFragment(14265): handleMessage final msg.what:53, take:0
07-29 16:39:48.099 D/LBService(15155): add o=com.android.ggapsvc.LBService, busyCount=1
07-29 16:39:48.099 D/LBService(15155): onStartCommand action=com.excelliance.dualaid.action.downloadcomp
07-29 16:39:48.109 D/LBService(15155): add o=com.android.ggapsvc.LBService, busyCount=2
07-29 16:39:48.109 D/LBService(15155): remove o=com.android.ggapsvc.LBService, busyCount=1
07-29 16:39:48.109 D/DownloadComponentService(15155): gameId:null check:false gameLib:null url:null gameType:0  savePath:null dmd5:null autodl:false downloadGame:true alarmCheck:false owenShortcutfalse
07-29 16:39:48.109 D/LBService(15155): remove o=com.android.ggapsvc.LBService, busyCount=0
07-29 16:39:48.109 D/LBService(15155): add o=com.excelliance.kxqp.d$2, busyCount=1
07-29 16:39:48.139 D/PayUtil (15155): sp is empty
07-29 16:39:48.139 D/PayUtil (15155): 本地不存在文件
07-29 16:39:48.179 D/VersionManager(15155): file exists /storage/emulated/0/.dygameres.apps/game_res/3rd/config/
07-29 16:39:48.179 D/VersionManager(15155): httpsRequest getURL = https://folder.appota.cn/newofflinead.php?vc=472&vn=4.1.2&chid=10022&subchid=1&imei=860270034674273&imsi=null&lang=zh_CN&uflag=3&uid=10338333&type=20&pkg=com.excelliance.dualaid&api=22&release=5.1.1&abi=armeabi-v7a&abi2=armeabi&abilist=arm64-v8a%2Carmeabi-v7a%2Carmeabi&abilist32=armeabi-v7a%2Carmeabi&abilist64=arm64-v8a&brand=OPPO&manufacturer=OPPO&model=OPPO%20R7sm&product=R7sm&tp=3&feature=1&newuser=1&issl=1
07-29 16:39:48.189 I/System.out(15155): sLuckyMoneyUrl = wx.gtimg.com/hongbao/
07-29 16:39:48.239 W/X509TrustManager(15155): checkServerTrusted: SignatureException:null
07-29 16:39:48.239 W/X509TrustManager(15155): checkServerTrusted: SignatureException:error:04067084:rsa routines:RSA_EAY_PUBLIC_DECRYPT:data too large for modulus
07-29 16:39:48.279 D/MainFragment(14265): handleMessage msg.what:45
07-29 16:39:48.279 V/ChannelManager(14265): initChannelDao
07-29 16:39:48.289 D/MainFragment(14265): handleMessage final msg.what:45, take:1
07-29 16:39:48.289 V/ChannelManager(14265): parseChannels
07-29 16:39:48.289 D/Arm64Utils(14265): checkVersion_64
07-29 16:39:48.289 D/MainFragment(14265): initStreamAdFragment
07-29 16:39:48.289 D/PayUtil (14265): sRid = 
07-29 16:39:48.289 D/OppoPackageManager( 1243): filterThirdMarket()---
07-29 16:39:48.289 I/OppoPackageManager( 1243): OppoPackageManagerHelper hasSystemFeature oppo.filtrated.app
07-29 16:39:48.299 D/OppoPackageManager( 1243): getKnownMarketMap()
07-29 16:39:48.299 D/OppoPackageManager( 1243): mKnownMarketMap: 
07-29 16:39:48.299 D/OppoPackageManager( 1243): mKnownMarketMap - com.excelliance.dualaid, 1
07-29 16:39:48.299 D/OppoPackageManager( 1243): mKnownMarketMap - com.excean.gspace, 1
07-29 16:39:48.299 D/OppoPackageManager( 1243): mKnownMarketMap - com.estrongs.android.pop, 1
07-29 16:39:48.299 D/OppoPackageManager( 1243): mKnownMarketMap - com.excean.gspace.b64, 1
07-29 16:39:48.299 D/OppoPackageManager( 1243): The MarketName[0] is com.excelliance.dualaid called by Binder.getCallingUid()= 10165
07-29 16:39:48.299 D/OppoPackageManager( 1243): com.excelliance.dualaid is open state.
07-29 16:39:48.299 D/OppoPackageManager( 1243): Filter result: isBlack = false, isWhite = false, isManualOpen = true, isBadMarket = false, isSystem = false, isAddNew = false
07-29 16:39:48.299 D/MainFragment(14265): handleMessage msg.what:43
07-29 16:39:48.299 D/SPAESUtil(14265): v_p_no
07-29 16:39:48.299 D/MainFragment(14265): handleMessage final msg.what:43, take:2
07-29 16:39:48.309 D/VersionManager(15155): qdl getURL = https://folder.appota.cn/newofflinead.php?vc=472&vn=4.1.2&chid=10022&subchid=1&imei=860270034674273&imsi=null&lang=zh_CN&uflag=3&uid=10338333&type=20&pkg=com.excelliance.dualaid&api=22&release=5.1.1&abi=armeabi-v7a&abi2=armeabi&abilist=arm64-v8a%2Carmeabi-v7a%2Carmeabi&abilist32=armeabi-v7a%2Carmeabi&abilist64=arm64-v8a&brand=OPPO&manufacturer=OPPO&model=OPPO%20R7sm&product=R7sm&tp=3&feature=1&newuser=1&issl=1
07-29 16:39:48.309 E/Parcel  (14265): Reading a NULL string not supported here.
07-29 16:39:48.309 E/Reflecting  getMessage(14265): com.excelliance.kxqp.ads.guangdiantongnew.GdtnewFactory 
07-29 16:39:48.309 E/Reflecting   getLocalizedMessage(14265): com.excelliance.kxqp.ads.guangdiantongnew.GdtnewFactory 
07-29 16:39:48.309 D/Reflecting(14265): com.excelliance.kxqp.ads.guangdiantongnew.GdtnewFactory
07-29 16:39:48.309 E/Reflecting  getMessage(14265): com.excelliance.kxqp.ads.guangdiantongnew.GdtnewFactory 
07-29 16:39:48.309 E/Reflecting   getLocalizedMessage(14265): com.excelliance.kxqp.ads.guangdiantongnew.GdtnewFactory 
07-29 16:39:48.309 D/Reflecting(14265): com.excelliance.kxqp.ads.guangdiantongnew.GdtnewFactory
07-29 16:39:48.309 V/InitialData(14265): capitalize:Gdtnew
07-29 16:39:48.309 V/GameUtil(14265): getCurrentVersionByKey : gdtnew	current_gdtnew_version	GdtnewVersion
07-29 16:39:48.309 V/GameUtil(14265): saveVersionToFileByKey  xml_key :gdtnew  result:0
07-29 16:39:48.329 D/VersionManager(15155): queryDlList result:<?xml version="1.0" encoding="utf-8"?><listpack ver="1.0"><gamelist><icon pos = "1" con = "-1"/><glist gid="10286"  gfup="0" gname="[转账]确认" glib="" gpath="http://act.adintl.cn/channel/index?cid=416&amp;appKey=442e4e12153e757d104411d14bde0af9" gsize="0" ppath="https://cdn.multiopen.cn/origicon/3rdicon/iconpath/10286/253397e8c1eae1e6bfcb91c8da114105.gif" ppath1="https://cdn.multiopen.cn/origicon/3rdicon/iconpath/10286/e55525cff80160532cc0799a23a78c43.png" gtype="3" gtime="0" gcid=""  patch="0" omd5="" nmd5="" dmd5="" flag="83" notifytitle="" notifymsg="" tm="own" adt="3" adp="1" getime="" promsg="" proic="" probabity="1000000" /></gamelist></listpack>
07-29 16:39:48.329 E/Parcel  (14265): Reading a NULL string not supported here.
07-29 16:39:48.329 V/GameUtil(14265): getCurrentVersionByKey  gdtnew:0
07-29 16:39:48.329 V/InitialData(14265): capitalize:Gdtnew
07-29 16:39:48.329 D/lyl     (14265): file:gdtnew.jar   pay.jar
07-29 16:39:48.329 E/InitialData(14265): gdtnew.jar not exist
07-29 16:39:48.329 V/InitialData(14265): gdtnewVersion:0    gdtnew_version:0    current_gdtnew_version:0
07-29 16:39:48.329 D/InitialData(14265): current not exits identifing = gdtnew, current_jar_version = 0
07-29 16:39:48.329 V/GameUtil(14265): saveVersionToFileByKey  xml_key :gdtnew  result:0
07-29 16:39:48.329 D/InitialData(14265): identifing = gdtnew, jarPath = /data/data/com.excelliance.dualaid/.platformcache/tmp/gdtnew/gdtnew.jar
07-29 16:39:48.329 V/InitialData(14265): capitalize:Gdtnew
07-29 16:39:48.329 V/GameUtil(14265): getCurrentVersionByKey : gdtnew	current_gdtnew_version	GdtnewVersion
07-29 16:39:48.339 D/VersionManager(15155): getPartialDownload file exists /storage/emulated/0/.dygameres.apps/game_res/3rd/downloading/
07-29 16:39:48.339 V/GameUtil(14265): saveVersionToFileByKey  xml_key :gdtnew  result:0
07-29 16:39:48.339 V/GameUtil(14265): getCurrentVersionByKey  gdtnew:0
07-29 16:39:48.339 V/InitialData(14265): capitalize:Gdtnew
07-29 16:39:48.339 D/InitialData(14265): assets not exists /data/data/com.excelliance.dualaid/.platformcache/tmp/gdtnew/gdtnew.jar
07-29 16:39:48.339 V/MainActivity(14265): load GDT jar success
07-29 16:39:48.349 V/VersionManager(15155): icon:{"con":-1,"pos":1}
07-29 16:39:48.349 V/StatisticsBySpImpl(15155): init   isFirstCheck
07-29 16:39:48.359 E/StatisticsBySpImpl(15155): install new version, old version is 324, net is ok, upload now!
07-29 16:39:48.369 D/StatisticsService(14265): ACTION_UPLOAD com.excelliance.kxqp.action.upload
07-29 16:39:48.379 W/X509TrustManager(14265): checkServerTrusted: SignatureException:null
07-29 16:39:48.379 W/X509TrustManager(14265): checkServerTrusted: SignatureException:error:04067084:rsa routines:RSA_EAY_PUBLIC_DECRYPT:data too large for modulus
07-29 16:39:48.379 D/VersionManager(15155): forceUpdate=0
07-29 16:39:48.389 D/VersionManager(15155): queryDlList final result:
07-29 16:39:48.389 D/VersionManager(15155): <?xml version="1.0" encoding="utf-8"?><listpack ver="1.0"><gamelist><icon pos = "1" con = "-1"/><glist gid="10286"  gfup="0" gname="[转账]确认" glib="" gpath="http://act.adintl.cn/channel/index?cid=416&amp;appKey=442e4e12153e757d104411d14bde0af9" gsize="0" ppath="https://cdn.multiopen.cn/origicon/3rdicon/iconpath/10286/253397e8c1eae1e6bfcb91c8da114105.gif" ppath1="https://cdn.multiopen.cn/origicon/3rdicon/iconpath/10286/e55525cff80160532cc0799a23a78c43.png" gtype="3" gtime="0" gcid=""  patch="0" omd5="" nmd5="" dmd5="" flag="83" notifytitle="" notifymsg="" tm="own" adt="3" adp="1" getime="" promsg="" proic="" probabity="1000000" /></gamelist></listpack>
07-29 16:39:48.389 V/AddGameData(15155): Manufacturer:OPPO
07-29 16:39:48.399 E/Parcel  (15155): Reading a NULL string not supported here.
07-29 16:39:48.439 D/MainFragment(14265): verName = 4.1.2
07-29 16:39:48.439 D/MainFragment(14265): handleMessage msg.what:10
07-29 16:39:48.439 D/MainFragment(14265): serverVersionCode = 472
07-29 16:39:48.439 D/MainFragment(14265): handleMessage final msg.what:10, take:2
07-29 16:39:48.529 I/appium  ( 9879): AppiumResponse: {"sessionId":"dfbf3083-c5d8-4fdf-9522-7a886ccdaa53","status":0,"value":true}
07-29 16:39:48.539 I/appium  ( 9879): channel read invoked!
07-29 16:39:48.539 I/appium  ( 9879): channel read: GET /wd/hub/session/dfbf3083-c5d8-4fdf-9522-7a886ccdaa53/source
07-29 16:39:48.579 D/VersionManager(15155): httpsRequest getURL = http://mto.multiopen.cn/recommbwlist.php?sdkver=2009&compver=55302&mainver=231800&vc=472&vn=4.1.2&chid=10022&subchid=1&fv=1&uid=10338333&type=20&pkg=com.excelliance.dualaid&api=22&release=5.1.1&language=zh&country=CN&abi=armeabi-v7a&abi2=armeabi&abilist=arm64-v8a%2Carmeabi-v7a%2Carmeabi&abilist32=armeabi-v7a%2Carmeabi&abilist64=arm64-v8a&brand=OPPO&manufacturer=OPPO&model=OPPO%20R7sm&product=R7sm&issl=0&pl=aW8uYXBwaXVtLnNldHRpbmdzO2NvbS5leGNlYW4uZ3NwYWNlO2NvbS5pZnJlZXRhbGsuZnRhbGs7%0AaW8uYXBwaXVtLnVpYXV0b21hdG9yMi5zZXJ2ZXI7Y29tLnRlbmNlbnQubW07Y29tLm9wcG8uY2Ft%0AZXJhLmRvdWJsZWV4cG9zdXJlO2NvbS5lc3Ryb25ncy5hbmRyb2lkLnBvcDtjb20uZXhjZWFuLmdz%0AcGFjZS5iNjQ7aW8uYXBwaXVtLnVpYXV0b21hdG9yMi5zZXJ2ZXIudGVzdDtjb20ub3Bwby5jYW1l%0AcmEucHJvZmVzc2lvbmFsO2NvbS5vcHBvLm1hcmtldDtjb20uYW5kcm9pZC5lbWFpbDtpby5hcHBp%0AdW0udW5sb2NrO2NvbS5leGNlbGxpYW5jZS5kdWFsYWlk%0A
07-29 16:39:48.649 E/VersionManager(15155): queryAppList urlConn result = <?xml version="1.0" encoding="utf-8"?><infopack><rminfo><nrml pkg="com.tencent.mm"/><nrml pkg="com.tencent.mobileqq"/><nrml pkg="com.ifreetalk.ftalk"/><nrml pkg="com.immomo.momo"/><nrml pkg="com.taobao.taobao"/><nrml pkg="com.eg.android.AlipayGphone"/><nrml pkg="com.tencent.qqlite"/><nrml pkg="com.tencen2.mm"/></rminfo><bwinfo><bwl pl="io.appium.settings;com.excean.gspace;com.ifreetalk.ftalk;io.appium.uiautomator2.server;com.tencent.mm;com.oppo.camera.doubleexposure;com.estrongs.android.pop;com.excean.gspace.b64;io.appium.uiautomator2.server.test;com.oppo.camera.professional;com.oppo.market;com.android.email;io.appium.unlock;com.excelliance.dualaid"/></bwinfo><bbinfo><bbl pl="com.qihoo360.mobilesafe;"/></bbinfo><hotinfo><hotl pgk="" /></hotinfo></infopack>
07-29 16:39:48.649 E/VersionManager(15155): queryAppList response result = <?xml version="1.0" encoding="utf-8"?><infopack><rminfo><nrml pkg="com.tencent.mm"/><nrml pkg="com.tencent.mobileqq"/><nrml pkg="com.ifreetalk.ftalk"/><nrml pkg="com.immomo.momo"/><nrml pkg="com.taobao.taobao"/><nrml pkg="com.eg.android.AlipayGphone"/><nrml pkg="com.tencent.qqlite"/><nrml pkg="com.tencen2.mm"/></rminfo><bwinfo><bwl pl="io.appium.settings;com.excean.gspace;com.ifreetalk.ftalk;io.appium.uiautomator2.server;com.tencent.mm;com.oppo.camera.doubleexposure;com.estrongs.android.pop;com.excean.gspace.b64;io.appium.uiautomator2.server.test;com.oppo.camera.professional;com.oppo.market;com.android.email;io.appium.unlock;com.excelliance.dualaid"/></bwinfo><bbinfo><bbl pl="com.qihoo360.mobilesafe;"/></bbinfo><hotinfo><hotl pgk="" /></hotinfo></infopack>
07-29 16:39:48.679 D/NetworkLinkMonitor( 1243): RSSI_PKTCNT_FETCH_SUCCEEDED--dtotal= 26
07-29 16:39:48.699 E/Parcel  (15155): Reading a NULL string not supported here.
07-29 16:39:48.879 D/VersionManager(15155): httpsRequest getURL = http://mto.multiopen.cn/localinstall.php?sdkver=2009&compver=55302&mainver=231800&vc=472&vn=4.1.2&chid=10022&subchid=1&fv=1&increase=1&uid=10338333&type=20&pkg=com.excelliance.dualaid&api=22&release=5.1.1&language=zh&country=CN&abi=armeabi-v7a&abi2=armeabi&abilist=arm64-v8a%2Carmeabi-v7a%2Carmeabi&abilist32=armeabi-v7a%2Carmeabi&abilist64=arm64-v8a&brand=OPPO&manufacturer=OPPO&model=OPPO%20R7sm&product=R7sm&pl=io.appium.settings;com.excean.gspace;com.ifreetalk.ftalk;io.appium.uiautomator2.server;com.tencent.mm;com.oppo.camera.doubleexposure;com.estrongs.android.pop;com.excean.gspace.b64;io.appium.uiautomator2.server.test;com.oppo.camera.professional;com.oppo.market;com.android.email;io.appium.unlock;com.excelliance.dualaid&issl=0
07-29 16:39:48.919 D/VersionManager(15155): AppList OK
07-29 16:39:48.959 D/VersionManager(15155): httpsRequest getURL = http://mto.multiopen.cn/virtualtpkg.php?sdkver=2009&compver=55302&mainver=231800&chid=10022&subchid=1&type=20&pkg=com.excelliance.dualaid&api=22&release=5.1.1&language=zh&country=CN&abi=armeabi-v7a&abi2=armeabi&abilist=arm64-v8a%2Carmeabi-v7a%2Carmeabi&abilist32=armeabi-v7a%2Carmeabi&abilist64=arm64-v8a&brand=OPPO&manufacturer=OPPO&model=OPPO%20R7sm&product=R7sm&issl=1
07-29 16:39:49.059 I/appium  ( 9879): Skipping invisible child: android.view.accessibility.AccessibilityNodeInfo@8000cab0; boundsInParent: Rect(0, 0 - 1080, 75); boundsInScreen: Rect(0, 0 - 1080, 75); packageName: com.excelliance.dualaid; className: android.view.View; text: null; error: null; maxTextLength: -1; contentDescription: null; viewIdResName: com.excelliance.dualaid:id/custom_status_bar; checkable: false; checked: false; focusable: false; focused: false; selected: false; clickable: false; longClickable: false; enabled: true; password: false; scrollable: false; actions: [AccessibilityAction: ACTION_SELECT - null, AccessibilityAction: ACTION_CLEAR_SELECTION - null, AccessibilityAction: ACTION_ACCESSIBILITY_FOCUS - null]
07-29 16:39:49.069 D/VersionManager(15155): httpsRequest getURL = http://mto.multiopen.cn/shareaddr.php?sdkver=2009&compver=55302&mainver=231800&chid=10022&subchid=1&type=20&pkg=com.excelliance.dualaid&api=22&release=5.1.1&language=zh&country=CN&abi=armeabi-v7a&abi2=armeabi&abilist=arm64-v8a%2Carmeabi-v7a%2Carmeabi&abilist32=armeabi-v7a%2Carmeabi&abilist64=arm64-v8a&brand=OPPO&manufacturer=OPPO&model=OPPO%20R7sm&product=R7sm&issl=0
07-29 16:39:49.089 I/appium  ( 9879): Skipping invisible child: android.view.accessibility.AccessibilityNodeInfo@80011985; boundsInParent: Rect(0, 0 - 1080, 0); boundsInScreen: Rect(0, 1369 - 1080, 1369); packageName: com.excelliance.dualaid; className: android.widget.LinearLayout; text: null; error: null; maxTextLength: -1; contentDescription: null; viewIdResName: com.excelliance.dualaid:id/layout_container; checkable: false; checked: false; focusable: false; focused: false; selected: false; clickable: false; longClickable: false; enabled: true; password: false; scrollable: false; actions: [AccessibilityAction: ACTION_SELECT - null, AccessibilityAction: ACTION_CLEAR_SELECTION - null, AccessibilityAction: ACTION_ACCESSIBILITY_FOCUS - null]
07-29 16:39:49.089 I/appium  ( 9879): Skipping invisible child: android.view.accessibility.AccessibilityNodeInfo@800106c0; boundsInParent: Rect(0, 0 - 1080, 0); boundsInScreen: Rect(0, 1369 - 1080, 1369); packageName: com.excelliance.dualaid; className: android.widget.FrameLayout; text: null; error: null; maxTextLength: -1; contentDescription: null; viewIdResName: com.excelliance.dualaid:id/fl_off_standard_position; checkable: false; checked: false; focusable: false; focused: false; selected: false; clickable: false; longClickable: false; enabled: true; password: false; scrollable: false; actions: [AccessibilityAction: ACTION_SELECT - null, AccessibilityAction: ACTION_CLEAR_SELECTION - null, AccessibilityAction: ACTION_ACCESSIBILITY_FOCUS - null]
07-29 16:39:49.089 I/appium  ( 9879): Skipping invisible child: android.view.accessibility.AccessibilityNodeInfo@8000f7bc; boundsInParent: Rect(0, 0 - 1080, 0); boundsInScreen: Rect(0, 1800 - 1080, 1800); packageName: com.excelliance.dualaid; className: android.widget.FrameLayout; text: null; error: null; maxTextLength: -1; contentDescription: null; viewIdResName: com.excelliance.dualaid:id/fl_stream_new; checkable: false; checked: false; focusable: false; focused: false; selected: false; clickable: false; longClickable: false; enabled: true; password: false; scrollable: false; actions: [AccessibilityAction: ACTION_SELECT - null, AccessibilityAction: ACTION_CLEAR_SELECTION - null, AccessibilityAction: ACTION_ACCESSIBILITY_FOCUS - null]
07-29 16:39:49.089 I/appium  ( 9879): Skipping invisible child: android.view.accessibility.AccessibilityNodeInfo@8000d232; boundsInParent: Rect(0, 0 - 1080, 0); boundsInScreen: Rect(0, 243 - 1080, 243); packageName: com.excelliance.dualaid; className: android.view.View; text: null; error: null; maxTextLength: -1; contentDescription: null; viewIdResName: com.excelliance.dualaid:id/view_bottom; checkable: false; checked: false; focusable: false; focused: false; selected: false; clickable: false; longClickable: false; enabled: true; password: false; scrollable: false; actions: [AccessibilityAction: ACTION_SELECT - null, AccessibilityAction: ACTION_CLEAR_SELECTION - null, AccessibilityAction: ACTION_ACCESSIBILITY_FOCUS - null]
07-29 16:39:49.089 I/appium  ( 9879): Fetch time: 33ms
07-29 16:39:49.129 D/VersionManager(15155): QG = 729015440
07-29 16:39:49.139 D/VersionManager(15155): QGK = 6XoSVhhsUPompOJcvqYtV6Vn1_eiIQyl
07-29 16:39:49.139 I/appium  ( 9879): AppiumResponse: {"sessionId":"dfbf3083-c5d8-4fdf-9522-7a886ccdaa53","status":0,"value":"<?xml version=\"1.0\" encoding=\"UTF-8\"?><hierarchy rotation=\"0\"><android.widget.FrameLayout index=\"0\" text=\"\" class=\"android.widget.FrameLayout\" package=\"com.excelliance.dualaid\" content-desc=\"\" checkable=\"false\" checked=\"false\" clickable=\"false\" enabled=\"true\" focusable=\"false\" focused=\"false\" scrollable=\"false\" long-clickable=\"false\" password=\"false\" selected=\"false\" bounds=\"[0,0][1080,1800]\" resource-id=\"\" instance=\"0\"><android.widget.LinearLayout index=\"0\" text=\"\" class=\"android.widget.LinearLayout\" package=\"com.excelliance.dualaid\" content-desc=\"\" checkable=\"false\" checked=\"false\" clickable=\"false\" enabled=\"true\" focusable=\"false\" focused=\"false\" scrollable=\"false\" long-clickable=\"false\" password=\"false\" selected=\"false\" bounds=\"[0,0][1080,1800]\" resource-id=\"\" instance=\"0\"><android.widget.FrameLayout index=\"0\" text=\"\" class=\"android.widget.FrameLayout\" package=\"com.excelliance.dualaid\" content-desc=\"\" checkable=\"false\" checked=\"false\" clickable=\"false\" enabled=\"true\" focusable=\"false\" focused=\"false\" scrollable=\"false\" long-clickable=\"false\" password=\"false\" selected=\"false\" bounds=\"[0,0][1080,1800]\" resource-id=\"android:id\/content\" instance=\"1\"><android.widget.FrameLayout index=\"0\" text=\"\" class=\"android.widget.FrameLayout\" package=\"com.excelliance.dualaid\" content-desc=\"\" checkable=\"false\" checked=\"false\" clickable=\"false\" enabled=\"true\" focusable=\"false\" focused=\"false\" scrollable=\"false\" long-clickable=\"false\" password=\"false\" selected=\"false\" bounds=\"[0,0][1080,1800]\" resource-id=\"com.excelliance.dualaid:id\/mainactivity\" instance=\"2\"><android.widget.FrameLayout index=\"0\" text=\"\" class=\"android.widget.FrameLayout\" package=\"com.excelliance.dualaid\" content-desc=\"\" checkable=\"false\" checked=\"false\" clickable=\"false\" enabled=\"true\" focusable=\"false\" focused=\"false\" scrollable=\"false\" long-clickable=\"false\" password=\"false\" selected=\"false\" bounds=\"[0,0][1080,1800]\" resource-id=\"\" instance=\"3\"><android.widget.RelativeLayout index=\"0\" text=\"\" class=\"android.widget.RelativeLayout\" package=\"com.excelliance.dualaid\" content-desc=\"\" checkable=\"false\" checked=\"false\" clickable=\"true\" enabled=\"true\" focusable=\"false\" focused=\"false\" scrollable=\"false\" long-clickable=\"false\" password=\"false\" selected=\"false\" bounds=\"[0,0][1080,1800]\" resource-id=\"com.excelliance.dualaid:id\/full_layout\" instance=\"0\"><android.widget.FrameLayout index=\"1\" text=\"\" class=\"android.widget.FrameLayout\" package=\"com.excelliance.dualaid\" content-desc=\"\" checkable=\"false\" checked=\"false\" clickable=\"true\" enabled=\"true\" focusable=\"false\" focused=\"false\" scrollable=\"false\" long-clickable=\"false\" password=\"false\" selected=\"false\" bounds=\"[0,75][1080,1800]\" resource-id=\"com.excelliance.dualaid:id\/rl_guide\" instance=\"4\"><android.widget.RelativeLayout index=\"0\" text=\"\" class=\"android.widget.RelativeLayout\" package=\"com.excelliance.dualaid\" content-desc=\"\" checkable=\"false\" checked=\"false\" clickable=\"false\" enabled=\"true\" focusable=\"false\" focused=\"false\" scrollable=\"false\" long-clickable=\"false\" password=\"false\" selected=\"false\" bounds=\"[0,75][1080,1800]\" resource-id=\"com.excelliance.dualaid:id\/rl_content\" instance=\"1\"><android.widget.TextView index=\"0\" text=\"点击这里开始添加哦\" class=\"android.widget.TextView\" package=\"com.excelliance.dualaid\" content-desc=\"\" checkable=\"false\" checked=\"false\" clickable=\"false\" enabled=\"true\" focusable=\"false\" focused=\"false\" scrollable=\"false\" long-clickable=\"false\" password=\"false\" selected=\"false\" bounds=\"[567,1317][1080,1500]\" resource-id=\"com.excelliance.dualaid:id\/tv_bt_add\" instance=\"0\"\/><\/android.widget.RelativeLayout><android.widget.FrameLayout index=\"1\" text=
07-29 16:39:49.139 D/VersionManager(15155): queryJrttChannels entered
07-29 16:39:49.179 I/appium  ( 9879): channel read invoked!
07-29 16:39:49.179 I/appium  ( 9879): channel read: GET /wd/hub/session/dfbf3083-c5d8-4fdf-9522-7a886ccdaa53/source
07-29 16:39:49.199 D/VersionManager(15155): superIds = 
07-29 16:39:49.199 V/VersionManager(15155): queryJrttChannels  url>>>http://mto.multiopen.cn/substance_channel.php?sdkver=2009&vc=472&vn=4.1.2&compver=55302&mainver=231800&chid=10022&subchid=1&uid=10338333&type=20&imei=860270034674273&imsi=&pkg=com.excelliance.dualaid&api=22&release=5.1.1&abi=armeabi-v7a&abi2=armeabi&abilist=arm64-v8a%2Carmeabi-v7a%2Carmeabi&abilist32=armeabi-v7a%2Carmeabi&abilist64=arm64-v8a&brand=OPPO&manufacturer=OPPO&model=OPPO%20R7sm&product=R7sm&apl=baidu;wdj&plat=7&issl=0
07-29 16:39:49.199 D/VersionManager(15155): httpsRequest getURL = http://mto.multiopen.cn/substance_channel.php?sdkver=2009&vc=472&vn=4.1.2&compver=55302&mainver=231800&chid=10022&subchid=1&uid=10338333&type=20&imei=860270034674273&imsi=&pkg=com.excelliance.dualaid&api=22&release=5.1.1&abi=armeabi-v7a&abi2=armeabi&abilist=arm64-v8a%2Carmeabi-v7a%2Carmeabi&abilist32=armeabi-v7a%2Carmeabi&abilist64=arm64-v8a&brand=OPPO&manufacturer=OPPO&model=OPPO%20R7sm&product=R7sm&apl=baidu;wdj&plat=7&issl=0
07-29 16:39:49.229 D/VersionManager(15155): result = {"channel":[{"id":"98","link":"","name":"\u63a8\u8350","plat":"2","super":"0"},{"id":"100","link":"","name":"\u65f6\u4e8b","plat":"2","super":"0"},{"id":"107","link":"","name":"\u5a31\u4e50","plat":"2","super":"0"},{"id":"104","link":"","name":"\u8d22\u7ecf","plat":"2","super":"0"},{"id":"1002","link":"","name":"\u793e\u4f1a","plat":"2","super":"0"},{"id":"109","link":"","name":"\u79d1\u6280","plat":"2","super":"0"},{"id":"106","link":"","name":"\u4e16\u754c\u676f","plat":"2","super":"2"}],"switch":[{"flushtime":1,"iconnews":0,"interback":0}],"backTime":0,"streamAdBigImg":10}
07-29 16:39:49.249 D/VersionManager(15155): httpsRequest getURL = http://mto.multiopen.cn/blackList.php
07-29 16:39:49.349 D/VersionManager(15155): httpsRequest getURL = http://mto.multiopen.cn/icon_pull_time.php?sdkver=2009&vc=472&vn=4.1.2&compver=55302&mainver=231800&chid=10022&subchid=1&aid=cd7885452bcb39af&uid=10338333&imei=860270034674273&imsi=&pkg=com.excelliance.dualaid&api=22&release=5.1.1&issl=0
07-29 16:39:49.359 D/TFA9890_OPPO(  336): tfa9890_SpeakerOff is close
07-29 16:39:49.379 D/audio_hw_primary(  336): disable_audio_route:tfa9890_speakerOff because of no i2s dsp connection
07-29 16:39:49.389 D/skia    ( 1243): SkPNGImageEncoder::doEncode bitmap.width() = 576 ,bitmap.height() = 1024
07-29 16:39:49.389 V/VersionManager(15155): queryStatisticsSettings response>>>{"icon_pull_time":"40"}
07-29 16:39:49.409 D/DownloadComponentService(15155): vipTestFirstStartTime = 1532853586636
07-29 16:39:49.409 D/DownloadComponentService(15155): diffTime = 2783
07-29 16:39:49.409 D/VersionManager(15155): queryAdId()
07-29 16:39:49.409 D/VersionManager(15155): ABTestGetId()
07-29 16:39:49.419 D/VersionManager(15155): getFoldStyle=5
07-29 16:39:49.429 D/VersionManager(15155): queryAdId:-----getURL = https://mto.multiopen.cn/baidu_id.php?vc=472&vn=4.1.2&chid=10022&subchid=1&imei=860270034674273&imsi=&pkg=com.excelliance.dualaid&api=22&release=5.1.1&newVer=1&brand=OPPO&manufacturer=OPPO&model=OPPO%20R7sm&product=R7sm&issl=1
07-29 16:39:49.429 D/VersionManager(15155): httpsRequest getURL = https://mto.multiopen.cn/baidu_id.php?vc=472&vn=4.1.2&chid=10022&subchid=1&imei=860270034674273&imsi=&pkg=com.excelliance.dualaid&api=22&release=5.1.1&newVer=1&brand=OPPO&manufacturer=OPPO&model=OPPO%20R7sm&product=R7sm&issl=1
07-29 16:39:49.459 W/X509TrustManager(15155): checkServerTrusted: SignatureException:null
07-29 16:39:49.469 W/X509TrustManager(15155): checkServerTrusted: SignatureException:error:04067084:rsa routines:RSA_EAY_PUBLIC_DECRYPT:data too large for modulus
07-29 16:39:49.509 D/VersionManager(15155): queryAdId result>>>
07-29 16:39:49.519 D/DownloadComponentService(15155): action serv pull
07-29 16:39:49.519 D/SmtServService(14265): pull info
07-29 16:39:49.519 D/SmtServService(14265): diffTime = 19440
07-29 16:39:49.559 D/VersionManager(15155): queryShowOneKeyLoginConfig: 
07-29 16:39:49.589 V/DownloadComponentService(15155): -------------detail>>>GameDetail [gameId=10286, gameLib=, gameName=[转账]确认, url=http://act.adintl.cn/channel/index?cid=416&appKey=442e4e12153e757d104411d14bde0af9, gameType=3, nettype=0, savePath=/storage/emulated/0/.dygameres.apps/game_res/3rd/jar/.jar.dload, size=0, version=0, level=1, forceUpdate=0, icon=https://cdn.multiopen.cn/origicon/3rdicon/iconpath/10286/253397e8c1eae1e6bfcb91c8da114105.gif, cid=3, cfgPath=/storage/emulated/0/.dygameres.apps/game_res/3rd/downloading/.cfg, downloadType=0, patch=false, omd5=, nmd5=, dmd5=, autodl=true, notifyTitle=, notifyMsg=, flag=83, downloadStatus=0, sid=10286, gameTime=0, appProvider=null, sortLetters=, isAd=false, uid = 0]
07-29 16:39:49.599 D/DownloadComponentService(15155): settingAuto1: true
07-29 16:39:49.599 D/DownloadComponentService(15155): download pending detail.gameId10286 nonAutoDownload:true
07-29 16:39:49.599 D/LBService(15155): add o=com.android.ggapsvc.LBService, busyCount=2
07-29 16:39:49.599 D/LBService(15155): onStartCommand action=com.excelliance.dualaid.action.downloadcomp
07-29 16:39:49.599 D/LBService(15155): add o=com.android.ggapsvc.LBService, busyCount=3
07-29 16:39:49.599 D/LBService(15155): remove o=com.android.ggapsvc.LBService, busyCount=2
07-29 16:39:49.599 D/DownloadComponentService(15155): check update checkPeriod = false, canUpdate = true
07-29 16:39:49.599 D/DownloadComponentService(15155): check update canUpdate
07-29 16:39:49.599 D/DownloadComponentService(15155): gameId:10286 check:false gameLib: url:http://act.adintl.cn/channel/index?cid=416&appKey=442e4e12153e757d104411d14bde0af9 gameType:3  savePath:/storage/emulated/0/.dygameres.apps/game_res/3rd/jar/.jar.dload dmd5: autodl:false downloadGame:false alarmCheck:false owenShortcutfalse
07-29 16:39:49.609 D/DownloadComponentService(15155): startAlarm
07-29 16:39:49.609 W/AlarmManager( 1243): Suspiciously short interval 20000 millis; expanding to 60 seconds
07-29 16:39:49.609 D/DownloadComponentService(15155): put into downloadMap 10286
07-29 16:39:49.609 D/LBService(15155): remove o=com.android.ggapsvc.LBService, busyCount=1
07-29 16:39:49.609 D/PayUtil (15155): sp is empty
07-29 16:39:49.619 D/LBService(15155): add o=com.excelliance.kxqp.d$1, busyCount=2
07-29 16:39:49.619 E/DownloadComponentService(15155): try download  (1)
07-29 16:39:49.619 D/PayUtil (15155): 本地不存在文件
07-29 16:39:49.619 D/VersionManager(15155): feng:query entered
07-29 16:39:49.619 D/DownloadComponentService(15155): download  iconUrl = https://cdn.multiopen.cn/origicon/3rdicon/iconpath/10286/253397e8c1eae1e6bfcb91c8da114105.gif, iconPath = null
07-29 16:39:49.619 D/DownloadComponentService(15155): download  iconUrl = https://cdn.multiopen.cn/origicon/3rdicon/iconpath/10286/253397e8c1eae1e6bfcb91c8da114105.gif, iconSavePath = /storage/emulated/0/.dygameres.apps/game_res/3rd/icon/253397e8c1eae1e6bfcb91c8da114105.gif
07-29 16:39:49.629 D/VersionManager(15155): onSuccess: respone:{"code":1,"message":"success","data":{"switch":1},"service":"onekeyswitch"}
07-29 16:39:49.679 D/NetworkLinkMonitor( 1243): RSSI_PKTCNT_FETCH_SUCCEEDED--dtotal= 34
07-29 16:39:49.689 I/appium  ( 9879): Skipping invisible child: android.view.accessibility.AccessibilityNodeInfo@8000cab0; boundsInParent: Rect(0, 0 - 1080, 75); boundsInScreen: Rect(0, 0 - 1080, 75); packageName: com.excelliance.dualaid; className: android.view.View; text: null; error: null; maxTextLength: -1; contentDescription: null; viewIdResName: com.excelliance.dualaid:id/custom_status_bar; checkable: false; checked: false; focusable: false; focused: false; selected: false; clickable: false; longClickable: false; enabled: true; password: false; scrollable: false; actions: [AccessibilityAction: ACTION_SELECT - null, AccessibilityAction: ACTION_CLEAR_SELECTION - null, AccessibilityAction: ACTION_ACCESSIBILITY_FOCUS - null]
07-29 16:39:49.699 D/VersionManager(15155): chid=10022subchid=1
07-29 16:39:49.709 D/VersionManager(15155): getFoldStyle=5
07-29 16:39:49.719 I/appium  ( 9879): Skipping invisible child: android.view.accessibility.AccessibilityNodeInfo@80011985; boundsInParent: Rect(0, 0 - 1080, 0); boundsInScreen: Rect(0, 1369 - 1080, 1369); packageName: com.excelliance.dualaid; className: android.widget.LinearLayout; text: null; error: null; maxTextLength: -1; contentDescription: null; viewIdResName: com.excelliance.dualaid:id/layout_container; checkable: false; checked: false; focusable: false; focused: false; selected: false; clickable: false; longClickable: false; enabled: true; password: false; scrollable: false; actions: [AccessibilityAction: ACTION_SELECT - null, AccessibilityAction: ACTION_CLEAR_SELECTION - null, AccessibilityAction: ACTION_ACCESSIBILITY_FOCUS - null]
07-29 16:39:49.719 I/appium  ( 9879): Skipping invisible child: android.view.accessibility.AccessibilityNodeInfo@800106c0; boundsInParent: Rect(0, 0 - 1080, 0); boundsInScreen: Rect(0, 1369 - 1080, 1369); packageName: com.excelliance.dualaid; className: android.widget.FrameLayout; text: null; error: null; maxTextLength: -1; contentDescription: null; viewIdResName: com.excelliance.dualaid:id/fl_off_standard_position; checkable: false; checked: false; focusable: false; focused: false; selected: false; clickable: false; longClickable: false; enabled: true; password: false; scrollable: false; actions: [AccessibilityAction: ACTION_SELECT - null, AccessibilityAction: ACTION_CLEAR_SELECTION - null, AccessibilityAction: ACTION_ACCESSIBILITY_FOCUS - null]
07-29 16:39:49.719 I/appium  ( 9879): Skipping invisible child: android.view.accessibility.AccessibilityNodeInfo@8000f7bc; boundsInParent: Rect(0, 0 - 1080, 0); boundsInScreen: Rect(0, 1800 - 1080, 1800); packageName: com.excelliance.dualaid; className: android.widget.FrameLayout; text: null; error: null; maxTextLength: -1; contentDescription: null; viewIdResName: com.excelliance.dualaid:id/fl_stream_new; checkable: false; checked: false; focusable: false; focused: false; selected: false; clickable: false; longClickable: false; enabled: true; password: false; scrollable: false; actions: [AccessibilityAction: ACTION_SELECT - null, AccessibilityAction: ACTION_CLEAR_SELECTION - null, AccessibilityAction: ACTION_ACCESSIBILITY_FOCUS - null]
07-29 16:39:49.719 I/appium  ( 9879): Skipping invisible child: android.view.accessibility.AccessibilityNodeInfo@8000d232; boundsInParent: Rect(0, 0 - 1080, 0); boundsInScreen: Rect(0, 243 - 1080, 243); packageName: com.excelliance.dualaid; className: android.view.View; text: null; error: null; maxTextLength: -1; contentDescription: null; viewIdResName: com.excelliance.dualaid:id/view_bottom; checkable: false; checked: false; focusable: false; focused: false; selected: false; clickable: false; longClickable: false; enabled: true; password: false; scrollable: false; actions: [AccessibilityAction: ACTION_SELECT - null, AccessibilityAction: ACTION_CLEAR_SELECTION - null, AccessibilityAction: ACTION_ACCESSIBILITY_FOCUS - null]
07-29 16:39:49.719 I/appium  ( 9879): Fetch time: 30ms
07-29 16:39:49.729 D/VersionManager(15155): httpsRequest getURL = https://mto.multiopen.cn/nadcontrollernew.php?sdkver=2009&vc=472&vn=4.1.2&compver=55302&mainver=231800&chid=10022&subchid=1&uid=10338333&type=20&imei=860270034674273&imsi=&pkg=com.excelliance.dualaid&api=22&release=5.1.1&abi=armeabi-v7a&abi2=armeabi&abilist=arm64-v8a%2Carmeabi-v7a%2Carmeabi&abilist32=armeabi-v7a%2Carmeabi&abilist64=arm64-v8a&brand=OPPO&manufacturer=OPPO&model=OPPO%20R7sm&product=R7sm&apl=baidu;wdj&issl=1
07-29 16:39:49.759 W/X509TrustManager(15155): checkServerTrusted: SignatureException:null
07-29 16:39:49.759 W/X509TrustManager(15155): checkServerTrusted: SignatureException:error:04067084:rsa routines:RSA_EAY_PUBLIC_DECRYPT:data too large for modulus
07-29 16:39:49.759 I/appium  ( 9879): AppiumResponse: {"sessionId":"dfbf3083-c5d8-4fdf-9522-7a886ccdaa53","status":0,"value":"<?xml version=\"1.0\" encoding=\"UTF-8\"?><hierarchy rotation=\"0\"><android.widget.FrameLayout index=\"0\" text=\"\" class=\"android.widget.FrameLayout\" package=\"com.excelliance.dualaid\" content-desc=\"\" checkable=\"false\" checked=\"false\" clickable=\"false\" enabled=\"true\" focusable=\"false\" focused=\"false\" scrollable=\"false\" long-clickable=\"false\" password=\"false\" selected=\"false\" bounds=\"[0,0][1080,1800]\" resource-id=\"\" instance=\"0\"><android.widget.LinearLayout index=\"0\" text=\"\" class=\"android.widget.LinearLayout\" package=\"com.excelliance.dualaid\" content-desc=\"\" checkable=\"false\" checked=\"false\" clickable=\"false\" enabled=\"true\" focusable=\"false\" focused=\"false\" scrollable=\"false\" long-clickable=\"false\" password=\"false\" selected=\"false\" bounds=\"[0,0][1080,1800]\" resource-id=\"\" instance=\"0\"><android.widget.FrameLayout index=\"0\" text=\"\" class=\"android.widget.FrameLayout\" package=\"com.excelliance.dualaid\" content-desc=\"\" checkable=\"false\" checked=\"false\" clickable=\"false\" enabled=\"true\" focusable=\"false\" focused=\"false\" scrollable=\"false\" long-clickable=\"false\" password=\"false\" selected=\"false\" bounds=\"[0,0][1080,1800]\" resource-id=\"android:id\/content\" instance=\"1\"><android.widget.FrameLayout index=\"0\" text=\"\" class=\"android.widget.FrameLayout\" package=\"com.excelliance.dualaid\" content-desc=\"\" checkable=\"false\" checked=\"false\" clickable=\"false\" enabled=\"true\" focusable=\"false\" focused=\"false\" scrollable=\"false\" long-clickable=\"false\" password=\"false\" selected=\"false\" bounds=\"[0,0][1080,1800]\" resource-id=\"com.excelliance.dualaid:id\/mainactivity\" instance=\"2\"><android.widget.FrameLayout index=\"0\" text=\"\" class=\"android.widget.FrameLayout\" package=\"com.excelliance.dualaid\" content-desc=\"\" checkable=\"false\" checked=\"false\" clickable=\"false\" enabled=\"true\" focusable=\"false\" focused=\"false\" scrollable=\"false\" long-clickable=\"false\" password=\"false\" selected=\"false\" bounds=\"[0,0][1080,1800]\" resource-id=\"\" instance=\"3\"><android.widget.RelativeLayout index=\"0\" text=\"\" class=\"android.widget.RelativeLayout\" package=\"com.excelliance.dualaid\" content-desc=\"\" checkable=\"false\" checked=\"false\" clickable=\"true\" enabled=\"true\" focusable=\"false\" focused=\"false\" scrollable=\"false\" long-clickable=\"false\" password=\"false\" selected=\"false\" bounds=\"[0,0][1080,1800]\" resource-id=\"com.excelliance.dualaid:id\/full_layout\" instance=\"0\"><android.widget.FrameLayout index=\"1\" text=\"\" class=\"android.widget.FrameLayout\" package=\"com.excelliance.dualaid\" content-desc=\"\" checkable=\"false\" checked=\"false\" clickable=\"true\" enabled=\"true\" focusable=\"false\" focused=\"false\" scrollable=\"false\" long-clickable=\"false\" password=\"false\" selected=\"false\" bounds=\"[0,75][1080,1800]\" resource-id=\"com.excelliance.dualaid:id\/rl_guide\" instance=\"4\"><android.widget.RelativeLayout index=\"0\" text=\"\" class=\"android.widget.RelativeLayout\" package=\"com.excelliance.dualaid\" content-desc=\"\" checkable=\"false\" checked=\"false\" clickable=\"false\" enabled=\"true\" focusable=\"false\" focused=\"false\" scrollable=\"false\" long-clickable=\"false\" password=\"false\" selected=\"false\" bounds=\"[0,75][1080,1800]\" resource-id=\"com.excelliance.dualaid:id\/rl_content\" instance=\"1\"><android.widget.TextView index=\"0\" text=\"点击这里开始添加哦\" class=\"android.widget.TextView\" package=\"com.excelliance.dualaid\" content-desc=\"\" checkable=\"false\" checked=\"false\" clickable=\"false\" enabled=\"true\" focusable=\"false\" focused=\"false\" scrollable=\"false\" long-clickable=\"false\" password=\"false\" selected=\"false\" bounds=\"[567,1317][1080,1500]\" resource-id=\"com.excelliance.dualaid:id\/tv_bt_add\" instance=\"0\"\/><\/android.widget.RelativeLayout><android.widget.FrameLayout index=\"1\" text=
07-29 16:39:49.789 I/appium  ( 9879): channel read invoked!
07-29 16:39:49.789 I/appium  ( 9879): channel read: POST /wd/hub/session/dfbf3083-c5d8-4fdf-9522-7a886ccdaa53/element
07-29 16:39:49.789 I/appium  ( 9879): Find element command
07-29 16:39:49.789 D/appium  ( 9879): payload: {"strategy":"id","selector":"com.excelliance.dualaid:id/tv_bt_add","context":"","multiple":false}
07-29 16:39:49.789 I/appium  ( 9879): find element command using 'id' with selector 'com.excelliance.dualaid:id/tv_bt_add'.
07-29 16:39:49.819 D/VersionManager(15155): queryAdSwitcherNew:-----getURL = https://mto.multiopen.cn/nadcontrollernew.php?sdkver=2009&vc=472&vn=4.1.2&compver=55302&mainver=231800&chid=10022&subchid=1&uid=10338333&type=20&imei=860270034674273&imsi=&pkg=com.excelliance.dualaid&api=22&release=5.1.1&abi=armeabi-v7a&abi2=armeabi&abilist=arm64-v8a%2Carmeabi-v7a%2Carmeabi&abilist32=armeabi-v7a%2Carmeabi&abilist64=arm64-v8a&brand=OPPO&manufacturer=OPPO&model=OPPO%20R7sm&product=R7sm&apl=baidu;wdj&issl=1
07-29 16:39:49.819 D/VersionManager(15155): qasNew xml=<?xml version="1.0" encoding="utf-8"?><infopack><bar><bl pos="1" con="17" con2="1" con3="1" scti="5"/><bl pos="2" con="17" con2="1" con3="1" scti="5"/><bl pos="3" con="17" con2="17" con3="1" scti="5"/></bar><sp><sl pos="1"  con="17" con2="17" con3="17" time="12" minInterTime="120" startTime="573" /><sl pos="3"  con="17" con2="17" con3="17" time="12" minInterTime="120" startTime="573" /></sp><ch><cl pos="1"  title="今日热点"  con="1" ch="128" flag="1" time="1" link=""/></ch><order blcon="1" spcon="1" /><bdallice pos = "1" con = "-1"/><baidubanner>1000</baidubanner><back>90</back><reqcount>8</reqcount><stoptime>1500</stoptime><spouttime>0</spouttime><spOldFailedStrategy>0</spOldFailedStrategy><ap><al pos="2"  con="17" con2="17" con3="1" time="1" minInterTime="1" startTime="573" /></ap></infopack>
07-29 16:39:49.829 V/VersionManager(15155): b_total:0
07-29 16:39:49.839 V/VersionManager(15155): b_total:1 pref:bl_1
07-29 16:39:49.879 D/MainFragment(14265): handleMessage msg.what:24
07-29 16:39:49.879 D/DownloadComponentService(15155): download  iconUrl1 = https://cdn.multiopen.cn/origicon/3rdicon/iconpath/10286/e55525cff80160532cc0799a23a78c43.png, iconSavePath1 = /storage/emulated/0/.dygameres.apps/game_res/3rd/icon/e55525cff80160532cc0799a23a78c43.png
07-29 16:39:49.889 V/VersionManager(15155): b_total:2 pref:bl_2
07-29 16:39:49.949 V/VersionManager(15155): b_total:3 pref:bl_3
07-29 16:39:49.999 V/VersionManager(15155): sp_total0
07-29 16:39:50.019 D/VersionManager(15155): splashDataHandle pos = 1, pref = sl_1
07-29 16:39:50.079 D/StatisticsToServer(14265): enter::::{"vc":324,"vn":"2.6.2","chid":10022,"subchid":1,"uid":"10338333","mcnt":1}
07-29 16:39:50.079 E/StatisticsToServer(14265): url=http://mto.multiopen.cn/adstatis.php?cmd=101&data=eyJ2YyI6MzI0LCJ2biI6IjIuNi4yIiwiY2hpZCI6MTAwMjIsInN1YmNoaWQiOjEsInVpZCI6IjEw%0AMzM4MzMzIiwibWNudCI6MX0%3D%0A
07-29 16:39:50.079 D/StatisticsToServer(14265): show::::[]
07-29 16:39:50.079 E/StatisticsToServer(14265): url=http://mto.multiopen.cn/adstatis.php?cmd=3&data=eyJ2YyI6MzI0LCJ2biI6IjIuNi4yIiwiY2hpZCI6MTAwMjIsInN1YmNoaWQiOjEsInVpZCI6IjEw%0AMzM4MzMzIiwiZHQiOiJbXSJ9%0A
07-29 16:39:50.079 D/StatisticsToServer(14265): click::::[]
07-29 16:39:50.079 E/StatisticsToServer(14265): url=http://mto.multiopen.cn/adstatis.php?cmd=1&data=eyJ2YyI6MzI0LCJ2biI6IjIuNi4yIiwiY2hpZCI6MTAwMjIsInN1YmNoaWQiOjEsInVpZCI6IjEw%0AMzM4MzMzIiwiZHQiOiJbXSJ9%0A
07-29 16:39:50.079 D/StatisticsToServer(14265): get::::[]
07-29 16:39:50.079 E/StatisticsToServer(14265): url=http://mto.multiopen.cn/adstatis.php?cmd=4&data=eyJ2YyI6MzI0LCJ2biI6IjIuNi4yIiwiY2hpZCI6MTAwMjIsInN1YmNoaWQiOjEsInVpZCI6IjEw%0AMzM4MzMzIiwiZHQiOiJbXSJ9%0A
07-29 16:39:50.079 D/StatisticsToServer(14265): getSuccess::::[]
07-29 16:39:50.079 E/StatisticsToServer(14265): url=http://mto.multiopen.cn/adstatis.php?cmd=5&data=eyJ2YyI6MzI0LCJ2biI6IjIuNi4yIiwiY2hpZCI6MTAwMjIsInN1YmNoaWQiOjEsInVpZCI6IjEw%0AMzM4MzMzIiwiZHQiOiJbXSJ9%0A
07-29 16:39:50.079 D/StatisticsToServer(14265): startCount
07-29 16:39:50.079 D/VersionManager(14265): httpsRequest getURL = http://mto.multiopen.cn/adstatis.php?cmd=101&data=eyJ2YyI6MzI0LCJ2biI6IjIuNi4yIiwiY2hpZCI6MTAwMjIsInN1YmNoaWQiOjEsInVpZCI6IjEw%0AMzM4MzMzIiwibWNudCI6MX0%3D%0A
07-29 16:39:50.099 D/VersionManager(15155): splashDataHandle pos = 3, pref = sl_3
07-29 16:39:50.149 D/MainFragment(14265): handleMessage msg.what:24
07-29 16:39:50.159 D/MainFragment(14265): handleMessage msg.what:24
07-29 16:39:50.159 D/DownloadComponentService(15155): download  iconUrl srcConfig = /storage/emulated/0/.dygameres.apps/game_res/3rd/downloading/.cfg, savePath = /storage/emulated/0/.dygameres.apps/game_res/3rd/jar/.jar.dload
07-29 16:39:50.159 D/DownloadComponentService(15155): pendingMap.size=0, downloadMap.size = 0
07-29 16:39:50.159 D/DownloadComponentService(15155): cancelAlarm
07-29 16:39:50.169 D/LBService(15155): remove o=com.excelliance.kxqp.d$1, busyCount=1
07-29 16:39:50.179 V/VersionManager(15155): ch_total: 0
07-29 16:39:50.189 V/VersionManager(15155): ch_total0
07-29 16:39:50.209 V/VersionManager(15155): b_total:3 pref:cl_1
07-29 16:39:50.209 D/VersionManager(14265): httpsRequest getURL = http://mto.multiopen.cn/adstatis.php?cmd=3&data=eyJ2YyI6MzI0LCJ2biI6IjIuNi4yIiwiY2hpZCI6MTAwMjIsInN1YmNoaWQiOjEsInVpZCI6IjEw%0AMzM4MzMzIiwiZHQiOiJbXSJ9%0A
07-29 16:39:50.269 V/VersionManager(15155): pos:1,title:今日热点,con:1,ch:128,time:1,link:,flag:1
07-29 16:39:50.269 V/VersionManager(15155): {"blcon":"1","slcon":"1"}
07-29 16:39:50.279 V/VersionManager(15155): bdallice:{"con":-1,"pos":1}
07-29 16:39:50.279 V/VersionManager(15155): ------bdBannerDelayTime>>>1000
07-29 16:39:50.289 V/VersionManager(15155): ------rePullAdTime>>>90
07-29 16:39:50.329 V/VersionManager(15155): ap = sp_app_total, 0
07-29 16:39:50.349 D/VersionManager(15155): name = al, pref = sl_2, pos = 2, sp_app_total = 1
07-29 16:39:50.359 D/VersionManager(15155): splashDataHandle pos = 2, pref = sl_2
07-29 16:39:50.419 V/VersionManager(15155): cpuTab jsonObject>>>{"pos":1,"title":"今日热点","con":1,"ch":128,"time":1,"link":"","flag":1}
07-29 16:39:50.419 V/VersionManager(15155): cpuTab jsonArray>>>[{"pos":1,"title":"今日热点","con":1,"ch":128,"time":1,"link":"","flag":1}]
07-29 16:39:50.419 D/VersionManager(15155): pullActivityIconConfitg
07-29 16:39:50.419 D/VersionManager(15155): network = true
07-29 16:39:50.449 D/VersionManager(14265): httpsRequest getURL = http://mto.multiopen.cn/adstatis.php?cmd=1&data=eyJ2YyI6MzI0LCJ2biI6IjIuNi4yIiwiY2hpZCI6MTAwMjIsInN1YmNoaWQiOjEsInVpZCI6IjEw%0AMzM4MzMzIiwiZHQiOiJbXSJ9%0A
07-29 16:39:50.449 D/VersionManager(15155): activityIconUrl = https://folder.appota.cn/icon_activitynew.php?vc=472&vn=4.1.2&chid=10022&subchid=1&imei=860270034674273&imsi=null&lang=zh_CN&uid=10338333&isVip=false&sgid=10286&type=20&pkg=com.excelliance.dualaid&api=22&release=5.1.1&newuser=1&abTest=0&issl=1, callBack = null
07-29 16:39:50.449 D/VersionManager(15155): xpgi entered
