07-29 16:38:46.689 D/MainFragment(11461): statusHeight = 75
07-29 16:38:46.689 D/MainFragment(11461): clearFullScreen
07-29 16:38:46.689 D/MainFragment(11461): onStart
07-29 16:38:46.689 D/AppShortcutGridAdapter(11461): onStart
07-29 16:38:46.689 D/MainFragment(11461): STREAM_AD_LAST_LOCATION = 0, statusHeight = 75
07-29 16:38:46.689 D/MainFragment(11461): onStart STREAM_AD_LAST_LOCATION
07-29 16:38:46.689 D/KXQPApplication(11461): onActivityStarted: com.excelliance.kxqp.ui.MainActivity@1de1a822	
07-29 16:38:46.699 D/MainActivity(11461): onResume
07-29 16:38:46.699 D/MainActivity(11461): umengtj_switch:_0
07-29 16:38:46.699 D/MainActivity(11461): onResume Umengtj is false
07-29 16:38:46.699 D/MainFragment(11461): has_data_move = false, gridViewContainer = com.excelliance.kxqp.ui.multiple.GridviewContainerLayout{1fc2ea7e V.E..... ......I. 0,0-0,0 #7f0c033f app:id/layout_container}
07-29 16:38:46.709 D/PayUtil (11461): sRid = 
07-29 16:38:46.709 D/AppShortcutGridAdapter(11461): onResume
07-29 16:38:46.709 D/MainFragment(11461): onResume
07-29 16:38:46.759 D/MainFragment(11461): onResume1
07-29 16:38:46.759 V/MainFragment(11461): resume isFromCreate>>>true,needInterceptBackKey>>>false,isHomeKeyEvent>>>false
07-29 16:38:46.759 D/PlatSdk (11461): current = 0
07-29 16:38:46.759 D/aa      (11461): 41:[0]
07-29 16:38:46.769 D/OpenGLRenderer(11461): Use EGL_SWAP_BEHAVIOR_PRESERVED: true
07-29 16:38:46.769 V/WindowManager( 1243): Adding window Window{2c60cde5 u0 com.excelliance.dualaid/com.excelliance.kxqp.ui.MainActivity} at 5 of 15 (after Window{3ee66905 u0 com.excelliance.dualaid/com.excelliance.kxqp.ui.HelloActivity})
07-29 16:38:46.779 D/MainFragment(11461): handleMessage msg.what:59
07-29 16:38:46.779 W/ContextImpl(11461): Implicit intents with startService are not safe: Intent { act=com.excelliance.dualaid.b64.action.process.64 } android.content.ContextWrapper.bindService:550 com.excelliance.kxqp.util.q.c:-1 com.excelliance.kxqp.ui.k$34.handleMessage:-1 
07-29 16:38:46.779 D/MainFragment(11461): handleMessage final msg.what:59, take:3
07-29 16:38:46.779 W/ActivityManager( 1243): Unable to start service Intent { act=com.excelliance.dualaid.b64.action.process.64 } U=0: not found
07-29 16:38:46.779 D/MainFragment(11461): handleMessage msg.what:20
07-29 16:38:46.779 D/PayUtil (11461): sRid = 
07-29 16:38:46.779 D/aa      (11461): 20:null
07-29 16:38:46.789 D/PayUtil (11461): no pay dex...
07-29 16:38:46.789 D/PayUtil (11461): sRid = 
07-29 16:38:46.799 D/PayUtil (11461): no pay dex...
07-29 16:38:46.799 D/MainFragment(11461): handleMessage final msg.what:20, take:19
07-29 16:38:46.799 D/MainFragment(11461): handleMessage msg.what:6
07-29 16:38:46.799 D/MainFragment(11461): handleMessage final msg.what:6, take:3
07-29 16:38:46.809 D/SmtServService(11461): onStartCommand: add class com.excelliance.kxqp.ui.MainActivity
07-29 16:38:46.809 W/ActivityManager( 1243): Unable to start service Intent { act=com.excelliance.dualaid.b64.action.process.64 } U=0: not found
07-29 16:38:46.809 D/MainFragment(11461): handleMessage msg.what:14
07-29 16:38:46.809 D/MainFragment(11461): handleMessage final msg.what:14, take:1
07-29 16:38:46.809 D/MainFragment(11461): handleMessage msg.what:59
07-29 16:38:46.809 W/ContextImpl(11461): Implicit intents with startService are not safe: Intent { act=com.excelliance.dualaid.b64.action.process.64 } android.content.ContextWrapper.bindService:550 com.excelliance.kxqp.util.q.c:-1 com.excelliance.kxqp.ui.k$34.handleMessage:-1 
07-29 16:38:46.809 D/MainFragment(11461): handleMessage final msg.what:59, take:1
07-29 16:38:46.809 D/MainFragment(11461): handleMessage msg.what:46
07-29 16:38:46.809 D/MainFragment(11461): handleMessage final msg.what:46, take:0
07-29 16:38:46.839 V/WindowManager( 1243): Changing focus from null to Window{2c60cde5 u0 com.excelliance.dualaid/com.excelliance.kxqp.ui.MainActivity} Callers=com.android.server.wm.WindowManagerService.relayoutWindow:3527 com.android.server.wm.Session.relayout:197 android.view.IWindowSession$Stub.onTransact:273 com.android.server.wm.Session.onTransact:130 
07-29 16:38:46.849 I/Adreno-EGL(11461): <qeglDrvAPI_eglInitialize:379>: EGL 1.4 QUALCOMM build:  (I385e983e35)
07-29 16:38:46.849 I/Adreno-EGL(11461): OpenGL ES Shader Compiler Version: E031.25.03.04
07-29 16:38:46.849 I/Adreno-EGL(11461): Build Date: 03/09/16 Wed
07-29 16:38:46.849 I/Adreno-EGL(11461): Local Branch: 
07-29 16:38:46.849 I/Adreno-EGL(11461): Remote Branch: 
07-29 16:38:46.849 I/Adreno-EGL(11461): Local Patches: 
07-29 16:38:46.849 I/Adreno-EGL(11461): Reconstruct Branch: 
07-29 16:38:46.849 I/OpenGLRenderer(11461): Initialized EGL, version 1.4
07-29 16:38:46.849 W/Watchdog_N( 1243): !@WatchDog_649;
07-29 16:38:46.859 W/X509TrustManager(11461): checkServerTrusted: SignatureException:null
07-29 16:38:46.859 W/X509TrustManager(11461): checkServerTrusted: SignatureException:error:04067084:rsa routines:RSA_EAY_PUBLIC_DECRYPT:data too large for modulus
07-29 16:38:46.859 D/OpenGLRenderer(11461): Enabling debug mode 0
07-29 16:38:46.889 D/MainFragment(11461): handleMessage msg.what:36
07-29 16:38:46.889 D/MainFragment(11461): handleMessage final msg.what:36, take:1
07-29 16:38:46.889 D/MainFragment(11461): MSG_FETCH_ADS initFactory
07-29 16:38:46.889 V/AdManagerOfMain(11461): InitFactory.b_total:0
07-29 16:38:46.899 V/AdManagerOfMain(11461): integers_sp:[]
07-29 16:38:46.899 D/InitFactory(11461): getFactoryByType:_-1
07-29 16:38:46.899 V/FactoryData(11461): ads:null
07-29 16:38:46.899 D/InitFactory(11461): type:_-1
07-29 16:38:46.899 D/MainFragment(11461): MSG_FETCH_ADS initFactory final
07-29 16:38:46.899 D/MainFragment(11461): first_pop_dialog......false
07-29 16:38:46.899 D/PayUtil (11461): sRid = 
07-29 16:38:46.899 D/PayUtil (11461): sRid = 
07-29 16:38:46.899 D/PayUtil (11461): sRid = 
07-29 16:38:46.909 D/MainFragment(11461): openStreamFromMoreSetting = false
07-29 16:38:46.909 D/MainActivity(11461): isLoaded:false
07-29 16:38:46.909 D/InputMethodManager(11424): receive service's setActive call, active:false
07-29 16:38:46.909 D/InputMethodManager(11461): receive service's setActive call, active:true
07-29 16:38:46.909 I/InputMethodManager(11424): handleMessage: MSG_SET_ACTIVE false, was true
07-29 16:38:46.919 E/Reflecting  getMessage(11461): com.alipay.sdk.app.PayTask 
07-29 16:38:46.919 E/Reflecting   getLocalizedMessage(11461): com.alipay.sdk.app.PayTask 
07-29 16:38:46.919 D/Reflecting(11461): com.alipay.sdk.app.PayTask
07-29 16:38:46.919 V/InitialData(11461): capitalize:Pay
07-29 16:38:46.919 V/GameUtil(11461): getCurrentVersionByKey : pay	current_pay_version	PayVersion
07-29 16:38:46.929 V/GameUtil(11461): saveVersionToFileByKey  xml_key :pay  result:1
07-29 16:38:46.929 V/AppShortcutGridAdapter(11461):   parmInt:0 paramViewnull, type = 0
07-29 16:38:46.929 V/GameUtil(11461): getCurrentVersionByKey  pay:1
07-29 16:38:46.929 V/InitialData(11461): capitalize:Pay
07-29 16:38:46.929 D/lyl     (11461): file:pay.jar   pay.jar
07-29 16:38:46.929 D/lyl     (11461): file:pay.jar   pay.jar
07-29 16:38:46.939 D/AppShortcutGridAdapter(11461): ZMKJTEST appIconPath = /storage/emulated/0/.dygameres.apps/game_res/3rd/icon/com.tencent.mm.png, bd = null, appInfo count = 0
07-29 16:38:46.949 V/AppShortcutGridAdapter(11461):   parmInt:0 paramViewandroid.widget.LinearLayout{22e6d397 V.E..... ......I. 0,0-0,0 #7f0c00ee app:id/root}, type = 0
07-29 16:38:46.959 D/        (  343): charger_monitor log_has_update will be set false
07-29 16:38:46.969 D/MainFragment(11461): size = 1
07-29 16:38:46.969 D/MainFragment(11461): useViewPositionId = 0
07-29 16:38:46.969 D/MainFragment(11461): childView = android.widget.LinearLayout{22e6d397 V.E..... ......ID 0,0-360,360 #7f0c00ee app:id/root}, chilCount = 1, firstVisiblePosition = 0 , count = 1
07-29 16:38:46.969 D/MainFragment(11461): childView = android.widget.LinearLayout{22e6d397 V.E..... ......ID 0,0-360,360 #7f0c00ee app:id/root}
07-29 16:38:46.969 D/MainFragment(11461): appInfoList = 1
07-29 16:38:46.969 D/MainFragment(11461): appInfoList1 = false
07-29 16:38:46.969 D/MainFragment(11461): bt_add width = 360 , height = 360
07-29 16:38:46.969 V/InitialData(11461): payVersion:1    pay_version:1    current_pay_version:1
07-29 16:38:46.969 D/InitialData(11461): identifing = pay, jarPath = /data/data/com.excelliance.dualaid/.platformcache/pay.jar
07-29 16:38:46.969 D/InitialData(11461): mClassLoader = dalvik.system.PathClassLoader[DexPathList[[zip file "/data/app/com.excelliance.dualaid-1/base.apk"],nativeLibraryDirectories=[/data/app/com.excelliance.dualaid-1/lib/arm, /vendor/lib, /system/lib]]]
07-29 16:38:46.969 D/InitialData(11461): HackUtil = class com.excelliance.kxqp.pay.util.HackUtil
07-29 16:38:46.979 I/art     (11461): Adjust thread count for runtime dex2oat
07-29 16:38:47.029 I/dex2oat (12828): /system/bin/dex2oat --runtime-arg -classpath --runtime-arg  --instruction-set=arm --instruction-set-features=div,needfix_835769 --runtime-arg -Xrelocate --boot-image=/system/framework/boot.art --dex-file=/data/data/com.excelliance.dualaid/.platformcache/pay.jar --oat-fd=61 --oat-location=/data/data/com.excelliance.dualaid/.platformcache/pay.dex --runtime-arg -Xms64m --runtime-arg -Xmx512m -j4
07-29 16:38:47.079 I/InputMethodManager(11461): handleMessage: MSG_SET_ACTIVE true, was false
07-29 16:38:47.079 D/MainFragment(11461): success
07-29 16:38:47.079 D/MainFragment(11461): jsonObject = {}
07-29 16:38:47.079 D/MainFragment(11461): appAdapter = com.excelliance.kxqp.platforms.AppShortcutGridAdapter@12e5d3dd
07-29 16:38:47.079 D/MainFragment(11461): activityArray = null
07-29 16:38:47.099 D/MainFragment(11461): handleMessage msg.what:36
07-29 16:38:47.099 D/MainFragment(11461): MSG_FETCH_ADS fetBannerAd
07-29 16:38:47.099 V/AdManagerOfMain(11461): htcbanners.size():0
07-29 16:38:47.099 D/PayUtil (11461): sRid = 
07-29 16:38:47.109 D/PayUtil (11461): no pay dex...
07-29 16:38:47.109 V/AdManagerOfMain(11461): fetBannerAd of banner
07-29 16:38:47.109 D/MainFragment(11461): MSG_FETCH_ADS fetCpuAd
07-29 16:38:47.109 V/AdManagerOfMain(11461): fetCpuAd
07-29 16:38:47.109 D/MainFragment(11461): MSG_FETCH_ADS final
07-29 16:38:47.109 D/MainFragment(11461): handleMessage final msg.what:36, take:9
07-29 16:38:47.109 W/d       (11461): memoryCache() and memoryCacheSize() calls overlap each other
07-29 16:38:47.109 W/d       (11461): memoryCache() and memoryCacheSize() calls overlap each other
07-29 16:38:47.129 I/ActivityManager( 1243): Displayed com.excelliance.dualaid/com.excelliance.kxqp.ui.MainActivity: +1s184ms
07-29 16:38:47.159 D/d       (11461): Initialize ImageLoader with configuration
07-29 16:38:47.169 E/libEGL  (11461): call to OpenGL ES API with no current context (logged once per thread)
07-29 16:38:47.179 D/d       (11461): Delay 50 ms before loading...  [file:///storage/emulated/0/.dygameres.apps/game_res/3rd/icon/com.tencent.mm.png_150x150]
07-29 16:38:47.179 D/MainFragment(11461): handleMessage msg.what:28
07-29 16:38:47.179 D/MainFragment(11461): handleMessage final msg.what:28, take:1
07-29 16:38:47.229 D/d       (11461): Start display image task [file:///storage/emulated/0/.dygameres.apps/game_res/3rd/icon/com.tencent.mm.png_150x150]
07-29 16:38:47.229 D/d       (11461): Load image from network [file:///storage/emulated/0/.dygameres.apps/game_res/3rd/icon/com.tencent.mm.png_150x150]
07-29 16:38:47.229 D/d       (11461): Cache image on disk [file:///storage/emulated/0/.dygameres.apps/game_res/3rd/icon/com.tencent.mm.png_150x150]
07-29 16:38:47.239 D/d       (11461): Cache image in memory [file:///storage/emulated/0/.dygameres.apps/game_res/3rd/icon/com.tencent.mm.png_150x150]
07-29 16:38:47.259 I/ActivityManager( 1243): Start proc 12854:com.excelliance.dualaid:lebian/u0a165 for service com.excelliance.dualaid/com.android.ggapsvc.LBService
07-29 16:38:47.259 D/d       (11461): Display image in ImageAware (loaded from NETWORK) [file:///storage/emulated/0/.dygameres.apps/game_res/3rd/icon/com.tencent.mm.png_150x150]
07-29 16:38:47.259 D/BgImageViewAware(11461): setImageDrawable com.nostra13.universalimageloader.core.b.c$a@354262aa
07-29 16:38:47.259 D/BgImageViewAware(11461): viewRef = java.lang.ref.WeakReference@20cffe9b
07-29 16:38:47.259 D/AppShortcutGridAdapter(11461): ZMKJTEST updating = false
07-29 16:38:47.269 V/AppShortcutGridAdapter(11461):   parmInt:0 paramViewnull, type = 0
07-29 16:38:47.289 D/AppShortcutGridAdapter(11461): ZMKJTEST appIconPath = /storage/emulated/0/.dygameres.apps/game_res/3rd/icon/com.tencent.mm.png, bd = android.graphics.drawable.BitmapDrawable@3c6ac211, appInfo count = 0
07-29 16:38:47.289 D/AppShortcutGridAdapter(11461): ZMKJTEST updating = false
07-29 16:38:47.299 V/AppShortcutGridAdapter(11461):   parmInt:0 paramViewandroid.widget.LinearLayout{2abbff76 V.E..... ......I. 0,0-0,0 #7f0c00ee app:id/root}, type = 0
07-29 16:38:47.309 D/MainFragment(11461): handleMessage msg.what:29
07-29 16:38:47.309 D/MainFragment(11461): checkFreeTimeOut:1532853527
07-29 16:38:47.309 D/PayUtil (11461): sp is empty
07-29 16:38:47.309 D/PayUtil (11461): 本地不存在文件
07-29 16:38:47.309 D/PayUtil (11461): sRid = 
07-29 16:38:47.319 D/MainFragment(11461): handleMessage final msg.what:29, take:12
07-29 16:38:47.369 D/MainFragment(11461): handleMessage msg.what:49
07-29 16:38:47.369 D/MainFragment(11461): handleMessage final msg.what:49, take:1
07-29 16:38:47.379 D/PlatSdk (11461): current = 0
07-29 16:38:47.379 D/InitialData(11461): iconPath = /storage/emulated/0/.dygameres.apps/game_res/3rd/icon/com.tencent.mm.png
07-29 16:38:47.379 D/SPAESUtil(11461): v_p_no
07-29 16:38:47.389 D/StatisticsManager(11461): Query time diff:1532853527398
07-29 16:38:47.429 I/dex2oat (12828): dex2oat took 398.710ms (threads: 4) arena alloc=68KB java alloc=458KB native alloc=2MB free=125KB
07-29 16:38:47.439 E/Reflecting  getMessage(11461): com.excelliance.packageplugin.PackagePluginCallbackImpl 
07-29 16:38:47.439 E/Reflecting   getLocalizedMessage(11461): com.excelliance.packageplugin.PackagePluginCallbackImpl 
07-29 16:38:47.439 D/Reflecting(11461): com.excelliance.packageplugin.PackagePluginCallbackImpl
07-29 16:38:47.439 V/InitialData(11461): capitalize:Plugin
07-29 16:38:47.439 V/GameUtil(11461): getCurrentVersionByKey : plugin	current_plugin_version	PluginVersion
07-29 16:38:47.439 V/GameUtil(11461): saveVersionToFileByKey  xml_key :plugin  result:0
07-29 16:38:47.439 V/GameUtil(11461): getCurrentVersionByKey  plugin:0
07-29 16:38:47.439 V/InitialData(11461): capitalize:Plugin
07-29 16:38:47.439 D/lyl     (11461): file:plugin.jar   pay.jar
07-29 16:38:47.439 E/InitialData(11461): plugin.jar not exist
07-29 16:38:47.439 V/InitialData(11461): pluginVersion:0    plugin_version:0    current_plugin_version:0
07-29 16:38:47.439 D/InitialData(11461): current not exits identifing = plugin, current_jar_version = 0
07-29 16:38:47.439 V/GameUtil(11461): saveVersionToFileByKey  xml_key :plugin  result:0
07-29 16:38:47.439 D/InitialData(11461): identifing = plugin, jarPath = /data/data/com.excelliance.dualaid/.platformcache/tmp/plugin/plugin.jar
07-29 16:38:47.479 D/MainFragment(11461): handleMessage msg.what:53
07-29 16:38:47.479 D/MainFragment(11461): MSG_INIT_OFF_STANDARD_POSITION
07-29 16:38:47.479 D/MainFragment(11461): handleMessage final msg.what:53, take:0
07-29 16:38:47.499 D/launch-time-RU(12854): preload 24 classes cost 84ms
07-29 16:38:47.609 D/NetworkLinkMonitor( 1243): RSSI_PKTCNT_FETCH_SUCCEEDED--dtotal= 11
07-29 16:38:47.629 D/KXQPApplication(12854): run: initUserManager
07-29 16:38:47.629 D/CrashHandler(12854): CrashHandler
07-29 16:38:47.669 D/VersionManager(12854): getAllProviderApps appList.size = 1
07-29 16:38:47.669 D/LBService(12854): add o=com.android.ggapsvc.LBService, busyCount=1
07-29 16:38:47.669 D/LBService(12854): onStartCommand action=com.excelliance.dualaid.action.downloadcomp
07-29 16:38:47.669 D/LBService(12854): add o=com.android.ggapsvc.LBService, busyCount=2
07-29 16:38:47.669 D/LBService(12854): remove o=com.android.ggapsvc.LBService, busyCount=1
07-29 16:38:47.669 D/DownloadComponentService(12854): gameId:null check:false gameLib:null url:null gameType:0  savePath:null dmd5:null autodl:false downloadGame:true alarmCheck:false owenShortcutfalse
07-29 16:38:47.669 D/LBService(12854): remove o=com.android.ggapsvc.LBService, busyCount=0
07-29 16:38:47.669 D/LBService(12854): add o=com.excelliance.kxqp.d$2, busyCount=1
07-29 16:38:47.679 D/MainFragment(11461): handleMessage msg.what:45
07-29 16:38:47.679 V/ChannelManager(11461): initChannelDao
07-29 16:38:47.679 D/MainFragment(11461): handleMessage final msg.what:45, take:0
07-29 16:38:47.679 V/ChannelManager(11461): parseChannels
07-29 16:38:47.679 D/Arm64Utils(11461): checkVersion_64
07-29 16:38:47.689 D/MainFragment(11461): initStreamAdFragment
07-29 16:38:47.689 D/PayUtil (11461): sRid = 
07-29 16:38:47.699 D/MainFragment(11461): handleMessage msg.what:43
07-29 16:38:47.699 D/OppoPackageManager( 1243): filterThirdMarket()---
07-29 16:38:47.699 I/OppoPackageManager( 1243): OppoPackageManagerHelper hasSystemFeature oppo.filtrated.app
07-29 16:38:47.699 D/OppoPackageManager( 1243): getKnownMarketMap()
07-29 16:38:47.699 D/SPAESUtil(11461): v_p_no
07-29 16:38:47.699 D/MainFragment(11461): handleMessage final msg.what:43, take:3
07-29 16:38:47.699 D/OppoPackageManager( 1243): mKnownMarketMap: 
07-29 16:38:47.699 D/OppoPackageManager( 1243): mKnownMarketMap - com.excelliance.dualaid, 1
07-29 16:38:47.699 D/OppoPackageManager( 1243): mKnownMarketMap - com.excean.gspace, 1
07-29 16:38:47.699 D/OppoPackageManager( 1243): mKnownMarketMap - com.estrongs.android.pop, 1
07-29 16:38:47.699 D/OppoPackageManager( 1243): mKnownMarketMap - com.excean.gspace.b64, 1
07-29 16:38:47.699 D/OppoPackageManager( 1243): The MarketName[0] is com.excelliance.dualaid called by Binder.getCallingUid()= 10165
07-29 16:38:47.699 D/OppoPackageManager( 1243): com.excelliance.dualaid is open state.
07-29 16:38:47.699 D/OppoPackageManager( 1243): Filter result: isBlack = false, isWhite = false, isManualOpen = true, isBadMarket = false, isSystem = false, isAddNew = false
07-29 16:38:47.699 E/Reflecting  getMessage(11461): com.excelliance.kxqp.ads.guangdiantongnew.GdtnewFactory 
07-29 16:38:47.699 E/Reflecting   getLocalizedMessage(11461): com.excelliance.kxqp.ads.guangdiantongnew.GdtnewFactory 
07-29 16:38:47.699 D/Reflecting(11461): com.excelliance.kxqp.ads.guangdiantongnew.GdtnewFactory
07-29 16:38:47.699 E/Reflecting  getMessage(11461): com.excelliance.kxqp.ads.guangdiantongnew.GdtnewFactory 
07-29 16:38:47.699 E/Reflecting   getLocalizedMessage(11461): com.excelliance.kxqp.ads.guangdiantongnew.GdtnewFactory 
07-29 16:38:47.699 D/Reflecting(11461): com.excelliance.kxqp.ads.guangdiantongnew.GdtnewFactory
07-29 16:38:47.699 V/InitialData(11461): capitalize:Gdtnew
07-29 16:38:47.699 V/GameUtil(11461): getCurrentVersionByKey : gdtnew	current_gdtnew_version	GdtnewVersion
07-29 16:38:47.709 V/GameUtil(11461): saveVersionToFileByKey  xml_key :gdtnew  result:0
07-29 16:38:47.709 E/Parcel  (11461): Reading a NULL string not supported here.
07-29 16:38:47.719 D/PayUtil (12854): sp is empty
07-29 16:38:47.719 V/GameUtil(11461): getCurrentVersionByKey  gdtnew:0
07-29 16:38:47.719 V/InitialData(11461): capitalize:Gdtnew
07-29 16:38:47.719 D/lyl     (11461): file:gdtnew.jar   pay.jar
07-29 16:38:47.719 E/InitialData(11461): gdtnew.jar not exist
07-29 16:38:47.719 V/InitialData(11461): gdtnewVersion:0    gdtnew_version:0    current_gdtnew_version:0
07-29 16:38:47.719 D/InitialData(11461): current not exits identifing = gdtnew, current_jar_version = 0
07-29 16:38:47.719 V/GameUtil(11461): saveVersionToFileByKey  xml_key :gdtnew  result:0
07-29 16:38:47.719 D/InitialData(11461): identifing = gdtnew, jarPath = /data/data/com.excelliance.dualaid/.platformcache/tmp/gdtnew/gdtnew.jar
07-29 16:38:47.719 V/InitialData(11461): capitalize:Gdtnew
07-29 16:38:47.719 V/GameUtil(11461): getCurrentVersionByKey : gdtnew	current_gdtnew_version	GdtnewVersion
07-29 16:38:47.719 D/PayUtil (12854): 本地不存在文件
07-29 16:38:47.729 V/GameUtil(11461): saveVersionToFileByKey  xml_key :gdtnew  result:0
07-29 16:38:47.729 V/GameUtil(11461): getCurrentVersionByKey  gdtnew:0
07-29 16:38:47.729 V/InitialData(11461): capitalize:Gdtnew
07-29 16:38:47.729 D/InitialData(11461): assets not exists /data/data/com.excelliance.dualaid/.platformcache/tmp/gdtnew/gdtnew.jar
07-29 16:38:47.729 V/MainActivity(11461): load GDT jar success
07-29 16:38:47.729 E/Parcel  (11461): Reading a NULL string not supported here.
07-29 16:38:47.739 D/VersionManager(12854): getAllProviderApps appList.size = 1
07-29 16:38:47.769 D/VersionManager(12854): file exists /storage/emulated/0/.dygameres.apps/game_res/3rd/config/
07-29 16:38:47.779 W/X509TrustManager(11461): checkServerTrusted: SignatureException:null
07-29 16:38:47.779 W/X509TrustManager(11461): checkServerTrusted: SignatureException:error:04067084:rsa routines:RSA_EAY_PUBLIC_DECRYPT:data too large for modulus
07-29 16:38:47.779 D/VersionManager(12854): httpsRequest getURL = https://folder.appota.cn/newofflinead.php?vc=472&vn=4.1.2&chid=10022&subchid=1&imei=860270034674273&imsi=null&lang=zh_CN&uflag=3&uid=10338333&type=20&pkg=com.excelliance.dualaid&api=22&release=5.1.1&abi=armeabi-v7a&abi2=armeabi&abilist=arm64-v8a%2Carmeabi-v7a%2Carmeabi&abilist32=armeabi-v7a%2Carmeabi&abilist64=arm64-v8a&brand=OPPO&manufacturer=OPPO&model=OPPO%20R7sm&product=R7sm&tp=3&feature=1&newuser=1&issl=1
07-29 16:38:47.779 I/System.out(12854): sLuckyMoneyUrl = wx.gtimg.com/hongbao/
07-29 16:38:47.829 D/MainFragment(11461): verName = 4.1.2
07-29 16:38:47.829 D/MainFragment(11461): handleMessage msg.what:10
07-29 16:38:47.829 D/MainFragment(11461): serverVersionCode = 472
07-29 16:38:47.829 W/X509TrustManager(12854): checkServerTrusted: SignatureException:null
07-29 16:38:47.829 D/MainFragment(11461): handleMessage final msg.what:10, take:2
07-29 16:38:47.829 W/X509TrustManager(12854): checkServerTrusted: SignatureException:error:04067084:rsa routines:RSA_EAY_PUBLIC_DECRYPT:data too large for modulus
07-29 16:38:47.879 D/MainFragment(11461): size = 1
07-29 16:38:47.879 D/MainFragment(11461): useViewPositionId = 0
07-29 16:38:47.879 D/MainFragment(11461): childView = android.widget.LinearLayout{22e6d397 V.E..... ......I. 0,0-360,360 #7f0c00ee app:id/root}, chilCount = 1, firstVisiblePosition = 0 , count = 1
07-29 16:38:47.879 D/MainFragment(11461): childView = android.widget.LinearLayout{22e6d397 V.E..... ......I. 0,0-360,360 #7f0c00ee app:id/root}
07-29 16:38:47.879 D/MainFragment(11461): appInfoList = 1
07-29 16:38:47.879 D/MainFragment(11461): appInfoList1 = false
07-29 16:38:47.879 D/MainFragment(11461): bt_add width = 360 , height = 360
07-29 16:38:47.899 D/VersionManager(12854): qdl getURL = https://folder.appota.cn/newofflinead.php?vc=472&vn=4.1.2&chid=10022&subchid=1&imei=860270034674273&imsi=null&lang=zh_CN&uflag=3&uid=10338333&type=20&pkg=com.excelliance.dualaid&api=22&release=5.1.1&abi=armeabi-v7a&abi2=armeabi&abilist=arm64-v8a%2Carmeabi-v7a%2Carmeabi&abilist32=armeabi-v7a%2Carmeabi&abilist64=arm64-v8a&brand=OPPO&manufacturer=OPPO&model=OPPO%20R7sm&product=R7sm&tp=3&feature=1&newuser=1&issl=1
07-29 16:38:47.919 D/VersionManager(12854): queryDlList result:<?xml version="1.0" encoding="utf-8"?><listpack ver="1.0"><gamelist><icon pos = "1" con = "-1"/><glist gid="10286"  gfup="0" gname="[转账]确认" glib="" gpath="http://act.adintl.cn/channel/index?cid=416&amp;appKey=442e4e12153e757d104411d14bde0af9" gsize="0" ppath="https://cdn.multiopen.cn/origicon/3rdicon/iconpath/10286/253397e8c1eae1e6bfcb91c8da114105.gif" ppath1="https://cdn.multiopen.cn/origicon/3rdicon/iconpath/10286/e55525cff80160532cc0799a23a78c43.png" gtype="3" gtime="0" gcid=""  patch="0" omd5="" nmd5="" dmd5="" flag="83" notifytitle="" notifymsg="" tm="own" adt="3" adp="1" getime="" promsg="" proic="" probabity="1000000" /></gamelist></listpack>
07-29 16:38:47.919 D/VersionManager(12854): getPartialDownload file exists /storage/emulated/0/.dygameres.apps/game_res/3rd/downloading/
07-29 16:38:47.939 V/VersionManager(12854): icon:{"con":-1,"pos":1}
07-29 16:38:47.949 V/StatisticsBySpImpl(12854): init   isFirstCheck
07-29 16:38:47.959 E/StatisticsBySpImpl(12854): install new version, old version is 324, net is ok, upload now!
07-29 16:38:47.959 D/StatisticsService(11461): ACTION_UPLOAD com.excelliance.kxqp.action.upload
07-29 16:38:47.969 W/FileUtils(11461): Failed to chmod(/data/data/com.excelliance.dualaid/shared_prefs/statistics.xml): android.system.ErrnoException: chmod failed: ENOENT (No such file or directory)
07-29 16:38:47.969 E/SharedPreferencesImpl(12854): Couldn't rename file /data/data/com.excelliance.dualaid/shared_prefs/statistics.xml to backup file /data/data/com.excelliance.dualaid/shared_prefs/statistics.xml.bak
07-29 16:38:47.969 D/VersionManager(12854): forceUpdate=0
07-29 16:38:47.979 D/VersionManager(12854): queryDlList final result:
07-29 16:38:47.979 D/VersionManager(12854): <?xml version="1.0" encoding="utf-8"?>
07-29 16:38:47.979 D/VersionManager(12854): <gamesinfo>
07-29 16:38:47.979 D/VersionManager(12854): <glist gid="10286"  gfup="0" gname="[转账]确认" glib="" gpath="http://act.adintl.cn/channel/index?cid=416&amp;appKey=442e4e12153e757d104411d14bde0af9" gsize="0" ppath="https://cdn.multiopen.cn/origicon/3rdicon/iconpath/10286/253397e8c1eae1e6bfcb91c8da114105.gif" ppath1="https://cdn.multiopen.cn/origicon/3rdicon/iconpath/10286/e55525cff80160532cc0799a23a78c43.png" gtype="3" gtime="0" gcid=""  patch="0" omd5="" nmd5="" dmd5="" flag="83" notifytitle="" notifymsg="" tm="own" adt="3" adp="1" getime="" promsg="" proic="" probabity="1000000" />
07-29 16:38:47.979 D/VersionManager(12854): <glist gid="-400844759" gver="1321" glvl="1" gfup="0" gname="微信" glib="com.tencent.mm" gpath="" gsize="0" ppath="/storage/emulated/0/.dygameres.apps/game_res/3rd/icon/com.tencent.mm.png" gtype="5" gtime="0" gcid="0" gnet="1" gsid="0" patch="0" omd5="" nmd5="" dmd5="" flag="1" notifytitle="" notifymsg="" dstatus="1" savepath="/data/app/com.tencent.mm-1/base.apk" gprc="0" />
07-29 16:38:47.979 D/VersionManager(12854): </gamesinfo>
07-29 16:38:47.979 D/LBService(12854): add o=com.android.ggapsvc.LBService, busyCount=2
07-29 16:38:47.979 D/LBService(12854): onStartCommand action=com.excelliance.dualaid.action.downloadcomp
07-29 16:38:47.979 D/LBService(12854): add o=com.android.ggapsvc.LBService, busyCount=3
07-29 16:38:47.979 D/LBService(12854): remove o=com.android.ggapsvc.LBService, busyCount=2
07-29 16:38:47.979 D/LBService(12854): remove o=com.android.ggapsvc.LBService, busyCount=1
07-29 16:38:47.979 V/AddGameData(12854): Manufacturer:OPPO
07-29 16:38:47.999 E/Parcel  (12854): Reading a NULL string not supported here.
07-29 16:38:48.149 D/VersionManager(12854): httpsRequest getURL = http://mto.multiopen.cn/recommbwlist.php?sdkver=2009&compver=55302&mainver=231800&vc=472&vn=4.1.2&chid=10022&subchid=1&fv=1&uid=10338333&type=20&pkg=com.excelliance.dualaid&api=22&release=5.1.1&language=zh&country=CN&abi=armeabi-v7a&abi2=armeabi&abilist=arm64-v8a%2Carmeabi-v7a%2Carmeabi&abilist32=armeabi-v7a%2Carmeabi&abilist64=arm64-v8a&brand=OPPO&manufacturer=OPPO&model=OPPO%20R7sm&product=R7sm&issl=0&pl=aW8uYXBwaXVtLnNldHRpbmdzO2NvbS5leGNlYW4uZ3NwYWNlO2NvbS5pZnJlZXRhbGsuZnRhbGs7%0AaW8uYXBwaXVtLnVpYXV0b21hdG9yMi5zZXJ2ZXI7Y29tLnRlbmNlbnQubW07Y29tLm9wcG8uY2Ft%0AZXJhLmRvdWJsZWV4cG9zdXJlO2NvbS5lc3Ryb25ncy5hbmRyb2lkLnBvcDtjb20uZXhjZWFuLmdz%0AcGFjZS5iNjQ7aW8uYXBwaXVtLnVpYXV0b21hdG9yMi5zZXJ2ZXIudGVzdDtjb20ub3Bwby5jYW1l%0AcmEucHJvZmVzc2lvbmFsO2NvbS5vcHBvLm1hcmtldDtjb20uYW5kcm9pZC5lbWFpbDtpby5hcHBp%0AdW0udW5sb2NrO2NvbS5leGNlbGxpYW5jZS5kdWFsYWlk%0A
07-29 16:38:48.199 E/VersionManager(12854): queryAppList urlConn result = <?xml version="1.0" encoding="utf-8"?><infopack><rminfo><nrml pkg="com.tencent.mm"/><nrml pkg="com.tencent.mobileqq"/><nrml pkg="com.ifreetalk.ftalk"/><nrml pkg="com.immomo.momo"/><nrml pkg="com.taobao.taobao"/><nrml pkg="com.eg.android.AlipayGphone"/><nrml pkg="com.tencent.qqlite"/><nrml pkg="com.tencen2.mm"/></rminfo><bwinfo><bwl pl="io.appium.settings;com.excean.gspace;com.ifreetalk.ftalk;io.appium.uiautomator2.server;com.tencent.mm;com.oppo.camera.doubleexposure;com.estrongs.android.pop;com.excean.gspace.b64;io.appium.uiautomator2.server.test;com.oppo.camera.professional;com.oppo.market;com.android.email;io.appium.unlock;com.excelliance.dualaid"/></bwinfo><bbinfo><bbl pl="com.qihoo360.mobilesafe;"/></bbinfo><hotinfo><hotl pgk="" /></hotinfo></infopack>
07-29 16:38:48.199 E/VersionManager(12854): queryAppList response result = <?xml version="1.0" encoding="utf-8"?><infopack><rminfo><nrml pkg="com.tencent.mm"/><nrml pkg="com.tencent.mobileqq"/><nrml pkg="com.ifreetalk.ftalk"/><nrml pkg="com.immomo.momo"/><nrml pkg="com.taobao.taobao"/><nrml pkg="com.eg.android.AlipayGphone"/><nrml pkg="com.tencent.qqlite"/><nrml pkg="com.tencen2.mm"/></rminfo><bwinfo><bwl pl="io.appium.settings;com.excean.gspace;com.ifreetalk.ftalk;io.appium.uiautomator2.server;com.tencent.mm;com.oppo.camera.doubleexposure;com.estrongs.android.pop;com.excean.gspace.b64;io.appium.uiautomator2.server.test;com.oppo.camera.professional;com.oppo.market;com.android.email;io.appium.unlock;com.excelliance.dualaid"/></bwinfo><bbinfo><bbl pl="com.qihoo360.mobilesafe;"/></bbinfo><hotinfo><hotl pgk="" /></hotinfo></infopack>
07-29 16:38:48.209 D/TFA9890_OPPO(  336): tfa9890_SpeakerOff is close
07-29 16:38:48.229 D/audio_hw_primary(  336): disable_audio_route:tfa9890_speakerOff because of no i2s dsp connection
07-29 16:38:48.249 E/Parcel  (12854): Reading a NULL string not supported here.
07-29 16:38:48.359 D/StatisticsToServer(11461): show::::[]
07-29 16:38:48.359 E/StatisticsToServer(11461): url=http://mto.multiopen.cn/adstatis.php?cmd=3&data=eyJ2YyI6MzI0LCJ2biI6IjIuNi4yIiwiY2hpZCI6MTAwMjIsInN1YmNoaWQiOjEsInVpZCI6IjEw%0AMzM4MzMzIiwiZHQiOiJbXSJ9%0A
07-29 16:38:48.359 D/StatisticsToServer(11461): click::::[]
07-29 16:38:48.359 E/StatisticsToServer(11461): url=http://mto.multiopen.cn/adstatis.php?cmd=1&data=eyJ2YyI6MzI0LCJ2biI6IjIuNi4yIiwiY2hpZCI6MTAwMjIsInN1YmNoaWQiOjEsInVpZCI6IjEw%0AMzM4MzMzIiwiZHQiOiJbXSJ9%0A
07-29 16:38:48.359 D/StatisticsToServer(11461): get::::[]
07-29 16:38:48.359 E/StatisticsToServer(11461): url=http://mto.multiopen.cn/adstatis.php?cmd=4&data=eyJ2YyI6MzI0LCJ2biI6IjIuNi4yIiwiY2hpZCI6MTAwMjIsInN1YmNoaWQiOjEsInVpZCI6IjEw%0AMzM4MzMzIiwiZHQiOiJbXSJ9%0A
07-29 16:38:48.359 D/StatisticsToServer(11461): getSuccess::::[]
07-29 16:38:48.359 E/StatisticsToServer(11461): url=http://mto.multiopen.cn/adstatis.php?cmd=5&data=eyJ2YyI6MzI0LCJ2biI6IjIuNi4yIiwiY2hpZCI6MTAwMjIsInN1YmNoaWQiOjEsInVpZCI6IjEw%0AMzM4MzMzIiwiZHQiOiJbXSJ9%0A
07-29 16:38:48.359 D/StatisticsToServer(11461): startCount
07-29 16:38:48.359 D/VersionManager(11461): httpsRequest getURL = http://mto.multiopen.cn/adstatis.php?cmd=3&data=eyJ2YyI6MzI0LCJ2biI6IjIuNi4yIiwiY2hpZCI6MTAwMjIsInN1YmNoaWQiOjEsInVpZCI6IjEw%0AMzM4MzMzIiwiZHQiOiJbXSJ9%0A
07-29 16:38:48.399 D/VersionManager(12854): httpsRequest getURL = http://mto.multiopen.cn/localinstall.php?sdkver=2009&compver=55302&mainver=231800&vc=472&vn=4.1.2&chid=10022&subchid=1&fv=1&increase=1&uid=10338333&type=20&pkg=com.excelliance.dualaid&api=22&release=5.1.1&language=zh&country=CN&abi=armeabi-v7a&abi2=armeabi&abilist=arm64-v8a%2Carmeabi-v7a%2Carmeabi&abilist32=armeabi-v7a%2Carmeabi&abilist64=arm64-v8a&brand=OPPO&manufacturer=OPPO&model=OPPO%20R7sm&product=R7sm&pl=io.appium.settings;com.excean.gspace;com.ifreetalk.ftalk;io.appium.uiautomator2.server;com.tencent.mm;com.oppo.camera.doubleexposure;com.estrongs.android.pop;com.excean.gspace.b64;io.appium.uiautomator2.server.test;com.oppo.camera.professional;com.oppo.market;com.android.email;io.appium.unlock;com.excelliance.dualaid&issl=0
07-29 16:38:48.429 D/VersionManager(12854): AppList OK
07-29 16:38:48.459 I/appium  ( 9879): AppiumResponse: {"sessionId":"dfbf3083-c5d8-4fdf-9522-7a886ccdaa53","status":0,"value":true}
07-29 16:38:48.469 D/VersionManager(11461): httpsRequest getURL = http://mto.multiopen.cn/adstatis.php?cmd=1&data=eyJ2YyI6MzI0LCJ2biI6IjIuNi4yIiwiY2hpZCI6MTAwMjIsInN1YmNoaWQiOjEsInVpZCI6IjEw%0AMzM4MzMzIiwiZHQiOiJbXSJ9%0A
07-29 16:38:48.479 I/appium  ( 9879): channel read invoked!
07-29 16:38:48.479 I/appium  ( 9879): channel read: GET /wd/hub/session/dfbf3083-c5d8-4fdf-9522-7a886ccdaa53/source
07-29 16:38:48.489 D/VersionManager(12854): httpsRequest getURL = http://mto.multiopen.cn/virtualtpkg.php?sdkver=2009&compver=55302&mainver=231800&chid=10022&subchid=1&type=20&pkg=com.excelliance.dualaid&api=22&release=5.1.1&language=zh&country=CN&abi=armeabi-v7a&abi2=armeabi&abilist=arm64-v8a%2Carmeabi-v7a%2Carmeabi&abilist32=armeabi-v7a%2Carmeabi&abilist64=arm64-v8a&brand=OPPO&manufacturer=OPPO&model=OPPO%20R7sm&product=R7sm&issl=1
07-29 16:38:48.519 D/InitialData(12854): iconPath = /storage/emulated/0/.dygameres.apps/game_res/3rd/icon/com.tencent.mm.png
07-29 16:38:48.579 D/VersionManager(12854): httpsRequest getURL = http://mto.multiopen.cn/shareaddr.php?sdkver=2009&compver=55302&mainver=231800&chid=10022&subchid=1&type=20&pkg=com.excelliance.dualaid&api=22&release=5.1.1&language=zh&country=CN&abi=armeabi-v7a&abi2=armeabi&abilist=arm64-v8a%2Carmeabi-v7a%2Carmeabi&abilist32=armeabi-v7a%2Carmeabi&abilist64=arm64-v8a&brand=OPPO&manufacturer=OPPO&model=OPPO%20R7sm&product=R7sm&issl=0
07-29 16:38:48.609 D/NetworkLinkMonitor( 1243): RSSI_PKTCNT_FETCH_SUCCEEDED--dtotal= 36
07-29 16:38:48.629 D/VersionManager(12854): QG = 729015440
07-29 16:38:48.639 D/VersionManager(12854): QGK = 6XoSVhhsUPompOJcvqYtV6Vn1_eiIQyl
07-29 16:38:48.639 D/VersionManager(12854): queryJrttChannels entered
07-29 16:38:48.639 D/VersionManager(11461): httpsRequest getURL = http://mto.multiopen.cn/adstatis.php?cmd=4&data=eyJ2YyI6MzI0LCJ2biI6IjIuNi4yIiwiY2hpZCI6MTAwMjIsInN1YmNoaWQiOjEsInVpZCI6IjEw%0AMzM4MzMzIiwiZHQiOiJbXSJ9%0A
07-29 16:38:48.689 D/VersionManager(12854): superIds = 
07-29 16:38:48.689 V/VersionManager(12854): queryJrttChannels  url>>>http://mto.multiopen.cn/substance_channel.php?sdkver=2009&vc=472&vn=4.1.2&compver=55302&mainver=231800&chid=10022&subchid=1&uid=10338333&type=20&imei=860270034674273&imsi=&pkg=com.excelliance.dualaid&api=22&release=5.1.1&abi=armeabi-v7a&abi2=armeabi&abilist=arm64-v8a%2Carmeabi-v7a%2Carmeabi&abilist32=armeabi-v7a%2Carmeabi&abilist64=arm64-v8a&brand=OPPO&manufacturer=OPPO&model=OPPO%20R7sm&product=R7sm&apl=baidu;wdj&plat=7&issl=0
07-29 16:38:48.689 D/VersionManager(12854): httpsRequest getURL = http://mto.multiopen.cn/substance_channel.php?sdkver=2009&vc=472&vn=4.1.2&compver=55302&mainver=231800&chid=10022&subchid=1&uid=10338333&type=20&imei=860270034674273&imsi=&pkg=com.excelliance.dualaid&api=22&release=5.1.1&abi=armeabi-v7a&abi2=armeabi&abilist=arm64-v8a%2Carmeabi-v7a%2Carmeabi&abilist32=armeabi-v7a%2Carmeabi&abilist64=arm64-v8a&brand=OPPO&manufacturer=OPPO&model=OPPO%20R7sm&product=R7sm&apl=baidu;wdj&plat=7&issl=0
07-29 16:38:48.709 D/VersionManager(12854): result = {"channel":[{"id":"98","link":"","name":"\u63a8\u8350","plat":"2","super":"0"},{"id":"100","link":"","name":"\u65f6\u4e8b","plat":"2","super":"0"},{"id":"107","link":"","name":"\u5a31\u4e50","plat":"2","super":"0"},{"id":"104","link":"","name":"\u8d22\u7ecf","plat":"2","super":"0"},{"id":"1002","link":"","name":"\u793e\u4f1a","plat":"2","super":"0"},{"id":"109","link":"","name":"\u79d1\u6280","plat":"2","super":"0"},{"id":"106","link":"","name":"\u4e16\u754c\u676f","plat":"2","super":"2"}],"switch":[{"flushtime":1,"iconnews":0,"interback":0}],"backTime":0,"streamAdBigImg":10}
07-29 16:38:48.719 D/VersionManager(12854): httpsRequest getURL = http://mto.multiopen.cn/blackList.php
07-29 16:38:48.759 D/VersionManager(11461): httpsRequest getURL = http://mto.multiopen.cn/adstatis.php?cmd=5&data=eyJ2YyI6MzI0LCJ2biI6IjIuNi4yIiwiY2hpZCI6MTAwMjIsInN1YmNoaWQiOjEsInVpZCI6IjEw%0AMzM4MzMzIiwiZHQiOiJbXSJ9%0A
07-29 16:38:48.819 D/VersionManager(12854): httpsRequest getURL = http://mto.multiopen.cn/icon_pull_time.php?sdkver=2009&vc=472&vn=4.1.2&compver=55302&mainver=231800&chid=10022&subchid=1&aid=cd7885452bcb39af&uid=10338333&imei=860270034674273&imsi=&pkg=com.excelliance.dualaid&api=22&release=5.1.1&issl=0
07-29 16:38:48.839 V/VersionManager(12854): queryStatisticsSettings response>>>{"icon_pull_time":"40"}
07-29 16:38:48.859 D/DownloadComponentService(12854): vipTestFirstStartTime = 1532853526182
07-29 16:38:48.859 D/DownloadComponentService(12854): diffTime = 2679
07-29 16:38:48.859 D/VersionManager(12854): queryAdId()
07-29 16:38:48.859 D/VersionManager(12854): ABTestGetId()
07-29 16:38:48.859 D/VersionManager(12854): getFoldStyle=5
07-29 16:38:48.879 D/VersionManager(12854): queryAdId:-----getURL = https://mto.multiopen.cn/baidu_id.php?vc=472&vn=4.1.2&chid=10022&subchid=1&imei=860270034674273&imsi=&pkg=com.excelliance.dualaid&api=22&release=5.1.1&newVer=1&brand=OPPO&manufacturer=OPPO&model=OPPO%20R7sm&product=R7sm&issl=1
07-29 16:38:48.879 D/VersionManager(12854): httpsRequest getURL = https://mto.multiopen.cn/baidu_id.php?vc=472&vn=4.1.2&chid=10022&subchid=1&imei=860270034674273&imsi=&pkg=com.excelliance.dualaid&api=22&release=5.1.1&newVer=1&brand=OPPO&manufacturer=OPPO&model=OPPO%20R7sm&product=R7sm&issl=1
07-29 16:38:48.919 W/X509TrustManager(12854): checkServerTrusted: SignatureException:null
07-29 16:38:48.919 W/X509TrustManager(12854): checkServerTrusted: SignatureException:error:04067084:rsa routines:RSA_EAY_PUBLIC_DECRYPT:data too large for modulus
07-29 16:38:48.959 D/VersionManager(12854): queryAdId result>>>
07-29 16:38:48.969 D/SmtServService(11461): pull info
07-29 16:38:48.969 D/SmtServService(11461): diffTime = 31070
07-29 16:38:48.969 D/DownloadComponentService(12854): action serv pull
07-29 16:38:48.999 I/appium  ( 9879): Skipping invisible child: android.view.accessibility.AccessibilityNodeInfo@8000bba5; boundsInParent: Rect(0, 0 - 1080, 75); boundsInScreen: Rect(0, 0 - 1080, 75); packageName: com.excelliance.dualaid; className: android.view.View; text: null; error: null; maxTextLength: -1; contentDescription: null; viewIdResName: com.excelliance.dualaid:id/custom_status_bar; checkable: false; checked: false; focusable: false; focused: false; selected: false; clickable: false; longClickable: false; enabled: true; password: false; scrollable: false; actions: [AccessibilityAction: ACTION_SELECT - null, AccessibilityAction: ACTION_CLEAR_SELECTION - null, AccessibilityAction: ACTION_ACCESSIBILITY_FOCUS - null]
07-29 16:38:49.009 I/appium  ( 9879): Skipping invisible child: android.view.accessibility.AccessibilityNodeInfo@80010a7a; boundsInParent: Rect(0, 0 - 1080, 0); boundsInScreen: Rect(0, 1369 - 1080, 1369); packageName: com.excelliance.dualaid; className: android.widget.LinearLayout; text: null; error: null; maxTextLength: -1; contentDescription: null; viewIdResName: com.excelliance.dualaid:id/layout_container; checkable: false; checked: false; focusable: false; focused: false; selected: false; clickable: false; longClickable: false; enabled: true; password: false; scrollable: false; actions: [AccessibilityAction: ACTION_SELECT - null, AccessibilityAction: ACTION_CLEAR_SELECTION - null, AccessibilityAction: ACTION_ACCESSIBILITY_FOCUS - null]
07-29 16:38:49.009 I/appium  ( 9879): Skipping invisible child: android.view.accessibility.AccessibilityNodeInfo@8000f7b5; boundsInParent: Rect(0, 0 - 1080, 0); boundsInScreen: Rect(0, 1369 - 1080, 1369); packageName: com.excelliance.dualaid; className: android.widget.FrameLayout; text: null; error: null; maxTextLength: -1; contentDescription: null; viewIdResName: com.excelliance.dualaid:id/fl_off_standard_position; checkable: false; checked: false; focusable: false; focused: false; selected: false; clickable: false; longClickable: false; enabled: true; password: false; scrollable: false; actions: [AccessibilityAction: ACTION_SELECT - null, AccessibilityAction: ACTION_CLEAR_SELECTION - null, AccessibilityAction: ACTION_ACCESSIBILITY_FOCUS - null]
07-29 16:38:49.009 I/appium  ( 9879): Skipping invisible child: android.view.accessibility.AccessibilityNodeInfo@8000e8b1; boundsInParent: Rect(0, 0 - 1080, 0); boundsInScreen: Rect(0, 1800 - 1080, 1800); packageName: com.excelliance.dualaid; className: android.widget.FrameLayout; text: null; error: null; maxTextLength: -1; contentDescription: null; viewIdResName: com.excelliance.dualaid:id/fl_stream_new; checkable: false; checked: false; focusable: false; focused: false; selected: false; clickable: false; longClickable: false; enabled: true; password: false; scrollable: false; actions: [AccessibilityAction: ACTION_SELECT - null, AccessibilityAction: ACTION_CLEAR_SELECTION - null, AccessibilityAction: ACTION_ACCESSIBILITY_FOCUS - null]
07-29 16:38:49.019 I/appium  ( 9879): Skipping invisible child: android.view.accessibility.AccessibilityNodeInfo@8000c327; boundsInParent: Rect(0, 0 - 1080, 0); boundsInScreen: Rect(0, 243 - 1080, 243); packageName: com.excelliance.dualaid; className: android.view.View; text: null; error: null; maxTextLength: -1; contentDescription: null; viewIdResName: com.excelliance.dualaid:id/view_bottom; checkable: false; checked: false; focusable: false; focused: false; selected: false; clickable: false; longClickable: false; enabled: true; password: false; scrollable: false; actions: [AccessibilityAction: ACTION_SELECT - null, AccessibilityAction: ACTION_CLEAR_SELECTION - null, AccessibilityAction: ACTION_ACCESSIBILITY_FOCUS - null]
07-29 16:38:49.019 I/appium  ( 9879): Fetch time: 23ms
07-29 16:38:49.029 D/VersionManager(12854): queryShowOneKeyLoginConfig: 
07-29 16:38:49.059 V/DownloadComponentService(12854): -------------detail>>>GameDetail [gameId=10286, gameLib=, gameName=[转账]确认, url=http://act.adintl.cn/channel/index?cid=416&appKey=442e4e12153e757d104411d14bde0af9, gameType=3, nettype=0, savePath=/storage/emulated/0/.dygameres.apps/game_res/3rd/jar/.jar.dload, size=0, version=0, level=1, forceUpdate=0, icon=https://cdn.multiopen.cn/origicon/3rdicon/iconpath/10286/253397e8c1eae1e6bfcb91c8da114105.gif, cid=3, cfgPath=/storage/emulated/0/.dygameres.apps/game_res/3rd/downloading/.cfg, downloadType=0, patch=false, omd5=, nmd5=, dmd5=, autodl=true, notifyTitle=, notifyMsg=, flag=83, downloadStatus=0, sid=10286, gameTime=0, appProvider=null, sortLetters=, isAd=false, uid = 0]
07-29 16:38:49.059 D/DownloadComponentService(12854): settingAuto1: true
07-29 16:38:49.059 D/DownloadComponentService(12854): download pending detail.gameId10286 nonAutoDownload:true
07-29 16:38:49.069 D/DownloadComponentService(12854): check update checkPeriod = false, canUpdate = true
07-29 16:38:49.069 D/DownloadComponentService(12854): check update canUpdate
07-29 16:38:49.069 D/LBService(12854): add o=com.android.ggapsvc.LBService, busyCount=2
07-29 16:38:49.069 D/LBService(12854): onStartCommand action=com.excelliance.dualaid.action.downloadcomp
07-29 16:38:49.069 D/LBService(12854): add o=com.android.ggapsvc.LBService, busyCount=3
07-29 16:38:49.069 D/LBService(12854): remove o=com.android.ggapsvc.LBService, busyCount=2
07-29 16:38:49.069 I/appium  ( 9879): AppiumResponse: {"sessionId":"dfbf3083-c5d8-4fdf-9522-7a886ccdaa53","status":0,"value":"<?xml version=\"1.0\" encoding=\"UTF-8\"?><hierarchy rotation=\"0\"><android.widget.FrameLayout index=\"0\" text=\"\" class=\"android.widget.FrameLayout\" package=\"com.excelliance.dualaid\" content-desc=\"\" checkable=\"false\" checked=\"false\" clickable=\"false\" enabled=\"true\" focusable=\"false\" focused=\"false\" scrollable=\"false\" long-clickable=\"false\" password=\"false\" selected=\"false\" bounds=\"[0,0][1080,1800]\" resource-id=\"\" instance=\"0\"><android.widget.LinearLayout index=\"0\" text=\"\" class=\"android.widget.LinearLayout\" package=\"com.excelliance.dualaid\" content-desc=\"\" checkable=\"false\" checked=\"false\" clickable=\"false\" enabled=\"true\" focusable=\"false\" focused=\"false\" scrollable=\"false\" long-clickable=\"false\" password=\"false\" selected=\"false\" bounds=\"[0,0][1080,1800]\" resource-id=\"\" instance=\"0\"><android.widget.FrameLayout index=\"0\" text=\"\" class=\"android.widget.FrameLayout\" package=\"com.excelliance.dualaid\" content-desc=\"\" checkable=\"false\" checked=\"false\" clickable=\"false\" enabled=\"true\" focusable=\"false\" focused=\"false\" scrollable=\"false\" long-clickable=\"false\" password=\"false\" selected=\"false\" bounds=\"[0,0][1080,1800]\" resource-id=\"android:id\/content\" instance=\"1\"><android.widget.FrameLayout index=\"0\" text=\"\" class=\"android.widget.FrameLayout\" package=\"com.excelliance.dualaid\" content-desc=\"\" checkable=\"false\" checked=\"false\" clickable=\"false\" enabled=\"true\" focusable=\"false\" focused=\"false\" scrollable=\"false\" long-clickable=\"false\" password=\"false\" selected=\"false\" bounds=\"[0,0][1080,1800]\" resource-id=\"com.excelliance.dualaid:id\/mainactivity\" instance=\"2\"><android.widget.FrameLayout index=\"0\" text=\"\" class=\"android.widget.FrameLayout\" package=\"com.excelliance.dualaid\" content-desc=\"\" checkable=\"false\" checked=\"false\" clickable=\"false\" enabled=\"true\" focusable=\"false\" focused=\"false\" scrollable=\"false\" long-clickable=\"false\" password=\"false\" selected=\"false\" bounds=\"[0,0][1080,1800]\" resource-id=\"\" instance=\"3\"><android.widget.RelativeLayout index=\"0\" text=\"\" class=\"android.widget.RelativeLayout\" package=\"com.excelliance.dualaid\" content-desc=\"\" checkable=\"false\" checked=\"false\" clickable=\"true\" enabled=\"true\" focusable=\"false\" focused=\"false\" scrollable=\"false\" long-clickable=\"false\" password=\"false\" selected=\"false\" bounds=\"[0,0][1080,1800]\" resource-id=\"com.excelliance.dualaid:id\/full_layout\" instance=\"0\"><android.widget.FrameLayout index=\"1\" text=\"\" class=\"android.widget.FrameLayout\" package=\"com.excelliance.dualaid\" content-desc=\"\" checkable=\"false\" checked=\"false\" clickable=\"true\" enabled=\"true\" focusable=\"false\" focused=\"false\" scrollable=\"false\" long-clickable=\"false\" password=\"false\" selected=\"false\" bounds=\"[0,75][1080,1800]\" resource-id=\"com.excelliance.dualaid:id\/rl_guide\" instance=\"4\"><android.widget.RelativeLayout index=\"0\" text=\"\" class=\"android.widget.RelativeLayout\" package=\"com.excelliance.dualaid\" content-desc=\"\" checkable=\"false\" checked=\"false\" clickable=\"false\" enabled=\"true\" focusable=\"false\" focused=\"false\" scrollable=\"false\" long-clickable=\"false\" password=\"false\" selected=\"false\" bounds=\"[0,75][1080,1800]\" resource-id=\"com.excelliance.dualaid:id\/rl_content\" instance=\"1\"><android.widget.TextView index=\"0\" text=\"点击登录第二个账号\" class=\"android.widget.TextView\" package=\"com.excelliance.dualaid\" content-desc=\"\" checkable=\"false\" checked=\"false\" clickable=\"false\" enabled=\"true\" focusable=\"false\" focused=\"false\" scrollable=\"false\" long-clickable=\"false\" password=\"false\" selected=\"false\" bounds=\"[0,1324][513,1507]\" resource-id=\"com.excelliance.dualaid:id\/tv_app_add\" instance=\"0\"\/><\/android.widget.RelativeLayout><android.widget.FrameLayout index=\"1\" text=\"
07-29 16:38:49.069 D/DownloadComponentService(12854): gameId:10286 check:false gameLib: url:http://act.adintl.cn/channel/index?cid=416&appKey=442e4e12153e757d104411d14bde0af9 gameType:3  savePath:/storage/emulated/0/.dygameres.apps/game_res/3rd/jar/.jar.dload dmd5: autodl:false downloadGame:false alarmCheck:false owenShortcutfalse
07-29 16:38:49.069 D/DownloadComponentService(12854): startAlarm
07-29 16:38:49.079 W/AlarmManager( 1243): Suspiciously short interval 20000 millis; expanding to 60 seconds
07-29 16:38:49.079 D/DownloadComponentService(12854): put into downloadMap 10286
07-29 16:38:49.079 D/LBService(12854): remove o=com.android.ggapsvc.LBService, busyCount=1
07-29 16:38:49.079 D/LBService(12854): add o=com.excelliance.kxqp.d$1, busyCount=2
07-29 16:38:49.079 E/DownloadComponentService(12854): try download  (1)
07-29 16:38:49.079 D/PayUtil (12854): sp is empty
07-29 16:38:49.079 D/DownloadComponentService(12854): download  iconUrl = https://cdn.multiopen.cn/origicon/3rdicon/iconpath/10286/253397e8c1eae1e6bfcb91c8da114105.gif, iconPath = null
07-29 16:38:49.079 D/DownloadComponentService(12854): download  iconUrl = https://cdn.multiopen.cn/origicon/3rdicon/iconpath/10286/253397e8c1eae1e6bfcb91c8da114105.gif, iconSavePath = /storage/emulated/0/.dygameres.apps/game_res/3rd/icon/253397e8c1eae1e6bfcb91c8da114105.gif
07-29 16:38:49.089 D/PayUtil (12854): 本地不存在文件
07-29 16:38:49.089 D/VersionManager(12854): feng:query entered
07-29 16:38:49.099 D/VersionManager(12854): onSuccess: respone:{"code":1,"message":"success","data":{"switch":1},"service":"onekeyswitch"}
07-29 16:38:49.109 I/appium  ( 9879): channel read invoked!
07-29 16:38:49.109 I/appium  ( 9879): channel read: GET /wd/hub/session/dfbf3083-c5d8-4fdf-9522-7a886ccdaa53/source
07-29 16:38:49.119 D/VersionManager(12854): chid=10022subchid=1
07-29 16:38:49.119 D/VersionManager(12854): getFoldStyle=5
07-29 16:38:49.139 D/VersionManager(12854): httpsRequest getURL = https://mto.multiopen.cn/nadcontrollernew.php?sdkver=2009&vc=472&vn=4.1.2&compver=55302&mainver=231800&chid=10022&subchid=1&uid=10338333&type=20&imei=860270034674273&imsi=&pkg=com.excelliance.dualaid&api=22&release=5.1.1&abi=armeabi-v7a&abi2=armeabi&abilist=arm64-v8a%2Carmeabi-v7a%2Carmeabi&abilist32=armeabi-v7a%2Carmeabi&abilist64=arm64-v8a&brand=OPPO&manufacturer=OPPO&model=OPPO%20R7sm&product=R7sm&apl=baidu;wdj&issl=1
07-29 16:38:49.169 W/X509TrustManager(12854): checkServerTrusted: SignatureException:null
