06-24 15:31:02.230 I/appium  (29532): AppiumResponse: {"sessionId":"2d604340-25b7-4bc5-874b-09ac3bd169d8","status":0,"value":"<?xml version=\"1.0\" encoding=\"UTF-8\"?><hierarchy rotation=\"0\"><android.widget.FrameLayout index=\"0\" text=\"\" class=\"android.widget.FrameLayout\" package=\"com.excelliance.dualaid\" content-desc=\"\" checkable=\"false\" checked=\"false\" clickable=\"false\" enabled=\"true\" focusable=\"false\" focused=\"false\" scrollable=\"false\" long-clickable=\"false\" password=\"false\" selected=\"false\" bounds=\"[0,0][1080,1920]\" resource-id=\"\" instance=\"0\"><android.widget.LinearLayout index=\"0\" text=\"\" class=\"android.widget.LinearLayout\" package=\"com.excelliance.dualaid\" content-desc=\"\" checkable=\"false\" checked=\"false\" clickable=\"false\" enabled=\"true\" focusable=\"false\" focused=\"false\" scrollable=\"false\" long-clickable=\"false\" password=\"false\" selected=\"false\" bounds=\"[0,0][1080,1920]\" resource-id=\"\" instance=\"0\"><android.widget.FrameLayout index=\"0\" text=\"\" class=\"android.widget.FrameLayout\" package=\"com.excelliance.dualaid\" content-desc=\"\" checkable=\"false\" checked=\"false\" clickable=\"false\" enabled=\"true\" focusable=\"false\" focused=\"false\" scrollable=\"false\" long-clickable=\"false\" password=\"false\" selected=\"false\" bounds=\"[0,72][1080,1920]\" resource-id=\"android:id\/content\" instance=\"1\"><android.widget.LinearLayout index=\"0\" text=\"\" class=\"android.widget.LinearLayout\" package=\"com.excelliance.dualaid\" content-desc=\"\" checkable=\"false\" checked=\"false\" clickable=\"false\" enabled=\"true\" focusable=\"false\" focused=\"false\" scrollable=\"false\" long-clickable=\"false\" password=\"false\" selected=\"false\" bounds=\"[0,72][1080,1920]\" resource-id=\"\" instance=\"1\"><android.widget.RelativeLayout index=\"0\" text=\"\" class=\"android.widget.RelativeLayout\" package=\"com.excelliance.dualaid\" content-desc=\"\" checkable=\"false\" checked=\"false\" clickable=\"false\" enabled=\"true\" focusable=\"false\" focused=\"false\" scrollable=\"false\" long-clickable=\"false\" password=\"false\" selected=\"false\" bounds=\"[0,72][1080,240]\" resource-id=\"com.excelliance.dualaid:id\/top\" instance=\"0\"><android.widget.TextView index=\"0\" text=\"登录\/注册\" class=\"android.widget.TextView\" package=\"com.excelliance.dualaid\" content-desc=\"\" checkable=\"false\" checked=\"false\" clickable=\"true\" enabled=\"true\" focusable=\"true\" focused=\"false\" scrollable=\"false\" long-clickable=\"false\" password=\"false\" selected=\"false\" bounds=\"[36,111][221,201]\" resource-id=\"com.excelliance.dualaid:id\/tv_login_in\" instance=\"0\"\/><android.widget.TextView index=\"1\" text=\"双开助手\" class=\"android.widget.TextView\" package=\"com.excelliance.dualaid\" content-desc=\"\" checkable=\"false\" checked=\"false\" clickable=\"false\" enabled=\"true\" focusable=\"false\" focused=\"false\" scrollable=\"false\" long-clickable=\"false\" password=\"false\" selected=\"false\" bounds=\"[420,115][660,196]\" resource-id=\"com.excelliance.dualaid:id\/first_tv_back\" instance=\"1\"\/><android.widget.TextView index=\"2\" text=\"跳过\" class=\"android.widget.TextView\" package=\"com.excelliance.dualaid\" content-desc=\"\" checkable=\"false\" checked=\"false\" clickable=\"true\" enabled=\"true\" focusable=\"true\" focused=\"false\" scrollable=\"false\" long-clickable=\"false\" password=\"false\" selected=\"false\" bounds=\"[960,111][1044,201]\" resource-id=\"com.excelliance.dualaid:id\/jump_to\" instance=\"2\"\/><\/android.widget.RelativeLayout><android.widget.RelativeLayout index=\"1\" text=\"\" class=\"android.widget.RelativeLayout\" package=\"com.excelliance.dualaid\" content-desc=\"\" checkable=\"false\" checked=\"false\" clickable=\"false\" enabled=\"true\" focusable=\"false\" focused=\"false\" scrollable=\"false\" long-clickable=\"false\" password=\"false\" selected=\"false\" bounds=\"[0,240][1080,454]\" resource-id=\"com.excelliance.dualaid:id\/rl_note\" instance=\"1\"><android.widget.ImageView index=\"0\" text=\"\"
06-24 15:31:02.234 E/asset   ( 1145): createFromFile(): lock file /data/resource-cache/system@emui@base@overlay@frameworkhwexthonor@frameworkhwexthonor.apk@idmap.
06-24 15:31:02.234 E/asset   ( 1145): createFromFile(): lock file /data/resource-cache/system@emui@base@overlay@frameworkhwexthonor@frameworkhwexthonor.apk@idmap.
06-24 15:31:02.235 W/ResourceType( 1145): Found multiple library tables, ignoring...
06-24 15:31:02.271 I/appium  (29532): channel read invoked!
06-24 15:31:02.271 I/appium  (29532): channel read: GET /wd/hub/session/2d604340-25b7-4bc5-874b-09ac3bd169d8/source
06-24 15:31:02.273 D/HwWifiStatStore(  657): handleMessage : 200
06-24 15:31:02.296 W/HSM     ( 1813): HoldService:toast switch is close!
06-24 15:31:02.297 D/ApplicationPackageManager( 1145): queryIntentActivitiesAsUser blocked, Intent { act=android.intent.action.MAIN cat=[android.intent.category.LAUNCHER] pkg=com.excean.parallelspace }
06-24 15:31:02.297 D/HsmInterfaceImpl( 1145): List [ResolveInfo{b3ff472 com.excean.parallelspace/com.excelliance.kxqp.ui.HelloActivity m=0x108000}]
06-24 15:31:02.310 I/appium  (29532): Skipping invisible child: android.view.accessibility.AccessibilityNodeInfo@12980; boundsInParent: Rect(0, 0 - 1080, 186); boundsInScreen: Rect(0, 1920 - 1080, 1920); packageName: com.excelliance.dualaid; className: android.view.View; text: null; error: null; maxTextLength: -1; contentDescription: null; viewIdResName: com.excelliance.dualaid:id/first_start_ok_after; checkable: false; checked: false; focusable: false; focused: false; selected: false; clickable: false; longClickable: false; contextClickable: false; enabled: true; password: false; scrollable: false; importantForAccessibility: false; actions: [AccessibilityAction: ACTION_SELECT - null, AccessibilityAction: ACTION_CLEAR_SELECTION - null, AccessibilityAction: ACTION_ACCESSIBILITY_FOCUS - null, AccessibilityAction: ACTION_SHOW_ON_SCREEN - null]
06-24 15:31:02.311 I/appium  (29532): Skipping invisible child: android.view.accessibility.AccessibilityNodeInfo@13102; boundsInParent: Rect(0, 0 - 1080, 72); boundsInScreen: Rect(0, 0 - 1080, 72); packageName: com.excelliance.dualaid; className: android.view.View; text: null; error: null; maxTextLength: -1; contentDescription: null; viewIdResName: null; checkable: false; checked: false; focusable: false; focused: false; selected: false; clickable: false; longClickable: false; contextClickable: false; enabled: true; password: false; scrollable: false; importantForAccessibility: false; actions: [AccessibilityAction: ACTION_SELECT - null, AccessibilityAction: ACTION_CLEAR_SELECTION - null, AccessibilityAction: ACTION_ACCESSIBILITY_FOCUS - null, AccessibilityAction: ACTION_SHOW_ON_SCREEN - null]
06-24 15:31:02.311 I/appium  (29532): Fetch time: 27ms
06-24 15:31:02.346 D/PMS1000 (  657): package:com.excelliance.dualaid, input flags:8192, output hwFlags:0
06-24 15:31:02.348 W/HSM     ( 1813): HoldService:toast switch is close!
06-24 15:31:02.349 D/ApplicationPackageManager( 1145): queryIntentActivitiesAsUser blocked, Intent { act=android.intent.action.MAIN cat=[android.intent.category.LAUNCHER] pkg=com.UCMobile }
06-24 15:31:02.349 D/HsmInterfaceImpl( 1145): List [ResolveInfo{e47ed40 com.UCMobile/.main.UCMobile m=0x108000}]
06-24 15:31:02.351 I/appium  (29532): AppiumResponse: {"sessionId":"2d604340-25b7-4bc5-874b-09ac3bd169d8","status":0,"value":"<?xml version=\"1.0\" encoding=\"UTF-8\"?><hierarchy rotation=\"0\"><android.widget.FrameLayout index=\"0\" text=\"\" class=\"android.widget.FrameLayout\" package=\"com.excelliance.dualaid\" content-desc=\"\" checkable=\"false\" checked=\"false\" clickable=\"false\" enabled=\"true\" focusable=\"false\" focused=\"false\" scrollable=\"false\" long-clickable=\"false\" password=\"false\" selected=\"false\" bounds=\"[0,0][1080,1920]\" resource-id=\"\" instance=\"0\"><android.widget.LinearLayout index=\"0\" text=\"\" class=\"android.widget.LinearLayout\" package=\"com.excelliance.dualaid\" content-desc=\"\" checkable=\"false\" checked=\"false\" clickable=\"false\" enabled=\"true\" focusable=\"false\" focused=\"false\" scrollable=\"false\" long-clickable=\"false\" password=\"false\" selected=\"false\" bounds=\"[0,0][1080,1920]\" resource-id=\"\" instance=\"0\"><android.widget.FrameLayout index=\"0\" text=\"\" class=\"android.widget.FrameLayout\" package=\"com.excelliance.dualaid\" content-desc=\"\" checkable=\"false\" checked=\"false\" clickable=\"false\" enabled=\"true\" focusable=\"false\" focused=\"false\" scrollable=\"false\" long-clickable=\"false\" password=\"false\" selected=\"false\" bounds=\"[0,72][1080,1920]\" resource-id=\"android:id\/content\" instance=\"1\"><android.widget.LinearLayout index=\"0\" text=\"\" class=\"android.widget.LinearLayout\" package=\"com.excelliance.dualaid\" content-desc=\"\" checkable=\"false\" checked=\"false\" clickable=\"false\" enabled=\"true\" focusable=\"false\" focused=\"false\" scrollable=\"false\" long-clickable=\"false\" password=\"false\" selected=\"false\" bounds=\"[0,72][1080,1920]\" resource-id=\"\" instance=\"1\"><android.widget.RelativeLayout index=\"0\" text=\"\" class=\"android.widget.RelativeLayout\" package=\"com.excelliance.dualaid\" content-desc=\"\" checkable=\"false\" checked=\"false\" clickable=\"false\" enabled=\"true\" focusable=\"false\" focused=\"false\" scrollable=\"false\" long-clickable=\"false\" password=\"false\" selected=\"false\" bounds=\"[0,72][1080,240]\" resource-id=\"com.excelliance.dualaid:id\/top\" instance=\"0\"><android.widget.TextView index=\"0\" text=\"登录\/注册\" class=\"android.widget.TextView\" package=\"com.excelliance.dualaid\" content-desc=\"\" checkable=\"false\" checked=\"false\" clickable=\"true\" enabled=\"true\" focusable=\"true\" focused=\"false\" scrollable=\"false\" long-clickable=\"false\" password=\"false\" selected=\"false\" bounds=\"[36,111][221,201]\" resource-id=\"com.excelliance.dualaid:id\/tv_login_in\" instance=\"0\"\/><android.widget.TextView index=\"1\" text=\"双开助手\" class=\"android.widget.TextView\" package=\"com.excelliance.dualaid\" content-desc=\"\" checkable=\"false\" checked=\"false\" clickable=\"false\" enabled=\"true\" focusable=\"false\" focused=\"false\" scrollable=\"false\" long-clickable=\"false\" password=\"false\" selected=\"false\" bounds=\"[420,115][660,196]\" resource-id=\"com.excelliance.dualaid:id\/first_tv_back\" instance=\"1\"\/><android.widget.TextView index=\"2\" text=\"跳过\" class=\"android.widget.TextView\" package=\"com.excelliance.dualaid\" content-desc=\"\" checkable=\"false\" checked=\"false\" clickable=\"true\" enabled=\"true\" focusable=\"true\" focused=\"false\" scrollable=\"false\" long-clickable=\"false\" password=\"false\" selected=\"false\" bounds=\"[960,111][1044,201]\" resource-id=\"com.excelliance.dualaid:id\/jump_to\" instance=\"2\"\/><\/android.widget.RelativeLayout><android.widget.RelativeLayout index=\"1\" text=\"\" class=\"android.widget.RelativeLayout\" package=\"com.excelliance.dualaid\" content-desc=\"\" checkable=\"false\" checked=\"false\" clickable=\"false\" enabled=\"true\" focusable=\"false\" focused=\"false\" scrollable=\"false\" long-clickable=\"false\" password=\"false\" selected=\"false\" bounds=\"[0,240][1080,454]\" resource-id=\"com.excelliance.dualaid:id\/rl_note\" instance=\"1\"><android.widget.ImageView index=\"0\" text=\"\"
06-24 15:31:02.399 I/appium  (29532): channel read invoked!
06-24 15:31:02.399 I/appium  (29532): channel read: POST /wd/hub/session/2d604340-25b7-4bc5-874b-09ac3bd169d8/element/736c5a9d-a3df-448c-a00c-21767c43e348/click
06-24 15:31:02.400 D/appium  (29532): payload: {"element":"736c5a9d-a3df-448c-a00c-21767c43e348"}
06-24 15:31:02.401 I/appium  (29532): Click element command
06-24 15:31:02.412 D/FingerprintActionsListener(  657): touchDownIsValid MotionEvent.ACTION_DOWN 
06-24 15:31:02.413 D/FingerprintActionsListener(  657): touchDownIsValidLazyMode = false  touchDownIsValidHiBoard = false
06-24 15:31:02.417 D/PMS1000 (  657): package:com.excelliance.dualaid, input flags:8192, output hwFlags:0
06-24 15:31:02.418 V/AudioManager( 1145): playSoundEffect   effectType: 0
06-24 15:31:02.419 W/HSM     ( 1813): HoldService:toast switch is close!
06-24 15:31:02.420 D/ApplicationPackageManager( 1145): queryIntentActivitiesAsUser blocked, Intent { act=android.intent.action.MAIN cat=[android.intent.category.LAUNCHER] pkg=com.bbk.appstore }
06-24 15:31:02.420 D/HsmInterfaceImpl( 1145): List [ResolveInfo{a59e61f com.bbk.appstore/.ui.AppStore m=0x108000}]
06-24 15:31:02.420 I/appium  (29532): AppiumResponse: {"sessionId":"2d604340-25b7-4bc5-874b-09ac3bd169d8","status":0,"value":true}
06-24 15:31:02.441 D/HwRTBlurUtils( 1145): check blur style for HwPhoneWindow-, themeResId : 0x7f0e0017, context : android.view.ContextThemeWrapper@c1a5e22, Nhwext : 0, get Blur : disable with , null
06-24 15:31:02.442 D/HwRTBlurUtils( 1145): check blur style for HwPhoneWindow-, themeResId : 0x7f0e0017, context : android.view.ContextThemeWrapper@c1a5e22, Nhwext : 0, get Blur : disable with , null
06-24 15:31:02.446 D/OpenGLRenderer( 1145):   HWUI Binary is  enabled
06-24 15:31:02.449 V/WindowManager(  657): Adding Window{9b87a7 u0 com.excelliance.dualaid/com.excelliance.kxqp.ui.HelloActivity} to AppWindowToken{f840e78 token=Token{99183db ActivityRecord{a2db4ea u0 com.excelliance.dualaid/com.excelliance.kxqp.ui.HelloActivity t16013}}}
06-24 15:31:02.453 V/WindowManager(  657): addWindow: New client android.os.BinderProxy@9097866: window=Window{9b87a7 u0 com.excelliance.dualaid/com.excelliance.kxqp.ui.HelloActivity} Callers=com.android.server.wm.HwWindowManagerService.addWindow:562 com.android.server.wm.Session.addToDisplay:199 android.view.IWindowSession$Stub.onTransact:124 com.android.server.wm.Session.onTransact:161 android.os.Binder.execTransact:675 
06-24 15:31:02.466 D/PMS1000 (  657): package:com.excelliance.dualaid, input flags:8192, output hwFlags:0
06-24 15:31:02.457 D/OpenGLRenderer( 1145):   HWUI Binary is  enabled
06-24 15:31:02.467 I/appium  (29532): channel read invoked!
06-24 15:31:02.467 I/appium  (29532): channel read: GET /wd/hub/session/2d604340-25b7-4bc5-874b-09ac3bd169d8/source
06-24 15:31:02.468 W/HSM     ( 1813): HoldService:toast switch is close!
06-24 15:31:02.470 D/ApplicationPackageManager( 1145): queryIntentActivitiesAsUser blocked, Intent { act=android.intent.action.MAIN cat=[android.intent.category.LAUNCHER] pkg=com.excean.ppaid }
06-24 15:31:02.470 D/HsmInterfaceImpl( 1145): List [ResolveInfo{963ade9 com.excean.ppaid/com.excelliance.kxqp.ui.HelloActivity m=0x108000}]
06-24 15:31:02.478 D/SurfaceFlinger(  710): duplicate layer name: changing com.excelliance.dualaid/com.excelliance.kxqp.ui.HelloActivity to com.excelliance.dualaid/com.excelliance.kxqp.ui.HelloActivity#1
06-24 15:31:02.494 I/GRALLOC (  679): 	 shrFd=10,fmt=0x1,intFmt=0x1,btStrd=1024,size=212992,pid=679 
06-24 15:31:02.494 I/GRALLOC (  679): 	 yuv=2,w=246,h=205,Stride u=0 v=0,offset u=0 v=0 
06-24 15:31:02.494 I/GRALLOC (  679): 	 iova_size=212992,conUsg=0x900,proUsg=0x900,	 strd=256,[afbc]HdrStrd=0 PyldStrd=0 Scrmbl=0,ionhnd = 1 
06-24 15:31:02.495 D/HelloActivity( 1145): startMain>>>3
06-24 15:31:02.499 I/GRALLOC (  679): 	 shrFd=10,fmt=0x1,intFmt=0x1,btStrd=1024,size=212992,pid=679 
06-24 15:31:02.499 I/GRALLOC (  679): 	 yuv=2,w=246,h=205,Stride u=0 v=0,offset u=0 v=0 
06-24 15:31:02.499 I/GRALLOC (  679): 	 iova_size=212992,conUsg=0x900,proUsg=0x900,	 strd=256,[afbc]HdrStrd=0 PyldStrd=0 Scrmbl=0,ionhnd = 1 
06-24 15:31:02.501 I/ActivityManager(  657): START u0 {flg=0x10000000 cmp=com.excelliance.dualaid/com.excelliance.kxqp.ui.MainActivity (has extras)} from uid 11422
06-24 15:31:02.502 I/ActivityManager(  657): ActivityRecord info: ActivityInfo{cd7583e com.excelliance.kxqp.ui.MainActivity}
06-24 15:31:02.502 I/GRALLOC (  679): 	 shrFd=10,fmt=0x1,intFmt=0x1,btStrd=1024,size=212992,pid=679 
06-24 15:31:02.502 I/GRALLOC (  679): 	 yuv=2,w=246,h=205,Stride u=0 v=0,offset u=0 v=0 
06-24 15:31:02.502 I/GRALLOC (  679): 	 iova_size=212992,conUsg=0x900,proUsg=0x900,	 strd=256,[afbc]HdrStrd=0 PyldStrd=0 Scrmbl=0,ionhnd = 1 
06-24 15:31:02.504 D/mali_winsys( 1145): EGLint new_window_surface(egl_winsys_display *, void *, EGLSurface, EGLConfig, egl_winsys_surface **, egl_color_buffer_format *, EGLBoolean) returns 0x3000
06-24 15:31:02.509 V/WindowManager(  657): addAppToken: AppWindowToken{8eef743 token=Token{924b4f2 ActivityRecord{8ef2ffd u0 com.excelliance.dualaid/com.excelliance.kxqp.ui.MainActivity t16013}}} controller={TaskWindowContainerController taskId=16013} at 2147483647
06-24 15:31:02.512 I/PGServer( 1699): android calls fast hibernateApps
06-24 15:31:02.512 I/AppFastHibernation( 1699): fast hibernate duration: 1500 reason: start activity
06-24 15:31:02.512 I/Pged-IPgedBinderService(  769): ****action is 1, pid num is 6***
06-24 15:31:02.512 I/Pged-Freezer(  769): freezePids
06-24 15:31:02.512 I/Pged-Freezer(  769): Freeze process: 29457
06-24 15:31:02.513 W/InputMethodManager( 1145): startInputReason = 1
06-24 15:31:02.513 I/Pged-Freezer(  769): Freeze process: 29531
06-24 15:31:02.514 I/Pged-Freezer(  769): Freeze process: 29347
06-24 15:31:02.514 D/PMS1000 (  657): package:com.excelliance.dualaid, input flags:8192, output hwFlags:0
06-24 15:31:02.514 I/Pged-Freezer(  769): Freeze process: 27318
06-24 15:31:02.515 I/Pged-Freezer(  769): Freeze process: 29532
06-24 15:31:02.515 I/wangchen( 7035): SysInfo.getSysParam: orientation=1||config d=3.0,w=1080,h=1920||metrics d=3.0,w=1080,h=1920||sdk=26,bar_h=72
06-24 15:31:02.515 I/KeymapLoader( 7035): w=1080 h=1920 ori=true appScale=3.3 s1=3.0
06-24 15:31:02.516 W/HSM     ( 1813): HoldService:toast switch is close!
06-24 15:31:02.516 D/PgedBinderAdapter( 1699): frz ok, pid: [29457, 29531, 29347, 27318, 29532]
06-24 15:31:02.516 I/GRALLOC (  679): 	 shrFd=10,fmt=0x1,intFmt=0x1,btStrd=1024,size=212992,pid=679 
06-24 15:31:02.516 I/GRALLOC (  679): 	 yuv=2,w=246,h=205,Stride u=0 v=0,offset u=0 v=0 
06-24 15:31:02.516 I/GRALLOC (  679): 	 iova_size=212992,conUsg=0xb00,proUsg=0xb00,	 strd=256,[afbc]HdrStrd=0 PyldStrd=0 Scrmbl=0,ionhnd = 1 
06-24 15:31:02.517 D/ApplicationPackageManager( 1145): queryIntentActivitiesAsUser blocked, Intent { act=android.intent.action.MAIN cat=[android.intent.category.LAUNCHER] pkg=com.netease.blockchain }
06-24 15:31:02.517 D/HsmInterfaceImpl( 1145): List [ResolveInfo{d252946 com.netease.blockchain/.business.main.MainActivity m=0x108000}]
06-24 15:31:02.522 D/WindowManager(  657): finishDrawingWindow: Window{9b87a7 u0 com.excelliance.dualaid/com.excelliance.kxqp.ui.HelloActivity} mDrawState=DRAW_PENDING
06-24 15:31:02.523 V/WindowManager(  657): No longer Stopped: AppWindowToken{8eef743 token=Token{924b4f2 ActivityRecord{8ef2ffd u0 com.excelliance.dualaid/com.excelliance.kxqp.ui.MainActivity t16013}}}
06-24 15:31:02.524 V/WindowManager(  657): No longer Stopped: AppWindowToken{8eef743 token=Token{924b4f2 ActivityRecord{8ef2ffd u0 com.excelliance.dualaid/com.excelliance.kxqp.ui.MainActivity t16013}}}
06-24 15:31:02.527 V/ActivityThread( 2519): Handle window ActivityRecord{4719bb8 token=android.os.BinderProxy@b3fca27 {com.huawei.android.launcher/com.huawei.android.launcher.unihome.UniHomeLauncher}} visibility: false
06-24 15:31:02.537 E/BufferQueueProducer(  710): [com.huawei.android.launcher/com.huawei.android.launcher.unihome.UniHomeLauncher#0] disconnect: not connected (req=1)
06-24 15:31:02.537 W/libEGL  ( 2519): EGLNativeWindowType 0x7472910010 disconnect failed
06-24 15:31:02.549 D/ImageWallpaper( 1513): onOffsetsChanged: xOffset=0.0, yOffset=0.0, xOffsetStep=0.0, yOffsetStep=0.0, xPixels=0, yPixels=0
06-24 15:31:02.550 D/ImageWallpaper( 1513): Suppressed drawFrame since redraw is not needed and offsets have not changed.sf=Rect(0, 0 - 2160, 1920)
06-24 15:31:02.552 V/WindowManager(  657): Checking 1 opening apps (frozen=false timeout=false)...
06-24 15:31:02.552 V/WindowManager(  657): Check opening app=AppWindowToken{8eef743 token=Token{924b4f2 ActivityRecord{8ef2ffd u0 com.excelliance.dualaid/com.excelliance.kxqp.ui.MainActivity t16013}}}: allDrawn=false startingDisplayed=false startingMoved=false isRelaunching()=false
06-24 15:31:02.553 D/HwQoEUtils(  657): mForegroundAppPackageName: com.excelliance.dualaid ,score: 0
06-24 15:31:02.553 D/HwQoEUtils(  657): APP type: -1 appName= com.excelliance.dualaid
06-24 15:31:02.554 D/HwQoEUtils(  657): no game, APP_TYPE_GAME, appName =com.excelliance.dualaid
06-24 15:31:02.554 D/HwGameAssistantController(  657): pid=1206, uid=11422, foreground=true
06-24 15:31:02.554 D/HwGameAssistantController(  657): pid=2519, uid=10056, foreground=false
06-24 15:31:02.556 I/GRALLOC (  679): 	 shrFd=10,fmt=0x1,intFmt=0x1,btStrd=1024,size=212992,pid=679 
06-24 15:31:02.556 I/GRALLOC (  679): 	 yuv=2,w=246,h=205,Stride u=0 v=0,offset u=0 v=0 
06-24 15:31:02.556 I/GRALLOC (  679): 	 iova_size=212992,conUsg=0xb00,proUsg=0xb00,	 strd=256,[afbc]HdrStrd=0 PyldStrd=0 Scrmbl=0,ionhnd = 1 
06-24 15:31:02.558 I/HwNetworkPolicy(  657): onTransact, code = 203
06-24 15:31:02.558 I/HwNetworkPolicyManager( 1813): getHwUidPolicy uid = 11422 policy = 0
06-24 15:31:02.559 W/AwareLog(  657): SchedLevelBoost: onFgActivitiesChanged config not set!
06-24 15:31:02.559 V/WindowManager(  657): Checking 1 opening apps (frozen=false timeout=false)...
06-24 15:31:02.559 V/WindowManager(  657): Check opening app=AppWindowToken{8eef743 token=Token{924b4f2 ActivityRecord{8ef2ffd u0 com.excelliance.dualaid/com.excelliance.kxqp.ui.MainActivity t16013}}}: allDrawn=false startingDisplayed=false startingMoved=false isRelaunching()=false
06-24 15:31:02.561 I/HwCust  ( 1206): Constructor found for class android.app.HwCustActivityImpl
06-24 15:31:02.561 D/HwCust  ( 1206): Create obj success use class android.app.HwCustActivityImpl
06-24 15:31:02.562 V/HwPolicyFactory( 1206): : success to get AllImpl object and return....
06-24 15:31:02.563 I/HwCust  ( 1206): Constructor found for class android.app.HwCustHwWallpaperManagerImpl
06-24 15:31:02.564 D/HwCust  ( 1206): Create obj success use class android.app.HwCustHwWallpaperManagerImpl
06-24 15:31:02.564 D/PMS1000 (  657): package:com.excelliance.dualaid, input flags:8192, output hwFlags:0
06-24 15:31:02.564 D/PMS11422(  657): package:com.excelliance.dualaid, input flags:0, output hwFlags:0
06-24 15:31:02.565 W/HSM     ( 1813): HoldService:toast switch is close!
06-24 15:31:02.565 V/ActivityThread( 1206): ActivityThread,callActivityOnCreate
06-24 15:31:02.566 D/ApplicationPackageManager( 1145): queryIntentActivitiesAsUser blocked, Intent { act=android.intent.action.MAIN cat=[android.intent.category.LAUNCHER] pkg=com.huawei.camera }
06-24 15:31:02.566 D/HsmInterfaceImpl( 1145): List [ResolveInfo{d3a2034 com.huawei.camera/com.huawei.camera m=0x108000}]
06-24 15:31:02.566 E/test    ( 1206): hw notch screen flag api error
06-24 15:31:02.567 D/MainActivity( 1206): startMode = true
06-24 15:31:02.567 D/MainActivity( 1206): StreamAdStatistic 进入主界面 enter main
06-24 15:31:02.567 I/GRALLOC (  679): 	 shrFd=10,fmt=0x1,intFmt=0x1,btStrd=1024,size=212992,pid=679 
06-24 15:31:02.567 I/GRALLOC (  679): 	 yuv=2,w=246,h=205,Stride u=0 v=0,offset u=0 v=0 
06-24 15:31:02.567 I/GRALLOC (  679): 	 iova_size=212992,conUsg=0xb00,proUsg=0xb00,	 strd=256,[afbc]HdrStrd=0 PyldStrd=0 Scrmbl=0,ionhnd = 1 
06-24 15:31:02.568 D/StatisticsManager( 1206): Query time diff:1529825462568
06-24 15:31:02.571 D/HwNetworkManagementService(  657): code == CODE_GET_AD_KEY_LIST
06-24 15:31:02.571 D/HwNetworkManagementService(  657): appName = com.excelliance.dualaid  is not in the mAdViewMap! reply none
06-24 15:31:02.571 D/HwNetworkManagementService(  657): appName = com.excelliance.dualaid  is not in the mAdIdMap! reply none
06-24 15:31:02.574 E/asset   ( 1145): createFromFile(): lock file /data/resource-cache/system@emui@base@overlay@frameworkhwexthonor@frameworkhwexthonor.apk@idmap.
06-24 15:31:02.574 E/asset   ( 1145): createFromFile(): lock file /data/resource-cache/system@emui@base@overlay@frameworkhwexthonor@frameworkhwexthonor.apk@idmap.
06-24 15:31:02.574 W/ResourceType( 1145): Found multiple library tables, ignoring...
06-24 15:31:02.575 D/StatisticsManager( 1206): Query time diff:1529825462575
06-24 15:31:02.602 V/WindowManager(  657): Checking 1 opening apps (frozen=false timeout=false)...
06-24 15:31:02.603 V/WindowManager(  657): Check opening app=AppWindowToken{8eef743 token=Token{924b4f2 ActivityRecord{8ef2ffd u0 com.excelliance.dualaid/com.excelliance.kxqp.ui.MainActivity t16013}}}: allDrawn=false startingDisplayed=false startingMoved=false isRelaunching()=false
06-24 15:31:02.612 D/HwRTBlurUtils( 1206): check blur style for HwPhoneWindow-, themeResId : 0x7f0e0021, context : com.excelliance.kxqp.ui.MainActivity@18036e9, Nhwext : 0, get Blur : disable with , null
06-24 15:31:02.615 D/PMS1000 (  657): package:com.excelliance.dualaid, input flags:8192, output hwFlags:0
06-24 15:31:02.616 W/HSM     ( 1813): HoldService:toast switch is close!
06-24 15:31:02.617 D/ApplicationPackageManager( 1145): queryIntentActivitiesAsUser blocked, Intent { act=android.intent.action.MAIN cat=[android.intent.category.LAUNCHER] pkg=com.sinovatech.unicom.ui }
06-24 15:31:02.617 D/HsmInterfaceImpl( 1145): List [ResolveInfo{a271ca3 com.sinovatech.unicom.ui/.WelcomeClient m=0x108000}]
06-24 15:31:02.628 V/MainActivity( 1206): mFirstStart:true
06-24 15:31:02.629 V/StatisticsBySpImpl( 1206): init   isFirstCheck
06-24 15:31:02.632 E/StatisticsBySpImpl( 1206): install new version, old version is 324, net is ok, upload now!
06-24 15:31:02.635 D/MainFragment( 1206): sp1 time:-1  difftime:1529825462635  lasttime:0, context = com.excelliance.kxqp.ui.MainActivity@18036e9
06-24 15:31:02.635 D/MainFragment( 1206): sp1 time:-1  2 difftime:1529825462635  2 lasttime:0
06-24 15:31:02.637 D/MainFragment( 1206): timeIsOk:false
06-24 15:31:02.637 D/MainFragment( 1206): ad_baidu_flag:0
06-24 15:31:02.637 V/MainFragment( 1206): defDisplayStyle:5
06-24 15:31:02.638 V/AdManager( 1206): initShare InitFactory.b_total:0
06-24 15:31:02.641 D/MainFragment( 1206): onCreateView
06-24 15:31:02.643 D/CubicBezierInterpolator( 1206): CubicBezierInterpolator  mControlPoint1x = 0.23, mControlPoint1y = 0.06, mControlPoint2x = 0.09, mControlPoint2y = 0.97
06-24 15:31:02.643 D/CubicBezierInterpolator( 1206): CubicBezierInterpolator  mControlPoint1x = 0.6, mControlPoint1y = 0.9, mControlPoint2x = 0.8, mControlPoint2y = 1.0
06-24 15:31:02.643 D/CubicBezierInterpolator( 1206): CubicBezierInterpolator  mControlPoint1x = 0.23, mControlPoint1y = 0.06, mControlPoint2x = 0.09, mControlPoint2y = 0.97
06-24 15:31:02.643 D/CubicBezierInterpolator( 1206): CubicBezierInterpolator  mControlPoint1x = 0.6, mControlPoint1y = 0.9, mControlPoint2x = 0.8, mControlPoint2y = 1.0
06-24 15:31:02.644 W/Utils   ( 1206): Utils_isSuperResolutionSupport [load libai_client.so failed]
06-24 15:31:02.649 W/HSM     ( 1813): HoldService:toast switch is close!
06-24 15:31:02.649 D/ApplicationPackageManager( 1145): queryIntentActivitiesAsUser blocked, Intent { act=android.intent.action.MAIN cat=[android.intent.category.LAUNCHER] pkg=com.huawei.phoneservice }
06-24 15:31:02.649 D/HsmInterfaceImpl( 1145): List [ResolveInfo{a46e359 com.huawei.phoneservice/.LaunchActivity m=0x108000}]
06-24 15:31:02.652 D/HwRecentsLockUtils( 1513): Search
06-24 15:31:02.652 E/HsmCoreServiceImpl( 1478): onTransact in code is: 103
06-24 15:31:02.652 I/MediaProcessHandler( 1478): playingUids: 
06-24 15:31:02.653 E/asset   ( 1145): createFromFile(): lock file /data/resource-cache/system@emui@base@overlay@frameworkhwexthonor@frameworkhwexthonor.apk@idmap.
06-24 15:31:02.653 E/asset   ( 1145): createFromFile(): lock file /data/resource-cache/system@emui@base@overlay@frameworkhwexthonor@frameworkhwexthonor.apk@idmap.
06-24 15:31:02.653 W/ResourceType( 1145): Found multiple library tables, ignoring...
06-24 15:31:02.653 D/ActivityManager(  657): Skipping, home or recents stack task: TaskRecord{333215f #15658 A=com.huawei.android.launcher U=0 StackId=0 sz=1}
06-24 15:31:02.653 D/ActivityManager(  657): Skipping intent:act=android.intent.action.MAIN cat=[android.intent.category.LAUNCHER] flg=0x10a00000 cmp=io.appium.settings/.Settings
06-24 15:31:02.653 D/ActivityManager(  657): Skipping intent:flg=0x10804000 cmp=com.android.systemui/.recents.RecentsActivity bnds=[48,928][1032,2296]
06-24 15:31:02.653 D/ActivityManager(  657): Skipping intent:flg=0x18800000 cmp=com.tencent.mm/.plugin.base.stub.WXPayEntryActivity
06-24 15:31:02.653 D/ActivityManager(  657): Skipping intent:flg=0x10800000 cmp=com.huawei.systemmanager/com.huawei.permissionmanager.ui.MainActivity
06-24 15:31:02.653 D/ActivityManager(  657): Skipping intent:flg=0x18800000 cmp=com.tencent.mm/.plugin.base.stub.WXEntryActivity
06-24 15:31:02.653 D/ActivityManager(  657): Skipping intent:act=com.huawei.action.VOICE_ASSISTANT flg=0x10800000 pkg=com.huawei.vassistant cmp=com.huawei.vassistant/.ui.main.VAssistantActivity
06-24 15:31:02.653 D/ActivityManager(  657): Skipping intent:act=com.huawei.android.launcher.action.ACCESS_SPLIT_SCREEN_APP cat=[android.intent.category.DEFAULT] flg=0x10804000 cmp=com.huawei.android.launcher/.splitscreen.SplitScreenAppActivity
06-24 15:31:02.654 D/ActivityManager(  657): Skipping intent:flg=0x10800000 pkg=com.excelliance.dualaid.b64 cmp=com.excelliance.dualaid.b64/com.excelliance.kxqp.sdk.PermissionRequestActivity
06-24 15:31:02.654 D/ActivityManager(  657): Skipping intent:act=android.intent.action.VIEW dat=content://com.excelliance.dualaid.fileProvider/external_storage_root/Download/apk/Multiple_64.apk typ=application/vnd.android.package-archive flg=0x10800001 cmp=com.android.packageinstaller/.InstallStart
06-24 15:31:02.654 D/ActivityManager(  657): Skipping intent:flg=0x10800000 cmp=com.android.systemui/.usb.HwUsbDebuggingActivity
06-24 15:31:02.654 D/ActivityManager(  657): Skipping intent:act=android.deviceinfo.chooser.action.LAUNCH flg=0x10800000 hwFlg=0x100 pkg=com.android.settings cmp=com.android.settings/.deviceinfo.UsbConnModeChooserActivity
06-24 15:31:02.654 D/ActivityManager(  657): Skipping intent:flg=0x10800000 cmp=com.zol.android/.push.KeepLiveActivity
06-24 15:31:02.654 D/ActivityManager(  657): Skipping intent:act=android.intent.action.MAIN cat=[android.intent.category.HOME] flg=0x10800300 cmp=com.android.settings/.FallbackHome
06-24 15:31:02.657 D/HwWechatOptimizeImpl( 1206): mIsEffect:false
06-24 15:31:02.664 D/PayUtil ( 1206): sp is empty
06-24 15:31:02.665 D/PayUtil ( 1206): 本地不存在文件
06-24 15:31:02.667 D/PayUtil ( 1206): sRid = 
06-24 15:31:02.672 D/PayUtil ( 1206): sRid = 
06-24 15:31:02.673 D/lyl     ( 1206): GridviewContainerLayout:createList:-2147483646
06-24 15:31:02.674 D/PayUtil ( 1206): sRid = 
06-24 15:31:02.675 D/PlatSdk ( 1206): max:0
06-24 15:31:02.677 D/PlatSdk ( 1206): max:0
06-24 15:31:02.677 D/PlatSdk ( 1206): current = 0
06-24 15:31:02.680 D/PMS1000 (  657): package:com.excelliance.dualaid, input flags:8192, output hwFlags:0
06-24 15:31:02.681 W/HSM     ( 1813): HoldService:toast switch is close!
06-24 15:31:02.682 D/ApplicationPackageManager( 1145): queryIntentActivitiesAsUser blocked, Intent { act=android.intent.action.MAIN cat=[android.intent.category.LAUNCHER] pkg=com.crisisfire.android.nearme.gamecenter }
06-24 15:31:02.682 D/HsmInterfaceImpl( 1145): List [ResolveInfo{c8d41cc com.crisisfire.android.nearme.gamecenter/.UnityPlayerNativeActivity m=0x108000}]
06-24 15:31:02.697 D/MainFragment( 1206): onActivityCreated
06-24 15:31:02.699 D/MainFragment( 1206): initial
06-24 15:31:02.700 E/ViewUtils( 1206): setBgDrawable: view==null:top
06-24 15:31:02.702 E/ViewUtils( 1206): setBgColor: view==null:streamMainGap
06-24 15:31:02.702 E/ViewUtils( 1206): setTextColor: view==null:tv_news
06-24 15:31:02.702 E/ViewUtils( 1206): setBgColor: view==null:tv_news_left
06-24 15:31:02.702 E/ViewUtils( 1206): setBgColor: view==null:tv_news_right
06-24 15:31:02.709 D/MainFragment( 1206): iv_iconId:_2131493019
06-24 15:31:02.710 D/PayUtil ( 1206): sRid = 
06-24 15:31:02.711 D/PayUtil ( 1206): sRid = 
06-24 15:31:02.712 D/PayUtil ( 1206): no pay dex...
06-24 15:31:02.719 D/PayUtil ( 1206): sRid = 
06-24 15:31:02.720 D/PayUtil ( 1206): no pay dex...
06-24 15:31:02.721 V/AdManager( 1206): clSharebanner.i:1
06-24 15:31:02.723 D/PayUtil ( 1206): sRid = 
06-24 15:31:02.724 D/PayUtil ( 1206): no pay dex...
06-24 15:31:02.726 W/HSM     ( 1813): HoldService:toast switch is close!
06-24 15:31:02.727 D/ApplicationPackageManager( 1145): queryIntentActivitiesAsUser blocked, Intent { act=android.intent.action.MAIN cat=[android.intent.category.LAUNCHER] pkg=com.antutu.benchmark.full }
06-24 15:31:02.727 D/HsmInterfaceImpl( 1145): List []
06-24 15:31:02.730 W/HSM     ( 1813): HoldService:toast switch is close!
06-24 15:31:02.731 D/ApplicationPackageManager( 1145): queryIntentActivitiesAsUser blocked, Intent { act=android.intent.action.MAIN cat=[android.intent.category.LAUNCHER] pkg=com.xunmeng.pinduoduo }
06-24 15:31:02.731 D/HsmInterfaceImpl( 1145): List [ResolveInfo{e78cb2a com.xunmeng.pinduoduo/.ui.activity.MainFrameActivity m=0x108000}]
06-24 15:31:02.733 D/AdManager( 1206): initAdvNew
06-24 15:31:02.735 D/PayUtil ( 1206): sRid = 
06-24 15:31:02.737 D/PayUtil ( 1206): no pay dex...
06-24 15:31:02.738 D/PayUtil ( 1206): sRid = 
06-24 15:31:02.739 D/PayUtil ( 1206): no pay dex...
06-24 15:31:02.745 D/PayUtil ( 1206): sRid = 
06-24 15:31:02.746 D/PayUtil ( 1206): sRid = 
06-24 15:31:02.747 D/PayUtil ( 1206): no pay dex...
06-24 15:31:02.751 D/AppShortcutGridAdapter( 1206): screen:1080 X 1920
06-24 15:31:02.751 D/PayUtil ( 1206): sRid = 
06-24 15:31:02.752 D/PayUtil ( 1206): no pay dex...
06-24 15:31:02.753 D/PayUtil ( 1206): sRid = 
06-24 15:31:02.755 D/PayUtil ( 1206): no pay dex...
06-24 15:31:02.757 D/PayUtil ( 1206): sRid = 
06-24 15:31:02.761 D/PMS11422(  657): package:com.excelliance.dualaid.b64, input flags:0, output hwFlags:0
06-24 15:31:02.763 D/PMS1000 (  657): package:com.excelliance.dualaid, input flags:8192, output hwFlags:0
06-24 15:31:02.763 D/PMS11422(  657): package:com.excelliance.dualaid.b64, input flags:0, output hwFlags:0
06-24 15:31:02.763 D/PlatSdk ( 1206): current = 0
06-24 15:31:02.763 W/HSM     ( 1813): HoldService:toast switch is close!
06-24 15:31:02.764 D/ApplicationPackageManager( 1145): queryIntentActivitiesAsUser blocked, Intent { act=android.intent.action.MAIN cat=[android.intent.category.LAUNCHER] pkg=com.zhuowang.cloneapp }
06-24 15:31:02.764 D/HsmInterfaceImpl( 1145): List [ResolveInfo{232aeb8 com.zhuowang.cloneapp/com.excelliance.kxqp.ui.HelloActivity m=0x108000}]
06-24 15:31:02.765 D/GameUtil( 1206): start ...
06-24 15:31:02.765 D/GameUtil( 1206): end ...
06-24 15:31:02.769 D/PMS11422(  657): package:com.tencent.mm, input flags:0, output hwFlags:0
06-24 15:31:02.772 D/PMS11422(  657): package:com.tencent.mm, input flags:0, output hwFlags:0
06-24 15:31:02.781 E/HwResourcesImpl( 1206): readDefaultConfig : FileNotFoundException
06-24 15:31:02.785 I/HwCust  ( 1206): Constructor found for class android.content.res.HwCustHwResourcesImpl
06-24 15:31:02.785 D/HwCust  ( 1206): Create obj success use class android.content.res.HwCustHwResourcesImpl
06-24 15:31:02.793 D/PMS1000 (  657): package:com.excelliance.dualaid, input flags:8192, output hwFlags:0
06-24 15:31:02.794 W/HSM     ( 1813): HoldService:toast switch is close!
06-24 15:31:02.795 D/ApplicationPackageManager( 1145): queryIntentActivitiesAsUser blocked, Intent { act=android.intent.action.MAIN cat=[android.intent.category.LAUNCHER] pkg=com.excean.parallelspace.b64 }
06-24 15:31:02.795 D/HsmInterfaceImpl( 1145): List []
06-24 15:31:02.798 W/HSM     ( 1813): HoldService:toast switch is close!
06-24 15:31:02.798 D/ApplicationPackageManager( 1145): queryIntentActivitiesAsUser blocked, Intent { act=android.intent.action.MAIN cat=[android.intent.category.LAUNCHER] pkg=com.excelliance.multiaccounts.b64 }
06-24 15:31:02.799 D/HsmInterfaceImpl( 1145): List []
06-24 15:31:02.802 D/PMS1000 (  657): package:com.excelliance.dualaid, input flags:0, output hwFlags:0
06-24 15:31:02.802 D/PMS1000 (  657): package:com.excelliance.dualaid, input flags:8192, output hwFlags:0
06-24 15:31:02.802 D/PMS1000 (  657): package:com.excelliance.dualaid, input flags:8192, output hwFlags:0
06-24 15:31:02.803 W/HSM     ( 1813): HoldService:toast switch is close!
06-24 15:31:02.803 D/PMS1000 (  657): package:com.excelliance.dualaid, input flags:8192, output hwFlags:0
06-24 15:31:02.804 D/ApplicationPackageManager( 1145): queryIntentActivitiesAsUser blocked, Intent { act=android.intent.action.MAIN cat=[android.intent.category.LAUNCHER] pkg=com.xiangyou.multispace }
06-24 15:31:02.804 D/HsmInterfaceImpl( 1145): List [ResolveInfo{8306ff6 com.xiangyou.multispace/com.excelliance.kxqp.ui.HelloActivity m=0x108000}]
06-24 15:31:02.804 W/HSM     ( 1813): HoldService:toast switch is close!
06-24 15:31:02.805 D/ApplicationPackageManager( 1206): queryIntentActivitiesAsUser blocked, Intent { act=android.intent.action.MAIN cat=[android.intent.category.LAUNCHER] pkg=com.tencent.mm }
06-24 15:31:02.805 D/HsmInterfaceImpl( 1206): List [ResolveInfo{bd201e2 com.tencent.mm/.ui.LauncherUI m=0x108000}]
06-24 15:31:02.805 D/PMS11422(  657): package:com.tencent.mobileqq, input flags:0, output hwFlags:0
06-24 15:31:02.807 D/PMS11422(  657): package:com.tencent.mobileqq, input flags:0, output hwFlags:0
06-24 15:31:02.826 D/PMS1000 (  657): package:com.excelliance.dualaid, input flags:8192, output hwFlags:0
06-24 15:31:02.827 W/HSM     ( 1813): HoldService:toast switch is close!
06-24 15:31:02.827 D/ApplicationPackageManager( 1206): queryIntentActivitiesAsUser blocked, Intent { act=android.intent.action.MAIN cat=[android.intent.category.LAUNCHER] pkg=com.tencent.mobileqq }
06-24 15:31:02.828 D/HsmInterfaceImpl( 1206): List [ResolveInfo{724d030 com.tencent.mobileqq/.activity.SplashActivity m=0x108000}]
06-24 15:31:02.828 D/PMS11422(  657): package:com.ifreetalk.ftalk, input flags:0, output hwFlags:0
06-24 15:31:02.830 D/PMS11422(  657): package:com.ifreetalk.ftalk, input flags:0, output hwFlags:0
06-24 15:31:02.834 D/PMS1000 (  657): package:com.excelliance.dualaid, input flags:8192, output hwFlags:0
06-24 15:31:02.835 W/HSM     ( 1813): HoldService:toast switch is close!
06-24 15:31:02.835 D/ApplicationPackageManager( 1145): queryIntentActivitiesAsUser blocked, Intent { act=android.intent.action.MAIN cat=[android.intent.category.LAUNCHER] pkg=com.youlong.multiaccount }
06-24 15:31:02.835 D/HsmInterfaceImpl( 1145): List [ResolveInfo{8bffe64 com.youlong.multiaccount/com.excelliance.kxqp.ui.HelloActivity m=0x108000}]
06-24 15:31:02.849 D/PMS1000 (  657): package:com.excelliance.dualaid, input flags:8192, output hwFlags:0
06-24 15:31:02.850 W/HSM     ( 1813): HoldService:toast switch is close!
06-24 15:31:02.850 D/ApplicationPackageManager( 1206): queryIntentActivitiesAsUser blocked, Intent { act=android.intent.action.MAIN cat=[android.intent.category.LAUNCHER] pkg=com.ifreetalk.ftalk }
06-24 15:31:02.850 D/HsmInterfaceImpl( 1206): List [ResolveInfo{5925a2e com.ifreetalk.ftalk/.activity.DummyActivity m=0x108000}]
06-24 15:31:02.850 D/PMS11422(  657): package:com.immomo.momo, input flags:0, output hwFlags:0
06-24 15:31:02.853 D/PMS11422(  657): package:com.immomo.momo, input flags:0, output hwFlags:0
06-24 15:31:02.858 E/asset   ( 1206): createFromFile(): lock file /data/resource-cache/system@emui@base@overlay@frameworkhwexthonor@frameworkhwexthonor.apk@idmap.
06-24 15:31:02.858 E/asset   ( 1206): createFromFile(): lock file /data/resource-cache/system@emui@base@overlay@frameworkhwexthonor@frameworkhwexthonor.apk@idmap.
06-24 15:31:02.859 W/ResourceType( 1206): Found multiple library tables, ignoring...
06-24 15:31:02.863 D/PMS1000 (  657): package:com.excelliance.dualaid, input flags:8192, output hwFlags:0
06-24 15:31:02.864 W/HSM     ( 1813): HoldService:toast switch is close!
06-24 15:31:02.865 D/ApplicationPackageManager( 1145): queryIntentActivitiesAsUser blocked, Intent { act=android.intent.action.MAIN cat=[android.intent.category.LAUNCHER] pkg=com.gameloft.android.ANMP.GloftA9HM }
06-24 15:31:02.865 D/HsmInterfaceImpl( 1145): List [ResolveInfo{ceb9582 com.gameloft.android.ANMP.GloftA9HM/.MainActivity m=0x108000}]
06-24 15:31:02.872 W/HSM     ( 1813): HoldService:toast switch is close!
06-24 15:31:02.873 D/ApplicationPackageManager( 1206): queryIntentActivitiesAsUser blocked, Intent { act=android.intent.action.MAIN cat=[android.intent.category.LAUNCHER] pkg=com.immomo.momo }
06-24 15:31:02.873 D/HsmInterfaceImpl( 1206): List [ResolveInfo{43ebf5c com.immomo.momo/.android.activity.WelcomeActivity m=0x108000}]
06-24 15:31:02.873 D/PMS11422(  657): package:com.taobao.taobao, input flags:0, output hwFlags:0
06-24 15:31:02.875 D/PMS11422(  657): package:com.taobao.taobao, input flags:0, output hwFlags:0
06-24 15:31:02.893 D/PMS1000 (  657): package:com.excelliance.dualaid, input flags:8192, output hwFlags:0
06-24 15:31:02.894 W/HSM     ( 1813): HoldService:toast switch is close!
06-24 15:31:02.894 D/ApplicationPackageManager( 1206): queryIntentActivitiesAsUser blocked, Intent { act=android.intent.action.MAIN cat=[android.intent.category.LAUNCHER] pkg=com.taobao.taobao }
06-24 15:31:02.894 D/HsmInterfaceImpl( 1206): List [ResolveInfo{edeb3a com.taobao.taobao/com.taobao.tao.welcome.Welcome m=0x108000}]
06-24 15:31:02.894 D/PMS11422(  657): package:com.eg.android.AlipayGphone, input flags:0, output hwFlags:0
06-24 15:31:02.896 D/PMS11422(  657): package:com.eg.android.AlipayGphone, input flags:0, output hwFlags:0
06-24 15:31:02.906 D/PMS1000 (  657): package:com.excelliance.dualaid, input flags:8192, output hwFlags:0
06-24 15:31:02.907 W/HSM     ( 1813): HoldService:toast switch is close!
06-24 15:31:02.908 D/ApplicationPackageManager( 1145): queryIntentActivitiesAsUser blocked, Intent { act=android.intent.action.MAIN cat=[android.intent.category.LAUNCHER] pkg=com.excelliance.dualaid.b64 }
06-24 15:31:02.908 D/HsmInterfaceImpl( 1145): List []
06-24 15:31:02.909 V/AddGameData( 1145): Manufacturer:HUAWEI
06-24 15:31:02.921 D/PMS1000 (  657): package:com.excelliance.dualaid, input flags:8192, output hwFlags:0
06-24 15:31:02.923 W/HSM     ( 1813): HoldService:toast switch is close!
06-24 15:31:02.925 D/ApplicationPackageManager( 1206): queryIntentActivitiesAsUser blocked, Intent { act=android.intent.action.MAIN cat=[android.intent.category.LAUNCHER] pkg=com.eg.android.AlipayGphone }
06-24 15:31:02.925 D/HsmInterfaceImpl( 1206): List [ResolveInfo{3a67548 com.eg.android.AlipayGphone/.AlipayLogin m=0x108000}]
06-24 15:31:02.925 D/PMS11422(  657): package:com.tencent.qqlite, input flags:0, output is null
06-24 15:31:02.926 D/PMS11422(  657): package:com.tencen2.mm, input flags:0, output is null
06-24 15:31:02.926 D/PMS11422(  657): package:com.sina.weibo, input flags:0, output hwFlags:0
06-24 15:31:02.929 D/PMS11422(  657): package:com.sina.weibo, input flags:0, output hwFlags:0
06-24 15:31:02.932 D/PMS1000 (  657): package:com.excelliance.dualaid, input flags:8192, output hwFlags:0
06-24 15:31:02.934 W/HSM     ( 1813): HoldService:toast switch is close!
06-24 15:31:02.935 D/ApplicationPackageManager( 1145): getInstalledApplications blocked
06-24 15:31:02.935 D/HsmInterfaceImpl( 1145): List [ApplicationInfo{e4187ce com.huawei.hifolder}, ApplicationInfo{9bc6ef com.github.shadowsocks}, ApplicationInfo{4cab5fc com.excelliance.dualaid}]
06-24 15:31:02.935 V/AddGameData( 1145): appInfoList.size():3
06-24 15:31:02.935 V/AddGameData( 1145): can read pkg:com.github.shadowsocks
06-24 15:31:02.936 D/PMS11422(  657): package:com.immomo.momo, input flags:0, output hwFlags:0
06-24 15:31:02.943 E/asset   ( 1145): createFromFile(): lock file /data/resource-cache/system@emui@base@overlay@frameworkhwexthonor@frameworkhwexthonor.apk@idmap.
06-24 15:31:02.944 E/asset   ( 1145): createFromFile(): lock file /data/resource-cache/system@emui@base@overlay@frameworkhwexthonor@frameworkhwexthonor.apk@idmap.
06-24 15:31:02.944 W/ResourceType( 1145): Found multiple library tables, ignoring...
06-24 15:31:02.976 D/PMS11422(  657): package:com.tencent.qqlite, input flags:0, output is null
06-24 15:31:02.980 D/PMS11422(  657): package:com.tencen2.mm, input flags:0, output is null
06-24 15:31:02.982 D/PMS11422(  657): package:com.tencent.karaoke, input flags:0, output hwFlags:0
06-24 15:31:03.001 D/PMS1000 (  657): package:com.excelliance.dualaid, input flags:8192, output hwFlags:0
06-24 15:31:03.002 W/HSM     ( 1813): HoldService:toast switch is close!
06-24 15:31:03.004 D/ApplicationPackageManager( 1206): queryIntentActivitiesAsUser blocked, Intent { act=android.intent.action.MAIN cat=[android.intent.category.LAUNCHER] pkg=com.sina.weibo }
06-24 15:31:03.004 D/HsmInterfaceImpl( 1206): List [ResolveInfo{d3f8106 com.sina.weibo/.SplashActivity m=0x108000}]
06-24 15:31:03.004 D/PMS11422(  657): package:com.tencent.karaoke, input flags:0, output hwFlags:0
06-24 15:31:03.007 I/TrafficMonitor(  657): update:rxPkts:1,txPkts:3,rxBytes:78,txBytes:180
06-24 15:31:03.007 I/TrafficMonitor(  657): start expired. level:-1
06-24 15:31:03.007 I/TrafficMonitor(  657): gettimer:interval=2000
06-24 15:31:03.034 D/PMS11422(  657): package:com.keramidas.TitaniumBackup, input flags:0, output is null
06-24 15:31:03.037 D/PMS11422(  657): package:com.tencen3.mm, input flags:0, output is null
06-24 15:31:03.037 D/PMS1000 (  657): package:com.excelliance.dualaid, input flags:8192, output hwFlags:0
06-24 15:31:03.039 W/HSM     ( 1813): HoldService:toast switch is close!
06-24 15:31:03.040 D/ApplicationPackageManager( 1206): queryIntentActivitiesAsUser blocked, Intent { act=android.intent.action.MAIN cat=[android.intent.category.LAUNCHER] pkg=com.tencent.karaoke }
06-24 15:31:03.040 D/HsmInterfaceImpl( 1206): List [ResolveInfo{8519df4 com.tencent.karaoke/.module.splash.ui.SplashBaseActivity m=0x108000}]
06-24 15:31:03.040 D/PMS11422(  657): package:com.keramidas.TitaniumBackup, input flags:0, output is null
06-24 15:31:03.040 D/PMS11422(  657): package:com.tencen3.mm, input flags:0, output is null
06-24 15:31:03.040 D/PMS11422(  657): package:com.whatsapp, input flags:0, output hwFlags:0
06-24 15:31:03.041 D/PMS11422(  657): package:com.whatsapp, input flags:0, output hwFlags:0
06-24 15:31:03.044 D/PMS11422(  657): package:com.whatsapp, input flags:0, output hwFlags:0
06-24 15:31:03.089 D/PMS1000 (  657): package:com.excelliance.dualaid, input flags:8192, output hwFlags:0
06-24 15:31:03.091 W/HSM     ( 1813): HoldService:toast switch is close!
06-24 15:31:03.092 D/ApplicationPackageManager( 1206): queryIntentActivitiesAsUser blocked, Intent { act=android.intent.action.MAIN cat=[android.intent.category.LAUNCHER] pkg=com.whatsapp }
06-24 15:31:03.093 D/HsmInterfaceImpl( 1206): List [ResolveInfo{ce4a560 com.whatsapp/.Main m=0x108000}]
06-24 15:31:03.093 D/PMS11422(  657): package:com.taobao.fleamarket, input flags:0, output is null
06-24 15:31:03.093 D/PMS11422(  657): package:com.jiabin.xiaozhu, input flags:0, output is null
06-24 15:31:03.094 D/PMS11422(  657): package:com.soft.blued, input flags:0, output is null
06-24 15:31:03.094 D/PMS11422(  657): package:com.netease.dhxy, input flags:0, output is null
06-24 15:31:03.094 D/PMS11422(  657): package:com.gbits.atm.leiting, input flags:0, output is null
06-24 15:31:03.094 D/PMS11422(  657): package:com.tencent.Mtown, input flags:0, output is null
06-24 15:31:03.094 D/PMS11422(  657): package:com.tencent.minihd.qq, input flags:0, output is null
06-24 15:31:03.095 D/PMS11422(  657): package:com.facebook.katana, input flags:0, output hwFlags:0
06-24 15:31:03.100 D/PMS11422(  657): package:com.taobao.fleamarket, input flags:0, output is null
06-24 15:31:03.100 D/PMS11422(  657): package:com.facebook.katana, input flags:0, output hwFlags:0
06-24 15:31:03.105 D/PMS11422(  657): package:com.jiabin.xiaozhu, input flags:0, output is null
06-24 15:31:03.108 D/PMS11422(  657): package:com.soft.blued, input flags:0, output is null
06-24 15:31:03.114 D/PMS11422(  657): package:com.netease.dhxy, input flags:0, output is null
06-24 15:31:03.119 D/PMS11422(  657): package:com.gbits.atm.leiting, input flags:0, output is null
06-24 15:31:03.124 D/PMS11422(  657): package:com.tencent.Mtown, input flags:0, output is null
06-24 15:31:03.128 D/PMS11422(  657): package:com.tencent.minihd.qq, input flags:0, output is null
06-24 15:31:03.132 D/PMS11422(  657): package:com.supercell.clashofclans, input flags:0, output is null
06-24 15:31:03.136 D/PMS11422(  657): package:com.facebook.orca, input flags:0, output is null
06-24 15:31:03.139 D/PMS11422(  657): package:com.bbm, input flags:0, output is null
06-24 15:31:03.142 D/PMS11422(  657): package:jp.naver.line.android, input flags:0, output is null
06-24 15:31:03.149 D/PMS11422(  657): package:com.instagram.android, input flags:0, output is null
06-24 15:31:03.150 D/PMS1000 (  657): package:com.excelliance.dualaid, input flags:8192, output hwFlags:0
06-24 15:31:03.152 W/HSM     ( 1813): HoldService:toast switch is close!
06-24 15:31:03.152 D/PMS11422(  657): package:kik.android, input flags:0, output is null
06-24 15:31:03.152 D/ApplicationPackageManager( 1206): queryIntentActivitiesAsUser blocked, Intent { act=android.intent.action.MAIN cat=[android.intent.category.LAUNCHER] pkg=com.facebook.katana }
06-24 15:31:03.152 D/HsmInterfaceImpl( 1206): List [ResolveInfo{fdfaade com.facebook.katana/.LoginActivity m=0x108000}]
06-24 15:31:03.152 D/PMS11422(  657): package:com.supercell.clashofclans, input flags:0, output is null
06-24 15:31:03.153 D/PMS11422(  657): package:com.facebook.orca, input flags:0, output is null
06-24 15:31:03.153 D/PMS11422(  657): package:com.bbm, input flags:0, output is null
06-24 15:31:03.153 D/PMS11422(  657): package:jp.naver.line.android, input flags:0, output is null
