06-24 15:35:00.710 I/appium  (29532): AppiumResponse: {"sessionId":"2d604340-25b7-4bc5-874b-09ac3bd169d8","status":0,"value":"<?xml version=\"1.0\" encoding=\"UTF-8\"?><hierarchy rotation=\"0\"><android.widget.FrameLayout index=\"0\" text=\"\" class=\"android.widget.FrameLayout\" package=\"com.excelliance.dualaid\" content-desc=\"\" checkable=\"false\" checked=\"false\" clickable=\"false\" enabled=\"true\" focusable=\"false\" focused=\"false\" scrollable=\"false\" long-clickable=\"false\" password=\"false\" selected=\"false\" bounds=\"[0,0][1080,1920]\" resource-id=\"\" instance=\"0\"><android.widget.LinearLayout index=\"0\" text=\"\" class=\"android.widget.LinearLayout\" package=\"com.excelliance.dualaid\" content-desc=\"\" checkable=\"false\" checked=\"false\" clickable=\"false\" enabled=\"true\" focusable=\"false\" focused=\"false\" scrollable=\"false\" long-clickable=\"false\" password=\"false\" selected=\"false\" bounds=\"[0,0][1080,1920]\" resource-id=\"\" instance=\"0\"><android.widget.FrameLayout index=\"0\" text=\"\" class=\"android.widget.FrameLayout\" package=\"com.excelliance.dualaid\" content-desc=\"\" checkable=\"false\" checked=\"false\" clickable=\"false\" enabled=\"true\" focusable=\"false\" focused=\"false\" scrollable=\"false\" long-clickable=\"false\" password=\"false\" selected=\"false\" bounds=\"[0,0][1080,1920]\" resource-id=\"android:id\/content\" instance=\"1\"><android.widget.FrameLayout index=\"0\" text=\"\" class=\"android.widget.FrameLayout\" package=\"com.excelliance.dualaid\" content-desc=\"\" checkable=\"false\" checked=\"false\" clickable=\"false\" enabled=\"true\" focusable=\"false\" focused=\"false\" scrollable=\"false\" long-clickable=\"false\" password=\"false\" selected=\"false\" bounds=\"[0,0][1080,1920]\" resource-id=\"\" instance=\"2\"><android.widget.RelativeLayout index=\"0\" text=\"\" class=\"android.widget.RelativeLayout\" package=\"com.excelliance.dualaid\" content-desc=\"\" checkable=\"false\" checked=\"false\" clickable=\"false\" enabled=\"true\" focusable=\"false\" focused=\"false\" scrollable=\"false\" long-clickable=\"false\" password=\"false\" selected=\"false\" bounds=\"[0,0][1080,1920]\" resource-id=\"com.excelliance.dualaid:id\/rl_guide_original\" instance=\"0\"><android.support.v4.view.ViewPager index=\"0\" text=\"\" class=\"android.support.v4.view.ViewPager\" package=\"com.excelliance.dualaid\" content-desc=\"\" checkable=\"false\" checked=\"false\" clickable=\"false\" enabled=\"true\" focusable=\"true\" focused=\"false\" scrollable=\"true\" long-clickable=\"false\" password=\"false\" selected=\"false\" bounds=\"[0,0][1080,1920]\" resource-id=\"com.excelliance.dualaid:id\/vp_nav\" instance=\"0\"><android.widget.RelativeLayout index=\"2\" text=\"\" class=\"android.widget.RelativeLayout\" package=\"com.excelliance.dualaid\" content-desc=\"\" checkable=\"false\" checked=\"false\" clickable=\"false\" enabled=\"true\" focusable=\"false\" focused=\"false\" scrollable=\"false\" long-clickable=\"false\" password=\"false\" selected=\"false\" bounds=\"[0,0][1080,1920]\" resource-id=\"\" instance=\"1\"><android.view.View index=\"0\" text=\"\" class=\"android.view.View\" package=\"com.excelliance.dualaid\" content-desc=\"\" checkable=\"false\" checked=\"false\" clickable=\"false\" enabled=\"true\" focusable=\"false\" focused=\"false\" scrollable=\"false\" long-clickable=\"false\" password=\"false\" selected=\"false\" bounds=\"[0,0][1080,1920]\" resource-id=\"\" instance=\"0\"\/><android.widget.ImageView index=\"1\" text=\"\" class=\"android.widget.ImageView\" package=\"com.excelliance.dualaid\" content-desc=\"\" checkable=\"false\" checked=\"false\" clickable=\"false\" enabled=\"true\" focusable=\"false\" focused=\"false\" scrollable=\"false\" long-clickable=\"false\" password=\"false\" selected=\"false\" bounds=\"[345,318][847,1268]\" resource-id=\"\" instance=\"0\"\/><android.widget.ImageView index=\"2\" text=\"\" class=\"android.widget.ImageView\" package=\"com.excelliance.dualaid\" content-desc=\"\" checkable=\"false\" checked=\"false\" clickable=\"false\" enabled=\"true\" 
06-24 15:35:00.736 I/appium  (29532): channel read invoked!
06-24 15:35:00.736 I/appium  (29532): channel read: POST /wd/hub/session/2d604340-25b7-4bc5-874b-09ac3bd169d8/element/d5ffd9e4-5e90-4499-81eb-825da414f255/click
06-24 15:35:00.737 D/appium  (29532): payload: {"element":"d5ffd9e4-5e90-4499-81eb-825da414f255"}
06-24 15:35:00.737 I/appium  (29532): Click element command
06-24 15:35:00.751 D/FingerprintActionsListener(  657): touchDownIsValid MotionEvent.ACTION_DOWN 
06-24 15:35:00.751 D/FingerprintActionsListener(  657): touchDownIsValidLazyMode = false  touchDownIsValidHiBoard = false
06-24 15:35:00.761 I/appium  (29532): AppiumResponse: {"sessionId":"2d604340-25b7-4bc5-874b-09ac3bd169d8","status":0,"value":true}
06-24 15:35:00.772 V/AudioManager(14937): playSoundEffect   effectType: 0
06-24 15:35:00.773 D/PMS11422(  657): package:com.excelliance.dualaid, input flags:0, output hwFlags:0
06-24 15:35:00.775 V/AddGameData(14937): Manufacturer:HUAWEI
06-24 15:35:00.781 I/appium  (29532): channel read invoked!
06-24 15:35:00.781 I/appium  (29532): channel read: GET /wd/hub/session/2d604340-25b7-4bc5-874b-09ac3bd169d8/source
06-24 15:35:00.830 D/PMS1000 (  657): package:com.excelliance.dualaid, input flags:0, output hwFlags:0
06-24 15:35:00.831 D/PMS1000 (  657): package:com.excelliance.dualaid, input flags:8192, output hwFlags:0
06-24 15:35:00.838 D/PMS1000 (  657): package:com.excelliance.dualaid, input flags:8192, output hwFlags:0
06-24 15:35:00.843 W/HSM     ( 1813): HoldService:toast switch is close!
06-24 15:35:00.845 D/ApplicationPackageManager(14937): getInstalledApplications blocked
06-24 15:35:00.847 D/HsmInterfaceImpl(14937): List [ApplicationInfo{a218d91 com.huawei.hifolder}, ApplicationInfo{891a4f6 com.github.shadowsocks}, ApplicationInfo{28a60f7 com.excelliance.dualaid}]
06-24 15:35:00.848 V/AddGameData(14937): appInfoList.size():3
06-24 15:35:00.848 V/AddGameData(14937): can read pkg:com.github.shadowsocks
06-24 15:35:00.864 I/HwCust  (14937): Constructor found for class android.net.HwCustConnectivityManagerImpl
06-24 15:35:00.864 D/HwCust  (14937): Create obj success use class android.net.HwCustConnectivityManagerImpl
06-24 15:35:00.875 D/Notification2Receiver(14968): Notification2Receiver onReceive enter
06-24 15:35:00.877 V/BroadcastQueue(  657): Finished with ordered broadcast BroadcastRecord{76d95e6 u0 com.excelliance.dualaid.action.phone_res_download}
06-24 15:35:00.878 D/VersionManager(14968): queryUpdateInfoOfResources
06-24 15:35:00.883 V/Phone_Manufacturer(14968): Manufacturer:HUAWEI
06-24 15:35:00.883 D/PMS1000 (  657): package:com.excelliance.dualaid, input flags:8192, output hwFlags:0
06-24 15:35:00.885 V/Phone   (14968): isExitstActivityInPkg:exist com.huawei.systemmanager.optimize.process.ProtectActivity
06-24 15:35:00.886 V/Phone   (14968): isExitAppInManufacturer: model:hi6250 manufacturer:huawei
06-24 15:35:00.889 W/HSM     ( 1813): HoldService:toast switch is close!
06-24 15:35:00.891 D/ApplicationPackageManager(14937): queryIntentActivitiesAsUser blocked, Intent { act=android.intent.action.MAIN cat=[android.intent.category.LAUNCHER] pkg=com.tencent.mm }
06-24 15:35:00.892 D/HsmInterfaceImpl(14937): List [ResolveInfo{aab1a82 com.tencent.mm/.ui.LauncherUI m=0x108000}]
06-24 15:35:00.892 V/Phone   (14968): isExitstActivityInPkg:exist com.huawei.systemmanager.optimize.process.ProtectActivity
06-24 15:35:00.892 V/Phone   (14968): isExitAppInManufacturer: model:hi6250 manufacturer:huawei
06-24 15:35:00.896 D/PMS11422(  657): package:com.excelliance.dualaid, input flags:128, output hwFlags:0
06-24 15:35:00.898 I/ActivityManager(  657): START u0 {cmp=com.excelliance.dualaid/com.excelliance.kxqp.ui.HelloActivity (has extras)} from uid 11422
06-24 15:35:00.898 D/PMS11422(  657): package:com.excelliance.dualaid, input flags:128, output hwFlags:0
06-24 15:35:00.902 I/ActivityManager(  657): ActivityRecord info: ActivityInfo{cadf3e0 com.excelliance.kxqp.ui.HelloActivity}
06-24 15:35:00.904 V/WindowManager(  657): addAppToken: AppWindowToken{2e20b7d token=Token{386edd4 ActivityRecord{3391727 u0 com.excelliance.dualaid/com.excelliance.kxqp.ui.HelloActivity t16020}}} controller={TaskWindowContainerController taskId=16020} at 2147483647
06-24 15:35:00.905 D/PMS11422(  657): package:com.excelliance.dualaid, input flags:128, output hwFlags:0
06-24 15:35:00.910 I/PGServer( 1699): android calls fast hibernateApps
06-24 15:35:00.910 I/AppFastHibernation( 1699): fast hibernate duration: 1500 reason: start activity
06-24 15:35:00.910 I/Pged-IPgedBinderService(  769): ****action is 1, pid num is 6***
06-24 15:35:00.910 I/Pged-Freezer(  769): freezePids
06-24 15:35:00.910 I/Pged-Freezer(  769): Freeze process: 29457
06-24 15:35:00.911 I/Pged-Freezer(  769): Freeze process: 29531
06-24 15:35:00.911 I/Pged-Freezer(  769): Freeze process: 29347
06-24 15:35:00.911 D/PMS1000 (  657): package:com.excelliance.dualaid, input flags:1, output hwFlags:0
06-24 15:35:00.911 I/Pged-Freezer(  769): Freeze process: 27318
06-24 15:35:00.911 I/Pged-Freezer(  769): Freeze process: 29532
06-24 15:35:00.912 D/PgedBinderAdapter( 1699): frz ok, pid: [29457, 29531, 29347, 27318, 29532]
06-24 15:35:00.912 D/PMS11422(  657): package:com.excelliance.dualaid, input flags:128, output hwFlags:0
06-24 15:35:00.912 V/WindowManager(  657): No longer Stopped: AppWindowToken{2e20b7d token=Token{386edd4 ActivityRecord{3391727 u0 com.excelliance.dualaid/com.excelliance.kxqp.ui.HelloActivity t16020}}}
06-24 15:35:00.913 V/WindowManager(  657): No longer Stopped: AppWindowToken{2e20b7d token=Token{386edd4 ActivityRecord{3391727 u0 com.excelliance.dualaid/com.excelliance.kxqp.ui.HelloActivity t16020}}}
06-24 15:35:00.913 D/PMS11422(  657): package:com.excelliance.dualaid, input flags:128, output hwFlags:0
06-24 15:35:00.914 V/WindowManager(  657): findFocusedWindow: AppWindowToken{d98834d token=Token{2d022e4 ActivityRecord{760b677 u0 com.excelliance.dualaid/com.excelliance.kxqp.swipe.NavActivity2 t16020}}} below Reached focused app=AppWindowToken{2e20b7d token=Token{386edd4 ActivityRecord{3391727 u0 com.excelliance.dualaid/com.excelliance.kxqp.ui.HelloActivity t16020}}}
06-24 15:35:00.917 V/WindowManager(  657): Checking 1 opening apps (frozen=false timeout=false)...
06-24 15:35:00.917 V/WindowManager(  657): Check opening app=AppWindowToken{2e20b7d token=Token{386edd4 ActivityRecord{3391727 u0 com.excelliance.dualaid/com.excelliance.kxqp.ui.HelloActivity t16020}}}: allDrawn=false startingDisplayed=false startingMoved=false isRelaunching()=false
06-24 15:35:00.918 D/PMS11422(  657): package:com.excelliance.dualaid, input flags:128, output hwFlags:0
06-24 15:35:00.923 D/HwCust  (14937): Create obj success use class android.app.HwCustActivityImpl
06-24 15:35:00.923 D/HwCust  (14937): Create obj success use class android.app.HwCustHwWallpaperManagerImpl
06-24 15:35:00.924 V/ActivityThread(14937): ActivityThread,callActivityOnCreate
06-24 15:35:00.925 D/HelloActivity(14937): Memory:25136M
06-24 15:35:00.926 D/PMS11422(  657): package:com.excelliance.dualaid, input flags:128, output hwFlags:0
06-24 15:35:00.926 D/HelloActivity(14937): onCreate: true
06-24 15:35:00.926 D/PMS11422(  657): package:com.excelliance.dualaid, input flags:128, output hwFlags:0
06-24 15:35:00.927 D/PMS11422(  657): package:com.excelliance.dualaid, input flags:128, output hwFlags:0
06-24 15:35:00.928 D/HelloActivity(14937): mIsNav = true
06-24 15:35:00.932 D/HelloActivity(14937): requestShowOneKeyLoginConfig: 
06-24 15:35:00.932 D/PMS11422(  657): package:com.excelliance.dualaid, input flags:128, output hwFlags:0
06-24 15:35:00.933 D/GameUtilBuild(14937): getCompVersion e:java.lang.NullPointerException: Attempt to invoke virtual method 'android.content.pm.PackageManager android.content.Context.getPackageManager()' on a null object reference
06-24 15:35:00.933 D/PMS11422(  657): package:com.excelliance.dualaid, input flags:128, output hwFlags:0
06-24 15:35:00.933 D/PMS11422(  657): package:com.excelliance.dualaid, input flags:0, output hwFlags:0
06-24 15:35:00.937 D/PMS11422(  657): package:com.excelliance.dualaid, input flags:128, output hwFlags:0
06-24 15:35:00.938 D/PMS11422(  657): package:com.excelliance.dualaid, input flags:128, output hwFlags:0
06-24 15:35:00.939 D/PMS1000 (  657): package:com.excelliance.dualaid, input flags:8192, output hwFlags:0
06-24 15:35:00.939 D/PMS11422(  657): package:com.excelliance.dualaid, input flags:128, output hwFlags:0
06-24 15:35:00.940 D/PMS11422(  657): package:com.excelliance.dualaid, input flags:128, output hwFlags:0
06-24 15:35:00.941 D/PMS1001 (  657): package:com.excelliance.dualaid, input flags:0, output hwFlags:0
06-24 15:35:00.941 D/PMS11422(  657): package:com.excelliance.dualaid, input flags:128, output hwFlags:0
06-24 15:35:00.947 D/PMS11422(  657): package:com.excelliance.dualaid, input flags:128, output hwFlags:0
06-24 15:35:00.948 D/CubicBezierInterpolator(14937): CubicBezierInterpolator  mControlPoint1x = 0.23, mControlPoint1y = 0.06, mControlPoint2x = 0.09, mControlPoint2y = 0.97
06-24 15:35:00.948 D/CubicBezierInterpolator(14937): CubicBezierInterpolator  mControlPoint1x = 0.6, mControlPoint1y = 0.9, mControlPoint2x = 0.8, mControlPoint2y = 1.0
06-24 15:35:00.948 D/CubicBezierInterpolator(14937): CubicBezierInterpolator  mControlPoint1x = 0.23, mControlPoint1y = 0.06, mControlPoint2x = 0.09, mControlPoint2y = 0.97
06-24 15:35:00.949 D/CubicBezierInterpolator(14937): CubicBezierInterpolator  mControlPoint1x = 0.6, mControlPoint1y = 0.9, mControlPoint2x = 0.8, mControlPoint2y = 1.0
06-24 15:35:00.950 D/HwWechatOptimizeImpl(14937): mIsEffect:false
06-24 15:35:00.954 V/InitialData(14968): capitalize:Hi6250_launch
06-24 15:35:00.954 V/GameUtil(14968): getCurrentVersionByKey : hi6250_launch	current_hi6250_launch_version	Hi6250_launchVersion
06-24 15:35:00.955 D/HwRTBlurUtils(14937): check blur style for HwPhoneWindow-, themeResId : 0x7f0e001c, context : com.excelliance.kxqp.ui.HelloActivity@c4029d0, Nhwext : 0, get Blur : disable with , null
06-24 15:35:00.956 V/GameUtil(14968): saveVersionToFileByKey  xml_key :hi6250_launch  result:-1
06-24 15:35:00.956 V/HelloActivity(14937): start add appType：0
06-24 15:35:00.956 D/PMS11422(  657): package:com.tencent.mm, input flags:0, output hwFlags:0
06-24 15:35:00.959 V/GameUtil(14968): getCurrentVersionByKey  hi6250_launch:-1
06-24 15:35:00.959 V/AddGameData(14968): _applist:hi6250
06-24 15:35:00.959 V/InitialData(14968): capitalize:Hi6250_applist
06-24 15:35:00.959 V/GameUtil(14968): getCurrentVersionByKey : hi6250_applist	current_hi6250_applist_version	Hi6250_applistVersion
06-24 15:35:00.960 D/PMS11422(  657): package:com.excelliance.dualaid, input flags:128, output hwFlags:0
06-24 15:35:00.960 V/GameUtil(14968): saveVersionToFileByKey  xml_key :hi6250_applist  result:-1
06-24 15:35:00.963 V/GameUtil(14968): getCurrentVersionByKey  hi6250_applist:-1
06-24 15:35:00.964 V/InitialData(14968): capitalize:Hi6250_notification
06-24 15:35:00.964 V/GameUtil(14968): getCurrentVersionByKey : hi6250_notification	current_hi6250_notification_version	Hi6250_notificationVersion
06-24 15:35:00.964 D/PMS11422(  657): package:com.excelliance.dualaid, input flags:128, output hwFlags:0
06-24 15:35:00.965 V/GameUtil(14968): saveVersionToFileByKey  xml_key :hi6250_notification  result:-1
06-24 15:35:00.967 E/HwResourcesImpl(14937): readDefaultConfig : FileNotFoundException
06-24 15:35:00.967 V/GameUtil(14968): getCurrentVersionByKey  hi6250_notification:-1
06-24 15:35:00.969 V/VersionManager(14968): ver source:{"hi6250_launch":"0","hi6250_applist":"0","hi6250_notification":"0"}
06-24 15:35:00.970 V/VersionManager(14968): ver :eyJoaTYyNTBfbGF1bmNoIjoiMCIsImhpNjI1MF9hcHBsaXN0IjoiMCIsImhpNjI1MF9ub3RpZmlj%0AYXRpb24iOiIwIn0%3D%0A
06-24 15:35:00.971 I/HwCust  (14937): Constructor found for class android.content.res.HwCustHwResourcesImpl
06-24 15:35:00.971 D/HwCust  (14937): Create obj success use class android.content.res.HwCustHwResourcesImpl
06-24 15:35:00.973 V/UrlUtil (14968): https://mto.multiopen.cn/dynamicphoneres.php?sdkver=2009&apkver=466&vn=4.0.6&compver=54302&mainver=231200&ver=eyJoaTYyNTBfbGF1bmNoIjoiMCIsImhpNjI1MF9hcHBsaXN0IjoiMCIsImhpNjI1MF9ub3RpZmlj%0AYXRpb24iOiIwIn0%3D%0A&chid=10019&subchid=1&type=20&uflag=2&pkg=com.excelliance.dualaid&api=26&release=8.0.0&abi=armeabi-v7a&abi2=armeabi&abilist=arm64-v8a%2Carmeabi-v7a%2Carmeabi&abilist32=armeabi-v7a%2Carmeabi&abilist64=arm64-v8a&brand=HONOR&manufacturer=HUAWEI&model=STF-AL10&product=STF-AL10&issl=1&sign=30820271308201daa0030201020204520332c2300d06092a864886f70d0101050500307c310b300906035504061302434e3111300f060355040813085368616e
06-24 15:35:00.973 D/VersionManager(14968): httpsRequest getURL = https://mto.multiopen.cn/dynamicphoneres.php?sdkver=2009&apkver=466&vn=4.0.6&compver=54302&mainver=231200&ver=eyJoaTYyNTBfbGF1bmNoIjoiMCIsImhpNjI1MF9hcHBsaXN0IjoiMCIsImhpNjI1MF9ub3RpZmlj%0AYXRpb24iOiIwIn0%3D%0A&chid=10019&subchid=1&type=20&uflag=2&pkg=com.excelliance.dualaid&api=26&release=8.0.0&abi=armeabi-v7a&abi2=armeabi&abilist=arm64-v8a%2Carmeabi-v7a%2Carmeabi&abilist32=armeabi-v7a%2Carmeabi&abilist64=arm64-v8a&brand=HONOR&manufacturer=HUAWEI&model=STF-AL10&product=STF-AL10&issl=1&sign=30820271308201daa0030201020204520332c2300d06092a864886f70d0101050500307c310b300906035504061302434e3111300f060355040813085368616e
06-24 15:35:00.983 W/X509TrustManager(14937): checkServerTrusted: SignatureException:null
06-24 15:35:00.983 W/X509TrustManager(14937): checkServerTrusted: SignatureException:error:04000073:RSA routines:OPENSSL_internal:DATA_TOO_LARGE_FOR_MODULUS
06-24 15:35:00.986 D/PMS11422(  657): package:com.tencent.mm, input flags:0, output hwFlags:0
06-24 15:35:00.988 D/PMS11422(  657): package:com.tencent.mobileqq, input flags:0, output hwFlags:0
06-24 15:35:01.003 D/PMS11422(  657): package:com.tencent.mobileqq, input flags:0, output hwFlags:0
06-24 15:35:01.004 D/PMS11422(  657): package:com.ifreetalk.ftalk, input flags:0, output hwFlags:0
06-24 15:35:01.014 W/X509TrustManager(14968): checkServerTrusted: SignatureException:null
06-24 15:35:01.014 W/X509TrustManager(14968): checkServerTrusted: SignatureException:error:04000073:RSA routines:OPENSSL_internal:DATA_TOO_LARGE_FOR_MODULUS
06-24 15:35:01.017 D/HwRecentsLockUtils( 1513): Search
06-24 15:35:01.017 E/HsmCoreServiceImpl( 1478): onTransact in code is: 103
06-24 15:35:01.017 I/MediaProcessHandler( 1478): playingUids: 
06-24 15:35:01.018 D/ActivityManager(  657): Skipping, home or recents stack task: TaskRecord{333215f #15658 A=com.huawei.android.launcher U=0 StackId=0 sz=1}
06-24 15:35:01.018 D/ActivityManager(  657): Skipping intent:act=android.intent.action.MAIN cat=[android.intent.category.LAUNCHER] flg=0x10a00000 cmp=io.appium.settings/.Settings
06-24 15:35:01.018 D/ActivityManager(  657): Skipping intent:flg=0x10804000 cmp=com.android.systemui/.recents.RecentsActivity bnds=[48,928][1032,2296]
06-24 15:35:01.018 D/ActivityManager(  657): Skipping intent:flg=0x18800000 cmp=com.tencent.mm/.plugin.base.stub.WXPayEntryActivity
06-24 15:35:01.018 D/ActivityManager(  657): Skipping intent:flg=0x10800000 cmp=com.huawei.systemmanager/com.huawei.permissionmanager.ui.MainActivity
06-24 15:35:01.018 D/ActivityManager(  657): Skipping intent:flg=0x18800000 cmp=com.tencent.mm/.plugin.base.stub.WXEntryActivity
06-24 15:35:01.018 D/ActivityManager(  657): Skipping intent:act=com.huawei.action.VOICE_ASSISTANT flg=0x10800000 pkg=com.huawei.vassistant cmp=com.huawei.vassistant/.ui.main.VAssistantActivity
06-24 15:35:01.018 D/ActivityManager(  657): Skipping intent:act=com.huawei.android.launcher.action.ACCESS_SPLIT_SCREEN_APP cat=[android.intent.category.DEFAULT] flg=0x10804000 cmp=com.huawei.android.launcher/.splitscreen.SplitScreenAppActivity
06-24 15:35:01.018 D/ActivityManager(  657): Skipping intent:flg=0x10800000 pkg=com.excelliance.dualaid.b64 cmp=com.excelliance.dualaid.b64/com.excelliance.kxqp.sdk.PermissionRequestActivity
06-24 15:35:01.018 D/ActivityManager(  657): Skipping intent:act=android.intent.action.VIEW dat=content://com.excelliance.dualaid.fileProvider/external_storage_root/Download/apk/Multiple_64.apk typ=application/vnd.android.package-archive flg=0x10800001 cmp=com.android.packageinstaller/.InstallStart
06-24 15:35:01.018 D/ActivityManager(  657): Skipping intent:flg=0x10800000 cmp=com.android.systemui/.usb.HwUsbDebuggingActivity
06-24 15:35:01.018 D/ActivityManager(  657): Skipping intent:act=android.deviceinfo.chooser.action.LAUNCH flg=0x10800000 hwFlg=0x100 pkg=com.android.settings cmp=com.android.settings/.deviceinfo.UsbConnModeChooserActivity
06-24 15:35:01.018 D/ActivityManager(  657): Skipping intent:flg=0x10800000 cmp=com.zol.android/.push.KeepLiveActivity
06-24 15:35:01.018 D/ActivityManager(  657): Skipping intent:act=android.intent.action.MAIN cat=[android.intent.category.HOME] flg=0x10800300 cmp=com.android.settings/.FallbackHome
06-24 15:35:01.019 D/PMS11422(  657): package:com.ifreetalk.ftalk, input flags:0, output hwFlags:0
06-24 15:35:01.020 V/HelloActivity(14937): end add appType：0
06-24 15:35:01.023 I/zygote  (14937): Do partial code cache collection, code=63KB, data=51KB
06-24 15:35:01.024 I/zygote  (14937): After code cache collection, code=62KB, data=51KB
06-24 15:35:01.024 I/zygote  (14937): Increasing code cache capacity to 256KB
06-24 15:35:01.036 D/ActivityThread(14937): add activity client record, r= ActivityRecord{2c2a792 token=android.os.BinderProxy@f7a1593 {com.excelliance.dualaid/com.excelliance.kxqp.ui.HelloActivity}} token= android.os.BinderProxy@f7a1593
06-24 15:35:01.036 D/HelloActivity(14937): onSuccess: respone:{"code":1,"message":"success","data":{"switch":1},"service":"onekeyswitch"}
06-24 15:35:01.038 D/OpenGLRenderer(14937):   HWUI Binary is  enabled
06-24 15:35:01.040 V/WindowManager(  657): Adding Window{e9395ca u0 com.excelliance.dualaid/com.excelliance.kxqp.ui.HelloActivity} to AppWindowToken{2e20b7d token=Token{386edd4 ActivityRecord{3391727 u0 com.excelliance.dualaid/com.excelliance.kxqp.ui.HelloActivity t16020}}}
06-24 15:35:01.040 V/WindowManager(  657): addWindow: New client android.os.BinderProxy@22c2d35: window=Window{e9395ca u0 com.excelliance.dualaid/com.excelliance.kxqp.ui.HelloActivity} Callers=com.android.server.wm.HwWindowManagerService.addWindow:562 com.android.server.wm.Session.addToDisplay:199 android.view.IWindowSession$Stub.onTransact:124 com.android.server.wm.Session.onTransact:161 android.os.Binder.execTransact:675 
06-24 15:35:01.041 V/MainActivity(14937): onWindowFocusChanged: false
06-24 15:35:01.042 D/MainActivity(14937): onWindowFocusChanged: end
06-24 15:35:01.042 D/HelloActivity(14937): upload: com.tencent.mm,com.tencent.mobileqq,com.ifreetalk.ftalk
06-24 15:35:01.043 D/OpenGLRenderer(14937):   HWUI Binary is  enabled
06-24 15:35:01.044 E/SmtServService(14968): firststartcom.tencent.mm,com.tencent.mobileqq,com.ifreetalk.ftalk
06-24 15:35:01.057 V/WindowManager(  657): Checking 1 opening apps (frozen=false timeout=false)...
06-24 15:35:01.057 V/WindowManager(  657): Check opening app=AppWindowToken{2e20b7d token=Token{386edd4 ActivityRecord{3391727 u0 com.excelliance.dualaid/com.excelliance.kxqp.ui.HelloActivity t16020}}}: allDrawn=false startingDisplayed=false startingMoved=false isRelaunching()=false
06-24 15:35:01.059 V/HwPhoneWindowManager(  657): updateSystemUiColorLw window=Window{e9395ca u0 com.excelliance.dualaid/com.excelliance.kxqp.ui.HelloActivity},EmuiStyle=0,StatusBarColor=0x0,NavigationBarColor=0xff000000, mLastIsEmuiLightStyle=-1
06-24 15:35:01.059 D/HwPhoneWindowManager(  657): Transact:setSystemUIColor to status bar service
06-24 15:35:01.059 I/CommandQueue( 1513): updateBarBgColor
06-24 15:35:01.059 D/CommandQueue( 1513): CommandQueue, setBarBackgroundColor
06-24 15:35:01.060 D/TintManager( 1513): statusBarIconTint=#99FFFFFF,navigationBarIconTint=#FF000000
06-24 15:35:01.060 I/WindowManager(  657): notifyAccessibilityButtonVisibilityChanged visible:false
06-24 15:35:01.060 W/ActivityManager(  657): Sending non-protected broadcast huawei.action.floattasks.STATUS_BAR_STATE_CHANGED from system 1513:com.android.systemui/u0a39 pkg com.android.systemui
06-24 15:35:01.061 V/WindowManager(  657): Checking 1 opening apps (frozen=false timeout=false)...
06-24 15:35:01.061 V/WindowManager(  657): Check opening app=AppWindowToken{2e20b7d token=Token{386edd4 ActivityRecord{3391727 u0 com.excelliance.dualaid/com.excelliance.kxqp.ui.HelloActivity t16020}}}: allDrawn=false startingDisplayed=false startingMoved=false isRelaunching()=false
06-24 15:35:01.064 I/GRALLOC (  679): 	 shrFd=10,fmt=0x1,intFmt=0x200000001,btStrd=4352,size=8486912,pid=679 
06-24 15:35:01.064 I/GRALLOC (  679): 	 yuv=2,w=1080,h=1920,Stride u=0 v=0,offset u=0 v=0 
06-24 15:35:01.064 I/GRALLOC (  679): 	 iova_size=8486912,conUsg=0x900,proUsg=0x900,	 strd=1088,[afbc]HdrStrd=1088 PyldStrd=69632 Scrmbl=2,ionhnd = 1 
06-24 15:35:01.064 V/WindowManager(  657): Checking 1 opening apps (frozen=false timeout=false)...
06-24 15:35:01.064 V/WindowManager(  657): Check opening app=AppWindowToken{2e20b7d token=Token{386edd4 ActivityRecord{3391727 u0 com.excelliance.dualaid/com.excelliance.kxqp.ui.HelloActivity t16020}}}: allDrawn=false startingDisplayed=false startingMoved=false isRelaunching()=false
06-24 15:35:01.065 I/chatty  (  679): uid=1000(system) allocator@2.0-s identical 1 line
06-24 15:35:01.067 I/GRALLOC (  679): 	 shrFd=10,fmt=0x1,intFmt=0x200000001,btStrd=4352,size=8486912,pid=679 
06-24 15:35:01.067 I/GRALLOC (  679): 	 yuv=2,w=1080,h=1920,Stride u=0 v=0,offset u=0 v=0 
06-24 15:35:01.067 I/GRALLOC (  679): 	 iova_size=8486912,conUsg=0x900,proUsg=0x900,	 strd=1088,[afbc]HdrStrd=1088 PyldStrd=69632 Scrmbl=2,ionhnd = 1 
06-24 15:35:01.067 D/mali_winsys(14937): EGLint new_window_surface(egl_winsys_display *, void *, EGLSurface, EGLConfig, egl_winsys_surface **, egl_color_buffer_format *, EGLBoolean) returns 0x3000
06-24 15:35:01.068 W//system/bin/hwservicemanager(  416): Cannot open /odm/manifest.xml
06-24 15:35:01.080 D/VersionManager(14968): xml=<?xml version="1.0" encoding="utf-8"?><upinfo></upinfo>
06-24 15:35:01.083 W/InputMethodManager(14937): startInputReason = 1
06-24 15:35:01.084 D/PMS11422(  657): package:com.android.mms, input flags:0, output hwFlags:0
06-24 15:35:01.084 D/PMS11422(  657): package:com.android.settings, input flags:0, output hwFlags:0
06-24 15:35:01.085 I/wangchen( 7035): SysInfo.getSysParam: orientation=1||config d=3.0,w=1080,h=1920||metrics d=3.0,w=1080,h=1920||sdk=26,bar_h=72
06-24 15:35:01.085 I/KeymapLoader( 7035): w=1080 h=1920 ori=true appScale=3.3 s1=3.0
06-24 15:35:01.085 D/PMS11422(  657): package:com.android.contacts, input flags:0, output hwFlags:0
06-24 15:35:01.098 D/PMS1000 (  657): package:com.excelliance.dualaid, input flags:8192, output hwFlags:0
06-24 15:35:01.099 W/HSM     ( 1813): HoldService:toast switch is close!
06-24 15:35:01.100 D/ApplicationPackageManager(14937): getInstalledApplications blocked
06-24 15:35:01.100 D/HsmInterfaceImpl(14937): List [ApplicationInfo{eb33652 com.huawei.hifolder}, ApplicationInfo{2474d23 com.github.shadowsocks}, ApplicationInfo{deeb220 com.excelliance.dualaid}]
06-24 15:35:01.102 I/GRALLOC (  679): 	 shrFd=10,fmt=0x1,intFmt=0x200000001,btStrd=4352,size=8486912,pid=679 
06-24 15:35:01.102 I/GRALLOC (  679): 	 yuv=2,w=1080,h=1920,Stride u=0 v=0,offset u=0 v=0 
06-24 15:35:01.102 I/GRALLOC (  679): 	 iova_size=8486912,conUsg=0xb00,proUsg=0xb00,	 strd=1088,[afbc]HdrStrd=1088 PyldStrd=69632 Scrmbl=2,ionhnd = 1 
06-24 15:35:01.107 D/PMS11422(  657): package:com.tencent.tmgp.qqx5, input flags:0, output hwFlags:0
06-24 15:35:01.107 D/PMS11422(  657): package:com.huawei.android.pushagent, input flags:0, output hwFlags:0
06-24 15:35:01.107 D/PMS11422(  657): package:com.huawei.appmarket, input flags:0, output hwFlags:0
06-24 15:35:01.107 D/PMS11422(  657): package:com.wandoujia.phoenix2, input flags:0, output hwFlags:0
06-24 15:35:01.107 D/PMS11422(  657): package:com.tencent.mm, input flags:0, output hwFlags:0
06-24 15:35:01.107 D/PMS11422(  657): package:com.android.providers.media, input flags:0, output hwFlags:0
06-24 15:35:01.108 D/PMS11422(  657): package:com.huawei.vassistant, input flags:0, output hwFlags:0
06-24 15:35:01.108 D/PMS11422(  657): package:com.android.contacts, input flags:0, output hwFlags:0
06-24 15:35:01.108 D/PMS11422(  657): package:com.facebook.katana, input flags:0, output hwFlags:0
06-24 15:35:01.108 D/PMS11422(  657): package:com.huawei.hidisk, input flags:0, output hwFlags:536870912
06-24 15:35:01.108 D/PMS11422(  657): package:com.huawei.trustcircle, input flags:0, output hwFlags:0
06-24 15:35:01.108 D/PMS11422(  657): package:com.jingdong.app.mall, input flags:0, output hwFlags:0
06-24 15:35:01.108 D/PMS11422(  657): package:com.tencent.mobileqq, input flags:0, output hwFlags:0
06-24 15:35:01.109 D/PMS11422(  657): package:com.zol.android, input flags:0, output hwFlags:0
06-24 15:35:01.109 D/PMS11422(  657): package:com.huawei.hiskytone, input flags:0, output hwFlags:603979776
06-24 15:35:01.109 D/PMS11422(  657): package:com.huawei.hwid, input flags:0, output hwFlags:0
06-24 15:35:01.109 D/PMS11422(  657): package:com.sina.weibo, input flags:0, output hwFlags:0
06-24 15:35:01.109 D/PMS11422(  657): package:com.antutu.ABenchMark, input flags:0, output hwFlags:0
06-24 15:35:01.109 D/PMS11422(  657): package:com.sankuai.meituan.takeoutnew, input flags:0, output hwFlags:0
06-24 15:35:01.110 D/PMS11422(  657): package:com.vmall.client, input flags:0, output hwFlags:67108864
06-24 15:35:01.110 D/PMS11422(  657): package:com.android.browser, input flags:0, output hwFlags:0
06-24 15:35:01.110 D/WindowManager(  657): finishDrawingWindow: Window{e9395ca u0 com.excelliance.dualaid/com.excelliance.kxqp.ui.HelloActivity} mDrawState=DRAW_PENDING
06-24 15:35:01.110 D/PMS11422(  657): package:com.eg.android.AlipayGphone, input flags:0, output hwFlags:0
06-24 15:35:01.110 D/PMS11422(  657): package:com.android.mediacenter, input flags:0, output hwFlags:0
06-24 15:35:01.110 D/PMS11422(  657): package:com.huawei.himovie, input flags:0, output hwFlags:0
06-24 15:35:01.110 D/PMS11422(  657): package:com.huawei.hnreader, input flags:0, output hwFlags:67108864
06-24 15:35:01.110 D/PMS11422(  657): package:com.twitter.android, input flags:0, output hwFlags:0
06-24 15:35:01.111 D/PMS11422(  657): package:com.baidu.input_huawei, input flags:0, output hwFlags:0
06-24 15:35:01.111 D/PMS11422(  657): package:com.google.android.gms, input flags:0, output hwFlags:0
06-24 15:35:01.111 D/PMS11422(  657): package:com.sankuai.meituan, input flags:0, output hwFlags:0
06-24 15:35:01.111 D/PMS11422(  657): package:com.tencent.news, input flags:0, output hwFlags:0
06-24 15:35:01.111 D/PMS11422(  657): package:com.iflytek.speechsuite, input flags:0, output hwFlags:0
06-24 15:35:01.111 V/WindowManager(  657): Checking 1 opening apps (frozen=false timeout=false)...
06-24 15:35:01.111 V/WindowManager(  657): Check opening app=AppWindowToken{2e20b7d token=Token{386edd4 ActivityRecord{3391727 u0 com.excelliance.dualaid/com.excelliance.kxqp.ui.HelloActivity t16020}}}: allDrawn=true startingDisplayed=false startingMoved=false isRelaunching()=false
06-24 15:35:01.111 D/PMS11422(  657): package:com.qzone, input flags:0, output is null
06-24 15:35:01.111 D/PMS11422(  657): package:com.tencent.android.qqdownloader, input flags:0, output hwFlags:0
06-24 15:35:01.112 D/PMS11422(  657): package:com.tencent.now, input flags:0, output is null
06-24 15:35:01.112 D/PMS11422(  657): package:com.ifreetalk.ftalk, input flags:0, output hwFlags:0
06-24 15:35:01.112 D/PMS11422(  657): package:com.taobao.taobao, input flags:0, output hwFlags:0
06-24 15:35:01.112 D/PMS11422(  657): package:com.android.gallery3d, input flags:0, output hwFlags:0
06-24 15:35:01.112 D/PMS11422(  657): package:com.pp.assistant, input flags:0, output hwFlags:0
06-24 15:35:01.112 D/PMS11422(  657): package:com.oppo.market, input flags:0, output hwFlags:0
06-24 15:35:01.112 D/PMS11422(  657): package:com.excean.wxaid, input flags:0, output hwFlags:0
06-24 15:35:01.112 D/PMS11422(  657): package:com.huawei.intelligent, input flags:0, output hwFlags:0
06-24 15:35:01.113 D/PMS11422(  657): package:com.google.android.backuptransport, input flags:0, output hwFlags:0
06-24 15:35:01.113 D/PMS11422(  657): package:com.huawei.skytone, input flags:0, output hwFlags:0
06-24 15:35:01.113 D/PMS11422(  657): package:com.estrongs.android.pop, input flags:0, output hwFlags:0
06-24 15:35:01.113 D/PMS11422(  657): package:com.redfinger.app, input flags:0, output hwFlags:0
06-24 15:35:01.113 D/PMS11422(  657): package:com.android.vending, input flags:0, output hwFlags:0
06-24 15:35:01.113 D/PMS11422(  657): package:org.hapjs.mockup, input flags:0, output hwFlags:0
06-24 15:35:01.114 D/PMS11422(  657): package:com.huawei.gamebox, input flags:0, output hwFlags:603979776
06-24 15:35:01.114 D/PMS11422(  657): package:com.tencent.tmgp.pubgmhd-ext, input flags:0, output is null
06-24 15:35:01.114 D/PMS11422(  657): package:com.stickgame.los2, input flags:0, output hwFlags:0
06-24 15:35:01.114 D/PMS11422(  657): package:com.qihoo.appstore, input flags:0, output hwFlags:0
06-24 15:35:01.114 D/PMS11422(  657): package:com.huawei.android.thememanager, input flags:0, output hwFlags:0
06-24 15:35:01.114 D/PMS11422(  657): package:com.excean.parallelspace, input flags:0, output hwFlags:0
06-24 15:35:01.114 D/PMS11422(  657): package:com.UCMobile, input flags:0, output hwFlags:0
06-24 15:35:01.115 D/PMS11422(  657): package:com.bbk.appstore, input flags:0, output hwFlags:0
06-24 15:35:01.115 D/PMS11422(  657): package:com.excean.ppaid, input flags:0, output hwFlags:0
06-24 15:35:01.115 D/PMS11422(  657): package:com.netease.blockchain, input flags:0, output hwFlags:0
06-24 15:35:01.115 D/PMS11422(  657): package:com.huawei.camera, input flags:0, output hwFlags:0
06-24 15:35:01.115 D/PMS11422(  657): package:com.sinovatech.unicom.ui, input flags:0, output hwFlags:0
06-24 15:35:01.115 D/PMS11422(  657): package:com.huawei.phoneservice, input flags:0, output hwFlags:0
06-24 15:35:01.115 D/PMS11422(  657): package:com.crisisfire.android.nearme.gamecenter, input flags:0, output hwFlags:0
06-24 15:35:01.116 D/PMS11422(  657): package:com.antutu.benchmark.full, input flags:0, output hwFlags:0
06-24 15:35:01.116 D/PMS11422(  657): package:com.xunmeng.pinduoduo, input flags:0, output hwFlags:0
06-24 15:35:01.116 D/PMS11422(  657): package:com.zhuowang.cloneapp, input flags:0, output hwFlags:0
06-24 15:35:01.116 D/PMS11422(  657): package:com.excean.parallelspace.b64, input flags:0, output hwFlags:0
06-24 15:35:01.116 D/PMS11422(  657): package:com.excelliance.multiaccounts.b64, input flags:0, output hwFlags:0
06-24 15:35:01.116 D/PMS11422(  657): package:com.xiangyou.multispace, input flags:0, output hwFlags:0
06-24 15:35:01.116 D/PMS11422(  657): package:com.youlong.multiaccount, input flags:0, output hwFlags:0
06-24 15:35:01.116 D/PMS11422(  657): package:com.gameloft.android.ANMP.GloftA9HM, input flags:0, output hwFlags:0
06-24 15:35:01.117 D/PMS11422(  657): package:com.excelliance.dualaid.b64, input flags:0, output hwFlags:0
06-24 15:35:01.117 D/AddGameData(14937): switch_uninstall: 70
06-24 15:35:01.118 V/WindowManager(  657): Checking 0 opening apps (frozen=false timeout=false)...
06-24 15:35:01.121 I/ActivityManager(  657): Displayed com.excelliance.dualaid/com.excelliance.kxqp.ui.HelloActivity: +199ms
06-24 15:35:01.122 D/BarTransitions.HwPhoneStatusBarView( 1513): MODE_TRANSLUCENT -> MODE_TRANSPARENT animate=false
06-24 15:35:01.122 D/BarTransitions.HwPhoneStatusBarView( 1513): applyModeBackground oldMode=MODE_TRANSLUCENT newMode=MODE_TRANSPARENT animate=false
06-24 15:35:01.122 I/GRALLOC (  679): 	 shrFd=10,fmt=0x1,intFmt=0x200000001,btStrd=4352,size=8486912,pid=679 
06-24 15:35:01.122 I/GRALLOC (  679): 	 yuv=2,w=1080,h=1920,Stride u=0 v=0,offset u=0 v=0 
06-24 15:35:01.122 I/GRALLOC (  679): 	 iova_size=8486912,conUsg=0xb00,proUsg=0xb00,	 strd=1088,[afbc]HdrStrd=1088 PyldStrd=69632 Scrmbl=2,ionhnd = 1 
06-24 15:35:01.124 D/PMS1000 (  657): package:com.excelliance.dualaid, input flags:8192, output hwFlags:0
06-24 15:35:01.127 I/GRALLOC (  679): 	 shrFd=10,fmt=0x1,intFmt=0x200000001,btStrd=4352,size=8486912,pid=679 
06-24 15:35:01.127 I/GRALLOC (  679): 	 yuv=2,w=1080,h=1920,Stride u=0 v=0,offset u=0 v=0 
06-24 15:35:01.127 I/GRALLOC (  679): 	 iova_size=8486912,conUsg=0xb00,proUsg=0xb00,	 strd=1088,[afbc]HdrStrd=1088 PyldStrd=69632 Scrmbl=2,ionhnd = 1 
06-24 15:35:01.127 W/HSM     ( 1813): HoldService:toast switch is close!
06-24 15:35:01.129 D/ApplicationPackageManager(14937): queryIntentActivitiesAsUser blocked, Intent { act=android.intent.action.MAIN cat=[android.intent.category.LAUNCHER] pkg=com.huawei.hifolder }
06-24 15:35:01.129 D/HsmInterfaceImpl(14937): List []
06-24 15:35:01.129 D/BarTransitions.HwNavigationBarView( 1513): MODE_OPAQUE -> MODE_TRANSPARENT animate=false
06-24 15:35:01.129 D/BarTransitions.HwNavigationBarView( 1513): applyModeBackground oldMode=MODE_OPAQUE newMode=MODE_TRANSPARENT animate=false
06-24 15:35:01.130 E/BufferQueueProducer(  710): [com.excelliance.dualaid/com.excelliance.kxqp.swipe.NavActivity2#0] disconnect: not connected (req=1)
06-24 15:35:01.130 W/libEGL  (14937): EGLNativeWindowType 0xd0cbb808 disconnect failed
06-24 15:35:01.131 D/PMS1000 (  657): package:com.excelliance.dualaid, input flags:8192, output hwFlags:0
06-24 15:35:01.132 W/HSM     ( 1813): HoldService:toast switch is close!
06-24 15:35:01.133 D/ApplicationPackageManager(14937): queryIntentActivitiesAsUser blocked, Intent { act=android.intent.action.MAIN cat=[android.intent.category.LAUNCHER] pkg=com.github.shadowsocks }
06-24 15:35:01.133 D/HsmInterfaceImpl(14937): List [ResolveInfo{da7c7d9 com.github.shadowsocks/.MainActivity m=0x108000}]
06-24 15:35:01.157 W/HSM     ( 1813): HoldService:toast switch is close!
06-24 15:35:01.158 D/ApplicationPackageManager(14937): queryIntentActivitiesAsUser blocked, Intent { act=android.intent.action.MAIN cat=[android.intent.category.LAUNCHER] pkg=com.excelliance.dualaid }
06-24 15:35:01.158 D/HsmInterfaceImpl(14937): List [ResolveInfo{537987f com.excelliance.dualaid/com.excelliance.kxqp.ui.HelloActivity m=0x108000}]
06-24 15:35:01.186 D/PMS1000 (  657): package:com.excelliance.dualaid, input flags:8192, output hwFlags:0
06-24 15:35:01.186 W/HSM     ( 1813): HoldService:toast switch is close!
06-24 15:35:01.187 D/ApplicationPackageManager(14937): queryIntentActivitiesAsUser blocked, Intent { act=android.intent.action.MAIN cat=[android.intent.category.LAUNCHER] pkg=com.tencent.tmgp.qqx5 }
06-24 15:35:01.187 D/HsmInterfaceImpl(14937): List [ResolveInfo{7c40895 com.tencent.tmgp.qqx5/.DGMMainActivity m=0x108000}]
06-24 15:35:01.217 D/HwRecentsLockUtils( 1513): Search
06-24 15:35:01.217 E/HsmCoreServiceImpl( 1478): onTransact in code is: 103
06-24 15:35:01.217 I/MediaProcessHandler( 1478): playingUids: 
06-24 15:35:01.217 D/ActivityManager(  657): Skipping, home or recents stack task: TaskRecord{333215f #15658 A=com.huawei.android.launcher U=0 StackId=0 sz=1}
06-24 15:35:01.217 D/ActivityManager(  657): Skipping intent:act=android.intent.action.MAIN cat=[android.intent.category.LAUNCHER] flg=0x10a00000 cmp=io.appium.settings/.Settings
06-24 15:35:01.217 D/ActivityManager(  657): Skipping intent:flg=0x10804000 cmp=com.android.systemui/.recents.RecentsActivity bnds=[48,928][1032,2296]
06-24 15:35:01.217 D/ActivityManager(  657): Skipping intent:flg=0x18800000 cmp=com.tencent.mm/.plugin.base.stub.WXPayEntryActivity
06-24 15:35:01.217 D/ActivityManager(  657): Skipping intent:flg=0x10800000 cmp=com.huawei.systemmanager/com.huawei.permissionmanager.ui.MainActivity
06-24 15:35:01.217 D/ActivityManager(  657): Skipping intent:flg=0x18800000 cmp=com.tencent.mm/.plugin.base.stub.WXEntryActivity
06-24 15:35:01.217 D/ActivityManager(  657): Skipping intent:act=com.huawei.action.VOICE_ASSISTANT flg=0x10800000 pkg=com.huawei.vassistant cmp=com.huawei.vassistant/.ui.main.VAssistantActivity
06-24 15:35:01.217 D/ActivityManager(  657): Skipping intent:act=com.huawei.android.launcher.action.ACCESS_SPLIT_SCREEN_APP cat=[android.intent.category.DEFAULT] flg=0x10804000 cmp=com.huawei.android.launcher/.splitscreen.SplitScreenAppActivity
06-24 15:35:01.217 D/ActivityManager(  657): Skipping intent:flg=0x10800000 pkg=com.excelliance.dualaid.b64 cmp=com.excelliance.dualaid.b64/com.excelliance.kxqp.sdk.PermissionRequestActivity
06-24 15:35:01.217 D/ActivityManager(  657): Skipping intent:act=android.intent.action.VIEW dat=content://com.excelliance.dualaid.fileProvider/external_storage_root/Download/apk/Multiple_64.apk typ=application/vnd.android.package-archive flg=0x10800001 cmp=com.android.packageinstaller/.InstallStart
06-24 15:35:01.217 D/ActivityManager(  657): Skipping intent:flg=0x10800000 cmp=com.android.systemui/.usb.HwUsbDebuggingActivity
06-24 15:35:01.217 D/ActivityManager(  657): Skipping intent:act=android.deviceinfo.chooser.action.LAUNCH flg=0x10800000 hwFlg=0x100 pkg=com.android.settings cmp=com.android.settings/.deviceinfo.UsbConnModeChooserActivity
06-24 15:35:01.217 D/ActivityManager(  657): Skipping intent:flg=0x10800000 cmp=com.zol.android/.push.KeepLiveActivity
06-24 15:35:01.218 D/ActivityManager(  657): Skipping intent:act=android.intent.action.MAIN cat=[android.intent.category.HOME] flg=0x10800300 cmp=com.android.settings/.FallbackHome
06-24 15:35:01.230 D/PMS1000 (  657): package:com.excelliance.dualaid, input flags:8192, output hwFlags:0
06-24 15:35:01.231 W/HSM     ( 1813): HoldService:toast switch is close!
06-24 15:35:01.231 D/ApplicationPackageManager(14937): queryIntentActivitiesAsUser blocked, Intent { act=android.intent.action.MAIN cat=[android.intent.category.LAUNCHER] pkg=com.huawei.android.pushagent }
06-24 15:35:01.231 D/HsmInterfaceImpl(14937): List []
06-24 15:35:01.234 W/HSM     ( 1813): HoldService:toast switch is close!
06-24 15:35:01.235 D/ApplicationPackageManager(14937): queryIntentActivitiesAsUser blocked, Intent { act=android.intent.action.MAIN cat=[android.intent.category.LAUNCHER] pkg=com.huawei.appmarket }
06-24 15:35:01.235 D/HsmInterfaceImpl(14937): List [ResolveInfo{8b73d9b com.huawei.appmarket/.MainActivity m=0x108000}]
06-24 15:35:01.238 E/asset   (14937): createFromFile(): lock file /data/resource-cache/system@emui@base@overlay@frameworkhwexthonor@frameworkhwexthonor.apk@idmap.
06-24 15:35:01.238 E/asset   (14937): createFromFile(): lock file /data/resource-cache/system@emui@base@overlay@frameworkhwexthonor@frameworkhwexthonor.apk@idmap.
06-24 15:35:01.239 W/ResourceType(14937): Found multiple library tables, ignoring...
06-24 15:35:01.268 D/PMS1000 (  657): package:com.excelliance.dualaid, input flags:8192, output hwFlags:0
06-24 15:35:01.269 W/HSM     ( 1813): HoldService:toast switch is close!
06-24 15:35:01.269 D/ApplicationPackageManager(14937): queryIntentActivitiesAsUser blocked, Intent { act=android.intent.action.MAIN cat=[android.intent.category.LAUNCHER] pkg=com.wandoujia.phoenix2 }
06-24 15:35:01.270 D/HsmInterfaceImpl(14937): List [ResolveInfo{67f8a76 com.wandoujia.phoenix2/com.pp.assistant.activity.PPMainActivity m=0x108000}]
06-24 15:35:01.298 W/HSM     ( 1813): HoldService:toast switch is close!
06-24 15:35:01.299 D/ApplicationPackageManager(14937): queryIntentActivitiesAsUser blocked, Intent { act=android.intent.action.MAIN cat=[android.intent.category.LAUNCHER] pkg=com.tencent.mm }
06-24 15:35:01.299 D/HsmInterfaceImpl(14937): List [ResolveInfo{222dce4 com.tencent.mm/.ui.LauncherUI m=0x108000}]
06-24 15:35:01.305 I/TrafficMonitor(  657): update:rxPkts:19,txPkts:22,rxBytes:8167,txBytes:2826
06-24 15:35:01.305 I/TrafficMonitor(  657): start expired. level:-1
06-24 15:35:01.305 I/TrafficMonitor(  657): gettimer:interval=2000
06-24 15:35:01.311 W/HSM     ( 1813): HoldService:toast switch is close!
06-24 15:35:01.311 D/ApplicationPackageManager(14937): queryIntentActivitiesAsUser blocked, Intent { act=android.intent.action.MAIN cat=[android.intent.category.LAUNCHER] pkg=com.android.providers.media }
06-24 15:35:01.311 D/HsmInterfaceImpl(14937): List []
06-24 15:35:01.314 W/HSM     ( 1813): HoldService:toast switch is close!
06-24 15:35:01.314 D/ApplicationPackageManager(14937): queryIntentActivitiesAsUser blocked, Intent { act=android.intent.action.MAIN cat=[android.intent.category.LAUNCHER] pkg=com.huawei.vassistant }
06-24 15:35:01.314 D/HsmInterfaceImpl(14937): List [ResolveInfo{47db54d com.huawei.vassistant/.ui.main.VAssistantActivity m=0x108000}]
06-24 15:35:01.317 E/asset   (14937): createFromFile(): lock file /data/resource-cache/system@emui@base@overlay@frameworkhwexthonor@frameworkhwexthonor.apk@idmap.
06-24 15:35:01.318 E/asset   (14937): createFromFile(): lock file /data/resource-cache/system@emui@base@overlay@frameworkhwexthonor@frameworkhwexthonor.apk@idmap.
06-24 15:35:01.318 W/ResourceType(14937): Found multiple library tables, ignoring...
06-24 15:35:01.332 V/ActivityManager(  657): Making visible and scheduling visibility: ActivityRecord{d5c9105 u0 com.huawei.android.launcher/.unihome.UniHomeLauncher t15658}
06-24 15:35:01.332 V/WindowManager(  657): No longer Stopped: AppWindowToken{d3a938b token=Token{377755a ActivityRecord{d5c9105 u0 com.huawei.android.launcher/.unihome.UniHomeLauncher t15658}}}
06-24 15:35:01.361 D/ActivityThread(14937): Remove activity client record, r= ActivityRecord{414755e token=android.os.BinderProxy@31abee5 {com.excelliance.dualaid/com.excelliance.kxqp.swipe.NavActivity2}} token= android.os.BinderProxy@31abee5
06-24 15:35:01.362 E/HwLauncher( 2519): SettingsEx , no such field.
06-24 15:35:01.362 V/ActivityThread( 2519): Handle window ActivityRecord{4719bb8 token=android.os.BinderProxy@b3fca27 {com.huawei.android.launcher/com.huawei.android.launcher.unihome.UniHomeLauncher}} visibility: true
06-24 15:35:01.363 W/HwLauncher( 2519): Clock getDataFormat the getSystemString failed.
06-24 15:35:01.363 D/PMS1000 (  657): package:com.excelliance.dualaid, input flags:8192, output hwFlags:0
06-24 15:35:01.364 V/WindowManager(  657): removeIfPossible: Window{d7a3268 u0 com.excelliance.dualaid/com.excelliance.kxqp.swipe.NavActivity2} callers=com.android.server.wm.WindowState.removeIfPossible:1914 com.android.server.wm.WindowManagerService.removeWindow:2022 com.android.server.wm.Session.remove:218 android.view.IWindowSession$Stub.onTransact:242 com.android.server.wm.Session.onTransact:161 
06-24 15:35:01.365 D/HwQoEUtils(  657): mForegroundAppPackageName: com.huawei.android.launcher ,score: 0
06-24 15:35:01.365 I/WindowManager(  657): Destroying surface Surface(name=com.excelliance.dualaid/com.excelliance.kxqp.swipe.NavActivity2) called by com.android.server.wm.WindowStateAnimator.destroySurface:2060 com.android.server.wm.WindowStateAnimator.destroySurfaceLocked:873 com.android.server.wm.HwWindowStateAnimator.destroySurfaceLocked:1006 com.android.server.wm.WindowState.removeImmediately:1899 com.android.server.wm.WindowState.removeIfPossible:2051 com.android.server.wm.WindowState.removeIfPossible:1914 com.android.server.wm.WindowManagerService.removeWindow:2022 com.android.server.wm.Session.remove:218 
06-24 15:35:01.365 D/HwQoEUtils(  657): onForegroundAppWifiSleepChange: config:false, sleeptime:-1,type: 255, appname:com.huawei.android.launcher
06-24 15:35:01.365 D/HwQoEUtils(  657): APP type: 255 appName= com.huawei.android.launcher
06-24 15:35:01.365 V/WindowManager(  657): postWindowRemoveCleanupLocked: Window{d7a3268 u0 com.excelliance.dualaid/com.excelliance.kxqp.swipe.NavActivity2}
06-24 15:35:01.365 V/WindowManager(  657): Removing Window{d7a3268 u0 com.excelliance.dualaid/com.excelliance.kxqp.swipe.NavActivity2} from AppWindowToken{d98834d token=Token{2d022e4 ActivityRecord{760b677 u0 com.excelliance.dualaid/com.excelliance.kxqp.swipe.NavActivity2 t16020}}}
06-24 15:35:01.365 D/HwQoEUtils(  657): no game, APP_TYPE_GAME, appName =com.huawei.android.launcher
06-24 15:35:01.365 W/HSM     ( 1813): HoldService:toast switch is close!
06-24 15:35:01.366 D/HwGameAssistantController(  657): pid=2519, uid=10056, foreground=true
06-24 15:35:01.366 D/ApplicationPackageManager(14937): queryIntentActivitiesAsUser blocked, Intent { act=android.intent.action.MAIN cat=[android.intent.category.LAUNCHER] pkg=com.facebook.katana }
06-24 15:35:01.367 D/HsmInterfaceImpl(14937): List [ResolveInfo{ba2e350 com.facebook.katana/.LoginActivity m=0x108000}]
06-24 15:35:01.372 I/HwNetworkPolicy(  657): onTransact, code = 203
06-24 15:35:01.372 I/HwNetworkPolicyManager( 1813): getHwUidPolicy uid = 10056 policy = 0
06-24 15:35:01.373 V/WindowManager(  657): removeAppToken: AppWindowToken{d98834d token=Token{2d022e4 ActivityRecord{760b677 u0 com.excelliance.dualaid/com.excelliance.kxqp.swipe.NavActivity2 t16020}}} delayed=false Callers=com.android.server.wm.DisplayContent.removeAppToken:985 com.android.server.wm.AppWindowContainerController.removeContainer:348 com.android.server.am.ActivityRecord.removeWindowContainer:1039 com.android.server.am.ActivityStack.removeActivityFromHistoryLocked:4491 
06-24 15:35:01.374 W/AwareLog(  657): SchedLevelBoost: onFgActivitiesChanged config not set!
06-24 15:35:01.384 I/GRALLOC (  679): 	 shrFd=10,fmt=0x1,intFmt=0x200000001,btStrd=4352,size=8486912,pid=679 
06-24 15:35:01.384 I/GRALLOC (  679): 	 yuv=2,w=1080,h=1920,Stride u=0 v=0,offset u=0 v=0 
06-24 15:35:01.384 I/GRALLOC (  679): 	 iova_size=8486912,conUsg=0x900,proUsg=0x900,	 strd=1088,[afbc]HdrStrd=1088 PyldStrd=69632 Scrmbl=2,ionhnd = 1 
06-24 15:35:01.387 I/chatty  (  679): uid=1000(system) allocator@2.0-s identical 1 line
06-24 15:35:01.390 I/GRALLOC (  679): 	 shrFd=10,fmt=0x1,intFmt=0x200000001,btStrd=4352,size=8486912,pid=679 
06-24 15:35:01.390 I/GRALLOC (  679): 	 yuv=2,w=1080,h=1920,Stride u=0 v=0,offset u=0 v=0 
