06-24 16:34:05.445 D/PMS11423(  657): package:com.sina.weibo, input flags:0, output hwFlags:0
06-24 16:34:05.445 D/PMS11423(  657): package:com.antutu.ABenchMark, input flags:0, output hwFlags:0
06-24 16:34:05.445 D/PMS11423(  657): package:com.sankuai.meituan.takeoutnew, input flags:0, output hwFlags:0
06-24 16:34:05.445 D/PMS11423(  657): package:com.vmall.client, input flags:0, output hwFlags:67108864
06-24 16:34:05.446 D/PMS11423(  657): package:com.android.browser, input flags:0, output hwFlags:0
06-24 16:34:05.446 D/PMS11423(  657): package:com.eg.android.AlipayGphone, input flags:0, output hwFlags:0
06-24 16:34:05.446 D/PMS11423(  657): package:com.android.mediacenter, input flags:0, output hwFlags:0
06-24 16:34:05.446 D/PMS11423(  657): package:com.huawei.himovie, input flags:0, output hwFlags:0
06-24 16:34:05.446 D/PMS11423(  657): package:com.huawei.hnreader, input flags:0, output hwFlags:67108864
06-24 16:34:05.446 D/PMS11423(  657): package:com.twitter.android, input flags:0, output hwFlags:0
06-24 16:34:05.446 D/PMS11423(  657): package:com.baidu.input_huawei, input flags:0, output hwFlags:0
06-24 16:34:05.446 D/PMS11423(  657): package:com.google.android.gms, input flags:0, output hwFlags:0
06-24 16:34:05.447 D/PMS11423(  657): package:com.sankuai.meituan, input flags:0, output hwFlags:0
06-24 16:34:05.447 D/PMS11423(  657): package:com.tencent.news, input flags:0, output hwFlags:0
06-24 16:34:05.447 D/PMS11423(  657): package:com.iflytek.speechsuite, input flags:0, output hwFlags:0
06-24 16:34:05.447 D/PMS11423(  657): package:com.qzone, input flags:0, output is null
06-24 16:34:05.447 D/PMS11423(  657): package:com.tencent.android.qqdownloader, input flags:0, output hwFlags:0
06-24 16:34:05.447 D/PMS11423(  657): package:com.tencent.now, input flags:0, output is null
06-24 16:34:05.447 D/PMS11423(  657): package:com.ifreetalk.ftalk, input flags:0, output hwFlags:0
06-24 16:34:05.448 D/PMS11423(  657): package:com.taobao.taobao, input flags:0, output hwFlags:0
06-24 16:34:05.448 D/PMS11423(  657): package:com.android.gallery3d, input flags:0, output hwFlags:0
06-24 16:34:05.448 D/PMS11423(  657): package:com.pp.assistant, input flags:0, output hwFlags:0
06-24 16:34:05.448 D/PMS11423(  657): package:com.oppo.market, input flags:0, output hwFlags:0
06-24 16:34:05.448 D/PMS11423(  657): package:com.excean.wxaid, input flags:0, output hwFlags:0
06-24 16:34:05.448 D/PMS11423(  657): package:com.huawei.intelligent, input flags:0, output hwFlags:0
06-24 16:34:05.448 D/PMS11423(  657): package:com.google.android.backuptransport, input flags:0, output hwFlags:0
06-24 16:34:05.449 D/PMS11423(  657): package:com.huawei.skytone, input flags:0, output hwFlags:0
06-24 16:34:05.449 D/PMS11423(  657): package:com.estrongs.android.pop, input flags:0, output hwFlags:0
06-24 16:34:05.449 D/PMS11423(  657): package:com.redfinger.app, input flags:0, output hwFlags:0
06-24 16:34:05.449 D/PMS11423(  657): package:com.android.vending, input flags:0, output hwFlags:0
06-24 16:34:05.449 D/PMS11423(  657): package:org.hapjs.mockup, input flags:0, output hwFlags:0
06-24 16:34:05.449 D/PMS11423(  657): package:com.huawei.gamebox, input flags:0, output hwFlags:603979776
06-24 16:34:05.449 D/PMS11423(  657): package:com.tencent.tmgp.pubgmhd-ext, input flags:0, output is null
06-24 16:34:05.450 D/PMS11423(  657): package:com.stickgame.los2, input flags:0, output hwFlags:0
06-24 16:34:05.450 D/PMS11423(  657): package:com.qihoo.appstore, input flags:0, output hwFlags:0
06-24 16:34:05.450 D/PMS11423(  657): package:com.huawei.android.thememanager, input flags:0, output hwFlags:0
06-24 16:34:05.450 D/PMS11423(  657): package:com.excean.parallelspace, input flags:0, output hwFlags:0
06-24 16:34:05.450 D/PMS11423(  657): package:com.UCMobile, input flags:0, output hwFlags:0
06-24 16:34:05.450 D/PMS11423(  657): package:com.bbk.appstore, input flags:0, output hwFlags:0
06-24 16:34:05.450 D/PMS11423(  657): package:com.excean.ppaid, input flags:0, output hwFlags:0
06-24 16:34:05.451 D/PMS11423(  657): package:com.netease.blockchain, input flags:0, output hwFlags:0
06-24 16:34:05.451 D/PMS11423(  657): package:com.huawei.camera, input flags:0, output hwFlags:0
06-24 16:34:05.451 D/PMS11423(  657): package:com.sinovatech.unicom.ui, input flags:0, output hwFlags:0
06-24 16:34:05.451 D/PMS11423(  657): package:com.huawei.phoneservice, input flags:0, output hwFlags:0
06-24 16:34:05.451 D/PMS11423(  657): package:com.crisisfire.android.nearme.gamecenter, input flags:0, output hwFlags:0
06-24 16:34:05.451 D/PMS11423(  657): package:com.antutu.benchmark.full, input flags:0, output hwFlags:0
06-24 16:34:05.451 D/PMS11423(  657): package:com.xunmeng.pinduoduo, input flags:0, output hwFlags:0
06-24 16:34:05.452 D/PMS11423(  657): package:com.zhuowang.cloneapp, input flags:0, output hwFlags:0
06-24 16:34:05.452 D/PMS11423(  657): package:com.excean.parallelspace.b64, input flags:0, output hwFlags:0
06-24 16:34:05.452 D/PMS11423(  657): package:com.excelliance.multiaccounts.b64, input flags:0, output hwFlags:0
06-24 16:34:05.452 D/PMS11423(  657): package:com.xiangyou.multispace, input flags:0, output hwFlags:0
06-24 16:34:05.452 D/PMS11423(  657): package:com.youlong.multiaccount, input flags:0, output hwFlags:0
06-24 16:34:05.452 D/PMS11423(  657): package:com.gameloft.android.ANMP.GloftA9HM, input flags:0, output hwFlags:0
06-24 16:34:05.452 D/PMS11423(  657): package:com.excelliance.dualaid.b64, input flags:0, output hwFlags:0
06-24 16:34:05.452 I/GRALLOC (  679): 	 shrFd=10,fmt=0x1,intFmt=0x200000001,btStrd=4352,size=8486912,pid=679 
06-24 16:34:05.452 I/GRALLOC (  679): 	 yuv=2,w=1080,h=1920,Stride u=0 v=0,offset u=0 v=0 
06-24 16:34:05.452 I/GRALLOC (  679): 	 iova_size=8486912,conUsg=0xb00,proUsg=0xb00,	 strd=1088,[afbc]HdrStrd=1088 PyldStrd=69632 Scrmbl=2,ionhnd = 1 
06-24 16:34:05.453 D/AddGameData(16104): switch_uninstall: 70
06-24 16:34:05.455 D/PMS1000 (  657): package:com.excelliance.dualaid, input flags:8192, output hwFlags:0
06-24 16:34:05.456 W/HSM     ( 1813): HoldService:toast switch is close!
06-24 16:34:05.456 D/ApplicationPackageManager(16104): queryIntentActivitiesAsUser blocked, Intent { act=android.intent.action.MAIN cat=[android.intent.category.LAUNCHER] pkg=com.huawei.hifolder }
06-24 16:34:05.456 D/HsmInterfaceImpl(16104): List []
06-24 16:34:05.459 D/WindowManager(  657): finishDrawingWindow: Window{236074a u0 com.excelliance.dualaid/com.excelliance.kxqp.ui.HelloActivity} mDrawState=DRAW_PENDING
06-24 16:34:05.459 D/PMS1000 (  657): package:com.excelliance.dualaid, input flags:8192, output hwFlags:0
06-24 16:34:05.460 V/WindowManager(  657): Checking 1 opening apps (frozen=false timeout=false)...
06-24 16:34:05.460 V/WindowManager(  657): Check opening app=AppWindowToken{f5e2fd token=Token{3ad7354 ActivityRecord{87842a7 u0 com.excelliance.dualaid/com.excelliance.kxqp.ui.HelloActivity t16054}}}: allDrawn=true startingDisplayed=false startingMoved=false isRelaunching()=false
06-24 16:34:05.460 W/HSM     ( 1813): HoldService:toast switch is close!
06-24 16:34:05.461 D/ApplicationPackageManager(16104): queryIntentActivitiesAsUser blocked, Intent { act=android.intent.action.MAIN cat=[android.intent.category.LAUNCHER] pkg=com.github.shadowsocks }
06-24 16:34:05.461 D/HsmInterfaceImpl(16104): List [ResolveInfo{d51d802 com.github.shadowsocks/.MainActivity m=0x108000}]
06-24 16:34:05.465 I/ActivityManager(  657): Displayed com.excelliance.dualaid/com.excelliance.kxqp.ui.HelloActivity: +209ms
06-24 16:34:05.467 V/WindowManager(  657): Checking 0 opening apps (frozen=false timeout=false)...
06-24 16:34:05.469 D/BarTransitions.HwPhoneStatusBarView( 1513): MODE_TRANSLUCENT -> MODE_TRANSPARENT animate=false
06-24 16:34:05.469 D/BarTransitions.HwPhoneStatusBarView( 1513): applyModeBackground oldMode=MODE_TRANSLUCENT newMode=MODE_TRANSPARENT animate=false
06-24 16:34:05.471 I/GRALLOC (  679): 	 shrFd=10,fmt=0x1,intFmt=0x200000001,btStrd=4352,size=8486912,pid=679 
06-24 16:34:05.471 I/GRALLOC (  679): 	 yuv=2,w=1080,h=1920,Stride u=0 v=0,offset u=0 v=0 
06-24 16:34:05.471 I/GRALLOC (  679): 	 iova_size=8486912,conUsg=0xb00,proUsg=0xb00,	 strd=1088,[afbc]HdrStrd=1088 PyldStrd=69632 Scrmbl=2,ionhnd = 1 
06-24 16:34:05.484 D/PMS1000 (  657): package:com.excelliance.dualaid, input flags:8192, output hwFlags:0
06-24 16:34:05.485 D/BarTransitions.HwNavigationBarView( 1513): MODE_OPAQUE -> MODE_TRANSPARENT animate=false
06-24 16:34:05.485 D/BarTransitions.HwNavigationBarView( 1513): applyModeBackground oldMode=MODE_OPAQUE newMode=MODE_TRANSPARENT animate=false
06-24 16:34:05.485 W/HSM     ( 1813): HoldService:toast switch is close!
06-24 16:34:05.486 D/ApplicationPackageManager(16104): queryIntentActivitiesAsUser blocked, Intent { act=android.intent.action.MAIN cat=[android.intent.category.LAUNCHER] pkg=com.excelliance.dualaid }
06-24 16:34:05.486 I/GRALLOC (  679): 	 shrFd=10,fmt=0x1,intFmt=0x200000001,btStrd=4352,size=8486912,pid=679 
06-24 16:34:05.486 I/GRALLOC (  679): 	 yuv=2,w=1080,h=1920,Stride u=0 v=0,offset u=0 v=0 
06-24 16:34:05.486 I/GRALLOC (  679): 	 iova_size=8486912,conUsg=0xb00,proUsg=0xb00,	 strd=1088,[afbc]HdrStrd=1088 PyldStrd=69632 Scrmbl=2,ionhnd = 1 
06-24 16:34:05.486 D/HsmInterfaceImpl(16104): List [ResolveInfo{ba2e350 com.excelliance.dualaid/com.excelliance.kxqp.ui.HelloActivity m=0x108000}]
06-24 16:34:05.490 E/BufferQueueProducer(  710): [com.excelliance.dualaid/com.excelliance.kxqp.swipe.NavActivity2#0] disconnect: not connected (req=1)
06-24 16:34:05.491 W/libEGL  (16104): EGLNativeWindowType 0xd0cbd808 disconnect failed
06-24 16:34:05.513 D/PMS1000 (  657): package:com.excelliance.dualaid, input flags:8192, output hwFlags:0
06-24 16:34:05.514 W/HSM     ( 1813): HoldService:toast switch is close!
06-24 16:34:05.515 D/ApplicationPackageManager(16104): queryIntentActivitiesAsUser blocked, Intent { act=android.intent.action.MAIN cat=[android.intent.category.LAUNCHER] pkg=com.tencent.tmgp.qqx5 }
06-24 16:34:05.515 D/HsmInterfaceImpl(16104): List [ResolveInfo{f09724e com.tencent.tmgp.qqx5/.DGMMainActivity m=0x108000}]
06-24 16:34:05.559 W/HSM     ( 1813): HoldService:toast switch is close!
06-24 16:34:05.559 D/ApplicationPackageManager(16104): queryIntentActivitiesAsUser blocked, Intent { act=android.intent.action.MAIN cat=[android.intent.category.LAUNCHER] pkg=com.huawei.android.pushagent }
06-24 16:34:05.560 D/HsmInterfaceImpl(16104): List []
06-24 16:34:05.563 W/HSM     ( 1813): HoldService:toast switch is close!
06-24 16:34:05.563 D/ApplicationPackageManager(16104): queryIntentActivitiesAsUser blocked, Intent { act=android.intent.action.MAIN cat=[android.intent.category.LAUNCHER] pkg=com.huawei.appmarket }
06-24 16:34:05.564 D/HsmInterfaceImpl(16104): List [ResolveInfo{edae47c com.huawei.appmarket/.MainActivity m=0x108000}]
06-24 16:34:05.566 D/HwRecentsLockUtils( 1513): Search
06-24 16:34:05.566 E/HsmCoreServiceImpl( 1478): onTransact in code is: 103
06-24 16:34:05.567 I/MediaProcessHandler( 1478): playingUids: 
06-24 16:34:05.567 D/ActivityManager(  657): Skipping, home or recents stack task: TaskRecord{333215f #15658 A=com.huawei.android.launcher U=0 StackId=0 sz=1}
06-24 16:34:05.567 D/ActivityManager(  657): Skipping intent:act=android.intent.action.MAIN cat=[android.intent.category.LAUNCHER] flg=0x10a00000 cmp=io.appium.settings/.Settings
06-24 16:34:05.567 D/ActivityManager(  657): Skipping intent:flg=0x10804000 cmp=com.android.systemui/.recents.RecentsActivity bnds=[48,928][1032,2296]
06-24 16:34:05.567 D/ActivityManager(  657): Skipping intent:flg=0x18800000 cmp=com.tencent.mm/.plugin.base.stub.WXPayEntryActivity
06-24 16:34:05.567 D/ActivityManager(  657): Skipping intent:flg=0x10800000 cmp=com.huawei.systemmanager/com.huawei.permissionmanager.ui.MainActivity
06-24 16:34:05.567 D/ActivityManager(  657): Skipping intent:flg=0x18800000 cmp=com.tencent.mm/.plugin.base.stub.WXEntryActivity
06-24 16:34:05.567 D/ActivityManager(  657): Skipping intent:act=com.huawei.action.VOICE_ASSISTANT flg=0x10800000 pkg=com.huawei.vassistant cmp=com.huawei.vassistant/.ui.main.VAssistantActivity
06-24 16:34:05.567 D/ActivityManager(  657): Skipping intent:act=com.huawei.android.launcher.action.ACCESS_SPLIT_SCREEN_APP cat=[android.intent.category.DEFAULT] flg=0x10804000 cmp=com.huawei.android.launcher/.splitscreen.SplitScreenAppActivity
06-24 16:34:05.567 D/ActivityManager(  657): Skipping intent:flg=0x10800000 pkg=com.excelliance.dualaid.b64 cmp=com.excelliance.dualaid.b64/com.excelliance.kxqp.sdk.PermissionRequestActivity
06-24 16:34:05.567 D/ActivityManager(  657): Skipping intent:act=android.intent.action.VIEW dat=content://com.excelliance.dualaid.fileProvider/external_storage_root/Download/apk/Multiple_64.apk typ=application/vnd.android.package-archive flg=0x10800001 cmp=com.android.packageinstaller/.InstallStart
06-24 16:34:05.567 D/ActivityManager(  657): Skipping intent:flg=0x10800000 cmp=com.android.systemui/.usb.HwUsbDebuggingActivity
06-24 16:34:05.567 D/ActivityManager(  657): Skipping intent:act=android.deviceinfo.chooser.action.LAUNCH flg=0x10800000 hwFlg=0x100 pkg=com.android.settings cmp=com.android.settings/.deviceinfo.UsbConnModeChooserActivity
06-24 16:34:05.567 D/ActivityManager(  657): Skipping intent:flg=0x10800000 cmp=com.zol.android/.push.KeepLiveActivity
06-24 16:34:05.567 D/ActivityManager(  657): Skipping intent:act=android.intent.action.MAIN cat=[android.intent.category.HOME] flg=0x10800300 cmp=com.android.settings/.FallbackHome
06-24 16:34:05.567 E/asset   (16104): createFromFile(): lock file /data/resource-cache/system@emui@base@overlay@frameworkhwexthonor@frameworkhwexthonor.apk@idmap.
06-24 16:34:05.568 E/asset   (16104): createFromFile(): lock file /data/resource-cache/system@emui@base@overlay@frameworkhwexthonor@frameworkhwexthonor.apk@idmap.
06-24 16:34:05.568 W/ResourceType(16104): Found multiple library tables, ignoring...
06-24 16:34:05.597 D/PMS1000 (  657): package:com.excelliance.dualaid, input flags:8192, output hwFlags:0
06-24 16:34:05.598 W/HSM     ( 1813): HoldService:toast switch is close!
06-24 16:34:05.598 D/ApplicationPackageManager(16104): queryIntentActivitiesAsUser blocked, Intent { act=android.intent.action.MAIN cat=[android.intent.category.LAUNCHER] pkg=com.wandoujia.phoenix2 }
06-24 16:34:05.598 D/HsmInterfaceImpl(16104): List [ResolveInfo{81ec38b com.wandoujia.phoenix2/com.pp.assistant.activity.PPMainActivity m=0x108000}]
06-24 16:34:05.626 W/HSM     ( 1813): HoldService:toast switch is close!
06-24 16:34:05.626 D/ApplicationPackageManager(16104): queryIntentActivitiesAsUser blocked, Intent { act=android.intent.action.MAIN cat=[android.intent.category.LAUNCHER] pkg=com.tencent.mm }
06-24 16:34:05.626 D/HsmInterfaceImpl(16104): List [ResolveInfo{e11e881 com.tencent.mm/.ui.LauncherUI m=0x108000}]
06-24 16:34:05.638 D/PMS1000 (  657): package:com.excelliance.dualaid, input flags:8192, output hwFlags:0
06-24 16:34:05.639 W/HSM     ( 1813): HoldService:toast switch is close!
06-24 16:34:05.640 D/ApplicationPackageManager(16104): queryIntentActivitiesAsUser blocked, Intent { act=android.intent.action.MAIN cat=[android.intent.category.LAUNCHER] pkg=com.android.providers.media }
06-24 16:34:05.640 D/HsmInterfaceImpl(16104): List []
06-24 16:34:05.643 W/HSM     ( 1813): HoldService:toast switch is close!
06-24 16:34:05.644 D/ApplicationPackageManager(16104): queryIntentActivitiesAsUser blocked, Intent { act=android.intent.action.MAIN cat=[android.intent.category.LAUNCHER] pkg=com.huawei.vassistant }
06-24 16:34:05.644 D/HsmInterfaceImpl(16104): List [ResolveInfo{73d7d26 com.huawei.vassistant/.ui.main.VAssistantActivity m=0x108000}]
06-24 16:34:05.647 E/asset   (16104): createFromFile(): lock file /data/resource-cache/system@emui@base@overlay@frameworkhwexthonor@frameworkhwexthonor.apk@idmap.
06-24 16:34:05.647 E/asset   (16104): createFromFile(): lock file /data/resource-cache/system@emui@base@overlay@frameworkhwexthonor@frameworkhwexthonor.apk@idmap.
06-24 16:34:05.647 W/ResourceType(16104): Found multiple library tables, ignoring...
06-24 16:34:05.674 V/ActivityManager(  657): Making visible and scheduling visibility: ActivityRecord{d5c9105 u0 com.huawei.android.launcher/.unihome.UniHomeLauncher t15658}
06-24 16:34:05.674 V/WindowManager(  657): No longer Stopped: AppWindowToken{d3a938b token=Token{377755a ActivityRecord{d5c9105 u0 com.huawei.android.launcher/.unihome.UniHomeLauncher t15658}}}
06-24 16:34:05.701 D/ActivityThread(16104): Remove activity client record, r= ActivityRecord{414755e token=android.os.BinderProxy@31abee5 {com.excelliance.dualaid/com.excelliance.kxqp.swipe.NavActivity2}} token= android.os.BinderProxy@31abee5
06-24 16:34:05.702 D/PMS1000 (  657): package:com.excelliance.dualaid, input flags:8192, output hwFlags:0
06-24 16:34:05.703 D/HwQoEUtils(  657): mForegroundAppPackageName: com.huawei.android.launcher ,score: 0
06-24 16:34:05.703 V/WindowManager(  657): removeIfPossible: Window{eb1a439 u0 com.excelliance.dualaid/com.excelliance.kxqp.swipe.NavActivity2} callers=com.android.server.wm.WindowState.removeIfPossible:1914 com.android.server.wm.WindowManagerService.removeWindow:2022 com.android.server.wm.Session.remove:218 android.view.IWindowSession$Stub.onTransact:242 com.android.server.wm.Session.onTransact:161 
06-24 16:34:05.703 V/ActivityThread( 2519): Handle window ActivityRecord{4719bb8 token=android.os.BinderProxy@b3fca27 {com.huawei.android.launcher/com.huawei.android.launcher.unihome.UniHomeLauncher}} visibility: true
06-24 16:34:05.703 D/HwQoEUtils(  657): onForegroundAppWifiSleepChange: config:false, sleeptime:-1,type: 255, appname:com.huawei.android.launcher
06-24 16:34:05.704 I/WindowManager(  657): Destroying surface Surface(name=com.excelliance.dualaid/com.excelliance.kxqp.swipe.NavActivity2) called by com.android.server.wm.WindowStateAnimator.destroySurface:2060 com.android.server.wm.WindowStateAnimator.destroySurfaceLocked:873 com.android.server.wm.HwWindowStateAnimator.destroySurfaceLocked:1006 com.android.server.wm.WindowState.removeImmediately:1899 com.android.server.wm.WindowState.removeIfPossible:2051 com.android.server.wm.WindowState.removeIfPossible:1914 com.android.server.wm.WindowManagerService.removeWindow:2022 com.android.server.wm.Session.remove:218 
06-24 16:34:05.704 E/HwLauncher( 2519): SettingsEx , no such field.
06-24 16:34:05.704 W/HwLauncher( 2519): Clock getDataFormat the getSystemString failed.
06-24 16:34:05.704 V/WindowManager(  657): postWindowRemoveCleanupLocked: Window{eb1a439 u0 com.excelliance.dualaid/com.excelliance.kxqp.swipe.NavActivity2}
06-24 16:34:05.704 V/WindowManager(  657): Removing Window{eb1a439 u0 com.excelliance.dualaid/com.excelliance.kxqp.swipe.NavActivity2} from AppWindowToken{34a6cda token=Token{4ab685 ActivityRecord{b9abffc u0 com.excelliance.dualaid/com.excelliance.kxqp.swipe.NavActivity2 t16054}}}
06-24 16:34:05.705 W/HSM     ( 1813): HoldService:toast switch is close!
06-24 16:34:05.706 D/HwQoEUtils(  657): APP type: 255 appName= com.huawei.android.launcher
06-24 16:34:05.706 D/ApplicationPackageManager(16104): queryIntentActivitiesAsUser blocked, Intent { act=android.intent.action.MAIN cat=[android.intent.category.LAUNCHER] pkg=com.facebook.katana }
06-24 16:34:05.706 D/HsmInterfaceImpl(16104): List [ResolveInfo{8f38bbd com.facebook.katana/.LoginActivity m=0x108000}]
06-24 16:34:05.706 D/HwQoEUtils(  657): no game, APP_TYPE_GAME, appName =com.huawei.android.launcher
06-24 16:34:05.707 D/HwGameAssistantController(  657): pid=2519, uid=10056, foreground=true
06-24 16:34:05.708 W/AwareLog(  657): SchedLevelBoost: onFgActivitiesChanged config not set!
06-24 16:34:05.712 V/WindowManager(  657): removeAppToken: AppWindowToken{34a6cda token=Token{4ab685 ActivityRecord{b9abffc u0 com.excelliance.dualaid/com.excelliance.kxqp.swipe.NavActivity2 t16054}}} delayed=false Callers=com.android.server.wm.DisplayContent.removeAppToken:985 com.android.server.wm.AppWindowContainerController.removeContainer:348 com.android.server.am.ActivityRecord.removeWindowContainer:1039 com.android.server.am.ActivityStack.removeActivityFromHistoryLocked:4491 
06-24 16:34:05.713 I/HwNetworkPolicy(  657): onTransact, code = 203
06-24 16:34:05.713 I/HwNetworkPolicyManager( 1813): getHwUidPolicy uid = 10056 policy = 0
06-24 16:34:05.723 I/GRALLOC (  679): 	 shrFd=10,fmt=0x1,intFmt=0x200000001,btStrd=4352,size=8486912,pid=679 
06-24 16:34:05.723 I/GRALLOC (  679): 	 yuv=2,w=1080,h=1920,Stride u=0 v=0,offset u=0 v=0 
06-24 16:34:05.723 I/GRALLOC (  679): 	 iova_size=8486912,conUsg=0x900,proUsg=0x900,	 strd=1088,[afbc]HdrStrd=1088 PyldStrd=69632 Scrmbl=2,ionhnd = 1 
06-24 16:34:05.724 D/mali_winsys( 2519): EGLint new_window_surface(egl_winsys_display *, void *, EGLSurface, EGLConfig, egl_winsys_surface **, egl_color_buffer_format *, EGLBoolean) returns 0x3000
06-24 16:34:05.726 I/GRALLOC (  679): 	 shrFd=10,fmt=0x1,intFmt=0x200000001,btStrd=4352,size=8486912,pid=679 
06-24 16:34:05.726 I/GRALLOC (  679): 	 yuv=2,w=1080,h=1920,Stride u=0 v=0,offset u=0 v=0 
06-24 16:34:05.726 I/GRALLOC (  679): 	 iova_size=8486912,conUsg=0x900,proUsg=0x900,	 strd=1088,[afbc]HdrStrd=1088 PyldStrd=69632 Scrmbl=2,ionhnd = 1 
06-24 16:34:05.729 I/GRALLOC (  679): 	 shrFd=10,fmt=0x1,intFmt=0x200000001,btStrd=4352,size=8486912,pid=679 
06-24 16:34:05.729 I/GRALLOC (  679): 	 yuv=2,w=1080,h=1920,Stride u=0 v=0,offset u=0 v=0 
06-24 16:34:05.729 I/GRALLOC (  679): 	 iova_size=8486912,conUsg=0x900,proUsg=0x900,	 strd=1088,[afbc]HdrStrd=1088 PyldStrd=69632 Scrmbl=2,ionhnd = 1 
06-24 16:34:05.748 E/asset   (16104): createFromFile(): lock file /data/resource-cache/system@emui@base@overlay@frameworkhwexthonor@frameworkhwexthonor.apk@idmap.
06-24 16:34:05.748 E/asset   (16104): createFromFile(): lock file /data/resource-cache/system@emui@base@overlay@frameworkhwexthonor@frameworkhwexthonor.apk@idmap.
06-24 16:34:05.748 W/ResourceType(16104): Found multiple library tables, ignoring...
06-24 16:34:05.749 I/GRALLOC (  679): 	 shrFd=10,fmt=0x1,intFmt=0x200000001,btStrd=4352,size=8486912,pid=679 
06-24 16:34:05.749 I/GRALLOC (  679): 	 yuv=2,w=1080,h=1920,Stride u=0 v=0,offset u=0 v=0 
06-24 16:34:05.749 I/GRALLOC (  679): 	 iova_size=8486912,conUsg=0xb00,proUsg=0xb00,	 strd=1088,[afbc]HdrStrd=1088 PyldStrd=69632 Scrmbl=2,ionhnd = 1 
06-24 16:34:05.760 D/WindowManager(  657): finishDrawingWindow: Window{68d6975 u0 com.huawei.android.launcher/com.huawei.android.launcher.unihome.UniHomeLauncher} mDrawState=DRAW_PENDING
06-24 16:34:05.761 D/ImageWallpaper( 1513): onOffsetsChanged: xOffset=0.0, yOffset=0.0, xOffsetStep=0.0, yOffsetStep=0.0, xPixels=0, yPixels=0
06-24 16:34:05.761 D/ImageWallpaper( 1513): Suppressed drawFrame since redraw is not needed and offsets have not changed.sf=Rect(0, 0 - 2160, 1920)
06-24 16:34:05.761 D/ImageWallpaper( 1513): onVisibilityChanged: mVisible, visible=false, true
06-24 16:34:05.761 D/ImageWallpaper( 1513): Visibility changed to visible=true
06-24 16:34:05.761 E/asset   ( 2519): createFromFile(): lock file /data/resource-cache/system@emui@base@overlay@frameworkhwexthonor@frameworkhwexthonor.apk@idmap.
06-24 16:34:05.762 D/ImageWallpaper( 1513): Suppressed drawFrame since redraw is not needed and offsets have not changed.sf=Rect(0, 0 - 2160, 1920)
06-24 16:34:05.762 E/asset   ( 2519): createFromFile(): lock file /data/resource-cache/system@emui@base@overlay@frameworkhwexthonor@frameworkhwexthonor.apk@idmap.
06-24 16:34:05.762 W/ResourceType( 2519): Found multiple library tables, ignoring...
06-24 16:34:05.776 D/HwFLClassLoader( 2519): USE_FEATURE_LIST had not init! 
06-24 16:34:05.776 D/PMS1000 (  657): package:com.excelliance.dualaid, input flags:8192, output hwFlags:0
06-24 16:34:05.777 W/HSM     ( 1813): HoldService:toast switch is close!
06-24 16:34:05.778 D/ApplicationPackageManager(16104): queryIntentActivitiesAsUser blocked, Intent { act=android.intent.action.MAIN cat=[android.intent.category.LAUNCHER] pkg=com.huawei.trustcircle }
06-24 16:34:05.778 D/HsmInterfaceImpl(16104): List []
06-24 16:34:05.781 W/HSM     ( 1813): HoldService:toast switch is close!
06-24 16:34:05.782 E/asset   ( 2519): createFromFile(): lock file /data/resource-cache/system@emui@base@overlay@frameworkhwexthonor@frameworkhwexthonor.apk@idmap.
06-24 16:34:05.782 E/asset   ( 2519): createFromFile(): lock file /data/resource-cache/system@emui@base@overlay@frameworkhwexthonor@frameworkhwexthonor.apk@idmap.
06-24 16:34:05.782 W/ResourceType( 2519): Found multiple library tables, ignoring...
06-24 16:34:05.782 D/ApplicationPackageManager(16104): queryIntentActivitiesAsUser blocked, Intent { act=android.intent.action.MAIN cat=[android.intent.category.LAUNCHER] pkg=com.jingdong.app.mall }
06-24 16:34:05.782 D/HsmInterfaceImpl(16104): List [ResolveInfo{d5226b9 com.jingdong.app.mall/.main.MainActivity m=0x108000}]
06-24 16:34:05.819 D/PMS1000 (  657): package:com.excelliance.dualaid, input flags:8192, output hwFlags:0
06-24 16:34:05.820 W/HSM     ( 1813): HoldService:toast switch is close!
06-24 16:34:05.820 D/ApplicationPackageManager(16104): queryIntentActivitiesAsUser blocked, Intent { act=android.intent.action.MAIN cat=[android.intent.category.LAUNCHER] pkg=com.tencent.mobileqq }
06-24 16:34:05.820 D/HsmInterfaceImpl(16104): List [ResolveInfo{8eb425f com.tencent.mobileqq/.activity.SplashActivity m=0x108000}]
06-24 16:34:05.832 D/PMS1000 (  657): package:com.excelliance.dualaid, input flags:8192, output hwFlags:0
06-24 16:34:05.833 W/HSM     ( 1813): HoldService:toast switch is close!
06-24 16:34:05.833 D/ApplicationPackageManager(16104): queryIntentActivitiesAsUser blocked, Intent { act=android.intent.action.MAIN cat=[android.intent.category.LAUNCHER] pkg=com.zol.android }
06-24 16:34:05.833 D/HsmInterfaceImpl(16104): List [ResolveInfo{ede64ac com.zol.android/.ui.FirstActivity m=0x108000}]
06-24 16:34:05.855 I/NetworkSpeedManagerEx( 1513): mIsStop = false
06-24 16:34:05.855 I/NetworkSpeedManagerEx( 1513):  runInThread getTetherStats
06-24 16:34:05.857 I/NetworkSpeedManagerEx( 1513):  runInUI refreshSpeed
06-24 16:34:05.859 I/NetworkSpeedManagerEx( 1513): value=4397.3335speed = 4.3
06-24 16:34:05.859 I/NetworkSpeedManagerEx( 1513): K/smIsShowLastSpeedValuefalse
06-24 16:34:05.859 I/NetworkSpeedView( 1513): /update(), speed=4.3
06-24 16:34:05.859 I/NetworkSpeedView( 1513): K/s parent class:class com.android.systemui.statusbar.HwSystemIcons
06-24 16:34:05.860 W/HSM     ( 1813): HoldService:toast switch is close!
06-24 16:34:05.861 D/ApplicationPackageManager(16104): queryIntentActivitiesAsUser blocked, Intent { act=android.intent.action.MAIN cat=[android.intent.category.LAUNCHER] pkg=com.huawei.hiskytone }
06-24 16:34:05.861 D/HsmInterfaceImpl(16104): List [ResolveInfo{27ad90a com.huawei.hiskytone/com.huawei.skytone.account.welcome.SplashActivity m=0x108000}]
06-24 16:34:05.878 I/NetworkSpeedManagerEx( 1513): mIsStop = false
06-24 16:34:05.879 I/NetworkSpeedManagerEx( 1513):  runInThread getTetherStats
06-24 16:34:05.879 I/NetworkSpeedManagerEx( 1513):  runInUI refreshSpeed
06-24 16:34:05.880 I/NetworkSpeedManagerEx( 1513): value=4414.6665speed = 4.3
06-24 16:34:05.880 I/NetworkSpeedManagerEx( 1513): K/smIsShowLastSpeedValuefalse
06-24 16:34:05.880 I/NetworkSpeedView( 1513): /update(), speed=4.3
06-24 16:34:05.880 I/NetworkSpeedView( 1513): K/s parent class:class com.android.systemui.statusbar.HwSystemIcons
06-24 16:34:05.896 D/PMS1000 (  657): package:com.excelliance.dualaid, input flags:8192, output hwFlags:0
06-24 16:34:05.897 W/HSM     ( 1813): HoldService:toast switch is close!
06-24 16:34:05.898 D/ApplicationPackageManager(16104): queryIntentActivitiesAsUser blocked, Intent { act=android.intent.action.MAIN cat=[android.intent.category.LAUNCHER] pkg=com.huawei.hwid }
06-24 16:34:05.898 D/HsmInterfaceImpl(16104): List []
06-24 16:34:05.901 W/HSM     ( 1813): HoldService:toast switch is close!
06-24 16:34:05.902 D/ApplicationPackageManager(16104): queryIntentActivitiesAsUser blocked, Intent { act=android.intent.action.MAIN cat=[android.intent.category.LAUNCHER] pkg=com.sina.weibo }
06-24 16:34:05.902 D/HsmInterfaceImpl(16104): List [ResolveInfo{924f3f1 com.sina.weibo/.SplashActivity m=0x108000}]
06-24 16:34:05.927 D/HwFLClassLoader( 2519): USE_FEATURE_LIST had not init! 
06-24 16:34:05.943 E/asset   ( 2519): createFromFile(): lock file /data/resource-cache/system@emui@base@overlay@frameworkhwexthonor@frameworkhwexthonor.apk@idmap.
06-24 16:34:05.943 E/asset   ( 2519): createFromFile(): lock file /data/resource-cache/system@emui@base@overlay@frameworkhwexthonor@frameworkhwexthonor.apk@idmap.
06-24 16:34:05.943 W/ResourceType( 2519): Found multiple library tables, ignoring...
06-24 16:34:05.948 D/HwFLClassLoader( 2519): USE_FEATURE_LIST had not init! 
06-24 16:34:05.959 W/HSM     ( 1813): HoldService:toast switch is close!
06-24 16:34:05.960 D/ApplicationPackageManager(16104): queryIntentActivitiesAsUser blocked, Intent { act=android.intent.action.MAIN cat=[android.intent.category.LAUNCHER] pkg=com.antutu.ABenchMark }
06-24 16:34:05.960 D/HsmInterfaceImpl(16104): List [ResolveInfo{f451e57 com.antutu.ABenchMark/.ABenchMarkStart m=0x108000}]
06-24 16:34:05.988 W/HSM     ( 1813): HoldService:toast switch is close!
06-24 16:34:05.988 D/ApplicationPackageManager(16104): queryIntentActivitiesAsUser blocked, Intent { act=android.intent.action.MAIN cat=[android.intent.category.LAUNCHER] pkg=com.sankuai.meituan.takeoutnew }
06-24 16:34:05.989 D/HsmInterfaceImpl(16104): List [ResolveInfo{5a57f62 com.sankuai.meituan.takeoutnew/.ui.page.boot.WelcomeActivity m=0x108000}]
06-24 16:34:06.016 W/HSM     ( 1813): HoldService:toast switch is close!
06-24 16:34:06.017 D/ApplicationPackageManager(16104): queryIntentActivitiesAsUser blocked, Intent { act=android.intent.action.MAIN cat=[android.intent.category.LAUNCHER] pkg=com.vmall.client }
06-24 16:34:06.017 D/HsmInterfaceImpl(16104): List [ResolveInfo{36249b0 com.vmall.client/.splash.fragment.SplashActivity m=0x108000}]
06-24 16:34:06.046 W/HSM     ( 1813): HoldService:toast switch is close!
06-24 16:34:06.047 D/ApplicationPackageManager(16104): queryIntentActivitiesAsUser blocked, Intent { act=android.intent.action.MAIN cat=[android.intent.category.LAUNCHER] pkg=com.android.browser }
06-24 16:34:06.047 D/HsmInterfaceImpl(16104): List [ResolveInfo{48f814f com.android.browser/com.tencent.mtt.SplashActivity m=0x108000}]
06-24 16:34:06.082 W/HSM     ( 1813): HoldService:toast switch is close!
06-24 16:34:06.083 D/ApplicationPackageManager(16104): queryIntentActivitiesAsUser blocked, Intent { act=android.intent.action.MAIN cat=[android.intent.category.LAUNCHER] pkg=com.eg.android.AlipayGphone }
06-24 16:34:06.083 D/HsmInterfaceImpl(16104): List [ResolveInfo{70398ba com.eg.android.AlipayGphone/.AlipayLogin m=0x108000}]
06-24 16:34:06.104 W/HSM     ( 1813): HoldService:toast switch is close!
06-24 16:34:06.104 D/ApplicationPackageManager(16104): queryIntentActivitiesAsUser blocked, Intent { act=android.intent.action.MAIN cat=[android.intent.category.LAUNCHER] pkg=com.android.mediacenter }
06-24 16:34:06.104 D/HsmInterfaceImpl(16104): List [ResolveInfo{7e99ec8 com.android.mediacenter/.PageActivity m=0x108000}]
06-24 16:34:06.109 E/asset   (16104): createFromFile(): lock file /data/resource-cache/system@emui@base@overlay@frameworkhwexthonor@frameworkhwexthonor.apk@idmap.
06-24 16:34:06.109 E/asset   (16104): createFromFile(): lock file /data/resource-cache/system@emui@base@overlay@frameworkhwexthonor@frameworkhwexthonor.apk@idmap.
06-24 16:34:06.110 W/ResourceType(16104): Found multiple library tables, ignoring...
06-24 16:34:06.143 W/HSM     ( 1813): HoldService:toast switch is close!
06-24 16:34:06.143 D/ApplicationPackageManager(16104): queryIntentActivitiesAsUser blocked, Intent { act=android.intent.action.MAIN cat=[android.intent.category.LAUNCHER] pkg=com.huawei.himovie }
06-24 16:34:06.143 D/HsmInterfaceImpl(16104): List [ResolveInfo{7744b47 com.huawei.himovie/.ui.login.SplashScreenActivity m=0x108000}]
06-24 16:34:06.147 E/asset   (16104): createFromFile(): lock file /data/resource-cache/system@emui@base@overlay@frameworkhwexthonor@frameworkhwexthonor.apk@idmap.
06-24 16:34:06.147 E/asset   (16104): createFromFile(): lock file /data/resource-cache/system@emui@base@overlay@frameworkhwexthonor@frameworkhwexthonor.apk@idmap.
06-24 16:34:06.147 W/ResourceType(16104): Found multiple library tables, ignoring...
06-24 16:34:06.175 W/HSM     ( 1813): HoldService:toast switch is close!
06-24 16:34:06.176 D/ApplicationPackageManager(16104): queryIntentActivitiesAsUser blocked, Intent { act=android.intent.action.MAIN cat=[android.intent.category.LAUNCHER] pkg=com.huawei.hnreader }
06-24 16:34:06.176 D/HsmInterfaceImpl(16104): List [ResolveInfo{5308512 com.huawei.hnreader/com.qq.reader.activity.SplashActivity m=0x108000}]
06-24 16:34:06.180 E/asset   (16104): createFromFile(): lock file /data/resource-cache/system@emui@base@overlay@frameworkhwexthonor@frameworkhwexthonor.apk@idmap.
06-24 16:34:06.180 E/asset   (16104): createFromFile(): lock file /data/resource-cache/system@emui@base@overlay@frameworkhwexthonor@frameworkhwexthonor.apk@idmap.
06-24 16:34:06.180 W/ResourceType(16104): Found multiple library tables, ignoring...
06-24 16:34:06.208 W/HSM     ( 1813): HoldService:toast switch is close!
06-24 16:34:06.209 D/ApplicationPackageManager(16104): queryIntentActivitiesAsUser blocked, Intent { act=android.intent.action.MAIN cat=[android.intent.category.LAUNCHER] pkg=com.twitter.android }
06-24 16:34:06.209 D/HsmInterfaceImpl(16104): List [ResolveInfo{dd57599 com.twitter.android/.StartActivity m=0x108000}]
06-24 16:34:06.246 W/HSM     ( 1813): HoldService:toast switch is close!
06-24 16:34:06.247 D/ApplicationPackageManager(16104): queryIntentActivitiesAsUser blocked, Intent { act=android.intent.action.MAIN cat=[android.intent.category.LAUNCHER] pkg=com.baidu.input_huawei }
06-24 16:34:06.247 D/HsmInterfaceImpl(16104): List []
06-24 16:34:06.253 W/HSM     ( 1813): HoldService:toast switch is close!
06-24 16:34:06.253 D/ApplicationPackageManager(16104): queryIntentActivitiesAsUser blocked, Intent { act=android.intent.action.MAIN cat=[android.intent.category.LAUNCHER] pkg=com.google.android.gms }
06-24 16:34:06.253 D/HsmInterfaceImpl(16104): List []
06-24 16:34:06.257 D/PMS1000 (  657): package:com.excelliance.dualaid, input flags:8192, output hwFlags:0
06-24 16:34:06.258 W/HSM     ( 1813): HoldService:toast switch is close!
06-24 16:34:06.259 D/ApplicationPackageManager(16104): queryIntentActivitiesAsUser blocked, Intent { act=android.intent.action.MAIN cat=[android.intent.category.LAUNCHER] pkg=com.sankuai.meituan }
06-24 16:34:06.259 D/HsmInterfaceImpl(16104): List [ResolveInfo{d01a90c com.sankuai.meituan/com.meituan.android.pt.homepage.activity.Welcome m=0x108000}]
06-24 16:34:06.267 W/OpenGLRenderer( 2519): Incorrectly called buildLayer on View: ShortcutAndWidgetContainer, destroying layer...
06-24 16:34:06.267 W/OpenGLRenderer( 2519): Incorrectly called buildLayer on View: ShortcutAndWidgetContainer, destroying layer...
06-24 16:34:06.269 I/GRALLOC (  679): 	 shrFd=10,fmt=0x1,intFmt=0x200000001,btStrd=4352,size=8486912,pid=679 
06-24 16:34:06.269 I/GRALLOC (  679): 	 yuv=2,w=1080,h=1920,Stride u=0 v=0,offset u=0 v=0 
06-24 16:34:06.269 I/GRALLOC (  679): 	 iova_size=8486912,conUsg=0xb00,proUsg=0xb00,	 strd=1088,[afbc]HdrStrd=1088 PyldStrd=69632 Scrmbl=2,ionhnd = 1 
06-24 16:34:06.314 W/HSM     ( 1813): HoldService:toast switch is close!
06-24 16:34:06.315 D/ApplicationPackageManager(16104): queryIntentActivitiesAsUser blocked, Intent { act=android.intent.action.MAIN cat=[android.intent.category.LAUNCHER] pkg=com.tencent.news }
06-24 16:34:06.315 D/HsmInterfaceImpl(16104): List [ResolveInfo{ad3a46a com.tencent.news/.activity.SplashActivity m=0x108000}]
06-24 16:34:06.341 W/HSM     ( 1813): HoldService:toast switch is close!
06-24 16:34:06.341 D/ApplicationPackageManager(16104): queryIntentActivitiesAsUser blocked, Intent { act=android.intent.action.MAIN cat=[android.intent.category.LAUNCHER] pkg=com.iflytek.speechsuite }
06-24 16:34:06.341 D/HsmInterfaceImpl(16104): List []
06-24 16:34:06.344 W/HSM     ( 1813): HoldService:toast switch is close!
06-24 16:34:06.344 D/ApplicationPackageManager(16104): queryIntentActivitiesAsUser blocked, Intent { act=android.intent.action.MAIN cat=[android.intent.category.LAUNCHER] pkg=com.tencent.android.qqdownloader }
06-24 16:34:06.344 D/HsmInterfaceImpl(16104): List [ResolveInfo{4a649f8 com.tencent.android.qqdownloader/com.tencent.pangu.link.SplashActivity m=0x108000}]
06-24 16:34:06.374 W/HSM     ( 1813): HoldService:toast switch is close!
06-24 16:34:06.375 D/ApplicationPackageManager(16104): queryIntentActivitiesAsUser blocked, Intent { act=android.intent.action.MAIN cat=[android.intent.category.LAUNCHER] pkg=com.ifreetalk.ftalk }
06-24 16:34:06.375 D/HsmInterfaceImpl(16104): List [ResolveInfo{37f9d36 com.ifreetalk.ftalk/.activity.DummyActivity m=0x108000}]
06-24 16:34:06.388 D/PMS1000 (  657): package:com.excelliance.dualaid, input flags:8192, output hwFlags:0
06-24 16:34:06.389 W/HSM     ( 1813): HoldService:toast switch is close!
06-24 16:34:06.389 D/ApplicationPackageManager(16104): queryIntentActivitiesAsUser blocked, Intent { act=android.intent.action.MAIN cat=[android.intent.category.LAUNCHER] pkg=com.taobao.taobao }
06-24 16:34:06.389 D/HsmInterfaceImpl(16104): List [ResolveInfo{d009437 com.taobao.taobao/com.taobao.tao.welcome.Welcome m=0x108000}]
06-24 16:34:06.416 W/HSM     ( 1813): HoldService:toast switch is close!
06-24 16:34:06.416 D/ApplicationPackageManager(16104): queryIntentActivitiesAsUser blocked, Intent { act=android.intent.action.MAIN cat=[android.intent.category.LAUNCHER] pkg=com.android.gallery3d }
06-24 16:34:06.416 D/HsmInterfaceImpl(16104): List [ResolveInfo{b0ff70d com.android.gallery3d/com.huawei.gallery.app.GalleryMain m=0x108000}]
06-24 16:34:06.420 E/asset   (16104): createFromFile(): lock file /data/resource-cache/system@emui@base@overlay@frameworkhwexthonor@frameworkhwexthonor.apk@idmap.
06-24 16:34:06.420 E/asset   (16104): createFromFile(): lock file /data/resource-cache/system@emui@base@overlay@frameworkhwexthonor@frameworkhwexthonor.apk@idmap.
06-24 16:34:06.420 W/ResourceType(16104): Found multiple library tables, ignoring...
06-24 16:34:06.455 W/HSM     ( 1813): HoldService:toast switch is close!
06-24 16:34:06.455 D/ApplicationPackageManager(16104): queryIntentActivitiesAsUser blocked, Intent { act=android.intent.action.MAIN cat=[android.intent.category.LAUNCHER] pkg=com.pp.assistant }
06-24 16:34:06.456 D/HsmInterfaceImpl(16104): List [ResolveInfo{4146010 com.pp.assistant/.activity.MainActivity m=0x108000}]
06-24 16:34:06.483 W/HSM     ( 1813): HoldService:toast switch is close!
06-24 16:34:06.484 D/ApplicationPackageManager(16104): queryIntentActivitiesAsUser blocked, Intent { act=android.intent.action.MAIN cat=[android.intent.category.LAUNCHER] pkg=com.oppo.market }
06-24 16:34:06.484 D/HsmInterfaceImpl(16104): List [ResolveInfo{c211d0e com.oppo.market/.activity.MainActivity m=0x108000}]
06-24 16:34:06.527 W/HSM     ( 1813): HoldService:toast switch is close!
06-24 16:34:06.527 D/ApplicationPackageManager(16104): queryIntentActivitiesAsUser blocked, Intent { act=android.intent.action.MAIN cat=[android.intent.category.LAUNCHER] pkg=com.excean.wxaid }
06-24 16:34:06.527 D/HsmInterfaceImpl(16104): List [ResolveInfo{7c76d3c com.excean.wxaid/com.excelliance.kxqp.ui.HelloActivity m=0x108000}]
06-24 16:34:06.556 W/HwResourcesImpl(16104): icon in pkg com.excean.wxaid is too large.sDefaultSizeWithoutEdge = 188bmp.getWidth() = 1536
06-24 16:34:06.569 D/NetWorkUtils( 1513): mVSimCurCardType is -1
06-24 16:34:06.570 W/ResourceType( 1513): No package identifier when getting value for resource number 0x00000000
06-24 16:34:06.571 E/HwNotchUtils( 1513): setIconForView iconId is not found
06-24 16:34:06.571 D/NetWorkUtils( 1513): mVSimCurCardType is -1
06-24 16:34:06.572 W/ResourceType( 1513): No package identifier when getting value for resource number 0x00000000
06-24 16:34:06.572 E/HwNotchUtils( 1513): setIconForView iconId is not found
06-24 16:34:06.572 W/HSM     ( 1813): HoldService:toast switch is close!
06-24 16:34:06.573 D/ApplicationPackageManager(16104): queryIntentActivitiesAsUser blocked, Intent { act=android.intent.action.MAIN cat=[android.intent.category.LAUNCHER] pkg=com.huawei.intelligent }
06-24 16:34:06.573 D/HsmInterfaceImpl(16104): List []
06-24 16:34:06.576 W/HSM     ( 1813): HoldService:toast switch is close!
06-24 16:34:06.576 D/ApplicationPackageManager(16104): queryIntentActivitiesAsUser blocked, Intent { act=android.intent.action.MAIN cat=[android.intent.category.LAUNCHER] pkg=com.google.android.backuptransport }
06-24 16:34:06.576 D/HsmInterfaceImpl(16104): List []
06-24 16:34:06.578 W/HSM     ( 1813): HoldService:toast switch is close!
06-24 16:34:06.579 D/ApplicationPackageManager(16104): queryIntentActivitiesAsUser blocked, Intent { act=android.intent.action.MAIN cat=[android.intent.category.LAUNCHER] pkg=com.huawei.skytone }
06-24 16:34:06.579 D/HsmInterfaceImpl(16104): List []
06-24 16:34:06.581 W/HSM     ( 1813): HoldService:toast switch is close!
06-24 16:34:06.582 D/ApplicationPackageManager(16104): queryIntentActivitiesAsUser blocked, Intent { act=android.intent.action.MAIN cat=[android.intent.category.LAUNCHER] pkg=com.estrongs.android.pop }
06-24 16:34:06.582 D/HsmInterfaceImpl(16104): List [ResolveInfo{455fc1a com.estrongs.android.pop/.app.openscreenad.NewSplashActivity m=0x108000}]
06-24 16:34:06.614 D/PMS1000 (  657): package:com.excelliance.dualaid, input flags:8192, output hwFlags:0
06-24 16:34:06.615 W/HSM     ( 1813): HoldService:toast switch is close!
06-24 16:34:06.615 D/ApplicationPackageManager(16104): queryIntentActivitiesAsUser blocked, Intent { act=android.intent.action.MAIN cat=[android.intent.category.LAUNCHER] pkg=com.redfinger.app }
06-24 16:34:06.615 D/HsmInterfaceImpl(16104): List [ResolveInfo{13c2128 com.redfinger.app/.activity.SplashActivity m=0x108000}]
06-24 16:34:06.643 D/PMS1000 (  657): package:com.excelliance.dualaid, input flags:8192, output hwFlags:0
06-24 16:34:06.644 W/HSM     ( 1813): HoldService:toast switch is close!
06-24 16:34:06.645 D/ApplicationPackageManager(16104): queryIntentActivitiesAsUser blocked, Intent { act=android.intent.action.MAIN cat=[android.intent.category.LAUNCHER] pkg=com.android.vending }
06-24 16:34:06.645 D/HsmInterfaceImpl(16104): List [ResolveInfo{cc7bfe6 com.android.vending/.AssetBrowserActivity m=0x108000}]
06-24 16:34:06.676 W/HSM     ( 1813): HoldService:toast switch is close!
06-24 16:34:06.676 D/ApplicationPackageManager(16104): queryIntentActivitiesAsUser blocked, Intent { act=android.intent.action.MAIN cat=[android.intent.category.LAUNCHER] pkg=org.hapjs.mockup }
06-24 16:34:06.677 D/HsmInterfaceImpl(16104): List [ResolveInfo{b3ff472 org.hapjs.mockup/.activity.MainActivity m=0x108000}]
06-24 16:34:06.699 W/HSM     ( 1813): HoldService:toast switch is close!
06-24 16:34:06.699 D/ApplicationPackageManager(16104): queryIntentActivitiesAsUser blocked, Intent { act=android.intent.action.MAIN cat=[android.intent.category.LAUNCHER] pkg=com.huawei.gamebox }
06-24 16:34:06.699 D/HsmInterfaceImpl(16104): List [ResolveInfo{e47ed40 com.huawei.gamebox/.GameBoxActivity m=0x108000}]
06-24 16:34:06.703 E/asset   (16104): createFromFile(): lock file /data/resource-cache/system@emui@base@overlay@frameworkhwexthonor@frameworkhwexthonor.apk@idmap.
06-24 16:34:06.703 E/asset   (16104): createFromFile(): lock file /data/resource-cache/system@emui@base@overlay@frameworkhwexthonor@frameworkhwexthonor.apk@idmap.
06-24 16:34:06.703 W/ResourceType(16104): Found multiple library tables, ignoring...
06-24 16:34:06.718 D/HwArpVerifier(  657): check_wifi_state_mode = 0 mCheckStateToken=6 token6
06-24 16:34:06.719 D/wifiserviceimpl(  657): netmask =16777215
06-24 16:34:06.732 W/HSM     ( 1813): HoldService:toast switch is close!
06-24 16:34:06.732 D/ApplicationPackageManager(16104): queryIntentActivitiesAsUser blocked, Intent { act=android.intent.action.MAIN cat=[android.intent.category.LAUNCHER] pkg=com.stickgame.los2 }
06-24 16:34:06.732 D/HsmInterfaceImpl(16104): List [ResolveInfo{a59e61f com.stickgame.los2/com.DBGame.DiabloLOL.DiabloLOL m=0x108000}]
06-24 16:34:06.741 D/HWMultiGW(  657): setGateWay 10.0.0.1
06-24 16:34:06.757 I/Pged-IPgedBinderService(  769): ****action is 2, pid num is 6***
06-24 16:34:06.757 I/Pged-Freezer(  769): thawPids
06-24 16:34:06.761 D/PgedBinderAdapter( 1699): unfrz ok, pid: [29457, 29531, 14942, 15544, 24379]
06-24 16:34:06.766 I/appium  (24379): AppiumResponse: {"sessionId":"12d3f873-0ea4-4775-928a-9964d13dcd6c","status":0,"value":"<?xml version=\"1.0\" encoding=\"UTF-8\"?><hierarchy rotation=\"0\"><android.widget.FrameLayout index=\"0\" text=\"\" class=\"android.widget.FrameLayout\" package=\"com.excelliance.dualaid\" content-desc=\"\" checkable=\"false\" checked=\"false\" clickable=\"false\" enabled=\"true\" focusable=\"false\" focused=\"false\" scrollable=\"false\" long-clickable=\"false\" password=\"false\" selected=\"false\" bounds=\"[0,0][1080,1920]\" resource-id=\"\" instance=\"0\"><android.widget.LinearLayout index=\"0\" text=\"\" class=\"android.widget.LinearLayout\" package=\"com.excelliance.dualaid\" content-desc=\"\" checkable=\"false\" checked=\"false\" clickable=\"false\" enabled=\"true\" focusable=\"false\" focused=\"false\" scrollable=\"false\" long-clickable=\"false\" password=\"false\" selected=\"false\" bounds=\"[0,0][1080,1920]\" resource-id=\"\" instance=\"0\"><android.widget.FrameLayout index=\"0\" text=\"\" class=\"android.widget.FrameLayout\" package=\"com.excelliance.dualaid\" content-desc=\"\" checkable=\"false\" checked=\"false\" clickable=\"false\" enabled=\"true\" focusable=\"false\" focused=\"false\" scrollable=\"false\" long-clickable=\"false\" password=\"false\" selected=\"false\" bounds=\"[0,0][1080,1920]\" resource-id=\"android:id\/content\" instance=\"1\"><android.widget.FrameLayout index=\"0\" text=\"\" class=\"android.widget.FrameLayout\" package=\"com.excelliance.dualaid\" content-desc=\"\" checkable=\"false\" checked=\"false\" clickable=\"false\" enabled=\"true\" focusable=\"false\" focused=\"false\" scrollable=\"false\" long-clickable=\"false\" password=\"false\" selected=\"false\" bounds=\"[0,0][1080,1920]\" resource-id=\"\" instance=\"2\"><android.widget.RelativeLayout index=\"0\" text=\"\" class=\"android.widget.RelativeLayout\" package=\"com.excelliance.dualaid\" content-desc=\"\" checkable=\"false\" checked=\"false\" clickable=\"false\" enabled=\"true\" focusable=\"false\" focused=\"false\" scrollable=\"false\" long-clickable=\"false\" password=\"false\" selected=\"false\" bounds=\"[0,0][1080,1920]\" resource-id=\"com.excelliance.dualaid:id\/rl_guide_original\" instance=\"0\"><android.support.v4.view.ViewPager index=\"0\" text=\"\" class=\"android.support.v4.view.ViewPager\" package=\"com.excelliance.dualaid\" content-desc=\"\" checkable=\"false\" checked=\"false\" clickable=\"false\" enabled=\"true\" focusable=\"true\" focused=\"false\" scrollable=\"true\" long-clickable=\"false\" password=\"false\" selected=\"false\" bounds=\"[0,0][1080,1920]\" resource-id=\"com.excelliance.dualaid:id\/vp_nav\" instance=\"0\"><android.widget.RelativeLayout index=\"2\" text=\"\" class=\"android.widget.RelativeLayout\" package=\"com.excelliance.dualaid\" content-desc=\"\" checkable=\"false\" checked=\"false\" clickable=\"false\" enabled=\"true\" focusable=\"false\" focused=\"false\" scrollable=\"false\" long-clickable=\"false\" password=\"false\" selected=\"false\" bounds=\"[0,0][1080,1920]\" resource-id=\"\" instance=\"1\"><android.view.View index=\"0\" text=\"\" class=\"android.view.View\" package=\"com.excelliance.dualaid\" content-desc=\"\" checkable=\"false\" checked=\"false\" clickable=\"false\" enabled=\"true\" focusable=\"false\" focused=\"false\" scrollable=\"false\" long-clickable=\"false\" password=\"false\" selected=\"false\" bounds=\"[0,0][1080,1920]\" resource-id=\"\" instance=\"0\"\/><android.widget.ImageView index=\"1\" text=\"\" class=\"android.widget.ImageView\" package=\"com.excelliance.dualaid\" content-desc=\"\" checkable=\"false\" checked=\"false\" clickable=\"false\" enabled=\"true\" focusable=\"false\" focused=\"false\" scrollable=\"false\" long-clickable=\"false\" password=\"false\" selected=\"false\" bounds=\"[345,318][847,1268]\" resource-id=\"\" instance=\"0\"\/><android.widget.ImageView index=\"2\" text=\"\" class=\"android.widget.ImageView\" package=\"com.excelliance.dualaid\" content-desc=\"\" checkable=\"false\" checked=\"false\" clickable=\"false\" enabled=\"true\" 
06-24 16:34:06.771 W/HSM     ( 1813): HoldService:toast switch is close!
06-24 16:34:06.771 D/ApplicationPackageManager(16104): queryIntentActivitiesAsUser blocked, Intent { act=android.intent.action.MAIN cat=[android.intent.category.LAUNCHER] pkg=com.qihoo.appstore }
06-24 16:34:06.772 D/HsmInterfaceImpl(16104): List [ResolveInfo{4c81f35 com.qihoo.appstore/.home.LauncherActivity m=0x108000}]
06-24 16:34:06.774 W/libc    (  493): Set property "hw.wifi.dns_stat" to "36880,32108,5028,1,53028"
06-24 16:34:06.778 I/appium  (24379): channel read invoked!
06-24 16:34:06.778 I/appium  (24379): channel read: GET /wd/hub/session/12d3f873-0ea4-4775-928a-9964d13dcd6c/source
06-24 16:34:06.798 D/PMS1000 (  657): package:com.excelliance.dualaid, input flags:8192, output hwFlags:0
06-24 16:34:06.799 W/HSM     ( 1813): HoldService:toast switch is close!
06-24 16:34:06.799 D/ApplicationPackageManager(16104): queryIntentActivitiesAsUser blocked, Intent { act=android.intent.action.MAIN cat=[android.intent.category.LAUNCHER] pkg=com.huawei.android.thememanager }
06-24 16:34:06.799 D/HsmInterfaceImpl(16104): List [ResolveInfo{c4e2458 com.huawei.android.thememanager/.HwThemeManagerActivity m=0x108000}]
