--------- beginning of main
06-24 16:38:04.264 I/NetworkSpeedManagerEx( 1513): mIsStop = false
06-24 16:38:04.264 I/NetworkSpeedManagerEx( 1513):  runInThread getTetherStats
06-24 16:38:04.266 I/NetworkSpeedManagerEx( 1513):  runInUI refreshSpeed
06-24 16:38:04.267 I/NetworkSpeedManagerEx( 1513): value=371.33334speed = 371
06-24 16:38:04.267 I/NetworkSpeedManagerEx( 1513): B/smIsShowLastSpeedValuefalse
06-24 16:38:04.268 I/NetworkSpeedView( 1513): /update(), speed=371
06-24 16:38:04.268 I/NetworkSpeedView( 1513): B/s parent class:class com.android.systemui.statusbar.HwSystemIcons
06-24 16:38:04.284 I/NetworkSpeedManagerEx( 1513): mIsStop = false
06-24 16:38:04.284 I/NetworkSpeedManagerEx( 1513):  runInThread getTetherStats
06-24 16:38:04.286 I/NetworkSpeedManagerEx( 1513):  runInUI refreshSpeed
06-24 16:38:04.288 I/NetworkSpeedManagerEx( 1513): value=371.33334speed = 371
06-24 16:38:04.288 I/NetworkSpeedManagerEx( 1513): B/smIsShowLastSpeedValuefalse
06-24 16:38:04.288 I/NetworkSpeedView( 1513): /update(), speed=371
06-24 16:38:04.288 I/NetworkSpeedView( 1513): B/s parent class:class com.android.systemui.statusbar.HwSystemIcons
--------- beginning of system
06-24 16:38:04.413 D/HwBatteryService(  657): onUEvent fcpStatus = 0,scpStatus =0,ovpStatus=0
06-24 16:38:04.415 I/UsbDeviceManager(  657): water_intrused state= 0
06-24 16:38:04.433 D/KeyguardUpdateMonitor( 1513): received broadcast android.intent.action.BATTERY_CHANGED
06-24 16:38:04.433 W/KeyguardUpdateMonitor( 1513): ACTION_BATTERY_CHANGED AMP: 500000; Volt: 4697000
06-24 16:38:04.433 I/MsgReceiver( 1699): intent action: android.intent.action.BATTERY_CHANGED
06-24 16:38:04.437 D/HwInnerWifiManagerImpl(  657): SupplicantState = COMPLETED
06-24 16:38:04.437 D/HwInnerWifiManagerImpl(  657): isPhoneAP = false
06-24 16:38:04.437 D/WifiStateMachine(  657): mBcastReceiver: PluggedType = 2 mIsScanCtrlPluggedin = true
06-24 16:38:04.437 D/HwWifiService(  657): mPluggedType =2
06-24 16:38:04.437 I/CloudAlbum[8.1.2.302]( 2775): [OperationUtil] cancelNotify
06-24 16:38:04.437 D/WifiService(  657): onReceive, action:android.intent.action.BATTERY_CHANGED
06-24 16:38:04.437 D/WifiService(  657): ACTION_BATTERY_CHANGED pluggedType: 2
06-24 16:38:04.467 V/KeyguardUpdateMonitor( 1513): RefreshBatteryInfo isBatteryLow: 27
06-24 16:38:04.468 W/KeyguardUpdateMonitor( 1513): ChargingSpeed  Wattage: 2348500 ST: 5000000 --> 7500000
06-24 16:38:04.468 I/KgBattery( 1513): BatteryInfo updated:  2lPc0
06-24 16:38:04.468 W/AppHandler( 1513): sendMessage with obj100
06-24 16:38:04.468 D/KeyguardUpdateMonitor( 1513): handleBatteryUpdate
06-24 16:38:04.468 V/KeyguardUpdateMonitor( 1513): RefreshBatteryInfo isBatteryLow: 27
06-24 16:38:04.468 W/HwKeyguardBottomArea( 1513): updateBatteryInfo : false  true
06-24 16:38:04.473 W/HwLockScreenPanel( 1513): Handle message: 100
06-24 16:38:04.473 W/HwKeyguardBottomArea( 1513): updateBatteryInfo : false  true
06-24 16:38:04.473 W/HwLockScreenPanel( 1513): refreshBatteryInfo: null
06-24 16:38:04.473 W/KgBattery( 1513): getCharge info with type: text
06-24 16:38:05.088 D/LogUtil_LogConfig( 3140): obtainSavePath(): path = 1
06-24 16:38:05.090 D/LogUtil_LogConfig( 3140): getLogFile(): logFilePath = /data/data/com.huawei.health/files/com.huawei.health/com.huawei.health_DaemonService/
06-24 16:38:05.090 D/LogUtil_LogConfig( 3140): obtainSavePath(): path = 1
06-24 16:38:05.091 D/LogUtil_LogConfig( 3140): acquireMaxLogFileLengthContainsOffset describe: com.huawei.health:DaemonService result:5242880
06-24 16:38:05.091 D/LogUtil_LogConfig( 3140): obtainSavePath(): path = 1
06-24 16:38:05.092 D/LogUtil_LogConfig( 3140): getLogFileRoot(): logFilePath = /data/data/com.huawei.health/files/com.huawei.health/com.huawei.health_DaemonService/
06-24 16:38:05.102 D/HwArpVerifier(  657): performPollAndLog:
06-24 16:38:05.112 D/hw_netstat(  657): total/1002/640,unknown:0/1002/160,com.google.uid.shared:10089/0/240,com.excelliance.dualaid/0/240
06-24 16:38:05.184 E/wificond(  765): Failed to get NL80211_STA_INFO_CNAHLOAD
06-24 16:38:05.185 E/WificondControl(  657): Noise: -91, Snr: 0, Chload: -1
06-24 16:38:05.185 D/HwWifiCHRStateManager(  657): handleMessage : 1001
06-24 16:38:05.186 D/HwWifiCHRStateManager(  657): handleUpdateChannel:5805
06-24 16:38:05.186 V/HwWifiServiceFactory(  657): get AllImpl object = com.android.server.wifi.HwWifiServiceFactoryImpl@a390a53
06-24 16:38:05.191 D/HuaweiWifiWatchdogStateMachine(  657): LM mrssi=-43
06-24 16:38:05.192 D/HuaweiWifiWatchdogStateMachine(  657): f2:9f:**:**:8f:43 current loss[-45]=0%, volume=28
06-24 16:38:05.192 D/HuaweiWifiWatchdogStateMachine(  657): f2:9f:**:**:8f:43 history loss[-45]=0.02%, volume=23058812
06-24 16:38:05.192 I/HuaweiWifiWatchdogStateMachine(  657): spd good count:0, add sc:0.0, rate:1.0
06-24 16:38:05.192 I/HuaweiWifiWatchdogStateMachine(  657): current mHighDataFlowRate = 1.0
06-24 16:38:05.192 I/HuaweiWifiWatchdogStateMachine(  657): POta txb txg rxg:0, 31, 0. Lr =0% Totpkt=31
06-24 16:38:05.194 D/WiFi_PRO(  657): MSG_RETURN_AP_CURRY_RSSI rssi = -43
06-24 16:38:05.194 I/QosMonitor(  657): queryRtt: rtt_type = 3
06-24 16:38:05.194 D/HwUidTcpMonitor(  657): parseWlanUidTcpStatistics lastUidTcpStatInfo = [ mUid = 10089 mPacketName = com.google.uid.shared:10089 mSendSegs = 7571 mResendSegs = 0 mRcvSegs = 496 ]
06-24 16:38:05.195 D/HwUidTcpMonitor(  657): parseWlanUidTcpStatistics lastUidTcpStatInfo = [ mUid = 10093 mPacketName = com.android.vending mSendSegs = 3812 mResendSegs = 2684 mRcvSegs = 252 ]
06-24 16:38:05.196 I/HwQoEJNI(  657): send_cmd_kernel. begin
06-24 16:38:05.196 I/HwQoEJNI(  657): send_cmd_kernel. end
06-24 16:38:05.196 I/QosMonitor(  657): postEventFromNative: msg=100,arg1=4,arg2=10
06-24 16:38:05.196 I/HwQoEJNI(  657): send_cmd_kernel. begin
06-24 16:38:05.196 I/HwQoEJNI(  657): send_cmd_kernel. end
06-24 16:38:05.197 I/QosMonitor(  657): postEventFromNative: msg=100,arg1=0,arg2=10
06-24 16:38:05.197 D/HuaweiWifiWatchdogStateMachine(  657): setSampleRtt: unvalid rtt
06-24 16:38:05.197 I/MQoS    (  657): rtt=164,tcp_tx_pkts=426618,tcp_rx_pkts=446847
06-24 16:38:05.197 D/HuaweiWifiWatchdogStateMachine(  657): dumpTcpResult: len=10,rtt=164,rttPkt=9,rttWn=46,cgt=16,cgtWn=9777877
06-24 16:38:05.197 I/HuaweiWifiWatchdogStateMachine(  657): PTcp RTT:0, rtt pkt=0, tcp_rx=0, tcp_tx=14, tcp_reTran=1, rtRate=0.07
06-24 16:38:05.197 D/HuaweiWifiWatchdogStateMachine(  657): mRssiBadCount =0, RSSI not bad.
06-24 16:38:05.197 D/HuaweiWifiWatchdogStateMachine(  657): detectNetworkAvailable:hw.wifipro.dns_fail_count = 66
06-24 16:38:05.198 D/HuaweiWifiWatchdogStateMachine(  657): detectNetworkAvailable: tcpTxPkts > 2
06-24 16:38:05.198 I/WifiProHistoryRecordManager(  657): HomeApSwitchRate, pass time (s) =8725608, pass day=100, tot rest time:1277372
06-24 16:38:05.198 I/WifiProHistoryRecordManager(  657): HomeApSwitchRate totalConnectHours:635, restTimeRate=0.5581346
06-24 16:38:05.198 I/WifiProHistoryRecordManager(  657): HomeApSwitchRate, rate=0.5
06-24 16:38:05.198 I/HuaweiWifiWatchdogStateMachine(  657): rs ota tcp lr rttvb bad: false, false, false, false, false; rsth:-75
06-24 16:38:05.198 D/HuaweiWifiWatchdogStateMachine(  657): GSC:0, GSR:1.0, RSR:1.0, RTH:-75
06-24 16:38:05.198 D/HuaweiWifiWatchdogStateMachine(  657): bqeLevel = 2 rtt=0,rtt_pkts=0 speed=777 rssi=-43
06-24 16:38:05.198 D/HuaweiWifiWatchdogStateMachine(  657): Enter updateQoeLevel level = 2
06-24 16:38:05.198 D/HuaweiWifiWatchdogStateMachine(  657): updateQoeLevel current level equal to mLastDetectLevel, return
06-24 16:38:05.198 I/HuaweiWifiWatchdogStateMachine(  657):  pkt chk not bad, reset sc to 0.
06-24 16:38:05.198 D/HuaweiWifiWatchdogStateMachine(  657): ### mPktChkBadCnt=0
06-24 16:38:05.198 I/MQoS    (  657): QOS_level:0(0),DataDisable;use level-0
06-24 16:38:05.198 I/MQoS    (  657): skip-low-Level:0(0),DataDisable;use level-0
06-24 16:38:05.366 D/HwWifiStatStore(  657): handleMessage : 200
06-24 16:38:05.537 W/AwareLog(  657): AwareMem_MemoryUtils: trim Memory illegal arg exception, proc:25811 level:40
06-24 16:38:05.634 I/TrafficMonitor(  657): update:rxPkts:4,txPkts:1,rxBytes:384,txBytes:40
06-24 16:38:05.635 I/TrafficMonitor(  657): start expired. level:-1
06-24 16:38:05.635 I/TrafficMonitor(  657): gettimer:interval=2000
06-24 16:38:06.053 E/WifiHAL (  706): enter wifi_get_link_stats
06-24 16:38:06.065 E/WificondControl(  657): Noise: -89, Snr: 0, Chload: -1
06-24 16:38:06.066 D/HwWifiCHRStateManager(  657): handleMessage : 1001
06-24 16:38:06.066 D/HwWifiCHRStateManager(  657): handleUpdateChannel:5805
06-24 16:38:06.066 V/HwWifiServiceFactory(  657): get AllImpl object = com.android.server.wifi.HwWifiServiceFactoryImpl@a390a53
06-24 16:38:06.068 D/WifiScoreReport(  657): Score = 100, wifiConnectivityManagerEnabled = false, lowScoreCount = 0
06-24 16:38:06.087 D/NetWorkUtils( 1513): mVSimCurCardType is -1
06-24 16:38:06.091 I/ActivityManager(  657): START u0 {act=android.intent.action.MAIN cat=[android.intent.category.LAUNCHER] flg=0x10000000 cmp=com.excelliance.dualaid/com.excelliance.kxqp.ui.HelloActivity} from uid 2000
06-24 16:38:06.092 D/NetWorkUtils( 1513): mVSimCurCardType is -1
06-24 16:38:06.096 I/ash     ( 1699): front pkg : com.excelliance.dualaid launcher: false
06-24 16:38:06.097 I/ash     ( 1699): above launcher front pkgs: [com.excelliance.dualaid]
06-24 16:38:06.100 I/ActivityManager(  657): ActivityRecord info: ActivityInfo{fad70dc com.excelliance.kxqp.ui.HelloActivity}
06-24 16:38:06.102 V/WindowManager(  657): addAppToken: AppWindowToken{da59e06 token=Token{d3480e1 ActivityRecord{5160a48 u0 com.excelliance.dualaid/com.excelliance.kxqp.ui.HelloActivity t16059}}} controller={TaskWindowContainerController taskId=16059} at 2147483647
06-24 16:38:06.102 I/PGServer( 1699): android calls fast hibernateApps
06-24 16:38:06.102 I/AppFastHibernation( 1699): fast hibernate duration: 1500 reason: start activity
06-24 16:38:06.102 I/Pged-IPgedBinderService(  769): ****action is 1, pid num is 7***
06-24 16:38:06.102 I/Pged-Freezer(  769): freezePids
06-24 16:38:06.102 I/Pged-Freezer(  769): Freeze process: 29457
06-24 16:38:06.103 D/PMS1000 (  657): package:com.excelliance.dualaid, input flags:1, output hwFlags:0
06-24 16:38:06.103 I/Pged-Freezer(  769): Freeze process: 19894
06-24 16:38:06.103 I/Pged-Freezer(  769): Freeze process: 29531
06-24 16:38:06.103 I/Pged-Freezer(  769): Freeze process: 14942
06-24 16:38:06.104 I/Pged-Freezer(  769): Freeze process: 15544
06-24 16:38:06.104 I/Pged-Freezer(  769): Freeze process: 24379
06-24 16:38:06.105 D/PgedBinderAdapter( 1699): frz ok, pid: [29457, 19894, 29531, 14942, 15544, 24379]
06-24 16:38:06.106 D/MotionDetectionManager( 2519): stopMotionAppsReco motionApps: 403
06-24 16:38:06.106 D/MotionDetectionManager( 2519): stopMotionAppsReco not recognition motionApps 403
06-24 16:38:06.106 W/HwLauncher( 2519): Launcher.MotionManager stopMotionAppsReco service flg 403 is unavailable
06-24 16:38:06.108 V/ActivityManager(  657): startProcess: name=com.excelliance.dualaid:olle app=null knownToBeDead=true thread=null pid=-1
06-24 16:38:06.108 D/PMS1000 (  657): package:com.excelliance.dualaid, input flags:0, output hwFlags:0
06-24 16:38:06.117 I/        (30334): power log dlsym ok
06-24 16:38:06.117 I/ActivityManager(  657): Start proc 30334:com.excelliance.dualaid:olle/u0a1423 for activity com.excelliance.dualaid/com.excelliance.kxqp.ui.HelloActivity
06-24 16:38:06.118 V/WindowManager(  657): No longer Stopped: AppWindowToken{da59e06 token=Token{d3480e1 ActivityRecord{5160a48 u0 com.excelliance.dualaid/com.excelliance.kxqp.ui.HelloActivity t16059}}}
06-24 16:38:06.118 V/ActivityManager(  657): startProcess: name=com.excelliance.dualaid:olle app=ProcessRecord{44e4cc7 30334:com.excelliance.dualaid:olle/u0a1423} knownToBeDead=true thread=null pid=30334
06-24 16:38:06.120 I/zygote  (30334): Reinit property: dalvik.vm.checkjni= false
06-24 16:38:06.132 D/ActivityThread(30334): ActivityThread,attachApplication
06-24 16:38:06.133 D/ActivityManager(  657): ActivityManagerService,attachApplication,callingPid = 30334
06-24 16:38:06.135 V/WindowManager(  657): No longer Stopped: AppWindowToken{da59e06 token=Token{d3480e1 ActivityRecord{5160a48 u0 com.excelliance.dualaid/com.excelliance.kxqp.ui.HelloActivity t16059}}}
06-24 16:38:06.145 V/WindowManager(  657): findFocusedWindow: AppWindowToken{d3a938b token=Token{377755a ActivityRecord{d5c9105 u0 com.huawei.android.launcher/.unihome.UniHomeLauncher t15658}}} below Reached focused app=AppWindowToken{da59e06 token=Token{d3480e1 ActivityRecord{5160a48 u0 com.excelliance.dualaid/com.excelliance.kxqp.ui.HelloActivity t16059}}}
06-24 16:38:06.146 D/ScenarioService( 1699): front pkg : com.excelliance.dualaid launcher: false
06-24 16:38:06.146 D/ScenarioService( 1699): new above launcher front pkgs: [com.excelliance.dualaid]
06-24 16:38:06.146 I/AppsUsage( 1699): scnOff:false FgAPP:com.excelliance.dualaid BgAPP:com.huawei.android.launcher
06-24 16:38:06.148 V/WindowManager(  657): Checking 1 opening apps (frozen=false timeout=false)...
06-24 16:38:06.148 V/WindowManager(  657): Check opening app=AppWindowToken{da59e06 token=Token{d3480e1 ActivityRecord{5160a48 u0 com.excelliance.dualaid/com.excelliance.kxqp.ui.HelloActivity t16059}}}: allDrawn=false startingDisplayed=false startingMoved=false isRelaunching()=false
06-24 16:38:06.148 D/EmcomManagerService(  657): forePackage name is com.excelliance.dualaid
06-24 16:38:06.148 D/HicomPolicyManager(  657): foreAppInfo = nullpkgName = com.excelliance.dualaid uid= 11423
06-24 16:38:06.148 E/HicomPolicyManager(  657): udp acc is not start yet!
06-24 16:38:06.148 D/HicomPolicyManager(  657): speed control is not start
06-24 16:38:06.148 E/HicomPolicyManager(  657): Network Evaluation is not start yet!
06-24 16:38:06.148 E/HicomPolicyManager(  657): foreground app info is null
06-24 16:38:06.151 D/HwQoEUtils(  657): mForegroundAppPackageName: com.excelliance.dualaid:olle ,score: 0
06-24 16:38:06.151 D/HwQoEUtils(  657): APP type: -1 appName= com.excelliance.dualaid:olle
06-24 16:38:06.151 D/HwQoEUtils(  657): RealAppName:com.excelliance.dualaid
06-24 16:38:06.151 D/[HwRecSys]HwRecSysService( 2647): onEvent actionID: 10000 msg:com.excelliance.dualaid		
06-24 16:38:06.151 E/[HwRecSys]HwRecSysService( 2647): getIsRportDirectService is false!
06-24 16:38:06.151 D/HwQoEUtils(  657): no game, APP_TYPE_GAME, appName =com.excelliance.dualaid:olle
06-24 16:38:06.152 D/HwGameAssistantController(  657): pid=30334, uid=11423, foreground=true
06-24 16:38:06.152 W//system/bin/hwservicemanager(  416): Cannot open /odm/manifest.xml
06-24 16:38:06.153 I/HwNetworkPolicy(  657): onTransact, code = 203
06-24 16:38:06.154 I/HwNetworkPolicyManager( 1813): getHwUidPolicy uid = 11423 policy = 0
06-24 16:38:06.154 W/AwareLog(  657): SchedLevelBoost: onFgActivitiesChanged config not set!
06-24 16:38:06.158 I/PGServer( 1699): report state:10010 event type:2 pid:0 uid:0 pkg:com.huawei.android.launcher to pid: 657
06-24 16:38:06.158 I/PGServer( 1699): report state:10010 event type:2 pid:0 uid:0 pkg:com.huawei.android.launcher to pid: 1699
06-24 16:38:06.158 I/SceneReceiver( 1699): state type: 10010 eventType:2 pid:0 uid:0 pkg:com.huawei.android.launcher
06-24 16:38:06.158 I/PGServer( 1699): report state:10000 event type:1 pid:0 uid:0 pkg:com.excelliance.dualaid to pid: 657
06-24 16:38:06.158 I/PGServer( 1699): report state:10000 event type:1 pid:0 uid:0 pkg:com.excelliance.dualaid to pid: 1699
06-24 16:38:06.158 I/SceneReceiver( 1699): state type: 10000 eventType:1 pid:0 uid:0 pkg:com.excelliance.dualaid
06-24 16:38:06.158 D/HwThermalStateManager( 1699): current foreapp pkg : com.excelliance.dualaid
06-24 16:38:06.161 I/PGServer( 1699): checkPkgType. calling pkg: android
06-24 16:38:06.161 I/PGServer( 1699): checkPkgType. calling pkg: android
06-24 16:38:06.163 W/libc    ( 1699): Set property "sys.aps.gameProcessName" to ""
06-24 16:38:06.164 W/libc    ( 1699): Set property "sys.aps.browserProcessName" to ""
06-24 16:38:06.165 D/HwFLClassLoader(30334): get used feature list :/feature/used-list failed!
06-24 16:38:06.165 D/HwFLClassLoader(30334): USE_FEATURE_LIST had not init! 
06-24 16:38:06.166 W//system/bin/hwservicemanager(  416): Cannot open /odm/manifest.xml
06-24 16:38:06.170 I/GRALLOC (  679): 	 shrFd=10,fmt=0x1,intFmt=0x1,btStrd=256,size=4096,pid=679 
06-24 16:38:06.170 I/GRALLOC (  679): 	 yuv=2,w=16,h=16,Stride u=0 v=0,offset u=0 v=0 
06-24 16:38:06.170 I/GRALLOC (  679): 	 iova_size=4096,conUsg=0x100,proUsg=0x100,	 strd=64,[afbc]HdrStrd=0 PyldStrd=0 Scrmbl=0,ionhnd = 1 
06-24 16:38:06.180 E/MemoryLeakMonitorManager(30334): MemoryLeakMonitor.jar is not exist!
06-24 16:38:06.181 D/KXQPApplication(30334): run: initUserManager
06-24 16:38:06.181 D/CrashHandler(30334): CrashHandler
06-24 16:38:06.182 E/Minikin (30334): Could not get cmap table size!
06-24 16:38:06.182 D/PMS11423(  657): package:com.excelliance.dualaid, input flags:128, output hwFlags:0
06-24 16:38:06.192 I/HwCust  (30334): Constructor found for class android.app.HwCustActivityImpl
06-24 16:38:06.192 D/HwCust  (30334): Create obj success use class android.app.HwCustActivityImpl
06-24 16:38:06.194 V/HwPolicyFactory(30334): : success to get AllImpl object and return....
06-24 16:38:06.195 I/HwCust  (30334): Constructor found for class android.app.HwCustHwWallpaperManagerImpl
06-24 16:38:06.195 D/HwCust  (30334): Create obj success use class android.app.HwCustHwWallpaperManagerImpl
06-24 16:38:06.197 D/PMS11423(  657): package:com.excelliance.dualaid, input flags:0, output hwFlags:0
06-24 16:38:06.198 V/HwWidgetFactory(30334): : successes to get AllImpl object and return....
06-24 16:38:06.199 V/ActivityThread(30334): ActivityThread,callActivityOnCreate
06-24 16:38:06.200 D/HelloActivity(30334): Memory:25151M
06-24 16:38:06.201 D/HelloActivity(30334): onCreate: true
06-24 16:38:06.202 D/HelloActivity(30334): is code boot
06-24 16:38:06.205 D/HelloActivity(30334): mIsNav = false
06-24 16:38:06.218 D/HwRecentsLockUtils( 1513): Search
06-24 16:38:06.218 E/HsmCoreServiceImpl( 1478): onTransact in code is: 103
06-24 16:38:06.218 I/MediaProcessHandler( 1478): playingUids: 
06-24 16:38:06.219 D/ActivityManager(  657): Skipping, home or recents stack task: TaskRecord{333215f #15658 A=com.huawei.android.launcher U=0 StackId=0 sz=1}
06-24 16:38:06.219 D/ActivityManager(  657): Skipping intent:act=android.intent.action.MAIN cat=[android.intent.category.LAUNCHER] flg=0x10a00000 cmp=io.appium.settings/.Settings
06-24 16:38:06.219 D/ActivityManager(  657): Skipping intent:flg=0x10804000 cmp=com.android.systemui/.recents.RecentsActivity bnds=[48,928][1032,2296]
06-24 16:38:06.219 D/ActivityManager(  657): Skipping intent:flg=0x18800000 cmp=com.tencent.mm/.plugin.base.stub.WXPayEntryActivity
06-24 16:38:06.219 D/ActivityManager(  657): Skipping intent:flg=0x10800000 cmp=com.huawei.systemmanager/com.huawei.permissionmanager.ui.MainActivity
06-24 16:38:06.219 D/ActivityManager(  657): Skipping intent:flg=0x18800000 cmp=com.tencent.mm/.plugin.base.stub.WXEntryActivity
06-24 16:38:06.219 D/ActivityManager(  657): Skipping intent:act=com.huawei.action.VOICE_ASSISTANT flg=0x10800000 pkg=com.huawei.vassistant cmp=com.huawei.vassistant/.ui.main.VAssistantActivity
06-24 16:38:06.219 D/ActivityManager(  657): Skipping intent:act=com.huawei.android.launcher.action.ACCESS_SPLIT_SCREEN_APP cat=[android.intent.category.DEFAULT] flg=0x10804000 cmp=com.huawei.android.launcher/.splitscreen.SplitScreenAppActivity
06-24 16:38:06.219 D/ActivityManager(  657): Skipping intent:flg=0x10800000 pkg=com.excelliance.dualaid.b64 cmp=com.excelliance.dualaid.b64/com.excelliance.kxqp.sdk.PermissionRequestActivity
06-24 16:38:06.219 D/ActivityManager(  657): Skipping intent:act=android.intent.action.VIEW dat=content://com.excelliance.dualaid.fileProvider/external_storage_root/Download/apk/Multiple_64.apk typ=application/vnd.android.package-archive flg=0x10800001 cmp=com.android.packageinstaller/.InstallStart
06-24 16:38:06.219 D/ActivityManager(  657): Skipping intent:flg=0x10800000 cmp=com.android.systemui/.usb.HwUsbDebuggingActivity
06-24 16:38:06.219 D/ActivityManager(  657): Skipping intent:act=android.deviceinfo.chooser.action.LAUNCH flg=0x10800000 hwFlg=0x100 pkg=com.android.settings cmp=com.android.settings/.deviceinfo.UsbConnModeChooserActivity
06-24 16:38:06.219 D/ActivityManager(  657): Skipping intent:flg=0x10800000 cmp=com.zol.android/.push.KeepLiveActivity
06-24 16:38:06.219 D/ActivityManager(  657): Skipping intent:act=android.intent.action.MAIN cat=[android.intent.category.HOME] flg=0x10800300 cmp=com.android.settings/.FallbackHome
06-24 16:38:06.222 D/HelloActivity(30334): defDisplayStyle:5
06-24 16:38:06.224 D/HttpUtils(30334): getDownloadMode()
06-24 16:38:06.224 D/NetUtils(30334): init inited = true
06-24 16:38:06.224 D/HelloActivity(30334): enter Nav2
06-24 16:38:06.226 I/ActivityManager(  657): START u0 {pkg=com.excelliance.dualaid cmp=com.excelliance.dualaid/com.excelliance.kxqp.swipe.NavActivity2 (has extras)} from uid 11423
06-24 16:38:06.226 D/NetworkSecurityConfig(30334): No Network Security Config specified, using platform default
06-24 16:38:06.227 I/ActivityManager(  657): ActivityRecord info: ActivityInfo{db9d78c com.excelliance.kxqp.swipe.NavActivity2}
06-24 16:38:06.227 V/WindowManager(  657): findFocusedWindow: AppWindowToken{d3a938b token=Token{377755a ActivityRecord{d5c9105 u0 com.huawei.android.launcher/.unihome.UniHomeLauncher t15658}}} below Reached focused app=AppWindowToken{da59e06 token=Token{d3480e1 ActivityRecord{5160a48 u0 com.excelliance.dualaid/com.excelliance.kxqp.ui.HelloActivity t16059}}}
06-24 16:38:06.228 V/WindowManager(  657): addAppToken: AppWindowToken{94c67de token=Token{e636b19 ActivityRecord{11da60 u0 com.excelliance.dualaid/com.excelliance.kxqp.swipe.NavActivity2 t16059}}} controller={TaskWindowContainerController taskId=16059} at 2147483647
06-24 16:38:06.229 W/libc    (  493): Set property "hw.wifi.dns_stat" to "38606,33758,5028,1,53183"
06-24 16:38:06.234 V/ActivityManager(  657): startProcess: name=com.excelliance.dualaid app=null knownToBeDead=true thread=null pid=-1
06-24 16:38:06.235 D/PMS1000 (  657): package:com.excelliance.dualaid, input flags:0, output hwFlags:0
06-24 16:38:06.243 I/ActivityManager(  657): Start proc 30361:com.excelliance.dualaid/u0a1423 for service com.excelliance.dualaid/com.excelliance.kxqp.SmtServService
06-24 16:38:06.244 I/        (30361): power log dlsym ok
06-24 16:38:06.246 I/zygote  (30361): Reinit property: dalvik.vm.checkjni= false
06-24 16:38:06.249 D/HwNetworkManagementService(  657): code == CODE_GET_AD_KEY_LIST
06-24 16:38:06.250 D/HwNetworkManagementService(  657): appName = com.excelliance.dualaid  is not in the mAdViewMap! reply none
06-24 16:38:06.250 D/HwNetworkManagementService(  657): appName = com.excelliance.dualaid  is not in the mAdIdMap! reply none
06-24 16:38:06.253 D/ActivityThread(30334): add activity client record, r= ActivityRecord{cbe2ddc token=android.os.BinderProxy@d13fa03 {com.excelliance.dualaid/com.excelliance.kxqp.ui.HelloActivity}} token= android.os.BinderProxy@d13fa03
06-24 16:38:06.254 V/WindowManager(  657): No longer Stopped: AppWindowToken{94c67de token=Token{e636b19 ActivityRecord{11da60 u0 com.excelliance.dualaid/com.excelliance.kxqp.swipe.NavActivity2 t16059}}}
06-24 16:38:06.255 V/WindowManager(  657): No longer Stopped: AppWindowToken{94c67de token=Token{e636b19 ActivityRecord{11da60 u0 com.excelliance.dualaid/com.excelliance.kxqp.swipe.NavActivity2 t16059}}}
06-24 16:38:06.257 D/ActivityThread(30361): ActivityThread,attachApplication
06-24 16:38:06.259 V/WindowManager(  657): Checking 1 opening apps (frozen=false timeout=false)...
06-24 16:38:06.259 V/WindowManager(  657): Check opening app=AppWindowToken{94c67de token=Token{e636b19 ActivityRecord{11da60 u0 com.excelliance.dualaid/com.excelliance.kxqp.swipe.NavActivity2 t16059}}}: allDrawn=false startingDisplayed=false startingMoved=false isRelaunching()=false
06-24 16:38:06.261 D/ActivityManager(  657): ActivityManagerService,attachApplication,callingPid = 30361
06-24 16:38:06.265 D/HwCust  (30334): Create obj success use class android.app.HwCustActivityImpl
06-24 16:38:06.265 D/HwCust  (30334): Create obj success use class android.app.HwCustHwWallpaperManagerImpl
06-24 16:38:06.266 V/ActivityThread(30334): ActivityThread,callActivityOnCreate
06-24 16:38:06.267 W//system/bin/hwservicemanager(  416): Cannot open /odm/manifest.xml
06-24 16:38:06.271 D/NavActivity2(30334): onCreate
06-24 16:38:06.275 W/X509TrustManager(30334): checkServerTrusted: SignatureException:null
06-24 16:38:06.275 W/X509TrustManager(30334): checkServerTrusted: SignatureException:error:04000073:RSA routines:OPENSSL_internal:DATA_TOO_LARGE_FOR_MODULUS
06-24 16:38:06.276 W/Utils   (30334): Utils_isSuperResolutionSupport [load libai_client.so failed]
06-24 16:38:06.278 D/CubicBezierInterpolator(30334): CubicBezierInterpolator  mControlPoint1x = 0.23, mControlPoint1y = 0.06, mControlPoint2x = 0.09, mControlPoint2y = 0.97
06-24 16:38:06.278 D/CubicBezierInterpolator(30334): CubicBezierInterpolator  mControlPoint1x = 0.6, mControlPoint1y = 0.9, mControlPoint2x = 0.8, mControlPoint2y = 1.0
06-24 16:38:06.278 D/CubicBezierInterpolator(30334): CubicBezierInterpolator  mControlPoint1x = 0.23, mControlPoint1y = 0.06, mControlPoint2x = 0.09, mControlPoint2y = 0.97
06-24 16:38:06.278 D/CubicBezierInterpolator(30334): CubicBezierInterpolator  mControlPoint1x = 0.6, mControlPoint1y = 0.9, mControlPoint2x = 0.8, mControlPoint2y = 1.0
06-24 16:38:06.279 D/CubicBezierInterpolator(30334): CubicBezierInterpolator  mControlPoint1x = 0.23, mControlPoint1y = 0.06, mControlPoint2x = 0.09, mControlPoint2y = 0.97
06-24 16:38:06.279 D/CubicBezierInterpolator(30334): CubicBezierInterpolator  mControlPoint1x = 0.6, mControlPoint1y = 0.9, mControlPoint2x = 0.8, mControlPoint2y = 1.0
06-24 16:38:06.279 D/CubicBezierInterpolator(30334): CubicBezierInterpolator  mControlPoint1x = 0.23, mControlPoint1y = 0.06, mControlPoint2x = 0.09, mControlPoint2y = 0.97
06-24 16:38:06.279 D/CubicBezierInterpolator(30334): CubicBezierInterpolator  mControlPoint1x = 0.6, mControlPoint1y = 0.9, mControlPoint2x = 0.8, mControlPoint2y = 1.0
06-24 16:38:06.281 W//system/bin/hwservicemanager(  416): Cannot open /odm/manifest.xml
06-24 16:38:06.282 I/GRALLOC (  679): 	 shrFd=10,fmt=0x1,intFmt=0x1,btStrd=256,size=4096,pid=679 
06-24 16:38:06.282 I/GRALLOC (  679): 	 yuv=2,w=16,h=16,Stride u=0 v=0,offset u=0 v=0 
06-24 16:38:06.282 I/GRALLOC (  679): 	 iova_size=4096,conUsg=0x100,proUsg=0x100,	 strd=64,[afbc]HdrStrd=0 PyldStrd=0 Scrmbl=0,ionhnd = 1 
06-24 16:38:06.283 D/PMS11423(  657): package:com.excelliance.dualaid, input flags:128, output hwFlags:0
06-24 16:38:06.285 D/HwFLClassLoader(30361): get used feature list :/feature/used-list failed!
06-24 16:38:06.285 D/HwFLClassLoader(30361): USE_FEATURE_LIST had not init! 
06-24 16:38:06.290 D/HwRTBlurUtils(30334): check blur style for HwPhoneWindow-, themeResId : 0x7f0e000a, context : com.excelliance.kxqp.swipe.NavActivity2@794246b, Nhwext : 0, get Blur : disable with , null
06-24 16:38:06.290 D/HwRTBlurUtils(30334): check blur style for HwPhoneWindow-, themeResId : 0x7f0e000a, context : com.excelliance.kxqp.swipe.NavActivity2@794246b, Nhwext : 0, get Blur : disable with , null
06-24 16:38:06.290 E/test    (30334): hw notch screen flag api error
06-24 16:38:06.294 D/ActivityThread(30334): add activity client record, r= ActivityRecord{414755e token=android.os.BinderProxy@31abee5 {com.excelliance.dualaid/com.excelliance.kxqp.swipe.NavActivity2}} token= android.os.BinderProxy@31abee5
06-24 16:38:06.296 E/ViewUtils(30334): setBgColor: view==null:top
06-24 16:38:06.302 D/PMS11423(  657): package:com.excelliance.dualaid, input flags:128, output hwFlags:0
06-24 16:38:06.304 D/OpenGLRenderer(30334):   HWUI Binary is  enabled
06-24 16:38:06.304 D/SurfaceFlinger(  710): SurfaceFlinger: getDisplayConfigs--3.000000, 1080, 1920
06-24 16:38:06.305 I/chatty  (  710): uid=1000(system) Binder:710_5 identical 1 line
06-24 16:38:06.305 D/SurfaceFlinger(  710): SurfaceFlinger: getDisplayConfigs--3.000000, 1080, 1920
06-24 16:38:06.305 D/OpenGLRenderer(30334): HWUI GL Pipeline
06-24 16:38:06.306 D/PMS11423(  657): package:com.excelliance.dualaid, input flags:128, output hwFlags:0
06-24 16:38:06.308 V/WindowManager(  657): Adding Window{cc3f48d u0 com.excelliance.dualaid/com.excelliance.kxqp.swipe.NavActivity2} to AppWindowToken{94c67de token=Token{e636b19 ActivityRecord{11da60 u0 com.excelliance.dualaid/com.excelliance.kxqp.swipe.NavActivity2 t16059}}}
06-24 16:38:06.309 V/WindowManager(  657): addWindow: New client android.os.BinderProxy@7299124: window=Window{cc3f48d u0 com.excelliance.dualaid/com.excelliance.kxqp.swipe.NavActivity2} Callers=com.android.server.wm.HwWindowManagerService.addWindow:562 com.android.server.wm.Session.addToDisplay:199 android.view.IWindowSession$Stub.onTransact:124 com.android.server.wm.Session.onTransact:161 android.os.Binder.execTransact:675 
06-24 16:38:06.310 D/PMS11423(  657): package:com.excelliance.dualaid, input flags:128, output hwFlags:0
06-24 16:38:06.315 D/PMS11423(  657): package:com.excelliance.dualaid, input flags:128, output hwFlags:0
06-24 16:38:06.322 D/HttpUtils(30334): getResponseCode():200
06-24 16:38:06.323 D/WHEG    (30334): {"status":"0","controls":"","skip":"0"}
06-24 16:38:06.324 D/HwGalleryCacheManagerImpl(30334): mIsEffect:false
06-24 16:38:06.323 D/PMS11423(  657): package:com.excelliance.dualaid, input flags:128, output hwFlags:0
06-24 16:38:06.325 V/WindowManager(  657): Checking 1 opening apps (frozen=false timeout=false)...
06-24 16:38:06.325 V/WindowManager(  657): Check opening app=AppWindowToken{94c67de token=Token{e636b19 ActivityRecord{11da60 u0 com.excelliance.dualaid/com.excelliance.kxqp.swipe.NavActivity2 t16059}}}: allDrawn=false startingDisplayed=false startingMoved=false isRelaunching()=false
06-24 16:38:06.328 D/PMS11423(  657): package:com.excelliance.dualaid, input flags:128, output hwFlags:0
06-24 16:38:06.358 D/HwRecentsLockUtils( 1513): Search
06-24 16:38:06.358 E/HsmCoreServiceImpl( 1478): onTransact in code is: 103
06-24 16:38:06.358 I/MediaProcessHandler( 1478): playingUids: 
06-24 16:38:06.328 I/chatty  (  657): uid=1000(system) Binder:657_C identical 2 lines
06-24 16:38:06.329 D/PMS11423(  657): package:com.excelliance.dualaid, input flags:128, output hwFlags:0
06-24 16:38:06.358 D/ActivityManager(  657): Skipping, home or recents stack task: TaskRecord{333215f #15658 A=com.huawei.android.launcher U=0 StackId=0 sz=1}
06-24 16:38:06.358 D/ActivityManager(  657): Skipping intent:act=android.intent.action.MAIN cat=[android.intent.category.LAUNCHER] flg=0x10a00000 cmp=io.appium.settings/.Settings
06-24 16:38:06.358 D/ActivityManager(  657): Skipping intent:flg=0x10804000 cmp=com.android.systemui/.recents.RecentsActivity bnds=[48,928][1032,2296]
06-24 16:38:06.358 D/ActivityManager(  657): Skipping intent:flg=0x18800000 cmp=com.tencent.mm/.plugin.base.stub.WXPayEntryActivity
06-24 16:38:06.359 D/ActivityManager(  657): Skipping intent:flg=0x10800000 cmp=com.huawei.systemmanager/com.huawei.permissionmanager.ui.MainActivity
06-24 16:38:06.359 D/ActivityManager(  657): Skipping intent:flg=0x18800000 cmp=com.tencent.mm/.plugin.base.stub.WXEntryActivity
06-24 16:38:06.359 D/ActivityManager(  657): Skipping intent:act=com.huawei.action.VOICE_ASSISTANT flg=0x10800000 pkg=com.huawei.vassistant cmp=com.huawei.vassistant/.ui.main.VAssistantActivity
06-24 16:38:06.359 D/ActivityManager(  657): Skipping intent:act=com.huawei.android.launcher.action.ACCESS_SPLIT_SCREEN_APP cat=[android.intent.category.DEFAULT] flg=0x10804000 cmp=com.huawei.android.launcher/.splitscreen.SplitScreenAppActivity
06-24 16:38:06.359 D/ActivityManager(  657): Skipping intent:flg=0x10800000 pkg=com.excelliance.dualaid.b64 cmp=com.excelliance.dualaid.b64/com.excelliance.kxqp.sdk.PermissionRequestActivity
06-24 16:38:06.359 D/ActivityManager(  657): Skipping intent:act=android.intent.action.VIEW dat=content://com.excelliance.dualaid.fileProvider/external_storage_root/Download/apk/Multiple_64.apk typ=application/vnd.android.package-archive flg=0x10800001 cmp=com.android.packageinstaller/.InstallStart
06-24 16:38:06.359 D/ActivityManager(  657): Skipping intent:flg=0x10800000 cmp=com.android.systemui/.usb.HwUsbDebuggingActivity
06-24 16:38:06.359 D/ActivityManager(  657): Skipping intent:act=android.deviceinfo.chooser.action.LAUNCH flg=0x10800000 hwFlg=0x100 pkg=com.android.settings cmp=com.android.settings/.deviceinfo.UsbConnModeChooserActivity
06-24 16:38:06.359 D/ActivityManager(  657): Skipping intent:flg=0x10800000 cmp=com.zol.android/.push.KeepLiveActivity
06-24 16:38:06.359 D/ActivityManager(  657): Skipping intent:act=android.intent.action.MAIN cat=[android.intent.category.HOME] flg=0x10800300 cmp=com.android.settings/.FallbackHome
06-24 16:38:06.387 I/zygote  (30361): Compiler allocated 4MB to compile boolean com.excelliance.kxqp.KXQPApplication.b(int)
06-24 16:38:06.396 D/MainActivity(30334): instantiateItem: 2	android.widget.RelativeLayout{d00e2b1 V.E...... ......I. 0,0-0,0}
06-24 16:38:06.396 D/MainActivity(30334): initPage3: 
06-24 16:38:06.400 V/WindowManager(  657): Checking 1 opening apps (frozen=false timeout=false)...
06-24 16:38:06.400 V/WindowManager(  657): Check opening app=AppWindowToken{94c67de token=Token{e636b19 ActivityRecord{11da60 u0 com.excelliance.dualaid/com.excelliance.kxqp.swipe.NavActivity2 t16059}}}: allDrawn=false startingDisplayed=false startingMoved=false isRelaunching()=false
06-24 16:38:06.402 V/HwPhoneWindowManager(  657): updateSystemUiColorLw window=Window{cc3f48d u0 com.excelliance.dualaid/com.excelliance.kxqp.swipe.NavActivity2},EmuiStyle=0,StatusBarColor=0xff000000,NavigationBarColor=0xff000000, mLastIsEmuiLightStyle=-1
06-24 16:38:06.402 D/HwPhoneWindowManager(  657): Transact:setSystemUIColor to status bar service
06-24 16:38:06.402 I/CommandQueue( 1513): updateBarBgColor
06-24 16:38:06.402 D/CommandQueue( 1513): CommandQueue, setBarBackgroundColor
06-24 16:38:06.403 V/WindowManager(  657): Checking 1 opening apps (frozen=false timeout=false)...
06-24 16:38:06.403 V/WindowManager(  657): Check opening app=AppWindowToken{94c67de token=Token{e636b19 ActivityRecord{11da60 u0 com.excelliance.dualaid/com.excelliance.kxqp.swipe.NavActivity2 t16059}}}: allDrawn=false startingDisplayed=false startingMoved=false isRelaunching()=false
06-24 16:38:06.406 D/MainActivity(30334): run: initPage3
06-24 16:38:06.407 D/TintManager( 1513): statusBarIconTint=#99FFFFFF,navigationBarIconTint=#FF000000
06-24 16:38:06.407 I/GRALLOC (  679): 	 shrFd=10,fmt=0x1,intFmt=0x200000001,btStrd=4352,size=8486912,pid=679 
06-24 16:38:06.407 I/GRALLOC (  679): 	 yuv=2,w=1080,h=1920,Stride u=0 v=0,offset u=0 v=0 
06-24 16:38:06.407 I/GRALLOC (  679): 	 iova_size=8486912,conUsg=0x900,proUsg=0x900,	 strd=1088,[afbc]HdrStrd=1088 PyldStrd=69632 Scrmbl=2,ionhnd = 1 
06-24 16:38:06.407 D/BarTransitions.HwPhoneStatusBarView( 1513): MODE_TRANSPARENT -> MODE_TRANSLUCENT animate=false
06-24 16:38:06.407 D/BarTransitions.HwPhoneStatusBarView( 1513): applyModeBackground oldMode=MODE_TRANSPARENT newMode=MODE_TRANSLUCENT animate=false
06-24 16:38:06.410 I/GRALLOC (  679): 	 shrFd=10,fmt=0x1,intFmt=0x200000001,btStrd=4352,size=8486912,pid=679 
06-24 16:38:06.410 I/GRALLOC (  679): 	 yuv=2,w=1080,h=1920,Stride u=0 v=0,offset u=0 v=0 
06-24 16:38:06.410 I/GRALLOC (  679): 	 iova_size=8486912,conUsg=0x900,proUsg=0x900,	 strd=1088,[afbc]HdrStrd=1088 PyldStrd=69632 Scrmbl=2,ionhnd = 1 
06-24 16:38:06.410 D/StatusBarIconController( 1513): setIconVisibility icon is null or visibility not change visibility=false
06-24 16:38:06.411 I/OpenGLRenderer(30334): Initialized EGL, version 1.4
06-24 16:38:06.411 D/OpenGLRenderer(30334): Swap behavior 2
06-24 16:38:06.412 I/GRALLOC (  679): 	 shrFd=10,fmt=0x1,intFmt=0x200000001,btStrd=4352,size=8486912,pid=679 
06-24 16:38:06.412 I/GRALLOC (  679): 	 yuv=2,w=1080,h=1920,Stride u=0 v=0,offset u=0 v=0 
06-24 16:38:06.412 I/GRALLOC (  679): 	 iova_size=8486912,conUsg=0x900,proUsg=0x900,	 strd=1088,[afbc]HdrStrd=1088 PyldStrd=69632 Scrmbl=2,ionhnd = 1 
06-24 16:38:06.415 D/mali_winsys(30334): EGLint new_window_surface(egl_winsys_display *, void *, EGLSurface, EGLConfig, egl_winsys_surface **, egl_color_buffer_format *, EGLBoolean) returns 0x3000
06-24 16:38:06.415 E/vndksupport(30334): Could not load vendor/lib/egl/libGLES_mali_v2.so from sphal namespace: dlopen failed: library "vendor/lib/egl/libGLES_mali_v2.so" not found.
06-24 16:38:06.418 D/PMS11423(  657): package:com.excelliance.dualaid, input flags:128, output hwFlags:0
06-24 16:38:06.436 I/GRALLOC (  679): 	 shrFd=10,fmt=0x1,intFmt=0x200000001,btStrd=4352,size=8486912,pid=679 
06-24 16:38:06.436 I/GRALLOC (  679): 	 yuv=2,w=1080,h=1920,Stride u=0 v=0,offset u=0 v=0 
06-24 16:38:06.436 I/GRALLOC (  679): 	 iova_size=8486912,conUsg=0xb00,proUsg=0xb00,	 strd=1088,[afbc]HdrStrd=1088 PyldStrd=69632 Scrmbl=2,ionhnd = 1 
06-24 16:38:06.445 D/WindowManager(  657): finishDrawingWindow: Window{cc3f48d u0 com.excelliance.dualaid/com.excelliance.kxqp.swipe.NavActivity2} mDrawState=DRAW_PENDING
06-24 16:38:06.445 V/MainActivity(30334): onWindowFocusChanged: true
06-24 16:38:06.446 W/InputMethodManager(30334): startInputReason = 1
06-24 16:38:06.446 V/WindowManager(  657): Checking 1 opening apps (frozen=false timeout=false)...
06-24 16:38:06.446 V/WindowManager(  657): Check opening app=AppWindowToken{94c67de token=Token{e636b19 ActivityRecord{11da60 u0 com.excelliance.dualaid/com.excelliance.kxqp.swipe.NavActivity2 t16059}}}: allDrawn=true startingDisplayed=false startingMoved=false isRelaunching()=false
06-24 16:38:06.448 D/ImageWallpaper( 1513): onVisibilityChanged: mVisible, visible=true, false
06-24 16:38:06.448 D/ImageWallpaper( 1513): Visibility changed to visible=false
06-24 16:38:06.449 D/BarTransitions.HwPhoneStatusBarView( 1513): MODE_TRANSLUCENT -> MODE_TRANSPARENT animate=false
06-24 16:38:06.449 D/BarTransitions.HwPhoneStatusBarView( 1513): applyModeBackground oldMode=MODE_TRANSLUCENT newMode=MODE_TRANSPARENT animate=false
06-24 16:38:06.450 I/ActivityManager(  657): Displayed com.excelliance.dualaid/com.excelliance.kxqp.swipe.NavActivity2: +192ms (total +339ms)
06-24 16:38:06.452 W/InputMethodManager(30334): startInputReason = 5
06-24 16:38:06.454 I/wangchen( 7035): SysInfo.getSysParam: orientation=1||config d=3.0,w=1080,h=1920||metrics d=3.0,w=1080,h=1920||sdk=26,bar_h=72
06-24 16:38:06.454 I/KeymapLoader( 7035): w=1080 h=1920 ori=true appScale=3.3 s1=3.0
06-24 16:38:06.455 W/dex2oat (30401): Using default instruction set features for ARM CPU variant (default) using conservative defaults
06-24 16:38:06.456 I/dex2oat (30401): /system/bin/dex2oat -j4 --dex-file=/data/data/com.excelliance.dualaid/.platformcache/main.jar --output-vdex-fd=49 --oat-fd=50 --oat-location=/data/data/com.excelliance.dualaid/.platformcache/oat/arm/main.odex --compiler-filter=quicken
06-24 16:38:06.456 I/cutils-trace(30401): atrace_init_once, trace_marker_path = /sys/kernel/debug/tracing/trace_marker
06-24 16:38:06.458 I/WindowManager(  657): notifyAccessibilityButtonVisibilityChanged visible:false
06-24 16:38:06.458 E/BufferQueueProducer(  710): [com.huawei.android.launcher/com.huawei.android.launcher.unihome.UniHomeLauncher#0] disconnect: not connected (req=1)
06-24 16:38:06.458 W/libEGL  ( 2519): EGLNativeWindowType 0x747283b010 disconnect failed
06-24 16:38:06.463 I/GRALLOC (  679): 	 shrFd=10,fmt=0x1,intFmt=0x200000001,btStrd=4352,size=8486912,pid=679 
06-24 16:38:06.463 I/GRALLOC (  679): 	 yuv=2,w=1080,h=1920,Stride u=0 v=0,offset u=0 v=0 
06-24 16:38:06.463 I/GRALLOC (  679): 	 iova_size=8486912,conUsg=0xb00,proUsg=0xb00,	 strd=1088,[afbc]HdrStrd=1088 PyldStrd=69632 Scrmbl=2,ionhnd = 1 
06-24 16:38:06.466 D/BarTransitions.HwPhoneStatusBarView( 1513): MODE_TRANSPARENT -> MODE_TRANSLUCENT animate=false
06-24 16:38:06.466 D/BarTransitions.HwPhoneStatusBarView( 1513): applyModeBackground oldMode=MODE_TRANSPARENT newMode=MODE_TRANSLUCENT animate=false
06-24 16:38:06.466 D/BarTransitions.HwNavigationBarView( 1513): MODE_TRANSLUCENT -> MODE_OPAQUE animate=false
06-24 16:38:06.466 D/BarTransitions.HwNavigationBarView( 1513): applyModeBackground oldMode=MODE_TRANSLUCENT newMode=MODE_OPAQUE animate=false
06-24 16:38:06.475 D/ActivityThread(30334): Remove activity client record, r= ActivityRecord{cbe2ddc token=android.os.BinderProxy@d13fa03 {com.excelliance.dualaid/com.excelliance.kxqp.ui.HelloActivity}} token= android.os.BinderProxy@d13fa03
06-24 16:38:06.475 W/ActivityManager(  657): Sending non-protected broadcast huawei.action.floattasks.STATUS_BAR_STATE_CHANGED from system 1513:com.android.systemui/u0a39 pkg com.android.systemui
06-24 16:38:06.476 W/HwKeyguardDragHelper( 1513): AnimationBlocked
06-24 16:38:06.476 V/WindowManager(  657): notifyAppStopped: AppWindowToken{d3a938b token=Token{377755a ActivityRecord{d5c9105 u0 com.huawei.android.launcher/.unihome.UniHomeLauncher t15658}}}
06-24 16:38:06.476 E/WindowManager(  657): win=Window{68d6975 u0 com.huawei.android.launcher/com.huawei.android.launcher.unihome.UniHomeLauncher} destroySurfaces: appStopped=true win.mWindowRemovalAllowed=false win.mRemoveOnExit=false
06-24 16:38:06.477 I/WindowManager(  657): Destroying surface Surface(name=com.huawei.android.launcher/com.huawei.android.launcher.unihome.UniHomeLauncher) called by com.android.server.wm.WindowStateAnimator.destroySurface:2060 com.android.server.wm.WindowStateAnimator.destroySurfaceLocked:873 com.android.server.wm.HwWindowStateAnimator.destroySurfaceLocked:1006 com.android.server.wm.WindowState.destroyOrSaveSurfaceUnchecked:2990 com.android.server.wm.WindowState.destroySurface:2951 com.android.server.wm.AppWindowToken.destroySurfaces:654 com.android.server.wm.AppWindowToken.destroySurfaces:638 com.android.server.wm.AppWindowToken.notifyAppStopped:682 
06-24 16:38:06.478 D/HwGameAssistantController(  657): pid=2519, uid=10056, foreground=false
06-24 16:38:06.478 V/WindowManager(  657): removeAppToken: AppWindowToken{da59e06 token=Token{d3480e1 ActivityRecord{5160a48 u0 com.excelliance.dualaid/com.excelliance.kxqp.ui.HelloActivity t16059}}} delayed=false Callers=com.android.server.wm.DisplayContent.removeAppToken:985 com.android.server.wm.AppWindowContainerController.removeContainer:348 com.android.server.am.ActivityRecord.removeWindowContainer:1039 com.android.server.am.ActivityStack.removeActivityFromHistoryLocked:4491 
06-24 16:38:06.478 W/AwareLog(  657): SchedLevelBoost: onFgActivitiesChanged config not set!
06-24 16:38:06.631 I/TrafficMonitor(  657): expired arrive. level:-1
06-24 16:38:06.631 I/TrafficMonitor(  657): during_ms:2002,period_ms:2000
06-24 16:38:06.631 I/TrafficMonitor(  657): count:684,rx_sum:4,tx_sum:1,rxBytes:384,during_ms:2002,rx_speed:191.80819180819182,tx_speed:19.980019980019982,rto:4.0
06-24 16:38:06.631 D/HuaweiWifiWatchdogStateMachine(  657): speed: rxpkt:4, rxSpd:191B/s, txpkt:1, txSpd:19
06-24 16:38:06.661 I/HwNormalizedSpline(  657): getEyeProtectionBrightnessLevel lux =239.0, mDefaultBrightnessFromLux =68.645
06-24 16:38:06.857 I/dex2oat (30401): dex2oat took 401.695ms (975.884ms cpu) (threads: 4) arena alloc=86KB (88720B) java alloc=2MB (3127336B) native alloc=4MB (4697872B) free=2MB (2117872B)
06-24 16:38:06.869 D/PMS11423(  657): package:com.excelliance.dualaid, input flags:128, output hwFlags:0
06-24 16:38:06.917 W/dex2oat (30413): Using default instruction set features for ARM CPU variant (default) using conservative defaults
06-24 16:38:06.917 I/dex2oat (30413): /system/bin/dex2oat -j4 --dex-file=/data/data/com.excelliance.dualaid/.platformcache/kxqpplatform2.jar --output-vdex-fd=50 --oat-fd=51 --oat-location=/data/data/com.excelliance.dualaid/.platformcache/oat/arm/kxqpplatform2.odex --compiler-filter=quicken
06-24 16:38:06.917 I/cutils-trace(30413): atrace_init_once, trace_marker_path = /sys/kernel/debug/tracing/trace_marker
06-24 16:38:06.966 I/GRALLOC (  679): 	 shrFd=10,fmt=0x1,intFmt=0x200000001,btStrd=4352,size=8486912,pid=679 
06-24 16:38:06.966 I/GRALLOC (  679): 	 yuv=2,w=1080,h=1920,Stride u=0 v=0,offset u=0 v=0 
06-24 16:38:06.966 I/GRALLOC (  679): 	 iova_size=8486912,conUsg=0xb00,proUsg=0xb00,	 strd=1088,[afbc]HdrStrd=1088 PyldStrd=69632 Scrmbl=2,ionhnd = 1 
06-24 16:38:07.074 E/Thermal-daemon(  764): [pa_0] temp_new :37  temp_old :38
06-24 16:38:07.074 I/ThermalService( 1699): Receive temperature change, type: 1, temp: 37 from thermald
06-24 16:38:07.074 D/HwThermalStateManager( 1699): Thermal type: 1 cur_temperature:37
06-24 16:38:07.074 E/Thermal-daemon(  764): Report temperature: [pa_0] temp :37  report_threshold:1
06-24 16:38:07.076 E/Thermal-daemon(  764): [flash_led] temp_new :39  temp_old :38
06-24 16:38:07.076 I/ThermalService( 1699): Receive temperature change, type: 3, temp: 39 from thermald
06-24 16:38:07.076 D/HwThermalStateManager( 1699): Thermal type: 3 cur_temperature:39
06-24 16:38:07.076 W/HwThermalStateManager( 1699): warning: no config thermal type:3 temperature:39
06-24 16:38:07.076 E/Thermal-daemon(  764): Report temperature: [flash_led] temp :39  report_threshold:1
06-24 16:38:07.084 D/NetWorkUtils( 1513): mVSimCurCardType is -1
06-24 16:38:07.086 D/NetWorkUtils( 1513): mVSimCurCardType is -1
06-24 16:38:07.111 I/dex2oat (30413): dex2oat took 194.353ms (425.841ms cpu) (threads: 4) arena alloc=3KB (3720B) java alloc=2MB (2299856B) native alloc=2MB (2314344B) free=3MB (3452824B)
06-24 16:38:07.123 D/PMS11423(  657): package:com.excelliance.dualaid, input flags:0, output hwFlags:0
06-24 16:38:07.136 E/MemoryLeakMonitorManager(30361): MemoryLeakMonitor.jar is not exist!
06-24 16:38:07.136 D/CrashHandler(30361): CrashHandler
06-24 16:38:07.137 D/KXQPApplication(30361): run: initUserManager
06-24 16:38:07.140 E/Minikin (30361): Could not get cmap table size!
06-24 16:38:07.141 D/PMS11423(  657): package:com.excelliance.dualaid, input flags:128, output hwFlags:0
06-24 16:38:07.160 D/AirPushService(30361): 第一次触发
06-24 16:38:07.160 D/SmtServService(30361): MSG_LOAD_PLT GameUtil.isPtLoaded() = false
06-24 16:38:07.162 I/HwCust  (30361): Constructor found for class android.net.HwCustConnectivityManagerImpl
06-24 16:38:07.162 D/HwCust  (30361): Create obj success use class android.net.HwCustConnectivityManagerImpl
06-24 16:38:07.162 D/NetworkStateReceiver(30361): netWorkConnected = true
06-24 16:38:07.163 D/AirPushUtils(30361): startPushInfo
06-24 16:38:07.164 D/PMS1000 (  657): package:com.excelliance.dualaid, input flags:8192, output hwFlags:0
06-24 16:38:07.164 D/AirPushService(30361): 第一次设置Alarm
06-24 16:38:07.164 D/AirPushService(30361): resetPushAlarm
06-24 16:38:07.165 D/SmtServService(30361): pull info
06-24 16:38:07.165 D/SmtServService(30361): diffTime = 1529829487165
06-24 16:38:07.165 D/SmtServService(30361): pushInfoFromServer
06-24 16:38:07.167 D/PMS1001 (  657): package:com.excelliance.dualaid, input flags:0, output hwFlags:0
06-24 16:38:07.168 D/AirPushPreferences(30361): setLastPushTime
06-24 16:38:07.169 D/PMS11423(  657): package:com.excelliance.dualaid, input flags:0, output hwFlags:0
06-24 16:38:07.181 I/zygote  (30361): Do partial code cache collection, code=27KB, data=31KB
06-24 16:38:07.182 D/PMS11423(  657): package:com.excelliance.dualaid, input flags:128, output hwFlags:0
06-24 16:38:07.183 I/zygote  (30361): After code cache collection, code=11KB, data=18KB
06-24 16:38:07.183 I/zygote  (30361): Increasing code cache capacity to 128KB
06-24 16:38:07.189 D/StatisticsManager(30361): Query time diff:1529829487189
06-24 16:38:07.193 D/PMS11423(  657): package:com.excelliance.dualaid, input flags:128, output hwFlags:0
06-24 16:38:07.194 D/PMS11423(  657): package:com.excelliance.dualaid, input flags:128, output hwFlags:0
06-24 16:38:07.196 D/PMS11423(  657): package:com.excelliance.dualaid, input flags:128, output hwFlags:0
06-24 16:38:07.197 D/PMS11423(  657): package:com.excelliance.dualaid, input flags:128, output hwFlags:0
06-24 16:38:07.199 D/PMS11423(  657): package:com.excelliance.dualaid, input flags:128, output hwFlags:0
06-24 16:38:07.200 I/chatty  (  657): uid=1000(system) Binder:657_1 identical 1 line
06-24 16:38:07.203 D/PMS11423(  657): package:com.excelliance.dualaid, input flags:128, output hwFlags:0
06-24 16:38:07.203 D/PMS11423(  657): package:com.excelliance.dualaid, input flags:128, output hwFlags:0
06-24 16:38:07.212 D/launch-time-RU(30361): preload 24 classes cost 50ms
06-24 16:38:07.214 D/PMS11423(  657): package:com.excelliance.dualaid, input flags:128, output hwFlags:0
06-24 16:38:07.215 D/StatisticsManager(30361): Query time diff:1529829487215
06-24 16:38:07.222 D/StatisticsManager(30361): Query time diff:1529829487222
06-24 16:38:07.253 D/AirPushDBHelper(30361): onCreate: pushitemnew
06-24 16:38:07.255 D/AirPushDBHelper(30361): selection = type=? and index_=(select max(index_) from pushitemnew where type=?) , key = vip
06-24 16:38:07.255 D/AirPushDBHelper(30361): selection = type=? and index_=(select max(index_) from pushitemnew where type=?) , key = update
06-24 16:38:07.256 D/AirPushDBHelper(30361): selection = type=? and index_=(select max(index_) from pushitemnew where type=?) , key = officalActivity
06-24 16:38:07.256 D/AirPushDBHelper(30361): selection = type=? and index_=(select max(index_) from pushitemnew where type=?) , key = news
06-24 16:38:07.256 D/AirPushDBHelper(30361): selection = type=? and index_=(select max(index_) from pushitemnew where type=?) , key = target
06-24 16:38:07.256 D/AirPushDBHelper(30361): selection = type=? and index_=(select max(index_) from pushitemnew where type=?) , key = batch
06-24 16:38:07.256 D/AirPushDBHelper(30361): selection = type=? and index_=(select max(index_) from pushitemnew where type=?) , key = skipTarget
