06-24 15:37:10.147 D/PMS11422(  657): package:com.huawei.hidisk, input flags:0, output hwFlags:536870912
06-24 15:37:10.148 D/PMS11422(  657): package:com.huawei.trustcircle, input flags:0, output hwFlags:0
06-24 15:37:10.148 D/PMS11422(  657): package:com.jingdong.app.mall, input flags:0, output hwFlags:0
06-24 15:37:10.148 D/PMS11422(  657): package:com.tencent.mobileqq, input flags:0, output hwFlags:0
06-24 15:37:10.148 D/PMS11422(  657): package:com.zol.android, input flags:0, output hwFlags:0
06-24 15:37:10.148 D/PMS11422(  657): package:com.huawei.hiskytone, input flags:0, output hwFlags:603979776
06-24 15:37:10.148 D/PMS11422(  657): package:com.huawei.hwid, input flags:0, output hwFlags:0
06-24 15:37:10.149 D/PMS11422(  657): package:com.sina.weibo, input flags:0, output hwFlags:0
06-24 15:37:10.149 D/PMS11422(  657): package:com.antutu.ABenchMark, input flags:0, output hwFlags:0
06-24 15:37:10.149 D/PMS11422(  657): package:com.sankuai.meituan.takeoutnew, input flags:0, output hwFlags:0
06-24 15:37:10.149 D/PMS11422(  657): package:com.vmall.client, input flags:0, output hwFlags:67108864
06-24 15:37:10.149 D/PMS11422(  657): package:com.android.browser, input flags:0, output hwFlags:0
06-24 15:37:10.149 V/HwPhoneWindowManager(  657): updateSystemUiColorLw window=Window{7b78a33 u0 com.excelliance.dualaid/com.excelliance.kxqp.ui.HelloActivity},EmuiStyle=0,StatusBarColor=0x0,NavigationBarColor=0xff000000, mLastIsEmuiLightStyle=-1
06-24 15:37:10.149 D/PMS11422(  657): package:com.eg.android.AlipayGphone, input flags:0, output hwFlags:0
06-24 15:37:10.149 D/PMS11422(  657): package:com.android.mediacenter, input flags:0, output hwFlags:0
06-24 15:37:10.150 D/PMS11422(  657): package:com.huawei.himovie, input flags:0, output hwFlags:0
06-24 15:37:10.150 D/HwPhoneWindowManager(  657): Transact:setSystemUIColor to status bar service
06-24 15:37:10.150 D/PMS11422(  657): package:com.huawei.hnreader, input flags:0, output hwFlags:67108864
06-24 15:37:10.150 I/CommandQueue( 1513): updateBarBgColor
06-24 15:37:10.150 D/CommandQueue( 1513): CommandQueue, setBarBackgroundColor
06-24 15:37:10.150 I/WindowManager(  657): notifyAccessibilityButtonVisibilityChanged visible:false
06-24 15:37:10.150 D/PMS11422(  657): package:com.twitter.android, input flags:0, output hwFlags:0
06-24 15:37:10.150 D/TintManager( 1513): statusBarIconTint=#99FFFFFF,navigationBarIconTint=#FF000000
06-24 15:37:10.150 D/PMS11422(  657): package:com.baidu.input_huawei, input flags:0, output hwFlags:0
06-24 15:37:10.151 D/PMS11422(  657): package:com.google.android.gms, input flags:0, output hwFlags:0
06-24 15:37:10.151 D/PMS11422(  657): package:com.sankuai.meituan, input flags:0, output hwFlags:0
06-24 15:37:10.151 D/PMS11422(  657): package:com.tencent.news, input flags:0, output hwFlags:0
06-24 15:37:10.151 V/WindowManager(  657): Checking 1 opening apps (frozen=false timeout=false)...
06-24 15:37:10.151 V/WindowManager(  657): Check opening app=AppWindowToken{54dcf4a token=Token{9ed5cb5 ActivityRecord{460ec u0 com.excelliance.dualaid/com.excelliance.kxqp.ui.HelloActivity t16024}}}: allDrawn=false startingDisplayed=false startingMoved=false isRelaunching()=false
06-24 15:37:10.151 W/ActivityManager(  657): Sending non-protected broadcast huawei.action.floattasks.STATUS_BAR_STATE_CHANGED from system 1513:com.android.systemui/u0a39 pkg com.android.systemui
06-24 15:37:10.151 D/PMS11422(  657): package:com.iflytek.speechsuite, input flags:0, output hwFlags:0
06-24 15:37:10.151 D/PMS11422(  657): package:com.qzone, input flags:0, output is null
06-24 15:37:10.151 D/PMS11422(  657): package:com.tencent.android.qqdownloader, input flags:0, output hwFlags:0
06-24 15:37:10.151 D/PMS11422(  657): package:com.tencent.now, input flags:0, output is null
06-24 15:37:10.151 D/PMS11422(  657): package:com.ifreetalk.ftalk, input flags:0, output hwFlags:0
06-24 15:37:10.152 D/PMS11422(  657): package:com.taobao.taobao, input flags:0, output hwFlags:0
06-24 15:37:10.152 D/PMS11422(  657): package:com.android.gallery3d, input flags:0, output hwFlags:0
06-24 15:37:10.152 D/PMS11422(  657): package:com.pp.assistant, input flags:0, output hwFlags:0
06-24 15:37:10.152 D/PMS11422(  657): package:com.oppo.market, input flags:0, output hwFlags:0
06-24 15:37:10.152 D/PMS11422(  657): package:com.excean.wxaid, input flags:0, output hwFlags:0
06-24 15:37:10.153 D/PMS11422(  657): package:com.huawei.intelligent, input flags:0, output hwFlags:0
06-24 15:37:10.153 D/PMS11422(  657): package:com.google.android.backuptransport, input flags:0, output hwFlags:0
06-24 15:37:10.153 D/PMS11422(  657): package:com.huawei.skytone, input flags:0, output hwFlags:0
06-24 15:37:10.153 D/PMS11422(  657): package:com.estrongs.android.pop, input flags:0, output hwFlags:0
06-24 15:37:10.153 D/PMS11422(  657): package:com.redfinger.app, input flags:0, output hwFlags:0
06-24 15:37:10.153 D/PMS11422(  657): package:com.android.vending, input flags:0, output hwFlags:0
06-24 15:37:10.153 D/PMS11422(  657): package:org.hapjs.mockup, input flags:0, output hwFlags:0
06-24 15:37:10.154 I/GRALLOC (  679): 	 shrFd=10,fmt=0x1,intFmt=0x200000001,btStrd=4352,size=8486912,pid=679 
06-24 15:37:10.154 I/GRALLOC (  679): 	 yuv=2,w=1080,h=1920,Stride u=0 v=0,offset u=0 v=0 
06-24 15:37:10.154 I/GRALLOC (  679): 	 iova_size=8486912,conUsg=0x900,proUsg=0x900,	 strd=1088,[afbc]HdrStrd=1088 PyldStrd=69632 Scrmbl=2,ionhnd = 1 
06-24 15:37:10.154 D/PMS11422(  657): package:com.huawei.gamebox, input flags:0, output hwFlags:603979776
06-24 15:37:10.154 D/PMS11422(  657): package:com.tencent.tmgp.pubgmhd-ext, input flags:0, output is null
06-24 15:37:10.154 D/PMS11422(  657): package:com.stickgame.los2, input flags:0, output hwFlags:0
06-24 15:37:10.154 D/PMS11422(  657): package:com.qihoo.appstore, input flags:0, output hwFlags:0
06-24 15:37:10.154 D/PMS11422(  657): package:com.huawei.android.thememanager, input flags:0, output hwFlags:0
06-24 15:37:10.155 D/PMS11422(  657): package:com.excean.parallelspace, input flags:0, output hwFlags:0
06-24 15:37:10.155 D/PMS11422(  657): package:com.UCMobile, input flags:0, output hwFlags:0
06-24 15:37:10.155 D/PMS11422(  657): package:com.bbk.appstore, input flags:0, output hwFlags:0
06-24 15:37:10.155 D/PMS11422(  657): package:com.excean.ppaid, input flags:0, output hwFlags:0
06-24 15:37:10.155 D/PMS11422(  657): package:com.netease.blockchain, input flags:0, output hwFlags:0
06-24 15:37:10.155 D/PMS11422(  657): package:com.huawei.camera, input flags:0, output hwFlags:0
06-24 15:37:10.155 D/PMS11422(  657): package:com.sinovatech.unicom.ui, input flags:0, output hwFlags:0
06-24 15:37:10.155 D/PMS11422(  657): package:com.huawei.phoneservice, input flags:0, output hwFlags:0
06-24 15:37:10.155 W//system/bin/hwservicemanager(  416): Cannot open /odm/manifest.xml
06-24 15:37:10.156 D/PMS11422(  657): package:com.crisisfire.android.nearme.gamecenter, input flags:0, output hwFlags:0
06-24 15:37:10.156 D/PMS11422(  657): package:com.antutu.benchmark.full, input flags:0, output hwFlags:0
06-24 15:37:10.156 V/WindowManager(  657): Checking 1 opening apps (frozen=false timeout=false)...
06-24 15:37:10.156 V/WindowManager(  657): Check opening app=AppWindowToken{54dcf4a token=Token{9ed5cb5 ActivityRecord{460ec u0 com.excelliance.dualaid/com.excelliance.kxqp.ui.HelloActivity t16024}}}: allDrawn=false startingDisplayed=false startingMoved=false isRelaunching()=false
06-24 15:37:10.156 D/PMS11422(  657): package:com.xunmeng.pinduoduo, input flags:0, output hwFlags:0
06-24 15:37:10.156 D/PMS11422(  657): package:com.zhuowang.cloneapp, input flags:0, output hwFlags:0
06-24 15:37:10.156 D/PMS11422(  657): package:com.excean.parallelspace.b64, input flags:0, output hwFlags:0
06-24 15:37:10.156 D/PMS11422(  657): package:com.excelliance.multiaccounts.b64, input flags:0, output hwFlags:0
06-24 15:37:10.156 D/PMS11422(  657): package:com.xiangyou.multispace, input flags:0, output hwFlags:0
06-24 15:37:10.156 I/GRALLOC (  679): 	 shrFd=10,fmt=0x1,intFmt=0x200000001,btStrd=4352,size=8486912,pid=679 
06-24 15:37:10.156 I/GRALLOC (  679): 	 yuv=2,w=1080,h=1920,Stride u=0 v=0,offset u=0 v=0 
06-24 15:37:10.156 I/GRALLOC (  679): 	 iova_size=8486912,conUsg=0x900,proUsg=0x900,	 strd=1088,[afbc]HdrStrd=1088 PyldStrd=69632 Scrmbl=2,ionhnd = 1 
06-24 15:37:10.157 D/PMS11422(  657): package:com.youlong.multiaccount, input flags:0, output hwFlags:0
06-24 15:37:10.157 D/PMS11422(  657): package:com.gameloft.android.ANMP.GloftA9HM, input flags:0, output hwFlags:0
06-24 15:37:10.157 D/PMS11422(  657): package:com.excelliance.dualaid.b64, input flags:0, output hwFlags:0
06-24 15:37:10.157 D/AddGameData(21919): switch_uninstall: 70
06-24 15:37:10.157 D/mali_winsys(21919): EGLint new_window_surface(egl_winsys_display *, void *, EGLSurface, EGLConfig, egl_winsys_surface **, egl_color_buffer_format *, EGLBoolean) returns 0x3000
06-24 15:37:10.159 D/PMS1000 (  657): package:com.excelliance.dualaid, input flags:8192, output hwFlags:0
06-24 15:37:10.160 W/HSM     ( 1813): HoldService:toast switch is close!
06-24 15:37:10.161 D/ApplicationPackageManager(21919): queryIntentActivitiesAsUser blocked, Intent { act=android.intent.action.MAIN cat=[android.intent.category.LAUNCHER] pkg=com.huawei.hifolder }
06-24 15:37:10.161 D/HsmInterfaceImpl(21919): List []
06-24 15:37:10.164 W/HSM     ( 1813): HoldService:toast switch is close!
06-24 15:37:10.165 D/ApplicationPackageManager(21919): queryIntentActivitiesAsUser blocked, Intent { act=android.intent.action.MAIN cat=[android.intent.category.LAUNCHER] pkg=com.github.shadowsocks }
06-24 15:37:10.165 D/HsmInterfaceImpl(21919): List [ResolveInfo{12fb133 com.github.shadowsocks/.MainActivity m=0x108000}]
06-24 15:37:10.167 W/InputMethodManager(21919): startInputReason = 1
06-24 15:37:10.170 I/wangchen( 7035): SysInfo.getSysParam: orientation=1||config d=3.0,w=1080,h=1920||metrics d=3.0,w=1080,h=1920||sdk=26,bar_h=72
06-24 15:37:10.170 I/KeymapLoader( 7035): w=1080 h=1920 ori=true appScale=3.3 s1=3.0
06-24 15:37:10.189 W/HSM     ( 1813): HoldService:toast switch is close!
06-24 15:37:10.190 D/ApplicationPackageManager(21919): queryIntentActivitiesAsUser blocked, Intent { act=android.intent.action.MAIN cat=[android.intent.category.LAUNCHER] pkg=com.excelliance.dualaid }
06-24 15:37:10.190 D/HsmInterfaceImpl(21919): List [ResolveInfo{7c40895 com.excelliance.dualaid/com.excelliance.kxqp.ui.HelloActivity m=0x108000}]
06-24 15:37:10.191 I/GRALLOC (  679): 	 shrFd=10,fmt=0x1,intFmt=0x200000001,btStrd=4352,size=8486912,pid=679 
06-24 15:37:10.191 I/GRALLOC (  679): 	 yuv=2,w=1080,h=1920,Stride u=0 v=0,offset u=0 v=0 
06-24 15:37:10.191 I/GRALLOC (  679): 	 iova_size=8486912,conUsg=0xb00,proUsg=0xb00,	 strd=1088,[afbc]HdrStrd=1088 PyldStrd=69632 Scrmbl=2,ionhnd = 1 
06-24 15:37:10.199 D/WindowManager(  657): finishDrawingWindow: Window{7b78a33 u0 com.excelliance.dualaid/com.excelliance.kxqp.ui.HelloActivity} mDrawState=DRAW_PENDING
06-24 15:37:10.201 V/WindowManager(  657): Checking 1 opening apps (frozen=false timeout=false)...
06-24 15:37:10.201 V/WindowManager(  657): Check opening app=AppWindowToken{54dcf4a token=Token{9ed5cb5 ActivityRecord{460ec u0 com.excelliance.dualaid/com.excelliance.kxqp.ui.HelloActivity t16024}}}: allDrawn=true startingDisplayed=false startingMoved=false isRelaunching()=false
06-24 15:37:10.204 I/ActivityManager(  657): Displayed com.excelliance.dualaid/com.excelliance.kxqp.ui.HelloActivity: +218ms
06-24 15:37:10.207 V/WindowManager(  657): Checking 0 opening apps (frozen=false timeout=false)...
06-24 15:37:10.208 D/BarTransitions.HwPhoneStatusBarView( 1513): MODE_TRANSLUCENT -> MODE_TRANSPARENT animate=false
06-24 15:37:10.209 D/BarTransitions.HwPhoneStatusBarView( 1513): applyModeBackground oldMode=MODE_TRANSLUCENT newMode=MODE_TRANSPARENT animate=false
06-24 15:37:10.211 I/GRALLOC (  679): 	 shrFd=10,fmt=0x1,intFmt=0x200000001,btStrd=4352,size=8486912,pid=679 
06-24 15:37:10.211 I/GRALLOC (  679): 	 yuv=2,w=1080,h=1920,Stride u=0 v=0,offset u=0 v=0 
06-24 15:37:10.211 I/GRALLOC (  679): 	 iova_size=8486912,conUsg=0xb00,proUsg=0xb00,	 strd=1088,[afbc]HdrStrd=1088 PyldStrd=69632 Scrmbl=2,ionhnd = 1 
06-24 15:37:10.216 I/GRALLOC (  679): 	 shrFd=10,fmt=0x1,intFmt=0x200000001,btStrd=4352,size=8486912,pid=679 
06-24 15:37:10.216 I/GRALLOC (  679): 	 yuv=2,w=1080,h=1920,Stride u=0 v=0,offset u=0 v=0 
06-24 15:37:10.216 I/GRALLOC (  679): 	 iova_size=8486912,conUsg=0xb00,proUsg=0xb00,	 strd=1088,[afbc]HdrStrd=1088 PyldStrd=69632 Scrmbl=2,ionhnd = 1 
06-24 15:37:10.218 D/BarTransitions.HwNavigationBarView( 1513): MODE_OPAQUE -> MODE_TRANSPARENT animate=false
06-24 15:37:10.218 D/BarTransitions.HwNavigationBarView( 1513): applyModeBackground oldMode=MODE_OPAQUE newMode=MODE_TRANSPARENT animate=false
06-24 15:37:10.219 D/PMS1000 (  657): package:com.excelliance.dualaid, input flags:8192, output hwFlags:0
06-24 15:37:10.219 E/BufferQueueProducer(  710): [com.excelliance.dualaid/com.excelliance.kxqp.swipe.NavActivity2#0] disconnect: not connected (req=1)
06-24 15:37:10.219 W/libEGL  (21919): EGLNativeWindowType 0xd0cbe808 disconnect failed
06-24 15:37:10.220 W/HSM     ( 1813): HoldService:toast switch is close!
06-24 15:37:10.220 D/ApplicationPackageManager(21919): queryIntentActivitiesAsUser blocked, Intent { act=android.intent.action.MAIN cat=[android.intent.category.LAUNCHER] pkg=com.tencent.tmgp.qqx5 }
06-24 15:37:10.220 D/HsmInterfaceImpl(21919): List [ResolveInfo{8b73d9b com.tencent.tmgp.qqx5/.DGMMainActivity m=0x108000}]
06-24 15:37:10.262 D/PMS1000 (  657): package:com.excelliance.dualaid, input flags:8192, output hwFlags:0
06-24 15:37:10.263 W/HSM     ( 1813): HoldService:toast switch is close!
06-24 15:37:10.264 D/ApplicationPackageManager(21919): queryIntentActivitiesAsUser blocked, Intent { act=android.intent.action.MAIN cat=[android.intent.category.LAUNCHER] pkg=com.huawei.android.pushagent }
06-24 15:37:10.264 D/HsmInterfaceImpl(21919): List []
06-24 15:37:10.267 W/HSM     ( 1813): HoldService:toast switch is close!
06-24 15:37:10.269 D/ApplicationPackageManager(21919): queryIntentActivitiesAsUser blocked, Intent { act=android.intent.action.MAIN cat=[android.intent.category.LAUNCHER] pkg=com.huawei.appmarket }
06-24 15:37:10.269 D/HsmInterfaceImpl(21919): List [ResolveInfo{4299911 com.huawei.appmarket/.MainActivity m=0x108000}]
06-24 15:37:10.272 E/asset   (21919): createFromFile(): lock file /data/resource-cache/system@emui@base@overlay@frameworkhwexthonor@frameworkhwexthonor.apk@idmap.
06-24 15:37:10.273 E/asset   (21919): createFromFile(): lock file /data/resource-cache/system@emui@base@overlay@frameworkhwexthonor@frameworkhwexthonor.apk@idmap.
06-24 15:37:10.273 W/ResourceType(21919): Found multiple library tables, ignoring...
06-24 15:37:10.301 D/PMS1000 (  657): package:com.excelliance.dualaid, input flags:8192, output hwFlags:0
06-24 15:37:10.302 W/HSM     ( 1813): HoldService:toast switch is close!
06-24 15:37:10.303 D/ApplicationPackageManager(21919): queryIntentActivitiesAsUser blocked, Intent { act=android.intent.action.MAIN cat=[android.intent.category.LAUNCHER] pkg=com.wandoujia.phoenix2 }
06-24 15:37:10.303 D/HsmInterfaceImpl(21919): List [ResolveInfo{222dce4 com.wandoujia.phoenix2/com.pp.assistant.activity.PPMainActivity m=0x108000}]
06-24 15:37:10.306 D/HwRecentsLockUtils( 1513): Search
06-24 15:37:10.306 E/HsmCoreServiceImpl( 1478): onTransact in code is: 103
06-24 15:37:10.306 I/MediaProcessHandler( 1478): playingUids: 
06-24 15:37:10.307 D/ActivityManager(  657): Skipping, home or recents stack task: TaskRecord{333215f #15658 A=com.huawei.android.launcher U=0 StackId=0 sz=1}
06-24 15:37:10.307 D/ActivityManager(  657): Skipping intent:act=android.intent.action.MAIN cat=[android.intent.category.LAUNCHER] flg=0x10a00000 cmp=io.appium.settings/.Settings
06-24 15:37:10.307 D/ActivityManager(  657): Skipping intent:flg=0x10804000 cmp=com.android.systemui/.recents.RecentsActivity bnds=[48,928][1032,2296]
06-24 15:37:10.307 D/ActivityManager(  657): Skipping intent:flg=0x18800000 cmp=com.tencent.mm/.plugin.base.stub.WXPayEntryActivity
06-24 15:37:10.307 D/ActivityManager(  657): Skipping intent:flg=0x10800000 cmp=com.huawei.systemmanager/com.huawei.permissionmanager.ui.MainActivity
06-24 15:37:10.307 D/ActivityManager(  657): Skipping intent:flg=0x18800000 cmp=com.tencent.mm/.plugin.base.stub.WXEntryActivity
06-24 15:37:10.307 D/ActivityManager(  657): Skipping intent:act=com.huawei.action.VOICE_ASSISTANT flg=0x10800000 pkg=com.huawei.vassistant cmp=com.huawei.vassistant/.ui.main.VAssistantActivity
06-24 15:37:10.307 D/ActivityManager(  657): Skipping intent:act=com.huawei.android.launcher.action.ACCESS_SPLIT_SCREEN_APP cat=[android.intent.category.DEFAULT] flg=0x10804000 cmp=com.huawei.android.launcher/.splitscreen.SplitScreenAppActivity
06-24 15:37:10.307 D/ActivityManager(  657): Skipping intent:flg=0x10800000 pkg=com.excelliance.dualaid.b64 cmp=com.excelliance.dualaid.b64/com.excelliance.kxqp.sdk.PermissionRequestActivity
06-24 15:37:10.307 D/ActivityManager(  657): Skipping intent:act=android.intent.action.VIEW dat=content://com.excelliance.dualaid.fileProvider/external_storage_root/Download/apk/Multiple_64.apk typ=application/vnd.android.package-archive flg=0x10800001 cmp=com.android.packageinstaller/.InstallStart
06-24 15:37:10.307 D/ActivityManager(  657): Skipping intent:flg=0x10800000 cmp=com.android.systemui/.usb.HwUsbDebuggingActivity
06-24 15:37:10.307 D/ActivityManager(  657): Skipping intent:act=android.deviceinfo.chooser.action.LAUNCH flg=0x10800000 hwFlg=0x100 pkg=com.android.settings cmp=com.android.settings/.deviceinfo.UsbConnModeChooserActivity
06-24 15:37:10.307 D/ActivityManager(  657): Skipping intent:flg=0x10800000 cmp=com.zol.android/.push.KeepLiveActivity
06-24 15:37:10.307 D/ActivityManager(  657): Skipping intent:act=android.intent.action.MAIN cat=[android.intent.category.HOME] flg=0x10800300 cmp=com.android.settings/.FallbackHome
06-24 15:37:10.331 D/PMS1000 (  657): package:com.excelliance.dualaid, input flags:8192, output hwFlags:0
06-24 15:37:10.332 W/HSM     ( 1813): HoldService:toast switch is close!
06-24 15:37:10.333 D/ApplicationPackageManager(21919): queryIntentActivitiesAsUser blocked, Intent { act=android.intent.action.MAIN cat=[android.intent.category.LAUNCHER] pkg=com.tencent.mm }
06-24 15:37:10.333 D/HsmInterfaceImpl(21919): List [ResolveInfo{d51d802 com.tencent.mm/.ui.LauncherUI m=0x108000}]
06-24 15:37:10.346 W/HSM     ( 1813): HoldService:toast switch is close!
06-24 15:37:10.346 D/ApplicationPackageManager(21919): queryIntentActivitiesAsUser blocked, Intent { act=android.intent.action.MAIN cat=[android.intent.category.LAUNCHER] pkg=com.android.providers.media }
06-24 15:37:10.346 D/HsmInterfaceImpl(21919): List []
06-24 15:37:10.350 W/HSM     ( 1813): HoldService:toast switch is close!
06-24 15:37:10.351 D/ApplicationPackageManager(21919): queryIntentActivitiesAsUser blocked, Intent { act=android.intent.action.MAIN cat=[android.intent.category.LAUNCHER] pkg=com.huawei.vassistant }
06-24 15:37:10.351 D/HsmInterfaceImpl(21919): List [ResolveInfo{f35c513 com.huawei.vassistant/.ui.main.VAssistantActivity m=0x108000}]
06-24 15:37:10.354 E/asset   (21919): createFromFile(): lock file /data/resource-cache/system@emui@base@overlay@frameworkhwexthonor@frameworkhwexthonor.apk@idmap.
06-24 15:37:10.354 E/asset   (21919): createFromFile(): lock file /data/resource-cache/system@emui@base@overlay@frameworkhwexthonor@frameworkhwexthonor.apk@idmap.
06-24 15:37:10.354 W/ResourceType(21919): Found multiple library tables, ignoring...
06-24 15:37:10.387 W/HSM     ( 1813): HoldService:toast switch is close!
06-24 15:37:10.388 D/ApplicationPackageManager(21919): queryIntentActivitiesAsUser blocked, Intent { act=android.intent.action.MAIN cat=[android.intent.category.LAUNCHER] pkg=com.facebook.katana }
06-24 15:37:10.388 D/HsmInterfaceImpl(21919): List [ResolveInfo{f09724e com.facebook.katana/.LoginActivity m=0x108000}]
06-24 15:37:10.420 V/ActivityManager(  657): Making visible and scheduling visibility: ActivityRecord{d5c9105 u0 com.huawei.android.launcher/.unihome.UniHomeLauncher t15658}
06-24 15:37:10.420 V/WindowManager(  657): No longer Stopped: AppWindowToken{d3a938b token=Token{377755a ActivityRecord{d5c9105 u0 com.huawei.android.launcher/.unihome.UniHomeLauncher t15658}}}
06-24 15:37:10.433 E/asset   (21919): createFromFile(): lock file /data/resource-cache/system@emui@base@overlay@frameworkhwexthonor@frameworkhwexthonor.apk@idmap.
06-24 15:37:10.433 E/asset   (21919): createFromFile(): lock file /data/resource-cache/system@emui@base@overlay@frameworkhwexthonor@frameworkhwexthonor.apk@idmap.
06-24 15:37:10.433 W/ResourceType(21919): Found multiple library tables, ignoring...
06-24 15:37:10.445 D/ActivityThread(21919): Remove activity client record, r= ActivityRecord{414755e token=android.os.BinderProxy@31abee5 {com.excelliance.dualaid/com.excelliance.kxqp.swipe.NavActivity2}} token= android.os.BinderProxy@31abee5
06-24 15:37:10.446 V/ActivityThread( 2519): Handle window ActivityRecord{4719bb8 token=android.os.BinderProxy@b3fca27 {com.huawei.android.launcher/com.huawei.android.launcher.unihome.UniHomeLauncher}} visibility: true
06-24 15:37:10.447 D/HwQoEUtils(  657): mForegroundAppPackageName: com.huawei.android.launcher ,score: 0
06-24 15:37:10.447 D/HwQoEUtils(  657): onForegroundAppWifiSleepChange: config:false, sleeptime:-1,type: 255, appname:com.huawei.android.launcher
06-24 15:37:10.447 D/HwQoEUtils(  657): APP type: 255 appName= com.huawei.android.launcher
06-24 15:37:10.447 E/HwLauncher( 2519): SettingsEx , no such field.
06-24 15:37:10.447 D/HwQoEUtils(  657): no game, APP_TYPE_GAME, appName =com.huawei.android.launcher
06-24 15:37:10.447 W/HwLauncher( 2519): Clock getDataFormat the getSystemString failed.
06-24 15:37:10.448 D/HwGameAssistantController(  657): pid=2519, uid=10056, foreground=true
06-24 15:37:10.448 W/AwareLog(  657): SchedLevelBoost: onFgActivitiesChanged config not set!
06-24 15:37:10.449 I/HwNetworkPolicy(  657): onTransact, code = 203
06-24 15:37:10.449 I/HwNetworkPolicyManager( 1813): getHwUidPolicy uid = 10056 policy = 0
06-24 15:37:10.454 V/WindowManager(  657): removeIfPossible: Window{ceda356 u0 com.excelliance.dualaid/com.excelliance.kxqp.swipe.NavActivity2} callers=com.android.server.wm.WindowState.removeIfPossible:1914 com.android.server.wm.WindowManagerService.removeWindow:2022 com.android.server.wm.Session.remove:218 android.view.IWindowSession$Stub.onTransact:242 com.android.server.wm.Session.onTransact:161 
06-24 15:37:10.454 I/WindowManager(  657): Destroying surface Surface(name=com.excelliance.dualaid/com.excelliance.kxqp.swipe.NavActivity2) called by com.android.server.wm.WindowStateAnimator.destroySurface:2060 com.android.server.wm.WindowStateAnimator.destroySurfaceLocked:873 com.android.server.wm.HwWindowStateAnimator.destroySurfaceLocked:1006 com.android.server.wm.WindowState.removeImmediately:1899 com.android.server.wm.WindowState.removeIfPossible:2051 com.android.server.wm.WindowState.removeIfPossible:1914 com.android.server.wm.WindowManagerService.removeWindow:2022 com.android.server.wm.Session.remove:218 
06-24 15:37:10.455 V/WindowManager(  657): postWindowRemoveCleanupLocked: Window{ceda356 u0 com.excelliance.dualaid/com.excelliance.kxqp.swipe.NavActivity2}
06-24 15:37:10.455 V/WindowManager(  657): Removing Window{ceda356 u0 com.excelliance.dualaid/com.excelliance.kxqp.swipe.NavActivity2} from AppWindowToken{3d22283 token=Token{eb88532 ActivityRecord{aab193d u0 com.excelliance.dualaid/com.excelliance.kxqp.swipe.NavActivity2 t16024}}}
06-24 15:37:10.466 V/WindowManager(  657): removeAppToken: AppWindowToken{3d22283 token=Token{eb88532 ActivityRecord{aab193d u0 com.excelliance.dualaid/com.excelliance.kxqp.swipe.NavActivity2 t16024}}} delayed=false Callers=com.android.server.wm.DisplayContent.removeAppToken:985 com.android.server.wm.AppWindowContainerController.removeContainer:348 com.android.server.am.ActivityRecord.removeWindowContainer:1039 com.android.server.am.ActivityStack.removeActivityFromHistoryLocked:4491 
06-24 15:37:10.466 D/mali_winsys( 2519): EGLint new_window_surface(egl_winsys_display *, void *, EGLSurface, EGLConfig, egl_winsys_surface **, egl_color_buffer_format *, EGLBoolean) returns 0x3000
06-24 15:37:10.468 D/PMS1000 (  657): package:com.excelliance.dualaid, input flags:8192, output hwFlags:0
06-24 15:37:10.469 I/GRALLOC (  679): 	 shrFd=10,fmt=0x1,intFmt=0x200000001,btStrd=4352,size=8486912,pid=679 
06-24 15:37:10.469 I/GRALLOC (  679): 	 yuv=2,w=1080,h=1920,Stride u=0 v=0,offset u=0 v=0 
06-24 15:37:10.469 I/GRALLOC (  679): 	 iova_size=8486912,conUsg=0x900,proUsg=0x900,	 strd=1088,[afbc]HdrStrd=1088 PyldStrd=69632 Scrmbl=2,ionhnd = 1 
06-24 15:37:10.470 W/HSM     ( 1813): HoldService:toast switch is close!
06-24 15:37:10.471 D/ApplicationPackageManager(21919): queryIntentActivitiesAsUser blocked, Intent { act=android.intent.action.MAIN cat=[android.intent.category.LAUNCHER] pkg=com.huawei.trustcircle }
06-24 15:37:10.471 D/HsmInterfaceImpl(21919): List []
06-24 15:37:10.473 I/GRALLOC (  679): 	 shrFd=10,fmt=0x1,intFmt=0x200000001,btStrd=4352,size=8486912,pid=679 
06-24 15:37:10.473 I/GRALLOC (  679): 	 yuv=2,w=1080,h=1920,Stride u=0 v=0,offset u=0 v=0 
06-24 15:37:10.473 I/GRALLOC (  679): 	 iova_size=8486912,conUsg=0x900,proUsg=0x900,	 strd=1088,[afbc]HdrStrd=1088 PyldStrd=69632 Scrmbl=2,ionhnd = 1 
06-24 15:37:10.474 D/PMS1000 (  657): package:com.excelliance.dualaid, input flags:8192, output hwFlags:0
06-24 15:37:10.475 W/HSM     ( 1813): HoldService:toast switch is close!
06-24 15:37:10.475 I/GRALLOC (  679): 	 shrFd=10,fmt=0x1,intFmt=0x200000001,btStrd=4352,size=8486912,pid=679 
06-24 15:37:10.475 I/GRALLOC (  679): 	 yuv=2,w=1080,h=1920,Stride u=0 v=0,offset u=0 v=0 
06-24 15:37:10.475 I/GRALLOC (  679): 	 iova_size=8486912,conUsg=0x900,proUsg=0x900,	 strd=1088,[afbc]HdrStrd=1088 PyldStrd=69632 Scrmbl=2,ionhnd = 1 
06-24 15:37:10.475 D/ApplicationPackageManager(21919): queryIntentActivitiesAsUser blocked, Intent { act=android.intent.action.MAIN cat=[android.intent.category.LAUNCHER] pkg=com.jingdong.app.mall }
06-24 15:37:10.475 D/HsmInterfaceImpl(21919): List [ResolveInfo{78e655a com.jingdong.app.mall/.main.MainActivity m=0x108000}]
06-24 15:37:10.496 I/GRALLOC (  679): 	 shrFd=10,fmt=0x1,intFmt=0x200000001,btStrd=4352,size=8486912,pid=679 
06-24 15:37:10.496 I/GRALLOC (  679): 	 yuv=2,w=1080,h=1920,Stride u=0 v=0,offset u=0 v=0 
06-24 15:37:10.496 I/GRALLOC (  679): 	 iova_size=8486912,conUsg=0xb00,proUsg=0xb00,	 strd=1088,[afbc]HdrStrd=1088 PyldStrd=69632 Scrmbl=2,ionhnd = 1 
06-24 15:37:10.506 D/WindowManager(  657): finishDrawingWindow: Window{68d6975 u0 com.huawei.android.launcher/com.huawei.android.launcher.unihome.UniHomeLauncher} mDrawState=DRAW_PENDING
06-24 15:37:10.507 D/ImageWallpaper( 1513): onOffsetsChanged: xOffset=0.0, yOffset=0.0, xOffsetStep=0.0, yOffsetStep=0.0, xPixels=0, yPixels=0
06-24 15:37:10.507 D/ImageWallpaper( 1513): Suppressed drawFrame since redraw is not needed and offsets have not changed.sf=Rect(0, 0 - 2160, 1920)
06-24 15:37:10.507 D/ImageWallpaper( 1513): onVisibilityChanged: mVisible, visible=false, true
06-24 15:37:10.507 D/ImageWallpaper( 1513): Visibility changed to visible=true
06-24 15:37:10.508 D/ImageWallpaper( 1513): Suppressed drawFrame since redraw is not needed and offsets have not changed.sf=Rect(0, 0 - 2160, 1920)
06-24 15:37:10.511 D/HwFLClassLoader( 2519): USE_FEATURE_LIST had not init! 
06-24 15:37:10.512 D/PMS1000 (  657): package:com.excelliance.dualaid, input flags:8192, output hwFlags:0
06-24 15:37:10.513 W/HSM     ( 1813): HoldService:toast switch is close!
06-24 15:37:10.514 D/ApplicationPackageManager(21919): queryIntentActivitiesAsUser blocked, Intent { act=android.intent.action.MAIN cat=[android.intent.category.LAUNCHER] pkg=com.tencent.mobileqq }
06-24 15:37:10.514 D/HsmInterfaceImpl(21919): List [ResolveInfo{d2fcc68 com.tencent.mobileqq/.activity.SplashActivity m=0x108000}]
06-24 15:37:10.516 E/asset   ( 2519): createFromFile(): lock file /data/resource-cache/system@emui@base@overlay@frameworkhwexthonor@frameworkhwexthonor.apk@idmap.
06-24 15:37:10.516 E/asset   ( 2519): createFromFile(): lock file /data/resource-cache/system@emui@base@overlay@frameworkhwexthonor@frameworkhwexthonor.apk@idmap.
06-24 15:37:10.516 W/ResourceType( 2519): Found multiple library tables, ignoring...
06-24 15:37:10.523 D/HwFLClassLoader( 2519): USE_FEATURE_LIST had not init! 
06-24 15:37:10.526 E/asset   ( 2519): createFromFile(): lock file /data/resource-cache/system@emui@base@overlay@frameworkhwexthonor@frameworkhwexthonor.apk@idmap.
06-24 15:37:10.526 E/asset   ( 2519): createFromFile(): lock file /data/resource-cache/system@emui@base@overlay@frameworkhwexthonor@frameworkhwexthonor.apk@idmap.
06-24 15:37:10.526 W/ResourceType( 2519): Found multiple library tables, ignoring...
06-24 15:37:10.527 W/HSM     ( 1813): HoldService:toast switch is close!
06-24 15:37:10.527 D/ApplicationPackageManager(21919): queryIntentActivitiesAsUser blocked, Intent { act=android.intent.action.MAIN cat=[android.intent.category.LAUNCHER] pkg=com.zol.android }
06-24 15:37:10.527 D/HsmInterfaceImpl(21919): List [ResolveInfo{e11e881 com.zol.android/.ui.FirstActivity m=0x108000}]
06-24 15:37:10.553 W/HSM     ( 1813): HoldService:toast switch is close!
06-24 15:37:10.554 D/ApplicationPackageManager(21919): queryIntentActivitiesAsUser blocked, Intent { act=android.intent.action.MAIN cat=[android.intent.category.LAUNCHER] pkg=com.huawei.hiskytone }
06-24 15:37:10.555 D/HsmInterfaceImpl(21919): List [ResolveInfo{2b40d67 com.huawei.hiskytone/com.huawei.skytone.account.welcome.SplashActivity m=0x108000}]
06-24 15:37:10.593 W/HSM     ( 1813): HoldService:toast switch is close!
06-24 15:37:10.593 D/ApplicationPackageManager(21919): queryIntentActivitiesAsUser blocked, Intent { act=android.intent.action.MAIN cat=[android.intent.category.LAUNCHER] pkg=com.huawei.hwid }
06-24 15:37:10.593 D/HsmInterfaceImpl(21919): List []
06-24 15:37:10.596 D/PMS1000 (  657): package:com.excelliance.dualaid, input flags:8192, output hwFlags:0
06-24 15:37:10.597 W/HSM     ( 1813): HoldService:toast switch is close!
06-24 15:37:10.598 D/ApplicationPackageManager(21919): queryIntentActivitiesAsUser blocked, Intent { act=android.intent.action.MAIN cat=[android.intent.category.LAUNCHER] pkg=com.sina.weibo }
06-24 15:37:10.598 D/HsmInterfaceImpl(21919): List [ResolveInfo{57445b2 com.sina.weibo/.SplashActivity m=0x108000}]
06-24 15:37:10.654 W/HSM     ( 1813): HoldService:toast switch is close!
06-24 15:37:10.654 E/asset   ( 2519): createFromFile(): lock file /data/resource-cache/system@emui@base@overlay@frameworkhwexthonor@frameworkhwexthonor.apk@idmap.
06-24 15:37:10.654 E/asset   ( 2519): createFromFile(): lock file /data/resource-cache/system@emui@base@overlay@frameworkhwexthonor@frameworkhwexthonor.apk@idmap.
06-24 15:37:10.654 W/ResourceType( 2519): Found multiple library tables, ignoring...
06-24 15:37:10.654 D/ApplicationPackageManager(21919): queryIntentActivitiesAsUser blocked, Intent { act=android.intent.action.MAIN cat=[android.intent.category.LAUNCHER] pkg=com.antutu.ABenchMark }
06-24 15:37:10.654 D/HsmInterfaceImpl(21919): List [ResolveInfo{11dc080 com.antutu.ABenchMark/.ABenchMarkStart m=0x108000}]
06-24 15:37:10.659 D/HwFLClassLoader( 2519): USE_FEATURE_LIST had not init! 
06-24 15:37:10.681 D/PMS1000 (  657): package:com.excelliance.dualaid, input flags:8192, output hwFlags:0
06-24 15:37:10.682 W/HSM     ( 1813): HoldService:toast switch is close!
06-24 15:37:10.683 D/ApplicationPackageManager(21919): queryIntentActivitiesAsUser blocked, Intent { act=android.intent.action.MAIN cat=[android.intent.category.LAUNCHER] pkg=com.sankuai.meituan.takeoutnew }
06-24 15:37:10.683 D/HsmInterfaceImpl(21919): List [ResolveInfo{8eb425f com.sankuai.meituan.takeoutnew/.ui.page.boot.WelcomeActivity m=0x108000}]
06-24 15:37:10.710 D/PMS1000 (  657): package:com.excelliance.dualaid, input flags:8192, output hwFlags:0
06-24 15:37:10.710 W/HSM     ( 1813): HoldService:toast switch is close!
06-24 15:37:10.711 D/ApplicationPackageManager(21919): queryIntentActivitiesAsUser blocked, Intent { act=android.intent.action.MAIN cat=[android.intent.category.LAUNCHER] pkg=com.vmall.client }
06-24 15:37:10.711 D/HsmInterfaceImpl(21919): List [ResolveInfo{657575 com.vmall.client/.splash.fragment.SplashActivity m=0x108000}]
06-24 15:37:10.738 W/HSM     ( 1813): HoldService:toast switch is close!
06-24 15:37:10.739 D/ApplicationPackageManager(21919): queryIntentActivitiesAsUser blocked, Intent { act=android.intent.action.MAIN cat=[android.intent.category.LAUNCHER] pkg=com.android.browser }
06-24 15:37:10.739 D/HsmInterfaceImpl(21919): List [ResolveInfo{b231f98 com.android.browser/com.tencent.mtt.SplashActivity m=0x108000}]
06-24 15:37:10.739 D/HwArpVerifier(  657): getGateWayARPResponses: arp rtt = 11
06-24 15:37:10.739 E/HwCHRWifiRSSIGroupSummery(  657): updatArpSummery mRSSI:-39  HwCHRWifiRSSIGroup [rssi_index=4, rtt_tcp_packets=0, rtt_tcp_duration=0, rtt_lan_duration=263, rtt_lan_failures=0, rtt_lan_succ=32, rtt_lan_max=13, rtt_lan_min=3,same_area_frequency=0,adjacent_area_frequency=0]
06-24 15:37:10.753 D/HwArpVerifier(  657): There are 1 mac address for gateway 
06-24 15:37:10.753 D/HwArpVerifier(  657): from HEART_CHECK transmit to state:HEART_CHECK
06-24 15:37:10.753 D/HwArpVerifier(  657): msg what=124 arg1(token)=6 arg2(mode)=0 delay=30000
06-24 15:37:10.753 D/HwArpVerifier(  657): performPollAndLog:
06-24 15:37:10.756 D/hw_netstat(  657): total/9439/4215,com.excelliance.dualaid/9169/3915,unknown:0/270/0,com.google.uid.shared:10089/0/240,com.android.vending/0/60
06-24 15:37:10.775 W/HSM     ( 1813): HoldService:toast switch is close!
06-24 15:37:10.775 D/ApplicationPackageManager(21919): queryIntentActivitiesAsUser blocked, Intent { act=android.intent.action.MAIN cat=[android.intent.category.LAUNCHER] pkg=com.eg.android.AlipayGphone }
06-24 15:37:10.775 D/HsmInterfaceImpl(21919): List [ResolveInfo{f451e57 com.eg.android.AlipayGphone/.AlipayLogin m=0x108000}]
06-24 15:37:10.796 W/HSM     ( 1813): HoldService:toast switch is close!
06-24 15:37:10.797 D/ApplicationPackageManager(21919): queryIntentActivitiesAsUser blocked, Intent { act=android.intent.action.MAIN cat=[android.intent.category.LAUNCHER] pkg=com.android.mediacenter }
06-24 15:37:10.797 D/HsmInterfaceImpl(21919): List [ResolveInfo{c83de2d com.android.mediacenter/.PageActivity m=0x108000}]
06-24 15:37:10.802 E/asset   (21919): createFromFile(): lock file /data/resource-cache/system@emui@base@overlay@frameworkhwexthonor@frameworkhwexthonor.apk@idmap.
06-24 15:37:10.802 E/asset   (21919): createFromFile(): lock file /data/resource-cache/system@emui@base@overlay@frameworkhwexthonor@frameworkhwexthonor.apk@idmap.
06-24 15:37:10.802 W/ResourceType(21919): Found multiple library tables, ignoring...
06-24 15:37:10.833 W/HSM     ( 1813): HoldService:toast switch is close!
06-24 15:37:10.834 D/ApplicationPackageManager(21919): queryIntentActivitiesAsUser blocked, Intent { act=android.intent.action.MAIN cat=[android.intent.category.LAUNCHER] pkg=com.huawei.himovie }
06-24 15:37:10.834 D/HsmInterfaceImpl(21919): List [ResolveInfo{36249b0 com.huawei.himovie/.ui.login.SplashScreenActivity m=0x108000}]
06-24 15:37:10.838 E/asset   (21919): createFromFile(): lock file /data/resource-cache/system@emui@base@overlay@frameworkhwexthonor@frameworkhwexthonor.apk@idmap.
06-24 15:37:10.838 E/asset   (21919): createFromFile(): lock file /data/resource-cache/system@emui@base@overlay@frameworkhwexthonor@frameworkhwexthonor.apk@idmap.
06-24 15:37:10.838 W/ResourceType(21919): Found multiple library tables, ignoring...
06-24 15:37:10.866 W/HSM     ( 1813): HoldService:toast switch is close!
06-24 15:37:10.866 D/ApplicationPackageManager(21919): queryIntentActivitiesAsUser blocked, Intent { act=android.intent.action.MAIN cat=[android.intent.category.LAUNCHER] pkg=com.huawei.hnreader }
06-24 15:37:10.867 D/HsmInterfaceImpl(21919): List [ResolveInfo{48f814f com.huawei.hnreader/com.qq.reader.activity.SplashActivity m=0x108000}]
06-24 15:37:10.870 E/asset   (21919): createFromFile(): lock file /data/resource-cache/system@emui@base@overlay@frameworkhwexthonor@frameworkhwexthonor.apk@idmap.
06-24 15:37:10.871 E/asset   (21919): createFromFile(): lock file /data/resource-cache/system@emui@base@overlay@frameworkhwexthonor@frameworkhwexthonor.apk@idmap.
06-24 15:37:10.871 W/ResourceType(21919): Found multiple library tables, ignoring...
06-24 15:37:10.898 W/HSM     ( 1813): HoldService:toast switch is close!
06-24 15:37:10.899 D/ApplicationPackageManager(21919): queryIntentActivitiesAsUser blocked, Intent { act=android.intent.action.MAIN cat=[android.intent.category.LAUNCHER] pkg=com.twitter.android }
06-24 15:37:10.899 D/HsmInterfaceImpl(21919): List [ResolveInfo{70398ba com.twitter.android/.StartActivity m=0x108000}]
06-24 15:37:10.935 W/HSM     ( 1813): HoldService:toast switch is close!
06-24 15:37:10.935 D/ApplicationPackageManager(21919): queryIntentActivitiesAsUser blocked, Intent { act=android.intent.action.MAIN cat=[android.intent.category.LAUNCHER] pkg=com.baidu.input_huawei }
06-24 15:37:10.935 D/HsmInterfaceImpl(21919): List []
06-24 15:37:10.938 W/HSM     ( 1813): HoldService:toast switch is close!
06-24 15:37:10.938 D/ApplicationPackageManager(21919): queryIntentActivitiesAsUser blocked, Intent { act=android.intent.action.MAIN cat=[android.intent.category.LAUNCHER] pkg=com.google.android.gms }
06-24 15:37:10.938 D/HsmInterfaceImpl(21919): List []
06-24 15:37:10.942 W/HSM     ( 1813): HoldService:toast switch is close!
06-24 15:37:10.943 D/ApplicationPackageManager(21919): queryIntentActivitiesAsUser blocked, Intent { act=android.intent.action.MAIN cat=[android.intent.category.LAUNCHER] pkg=com.sankuai.meituan }
06-24 15:37:10.943 D/HsmInterfaceImpl(21919): List [ResolveInfo{389bb61 com.sankuai.meituan/com.meituan.android.pt.homepage.activity.Welcome m=0x108000}]
06-24 15:37:10.993 W/HSM     ( 1813): HoldService:toast switch is close!
06-24 15:37:10.994 D/ApplicationPackageManager(21919): queryIntentActivitiesAsUser blocked, Intent { act=android.intent.action.MAIN cat=[android.intent.category.LAUNCHER] pkg=com.tencent.news }
06-24 15:37:10.994 D/HsmInterfaceImpl(21919): List [ResolveInfo{7744b47 com.tencent.news/.activity.SplashActivity m=0x108000}]
06-24 15:37:10.995 W/OpenGLRenderer( 2519): Incorrectly called buildLayer on View: ShortcutAndWidgetContainer, destroying layer...
06-24 15:37:10.995 W/OpenGLRenderer( 2519): Incorrectly called buildLayer on View: ShortcutAndWidgetContainer, destroying layer...
06-24 15:37:10.997 I/GRALLOC (  679): 	 shrFd=10,fmt=0x1,intFmt=0x200000001,btStrd=4352,size=8486912,pid=679 
06-24 15:37:10.997 I/GRALLOC (  679): 	 yuv=2,w=1080,h=1920,Stride u=0 v=0,offset u=0 v=0 
06-24 15:37:10.997 I/GRALLOC (  679): 	 iova_size=8486912,conUsg=0xb00,proUsg=0xb00,	 strd=1088,[afbc]HdrStrd=1088 PyldStrd=69632 Scrmbl=2,ionhnd = 1 
06-24 15:37:11.020 W/HSM     ( 1813): HoldService:toast switch is close!
06-24 15:37:11.021 D/ApplicationPackageManager(21919): queryIntentActivitiesAsUser blocked, Intent { act=android.intent.action.MAIN cat=[android.intent.category.LAUNCHER] pkg=com.iflytek.speechsuite }
06-24 15:37:11.021 D/HsmInterfaceImpl(21919): List []
06-24 15:37:11.023 W/HSM     ( 1813): HoldService:toast switch is close!
06-24 15:37:11.023 D/ApplicationPackageManager(21919): queryIntentActivitiesAsUser blocked, Intent { act=android.intent.action.MAIN cat=[android.intent.category.LAUNCHER] pkg=com.tencent.android.qqdownloader }
06-24 15:37:11.023 D/HsmInterfaceImpl(21919): List [ResolveInfo{8c5ac9d com.tencent.android.qqdownloader/com.tencent.pangu.link.SplashActivity m=0x108000}]
06-24 15:37:11.055 W/HSM     ( 1813): HoldService:toast switch is close!
06-24 15:37:11.055 D/ApplicationPackageManager(21919): queryIntentActivitiesAsUser blocked, Intent { act=android.intent.action.MAIN cat=[android.intent.category.LAUNCHER] pkg=com.ifreetalk.ftalk }
06-24 15:37:11.055 D/HsmInterfaceImpl(21919): List [ResolveInfo{c2054e3 com.ifreetalk.ftalk/.activity.DummyActivity m=0x108000}]
06-24 15:37:11.071 W/HSM     ( 1813): HoldService:toast switch is close!
06-24 15:37:11.072 D/ApplicationPackageManager(21919): queryIntentActivitiesAsUser blocked, Intent { act=android.intent.action.MAIN cat=[android.intent.category.LAUNCHER] pkg=com.taobao.taobao }
06-24 15:37:11.072 D/HsmInterfaceImpl(21919): List [ResolveInfo{e337ee0 com.taobao.taobao/com.taobao.tao.welcome.Welcome m=0x108000}]
06-24 15:37:11.100 W/HSM     ( 1813): HoldService:toast switch is close!
06-24 15:37:11.100 D/ApplicationPackageManager(21919): queryIntentActivitiesAsUser blocked, Intent { act=android.intent.action.MAIN cat=[android.intent.category.LAUNCHER] pkg=com.android.gallery3d }
06-24 15:37:11.100 D/HsmInterfaceImpl(21919): List [ResolveInfo{b0de05e com.android.gallery3d/com.huawei.gallery.app.GalleryMain m=0x108000}]
06-24 15:37:11.104 E/asset   (21919): createFromFile(): lock file /data/resource-cache/system@emui@base@overlay@frameworkhwexthonor@frameworkhwexthonor.apk@idmap.
06-24 15:37:11.104 E/asset   (21919): createFromFile(): lock file /data/resource-cache/system@emui@base@overlay@frameworkhwexthonor@frameworkhwexthonor.apk@idmap.
06-24 15:37:11.104 W/ResourceType(21919): Found multiple library tables, ignoring...
06-24 15:37:11.138 W/HSM     ( 1813): HoldService:toast switch is close!
06-24 15:37:11.138 D/ApplicationPackageManager(21919): queryIntentActivitiesAsUser blocked, Intent { act=android.intent.action.MAIN cat=[android.intent.category.LAUNCHER] pkg=com.pp.assistant }
06-24 15:37:11.138 D/HsmInterfaceImpl(21919): List [ResolveInfo{67ed255 com.pp.assistant/.activity.MainActivity m=0x108000}]
06-24 15:37:11.174 W/HSM     ( 1813): HoldService:toast switch is close!
06-24 15:37:11.175 D/ApplicationPackageManager(21919): queryIntentActivitiesAsUser blocked, Intent { act=android.intent.action.MAIN cat=[android.intent.category.LAUNCHER] pkg=com.oppo.market }
06-24 15:37:11.175 D/HsmInterfaceImpl(21919): List [ResolveInfo{c317d5b com.oppo.market/.activity.MainActivity m=0x108000}]
06-24 15:37:11.206 W/HSM     ( 1813): HoldService:toast switch is close!
06-24 15:37:11.206 D/ApplicationPackageManager(21919): queryIntentActivitiesAsUser blocked, Intent { act=android.intent.action.MAIN cat=[android.intent.category.LAUNCHER] pkg=com.excean.wxaid }
06-24 15:37:11.206 D/HsmInterfaceImpl(21919): List [ResolveInfo{3273ed1 com.excean.wxaid/com.excelliance.kxqp.ui.HelloActivity m=0x108000}]
06-24 15:37:11.235 W/HwResourcesImpl(21919): icon in pkg com.excean.wxaid is too large.sDefaultSizeWithoutEdge = 188bmp.getWidth() = 1536
06-24 15:37:11.252 W/HSM     ( 1813): HoldService:toast switch is close!
06-24 15:37:11.252 D/ApplicationPackageManager(21919): queryIntentActivitiesAsUser blocked, Intent { act=android.intent.action.MAIN cat=[android.intent.category.LAUNCHER] pkg=com.huawei.intelligent }
06-24 15:37:11.252 D/HsmInterfaceImpl(21919): List []
06-24 15:37:11.254 D/PMS1000 (  657): package:com.excelliance.dualaid, input flags:8192, output hwFlags:0
06-24 15:37:11.255 W/HSM     ( 1813): HoldService:toast switch is close!
06-24 15:37:11.255 D/ApplicationPackageManager(21919): queryIntentActivitiesAsUser blocked, Intent { act=android.intent.action.MAIN cat=[android.intent.category.LAUNCHER] pkg=com.google.android.backuptransport }
06-24 15:37:11.255 D/HsmInterfaceImpl(21919): List []
06-24 15:37:11.257 W/HSM     ( 1813): HoldService:toast switch is close!
06-24 15:37:11.258 D/ApplicationPackageManager(21919): queryIntentActivitiesAsUser blocked, Intent { act=android.intent.action.MAIN cat=[android.intent.category.LAUNCHER] pkg=com.huawei.skytone }
06-24 15:37:11.258 D/HsmInterfaceImpl(21919): List []
06-24 15:37:11.260 W/HSM     ( 1813): HoldService:toast switch is close!
06-24 15:37:11.261 D/ApplicationPackageManager(21919): queryIntentActivitiesAsUser blocked, Intent { act=android.intent.action.MAIN cat=[android.intent.category.LAUNCHER] pkg=com.estrongs.android.pop }
06-24 15:37:11.261 D/HsmInterfaceImpl(21919): List [ResolveInfo{d009437 com.estrongs.android.pop/.app.openscreenad.NewSplashActivity m=0x108000}]
06-24 15:37:11.293 W/HSM     ( 1813): HoldService:toast switch is close!
06-24 15:37:11.293 D/ApplicationPackageManager(21919): queryIntentActivitiesAsUser blocked, Intent { act=android.intent.action.MAIN cat=[android.intent.category.LAUNCHER] pkg=com.redfinger.app }
06-24 15:37:11.294 D/HsmInterfaceImpl(21919): List [ResolveInfo{b0ff70d com.redfinger.app/.activity.SplashActivity m=0x108000}]
06-24 15:37:11.324 D/PMS1000 (  657): package:com.excelliance.dualaid, input flags:8192, output hwFlags:0
06-24 15:37:11.325 W/HSM     ( 1813): HoldService:toast switch is close!
06-24 15:37:11.326 D/ApplicationPackageManager(21919): queryIntentActivitiesAsUser blocked, Intent { act=android.intent.action.MAIN cat=[android.intent.category.LAUNCHER] pkg=com.android.vending }
06-24 15:37:11.326 D/HsmInterfaceImpl(21919): List [ResolveInfo{8403cd3 com.android.vending/.AssetBrowserActivity m=0x108000}]
06-24 15:37:11.340 D/NetWorkUtils( 1513): mVSimCurCardType is -1
06-24 15:37:11.341 D/NetWorkUtils( 1513): mVSimCurCardType is -1
06-24 15:37:11.357 W/HSM     ( 1813): HoldService:toast switch is close!
06-24 15:37:11.357 D/ApplicationPackageManager(21919): queryIntentActivitiesAsUser blocked, Intent { act=android.intent.action.MAIN cat=[android.intent.category.LAUNCHER] pkg=org.hapjs.mockup }
06-24 15:37:11.357 D/HsmInterfaceImpl(21919): List [ResolveInfo{7c7d32f org.hapjs.mockup/.activity.MainActivity m=0x108000}]
06-24 15:37:11.378 D/PMS1000 (  657): package:com.excelliance.dualaid, input flags:8192, output hwFlags:0
06-24 15:37:11.379 W/HSM     ( 1813): HoldService:toast switch is close!
06-24 15:37:11.380 D/ApplicationPackageManager(21919): queryIntentActivitiesAsUser blocked, Intent { act=android.intent.action.MAIN cat=[android.intent.category.LAUNCHER] pkg=com.huawei.gamebox }
06-24 15:37:11.380 D/HsmInterfaceImpl(21919): List [ResolveInfo{b99fac5 com.huawei.gamebox/.GameBoxActivity m=0x108000}]
06-24 15:37:11.384 E/asset   (21919): createFromFile(): lock file /data/resource-cache/system@emui@base@overlay@frameworkhwexthonor@frameworkhwexthonor.apk@idmap.
06-24 15:37:11.384 E/asset   (21919): createFromFile(): lock file /data/resource-cache/system@emui@base@overlay@frameworkhwexthonor@frameworkhwexthonor.apk@idmap.
06-24 15:37:11.384 W/ResourceType(21919): Found multiple library tables, ignoring...
06-24 15:37:11.412 W/HSM     ( 1813): HoldService:toast switch is close!
06-24 15:37:11.412 D/ApplicationPackageManager(21919): queryIntentActivitiesAsUser blocked, Intent { act=android.intent.action.MAIN cat=[android.intent.category.LAUNCHER] pkg=com.stickgame.los2 }
06-24 15:37:11.412 D/HsmInterfaceImpl(21919): List [ResolveInfo{13c2128 com.stickgame.los2/com.DBGame.DiabloLOL.DiabloLOL m=0x108000}]
06-24 15:37:11.427 I/TrafficMonitor(  657): update:rxPkts:14,txPkts:19,rxBytes:7853,txBytes:2686
06-24 15:37:11.427 I/TrafficMonitor(  657): start expired. level:-1
06-24 15:37:11.427 I/TrafficMonitor(  657): gettimer:interval=2000
06-24 15:37:11.451 W/HSM     ( 1813): HoldService:toast switch is close!
06-24 15:37:11.452 D/ApplicationPackageManager(21919): queryIntentActivitiesAsUser blocked, Intent { act=android.intent.action.MAIN cat=[android.intent.category.LAUNCHER] pkg=com.qihoo.appstore }
06-24 15:37:11.452 D/HsmInterfaceImpl(21919): List [ResolveInfo{cc7bfe6 com.qihoo.appstore/.home.LauncherActivity m=0x108000}]
06-24 15:37:11.479 D/PMS1000 (  657): package:com.excelliance.dualaid, input flags:8192, output hwFlags:0
06-24 15:37:11.480 W/HSM     ( 1813): HoldService:toast switch is close!
06-24 15:37:11.481 D/ApplicationPackageManager(21919): queryIntentActivitiesAsUser blocked, Intent { act=android.intent.action.MAIN cat=[android.intent.category.LAUNCHER] pkg=com.huawei.android.thememanager }
06-24 15:37:11.481 D/HsmInterfaceImpl(21919): List [ResolveInfo{6c627d4 com.huawei.android.thememanager/.HwThemeManagerActivity m=0x108000}]
06-24 15:37:11.484 E/asset   (21919): createFromFile(): lock file /data/resource-cache/system@emui@base@overlay@frameworkhwexthonor@frameworkhwexthonor.apk@idmap.
06-24 15:37:11.484 E/asset   (21919): createFromFile(): lock file /data/resource-cache/system@emui@base@overlay@frameworkhwexthonor@frameworkhwexthonor.apk@idmap.
06-24 15:37:11.484 W/ResourceType(21919): Found multiple library tables, ignoring...
06-24 15:37:11.484 I/Pged-IPgedBinderService(  769): ****action is 2, pid num is 6***
06-24 15:37:11.484 I/Pged-Freezer(  769): thawPids
06-24 15:37:11.490 D/PgedBinderAdapter( 1699): unfrz ok, pid: [29457, 29531, 29347, 27318, 29532]
06-24 15:37:11.493 I/appium  (29532): Null child 0/1, parent: android.view.accessibility.AccessibilityNodeInfo@8fe4; boundsInParent: Rect(0, 0 - 1080, 1920); boundsInScreen: Rect(0, 0 - 1080, 1920); packageName: com.excelliance.dualaid; className: android.widget.LinearLayout; text: null; error: null; maxTextLength: -1; contentDescription: null; viewIdResName: null; checkable: false; checked: false; focusable: false; focused: false; selected: false; clickable: false; longClickable: false; contextClickable: false; enabled: true; password: false; scrollable: false; importantForAccessibility: false; actions: [AccessibilityAction: ACTION_SELECT - null, AccessibilityAction: ACTION_CLEAR_SELECTION - null, AccessibilityAction: ACTION_ACCESSIBILITY_FOCUS - null, AccessibilityAction: ACTION_SHOW_ON_SCREEN - null]
06-24 15:37:11.493 I/appium  (29532): Fetch time: 3ms
