06-24 15:40:04.976 I/appium  (29532): Null child 0/2, parent: android.view.accessibility.AccessibilityNodeInfo@10fa7; boundsInParent: Rect(0, 0 - 1080, 258); boundsInScreen: Rect(0, 1360 - 1080, 1618); packageName: com.excelliance.dualaid; className: android.widget.LinearLayout; text: null; error: null; maxTextLength: -1; contentDescription: null; viewIdResName: null; checkable: false; checked: false; focusable: true; focused: false; selected: false; clickable: true; longClickable: false; contextClickable: false; enabled: true; password: false; scrollable: false; importantForAccessibility: true; actions: [AccessibilityAction: ACTION_FOCUS - null, AccessibilityAction: ACTION_SELECT - null, AccessibilityAction: ACTION_CLEAR_SELECTION - null, AccessibilityAction: ACTION_CLICK - null, AccessibilityAction: ACTION_ACCESSIBILITY_FOCUS - null, AccessibilityAction: ACTION_SHOW_ON_SCREEN - null]
06-24 15:40:04.976 I/appium  (29532): Null child 1/2, parent: android.view.accessibility.AccessibilityNodeInfo@10fa7; boundsInParent: Rect(0, 0 - 1080, 258); boundsInScreen: Rect(0, 1360 - 1080, 1618); packageName: com.excelliance.dualaid; className: android.widget.LinearLayout; text: null; error: null; maxTextLength: -1; contentDescription: null; viewIdResName: null; checkable: false; checked: false; focusable: true; focused: false; selected: false; clickable: true; longClickable: false; contextClickable: false; enabled: true; password: false; scrollable: false; importantForAccessibility: true; actions: [AccessibilityAction: ACTION_FOCUS - null, AccessibilityAction: ACTION_SELECT - null, AccessibilityAction: ACTION_CLEAR_SELECTION - null, AccessibilityAction: ACTION_CLICK - null, AccessibilityAction: ACTION_ACCESSIBILITY_FOCUS - null, AccessibilityAction: ACTION_SHOW_ON_SCREEN - null]
06-24 15:40:04.976 I/appium  (29532): Skipping invisible child: android.view.accessibility.AccessibilityNodeInfo@129ee; boundsInParent: Rect(0, 0 - 1080, 186); boundsInScreen: Rect(0, 1920 - 1080, 1920); packageName: com.excelliance.dualaid; className: android.view.View; text: null; error: null; maxTextLength: -1; contentDescription: null; viewIdResName: com.excelliance.dualaid:id/first_start_ok_after; checkable: false; checked: false; focusable: false; focused: false; selected: false; clickable: false; longClickable: false; contextClickable: false; enabled: true; password: false; scrollable: false; importantForAccessibility: false; actions: [AccessibilityAction: ACTION_SELECT - null, AccessibilityAction: ACTION_CLEAR_SELECTION - null, AccessibilityAction: ACTION_ACCESSIBILITY_FOCUS - null, AccessibilityAction: ACTION_SHOW_ON_SCREEN - null]
06-24 15:40:04.976 I/appium  (29532): Skipping invisible child: android.view.accessibility.AccessibilityNodeInfo@13170; boundsInParent: Rect(0, 0 - 1080, 72); boundsInScreen: Rect(0, 0 - 1080, 72); packageName: com.excelliance.dualaid; className: android.view.View; text: null; error: null; maxTextLength: -1; contentDescription: null; viewIdResName: null; checkable: false; checked: false; focusable: false; focused: false; selected: false; clickable: false; longClickable: false; contextClickable: false; enabled: true; password: false; scrollable: false; importantForAccessibility: false; actions: [AccessibilityAction: ACTION_SELECT - null, AccessibilityAction: ACTION_CLEAR_SELECTION - null, AccessibilityAction: ACTION_ACCESSIBILITY_FOCUS - null, AccessibilityAction: ACTION_SHOW_ON_SCREEN - null]
06-24 15:40:04.977 I/appium  (29532): Fetch time: 21ms
06-24 15:40:04.979 I/PGServer( 1699): android calls fast hibernateApps
06-24 15:40:04.979 I/AppFastHibernation( 1699): fast hibernate duration: 1500 reason: start activity
06-24 15:40:04.980 I/Pged-IPgedBinderService(  769): ****action is 1, pid num is 6***
06-24 15:40:04.980 I/Pged-Freezer(  769): freezePids
06-24 15:40:04.980 I/Pged-Freezer(  769): Freeze process: 29457
06-24 15:40:04.980 I/Pged-Freezer(  769): Freeze process: 29531
06-24 15:40:04.980 I/GRALLOC (  679): 	 shrFd=10,fmt=0x1,intFmt=0x1,btStrd=1024,size=212992,pid=679 
06-24 15:40:04.980 I/GRALLOC (  679): 	 yuv=2,w=246,h=205,Stride u=0 v=0,offset u=0 v=0 
06-24 15:40:04.980 I/GRALLOC (  679): 	 iova_size=212992,conUsg=0xb00,proUsg=0xb00,	 strd=256,[afbc]HdrStrd=0 PyldStrd=0 Scrmbl=0,ionhnd = 1 
06-24 15:40:04.982 I/Pged-Freezer(  769): Freeze process: 29347
06-24 15:40:04.982 I/Pged-Freezer(  769): Freeze process: 27318
06-24 15:40:04.983 I/Pged-Freezer(  769): Freeze process: 29532
06-24 15:40:04.983 D/PgedBinderAdapter( 1699): frz ok, pid: [29457, 29531, 29347, 27318, 29532]
06-24 15:40:04.990 D/WindowManager(  657): finishDrawingWindow: Window{a65a449 u0 com.excelliance.dualaid/com.excelliance.kxqp.ui.HelloActivity} mDrawState=DRAW_PENDING
06-24 15:40:04.991 W/InputMethodManager(31190): startInputReason = 1
06-24 15:40:05.000 V/WindowManager(  657): No longer Stopped: AppWindowToken{b5b3c05 token=Token{d2beb7c ActivityRecord{492626f u0 com.excelliance.dualaid/com.excelliance.kxqp.ui.MainActivity t16028}}}
06-24 15:40:05.001 I/wangchen( 7035): SysInfo.getSysParam: orientation=1||config d=3.0,w=1080,h=1920||metrics d=3.0,w=1080,h=1920||sdk=26,bar_h=72
06-24 15:40:05.002 I/KeymapLoader( 7035): w=1080 h=1920 ori=true appScale=3.3 s1=3.0
06-24 15:40:05.003 V/ActivityThread( 2519): Handle window ActivityRecord{4719bb8 token=android.os.BinderProxy@b3fca27 {com.huawei.android.launcher/com.huawei.android.launcher.unihome.UniHomeLauncher}} visibility: false
06-24 15:40:05.013 E/BufferQueueProducer(  710): [com.huawei.android.launcher/com.huawei.android.launcher.unihome.UniHomeLauncher#0] disconnect: not connected (req=1)
06-24 15:40:05.013 W/libEGL  ( 2519): EGLNativeWindowType 0x74abe62010 disconnect failed
06-24 15:40:05.069 D/ImageWallpaper( 1513): onOffsetsChanged: xOffset=0.0, yOffset=0.0, xOffsetStep=0.0, yOffsetStep=0.0, xPixels=0, yPixels=0
06-24 15:40:05.069 D/ImageWallpaper( 1513): Suppressed drawFrame since redraw is not needed and offsets have not changed.sf=Rect(0, 0 - 2160, 1920)
06-24 15:40:05.081 V/WindowManager(  657): Checking 1 opening apps (frozen=false timeout=false)...
06-24 15:40:05.081 V/WindowManager(  657): Check opening app=AppWindowToken{b5b3c05 token=Token{d2beb7c ActivityRecord{492626f u0 com.excelliance.dualaid/com.excelliance.kxqp.ui.MainActivity t16028}}}: allDrawn=false startingDisplayed=false startingMoved=false isRelaunching()=false
06-24 15:40:05.083 D/HwQoEUtils(  657): mForegroundAppPackageName: com.excelliance.dualaid ,score: 0
06-24 15:40:05.083 D/HwQoEUtils(  657): APP type: -1 appName= com.excelliance.dualaid
06-24 15:40:05.083 D/HwQoEUtils(  657): no game, APP_TYPE_GAME, appName =com.excelliance.dualaid
06-24 15:40:05.083 D/HwGameAssistantController(  657): pid=31220, uid=11422, foreground=true
06-24 15:40:05.083 D/HwGameAssistantController(  657): pid=2519, uid=10056, foreground=false
06-24 15:40:05.084 W/AwareLog(  657): SchedLevelBoost: onFgActivitiesChanged config not set!
06-24 15:40:05.084 W/AwareLog(  657): SchedLevelBoost: onFgActivitiesChanged config not set!
06-24 15:40:05.085 I/GRALLOC (  679): 	 shrFd=10,fmt=0x1,intFmt=0x1,btStrd=1024,size=212992,pid=679 
06-24 15:40:05.085 I/GRALLOC (  679): 	 yuv=2,w=246,h=205,Stride u=0 v=0,offset u=0 v=0 
06-24 15:40:05.085 I/GRALLOC (  679): 	 iova_size=212992,conUsg=0xb00,proUsg=0xb00,	 strd=256,[afbc]HdrStrd=0 PyldStrd=0 Scrmbl=0,ionhnd = 1 
06-24 15:40:05.090 I/HwNetworkPolicy(  657): onTransact, code = 203
06-24 15:40:05.090 I/HwNetworkPolicyManager( 1813): getHwUidPolicy uid = 11422 policy = 0
06-24 15:40:05.091 I/HwCust  (31220): Constructor found for class android.app.HwCustActivityImpl
06-24 15:40:05.091 D/HwCust  (31220): Create obj success use class android.app.HwCustActivityImpl
06-24 15:40:05.091 V/HwPolicyFactory(31220): : success to get AllImpl object and return....
06-24 15:40:05.092 D/WindowManager(  657): finishDrawingWindow: Window{a65a449 u0 com.excelliance.dualaid/com.excelliance.kxqp.ui.HelloActivity} mDrawState=HAS_DRAWN
06-24 15:40:05.093 I/HwCust  (31220): Constructor found for class android.app.HwCustHwWallpaperManagerImpl
06-24 15:40:05.093 D/HwCust  (31220): Create obj success use class android.app.HwCustHwWallpaperManagerImpl
06-24 15:40:05.093 D/PMS11422(  657): package:com.excelliance.dualaid, input flags:0, output hwFlags:0
06-24 15:40:05.095 V/ActivityThread(31220): ActivityThread,callActivityOnCreate
06-24 15:40:05.096 E/test    (31220): hw notch screen flag api error
06-24 15:40:05.096 D/MainActivity(31220): startMode = true
06-24 15:40:05.096 D/MainActivity(31220): StreamAdStatistic 进入主界面 enter main
06-24 15:40:05.098 D/StatisticsManager(31220): Query time diff:1529826005098
06-24 15:40:05.100 D/HwNetworkManagementService(  657): code == CODE_GET_AD_KEY_LIST
06-24 15:40:05.100 D/HwNetworkManagementService(  657): appName = com.excelliance.dualaid  is not in the mAdViewMap! reply none
06-24 15:40:05.100 D/HwNetworkManagementService(  657): appName = com.excelliance.dualaid  is not in the mAdIdMap! reply none
06-24 15:40:05.104 W/JankService(  777): processEntry, not beta version or commercial log off
06-24 15:40:05.104 D/StatisticsManager(31220): Query time diff:1529826005104
06-24 15:40:05.111 I/GRALLOC (  679): 	 shrFd=10,fmt=0x1,intFmt=0x1,btStrd=1024,size=212992,pid=679 
06-24 15:40:05.111 I/GRALLOC (  679): 	 yuv=2,w=246,h=205,Stride u=0 v=0,offset u=0 v=0 
06-24 15:40:05.111 I/GRALLOC (  679): 	 iova_size=212992,conUsg=0xb00,proUsg=0xb00,	 strd=256,[afbc]HdrStrd=0 PyldStrd=0 Scrmbl=0,ionhnd = 1 
06-24 15:40:05.134 D/HwRTBlurUtils(31220): check blur style for HwPhoneWindow-, themeResId : 0x7f0e0021, context : com.excelliance.kxqp.ui.MainActivity@18036e9, Nhwext : 0, get Blur : disable with , null
06-24 15:40:05.153 V/MainActivity(31220): mF