--------- beginning of system
06-24 16:46:18.558 D/PMS10300(  657): package:com.tencent.mm, input flags:0, output hwFlags:0
06-24 16:46:18.570 I/chatty  (  657): uid=1000(system) Binder:657_E identical 2 lines
06-24 16:46:18.573 D/PMS10300(  657): package:com.tencent.mm, input flags:0, output hwFlags:0
--------- beginning of main
06-24 16:46:18.621 I/GRALLOC (  679): 	 shrFd=10,fmt=0x1,intFmt=0x200000001,btStrd=4352,size=8486912,pid=679 
06-24 16:46:18.621 I/GRALLOC (  679): 	 yuv=2,w=1080,h=1920,Stride u=0 v=0,offset u=0 v=0 
06-24 16:46:18.621 I/GRALLOC (  679): 	 iova_size=8486912,conUsg=0xb00,proUsg=0xb00,	 strd=1088,[afbc]HdrStrd=1088 PyldStrd=69632 Scrmbl=2,ionhnd = 1 
06-24 16:46:18.635 I/NetworkSpeedManagerEx( 1513): mIsStop = false
06-24 16:46:18.637 I/NetworkSpeedManagerEx( 1513):  runInThread getTetherStats
06-24 16:46:18.638 I/NetworkSpeedManagerEx( 1513):  runInUI refreshSpeed
06-24 16:46:18.640 I/NetworkSpeedManagerEx( 1513): value=571.6667speed = 572
06-24 16:46:18.640 I/NetworkSpeedManagerEx( 1513): B/smIsShowLastSpeedValuefalse
06-24 16:46:18.640 I/NetworkSpeedView( 1513): /update(), speed=572
06-24 16:46:18.640 I/NetworkSpeedView( 1513): B/s parent class:class com.android.systemui.statusbar.HwSystemIcons
06-24 16:46:18.664 I/NetworkSpeedManagerEx( 1513): mIsStop = false
06-24 16:46:18.664 I/NetworkSpeedManagerEx( 1513):  runInThread getTetherStats
06-24 16:46:18.665 I/NetworkSpeedManagerEx( 1513):  runInUI refreshSpeed
06-24 16:46:18.666 I/NetworkSpeedManagerEx( 1513): value=571.6667speed = 572
06-24 16:46:18.666 I/NetworkSpeedManagerEx( 1513): B/smIsShowLastSpeedValuefalse
06-24 16:46:18.666 I/NetworkSpeedView( 1513): /update(), speed=572
06-24 16:46:18.666 I/NetworkSpeedView( 1513): B/s parent class:class com.android.systemui.statusbar.HwSystemIcons
06-24 16:46:18.913 D/SmartcareProc(  657): onSignalStrengthsChanged: signalStrength is: SignalStrength: 0 1955964583 0 255 0 0 32767 -1 32767 -1 -75 -3 20 -1 0 -1 false gw|lte , on sub: 0
06-24 16:46:18.914 D/SmartcareProc(  657): SignalStrength update result, ss: SignalStrengthInfo:8749149 mGsmSignalStrength: -1 mWcdmaRscp: -1 mWcdmaEcio: 255 mLteRsrp: -75 mLteRsrq: -3 mCdmaDbm: -1 mCdmaEcio: -1 mEvdoDbm: 32767mEvdoEcio: -1mLteRssnr: 20
06-24 16:46:18.915 I/MQoS    (  657): onSignal: mSubId=0,currDataSubID=0
06-24 16:46:18.915 I/MQoS    (  657): received cell-signal:5
06-24 16:46:18.920 I/HwMobileSignalController(0)( 1513): subId:0 phoneType:1 networktype:13 targetClass:3 masterLevel:5 slaveLevel:-1
06-24 16:46:19.021 I/TrafficMonitor(  657): update:rxPkts:4,txPkts:5,rxBytes:557,txBytes:555
06-24 16:46:19.021 I/TrafficMonitor(  657): start expired. level:-1
06-24 16:46:19.021 I/TrafficMonitor(  657): gettimer:interval=2000
06-24 16:46:19.094 E/memtrack(11655): Couldn't load memtrack module
06-24 16:46:19.094 W/android.os.Debug(11655): failed to get memory consumption info: -1
06-24 16:46:19.173 D/NetWorkUtils( 1513): mVSimCurCardType is -1
06-24 16:46:19.178 D/NetWorkUtils( 1513): mVSimCurCardType is -1
06-24 16:46:19.199 E/memtrack(11655): Couldn't load memtrack module
06-24 16:46:19.199 W/android.os.Debug(11655): failed to get memory consumption info: -1
06-24 16:46:19.379 D/HwInnerWifiManagerImpl(  657): SupplicantState = COMPLETED
06-24 16:46:19.380 D/HwInnerWifiManagerImpl(  657): isPhoneAP = false
06-24 16:46:19.380 D/WifiStateMachine(  657): mBcastReceiver: PluggedType = 2 mIsScanCtrlPluggedin = true
06-24 16:46:19.380 D/HwWifiService(  657): mPluggedType =2
06-24 16:46:19.381 D/WifiService(  657): onReceive, action:android.intent.action.BATTERY_CHANGED
06-24 16:46:19.381 D/WifiService(  657): ACTION_BATTERY_CHANGED pluggedType: 2
06-24 16:46:19.381 D/KeyguardUpdateMonitor( 1513): received broadcast android.intent.action.BATTERY_CHANGED
06-24 16:46:19.381 W/KeyguardUpdateMonitor( 1513): ACTION_BATTERY_CHANGED AMP: 500000; Volt: 4697000
06-24 16:46:19.381 V/KeyguardUpdateMonitor( 1513): RefreshBatteryInfo isBatteryLow: 26
06-24 16:46:19.381 W/KeyguardUpdateMonitor( 1513): ChargingSpeed  Wattage: 2348500 ST: 5000000 --> 7500000
06-24 16:46:19.381 I/KgBattery( 1513): BatteryInfo updated:  2lPc0
06-24 16:46:19.381 W/AppHandler( 1513): sendMessage with obj100
06-24 16:46:19.382 D/KeyguardUpdateMonitor( 1513): handleBatteryUpdate
06-24 16:46:19.382 W/HwLockScreenPanel( 1513): Handle message: 100
06-24 16:46:19.382 W/HwKeyguardBottomArea( 1513): updateBatteryInfo : false  true
06-24 16:46:19.382 W/HwLockScreenPanel( 1513): refreshBatteryInfo: null
06-24 16:46:19.382 W/KgBattery( 1513): getCharge info with type: text
06-24 16:46:19.387 I/CloudAlbum[8.1.2.302]( 2775): [OperationUtil] cancelNotify
06-24 16:46:19.388 I/MsgReceiver( 1699): intent action: android.intent.action.BATTERY_CHANGED
06-24 16:46:19.459 I/hisync.CBObserverTimer( 3265): removeMessages isCharging.
06-24 16:46:19.462 I/HwNormalizedSpline(  657): PowerSavingMode defualtbrightness=63.852,lux=239.0,mCalibrationRatio=1.0
06-24 16:46:19.466 I/DisplayPowerController(  657): mPowerRequest.useSmartBacklight : false
06-24 16:46:19.470 I/EventCenter( 1513): ContentChange for slot: 1
06-24 16:46:19.470 I/chatty  ( 1513): uid=10039(u0_a39) KG_Background_H identical 1 line
06-24 16:46:19.471 I/EventCenter( 1513): ContentChange for slot: 1
06-24 16:46:19.769 D/PMS10056(  657): package:com.huawei.android.launcher, input flags:0, output hwFlags:0
06-24 16:46:19.771 I/zygote64(  657): Background concurrent copying GC freed 246624(16MB) AllocSpace objects, 72(7MB) LOS objects, 24% free, 72MB/96MB, paused 1.228ms total 224.332ms
06-24 16:46:20.032 D/HwQoEUtils(  657): [txUdpPackets]: 0 , [rxUdpPackets]: 0,[UDP SPEED]0 KB/S
06-24 16:46:20.032 D/HwQoEUtils(  657): mAppSensitivityScore = 0 , isCallbackNotified = false ,isSensitiveApp = true, score: -1
06-24 16:46:20.075 D/DateTimeView( 1513): Change to single clock mode!
06-24 16:46:20.077 W/AwareLog(  657): AwareMem_MemoryUtils: trim Memory illegal arg exception, proc:23473 level:40
06-24 16:46:20.082 D/DateTimeView( 1513): Change to single clock mode!
06-24 16:46:20.376 I/zygote64(  657): Background concurrent copying GC freed 25221(1887KB) AllocSpace objects, 86(40MB) LOS objects, 24% free, 75MB/99MB, paused 1.794ms total 286.419ms
06-24 16:46:20.474 I/ActivityManager(  657): START u0 {act=android.intent.action.MAIN cat=[android.intent.category.LAUNCHER] flg=0x10000000 cmp=com.excelliance.dualaid/com.excelliance.kxqp.ui.HelloActivity} from uid 2000
06-24 16:46:20.476 I/ash     ( 1699): front pkg : com.excelliance.dualaid launcher: false
06-24 16:46:20.476 I/ash     ( 1699): above launcher front pkgs: [com.excelliance.dualaid]
06-24 16:46:20.477 I/ActivityManager(  657): ActivityRecord info: ActivityInfo{fad70dc com.excelliance.kxqp.ui.HelloActivity}
06-24 16:46:20.480 V/WindowManager(  657): addAppToken: AppWindowToken{821ed43 token=Token{611c2f2 ActivityRecord{c4fb5fd u0 com.excelliance.dualaid/com.excelliance.kxqp.ui.HelloActivity t16068}}} controller={TaskWindowContainerController taskId=16068} at 2147483647
06-24 16:46:20.482 I/PGServer( 1699): android calls fast hibernateApps
06-24 16:46:20.482 I/AppFastHibernation( 1699): fast hibernate duration: 1500 reason: start activity
06-24 16:46:20.482 I/Pged-IPgedBinderService(  769): ****action is 1, pid num is 7***
06-24 16:46:20.482 I/Pged-Freezer(  769): freezePids
06-24 16:46:20.482 I/Pged-Freezer(  769): Freeze process: 29457
06-24 16:46:20.483 I/Pged-Freezer(  769): Freeze process: 19894
06-24 16:46:20.483 I/Pged-Freezer(  769): Freeze process: 29531
06-24 16:46:20.483 I/Pged-Freezer(  769): Freeze process: 14942
06-24 16:46:20.483 I/Pged-Freezer(  769): Freeze process: 15544
06-24 16:46:20.484 I/Pged-Freezer(  769): Freeze process: 24379
06-24 16:46:20.484 D/PgedBinderAdapter( 1699): frz ok, pid: [29457, 19894, 29531, 14942, 15544, 24379]
06-24 16:46:20.485 V/ActivityManager(  657): startProcess: name=com.excelliance.dualaid:olle app=null knownToBeDead=true thread=null pid=-1
06-24 16:46:20.485 D/PMS1000 (  657): package:com.excelliance.dualaid, input flags:0, output hwFlags:0
06-24 16:46:20.486 D/PMS1000 (  657): package:com.excelliance.dualaid, input flags:1, output hwFlags:0
06-24 16:46:20.495 I/        (26493): power log dlsym ok
06-24 16:46:20.496 I/ActivityManager(  657): Start proc 26493:com.excelliance.dualaid:olle/u0a1423 for activity com.excelliance.dualaid/com.excelliance.kxqp.ui.HelloActivity
06-24 16:46:20.496 V/WindowManager(  657): No longer Stopped: AppWindowToken{821ed43 token=Token{611c2f2 ActivityRecord{c4fb5fd u0 com.excelliance.dualaid/com.excelliance.kxqp.ui.HelloActivity t16068}}}
06-24 16:46:20.497 V/ActivityManager(  657): startProcess: name=com.excelliance.dualaid:olle app=ProcessRecord{18e9fc0 26493:com.excelliance.dualaid:olle/u0a1423} knownToBeDead=true thread=null pid=26493
06-24 16:46:20.498 I/zygote  (26493): Reinit property: dalvik.vm.checkjni= false
06-24 16:46:20.504 D/ActivityThread(26493): ActivityThread,attachApplication
06-24 16:46:20.505 D/ActivityManager(  657): ActivityManagerService,attachApplication,callingPid = 26493
06-24 16:46:20.507 V/WindowManager(  657): No longer Stopped: AppWindowToken{821ed43 token=Token{611c2f2 ActivityRecord{c4fb5fd u0 com.excelliance.dualaid/com.excelliance.kxqp.ui.HelloActivity t16068}}}
06-24 16:46:20.517 V/WindowManager(  657): findFocusedWindow: AppWindowToken{eac0db token=Token{61c5ea ActivityRecord{5d289d5 u0 com.tencent.mm/.plugin.wallet.pay.ui.WalletPayUI t16063}}} below Reached focused app=AppWindowToken{821ed43 token=Token{611c2f2 ActivityRecord{c4fb5fd u0 com.excelliance.dualaid/com.excelliance.kxqp.ui.HelloActivity t16068}}}
06-24 16:46:20.518 D/ScenarioService( 1699): front pkg : com.excelliance.dualaid launcher: false
06-24 16:46:20.518 D/ScenarioService( 1699): new above launcher front pkgs: [com.excelliance.dualaid, com.tencent.mm, com.excelliance.dualaid]
06-24 16:46:20.518 I/AppsUsage( 1699): scnOff:false FgAPP:com.excelliance.dualaid BgAPP:com.tencent.mm
06-24 16:46:20.518 I/BacklightControl( 1699): can't adjust backlight when app launch from other scene.
06-24 16:46:20.519 I/GpsController( 1699): com.tencent.mm is above launcher app, just return...
06-24 16:46:20.520 V/WindowManager(  657): Checking 1 opening apps (frozen=false timeout=false)...
06-24 16:46:20.520 V/WindowManager(  657): Check opening app=AppWindowToken{821ed43 token=Token{611c2f2 ActivityRecord{c4fb5fd u0 com.excelliance.dualaid/com.excelliance.kxqp.ui.HelloActivity t16068}}}: allDrawn=false startingDisplayed=false startingMoved=false isRelaunching()=false
06-24 16:46:20.520 D/EmcomManagerService(  657): forePackage name is com.excelliance.dualaid
06-24 16:46:20.520 D/HicomPolicyManager(  657): foreAppInfo = nullpkgName = com.excelliance.dualaid uid= 11423
06-24 16:46:20.520 E/HicomPolicyManager(  657): udp acc is not start yet!
06-24 16:46:20.520 D/HicomPolicyManager(  657): speed control is not start
06-24 16:46:20.520 E/HicomPolicyManager(  657): Network Evaluation is not start yet!
06-24 16:46:20.520 E/HicomPolicyManager(  657): foreground app info is null
06-24 16:46:20.521 D/HwQoEUtils(  657): mForegroundAppPackageName: com.excelliance.dualaid:olle ,score: 0
06-24 16:46:20.522 D/HwQoEUtils(  657): APP type: -1 appName= com.excelliance.dualaid:olle
06-24 16:46:20.522 D/HwQoEUtils(  657): RealAppName:com.excelliance.dualaid
06-24 16:46:20.522 D/HwQoEUtils(  657): no game, APP_TYPE_GAME, appName =com.excelliance.dualaid:olle
06-24 16:46:20.522 D/HwGameAssistantController(  657): pid=26493, uid=11423, foreground=true
06-24 16:46:20.522 W/AwareLog(  657): SchedLevelBoost: onFgActivitiesChanged config not set!
06-24 16:46:20.524 I/HwBastetService(  657): background uid: 10300
06-24 16:46:20.524 D/bastetd (  733): [BastetReceiver ] hrtAppActivity# activity=1, uid=10300
06-24 16:46:20.526 I/HwNetworkPolicy(  657): onTransact, code = 203
06-24 16:46:20.526 I/HwNetworkPolicyManager( 1813): getHwUidPolicy uid = 11423 policy = 0
06-24 16:46:20.526 D/[HwRecSys]HwRecSysService( 2647): onEvent actionID: 10000 msg:com.excelliance.dualaid		
06-24 16:46:20.526 E/[HwRecSys]HwRecSysService( 2647): getIsRportDirectService is false!
06-24 16:46:20.526 I/PGServer( 1699): report state:10000 event type:2 pid:0 uid:0 pkg:com.tencent.mm to pid: 657
06-24 16:46:20.526 I/PGServer( 1699): report state:10000 event type:2 pid:0 uid:0 pkg:com.tencent.mm to pid: 1699
06-24 16:46:20.526 I/SceneReceiver( 1699): state type: 10000 eventType:2 pid:0 uid:0 pkg:com.tencent.mm
06-24 16:46:20.526 I/PGServer( 1699): report state:10000 event type:1 pid:0 uid:0 pkg:com.excelliance.dualaid to pid: 657
06-24 16:46:20.526 I/PGServer( 1699): report state:10000 event type:1 pid:0 uid:0 pkg:com.excelliance.dualaid to pid: 1699
06-24 16:46:20.526 I/SceneReceiver( 1699): state type: 10000 eventType:1 pid:0 uid:0 pkg:com.excelliance.dualaid
06-24 16:46:20.526 D/HwThermalStateManager( 1699): current foreapp pkg : com.excelliance.dualaid
06-24 16:46:20.526 I/PGServer( 1699): checkPkgType. calling pkg: android
06-24 16:46:20.527 D/HwThermalStateManager( 1699): handle thermal policy:10000
06-24 16:46:20.527 D/HwThermalStateManager( 1699): Thermal type: 0 cur_temperature:39
06-24 16:46:20.527 D/HwThermalStateManager( 1699): Thermal type: 1 cur_temperature:38
06-24 16:46:20.527 D/HwThermalStateManager( 1699): Thermal type: 2 cur_temperature:39
06-24 16:46:20.527 D/HwThermalStateManager( 1699): Thermal type: 22 cur_temperature:37
06-24 16:46:20.527 I/PGServer( 1699): checkPkgType. calling pkg: android
06-24 16:46:20.528 I/PGServer( 1699): checkPkgType. calling pkg: android
06-24 16:46:20.528 W//system/bin/hwservicemanager(  416): Cannot open /odm/manifest.xml
06-24 16:46:20.530 W/libc    ( 1699): Set property "sys.aps.gameProcessName" to ""
06-24 16:46:20.531 W/libc    ( 1699): Set property "sys.aps.browserProcessName" to ""
06-24 16:46:20.533 D/HwFLClassLoader(26493): get used feature list :/feature/used-list failed!
06-24 16:46:20.533 D/HwFLClassLoader(26493): USE_FEATURE_LIST had not init! 
06-24 16:46:20.537 W//system/bin/hwservicemanager(  416): Cannot open /odm/manifest.xml
06-24 16:46:20.539 I/GRALLOC (  679): 	 shrFd=10,fmt=0x1,intFmt=0x1,btStrd=256,size=4096,pid=679 
06-24 16:46:20.539 I/GRALLOC (  679): 	 yuv=2,w=16,h=16,Stride u=0 v=0,offset u=0 v=0 
06-24 16:46:20.539 I/GRALLOC (  679): 	 iova_size=4096,conUsg=0x100,proUsg=0x100,	 strd=64,[afbc]HdrStrd=0 PyldStrd=0 Scrmbl=0,ionhnd = 1 
06-24 16:46:20.549 E/MemoryLeakMonitorManager(26493): MemoryLeakMonitor.jar is not exist!
06-24 16:46:20.549 D/KXQPApplication(26493): run: initUserManager
06-24 16:46:20.550 D/CrashHandler(26493): CrashHandler
06-24 16:46:20.550 E/Minikin (26493): Could not get cmap table size!
06-24 16:46:20.551 D/PMS11423(  657): package:com.excelliance.dualaid, input flags:128, output hwFlags:0
06-24 16:46:20.559 I/HwCust  (26493): Constructor found for class android.app.HwCustActivityImpl
06-24 16:46:20.559 D/HwCust  (26493): Create obj success use class android.app.HwCustActivityImpl
06-24 16:46:20.561 V/HwPolicyFactory(26493): : success to get AllImpl object and return....
06-24 16:46:20.563 I/HwCust  (26493): Constructor found for class android.app.HwCustHwWallpaperManagerImpl
06-24 16:46:20.563 D/HwCust  (26493): Create obj success use class android.app.HwCustHwWallpaperManagerImpl
06-24 16:46:20.564 D/PMS11423(  657): package:com.excelliance.dualaid, input flags:0, output hwFlags:0
06-24 16:46:20.565 V/HwWidgetFactory(26493): : successes to get AllImpl object and return....
06-24 16:46:20.566 V/ActivityThread(26493): ActivityThread,callActivityOnCreate
06-24 16:46:20.567 D/HelloActivity(26493): Memory:25150M
06-24 16:46:20.568 D/HelloActivity(26493): onCreate: true
06-24 16:46:20.569 D/HelloActivity(26493): is code boot
06-24 16:46:20.572 D/HelloActivity(26493): mIsNav = false
06-24 16:46:20.589 D/HelloActivity(26493): defDisplayStyle:5
06-24 16:46:20.592 D/HttpUtils(26493): getDownloadMode()
06-24 16:46:20.592 D/NetUtils(26493): init inited = true
06-24 16:46:20.592 D/HelloActivity(26493): enter Nav2
06-24 16:46:20.593 D/NetworkSecurityConfig(26493): No Network Security Config specified, using platform default
06-24 16:46:20.595 I/ActivityManager(  657): START u0 {pkg=com.excelliance.dualaid cmp=com.excelliance.dualaid/com.excelliance.kxqp.swipe.NavActivity2 (has extras)} from uid 11423
06-24 16:46:20.595 I/ActivityManager(  657): ActivityRecord info: ActivityInfo{db9d78c com.excelliance.kxqp.swipe.NavActivity2}
06-24 16:46:20.595 W/libc    (  493): Set property "hw.wifi.dns_stat" to "41704,36695,5028,1,53486"
06-24 16:46:20.596 V/WindowManager(  657): findFocusedWindow: AppWindowToken{eac0db token=Token{61c5ea ActivityRecord{5d289d5 u0 com.tencent.mm/.plugin.wallet.pay.ui.WalletPayUI t16063}}} below Reached focused app=AppWindowToken{821ed43 token=Token{611c2f2 ActivityRecord{c4fb5fd u0 com.excelliance.dualaid/com.excelliance.kxqp.ui.HelloActivity t16068}}}
06-24 16:46:20.597 V/WindowManager(  657): addAppToken: AppWindowToken{701c1bb token=Token{722be4a ActivityRecord{154a7b5 u0 com.excelliance.dualaid/com.excelliance.kxqp.swipe.NavActivity2 t16068}}} controller={TaskWindowContainerController taskId=16068} at 2147483647
06-24 16:46:20.600 D/HwRecentsLockUtils( 1513): Search
06-24 16:46:20.601 E/HsmCoreServiceImpl( 1478): onTransact in code is: 103
06-24 16:46:20.601 I/MediaProcessHandler( 1478): playingUids: 
06-24 16:46:20.602 D/ActivityManager(  657): Skipping intent:flg=0x18800000 cmp=com.tencent.mm/.plugin.base.stub.WXPayEntryActivity
06-24 16:46:20.602 D/ActivityManager(  657): Skipping, home or recents stack task: TaskRecord{333215f #15658 A=com.huawei.android.launcher U=0 StackId=0 sz=1}
06-24 16:46:20.602 D/ActivityManager(  657): Skipping intent:act=android.intent.action.MAIN cat=[android.intent.category.LAUNCHER] flg=0x10a00000 cmp=io.appium.settings/.Settings
06-24 16:46:20.602 D/ActivityManager(  657): Skipping intent:flg=0x10804000 cmp=com.android.systemui/.recents.RecentsActivity bnds=[48,928][1032,2296]
06-24 16:46:20.602 D/ActivityManager(  657): Skipping intent:flg=0x10800000 cmp=com.huawei.systemmanager/com.huawei.permissionmanager.ui.MainActivity
06-24 16:46:20.602 D/ActivityManager(  657): Skipping intent:flg=0x18800000 cmp=com.tencent.mm/.plugin.base.stub.WXEntryActivity
06-24 16:46:20.602 D/ActivityManager(  657): Skipping intent:act=com.huawei.action.VOICE_ASSISTANT flg=0x10800000 pkg=com.huawei.vassistant cmp=com.huawei.vassistant/.ui.main.VAssistantActivity
06-24 16:46:20.602 D/ActivityManager(  657): Skipping intent:act=com.huawei.android.launcher.action.ACCESS_SPLIT_SCREEN_APP cat=[android.intent.category.DEFAULT] flg=0x10804000 cmp=com.huawei.android.launcher/.splitscreen.SplitScreenAppActivity
06-24 16:46:20.602 D/ActivityManager(  657): Skipping intent:flg=0x10800000 pkg=com.excelliance.dualaid.b64 cmp=com.excelliance.dualaid.b64/com.excelliance.kxqp.sdk.PermissionRequestActivity
06-24 16:46:20.602 D/ActivityManager(  657): Skipping intent:act=android.intent.action.VIEW dat=content://com.excelliance.dualaid.fileProvider/external_storage_root/Download/apk/Multiple_64.apk typ=application/vnd.android.package-archive flg=0x10800001 cmp=com.android.packageinstaller/.InstallStart
06-24 16:46:20.602 D/ActivityManager(  657): Skipping intent:flg=0x10800000 cmp=com.android.systemui/.usb.HwUsbDebuggingActivity
06-24 16:46:20.602 D/ActivityManager(  657): Skipping intent:act=android.deviceinfo.chooser.action.LAUNCH flg=0x10800000 hwFlg=0x100 pkg=com.android.settings cmp=com.android.settings/.deviceinfo.UsbConnModeChooserActivity
06-24 16:46:20.602 D/ActivityManager(  657): Skipping intent:flg=0x10800000 cmp=com.zol.android/.push.KeepLiveActivity
06-24 16:46:20.602 D/ActivityManager(  657): Skipping intent:act=android.intent.action.MAIN cat=[android.intent.category.HOME] flg=0x10800300 cmp=com.android.settings/.FallbackHome
06-24 16:46:20.604 V/ActivityManager(  657): startProcess: name=com.excelliance.dualaid app=null knownToBeDead=true thread=null pid=-1
06-24 16:46:20.604 D/PMS1000 (  657): package:com.excelliance.dualaid, input flags:0, output hwFlags:0
06-24 16:46:20.613 I/        (26518): power log dlsym ok
06-24 16:46:20.615 I/zygote  (26518): Reinit property: dalvik.vm.checkjni= false
06-24 16:46:20.617 I/ActivityManager(  657): Start proc 26518:com.excelliance.dualaid/u0a1423 for service com.excelliance.dualaid/com.excelliance.kxqp.SmtServService
06-24 16:46:20.625 D/HwNetworkManagementService(  657): code == CODE_GET_AD_KEY_LIST
06-24 16:46:20.625 D/HwNetworkManagementService(  657): appName = com.excelliance.dualaid  is not in the mAdViewMap! reply none
06-24 16:46:20.625 D/HwNetworkManagementService(  657): appName = com.excelliance.dualaid  is not in the mAdIdMap! reply none
06-24 16:46:20.627 D/ActivityThread(26518): ActivityThread,attachApplication
06-24 16:46:20.627 D/ActivityManager(  657): ActivityManagerService,attachApplication,callingPid = 26518
06-24 16:46:20.628 D/ActivityThread(26493): add activity client record, r= ActivityRecord{cbe2ddc token=android.os.BinderProxy@d13fa03 {com.excelliance.dualaid/com.excelliance.kxqp.ui.HelloActivity}} token= android.os.BinderProxy@d13fa03
06-24 16:46:20.629 D/DE N ^CR(  748): onChange:26: DE_SCENE_ACTION_UI_ENTER COMPONENT_CONTRAST mode:0x0
06-24 16:46:20.629 D/DE N ^CR(  748): generateOperating:53: set mode 0
06-24 16:46:20.630 D/DE N VH (  748): start:45: Wake up
06-24 16:46:20.630 D/DE N ^SRE(  748): onChange:29: false COMPONENT_CONTRAST mEnable:DE_SCENE_ACTION_UI_ENTER mode:0x0
06-24 16:46:20.630 D/DE N ^BLC(  748): onChange:25: DE_SCENE_ACTION_UI_ENTER COMPONENT_BLC mode:0x5
06-24 16:46:20.630 D/DE N VH (  748): run:118: Start
06-24 16:46:20.629 D/DE N SR (  748): immidiatelyAction:243: DE_SCENE_ACTION_UI_ENTER
06-24 16:46:20.630 V/WindowManager(  657): No longer Stopped: AppWindowToken{701c1bb token=Token{722be4a ActivityRecord{154a7b5 u0 com.excelliance.dualaid/com.excelliance.kxqp.swipe.NavActivity2 t16068}}}
06-24 16:46:20.630 D/ActivityManager(  657): allPausedActivitiesComplete: r=ActivityRecord{c4fb5fd u0 com.excelliance.dualaid/com.excelliance.kxqp.ui.HelloActivity t16068 f} state=PAUSING
06-24 16:46:20.631 I/WindowManager(  657): Taking screenshot from Surface with crop:[Rect(0, 72 - 1080, 1918)], width:[648], height:[1108], minLayer:[11000], maxLayer:[21020], inRotation:[false], rot:[0]
06-24 16:46:20.639 W/X509TrustManager(26493): checkServerTrusted: SignatureException:null
06-24 16:46:20.639 W/X509TrustManager(26493): checkServerTrusted: SignatureException:error:04000073:RSA routines:OPENSSL_internal:DATA_TOO_LARGE_FOR_MODULUS
06-24 16:46:20.644 D/PMS11423(  657): package:com.excelliance.dualaid, input flags:128, output hwFlags:0
06-24 16:46:20.648 I/GRALLOC (  679): 	 shrFd=10,fmt=0x1,intFmt=0x1,btStrd=2816,size=3121152,pid=679 
06-24 16:46:20.648 I/GRALLOC (  679): 	 yuv=2,w=648,h=1108,Stride u=0 v=0,offset u=0 v=0 
06-24 16:46:20.648 I/GRALLOC (  679): 	 iova_size=3121152,conUsg=0x306,proUsg=0x366,	 strd=704,[afbc]HdrStrd=0 PyldStrd=0 Scrmbl=0,ionhnd = 1 
06-24 16:46:20.668 V/ActivityThread( 2519): Handle window ActivityRecord{4719bb8 token=android.os.BinderProxy@b3fca27 {com.huawei.android.launcher/com.huawei.android.launcher.unihome.UniHomeLauncher}} visibility: false
06-24 16:46:20.668 V/ActivityThread(20113): Handle window ActivityRecord{3801abb token=android.os.BinderProxy@87e2fc1 {com.tencent.mm/com.tencent.mm.plugin.wallet_index.ui.OrderHandlerUI}} visibility: false
06-24 16:46:20.678 V/WindowManager(  657): No longer Stopped: AppWindowToken{701c1bb token=Token{722be4a ActivityRecord{154a7b5 u0 com.excelliance.dualaid/com.excelliance.kxqp.swipe.NavActivity2 t16068}}}
06-24 16:46:20.678 E/BufferQueueProducer(  710): [com.tencent.mm/com.tencent.mm.plugin.wallet_index.ui.OrderHandlerUI#0] disconnect: not connected (req=1)
06-24 16:46:20.678 W/libEGL  (20113): EGLNativeWindowType 0x966a3808 disconnect failed
06-24 16:46:20.680 W//system/bin/hwservicemanager(  416): Cannot open /odm/manifest.xml
06-24 16:46:20.680 D/DE N ABT(  748): addOperating:478: Cache[ COMPONENT_BLC        ][ LOW_BIT_MODE         ]| 1 / 1 | DE_FEATURE_BLC       |   -1   |0x5
06-24 16:46:20.680 D/DE N HWC(  748): apply:55: FEATURE_BLC: mEnable=0, enable=0
06-24 16:46:20.681 E/BufferQueueProducer(  710): [com.huawei.android.launcher/com.huawei.android.launcher.unihome.UniHomeLauncher#0] disconnect: not connected (req=1)
06-24 16:46:20.681 W/libEGL  ( 2519): EGLNativeWindowType 0x74abe62010 disconnect failed
06-24 16:46:20.684 D/HttpUtils(26493): getResponseCode():200
06-24 16:46:20.685 D/WHEG    (26493): {"status":"0","controls":"","skip":"0"}
06-24 16:46:20.685 D/ImageWallpaper( 1513): onOffsetsChanged: xOffset=0.0, yOffset=0.0, xOffsetStep=0.0, yOffsetStep=0.0, xPixels=0, yPixels=0
06-24 16:46:20.685 D/ImageWallpaper( 1513): Suppressed drawFrame since redraw is not needed and offsets have not changed.sf=Rect(0, 0 - 2160, 1920)
06-24 16:46:20.692 V/WindowManager(  657): Checking 1 opening apps (frozen=false timeout=false)...
06-24 16:46:20.692 V/WindowManager(  657): Check opening app=AppWindowToken{701c1bb token=Token{722be4a ActivityRecord{154a7b5 u0 com.excelliance.dualaid/com.excelliance.kxqp.swipe.NavActivity2 t16068}}}: allDrawn=false startingDisplayed=false startingMoved=false isRelaunching()=false
06-24 16:46:20.694 D/HwGameAssistantController(  657): pid=2519, uid=10056, foreground=false
06-24 16:46:20.695 W/AwareLog(  657): SchedLevelBoost: onFgActivitiesChanged config not set!
06-24 16:46:20.695 D/HwCust  (26493): Create obj success use class android.app.HwCustActivityImpl
06-24 16:46:20.695 D/HwCust  (26493): Create obj success use class android.app.HwCustHwWallpaperManagerImpl
06-24 16:46:20.697 D/DE N VH (  748): run:148: Stop
06-24 16:46:20.698 V/ActivityThread(26493): ActivityThread,callActivityOnCreate
06-24 16:46:20.704 D/NavActivity2(26493): onCreate
06-24 16:46:20.710 W/Utils   (26493): Utils_isSuperResolutionSupport [load libai_client.so failed]
06-24 16:46:20.712 D/CubicBezierInterpolator(26493): CubicBezierInterpolator  mControlPoint1x = 0.23, mControlPoint1y = 0.06, mControlPoint2x = 0.09, mControlPoint2y = 0.97
06-24 16:46:20.712 D/CubicBezierInterpolator(26493): CubicBezierInterpolator  mControlPoint1x = 0.6, mControlPoint1y = 0.9, mControlPoint2x = 0.8, mControlPoint2y = 1.0
06-24 16:46:20.712 D/CubicBezierInterpolator(26493): CubicBezierInterpolator  mControlPoint1x = 0.23, mControlPoint1y = 0.06, mControlPoint2x = 0.09, mControlPoint2y = 0.97
06-24 16:46:20.712 D/CubicBezierInterpolator(26493): CubicBezierInterpolator  mControlPoint1x = 0.6, mControlPoint1y = 0.9, mControlPoint2x = 0.8, mControlPoint2y = 1.0
06-24 16:46:20.713 D/CubicBezierInterpolator(26493): CubicBezierInterpolator  mControlPoint1x = 0.23, mControlPoint1y = 0.06, mControlPoint2x = 0.09, mControlPoint2y = 0.97
06-24 16:46:20.713 D/CubicBezierInterpolator(26493): CubicBezierInterpolator  mControlPoint1x = 0.6, mControlPoint1y = 0.9, mControlPoint2x = 0.8, mControlPoint2y = 1.0
06-24 16:46:20.713 D/CubicBezierInterpolator(26493): CubicBezierInterpolator  mControlPoint1x = 0.23, mControlPoint1y = 0.06, mControlPoint2x = 0.09, mControlPoint2y = 0.97
06-24 16:46:20.713 D/CubicBezierInterpolator(26493): CubicBezierInterpolator  mControlPoint1x = 0.6, mControlPoint1y = 0.9, mControlPoint2x = 0.8, mControlPoint2y = 1.0
06-24 16:46:20.713 D/HwFLClassLoader(26518): get used feature list :/feature/used-list failed!
06-24 16:46:20.714 D/HwFLClassLoader(26518): USE_FEATURE_LIST had not init! 
06-24 16:46:20.719 W//system/bin/hwservicemanager(  416): Cannot open /odm/manifest.xml
06-24 16:46:20.719 D/HwRTBlurUtils(26493): check blur style for HwPhoneWindow-, themeResId : 0x7f0e000a, context : com.excelliance.kxqp.swipe.NavActivity2@794246b, Nhwext : 0, get Blur : disable with , null
06-24 16:46:20.719 D/HwRTBlurUtils(26493): check blur style for HwPhoneWindow-, themeResId : 0x7f0e000a, context : com.excelliance.kxqp.swipe.NavActivity2@794246b, Nhwext : 0, get Blur : disable with , null
06-24 16:46:20.720 E/test    (26493): hw notch screen flag api error
06-24 16:46:20.720 I/GRALLOC (  679): 	 shrFd=10,fmt=0x1,intFmt=0x1,btStrd=256,size=4096,pid=679 
06-24 16:46:20.720 I/GRALLOC (  679): 	 yuv=2,w=16,h=16,Stride u=0 v=0,offset u=0 v=0 
06-24 16:46:20.720 I/GRALLOC (  679): 	 iova_size=4096,conUsg=0x100,proUsg=0x100,	 strd=64,[afbc]HdrStrd=0 PyldStrd=0 Scrmbl=0,ionhnd = 1 
06-24 16:46:20.723 D/ActivityThread(26493): add activity client record, r= ActivityRecord{414755e token=android.os.BinderProxy@31abee5 {com.excelliance.dualaid/com.excelliance.kxqp.swipe.NavActivity2}} token= android.os.BinderProxy@31abee5
06-24 16:46:20.724 E/ViewUtils(26493): setBgColor: view==null:top
06-24 16:46:20.732 D/OpenGLRenderer(26493):   HWUI Binary is  enabled
06-24 16:46:20.733 D/SurfaceFlinger(  710): SurfaceFlinger: getDisplayConfigs--3.000000, 1080, 1920
06-24 16:46:20.733 I/chatty  (  710): uid=1000(system) Binder:710_3 identical 1 line
06-24 16:46:20.733 D/SurfaceFlinger(  710): SurfaceFlinger: getDisplayConfigs--3.000000, 1080, 1920
06-24 16:46:20.733 D/OpenGLRenderer(26493): HWUI GL Pipeline
06-24 16:46:20.735 D/PMS11423(  657): package:com.excelliance.dualaid, input flags:128, output hwFlags:0
06-24 16:46:20.736 V/WindowManager(  657): Adding Window{596e98f u0 com.excelliance.dualaid/com.excelliance.kxqp.swipe.NavActivity2} to AppWindowToken{701c1bb token=Token{722be4a ActivityRecord{154a7b5 u0 com.excelliance.dualaid/com.excelliance.kxqp.swipe.NavActivity2 t16068}}}
06-24 16:46:20.737 V/WindowManager(  657): addWindow: New client android.os.BinderProxy@3bf10ee: window=Window{596e98f u0 com.excelliance.dualaid/com.excelliance.kxqp.swipe.NavActivity2} Callers=com.android.server.wm.HwWindowManagerService.addWindow:562 com.android.server.wm.Session.addToDisplay:199 android.view.IWindowSession$Stub.onTransact:124 com.android.server.wm.Session.onTransact:161 android.os.Binder.execTransact:675 
06-24 16:46:20.743 D/PMS11423(  657): package:com.excelliance.dualaid, input flags:128, output hwFlags:0
06-24 16:46:20.749 V/WindowManager(  657): Checking 1 opening apps (frozen=false timeout=false)...
06-24 16:46:20.749 V/WindowManager(  657): Check opening app=AppWindowToken{701c1bb token=Token{722be4a ActivityRecord{154a7b5 u0 com.excelliance.dualaid/com.excelliance.kxqp.swipe.NavActivity2 t16068}}}: allDrawn=false startingDisplayed=false startingMoved=false isRelaunching()=false
06-24 16:46:20.749 D/HwGalleryCacheManagerImpl(26493): mIsEffect:false
06-24 16:46:20.750 D/PMS11423(  657): package:com.excelliance.dualaid, input flags:128, output hwFlags:0
06-24 16:46:20.793 D/HwRecentsLockUtils( 1513): Search
06-24 16:46:20.794 E/HsmCoreServiceImpl( 1478): onTransact in code is: 103
06-24 16:46:20.794 I/MediaProcessHandler( 1478): playingUids: 
06-24 16:46:20.795 D/ActivityManager(  657): Skipping intent:flg=0x18800000 cmp=com.tencent.mm/.plugin.base.stub.WXPayEntryActivity
06-24 16:46:20.795 D/ActivityManager(  657): Skipping, home or recents stack task: TaskRecord{333215f #15658 A=com.huawei.android.launcher U=0 StackId=0 sz=1}
06-24 16:46:20.795 D/ActivityManager(  657): Skipping intent:act=android.intent.action.MAIN cat=[android.intent.category.LAUNCHER] flg=0x10a00000 cmp=io.appium.settings/.Settings
06-24 16:46:20.795 D/ActivityManager(  657): Skipping intent:flg=0x10804000 cmp=com.android.systemui/.recents.RecentsActivity bnds=[48,928][1032,2296]
06-24 16:46:20.795 D/ActivityManager(  657): Skipping intent:flg=0x10800000 cmp=com.huawei.systemmanager/com.huawei.permissionmanager.ui.MainActivity
06-24 16:46:20.795 D/ActivityManager(  657): Skipping intent:flg=0x18800000 cmp=com.tencent.mm/.plugin.base.stub.WXEntryActivity
06-24 16:46:20.795 D/ActivityManager(  657): Skipping intent:act=com.huawei.action.VOICE_ASSISTANT flg=0x10800000 pkg=com.huawei.vassistant cmp=com.huawei.vassistant/.ui.main.VAssistantActivity
06-24 16:46:20.795 D/ActivityManager(  657): Skipping intent:act=com.huawei.android.launcher.action.ACCESS_SPLIT_SCREEN_APP cat=[android.intent.category.DEFAULT] flg=0x10804000 cmp=com.huawei.android.launcher/.splitscreen.SplitScreenAppActivity
06-24 16:46:20.795 D/ActivityManager(  657): Skipping intent:flg=0x10800000 pkg=com.excelliance.dualaid.b64 cmp=com.excelliance.dualaid.b64/com.excelliance.kxqp.sdk.PermissionRequestActivity
06-24 16:46:20.795 D/ActivityManager(  657): Skipping intent:act=android.intent.action.VIEW dat=content://com.excelliance.dualaid.fileProvider/external_storage_root/Download/apk/Multiple_64.apk typ=application/vnd.android.package-archive flg=0x10800001 cmp=com.android.packageinstaller/.InstallStart
06-24 16:46:20.795 D/ActivityManager(  657): Skipping intent:flg=0x10800000 cmp=com.android.systemui/.usb.HwUsbDebuggingActivity
06-24 16:46:20.795 D/ActivityManager(  657): Skipping intent:act=android.deviceinfo.chooser.action.LAUNCH flg=0x10800000 hwFlg=0x100 pkg=com.android.settings cmp=com.android.settings/.deviceinfo.UsbConnModeChooserActivity
06-24 16:46:20.795 D/ActivityManager(  657): Skipping intent:flg=0x10800000 cmp=com.zol.android/.push.KeepLiveActivity
06-24 16:46:20.795 D/ActivityManager(  657): Skipping intent:act=android.intent.action.MAIN cat=[android.intent.category.HOME] flg=0x10800300 cmp=com.android.settings/.FallbackHome
06-24 16:46:20.815 I/zygote64(  657): Background concurrent copying GC freed 27884(2MB) AllocSpace objects, 94(44MB) LOS objects, 27% free, 63MB/87MB, paused 593us total 155.010ms
06-24 16:46:20.826 D/MainActivity(26493): instantiateItem: 2	android.widget.RelativeLayout{d00e2b1 V.E...... ......I. 0,0-0,0}
06-24 16:46:20.827 D/MainActivity(26493): initPage3: 
06-24 16:46:20.830 V/WindowManager(  657): Checking 1 opening apps (frozen=false timeout=false)...
06-24 16:46:20.830 V/WindowManager(  657): Check opening app=AppWindowToken{701c1bb token=Token{722be4a ActivityRecord{154a7b5 u0 com.excelliance.dualaid/com.excelliance.kxqp.swipe.NavActivity2 t16068}}}: allDrawn=false startingDisplayed=false startingMoved=false isRelaunching()=false
06-24 16:46:20.833 V/HwPhoneWindowManager(  657): updateSystemUiColorLw window=Window{596e98f u0 com.excelliance.dualaid/com.excelliance.kxqp.swipe.NavActivity2},EmuiStyle=0,StatusBarColor=0xff000000,NavigationBarColor=0xff000000, mLastIsEmuiLightStyle=-1
06-24 16:46:20.834 D/HwPhoneWindowManager(  657): Transact:setSystemUIColor to status bar service
06-24 16:46:20.834 I/CommandQueue( 1513): updateBarBgColor
06-24 16:46:20.834 D/CommandQueue( 1513): CommandQueue, setBarBackgroundColor
06-24 16:46:20.835 V/WindowManager(  657): Checking 1 opening apps (frozen=false timeout=false)...
06-24 16:46:20.835 V/WindowManager(  657): Check opening app=AppWindowToken{701c1bb token=Token{722be4a ActivityRecord{154a7b5 u0 com.excelliance.dualaid/com.excelliance.kxqp.swipe.NavActivity2 t16068}}}: allDrawn=false startingDisplayed=false startingMoved=false isRelaunching()=false
06-24 16:46:20.839 I/GRALLOC (  679): 	 shrFd=10,fmt=0x1,intFmt=0x200000001,btStrd=4352,size=8486912,pid=679 
06-24 16:46:20.839 I/GRALLOC (  679): 	 yuv=2,w=1080,h=1920,Stride u=0 v=0,offset u=0 v=0 
06-24 16:46:20.839 I/GRALLOC (  679): 	 iova_size=8486912,conUsg=0x900,proUsg=0x900,	 strd=1088,[afbc]HdrStrd=1088 PyldStrd=69632 Scrmbl=2,ionhnd = 1 
06-24 16:46:20.839 D/MainActivity(26493): run: initPage3
06-24 16:46:20.839 V/MainActivity(26493): onWindowFocusChanged: true
06-24 16:46:20.840 W/InputMethodManager(26493): startInputReason = 1
06-24 16:46:20.840 V/WindowManager(  657): Checking 1 opening apps (frozen=false timeout=false)...
06-24 16:46:20.840 V/WindowManager(  657): Check opening app=AppWindowToken{701c1bb token=Token{722be4a ActivityRecord{154a7b5 u0 com.excelliance.dualaid/com.excelliance.kxqp.swipe.NavActivity2 t16068}}}: allDrawn=false startingDisplayed=false startingMoved=false isRelaunching()=false
06-24 16:46:20.840 I/OpenGLRenderer(26493): Initialized EGL, version 1.4
06-24 16:46:20.841 D/OpenGLRenderer(26493): Swap behavior 2
06-24 16:46:20.841 I/GRALLOC (  679): 	 shrFd=10,fmt=0x1,intFmt=0x200000001,btStrd=4352,size=8486912,pid=679 
06-24 16:46:20.841 I/GRALLOC (  679): 	 yuv=2,w=1080,h=1920,Stride u=0 v=0,offset u=0 v=0 
06-24 16:46:20.841 I/GRALLOC (  679): 	 iova_size=8486912,conUsg=0x900,proUsg=0x900,	 strd=1088,[afbc]HdrStrd=1088 PyldStrd=69632 Scrmbl=2,ionhnd = 1 
06-24 16:46:20.842 D/ImageWallpaper( 1513): onOffsetsChanged: xOffset=0.0, yOffset=0.0, xOffsetStep=0.0, yOffsetStep=0.0, xPixels=0, yPixels=0
06-24 16:46:20.843 D/ImageWallpaper( 1513): Suppressed drawFrame since redraw is not needed and offsets have not changed.sf=Rect(0, 0 - 2160, 1920)
06-24 16:46:20.843 D/TintManager( 1513): statusBarIconTint=#99FFFFFF,navigationBarIconTint=#FF000000
06-24 16:46:20.843 I/GRALLOC (  679): 	 shrFd=10,fmt=0x1,intFmt=0x200000001,btStrd=4352,size=8486912,pid=679 
06-24 16:46:20.843 I/GRALLOC (  679): 	 yuv=2,w=1080,h=1920,Stride u=0 v=0,offset u=0 v=0 
06-24 16:46:20.843 I/GRALLOC (  679): 	 iova_size=8486912,conUsg=0x900,proUsg=0x900,	 strd=1088,[afbc]HdrStrd=1088 PyldStrd=69632 Scrmbl=2,ionhnd = 1 
06-24 16:46:20.845 D/mali_winsys(26493): EGLint new_window_surface(egl_winsys_display *, void *, EGLSurface, EGLConfig, egl_winsys_surface **, egl_color_buffer_format *, EGLBoolean) returns 0x3000
06-24 16:46:20.846 E/vndksupport(26493): Could not load vendor/lib/egl/libGLES_mali_v2.so from sphal namespace: dlopen failed: library "vendor/lib/egl/libGLES_mali_v2.so" not found.
06-24 16:46:20.847 I/wangchen( 7035): SysInfo.getSysParam: orientation=1||config d=3.0,w=1080,h=1920||metrics d=3.0,w=1080,h=1920||sdk=26,bar_h=72
06-24 16:46:20.847 I/KeymapLoader( 7035): w=1080 h=1920 ori=true appScale=3.3 s1=3.0
06-24 16:46:20.851 I/zygote  (26518): Compiler allocated 4MB to compile boolean com.excelliance.kxqp.KXQPApplication.b(int)
06-24 16:46:20.860 I/GRALLOC (  679): 	 shrFd=10,fmt=0x1,intFmt=0x200000001,btStrd=4352,size=8486912,pid=679 
06-24 16:46:20.860 I/GRALLOC (  679): 	 yuv=2,w=1080,h=1920,Stride u=0 v=0,offset u=0 v=0 
06-24 16:46:20.860 I/GRALLOC (  679): 	 iova_size=8486912,conUsg=0xb00,proUsg=0xb00,	 strd=1088,[afbc]HdrStrd=1088 PyldStrd=69632 Scrmbl=2,ionhnd = 1 
06-24 16:46:20.868 D/WindowManager(  657): finishDrawingWindow: Window{596e98f u0 com.excelliance.dualaid/com.excelliance.kxqp.swipe.NavActivity2} mDrawState=DRAW_PENDING
06-24 16:46:20.868 W/InputMethodManager(26493): startInputReason = 5
06-24 16:46:20.869 V/WindowManager(  657): Checking 1 opening apps (frozen=false timeout=false)...
06-24 16:46:20.869 V/WindowManager(  657): Check opening app=AppWindowToken{701c1bb token=Token{722be4a ActivityRecord{154a7b5 u0 com.excelliance.dualaid/com.excelliance.kxqp.swipe.NavActivity2 t16068}}}: allDrawn=true startingDisplayed=false startingMoved=false isRelaunching()=false
06-24 16:46:20.872 D/ImageWallpaper( 1513): onVisibilityChanged: mVisible, visible=true, false
06-24 16:46:20.872 D/ImageWallpaper( 1513): Visibility changed to visible=false
06-24 16:46:20.873 I/ActivityManager(  657): Displayed com.excelliance.dualaid/com.excelliance.kxqp.swipe.NavActivity2: +240ms (total +4s4ms)
06-24 16:46:20.879 D/PMS11423(  657): package:com.excelliance.dualaid, input flags:128, output hwFlags:0
06-24 16:46:20.880 E/BufferQueueProducer(  710): [com.tencent.mm/com.tencent.mm.plugin.wallet.pay.ui.WalletPayUI#0] disconnect: not connected (req=1)
06-24 16:46:20.880 W/libEGL  (20113): EGLNativeWindowType 0x99fe8808 disconnect failed
06-24 16:46:20.881 I/WindowManager(  657): notifyAccessibilityButtonVisibilityChanged visible:false
06-24 16:46:20.887 D/PMS11423(  657): package:com.excelliance.dualaid, input flags:128, output hwFlags:0
06-24 16:46:20.890 V/WindowManager(  657): Exit animation finished in Window{64066c7 u0 com.tencent.mm/com.tencent.mm.plugin.wallet_index.ui.OrderHandlerUI EXITING}: remove=false
06-24 16:46:20.890 V/WindowManager(  657): Exit animation finished in Window{68d6975 u0 com.huawei.android.launcher/com.huawei.android.launcher.unihome.UniHomeLauncher EXITING}: remove=false
06-24 16:46:20.891 D/BarTransitions.HwPhoneStatusBarView( 1513): MODE_TRANSPARENT -> MODE_TRANSLUCENT animate=false
06-24 16:46:20.892 D/BarTransitions.HwPhoneStatusBarView( 1513): applyModeBackground oldMode=MODE_TRANSPARENT newMode=MODE_TRANSLUCENT animate=false
06-24 16:46:20.892 D/BarTransitions.HwNavigationBarView( 1513): MODE_TRANSPARENT -> MODE_OPAQUE animate=false
06-24 16:46:20.892 D/BarTransitions.HwNavigationBarView( 1513): applyModeBackground oldMode=MODE_TRANSPARENT newMode=MODE_OPAQUE animate=false
06-24 16:46:20.909 W/ActivityManager(  657): Sending non-protected broadcast huawei.action.floattasks.STATUS_BAR_STATE_CHANGED from system 1513:com.android.systemui/u0a39 pkg com.android.systemui
06-24 16:46:20.909 W/HwKeyguardDragHelper( 1513): AnimationBlocked
06-24 16:46:20.909 D/ActivityThread(26493): Remove activity client record, r= ActivityRecord{cbe2ddc token=android.os.BinderProxy@d13fa03 {com.excelliance.dualaid/com.excelliance.kxqp.ui.HelloActivity}} token= android.os.BinderProxy@d13fa03
06-24 16:46:20.910 V/WindowManager(  657): removeAppToken: AppWindowToken{821ed43 token=Token{611c2f2 ActivityRecord{c4fb5fd u0 com.excelliance.dualaid/com.excelliance.kxqp.ui.HelloActivity t16068}}} delayed=false Callers=com.android.server.wm.DisplayContent.removeAppToken:985 com.android.server.wm.AppWindowContainerController.removeContainer:348 com.android.server.am.ActivityRecord.removeWindowContainer:1039 com.android.server.am.ActivityStack.removeActivityFromHistoryLocked:4491 
06-24 16:46:20.918 V/WindowManager(  657): notifyAppStopped: AppWindowToken{eac0db token=Token{61c5ea ActivityRecord{5d289d5 u0 com.tencent.mm/.plugin.wallet.pay.ui.WalletPayUI t16063}}}
06-24 16:46:20.918 E/WindowManager(  657): win=Window{aca8fb7 u0 com.tencent.mm/com.tencent.mm.plugin.wallet.pay.ui.WalletPayUI} destroySurfaces: appStopped=true win.mWindowRemovalAllowed=false win.mRemoveOnExit=false
06-24 16:46:20.918 I/WindowManager(  657): Destroying surface Surface(name=com.tencent.mm/com.tencent.mm.plugin.wallet.pay.ui.WalletPayUI) called by com.android.server.wm.WindowStateAnimator.destroySurface:2060 com.android.server.wm.WindowStateAnimator.destroySurfaceLocked:873 com.android.server.wm.HwWindowStateAnimator.destroySurfaceLocked:1006 com.android.server.wm.WindowState.destroyOrSaveSurfaceUnchecked:2990 com.android.server.wm.WindowState.destroySurface:2951 com.android.server.wm.AppWindowToken.destroySurfaces:654 com.android.server.wm.AppWindowToken.destroySurfaces:638 com.android.server.wm.AppWindowToken.notifyAppStopped:682 
06-24 16:46:20.918 W/dex2oat (26560): Using default instruction set features for ARM CPU variant (default) using conservative defaults
06-24 16:46:20.919 I/dex2oat (26560): /system/bin/dex2oat -j4 --dex-file=/data/data/com.excelliance.dualaid/.platformcache/main.jar --output-vdex-fd=49 --oat-fd=50 --oat-location=/data/data/com.excelliance.dualaid/.platformcache/oat/arm/main.odex --compiler-filter=quicken
06-24 16:46:20.919 I/cutils-trace(26560): atrace_init_once, trace_marker_path = /sys/kernel/debug/tracing/trace_marker
06-24 16:46:20.920 D/HwQoEUtils(  657): SensitiveApp is BackgroundActivities,isCallbackNotified:false, mForegroundName:com.excelliance.dualaid
06-24 16:46:20.920 D/HwGameAssistantController(  657): pid=20113, uid=10300, foreground=false
06-24 16:46:20.920 W/AwareLog(  657): SchedLevelBoost: onFgActivitiesChanged config not set!
06-24 16:46:20.955 E/WifiHAL (  706): enter wifi_get_link_stats
06-24 16:46:20.966 E/wificond(  765): Failed to get NL80211_STA_INFO_CNAHLOAD
06-24 16:46:20.966 E/WificondControl(  657): Noise: -92, Snr: 0, Chload: -1
06-24 16:46:20.966 D/HwWifiCHRStateManager(  657): handleMessage : 1001
06-24 16:46:20.966 D/HwWifiCHRStateManager(  657): handleUpdateChannel:5805
06-24 16:46:20.966 V/HwWifiServiceFactory(  657): get AllImpl object = com.android.server.wifi.HwWifiServiceFactoryImpl@a390a53
06-24 16:46:20.967 D/WifiScoreReport(  657): Score = 100, wifiConnectivityManagerEnabled = false, lowScoreCount = 0
06-24 16:46:21.018 D/HwWifiStatStore(  657): handleMessage : 200
06-24 16:46:21.022 I/TrafficMonitor(  657): update:rxPkts:12,txPkts:9,rxBytes:4277,txBytes:1056
06-24 16:46:21.022 I/TrafficMonitor(  657): start expired. level:-1
06-24 16:46:21.022 I/TrafficMonitor(  657): gettimer:interval=2000
06-24 16:46:21.028 I/HwNormalizedSpline(  657): getEyeProtectionBrightnessLevel lux =239.0, mDefaultBrightnessFromLux =68.645
06-24 16:46:21.029 I/DisplayPowerController(  657): mPowerRequest.useSmartBacklight : false
06-24 16:46:21.030 I/EventCenter( 1513): ContentChange for slot: 1
06-24 16:46:21.035 D/PMS10039(  657): package:com.android.systemui, input flags:0, output hwFlags:0
06-24 16:46:21.035 I/chatty  ( 1513): uid=10039(u0_a39) KG_Background_H identical 3 lines
06-24 16:46:21.036 I/EventCenter( 1513): ContentChange for slot: 1
06-24 16:46:21.036 I/HwBrightnessUtils( 1513): APS brightness=68.0,ConvertToPercentage=0.46803814
06-24 16:46:21.039 D/SettingsAppWidgetProvider(24796): enable buttons...
06-24 16:46:21.039 D/SettingsAppWidgetProvider(24796): buttons enabled!
06-24 16:46:21.039 D/SettingsAppWidgetProvider(24796): getActualWifiState = 3
06-24 16:46:21.069 I/EventCenter( 1513): ContentChange for slot: 1
06-24 16:46:21.069 I/EventCenter( 1513): ContentChange for slot: 1
06-24 16:46:21.069 I/HwBrightnessUtils( 1513): APS brightness=69.0,ConvertToPercentage=0.47208697
06-24 16:46:21.071 D/SettingsAppWidgetProvider(24796): enable buttons...
06-24 16:46:21.071 D/SettingsAppWidgetProvider(24796): buttons enabled!
06-24 16:46:21.071 D/SettingsAppWidgetProvider(24796): getActualWifiState = 3
06-24 16:46:21.171 D/NetWorkUtils( 1513): mVSimCurCardType is -1
06-24 16:46:21.321 V/BroadcastQueue(  657): Finished with ordered broadcast BroadcastRecord{659eab4 u0 null}
06-24 16:46:21.331 D/PMS10056(  657): package:com.huawei.android.launcher, input flags:0, output hwFlags:0
06-24 16:46:21.334 I/zygote64(  657): Background concurrent copying GC freed 14544(1158KB) AllocSpace objects, 65(32MB) LOS objects, 27% free, 62MB/86MB, paused 785us total 200.329ms
06-24 16:46:21.340 I/dex2oat (26560): dex2oat took 421.986ms (1.036s cpu) (threads: 4) arena alloc=111KB (113736B) java alloc=2MB (3143720B) native alloc=4MB (4705072B) free=2MB (2634960B)
06-24 16:46:21.355 I/GRALLOC (  679): 	 shrFd=10,fmt=0x1,intFmt=0x200000001,btStrd=4352,size=8486912,pid=679 
06-24 16:46:21.355 I/GRALLOC (  679): 	 yuv=2,w=1080,h=1920,Stride u=0 v=0,offset u=0 v=0 
06-24 16:46:21.355 I/GRALLOC (  679): 	 iova_size=8486912,conUsg=0xb00,proUsg=0xb00,	 strd=1088,[afbc]HdrStrd=1088 PyldStrd=69632 Scrmbl=2,ionhnd = 1 
06-24 16:46:21.361 D/PMS11423(  657): package:com.excelliance.dualaid, input flags:128, output hwFlags:0
06-24 16:46:21.364 D/PMS11423(  657): package:com.excelliance.dualaid, input flags:128, output hwFlags:0
06-24 16:46:21.380 D/PMS10300(  657): package:com.tencent.mm:push, input flags:0, output is null
06-24 16:46:21.396 W/dex2oat (26574): Using default instruction set features for ARM CPU variant (default) using conservative defaults
06-24 16:46:21.396 I/dex2oat (26574): /system/bin/dex2oat -j4 --dex-file=/data/data/com.excelliance.dualaid/.platformcache/kxqpplatform2.jar --output-vdex-fd=50 --oat-fd=51 --oat-location=/data/data/com.excelliance.dualaid/.platformcache/oat/arm/kxqpplatform2.odex --compiler-filter=quicken
06-24 16:46:21.396 I/cutils-trace(26574): atrace_init_once, trace_marker_path = /sys/kernel/debug/tracing/trace_marker
06-24 16:46:21.406 I/GRALLOC (  679): 	 shrFd=10,fmt=0x1,intFmt=0x200000001,btStrd=4352,size=8486912,pid=679 
06-24 16:46:21.406 I/GRALLOC (  679): 	 yuv=2,w=1080,h=1920,Stride u=0 v=0,offset u=0 v=0 
06-24 16:46:21.406 I/GRALLOC (  679): 	 iova_size=8486912,conUsg=0xb00,proUsg=0xb00,	 strd=1088,[afbc]HdrStrd=1088 PyldStrd=69632 Scrmbl=2,ionhnd = 1 
06-24 16:46:21.589 I/dex2oat (26574): dex2oat took 194.130ms (430.965ms cpu) (threads: 4) arena alloc=3KB (3720B) java alloc=2MB (2283472B) native alloc=2MB (2317672B) free=2MB (2925208B)
06-24 16:46:21.602 D/PMS11423(  657): package:com.excelliance.dualaid, input flags:0, output hwFlags:0
06-24 16:46:21.612 E/MemoryLeakMonitorManager(26518): MemoryLeakMonitor.jar is not exist!
06-24 16:46:21.612 D/CrashHandler(26518): CrashHandler
06-24 16:46:21.613 D/KXQPApplication(26518): run: initUserManager
06-24 16:46:21.614 E/Minikin (26518): Could not get cmap table size!
06-24 16:46:21.614 D/PMS11423(  657): package:com.excelliance.dualaid, input flags:128, output hwFlags:0
06-24 16:46:21.622 D/AirPushService(26518): 第一次触发
06-24 16:46:21.622 D/SmtServService(26518): MSG_LOAD_PLT GameUtil.isPtLoaded() = false
06-24 16:46:21.624 I/HwCust  (26518): Constructor found for class android.net.HwCustConnectivityManagerImpl
06-24 16:46:21.624 D/HwCust  (26518): Create obj success use class android.net.HwCustConnectivityManagerImpl
06-24 16:46:21.625 D/NetworkStateReceiver(26518): netWorkConnected = true
06-24 16:46:21.625 D/AirPushUtils(26518): startPushInfo
06-24 16:46:21.626 D/PMS1000 (  657): package:com.excelliance.dualaid, input flags:8192, output hwFlags:0
06-24 16:46:21.627 D/AirPushService(26518): 第一次设置Alarm
06-24 16:46:21.627 D/AirPushService(26518): resetPushAlarm
06-24 16:46:21.627 D/PMS1001 (  657): package:com.excelliance.dualaid, input flags:0, output hwFlags:0
06-24 16:46:21.628 D/SmtServService(26518): pull info
06-24 16:46:21.628 D/SmtServService(26518): diffTime = 1529829981628
06-24 16:46:21.628 D/SmtServService(26518): pushInfoFromServer
06-24 16:46:21.629 D/AirPushPreferences(26518): setLastPushTime
06-24 16:46:21.632 D/PMS11423(  657): package:com.excelliance.dualaid, input flags:0, output hwFlags:0
06-24 16:46:21.645 I/zygote  (26518): Do partial code cache collection, code=27KB, data=31KB
06-24 16:46:21.645 I/zygote  (26518): After code cache collection, code=11KB, data=18KB
06-24 16:46:21.645 I/zygote  (26518): Increasing code cache capacity to 128KB
