06-24 15:39:54.681 D/CubicBezierInterpolator(31190): CubicBezierInterpolator  mControlPoint1x = 0.23, mControlPoint1y = 0.06, mControlPoint2x = 0.09, mControlPoint2y = 0.97
06-24 15:39:54.681 D/CubicBezierInterpolator(31190): CubicBezierInterpolator  mControlPoint1x = 0.6, mControlPoint1y = 0.9, mControlPoint2x = 0.8, mControlPoint2y = 1.0
06-24 15:39:54.681 D/CubicBezierInterpolator(31190): CubicBezierInterpolator  mControlPoint1x = 0.23, mControlPoint1y = 0.06, mControlPoint2x = 0.09, mControlPoint2y = 0.97
06-24 15:39:54.681 D/CubicBezierInterpolator(31190): CubicBezierInterpolator  mControlPoint1x = 0.6, mControlPoint1y = 0.9, mControlPoint2x = 0.8, mControlPoint2y = 1.0
06-24 15:39:54.681 D/CubicBezierInterpolator(31190): CubicBezierInterpolator  mControlPoint1x = 0.23, mControlPoint1y = 0.06, mControlPoint2x = 0.09, mControlPoint2y = 0.97
06-24 15:39:54.681 D/CubicBezierInterpolator(31190): CubicBezierInterpolator  mControlPoint1x = 0.6, mControlPoint1y = 0.9, mControlPoint2x = 0.8, mControlPoint2y = 1.0
06-24 15:39:54.686 D/NetWorkUtils( 1513): mVSimCurCardType is -1
06-24 15:39:54.687 D/NetWorkUtils( 1513): mVSimCurCardType is -1
06-24 15:39:54.688 D/HwRTBlurUtils(31190): check blur style for HwPhoneWindow-, themeResId : 0x7f0e000a, context : com.excelliance.kxqp.swipe.NavActivity2@794246b, Nhwext : 0, get Blur : disable with , null
06-24 15:39:54.688 D/HwRTBlurUtils(31190): check blur style for HwPhoneWindow-, themeResId : 0x7f0e000a, context : com.excelliance.kxqp.swipe.NavActivity2@794246b, Nhwext : 0, get Blur : disable with , null
06-24 15:39:54.688 E/test    (31190): hw notch screen flag api error
06-24 15:39:54.690 D/PMS11422(  657): package:com.excelliance.dualaid, input flags:128, output hwFlags:0
06-24 15:39:54.692 D/ActivityThread(31190): add activity client record, r= ActivityRecord{414755e token=android.os.BinderProxy@31abee5 {com.excelliance.dualaid/com.excelliance.kxqp.swipe.NavActivity2}} token= android.os.BinderProxy@31abee5
06-24 15:39:54.693 E/ViewUtils(31190): setBgColor: view==null:top
06-24 15:39:54.697 D/PMS11422(  657): package:com.excelliance.dualaid, input flags:128, output hwFlags:0
06-24 15:39:54.702 D/OpenGLRenderer(31190):   HWUI Binary is  enabled
06-24 15:39:54.702 D/PMS11422(  657): package:com.excelliance.dualaid, input flags:128, output hwFlags:0
06-24 15:39:54.702 D/SurfaceFlinger(  710): SurfaceFlinger: getDisplayConfigs--3.000000, 1080, 1920
06-24 15:39:54.703 I/chatty  (  710): uid=1000(system) Binder:710_3 identical 1 line
06-24 15:39:54.703 D/SurfaceFlinger(  710): SurfaceFlinger: getDisplayConfigs--3.000000, 1080, 1920
06-24 15:39:54.704 D/OpenGLRenderer(31190): HWUI GL Pipeline
06-24 15:39:54.708 V/WindowManager(  657): Adding Window{1cd4a3a u0 com.excelliance.dualaid/com.excelliance.kxqp.swipe.NavActivity2} to AppWindowToken{bce89d7 token=Token{bdb6556 ActivityRecord{f329371 u0 com.excelliance.dualaid/com.excelliance.kxqp.swipe.NavActivity2 t16028}}}
06-24 15:39:54.708 V/WindowManager(  657): addWindow: New client android.os.BinderProxy@5832d65: window=Window{1cd4a3a u0 com.excelliance.dualaid/com.excelliance.kxqp.swipe.NavActivity2} Callers=com.android.server.wm.HwWindowManagerService.addWindow:562 com.android.server.wm.Session.addToDisplay:199 android.view.IWindowSession$Stub.onTransact:124 com.android.server.wm.Session.onTransact:161 android.os.Binder.execTransact:675 
06-24 15:39:54.709 D/PMS11422(  657): package:com.excelliance.dualaid, input flags:128, output hwFlags:0
06-24 15:39:54.714 D/HwGalleryCacheManagerImpl(31190): mIsEffect:false
06-24 15:39:54.715 D/HttpUtils(31190): getResponseCode():200
06-24 15:39:54.715 D/WHEG    (31190): {"status":"0","controls":"","skip":"0"}
06-24 15:39:54.717 V/WindowManager(  657): Checking 1 opening apps (frozen=false timeout=false)...
06-24 15:39:54.717 V/WindowManager(  657): Check opening app=AppWindowToken{bce89d7 token=Token{bdb6556 ActivityRecord{f329371 u0 com.excelliance.dualaid/com.excelliance.kxqp.swipe.NavActivity2 t16028}}}: allDrawn=false startingDisplayed=false startingMoved=false isRelaunching()=false
06-24 15:39:54.721 D/PMS11422(  657): package:com.excelliance.dualaid, input flags:128, output hwFlags:0
06-24 15:39:54.753 I/NetworkSpeedManagerEx( 1513): mIsStop = false
06-24 15:39:54.753 I/NetworkSpeedManagerEx( 1513):  runInThread getTetherStats
06-24 15:39:54.753 I/NetworkSpeedManagerEx( 1513):  runInUI refreshSpeed
06-24 15:39:54.754 I/NetworkSpeedManagerEx( 1513): value=1661.6666speed = 1.6
06-24 15:39:54.754 I/NetworkSpeedManagerEx( 1513): K/smIsShowLastSpeedValuefalse
06-24 15:39:54.754 I/NetworkSpeedView( 1513): /update(), speed=1.6
06-24 15:39:54.754 I/NetworkSpeedView( 1513): K/s parent class:class com.android.systemui.statusbar.HwSystemIcons
06-24 15:39:54.764 D/HwRecentsLockUtils( 1513): Search
06-24 15:39:54.764 E/HsmCoreServiceImpl( 1478): onTransact in code is: 103
06-24 15:39:54.764 I/MediaProcessHandler( 1478): playingUids: 
06-24 15:39:54.765 D/ActivityManager(  657): Skipping, home or recents stack task: TaskRecord{333215f #15658 A=com.huawei.android.launcher U=0 StackId=0 sz=1}
06-24 15:39:54.765 D/ActivityManager(  657): Skipping intent:act=android.intent.action.MAIN cat=[android.intent.category.LAUNCHER] flg=0x10a00000 cmp=io.appium.settings/.Settings
06-24 15:39:54.765 D/ActivityManager(  657): Skipping intent:flg=0x10804000 cmp=com.android.systemui/.recents.RecentsActivity bnds=[48,928][1032,2296]
06-24 15:39:54.765 D/ActivityManager(  657): Skipping intent:flg=0x18800000 cmp=com.tencent.mm/.plugin.base.stub.WXPayEntryActivity
06-24 15:39:54.765 D/ActivityManager(  657): Skipping intent:flg=0x10800000 cmp=com.huawei.systemmanager/com.huawei.permissionmanager.ui.MainActivity
06-24 15:39:54.765 D/ActivityManager(  657): Skipping intent:flg=0x18800000 cmp=com.tencent.mm/.plugin.base.stub.WXEntryActivity
06-24 15:39:54.765 D/ActivityManager(  657): Skipping intent:act=com.huawei.action.VOICE_ASSISTANT flg=0x10800000 pkg=com.huawei.vassistant cmp=com.huawei.vassistant/.ui.main.VAssistantActivity
06-24 15:39:54.765 D/ActivityManager(  657): Skipping intent:act=com.huawei.android.launcher.action.ACCESS_SPLIT_SCREEN_APP cat=[android.intent.category.DEFAULT] flg=0x10804000 cmp=com.huawei.android.launcher/.splitscreen.SplitScreenAppActivity
06-24 15:39:54.765 D/ActivityManager(  657): Skipping intent:flg=0x10800000 pkg=com.excelliance.dualaid.b64 cmp=com.excelliance.dualaid.b64/com.excelliance.kxqp.sdk.PermissionRequestActivity
06-24 15:39:54.765 D/ActivityManager(  657): Skipping intent:act=android.intent.action.VIEW dat=content://com.excelliance.dualaid.fileProvider/external_storage_root/Download/apk/Multiple_64.apk typ=application/vnd.android.package-archive flg=0x10800001 cmp=com.android.packageinstaller/.InstallStart
06-24 15:39:54.765 D/ActivityManager(  657): Skipping intent:flg=0x10800000 cmp=com.android.systemui/.usb.HwUsbDebuggingActivity
06-24 15:39:54.765 D/ActivityManager(  657): Skipping intent:act=android.deviceinfo.chooser.action.LAUNCH flg=0x10800000 hwFlg=0x100 pkg=com.android.settings cmp=com.android.settings/.deviceinfo.UsbConnModeChooserActivity
06-24 15:39:54.765 D/ActivityManager(  657): Skipping intent:flg=0x10800000 cmp=com.zol.android/.push.KeepLiveActivity
06-24 15:39:54.765 D/ActivityManager(  657): Skipping intent:act=android.intent.action.MAIN cat=[android.intent.category.HOME] flg=0x10800300 cmp=com.android.settings/.FallbackHome
06-24 15:39:54.785 I/NetworkSpeedManagerEx( 1513): mIsStop = false
06-24 15:39:54.785 I/NetworkSpeedManagerEx( 1513):  runInThread getTetherStats
06-24 15:39:54.786 I/NetworkSpeedManagerEx( 1513):  runInUI refreshSpeed
06-24 15:39:54.787 I/zygote  (31220): Compiler allocated 4MB to compile boolean com.excelliance.kxqp.KXQPApplication.b(int)
06-24 15:39:54.787 I/NetworkSpeedManagerEx( 1513): value=1502.3334speed = 1.5
06-24 15:39:54.787 I/NetworkSpeedManagerEx( 1513): K/smIsShowLastSpeedValuefalse
06-24 15:39:54.787 I/NetworkSpeedView( 1513): /update(), speed=1.5
06-24 15:39:54.787 I/NetworkSpeedView( 1513): K/s parent class:class com.android.systemui.statusbar.HwSystemIcons
06-24 15:39:54.787 D/MainActivity(31190): instantiateItem: 2	android.widget.RelativeLayout{d00e2b1 V.E...... ......I. 0,0-0,0}
06-24 15:39:54.788 D/MainActivity(31190): initPage3: 
06-24 15:39:54.792 V/WindowManager(  657): Checking 1 opening apps (frozen=false timeout=false)...
06-24 15:39:54.792 V/WindowManager(  657): Check opening app=AppWindowToken{bce89d7 token=Token{bdb6556 ActivityRecord{f329371 u0 com.excelliance.dualaid/com.excelliance.kxqp.swipe.NavActivity2 t16028}}}: allDrawn=false startingDisplayed=false startingMoved=false isRelaunching()=false
06-24 15:39:54.794 V/HwPhoneWindowManager(  657): updateSystemUiColorLw window=Window{1cd4a3a u0 com.excelliance.dualaid/com.excelliance.kxqp.swipe.NavActivity2},EmuiStyle=0,StatusBarColor=0xff000000,NavigationBarColor=0xff000000, mLastIsEmuiLightStyle=-1
06-24 15:39:54.795 D/HwPhoneWindowManager(  657): Transact:setSystemUIColor to status bar service
06-24 15:39:54.795 I/CommandQueue( 1513): updateBarBgColor
06-24 15:39:54.795 D/CommandQueue( 1513): CommandQueue, setBarBackgroundColor
06-24 15:39:54.795 D/TintManager( 1513): statusBarIconTint=#99FFFFFF,navigationBarIconTint=#FF000000
06-24 15:39:54.796 V/WindowManager(  657): Checking 1 opening apps (frozen=false timeout=false)...
06-24 15:39:54.796 V/WindowManager(  657): Check opening app=AppWindowToken{bce89d7 token=Token{bdb6556 ActivityRecord{f329371 u0 com.excelliance.dualaid/com.excelliance.kxqp.swipe.NavActivity2 t16028}}}: allDrawn=false startingDisplayed=false startingMoved=false isRelaunching()=false
06-24 15:39:54.798 D/StatusBarIconController( 1513): setIconVisibility icon is null or visibility not change visibility=false
06-24 15:39:54.799 D/MainActivity(31190): run: initPage3
06-24 15:39:54.801 I/GRALLOC (  679): 	 shrFd=10,fmt=0x1,intFmt=0x200000001,btStrd=4352,size=8486912,pid=679 
06-24 15:39:54.801 I/GRALLOC (  679): 	 yuv=2,w=1080,h=1920,Stride u=0 v=0,offset u=0 v=0 
06-24 15:39:54.801 I/GRALLOC (  679): 	 iova_size=8486912,conUsg=0x900,proUsg=0x900,	 strd=1088,[afbc]HdrStrd=1088 PyldStrd=69632 Scrmbl=2,ionhnd = 1 
06-24 15:39:54.802 D/BarTransitions.HwPhoneStatusBarView( 1513): MODE_TRANSPARENT -> MODE_TRANSLUCENT animate=false
06-24 15:39:54.802 D/BarTransitions.HwPhoneStatusBarView( 1513): applyModeBackground oldMode=MODE_TRANSPARENT newMode=MODE_TRANSLUCENT animate=false
06-24 15:39:54.803 I/GRALLOC (  679): 	 shrFd=10,fmt=0x1,intFmt=0x200000001,btStrd=4352,size=8486912,pid=679 
06-24 15:39:54.803 I/GRALLOC (  679): 	 yuv=2,w=1080,h=1920,Stride u=0 v=0,offset u=0 v=0 
06-24 15:39:54.803 I/GRALLOC (  679): 	 iova_size=8486912,conUsg=0x900,proUsg=0x900,	 strd=1088,[afbc]HdrStrd=1088 PyldStrd=69632 Scrmbl=2,ionhnd = 1 
06-24 15:39:54.804 I/OpenGLRenderer(31190): Initialized EGL, version 1.4
06-24 15:39:54.804 D/OpenGLRenderer(31190): Swap behavior 2
06-24 15:39:54.805 I/GRALLOC (  679): 	 shrFd=10,fmt=0x1,intFmt=0x200000001,btStrd=4352,size=8486912,pid=679 
06-24 15:39:54.805 I/GRALLOC (  679): 	 yuv=2,w=1080,h=1920,Stride u=0 v=0,offset u=0 v=0 
06-24 15:39:54.805 I/GRALLOC (  679): 	 iova_size=8486912,conUsg=0x900,proUsg=0x900,	 strd=1088,[afbc]HdrStrd=1088 PyldStrd=69632 Scrmbl=2,ionhnd = 1 
06-24 15:39:54.810 D/mali_winsys(31190): EGLint new_window_surface(egl_winsys_display *, void *, EGLSurface, EGLConfig, egl_winsys_surface **, egl_color_buffer_format *, EGLBoolean) returns 0x3000
06-24 15:39:54.811 E/vndksupport(31190): Could not load vendor/lib/egl/libGLES_mali_v2.so from sphal namespace: dlopen failed: library "vendor/lib/egl/libGLES_mali_v2.so" not found.
06-24 15:39:54.819 D/PMS11422(  657): package:com.excelliance.dualaid, input flags:128, output hwFlags:0
06-24 15:39:54.836 I/GRALLOC (  679): 	 shrFd=10,fmt=0x1,intFmt=0x200000001,btStrd=4352,size=8486912,pid=679 
06-24 15:39:54.836 I/GRALLOC (  679): 	 yuv=2,w=1080,h=1920,Stride u=0 v=0,offset u=0 v=0 
06-24 15:39:54.836 I/GRALLOC (  679): 	 iova_size=8486912,conUsg=0xb00,proUsg=0xb00,	 strd=1088,[afbc]HdrStrd=1088 PyldStrd=69632 Scrmbl=2,ionhnd = 1 
06-24 15:39:54.843 D/WindowManager(  657): finishDrawingWindow: Window{1cd4a3a u0 com.excelliance.dualaid/com.excelliance.kxqp.swipe.NavActivity2} mDrawState=DRAW_PENDING
06-24 15:39:54.844 V/MainActivity(31190): onWindowFocusChanged: true
06-24 15:39:54.844 W/InputMethodManager(31190): startInputReason = 1
06-24 15:39:54.845 V/WindowManager(  657): Checking 1 opening apps (frozen=false timeout=false)...
06-24 15:39:54.845 V/WindowManager(  657): Check opening app=AppWindowToken{bce89d7 token=Token{bdb6556 ActivityRecord{f329371 u0 com.excelliance.dualaid/com.excelliance.kxqp.swipe.NavActivity2 t16028}}}: allDrawn=true startingDisplayed=false startingMoved=false isRelaunching()=false
06-24 15:39:54.847 D/ImageWallpaper( 1513): onVisibilityChanged: mVisible, visible=true, false
06-24 15:39:54.847 D/ImageWallpaper( 1513): Visibility changed to visible=false
06-24 15:39:54.848 D/BarTransitions.HwPhoneStatusBarView( 1513): MODE_TRANSLUCENT -> MODE_TRANSPARENT animate=false
06-24 15:39:54.848 D/BarTransitions.HwPhoneStatusBarView( 1513): applyModeBackground oldMode=MODE_TRANSLUCENT newMode=MODE_TRANSPARENT animate=false
06-24 15:39:54.848 E/BufferQueueProducer(  710): [com.huawei.android.launcher/com.huawei.android.launcher.unihome.UniHomeLauncher#0] disconnect: not connected (req=1)
06-24 15:39:54.848 W/libEGL  ( 2519): EGLNativeWindowType 0x74abe62010 disconnect failed
06-24 15:39:54.852 I/ActivityManager(  657): Displayed com.excelliance.dualaid/com.excelliance.kxqp.swipe.NavActivity2: +190ms (total +3s896ms)
06-24 15:39:54.856 I/wangchen( 7035): SysInfo.getSysParam: orientation=1||config d=3.0,w=1080,h=1920||metrics d=3.0,w=1080,h=1920||sdk=26,bar_h=72
06-24 15:39:54.856 I/KeymapLoader( 7035): w=1080 h=1920 ori=true appScale=3.3 s1=3.0
06-24 15:39:54.858 I/WindowManager(  657): notifyAccessibilityButtonVisibilityChanged visible:false
06-24 15:39:54.859 W/dex2oat (31271): Using default instruction set features for ARM CPU variant (default) using conservative defaults
06-24 15:39:54.860 I/dex2oat (31271): /system/bin/dex2oat -j4 --dex-file=/data/data/com.excelliance.dualaid/.platformcache/main.jar --output-vdex-fd=50 --oat-fd=51 --oat-location=/data/data/com.excelliance.dualaid/.platformcache/oat/arm/main.odex --compiler-filter=quicken
06-24 15:39:54.860 I/cutils-trace(31271): atrace_init_once, trace_marker_path = /sys/kernel/debug/tracing/trace_marker
06-24 15:39:54.860 W/InputMethodManager(31190): startInputReason = 5
06-24 15:39:54.862 I/GRALLOC (  679): 	 shrFd=10,fmt=0x1,intFmt=0x200000001,btStrd=4352,size=8486912,pid=679 
06-24 15:39:54.862 I/GRALLOC (  679): 	 yuv=2,w=1080,h=1920,Stride u=0 v=0,offset u=0 v=0 
06-24 15:39:54.862 I/GRALLOC (  679): 	 iova_size=8486912,conUsg=0xb00,proUsg=0xb00,	 strd=1088,[afbc]HdrStrd=1088 PyldStrd=69632 Scrmbl=2,ionhnd = 1 
06-24 15:39:54.864 D/BarTransitions.HwPhoneStatusBarView( 1513): MODE_TRANSPARENT -> MODE_TRANSLUCENT animate=false
06-24 15:39:54.864 D/BarTransitions.HwPhoneStatusBarView( 1513): applyModeBackground oldMode=MODE_TRANSPARENT newMode=MODE_TRANSLUCENT animate=false
06-24 15:39:54.864 D/BarTransitions.HwNavigationBarView( 1513): MODE_TRANSLUCENT -> MODE_OPAQUE animate=false
06-24 15:39:54.864 D/BarTransitions.HwNavigationBarView( 1513): applyModeBackground oldMode=MODE_TRANSLUCENT newMode=MODE_OPAQUE animate=false
06-24 15:39:54.876 W/ActivityManager(  657): Sending non-protected broadcast huawei.action.floattasks.STATUS_BAR_STATE_CHANGED from system 1513:com.android.systemui/u0a39 pkg com.android.systemui
06-24 15:39:54.878 W/HwKeyguardDragHelper( 1513): AnimationBlocked
06-24 15:39:54.881 V/WindowManager(  657): notifyAppStopped: AppWindowToken{d3a938b token=Token{377755a ActivityRecord{d5c9105 u0 com.huawei.android.launcher/.unihome.UniHomeLauncher t15658}}}
06-24 15:39:54.882 E/WindowManager(  657): win=Window{68d6975 u0 com.huawei.android.launcher/com.huawei.android.launcher.unihome.UniHomeLauncher} destroySurfaces: appStopped=true win.mWindowRemovalAllowed=false win.mRemoveOnExit=false
06-24 15:39:54.882 I/WindowManager(  657): Destroying surface Surface(name=com.huawei.android.launcher/com.huawei.android.launcher.unihome.UniHomeLauncher) called by com.android.server.wm.WindowStateAnimator.destroySurface:2060 com.android.server.wm.WindowStateAnimator.destroySurfaceLocked:873 com.android.server.wm.HwWindowStateAnimator.destroySurfaceLocked:1006 com.android.server.wm.WindowState.destroyOrSaveSurfaceUnchecked:2990 com.android.server.wm.WindowState.destroySurface:2951 com.android.server.wm.AppWindowToken.destroySurfaces:654 com.android.server.wm.AppWindowToken.destroySurfaces:638 com.android.server.wm.AppWindowToken.notifyAppStopped:682 
06-24 15:39:54.886 D/HwGameAssistantController(  657): pid=2519, uid=10056, foreground=false
06-24 15:39:54.887 W/AwareLog(  657): SchedLevelBoost: onFgActivitiesChanged config not set!
06-24 15:39:54.887 D/ActivityThread(31190): Remove activity client record, r= ActivityRecord{cbe2ddc token=android.os.BinderProxy@d13fa03 {com.excelliance.dualaid/com.excelliance.kxqp.ui.HelloActivity}} token= android.os.BinderProxy@d13fa03
06-24 15:39:54.888 V/WindowManager(  657): removeAppToken: AppWindowToken{8b0bddf token=Token{a5447e ActivityRecord{6995639 u0 com.excelliance.dualaid/com.excelliance.kxqp.ui.HelloActivity t16028}}} delayed=false Callers=com.android.server.wm.DisplayContent.removeAppToken:985 com.android.server.wm.AppWindowContainerController.removeContainer:348 com.android.server.am.ActivityRecord.removeWindowContainer:1039 com.android.server.am.ActivityStack.removeActivityFromHistoryLocked:4491 
06-24 15:39:54.923 E/WifiHAL (  706): enter wifi_get_link_stats
06-24 15:39:54.928 E/wificond(  765): Failed to get NL80211_STA_INFO_CNAHLOAD
06-24 15:39:54.928 E/WificondControl(  657): Noise: -87, Snr: 0, Chload: -1
06-24 15:39:54.929 D/HwWifiCHRStateManager(  657): handleMessage : 1001
06-24 15:39:54.929 D/HwWifiCHRStateManager(  657): handleUpdateChannel:5805
06-24 15:39:54.929 V/HwWifiServiceFactory(  657): get AllImpl object = com.android.server.wifi.HwWifiServiceFactoryImpl@a390a53
06-24 15:39:54.929 D/WifiScoreReport(  657): Score = 100, wifiConnectivityManagerEnabled = false, lowScoreCount = 0
06-24 15:39:55.045 I/HwNormalizedSpline(  657): getEyeProtectionBrightnessLevel lux =239.0, mDefaultBrightnessFromLux =68.645
06-24 15:39:55.266 I/dex2oat (31271): dex2oat took 406.783ms (999.647ms cpu) (threads: 4) arena alloc=140KB (143848B) java alloc=2MB (3143720B) native alloc=4MB (4676960B) free=2MB (2663072B)
06-24 15:39:55.278 D/PMS11422(  657): package:com.excelliance.dualaid, input flags:128, output hwFlags:0
06-24 15:39:55.316 W/dex2oat (31290): Using default instruction set features for ARM CPU variant (default) using conservative defaults
06-24 15:39:55.317 I/dex2oat (31290): /system/bin/dex2oat -j4 --dex-file=/data/data/com.excelliance.dualaid/.platformcache/kxqpplatform2.jar --output-vdex-fd=48 --oat-fd=49 --oat-location=/data/data/com.excelliance.dualaid/.platformcache/oat/arm/kxqpplatform2.odex --compiler-filter=quicken
06-24 15:39:55.317 I/cutils-trace(31290): atrace_init_once, trace_marker_path = /sys/kernel/debug/tracing/trace_marker
06-24 15:39:55.357 I/GRALLOC (  679): 	 shrFd=10,fmt=0x1,intFmt=0x200000001,btStrd=4352,size=8486912,pid=679 
06-24 15:39:55.357 I/GRALLOC (  679): 	 yuv=2,w=1080,h=1920,Stride u=0 v=0,offset u=0 v=0 
06-24 15:39:55.357 I/GRALLOC (  679): 	 iova_size=8486912,conUsg=0xb00,proUsg=0xb00,	 strd=1088,[afbc]HdrStrd=1088 PyldStrd=69632 Scrmbl=2,ionhnd = 1 
06-24 15:39:55.522 I/dex2oat (31290): dex2oat took 206.212ms (437.432ms cpu) (threads: 4) arena alloc=62KB (63808B) java alloc=2MB (2283472B) native alloc=2MB (2309600B) free=2MB (2933280B)
06-24 15:39:55.536 D/PMS11422(  657): package:com.excelliance.dualaid, input flags:0, output hwFlags:0
06-24 15:39:55.543 D/PMS11422(  657): package:com.excelliance.dualaid, input flags:0, output hwFlags:0
06-24 15:39:55.549 E/MemoryLeakMonitorManager(31220): MemoryLeakMonitor.jar is not exist!
06-24 15:39:55.550 D/CrashHandler(31220): CrashHandler
06-24 15:39:55.551 D/KXQPApplication(31220): run: initUserManager
06-24 15:39:55.551 E/Minikin (31220): Could not get cmap table size!
06-24 15:39:55.552 D/PMS11422(  657): package:com.excelliance.dualaid, input flags:128, output hwFlags:0
06-24 15:39:55.561 D/AirPushService(31220): 第一次触发
06-24 15:39:55.562 D/PMS1000 (  657): package:com.excelliance.dualaid, input flags:8192, output hwFlags:0
06-24 15:39:55.564 D/PMS1001 (  657): package:com.excelliance.dualaid, input flags:0, output hwFlags:0
06-24 15:39:55.566 D/SmtServService(31220): MSG_LOAD_PLT GameUtil.isPtLoaded() = false
06-24 15:39:55.567 D/PMS11422(  657): package:com.excelliance.dualaid, input flags:0, output hwFlags:0
06-24 15:39:55.568 I/HwCust  (31220): Constructor found for class android.net.HwCustConnectivityManagerImpl
06-24 15:39:55.568 D/HwCust  (31220): Create obj success use class android.net.HwCustConnectivityManagerImpl
06-24 15:39:55.569 D/NetworkStateReceiver(31220): netWorkConnected = true
06-24 15:39:55.569 D/AirPushUtils(31220): startPushInfo
06-24 15:39:55.570 I/TrafficMonitor(  657): update:rxPkts:9,txPkts:9,rxBytes:4001,txBytes:1056
06-24 15:39:55.570 I/TrafficMonitor(  657): start expired. level:-1
06-24 15:39:55.570 I/TrafficMonitor(  657): gettimer:interval=2000
06-24 15:39:55.571 D/AirPushService(31220): 第一次设置Alarm
06-24 15:39:55.571 D/AirPushService(31220): resetPushAlarm
06-24 15:39:55.573 D/SmtServService(31220): pull info
06-24 15:39:55.573 D/SmtServService(31220): diffTime = 1529825995573
06-24 15:39:55.574 D/SmtServService(31220): pushInfoFromServer
06-24 15:39:55.575 D/AirPushPreferences(31220): setLastPushTime
06-24 15:39:55.581 D/StatisticsManager(31220): Query time diff:1529825995581
06-24 15:39:55.587 D/PMS11422(  657): package:com.excelliance.dualaid, input flags:128, output hwFlags:0
06-24 15:39:55.591 I/zygote  (31220): Do partial code cache collection, code=27KB, data=31KB
06-24 15:39:55.592 I/zygote  (31220): After code cache collection, code=11KB, data=18KB
06-24 15:39:55.592 I/zygote  (31220): Increasing code cache capacity to 128KB
06-24 15:39:55.592 D/launch-time-RU(31220): preload 24 classes cost 22ms
06-24 15:39:55.624 D/StatisticsManager(31220): Query time diff:1529825995624
06-24 15:39:55.630 D/StatisticsManager(31220): Query time diff:1529825995630
06-24 15:39:55.634 D/AirPushDBHelper(31220): onCreate: pushitemnew
06-24 15:39:55.636 D/AirPushDBHelper(31220): selection = type=? and index_=(select max(index_) from pushitemnew where type=?) , key = vip
06-24 15:39:55.637 D/AirPushDBHelper(31220): selection = type=? and index_=(select max(index_) from pushitemnew where type=?) , key = update
06-24 15:39:55.637 D/AirPushDBHelper(31220): selection = type=? and index_=(select max(index_) from pushitemnew where type=?) , key = officalActivity
06-24 15:39:55.637 D/AirPushDBHelper(31220): selection = type=? and index_=(select max(index_) from pushitemnew where type=?) , key = news
06-24 15:39:55.637 D/AirPushDBHelper(31220): selection = type=? and index_=(select max(index_) from pushitemnew where type=?) , key = target
06-24 15:39:55.638 D/AirPushDBHelper(31220): selection = type=? and index_=(select max(index_) from pushitemnew where type=?) , key = batch
06-24 15:39:55.638 D/AirPushDBHelper(31220): selection = type=? and index_=(select max(index_) from pushitemnew where type=?) , key = skipTarget
06-24 15:39:55.638 D/AirPushDBHelper(31220): selection = type=? and index_=(select max(index_) from pushitemnew where type=?) , key = thirdApp
06-24 15:39:55.638 D/PushItem(31220): indexJson = {}
06-24 15:39:55.638 D/AirPushService(31220): dataJson = {}
06-24 15:39:55.638 V/AirPushService(31220): ver :e30%3D%0A
06-24 15:39:55.639 D/VersionManager(31220): httpsRequest getURL = https://mto.multiopen.cn/pushmess.php?ver=466&mainver=231200&data=e30%3D%0A&wxCode=1321&subchid=1&sdkV=8.0.0&pkg=com.excelliance.dualaid&chid=10019&issl=1&compver=54302&wxVerName=6.6.7&vn=4.0.6&model=stf-al10&api=26&brand=honor&aid=f0c2426fc7560cf5
06-24 15:39:55.639 D/NetworkSecurityConfig(31220): No Network Security Config specified, using platform default
06-24 15:39:55.642 W/libc    (  493): Set property "hw.wifi.dns_stat" to "32564,28123,5028,1,52430"
06-24 15:39:55.674 D/GameUtil(31220): getSDKDataParam totalmem:5.60GB
06-24 15:39:55.682 I/zygote  (31190): Do partial code cache collection, code=27KB, data=27KB
06-24 15:39:55.682 I/zygote  (31190): After code cache collection, code=27KB, data=27KB
06-24 15:39:55.682 I/zygote  (31190): Increasing code cache capacity to 128KB
06-24 15:39:55.687 W/X509TrustManager(31220): checkServerTrusted: SignatureException:null
06-24 15:39:55.687 W/X509TrustManager(31220): checkServerTrusted: SignatureException:error:04000073:RSA routines:OPENSSL_internal:DATA_TOO_LARGE_FOR_MODULUS
06-24 15:39:55.691 D/VersionManager(31220): httpsRequest getURL = https://folder.appota.cn/genuser.php?chid=10019&subchid=1&vc=466&type=4&data=tbCbI6ooWmOSi%2BhP8At3K55rUDjOXjUCTTE1Q7OqeVGzpiL1Dx8z2UKsv%2F2w066OKzL65VOc%2FHNVNculXvpkfbOlpWKAPUf5ryVSFynVNa8UucDwm5e36rJ6e2Kpu%2B5ykc4DARTfkZV4Ad5N96d4%2BjApQCWZuWchybogtHpbAp5JGb2oE4RYpIUqF8au1pxTSmwBdD5PozvBfX2%2Bj4RIW8u13M8ksM63bQoy2eR4WdDx%2BqZexoey63Hms3xqJyQkd3PFvljbOMDFV5%2BIsI0F%2B0cTu0Poz37kp440m4BdEnDxUpl%2F2SWQiyGENywr4rII2GFixGV6F3FTP2B6Iz%2Bp9XPgTT1Q8jOobYd0%2B7qf7bpZ2AyYZuCae%2FN%2FDrbd9ARIKpXrBwZ7SdplMO1nzphjQUqGRQMAlrO9Oa0Du6EV17%2FgN7YtgBzuJRHbP0GgVSdnIEYbOUnjg9adLEk2nhpRcwGYdX7bJ5%2FC%2FGVy8QMvFO%2FVJ5uAYH82VV6bvSarVkuFeotJT4yadRHbDkYGgVZfCDPVS%2FOPcQttSZtkoN3AjIdEC3B%2BjPtytpdTQYFvI9Ol&issl=1
06-24 15:39:55.720 D/PMS1000 (  657): package:com.excelliance.dualaid, input flags:1024, output hwFlags:0
06-24 15:39:55.721 I/ActivityManager(  657): Need to start process com.excelliance.dualaid:lbcore for provider ContentProviderInfo{name=com.excelliance.dualaid:com.excelliance.kxqp.platform.PluginManagerProvider className=com.excelliance.kxqp.platform.PluginManagerProvider}, callerApp: ProcessRecord{83a62c4 31220:com.excelliance.dualaid/u0a1422}
06-24 15:39:55.721 V/ActivityManager(  657): startProcess: name=com.excelliance.dualaid:lbcore app=null knownToBeDead=false thread=null pid=-1
06-24 15:39:55.721 D/PMS1000 (  657): package:com.excelliance.dualaid, input flags:0, output hwFlags:0
06-24 15:39:55.725 W/X509TrustManager(31220): checkServerTrusted: SignatureException:null
06-24 15:39:55.726 W/X509TrustManager(31220): checkServerTrusted: SignatureException:error:04000073:RSA routines:OPENSSL_internal:DATA_TOO_LARGE_FOR_MODULUS
06-24 15:39:55.728 D/AirPushService(31220): result = {"period":"r","vip":{"index_":"","data":""},"update":{"index_":"","data":""},"officalActivity":{"index_":"","data":""},"news":{"index_":"","data":""},"target":{"index_":"","data":""},"batch":{"index_":"","data":""},"skipTarget":{"index_":"","data":""},"thirdApp":{"index_":"","data":""}}
06-24 15:39:55.728 D/AirPushService(31220): handleCheckerSaveToDB
06-24 15:39:55.728 D/AirPushUtils(31220): startDbOver
06-24 15:39:55.731 I/ActivityManager(  657): Start proc 31334:com.excelliance.dualaid:lbcore/u0a1422 for content provider com.excelliance.dualaid/com.excelliance.kxqp.platform.PluginManagerProvider
06-24 15:39:55.731 V/ActivityManager_MU(  657): Waiting to start provider ContentProviderRecord{97a9e51 u0 com.excelliance.dualaid/com.excelliance.kxqp.platform.PluginManagerProvider} launchingApp=ProcessRecord{fb57778 31334:com.excelliance.dualaid:lbcore/u0a1422} caller pid= 31220
06-24 15:39:55.732 I/        (31334): power log dlsym ok
06-24 15:39:55.734 I/zygote  (31334): Reinit property: dalvik.vm.checkjni= false
06-24 15:39:55.735 D/SmtServService(31220): db write over
06-24 15:39:55.736 D/SmtServService(31220): gameCenterFirstStart = true
06-24 15:39:55.741 D/ActivityThread(31334): ActivityThread,attachApplication
06-24 15:39:55.742 D/ActivityManager(  657): ActivityManagerService,attachApplication,callingPid = 31334
06-24 15:39:55.746 W//system/bin/hwservicemanager(  416): Cannot open /odm/manifest.xml
06-24 15:39:55.759 D/HwFLClassLoader(31334): get used feature list :/feature/used-list failed!
06-24 15:39:55.759 D/HwFLClassLoader(31334): USE_FEATURE_LIST had not init! 
06-24 15:39:55.763 W//system/bin/hwservicemanager(  416): Cannot open /odm/manifest.xml
06-24 15:39:55.765 I/GRALLOC (  679): 	 shrFd=10,fmt=0x1,intFmt=0x1,btStrd=256,size=4096,pid=679 
06-24 15:39:55.765 I/GRALLOC (  679): 	 yuv=2,w=16,h=16,Stride u=0 v=0,offset u=0 v=0 
06-24 15:39:55.765 I/GRALLOC (  679): 	 iova_size=4096,conUsg=0x100,proUsg=0x100,	 strd=64,[afbc]HdrStrd=0 PyldStrd=0 Scrmbl=0,ionhnd = 1 
06-24 15:39:55.777 D/PMS11422(  657): package:com.excelliance.dualaid, input flags:128, output hwFlags:0
06-24 15:39:55.799 D/VersionManager(31220): uid=353
06-24 15:39:55.820 D/launch-time-RU(31334): preload 24 classes cost 15ms
06-24 15:39:55.855 D/ActivityThread(31334): Loading provider com.excelliance.dualaid:com.excelliance.kxqp.platform.PluginManagerProvider: com.excelliance.kxqp.platform.PluginManagerProvider
06-24 15:39:55.855 D/PMS11422(  657): package:com.excelliance.dualaid, input flags:0, output hwFlags:0
06-24 15:39:55.865 D/PMS1000 (  657): package:com.excelliance.dualaid, input flags:8192, output hwFlags:0
06-24 15:39:55.867 D/PMS1001 (  657): package:com.excelliance.dualaid, input flags:0, output hwFlags:0
06-24 15:39:55.871 D/PMS11422(  657): package:com.excelliance.dualaid, input flags:0, output hwFlags:0
06-24 15:39:55.873 D/PMS11422(  657): package:com.excelliance.dualaid:lbcore, input flags:0, output is null
06-24 15:39:55.874 I/Bluetooth_framework(  657): BluetoothManagerService:Added callback: android.bluetooth.IBluetoothManagerCallback$Stub$Proxy@4869324:true pid = 31334
06-24 15:39:55.877 D/PMS11422(  657): package:com.excelliance.dualaid, input flags:128, output hwFlags:0
06-24 15:39:55.890 I/LBVMD-LBPMS(31334): LBVMRT: version 54302:543.02
06-24 15:39:55.892 E/zygote  (31334): Invalid capacity given to EnsureLocalCapacity: 800
06-24 15:39:55.902 I/HwCust  (31334): Constructor found for class android.net.HwCustConnectivityManagerImpl
06-24 15:39:55.902 D/HwCust  (31334): Create obj success use class android.net.HwCustConnectivityManagerImpl
06-24 15:39:55.909 D/PMS11422(  657): package:com.excelliance.dualaid, input flags:0, output hwFlags:0
06-24 15:39:55.920 V/HwWidgetFactory(31334): : successes to get AllImpl object and return....
06-24 15:39:55.921 I/chatty  (  657): uid=1000(system) Binder:657_F identical 1 line
06-24 15:39:55.921 D/PMS11422(  657): package:com.excelliance.dualaid, input flags:0, output hwFlags:0
06-24 15:39:55.923 V/ActivityManager(  657): Successfully start provider ContentProviderRecord{97a9e51 u0 com.excelliance.dualaid/com.excelliance.kxqp.platform.PluginManagerProvider} launchingApp=ProcessRecord{fb57778 31334:com.excelliance.dualaid:lbcore/u0a1422} caller pid= 31220
06-24 15:39:55.923 E/MemoryLeakMonitorManager(31334): MemoryLeakMonitor.jar is not exist!
06-24 15:39:55.924 D/KXQPApplication(31334): run: initUserManager
06-24 15:39:55.924 E/MemoryLeakMonitorManager(31334): MemoryLeakMonitor.jar is not exist!
06-24 15:39:55.926 E/Minikin (31334): Could not get cmap table size!
06-24 15:39:55.926 E/MemoryLeakMonitorManager(31220): MemoryLeakMonitor.jar is not exist!
06-24 15:39:55.926 D/PMS11422(  657): package:com.excelliance.dualaid, input flags:128, output hwFlags:0
06-24 15:39:55.927 D/SmtServService(31220): MSG_LOAD_PLT after msg.obj
06-24 15:39:55.929 V/ActivityManager(  657): Attempted to start a foreground service (ComponentInfo{com.excelliance.dualaid/com.excelliance.kxqp.platform.TrampolineService}) with a broken notification (no icon: Notification(channel=null pri=0 contentView=null vibrate=null sound=null defaults=0x0 flags=0x40 color=0x00000000 vis=PRIVATE))
06-24 15:39:55.932 W/PackageParser(31334): No actions in intent filter at /data/app/com.huawei.hwid-Sc7ADDdoDYIYREll7tj_iw==/base.apk Binary XML file line #1412
06-24 15:39:55.932 E/zygote  (31334): Invalid capacity given to EnsureLocalCapacity: 592
06-24 15:39:55.934 W/PackageParser(31334): No actions in intent filter at /data/app/com.huawei.hwid-Sc7ADDdoDYIYREll7tj_iw==/base.apk Binary XML file line #1680
06-24 15:39:55.934 W/PackageParser(31334): No actions in intent filter at /data/app/com.huawei.hwid-Sc7ADDdoDYIYREll7tj_iw==/base.apk Binary XML file line #1694
06-24 15:39:55.952 D/HwNotificationManagerService(  657): recognize: tag=null, id=268435456, user=UserHandle{0}, pkg=com.excelliance.dualaid, uid=11422, callingPid=31334
06-24 15:39:55.952 D/PMS1000 (  657): package:com.excelliance.dualaid, input flags:0, output hwFlags:0
06-24 15:39:55.954 I/[HwRecSys]HwRecSysAidlService( 2647): doNotificationCollect -> current num:1
06-24 15:39:55.954 I/[HwRecSys]-Notification-NotificationUpdateController( 2647): startNotificationUpdate start!
06-24 15:39:55.954 W/SettingsEx( 2647): SettingsEx.Systemex.getInt deprecated use Settings.System.getInt instead ;callers=com.huawei.recsys.util.SystemUtil.getNotificationUpdateMode:169 com.huawei.recsys.util.SystemUtil.isAllowUpdate:104 com.huawei.recsys.controller.notification.http.NotificationUpdateController.startNotificationUpdate:85 
06-24 15:39:55.954 I/[HwRecSys]SystemUtil( 2647): isAllowUpdate mode:1
06-24 15:39:55.955 I/[HwRecSys]SystemUtil( 2647): isAllowUpdate isAllowUpdate:true
06-24 15:39:55.955 I/[HwRecSys]-Notification-NotificationUpdateController( 2647):  -> currentYear:2018
06-24 15:39:55.955 I/[HwRecSys]-Notification-NotificationUpdateController( 2647):  -> currentMonth:5
06-24 15:39:55.955 I/[HwRecSys]-Notification-NotificationUpdateController( 2647):  -> currentDay:24
06-24 15:39:55.955 I/[HwRecSys]-Notification-NotificationUpdateController( 2647):  -> oldYear:2018
06-24 15:39:55.955 I/[HwRecSys]-Notification-NotificationUpdateController( 2647):  -> oldMonth:5
06-24 15:39:55.955 I/[HwRecSys]-Notification-NotificationUpdateController( 2647):  -> oldDay:24
06-24 15:39:55.955 E/[HwRecSys]-Notification-NotificationUpdateController( 2647): startNotificationUpdate time is valid no need request
06-24 15:39:55.955 I/[HwRecSys]-Notification-NotificationController( 2647): doNotificationCollect start!
06-24 15:39:55.955 E/[HwRecSys]-Notification-NotificationController( 2647): HwDefaultLabels returnStr:107
06-24 15:39:55.955 E/[HwRecSys]-Notification-NotificationController( 2647): getChinese paramValue is null!
06-24 15:39:55.956 E/[HwRecSys]-Notification-NotificationController( 2647): doNotificationCollect getLabelByRegRules label:107
06-24 15:39:55.957 I/[HwRecSys]HwRecSysAidlService( 2647): doNotificationCollect ->  finally remote Num - 1 !
06-24 15:39:55.957 I/HwNotificationManagerService(  657): doNotificationCollect: pkg=com.excelliance.dualaid, uid=11422, hw_type=107, hw_btw=true
06-24 15:39:55.957 D/PMS1000 (  657): package:com.excelliance.dualaid, input flags:268435456, output hwFlags:0
06-24 15:39:55.957 D/PMS1000 (  657): package:com.excelliance.dualaid, input flags:0, output hwFlags:0
06-24 15:39:55.957 W/NotificationRecord(  657): Use default channel, The importance is:2
06-24 15:39:55.957 D/HwArpVerifier(  657): performPollAndLog:
06-24 15:39:55.958 V/ActivityManager(  657): Attempted to start a foreground service (ComponentInfo{com.excelliance.dualaid/com.excelliance.kxqp.platform.TrampolineService$EmptyService}) with a broken notification (no icon: Notification(channel=null pri=0 contentView=null vibrate=null sound=null defaults=0x0 flags=0x40 color=0x00000000 vis=PRIVATE))
06-24 15:39:55.959 D/HwNotificationManagerService(  657): recognize: tag=null, id=268435456, user=UserHandle{0}, pkg=com.excelliance.dualaid, uid=11422, callingPid=31334
06-24 15:39:55.959 D/PMS1000 (  657): package:com.excelliance.dualaid, input flags:0, output hwFlags:0
06-24 15:39:55.960 I/[HwRecSys]HwRecSysAidlService( 2647): doNotificationCollect -> current num:1
06-24 15:39:55.960 I/[HwRecSys]-Notification-NotificationUpdateController( 2647): startNotificationUpdate start!
06-24 15:39:55.960 W/SettingsEx( 2647): SettingsEx.Systemex.getInt deprecated use Settings.System.getInt instead ;callers=com.huawei.recsys.util.SystemUtil.getNotificationUpdateMode:169 com.huawei.recsys.util.SystemUtil.isAllowUpdate:104 com.huawei.recsys.controller.notification.http.NotificationUpdateController.startNotificationUpdate:85 
06-24 15:39:55.960 I/[HwRecSys]SystemUtil( 2647): isAllowUpdate mode:1
06-24 15:39:55.960 I/[HwRecSys]SystemUtil( 2647): isAllowUpdate isAllowUpdate:true
06-24 15:39:55.960 I/[HwRecSys]-Notification-NotificationUpdateController( 2647):  -> currentYear:2018
06-24 15:39:55.960 I/[HwRecSys]-Notification-NotificationUpdateController( 2647):  -> currentMonth:5
06-24 15:39:55.960 I/[HwRecSys]-Notification-NotificationUpdateController( 2647):  -> currentDay:24
06-24 15:39:55.960 I/[HwRecSys]-Notification-NotificationUpdateController( 2647):  -> oldYear:2018
06-24 15:39:55.960 I/[HwRecSys]-Notification-NotificationUpdateController( 2647):  -> oldMonth:5
06-24 15:39:55.960 I/[HwRecSys]-Notification-NotificationUpdateController( 2647):  -> oldDay:24
06-24 15:39:55.960 E/[HwRecSys]-Notification-NotificationUpdateController( 2647): startNotificationUpdate time is valid no need request
06-24 15:39:55.960 D/hw_netstat(  657): total/12017/4084,com.excelliance.dualaid/11905/4044,unknown:0/112/40
06-24 15:39:55.960 I/[HwRecSys]-Notification-NotificationUpdateController( 2647):  -> oldYear:2018
06-24 15:39:55.960 I/[HwRecSys]-Notification-NotificationUpdateController( 2647):  -> oldMonth:5
06-24 15:39:55.960 I/[HwRecSys]-Notification-NotificationUpdateController( 2647):  -> oldDay:24
06-24 15:39:55.960 E/[HwRecSys]-Notification-NotificationUpdateController( 2647): startNotificationUpdate time is valid no need request
06-24 15:39:55.960 I/[HwRecSys]-Notification-NotificationController( 2647): doNotificationCollect start!
06-24 15:39:55.961 E/[HwRecSys]-Notification-NotificationController( 2647): HwDefaultLabels returnStr:107
06-24 15:39:55.961 E/[HwRecSys]-Notification-NotificationController( 2647): getChinese paramValue is null!
06-24 15:39:55.962 E/[HwRecSys]-Notification-NotificationController( 2647): doNotificationCollect getLabelByRegRules label:107
06-24 15:39:55.962 I/[HwRecSys]HwRecSysAidlService( 2647): doNotificationCollect ->  finally remote Num - 1 !
06-24 15:39:55.962 I/HwNotificationManagerService(  657): doNotificationCollect: pkg=com.excelliance.dualaid, uid=11422, hw_type=107, hw_btw=true
06-24 15:39:55.963 D/PMS1000 (  657): package:com.excelliance.dualaid, input flags:268435456, output hwFlags:0
06-24 15:39:55.963 D/PMS1000 (  657): package:com.excelliance.dualaid, input flags:0, output hwFlags:0
06-24 15:39:55.963 W/NotificationRecord(  657): Use default channel, The importance is:2
06-24 15:39:55.966 D/NotificationService(  657): mGameDndStatus is:false ,isGameDndSwitchOn is:false
06-24 15:39:55.970 I/AppManager( 1699): app:com.excelliance.dualaid Notification update time:108734819
06-24 15:39:55.970 I/AppManager( 1699): app:com.excelliance.dualaid Notification persist:true  Ids:[268435456]
06-24 15:39:55.976 D/NotificationService(  657): mGameDndStatus is:false ,isGameDndSwitchOn is:false
06-24 15:39:55.983 D/PMS10039(  657): package:com.excelliance.dualaid, input flags:1024, output hwFlags:0
06-24 15:39:55.984 D/PMS10039(  657): package:com.android.systemui, input flags:268436480, output hwFlags:0
06-24 15:39:55.985 D/HwCust  ( 1513): Create obj success use class com.android.systemui.statusbar.notification.HwCustNotificationInflaterImpl
06-24 15:39:55.986 I/FakeShadowView( 1513): radius18
06-24 15:39:55.987 D/PMS10039(  657): package:com.excelliance.dualaid, input flags:8704, output hwFlags:0
06-24 15:39:55.987 D/PMS10039(  657): package:com.excelliance.dualaid, input flags:8192, output hwFlags:0
06-24 15:39:55.988 W/HwPhoneLayoutInflater( 1513): onCreateView : ClassNotFoundException, In this case we want to let the base class take a crack at it
06-24 15:39:55.990 I/chatty  ( 1513): uid=10039(u0_a39) com.android.systemui identical 2 lines
06-24 15:39:55.990 W/HwPhoneLayoutInflater( 1513): onCreateView : ClassNotFoundException, In this case we want to let the base class take a crack at it
06-24 15:39:55.990 W/ResourceType( 1513): Failure getting entry for 0x01040255 (t=3 e=597) (error -75)
06-24 15:39:55.992 W/HwPhoneLayoutInflater( 1513): onCreateView : ClassNotFoundException, In this case we want to let the base class take a crack at it
06-24 15:39:55.994 I/chatty  ( 1513): uid=10039(u0_a39) com.android.systemui identical 2 lines
06-24 15:39:55.994 W/HwPhoneLayoutInflater( 1513): onCreateView : ClassNotFoundException, In this case we want to let the base class take a crack at it
06-24 15:39:55.994 W/ResourceType( 1513): Failure getting entry for 0x01040255 (t=3 e=597) (error -75)
06-24 15:39:55.994 W/zygote  (31334): Throwing OutOfMemoryError "EnsureLocalCapacity"
06-24 15:39:55.999 W/HwPhoneLayoutInflater( 1513): onCreateView : ClassNotFoundException, In this case we want to let the base class take a crack at it
06-24 15:39:56.000 I/chatty  ( 1513): uid=10039(u0_a39) com.android.systemui identical 2 lines
06-24 15:39:56.000 W/HwPhoneLayoutInflater( 1513): onCreateView : ClassNotFoundException, In this case we want to let the base class take a crack at it
06-24 15:39:56.001 W/ResourceType( 1513): Failure getting entry for 0x01040255 (t=3 e=597) (error -75)
06-24 15:39:56.003 W/IPMSI   (31334): request permission: com.huawei.permission.sec.MDM.v2
06-24 15:39:56.003 W/IPMSI   (31334): request permission: com.huawei.authentication.HW_ACCESS_AUTH_SERVICE
06-24 15:39:56.003 W/IPMSI   (31334): request permission: com.huawei.appmarket.provider.readPermission
06-24 15:39:56.003 W/IPMSI   (31334): request permission: com.huawei.pushagent.permission.RICHMEDIA_PROVIDER
06-24 15:39:56.004 W/HwPhoneLayoutInflater( 1513): onCreateView : ClassNotFoundException, In this case we want to let the base class take a crack at it
06-24 15:39:56.005 W/HwPhoneLayoutInflater( 1513): onCreateView : ClassNotFoundException, In this case we want to let the base class take a crack at it
06-24 15:39:56.005 I/Pged-IPgedBinderService(  769): ****action is 2, pid num is 6***
06-24 15:39:56.006 I/Pged-Freezer(  769): thawPids
06-24 15:39:56.006 W/HwPhoneLayoutInflater( 1513): onCreateView : ClassNotFoundException, In this case we want to let the base class take a crack at it
06-24 15:39:56.006 W/HwPhoneLayoutInflater( 1513): onCreateView : ClassNotFoundException, In this case we want to let the base class take a crack at it
06-24 15:39:56.007 W/ResourceType( 1513): Failure getting entry for 0x01040255 (t=3 e=597) (error -75)
06-24 15:39:56.009 D/PgedBinderAdapter( 1699): unfrz ok, pid: [29457, 29531, 29347, 27318, 29532]
06-24 15:39:56.009 D/PMS10039(  657): package:com.excelliance.dualaid, input flags:0, output hwFlags:0
06-24 15:39:56.011 I/appium  (29532): channel read invoked!
06-24 15:39:56.011 I/appium  (29532): channel read: GET /wd/hub/session/2d604340-25b7-4bc5-874b-09ac3bd169d8/source
06-24 15:39:56.012 D/HwPhoneStatusBar( 1513): No peeking: not allowed notification: 0|com.excelliance.dualaid|268435456|null|11422
06-24 15:39:56.018 I/PhoneStatusBar( 1513): updateNotificationShade: total=73, active=73
06-24 15:39:56.018 W/PhoneStatusBar( 1513): updateNotificationShade hasFaceDT: false; Detected:false
06-24 15:39:56.021 V/PhoneStatusBar( 1513): mStackScroller size:11,activeCount:73, childCnt:15
06-24 15:39:56.040 D/ReporterUtil( 1513):  e id:344 type:{pkg:com.excelliance.dualaid,hw_type:107,hw_btw:true,onGoing:true,importance:2}
06-24 15:39:56.041 E/BDLog   ( 1686): BD.FilterImpl:com.android.systemui 344 times= 200 over threshold
06-24 15:39:56.041 E/BDLog   ( 1686): BD.FilterImpl:com.android.systemui344 is illLegal
06-24 15:39:56.042 W/HwKeyguardDragHelper( 1513): AnimationBlocked
06-24 15:39:56.051 D/StatusBar( 1513): updateNotification(StatusBarNotification(pkg=com.excelliance.dualaid user=UserHandle{0} id=268435456 tag=null key=0|com.excelliance.dualaid|268435456|null|11422: Notification(channel=null pri=0 contentView=com.excelliance.dualaid/0x1090090 vibrate=null sound=null defaults=0x0 flags=0x62 color=0xff607d8b vis=PRIVATE)))
06-24 15:39:56.055 D/HwPhoneStatusBar( 1513): No peeking: not allowed notification: 0|com.excelliance.dualaid|268435456|null|11422
06-24 15:39:56.055 D/StatusBar( 1513): applyInPlace=true shouldPeek=false alertAgain=true
06-24 15:39:56.055 D/StatusBar( 1513): reusing notification for key: 0|com.excelliance.dualaid|268435456|null|11422
06-24 15:39:56.056 D/PMS10039(  657): package:com.excelliance.dualaid, input flags:8192, output hwFlags:0
06-24 15:39:56.064 I/PhoneStatusBar( 1513): updateNotificationShade: total=73, active=73
06-24 15:39:56.064 W/PhoneStatusBar( 1513): updateNotificationShade hasFaceDT: false; Detected:false
06-24 15:39:56.064 V/PhoneStatusBar( 1513): mStackScroller size:11,activeCount:73, childCnt:15
06-24 15:39:56.067 D/SmtServService(31220): MSG_LOAD_PLT GameUtil.isPtLoaded() = true
06-24 15:39:56.087 W/HwKeyguardDragHelper( 1513): AnimationBlocked
06-24 15:39:56.117 I/zygote64(  657): Background concurrent copying GC freed 339599(22MB) AllocSpace objects, 97(1940KB) LOS objects, 30% free, 55MB/79MB, paused 486us total 182.834ms
06-24 15:39:56.271 E/memtrack(26506): Couldn't load memtrack module
06-24 15:39:56.271 W/android.os.Debug(26506): failed to get memory consumption info: -1
06-24 15:39:56.341 E/memtrack(26506): Couldn't load memtrack module
06-24 15:39:56.341 W/android.os.Debug(26506): failed to get memory consumption info: -1
06-24 15:39:56.977 I/appium  (29532): Skipping invisible child: android.view.accessibility.AccessibilityNodeInfo@9f08; boundsInParent: Rect(0, 0 - 1080, 1920); boundsInScreen: Rect(1080, 0 - 1080, 1920); packageName: com.excelliance.dualaid; className: android.widget.RelativeLayout; text: null; error: null; maxTextLength: -1; contentDescription: null; viewIdResName: null; checkable: false; checked: false; focusable: false; focused: false; selected: false; clickable: false; longClickable: false; contextClickable: false; enabled: true; password: false; scrollable: false; importantForAccessibility: false; actions: [AccessibilityAction: ACTION_SELECT - null, AccessibilityAction: ACTION_CLEAR_SELECTION - null, AccessibilityAction: ACTION_ACCESSIBILITY_FOCUS - null, AccessibilityAction: ACTION_SHOW_ON_SCREEN - null]
06-24 15:39:56.978 I/appium  (29532): Skipping invisible child: android.view.accessibility.AccessibilityNodeInfo@a2c9; boundsInParent: Rect(0, 0 - 1080, 1920); boundsInScreen: Rect(2160, 0 - 1080, 1920); packageName: com.excelliance.dualaid; className: android.widget.RelativeLayout; text: null; error: null; maxTextLength: -1; contentDescription: null; viewIdResName: null; checkable: false; checked: false; focusable: false; focused: false; selected: false; clickable: false; longClickable: false; contextClickable: false; enabled: true; password: false; scrollable: false; importantForAccessibility: false; actions: [AccessibilityAction: ACTION_SELECT - null, AccessibilityAction: ACTION_CLEAR_SELECTION - null, AccessibilityAction: ACTION_ACCESSIBILITY_FOCUS - null, AccessibilityAction: ACTION_SHOW_ON_SCREEN - null]
06-24 15:39:56.978 I/appium  (29532): Fetch time: 9ms
