06-24 17:08:26.734 V/WindowManager(  657): removeAppToken: AppWindowToken{86b1010 token=Token{203acd3 ActivityRecord{60b86c2 u0 com.excelliance.dualaid/com.excelliance.kxqp.ui.HelloActivity t16077}}} delayed=false Callers=com.android.server.wm.DisplayContent.removeAppToken:985 com.android.server.wm.AppWindowContainerController.removeContainer:348 com.android.server.am.ActivityRecord.removeWindowContainer:1039 com.android.server.am.ActivityStack.removeActivityFromHistoryLocked:4491 
06-24 17:08:26.758 E/WifiHAL (  706): enter wifi_get_link_stats
06-24 17:08:26.766 E/wificond(  765): Failed to get NL80211_STA_INFO_CNAHLOAD
06-24 17:08:26.767 E/WificondControl(  657): Noise: -90, Snr: 0, Chload: -1
06-24 17:08:26.767 D/HwWifiCHRStateManager(  657): handleMessage : 1001
06-24 17:08:26.767 D/HwWifiCHRStateManager(  657): handleUpdateChannel:5805
06-24 17:08:26.767 V/HwWifiServiceFactory(  657): get AllImpl object = com.android.server.wifi.HwWifiServiceFactoryImpl@a390a53
06-24 17:08:26.768 D/WifiScoreReport(  657): Score = 100, wifiConnectivityManagerEnabled = false, lowScoreCount = 0
06-24 17:08:26.933 I/HwNormalizedSpline(  657): getEyeProtectionBrightnessLevel lux =239.0, mDefaultBrightnessFromLux =68.645
06-24 17:08:27.014 I/dex2oat (11074): dex2oat took 404.145ms (982.695ms cpu) (threads: 4) arena alloc=217KB (223208B) java alloc=2MB (3143720B) native alloc=4MB (4689824B) free=2MB (2650208B)
06-24 17:08:27.029 D/PMS11425(  657): package:com.excelliance.dualaid, input flags:128, output hwFlags:0
06-24 17:08:27.068 W/dex2oat (11094): Using default instruction set features for ARM CPU variant (default) using conservative defaults
06-24 17:08:27.069 I/dex2oat (11094): /system/bin/dex2oat -j4 --dex-file=/data/data/com.excelliance.dualaid/.platformcache/kxqpplatform2.jar --output-vdex-fd=46 --oat-fd=48 --oat-location=/data/data/com.excelliance.dualaid/.platformcache/oat/arm/kxqpplatform2.odex --compiler-filter=quicken
06-24 17:08:27.069 I/cutils-trace(11094): atrace_init_once, trace_marker_path = /sys/kernel/debug/tracing/trace_marker
06-24 17:08:27.185 I/GRALLOC (  679): 	 shrFd=10,fmt=0x1,intFmt=0x200000001,btStrd=4352,size=8486912,pid=679 
06-24 17:08:27.185 I/GRALLOC (  679): 	 yuv=2,w=1080,h=1920,Stride u=0 v=0,offset u=0 v=0 
06-24 17:08:27.185 I/GRALLOC (  679): 	 iova_size=8486912,conUsg=0xb00,proUsg=0xb00,	 strd=1088,[afbc]HdrStrd=1088 PyldStrd=69632 Scrmbl=2,ionhnd = 1 
06-24 17:08:27.236 I/GRALLOC (  679): 	 shrFd=10,fmt=0x1,intFmt=0x200000001,btStrd=4352,size=8486912,pid=679 
06-24 17:08:27.236 I/GRALLOC (  679): 	 yuv=2,w=1080,h=1920,Stride u=0 v=0,offset u=0 v=0 
06-24 17:08:27.236 I/GRALLOC (  679): 	 iova_size=8486912,conUsg=0xb00,proUsg=0xb00,	 strd=1088,[afbc]HdrStrd=1088 PyldStrd=69632 Scrmbl=2,ionhnd = 1 
06-24 17:08:27.275 I/dex2oat (11094): dex2oat took 206.419ms (436.770ms cpu) (threads: 4) arena alloc=62KB (63816B) java alloc=2MB (2299856B) native alloc=2MB (2310440B) free=2MB (2932440B)
06-24 17:08:27.287 D/PMS11425(  657): package:com.excelliance.dualaid, input flags:0, output hwFlags:0
06-24 17:08:27.295 E/MemoryLeakMonitorManager(11051): MemoryLeakMonitor.jar is not exist!
06-24 17:08:27.295 D/CrashHandler(11051): CrashHandler
06-24 17:08:27.297 E/Minikin (11051): Could not get cmap table size!
06-24 17:08:27.297 D/PMS11425(  657): package:com.excelliance.dualaid, input flags:128, output hwFlags:0
06-24 17:08:27.306 D/AirPushService(11051): 
06-24 17:08:27.307 D/SmtServService(11051): MSG_LOAD_PLT GameUtil.isPtLoaded() = false
06-24 17:08:27.308 I/HwCust  (11051): Constructor found for class android.net.HwCustConnectivityManagerImpl
06-24 17:08:27.308 D/HwCust  (11051): Create obj success use class android.net.HwCustConnectivityManagerImpl
06-24 17:08:27.311 D/NetworkStateReceiver(11051): netWorkConnected = true
06-24 17:08:27.311 D/AirPushUtils(11051): startPushInfo
06-24 17:08:27.313 D/AirPushService(11051): Alarm
06-24 17:08:27.313 D/AirPushService(11051): resetPushAlarm
06-24 17:08:27.315 D/SmtServService(11051): pull info
06-24 17:08:27.315 D/SmtServService(11051): diffTime = 1529831307315
06-24 17:08:27.315 D/SmtServService(11051): pushInfoFromServer
06-24 17:08:27.318 D/AirPushPreferences(11051): setLastPushTime
06-24 17:08:27.320 D/PMS1000 (  657): package:com.excelliance.dualaid, input flags:8192, output hwFlags:0
06-24 17:08:27.320 D/PMS1000 (  657): package:com.excelliance.dualaid, input flags:8192, output hwFlags:0
06-24 17:08:27.322 D/PMS1001 (  657): package:com.excelliance.dualaid, input flags:0, output hwFlags:0
06-24 17:08:27.324 D/PMS11425(  657): package:com.excelliance.dualaid, input flags:0, output hwFlags:0
06-24 17:08:27.335 D/PMS11425(  657): package:com.excelliance.dualaid, input flags:128, output hwFlags:0
06-24 17:08:27.337 D/launch-time-RU(11051): preload 24 classes cost 24ms
06-24 17:08:27.351 D/StatisticsManager(11051): Query time diff:1529831307351
06-24 17:08:27.368 D/StatisticsManager(11051): Query time diff:1529831307368
06-24 17:08:27.371 D/PMS11425(  657): package:com.excelliance.dualaid, input flags:128, output hwFlags:0
06-24 17:08:27.374 D/StatisticsManager(11051): Query time diff:1529831307374
06-24 17:08:27.385 D/AirPushDBHelper(11051): onCreate: pushitemnew
06-24 17:08:27.388 D/AirPushDBHelper(11051): selection = type=? and index_=(select max(index_) from pushitemnew where type=?) , key = vip
06-24 17:08:27.389 D/AirPushDBHelper(11051): selection = type=? and index_=(select max(index_) from pushitemnew where type=?) , key = update
06-24 17:08:27.390 D/AirPushDBHelper(11051): selection = type=? and index_=(select max(index_) from pushitemnew where type=?) , key = officalActivity
06-24 17:08:27.390 D/AirPushDBHelper(11051): selection = type=? and index_=(select max(index_) from pushitemnew where type=?) , key = news
06-24 17:08:27.391 D/AirPushDBHelper(11051): selection = type=? and index_=(select max(index_) from pushitemnew where type=?) , key = target
06-24 17:08:27.392 D/AirPushDBHelper(11051): selection = type=? and index_=(select max(index_) from pushitemnew where type=?) , key = batch
06-24 17:08:27.392 D/AirPushDBHelper(11051): selection = type=? and index_=(select max(index_) from pushitemnew where type=?) , key = skipTarget
06-24 17:08:27.393 D/AirPushDBHelper(11051): selection = type=? and index_=(select max(index_) from pushitemnew where type=?) , key = thirdApp
06-24 17:08:27.394 D/PushItem(11051): indexJson = {}
06-24 17:08:27.394 D/AirPushService(11051): dataJson = {}
06-24 17:08:27.394 V/AirPushService(11051): ver :e30%3D%0A
06-24 17:08:27.395 D/VersionManager(11051): httpsRequest getURL = https://mto.multiopen.cn/pushmess.php?ver=466&mainver=231200&data=e30%3D%0A&wxCode=1321&subchid=1&sdkV=8.0.0&pkg=com.excelliance.dualaid&chid=10019&issl=1&compver=54302&wxVerName=6.6.7&vn=4.0.6&model=stf-al10&api=26&brand=honor&aid=f0c2426fc7560cf5
06-24 17:08:27.395 D/NetworkSecurityConfig(11051): No Network Security Config specified, using platform default
06-24 17:08:27.418 D/GameUtil(11051): getSDKDataParam totalmem:5.60GB
06-24 17:08:27.419 D/VersionManager(11051): httpsRequest getURL = https://folder.appota.cn/genuser.php?chid=10019&subchid=1&vc=466&type=4&data=tbCbI6ooWmOSi%2BhP8At3K55rUDjOXjUCTTE1Q7OqeVGzpiL1Dx8z2UKsv%2F2w066OKzL65VOc%2FHNVNculXvpkfbOlpWKAPUf5ryVSFynVNa8UucDwm5e36rJ6e2Kpu%2B5ykc4DARTfkZV4Ad5N96d4%2BjApQCWZuWchybogtHpbAp5JGb2oE4RYpIUqF8au1pxTSmwBdD5PozvBfX2%2Bj4RIW8u13M8ksM63bQoy2eR4WdDx%2BqZexoey63Hms3xqJyQkd3PFvljbOMDFV5%2BIsI0F%2B0cTu0Poz37kp440m4BdEnDxUpl%2F2SWQiyGENywr4rII2GFixGV6F3FTP2B6Iz%2Bp9XPgTT1Q8jOobYd0%2B7qf7bpZ2AyYZuCae%2FN%2FDrbd9ARIKpXrBwZ7SdplMO1nzphjQUqGRQMAlrO9Oa0Du6EV17%2FgN7YtgBzuJRHbP0GgVSdnIEYbOUnjg9adLEk2nhpRcwGYdX7bJ5%2FC%2FGVy8QMvFO%2FVJ5uAYH82VV6bvSarVkuFeotJT4yadRHbDkYGgVZfCDPVS%2FOPcQttSZtkoN3AjIdEC3B%2BjPtytpdTQYFvI9Ol&issl=1
06-24 17:08:27.435 W/libc    (  951): Set property "ril.hw_modem0.rssi" to "-74"
06-24 17:08:27.437 W/X509TrustManager(11051): checkServerTrusted: SignatureException:null
06-24 17:08:27.437 W/X509TrustManager(11051): checkServerTrusted: SignatureException:error:04000073:RSA routines:OPENSSL_internal:DATA_TOO_LARGE_FOR_MODULUS
06-24 17:08:27.460 D/NetWorkUtils( 1513): mVSimCurCardType is -1
06-24 17:08:27.462 D/NetWorkUtils( 1513): mVSimCurCardType is -1
06-24 17:08:27.466 W/X509TrustManager(11051): checkServerTrusted: SignatureException:null
06-24 17:08:27.466 W/X509TrustManager(11051): checkServerTrusted: SignatureException:error:04000073:RSA routines:OPENSSL_internal:DATA_TOO_LARGE_FOR_MODULUS
06-24 17:08:27.483 D/AirPushService(11051): result = {"period":"r","vip":{"index_":"","data":""},"update":{"index_":"","data":""},"officalActivity":{"index_":"","data":""},"news":{"index_":"","data":""},"target":{"index_":"","data":""},"batch":{"index_":"","data":""},"skipTarget":{"index_":"","data":""},"thirdApp":{"index_":"","data":""}}
06-24 17:08:27.484 D/AirPushService(11051): handleCheckerSaveToDB
06-24 17:08:27.484 D/AirPushUtils(11051): startDbOver
06-24 17:08:27.489 D/SmtServService(11051): db write over
06-24 17:08:27.490 D/SmtServService(11051): gameCenterFirstStart = true
06-24 17:08:27.496 D/PMS1000 (  657): package:com.excelliance.dualaid, input flags:1024, output hwFlags:0
06-24 17:08:27.496 I/ActivityManager(  657): Need to start process com.excelliance.dualaid:lbcore for provider ContentProviderInfo{name=com.excelliance.dualaid:com.excelliance.kxqp.platform.PluginManagerProvider className=com.excelliance.kxqp.platform.PluginManagerProvider}, callerApp: ProcessRecord{25b6e41 11051:com.excelliance.dualaid/u0a1425}
06-24 17:08:27.496 V/ActivityManager(  657): startProcess: name=com.excelliance.dualaid:lbcore app=null knownToBeDead=false thread=null pid=-1
06-24 17:08:27.496 D/PMS1000 (  657): package:com.excelliance.dualaid, input flags:0, output hwFlags:0
06-24 17:08:27.505 I/ActivityManager(  657): Start proc 11133:com.excelliance.dualaid:lbcore/u0a1425 for content provider com.excelliance.dualaid/com.excelliance.kxqp.platform.PluginManagerProvider
06-24 17:08:27.505 V/ActivityManager_MU(  657): Waiting to start provider ContentProviderRecord{ea3e99c u0 com.excelliance.dualaid/com.excelliance.kxqp.platform.PluginManagerProvider} launchingApp=ProcessRecord{451050f 11133:com.excelliance.dualaid:lbcore/u0a1425} caller pid= 11051
06-24 17:08:27.506 I/        (11133): power log dlsym ok
06-24 17:08:27.507 I/zygote  (11133): Reinit property: dalvik.vm.checkjni= false
06-24 17:08:27.510 I/zygote  (11024): Do partial code cache collection, code=27KB, data=27KB
06-24 17:08:27.510 I/zygote  (11024): After code cache collection, code=27KB, data=27KB
06-24 17:08:27.511 I/zygote  (11024): Increasing code cache capacity to 128KB
06-24 17:08:27.513 D/ActivityThread(11133): ActivityThread,attachApplication
06-24 17:08:27.513 D/ActivityManager(  657): ActivityManagerService,attachApplication,callingPid = 11133
06-24 17:08:27.521 W//system/bin/hwservicemanager(  416): Cannot open /odm/manifest.xml
06-24 17:08:27.528 D/VersionManager(11051): uid=353
06-24 17:08:27.539 W//system/bin/hwservicemanager(  416): Cannot open /odm/manifest.xml
06-24 17:08:27.540 I/GRALLOC (  679): 	 shrFd=10,fmt=0x1,intFmt=0x1,btStrd=256,size=4096,pid=679 
06-24 17:08:27.540 I/GRALLOC (  679): 	 yuv=2,w=16,h=16,Stride u=0 v=0,offset u=0 v=0 
06-24 17:08:27.540 I/GRALLOC (  679): 	 iova_size=4096,conUsg=0x100,proUsg=0x100,	 strd=64,[afbc]HdrStrd=0 PyldStrd=0 Scrmbl=0,ionhnd = 1 
06-24 17:08:27.541 D/HwArpVerifier(  657): performPollAndLog:
06-24 17:08:27.541 D/HwFLClassLoader(11133): get used feature list :/feature/used-list failed!
06-24 17:08:27.541 D/HwFLClassLoader(11133): USE_FEATURE_LIST had not init! 
06-24 17:08:27.543 D/hw_netstat(  657): total/12046/3744,com.excelliance.dualaid/11905/3684,unknown:0/141/0,com.android.vending/0/60
06-24 17:08:27.549 I/MQoS    (  657): onSignal: mSubId=0,currDataSubID=0
06-24 17:08:27.550 I/MQoS    (  657): received cell-signal:5
06-24 17:08:27.551 D/SmartcareProc(  657): onSignalStrengthsChanged: signalStrength is: SignalStrength: 0 1955964583 0 255 0 0 32767 -1 32767 -1 -74 -4 13 -1 0 -1 false gw|lte , on sub: 0
06-24 17:08:27.551 D/SmartcareProc(  657): SignalStrength update result, ss: SignalStrengthInfo:8749149 mGsmSignalStrength: -1 mWcdmaRscp: -1 mWcdmaEcio: 255 mLteRsrp: -74 mLteRsrq: -4 mCdmaDbm: -1 mCdmaEcio: -1 mEvdoDbm: 32767mEvdoEcio: -1mLteRssnr: 13
06-24 17:08:27.551 I/zygote64(  657): Background concurrent copying GC freed 308254(21MB) AllocSpace objects, 74(1480KB) LOS objects, 31% free, 52MB/76MB, paused 517us total 172.625ms
06-24 17:08:27.552 I/HwMobileSignalController(0)( 1513): subId:0 phoneType:1 networktype:13 targetClass:3 masterLevel:5 slaveLevel:-1
06-24 17:08:27.556 D/PMS11425(  657): package:com.excelliance.dualaid, input flags:128, output hwFlags:0
06-24 17:08:27.595 D/launch-time-RU(11133): preload 24 classes cost 17ms
06-24 17:08:27.626 D/ActivityThread(11133): Loading provider com.excelliance.dualaid:com.excelliance.kxqp.platform.PluginManagerProvider: com.excelliance.kxqp.platform.PluginManagerProvider
06-24 17:08:27.626 D/PMS11425(  657): package:com.excelliance.dualaid, input flags:0, output hwFlags:0
06-24 17:08:27.637 D/PMS1000 (  657): package:com.excelliance.dualaid, input flags:8192, output hwFlags:0
06-24 17:08:27.639 D/PMS1001 (  657): package:com.excelliance.dualaid, input flags:0, output hwFlags:0
06-24 17:08:27.643 D/PMS11425(  657): package:com.excelliance.dualaid, input flags:0, output hwFlags:0
06-24 17:08:27.645 D/PMS11425(  657): package:com.excelliance.dualaid:lbcore, input flags:0, output is null
06-24 17:08:27.646 I/Bluetooth_framework(  657): BluetoothManagerService:Added callback: android.bluetooth.IBluetoothManagerCallback$Stub$Proxy@1a2e32b:true pid = 11133
06-24 17:08:27.648 D/PMS11425(  657): package:com.excelliance.dualaid, input flags:128, output hwFlags:0
06-24 17:08:27.663 I/LBVMD-LBPMS(11133): LBVMRT: version 54302:543.02
06-24 17:08:27.664 E/zygote  (11133): Invalid capacity given to EnsureLocalCapacity: 800
06-24 17:08:27.682 I/HwCust  (11133): Constructor found for class android.net.HwCustConnectivityManagerImpl
06-24 17:08:27.683 D/HwCust  (11133): Create obj success use class android.net.HwCustConnectivityManagerImpl
06-24 17:08:27.688 D/PMS11425(  657): package:com.excelliance.dualaid, input flags:0, output hwFlags:0
06-24 17:08:27.694 V/HwWidgetFactory(11133): : successes to get AllImpl object and return....
06-24 17:08:27.700 D/PMS11425(  657): package:com.excelliance.dualaid, input flags:0, output hwFlags:0
06-24 17:08:27.702 E/MemoryLeakMonitorManager(11133): MemoryLeakMonitor.jar is not exist!
06-24 17:08:27.700 D/PMS11425(  657): package:com.excelliance.dualaid, input flags:0, output hwFlags:0
06-24 17:08:27.702 W/PackageParser(11133): No actions in intent filter at /data/app/com.huawei.hwid-Sc7ADDdoDYIYREll7tj_iw==/base.apk Binary XML file line #1412
06-24 17:08:27.703 V/ActivityManager(  657): Successfully start provider ContentProviderRecord{ea3e99c u0 com.excelliance.dualaid/com.excelliance.kxqp.platform.PluginManagerProvider} launchingApp=ProcessRecord{451050f 11133:com.excelliance.dualaid:lbcore/u0a1425} caller pid= 11051
06-24 17:08:27.703 D/KXQPApplication(11133): run: initUserManager
06-24 17:08:27.703 E/MemoryLeakMonitorManager(11133): MemoryLeakMonitor.jar is not exist!
06-24 17:08:27.705 E/MemoryLeakMonitorManager(11051): MemoryLeakMonitor.jar is not exist!
06-24 17:08:27.705 D/SmtServService(11051): MSG_LOAD_PLT after msg.obj
06-24 17:08:27.706 E/Minikin (11133): Could not get cmap table size!
06-24 17:08:27.706 D/PMS11425(  657): package:com.excelliance.dualaid, input flags:128, output hwFlags:0
06-24 17:08:27.707 W/PackageParser(11133): No actions in intent filter at /data/app/com.huawei.hwid-Sc7ADDdoDYIYREll7tj_iw==/base.apk Binary XML file line #1680
06-24 17:08:27.707 W/PackageParser(11133): No actions in intent filter at /data/app/com.huawei.hwid-Sc7ADDdoDYIYREll7tj_iw==/base.apk Binary XML file line #1694
06-24 17:08:27.709 V/ActivityManager(  657): Attempted to start a foreground service (ComponentInfo{com.excelliance.dualaid/com.excelliance.kxqp.platform.TrampolineService}) with a broken notification (no icon: Notification(channel=null pri=0 contentView=null vibrate=null sound=null defaults=0x0 flags=0x40 color=0x00000000 vis=PRIVATE))
06-24 17:08:27.717 E/zygote  (11133): Invalid capacity given to EnsureLocalCapacity: 592
06-24 17:08:27.739 I/TrafficMonitor(  657): update:rxPkts:24,txPkts:27,rxBytes:12010,txBytes:3724
06-24 17:08:27.739 I/TrafficMonitor(  657): start expired. level:-1
06-24 17:08:27.739 I/TrafficMonitor(  657): gettimer:interval=2000
06-24 17:08:27.755 D/HwNotificationManagerService(  657): recognize: tag=null, id=268435456, user=UserHandle{0}, pkg=com.excelliance.dualaid, uid=11425, callingPid=11133
06-24 17:08:27.755 D/PMS1000 (  657): package:com.excelliance.dualaid, input flags:0, output hwFlags:0
06-24 17:08:27.757 I/[HwRecSys]HwRecSysAidlService( 2647): doNotificationCollect -> current num:1
06-24 17:08:27.757 I/[HwRecSys]-Notification-NotificationUpdateController( 2647): startNotificationUpdate start!
06-24 17:08:27.757 W/SettingsEx( 2647): SettingsEx.Systemex.getInt deprecated use Settings.System.getInt instead ;callers=com.huawei.recsys.util.SystemUtil.getNotificationUpdateMode:169 com.huawei.recsys.util.SystemUtil.isAllowUpdate:104 com.huawei.recsys.controller.notification.http.NotificationUpdateController.startNotificationUpdate:85 
06-24 17:08:27.757 W/zygote  (11133): Throwing OutOfMemoryError "EnsureLocalCapacity"
06-24 17:08:27.758 I/[HwRecSys]SystemUtil( 2647): isAllowUpdate mode:1
06-24 17:08:27.758 I/[HwRecSys]SystemUtil( 2647): isAllowUpdate isAllowUpdate:true
06-24 17:08:27.758 I/[HwRecSys]-Notification-NotificationUpdateController( 2647):  -> currentYear:2018
06-24 17:08:27.758 I/[HwRecSys]-Notification-NotificationUpdateController( 2647):  -> currentMonth:5
06-24 17:08:27.758 I/[HwRecSys]-Notification-NotificationUpdateController( 2647):  -> currentDay:24
06-24 17:08:27.758 I/[HwRecSys]-Notification-NotificationUpdateController( 2647):  -> oldYear:2018
06-24 17:08:27.758 I/[HwRecSys]-Notification-NotificationUpdateController( 2647):  -> oldMonth:5
06-24 17:08:27.758 I/[HwRecSys]-Notification-NotificationUpdateController( 2647):  -> oldDay:24
06-24 17:08:27.758 E/[HwRecSys]-Notification-NotificationUpdateController( 2647): startNotificationUpdate time is valid no need request
06-24 17:08:27.758 I/[HwRecSys]-Notification-NotificationController( 2647): doNotificationCollect start!
06-24 17:08:27.759 E/[HwRecSys]-Notification-NotificationController( 2647): HwDefaultLabels returnStr:107
06-24 17:08:27.759 E/[HwRecSys]-Notification-NotificationController( 2647): getChinese paramValue is null!
06-24 17:08:27.760 E/[HwRecSys]-Notification-NotificationController( 2647): doNotificationCollect getLabelByRegRules label:107
06-24 17:08:27.760 I/[HwRecSys]HwRecSysAidlService( 2647): doNotificationCollect ->  finally remote Num - 1 !
06-24 17:08:27.760 I/HwNotificationManagerService(  657): doNotificationCollect: pkg=com.excelliance.dualaid, uid=11425, hw_type=107, hw_btw=true
06-24 17:08:27.760 D/PMS1000 (  657): package:com.excelliance.dualaid, input flags:268435456, output hwFlags:0
06-24 17:08:27.761 D/PMS1000 (  657): package:com.excelliance.dualaid, input flags:0, output hwFlags:0
06-24 17:08:27.761 W/NotificationRecord(  657): Use default channel, The importance is:2
06-24 17:08:27.761 D/PMS1000 (  657): package:com.excelliance.dualaid, input flags:0, output hwFlags:0
06-24 17:08:27.761 V/ActivityManager(  657): Attempted to start a foreground service (ComponentInfo{com.excelliance.dualaid/com.excelliance.kxqp.platform.TrampolineService$EmptyService}) with a broken notification (no icon: Notification(channel=null pri=0 contentView=null vibrate=null sound=null defaults=0x0 flags=0x40 color=0x00000000 vis=PRIVATE))
06-24 17:08:27.764 W/IPMSI   (11133): request permission: com.huawei.permission.sec.MDM.v2
06-24 17:08:27.764 W/IPMSI   (11133): request permission: com.huawei.authentication.HW_ACCESS_AUTH_SERVICE
06-24 17:08:27.764 W/IPMSI   (11133): request permission: com.huawei.appmarket.provider.readPermission
06-24 17:08:27.764 W/IPMSI   (11133): request permission: com.huawei.pushagent.permission.RICHMEDIA_PROVIDER
06-24 17:08:27.766 D/NotificationService(  657): mGameDndStatus is:false ,isGameDndSwitchOn is:false
06-24 17:08:27.767 D/HwNotificationManagerService(  657): recognize: tag=null, id=268435456, user=UserHandle{0}, pkg=com.excelliance.dualaid, uid=11425, callingPid=11133
06-24 17:08:27.767 D/PMS1000 (  657): package:com.excelliance.dualaid, input flags:0, output hwFlags:0
06-24 17:08:27.768 I/[HwRecSys]HwRecSysAidlService( 2647): doNotificationCollect -> current num:1
06-24 17:08:27.768 I/[HwRecSys]-Notification-NotificationUpdateController( 2647): startNotificationUpdate start!
06-24 17:08:27.768 W/SettingsEx( 2647): SettingsEx.Systemex.getInt deprecated use Settings.System.getInt instead ;callers=com.huawei.recsys.util.SystemUtil.getNotificationUpdateMode:169 com.huawei.recsys.util.SystemUtil.isAllowUpdate:104 com.huawei.recsys.controller.notification.http.NotificationUpdateController.startNotificationUpdate:85 
06-24 17:08:27.768 I/[HwRecSys]SystemUtil( 2647): isAllowUpdate mode:1
06-24 17:08:27.768 I/[HwRecSys]SystemUtil( 2647): isAllowUpdate isAllowUpdate:true
06-24 17:08:27.768 I/[HwRecSys]-Notification-NotificationUpdateController( 2647):  -> currentYear:2018
06-24 17:08:27.768 I/[HwRecSys]-Notification-NotificationUpdateController( 2647):  -> currentMonth:5
06-24 17:08:27.768 I/[HwRecSys]-Notification-NotificationUpdateController( 2647):  -> currentDay:24
06-24 17:08:27.768 I/[HwRecSys]-Notification-NotificationUpdateController( 2647):  -> oldYear:2018
06-24 17:08:27.768 I/[HwRecSys]-Notification-NotificationUpdateController( 2647):  -> oldMonth:5
06-24 17:08:27.768 I/[HwRecSys]-Notification-NotificationUpdateController( 2647):  -> oldDay:24
06-24 17:08:27.768 E/[HwRecSys]-Notification-NotificationUpdateController( 2647): startNotificationUpdate time is valid no need request
06-24 17:08:27.768 I/[HwRecSys]-Notification-NotificationController( 2647): doNotificationCollect start!
06-24 17:08:27.769 E/[HwRecSys]-Notification-NotificationController( 2647): HwDefaultLabels returnStr:107
06-24 17:08:27.769 E/[HwRecSys]-Notification-NotificationController( 2647): getChinese paramValue is null!
06-24 17:08:27.770 E/[HwRecSys]-Notification-NotificationController( 2647): doNotificationCollect getLabelByRegRules label:107
06-24 17:08:27.770 I/[HwRecSys]HwRecSysAidlService( 2647): doNotificationCollect ->  finally remote Num - 1 !
06-24 17:08:27.770 I/HwNotificationManagerService(  657): doNotificationCollect: pkg=com.excelliance.dualaid, uid=11425, hw_type=107, hw_btw=true
06-24 17:08:27.770 D/PMS1000 (  657): package:com.excelliance.dualaid, input flags:268435456, output hwFlags:0
06-24 17:08:27.770 D/PMS1000 (  657): package:com.excelliance.dualaid, input flags:0, output hwFlags:0
06-24 17:08:27.770 W/NotificationRecord(  657): Use default channel, The importance is:2
06-24 17:08:27.770 I/AppManager( 1699): app:com.excelliance.dualaid Notification update time:114046619
06-24 17:08:27.771 I/AppManager( 1699): app:com.excelliance.dualaid Notification persist:true  Ids:[268435456]
06-24 17:08:27.778 D/NotificationService(  657): mGameDndStatus is:false ,isGameDndSwitchOn is:false
06-24 17:08:27.790 D/PMS10039(  657): package:com.excelliance.dualaid, input flags:1024, output hwFlags:0
06-24 17:08:27.791 D/PMS10039(  657): package:com.android.systemui, input flags:268436480, output hwFlags:0
06-24 17:08:27.794 D/HwCust  ( 1513): Create obj success use class com.android.systemui.statusbar.notification.HwCustNotificationInflaterImpl
06-24 17:08:27.795 I/FakeShadowView( 1513): radius18
06-24 17:08:27.795 D/PMS10039(  657): package:com.excelliance.dualaid, input flags:8704, output hwFlags:0
06-24 17:08:27.796 D/PMS10039(  657): package:com.excelliance.dualaid, input flags:8192, output hwFlags:0
06-24 17:08:27.797 D/HwFLClassLoader( 1513): USE_FEATURE_LIST had not init! 
06-24 17:08:27.797 W/HwPhoneLayoutInflater( 1513): onCreateView : ClassNotFoundException, In this case we want to let the base class take a crack at it
06-24 17:08:27.798 I/chatty  ( 1513): uid=10039(u0_a39) com.android.systemui identical 2 lines
06-24 17:08:27.798 W/HwPhoneLayoutInflater( 1513): onCreateView : ClassNotFoundException, In this case we want to let the base class take a crack at it
06-24 17:08:27.799 W/ResourceType( 1513): Failure getting entry for 0x01040255 (t=3 e=597) (error -75)
06-24 17:08:27.801 W/HwPhoneLayoutInflater( 1513): onCreateView : ClassNotFoundException, In this case we want to let the base class take a crack at it
06-24 17:08:27.802 I/chatty  ( 1513): uid=10039(u0_a39) com.android.systemui identical 2 lines
06-24 17:08:27.802 W/HwPhoneLayoutInflater( 1513): onCreateView : ClassNotFoundException, In this case we want to let the base class take a crack at it
06-24 17:08:27.803 W/ResourceType( 1513): Failure getting entry for 0x01040255 (t=3 e=597) (error -75)
06-24 17:08:27.807 W/HwPhoneLayoutInflater( 1513): onCreateView : ClassNotFoundException, In this case we want to let the base class take a crack at it
06-24 17:08:27.807 W/HwPhoneLayoutInflater( 1513): onCreateView : ClassNotFoundException, In this case we want to let the base class take a crack at it
06-24 17:08:27.808 D/SmtServService(11051): MSG_LOAD_PLT GameUtil.isPtLoaded() = true
06-24 17:08:27.808 W/HwPhoneLayoutInflater( 1513): onCreateView : ClassNotFoundException, In this case we want to let the base class take a crack at it
06-24 17:08:27.808 W/HwPhoneLayoutInflater( 1513): onCreateView : ClassNotFoundException, In this case we want to let the base class take a crack at it
06-24 17:08:27.809 W/ResourceType( 1513): Failure getting entry for 0x01040255 (t=3 e=597) (error -75)
06-24 17:08:27.811 W/HwPhoneLayoutInflater( 1513): onCreateView : ClassNotFoundException, In this case we want to let the base class take a crack at it
06-24 17:08:27.813 I/chatty  ( 1513): uid=10039(u0_a39) com.android.systemui identical 2 lines
06-24 17:08:27.813 W/HwPhoneLayoutInflater( 1513): onCreateView : ClassNotFoundException, In this case we want to let the base class take a crack at it
06-24 17:08:27.813 W/ResourceType( 1513): Failure getting entry for 0x01040255 (t=3 e=597) (error -75)
06-24 17:08:27.815 D/PMS10039(  657): package:com.excelliance.dualaid, input flags:0, output hwFlags:0
06-24 17:08:27.817 D/HwPhoneStatusBar( 1513): No peeking: not allowed notification: 0|com.excelliance.dualaid|268435456|null|11425
06-24 17:08:27.824 I/PhoneStatusBar( 1513): updateNotificationShade: total=78, active=78
06-24 17:08:27.824 W/PhoneStatusBar( 1513): updateNotificationShade hasFaceDT: false; Detected:false
06-24 17:08:27.826 V/PhoneStatusBar( 1513): mStackScroller size:11,activeCount:78, childCnt:15
06-24 17:08:27.846 D/ReporterUtil( 1513):  e id:344 type:{pkg:com.excelliance.dualaid,hw_type:107,hw_btw:true,onGoing:true,importance:2}
06-24 17:08:27.847 E/BDLog   ( 1686): BD.FilterImpl:com.android.systemui 344 times= 200 over threshold
06-24 17:08:27.847 E/BDLog   ( 1686): BD.FilterImpl:com.android.systemui344 is illLegal
06-24 17:08:27.848 W/HwKeyguardDragHelper( 1513): AnimationBlocked
06-24 17:08:27.856 D/StatusBar( 1513): updateNotification(StatusBarNotification(pkg=com.excelliance.dualaid user=UserHandle{0} id=268435456 tag=null key=0|com.excelliance.dualaid|268435456|null|11425: Notification(channel=null pri=0 contentView=com.excelliance.dualaid/0x1090090 vibrate=null sound=null defaults=0x0 flags=0x62 color=0xff607d8b vis=PRIVATE)))
06-24 17:08:27.860 D/HwPhoneStatusBar( 1513): No peeking: not allowed notification: 0|com.excelliance.dualaid|268435456|null|11425
06-24 17:08:27.860 D/StatusBar( 1513): applyInPlace=true shouldPeek=false alertAgain=true
06-24 17:08:27.860 D/StatusBar( 1513): reusing notification for key: 0|com.excelliance.dualaid|268435456|null|11425
06-24 17:08:27.861 D/PMS10039(  657): package:com.excelliance.dualaid, input flags:8192, output hwFlags:0
06-24 17:08:27.868 I/PhoneStatusBar( 1513): updateNotificationShade: total=78, active=78
06-24 17:08:27.868 W/PhoneStatusBar( 1513): updateNotificationShade hasFaceDT: false; Detected:false
06-24 17:08:27.869 V/PhoneStatusBar( 1513): mStackScroller size:11,activeCount:78, childCnt:15
06-24 17:08:27.889 I/Pged-IPgedBinderService(  769): ****action is 2, pid num is 7***
06-24 17:08:27.890 I/Pged-Freezer(  769): thawPids
06-24 17:08:27.895 D/PgedBinderAdapter( 1699): unfrz ok, pid: [29457, 19894, 29531, 31476, 32085, 10698]
06-24 17:08:27.900 W/HwKeyguardDragHelper( 1513): AnimationBlocked
06-24 17:08:27.910 I/appium  (10698): AppiumResponse: {"sessionId":"bfc32163-d29b-4bd2-a87a-19eb9523dc7a","status":0,"value":"<?xml version=\"1.0\" encoding=\"UTF-8\"?><hierarchy rotation=\"0\"><android.widget.FrameLayout index=\"0\" text=\"\" class=\"android.widget.FrameLayout\" package=\"com.huawei.android.launcher\" content-desc=\"\" checkable=\"false\" checked=\"false\" clickable=\"false\" enabled=\"true\" focusable=\"false\" focused=\"false\" scrollable=\"false\" long-clickable=\"false\" password=\"false\" selected=\"false\" bounds=\"[0,0][1080,1920]\" resource-id=\"\" instance=\"0\"><android.widget.LinearLayout index=\"0\" text=\"\" class=\"android.widget.LinearLayout\" package=\"com.huawei.android.launcher\" content-desc=\"\" checkable=\"false\" checked=\"false\" clickable=\"false\" enabled=\"true\" focusable=\"false\" focused=\"false\" scrollable=\"false\" long-clickable=\"false\" password=\"false\" selected=\"false\" bounds=\"[0,0][1080,1920]\" resource-id=\"\" instance=\"0\"><android.widget.FrameLayout index=\"0\" text=\"\" class=\"android.widget.FrameLayout\" package=\"com.huawei.android.launcher\" content-desc=\"\" checkable=\"false\" checked=\"false\" clickable=\"false\" enabled=\"true\" focusable=\"false\" focused=\"false\" scrollable=\"false\" long-clickable=\"false\" password=\"false\" selected=\"false\" bounds=\"[0,0][1080,1920]\" resource-id=\"android:id\/content\" instance=\"1\"><android.widget.FrameLayout index=\"0\" text=\"\" class=\"android.widget.FrameLayout\" package=\"com.huawei.android.launcher\" content-desc=\"\" checkable=\"false\" checked=\"false\" clickable=\"false\" enabled=\"true\" focusable=\"false\" focused=\"false\" scrollable=\"false\" long-clickable=\"false\" password=\"false\" selected=\"false\" bounds=\"[0,0][1080,1920]\" resource-id=\"com.huawei.android.launcher:id\/drag_layer\" instance=\"2\"><android.view.ViewGroup index=\"0\" text=\"\" class=\"android.view.ViewGroup\" package=\"com.huawei.android.launcher\" content-desc=\" 1  4 \" checkable=\"false\" checked=\"false\" clickable=\"false\" enabled=\"true\" focusable=\"false\" focused=\"false\" scrollable=\"true\" long-clickable=\"false\" password=\"false\" selected=\"false\" bounds=\"[0,0][1080,1920]\" resource-id=\"com.huawei.android.launcher:id\/workspace\" instance=\"0\"><android.view.ViewGroup index=\"0\" text=\"\" class=\"android.view.ViewGroup\" package=\"com.huawei.android.launcher\" content-desc=\"\" checkable=\"false\" checked=\"false\" clickable=\"true\" enabled=\"true\" focusable=\"false\" focused=\"false\" scrollable=\"false\" long-clickable=\"true\" password=\"false\" selected=\"false\" bounds=\"[0,0][1080,1532]\" resource-id=\"com.huawei.android.launcher:id\/workspace_screen\" instance=\"1\"><android.widget.FrameLayout index=\"0\" text=\"\" class=\"android.widget.FrameLayout\" package=\"com.huawei.android.launcher\" content-desc=\"\" checkable=\"false\" checked=\"false\" clickable=\"false\" enabled=\"true\" focusable=\"false\" focused=\"false\" scrollable=\"false\" long-clickable=\"false\" password=\"false\" selected=\"false\" bounds=\"[12,0][1068,1514]\" resource-id=\"\" instance=\"3\"\/><android.view.ViewGroup index=\"1\" text=\"\" class=\"android.view.ViewGroup\" package=\"com.huawei.android.launcher\" content-desc=\"\" checkable=\"false\" checked=\"false\" clickable=\"false\" enabled=\"true\" focusable=\"false\" focused=\"false\" scrollable=\"false\" long-clickable=\"false\" password=\"false\" selected=\"false\" bounds=\"[12,0][1068,1514]\" resource-id=\"\" instance=\"2\"><android.appwidget.AppWidgetHostView index=\"0\" text=\"\" class=\"android.appwidget.AppWidgetHostView\" package=\"com.huawei.android.launcher\" content-desc=\"\" checkable=\"false\" checked=\"false\" clickable=\"false\" enabled=\"true\" focusable=\"false\" focused=\"false\" scrollable=\"false\" long-clickable=\"true\" password=\"false\" selected=\"false\" bounds=\"[12,84][1068,656]\" resource-id=\"\" instance=\"0\"><android.widget.RelativeLayout index=\"0\" text=\"\" class=\"android.widget.RelativeLayout\" package=\
06-24 17:08:27.916 I/NetworkSpeedManagerEx( 1513): mIsStop = false
06-24 17:08:27.917 I/NetworkSpeedManagerEx( 1513):  runInThread getTetherStats
06-24 17:08:27.918 I/NetworkSpeedManagerEx( 1513):  runInUI refreshSpeed
06-24 17:08:27.919 I/NetworkSpeedManagerEx( 1513): value=5264.6665speed = 5.1
06-24 17:08:27.919 I/NetworkSpeedManagerEx( 1513): K/smIsShowLastSpeedValuefalse
06-24 17:08:27.919 I/NetworkSpeedView( 1513): /update(), speed=5.1
06-24 17:08:27.919 I/NetworkSpeedView( 1513): K/s parent class:class com.android.systemui.statusbar.HwSystemIcons
06-24 17:08:27.953 I/NetworkSpeedManagerEx( 1513): mIsStop = false
06-24 17:08:27.953 I/NetworkSpeedManagerEx( 1513):  runInThread getTetherStats
06-24 17:08:27.954 W/libc    (  493): Set property "hw.wifi.dns_stat" to "42725,37604,5028,1,53753"
06-24 17:08:27.954 I/NetworkSpeedManagerEx( 1513):  runInUI refreshSpeed
06-24 17:08:27.955 I/NetworkSpeedManagerEx( 1513): value=5264.6665speed = 5.1
06-24 17:08:27.955 I/NetworkSpeedManagerEx( 1513): K/smIsShowLastSpeedValuefalse
06-24 17:08:27.955 I/NetworkSpeedView( 1513): /update(), speed=5.1
06-24 17:08:27.955 I/NetworkSpeedView( 1513): K/s parent class:class com.android.systemui.statusbar.HwSystemIcons
06-24 17:08:27.966 I/appium  (10698): channel read invoked!
06-24 17:08:27.966 I/appium  (10698): channel read: GET /wd/hub/session/bfc32163-d29b-4bd2-a87a-19eb9523dc7a/source
06-24 17:08:28.201 I/PhoneStatusBar( 1513): updateNotificationShade: total=78, active=78
06-24 17:08:28.202 W/PhoneStatusBar( 1513): updateNotificationShade hasFaceDT: false; Detected:false
06-24 17:08:28.204 V/PhoneStatusBar( 1513): mStackScroller size:11,activeCount:78, childCnt:15
06-24 17:08:28.268 W/HwKeyguardDragHelper( 1513): AnimationBlocked
06-24 17:08:28.289 I/PhoneStatusBar( 1513): updateNotificationShade: total=78, active=78
06-24 17:08:28.289 W/PhoneStatusBar( 1513): updateNotificationShade hasFaceDT: false; Detected:false
06-24 17:08:28.290 V/PhoneStatusBar( 1513): mStackScroller size:11,activeCount:78, childCnt:15
06-24 17:08:28.343 I/PhoneStatusBar( 1513): updateNotificationShade: total=78, active=78
06-24 17:08:28.343 W/PhoneStatusBar( 1513): updateNotificationShade hasFaceDT: false; Detected:false
06-24 17:08:28.343 V/PhoneStatusBar( 1513): mStackScroller size:11,activeCount:78, childCnt:15
06-24 17:08:28.378 W/HwKeyguardDragHelper( 1513): AnimationBlocked
06-24 17:08:28.401 I/PhoneStatusBar( 1513): updateNotificationShade: total=78, active=78
06-24 17:08:28.401 W/PhoneStatusBar( 1513): updateNotificationShade hasFaceDT: false; Detected:false
06-24 17:08:28.402 V/PhoneStatusBar( 1513): mStackScroller size:11,activeCount:78, childCnt:15
06-24 17:08:28.451 I/PhoneStatusBar( 1513): updateNotificationShade: total=78, active=78
06-24 17:08:28.451 W/PhoneStatusBar( 1513): updateNotificationShade hasFaceDT: false; Detected:false
06-24 17:08:28.452 V/PhoneStatusBar( 1513): mStackScroller size:11,activeCount:78, childCnt:15
06-24 17:08:28.483 W/HwKeyguardDragHelper( 1513): AnimationBlocked
06-24 17:08:28.509 I/PhoneStatusBar( 1513): updateNotificationShade: total=78, active=78
06-24 17:08:28.510 W/PhoneStatusBar( 1513): updateNotificationShade hasFaceDT: false; Detected:false
06-24 17:08:28.510 V/PhoneStatusBar( 1513): mStackScroller size:11,activeCount:78, childCnt:15
06-24 17:08:28.564 I/PhoneStatusBar( 1513): updateNotificationShade: total=78, active=78
06-24 17:08:28.564 W/PhoneStatusBar( 1513): updateNotificationShade hasFaceDT: false; Detected:false
06-24 17:08:28.565 V/PhoneStatusBar( 1513): mStackScroller size:11,activeCount:78, childCnt:15
06-24 17:08:28.612 W/HwKeyguardDragHelper( 1513): AnimationBlocked
06-24 17:08:28.638 I/PhoneStatusBar( 1513): updateNotificationShade: total=78, active=78
06-24 17:08:28.638 W/PhoneStatusBar( 1513): updateNotificationShade hasFaceDT: false; Detected:false
06-24 17:08:28.639 V/PhoneStatusBar( 1513): mStackScroller size:11,activeCount:78, childCnt:15
06-24 17:08:28.705 I/PhoneStatusBar( 1513): updateNotificationShade: total=78, active=78
06-24 17:08:28.705 W/PhoneStatusBar( 1513): updateNotificationShade hasFaceDT: false; Detected:false
06-24 17:08:28.706 V/PhoneStatusBar( 1513): mStackScroller size:11,activeCount:78, childCnt:15
06-24 17:08:28.738 I/TrafficMonitor(  657): expired arrive. level:-1
06-24 17:08:28.738 I/TrafficMonitor(  657): during_ms:2000,period_ms:2000
06-24 17:08:28.739 I/TrafficMonitor(  657): count:532,rx_sum:24,tx_sum:27,rxBytes:12010,during_ms:2000,rx_speed:6005.0,tx_speed:1862.0,rto:0.8888888888888888
06-24 17:08:28.739 D/HuaweiWifiWatchdogStateMachine(  657): speed: rxpkt:24, rxSpd:6005B/s, txpkt:27, txSpd:1862
06-24 17:08:28.739 I/zygote64( 1513): Background concurrent copying GC freed 488879(21MB) AllocSpace objects, 5(1516KB) LOS objects, 49% free, 23MB/47MB, paused 718us total 193.341ms
06-24 17:08:28.747 W/HwKeyguardDragHelper( 1513): AnimationBlocked
06-24 17:08:28.767 I/PhoneStatusBar( 1513): updateNotificationShade: total=78, active=78
06-24 17:08:28.767 W/PhoneStatusBar( 1513): updateNotificationShade hasFaceDT: false; Detected:false
06-24 17:08:28.767 V/PhoneStatusBar( 1513): mStackScroller size:11,activeCount:78, childCnt:15
06-24 17:08:28.804 I/appium  (10698): Skipping invisible child: android.view.accessibility.AccessibilityNodeInfo@a482; boundsInParent: Rect(0, 0 - 1080, 1920); boundsInScreen: Rect(1080, 0 - 1080, 1920); packageName: com.excelliance.dualaid; className: android.widget.RelativeLayout; text: null; error: null; maxTextLength: -1; contentDescription: null; viewIdResName: null; checkable: false; checked: false; focusable: false; focused: false; selected: false; clickable: false; longClickable: false; contextClickable: false; enabled: true; password: false; scrollable: false; importantForAccessibility: false; actions: [AccessibilityAction: ACTION_SELECT - null, AccessibilityAction: ACTION_CLEAR_SELECTION - null, AccessibilityAction: ACTION_ACCESSIBILITY_FOCUS - null, AccessibilityAction: ACTION_SHOW_ON_SCREEN - null]
06-24 17:08:28.805 I/appium  (10698): Skipping invisible child: android.view.accessibility.AccessibilityNodeInfo@a843; boundsInParent: Rect(0, 0 - 1080, 1920); boundsInScreen: Rect(2160, 0 - 1080, 1920); packageName: com.excelliance.dualaid; className: android.widget.RelativeLayout; text: null; error: null; maxTextLength: -1; contentDescription: null; viewIdResName: null; checkable: false; checked: false; focusable: false; focused: false; selected: false; clickable: false; longClickable: false; contextClickable: false; enabled: true; password: false; scrollable: false; importantForAccessibility: false; actions: [AccessibilityAction: ACTION_SELECT - null, AccessibilityAction: ACTION_CLEAR_SELECTION - null, AccessibilityAction: ACTION_ACCESSIBILITY_FOCUS - null, AccessibilityAction: ACTION_SHOW_ON_SCREEN - null]
06-24 17:08:28.806 I/appium  (10698): Fetch time: 13ms
06-24 17:08:28.813 I/PhoneStatusBar( 1513): updateNotificationShade: total=78, active=78
06-24 17:08:28.813 W/PhoneStatusBar( 1513): updateNotificationShade hasFaceDT: false; Detected:false
06-24 17:08:28.814 V/PhoneStatusBar( 1513): mStackScroller size:11,activeCount:78, childCnt:15
06-24 17:08:28.831 I/appium  (10698): AppiumResponse: {"sessionId":"bfc32163-d29b-4bd2-a87a-19eb9523dc7a","status":0,"value":"<?xml version=\"1.0\" encoding=\"UTF-8\"?><hierarchy rotation=\"0\"><android.widget.FrameLayout index=\"0\" text=\"\" class=\"android.widget.FrameLayout\" package=\"com.excelliance.dualaid\" content-desc=\"\" checkable=\"false\" checked=\"false\" clickable=\"false\" enabled=\"true\" focusable=\"false\" focused=\"false\" scrollable=\"false\" long-clickable=\"false\" password=\"false\" selected=\"false\" bounds=\"[0,0][1080,1920]\" resource-id=\"\" instance=\"0\"><android.widget.LinearLayout index=\"0\" text=\"\" class=\"android.widget.LinearLayout\" package=\"com.excelliance.dualaid\" content-desc=\"\" checkable=\"false\" checked=\"false\" clickable=\"false\" enabled=\"true\" focusable=\"false\" focused=\"false\" scrollable=\"false\" long-clickable=\"false\" password=\"false\" selected=\"false\" bounds=\"[0,0][1080,1920]\" resource-id=\"\" instance=\"0\"><android.widget.FrameLayout index=\"0\" text=\"\" class=\"android.widget.FrameLayout\" package=\"com.excelliance.dualaid\" content-desc=\"\" checkable=\"false\" checked=\"false\" clickable=\"false\" enabled=\"true\" focusable=\"false\" focused=\"false\" scrollable=\"false\" long-clickable=\"false\" password=\"false\" selected=\"false\" bounds=\"[0,0][1080,1920]\" resource-id=\"android:id\/content\" instance=\"1\"><android.widget.FrameLayout index=\"0\" text=\"\" class=\"android.widget.FrameLayout\" package=\"com.excelliance.dualaid\" content-desc=\"\" checkable=\"false\" checked=\"false\" clickable=\"false\" enabled=\"true\" focusable=\"false\" focused=\"false\" scrollable=\"false\" long-clickable=\"false\" password=\"false\" selected=\"false\" bounds=\"[0,0][1080,1920]\" resource-id=\"\" instance=\"2\"><android.widget.RelativeLayout index=\"0\" text=\"\" class=\"android.widget.RelativeLayout\" package=\"com.excelliance.dualaid\" content-desc=\"\" checkable=\"false\" checked=\"false\" clickable=\"false\" enabled=\"true\" focusable=\"false\" focused=\"false\" scrollable=\"false\" long-clickable=\"false\" password=\"false\" selected=\"false\" bounds=\"[0,0][1080,1920]\" resource-id=\"com.excelliance.dualaid:id\/rl_guide_original\" instance=\"0\"><android.support.v4.view.ViewPager index=\"0\" text=\"\" class=\"android.support.v4.view.ViewPager\" package=\"com.excelliance.dualaid\" content-desc=\"\" checkable=\"false\" checked=\"false\" clickable=\"false\" enabled=\"true\" focusable=\"true\" focused=\"false\" scrollable=\"true\" long-clickable=\"false\" password=\"false\" selected=\"false\" bounds=\"[0,0][1080,1920]\" resource-id=\"com.excelliance.dualaid:id\/vp_nav\" instance=\"0\"><android.widget.RelativeLayout index=\"0\" text=\"\" class=\"android.widget.RelativeLayout\" package=\"com.excelliance.dualaid\" content-desc=\"\" checkable=\"false\" checked=\"false\" clickable=\"false\" enabled=\"true\" focusable=\"false\" focused=\"false\" scrollable=\"false\" long-clickable=\"false\" password=\"false\" selected=\"false\" bounds=\"[0,0][1080,1920]\" resource-id=\"\" instance=\"1\"><android.view.View index=\"0\" text=\"\" class=\"android.view.View\" package=\"com.excelliance.dualaid\" content-desc=\"\" checkable=\"false\" checked=\"false\" clickable=\"false\" enabled=\"true\" focusable=\"false\" focused=\"false\" scrollable=\"false\" long-clickable=\"false\" password=\"false\" selected=\"false\" bounds=\"[0,0][1080,1920]\" resource-id=\"\" instance=\"0\"\/><android.widget.ImageView index=\"1\" text=\"\" class=\"android.widget.ImageView\" package=\"com.excelliance.dualaid\" content-desc=\"\" checkable=\"false\" checked=\"false\" clickable=\"false\" enabled=\"true\" focusable=\"false\" focused=\"false\" scrollable=\"false\" long-clickable=\"false\" password=\"false\" selected=\"false\" bounds=\"[345,303][990,1185]\" resource-id=\"com.excelliance.dualaid:id\/nav_chat\" instance=\"0\"\/><android.widget.ImageView index=\"2\" text=\"\" class=\"android.widget.ImageView\" package=\"com.excelliance.dualaid\" content-desc=\"\" checkable=\"false\" checked=\"false\" c
06-24 17:08:28.844 W/HwKeyguardDragHelper( 1513): AnimationBlocked
06-24 17:08:28.865 I/PhoneStatusBar( 1513): updateNotificationShade: total=78, active=78
06-24 17:08:28.865 W/PhoneStatusBar( 1513): updateNotificationShade hasFaceDT: false; Detected:false
06-24 17:08:28.865 V/PhoneStatusBar( 1513): mStackScroller size:11,activeCount:78, childCnt:15
06-24 17:08:28.877 I/appium  (10698): channel read invoked!
06-24 17:08:28.877 I/appium  (10698): channel read: GET /wd/hub/session/bfc32163-d29b-4bd2-a87a-19eb9523dc7a/source
06-24 17:08:28.899 I/appium  (10698): Skipping invisible child: android.view.accessibility.AccessibilityNodeInfo@a482; boundsInParent: Rect(0, 0 - 1080, 1920); boundsInScreen: Rect(1080, 0 - 1080, 1920); packageName: com.excelliance.dualaid; className: android.widget.RelativeLayout; text: null; error: null; maxTextLength: -1; contentDescription: null; viewIdResName: null; checkable: false; checked: false; focusable: false; focused: false; selected: false; clickable: false; longClickable: false; contextClickable: false; enabled: true; password: false; scrollable: false; importantForAccessibility: false; actions: [AccessibilityAction: ACTION_SELECT - null, AccessibilityAction: ACTION_CLEAR_SELECTION - null, AccessibilityAction: ACTION_ACCESSIBILITY_FOCUS - null, AccessibilityAction: ACTION_SHOW_ON_SCREEN - null]
06-24 17:08:28.900 I/appium  (10698): Skipping invisible child: android.view.accessibility.AccessibilityNodeInfo@a843; boundsInParent: Rect(0, 0 - 1080, 1920); boundsInScreen: Rect(2160, 0 - 1080, 1920); packageName: com.excelliance.dualaid; className: android.widget.RelativeLayout; text: null; error: null; maxTextLength: -1; contentDescription: null; viewIdResName: null; checkable: false; checked: false; focusable: false; focused: false; selected: false; clickable: false; longClickable: false; contextClickable: false; enabled: true; password: false; scrollable: false; importantForAccessibility: false; actions: [AccessibilityAction: ACTION_SELECT - null, AccessibilityAction: ACTION_CLEAR_SELECTION - null, AccessibilityAction: ACTION_ACCESSIBILITY_FOCUS - null, AccessibilityAction: ACTION_SHOW_ON_SCREEN - null]
06-24 17:08:28.901 I/appium  (10698): Fetch time: 10ms
06-24 17:08:28.910 W/HwKeyguardDragHelper( 1513): AnimationBlocked
