06-24 15:38:41.412 D/ActivityManager(  657): Skipping intent:act=android.deviceinfo.chooser.action.LAUNCH flg=0x10800000 hwFlg=0x100 pkg=com.android.settings cmp=com.android.settings/.deviceinfo.UsbConnModeChooserActivity
06-24 15:38:41.412 D/ActivityManager(  657): Skipping intent:flg=0x10800000 cmp=com.zol.android/.push.KeepLiveActivity
06-24 15:38:41.412 D/ActivityManager(  657): Skipping intent:act=android.intent.action.MAIN cat=[android.intent.category.HOME] flg=0x10800300 cmp=com.android.settings/.FallbackHome
06-24 15:38:41.427 I/zygote  (27170): Compiler allocated 4MB to compile boolean com.excelliance.kxqp.KXQPApplication.b(int)
06-24 15:38:41.454 D/MainActivity(27144): instantiateItem: 2	android.widget.RelativeLayout{d00e2b1 V.E...... ......I. 0,0-0,0}
06-24 15:38:41.454 D/MainActivity(27144): initPage3: 
06-24 15:38:41.458 V/WindowManager(  657): Checking 1 opening apps (frozen=false timeout=false)...
06-24 15:38:41.458 V/WindowManager(  657): Check opening app=AppWindowToken{70d587 token=Token{d8dd1c6 ActivityRecord{1122ba1 u0 com.excelliance.dualaid/com.excelliance.kxqp.swipe.NavActivity2 t16026}}}: allDrawn=false startingDisplayed=false startingMoved=false isRelaunching()=false
06-24 15:38:41.460 D/PMS11422(  657): package:com.excelliance.dualaid, input flags:128, output hwFlags:0
06-24 15:38:41.461 V/HwPhoneWindowManager(  657): updateSystemUiColorLw window=Window{3990baa u0 com.excelliance.dualaid/com.excelliance.kxqp.swipe.NavActivity2},EmuiStyle=0,StatusBarColor=0xff000000,NavigationBarColor=0xff000000, mLastIsEmuiLightStyle=-1
06-24 15:38:41.461 D/HwPhoneWindowManager(  657): Transact:setSystemUIColor to status bar service
06-24 15:38:41.461 I/CommandQueue( 1513): updateBarBgColor
06-24 15:38:41.461 D/CommandQueue( 1513): CommandQueue, setBarBackgroundColor
06-24 15:38:41.462 D/PMS11422(  657): package:com.excelliance.dualaid, input flags:128, output hwFlags:0
06-24 15:38:41.462 V/WindowManager(  657): Checking 1 opening apps (frozen=false timeout=false)...
06-24 15:38:41.462 V/WindowManager(  657): Check opening app=AppWindowToken{70d587 token=Token{d8dd1c6 ActivityRecord{1122ba1 u0 com.excelliance.dualaid/com.excelliance.kxqp.swipe.NavActivity2 t16026}}}: allDrawn=false startingDisplayed=false startingMoved=false isRelaunching()=false
06-24 15:38:41.465 D/TintManager( 1513): statusBarIconTint=#99FFFFFF,navigationBarIconTint=#FF000000
06-24 15:38:41.466 D/MainActivity(27144): run: initPage3
06-24 15:38:41.467 V/MainActivity(27144): onWindowFocusChanged: true
06-24 15:38:41.467 I/GRALLOC (  679): 	 shrFd=10,fmt=0x1,intFmt=0x200000001,btStrd=4352,size=8486912,pid=679 
06-24 15:38:41.467 I/GRALLOC (  679): 	 yuv=2,w=1080,h=1920,Stride u=0 v=0,offset u=0 v=0 
06-24 15:38:41.467 I/GRALLOC (  679): 	 iova_size=8486912,conUsg=0x900,proUsg=0x900,	 strd=1088,[afbc]HdrStrd=1088 PyldStrd=69632 Scrmbl=2,ionhnd = 1 
06-24 15:38:41.468 W/InputMethodManager(27144): startInputReason = 1
06-24 15:38:41.468 D/BarTransitions.HwPhoneStatusBarView( 1513): MODE_TRANSPARENT -> MODE_TRANSLUCENT animate=false
06-24 15:38:41.468 I/OpenGLRenderer(27144): Initialized EGL, version 1.4
06-24 15:38:41.468 D/BarTransitions.HwPhoneStatusBarView( 1513): applyModeBackground oldMode=MODE_TRANSPARENT newMode=MODE_TRANSLUCENT animate=false
06-24 15:38:41.468 D/OpenGLRenderer(27144): Swap behavior 2
06-24 15:38:41.470 I/GRALLOC (  679): 	 shrFd=10,fmt=0x1,intFmt=0x200000001,btStrd=4352,size=8486912,pid=679 
06-24 15:38:41.470 I/GRALLOC (  679): 	 yuv=2,w=1080,h=1920,Stride u=0 v=0,offset u=0 v=0 
06-24 15:38:41.470 I/GRALLOC (  679): 	 iova_size=8486912,conUsg=0x900,proUsg=0x900,	 strd=1088,[afbc]HdrStrd=1088 PyldStrd=69632 Scrmbl=2,ionhnd = 1 
06-24 15:38:41.471 D/StatusBarIconController( 1513): setIconVisibility icon is null or visibility not change visibility=false
06-24 15:38:41.472 W/InputMethodManager(27144): startInputReason = 5
06-24 15:38:41.473 I/GRALLOC (  679): 	 shrFd=10,fmt=0x1,intFmt=0x200000001,btStrd=4352,size=8486912,pid=679 
06-24 15:38:41.473 I/GRALLOC (  679): 	 yuv=2,w=1080,h=1920,Stride u=0 v=0,offset u=0 v=0 
06-24 15:38:41.473 I/GRALLOC (  679): 	 iova_size=8486912,conUsg=0x900,proUsg=0x900,	 strd=1088,[afbc]HdrStrd=1088 PyldStrd=69632 Scrmbl=2,ionhnd = 1 
06-24 15:38:41.475 I/wangchen( 7035): SysInfo.getSysParam: orientation=1||config d=3.0,w=1080,h=1920||metrics d=3.0,w=1080,h=1920||sdk=26,bar_h=72
06-24 15:38:41.475 I/KeymapLoader( 7035): w=1080 h=1920 ori=true appScale=3.3 s1=3.0
06-24 15:38:41.477 D/mali_winsys(27144): EGLint new_window_surface(egl_winsys_display *, void *, EGLSurface, EGLConfig, egl_winsys_surface **, egl_color_buffer_format *, EGLBoolean) returns 0x3000
06-24 15:38:41.478 E/vndksupport(27144): Could not load vendor/lib/egl/libGLES_mali_v2.so from sphal namespace: dlopen failed: library "vendor/lib/egl/libGLES_mali_v2.so" not found.
06-24 15:38:41.493 I/GRALLOC (  679): 	 shrFd=10,fmt=0x1,intFmt=0x200000001,btStrd=4352,size=8486912,pid=679 
06-24 15:38:41.493 I/GRALLOC (  679): 	 yuv=2,w=1080,h=1920,Stride u=0 v=0,offset u=0 v=0 
06-24 15:38:41.493 I/GRALLOC (  679): 	 iova_size=8486912,conUsg=0xb00,proUsg=0xb00,	 strd=1088,[afbc]HdrStrd=1088 PyldStrd=69632 Scrmbl=2,ionhnd = 1 
06-24 15:38:41.500 D/WindowManager(  657): finishDrawingWindow: Window{3990baa u0 com.excelliance.dualaid/com.excelliance.kxqp.swipe.NavActivity2} mDrawState=DRAW_PENDING
06-24 15:38:41.501 V/WindowManager(  657): Checking 1 opening apps (frozen=false timeout=false)...
06-24 15:38:41.501 V/WindowManager(  657): Check opening app=AppWindowToken{70d587 token=Token{d8dd1c6 ActivityRecord{1122ba1 u0 com.excelliance.dualaid/com.excelliance.kxqp.swipe.NavActivity2 t16026}}}: allDrawn=true startingDisplayed=false startingMoved=false isRelaunching()=false
06-24 15:38:41.503 D/ImageWallpaper( 1513): onVisibilityChanged: mVisible, visible=true, false
06-24 15:38:41.503 D/ImageWallpaper( 1513): Visibility changed to visible=false
06-24 15:38:41.503 D/BarTransitions.HwPhoneStatusBarView( 1513): MODE_TRANSLUCENT -> MODE_TRANSPARENT animate=false
06-24 15:38:41.504 D/BarTransitions.HwPhoneStatusBarView( 1513): applyModeBackground oldMode=MODE_TRANSLUCENT newMode=MODE_TRANSPARENT animate=false
06-24 15:38:41.505 I/ActivityManager(  657): Displayed com.excelliance.dualaid/com.excelliance.kxqp.swipe.NavActivity2: +196ms (total +3s969ms)
06-24 15:38:41.507 W/dex2oat (27214): Using default instruction set features for ARM CPU variant (default) using conservative defaults
06-24 15:38:41.508 I/dex2oat (27214): /system/bin/dex2oat -j4 --dex-file=/data/data/com.excelliance.dualaid/.platformcache/main.jar --output-vdex-fd=49 --oat-fd=50 --oat-location=/data/data/com.excelliance.dualaid/.platformcache/oat/arm/main.odex --compiler-filter=quicken
06-24 15:38:41.508 I/cutils-trace(27214): atrace_init_once, trace_marker_path = /sys/kernel/debug/tracing/trace_marker
06-24 15:38:41.511 I/TrafficMonitor(  657): update:rxPkts:7,txPkts:11,rxBytes:3929,txBytes:1176
06-24 15:38:41.511 I/TrafficMonitor(  657): start expired. level:-1
06-24 15:38:41.511 I/TrafficMonitor(  657): gettimer:interval=2000
06-24 15:38:41.515 E/BufferQueueProducer(  710): [com.huawei.android.launcher/com.huawei.android.launcher.unihome.UniHomeLauncher#0] disconnect: not connected (req=1)
06-24 15:38:41.515 W/libEGL  ( 2519): EGLNativeWindowType 0x74abe62010 disconnect failed
06-24 15:38:41.515 I/WindowManager(  657): notifyAccessibilityButtonVisibilityChanged visible:false
06-24 15:38:41.523 D/BarTransitions.HwPhoneStatusBarView( 1513): MODE_TRANSPARENT -> MODE_TRANSLUCENT animate=false
06-24 15:38:41.523 D/BarTransitions.HwPhoneStatusBarView( 1513): applyModeBackground oldMode=MODE_TRANSPARENT newMode=MODE_TRANSLUCENT animate=false
06-24 15:38:41.524 D/BarTransitions.HwNavigationBarView( 1513): MODE_TRANSLUCENT -> MODE_OPAQUE animate=false
06-24 15:38:41.524 D/BarTransitions.HwNavigationBarView( 1513): applyModeBackground oldMode=MODE_TRANSLUCENT newMode=MODE_OPAQUE animate=false
06-24 15:38:41.535 W/ActivityManager(  657): Sending non-protected broadcast huawei.action.floattasks.STATUS_BAR_STATE_CHANGED from system 1513:com.android.systemui/u0a39 pkg com.android.systemui
06-24 15:38:41.535 V/WindowManager(  657): notifyAppStopped: AppWindowToken{d3a938b token=Token{377755a ActivityRecord{d5c9105 u0 com.huawei.android.launcher/.unihome.UniHomeLauncher t15658}}}
06-24 15:38:41.535 D/ActivityThread(27144): Remove activity client record, r= ActivityRecord{cbe2ddc token=android.os.BinderProxy@d13fa03 {com.excelliance.dualaid/com.excelliance.kxqp.ui.HelloActivity}} token= android.os.BinderProxy@d13fa03
06-24 15:38:41.535 E/WindowManager(  657): win=Window{68d6975 u0 com.huawei.android.launcher/com.huawei.android.launcher.unihome.UniHomeLauncher} destroySurfaces: appStopped=true win.mWindowRemovalAllowed=false win.mRemoveOnExit=false
06-24 15:38:41.535 I/WindowManager(  657): Destroying surface Surface(name=com.huawei.android.launcher/com.huawei.android.launcher.unihome.UniHomeLauncher) called by com.android.server.wm.WindowStateAnimator.destroySurface:2060 com.android.server.wm.WindowStateAnimator.destroySurfaceLocked:873 com.android.server.wm.HwWindowStateAnimator.destroySurfaceLocked:1006 com.android.server.wm.WindowState.destroyOrSaveSurfaceUnchecked:2990 com.android.server.wm.WindowState.destroySurface:2951 com.android.server.wm.AppWindowToken.destroySurfaces:654 com.android.server.wm.AppWindowToken.destroySurfaces:638 com.android.server.wm.AppWindowToken.notifyAppStopped:682 
06-24 15:38:41.535 W/HwKeyguardDragHelper( 1513): AnimationBlocked
06-24 15:38:41.536 V/WindowManager(  657): removeAppToken: AppWindowToken{206038f token=Token{27252ee ActivityRecord{7b0d869 u0 com.excelliance.dualaid/com.excelliance.kxqp.ui.HelloActivity t16026}}} delayed=false Callers=com.android.server.wm.DisplayContent.removeAppToken:985 com.android.server.wm.AppWindowContainerController.removeContainer:348 com.android.server.am.ActivityRecord.removeWindowContainer:1039 com.android.server.am.ActivityStack.removeActivityFromHistoryLocked:4491 
06-24 15:38:41.537 D/HwGameAssistantController(  657): pid=2519, uid=10056, foreground=false
06-24 15:38:41.537 W/AwareLog(  657): SchedLevelBoost: onFgActivitiesChanged config not set!
06-24 15:38:41.540 D/NetWorkUtils( 1513): mVSimCurCardType is -1
06-24 15:38:41.697 I/HwNormalizedSpline(  657): getEyeProtectionBrightnessLevel lux =239.0, mDefaultBrightnessFromLux =68.645
06-24 15:38:41.699 D/SmartcareProc(  657): onSignalStrengthsChanged: signalStrength is: SignalStrength: 0 1955964583 0 255 0 0 32767 -1 32767 -1 -76 -3 24 -1 0 -1 false gw|lte , on sub: 0
06-24 15:38:41.699 D/SmartcareProc(  657): SignalStrength update result, ss: SignalStrengthInfo:8749149 mGsmSignalStrength: -1 mWcdmaRscp: -1 mWcdmaEcio: 255 mLteRsrp: -76 mLteRsrq: -3 mCdmaDbm: -1 mCdmaEcio: -1 mEvdoDbm: 32767mEvdoEcio: -1mLteRssnr: 24
06-24 15:38:41.701 I/MQoS    (  657): onSignal: mSubId=0,currDataSubID=0
06-24 15:38:41.701 I/MQoS    (  657): received cell-signal:5
06-24 15:38:41.707 I/HwMobileSignalController(0)( 1513): subId:0 phoneType:1 networktype:13 targetClass:3 masterLevel:5 slaveLevel:-1
06-24 15:38:41.887 E/wificond(  765): Failed to get NL80211_STA_INFO_CNAHLOAD
06-24 15:38:41.888 E/WificondControl(  657): Noise: -91, Snr: 0, Chload: -1
06-24 15:38:41.888 D/HwWifiCHRStateManager(  657): handleMessage : 1001
06-24 15:38:41.888 D/HwWifiCHRStateManager(  657): handleUpdateChannel:5805
06-24 15:38:41.888 V/HwWifiServiceFactory(  657): get AllImpl object = com.android.server.wifi.HwWifiServiceFactoryImpl@a390a53
06-24 15:38:41.891 D/HuaweiWifiWatchdogStateMachine(  657): LM mrssi=-41
06-24 15:38:41.891 D/HuaweiWifiWatchdogStateMachine(  657): f2:9f:**:**:8f:43 current loss[-45]=0%, volume=73
06-24 15:38:41.891 D/WiFi_PRO(  657): MSG_RETURN_AP_CURRY_RSSI rssi = -41
06-24 15:38:41.891 D/HuaweiWifiWatchdogStateMachine(  657): f2:9f:**:**:8f:43 history loss[-45]=0.02%, volume=23031468
06-24 15:38:41.891 I/QosMonitor(  657): queryRtt: rtt_type = 3
06-24 15:38:41.891 I/HuaweiWifiWatchdogStateMachine(  657): spd good count:0, add sc:0.0, rate:1.0
06-24 15:38:41.891 I/HuaweiWifiWatchdogStateMachine(  657): current mHighDataFlowRate = 1.0
06-24 15:38:41.891 I/HuaweiWifiWatchdogStateMachine(  657): POta txb txg rxg:0, 73, 0. Lr =0% Totpkt=73
06-24 15:38:41.892 I/HwQoEJNI(  657): send_cmd_kernel. begin
06-24 15:38:41.892 I/HwQoEJNI(  657): send_cmd_kernel. end
06-24 15:38:41.892 I/QosMonitor(  657): postEventFromNative: msg=100,arg1=4,arg2=10
06-24 15:38:41.892 I/HwQoEJNI(  657): send_cmd_kernel. begin
06-24 15:38:41.892 I/HwQoEJNI(  657): send_cmd_kernel. end
06-24 15:38:41.892 I/QosMonitor(  657): postEventFromNative: msg=100,arg1=0,arg2=10
06-24 15:38:41.892 D/HuaweiWifiWatchdogStateMachine(  657): f2:9f:**:**:8f:43 current RTT[-45]=124, volume=17
06-24 15:38:41.892 D/HuaweiWifiWatchdogStateMachine(  657): f2:9f:**:**:8f:43 history RTT[-45]=237, volume=1685621
06-24 15:38:41.892 D/HuaweiWifiWatchdogStateMachine(  657): setSampleRtt: rtt=124,rtt_pkts =17,rtt_when=0
06-24 15:38:41.892 D/HwWifiConnectivityMonitor(  657): ENTER: notifyTopUidTcpInfo, tx = 35, rx = 31, reTx = 0, uid = 11422, tr = 0.0
06-24 15:38:41.892 I/MQoS    (  657): rtt=124,tcp_tx_pkts=397640,tcp_rx_pkts=413315
06-24 15:38:41.892 I/QosMonitor(  657): resetRtt: rtt_type = 3
06-24 15:38:41.892 D/HwWifiConnectivityMonitor(  657): ENTER: notifyTopUidTcpInfo, rtt = 408, rttPkts = 13, aveRtt = 31.384615, app = com.excelliance.dualaid
06-24 15:38:41.892 I/HwQoEJNI(  657): send_cmd_kernel. begin
06-24 15:38:41.893 I/HwQoEJNI(  657): send_cmd_kernel. end
06-24 15:38:41.893 D/HwUidTcpMonitor(  657): parseWlanUidTcpStatistics lastUidTcpStatInfo = [ mUid = 11422 mPacketName = com.excelliance.dualaid mSendSegs = 14433 mResendSegs = 3 mRcvSegs = 17970 ]
06-24 15:38:41.893 D/HwUidTcpMonitor(  657): parseWlanUidTcpStatistics lastUidTcpStatInfo = [ mUid = 10089 mPacketName = com.google.uid.shared:10089 mSendSegs = 7061 mResendSegs = 0 mRcvSegs = 460 ]
06-24 15:38:41.893 D/HwUidTcpMonitor(  657): parseWlanUidTcpStatistics lastUidTcpStatInfo = [ mUid = 10093 mPacketName = com.android.vending mSendSegs = 2721 mResendSegs = 1908 mRcvSegs = 204 ]
06-24 15:38:41.893 I/MQoS    (  657): QOS_level:0(0),DataDisable;use level-0
06-24 15:38:41.893 I/MQoS    (  657): skip-low-Level:0(0),DataDisable;use level-0
06-24 15:38:41.893 D/HwWifiConnectivityMonitor(  657): handleTopUidInternetStatusChanged, uid = 11422, status = 0
06-24 15:38:41.894 D/HuaweiWifiWatchdogStateMachine(  657): dumpTcpResult: len=10,rtt=124,rttPkt=17,rttWn=0,cgt=16,cgtWn=8887186
06-24 15:38:41.894 I/HuaweiWifiWatchdogStateMachine(  657): PTcp RTT:124, rtt pkt=17, tcp_rx=35, tcp_tx=55, tcp_reTran=2, rtRate=0.04
06-24 15:38:41.894 D/HuaweiWifiWatchdogStateMachine(  657): isRttGood is good, AvgRtt = 124, TotPkt = 17
06-24 15:38:41.894 D/HuaweiWifiWatchdogStateMachine(  657): mRssiBadCount =0, RSSI not bad.
06-24 15:38:41.894 D/HuaweiWifiWatchdogStateMachine(  657): detectNetworkAvailable:hw.wifipro.dns_fail_count = 64
06-24 15:38:41.894 D/HuaweiWifiWatchdogStateMachine(  657): detectNetworkAvailable: tcpRxPkts != 0, reset
06-24 15:38:41.894 I/HuaweiWifiWatchdogStateMachine(  657): rs ota tcp lr rttvb bad: false, false, false, false, false; rsth:-75
06-24 15:38:41.894 D/HuaweiWifiWatchdogStateMachine(  657): GSC:0, GSR:1.0, RSR:1.0, RTH:-75
06-24 15:38:41.894 D/HuaweiWifiWatchdogStateMachine(  657): goodperiod count=1, rb rttg sg =false, true, false
06-24 15:38:41.894 D/HuaweiWifiWatchdogStateMachine(  657): bqeLevel = 3 rtt=124,rtt_pkts=17 speed=1944 rssi=-41
06-24 15:38:41.894 D/HuaweiWifiWatchdogStateMachine(  657): Enter updateQoeLevel level = 3
06-24 15:38:41.894 D/HuaweiWifiWatchdogStateMachine(  657): updateQoeLevel current level equal to mLastDetectLevel, return
06-24 15:38:41.894 I/HuaweiWifiWatchdogStateMachine(  657):  pkt chk not bad, reset sc to 0.
06-24 15:38:41.894 D/HuaweiWifiWatchdogStateMachine(  657): ### mPktChkBadCnt=0
06-24 15:38:41.906 D/HwWifiStatStore(  657): handleMessage : 200
06-24 15:38:41.921 I/dex2oat (27214): dex2oat took 414.178ms (1.020s cpu) (threads: 4) arena alloc=142KB (145608B) java alloc=2MB (3143720B) native alloc=4MB (4696240B) free=2MB (2119504B)
06-24 15:38:41.934 D/PMS11422(  657): package:com.excelliance.dualaid, input flags:128, output hwFlags:0
06-24 15:38:41.972 W/dex2oat (27240): Using default instruction set features for ARM CPU variant (default) using conservative defaults
06-24 15:38:41.972 I/dex2oat (27240): /system/bin/dex2oat -j4 --dex-file=/data/data/com.excelliance.dualaid/.platformcache/kxqpplatform2.jar --output-vdex-fd=50 --oat-fd=51 --oat-location=/data/data/com.excelliance.dualaid/.platformcache/oat/arm/kxqpplatform2.odex --compiler-filter=quicken
06-24 15:38:41.972 I/cutils-trace(27240): atrace_init_once, trace_marker_path = /sys/kernel/debug/tracing/trace_marker
06-24 15:38:41.989 I/GRALLOC (  679): 	 shrFd=10,fmt=0x1,intFmt=0x200000001,btStrd=4352,size=8486912,pid=679 
06-24 15:38:41.989 I/GRALLOC (  679): 	 yuv=2,w=1080,h=1920,Stride u=0 v=0,offset u=0 v=0 
06-24 15:38:41.989 I/GRALLOC (  679): 	 iova_size=8486912,conUsg=0xb00,proUsg=0xb00,	 strd=1088,[afbc]HdrStrd=1088 PyldStrd=69632 Scrmbl=2,ionhnd = 1 
06-24 15:38:42.040 I/GRALLOC (  679): 	 shrFd=10,fmt=0x1,intFmt=0x200000001,btStrd=4352,size=8486912,pid=679 
06-24 15:38:42.040 I/GRALLOC (  679): 	 yuv=2,w=1080,h=1920,Stride u=0 v=0,offset u=0 v=0 
06-24 15:38:42.040 I/GRALLOC (  679): 	 iova_size=8486912,conUsg=0xb00,proUsg=0xb00,	 strd=1088,[afbc]HdrStrd=1088 PyldStrd=69632 Scrmbl=2,ionhnd = 1 
06-24 15:38:42.278 I/dex2oat (27240): dex2oat took 306.444ms (444.848ms cpu) (threads: 4) arena alloc=3KB (3728B) java alloc=2MB (2299856B) native alloc=2MB (2308728B) free=2MB (2934152B)
06-24 15:38:42.290 D/PMS11422(  657): package:com.excelliance.dualaid, input flags:0, output hwFlags:0
06-24 15:38:42.302 E/MemoryLeakMonitorManager(27170): MemoryLeakMonitor.jar is not exist!
06-24 15:38:42.303 D/KXQPApplication(27170): run: initUserManager
06-24 15:38:42.304 D/CrashHandler(27170): CrashHandler
06-24 15:38:42.305 E/Minikin (27170): Could not get cmap table size!
06-24 15:38:42.306 D/PMS11422(  657): package:com.excelliance.dualaid, input flags:128, output hwFlags:0
06-24 15:38:42.314 D/AirPushService(27170): 第一次触发
06-24 15:38:42.314 D/SmtServService(27170): MSG_LOAD_PLT GameUtil.isPtLoaded() = false
06-24 15:38:42.315 I/HwCust  (27170): Constructor found for class android.net.HwCustConnectivityManagerImpl
06-24 15:38:42.315 D/HwCust  (27170): Create obj success use class android.net.HwCustConnectivityManagerImpl
06-24 15:38:42.315 I/zygote  (27144): Do partial code cache collection, code=27KB, data=27KB
06-24 15:38:42.316 I/zygote  (27144): After code cache collection, code=27KB, data=27KB
06-24 15:38:42.316 I/zygote  (27144): Increasing code cache capacity to 128KB
06-24 15:38:42.316 D/NetworkStateReceiver(27170): netWorkConnected = true
06-24 15:38:42.316 D/AirPushUtils(27170): startPushInfo
06-24 15:38:42.320 D/PMS1000 (  657): package:com.excelliance.dualaid, input flags:8192, output hwFlags:0
06-24 15:38:42.320 D/AirPushService(27170): 第一次设置Alarm
06-24 15:38:42.320 D/AirPushService(27170): resetPushAlarm
06-24 15:38:42.321 D/SmtServService(27170): pull info
06-24 15:38:42.321 D/SmtServService(27170): diffTime = 1529825922321
06-24 15:38:42.321 D/SmtServService(27170): pushInfoFromServer
06-24 15:38:42.322 D/PMS1001 (  657): package:com.excelliance.dualaid, input flags:0, output hwFlags:0
06-24 15:38:42.322 D/AirPushPreferences(27170): setLastPushTime
06-24 15:38:42.327 D/PMS11422(  657): package:com.excelliance.dualaid, input flags:0, output hwFlags:0
06-24 15:38:42.338 I/zygote  (27170): Do partial code cache collection, code=27KB, data=31KB
06-24 15:38:42.340 D/launch-time-RU(27170): preload 24 classes cost 22ms
06-24 15:38:42.353 I/zygote  (27170): After code cache collection, code=11KB, data=18KB
06-24 15:38:42.354 I/zygote  (27170): Increasing code cache capacity to 128KB
06-24 15:38:42.355 D/PMS11422(  657): package:com.excelliance.dualaid, input flags:128, output hwFlags:0
06-24 15:38:42.361 D/StatisticsManager(27170): Query time diff:1529825922361
06-24 15:38:42.368 I/chatty  (  657): uid=1000(system) Binder:657_5 identical 3 lines
06-24 15:38:42.369 D/PMS11422(  657): package:com.excelliance.dualaid, input flags:128, output hwFlags:0
06-24 15:38:42.373 D/PMS11422(  657): package:com.excelliance.dualaid, input flags:128, output hwFlags:0
06-24 15:38:42.375 D/StatisticsManager(27170): Query time diff:1529825922375
06-24 15:38:42.379 D/StatisticsManager(27170): Query time diff:1529825922379
06-24 15:38:42.410 D/AirPushDBHelper(27170): onCreate: pushitemnew
06-24 15:38:42.412 D/AirPushDBHelper(27170): selection = type=? and index_=(select max(index_) from pushitemnew where type=?) , key = vip
06-24 15:38:42.412 D/AirPushDBHelper(27170): selection = type=? and index_=(select max(index_) from pushitemnew where type=?) , key = update
06-24 15:38:42.412 D/AirPushDBHelper(27170): selection = type=? and index_=(select max(index_) from pushitemnew where type=?) , key = officalActivity
06-24 15:38:42.413 D/AirPushDBHelper(27170): selection = type=? and index_=(select max(index_) from pushitemnew where type=?) , key = news
06-24 15:38:42.413 D/AirPushDBHelper(27170): selection = type=? and index_=(select max(index_) from pushitemnew where type=?) , key = target
06-24 15:38:42.413 D/AirPushDBHelper(27170): selection = type=? and index_=(select max(index_) from pushitemnew where type=?) , key = batch
06-24 15:38:42.413 D/AirPushDBHelper(27170): selection = type=? and index_=(select max(index_) from pushitemnew where type=?) , key = skipTarget
06-24 15:38:42.413 D/AirPushDBHelper(27170): selection = type=? and index_=(select max(index_) from pushitemnew where type=?) , key = thirdApp
06-24 15:38:42.414 D/PushItem(27170): indexJson = {}
06-24 15:38:42.414 D/AirPushService(27170): dataJson = {}
06-24 15:38:42.414 V/AirPushService(27170): ver :e30%3D%0A
06-24 15:38:42.415 D/VersionManager(27170): httpsRequest getURL = https://mto.multiopen.cn/pushmess.php?ver=466&mainver=231200&data=e30%3D%0A&wxCode=1321&subchid=1&sdkV=8.0.0&pkg=com.excelliance.dualaid&chid=10019&issl=1&compver=54302&wxVerName=6.6.7&vn=4.0.6&model=stf-al10&api=26&brand=honor&aid=f0c2426fc7560cf5
06-24 15:38:42.415 D/NetworkSecurityConfig(27170): No Network Security Config specified, using platform default
06-24 15:38:42.417 W/libc    (  493): Set property "hw.wifi.dns_stat" to "32053,27642,5028,1,52352"
06-24 15:38:42.445 D/PMS1000 (  657): package:com.excelliance.dualaid, input flags:1024, output hwFlags:0
06-24 15:38:42.445 I/ActivityManager(  657): Need to start process com.excelliance.dualaid:lbcore for provider ContentProviderInfo{name=com.excelliance.dualaid:com.excelliance.kxqp.platform.PluginManagerProvider className=com.excelliance.kxqp.platform.PluginManagerProvider}, callerApp: ProcessRecord{e843cb4 27170:com.excelliance.dualaid/u0a1422}
06-24 15:38:42.445 V/ActivityManager(  657): startProcess: name=com.excelliance.dualaid:lbcore app=null knownToBeDead=false thread=null pid=-1
06-24 15:38:42.446 D/PMS1000 (  657): package:com.excelliance.dualaid, input flags:0, output hwFlags:0
06-24 15:38:42.450 D/GameUtil(27170): getSDKDataParam totalmem:5.60GB
06-24 15:38:42.452 D/VersionManager(27170): httpsRequest getURL = https://folder.appota.cn/genuser.php?chid=10019&subchid=1&vc=466&type=4&data=tbCbI6ooWmOSi%2BhP8At3K55rUDjOXjUCTTE1Q7OqeVGzpiL1Dx8z2UKsv%2F2w066OKzL65VOc%2FHNVNculXvpkfbOlpWKAPUf5ryVSFynVNa8UucDwm5e36rJ6e2Kpu%2B5ykc4DARTfkZV4Ad5N96d4%2BjApQCWZuWchybogtHpbAp5JGb2oE4RYpIUqF8au1pxTSmwBdD5PozvBfX2%2Bj4RIW8u13M8ksM63bQoy2eR4WdDx%2BqZexoey63Hms3xqJyQkd3PFvljbOMDFV5%2BIsI0F%2B0cTu0Poz37kp440m4BdEnDxUpl%2F2SWQiyGENywr4rII2GFixGV6F3FTP2B6Iz%2Bp9XPgTT1Q8jOobYd0%2B7qf7bpZ2AyYZuCae%2FN%2FDrbd9ARIKpXrBwZ7SdplMO1nzphjQUqGRQMAlrO9Oa0Du6EV17%2FgN7YtgBzuJRHbP0GgVSdnIEYbOUnjg9adLEk2nhpRcwGYdX7bJ5%2FC%2FGVy8QMvFO%2FVJ5uAYH82VV6bvSarVkuFeotJT4yadRHbDkYGgVZfCDPVS%2FOPcQttSZtkoN3AjIdEC3B%2BjPtytpdTQYFvI9Ol&issl=1
06-24 15:38:42.455 I/ActivityManager(  657): Start proc 27299:com.excelliance.dualaid:lbcore/u0a1422 for content provider com.excelliance.dualaid/com.excelliance.kxqp.platform.PluginManagerProvider
06-24 15:38:42.455 I/        (27299): power log dlsym ok
06-24 15:38:42.455 V/ActivityManager_MU(  657): Waiting to start provider ContentProviderRecord{baa0e81 u0 com.excelliance.dualaid/com.excelliance.kxqp.platform.PluginManagerProvider} launchingApp=ProcessRecord{b18ca68 27299:com.excelliance.dualaid:lbcore/u0a1422} caller pid= 27170
06-24 15:38:42.456 I/zygote  (27299): Reinit property: dalvik.vm.checkjni= false
06-24 15:38:42.461 I/NetworkSpeedManagerEx( 1513): mIsStop = false
06-24 15:38:42.461 I/NetworkSpeedManagerEx( 1513):  runInThread getTetherStats
06-24 15:38:42.462 I/NetworkSpeedManagerEx( 1513):  runInUI refreshSpeed
06-24 15:38:42.463 D/ActivityThread(27299): ActivityThread,attachApplication
06-24 15:38:42.463 I/NetworkSpeedManagerEx( 1513): value=2391.6667speed = 2.3
06-24 15:38:42.463 I/NetworkSpeedManagerEx( 1513): K/smIsShowLastSpeedValuefalse
06-24 15:38:42.463 I/NetworkSpeedView( 1513): /update(), speed=2.3
06-24 15:38:42.463 I/NetworkSpeedView( 1513): K/s parent class:class com.android.systemui.statusbar.HwSystemIcons
06-24 15:38:42.464 D/ActivityManager(  657): ActivityManagerService,attachApplication,callingPid = 27299
06-24 15:38:42.464 W/X509TrustManager(27170): checkServerTrusted: SignatureException:null
06-24 15:38:42.464 W/X509TrustManager(27170): checkServerTrusted: SignatureException:error:04000073:RSA routines:OPENSSL_internal:DATA_TOO_LARGE_FOR_MODULUS
06-24 15:38:42.470 W//system/bin/hwservicemanager(  416): Cannot open /odm/manifest.xml
06-24 15:38:42.487 W/X509TrustManager(27170): checkServerTrusted: SignatureException:null
06-24 15:38:42.488 W/X509TrustManager(27170): checkServerTrusted: SignatureException:error:04000073:RSA routines:OPENSSL_internal:DATA_TOO_LARGE_FOR_MODULUS
06-24 15:38:42.499 W//system/bin/hwservicemanager(  416): Cannot open /odm/manifest.xml
06-24 15:38:42.501 I/GRALLOC (  679): 	 shrFd=10,fmt=0x1,intFmt=0x1,btStrd=256,size=4096,pid=679 
06-24 15:38:42.501 I/GRALLOC (  679): 	 yuv=2,w=16,h=16,Stride u=0 v=0,offset u=0 v=0 
06-24 15:38:42.501 I/GRALLOC (  679): 	 iova_size=4096,conUsg=0x100,proUsg=0x100,	 strd=64,[afbc]HdrStrd=0 PyldStrd=0 Scrmbl=0,ionhnd = 1 
06-24 15:38:42.502 I/NetworkSpeedManagerEx( 1513): mIsStop = false
06-24 15:38:42.502 D/HwFLClassLoader(27299): get used feature list :/feature/used-list failed!
06-24 15:38:42.502 D/HwFLClassLoader(27299): USE_FEATURE_LIST had not init! 
06-24 15:38:42.502 I/NetworkSpeedManagerEx( 1513):  runInThread getTetherStats
06-24 15:38:42.503 I/NetworkSpeedManagerEx( 1513):  runInUI refreshSpeed
06-24 15:38:42.503 I/NetworkSpeedManagerEx( 1513): value=4551.6665speed = 4.4
06-24 15:38:42.503 I/NetworkSpeedManagerEx( 1513): K/smIsShowLastSpeedValuefalse
06-24 15:38:42.503 I/NetworkSpeedView( 1513): /update(), speed=4.4
06-24 15:38:42.503 I/NetworkSpeedView( 1513): K/s parent class:class com.android.systemui.statusbar.HwSystemIcons
06-24 15:38:42.515 D/AirPushService(27170): result = {"period":"r","vip":{"index_":"","data":""},"update":{"index_":"","data":""},"officalActivity":{"index_":"","data":""},"news":{"index_":"","data":""},"target":{"index_":"","data":""},"batch":{"index_":"","data":""},"skipTarget":{"index_":"","data":""},"thirdApp":{"index_":"","data":""}}
06-24 15:38:42.515 D/AirPushService(27170): handleCheckerSaveToDB
06-24 15:38:42.515 D/AirPushUtils(27170): startDbOver
06-24 15:38:42.516 D/PMS11422(  657): package:com.excelliance.dualaid, input flags:128, output hwFlags:0
06-24 15:38:42.520 D/SmtServService(27170): db write over
06-24 15:38:42.522 D/SmtServService(27170): gameCenterFirstStart = true
06-24 15:38:42.536 E/WifiHAL (  706): enter wifi_get_link_stats
06-24 15:38:42.541 E/wificond(  765): Failed to get NL80211_STA_INFO_CNAHLOAD
06-24 15:38:42.542 E/WificondControl(  657): Noise: -91, Snr: 0, Chload: -1
06-24 15:38:42.542 D/HwWifiCHRStateManager(  657): handleMessage : 1001
06-24 15:38:42.542 D/HwWifiCHRStateManager(  657): handleUpdateChannel:5805
06-24 15:38:42.542 V/HwWifiServiceFactory(  657): get AllImpl object = com.android.server.wifi.HwWifiServiceFactoryImpl@a390a53
06-24 15:38:42.543 D/WifiScoreReport(  657): Score = 100, wifiConnectivityManagerEnabled = false, lowScoreCount = 0
06-24 15:38:42.555 D/VersionManager(27170): uid=353
06-24 15:38:42.560 D/launch-time-RU(27299): preload 24 classes cost 19ms
06-24 15:38:42.597 D/ActivityThread(27299): Loading provider com.excelliance.dualaid:com.excelliance.kxqp.platform.PluginManagerProvider: com.excelliance.kxqp.platform.PluginManagerProvider
06-24 15:38:42.597 D/PMS11422(  657): package:com.excelliance.dualaid, input flags:0, output hwFlags:0
06-24 15:38:42.604 D/PMS1000 (  657): package:com.excelliance.dualaid, input flags:8192, output hwFlags:0
06-24 15:38:42.606 D/PMS1001 (  657): package:com.excelliance.dualaid, input flags:0, output hwFlags:0
06-24 15:38:42.610 D/PMS11422(  657): package:com.excelliance.dualaid, input flags:0, output hwFlags:0
06-24 15:38:42.613 D/PMS11422(  657): package:com.excelliance.dualaid:lbcore, input flags:0, output is null
06-24 15:38:42.614 I/Bluetooth_framework(  657): BluetoothManagerService:Added callback: android.bluetooth.IBluetoothManagerCallback$Stub$Proxy@de42514:true pid = 27299
06-24 15:38:42.617 D/PMS11422(  657): package:com.excelliance.dualaid, input flags:128, output hwFlags:0
06-24 15:38:42.632 I/LBVMD-LBPMS(27299): LBVMRT: version 54302:543.02
06-24 15:38:42.633 E/zygote  (27299): Invalid capacity given to EnsureLocalCapacity: 800
06-24 15:38:42.645 I/HwCust  (27299): Constructor found for class android.net.HwCustConnectivityManagerImpl
06-24 15:38:42.645 D/HwCust  (27299): Create obj success use class android.net.HwCustConnectivityManagerImpl
06-24 15:38:42.653 D/PMS11422(  657): package:com.excelliance.dualaid, input flags:0, output hwFlags:0
06-24 15:38:42.658 I/Pged-IPgedBinderService(  769): ****action is 2, pid num is 6***
06-24 15:38:42.658 I/Pged-Freezer(  769): thawPids
06-24 15:38:42.659 D/PgedBinderAdapter( 1699): unfrz ok, pid: [29457, 29531, 29347, 27318, 29532]
06-24 15:38:42.661 I/appium  (29532): Null child 13/20, parent: android.view.accessibility.AccessibilityNodeInfo@c40a; boundsInParent: Rect(0, 0 - 1056, 1550); boundsInScreen: Rect(12, 0 - 1068, 1514); packageName: com.huawei.android.launcher; className: android.view.ViewGroup; text: null; error: null; maxTextLength: -1; contentDescription: null; viewIdResName: null; checkable: false; checked: false; focusable: false; focused: false; selected: false; clickable: false; longClickable: false; contextClickable: false; enabled: true; password: false; scrollable: false; importantForAccessibility: false; actions: [AccessibilityAction: ACTION_SELECT - null, AccessibilityAction: ACTION_CLEAR_SELECTION - null, AccessibilityAction: ACTION_ACCESSIBILITY_FOCUS - null, AccessibilityAction: ACTION_SHOW_ON_SCREEN - null]
06-24 15:38:42.662 I/appium  (29532): Null child 14/20, parent: android.view.accessibility.AccessibilityNodeInfo@c40a; boundsInParent: Rect(0, 0 - 1056, 1550); boundsInScreen: Rect(12, 0 - 1068, 1514); packageName: com.huawei.android.launcher; className: android.view.ViewGroup; text: null; error: null; maxTextLength: -1; contentDescription: null; viewIdResName: null; checkable: false; checked: false; focusable: false; focused: false; selected: false; clickable: false; longClickable: false; contextClickable: false; enabled: true; password: false; scrollable: false; importantForAccessibility: false; actions: [AccessibilityAction: ACTION_SELECT - null, AccessibilityAction: ACTION_CLEAR_SELECTION - null, AccessibilityAction: ACTION_ACCESSIBILITY_FOCUS - null, AccessibilityAction: ACTION_SHOW_ON_SCREEN - null]
06-24 15:38:42.662 I/appium  (29532): Null child 15/20, parent: android.view.accessibility.AccessibilityNodeInfo@c40a; boundsInParent: Rect(0, 0 - 1056, 1550); boundsInScreen: Rect(12, 0 - 1068, 1514); packageName: com.huawei.android.launcher; className: android.view.ViewGroup; text: null; error: null; maxTextLength: -1; contentDescription: null; viewIdResName: null; checkable: false; checked: false; focusable: false; focused: false; selected: false; clickable: false; longClickable: false; contextClickable: false; enabled: true; password: false; scrollable: false; importantForAccessibility: false; actions: [AccessibilityAction: ACTION_SELECT - null, AccessibilityAction: ACTION_CLEAR_SELECTION - null, AccessibilityAction: ACTION_ACCESSIBILITY_FOCUS - null, AccessibilityAction: ACTION_SHOW_ON_SCREEN - null]
06-24 15:38:42.663 I/appium  (29532): Null child 16/20, parent: android.view.accessibility.AccessibilityNodeInfo@c40a; boundsInParent: Rect(0, 0 - 1056, 1550); boundsInScreen: Rect(12, 0 - 1068, 1514); packageName: com.huawei.android.launcher; className: android.view.ViewGroup; text: null; error: null; maxTextLength: -1; contentDescription: null; viewIdResName: null; checkable: false; checked: false; focusable: false; focused: false; selected: false; clickable: false; longClickable: false; contextClickable: false; enabled: true; password: false; scrollable: false; importantForAccessibility: false; actions: [AccessibilityAction: ACTION_SELECT - null, AccessibilityAction: ACTION_CLEAR_SELECTION - null, AccessibilityAction: ACTION_ACCESSIBILITY_FOCUS - null, AccessibilityAction: ACTION_SHOW_ON_SCREEN - null]
06-24 15:38:42.664 I/appium  (29532): Null child 17/20, parent: android.view.accessibility.AccessibilityNodeInfo@c40a; boundsInParent: Rect(0, 0 - 1056, 1550); boundsInScreen: Rect(12, 0 - 1068, 1514); packageName: com.huawei.android.launcher; className: android.view.ViewGroup; text: null; error: null; maxTextLength: -1; contentDescription: null; viewIdResName: null; checkable: false; checked: false; focusable: false; focused: false; selected: false; clickable: false; longClickable: false; contextClickable: false; enabled: true; password: false; scrollable: false; importantForAccessibility: false; actions: [AccessibilityAction: ACTION_SELECT - null, AccessibilityAction: ACTION_CLEAR_SELECTION - null, AccessibilityAction: ACTION_ACCESSIBILITY_FOCUS - null, AccessibilityAction: ACTION_SHOW_ON_SCREEN - null]
06-24 15:38:42.664 V/HwWidgetFactory(27299): : successes to get AllImpl object and return....
06-24 15:38:42.665 I/appium  (29532): Null child 18/20, parent: android.view.accessibility.AccessibilityNodeInfo@c40a; boundsInParent: Rect(0, 0 - 1056, 1550); boundsInScreen: Rect(12, 0 - 1068, 1514); packageName: com.huawei.android.launcher; className: android.view.ViewGroup; text: null; error: null; maxTextLength: -1; contentDescription: null; viewIdResName: null; checkable: false; checked: false; focusable: false; focused: false; selected: false; clickable: false; longClickable: false; contextClickable: false; enabled: true; password: false; scrollable: false; importantForAccessibility: false; actions: [AccessibilityAction: ACTION_SELECT - null, AccessibilityAction: ACTION_CLEAR_SELECTION - null, AccessibilityAction: ACTION_ACCESSIBILITY_FOCUS - null, AccessibilityAction: ACTION_SHOW_ON_SCREEN - null]
06-24 15:38:42.665 D/PMS11422(  657): package:com.excelliance.dualaid, input flags:0, output hwFlags:0
06-24 15:38:42.666 I/appium  (29532): Null child 19/20, parent: android.view.accessibility.AccessibilityNodeInfo@c40a; boundsInParent: Rect(0, 0 - 1056, 1550); boundsInScreen: Rect(12, 0 - 1068, 1514); packageName: com.huawei.android.launcher; className: android.view.ViewGroup; text: null; error: null; maxTextLength: -1; contentDescription: null; viewIdResName: null; checkable: false; checked: false; focusable: false; focused: false; selected: false; clickable: false; longClickable: false; contextClickable: false; enabled: true; password: false; scrollable: false; importantForAccessibility: false; actions: [AccessibilityAction: ACTION_SELECT - null, AccessibilityAction: ACTION_CLEAR_SELECTION - null, AccessibilityAction: ACTION_ACCESSIBILITY_FOCUS - null, AccessibilityAction: ACTION_SHOW_ON_SCREEN - null]
06-24 15:38:42.667 I/appium  (29532): Null child 2/3, parent: android.view.accessibility.AccessibilityNodeInfo@9abf; boundsInParent: Rect(0, 0 - 1080, 1580); boundsInScreen: Rect(0, 0 - 1080, 1532); packageName: com.huawei.android.launcher; className: android.view.ViewGroup; text: null; error: null; maxTextLength: -1; contentDescription: null; viewIdResName: com.huawei.android.launcher:id/workspace_screen; checkable: false; checked: false; focusable: false; focused: false; selected: false; clickable: true; longClickable: true; contextClickable: false; enabled: true; password: false; scrollable: false; importantForAccessibility: true; actions: [AccessibilityAction: ACTION_SELECT - null, AccessibilityAction: ACTION_CLEAR_SELECTION - null, AccessibilityAction: ACTION_CLICK - null, AccessibilityAction: ACTION_LONG_CLICK - null, AccessibilityAction: ACTION_ACCESSIBILITY_FOCUS - null, AccessibilityAction: ACTION_SHOW_ON_SCREEN - null]
06-24 15:38:42.666 D/PMS11422(  657): package:com.excelliance.dualaid, input flags:0, output hwFlags:0
06-24 15:38:42.667 V/ActivityManager(  657): Successfully start provider ContentProviderRecord{baa0e81 u0 com.excelliance.dualaid/com.excelliance.kxqp.platform.PluginManagerProvider} launchingApp=ProcessRecord{b18ca68 27299:com.excelliance.dualaid:lbcore/u0a1422} caller pid= 27170
06-24 15:38:42.667 E/MemoryLeakMonitorManager(27299): MemoryLeakMonitor.jar is not exist!
06-24 15:38:42.668 D/KXQPApplication(27299): run: initUserManager
06-24 15:38:42.668 I/appium  (29532): Null child 3/4, parent: android.view.accessibility.AccessibilityNodeInfo@78f6; boundsInParent: Rect(2160, 0 - 3240, 1920); boundsInScreen: Rect(0, 0 - 1080, 1920); packageName: com.huawei.android.launcher; className: android.view.ViewGroup; text: null; error: null; maxTextLength: -1; contentDescription: 第 3 屏，共 4 屏; viewIdResName: com.huawei.android.launcher:id/workspace; checkable: false; checked: false; focusable: false; focused: false; selected: false; clickable: false; longClickable: false; contextClickable: false; enabled: true; password: false; scrollable: true; importantForAccessibility: true; actions: [AccessibilityAction: ACTION_SELECT - null, AccessibilityAction: ACTION_CLEAR_SELECTION - null, AccessibilityAction: ACTION_ACCESSIBILITY_FOCUS - null, AccessibilityAction: ACTION_NEXT_AT_MOVEMENT_GRANULARITY - null, AccessibilityAction: ACTION_PREVIOUS_AT_MOVEMENT_GRANULARITY - null, AccessibilityAction: ACTION_SET_SELECTION - null, AccessibilityAction: ACTION_SHOW_ON_SCREEN - null]
06-24 15:38:42.671 E/MemoryLeakMonitorManager(27299): MemoryLeakMonitor.jar is not exist!
06-24 15:38:42.672 E/Minikin (27299): Could not get cmap table size!
06-24 15:38:42.672 D/PMS11422(  657): package:com.excelliance.dualaid, input flags:128, output hwFlags:0
06-24 15:38:42.673 I/appium  (29532): Null child 1/4, parent: android.view.accessibility.AccessibilityNodeInfo@8bbb; boundsInParent: Rect(0, 0 - 1080, 1920); boundsInScreen: Rect(0, 0 - 1080, 1920); packageName: com.huawei.android.launcher; className: android.widget.FrameLayout; text: null; error: null; maxTextLength: -1; contentDescription: null; viewIdResName: com.huawei.android.launcher:id/drag_layer; checkable: false; checked: false; focusable: false; focused: false; selected: false; clickable: false; longClickable: false; contextClickable: false; enabled: true; password: false; scrollable: false; importantForAccessibility: false; actions: [AccessibilityAction: ACTION_SELECT - null, AccessibilityAction: ACTION_CLEAR_SELECTION - null, AccessibilityAction: ACTION_ACCESSIBILITY_FOCUS - null, AccessibilityAction: ACTION_SHOW_ON_SCREEN - null]
06-24 15:38:42.673 I/appium  (29532): Null child 2/4, parent: android.view.accessibility.AccessibilityNodeInfo@8bbb; boundsInParent: Rect(0, 0 - 1080, 1920); boundsInScreen: Rect(0, 0 - 1080, 1920); packageName: com.huawei.android.launcher; className: android.widget.FrameLayout; text: null; error: null; maxTextLength: -1; contentDescription: null; viewIdResName: com.huawei.android.launcher:id/drag_layer; checkable: false; checked: false; focusable: false; focused: false; selected: false; clickable: false; longClickable: false; contextClickable: false; enabled: true; password: false; scrollable: false; importantForAccessibility: false; actions: [AccessibilityAction: ACTION_SELECT - null, AccessibilityAction: ACTION_CLEAR_SELECTION - null, AccessibilityAction: ACTION_ACCESSIBILITY_FOCUS - null, AccessibilityAction: ACTION_SHOW_ON_SCREEN - null]
06-24 15:38:42.673 E/MemoryLeakMonitorManager(27170): MemoryLeakMonitor.jar is not exist!
06-24 15:38:42.674 W/PackageParser(27299): No actions in intent filter at /data/app/com.huawei.hwid-Sc7ADDdoDYIYREll7tj_iw==/base.apk Binary XML file line #1412
06-24 15:38:42.674 I/appium  (29532): Null child 3/4, parent: android.view.accessibility.AccessibilityNodeInfo@8bbb; boundsInParent: Rect(0, 0 - 1080, 1920); boundsInScreen: Rect(0, 0 - 1080, 1920); packageName: com.huawei.android.launcher; className: android.widget.FrameLayout; text: null; error: null; maxTextLength: -1; contentDescription: null; viewIdResName: com.huawei.android.launcher:id/drag_layer; checkable: false; checked: false; focusable: false; focused: false; selected: false; clickable: false; longClickable: false; contextClickable: false; enabled: true; password: false; scrollable: false; importantForAccessibility: false; actions: [AccessibilityAction: ACTION_SELECT - null, AccessibilityAction: ACTION_CLEAR_SELECTION - null, AccessibilityAction: ACTION_ACCESSIBILITY_FOCUS - null, AccessibilityAction: ACTION_SHOW_ON_SCREEN - null]
06-24 15:38:42.674 I/appium  (29532): Fetch time: 1556ms
06-24 15:38:42.675 D/SmtServService(27170): MSG_LOAD_PLT after msg.obj
06-24 15:38:42.675 W/PackageParser(27299): No actions in intent filter at /data/app/com.huawei.hwid-Sc7ADDdoDYIYREll7tj_iw==/base.apk Binary XML file line #1680
06-24 15:38:42.676 W/PackageParser(27299): No actions in intent filter at /data/app/com.huawei.hwid-Sc7ADDdoDYIYREll7tj_iw==/base.apk Binary XML file line #1694
06-24 15:38:42.680 V/ActivityManager(  657): Attempted to start a foreground service (ComponentInfo{com.excelliance.dualaid/com.excelliance.kxqp.platform.TrampolineService}) with a broken notification (no icon: Notification(channel=null pri=0 contentView=null vibrate=null sound=null defaults=0x0 flags=0x40 color=0x00000000 vis=PRIVATE))
06-24 15:38:42.688 I/appium  (29532): AppiumResponse: {"sessionId":"2d604340-25b7-4bc5-874b-09ac3bd169d8","status":0,"value":"<?xml version=\"1.0\" encoding=\"UTF-8\"?><hierarchy rotation=\"0\"><android.widget.FrameLayout index=\"0\" text=\"\" class=\"android.widget.FrameLayout\" package=\"com.huawei.android.launcher\" content-desc=\"\" checkable=\"false\" checked=\"false\" clickable=\"false\" enabled=\"true\" focusable=\"false\" focused=\"false\" scrollable=\"false\" long-clickable=\"false\" password=\"false\" selected=\"false\" bounds=\"[0,0][1080,1920]\" resource-id=\"\" instance=\"0\"><android.widget.LinearLayout index=\"0\" text=\"\" class=\"android.widget.LinearLayout\" package=\"com.huawei.android.launcher\" content-desc=\"\" checkable=\"false\" checked=\"false\" clickable=\"false\" enabled=\"true\" focusable=\"false\" focused=\"false\" scrollable=\"false\" long-clickable=\"false\" password=\"false\" selected=\"false\" bounds=\"[0,0][1080,1920]\" resource-id=\"\" instance=\"0\"><android.widget.FrameLayout index=\"0\" text=\"\" class=\"android.widget.FrameLayout\" package=\"com.huawei.android.launcher\" content-desc=\"\" checkable=\"false\" checked=\"false\" clickable=\"false\" enabled=\"true\" focusable=\"false\" focused=\"false\" scrollable=\"false\" long-clickable=\"false\" password=\"false\" selected=\"false\" bounds=\"[0,0][1080,1920]\" resource-id=\"android:id\/content\" instance=\"1\"><android.widget.FrameLayout index=\"0\" text=\"\" class=\"android.widget.FrameLayout\" package=\"com.huawei.android.launcher\" content-desc=\"\" checkable=\"false\" checked=\"false\" clickable=\"false\" enabled=\"true\" focusable=\"false\" focused=\"false\" scrollable=\"false\" long-clickable=\"false\" password=\"false\" selected=\"false\" bounds=\"[0,0][1080,1920]\" resource-id=\"com.huawei.android.launcher:id\/drag_layer\" instance=\"2\"><android.view.ViewGroup index=\"0\" text=\"\" class=\"android.view.ViewGroup\" package=\"com.huawei.android.launcher\" content-desc=\"第 3 屏，共 4 屏\" checkable=\"false\" checked=\"false\" clickable=\"false\" enabled=\"true\" focusable=\"false\" focused=\"false\" scrollable=\"true\" long-clickable=\"false\" password=\"false\" selected=\"false\" bounds=\"[0,0][1080,1920]\" resource-id=\"com.huawei.android.launcher:id\/workspace\" instance=\"0\"><android.view.ViewGroup index=\"2\" text=\"\" class=\"android.view.ViewGroup\" package=\"com.huawei.android.launcher\" content-desc=\"\" checkable=\"false\" checked=\"false\" clickable=\"true\" enabled=\"true\" focusable=\"false\" focused=\"false\" scrollable=\"false\" long-clickable=\"true\" password=\"false\" selected=\"false\" bounds=\"[0,0][1080,1532]\" resource-id=\"com.huawei.android.launcher:id\/workspace_screen\" instance=\"1\"><android.widget.FrameLayout index=\"0\" text=\"\" class=\"android.widget.FrameLayout\" package=\"com.huawei.android.launcher\" content-desc=\"\" checkable=\"false\" checked=\"false\" clickable=\"false\" enabled=\"true\" focusable=\"false\" focused=\"false\" scrollable=\"false\" long-clickable=\"false\" password=\"false\" selected=\"false\" bounds=\"[12,0][1068,1514]\" resource-id=\"\" instance=\"3\"\/><android.view.ViewGroup index=\"1\" text=\"\" class=\"android.view.ViewGroup\" package=\"com.huawei.android.launcher\" content-desc=\"\" checkable=\"false\" checked=\"false\" clickable=\"false\" enabled=\"true\" focusable=\"false\" focused=\"false\" scrollable=\"false\" long-clickable=\"false\" password=\"false\" selected=\"false\" bounds=\"[12,0][1068,1514]\" resource-id=\"\" instance=\"2\"><android.widget.TextView index=\"0\" text=\"iTest\" class=\"android.widget.TextView\" package=\"com.huawei.android.launcher\" content-desc=\"\" checkable=\"false\" checked=\"false\" clickable=\"true\" enabled=\"true\" focusable=\"true\" focused=\"false\" scrollable=\"false\" long-clickable=\"true\" password=\"false\" selected=\"false\" bounds=\"[12,84][276,370]\" resource-id=\"\" instance=\"0\"\/><android.widget.TextView index=\"1\" text=\"WhatsApp\" class=\"android.widget.TextView\" package=\"com.huawei.android.launcher\" content-
06-24 15:38:42.692 E/zygote  (27299): Invalid capacity given to EnsureLocalCapacity: 592
06-24 15:38:42.701 D/HwNotificationManagerService(  657): recognize: tag=null, id=268435456, user=UserHandle{0}, pkg=com.excelliance.dualaid, uid=11422, callingPid=27299
06-24 15:38:42.701 D/PMS1000 (  657): package:com.excelliance.dualaid, input flags:0, output hwFlags:0
06-24 15:38:42.702 I/[HwRecSys]HwRecSysAidlService( 2647): doNotificationCollect -> current num:1
06-24 15:38:42.702 I/[HwRecSys]-Notification-NotificationUpdateController( 2647): startNotificationUpdate start!
06-24 15:38:42.702 W/SettingsEx( 2647): SettingsEx.Systemex.getInt deprecated use Settings.System.getInt instead ;callers=com.huawei.recsys.util.SystemUtil.getNotificationUpdateMode:169 com.huawei.recsys.util.SystemUtil.isAllowUpdate:104 com.huawei.recsys.controller.notification.http.NotificationUpdateController.startNotificationUpdate:85 
06-24 15:38:42.702 I/[HwRecSys]SystemUtil( 2647): isAllowUpdate mode:1
06-24 15:38:42.702 I/[HwRecSys]SystemUtil( 2647): isAllowUpdate isAllowUpdate:true
06-24 15:38:42.702 I/[HwRecSys]-Notification-NotificationUpdateController( 2647):  -> currentYear:2018
06-24 15:38:42.702 I/[HwRecSys]-Notification-NotificationUpdateController( 2647):  -> currentMonth:5
06-24 15:38:42.702 I/[HwRecSys]-Notification-NotificationUpdateController( 2647):  -> currentDay:24
06-24 15:38:42.702 I/[HwRecSys]-Notification-NotificationUpdateController( 2647):  -> oldYear:2018
06-24 15:38:42.702 I/[HwRecSys]-Notification-NotificationUpdateController( 2647):  -> oldMonth:5
06-24 15:38:42.702 I/[HwRecSys]-Notification-NotificationUpdateController( 2647):  -> oldDay:24
06-24 15:38:42.702 E/[HwRecSys]-Notification-NotificationUpdateController( 2647): startNotificationUpdate time is valid no need request
06-24 15:38:42.702 I/[HwRecSys]-Notification-NotificationController( 2647): doNotificationCollect start!
06-24 15:38:42.703 E/[HwRecSys]-Notification-NotificationController( 2647): HwDefaultLabels returnStr:107
06-24 15:38:42.703 E/[HwRecSys]-Notification-NotificationController( 2647): getChinese paramValue is null!
06-24 15:38:42.704 E/[HwRecSys]-Notification-NotificationController( 2647): doNotificationCollect getLabelByRegRules label:107
06-24 15:38:42.704 I/[HwRecSys]HwRecSysAidlService( 2647): doNotificationCollect ->  finally remote Num - 1 !
06-24 15:38:42.704 I/HwNotificationManagerService(  657): doNotificationCollect: pkg=com.excelliance.dualaid, uid=11422, hw_type=107, hw_btw=true
06-24 15:38:42.704 D/PMS1000 (  657): package:com.excelliance.dualaid, input flags:268435456, output hwFlags:0
06-24 15:38:42.704 D/PMS1000 (  657): package:com.excelliance.dualaid, input flags:0, output hwFlags:0
06-24 15:38:42.705 W/NotificationRecord(  657): Use default channel, The importance is:2
06-24 15:38:42.705 D/PMS1000 (  657): package:com.excelliance.dualaid, input flags:0, output hwFlags:0
06-24 15:38:42.705 V/ActivityManager(  657): Attempted to start a foreground service (ComponentInfo{com.excelliance.dualaid/com.excelliance.kxqp.platform.TrampolineService$EmptyService}) with a broken notification (no icon: Notification(channel=null pri=0 contentView=null vibrate=null sound=null defaults=0x0 flags=0x40 color=0x00000000 vis=PRIVATE))
