--------- beginning of main
06-24 16:20:49.727 W/libc    (  493): Set property "hw.wifi.dns_stat" to "33950,29411,5028,1,52593"
06-24 16:20:49.732 D/NetWorkUtils( 1513): mVSimCurCardType is -1
06-24 16:20:49.739 D/NetWorkUtils( 1513): mVSimCurCardType is -1
06-24 16:20:49.813 I/appium  (19530): channel read invoked!
06-24 16:20:49.813 I/appium  (19530): channel read: GET /wd/hub/status
06-24 16:20:49.816 I/appium  (19530): AppiumResponse: {"sessionId":"SESSIONID","status":0,"value":"Status Invoked"}
06-24 16:20:49.844 I/appium  (19530): channel read invoked!
06-24 16:20:49.844 I/appium  (19530): channel read: POST /wd/hub/session
06-24 16:20:49.846 D/appium  (19530): payload: {"desiredCapabilities":{"platform":"LINUX","webStorageEnabled":false,"takesScreenshot":true,"javascriptEnabled":true,"databaseEnabled":false,"networkConnectionEnabled":true,"locationContextEnabled":false,"warnings":{},"desired":{"platformName":"Android","platformVersion":"8.0.0\n","deviceName":"CSX0217930000442","appPackage":"com.excelliance.dualaid","appActivity":"com.excelliance.kxqp.ui.HelloActivity","newCommandTimeout":30000,"automationName":"uiautomator2"},"platformName":"Android","platformVersion":"8.0.0","deviceName":"CSX0217930000442","appPackage":"com.excelliance.dualaid","appActivity":"com.excelliance.kxqp.ui.HelloActivity","newCommandTimeout":30000,"automationName":"uiautomator2","deviceUDID":"CSX0217930000442","deviceScreenSize":"1080x1920","deviceScreenDensity":480,"deviceModel":"STF-AL10","deviceManufacturer":"HUAWEI"}}
06-24 16:20:49.850 I/appium  (19530): Session Created with SessionID:4dfb9834-f9e3-4bb5-8e08-7f8550328a86
06-24 16:20:49.850 I/appium  (19530): AppiumResponse: {"sessionId":"4dfb9834-f9e3-4bb5-8e08-7f8550328a86","status":0,"value":"Created Session"}
--------- beginning of system
06-24 16:20:49.969 I/ActivityManager(  657): Force stopping com.excelliance.dualaid appid=11423 user=0: from pid 19576by app
06-24 16:20:49.983 V/AlarmManager(  657): UninstallReceiver onReceive action:android.intent.action.PACKAGE_RESTARTED
06-24 16:20:49.986 D/HwBastetService(  657): BroadcastReceiver android.intent.action.PACKAGE_RESTARTED
06-24 16:20:49.993 I/HwCoreAppHelperService( 1478): LocalReceiver receives:android.intent.action.PACKAGE_RESTARTED,pkg:com.excelliance.dualaid,uid:11423
06-24 16:20:50.000 E/NfcNci  ( 2677): NfcUtils error: APP have nfc permission
06-24 16:20:50.001 D/HwGpsPowerTracker(  657): LocalReceiver receives:android.intent.action.PACKAGE_RESTARTED
06-24 16:20:50.006 D/PMS1000 (  657): package:com.excelliance.dualaid, input flags:0, output hwFlags:0
06-24 16:20:50.009 D/PMS1027 (  657): package:com.google.android.apps.walletnfcrel, input flags:8192, output is null
06-24 16:20:50.010 D/CarrierSvcBindHelper( 1715): No carrier app for: 0
06-24 16:20:50.012 D/CarrierSvcBindHelper( 1715): No carrier app for: 1
06-24 16:20:50.013 D/ApduServiceInfo( 2677): No com.nxp.nfc.extensions meta-data
06-24 16:20:50.022 I/chatty  ( 2677): uid=1027(nfc) com.android.nfc identical 3 lines
06-24 16:20:50.025 D/ApduServiceInfo( 2677): No com.nxp.nfc.extensions meta-data
06-24 16:20:50.025 E/ApduServiceInfo( 2677): SE extension not present, Setting default offhost seID
06-24 16:20:50.035 E/NfcNci  ( 2677): NfcUtils error: APP have nfc permission
06-24 16:20:50.235 I/ActivityManager(  657): START u0 {act=android.intent.action.MAIN cat=[android.intent.category.LAUNCHER] flg=0x10200000 cmp=com.excelliance.dualaid/com.excelliance.kxqp.ui.HelloActivity} from uid 2000
06-24 16:20:50.242 I/ash     ( 1699): front pkg : com.excelliance.dualaid launcher: false
06-24 16:20:50.242 I/ash     ( 1699): above launcher front pkgs: [com.excelliance.dualaid]
06-24 16:20:50.244 I/ActivityManager(  657): ActivityRecord info: ActivityInfo{ec0d84b com.excelliance.kxqp.ui.HelloActivity}
06-24 16:20:50.245 D/PMS1000 (  657): package:com.excelliance.dualaid, input flags:268436480, output hwFlags:0
06-24 16:20:50.249 I/PGServer( 1699): android calls fast hibernateApps
06-24 16:20:50.249 I/AppFastHibernation( 1699): fast hibernate duration: 1500 reason: start activity
06-24 16:20:50.250 I/Pged-IPgedBinderService(  769): ****action is 1, pid num is 6***
06-24 16:20:50.250 I/Pged-Freezer(  769): freezePids
06-24 16:20:50.250 I/Pged-Freezer(  769): Freeze process: 29457
06-24 16:20:50.250 I/Pged-Freezer(  769): Freeze process: 29531
06-24 16:20:50.250 D/PMS1000 (  657): package:com.excelliance.dualaid, input flags:1, output hwFlags:0
06-24 16:20:50.250 I/Pged-Freezer(  769): Freeze process: 14942
06-24 16:20:50.251 I/Pged-Freezer(  769): Freeze process: 15544
06-24 16:20:50.251 I/Pged-Freezer(  769): Freeze process: 19530
06-24 16:20:50.251 D/PgedBinderAdapter( 1699): frz ok, pid: [29457, 29531, 14942, 15544, 19530]
06-24 16:20:50.261 V/WindowManager(  657): addAppToken: AppWindowToken{842ae27 token=Token{d328e6 ActivityRecord{887eb41 u0 com.excelliance.dualaid/com.excelliance.kxqp.ui.HelloActivity t16035}}} controller={TaskWindowContainerController taskId=16035} at 2147483647
06-24 16:20:50.264 D/MotionDetectionManager( 2519): stopMotionAppsReco motionApps: 403
06-24 16:20:50.264 D/MotionDetectionManager( 2519): stopMotionAppsReco not recognition motionApps 403
06-24 16:20:50.264 W/HwLauncher( 2519): Launcher.MotionManager stopMotionAppsReco service flg 403 is unavailable
06-24 16:20:50.264 I/ActivityManager(  657): mWaitingActivityLaunched add ComponentName = null
06-24 16:20:50.265 V/ActivityManager(  657): startProcess: name=com.excelliance.dualaid:olle app=null knownToBeDead=true thread=null pid=-1
06-24 16:20:50.266 D/PMS1000 (  657): package:com.excelliance.dualaid, input flags:0, output hwFlags:0
06-24 16:20:50.273 I/ActivityManager(  657): Start proc 19580:com.excelliance.dualaid:olle/u0a1423 for activity com.excelliance.dualaid/com.excelliance.kxqp.ui.HelloActivity
06-24 16:20:50.274 V/WindowManager(  657): No longer Stopped: AppWindowToken{842ae27 token=Token{d328e6 ActivityRecord{887eb41 u0 com.excelliance.dualaid/com.excelliance.kxqp.ui.HelloActivity t16035}}}
06-24 16:20:50.274 V/ActivityManager(  657): startProcess: name=com.excelliance.dualaid:olle app=ProcessRecord{e9e38d4 19580:com.excelliance.dualaid:olle/u0a1423} knownToBeDead=true thread=null pid=19580
06-24 16:20:50.275 I/        (19580): power log dlsym ok
06-24 16:20:50.277 I/zygote  (19580): Reinit property: dalvik.vm.checkjni= false
06-24 16:20:50.289 D/ActivityThread(19580): ActivityThread,attachApplication
06-24 16:20:50.289 D/ActivityManager(  657): ActivityManagerService,attachApplication,callingPid = 19580
06-24 16:20:50.292 V/WindowManager(  657): No longer Stopped: AppWindowToken{842ae27 token=Token{d328e6 ActivityRecord{887eb41 u0 com.excelliance.dualaid/com.excelliance.kxqp.ui.HelloActivity t16035}}}
06-24 16:20:50.301 V/WindowManager(  657): findFocusedWindow: AppWindowToken{d3a938b token=Token{377755a ActivityRecord{d5c9105 u0 com.huawei.android.launcher/.unihome.UniHomeLauncher t15658}}} below Reached focused app=AppWindowToken{842ae27 token=Token{d328e6 ActivityRecord{887eb41 u0 com.excelliance.dualaid/com.excelliance.kxqp.ui.HelloActivity t16035}}}
06-24 16:20:50.302 D/ScenarioService( 1699): front pkg : com.excelliance.dualaid launcher: false
06-24 16:20:50.302 D/ScenarioService( 1699): new above launcher front pkgs: [com.excelliance.dualaid]
06-24 16:20:50.302 I/AppsUsage( 1699): scnOff:false FgAPP:com.excelliance.dualaid BgAPP:com.huawei.android.launcher
06-24 16:20:50.304 D/EmcomManagerService(  657): forePackage name is com.excelliance.dualaid
06-24 16:20:50.304 D/HicomPolicyManager(  657): foreAppInfo = nullpkgName = com.excelliance.dualaid uid= 11423
06-24 16:20:50.304 E/HicomPolicyManager(  657): udp acc is not start yet!
06-24 16:20:50.304 D/HicomPolicyManager(  657): speed control is not start
06-24 16:20:50.304 E/HicomPolicyManager(  657): Network Evaluation is not start yet!
06-24 16:20:50.304 E/HicomPolicyManager(  657): foreground app info is null
06-24 16:20:50.304 V/WindowManager(  657): Checking 1 opening apps (frozen=false timeout=false)...
06-24 16:20:50.304 V/WindowManager(  657): Check opening app=AppWindowToken{842ae27 token=Token{d328e6 ActivityRecord{887eb41 u0 com.excelliance.dualaid/com.excelliance.kxqp.ui.HelloActivity t16035}}}: allDrawn=false startingDisplayed=false startingMoved=false isRelaunching()=false
06-24 16:20:50.305 D/[HwRecSys]HwRecSysService( 2647): onEvent actionID: 10000 msg:com.excelliance.dualaid		
06-24 16:20:50.305 E/[HwRecSys]HwRecSysService( 2647): getIsRportDirectService is false!
06-24 16:20:50.305 I/PGServer( 1699): report state:10010 event type:2 pid:0 uid:0 pkg:com.huawei.android.launcher to pid: 657
06-24 16:20:50.305 I/PGServer( 1699): report state:10010 event type:2 pid:0 uid:0 pkg:com.huawei.android.launcher to pid: 1699
06-24 16:20:50.305 I/SceneReceiver( 1699): state type: 10010 eventType:2 pid:0 uid:0 pkg:com.huawei.android.launcher
06-24 16:20:50.305 I/PGServer( 1699): report state:10000 event type:1 pid:0 uid:0 pkg:com.excelliance.dualaid to pid: 657
06-24 16:20:50.305 D/HwQoEUtils(  657): mForegroundAppPackageName: com.excelliance.dualaid:olle ,score: 0
06-24 16:20:50.305 I/PGServer( 1699): report state:10000 event type:1 pid:0 uid:0 pkg:com.excelliance.dualaid to pid: 1699
06-24 16:20:50.305 I/SceneReceiver( 1699): state type: 10000 eventType:1 pid:0 uid:0 pkg:com.excelliance.dualaid
06-24 16:20:50.305 D/HwQoEUtils(  657): APP type: -1 appName= com.excelliance.dualaid:olle
06-24 16:20:50.305 D/HwQoEUtils(  657): RealAppName:com.excelliance.dualaid
06-24 16:20:50.305 D/HwThermalStateManager( 1699): current foreapp pkg : com.excelliance.dualaid
06-24 16:20:50.305 D/HwQoEUtils(  657): no game, APP_TYPE_GAME, appName =com.excelliance.dualaid:olle
06-24 16:20:50.305 D/PMS1000 (  657): package:com.excelliance.dualaid, input flags:0, output hwFlags:0
06-24 16:20:50.306 D/HwGameAssistantController(  657): pid=19580, uid=11423, foreground=true
06-24 16:20:50.308 W//system/bin/hwservicemanager(  416): Cannot open /odm/manifest.xml
06-24 16:20:50.309 W/libc    ( 1699): Set property "sys.aps.gameProcessName" to ""
06-24 16:20:50.309 W/AwareLog(  657): SchedLevelBoost: onFgActivitiesChanged config not set!
06-24 16:20:50.310 I/HwNetworkPolicy(  657): onTransact, code = 203
06-24 16:20:50.310 W/libc    ( 1699): Set property "sys.aps.browserProcessName" to ""
06-24 16:20:50.310 I/HwNetworkPolicyManager( 1813): getHwUidPolicy uid = 11423 policy = 0
06-24 16:20:50.310 I/PGServer( 1699): checkPkgType. calling pkg: android
06-24 16:20:50.310 I/PGServer( 1699): checkPkgType. calling pkg: android
06-24 16:20:50.312 I/PGServer( 1699): checkPkgType. calling pkg: com.huawei.iaware
06-24 16:20:50.312 V/AudioManager( 1699): setParameters  keyValuePairs: updateAppLowPowerParams=167783583
06-24 16:20:50.319 D/HwFLClassLoader(19580): get used feature list :/feature/used-list failed!
06-24 16:20:50.319 D/HwFLClassLoader(19580): USE_FEATURE_LIST had not init! 
06-24 16:20:50.322 W//system/bin/hwservicemanager(  416): Cannot open /odm/manifest.xml
06-24 16:20:50.324 I/GRALLOC (  679): 	 shrFd=10,fmt=0x1,intFmt=0x1,btStrd=256,size=4096,pid=679 
06-24 16:20:50.324 I/GRALLOC (  679): 	 yuv=2,w=16,h=16,Stride u=0 v=0,offset u=0 v=0 
06-24 16:20:50.324 I/GRALLOC (  679): 	 iova_size=4096,conUsg=0x100,proUsg=0x100,	 strd=64,[afbc]HdrStrd=0 PyldStrd=0 Scrmbl=0,ionhnd = 1 
06-24 16:20:50.334 E/MemoryLeakMonitorManager(19580): MemoryLeakMonitor.jar is not exist!
06-24 16:20:50.334 D/CrashHandler(19580): CrashHandler
06-24 16:20:50.335 E/Minikin (19580): Could not get cmap table size!
06-24 16:20:50.335 D/PMS11423(  657): package:com.excelliance.dualaid, input flags:128, output hwFlags:0
06-24 16:20:50.336 D/KXQPApplication(19580): run: initUserManager
06-24 16:20:50.344 I/HwCust  (19580): Constructor found for class android.app.HwCustActivityImpl
06-24 16:20:50.344 D/HwCust  (19580): Create obj success use class android.app.HwCustActivityImpl
06-24 16:20:50.346 V/HwPolicyFactory(19580): : success to get AllImpl object and return....
06-24 16:20:50.347 I/HwCust  (19580): Constructor found for class android.app.HwCustHwWallpaperManagerImpl
06-24 16:20:50.347 D/HwCust  (19580): Create obj success use class android.app.HwCustHwWallpaperManagerImpl
06-24 16:20:50.349 D/PMS11423(  657): package:com.excelliance.dualaid, input flags:0, output hwFlags:0
06-24 16:20:50.350 V/HwWidgetFactory(19580): : successes to get AllImpl object and return....
06-24 16:20:50.351 V/ActivityThread(19580): ActivityThread,callActivityOnCreate
06-24 16:20:50.352 D/HelloActivity(19580): Memory:25146M
06-24 16:20:50.353 D/HelloActivity(19580): onCreate: true
06-24 16:20:50.354 D/HelloActivity(19580): is code boot
06-24 16:20:50.357 D/HelloActivity(19580): mIsNav = false
06-24 16:20:50.375 D/HwRecentsLockUtils( 1513): Search
06-24 16:20:50.375 E/HsmCoreServiceImpl( 1478): onTransact in code is: 103
06-24 16:20:50.375 I/MediaProcessHandler( 1478): playingUids: 
06-24 16:20:50.375 D/ActivityManager(  657): Skipping, home or recents stack task: TaskRecord{333215f #15658 A=com.huawei.android.launcher U=0 StackId=0 sz=1}
06-24 16:20:50.375 D/ActivityManager(  657): Skipping intent:act=android.intent.action.MAIN cat=[android.intent.category.LAUNCHER] flg=0x10a00000 cmp=io.appium.settings/.Settings
06-24 16:20:50.375 D/ActivityManager(  657): Skipping intent:flg=0x10804000 cmp=com.android.systemui/.recents.RecentsActivity bnds=[48,928][1032,2296]
06-24 16:20:50.375 D/ActivityManager(  657): Skipping intent:flg=0x18800000 cmp=com.tencent.mm/.plugin.base.stub.WXPayEntryActivity
06-24 16:20:50.376 D/ActivityManager(  657): Skipping intent:flg=0x10800000 cmp=com.huawei.systemmanager/com.huawei.permissionmanager.ui.MainActivity
06-24 16:20:50.376 D/ActivityManager(  657): Skipping intent:flg=0x18800000 cmp=com.tencent.mm/.plugin.base.stub.WXEntryActivity
06-24 16:20:50.376 D/ActivityManager(  657): Skipping intent:act=com.huawei.action.VOICE_ASSISTANT flg=0x10800000 pkg=com.huawei.vassistant cmp=com.huawei.vassistant/.ui.main.VAssistantActivity
06-24 16:20:50.376 D/ActivityManager(  657): Skipping intent:act=com.huawei.android.launcher.action.ACCESS_SPLIT_SCREEN_APP cat=[android.intent.category.DEFAULT] flg=0x10804000 cmp=com.huawei.android.launcher/.splitscreen.SplitScreenAppActivity
06-24 16:20:50.376 D/ActivityManager(  657): Skipping intent:flg=0x10800000 pkg=com.excelliance.dualaid.b64 cmp=com.excelliance.dualaid.b64/com.excelliance.kxqp.sdk.PermissionRequestActivity
06-24 16:20:50.376 D/ActivityManager(  657): Skipping intent:act=android.intent.action.VIEW dat=content://com.excelliance.dualaid.fileProvider/external_storage_root/Download/apk/Multiple_64.apk typ=application/vnd.android.package-archive flg=0x10800001 cmp=com.android.packageinstaller/.InstallStart
06-24 16:20:50.376 D/ActivityManager(  657): Skipping intent:flg=0x10800000 cmp=com.android.systemui/.usb.HwUsbDebuggingActivity
06-24 16:20:50.376 D/ActivityManager(  657): Skipping intent:act=android.deviceinfo.chooser.action.LAUNCH flg=0x10800000 hwFlg=0x100 pkg=com.android.settings cmp=com.android.settings/.deviceinfo.UsbConnModeChooserActivity
06-24 16:20:50.376 D/ActivityManager(  657): Skipping intent:flg=0x10800000 cmp=com.zol.android/.push.KeepLiveActivity
06-24 16:20:50.376 D/ActivityManager(  657): Skipping intent:act=android.intent.action.MAIN cat=[android.intent.category.HOME] flg=0x10800300 cmp=com.android.settings/.FallbackHome
06-24 16:20:50.376 D/HelloActivity(19580): defDisplayStyle:5
06-24 16:20:50.379 D/HttpUtils(19580): getDownloadMode()
06-24 16:20:50.379 D/NetUtils(19580): init inited = true
06-24 16:20:50.379 D/HelloActivity(19580): enter Nav2
06-24 16:20:50.382 I/ActivityManager(  657): START u0 {pkg=com.excelliance.dualaid cmp=com.excelliance.dualaid/com.excelliance.kxqp.swipe.NavActivity2 (has extras)} from uid 11423
06-24 16:20:50.382 D/NetworkSecurityConfig(19580): No Network Security Config specified, using platform default
06-24 16:20:50.382 I/ActivityManager(  657): ActivityRecord info: ActivityInfo{1846ebe com.excelliance.kxqp.swipe.NavActivity2}
06-24 16:20:50.383 V/WindowManager(  657): findFocusedWindow: AppWindowToken{d3a938b token=Token{377755a ActivityRecord{d5c9105 u0 com.huawei.android.launcher/.unihome.UniHomeLauncher t15658}}} below Reached focused app=AppWindowToken{842ae27 token=Token{d328e6 ActivityRecord{887eb41 u0 com.excelliance.dualaid/com.excelliance.kxqp.ui.HelloActivity t16035}}}
06-24 16:20:50.385 V/WindowManager(  657): addAppToken: AppWindowToken{dbffc35 token=Token{e07ce6c ActivityRecord{4153b1f u0 com.excelliance.dualaid/com.excelliance.kxqp.swipe.NavActivity2 t16035}}} controller={TaskWindowContainerController taskId=16035} at 2147483647
06-24 16:20:50.390 V/ActivityManager(  657): startProcess: name=com.excelliance.dualaid app=null knownToBeDead=true thread=null pid=-1
06-24 16:20:50.390 D/PMS1000 (  657): package:com.excelliance.dualaid, input flags:0, output hwFlags:0
06-24 16:20:50.396 I/ActivityManager(  657): Start proc 19605:com.excelliance.dualaid/u0a1423 for service com.excelliance.dualaid/com.excelliance.kxqp.SmtServService
06-24 16:20:50.397 D/HwArpVerifier(  657): performPollAndLog:
06-24 16:20:50.398 I/        (19605): power log dlsym ok
06-24 16:20:50.399 I/zygote  (19605): Reinit property: dalvik.vm.checkjni= false
06-24 16:20:50.400 D/hw_netstat(  657): total/36/180,com.android.vending/0/120,com.excelliance.dualaid/0/60,unknown:0/36/0
06-24 16:20:50.402 D/HwNetworkManagementService(  657): code == CODE_GET_AD_KEY_LIST
06-24 16:20:50.402 D/HwNetworkManagementService(  657): appName = com.excelliance.dualaid  is not in the mAdViewMap! reply none
06-24 16:20:50.402 D/HwNetworkManagementService(  657): appName = com.excelliance.dualaid  is not in the mAdIdMap! reply none
06-24 16:20:50.404 D/ActivityThread(19580): add activity client record, r= ActivityRecord{cbe2ddc token=android.os.BinderProxy@d13fa03 {com.excelliance.dualaid/com.excelliance.kxqp.ui.HelloActivity}} token= android.os.BinderProxy@d13fa03
06-24 16:20:50.405 V/WindowManager(  657): No longer Stopped: AppWindowToken{dbffc35 token=Token{e07ce6c ActivityRecord{4153b1f u0 com.excelliance.dualaid/com.excelliance.kxqp.swipe.NavActivity2 t16035}}}
06-24 16:20:50.406 V/WindowManager(  657): No longer Stopped: AppWindowToken{dbffc35 token=Token{e07ce6c ActivityRecord{4153b1f u0 com.excelliance.dualaid/com.excelliance.kxqp.swipe.NavActivity2 t16035}}}
06-24 16:20:50.410 D/ActivityThread(19605): ActivityThread,attachApplication
06-24 16:20:50.411 V/WindowManager(  657): Checking 1 opening apps (frozen=false timeout=false)...
06-24 16:20:50.411 V/WindowManager(  657): Check opening app=AppWindowToken{dbffc35 token=Token{e07ce6c ActivityRecord{4153b1f u0 com.excelliance.dualaid/com.excelliance.kxqp.swipe.NavActivity2 t16035}}}: allDrawn=false startingDisplayed=false startingMoved=false isRelaunching()=false
06-24 16:20:50.413 D/ActivityManager(  657): ActivityManagerService,attachApplication,callingPid = 19605
06-24 16:20:50.417 D/HwCust  (19580): Create obj success use class android.app.HwCustActivityImpl
06-24 16:20:50.418 D/HwCust  (19580): Create obj success use class android.app.HwCustHwWallpaperManagerImpl
06-24 16:20:50.419 V/ActivityThread(19580): ActivityThread,callActivityOnCreate
06-24 16:20:50.422 W//system/bin/hwservicemanager(  416): Cannot open /odm/manifest.xml
06-24 16:20:50.423 W/X509TrustManager(19580): checkServerTrusted: SignatureException:null
06-24 16:20:50.423 W/X509TrustManager(19580): checkServerTrusted: SignatureException:error:04000073:RSA routines:OPENSSL_internal:DATA_TOO_LARGE_FOR_MODULUS
06-24 16:20:50.425 D/NavActivity2(19580): onCreate
06-24 16:20:50.431 D/PMS11423(  657): package:com.excelliance.dualaid, input flags:128, output hwFlags:0
06-24 16:20:50.431 W/Utils   (19580): Utils_isSuperResolutionSupport [load libai_client.so failed]
06-24 16:20:50.433 D/HwFLClassLoader(19605): get used feature list :/feature/used-list failed!
06-24 16:20:50.433 D/HwFLClassLoader(19605): USE_FEATURE_LIST had not init! 
06-24 16:20:50.433 D/CubicBezierInterpolator(19580): CubicBezierInterpolator  mControlPoint1x = 0.23, mControlPoint1y = 0.06, mControlPoint2x = 0.09, mControlPoint2y = 0.97
06-24 16:20:50.433 D/CubicBezierInterpolator(19580): CubicBezierInterpolator  mControlPoint1x = 0.6, mControlPoint1y = 0.9, mControlPoint2x = 0.8, mControlPoint2y = 1.0
06-24 16:20:50.433 D/CubicBezierInterpolator(19580): CubicBezierInterpolator  mControlPoint1x = 0.23, mControlPoint1y = 0.06, mControlPoint2x = 0.09, mControlPoint2y = 0.97
06-24 16:20:50.433 D/CubicBezierInterpolator(19580): CubicBezierInterpolator  mControlPoint1x = 0.6, mControlPoint1y = 0.9, mControlPoint2x = 0.8, mControlPoint2y = 1.0
06-24 16:20:50.434 D/CubicBezierInterpolator(19580): CubicBezierInterpolator  mControlPoint1x = 0.23, mControlPoint1y = 0.06, mControlPoint2x = 0.09, mControlPoint2y = 0.97
06-24 16:20:50.434 D/CubicBezierInterpolator(19580): CubicBezierInterpolator  mControlPoint1x = 0.6, mControlPoint1y = 0.9, mControlPoint2x = 0.8, mControlPoint2y = 1.0
06-24 16:20:50.434 D/CubicBezierInterpolator(19580): CubicBezierInterpolator  mControlPoint1x = 0.23, mControlPoint1y = 0.06, mControlPoint2x = 0.09, mControlPoint2y = 0.97
06-24 16:20:50.434 D/CubicBezierInterpolator(19580): CubicBezierInterpolator  mControlPoint1x = 0.6, mControlPoint1y = 0.9, mControlPoint2x = 0.8, mControlPoint2y = 1.0
06-24 16:20:50.438 W//system/bin/hwservicemanager(  416): Cannot open /odm/manifest.xml
06-24 16:20:50.440 D/HwRTBlurUtils(19580): check blur style for HwPhoneWindow-, themeResId : 0x7f0e000a, context : com.excelliance.kxqp.swipe.NavActivity2@794246b, Nhwext : 0, get Blur : disable with , null
06-24 16:20:50.440 I/GRALLOC (  679): 	 shrFd=10,fmt=0x1,intFmt=0x1,btStrd=256,size=4096,pid=679 
06-24 16:20:50.440 I/GRALLOC (  679): 	 yuv=2,w=16,h=16,Stride u=0 v=0,offset u=0 v=0 
06-24 16:20:50.440 I/GRALLOC (  679): 	 iova_size=4096,conUsg=0x100,proUsg=0x100,	 strd=64,[afbc]HdrStrd=0 PyldStrd=0 Scrmbl=0,ionhnd = 1 
06-24 16:20:50.440 D/HwRTBlurUtils(19580): check blur style for HwPhoneWindow-, themeResId : 0x7f0e000a, context : com.excelliance.kxqp.swipe.NavActivity2@794246b, Nhwext : 0, get Blur : disable with , null
06-24 16:20:50.440 E/test    (19580): hw notch screen flag api error
06-24 16:20:50.434 D/PMS11423(  657): package:com.excelliance.dualaid, input flags:128, output hwFlags:0
06-24 16:20:50.444 D/ActivityThread(19580): add activity client record, r= ActivityRecord{414755e token=android.os.BinderProxy@31abee5 {com.excelliance.dualaid/com.excelliance.kxqp.swipe.NavActivity2}} token= android.os.BinderProxy@31abee5
06-24 16:20:50.445 E/ViewUtils(19580): setBgColor: view==null:top
06-24 16:20:50.452 D/PMS11423(  657): package:com.excelliance.dualaid, input flags:128, output hwFlags:0
06-24 16:20:50.453 D/OpenGLRenderer(19580):   HWUI Binary is  enabled
06-24 16:20:50.453 D/SurfaceFlinger(  710): SurfaceFlinger: getDisplayConfigs--3.000000, 1080, 1920
06-24 16:20:50.454 I/chatty  (  710): uid=1000(system) Binder:710_2 identical 1 line
06-24 16:20:50.454 D/SurfaceFlinger(  710): SurfaceFlinger: getDisplayConfigs--3.000000, 1080, 1920
06-24 16:20:50.454 D/OpenGLRenderer(19580): HWUI GL Pipeline
06-24 16:20:50.458 D/PMS11423(  657): package:com.excelliance.dualaid, input flags:128, output hwFlags:0
06-24 16:20:50.459 V/WindowManager(  657): Adding Window{f638770 u0 com.excelliance.dualaid/com.excelliance.kxqp.swipe.NavActivity2} to AppWindowToken{dbffc35 token=Token{e07ce6c ActivityRecord{4153b1f u0 com.excelliance.dualaid/com.excelliance.kxqp.swipe.NavActivity2 t16035}}}
06-24 16:20:50.460 V/WindowManager(  657): addWindow: New client android.os.BinderProxy@bffe5b3: window=Window{f638770 u0 com.excelliance.dualaid/com.excelliance.kxqp.swipe.NavActivity2} Callers=com.android.server.wm.HwWindowManagerService.addWindow:562 com.android.server.wm.Session.addToDisplay:199 android.view.IWindowSession$Stub.onTransact:124 com.android.server.wm.Session.onTransact:161 android.os.Binder.execTransact:675 
06-24 16:20:50.461 D/HttpUtils(19580): getResponseCode():200
06-24 16:20:50.462 D/WHEG    (19580): {"status":"0","controls":"","skip":"0"}
06-24 16:20:50.463 D/PMS11423(  657): package:com.excelliance.dualaid, input flags:128, output hwFlags:0
06-24 16:20:50.469 D/HwGalleryCacheManagerImpl(19580): mIsEffect:false
06-24 16:20:50.467 D/PMS11423(  657): package:com.excelliance.dualaid, input flags:128, output hwFlags:0
06-24 16:20:50.469 V/WindowManager(  657): Checking 1 opening apps (frozen=false timeout=false)...
06-24 16:20:50.469 V/WindowManager(  657): Check opening app=AppWindowToken{dbffc35 token=Token{e07ce6c ActivityRecord{4153b1f u0 com.excelliance.dualaid/com.excelliance.kxqp.swipe.NavActivity2 t16035}}}: allDrawn=false startingDisplayed=false startingMoved=false isRelaunching()=false
06-24 16:20:50.478 D/PMS11423(  657): package:com.excelliance.dualaid, input flags:128, output hwFlags:0
06-24 16:20:50.492 E/WifiHAL (  706): enter wifi_get_link_stats
06-24 16:20:50.484 I/chatty  (  657): uid=1000(system) Binder:657_4 identical 4 lines
06-24 16:20:50.484 D/PMS11423(  657): package:com.excelliance.dualaid, input flags:128, output hwFlags:0
06-24 16:20:50.497 E/wificond(  765): Failed to get NL80211_STA_INFO_CNAHLOAD
06-24 16:20:50.497 E/WificondControl(  657): Noise: -91, Snr: 0, Chload: -1
06-24 16:20:50.497 D/HwWifiCHRStateManager(  657): handleMessage : 1001
06-24 16:20:50.497 D/HwWifiCHRStateManager(  657): handleUpdateChannel:5805
06-24 16:20:50.497 V/HwWifiServiceFactory(  657): get AllImpl object = com.android.server.wifi.HwWifiServiceFactoryImpl@a390a53
06-24 16:20:50.498 D/WifiScoreReport(  657): Score = 100, wifiConnectivityManagerEnabled = false, lowScoreCount = 0
06-24 16:20:50.510 I/TrafficMonitor(  657): update:rxPkts:9,txPkts:10,rxBytes:4172,txBytes:1116
06-24 16:20:50.510 I/TrafficMonitor(  657): start expired. level:-1
06-24 16:20:50.510 I/TrafficMonitor(  657): gettimer:interval=2000
06-24 16:20:50.511 D/HwRecentsLockUtils( 1513): Search
06-24 16:20:50.511 E/HsmCoreServiceImpl( 1478): onTransact in code is: 103
06-24 16:20:50.511 I/MediaProcessHandler( 1478): playingUids: 
06-24 16:20:50.511 D/ActivityManager(  657): Skipping, home or recents stack task: TaskRecord{333215f #15658 A=com.huawei.android.launcher U=0 StackId=0 sz=1}
06-24 16:20:50.511 D/ActivityManager(  657): Skipping intent:act=android.intent.action.MAIN cat=[android.intent.category.LAUNCHER] flg=0x10a00000 cmp=io.appium.settings/.Settings
06-24 16:20:50.511 D/ActivityManager(  657): Skipping intent:flg=0x10804000 cmp=com.android.systemui/.recents.RecentsActivity bnds=[48,928][1032,2296]
06-24 16:20:50.511 D/ActivityManager(  657): Skipping intent:flg=0x18800000 cmp=com.tencent.mm/.plugin.base.stub.WXPayEntryActivity
06-24 16:20:50.512 D/ActivityManager(  657): Skipping intent:flg=0x10800000 cmp=com.huawei.systemmanager/com.huawei.permissionmanager.ui.MainActivity
06-24 16:20:50.512 D/ActivityManager(  657): Skipping intent:flg=0x18800000 cmp=com.tencent.mm/.plugin.base.stub.WXEntryActivity
06-24 16:20:50.512 D/ActivityManager(  657): Skipping intent:act=com.huawei.action.VOICE_ASSISTANT flg=0x10800000 pkg=com.huawei.vassistant cmp=com.huawei.vassistant/.ui.main.VAssistantActivity
06-24 16:20:50.512 D/ActivityManager(  657): Skipping intent:act=com.huawei.android.launcher.action.ACCESS_SPLIT_SCREEN_APP cat=[android.intent.category.DEFAULT] flg=0x10804000 cmp=com.huawei.android.launcher/.splitscreen.SplitScreenAppActivity
06-24 16:20:50.512 D/ActivityManager(  657): Skipping intent:flg=0x10800000 pkg=com.excelliance.dualaid.b64 cmp=com.excelliance.dualaid.b64/com.excelliance.kxqp.sdk.PermissionRequestActivity
06-24 16:20:50.512 D/ActivityManager(  657): Skipping intent:act=android.intent.action.VIEW dat=content://com.excelliance.dualaid.fileProvider/external_storage_root/Download/apk/Multiple_64.apk typ=application/vnd.android.package-archive flg=0x10800001 cmp=com.android.packageinstaller/.InstallStart
06-24 16:20:50.512 D/ActivityManager(  657): Skipping intent:flg=0x10800000 cmp=com.android.systemui/.usb.HwUsbDebuggingActivity
06-24 16:20:50.512 D/ActivityManager(  657): Skipping intent:act=android.deviceinfo.chooser.action.LAUNCH flg=0x10800000 hwFlg=0x100 pkg=com.android.settings cmp=com.android.settings/.deviceinfo.UsbConnModeChooserActivity
06-24 16:20:50.512 D/ActivityManager(  657): Skipping intent:flg=0x10800000 cmp=com.zol.android/.push.KeepLiveActivity
06-24 16:20:50.512 D/ActivityManager(  657): Skipping intent:act=android.intent.action.MAIN cat=[android.intent.category.HOME] flg=0x10800300 cmp=com.android.settings/.FallbackHome
06-24 16:20:50.535 I/zygote  (19605): Compiler allocated 4MB to compile boolean com.excelliance.kxqp.KXQPApplication.b(int)
06-24 16:20:50.542 D/MainActivity(19580): instantiateItem: 2	android.widget.RelativeLayout{d00e2b1 V.E...... ......I. 0,0-0,0}
06-24 16:20:50.542 D/MainActivity(19580): initPage3: 
06-24 16:20:50.546 V/WindowManager(  657): Checking 1 opening apps (frozen=false timeout=false)...
06-24 16:20:50.546 V/WindowManager(  657): Check opening app=AppWindowToken{dbffc35 token=Token{e07ce6c ActivityRecord{4153b1f u0 com.excelliance.dualaid/com.excelliance.kxqp.swipe.NavActivity2 t16035}}}: allDrawn=false startingDisplayed=false startingMoved=false isRelaunching()=false
06-24 16:20:50.548 V/HwPhoneWindowManager(  657): updateSystemUiColorLw window=Window{f638770 u0 com.excelliance.dualaid/com.excelliance.kxqp.swipe.NavActivity2},EmuiStyle=0,StatusBarColor=0xff000000,NavigationBarColor=0xff000000, mLastIsEmuiLightStyle=-1
06-24 16:20:50.549 D/HwPhoneWindowManager(  657): Transact:setSystemUIColor to status bar service
06-24 16:20:50.549 I/CommandQueue( 1513): updateBarBgColor
06-24 16:20:50.549 D/CommandQueue( 1513): CommandQueue, setBarBackgroundColor
06-24 16:20:50.550 V/WindowManager(  657): Checking 1 opening apps (frozen=false timeout=false)...
06-24 16:20:50.550 V/WindowManager(  657): Check opening app=AppWindowToken{dbffc35 token=Token{e07ce6c ActivityRecord{4153b1f u0 com.excelliance.dualaid/com.excelliance.kxqp.swipe.NavActivity2 t16035}}}: allDrawn=false startingDisplayed=false startingMoved=false isRelaunching()=false
06-24 16:20:50.551 D/TintManager( 1513): statusBarIconTint=#99FFFFFF,navigationBarIconTint=#FF000000
06-24 16:20:50.553 D/MainActivity(19580): run: initPage3
06-24 16:20:50.554 V/MainActivity(19580): onWindowFocusChanged: true
06-24 16:20:50.554 I/GRALLOC (  679): 	 shrFd=10,fmt=0x1,intFmt=0x200000001,btStrd=4352,size=8486912,pid=679 
06-24 16:20:50.554 I/GRALLOC (  679): 	 yuv=2,w=1080,h=1920,Stride u=0 v=0,offset u=0 v=0 
06-24 16:20:50.554 I/GRALLOC (  679): 	 iova_size=8486912,conUsg=0x900,proUsg=0x900,	 strd=1088,[afbc]HdrStrd=1088 PyldStrd=69632 Scrmbl=2,ionhnd = 1 
06-24 16:20:50.554 D/BarTransitions.HwPhoneStatusBarView( 1513): MODE_TRANSPARENT -> MODE_TRANSLUCENT animate=false
06-24 16:20:50.554 D/BarTransitions.HwPhoneStatusBarView( 1513): applyModeBackground oldMode=MODE_TRANSPARENT newMode=MODE_TRANSLUCENT animate=false
06-24 16:20:50.554 W/InputMethodManager(19580): startInputReason = 1
06-24 16:20:50.555 I/GRALLOC (  679): 	 shrFd=10,fmt=0x1,intFmt=0x200000001,btStrd=4352,size=8486912,pid=679 
06-24 16:20:50.555 I/GRALLOC (  679): 	 yuv=2,w=1080,h=1920,Stride u=0 v=0,offset u=0 v=0 
06-24 16:20:50.555 I/GRALLOC (  679): 	 iova_size=8486912,conUsg=0x900,proUsg=0x900,	 strd=1088,[afbc]HdrStrd=1088 PyldStrd=69632 Scrmbl=2,ionhnd = 1 
06-24 16:20:50.555 I/OpenGLRenderer(19580): Initialized EGL, version 1.4
06-24 16:20:50.556 D/OpenGLRenderer(19580): Swap behavior 2
06-24 16:20:50.558 W/InputMethodManager(19580): startInputReason = 5
06-24 16:20:50.558 I/GRALLOC (  679): 	 shrFd=10,fmt=0x1,intFmt=0x200000001,btStrd=4352,size=8486912,pid=679 
06-24 16:20:50.558 I/GRALLOC (  679): 	 yuv=2,w=1080,h=1920,Stride u=0 v=0,offset u=0 v=0 
06-24 16:20:50.558 I/GRALLOC (  679): 	 iova_size=8486912,conUsg=0x900,proUsg=0x900,	 strd=1088,[afbc]HdrStrd=1088 PyldStrd=69632 Scrmbl=2,ionhnd = 1 
06-24 16:20:50.558 D/StatusBarIconController( 1513): setIconVisibility icon is null or visibility not change visibility=false
06-24 16:20:50.559 I/wangchen( 7035): SysInfo.getSysParam: orientation=1||config d=3.0,w=1080,h=1920||metrics d=3.0,w=1080,h=1920||sdk=26,bar_h=72
06-24 16:20:50.559 I/KeymapLoader( 7035): w=1080 h=1920 ori=true appScale=3.3 s1=3.0
06-24 16:20:50.565 D/mali_winsys(19580): EGLint new_window_surface(egl_winsys_display *, void *, EGLSurface, EGLConfig, egl_winsys_surface **, egl_color_buffer_format *, EGLBoolean) returns 0x3000
06-24 16:20:50.565 E/vndksupport(19580): Could not load vendor/lib/egl/libGLES_mali_v2.so from sphal namespace: dlopen failed: library "vendor/lib/egl/libGLES_mali_v2.so" not found.
06-24 16:20:50.568 D/PMS11423(  657): package:com.excelliance.dualaid, input flags:128, output hwFlags:0
06-24 16:20:50.580 I/GRALLOC (  679): 	 shrFd=10,fmt=0x1,intFmt=0x200000001,btStrd=4352,size=8486912,pid=679 
06-24 16:20:50.580 I/GRALLOC (  679): 	 yuv=2,w=1080,h=1920,Stride u=0 v=0,offset u=0 v=0 
06-24 16:20:50.580 I/GRALLOC (  679): 	 iova_size=8486912,conUsg=0xb00,proUsg=0xb00,	 strd=1088,[afbc]HdrStrd=1088 PyldStrd=69632 Scrmbl=2,ionhnd = 1 
06-24 16:20:50.571 D/PMS11423(  657): package:com.excelliance.dualaid, input flags:128, output hwFlags:0
06-24 16:20:50.589 D/WindowManager(  657): finishDrawingWindow: Window{f638770 u0 com.excelliance.dualaid/com.excelliance.kxqp.swipe.NavActivity2} mDrawState=DRAW_PENDING
06-24 16:20:50.592 V/WindowManager(  657): Checking 1 opening apps (frozen=false timeout=false)...
06-24 16:20:50.592 V/WindowManager(  657): Check opening app=AppWindowToken{dbffc35 token=Token{e07ce6c ActivityRecord{4153b1f u0 com.excelliance.dualaid/com.excelliance.kxqp.swipe.NavActivity2 t16035}}}: allDrawn=true startingDisplayed=false startingMoved=false isRelaunching()=false
06-24 16:20:50.595 D/ImageWallpaper( 1513): onVisibilityChanged: mVisible, visible=true, false
06-24 16:20:50.595 D/ImageWallpaper( 1513): Visibility changed to visible=false
06-24 16:20:50.597 D/BarTransitions.HwPhoneStatusBarView( 1513): MODE_TRANSLUCENT -> MODE_TRANSPARENT animate=false
06-24 16:20:50.597 D/BarTransitions.HwPhoneStatusBarView( 1513): applyModeBackground oldMode=MODE_TRANSLUCENT newMode=MODE_TRANSPARENT animate=false
06-24 16:20:50.600 I/ActivityManager(  657): Displayed com.excelliance.dualaid/com.excelliance.kxqp.swipe.NavActivity2: +188ms (total +2m15s997ms)
06-24 16:20:50.600 I/ActivityManager(  657): wait Launched end, result = 0 who = ComponentInfo{com.excelliance.dualaid/com.excelliance.kxqp.swipe.NavActivity2}
06-24 16:20:50.602 E/BufferQueueProducer(  710): [com.huawei.android.launcher/com.huawei.android.launcher.unihome.UniHomeLauncher#0] disconnect: not connected (req=1)
06-24 16:20:50.602 I/WindowManager(  657): notifyAccessibilityButtonVisibilityChanged visible:false
06-24 16:20:50.603 W/libEGL  ( 2519): EGLNativeWindowType 0x74abe62010 disconnect failed
06-24 16:20:50.604 W/dex2oat (19647): Using default instruction set features for ARM CPU variant (default) using conservative defaults
06-24 16:20:50.604 I/dex2oat (19647): /system/bin/dex2oat -j4 --dex-file=/data/data/com.excelliance.dualaid/.platformcache/main.jar --output-vdex-fd=47 --oat-fd=49 --oat-location=/data/data/com.excelliance.dualaid/.platformcache/oat/arm/main.odex --compiler-filter=quicken
06-24 16:20:50.605 I/cutils-trace(19647): atrace_init_once, trace_marker_path = /sys/kernel/debug/tracing/trace_marker
06-24 16:20:50.610 D/BarTransitions.HwPhoneStatusBarView( 1513): MODE_TRANSPARENT -> MODE_TRANSLUCENT animate=false
06-24 16:20:50.610 D/BarTransitions.HwPhoneStatusBarView( 1513): applyModeBackground oldMode=MODE_TRANSPARENT newMode=MODE_TRANSLUCENT animate=false
06-24 16:20:50.610 D/BarTransitions.HwNavigationBarView( 1513): MODE_TRANSLUCENT -> MODE_OPAQUE animate=false
06-24 16:20:50.610 D/BarTransitions.HwNavigationBarView( 1513): applyModeBackground oldMode=MODE_TRANSLUCENT newMode=MODE_OPAQUE animate=false
06-24 16:20:50.625 W/ActivityManager(  657): Sending non-protected broadcast huawei.action.floattasks.STATUS_BAR_STATE_CHANGED from system 1513:com.android.systemui/u0a39 pkg com.android.systemui
06-24 16:20:50.625 W/HwKeyguardDragHelper( 1513): AnimationBlocked
06-24 16:20:50.626 D/ActivityThread(19580): Remove activity client record, r= ActivityRecord{cbe2ddc token=android.os.BinderProxy@d13fa03 {com.excelliance.dualaid/com.excelliance.kxqp.ui.HelloActivity}} token= android.os.BinderProxy@d13fa03
06-24 16:20:50.626 V/WindowManager(  657): notifyAppStopped: AppWindowToken{d3a938b token=Token{377755a ActivityRecord{d5c9105 u0 com.huawei.android.launcher/.unihome.UniHomeLauncher t15658}}}
06-24 16:20:50.626 E/WindowManager(  657): win=Window{68d6975 u0 com.huawei.android.launcher/com.huawei.android.launcher.unihome.UniHomeLauncher} destroySurfaces: appStopped=true win.mWindowRemovalAllowed=false win.mRemoveOnExit=false
06-24 16:20:50.626 I/WindowManager(  657): Destroying surface Surface(name=com.huawei.android.launcher/com.huawei.android.launcher.unihome.UniHomeLauncher) called by com.android.server.wm.WindowStateAnimator.destroySurface:2060 com.android.server.wm.WindowStateAnimator.destroySurfaceLocked:873 com.android.server.wm.HwWindowStateAnimator.destroySurfaceLocked:1006 com.android.server.wm.WindowState.destroyOrSaveSurfaceUnchecked:2990 com.android.server.wm.WindowState.destroySurface:2951 com.android.server.wm.AppWindowToken.destroySurfaces:654 com.android.server.wm.AppWindowToken.destroySurfaces:638 com.android.server.wm.AppWindowToken.notifyAppStopped:682 
06-24 16:20:50.629 V/WindowManager(  657): removeAppToken: AppWindowToken{842ae27 token=Token{d328e6 ActivityRecord{887eb41 u0 com.excelliance.dualaid/com.excelliance.kxqp.ui.HelloActivity t16035}}} delayed=false Callers=com.android.server.wm.DisplayContent.removeAppToken:985 com.android.server.wm.AppWindowContainerController.removeContainer:348 com.android.server.am.ActivityRecord.removeWindowContainer:1039 com.android.server.am.ActivityStack.removeActivityFromHistoryLocked:4491 
06-24 16:20:50.629 D/HwGameAssistantController(  657): pid=2519, uid=10056, foreground=false
06-24 16:20:50.630 W/AwareLog(  657): SchedLevelBoost: onFgActivitiesChanged config not set!
06-24 16:20:50.676 W/AlarmManager(  657): mIsScreenOn is: true, WAKEUP alarm talarm.operation == null,package name is: android listenerTag is: *job.delay* creator uid is: 1000
06-24 16:20:50.677 D/PMS1000 (  657): package:com.android.email, input flags:1, output hwFlags:33554432
06-24 16:20:50.677 D/PMS1000 (  657): package:com.android.exchange, input flags:1, output hwFlags:0
06-24 16:20:50.677 D/PMS1000 (  657): package:com.google.android.gm, input flags:1, output is null
06-24 16:20:50.677 W/HwAlarmManagerService(  657): isContainsAppUidInWorksource-->happend NameNotFoundException
06-24 16:20:50.677 W/ActivityManager(  657): Unable to start service Intent { flg=0x4 hwFlg=0x900 cmp=com.huawei.systemmanager/com.trustlook.sdk.service.ServiceApkUpload (has extras) } U=0: not found
06-24 16:20:50.679 I/HwAlarmManagerService(  657): hwSetAlarm listenerTag: *job.delay*
06-24 16:20:50.679 I/JobScheduler.Time(  657): mNextDelayExpiredElapsedMillis: 111259390
06-24 16:20:50.679 D/JobServiceContext(  657): Scheduling time out for 'com.google.android.finsky.scheduler.JobSchedulerEngine$PhoneskyJobSchedulerJobService' jId: 9001, in 18 s
06-24 16:20:50.688 D/JobServiceContext(  657): handleServiceBound for e42096b #u0a93/9001 com.android.vending/com.google.android.finsky.scheduler.JobSchedulerEngine$PhoneskyJobSchedulerJobService
06-24 16:20:50.688 D/JobServiceContext(  657): Scheduling time out for 'com.google.android.finsky.scheduler.JobSchedulerEngine$PhoneskyJobSchedulerJobService' jId: 9001, in 8 s
06-24 16:20:50.694 V/BroadcastQueue(  657): Finished with ordered broadcast BroadcastRecord{79cd488 u0 null}
06-24 16:20:50.698 I/Finsky  (26895): [1] com.google.android.finsky.scheduler.JobSchedulerEngine$PhoneskyJobSchedulerJobService.onStartJob(9): onJobSchedulerWakeup
06-24 16:20:50.701 I/Finsky  (26895): [1] com.google.android.finsky.scheduler.p.a(22): Scheduling fallback in 43199997 (absolute: 154389547)
06-24 16:20:50.702 I/ActivityManager(  657): Force stopping com.excelliance.dualaid appid=11423 user=0: from pid 19656by app
06-24 16:20:50.702 I/ActivityManager(  657): Killing 19580:com.excelliance.dualaid:olle/u0a1423 (adj 0): stop com.excelliance.dualaidfrom pid 19656by app
06-24 16:20:50.703 D/ActivityManager(  657): cleanUpApplicationRecord app: ProcessRecord{e9e38d4 19580:com.excelliance.dualaid:olle/u0a1423}, app.bad: false, restarting: false, allowRestart: true
06-24 16:20:50.703 W/ActivityManager(  657): Force removing ActivityRecord{4153b1f u0 com.excelliance.dualaid/com.excelliance.kxqp.swipe.NavActivity2 t16035}: app died, no saved state
06-24 16:20:50.704 W/AwareLog(  657): SchedLevelBoost: onProcessDied config not set!
06-24 16:20:50.704 E/HsmCoreServiceImpl( 1478): onTransact in code is: 102
06-24 16:20:50.704 I/MediaProcessHandler( 1478): processOp opType: 1, uid: 11423, pid: 19580
06-24 16:20:50.704 W/MediaProcessHandler( 1478): remove target not exist, maybe the UI process: uid: 11423, pid: 19580
06-24 16:20:50.704 I/MediaProcessHandler( 1478): executedCallBack opType: 1 mMediaStatusObservers.size=0
06-24 16:20:50.707 V/WindowManager(  657): removeAppToken: AppWindowToken{dbffc35 token=Token{e07ce6c ActivityRecord{4153b1f u0 com.excelliance.dualaid/com.excelliance.kxqp.swipe.NavActivity2 t16035}}} delayed=false Callers=com.android.server.wm.DisplayContent.removeAppToken:985 com.android.server.wm.AppWindowContainerController.removeContainer:348 com.android.server.am.ActivityRecord.removeWindowContainer:1039 com.android.server.am.ActivityStack.removeActivityFromHistoryLocked:4491 
06-24 16:20:50.708 V/WindowManager(  657): removeIfPossible: Window{f638770 u0 com.excelliance.dualaid/com.excelliance.kxqp.swipe.NavActivity2} callers=com.android.server.wm.WindowState.removeIfPossible:1914 com.android.server.wm.WindowToken.removeAllWindowsIfPossible:139 com.android.server.wm.AppWindowToken.removeIfPossible:539 com.android.server.wm.AppWindowToken.onRemovedFromDisplay:606 com.android.server.wm.DisplayContent.removeAppToken:985 
06-24 16:20:50.708 I/WindowManager(  657): Destroying surface Surface(name=com.excelliance.dualaid/com.excelliance.kxqp.swipe.NavActivity2) called by com.android.server.wm.WindowStateAnimator.destroySurface:2060 com.android.server.wm.WindowStateAnimator.destroySurfaceLocked:873 com.android.server.wm.HwWindowStateAnimator.destroySurfaceLocked:1006 com.android.server.wm.WindowState.removeImmediately:1899 com.android.server.wm.WindowState.removeIfPossible:2051 com.android.server.wm.WindowState.removeIfPossible:1914 com.android.server.wm.WindowToken.removeAllWindowsIfPossible:139 com.android.server.wm.AppWindowToken.removeIfPossible:539 
06-24 16:20:50.708 V/WindowManager(  657): postWindowRemoveCleanupLocked: Window{f638770 u0 com.excelliance.dualaid/com.excelliance.kxqp.swipe.NavActivity2}
06-24 16:20:50.708 V/WindowManager(  657): Removing Window{f638770 u0 com.excelliance.dualaid/com.excelliance.kxqp.swipe.NavActivity2} from AppWindowToken{dbffc35 token=Token{e07ce6c ActivityRecord{4153b1f u0 com.excelliance.dualaid/com.excelliance.kxqp.swipe.NavActivity2 t16035}}}
06-24 16:20:50.713 V/WindowManager(  657): No longer Stopped: AppWindowToken{d3a938b token=Token{377755a ActivityRecord{d5c9105 u0 com.huawei.android.launcher/.unihome.UniHomeLauncher t15658}}}
06-24 16:20:50.714 D/ScenarioService( 1699): front pkg : com.huawei.android.launcher launcher: true
06-24 16:20:50.714 I/AppsUsage( 1699): scnOff:false FgAPP:com.huawei.android.launcher BgAPP:com.excelliance.dualaid
06-24 16:20:50.715 I/ash     ( 1699): front pkg : com.huawei.android.launcher launcher: true
06-24 16:20:50.715 D/EmcomManagerService(  657): forePackage name is com.huawei.android.launcher
06-24 16:20:50.715 D/HicomPolicyManager(  657): foreAppInfo = nullpkgName = com.huawei.android.launcher uid= 10056
06-24 16:20:50.715 E/HicomPolicyManager(  657): udp acc is not start yet!
06-24 16:20:50.715 D/HicomPolicyManager(  657): speed control is not start
06-24 16:20:50.715 E/HicomPolicyManager(  657): Network Evaluation is not start yet!
06-24 16:20:50.715 E/HicomPolicyManager(  657): foreground app info is null
06-24 16:20:50.716 D/[HwRecSys]HwRecSysService( 2647): onEvent actionID: 10010 msg:com.huawei.android.launcher		
06-24 16:20:50.716 E/[HwRecSys]HwRecSysService( 2647): getIsRportDirectService is false!
06-24 16:20:50.716 I/PGServer( 1699): report state:10000 event type:2 pid:0 uid:0 pkg:com.excelliance.dualaid to pid: 657
06-24 16:20:50.717 I/PGServer( 1699): report state:10000 event type:2 pid:0 uid:0 pkg:com.excelliance.dualaid to pid: 1699
06-24 16:20:50.717 I/SceneReceiver( 1699): state type: 10000 eventType:2 pid:0 uid:0 pkg:com.excelliance.dualaid
06-24 16:20:50.717 I/PGServer( 1699): report state:10010 event type:1 pid:0 uid:0 pkg:com.huawei.android.launcher to pid: 657
06-24 16:20:50.717 I/PGServer( 1699): report state:10010 event type:1 pid:0 uid:0 pkg:com.huawei.android.launcher to pid: 1699
06-24 16:20:50.717 I/SceneReceiver( 1699): state type: 10010 eventType:1 pid:0 uid:0 pkg:com.huawei.android.launcher
06-24 16:20:50.717 I/PGServer( 1699): checkPkgType. calling pkg: android
06-24 16:20:50.717 D/HwThermalStateManager( 1699): current foreapp pkg : com.huawei.android.launcher
06-24 16:20:50.719 W/libc    ( 1699): Set property "sys.aps.gameProcessName" to ""
06-24 16:20:50.719 I/PGServer( 1699): checkPkgType. calling pkg: android
06-24 16:20:50.720 W/libc    ( 1699): Set property "sys.aps.browserProcessName" to ""
06-24 16:20:50.728 V/WindowManager(  657): notifyAppResumed: wasStopped=true AppWindowToken{d3a938b token=Token{377755a ActivityRecord{d5c9105 u0 com.huawei.android.launcher/.unihome.UniHomeLauncher t15658}}}
06-24 16:20:50.728 D/NetWorkUtils( 1513): mVSimCurCardType is -1
06-24 16:20:50.729 V/WindowManager(  657): Checking 1 opening apps (frozen=false timeout=false)...
06-24 16:20:50.729 V/WindowManager(  657): Check opening app=AppWindowToken{d3a938b token=Token{377755a ActivityRecord{d5c9105 u0 com.huawei.android.launcher/.unihome.UniHomeLauncher t15658}}}: allDrawn=false startingDisplayed=false startingMoved=false isRelaunching()=false
06-24 16:20:50.730 I/ActivityManager(  657): Killing 19605:com.excelliance.dualaid/u0a1423 (adj 0): stop com.excelliance.dualaidfrom pid 19656by app
06-24 16:20:50.730 D/ActivityManager(  657): cleanUpApplicationRecord app: ProcessRecord{f94b8ca 19605:com.excelliance.dualaid/u0a1423}, app.bad: false, restarting: false, allowRestart: true
06-24 16:20:50.730 W/ActivityManager(  657): Scheduling restart of crashed service com.excelliance.dualaid/com.excelliance.kxqp.SmtServService in 1000ms
06-24 16:20:50.732 V/WindowManager(  657): Checking 1 opening apps (frozen=false timeout=false)...
06-24 16:20:50.732 V/WindowManager(  657): Check opening app=AppWindowToken{d3a938b token=Token{377755a ActivityRecord{d5c9105 u0 com.huawei.android.launcher/.unihome.UniHomeLauncher t15658}}}: allDrawn=false startingDisplayed=false startingMoved=false isRelaunching()=false
06-24 16:20:50.733 V/WindowManager(  657): Checking 1 opening apps (frozen=false timeout=false)...
06-24 16:20:50.733 V/WindowManager(  657): Check opening app=AppWindowToken{d3a938b token=Token{377755a ActivityRecord{d5c9105 u0 com.huawei.android.launcher/.unihome.UniHomeLauncher t15658}}}: allDrawn=false startingDisplayed=false startingMoved=false isRelaunching()=false
06-24 16:20:50.738 I/HwCoreAppHelperService( 1478): LocalReceiver receives:android.intent.action.PACKAGE_RESTARTED,pkg:com.excelliance.dualaid,uid:11423
06-24 16:20:50.729 D/NetWorkUtils( 1513): mVSimCurCardType is -1
06-24 16:20:50.739 D/HwQoEUtils(  657): mForegroundAppPackageName: com.huawei.android.launcher ,score: 0
06-24 16:20:50.739 D/HwQoEUtils(  657): onForegroundAppWifiSleepChange: config:false, sleeptime:-1,type: 255, appname:com.huawei.android.launcher
06-24 16:20:50.739 D/HwQoEUtils(  657): APP type: 255 appName= com.huawei.android.launcher
06-24 16:20:50.739 E/HwLauncher( 2519): SettingsEx , no such field.
06-24 16:20:50.739 W/HwLauncher( 2519): Clock getDataFormat the getSystemString failed.
06-24 16:20:50.739 E/NfcNci  ( 2677): NfcUtils error: APP have nfc permission
06-24 16:20:50.740 D/HwQoEUtils(  657): no game, APP_TYPE_GAME, appName =com.huawei.android.launcher
06-24 16:20:50.741 D/PMS1027 (  657): package:com.google.android.apps.walletnfcrel, input flags:8192, output is null
06-24 16:20:50.742 V/AlarmManager(  657): UninstallReceiver onReceive action:android.intent.action.PACKAGE_RESTARTED
06-24 16:20:50.742 D/HwGameAssistantController(  657): pid=2519, uid=10056, foreground=true
06-24 16:20:50.742 I/Finsky  (26895): [1] com.google.android.finsky.scheduler.p.a(22): Scheduling fallback in 64799959 (absolute: 175989550)
06-24 16:20:50.743 D/HwBastetService(  657): BroadcastReceiver android.intent.action.PACKAGE_RESTARTED
06-24 16:20:50.743 D/JobServiceContext(  657): doCallback of : JobStatus{e42096b #u0a93/9001 com.android.vending/com.google.android.finsky.scheduler.JobSchedulerEngine$PhoneskyJobSchedulerJobService u=0 s=10093 TIME=-8s919ms:+18h30m55s315ms NET=1 READY} v:VERB_STARTING
06-24 16:20:50.743 D/JobServiceContext(  657): Scheduling time out for 'com.google.android.finsky.scheduler.JobSchedulerEngine$PhoneskyJobSchedulerJobService' jId: 9001, in 600 s
06-24 16:20:50.744 D/HwGpsPowerTracker(  657): LocalReceiver receives:android.intent.action.PACKAGE_RESTARTED
06-24 16:20:50.744 D/PMS1000 (  657): package:com.excelliance.dualaid, input flags:0, output hwFlags:0
06-24 16:20:50.745 W/AwareLog(  657): SchedLevelBoost: onFgActivitiesChanged config not set!
