06-24 15:32:18.194 I/appium  (29532): AppiumResponse: {"sessionId":"2d604340-25b7-4bc5-874b-09ac3bd169d8","status":0,"value":"<?xml version=\"1.0\" encoding=\"UTF-8\"?><hierarchy rotation=\"0\"><android.widget.FrameLayout index=\"0\" text=\"\" class=\"android.widget.FrameLayout\" package=\"com.excelliance.dualaid\" content-desc=\"\" checkable=\"false\" checked=\"false\" clickable=\"false\" enabled=\"true\" focusable=\"false\" focused=\"false\" scrollable=\"false\" long-clickable=\"false\" password=\"false\" selected=\"false\" bounds=\"[0,0][1080,1920]\" resource-id=\"\" instance=\"0\"><android.widget.LinearLayout index=\"0\" text=\"\" class=\"android.widget.LinearLayout\" package=\"com.excelliance.dualaid\" content-desc=\"\" checkable=\"false\" checked=\"false\" clickable=\"false\" enabled=\"true\" focusable=\"false\" focused=\"false\" scrollable=\"false\" long-clickable=\"false\" password=\"false\" selected=\"false\" bounds=\"[0,0][1080,1920]\" resource-id=\"\" instance=\"0\"><android.widget.FrameLayout index=\"0\" text=\"\" class=\"android.widget.FrameLayout\" package=\"com.excelliance.dualaid\" content-desc=\"\" checkable=\"false\" checked=\"false\" clickable=\"false\" enabled=\"true\" focusable=\"false\" focused=\"false\" scrollable=\"false\" long-clickable=\"false\" password=\"false\" selected=\"false\" bounds=\"[0,0][1080,1920]\" resource-id=\"android:id\/content\" instance=\"1\"><android.widget.FrameLayout index=\"0\" text=\"\" class=\"android.widget.FrameLayout\" package=\"com.excelliance.dualaid\" content-desc=\"\" checkable=\"false\" checked=\"false\" clickable=\"false\" enabled=\"true\" focusable=\"false\" focused=\"false\" scrollable=\"false\" long-clickable=\"false\" password=\"false\" selected=\"false\" bounds=\"[0,0][1080,1920]\" resource-id=\"\" instance=\"2\"><android.widget.RelativeLayout index=\"0\" text=\"\" class=\"android.widget.RelativeLayout\" package=\"com.excelliance.dualaid\" content-desc=\"\" checkable=\"false\" checked=\"false\" clickable=\"false\" enabled=\"true\" focusable=\"false\" focused=\"false\" scrollable=\"false\" long-clickable=\"false\" password=\"false\" selected=\"false\" bounds=\"[0,0][1080,1920]\" resource-id=\"com.excelliance.dualaid:id\/rl_guide_original\" instance=\"0\"><android.support.v4.view.ViewPager index=\"0\" text=\"\" class=\"android.support.v4.view.ViewPager\" package=\"com.excelliance.dualaid\" content-desc=\"\" checkable=\"false\" checked=\"false\" clickable=\"false\" enabled=\"true\" focusable=\"true\" focused=\"false\" scrollable=\"true\" long-clickable=\"false\" password=\"false\" selected=\"false\" bounds=\"[0,0][1080,1920]\" resource-id=\"com.excelliance.dualaid:id\/vp_nav\" instance=\"0\"><android.widget.RelativeLayout index=\"2\" text=\"\" class=\"android.widget.RelativeLayout\" package=\"com.excelliance.dualaid\" content-desc=\"\" checkable=\"false\" checked=\"false\" clickable=\"false\" enabled=\"true\" focusable=\"false\" focused=\"false\" scrollable=\"false\" long-clickable=\"false\" password=\"false\" selected=\"false\" bounds=\"[0,0][1080,1920]\" resource-id=\"\" instance=\"1\"><android.view.View index=\"0\" text=\"\" class=\"android.view.View\" package=\"com.excelliance.dualaid\" content-desc=\"\" checkable=\"false\" checked=\"false\" clickable=\"false\" enabled=\"true\" focusable=\"false\" focused=\"false\" scrollable=\"false\" long-clickable=\"false\" password=\"false\" selected=\"false\" bounds=\"[0,0][1080,1920]\" resource-id=\"\" instance=\"0\"\/><android.widget.ImageView index=\"1\" text=\"\" class=\"android.widget.ImageView\" package=\"com.excelliance.dualaid\" content-desc=\"\" checkable=\"false\" checked=\"false\" clickable=\"false\" enabled=\"true\" focusable=\"false\" focused=\"false\" scrollable=\"false\" long-clickable=\"false\" password=\"false\" selected=\"false\" bounds=\"[345,318][847,1268]\" resource-id=\"\" instance=\"0\"\/><android.widget.ImageView index=\"2\" text=\"\" class=\"android.widget.ImageView\" package=\"com.excelliance.dualaid\" content-desc=\"\" checkable=\"false\" checked=\"false\" clickable=\"false\" enabled=\"true\" 
06-24 15:32:18.233 I/appium  (29532): channel read invoked!
06-24 15:32:18.234 I/appium  (29532): channel read: POST /wd/hub/session/2d604340-25b7-4bc5-874b-09ac3bd169d8/element/b4826214-1599-4cef-a7d7-c054db6940f1/click
06-24 15:32:18.235 D/appium  (29532): payload: {"element":"b4826214-1599-4cef-a7d7-c054db6940f1"}
06-24 15:32:18.235 I/appium  (29532): Click element command
06-24 15:32:18.249 D/FingerprintActionsListener(  657): touchDownIsValid MotionEvent.ACTION_DOWN 
06-24 15:32:18.249 D/FingerprintActionsListener(  657): touchDownIsValidLazyMode = false  touchDownIsValidHiBoard = false
06-24 15:32:18.259 I/appium  (29532): AppiumResponse: {"sessionId":"2d604340-25b7-4bc5-874b-09ac3bd169d8","status":0,"value":true}
06-24 15:32:18.266 V/AudioManager( 6886): playSoundEffect   effectType: 0
06-24 15:32:18.267 D/PMS11422(  657): package:com.excelliance.dualaid, input flags:0, output hwFlags:0
06-24 15:32:18.270 V/AddGameData( 6886): Manufacturer:HUAWEI
06-24 15:32:18.292 I/appium  (29532): channel read invoked!
06-24 15:32:18.292 I/appium  (29532): channel read: GET /wd/hub/session/2d604340-25b7-4bc5-874b-09ac3bd169d8/source
06-24 15:32:18.322 D/PMS1000 (  657): package:com.excelliance.dualaid, input flags:0, output hwFlags:0
06-24 15:32:18.323 D/PMS1000 (  657): package:com.excelliance.dualaid, input flags:8192, output hwFlags:0
06-24 15:32:18.329 D/PMS1000 (  657): package:com.excelliance.dualaid, input flags:8192, output hwFlags:0
06-24 15:32:18.334 W/HSM     ( 1813): HoldService:toast switch is close!
06-24 15:32:18.336 D/ApplicationPackageManager( 6886): getInstalledApplications blocked
06-24 15:32:18.338 D/HsmInterfaceImpl( 6886): List [ApplicationInfo{a218d91 com.huawei.hifolder}, ApplicationInfo{891a4f6 com.github.shadowsocks}, ApplicationInfo{28a60f7 com.excelliance.dualaid}]
06-24 15:32:18.339 V/AddGameData( 6886): appInfoList.size():3
06-24 15:32:18.339 V/AddGameData( 6886): can read pkg:com.github.shadowsocks
06-24 15:32:18.353 I/HwCust  ( 6886): Constructor found for class android.net.HwCustConnectivityManagerImpl
06-24 15:32:18.353 D/HwCust  ( 6886): Create obj success use class android.net.HwCustConnectivityManagerImpl
06-24 15:32:18.374 D/Notification2Receiver( 6919): Notification2Receiver onReceive enter
06-24 15:32:18.375 D/PMS1000 (  657): package:com.excelliance.dualaid, input flags:8192, output hwFlags:0
06-24 15:32:18.376 V/BroadcastQueue(  657): Finished with ordered broadcast BroadcastRecord{5e90bb1 u0 com.excelliance.dualaid.action.phone_res_download}
06-24 15:32:18.377 D/VersionManager( 6919): queryUpdateInfoOfResources
06-24 15:32:18.380 W/HSM     ( 1813): HoldService:toast switch is close!
06-24 15:32:18.382 D/ApplicationPackageManager( 6886): queryIntentActivitiesAsUser blocked, Intent { act=android.intent.action.MAIN cat=[android.intent.category.LAUNCHER] pkg=com.tencent.mm }
06-24 15:32:18.383 D/HsmInterfaceImpl( 6886): List [ResolveInfo{aab1a82 com.tencent.mm/.ui.LauncherUI m=0x108000}]
06-24 15:32:18.383 V/Phone_Manufacturer( 6919): Manufacturer:HUAWEI
06-24 15:32:18.386 V/Phone   ( 6919): isExitstActivityInPkg:exist com.huawei.systemmanager.optimize.process.ProtectActivity
06-24 15:32:18.386 V/Phone   ( 6919): isExitAppInManufacturer: model:hi6250 manufacturer:huawei
06-24 15:32:18.388 I/ActivityManager(  657): START u0 {cmp=com.excelliance.dualaid/com.excelliance.kxqp.ui.HelloActivity (has extras)} from uid 11422
06-24 15:32:18.392 I/ActivityManager(  657): ActivityRecord info: ActivityInfo{cadf3e0 com.excelliance.kxqp.ui.HelloActivity}
06-24 15:32:18.395 V/WindowManager(  657): addAppToken: AppWindowToken{ecc6804 token=Token{97c5c17 ActivityRecord{1b01896 u0 com.excelliance.dualaid/com.excelliance.kxqp.ui.HelloActivity t16017}}} controller={TaskWindowContainerController taskId=16017} at 2147483647
06-24 15:32:18.397 V/Phone   ( 6919): isExitstActivityInPkg:exist com.huawei.systemmanager.optimize.process.ProtectActivity
06-24 15:32:18.397 V/Phone   ( 6919): isExitAppInManufacturer: model:hi6250 manufacturer:huawei
06-24 15:32:18.398 I/PGServer( 1699): android calls fast hibernateApps
06-24 15:32:18.398 I/AppFastHibernation( 1699): fast hibernate duration: 1500 reason: start activity
06-24 15:32:18.399 D/PMS11422(  657): package:com.excelliance.dualaid, input flags:128, output hwFlags:0
06-24 15:32:18.399 I/Pged-IPgedBinderService(  769): ****action is 1, pid num is 6***
06-24 15:32:18.399 I/Pged-Freezer(  769): freezePids
06-24 15:32:18.399 I/Pged-Freezer(  769): Freeze process: 29457
06-24 15:32:18.399 D/PMS1000 (  657): package:com.excelliance.dualaid, input flags:1, output hwFlags:0
06-24 15:32:18.400 I/Pged-Freezer(  769): Freeze process: 29531
06-24 15:32:18.400 I/Pged-Freezer(  769): Freeze process: 29347
06-24 15:32:18.400 D/PMS11422(  657): package:com.excelliance.dualaid, input flags:128, output hwFlags:0
06-24 15:32:18.400 I/Pged-Freezer(  769): Freeze process: 27318
06-24 15:32:18.401 I/Pged-Freezer(  769): Freeze process: 29532
06-24 15:32:18.404 V/WindowManager(  657): No longer Stopped: AppWindowToken{ecc6804 token=Token{97c5c17 ActivityRecord{1b01896 u0 com.excelliance.dualaid/com.excelliance.kxqp.ui.HelloActivity t16017}}}
06-24 15:32:18.405 I/appium  (29532): Skipping invisible child: android.view.accessibility.AccessibilityNodeInfo@8464; boundsInParent: Rect(0, 0 - 1080, 1920); boundsInScreen: Rect(0, 0 - -1080, 1920); packageName: com.excelliance.dualaid; className: android.widget.RelativeLayout; text: null; error: null; maxTextLength: -1; contentDescription: null; viewIdResName: null; checkable: false; checked: false; focusable: false; focused: false; selected: false; clickable: false; longClickable: false; contextClickable: false; enabled: true; password: false; scrollable: false; importantForAccessibility: false; actions: [AccessibilityAction: ACTION_SELECT - null, AccessibilityAction: ACTION_CLEAR_SELECTION - null, AccessibilityAction: ACTION_ACCESSIBILITY_FOCUS - null, AccessibilityAction: ACTION_SHOW_ON_SCREEN - null]
06-24 15:32:18.405 I/appium  (29532): Skipping invisible child: android.view.accessibility.AccessibilityNodeInfo@9eab; boundsInParent: Rect(0, 0 - 1080, 1920); boundsInScreen: Rect(0, 0 - 0, 1920); packageName: com.excelliance.dualaid; className: android.widget.RelativeLayout; text: null; error: null; maxTextLength: -1; contentDescription: null; viewIdResName: null; checkable: false; checked: false; focusable: false; focused: false; selected: false; clickable: false; longClickable: false; contextClickable: false; enabled: true; password: false; scrollable: false; importantForAccessibility: false; actions: [AccessibilityAction: ACTION_SELECT - null, AccessibilityAction: ACTION_CLEAR_SELECTION - null, AccessibilityAction: ACTION_ACCESSIBILITY_FOCUS - null, AccessibilityAction: ACTION_SHOW_ON_SCREEN - null]
06-24 15:32:18.405 I/appium  (29532): Fetch time: 2ms
06-24 15:32:18.406 D/PgedBinderAdapter( 1699): frz ok, pid: [29457, 29531, 29347, 27318, 29532]
06-24 15:32:18.405 V/WindowManager(  657): No longer Stopped: AppWindowToken{ecc6804 token=Token{97c5c17 ActivityRecord{1b01896 u0 com.excelliance.dualaid/com.excelliance.kxqp.ui.HelloActivity t16017}}}
06-24 15:32:18.406 V/WindowManager(  657): findFocusedWindow: AppWindowToken{f36e45f token=Token{b69f4fe ActivityRecord{b878b9 u0 com.excelliance.dualaid/com.excelliance.kxqp.swipe.NavActivity2 t16017}}} below Reached focused app=AppWindowToken{ecc6804 token=Token{97c5c17 ActivityRecord{1b01896 u0 com.excelliance.dualaid/com.excelliance.kxqp.ui.HelloActivity t16017}}}
06-24 15:32:18.410 V/WindowManager(  657): Checking 1 opening apps (frozen=false timeout=false)...
06-24 15:32:18.410 V/WindowManager(  657): Check opening app=AppWindowToken{ecc6804 token=Token{97c5c17 ActivityRecord{1b01896 u0 com.excelliance.dualaid/com.excelliance.kxqp.ui.HelloActivity t16017}}}: allDrawn=false startingDisplayed=false startingMoved=false isRelaunching()=false
06-24 15:32:18.410 D/PMS11422(  657): package:com.excelliance.dualaid, input flags:128, output hwFlags:0
06-24 15:32:18.411 D/PMS11422(  657): package:com.excelliance.dualaid, input flags:128, output hwFlags:0
06-24 15:32:18.417 D/HwCust  ( 6886): Create obj success use class android.app.HwCustActivityImpl
06-24 15:32:18.417 D/HwCust  ( 6886): Create obj success use class android.app.HwCustHwWallpaperManagerImpl
06-24 15:32:18.419 V/ActivityThread( 6886): ActivityThread,callActivityOnCreate
06-24 15:32:18.419 D/HelloActivity( 6886): Memory:25136M
06-24 15:32:18.420 D/HelloActivity( 6886): onCreate: true
06-24 15:32:18.422 D/HelloActivity( 6886): mIsNav = true
06-24 15:32:18.423 D/PMS11422(  657): package:com.excelliance.dualaid, input flags:128, output hwFlags:0
06-24 15:32:18.424 D/PMS11422(  657): package:com.excelliance.dualaid, input flags:128, output hwFlags:0
06-24 15:32:18.427 D/HelloActivity( 6886): requestShowOneKeyLoginConfig: 
06-24 15:32:18.428 D/GameUtilBuild( 6886): getCompVersion e:java.lang.NullPointerException: Attempt to invoke virtual method 'android.content.pm.PackageManager android.content.Context.getPackageManager()' on a null object reference
06-24 15:32:18.429 D/PMS11422(  657): package:com.excelliance.dualaid, input flags:0, output hwFlags:0
06-24 15:32:18.429 D/PMS11422(  657): package:com.excelliance.dualaid, input flags:128, output hwFlags:0
06-24 15:32:18.430 D/PMS11422(  657): package:com.excelliance.dualaid, input flags:128, output hwFlags:0
06-24 15:32:18.435 D/PMS11422(  657): package:com.excelliance.dualaid, input flags:128, output hwFlags:0
06-24 15:32:18.435 D/PMS1000 (  657): package:com.excelliance.dualaid, input flags:8192, output hwFlags:0
06-24 15:32:18.436 D/PMS11422(  657): package:com.excelliance.dualaid, input flags:128, output hwFlags:0
06-24 15:32:18.437 D/PMS1001 (  657): package:com.excelliance.dualaid, input flags:0, output hwFlags:0
06-24 15:32:18.438 D/PMS11422(  657): package:com.excelliance.dualaid, input flags:128, output hwFlags:0
06-24 15:32:18.439 D/PMS11422(  657): package:com.excelliance.dualaid, input flags:128, output hwFlags:0
06-24 15:32:18.439 D/PMS11422(  657): package:com.excelliance.dualaid, input flags:128, output hwFlags:0
06-24 15:32:18.444 D/PMS11422(  657): package:com.excelliance.dualaid, input flags:128, output hwFlags:0
06-24 15:32:18.445 D/CubicBezierInterpolator( 6886): CubicBezierInterpolator  mControlPoint1x = 0.23, mControlPoint1y = 0.06, mControlPoint2x = 0.09, mControlPoint2y = 0.97
06-24 15:32:18.445 D/CubicBezierInterpolator( 6886): CubicBezierInterpolator  mControlPoint1x = 0.6, mControlPoint1y = 0.9, mControlPoint2x = 0.8, mControlPoint2y = 1.0
06-24 15:32:18.445 D/CubicBezierInterpolator( 6886): CubicBezierInterpolator  mControlPoint1x = 0.23, mControlPoint1y = 0.06, mControlPoint2x = 0.09, mControlPoint2y = 0.97
06-24 15:32:18.445 D/CubicBezierInterpolator( 6886): CubicBezierInterpolator  mControlPoint1x = 0.6, mControlPoint1y = 0.9, mControlPoint2x = 0.8, mControlPoint2y = 1.0
06-24 15:32:18.447 D/HwWechatOptimizeImpl( 6886): mIsEffect:false
06-24 15:32:18.452 V/InitialData( 6919): capitalize:Hi6250_launch
06-24 15:32:18.452 V/GameUtil( 6919): getCurrentVersionByKey : hi6250_launch	current_hi6250_launch_version	Hi6250_launchVersion
06-24 15:32:18.452 D/HwRTBlurUtils( 6886): check blur style for HwPhoneWindow-, themeResId : 0x7f0e001c, context : com.excelliance.kxqp.ui.HelloActivity@c4029d0, Nhwext : 0, get Blur : disable with , null
06-24 15:32:18.453 V/GameUtil( 6919): saveVersionToFileByKey  xml_key :hi6250_launch  result:-1
06-24 15:32:18.453 V/HelloActivity( 6886): start add appType：0
06-24 15:32:18.452 D/PMS11422(  657): package:com.excelliance.dualaid, input flags:128, output hwFlags:0
06-24 15:32:18.453 D/PMS11422(  657): package:com.tencent.mm, input flags:0, output hwFlags:0
06-24 15:32:18.456 V/GameUtil( 6919): getCurrentVersionByKey  hi6250_launch:-1
06-24 15:32:18.456 V/AddGameData( 6919): _applist:hi6250
06-24 15:32:18.456 V/InitialData( 6919): capitalize:Hi6250_applist
06-24 15:32:18.456 V/GameUtil( 6919): getCurrentVersionByKey : hi6250_applist	current_hi6250_applist_version	Hi6250_applistVersion
06-24 15:32:18.457 D/PMS11422(  657): package:com.excelliance.dualaid, input flags:128, output hwFlags:0
06-24 15:32:18.457 V/GameUtil( 6919): saveVersionToFileByKey  xml_key :hi6250_applist  result:-1
06-24 15:32:18.460 V/GameUtil( 6919): getCurrentVersionByKey  hi6250_applist:-1
06-24 15:32:18.460 V/InitialData( 6919): capitalize:Hi6250_notification
06-24 15:32:18.460 V/GameUtil( 6919): getCurrentVersionByKey : hi6250_notification	current_hi6250_notification_version	Hi6250_notificationVersion
06-24 15:32:18.461 D/PMS11422(  657): package:com.excelliance.dualaid, input flags:128, output hwFlags:0
06-24 15:32:18.461 V/GameUtil( 6919): saveVersionToFileByKey  xml_key :hi6250_notification  result:-1
06-24 15:32:18.464 E/HwResourcesImpl( 6886): readDefaultConfig : FileNotFoundException
06-24 15:32:18.464 V/GameUtil( 6919): getCurrentVersionByKey  hi6250_notification:-1
06-24 15:32:18.464 E/HwResourcesImpl( 6886): readDefaultConfig : FileNotFoundException
06-24 15:32:18.465 V/VersionManager( 6919): ver source:{"hi6250_launch":"0","hi6250_applist":"0","hi6250_notification":"0"}
06-24 15:32:18.466 V/VersionManager( 6919): ver :eyJoaTYyNTBfbGF1bmNoIjoiMCIsImhpNjI1MF9hcHBsaXN0IjoiMCIsImhpNjI1MF9ub3RpZmlj%0AYXRpb24iOiIwIn0%3D%0A
06-24 15:32:18.467 I/HwCust  ( 6886): Constructor found for class android.content.res.HwCustHwResourcesImpl
06-24 15:32:18.467 D/HwCust  ( 6886): Create obj success use class android.content.res.HwCustHwResourcesImpl
06-24 15:32:18.469 V/UrlUtil ( 6919): https://mto.multiopen.cn/dynamicphoneres.php?sdkver=2009&apkver=466&vn=4.0.6&compver=54302&mainver=231200&ver=eyJoaTYyNTBfbGF1bmNoIjoiMCIsImhpNjI1MF9hcHBsaXN0IjoiMCIsImhpNjI1MF9ub3RpZmlj%0AYXRpb24iOiIwIn0%3D%0A&chid=10019&subchid=1&type=20&uflag=2&pkg=com.excelliance.dualaid&api=26&release=8.0.0&abi=armeabi-v7a&abi2=armeabi&abilist=arm64-v8a%2Carmeabi-v7a%2Carmeabi&abilist32=armeabi-v7a%2Carmeabi&abilist64=arm64-v8a&brand=HONOR&manufacturer=HUAWEI&model=STF-AL10&product=STF-AL10&issl=1&sign=30820271308201daa0030201020204520332c2300d06092a864886f70d0101050500307c310b300906035504061302434e3111300f060355040813085368616e
06-24 15:32:18.469 D/VersionManager( 6919): httpsRequest getURL = https://mto.multiopen.cn/dynamicphoneres.php?sdkver=2009&apkver=466&vn=4.0.6&compver=54302&mainver=231200&ver=eyJoaTYyNTBfbGF1bmNoIjoiMCIsImhpNjI1MF9hcHBsaXN0IjoiMCIsImhpNjI1MF9ub3RpZmlj%0AYXRpb24iOiIwIn0%3D%0A&chid=10019&subchid=1&type=20&uflag=2&pkg=com.excelliance.dualaid&api=26&release=8.0.0&abi=armeabi-v7a&abi2=armeabi&abilist=arm64-v8a%2Carmeabi-v7a%2Carmeabi&abilist32=armeabi-v7a%2Carmeabi&abilist64=arm64-v8a&brand=HONOR&manufacturer=HUAWEI&model=STF-AL10&product=STF-AL10&issl=1&sign=30820271308201daa0030201020204520332c2300d06092a864886f70d0101050500307c310b300906035504061302434e3111300f060355040813085368616e
06-24 15:32:18.481 W/X509TrustManager( 6886): checkServerTrusted: SignatureException:null
06-24 15:32:18.481 W/X509TrustManager( 6886): checkServerTrusted: SignatureException:error:04000073:RSA routines:OPENSSL_internal:DATA_TOO_LARGE_FOR_MODULUS
06-24 15:32:18.482 D/PMS11422(  657): package:com.tencent.mm, input flags:0, output hwFlags:0
06-24 15:32:18.483 D/PMS11422(  657): package:com.tencent.mobileqq, input flags:0, output hwFlags:0
06-24 15:32:18.499 D/PMS11422(  657): package:com.tencent.mobileqq, input flags:0, output hwFlags:0
06-24 15:32:18.500 D/PMS11422(  657): package:com.ifreetalk.ftalk, input flags:0, output hwFlags:0
06-24 15:32:18.503 W/X509TrustManager( 6919): checkServerTrusted: SignatureException:null
06-24 15:32:18.503 W/X509TrustManager( 6919): checkServerTrusted: SignatureException:error:04000073:RSA routines:OPENSSL_internal:DATA_TOO_LARGE_FOR_MODULUS
06-24 15:32:18.510 D/HwRecentsLockUtils( 1513): Search
06-24 15:32:18.510 E/HsmCoreServiceImpl( 1478): onTransact in code is: 103
06-24 15:32:18.510 I/MediaProcessHandler( 1478): playingUids: 
06-24 15:32:18.511 D/ActivityManager(  657): Skipping, home or recents stack task: TaskRecord{333215f #15658 A=com.huawei.android.launcher U=0 StackId=0 sz=1}
06-24 15:32:18.511 D/ActivityManager(  657): Skipping intent:act=android.intent.action.MAIN cat=[android.intent.category.LAUNCHER] flg=0x10a00000 cmp=io.appium.settings/.Settings
06-24 15:32:18.511 D/ActivityManager(  657): Skipping intent:flg=0x10804000 cmp=com.android.systemui/.recents.RecentsActivity bnds=[48,928][1032,2296]
06-24 15:32:18.511 D/ActivityManager(  657): Skipping intent:flg=0x18800000 cmp=com.tencent.mm/.plugin.base.stub.WXPayEntryActivity
06-24 15:32:18.511 D/ActivityManager(  657): Skipping intent:flg=0x10800000 cmp=com.huawei.systemmanager/com.huawei.permissionmanager.ui.MainActivity
06-24 15:32:18.511 D/ActivityManager(  657): Skipping intent:flg=0x18800000 cmp=com.tencent.mm/.plugin.base.stub.WXEntryActivity
06-24 15:32:18.511 D/ActivityManager(  657): Skipping intent:act=com.huawei.action.VOICE_ASSISTANT flg=0x10800000 pkg=com.huawei.vassistant cmp=com.huawei.vassistant/.ui.main.VAssistantActivity
06-24 15:32:18.511 D/ActivityManager(  657): Skipping intent:act=com.huawei.android.launcher.action.ACCESS_SPLIT_SCREEN_APP cat=[android.intent.category.DEFAULT] flg=0x10804000 cmp=com.huawei.android.launcher/.splitscreen.SplitScreenAppActivity
06-24 15:32:18.511 D/ActivityManager(  657): Skipping intent:flg=0x10800000 pkg=com.excelliance.dualaid.b64 cmp=com.excelliance.dualaid.b64/com.excelliance.kxqp.sdk.PermissionRequestActivity
06-24 15:32:18.511 D/ActivityManager(  657): Skipping intent:act=android.intent.action.VIEW dat=content://com.excelliance.dualaid.fileProvider/external_storage_root/Download/apk/Multiple_64.apk typ=application/vnd.android.package-archive flg=0x10800001 cmp=com.android.packageinstaller/.InstallStart
06-24 15:32:18.511 D/ActivityManager(  657): Skipping intent:flg=0x10800000 cmp=com.android.systemui/.usb.HwUsbDebuggingActivity
06-24 15:32:18.511 D/ActivityManager(  657): Skipping intent:act=android.deviceinfo.chooser.action.LAUNCH flg=0x10800000 hwFlg=0x100 pkg=com.android.settings cmp=com.android.settings/.deviceinfo.UsbConnModeChooserActivity
06-24 15:32:18.511 D/ActivityManager(  657): Skipping intent:flg=0x10800000 cmp=com.zol.android/.push.KeepLiveActivity
06-24 15:32:18.511 D/ActivityManager(  657): Skipping intent:act=android.intent.action.MAIN cat=[android.intent.category.HOME] flg=0x10800300 cmp=com.android.settings/.FallbackHome
06-24 15:32:18.515 D/PMS11422(  657): package:com.ifreetalk.ftalk, input flags:0, output hwFlags:0
06-24 15:32:18.516 V/HelloActivity( 6886): end add appType：0
06-24 15:32:18.532 D/HelloActivity( 6886): onSuccess: respone:{"code":1,"message":"success","data":{"switch":1},"service":"onekeyswitch"}
06-24 15:32:18.532 D/ActivityThread( 6886): add activity client record, r= ActivityRecord{2c2a792 token=android.os.BinderProxy@f7a1593 {com.excelliance.dualaid/com.excelliance.kxqp.ui.HelloActivity}} token= android.os.BinderProxy@f7a1593
06-24 15:32:18.534 D/OpenGLRenderer( 6886):   HWUI Binary is  enabled
06-24 15:32:18.536 V/WindowManager(  657): Adding Window{9bc31a5 u0 com.excelliance.dualaid/com.excelliance.kxqp.ui.HelloActivity} to AppWindowToken{ecc6804 token=Token{97c5c17 ActivityRecord{1b01896 u0 com.excelliance.dualaid/com.excelliance.kxqp.ui.HelloActivity t16017}}}
06-24 15:32:18.536 V/WindowManager(  657): addWindow: New client android.os.BinderProxy@b86b39c: window=Window{9bc31a5 u0 com.excelliance.dualaid/com.excelliance.kxqp.ui.HelloActivity} Callers=com.android.server.wm.HwWindowManagerService.addWindow:562 com.android.server.wm.Session.addToDisplay:199 android.view.IWindowSession$Stub.onTransact:124 com.android.server.wm.Session.onTransact:161 android.os.Binder.execTransact:675 
06-24 15:32:18.538 V/MainActivity( 6886): onWindowFocusChanged: false
06-24 15:32:18.538 D/MainActivity( 6886): onWindowFocusChanged: end
06-24 15:32:18.538 D/HelloActivity( 6886): upload: com.tencent.mm,com.tencent.mobileqq,com.ifreetalk.ftalk
06-24 15:32:18.540 D/OpenGLRenderer( 6886):   HWUI Binary is  enabled
06-24 15:32:18.540 E/SmtServService( 6919): firststartcom.tencent.mm,com.tencent.mobileqq,com.ifreetalk.ftalk
06-24 15:32:18.559 D/VersionManager( 6919): xml=<?xml version="1.0" encoding="utf-8"?><upinfo></upinfo>
06-24 15:32:18.565 V/WindowManager(  657): Checking 1 opening apps (frozen=false timeout=false)...
06-24 15:32:18.565 V/WindowManager(  657): Check opening app=AppWindowToken{ecc6804 token=Token{97c5c17 ActivityRecord{1b01896 u0 com.excelliance.dualaid/com.excelliance.kxqp.ui.HelloActivity t16017}}}: allDrawn=false startingDisplayed=false startingMoved=false isRelaunching()=false
06-24 15:32:18.568 V/HwPhoneWindowManager(  657): updateSystemUiColorLw window=Window{9bc31a5 u0 com.excelliance.dualaid/com.excelliance.kxqp.ui.HelloActivity},EmuiStyle=0,StatusBarColor=0x0,NavigationBarColor=0xff000000, mLastIsEmuiLightStyle=-1
06-24 15:32:18.568 D/HwPhoneWindowManager(  657): Transact:setSystemUIColor to status bar service
06-24 15:32:18.568 I/CommandQueue( 1513): updateBarBgColor
06-24 15:32:18.568 D/CommandQueue( 1513): CommandQueue, setBarBackgroundColor
06-24 15:32:18.568 I/WindowManager(  657): notifyAccessibilityButtonVisibilityChanged visible:false
06-24 15:32:18.568 D/TintManager( 1513): statusBarIconTint=#99FFFFFF,navigationBarIconTint=#FF000000
06-24 15:32:18.569 W/ActivityManager(  657): Sending non-protected broadcast huawei.action.floattasks.STATUS_BAR_STATE_CHANGED from system 1513:com.android.systemui/u0a39 pkg com.android.systemui
06-24 15:32:18.569 V/WindowManager(  657): Checking 1 opening apps (frozen=false timeout=false)...
06-24 15:32:18.569 V/WindowManager(  657): Check opening app=AppWindowToken{ecc6804 token=Token{97c5c17 ActivityRecord{1b01896 u0 com.excelliance.dualaid/com.excelliance.kxqp.ui.HelloActivity t16017}}}: allDrawn=false startingDisplayed=false startingMoved=false isRelaunching()=false
06-24 15:32:18.572 V/WindowManager(  657): Checking 1 opening apps (frozen=false timeout=false)...
06-24 15:32:18.573 V/WindowManager(  657): Check opening app=AppWindowToken{ecc6804 token=Token{97c5c17 ActivityRecord{1b01896 u0 com.excelliance.dualaid/com.excelliance.kxqp.ui.HelloActivity t16017}}}: allDrawn=false startingDisplayed=false startingMoved=false isRelaunching()=false
06-24 15:32:18.572 I/GRALLOC (  679): 	 shrFd=10,fmt=0x1,intFmt=0x200000001,btStrd=4352,size=8486912,pid=679 
06-24 15:32:18.572 I/GRALLOC (  679): 	 yuv=2,w=1080,h=1920,Stride u=0 v=0,offset u=0 v=0 
06-24 15:32:18.572 I/GRALLOC (  679): 	 iova_size=8486912,conUsg=0x900,proUsg=0x900,	 strd=1088,[afbc]HdrStrd=1088 PyldStrd=69632 Scrmbl=2,ionhnd = 1 
06-24 15:32:18.573 V/WindowManager(  657): Check opening app=AppWindowToken{ecc6804 token=Token{97c5c17 ActivityRecord{1b01896 u0 com.excelliance.dualaid/com.excelliance.kxqp.ui.HelloActivity t16017}}}: allDrawn=false startingDisplayed=false startingMoved=false isRelaunching()=false
06-24 15:32:18.574 W//system/bin/hwservicemanager(  416): Cannot open /odm/manifest.xml
06-24 15:32:18.575 I/GRALLOC (  679): 	 shrFd=10,fmt=0x1,intFmt=0x200000001,btStrd=4352,size=8486912,pid=679 
06-24 15:32:18.575 I/GRALLOC (  679): 	 yuv=2,w=1080,h=1920,Stride u=0 v=0,offset u=0 v=0 
06-24 15:32:18.575 I/GRALLOC (  679): 	 iova_size=8486912,conUsg=0x900,proUsg=0x900,	 strd=1088,[afbc]HdrStrd=1088 PyldStrd=69632 Scrmbl=2,ionhnd = 1 
06-24 15:32:18.577 I/GRALLOC (  679): 	 shrFd=10,fmt=0x1,intFmt=0x200000001,btStrd=4352,size=8486912,pid=679 
06-24 15:32:18.577 I/GRALLOC (  679): 	 yuv=2,w=1080,h=1920,Stride u=0 v=0,offset u=0 v=0 
06-24 15:32:18.577 I/GRALLOC (  679): 	 iova_size=8486912,conUsg=0x900,proUsg=0x900,	 strd=1088,[afbc]HdrStrd=1088 PyldStrd=69632 Scrmbl=2,ionhnd = 1 
06-24 15:32:18.579 D/mali_winsys( 6886): EGLint new_window_surface(egl_winsys_display *, void *, EGLSurface, EGLConfig, egl_winsys_surface **, egl_color_buffer_format *, EGLBoolean) returns 0x3000
06-24 15:32:18.580 I/zygote  ( 6886): Do partial code cache collection, code=56KB, data=52KB
06-24 15:32:18.580 I/zygote  ( 6886): After code cache collection, code=55KB, data=52KB
06-24 15:32:18.580 I/zygote  ( 6886): Increasing code cache capacity to 256KB
06-24 15:32:18.590 W/InputMethodManager( 6886): startInputReason = 1
06-24 15:32:18.591 D/PMS11422(  657): package:com.android.mms, input flags:0, output hwFlags:0
06-24 15:32:18.592 D/PMS11422(  657): package:com.android.settings, input flags:0, output hwFlags:0
06-24 15:32:18.592 D/PMS11422(  657): package:com.android.contacts, input flags:0, output hwFlags:0
06-24 15:32:18.593 I/wangchen( 7035): SysInfo.getSysParam: orientation=1||config d=3.0,w=1080,h=1920||metrics d=3.0,w=1080,h=1920||sdk=26,bar_h=72
06-24 15:32:18.593 I/KeymapLoader( 7035): w=1080 h=1920 ori=true appScale=3.3 s1=3.0
06-24 15:32:18.605 D/PMS1000 (  657): package:com.excelliance.dualaid, input flags:8192, output hwFlags:0
06-24 15:32:18.606 W/HSM     ( 1813): HoldService:toast switch is close!
06-24 15:32:18.606 D/ApplicationPackageManager( 6886): getInstalledApplications blocked
06-24 15:32:18.607 D/HsmInterfaceImpl( 6886): List [ApplicationInfo{eb33652 com.huawei.hifolder}, ApplicationInfo{2474d23 com.github.shadowsocks}, ApplicationInfo{deeb220 com.excelliance.dualaid}]
06-24 15:32:18.612 I/GRALLOC (  679): 	 shrFd=10,fmt=0x1,intFmt=0x200000001,btStrd=4352,size=8486912,pid=679 
06-24 15:32:18.612 I/GRALLOC (  679): 	 yuv=2,w=1080,h=1920,Stride u=0 v=0,offset u=0 v=0 
06-24 15:32:18.612 I/GRALLOC (  679): 	 iova_size=8486912,conUsg=0xb00,proUsg=0xb00,	 strd=1088,[afbc]HdrStrd=1088 PyldStrd=69632 Scrmbl=2,ionhnd = 1 
06-24 15:32:18.614 D/PMS11422(  657): package:com.tencent.tmgp.qqx5, input flags:0, output hwFlags:0
06-24 15:32:18.614 D/PMS11422(  657): package:com.huawei.android.pushagent, input flags:0, output hwFlags:0
06-24 15:32:18.614 D/PMS11422(  657): package:com.huawei.appmarket, input flags:0, output hwFlags:0
06-24 15:32:18.615 D/PMS11422(  657): package:com.wandoujia.phoenix2, input flags:0, output hwFlags:0
06-24 15:32:18.615 D/PMS11422(  657): package:com.tencent.mm, input flags:0, output hwFlags:0
06-24 15:32:18.615 D/PMS11422(  657): package:com.android.providers.media, input flags:0, output hwFlags:0
06-24 15:32:18.615 D/PMS11422(  657): package:com.huawei.vassistant, input flags:0, output hwFlags:0
06-24 15:32:18.615 D/PMS11422(  657): package:com.android.contacts, input flags:0, output hwFlags:0
06-24 15:32:18.615 D/PMS11422(  657): package:com.facebook.katana, input flags:0, output hwFlags:0
06-24 15:32:18.615 D/PMS11422(  657): package:com.huawei.hidisk, input flags:0, output hwFlags:536870912
06-24 15:32:18.616 D/PMS11422(  657): package:com.huawei.trustcircle, input flags:0, output hwFlags:0
06-24 15:32:18.616 D/PMS11422(  657): package:com.jingdong.app.mall, input flags:0, output hwFlags:0
06-24 15:32:18.616 D/PMS11422(  657): package:com.tencent.mobileqq, input flags:0, output hwFlags:0
06-24 15:32:18.616 D/PMS11422(  657): package:com.zol.android, input flags:0, output hwFlags:0
06-24 15:32:18.616 D/PMS11422(  657): package:com.huawei.hiskytone, input flags:0, output hwFlags:603979776
06-24 15:32:18.616 D/PMS11422(  657): package:com.huawei.hwid, input flags:0, output hwFlags:0
06-24 15:32:18.616 D/PMS11422(  657): package:com.sina.weibo, input flags:0, output hwFlags:0
06-24 15:32:18.616 D/PMS11422(  657): package:com.antutu.ABenchMark, input flags:0, output hwFlags:0
06-24 15:32:18.617 D/PMS11422(  657): package:com.sankuai.meituan.takeoutnew, input flags:0, output hwFlags:0
06-24 15:32:18.617 D/PMS11422(  657): package:com.vmall.client, input flags:0, output hwFlags:67108864
06-24 15:32:18.617 D/PMS11422(  657): package:com.android.browser, input flags:0, output hwFlags:0
06-24 15:32:18.617 D/PMS11422(  657): package:com.eg.android.AlipayGphone, input flags:0, output hwFlags:0
06-24 15:32:18.617 D/PMS11422(  657): package:com.android.mediacenter, input flags:0, output hwFlags:0
06-24 15:32:18.617 D/PMS11422(  657): package:com.huawei.himovie, input flags:0, output hwFlags:0
06-24 15:32:18.618 D/PMS11422(  657): package:com.huawei.hnreader, input flags:0, output hwFlags:67108864
06-24 15:32:18.618 D/PMS11422(  657): package:com.twitter.android, input flags:0, output hwFlags:0
06-24 15:32:18.618 D/PMS11422(  657): package:com.baidu.input_huawei, input flags:0, output hwFlags:0
06-24 15:32:18.618 D/PMS11422(  657): package:com.google.android.gms, input flags:0, output hwFlags:0
06-24 15:32:18.618 D/PMS11422(  657): package:com.sankuai.meituan, input flags:0, output hwFlags:0
06-24 15:32:18.618 D/PMS11422(  657): package:com.tencent.news, input flags:0, output hwFlags:0
06-24 15:32:18.618 D/PMS11422(  657): package:com.iflytek.speechsuite, input flags:0, output hwFlags:0
06-24 15:32:18.619 D/PMS11422(  657): package:com.qzone, input flags:0, output is null
06-24 15:32:18.619 D/PMS11422(  657): package:com.tencent.android.qqdownloader, input flags:0, output hwFlags:0
06-24 15:32:18.619 D/PMS11422(  657): package:com.tencent.now, input flags:0, output is null
06-24 15:32:18.619 D/PMS11422(  657): package:com.ifreetalk.ftalk, input flags:0, output hwFlags:0
06-24 15:32:18.619 D/WindowManager(  657): finishDrawingWindow: Window{9bc31a5 u0 com.excelliance.dualaid/com.excelliance.kxqp.ui.HelloActivity} mDrawState=DRAW_PENDING
06-24 15:32:18.619 D/PMS11422(  657): package:com.taobao.taobao, input flags:0, output hwFlags:0
06-24 15:32:18.619 D/PMS11422(  657): package:com.android.gallery3d, input flags:0, output hwFlags:0
06-24 15:32:18.619 D/PMS11422(  657): package:com.pp.assistant, input flags:0, output hwFlags:0
06-24 15:32:18.620 D/PMS11422(  657): package:com.oppo.market, input flags:0, output hwFlags:0
06-24 15:32:18.620 D/PMS11422(  657): package:com.excean.wxaid, input flags:0, output hwFlags:0
06-24 15:32:18.620 D/PMS11422(  657): package:com.huawei.intelligent, input flags:0, output hwFlags:0
06-24 15:32:18.620 D/PMS11422(  657): package:com.google.android.backuptransport, input flags:0, output hwFlags:0
06-24 15:32:18.620 D/PMS11422(  657): package:com.huawei.skytone, input flags:0, output hwFlags:0
06-24 15:32:18.620 D/PMS11422(  657): package:com.estrongs.android.pop, input flags:0, output hwFlags:0
06-24 15:32:18.621 D/PMS11422(  657): package:com.redfinger.app, input flags:0, output hwFlags:0
06-24 15:32:18.621 V/WindowManager(  657): Checking 1 opening apps (frozen=false timeout=false)...
06-24 15:32:18.621 V/WindowManager(  657): Check opening app=AppWindowToken{ecc6804 token=Token{97c5c17 ActivityRecord{1b01896 u0 com.excelliance.dualaid/com.excelliance.kxqp.ui.HelloActivity t16017}}}: allDrawn=true startingDisplayed=false startingMoved=false isRelaunching()=false
06-24 15:32:18.621 D/PMS11422(  657): package:com.android.vending, input flags:0, output hwFlags:0
06-24 15:32:18.621 D/PMS11422(  657): package:org.hapjs.mockup, input flags:0, output hwFlags:0
06-24 15:32:18.621 D/PMS11422(  657): package:com.huawei.gamebox, input flags:0, output hwFlags:603979776
06-24 15:32:18.621 D/PMS11422(  657): package:com.tencent.tmgp.pubgmhd-ext, input flags:0, output is null
06-24 15:32:18.621 D/PMS11422(  657): package:com.stickgame.los2, input flags:0, output hwFlags:0
06-24 15:32:18.622 D/PMS11422(  657): package:com.qihoo.appstore, input flags:0, output hwFlags:0
06-24 15:32:18.622 D/PMS11422(  657): package:com.huawei.android.thememanager, input flags:0, output hwFlags:0
06-24 15:32:18.622 D/PMS11422(  657): package:com.excean.parallelspace, input flags:0, output hwFlags:0
06-24 15:32:18.622 D/PMS11422(  657): package:com.UCMobile, input flags:0, output hwFlags:0
06-24 15:32:18.622 D/PMS11422(  657): package:com.bbk.appstore, input flags:0, output hwFlags:0
06-24 15:32:18.622 D/PMS11422(  657): package:com.excean.ppaid, input flags:0, output hwFlags:0
06-24 15:32:18.622 D/PMS11422(  657): package:com.netease.blockchain, input flags:0, output hwFlags:0
06-24 15:32:18.623 D/PMS11422(  657): package:com.huawei.camera, input flags:0, output hwFlags:0
06-24 15:32:18.623 D/PMS11422(  657): package:com.sinovatech.unicom.ui, input flags:0, output hwFlags:0
06-24 15:32:18.623 D/PMS11422(  657): package:com.huawei.phoneservice, input flags:0, output hwFlags:0
06-24 15:32:18.623 D/PMS11422(  657): package:com.crisisfire.android.nearme.gamecenter, input flags:0, output hwFlags:0
06-24 15:32:18.623 D/PMS11422(  657): package:com.antutu.benchmark.full, input flags:0, output hwFlags:0
06-24 15:32:18.623 D/PMS11422(  657): package:com.xunmeng.pinduoduo, input flags:0, output hwFlags:0
06-24 15:32:18.623 D/PMS11422(  657): package:com.zhuowang.cloneapp, input flags:0, output hwFlags:0
06-24 15:32:18.623 D/PMS11422(  657): package:com.excean.parallelspace.b64, input flags:0, output hwFlags:0
06-24 15:32:18.624 D/PMS11422(  657): package:com.excelliance.multiaccounts.b64, input flags:0, output hwFlags:0
06-24 15:32:18.624 D/PMS11422(  657): package:com.xiangyou.multispace, input flags:0, output hwFlags:0
06-24 15:32:18.624 D/PMS11422(  657): package:com.youlong.multiaccount, input flags:0, output hwFlags:0
06-24 15:32:18.624 D/PMS11422(  657): package:com.gameloft.android.ANMP.GloftA9HM, input flags:0, output hwFlags:0
06-24 15:32:18.624 D/PMS11422(  657): package:com.excelliance.dualaid.b64, input flags:0, output hwFlags:0
06-24 15:32:18.624 D/AddGameData( 6886): switch_uninstall: 70
06-24 15:32:18.627 D/PMS1000 (  657): package:com.excelliance.dualaid, input flags:8192, output hwFlags:0
06-24 15:32:18.628 W/HSM     ( 1813): HoldService:toast switch is close!
06-24 15:32:18.628 D/ApplicationPackageManager( 6886): queryIntentActivitiesAsUser blocked, Intent { act=android.intent.action.MAIN cat=[android.intent.category.LAUNCHER] pkg=com.huawei.hifolder }
06-24 15:32:18.628 D/HsmInterfaceImpl( 6886): List []
06-24 15:32:18.630 V/WindowManager(  657): Checking 0 opening apps (frozen=false timeout=false)...
06-24 15:32:18.633 I/ActivityManager(  657): Displayed com.excelliance.dualaid/com.excelliance.kxqp.ui.HelloActivity: +217ms
06-24 15:32:18.633 D/BarTransitions.HwPhoneStatusBarView( 1513): MODE_TRANSLUCENT -> MODE_TRANSPARENT animate=false
06-24 15:32:18.633 D/BarTransitions.HwPhoneStatusBarView( 1513): applyModeBackground oldMode=MODE_TRANSLUCENT newMode=MODE_TRANSPARENT animate=false
06-24 15:32:18.634 D/PMS1000 (  657): package:com.excelliance.dualaid, input flags:8192, output hwFlags:0
06-24 15:32:18.634 I/GRALLOC (  679): 	 shrFd=10,fmt=0x1,intFmt=0x200000001,btStrd=4352,size=8486912,pid=679 
06-24 15:32:18.634 I/GRALLOC (  679): 	 yuv=2,w=1080,h=1920,Stride u=0 v=0,offset u=0 v=0 
06-24 15:32:18.634 I/GRALLOC (  679): 	 iova_size=8486912,conUsg=0xb00,proUsg=0xb00,	 strd=1088,[afbc]HdrStrd=1088 PyldStrd=69632 Scrmbl=2,ionhnd = 1 
06-24 15:32:18.636 D/BarTransitions.HwNavigationBarView( 1513): MODE_OPAQUE -> MODE_TRANSPARENT animate=false
06-24 15:32:18.636 D/BarTransitions.HwNavigationBarView( 1513): applyModeBackground oldMode=MODE_OPAQUE newMode=MODE_TRANSPARENT animate=false
06-24 15:32:18.637 W/HSM     ( 1813): HoldService:toast switch is close!
06-24 15:32:18.637 D/ApplicationPackageManager( 6886): queryIntentActivitiesAsUser blocked, Intent { act=android.intent.action.MAIN cat=[android.intent.category.LAUNCHER] pkg=com.github.shadowsocks }
06-24 15:32:18.638 D/HsmInterfaceImpl( 6886): List [ResolveInfo{da7c7d9 com.github.shadowsocks/.MainActivity m=0x108000}]
06-24 15:32:18.639 I/GRALLOC (  679): 	 shrFd=10,fmt=0x1,intFmt=0x200000001,btStrd=4352,size=8486912,pid=679 
06-24 15:32:18.639 I/GRALLOC (  679): 	 yuv=2,w=1080,h=1920,Stride u=0 v=0,offset u=0 v=0 
06-24 15:32:18.639 I/GRALLOC (  679): 	 iova_size=8486912,conUsg=0xb00,proUsg=0xb00,	 strd=1088,[afbc]HdrStrd=1088 PyldStrd=69632 Scrmbl=2,ionhnd = 1 
06-24 15:32:18.644 E/BufferQueueProducer(  710): [com.excelliance.dualaid/com.excelliance.kxqp.swipe.NavActivity2#0] disconnect: not connected (req=1)
06-24 15:32:18.644 W/libEGL  ( 6886): EGLNativeWindowType 0xd0cb9808 disconnect failed
06-24 15:32:18.662 D/PMS1000 (  657): package:com.excelliance.dualaid, input flags:8192, output hwFlags:0
06-24 15:32:18.663 W/HSM     ( 1813): HoldService:toast switch is close!
06-24 15:32:18.664 D/ApplicationPackageManager( 6886): queryIntentActivitiesAsUser blocked, Intent { act=android.intent.action.MAIN cat=[android.intent.category.LAUNCHER] pkg=com.excelliance.dualaid }
06-24 15:32:18.664 D/HsmInterfaceImpl( 6886): List [ResolveInfo{537987f com.excelliance.dualaid/com.excelliance.kxqp.ui.HelloActivity m=0x108000}]
06-24 15:32:18.691 D/PMS1000 (  657): package:com.excelliance.dualaid, input flags:8192, output hwFlags:0
06-24 15:32:18.692 W/HSM     ( 1813): HoldService:toast switch is close!
06-24 15:32:18.693 D/ApplicationPackageManager( 6886): queryIntentActivitiesAsUser blocked, Intent { act=android.intent.action.MAIN cat=[android.intent.category.LAUNCHER] pkg=com.tencent.tmgp.qqx5 }
06-24 15:32:18.693 D/HsmInterfaceImpl( 6886): List [ResolveInfo{7c40895 com.tencent.tmgp.qqx5/.DGMMainActivity m=0x108000}]
06-24 15:32:18.728 D/HwRecentsLockUtils( 1513): Search
06-24 15:32:18.728 E/HsmCoreServiceImpl( 1478): onTransact in code is: 103
06-24 15:32:18.729 I/MediaProcessHandler( 1478): playingUids: 
06-24 15:32:18.729 D/ActivityManager(  657): Skipping, home or recents stack task: TaskRecord{333215f #15658 A=com.huawei.android.launcher U=0 StackId=0 sz=1}
06-24 15:32:18.729 D/ActivityManager(  657): Skipping intent:act=android.intent.action.MAIN cat=[android.intent.category.LAUNCHER] flg=0x10a00000 cmp=io.appium.settings/.Settings
06-24 15:32:18.729 D/ActivityManager(  657): Skipping intent:flg=0x10804000 cmp=com.android.systemui/.recents.RecentsActivity bnds=[48,928][1032,2296]
06-24 15:32:18.729 D/ActivityManager(  657): Skipping intent:flg=0x18800000 cmp=com.tencent.mm/.plugin.base.stub.WXPayEntryActivity
06-24 15:32:18.729 D/ActivityManager(  657): Skipping intent:flg=0x10800000 cmp=com.huawei.systemmanager/com.huawei.permissionmanager.ui.MainActivity
06-24 15:32:18.729 D/ActivityManager(  657): Skipping intent:flg=0x18800000 cmp=com.tencent.mm/.plugin.base.stub.WXEntryActivity
06-24 15:32:18.729 D/ActivityManager(  657): Skipping intent:act=com.huawei.action.VOICE_ASSISTANT flg=0x10800000 pkg=com.huawei.vassistant cmp=com.huawei.vassistant/.ui.main.VAssistantActivity
06-24 15:32:18.729 D/ActivityManager(  657): Skipping intent:act=com.huawei.android.launcher.action.ACCESS_SPLIT_SCREEN_APP cat=[android.intent.category.DEFAULT] flg=0x10804000 cmp=com.huawei.android.launcher/.splitscreen.SplitScreenAppActivity
06-24 15:32:18.729 D/ActivityManager(  657): Skipping intent:flg=0x10800000 pkg=com.excelliance.dualaid.b64 cmp=com.excelliance.dualaid.b64/com.excelliance.kxqp.sdk.PermissionRequestActivity
06-24 15:32:18.729 D/ActivityManager(  657): Skipping intent:act=android.intent.action.VIEW dat=content://com.excelliance.dualaid.fileProvider/external_storage_root/Download/apk/Multiple_64.apk typ=application/vnd.android.package-archive flg=0x10800001 cmp=com.android.packageinstaller/.InstallStart
06-24 15:32:18.729 D/ActivityManager(  657): Skipping intent:flg=0x10800000 cmp=com.android.systemui/.usb.HwUsbDebuggingActivity
06-24 15:32:18.729 D/ActivityManager(  657): Skipping intent:act=android.deviceinfo.chooser.action.LAUNCH flg=0x10800000 hwFlg=0x100 pkg=com.android.settings cmp=com.android.settings/.deviceinfo.UsbConnModeChooserActivity
06-24 15:32:18.729 D/ActivityManager(  657): Skipping intent:flg=0x10800000 cmp=com.zol.android/.push.KeepLiveActivity
06-24 15:32:18.729 D/ActivityManager(  657): Skipping intent:act=android.intent.action.MAIN cat=[android.intent.category.HOME] flg=0x10800300 cmp=com.android.settings/.FallbackHome
06-24 15:32:18.734 D/PMS1000 (  657): package:com.excelliance.dualaid, input flags:8192, output hwFlags:0
06-24 15:32:18.735 W/HSM     ( 1813): HoldService:toast switch is close!
06-24 15:32:18.736 D/ApplicationPackageManager( 6886): queryIntentActivitiesAsUser blocked, Intent { act=android.intent.action.MAIN cat=[android.intent.category.LAUNCHER] pkg=com.huawei.android.pushagent }
06-24 15:32:18.736 D/HsmInterfaceImpl( 6886): List []
06-24 15:32:18.739 W/HSM     ( 1813): HoldService:toast switch is close!
06-24 15:32:18.739 D/ApplicationPackageManager( 6886): queryIntentActivitiesAsUser blocked, Intent { act=android.intent.action.MAIN cat=[android.intent.category.LAUNCHER] pkg=com.huawei.appmarket }
06-24 15:32:18.740 D/HsmInterfaceImpl( 6886): List [ResolveInfo{8b73d9b com.huawei.appmarket/.MainActivity m=0x108000}]
06-24 15:32:18.744 E/asset   ( 6886): createFromFile(): lock file /data/resource-cache/system@emui@base@overlay@frameworkhwexthonor@frameworkhwexthonor.apk@idmap.
06-24 15:32:18.744 E/asset   ( 6886): createFromFile(): lock file /data/resource-cache/system@emui@base@overlay@frameworkhwexthonor@frameworkhwexthonor.apk@idmap.
06-24 15:32:18.744 W/ResourceType( 6886): Found multiple library tables, ignoring...
06-24 15:32:18.775 W/HSM     ( 1813): HoldService:toast switch is close!
06-24 15:32:18.776 D/ApplicationPackageManager( 6886): queryIntentActivitiesAsUser blocked, Intent { act=android.intent.action.MAIN cat=[android.intent.category.LAUNCHER] pkg=com.wandoujia.phoenix2 }
06-24 15:32:18.776 D/HsmInterfaceImpl( 6886): List [ResolveInfo{67f8a76 com.wandoujia.phoenix2/com.pp.assistant.activity.PPMainActivity m=0x108000}]
06-24 15:32:18.808 D/PMS1000 (  657): package:com.excelliance.dualaid, input flags:8192, output hwFlags:0
06-24 15:32:18.809 W/HSM     ( 1813): HoldService:toast switch is close!
06-24 15:32:18.810 D/ApplicationPackageManager( 6886): queryIntentActivitiesAsUser blocked, Intent { act=android.intent.action.MAIN cat=[android.intent.category.LAUNCHER] pkg=com.tencent.mm }
06-24 15:32:18.810 D/HsmInterfaceImpl( 6886): List [ResolveInfo{222dce4 com.tencent.mm/.ui.LauncherUI m=0x108000}]
06-24 15:32:18.829 D/PMS1000 (  657): package:com.excelliance.dualaid, input flags:8192, output hwFlags:0
06-24 15:32:18.830 W/HSM     ( 1813): HoldService:toast switch is close!
06-24 15:32:18.831 D/ApplicationPackageManager( 6886): queryIntentActivitiesAsUser blocked, Intent { act=android.intent.action.MAIN cat=[android.intent.category.LAUNCHER] pkg=com.android.providers.media }
06-24 15:32:18.831 D/HsmInterfaceImpl( 6886): List []
06-24 15:32:18.834 W/HSM     ( 1813): HoldService:toast switch is close!
06-24 15:32:18.835 D/ApplicationPackageManager( 6886): queryIntentActivitiesAsUser blocked, Intent { act=android.intent.action.MAIN cat=[android.intent.category.LAUNCHER] pkg=com.huawei.vassistant }
06-24 15:32:18.835 D/HsmInterfaceImpl( 6886): List [ResolveInfo{47db54d com.huawei.vassistant/.ui.main.VAssistantActivity m=0x108000}]
06-24 15:32:18.839 E/asset   ( 6886): createFromFile(): lock file /data/resource-cache/system@emui@base@overlay@frameworkhwexthonor@frameworkhwexthonor.apk@idmap.
06-24 15:32:18.839 E/asset   ( 6886): createFromFile(): lock file /data/resource-cache/system@emui@base@overlay@frameworkhwexthonor@frameworkhwexthonor.apk@idmap.
06-24 15:32:18.840 W/ResourceType( 6886): Found multiple library tables, ignoring...
06-24 15:32:18.843 V/ActivityManager(  657): Making visible and scheduling visibility: ActivityRecord{d5c9105 u0 com.huawei.android.launcher/.unihome.UniHomeLauncher t15658}
06-24 15:32:18.843 V/WindowManager(  657): No longer Stopped: AppWindowToken{d3a938b token=Token{377755a ActivityRecord{d5c9105 u0 com.huawei.android.launcher/.unihome.UniHomeLauncher t15658}}}
06-24 15:32:18.879 D/ActivityThread( 6886): Remove activity client record, r= ActivityRecord{414755e token=android.os.BinderProxy@31abee5 {com.excelliance.dualaid/com.excelliance.kxqp.swipe.NavActivity2}} token= android.os.BinderProxy@31abee5
06-24 15:32:18.882 V/ActivityThread( 2519): Handle window ActivityRecord{4719bb8 token=android.os.BinderProxy@b3fca27 {com.huawei.android.launcher/com.huawei.android.launcher.unihome.UniHomeLauncher}} visibility: true
06-24 15:32:18.883 E/HwLauncher( 2519): SettingsEx , no such field.
06-24 15:32:18.883 W/HwLauncher( 2519): Clock getDataFormat the getSystemString failed.
06-24 15:32:18.883 D/HwQoEUtils(  657): mForegroundAppPackageName: com.huawei.android.launcher ,score: 0
06-24 15:32:18.883 D/HwQoEUtils(  657): onForegroundAppWifiSleepChange: config:false, sleeptime:-1,type: 255, appname:com.huawei.android.launcher
06-24 15:32:18.883 I/WindowManager(  657): Destroying surface Surface(name=com.excelliance.dualaid/com.excelliance.kxqp.swipe.NavActivity2) called by com.android.server.wm.WindowStateAnimator.destroySurface:2060 com.android.server.wm.WindowStateAnimator.destroySurfaceLocked:873 com.android.server.wm.HwWindowStateAnimator.destroySurfaceLocked:1006 com.android.server.wm.WindowState.removeImmediately:1899 com.android.server.wm.WindowState.removeIfPossible:2051 com.android.server.wm.WindowState.removeIfPossible:1914 com.android.server.wm.WindowManagerService.removeWindow:2022 com.android.server.wm.Session.remove:218 
06-24 15:32:18.884 D/HwQoEUtils(  657): APP type: 255 appName= com.huawei.android.launcher
06-24 15:32:18.884 D/HwQoEUtils(  657): no game, APP_TYPE_GAME, appName =com.huawei.android.launcher
06-24 15:32:18.884 V/WindowManager(  657): postWindowRemoveCleanupLocked: Window{57e4962 u0 com.excelliance.dualaid/com.excelliance.kxqp.swipe.NavActivity2}
06-24 15:32:18.884 V/WindowManager(  657): Removing Window{57e4962 u0 com.excelliance.dualaid/com.excelliance.kxqp.swipe.NavActivity2} from AppWindowToken{f36e45f token=Token{b69f4fe ActivityRecord{b878b9 u0 com.excelliance.dualaid/com.excelliance.kxqp.swipe.NavActivity2 t16017}}}
06-24 15:32:18.885 D/HwGameAssistantController(  657): pid=2519, uid=10056, foreground=true
