06-24 16:30:00.742 D/PMS11423(  657): package:com.zol.android, input flags:0, output hwFlags:0
06-24 16:30:00.742 D/PMS11423(  657): package:com.huawei.hiskytone, input flags:0, output hwFlags:603979776
06-24 16:30:00.742 D/PMS11423(  657): package:com.huawei.hwid, input flags:0, output hwFlags:0
06-24 16:30:00.742 D/PMS11423(  657): package:com.sina.weibo, input flags:0, output hwFlags:0
06-24 16:30:00.742 D/PMS11423(  657): package:com.antutu.ABenchMark, input flags:0, output hwFlags:0
06-24 16:30:00.742 D/PMS11423(  657): package:com.sankuai.meituan.takeoutnew, input flags:0, output hwFlags:0
06-24 16:30:00.742 D/PMS11423(  657): package:com.vmall.client, input flags:0, output hwFlags:67108864
06-24 16:30:00.743 D/PMS11423(  657): package:com.android.browser, input flags:0, output hwFlags:0
06-24 16:30:00.743 D/PMS11423(  657): package:com.eg.android.AlipayGphone, input flags:0, output hwFlags:0
06-24 16:30:00.743 D/PMS11423(  657): package:com.android.mediacenter, input flags:0, output hwFlags:0
06-24 16:30:00.743 D/PMS11423(  657): package:com.huawei.himovie, input flags:0, output hwFlags:0
06-24 16:30:00.743 D/PMS11423(  657): package:com.huawei.hnreader, input flags:0, output hwFlags:67108864
06-24 16:30:00.743 D/PMS11423(  657): package:com.twitter.android, input flags:0, output hwFlags:0
06-24 16:30:00.743 D/PMS11423(  657): package:com.baidu.input_huawei, input flags:0, output hwFlags:0
06-24 16:30:00.743 D/PMS11423(  657): package:com.google.android.gms, input flags:0, output hwFlags:0
06-24 16:30:00.744 D/PMS11423(  657): package:com.sankuai.meituan, input flags:0, output hwFlags:0
06-24 16:30:00.744 D/PMS11423(  657): package:com.tencent.news, input flags:0, output hwFlags:0
06-24 16:30:00.744 D/PMS11423(  657): package:com.iflytek.speechsuite, input flags:0, output hwFlags:0
06-24 16:30:00.744 D/PMS11423(  657): package:com.qzone, input flags:0, output is null
06-24 16:30:00.744 D/PMS11423(  657): package:com.tencent.android.qqdownloader, input flags:0, output hwFlags:0
06-24 16:30:00.744 D/PMS11423(  657): package:com.tencent.now, input flags:0, output is null
06-24 16:30:00.744 D/PMS11423(  657): package:com.ifreetalk.ftalk, input flags:0, output hwFlags:0
06-24 16:30:00.745 D/PMS11423(  657): package:com.taobao.taobao, input flags:0, output hwFlags:0
06-24 16:30:00.745 D/PMS11423(  657): package:com.android.gallery3d, input flags:0, output hwFlags:0
06-24 16:30:00.745 D/PMS11423(  657): package:com.pp.assistant, input flags:0, output hwFlags:0
06-24 16:30:00.745 D/PMS11423(  657): package:com.oppo.market, input flags:0, output hwFlags:0
06-24 16:30:00.745 D/PMS11423(  657): package:com.excean.wxaid, input flags:0, output hwFlags:0
06-24 16:30:00.745 D/PMS11423(  657): package:com.huawei.intelligent, input flags:0, output hwFlags:0
06-24 16:30:00.745 D/PMS11423(  657): package:com.google.android.backuptransport, input flags:0, output hwFlags:0
06-24 16:30:00.746 D/PMS11423(  657): package:com.huawei.skytone, input flags:0, output hwFlags:0
06-24 16:30:00.746 D/PMS11423(  657): package:com.estrongs.android.pop, input flags:0, output hwFlags:0
06-24 16:30:00.746 D/PMS11423(  657): package:com.redfinger.app, input flags:0, output hwFlags:0
06-24 16:30:00.746 D/PMS11423(  657): package:com.android.vending, input flags:0, output hwFlags:0
06-24 16:30:00.746 D/PMS11423(  657): package:org.hapjs.mockup, input flags:0, output hwFlags:0
06-24 16:30:00.746 D/WindowManager(  657): finishDrawingWindow: Window{565eb2f u0 com.excelliance.dualaid/com.excelliance.kxqp.ui.HelloActivity} mDrawState=DRAW_PENDING
06-24 16:30:00.746 D/PMS11423(  657): package:com.huawei.gamebox, input flags:0, output hwFlags:603979776
06-24 16:30:00.747 D/PMS11423(  657): package:com.tencent.tmgp.pubgmhd-ext, input flags:0, output is null
06-24 16:30:00.747 D/PMS11423(  657): package:com.stickgame.los2, input flags:0, output hwFlags:0
06-24 16:30:00.747 D/PMS11423(  657): package:com.qihoo.appstore, input flags:0, output hwFlags:0
06-24 16:30:00.747 D/PMS11423(  657): package:com.huawei.android.thememanager, input flags:0, output hwFlags:0
06-24 16:30:00.747 D/PMS11423(  657): package:com.excean.parallelspace, input flags:0, output hwFlags:0
06-24 16:30:00.747 D/PMS11423(  657): package:com.UCMobile, input flags:0, output hwFlags:0
06-24 16:30:00.748 D/PMS11423(  657): package:com.bbk.appstore, input flags:0, output hwFlags:0
06-24 16:30:00.748 D/PMS11423(  657): package:com.excean.ppaid, input flags:0, output hwFlags:0
06-24 16:30:00.748 V/WindowManager(  657): Checking 1 opening apps (frozen=false timeout=false)...
06-24 16:30:00.748 V/WindowManager(  657): Check opening app=AppWindowToken{501536 token=Token{78e96d1 ActivityRecord{73401f8 u0 com.excelliance.dualaid/com.excelliance.kxqp.ui.HelloActivity t16048}}}: allDrawn=true startingDisplayed=false startingMoved=false isRelaunching()=false
06-24 16:30:00.748 D/PMS11423(  657): package:com.netease.blockchain, input flags:0, output hwFlags:0
06-24 16:30:00.748 D/PMS11423(  657): package:com.huawei.camera, input flags:0, output hwFlags:0
06-24 16:30:00.748 D/PMS11423(  657): package:com.sinovatech.unicom.ui, input flags:0, output hwFlags:0
06-24 16:30:00.748 D/PMS11423(  657): package:com.huawei.phoneservice, input flags:0, output hwFlags:0
06-24 16:30:00.748 D/PMS11423(  657): package:com.crisisfire.android.nearme.gamecenter, input flags:0, output hwFlags:0
06-24 16:30:00.749 D/PMS11423(  657): package:com.antutu.benchmark.full, input flags:0, output hwFlags:0
06-24 16:30:00.749 D/PMS11423(  657): package:com.xunmeng.pinduoduo, input flags:0, output hwFlags:0
06-24 16:30:00.749 D/PMS11423(  657): package:com.zhuowang.cloneapp, input flags:0, output hwFlags:0
06-24 16:30:00.749 D/PMS11423(  657): package:com.excean.parallelspace.b64, input flags:0, output hwFlags:0
06-24 16:30:00.749 D/PMS11423(  657): package:com.excelliance.multiaccounts.b64, input flags:0, output hwFlags:0
06-24 16:30:00.750 D/PMS11423(  657): package:com.xiangyou.multispace, input flags:0, output hwFlags:0
06-24 16:30:00.750 D/PMS11423(  657): package:com.youlong.multiaccount, input flags:0, output hwFlags:0
06-24 16:30:00.750 D/PMS11423(  657): package:com.gameloft.android.ANMP.GloftA9HM, input flags:0, output hwFlags:0
06-24 16:30:00.750 D/PMS11423(  657): package:com.excelliance.dualaid.b64, input flags:0, output hwFlags:0
06-24 16:30:00.750 D/AddGameData( 4425): switch_uninstall: 70
06-24 16:30:00.752 D/PMS1000 (  657): package:com.excelliance.dualaid, input flags:8192, output hwFlags:0
06-24 16:30:00.753 W/HSM     ( 1813): HoldService:toast switch is close!
06-24 16:30:00.753 I/ActivityManager(  657): Displayed com.excelliance.dualaid/com.excelliance.kxqp.ui.HelloActivity: +213ms
06-24 16:30:00.754 D/ApplicationPackageManager( 4425): queryIntentActivitiesAsUser blocked, Intent { act=android.intent.action.MAIN cat=[android.intent.category.LAUNCHER] pkg=com.huawei.hifolder }
06-24 16:30:00.754 D/HsmInterfaceImpl( 4425): List []
06-24 16:30:00.755 D/BarTransitions.HwPhoneStatusBarView( 1513): MODE_TRANSLUCENT -> MODE_TRANSPARENT animate=false
06-24 16:30:00.755 D/BarTransitions.HwPhoneStatusBarView( 1513): applyModeBackground oldMode=MODE_TRANSLUCENT newMode=MODE_TRANSPARENT animate=false
06-24 16:30:00.755 D/BarTransitions.HwNavigationBarView( 1513): MODE_OPAQUE -> MODE_TRANSPARENT animate=false
06-24 16:30:00.755 D/BarTransitions.HwNavigationBarView( 1513): applyModeBackground oldMode=MODE_OPAQUE newMode=MODE_TRANSPARENT animate=false
06-24 16:30:00.758 V/WindowManager(  657): Checking 0 opening apps (frozen=false timeout=false)...
06-24 16:30:00.763 D/PMS1000 (  657): package:com.excelliance.dualaid, input flags:8192, output hwFlags:0
06-24 16:30:00.764 W/HSM     ( 1813): HoldService:toast switch is close!
06-24 16:30:00.765 I/GRALLOC (  679): 	 shrFd=10,fmt=0x1,intFmt=0x200000001,btStrd=4352,size=8486912,pid=679 
06-24 16:30:00.765 I/GRALLOC (  679): 	 yuv=2,w=1080,h=1920,Stride u=0 v=0,offset u=0 v=0 
06-24 16:30:00.765 I/GRALLOC (  679): 	 iova_size=8486912,conUsg=0xb00,proUsg=0xb00,	 strd=1088,[afbc]HdrStrd=1088 PyldStrd=69632 Scrmbl=2,ionhnd = 1 
06-24 16:30:00.765 D/ApplicationPackageManager( 4425): queryIntentActivitiesAsUser blocked, Intent { act=android.intent.action.MAIN cat=[android.intent.category.LAUNCHER] pkg=com.github.shadowsocks }
06-24 16:30:00.766 D/HsmInterfaceImpl( 4425): List [ResolveInfo{da7c7d9 com.github.shadowsocks/.MainActivity m=0x108000}]
06-24 16:30:00.769 I/GRALLOC (  679): 	 shrFd=10,fmt=0x1,intFmt=0x200000001,btStrd=4352,size=8486912,pid=679 
06-24 16:30:00.769 I/GRALLOC (  679): 	 yuv=2,w=1080,h=1920,Stride u=0 v=0,offset u=0 v=0 
06-24 16:30:00.769 I/GRALLOC (  679): 	 iova_size=8486912,conUsg=0xb00,proUsg=0xb00,	 strd=1088,[afbc]HdrStrd=1088 PyldStrd=69632 Scrmbl=2,ionhnd = 1 
06-24 16:30:00.774 E/BufferQueueProducer(  710): [com.excelliance.dualaid/com.excelliance.kxqp.swipe.NavActivity2#0] disconnect: not connected (req=1)
06-24 16:30:00.774 W/libEGL  ( 4425): EGLNativeWindowType 0xd0ce7808 disconnect failed
06-24 16:30:00.790 W/HSM     ( 1813): HoldService:toast switch is close!
06-24 16:30:00.790 D/ApplicationPackageManager( 4425): queryIntentActivitiesAsUser blocked, Intent { act=android.intent.action.MAIN cat=[android.intent.category.LAUNCHER] pkg=com.excelliance.dualaid }
06-24 16:30:00.790 D/HsmInterfaceImpl( 4425): List [ResolveInfo{537987f com.excelliance.dualaid/com.excelliance.kxqp.ui.HelloActivity m=0x108000}]
06-24 16:30:00.818 W/HSM     ( 1813): HoldService:toast switch is close!
06-24 16:30:00.819 D/ApplicationPackageManager( 4425): queryIntentActivitiesAsUser blocked, Intent { act=android.intent.action.MAIN cat=[android.intent.category.LAUNCHER] pkg=com.tencent.tmgp.qqx5 }
06-24 16:30:00.819 D/HsmInterfaceImpl( 4425): List [ResolveInfo{7c40895 com.tencent.tmgp.qqx5/.DGMMainActivity m=0x108000}]
06-24 16:30:00.857 D/HwRecentsLockUtils( 1513): Search
06-24 16:30:00.857 E/HsmCoreServiceImpl( 1478): onTransact in code is: 103
06-24 16:30:00.857 I/MediaProcessHandler( 1478): playingUids: 
06-24 16:30:00.857 D/ActivityManager(  657): Skipping, home or recents stack task: TaskRecord{333215f #15658 A=com.huawei.android.launcher U=0 StackId=0 sz=1}
06-24 16:30:00.857 D/ActivityManager(  657): Skipping intent:act=android.intent.action.MAIN cat=[android.intent.category.LAUNCHER] flg=0x10a00000 cmp=io.appium.settings/.Settings
06-24 16:30:00.858 D/ActivityManager(  657): Skipping intent:flg=0x10804000 cmp=com.android.systemui/.recents.RecentsActivity bnds=[48,928][1032,2296]
06-24 16:30:00.858 D/ActivityManager(  657): Skipping intent:flg=0x18800000 cmp=com.tencent.mm/.plugin.base.stub.WXPayEntryActivity
06-24 16:30:00.858 D/ActivityManager(  657): Skipping intent:flg=0x10800000 cmp=com.huawei.systemmanager/com.huawei.permissionmanager.ui.MainActivity
06-24 16:30:00.858 D/ActivityManager(  657): Skipping intent:flg=0x18800000 cmp=com.tencent.mm/.plugin.base.stub.WXEntryActivity
06-24 16:30:00.858 D/ActivityManager(  657): Skipping intent:act=com.huawei.action.VOICE_ASSISTANT flg=0x10800000 pkg=com.huawei.vassistant cmp=com.huawei.vassistant/.ui.main.VAssistantActivity
06-24 16:30:00.858 D/ActivityManager(  657): Skipping intent:act=com.huawei.android.launcher.action.ACCESS_SPLIT_SCREEN_APP cat=[android.intent.category.DEFAULT] flg=0x10804000 cmp=com.huawei.android.launcher/.splitscreen.SplitScreenAppActivity
06-24 16:30:00.858 D/ActivityManager(  657): Skipping intent:flg=0x10800000 pkg=com.excelliance.dualaid.b64 cmp=com.excelliance.dualaid.b64/com.excelliance.kxqp.sdk.PermissionRequestActivity
06-24 16:30:00.858 D/ActivityManager(  657): Skipping intent:act=android.intent.action.VIEW dat=content://com.excelliance.dualaid.fileProvider/external_storage_root/Download/apk/Multiple_64.apk typ=application/vnd.android.package-archive flg=0x10800001 cmp=com.android.packageinstaller/.InstallStart
06-24 16:30:00.858 D/ActivityManager(  657): Skipping intent:flg=0x10800000 cmp=com.android.systemui/.usb.HwUsbDebuggingActivity
06-24 16:30:00.858 D/ActivityManager(  657): Skipping intent:act=android.deviceinfo.chooser.action.LAUNCH flg=0x10800000 hwFlg=0x100 pkg=com.android.settings cmp=com.android.settings/.deviceinfo.UsbConnModeChooserActivity
06-24 16:30:00.858 D/ActivityManager(  657): Skipping intent:flg=0x10800000 cmp=com.zol.android/.push.KeepLiveActivity
06-24 16:30:00.858 D/ActivityManager(  657): Skipping intent:act=android.intent.action.MAIN cat=[android.intent.category.HOME] flg=0x10800300 cmp=com.android.settings/.FallbackHome
06-24 16:30:00.861 D/PMS1000 (  657): package:com.excelliance.dualaid, input flags:8192, output hwFlags:0
06-24 16:30:00.862 W/HSM     ( 1813): HoldService:toast switch is close!
06-24 16:30:00.863 D/ApplicationPackageManager( 4425): queryIntentActivitiesAsUser blocked, Intent { act=android.intent.action.MAIN cat=[android.intent.category.LAUNCHER] pkg=com.huawei.android.pushagent }
06-24 16:30:00.863 D/HsmInterfaceImpl( 4425): List []
06-24 16:30:00.865 W/HSM     ( 1813): HoldService:toast switch is close!
06-24 16:30:00.866 D/ApplicationPackageManager( 4425): queryIntentActivitiesAsUser blocked, Intent { act=android.intent.action.MAIN cat=[android.intent.category.LAUNCHER] pkg=com.huawei.appmarket }
06-24 16:30:00.866 D/HsmInterfaceImpl( 4425): List [ResolveInfo{8b73d9b com.huawei.appmarket/.MainActivity m=0x108000}]
06-24 16:30:00.870 E/asset   ( 4425): createFromFile(): lock file /data/resource-cache/system@emui@base@overlay@frameworkhwexthonor@frameworkhwexthonor.apk@idmap.
06-24 16:30:00.870 E/asset   ( 4425): createFromFile(): lock file /data/resource-cache/system@emui@base@overlay@frameworkhwexthonor@frameworkhwexthonor.apk@idmap.
06-24 16:30:00.870 W/ResourceType( 4425): Found multiple library tables, ignoring...
06-24 16:30:00.899 D/PMS1000 (  657): package:com.excelliance.dualaid, input flags:8192, output hwFlags:0
06-24 16:30:00.900 W/HSM     ( 1813): HoldService:toast switch is close!
06-24 16:30:00.900 D/ApplicationPackageManager( 4425): queryIntentActivitiesAsUser blocked, Intent { act=android.intent.action.MAIN cat=[android.intent.category.LAUNCHER] pkg=com.wandoujia.phoenix2 }
06-24 16:30:00.901 D/HsmInterfaceImpl( 4425): List [ResolveInfo{67f8a76 com.wandoujia.phoenix2/com.pp.assistant.activity.PPMainActivity m=0x108000}]
06-24 16:30:00.930 W/HSM     ( 1813): HoldService:toast switch is close!
06-24 16:30:00.931 D/ApplicationPackageManager( 4425): queryIntentActivitiesAsUser blocked, Intent { act=android.intent.action.MAIN cat=[android.intent.category.LAUNCHER] pkg=com.tencent.mm }
06-24 16:30:00.931 D/HsmInterfaceImpl( 4425): List [ResolveInfo{222dce4 com.tencent.mm/.ui.LauncherUI m=0x108000}]
06-24 16:30:00.948 D/PMS1000 (  657): package:com.excelliance.dualaid, input flags:8192, output hwFlags:0
06-24 16:30:00.949 W/HSM     ( 1813): HoldService:toast switch is close!
06-24 16:30:00.950 D/ApplicationPackageManager( 4425): queryIntentActivitiesAsUser blocked, Intent { act=android.intent.action.MAIN cat=[android.intent.category.LAUNCHER] pkg=com.android.providers.media }
06-24 16:30:00.950 D/HsmInterfaceImpl( 4425): List []
06-24 16:30:00.954 W/HSM     ( 1813): HoldService:toast switch is close!
06-24 16:30:00.955 D/ApplicationPackageManager( 4425): queryIntentActivitiesAsUser blocked, Intent { act=android.intent.action.MAIN cat=[android.intent.category.LAUNCHER] pkg=com.huawei.vassistant }
06-24 16:30:00.955 D/HsmInterfaceImpl( 4425): List [ResolveInfo{47db54d com.huawei.vassistant/.ui.main.VAssistantActivity m=0x108000}]
06-24 16:30:00.960 E/asset   ( 4425): createFromFile(): lock file /data/resource-cache/system@emui@base@overlay@frameworkhwexthonor@frameworkhwexthonor.apk@idmap.
06-24 16:30:00.960 E/asset   ( 4425): createFromFile(): lock file /data/resource-cache/system@emui@base@overlay@frameworkhwexthonor@frameworkhwexthonor.apk@idmap.
06-24 16:30:00.960 W/ResourceType( 4425): Found multiple library tables, ignoring...
06-24 16:30:00.970 V/ActivityManager(  657): Making visible and scheduling visibility: ActivityRecord{d5c9105 u0 com.huawei.android.launcher/.unihome.UniHomeLauncher t15658}
06-24 16:30:00.970 V/WindowManager(  657): No longer Stopped: AppWindowToken{d3a938b token=Token{377755a ActivityRecord{d5c9105 u0 com.huawei.android.launcher/.unihome.UniHomeLauncher t15658}}}
06-24 16:30:01.004 D/ActivityThread( 4425): Remove activity client record, r= ActivityRecord{414755e token=android.os.BinderProxy@31abee5 {com.excelliance.dualaid/com.excelliance.kxqp.swipe.NavActivity2}} token= android.os.BinderProxy@31abee5
06-24 16:30:01.005 D/NetWorkUtils( 1513): mVSimCurCardType is -1
06-24 16:30:01.006 D/HwQoEUtils(  657): mForegroundAppPackageName: com.huawei.android.launcher ,score: 0
06-24 16:30:01.006 D/HwQoEUtils(  657): onForegroundAppWifiSleepChange: config:false, sleeptime:-1,type: 255, appname:com.huawei.android.launcher
06-24 16:30:01.007 D/HwQoEUtils(  657): APP type: 255 appName= com.huawei.android.launcher
06-24 16:30:01.007 V/WindowManager(  657): removeIfPossible: Window{772f75c u0 com.excelliance.dualaid/com.excelliance.kxqp.swipe.NavActivity2} callers=com.android.server.wm.WindowState.removeIfPossible:1914 com.android.server.wm.WindowManagerService.removeWindow:2022 com.android.server.wm.Session.remove:218 android.view.IWindowSession$Stub.onTransact:242 com.android.server.wm.Session.onTransact:161 
06-24 16:30:01.007 D/HwQoEUtils(  657): no game, APP_TYPE_GAME, appName =com.huawei.android.launcher
06-24 16:30:01.008 I/WindowManager(  657): Destroying surface Surface(name=com.excelliance.dualaid/com.excelliance.kxqp.swipe.NavActivity2) called by com.android.server.wm.WindowStateAnimator.destroySurface:2060 com.android.server.wm.WindowStateAnimator.destroySurfaceLocked:873 com.android.server.wm.HwWindowStateAnimator.destroySurfaceLocked:1006 com.android.server.wm.WindowState.removeImmediately:1899 com.android.server.wm.WindowState.removeIfPossible:2051 com.android.server.wm.WindowState.removeIfPossible:1914 com.android.server.wm.WindowManagerService.removeWindow:2022 com.android.server.wm.Session.remove:218 
06-24 16:30:01.008 D/HwGameAssistantController(  657): pid=2519, uid=10056, foreground=true
06-24 16:30:01.008 V/WindowManager(  657): postWindowRemoveCleanupLocked: Window{772f75c u0 com.excelliance.dualaid/com.excelliance.kxqp.swipe.NavActivity2}
06-24 16:30:01.008 V/WindowManager(  657): Removing Window{772f75c u0 com.excelliance.dualaid/com.excelliance.kxqp.swipe.NavActivity2} from AppWindowToken{6dc8071 token=Token{b070e18 ActivityRecord{f883dfb u0 com.excelliance.dualaid/com.excelliance.kxqp.swipe.NavActivity2 t16048}}}
06-24 16:30:01.009 D/NetWorkUtils( 1513): mVSimCurCardType is -1
06-24 16:30:01.011 I/HwNetworkPolicy(  657): onTransact, code = 203
06-24 16:30:01.011 I/HwNetworkPolicyManager( 1813): getHwUidPolicy uid = 10056 policy = 0
06-24 16:30:01.016 V/ActivityThread( 2519): Handle window ActivityRecord{4719bb8 token=android.os.BinderProxy@b3fca27 {com.huawei.android.launcher/com.huawei.android.launcher.unihome.UniHomeLauncher}} visibility: true
06-24 16:30:01.016 E/HwLauncher( 2519): SettingsEx , no such field.
06-24 16:30:01.017 W/HwLauncher( 2519): Clock getDataFormat the getSystemString failed.
06-24 16:30:01.017 V/WindowManager(  657): removeAppToken: AppWindowToken{6dc8071 token=Token{b070e18 ActivityRecord{f883dfb u0 com.excelliance.dualaid/com.excelliance.kxqp.swipe.NavActivity2 t16048}}} delayed=false Callers=com.android.server.wm.DisplayContent.removeAppToken:985 com.android.server.wm.AppWindowContainerController.removeContainer:348 com.android.server.am.ActivityRecord.removeWindowContainer:1039 com.android.server.am.ActivityStack.removeActivityFromHistoryLocked:4491 
06-24 16:30:01.018 W/AwareLog(  657): SchedLevelBoost: onFgActivitiesChanged config not set!
06-24 16:30:01.036 D/PMS1000 (  657): package:com.excelliance.dualaid, input flags:8192, output hwFlags:0
06-24 16:30:01.037 W/HSM     ( 1813): HoldService:toast switch is close!
06-24 16:30:01.038 D/ApplicationPackageManager( 4425): queryIntentActivitiesAsUser blocked, Intent { act=android.intent.action.MAIN cat=[android.intent.category.LAUNCHER] pkg=com.facebook.katana }
06-24 16:30:01.038 D/HsmInterfaceImpl( 4425): List [ResolveInfo{ba2e350 com.facebook.katana/.LoginActivity m=0x108000}]
06-24 16:30:01.039 I/GRALLOC (  679): 	 shrFd=10,fmt=0x1,intFmt=0x200000001,btStrd=4352,size=8486912,pid=679 
06-24 16:30:01.039 I/GRALLOC (  679): 	 yuv=2,w=1080,h=1920,Stride u=0 v=0,offset u=0 v=0 
06-24 16:30:01.039 I/GRALLOC (  679): 	 iova_size=8486912,conUsg=0x900,proUsg=0x900,	 strd=1088,[afbc]HdrStrd=1088 PyldStrd=69632 Scrmbl=2,ionhnd = 1 
06-24 16:30:01.043 I/chatty  (  679): uid=1000(system) allocator@2.0-s identical 1 line
06-24 16:30:01.046 I/GRALLOC (  679): 	 shrFd=10,fmt=0x1,intFmt=0x200000001,btStrd=4352,size=8486912,pid=679 
06-24 16:30:01.046 I/GRALLOC (  679): 	 yuv=2,w=1080,h=1920,Stride u=0 v=0,offset u=0 v=0 
06-24 16:30:01.046 I/GRALLOC (  679): 	 iova_size=8486912,conUsg=0x900,proUsg=0x900,	 strd=1088,[afbc]HdrStrd=1088 PyldStrd=69632 Scrmbl=2,ionhnd = 1 
06-24 16:30:01.048 D/mali_winsys( 2519): EGLint new_window_surface(egl_winsys_display *, void *, EGLSurface, EGLConfig, egl_winsys_surface **, egl_color_buffer_format *, EGLBoolean) returns 0x3000
06-24 16:30:01.082 I/GRALLOC (  679): 	 shrFd=10,fmt=0x1,intFmt=0x200000001,btStrd=4352,size=8486912,pid=679 
06-24 16:30:01.082 I/GRALLOC (  679): 	 yuv=2,w=1080,h=1920,Stride u=0 v=0,offset u=0 v=0 
06-24 16:30:01.082 I/GRALLOC (  679): 	 iova_size=8486912,conUsg=0xb00,proUsg=0xb00,	 strd=1088,[afbc]HdrStrd=1088 PyldStrd=69632 Scrmbl=2,ionhnd = 1 
06-24 16:30:01.085 D/HwBatteryService(  657): onUEvent fcpStatus = 0,scpStatus =0,ovpStatus=0
06-24 16:30:01.087 I/UsbDeviceManager(  657): water_intrused state= 0
06-24 16:30:01.103 D/WindowManager(  657): finishDrawingWindow: Window{68d6975 u0 com.huawei.android.launcher/com.huawei.android.launcher.unihome.UniHomeLauncher} mDrawState=DRAW_PENDING
06-24 16:30:01.105 D/ImageWallpaper( 1513): onOffsetsChanged: xOffset=0.0, yOffset=0.0, xOffsetStep=0.0, yOffsetStep=0.0, xPixels=0, yPixels=0
06-24 16:30:01.106 D/ImageWallpaper( 1513): Suppressed drawFrame since redraw is not needed and offsets have not changed.sf=Rect(0, 0 - 2160, 1920)
06-24 16:30:01.106 D/ImageWallpaper( 1513): onVisibilityChanged: mVisible, visible=false, true
06-24 16:30:01.106 D/ImageWallpaper( 1513): Visibility changed to visible=true
06-24 16:30:01.106 D/ImageWallpaper( 1513): Suppressed drawFrame since redraw is not needed and offsets have not changed.sf=Rect(0, 0 - 2160, 1920)
06-24 16:30:01.109 E/asset   ( 4425): createFromFile(): lock file /data/resource-cache/system@emui@base@overlay@frameworkhwexthonor@frameworkhwexthonor.apk@idmap.
06-24 16:30:01.109 E/asset   ( 4425): createFromFile(): lock file /data/resource-cache/system@emui@base@overlay@frameworkhwexthonor@frameworkhwexthonor.apk@idmap.
06-24 16:30:01.109 W/ResourceType( 4425): Found multiple library tables, ignoring...
06-24 16:30:01.112 I/TrafficMonitor(  657): update:rxPkts:17,txPkts:18,rxBytes:8087,txBytes:2626
06-24 16:30:01.112 I/TrafficMonitor(  657): start expired. level:-1
06-24 16:30:01.112 I/TrafficMonitor(  657): gettimer:interval=2000
06-24 16:30:01.117 D/HwInnerWifiManagerImpl(  657): SupplicantState = COMPLETED
06-24 16:30:01.117 D/HwInnerWifiManagerImpl(  657): isPhoneAP = false
06-24 16:30:01.117 D/WifiStateMachine(  657): mBcastReceiver: PluggedType = 2 mIsScanCtrlPluggedin = true
06-24 16:30:01.117 D/HwWifiService(  657): mPluggedType =2
06-24 16:30:01.118 D/WifiService(  657): onReceive, action:android.intent.action.BATTERY_CHANGED
06-24 16:30:01.118 D/WifiService(  657): ACTION_BATTERY_CHANGED pluggedType: 2
06-24 16:30:01.119 D/KeyguardUpdateMonitor( 1513): received broadcast android.intent.action.BATTERY_CHANGED
06-24 16:30:01.120 W/KeyguardUpdateMonitor( 1513): ACTION_BATTERY_CHANGED AMP: 500000; Volt: 4701000
06-24 16:30:01.128 I/MsgReceiver( 1699): intent action: android.intent.action.BATTERY_CHANGED
06-24 16:30:01.132 I/CloudAlbum[8.1.2.302]( 2775): [OperationUtil] cancelNotify
06-24 16:30:01.166 V/KeyguardUpdateMonitor( 1513): RefreshBatteryInfo isBatteryLow: 28
06-24 16:30:01.166 W/KeyguardUpdateMonitor( 1513): ChargingSpeed  Wattage: 2350500 ST: 5000000 --> 7500000
06-24 16:30:01.166 I/KgBattery( 1513): BatteryInfo updated:  2lPc0
06-24 16:30:01.166 W/AppHandler( 1513): sendMessage with obj100
06-24 16:30:01.166 D/KeyguardUpdateMonitor( 1513): handleBatteryUpdate
06-24 16:30:01.166 V/KeyguardUpdateMonitor( 1513): RefreshBatteryInfo isBatteryLow: 28
06-24 16:30:01.167 W/HwKeyguardBottomArea( 1513): updateBatteryInfo : false  true
06-24 16:30:01.171 W/HwLockScreenPanel( 1513): Handle message: 100
06-24 16:30:01.171 W/HwKeyguardBottomArea( 1513): updateBatteryInfo : false  true
06-24 16:30:01.171 W/HwLockScreenPanel( 1513): refreshBatteryInfo: null
06-24 16:30:01.171 W/KgBattery( 1513): getCharge info with type: text
06-24 16:30:01.180 D/PMS1000 (  657): package:com.excelliance.dualaid, input flags:8192, output hwFlags:0
06-24 16:30:01.182 W/HSM     ( 1813): HoldService:toast switch is close!
06-24 16:30:01.184 D/ApplicationPackageManager( 4425): queryIntentActivitiesAsUser blocked, Intent { act=android.intent.action.MAIN cat=[android.intent.category.LAUNCHER] pkg=com.huawei.trustcircle }
06-24 16:30:01.184 D/HsmInterfaceImpl( 4425): List []
06-24 16:30:01.192 W/HSM     ( 1813): HoldService:toast switch is close!
06-24 16:30:01.194 D/ApplicationPackageManager( 4425): queryIntentActivitiesAsUser blocked, Intent { act=android.intent.action.MAIN cat=[android.intent.category.LAUNCHER] pkg=com.jingdong.app.mall }
06-24 16:30:01.194 D/HsmInterfaceImpl( 4425): List [ResolveInfo{edae47c com.jingdong.app.mall/.main.MainActivity m=0x108000}]
06-24 16:30:01.239 D/HwFLClassLoader( 2519): USE_FEATURE_LIST had not init! 
06-24 16:30:01.250 E/asset   ( 2519): createFromFile(): lock file /data/resource-cache/system@emui@base@overlay@frameworkhwexthonor@frameworkhwexthonor.apk@idmap.
06-24 16:30:01.250 E/asset   ( 2519): createFromFile(): lock file /data/resource-cache/system@emui@base@overlay@frameworkhwexthonor@frameworkhwexthonor.apk@idmap.
06-24 16:30:01.250 W/ResourceType( 2519): Found multiple library tables, ignoring...
06-24 16:30:01.265 D/HwFLClassLoader( 2519): USE_FEATURE_LIST had not init! 
06-24 16:30:01.268 W/HSM     ( 1813): HoldService:toast switch is close!
06-24 16:30:01.270 D/ApplicationPackageManager( 4425): queryIntentActivitiesAsUser blocked, Intent { act=android.intent.action.MAIN cat=[android.intent.category.LAUNCHER] pkg=com.tencent.mobileqq }
06-24 16:30:01.270 D/HsmInterfaceImpl( 4425): List [ResolveInfo{78e655a com.tencent.mobileqq/.activity.SplashActivity m=0x108000}]
06-24 16:30:01.271 E/asset   ( 2519): createFromFile(): lock file /data/resource-cache/system@emui@base@overlay@frameworkhwexthonor@frameworkhwexthonor.apk@idmap.
06-24 16:30:01.271 E/asset   ( 2519): createFromFile(): lock file /data/resource-cache/system@emui@base@overlay@frameworkhwexthonor@frameworkhwexthonor.apk@idmap.
06-24 16:30:01.271 W/ResourceType( 2519): Found multiple library tables, ignoring...
06-24 16:30:01.292 D/PMS1000 (  657): package:com.excelliance.dualaid, input flags:8192, output hwFlags:0
06-24 16:30:01.294 W/HSM     ( 1813): HoldService:toast switch is close!
06-24 16:30:01.295 D/ApplicationPackageManager( 4425): queryIntentActivitiesAsUser blocked, Intent { act=android.intent.action.MAIN cat=[android.intent.category.LAUNCHER] pkg=com.zol.android }
06-24 16:30:01.295 D/HsmInterfaceImpl( 4425): List [ResolveInfo{81ec38b com.zol.android/.ui.FirstActivity m=0x108000}]
06-24 16:30:01.345 D/PMS1000 (  657): package:com.excelliance.dualaid, input flags:8192, output hwFlags:0
06-24 16:30:01.347 W/HSM     ( 1813): HoldService:toast switch is close!
06-24 16:30:01.349 D/ApplicationPackageManager( 4425): queryIntentActivitiesAsUser blocked, Intent { act=android.intent.action.MAIN cat=[android.intent.category.LAUNCHER] pkg=com.huawei.hiskytone }
06-24 16:30:01.349 D/HsmInterfaceImpl( 4425): List [ResolveInfo{e11e881 com.huawei.hiskytone/com.huawei.skytone.account.welcome.SplashActivity m=0x108000}]
06-24 16:30:01.393 E/asset   ( 2519): createFromFile(): lock file /data/resource-cache/system@emui@base@overlay@frameworkhwexthonor@frameworkhwexthonor.apk@idmap.
06-24 16:30:01.393 E/asset   ( 2519): createFromFile(): lock file /data/resource-cache/system@emui@base@overlay@frameworkhwexthonor@frameworkhwexthonor.apk@idmap.
06-24 16:30:01.393 W/ResourceType( 2519): Found multiple library tables, ignoring...
06-24 16:30:01.404 D/HwFLClassLoader( 2519): USE_FEATURE_LIST had not init! 
06-24 16:30:01.417 W/HSM     ( 1813): HoldService:toast switch is close!
06-24 16:30:01.418 D/ApplicationPackageManager( 4425): queryIntentActivitiesAsUser blocked, Intent { act=android.intent.action.MAIN cat=[android.intent.category.LAUNCHER] pkg=com.huawei.hwid }
06-24 16:30:01.418 D/HsmInterfaceImpl( 4425): List []
06-24 16:30:01.424 W/HSM     ( 1813): HoldService:toast switch is close!
06-24 16:30:01.424 D/ApplicationPackageManager( 4425): queryIntentActivitiesAsUser blocked, Intent { act=android.intent.action.MAIN cat=[android.intent.category.LAUNCHER] pkg=com.sina.weibo }
06-24 16:30:01.424 D/HsmInterfaceImpl( 4425): List [ResolveInfo{7694714 com.sina.weibo/.SplashActivity m=0x108000}]
06-24 16:30:01.519 I/NetworkSpeedManagerEx( 1513): mIsStop = false
06-24 16:30:01.519 I/NetworkSpeedManagerEx( 1513):  runInThread getTetherStats
06-24 16:30:01.520 I/NetworkSpeedManagerEx( 1513):  runInUI refreshSpeed
06-24 16:30:01.522 I/NetworkSpeedManagerEx( 1513): value=4378.3335speed = 4.3
06-24 16:30:01.522 I/NetworkSpeedManagerEx( 1513): K/smIsShowLastSpeedValuefalse
06-24 16:30:01.522 I/NetworkSpeedView( 1513): /update(), speed=4.3
06-24 16:30:01.522 I/NetworkSpeedView( 1513): K/s parent class:class com.android.systemui.statusbar.HwSystemIcons
06-24 16:30:01.528 W/HSM     ( 1813): HoldService:toast switch is close!
06-24 16:30:01.529 D/ApplicationPackageManager( 4425): queryIntentActivitiesAsUser blocked, Intent { act=android.intent.action.MAIN cat=[android.intent.category.LAUNCHER] pkg=com.antutu.ABenchMark }
06-24 16:30:01.529 D/HsmInterfaceImpl( 4425): List [ResolveInfo{57445b2 com.antutu.ABenchMark/.ABenchMarkStart m=0x108000}]
06-24 16:30:01.548 I/NetworkSpeedManagerEx( 1513): mIsStop = false
06-24 16:30:01.548 I/NetworkSpeedManagerEx( 1513):  runInThread getTetherStats
06-24 16:30:01.549 I/NetworkSpeedManagerEx( 1513):  runInUI refreshSpeed
06-24 16:30:01.550 I/NetworkSpeedManagerEx( 1513): value=4378.3335speed = 4.3
06-24 16:30:01.550 I/NetworkSpeedManagerEx( 1513): K/smIsShowLastSpeedValuefalse
06-24 16:30:01.550 I/NetworkSpeedView( 1513): /update(), speed=4.3
06-24 16:30:01.550 I/NetworkSpeedView( 1513): K/s parent class:class com.android.systemui.statusbar.HwSystemIcons
06-24 16:30:01.587 W/HSM     ( 1813): HoldService:toast switch is close!
06-24 16:30:01.588 D/ApplicationPackageManager( 4425): queryIntentActivitiesAsUser blocked, Intent { act=android.intent.action.MAIN cat=[android.intent.category.LAUNCHER] pkg=com.sankuai.meituan.takeoutnew }
06-24 16:30:01.588 D/HsmInterfaceImpl( 4425): List [ResolveInfo{d5226b9 com.sankuai.meituan.takeoutnew/.ui.page.boot.WelcomeActivity m=0x108000}]
06-24 16:30:01.591 W/OpenGLRenderer( 2519): Incorrectly called buildLayer on View: ShortcutAndWidgetContainer, destroying layer...
06-24 16:30:01.591 W/OpenGLRenderer( 2519): Incorrectly called buildLayer on View: ShortcutAndWidgetContainer, destroying layer...
06-24 16:30:01.593 I/GRALLOC (  679): 	 shrFd=10,fmt=0x1,intFmt=0x200000001,btStrd=4352,size=8486912,pid=679 
06-24 16:30:01.593 I/GRALLOC (  679): 	 yuv=2,w=1080,h=1920,Stride u=0 v=0,offset u=0 v=0 
06-24 16:30:01.593 I/GRALLOC (  679): 	 iova_size=8486912,conUsg=0xb00,proUsg=0xb00,	 strd=1088,[afbc]HdrStrd=1088 PyldStrd=69632 Scrmbl=2,ionhnd = 1 
06-24 16:30:01.624 W/HSM     ( 1813): HoldService:toast switch is close!
06-24 16:30:01.624 D/ApplicationPackageManager( 4425): queryIntentActivitiesAsUser blocked, Intent { act=android.intent.action.MAIN cat=[android.intent.category.LAUNCHER] pkg=com.vmall.client }
06-24 16:30:01.625 D/HsmInterfaceImpl( 4425): List [ResolveInfo{8eb425f com.vmall.client/.splash.fragment.SplashActivity m=0x108000}]
06-24 16:30:01.667 W/HSM     ( 1813): HoldService:toast switch is close!
06-24 16:30:01.668 D/ApplicationPackageManager( 4425): queryIntentActivitiesAsUser blocked, Intent { act=android.intent.action.MAIN cat=[android.intent.category.LAUNCHER] pkg=com.android.browser }
06-24 16:30:01.668 D/HsmInterfaceImpl( 4425): List [ResolveInfo{27ad90a com.android.browser/com.tencent.mtt.SplashActivity m=0x108000}]
06-24 16:30:01.703 D/HwWifiStatStore(  657): handleMessage : 200
06-24 16:30:01.726 W/HSM     ( 1813): HoldService:toast switch is close!
06-24 16:30:01.728 D/ApplicationPackageManager( 4425): queryIntentActivitiesAsUser blocked, Intent { act=android.intent.action.MAIN cat=[android.intent.category.LAUNCHER] pkg=com.eg.android.AlipayGphone }
06-24 16:30:01.728 D/HsmInterfaceImpl( 4425): List [ResolveInfo{924f3f1 com.eg.android.AlipayGphone/.AlipayLogin m=0x108000}]
06-24 16:30:01.770 W/HSM     ( 1813): HoldService:toast switch is close!
06-24 16:30:01.771 D/ApplicationPackageManager( 4425): queryIntentActivitiesAsUser blocked, Intent { act=android.intent.action.MAIN cat=[android.intent.category.LAUNCHER] pkg=com.android.mediacenter }
06-24 16:30:01.771 D/HsmInterfaceImpl( 4425): List [ResolveInfo{f451e57 com.android.mediacenter/.PageActivity m=0x108000}]
06-24 16:30:01.782 E/asset   ( 4425): createFromFile(): lock file /data/resource-cache/system@emui@base@overlay@frameworkhwexthonor@frameworkhwexthonor.apk@idmap.
06-24 16:30:01.782 E/asset   ( 4425): createFromFile(): lock file /data/resource-cache/system@emui@base@overlay@frameworkhwexthonor@frameworkhwexthonor.apk@idmap.
06-24 16:30:01.782 W/ResourceType( 4425): Found multiple library tables, ignoring...
06-24 16:30:01.840 D/PMS1000 (  657): package:com.excelliance.dualaid, input flags:8192, output hwFlags:0
06-24 16:30:01.842 W/HSM     ( 1813): HoldService:toast switch is close!
06-24 16:30:01.843 D/ApplicationPackageManager( 4425): queryIntentActivitiesAsUser blocked, Intent { act=android.intent.action.MAIN cat=[android.intent.category.LAUNCHER] pkg=com.huawei.himovie }
06-24 16:30:01.844 D/HsmInterfaceImpl( 4425): List [ResolveInfo{5a57f62 com.huawei.himovie/.ui.login.SplashScreenActivity m=0x108000}]
06-24 16:30:01.850 E/asset   ( 4425): createFromFile(): lock file /data/resource-cache/system@emui@base@overlay@frameworkhwexthonor@frameworkhwexthonor.apk@idmap.
06-24 16:30:01.851 E/asset   ( 4425): createFromFile(): lock file /data/resource-cache/system@emui@base@overlay@frameworkhwexthonor@frameworkhwexthonor.apk@idmap.
06-24 16:30:01.851 W/ResourceType( 4425): Found multiple library tables, ignoring...
06-24 16:30:01.902 W/HSM     ( 1813): HoldService:toast switch is close!
06-24 16:30:01.904 D/ApplicationPackageManager( 4425): queryIntentActivitiesAsUser blocked, Intent { act=android.intent.action.MAIN cat=[android.intent.category.LAUNCHER] pkg=com.huawei.hnreader }
06-24 16:30:01.904 D/HsmInterfaceImpl( 4425): List [ResolveInfo{16d3029 com.huawei.hnreader/com.qq.reader.activity.SplashActivity m=0x108000}]
06-24 16:30:01.913 E/asset   ( 4425): createFromFile(): lock file /data/resource-cache/system@emui@base@overlay@frameworkhwexthonor@frameworkhwexthonor.apk@idmap.
06-24 16:30:01.913 E/asset   ( 4425): createFromFile(): lock file /data/resource-cache/system@emui@base@overlay@frameworkhwexthonor@frameworkhwexthonor.apk@idmap.
06-24 16:30:01.913 W/ResourceType( 4425): Found multiple library tables, ignoring...
06-24 16:30:01.963 W/HSM     ( 1813): HoldService:toast switch is close!
06-24 16:30:01.965 D/ApplicationPackageManager( 4425): queryIntentActivitiesAsUser blocked, Intent { act=android.intent.action.MAIN cat=[android.intent.category.LAUNCHER] pkg=com.twitter.android }
06-24 16:30:01.965 D/HsmInterfaceImpl( 4425): List [ResolveInfo{c9a50dc com.twitter.android/.StartActivity m=0x108000}]
06-24 16:30:02.010 D/NetWorkUtils( 1513): mVSimCurCardType is -1
06-24 16:30:02.015 D/NetWorkUtils( 1513): mVSimCurCardType is -1
06-24 16:30:02.020 W/HSM     ( 1813): HoldService:toast switch is close!
06-24 16:30:02.021 D/ApplicationPackageManager( 4425): queryIntentActivitiesAsUser blocked, Intent { act=android.intent.action.MAIN cat=[android.intent.category.LAUNCHER] pkg=com.baidu.input_huawei }
06-24 16:30:02.021 D/HsmInterfaceImpl( 4425): List []
06-24 16:30:02.026 W/HSM     ( 1813): HoldService:toast switch is close!
06-24 16:30:02.027 D/ApplicationPackageManager( 4425): queryIntentActivitiesAsUser blocked, Intent { act=android.intent.action.MAIN cat=[android.intent.category.LAUNCHER] pkg=com.google.android.gms }
06-24 16:30:02.027 D/HsmInterfaceImpl( 4425): List []
06-24 16:30:02.033 D/PMS1000 (  657): package:com.excelliance.dualaid, input flags:8192, output hwFlags:0
06-24 16:30:02.034 W/HSM     ( 1813): HoldService:toast switch is close!
06-24 16:30:02.035 D/ApplicationPackageManager( 4425): queryIntentActivitiesAsUser blocked, Intent { act=android.intent.action.MAIN cat=[android.intent.category.LAUNCHER] pkg=com.sankuai.meituan }
06-24 16:30:02.036 D/HsmInterfaceImpl( 4425): List [ResolveInfo{eece36b com.sankuai.meituan/com.meituan.android.pt.homepage.activity.Welcome m=0x108000}]
06-24 16:30:02.041 I/Pged-IPgedBinderService(  769): ****action is 2, pid num is 6***
06-24 16:30:02.041 I/Pged-Freezer(  769): thawPids
06-24 16:30:02.053 D/PgedBinderAdapter( 1699): unfrz ok, pid: [29457, 29531, 14942, 15544, 24379]
06-24 16:30:02.069 I/appium  (24379): AppiumResponse: {"sessionId":"12d3f873-0ea4-4775-928a-9964d13dcd6c","status":0,"value":"<?xml version=\"1.0\" encoding=\"UTF-8\"?><hierarchy rotation=\"0\"><android.widget.FrameLayout index=\"0\" text=\"\" class=\"android.widget.FrameLayout\" package=\"com.excelliance.dualaid\" content-desc=\"\" checkable=\"false\" checked=\"false\" clickable=\"false\" enabled=\"true\" focusable=\"false\" focused=\"false\" scrollable=\"false\" long-clickable=\"false\" password=\"false\" selected=\"false\" bounds=\"[0,0][1080,1920]\" resource-id=\"\" instance=\"0\"><android.widget.LinearLayout index=\"0\" text=\"\" class=\"android.widget.LinearLayout\" package=\"com.excelliance.dualaid\" content-desc=\"\" checkable=\"false\" checked=\"false\" clickable=\"false\" enabled=\"true\" focusable=\"false\" focused=\"false\" scrollable=\"false\" long-clickable=\"false\" password=\"false\" selected=\"false\" bounds=\"[0,0][1080,1920]\" resource-id=\"\" instance=\"0\"><android.widget.FrameLayout index=\"0\" text=\"\" class=\"android.widget.FrameLayout\" package=\"com.excelliance.dualaid\" content-desc=\"\" checkable=\"false\" checked=\"false\" clickable=\"false\" enabled=\"true\" focusable=\"false\" focused=\"false\" scrollable=\"false\" long-clickable=\"false\" password=\"false\" selected=\"false\" bounds=\"[0,0][1080,1920]\" resource-id=\"android:id\/content\" instance=\"1\"><android.widget.FrameLayout index=\"0\" text=\"\" class=\"android.widget.FrameLayout\" package=\"com.excelliance.dualaid\" content-desc=\"\" checkable=\"false\" checked=\"false\" clickable=\"false\" enabled=\"true\" focusable=\"false\" focused=\"false\" scrollable=\"false\" long-clickable=\"false\" password=\"false\" selected=\"false\" bounds=\"[0,0][1080,1920]\" resource-id=\"\" instance=\"2\"><android.widget.RelativeLayout index=\"0\" text=\"\" class=\"android.widget.RelativeLayout\" package=\"com.excelliance.dualaid\" content-desc=\"\" checkable=\"false\" checked=\"false\" clickable=\"false\" enabled=\"true\" focusable=\"false\" focused=\"false\" scrollable=\"false\" long-clickable=\"false\" password=\"false\" selected=\"false\" bounds=\"[0,0][1080,1920]\" resource-id=\"com.excelliance.dualaid:id\/rl_guide_original\" instance=\"0\"><android.support.v4.view.ViewPager index=\"0\" text=\"\" class=\"android.support.v4.view.ViewPager\" package=\"com.excelliance.dualaid\" content-desc=\"\" checkable=\"false\" checked=\"false\" clickable=\"false\" enabled=\"true\" focusable=\"true\" focused=\"false\" scrollable=\"true\" long-clickable=\"false\" password=\"false\" selected=\"false\" bounds=\"[0,0][1080,1920]\" resource-id=\"com.excelliance.dualaid:id\/vp_nav\" instance=\"0\"><android.widget.RelativeLayout index=\"2\" text=\"\" class=\"android.widget.RelativeLayout\" package=\"com.excelliance.dualaid\" content-desc=\"\" checkable=\"false\" checked=\"false\" clickable=\"false\" enabled=\"true\" focusable=\"false\" focused=\"false\" scrollable=\"false\" long-clickable=\"false\" password=\"false\" selected=\"false\" bounds=\"[0,0][1080,1920]\" resource-id=\"\" instance=\"1\"><android.view.View index=\"0\" text=\"\" class=\"android.view.View\" package=\"com.excelliance.dualaid\" content-desc=\"\" checkable=\"false\" checked=\"false\" clickable=\"false\" enabled=\"true\" focusable=\"false\" focused=\"false\" scrollable=\"false\" long-clickable=\"false\" password=\"false\" selected=\"false\" bounds=\"[0,0][1080,1920]\" resource-id=\"\" instance=\"0\"\/><android.widget.ImageView index=\"1\" text=\"\" class=\"android.widget.ImageView\" package=\"com.excelliance.dualaid\" content-desc=\"\" checkable=\"false\" checked=\"false\" clickable=\"false\" enabled=\"true\" focusable=\"false\" focused=\"false\" scrollable=\"false\" long-clickable=\"false\" password=\"false\" selected=\"false\" bounds=\"[345,318][847,1268]\" resource-id=\"\" instance=\"0\"\/><android.widget.ImageView index=\"2\" text=\"\" class=\"android.widget.ImageView\" package=\"com.excelliance.dualaid\" content-desc=\"\" checkable=\"false\" checked=\"false\" clickable=\"false\" enabled=\"true\" 
06-24 16:30:02.083 W/libc    (  493): Set property "hw.wifi.dns_stat" to "35147,30480,5028,1,52851"
06-24 16:30:02.096 I/appium  (24379): channel read invoked!
06-24 16:30:02.096 I/appium  (24379): channel read: GET /wd/hub/session/12d3f873-0ea4-4775-928a-9964d13dcd6c/source
06-24 16:30:02.122 D/PMS1000 (  657): package:com.excelliance.dualaid, input flags:8192, output hwFlags:0
06-24 16:30:02.124 W/HSM     ( 1813): HoldService:toast switch is close!
06-24 16:30:02.125 D/ApplicationPackageManager( 4425): queryIntentActivitiesAsUser blocked, Intent { act=android.intent.action.MAIN cat=[android.intent.category.LAUNCHER] pkg=com.tencent.news }
06-24 16:30:02.125 D/HsmInterfaceImpl( 4425): List [ResolveInfo{389bb61 com.tencent.news/.activity.SplashActivity m=0x108000}]
06-24 16:30:02.175 I/appium  (24379): Skipping invisible child: android.view.accessibility.AccessibilityNodeInfo@12a75; boundsInParent: Rect(0, 0 - 1080, 186); boundsInScreen: Rect(0, 1920 - 1080, 1920); packageName: com.excelliance.dualaid; className: android.view.View; text: null; error: null; maxTextLength: -1; contentDescription: null; viewIdResName: com.excelliance.dualaid:id/first_start_ok_after; checkable: false; checked: false; focusable: false; focused: false; selected: false; clickable: false; longClickable: false; contextClickable: false; enabled: true; password: false; scrollable: false; importantForAccessibility: false; actions: [AccessibilityAction: ACTION_SELECT - null, AccessibilityAction: ACTION_CLEAR_SELECTION - null, AccessibilityAction: ACTION_ACCESSIBILITY_FOCUS - null, AccessibilityAction: ACTION_SHOW_ON_SCREEN - null]
06-24 16:30:02.176 I/appium  (24379): Skipping invisible child: android.view.accessibility.AccessibilityNodeInfo@131f7; boundsInParent: Rect(0, 0 - 1080, 72); boundsInScreen: Rect(0, 0 - 1080, 72); packageName: com.excelliance.dualaid; className: android.view.View; text: null; error: null; maxTextLength: -1; contentDescription: null; viewIdResName: null; checkable: false; checked: false; focusable: false; focused: false; selected: false; clickable: false; longClickable: false; contextClickable: false; enabled: true; password: false; scrollable: false; importantForAccessibility: false; actions: [AccessibilityAction: ACTION_SELECT - null, AccessibilityAction: ACTION_CLEAR_SELECTION - null, AccessibilityAction: ACTION_ACCESSIBILITY_FOCUS - null, AccessibilityAction: ACTION_SHOW_ON_SCREEN - null]
06-24 16:30:02.177 I/appium  (24379): Fetch time: 33ms
06-24 16:30:02.178 D/PMS1000 (  657): package:com.excelliance.dualaid, input flags:8192, output hwFlags:0
06-24 16:30:02.180 W/HSM     ( 1813): HoldService:toast switch is close!
06-24 16:30:02.181 D/ApplicationPackageManager( 4425): queryIntentActivitiesAsUser blocked, Intent { act=android.intent.action.MAIN cat=[android.intent.category.LAUNCHER] pkg=com.iflytek.speechsuite }
06-24 16:30:02.181 D/HsmInterfaceImpl( 4425): List []
06-24 16:30:02.187 W/HSM     ( 1813): HoldService:toast switch is close!
06-24 16:30:02.188 D/ApplicationPackageManager( 4425): queryIntentActivitiesAsUser blocked, Intent { act=android.intent.action.MAIN cat=[android.intent.category.LAUNCHER] pkg=com.tencent.android.qqdownloader }
06-24 16:30:02.188 D/HsmInterfaceImpl( 4425): List [ResolveInfo{b5ddf74 com.tencent.android.qqdownloader/com.tencent.pangu.link.SplashActivity m=0x108000}]
06-24 16:30:02.214 I/appium  (24379): AppiumResponse: {"sessionId":"12d3f873-0ea4-4775-928a-9964d13dcd6c","status":0,"value":"<?xml version=\"1.0\" encoding=\"UTF-8\"?><hierarchy rotation=\"0\"><android.widget.FrameLayout index=\"0\" text=\"\" class=\"android.widget.FrameLayout\" package=\"com.excelliance.dualaid\" content-desc=\"\" checkable=\"false\" checked=\"false\" clickable=\"false\" enabled=\"true\" focusable=\"false\" focused=\"false\" scrollable=\"false\" long-clickable=\"false\" password=\"false\" selected=\"false\" bounds=\"[0,0][1080,1920]\" resource-id=\"\" instance=\"0\"><android.widget.LinearLayout index=\"0\" text=\"\" class=\"android.widget.LinearLayout\" package=\"com.excelliance.dualaid\" content-desc=\"\" checkable=\"false\" checked=\"false\" clickable=\"false\" enabled=\"true\" focusable=\"false\" focused=\"false\" scrollable=\"false\" long-clickable=\"false\" password=\"false\" selected=\"false\" bounds=\"[0,0][1080,1920]\" resource-id=\"\" instance=\"0\"><android.widget.FrameLayout index=\"0\" text=\"\" class=\"android.widget.FrameLayout\" package=\"com.excelliance.dualaid\" content-desc=\"\" checkable=\"false\" checked=\"false\" clickable=\"false\" enabled=\"true\" focusable=\"false\" focused=\"false\" scrollable=\"false\" long-clickable=\"false\" password=\"false\" selected=\"false\" bounds=\"[0,72][1080,1920]\" resource-id=\"android:id\/content\" instance=\"1\"><android.widget.LinearLayout index=\"0\" text=\"\" class=\"android.widget.LinearLayout\" package=\"com.excelliance.dualaid\" content-desc=\"\" checkable=\"false\" checked=\"false\" clickable=\"false\" enabled=\"true\" focusable=\"false\" focused=\"false\" scrollable=\"false\" long-clickable=\"false\" password=\"false\" selected=\"false\" bounds=\"[0,72][1080,1920]\" resource-id=\"\" instance=\"1\"><android.widget.RelativeLayout index=\"0\" text=\"\" class=\"android.widget.RelativeLayout\" package=\"com.excelliance.dualaid\" content-desc=\"\" checkable=\"false\" checked=\"false\" clickable=\"false\" enabled=\"true\" focusable=\"false\" focused=\"false\" scrollable=\"false\" long-clickable=\"false\" password=\"false\" selected=\"false\" bounds=\"[0,72][1080,240]\" resource-id=\"com.excelliance.dualaid:id\/top\" instance=\"0\"><android.widget.TextView index=\"0\" text=\"登录\/注册\" class=\"android.widget.TextView\" package=\"com.excelliance.dualaid\" content-desc=\"\" checkable=\"false\" checked=\"false\" clickable=\"true\" enabled=\"true\" focusable=\"true\" focused=\"false\" scrollable=\"false\" long-clickable=\"false\" password=\"false\" selected=\"false\" bounds=\"[36,111][221,201]\" resource-id=\"com.excelliance.dualaid:id\/tv_login_in\" instance=\"0\"\/><android.widget.TextView index=\"1\" text=\"双开助手\" class=\"android.widget.TextView\" package=\"com.excelliance.dualaid\" content-desc=\"\" checkable=\"false\" checked=\"false\" clickable=\"false\" enabled=\"true\" focusable=\"false\" focused=\"false\" scrollable=\"false\" long-clickable=\"false\" password=\"false\" selected=\"false\" bounds=\"[420,115][660,196]\" resource-id=\"com.excelliance.dualaid:id\/first_tv_back\" instance=\"1\"\/><android.widget.TextView index=\"2\" text=\"跳过\" class=\"android.widget.TextView\" package=\"com.excelliance.dualaid\" content-desc=\"\" checkable=\"false\" checked=\"false\" clickable=\"true\" enabled=\"true\" focusable=\"true\" focused=\"false\" scrollable=\"false\" long-clickable=\"false\" password=\"false\" selected=\"false\" bounds=\"[960,111][1044,201]\" resource-id=\"com.excelliance.dualaid:id\/jump_to\" instance=\"2\"\/><\/android.widget.RelativeLayout><android.widget.RelativeLayout index=\"1\" text=\"\" class=\"android.widget.RelativeLayout\" package=\"com.excelliance.dualaid\" content-desc=\"\" checkable=\"false\" checked=\"false\" clickable=\"false\" enabled=\"true\" focusable=\"false\" focused=\"false\" scrollable=\"false\" long-clickable=\"false\" password=\"false\" selected=\"false\" bounds=\"[0,240][1080,454]\" resource-id=\"com.excelliance.dualaid:id\/rl_note\" instance=\"1\"><android.widget.ImageView index=\"0\" text=\"\"
06-24 16:30:02.245 D/PMS1000 (  657): package:com.excelliance.dualaid, input flags:8192, output hwFlags:0
06-24 16:30:02.247 W/HSM     ( 1813): HoldService:toast switch is close!
06-24 16:30:02.249 D/ApplicationPackageManager( 4425): queryIntentActivitiesAsUser blocked, Intent { act=android.intent.action.MAIN cat=[android.intent.category.LAUNCHER] pkg=com.ifreetalk.ftalk }
06-24 16:30:02.249 D/HsmInterfaceImpl( 4425): List [ResolveInfo{5308512 com.ifreetalk.ftalk/.activity.DummyActivity m=0x108000}]
06-24 16:30:02.251 I/appium  (24379): channel read invoked!
06-24 16:30:02.252 I/appium  (24379): channel read: POST /wd/hub/session/12d3f873-0ea4-4775-928a-9964d13dcd6c/element
06-24 16:30:02.252 I/appium  (24379): Find element command
