06-24 16:29:52.363 I/appium  (24379): Skipping invisible child: android.view.accessibility.AccessibilityNodeInfo@9418; boundsInParent: Rect(0, 0 - 1080, 1580); boundsInScreen: Rect(0, 0 - -1080, 1532); packageName: com.huawei.android.launcher; className: android.view.ViewGroup; text: null; error: null; maxTextLength: -1; contentDescription: null; viewIdResName: com.huawei.android.launcher:id/workspace_screen; checkable: false; checked: false; focusable: false; focused: false; selected: false; clickable: true; longClickable: true; contextClickable: false; enabled: true; password: false; scrollable: false; importantForAccessibility: true; actions: [AccessibilityAction: ACTION_SELECT - null, AccessibilityAction: ACTION_CLEAR_SELECTION - null, AccessibilityAction: ACTION_CLICK - null, AccessibilityAction: ACTION_LONG_CLICK - null, AccessibilityAction: ACTION_ACCESSIBILITY_FOCUS - null, AccessibilityAction: ACTION_SHOW_ON_SCREEN - null]
06-24 16:29:52.364 W/AwareLog(  657): AwareMem_MemoryUtils: trim Memory illegal arg exception, proc:515 level:40
06-24 16:29:52.364 I/appium  (24379): Skipping invisible child: android.view.accessibility.AccessibilityNodeInfo@97d9; boundsInParent: Rect(0, 0 - 1080, 1580); boundsInScreen: Rect(0, 0 - 0, 1532); packageName: com.huawei.android.launcher; className: android.view.ViewGroup; text: null; error: null; maxTextLength: -1; contentDescription: null; viewIdResName: com.huawei.android.launcher:id/workspace_screen; checkable: false; checked: false; focusable: false; focused: false; selected: false; clickable: true; longClickable: true; contextClickable: false; enabled: true; password: false; scrollable: false; importantForAccessibility: true; actions: [AccessibilityAction: ACTION_SELECT - null, AccessibilityAction: ACTION_CLEAR_SELECTION - null, AccessibilityAction: ACTION_CLICK - null, AccessibilityAction: ACTION_LONG_CLICK - null, AccessibilityAction: ACTION_ACCESSIBILITY_FOCUS - null, AccessibilityAction: ACTION_SHOW_ON_SCREEN - null]
06-24 16:29:52.368 I/appium  (24379): Skipping invisible child: android.view.accessibility.AccessibilityNodeInfo@14fca; boundsInParent: Rect(0, 0 - 93, 93); boundsInScreen: Rect(495, 0 - 584, 76); packageName: com.huawei.android.launcher; className: android.widget.ImageView; text: null; error: null; maxTextLength: -1; contentDescription: 设置默认主屏幕; viewIdResName: com.huawei.android.launcher:id/default_screen_home_icon; checkable: false; checked: false; focusable: true; focused: false; selected: false; clickable: true; longClickable: false; contextClickable: false; enabled: true; password: false; scrollable: false; importantForAccessibility: true; actions: [AccessibilityAction: ACTION_FOCUS - null, AccessibilityAction: ACTION_SELECT - null, AccessibilityAction: ACTION_CLEAR_SELECTION - null, AccessibilityAction: ACTION_CLICK - null, AccessibilityAction: ACTION_ACCESSIBILITY_FOCUS - null, AccessibilityAction: ACTION_NEXT_AT_MOVEMENT_GRANULARITY - null, AccessibilityAction: ACTION_PREVIOUS_AT_MOVEMENT_GRANULARITY - null, AccessibilityAction: ACTION_SET_SELECTION - null, AccessibilityAction: ACTION_SHOW_ON_SCREEN - null]
06-24 16:29:52.371 I/appium  (24379): Skipping invisible child: android.view.accessibility.AccessibilityNodeInfo@1538b; boundsInParent: Rect(0, 0 - 93, 93); boundsInScreen: Rect(493, 0 - 586, 78); packageName: com.huawei.android.launcher; className: android.widget.ImageView; text: null; error: null; maxTextLength: -1; contentDescription: 设置默认主屏幕; viewIdResName: com.huawei.android.launcher:id/default_screen_home_icon_bg; checkable: false; checked: false; focusable: true; focused: false; selected: false; clickable: true; longClickable: false; contextClickable: false; enabled: true; password: false; scrollable: false; importantForAccessibility: true; actions: [AccessibilityAction: ACTION_FOCUS - null, AccessibilityAction: ACTION_SELECT - null, AccessibilityAction: ACTION_CLEAR_SELECTION - null, AccessibilityAction: ACTION_CLICK - null, AccessibilityAction: ACTION_ACCESSIBILITY_FOCUS - null, AccessibilityAction: ACTION_NEXT_AT_MOVEMENT_GRANULARITY - null, AccessibilityAction: ACTION_PREVIOUS_AT_MOVEMENT_GRANULARITY - null, AccessibilityAction: ACTION_SET_SELECTION - null, AccessibilityAction: ACTION_SHOW_ON_SCREEN - null]
06-24 16:29:52.373 W/ResourceType( 2519): No known package when getting name for resource number 0x9c030000
06-24 16:29:52.377 W/ResourceType( 2519): No known package when getting name for resource number 0x9c030100
06-24 16:29:52.381 W/ResourceType( 2519): No known package when getting name for resource number 0x9c030200
06-24 16:29:52.384 W/ResourceType( 2519): No known package when getting name for resource number 0x9c030300
06-24 16:29:52.388 W/ResourceType( 2519): No known package when getting name for resource number 0x9c030001
06-24 16:29:52.392 W/ResourceType( 2519): No known package when getting name for resource number 0x9c030101
06-24 16:29:52.395 W/ResourceType( 2519): No known package when getting name for resource number 0x9c030201
06-24 16:29:52.400 W/ResourceType( 2519): No known package when getting name for resource number 0x9c030301
06-24 16:29:52.404 W/ResourceType( 2519): No known package when getting name for resource number 0x9c030002
06-24 16:29:52.408 W/ResourceType( 2519): No known package when getting name for resource number 0x9c030102
06-24 16:29:52.412 W/ResourceType( 2519): No known package when getting name for resource number 0x9c030202
06-24 16:29:52.416 W/ResourceType( 2519): No known package when getting name for resource number 0x9c030302
06-24 16:29:52.420 W/ResourceType( 2519): No known package when getting name for resource number 0x9c030003
06-24 16:29:52.423 W/ResourceType( 2519): No known package when getting name for resource number 0x9c030103
06-24 16:29:52.427 W/ResourceType( 2519): No known package when getting name for resource number 0x9c030203
06-24 16:29:52.433 W/ResourceType( 2519): No known package when getting name for resource number 0x9c030303
06-24 16:29:52.438 W/ResourceType( 2519): No known package when getting name for resource number 0x9c030004
06-24 16:29:52.443 W/ResourceType( 2519): No known package when getting name for resource number 0x9c030104
06-24 16:29:52.447 W/ResourceType( 2519): No known package when getting name for resource number 0x9c030204
06-24 16:29:52.449 I/appium  (24379): Skipping invisible child: android.view.accessibility.AccessibilityNodeInfo@9f5b; boundsInParent: Rect(0, 0 - 1080, 1580); boundsInScreen: Rect(1080, 0 - 1080, 1532); packageName: com.huawei.android.launcher; className: android.view.ViewGroup; text: null; error: null; maxTextLength: -1; contentDescription: null; viewIdResName: com.huawei.android.launcher:id/workspace_screen; checkable: false; checked: false; focusable: false; focused: false; selected: false; clickable: true; longClickable: true; contextClickable: false; enabled: true; password: false; scrollable: false; importantForAccessibility: true; actions: [AccessibilityAction: ACTION_SELECT - null, AccessibilityAction: ACTION_CLEAR_SELECTION - null, AccessibilityAction: ACTION_CLICK - null, AccessibilityAction: ACTION_LONG_CLICK - null, AccessibilityAction: ACTION_ACCESSIBILITY_FOCUS - null, AccessibilityAction: ACTION_SHOW_ON_SCREEN - null]
06-24 16:29:52.453 W/ResourceType( 2519): No known package when getting name for resource number 0x9b000000
06-24 16:29:52.454 W/ResourceType( 2519): No known package when getting name for resource number 0x9b010100
06-24 16:29:52.454 W/ResourceType( 2519): No known package when getting name for resource number 0x9b020200
06-24 16:29:52.455 W/ResourceType( 2519): No known package when getting name for resource number 0x9b030300
06-24 16:29:52.455 W/ResourceType( 2519): No known package when getting name for resource number 0x9b040400
06-24 16:29:52.462 I/appium  (24379): Fetch time: 103ms
06-24 16:29:52.479 I/NetworkSpeedManagerEx( 1513): mIsStop = false
06-24 16:29:52.479 I/NetworkSpeedManagerEx( 1513):  runInThread getTetherStats
06-24 16:29:52.481 I/NetworkSpeedManagerEx( 1513):  runInUI refreshSpeed
06-24 16:29:52.482 I/NetworkSpeedManagerEx( 1513): value=58.666668speed = 59
06-24 16:29:52.482 I/NetworkSpeedManagerEx( 1513): B/smIsShowLastSpeedValuefalse
06-24 16:29:52.482 I/NetworkSpeedView( 1513): /update(), speed=59
06-24 16:29:52.482 I/NetworkSpeedView( 1513): B/s parent class:class com.android.systemui.statusbar.HwSystemIcons
06-24 16:29:52.492 I/appium  (24379): AppiumResponse: {"sessionId":"12d3f873-0ea4-4775-928a-9964d13dcd6c","status":0,"value":"<?xml version=\"1.0\" encoding=\"UTF-8\"?><hierarchy rotation=\"0\"><android.widget.FrameLayout index=\"0\" text=\"\" class=\"android.widget.FrameLayout\" package=\"com.huawei.android.launcher\" content-desc=\"\" checkable=\"false\" checked=\"false\" clickable=\"false\" enabled=\"true\" focusable=\"false\" focused=\"false\" scrollable=\"false\" long-clickable=\"false\" password=\"false\" selected=\"false\" bounds=\"[0,0][1080,1920]\" resource-id=\"\" instance=\"0\"><android.widget.LinearLayout index=\"0\" text=\"\" class=\"android.widget.LinearLayout\" package=\"com.huawei.android.launcher\" content-desc=\"\" checkable=\"false\" checked=\"false\" clickable=\"false\" enabled=\"true\" focusable=\"false\" focused=\"false\" scrollable=\"false\" long-clickable=\"false\" password=\"false\" selected=\"false\" bounds=\"[0,0][1080,1920]\" resource-id=\"\" instance=\"0\"><android.widget.FrameLayout index=\"0\" text=\"\" class=\"android.widget.FrameLayout\" package=\"com.huawei.android.launcher\" content-desc=\"\" checkable=\"false\" checked=\"false\" clickable=\"false\" enabled=\"true\" focusable=\"false\" focused=\"false\" scrollable=\"false\" long-clickable=\"false\" password=\"false\" selected=\"false\" bounds=\"[0,0][1080,1920]\" resource-id=\"android:id\/content\" instance=\"1\"><android.widget.FrameLayout index=\"0\" text=\"\" class=\"android.widget.FrameLayout\" package=\"com.huawei.android.launcher\" content-desc=\"\" checkable=\"false\" checked=\"false\" clickable=\"false\" enabled=\"true\" focusable=\"false\" focused=\"false\" scrollable=\"false\" long-clickable=\"false\" password=\"false\" selected=\"false\" bounds=\"[0,0][1080,1920]\" resource-id=\"com.huawei.android.launcher:id\/drag_layer\" instance=\"2\"><android.view.ViewGroup index=\"0\" text=\"\" class=\"android.view.ViewGroup\" package=\"com.huawei.android.launcher\" content-desc=\"第 3 屏，共 4 屏\" checkable=\"false\" checked=\"false\" clickable=\"false\" enabled=\"true\" focusable=\"false\" focused=\"false\" scrollable=\"true\" long-clickable=\"false\" password=\"false\" selected=\"false\" bounds=\"[0,0][1080,1920]\" resource-id=\"com.huawei.android.launcher:id\/workspace\" instance=\"0\"><android.view.ViewGroup index=\"2\" text=\"\" class=\"android.view.ViewGroup\" package=\"com.huawei.android.launcher\" content-desc=\"\" checkable=\"false\" checked=\"false\" clickable=\"true\" enabled=\"true\" focusable=\"false\" focused=\"false\" scrollable=\"false\" long-clickable=\"true\" password=\"false\" selected=\"false\" bounds=\"[0,0][1080,1532]\" resource-id=\"com.huawei.android.launcher:id\/workspace_screen\" instance=\"1\"><android.widget.FrameLayout index=\"0\" text=\"\" class=\"android.widget.FrameLayout\" package=\"com.huawei.android.launcher\" content-desc=\"\" checkable=\"false\" checked=\"false\" clickable=\"false\" enabled=\"true\" focusable=\"false\" focused=\"false\" scrollable=\"false\" long-clickable=\"false\" password=\"false\" selected=\"false\" bounds=\"[12,0][1068,1514]\" resource-id=\"\" instance=\"3\"\/><android.view.ViewGroup index=\"1\" text=\"\" class=\"android.view.ViewGroup\" package=\"com.huawei.android.launcher\" content-desc=\"\" checkable=\"false\" checked=\"false\" clickable=\"false\" enabled=\"true\" focusable=\"false\" focused=\"false\" scrollable=\"false\" long-clickable=\"false\" password=\"false\" selected=\"false\" bounds=\"[12,0][1068,1514]\" resource-id=\"\" instance=\"2\"><android.widget.TextView index=\"0\" text=\"iTest\" class=\"android.widget.TextView\" package=\"com.huawei.android.launcher\" content-desc=\"\" checkable=\"false\" checked=\"false\" clickable=\"true\" enabled=\"true\" focusable=\"true\" focused=\"false\" scrollable=\"false\" long-clickable=\"true\" password=\"false\" selected=\"false\" bounds=\"[12,84][276,370]\" resource-id=\"\" instance=\"0\"\/><android.widget.TextView index=\"1\" text=\"WhatsApp\" class=\"android.widget.TextView\" package=\"com.huawei.android.launcher\" content-
06-24 16:29:52.506 I/NetworkSpeedManagerEx( 1513): mIsStop = false
06-24 16:29:52.507 I/NetworkSpeedManagerEx( 1513):  runInThread getTetherStats
06-24 16:29:52.515 I/NetworkSpeedManagerEx( 1513):  runInUI refreshSpeed
06-24 16:29:52.516 I/NetworkSpeedManagerEx( 1513): value=58.666668speed = 59
06-24 16:29:52.516 I/NetworkSpeedManagerEx( 1513): B/smIsShowLastSpeedValuefalse
06-24 16:29:52.517 I/NetworkSpeedView( 1513): /update(), speed=59
06-24 16:29:52.517 I/NetworkSpeedView( 1513): B/s parent class:class com.android.systemui.statusbar.HwSystemIcons
06-24 16:29:52.548 I/appium  (24379): channel read invoked!
06-24 16:29:52.548 I/appium  (24379): channel read: GET /wd/hub/session/12d3f873-0ea4-4775-928a-9964d13dcd6c/source
06-24 16:29:52.601 I/ActivityManager(  657): START u0 {act=android.intent.action.MAIN cat=[android.intent.category.LAUNCHER] flg=0x10000000 cmp=com.excelliance.dualaid/com.excelliance.kxqp.ui.HelloActivity} from uid 2000
06-24 16:29:52.606 I/ash     ( 1699): front pkg : com.excelliance.dualaid launcher: false
06-24 16:29:52.606 I/ash     ( 1699): above launcher front pkgs: [com.excelliance.dualaid]
06-24 16:29:52.607 I/ActivityManager(  657): ActivityRecord info: ActivityInfo{fad70dc com.excelliance.kxqp.ui.HelloActivity}
06-24 16:29:52.610 I/PGServer( 1699): android calls fast hibernateApps
06-24 16:29:52.610 I/AppFastHibernation( 1699): fast hibernate duration: 1500 reason: start activity
06-24 16:29:52.610 I/Pged-IPgedBinderService(  769): ****action is 1, pid num is 6***
06-24 16:29:52.610 I/Pged-Freezer(  769): freezePids
06-24 16:29:52.610 I/Pged-Freezer(  769): Freeze process: 29457
06-24 16:29:52.611 D/PMS1000 (  657): package:com.excelliance.dualaid, input flags:1, output hwFlags:0
06-24 16:29:52.611 I/Pged-Freezer(  769): Freeze process: 29531
06-24 16:29:52.611 I/Pged-Freezer(  769): Freeze process: 14942
06-24 16:29:52.611 I/Pged-Freezer(  769): Freeze process: 15544
06-24 16:29:52.611 I/Pged-Freezer(  769): Freeze process: 24379
06-24 16:29:52.611 V/WindowManager(  657): addAppToken: AppWindowToken{186a339 token=Token{9c5f00 ActivityRecord{c5e2183 u0 com.excelliance.dualaid/com.excelliance.kxqp.ui.HelloActivity t16048}}} controller={TaskWindowContainerController taskId=16048} at 2147483647
06-24 16:29:52.612 D/PgedBinderAdapter( 1699): frz ok, pid: [29457, 29531, 14942, 15544, 24379]
06-24 16:29:52.614 D/MotionDetectionManager( 2519): stopMotionAppsReco motionApps: 403
06-24 16:29:52.614 D/MotionDetectionManager( 2519): stopMotionAppsReco not recognition motionApps 403
06-24 16:29:52.614 W/HwLauncher( 2519): Launcher.MotionManager stopMotionAppsReco service flg 403 is unavailable
06-24 16:29:52.616 V/ActivityManager(  657): startProcess: name=com.excelliance.dualaid:olle app=null knownToBeDead=true thread=null pid=-1
06-24 16:29:52.617 D/PMS1000 (  657): package:com.excelliance.dualaid, input flags:0, output hwFlags:0
06-24 16:29:52.624 I/ActivityManager(  657): Start proc 4425:com.excelliance.dualaid:olle/u0a1423 for activity com.excelliance.dualaid/com.excelliance.kxqp.ui.HelloActivity
06-24 16:29:52.625 V/WindowManager(  657): No longer Stopped: AppWindowToken{186a339 token=Token{9c5f00 ActivityRecord{c5e2183 u0 com.excelliance.dualaid/com.excelliance.kxqp.ui.HelloActivity t16048}}}
06-24 16:29:52.625 I/        ( 4425): power log dlsym ok
06-24 16:29:52.625 V/ActivityManager(  657): startProcess: name=com.excelliance.dualaid:olle app=ProcessRecord{3250d7e 4425:com.excelliance.dualaid:olle/u0a1423} knownToBeDead=true thread=null pid=4425
06-24 16:29:52.628 I/zygote  ( 4425): Reinit property: dalvik.vm.checkjni= false
06-24 16:29:52.635 D/ActivityThread( 4425): ActivityThread,attachApplication
06-24 16:29:52.636 D/ActivityManager(  657): ActivityManagerService,attachApplication,callingPid = 4425
06-24 16:29:52.638 V/WindowManager(  657): No longer Stopped: AppWindowToken{186a339 token=Token{9c5f00 ActivityRecord{c5e2183 u0 com.excelliance.dualaid/com.excelliance.kxqp.ui.HelloActivity t16048}}}
06-24 16:29:52.648 V/WindowManager(  657): findFocusedWindow: AppWindowToken{d3a938b token=Token{377755a ActivityRecord{d5c9105 u0 com.huawei.android.launcher/.unihome.UniHomeLauncher t15658}}} below Reached focused app=AppWindowToken{186a339 token=Token{9c5f00 ActivityRecord{c5e2183 u0 com.excelliance.dualaid/com.excelliance.kxqp.ui.HelloActivity t16048}}}
06-24 16:29:52.649 D/ScenarioService( 1699): front pkg : com.excelliance.dualaid launcher: false
06-24 16:29:52.649 D/ScenarioService( 1699): new above launcher front pkgs: [com.excelliance.dualaid]
06-24 16:29:52.649 I/AppsUsage( 1699): scnOff:false FgAPP:com.excelliance.dualaid BgAPP:com.huawei.android.launcher
06-24 16:29:52.650 V/WindowManager(  657): Checking 1 opening apps (frozen=false timeout=false)...
06-24 16:29:52.650 V/WindowManager(  657): Check opening app=AppWindowToken{186a339 token=Token{9c5f00 ActivityRecord{c5e2183 u0 com.excelliance.dualaid/com.excelliance.kxqp.ui.HelloActivity t16048}}}: allDrawn=false startingDisplayed=false startingMoved=false isRelaunching()=false
06-24 16:29:52.650 D/EmcomManagerService(  657): forePackage name is com.excelliance.dualaid
06-24 16:29:52.650 D/HicomPolicyManager(  657): foreAppInfo = nullpkgName = com.excelliance.dualaid uid= 11423
06-24 16:29:52.651 E/HicomPolicyManager(  657): udp acc is not start yet!
06-24 16:29:52.651 D/HicomPolicyManager(  657): speed control is not start
06-24 16:29:52.651 E/HicomPolicyManager(  657): Network Evaluation is not start yet!
06-24 16:29:52.651 E/HicomPolicyManager(  657): foreground app info is null
06-24 16:29:52.652 D/HwQoEUtils(  657): mForegroundAppPackageName: com.excelliance.dualaid:olle ,score: 0
06-24 16:29:52.652 D/HwQoEUtils(  657): APP type: -1 appName= com.excelliance.dualaid:olle
06-24 16:29:52.652 D/HwQoEUtils(  657): RealAppName:com.excelliance.dualaid
06-24 16:29:52.652 D/HwQoEUtils(  657): no game, APP_TYPE_GAME, appName =com.excelliance.dualaid:olle
06-24 16:29:52.652 D/HwGameAssistantController(  657): pid=4425, uid=11423, foreground=true
06-24 16:29:52.658 I/HwNetworkPolicy(  657): onTransact, code = 203
06-24 16:29:52.658 W/AwareLog(  657): SchedLevelBoost: onFgActivitiesChanged config not set!
06-24 16:29:52.658 D/[HwRecSys]HwRecSysService( 2647): onEvent actionID: 10000 msg:com.excelliance.dualaid		
06-24 16:29:52.658 E/[HwRecSys]HwRecSysService( 2647): getIsRportDirectService is false!
06-24 16:29:52.658 W//system/bin/hwservicemanager(  416): Cannot open /odm/manifest.xml
06-24 16:29:52.661 W/libc    ( 1699): Set property "sys.aps.gameProcessName" to ""
06-24 16:29:52.663 I/PGServer( 1699): report state:10010 event type:2 pid:0 uid:0 pkg:com.huawei.android.launcher to pid: 657
06-24 16:29:52.663 I/PGServer( 1699): report state:10010 event type:2 pid:0 uid:0 pkg:com.huawei.android.launcher to pid: 1699
06-24 16:29:52.663 I/SceneReceiver( 1699): state type: 10010 eventType:2 pid:0 uid:0 pkg:com.huawei.android.launcher
06-24 16:29:52.663 I/PGServer( 1699): report state:10000 event type:1 pid:0 uid:0 pkg:com.excelliance.dualaid to pid: 657
06-24 16:29:52.663 I/PGServer( 1699): report state:10000 event type:1 pid:0 uid:0 pkg:com.excelliance.dualaid to pid: 1699
06-24 16:29:52.663 I/SceneReceiver( 1699): state type: 10000 eventType:1 pid:0 uid:0 pkg:com.excelliance.dualaid
06-24 16:29:52.663 D/HwThermalStateManager( 1699): current foreapp pkg : com.excelliance.dualaid
06-24 16:29:52.665 I/PGServer( 1699): checkPkgType. calling pkg: android
06-24 16:29:52.665 W/libc    ( 1699): Set property "sys.aps.browserProcessName" to ""
06-24 16:29:52.665 I/PGServer( 1699): checkPkgType. calling pkg: android
06-24 16:29:52.665 D/HwFLClassLoader( 4425): get used feature list :/feature/used-list failed!
06-24 16:29:52.666 D/HwFLClassLoader( 4425): USE_FEATURE_LIST had not init! 
06-24 16:29:52.668 I/HwNetworkPolicyManager( 1813): getHwUidPolicy uid = 11423 policy = 0
06-24 16:29:52.668 W//system/bin/hwservicemanager(  416): Cannot open /odm/manifest.xml
06-24 16:29:52.670 I/GRALLOC (  679): 	 shrFd=10,fmt=0x1,intFmt=0x1,btStrd=256,size=4096,pid=679 
06-24 16:29:52.670 I/GRALLOC (  679): 	 yuv=2,w=16,h=16,Stride u=0 v=0,offset u=0 v=0 
06-24 16:29:52.670 I/GRALLOC (  679): 	 iova_size=4096,conUsg=0x100,proUsg=0x100,	 strd=64,[afbc]HdrStrd=0 PyldStrd=0 Scrmbl=0,ionhnd = 1 
06-24 16:29:52.681 E/MemoryLeakMonitorManager( 4425): MemoryLeakMonitor.jar is not exist!
06-24 16:29:52.682 D/CrashHandler( 4425): CrashHandler
06-24 16:29:52.682 D/KXQPApplication( 4425): run: initUserManager
06-24 16:29:52.682 E/Minikin ( 4425): Could not get cmap table size!
06-24 16:29:52.683 D/PMS11423(  657): package:com.excelliance.dualaid, input flags:128, output hwFlags:0
06-24 16:29:52.691 I/HwCust  ( 4425): Constructor found for class android.app.HwCustActivityImpl
06-24 16:29:52.692 D/HwCust  ( 4425): Create obj success use class android.app.HwCustActivityImpl
06-24 16:29:52.693 D/HwWifiStatStore(  657): handleMessage : 200
06-24 16:29:52.694 V/HwPolicyFactory( 4425): : success to get AllImpl object and return....
06-24 16:29:52.695 I/HwCust  ( 4425): Constructor found for class android.app.HwCustHwWallpaperManagerImpl
06-24 16:29:52.695 D/HwCust  ( 4425): Create obj success use class android.app.HwCustHwWallpaperManagerImpl
06-24 16:29:52.696 D/PMS11423(  657): package:com.excelliance.dualaid, input flags:0, output hwFlags:0
06-24 16:29:52.698 V/HwWidgetFactory( 4425): : successes to get AllImpl object and return....
06-24 16:29:52.699 V/ActivityThread( 4425): ActivityThread,callActivityOnCreate
06-24 16:29:52.700 D/HelloActivity( 4425): Memory:25145M
06-24 16:29:52.701 D/HelloActivity( 4425): onCreate: true
06-24 16:29:52.703 D/HelloActivity( 4425): is code boot
06-24 16:29:52.705 D/HelloActivity( 4425): mIsNav = false
06-24 16:29:52.718 D/HelloActivity( 4425): defDisplayStyle:5
06-24 16:29:52.722 D/HttpUtils( 4425): getDownloadMode()
06-24 16:29:52.722 D/NetUtils( 4425): init inited = true
06-24 16:29:52.722 D/HelloActivity( 4425): enter Nav2
06-24 16:29:52.725 I/ActivityManager(  657): START u0 {pkg=com.excelliance.dualaid cmp=com.excelliance.dualaid/com.excelliance.kxqp.swipe.NavActivity2 (has extras)} from uid 11423
06-24 16:29:52.725 D/NetworkSecurityConfig( 4425): No Network Security Config specified, using platform default
06-24 16:29:52.725 I/ActivityManager(  657): ActivityRecord info: ActivityInfo{db9d78c com.excelliance.kxqp.swipe.NavActivity2}
06-24 16:29:52.726 V/WindowManager(  657): findFocusedWindow: AppWindowToken{d3a938b token=Token{377755a ActivityRecord{d5c9105 u0 com.huawei.android.launcher/.unihome.UniHomeLauncher t15658}}} below Reached focused app=AppWindowToken{186a339 token=Token{9c5f00 ActivityRecord{c5e2183 u0 com.excelliance.dualaid/com.excelliance.kxqp.ui.HelloActivity t16048}}}
06-24 16:29:52.727 V/WindowManager(  657): addAppToken: AppWindowToken{6dc8071 token=Token{b070e18 ActivityRecord{f883dfb u0 com.excelliance.dualaid/com.excelliance.kxqp.swipe.NavActivity2 t16048}}} controller={TaskWindowContainerController taskId=16048} at 2147483647
06-24 16:29:52.730 D/HwRecentsLockUtils( 1513): Search
06-24 16:29:52.730 E/HsmCoreServiceImpl( 1478): onTransact in code is: 103
06-24 16:29:52.730 I/MediaProcessHandler( 1478): playingUids: 
06-24 16:29:52.731 D/ActivityManager(  657): Skipping, home or recents stack task: TaskRecord{333215f #15658 A=com.huawei.android.launcher U=0 StackId=0 sz=1}
06-24 16:29:52.731 D/ActivityManager(  657): Skipping intent:act=android.intent.action.MAIN cat=[android.intent.category.LAUNCHER] flg=0x10a00000 cmp=io.appium.settings/.Settings
06-24 16:29:52.731 D/ActivityManager(  657): Skipping intent:flg=0x10804000 cmp=com.android.systemui/.recents.RecentsActivity bnds=[48,928][1032,2296]
06-24 16:29:52.731 D/ActivityManager(  657): Skipping intent:flg=0x18800000 cmp=com.tencent.mm/.plugin.base.stub.WXPayEntryActivity
06-24 16:29:52.731 D/ActivityManager(  657): Skipping intent:flg=0x10800000 cmp=com.huawei.systemmanager/com.huawei.permissionmanager.ui.MainActivity
06-24 16:29:52.731 D/ActivityManager(  657): Skipping intent:flg=0x18800000 cmp=com.tencent.mm/.plugin.base.stub.WXEntryActivity
06-24 16:29:52.731 D/ActivityManager(  657): Skipping intent:act=com.huawei.action.VOICE_ASSISTANT flg=0x10800000 pkg=com.huawei.vassistant cmp=com.huawei.vassistant/.ui.main.VAssistantActivity
06-24 16:29:52.731 D/ActivityManager(  657): Skipping intent:act=com.huawei.android.launcher.action.ACCESS_SPLIT_SCREEN_APP cat=[android.intent.category.DEFAULT] flg=0x10804000 cmp=com.huawei.android.launcher/.splitscreen.SplitScreenAppActivity
06-24 16:29:52.731 D/ActivityManager(  657): Skipping intent:flg=0x10800000 pkg=com.excelliance.dualaid.b64 cmp=com.excelliance.dualaid.b64/com.excelliance.kxqp.sdk.PermissionRequestActivity
06-24 16:29:52.731 D/ActivityManager(  657): Skipping intent:act=android.intent.action.VIEW dat=content://com.excelliance.dualaid.fileProvider/external_storage_root/Download/apk/Multiple_64.apk typ=application/vnd.android.package-archive flg=0x10800001 cmp=com.android.packageinstaller/.InstallStart
06-24 16:29:52.731 D/ActivityManager(  657): Skipping intent:flg=0x10800000 cmp=com.android.systemui/.usb.HwUsbDebuggingActivity
06-24 16:29:52.731 D/ActivityManager(  657): Skipping intent:act=android.deviceinfo.chooser.action.LAUNCH flg=0x10800000 hwFlg=0x100 pkg=com.android.settings cmp=com.android.settings/.deviceinfo.UsbConnModeChooserActivity
06-24 16:29:52.731 D/ActivityManager(  657): Skipping intent:flg=0x10800000 cmp=com.zol.android/.push.KeepLiveActivity
06-24 16:29:52.731 D/ActivityManager(  657): Skipping intent:act=android.intent.action.MAIN cat=[android.intent.category.HOME] flg=0x10800300 cmp=com.android.settings/.FallbackHome
06-24 16:29:52.733 V/ActivityManager(  657): startProcess: name=com.excelliance.dualaid app=null knownToBeDead=true thread=null pid=-1
06-24 16:29:52.733 D/PMS1000 (  657): package:com.excelliance.dualaid, input flags:0, output hwFlags:0
06-24 16:29:52.742 I/        ( 4464): power log dlsym ok
06-24 16:29:52.743 I/zygote  ( 4464): Reinit property: dalvik.vm.checkjni= false
06-24 16:29:52.744 I/ActivityManager(  657): Start proc 4464:com.excelliance.dualaid/u0a1423 for service com.excelliance.dualaid/com.excelliance.kxqp.SmtServService
06-24 16:29:52.751 D/ActivityThread( 4464): ActivityThread,attachApplication
06-24 16:29:52.751 D/HwNetworkManagementService(  657): code == CODE_GET_AD_KEY_LIST
06-24 16:29:52.751 D/HwNetworkManagementService(  657): appName = com.excelliance.dualaid  is not in the mAdViewMap! reply none
06-24 16:29:52.751 D/HwNetworkManagementService(  657): appName = com.excelliance.dualaid  is not in the mAdIdMap! reply none
06-24 16:29:52.751 D/ActivityManager(  657): ActivityManagerService,attachApplication,callingPid = 4464
06-24 16:29:52.753 V/WindowManager(  657): No longer Stopped: AppWindowToken{6dc8071 token=Token{b070e18 ActivityRecord{f883dfb u0 com.excelliance.dualaid/com.excelliance.kxqp.swipe.NavActivity2 t16048}}}
06-24 16:29:52.753 D/ActivityManager(  657): allPausedActivitiesComplete: r=ActivityRecord{c5e2183 u0 com.excelliance.dualaid/com.excelliance.kxqp.ui.HelloActivity t16048 f} state=PAUSING
06-24 16:29:52.758 D/ActivityThread( 4425): add activity client record, r= ActivityRecord{cbe2ddc token=android.os.BinderProxy@d13fa03 {com.excelliance.dualaid/com.excelliance.kxqp.ui.HelloActivity}} token= android.os.BinderProxy@d13fa03
06-24 16:29:52.759 W//system/bin/hwservicemanager(  416): Cannot open /odm/manifest.xml
06-24 16:29:52.759 V/WindowManager(  657): No longer Stopped: AppWindowToken{6dc8071 token=Token{b070e18 ActivityRecord{f883dfb u0 com.excelliance.dualaid/com.excelliance.kxqp.swipe.NavActivity2 t16048}}}
06-24 16:29:52.764 V/WindowManager(  657): Checking 1 opening apps (frozen=false timeout=false)...
06-24 16:29:52.764 V/WindowManager(  657): Check opening app=AppWindowToken{6dc8071 token=Token{b070e18 ActivityRecord{f883dfb u0 com.excelliance.dualaid/com.excelliance.kxqp.swipe.NavActivity2 t16048}}}: allDrawn=false startingDisplayed=false startingMoved=false isRelaunching()=false
06-24 16:29:52.764 W/X509TrustManager( 4425): checkServerTrusted: SignatureException:null
06-24 16:29:52.765 W/X509TrustManager( 4425): checkServerTrusted: SignatureException:error:04000073:RSA routines:OPENSSL_internal:DATA_TOO_LARGE_FOR_MODULUS
06-24 16:29:52.766 D/HwCust  ( 4425): Create obj success use class android.app.HwCustActivityImpl
06-24 16:29:52.766 D/HwCust  ( 4425): Create obj success use class android.app.HwCustHwWallpaperManagerImpl
06-24 16:29:52.767 V/ActivityThread( 4425): ActivityThread,callActivityOnCreate
06-24 16:29:52.771 D/PMS11423(  657): package:com.excelliance.dualaid, input flags:128, output hwFlags:0
06-24 16:29:52.773 D/NavActivity2( 4425): onCreate
06-24 16:29:52.778 W/Utils   ( 4425): Utils_isSuperResolutionSupport [load libai_client.so failed]
06-24 16:29:52.780 D/CubicBezierInterpolator( 4425): CubicBezierInterpolator  mControlPoint1x = 0.23, mControlPoint1y = 0.06, mControlPoint2x = 0.09, mControlPoint2y = 0.97
06-24 16:29:52.780 D/CubicBezierInterpolator( 4425): CubicBezierInterpolator  mControlPoint1x = 0.6, mControlPoint1y = 0.9, mControlPoint2x = 0.8, mControlPoint2y = 1.0
06-24 16:29:52.780 D/CubicBezierInterpolator( 4425): CubicBezierInterpolator  mControlPoint1x = 0.23, mControlPoint1y = 0.06, mControlPoint2x = 0.09, mControlPoint2y = 0.97
06-24 16:29:52.780 D/CubicBezierInterpolator( 4425): CubicBezierInterpolator  mControlPoint1x = 0.6, mControlPoint1y = 0.9, mControlPoint2x = 0.8, mControlPoint2y = 1.0
06-24 16:29:52.781 D/CubicBezierInterpolator( 4425): CubicBezierInterpolator  mControlPoint1x = 0.23, mControlPoint1y = 0.06, mControlPoint2x = 0.09, mControlPoint2y = 0.97
06-24 16:29:52.781 D/CubicBezierInterpolator( 4425): CubicBezierInterpolator  mControlPoint1x = 0.6, mControlPoint1y = 0.9, mControlPoint2x = 0.8, mControlPoint2y = 1.0
06-24 16:29:52.781 D/CubicBezierInterpolator( 4425): CubicBezierInterpolator  mControlPoint1x = 0.23, mControlPoint1y = 0.06, mControlPoint2x = 0.09, mControlPoint2y = 0.97
06-24 16:29:52.781 D/CubicBezierInterpolator( 4425): CubicBezierInterpolator  mControlPoint1x = 0.6, mControlPoint1y = 0.9, mControlPoint2x = 0.8, mControlPoint2y = 1.0
06-24 16:29:52.785 W//system/bin/hwservicemanager(  416): Cannot open /odm/manifest.xml
06-24 16:29:52.787 D/HwRTBlurUtils( 4425): check blur style for HwPhoneWindow-, themeResId : 0x7f0e000a, context : com.excelliance.kxqp.swipe.NavActivity2@794246b, Nhwext : 0, get Blur : disable with , null
06-24 16:29:52.787 I/GRALLOC (  679): 	 shrFd=10,fmt=0x1,intFmt=0x1,btStrd=256,size=4096,pid=679 
06-24 16:29:52.787 I/GRALLOC (  679): 	 yuv=2,w=16,h=16,Stride u=0 v=0,offset u=0 v=0 
06-24 16:29:52.787 I/GRALLOC (  679): 	 iova_size=4096,conUsg=0x100,proUsg=0x100,	 strd=64,[afbc]HdrStrd=0 PyldStrd=0 Scrmbl=0,ionhnd = 1 
06-24 16:29:52.787 D/HwRTBlurUtils( 4425): check blur style for HwPhoneWindow-, themeResId : 0x7f0e000a, context : com.excelliance.kxqp.swipe.NavActivity2@794246b, Nhwext : 0, get Blur : disable with , null
06-24 16:29:52.787 E/test    ( 4425): hw notch screen flag api error
06-24 16:29:52.790 D/ActivityThread( 4425): add activity client record, r= ActivityRecord{414755e token=android.os.BinderProxy@31abee5 {com.excelliance.dualaid/com.excelliance.kxqp.swipe.NavActivity2}} token= android.os.BinderProxy@31abee5
06-24 16:29:52.791 E/ViewUtils( 4425): setBgColor: view==null:top
06-24 16:29:52.792 D/HwFLClassLoader( 4464): get used feature list :/feature/used-list failed!
06-24 16:29:52.792 D/HwFLClassLoader( 4464): USE_FEATURE_LIST had not init! 
06-24 16:29:52.798 D/OpenGLRenderer( 4425):   HWUI Binary is  enabled
06-24 16:29:52.799 D/SurfaceFlinger(  710): SurfaceFlinger: getDisplayConfigs--3.000000, 1080, 1920
06-24 16:29:52.799 I/chatty  (  710): uid=1000(system) Binder:710_4 identical 1 line
06-24 16:29:52.799 D/SurfaceFlinger(  710): SurfaceFlinger: getDisplayConfigs--3.000000, 1080, 1920
06-24 16:29:52.800 D/OpenGLRenderer( 4425): HWUI GL Pipeline
06-24 16:29:52.804 V/WindowManager(  657): Adding Window{772f75c u0 com.excelliance.dualaid/com.excelliance.kxqp.swipe.NavActivity2} to AppWindowToken{6dc8071 token=Token{b070e18 ActivityRecord{f883dfb u0 com.excelliance.dualaid/com.excelliance.kxqp.swipe.NavActivity2 t16048}}}
06-24 16:29:52.804 V/WindowManager(  657): addWindow: New client android.os.BinderProxy@f60b1cf: window=Window{772f75c u0 com.excelliance.dualaid/com.excelliance.kxqp.swipe.NavActivity2} Callers=com.android.server.wm.HwWindowManagerService.addWindow:562 com.android.server.wm.Session.addToDisplay:199 android.view.IWindowSession$Stub.onTransact:124 com.android.server.wm.Session.onTransact:161 android.os.Binder.execTransact:675 
06-24 16:29:52.805 D/PMS11423(  657): package:com.excelliance.dualaid, input flags:128, output hwFlags:0
06-24 16:29:52.806 D/HttpUtils( 4425): getResponseCode():200
06-24 16:29:52.806 D/WHEG    ( 4425): {"status":"0","controls":"","skip":"0"}
06-24 16:29:52.810 D/PMS11423(  657): package:com.excelliance.dualaid, input flags:128, output hwFlags:0
06-24 16:29:52.814 V/WindowManager(  657): Checking 1 opening apps (frozen=false timeout=false)...
06-24 16:29:52.814 V/WindowManager(  657): Check opening app=AppWindowToken{6dc8071 token=Token{b070e18 ActivityRecord{f883dfb u0 com.excelliance.dualaid/com.excelliance.kxqp.swipe.NavActivity2 t16048}}}: allDrawn=false startingDisplayed=false startingMoved=false isRelaunching()=false
06-24 16:29:52.814 D/HwGalleryCacheManagerImpl( 4425): mIsEffect:false
06-24 16:29:52.815 D/PMS11423(  657): package:com.excelliance.dualaid, input flags:128, output hwFlags:0
06-24 16:29:52.864 D/HwRecentsLockUtils( 1513): Search
06-24 16:29:52.864 E/HsmCoreServiceImpl( 1478): onTransact in code is: 103
06-24 16:29:52.864 I/MediaProcessHandler( 1478): playingUids: 
06-24 16:29:52.866 D/ActivityManager(  657): Skipping, home or recents stack task: TaskRecord{333215f #15658 A=com.huawei.android.launcher U=0 StackId=0 sz=1}
06-24 16:29:52.866 D/ActivityManager(  657): Skipping intent:act=android.intent.action.MAIN cat=[android.intent.category.LAUNCHER] flg=0x10a00000 cmp=io.appium.settings/.Settings
06-24 16:29:52.866 D/ActivityManager(  657): Skipping intent:flg=0x10804000 cmp=com.android.systemui/.recents.RecentsActivity bnds=[48,928][1032,2296]
06-24 16:29:52.866 D/ActivityManager(  657): Skipping intent:flg=0x18800000 cmp=com.tencent.mm/.plugin.base.stub.WXPayEntryActivity
06-24 16:29:52.866 D/ActivityManager(  657): Skipping intent:flg=0x10800000 cmp=com.huawei.systemmanager/com.huawei.permissionmanager.ui.MainActivity
06-24 16:29:52.866 D/ActivityManager(  657): Skipping intent:flg=0x18800000 cmp=com.tencent.mm/.plugin.base.stub.WXEntryActivity
06-24 16:29:52.866 D/ActivityManager(  657): Skipping intent:act=com.huawei.action.VOICE_ASSISTANT flg=0x10800000 pkg=com.huawei.vassistant cmp=com.huawei.vassistant/.ui.main.VAssistantActivity
06-24 16:29:52.866 D/ActivityManager(  657): Skipping intent:act=com.huawei.android.launcher.action.ACCESS_SPLIT_SCREEN_APP cat=[android.intent.category.DEFAULT] flg=0x10804000 cmp=com.huawei.android.launcher/.splitscreen.SplitScreenAppActivity
06-24 16:29:52.866 D/ActivityManager(  657): Skipping intent:flg=0x10800000 pkg=com.excelliance.dualaid.b64 cmp=com.excelliance.dualaid.b64/com.excelliance.kxqp.sdk.PermissionRequestActivity
06-24 16:29:52.866 D/ActivityManager(  657): Skipping intent:act=android.intent.action.VIEW dat=content://com.excelliance.dualaid.fileProvider/external_storage_root/Download/apk/Multiple_64.apk typ=application/vnd.android.package-archive flg=0x10800001 cmp=com.android.packageinstaller/.InstallStart
06-24 16:29:52.866 D/ActivityManager(  657): Skipping intent:flg=0x10800000 cmp=com.android.systemui/.usb.HwUsbDebuggingActivity
06-24 16:29:52.866 D/ActivityManager(  657): Skipping intent:act=android.deviceinfo.chooser.action.LAUNCH flg=0x10800000 hwFlg=0x100 pkg=com.android.settings cmp=com.android.settings/.deviceinfo.UsbConnModeChooserActivity
06-24 16:29:52.866 D/ActivityManager(  657): Skipping intent:flg=0x10800000 cmp=com.zol.android/.push.KeepLiveActivity
06-24 16:29:52.866 D/ActivityManager(  657): Skipping intent:act=android.intent.action.MAIN cat=[android.intent.category.HOME] flg=0x10800300 cmp=com.android.settings/.FallbackHome
06-24 16:29:52.884 I/zygote  ( 4464): Compiler allocated 4MB to compile boolean com.excelliance.kxqp.KXQPApplication.b(int)
06-24 16:29:52.885 D/MainActivity( 4425): instantiateItem: 2	android.widget.RelativeLayout{d00e2b1 V.E...... ......I. 0,0-0,0}
06-24 16:29:52.886 D/MainActivity( 4425): initPage3: 
06-24 16:29:52.890 V/WindowManager(  657): Checking 1 opening apps (frozen=false timeout=false)...
06-24 16:29:52.890 V/WindowManager(  657): Check opening app=AppWindowToken{6dc8071 token=Token{b070e18 ActivityRecord{f883dfb u0 com.excelliance.dualaid/com.excelliance.kxqp.swipe.NavActivity2 t16048}}}: allDrawn=false startingDisplayed=false startingMoved=false isRelaunching()=false
06-24 16:29:52.892 V/HwPhoneWindowManager(  657): updateSystemUiColorLw window=Window{772f75c u0 com.excelliance.dualaid/com.excelliance.kxqp.swipe.NavActivity2},EmuiStyle=0,StatusBarColor=0xff000000,NavigationBarColor=0xff000000, mLastIsEmuiLightStyle=-1
06-24 16:29:52.894 V/WindowManager(  657): Checking 1 opening apps (frozen=false timeout=false)...
06-24 16:29:52.894 V/WindowManager(  657): Check opening app=AppWindowToken{6dc8071 token=Token{b070e18 ActivityRecord{f883dfb u0 com.excelliance.dualaid/com.excelliance.kxqp.swipe.NavActivity2 t16048}}}: allDrawn=false startingDisplayed=false startingMoved=false isRelaunching()=false
06-24 16:29:52.894 D/HwPhoneWindowManager(  657): Transact:setSystemUIColor to status bar service
06-24 16:29:52.894 I/CommandQueue( 1513): updateBarBgColor
06-24 16:29:52.894 D/CommandQueue( 1513): CommandQueue, setBarBackgroundColor
06-24 16:29:52.897 D/MainActivity( 4425): run: initPage3
06-24 16:29:52.898 D/TintManager( 1513): statusBarIconTint=#99FFFFFF,navigationBarIconTint=#FF000000
06-24 16:29:52.899 I/GRALLOC (  679): 	 shrFd=10,fmt=0x1,intFmt=0x200000001,btStrd=4352,size=8486912,pid=679 
06-24 16:29:52.899 I/GRALLOC (  679): 	 yuv=2,w=1080,h=1920,Stride u=0 v=0,offset u=0 v=0 
06-24 16:29:52.899 I/GRALLOC (  679): 	 iova_size=8486912,conUsg=0x900,proUsg=0x900,	 strd=1088,[afbc]HdrStrd=1088 PyldStrd=69632 Scrmbl=2,ionhnd = 1 
06-24 16:29:52.901 I/chatty  (  679): uid=1000(system) allocator@2.0-s identical 1 line
06-24 16:29:52.903 I/GRALLOC (  679): 	 shrFd=10,fmt=0x1,intFmt=0x200000001,btStrd=4352,size=8486912,pid=679 
06-24 16:29:52.903 I/GRALLOC (  679): 	 yuv=2,w=1080,h=1920,Stride u=0 v=0,offset u=0 v=0 
06-24 16:29:52.903 I/GRALLOC (  679): 	 iova_size=8486912,conUsg=0x900,proUsg=0x900,	 strd=1088,[afbc]HdrStrd=1088 PyldStrd=69632 Scrmbl=2,ionhnd = 1 
06-24 16:29:52.903 I/OpenGLRenderer( 4425): Initialized EGL, version 1.4
06-24 16:29:52.903 D/OpenGLRenderer( 4425): Swap behavior 2
06-24 16:29:52.908 D/mali_winsys( 4425): EGLint new_window_surface(egl_winsys_display *, void *, EGLSurface, EGLConfig, egl_winsys_surface **, egl_color_buffer_format *, EGLBoolean) returns 0x3000
06-24 16:29:52.908 E/vndksupport( 4425): Could not load vendor/lib/egl/libGLES_mali_v2.so from sphal namespace: dlopen failed: library "vendor/lib/egl/libGLES_mali_v2.so" not found.
06-24 16:29:52.913 D/BarTransitions.HwPhoneStatusBarView( 1513): MODE_TRANSPARENT -> MODE_TRANSLUCENT animate=false
06-24 16:29:52.913 D/BarTransitions.HwPhoneStatusBarView( 1513): applyModeBackground oldMode=MODE_TRANSPARENT newMode=MODE_TRANSLUCENT animate=false
06-24 16:29:52.915 D/StatusBarIconController( 1513): setIconVisibility icon is null or visibility not change visibility=false
06-24 16:29:52.916 D/PMS11423(  657): package:com.excelliance.dualaid, input flags:128, output hwFlags:0
06-24 16:29:52.925 I/GRALLOC (  679): 	 shrFd=10,fmt=0x1,intFmt=0x200000001,btStrd=4352,size=8486912,pid=679 
06-24 16:29:52.925 I/GRALLOC (  679): 	 yuv=2,w=1080,h=1920,Stride u=0 v=0,offset u=0 v=0 
06-24 16:29:52.925 I/GRALLOC (  679): 	 iova_size=8486912,conUsg=0xb00,proUsg=0xb00,	 strd=1088,[afbc]HdrStrd=1088 PyldStrd=69632 Scrmbl=2,ionhnd = 1 
06-24 16:29:52.932 D/WindowManager(  657): finishDrawingWindow: Window{772f75c u0 com.excelliance.dualaid/com.excelliance.kxqp.swipe.NavActivity2} mDrawState=DRAW_PENDING
06-24 16:29:52.932 V/MainActivity( 4425): onWindowFocusChanged: true
06-24 16:29:52.933 W/InputMethodManager( 4425): startInputReason = 1
06-24 16:29:52.933 V/WindowManager(  657): Checking 1 opening apps (frozen=false timeout=false)...
06-24 16:29:52.933 V/WindowManager(  657): Check opening app=AppWindowToken{6dc8071 token=Token{b070e18 ActivityRecord{f883dfb u0 com.excelliance.dualaid/com.excelliance.kxqp.swipe.NavActivity2 t16048}}}: allDrawn=true startingDisplayed=false startingMoved=false isRelaunching()=false
06-24 16:29:52.935 D/ImageWallpaper( 1513): onVisibilityChanged: mVisible, visible=true, false
06-24 16:29:52.935 D/ImageWallpaper( 1513): Visibility changed to visible=false
06-24 16:29:52.936 D/BarTransitions.HwPhoneStatusBarView( 1513): MODE_TRANSLUCENT -> MODE_TRANSPARENT animate=false
06-24 16:29:52.936 D/BarTransitions.HwPhoneStatusBarView( 1513): applyModeBackground oldMode=MODE_TRANSLUCENT newMode=MODE_TRANSPARENT animate=false
06-24 16:29:52.937 I/ActivityManager(  657): Displayed com.excelliance.dualaid/com.excelliance.kxqp.swipe.NavActivity2: +180ms (total +317ms)
06-24 16:29:52.939 W/InputMethodManager( 4425): startInputReason = 5
06-24 16:29:52.940 I/wangchen( 7035): SysInfo.getSysParam: orientation=1||config d=3.0,w=1080,h=1920||metrics d=3.0,w=1080,h=1920||sdk=26,bar_h=72
06-24 16:29:52.940 I/KeymapLoader( 7035): w=1080 h=1920 ori=true appScale=3.3 s1=3.0
06-24 16:29:52.947 I/WindowManager(  657): notifyAccessibilityButtonVisibilityChanged visible:false
06-24 16:29:52.947 E/BufferQueueProducer(  710): [com.huawei.android.launcher/com.huawei.android.launcher.unihome.UniHomeLauncher#0] disconnect: not connected (req=1)
06-24 16:29:52.947 W/libEGL  ( 2519): EGLNativeWindowType 0x74825f5010 disconnect failed
06-24 16:29:52.951 I/GRALLOC (  679): 	 shrFd=10,fmt=0x1,intFmt=0x200000001,btStrd=4352,size=8486912,pid=679 
06-24 16:29:52.951 I/GRALLOC (  679): 	 yuv=2,w=1080,h=1920,Stride u=0 v=0,offset u=0 v=0 
06-24 16:29:52.951 I/GRALLOC (  679): 	 iova_size=8486912,conUsg=0xb00,proUsg=0xb00,	 strd=1088,[afbc]HdrStrd=1088 PyldStrd=69632 Scrmbl=2,ionhnd = 1 
06-24 16:29:52.952 W/dex2oat ( 4507): Using default instruction set features for ARM CPU variant (default) using conservative defaults
06-24 16:29:52.952 I/dex2oat ( 4507): /system/bin/dex2oat -j4 --dex-file=/data/data/com.excelliance.dualaid/.platformcache/main.jar --output-vdex-fd=49 --oat-fd=50 --oat-location=/data/data/com.excelliance.dualaid/.platformcache/oat/arm/main.odex --compiler-filter=quicken
06-24 16:29:52.952 I/cutils-trace( 4507): atrace_init_once, trace_marker_path = /sys/kernel/debug/tracing/trace_marker
06-24 16:29:52.964 W/ActivityManager(  657): Sending non-protected broadcast huawei.action.floattasks.STATUS_BAR_STATE_CHANGED from system 1513:com.android.systemui/u0a39 pkg com.android.systemui
06-24 16:29:52.965 W/HwKeyguardDragHelper( 1513): AnimationBlocked
06-24 16:29:52.965 D/BarTransitions.HwPhoneStatusBarView( 1513): MODE_TRANSPARENT -> MODE_TRANSLUCENT animate=false
06-24 16:29:52.965 D/BarTransitions.HwPhoneStatusBarView( 1513): applyModeBackground oldMode=MODE_TRANSPARENT newMode=MODE_TRANSLUCENT animate=false
06-24 16:29:52.965 D/BarTransitions.HwNavigationBarView( 1513): MODE_TRANSLUCENT -> MODE_OPAQUE animate=false
06-24 16:29:52.965 D/BarTransitions.HwNavigationBarView( 1513): applyModeBackground oldMode=MODE_TRANSLUCENT newMode=MODE_OPAQUE animate=false
06-24 16:29:52.966 V/WindowManager(  657): notifyAppStopped: AppWindowToken{d3a938b token=Token{377755a ActivityRecord{d5c9105 u0 com.huawei.android.launcher/.unihome.UniHomeLauncher t15658}}}
06-24 16:29:52.966 E/WindowManager(  657): win=Window{68d6975 u0 com.huawei.android.launcher/com.huawei.android.launcher.unihome.UniHomeLauncher} destroySurfaces: appStopped=true win.mWindowRemovalAllowed=false win.mRemoveOnExit=false
06-24 16:29:52.967 I/WindowManager(  657): Destroying surface Surface(name=com.huawei.android.launcher/com.huawei.android.launcher.unihome.UniHomeLauncher) called by com.android.server.wm.WindowStateAnimator.destroySurface:2060 com.android.server.wm.WindowStateAnimator.destroySurfaceLocked:873 com.android.server.wm.HwWindowStateAnimator.destroySurfaceLocked:1006 com.android.server.wm.WindowState.destroyOrSaveSurfaceUnchecked:2990 com.android.server.wm.WindowState.destroySurface:2951 com.android.server.wm.AppWindowToken.destroySurfaces:654 com.android.server.wm.AppWindowToken.destroySurfaces:638 com.android.server.wm.AppWindowToken.notifyAppStopped:682 
06-24 16:29:52.968 D/ActivityThread( 4425): Remove activity client record, r= ActivityRecord{cbe2ddc token=android.os.BinderProxy@d13fa03 {com.excelliance.dualaid/com.excelliance.kxqp.ui.HelloActivity}} token= android.os.BinderProxy@d13fa03
06-24 16:29:52.968 D/HwGameAssistantController(  657): pid=2519, uid=10056, foreground=false
06-24 16:29:52.968 W/AwareLog(  657): SchedLevelBoost: onFgActivitiesChanged config not set!
06-24 16:29:52.969 V/WindowManager(  657): removeAppToken: AppWindowToken{186a339 token=Token{9c5f00 ActivityRecord{c5e2183 u0 com.excelliance.dualaid/com.excelliance.kxqp.ui.HelloActivity t16048}}} delayed=false Callers=com.android.server.wm.DisplayContent.removeAppToken:985 com.android.server.wm.AppWindowContainerController.removeContainer:348 com.android.server.am.ActivityRecord.removeWindowContainer:1039 com.android.server.am.ActivityStack.removeActivityFromHistoryLocked:4491 
06-24 16:29:53.104 I/TrafficMonitor(  657): update:rxPkts:8,txPkts:11,rxBytes:3965,txBytes:1136
06-24 16:29:53.104 I/TrafficMonitor(  657): start expired. level:-1
06-24 16:29:53.104 I/TrafficMonitor(  657): gettimer:interval=2000
06-24 16:29:53.166 I/HwNormalizedSpline(  657): getEyeProtectionBrightnessLevel lux =239.0, mDefaultBrightnessFromLux =68.645
06-24 16:29:53.354 I/dex2oat ( 4507): dex2oat took 403.276ms (986.044ms cpu) (threads: 4) arena alloc=51KB (53128B) java alloc=2MB (3143720B) native alloc=4MB (4690360B) free=2MB (2649672B)
06-24 16:29:53.358 D/HwArpVerifier(  657): performPollAndLog:
06-24 16:29:53.361 D/hw_netstat(  657): total/628997/17354,com.excelliance.dualaid/627877/16454,unknown:0/1120/840,com.android.vending/0/60
06-24 16:29:53.366 D/PMS11423(  657): package:com.excelliance.dualaid, input flags:128, output hwFlags:0
06-24 16:29:53.403 W/dex2oat ( 4540): Using default instruction set features for ARM CPU variant (default) using conservative defaults
06-24 16:29:53.404 I/dex2oat ( 4540): /system/bin/dex2oat -j4 --dex-file=/data/data/com.excelliance.dualaid/.platformcache/kxqpplatform2.jar --output-vdex-fd=46 --oat-fd=48 --oat-location=/data/data/com.excelliance.dualaid/.platformcache/oat/arm/kxqpplatform2.odex --compiler-filter=quicken
06-24 16:29:53.404 I/cutils-trace( 4540): atrace_init_once, trace_marker_path = /sys/kernel/debug/tracing/trace_marker
06-24 16:29:53.455 I/GRALLOC (  679): 	 shrFd=10,fmt=0x1,intFmt=0x200000001,btStrd=4352,size=8486912,pid=679 
06-24 16:29:53.455 I/GRALLOC (  679): 	 yuv=2,w=1080,h=1920,Stride u=0 v=0,offset u=0 v=0 
06-24 16:29:53.455 I/GRALLOC (  679): 	 iova_size=8486912,conUsg=0xb00,proUsg=0xb00,	 strd=1088,[afbc]HdrStrd=1088 PyldStrd=69632 Scrmbl=2,ionhnd = 1 
06-24 16:29:53.586 D/PMS1000 (  657): package:com.excelliance.dualaid, input flags:794624, output hwFlags:0
06-24 16:29:53.594 I/MainView( 3005): onReceive intent.getAction() android.intent.action.PACKAGE_CHANGED
06-24 16:29:53.596 I/HwLauncher( 2519): SimpleAllAppsList  updatePackage : package[com.excelliance.dualaid] matched activity's size is 1 and data List size is 0
06-24 16:29:53.599 I/MainView( 3005): ACTION_PACKAGE_CHANGED : packageName =com.excelliance.dualaid, stopedByuser =false
06-24 16:29:53.600 I/HwLauncher( 2519): SimpleAllAppsList  findAndUpdateInfoInDB : found 0 shortcutInfo for package[com.excelliance.dualaid] in db
06-24 16:29:53.600 I/HwLauncher( 2519): SimpleAllAppsList  updatePackage do not add new SimpleApplicationInfo,It's in normal now. package = com.excelliance.dualaid
06-24 16:29:53.600 W/HwLauncher( 2519): SimpleLauncherModeNobody to tell about the new app.  Launcher is probably loading.
06-24 16:29:53.601 D/PMS10003(  657): package:com.excelliance.dualaid, input flags:794624, output hwFlags:0
06-24 16:29:53.603 D/PMS1027 (  657): package:com.google.android.apps.walletnfcrel, input flags:8192, output is null
06-24 16:29:53.604 I/InputReader(  657): Reconfiguring input devices.  changes=0x00000010
06-24 16:29:53.605 D/ApduServiceInfo( 2677): No com.nxp.nfc.extensions meta-data
06-24 16:29:53.608 D/PMS1000 (  657): package:com.android.browser, input flags:268436480, output hwFlags:0
06-24 16:29:53.609 I/chatty  ( 2677): uid=1027(nfc) com.android.nfc identical 3 lines
06-24 16:29:53.611 D/ApduServiceInfo( 2677): No com.nxp.nfc.extensions meta-data
06-24 16:29:53.611 E/ApduServiceInfo( 2677): SE extension not present, Setting default offhost seID
06-24 16:29:53.615 E/NfcNci  ( 2677): NfcUtils error: APP have nfc permission
