06-24 15:31:36.208 I/wangchen( 7035): SysInfo.getSysParam: orientation=1||config d=3.0,w=1080,h=1920||metrics d=3.0,w=1080,h=1920||sdk=26,bar_h=72
06-24 15:31:36.208 I/KeymapLoader( 7035): w=1080 h=1920 ori=true appScale=3.3 s1=3.0
06-24 15:31:36.210 D/PMS11422(  657): package:com.android.mms, input flags:0, output hwFlags:0
06-24 15:31:36.210 D/PMS11422(  657): package:com.android.settings, input flags:0, output hwFlags:0
06-24 15:31:36.210 D/PMS11422(  657): package:com.android.contacts, input flags:0, output hwFlags:0
06-24 15:31:36.223 D/PMS1000 (  657): package:com.excelliance.dualaid, input flags:8192, output hwFlags:0
06-24 15:31:36.224 W/HSM     ( 1813): HoldService:toast switch is close!
06-24 15:31:36.225 D/ApplicationPackageManager( 4347): getInstalledApplications blocked
06-24 15:31:36.225 D/HsmInterfaceImpl( 4347): List [ApplicationInfo{eb33652 com.huawei.hifolder}, ApplicationInfo{2474d23 com.github.shadowsocks}, ApplicationInfo{deeb220 com.excelliance.dualaid}]
06-24 15:31:36.232 D/PMS11422(  657): package:com.tencent.tmgp.qqx5, input flags:0, output hwFlags:0
06-24 15:31:36.232 I/GRALLOC (  679): 	 shrFd=10,fmt=0x1,intFmt=0x200000001,btStrd=4352,size=8486912,pid=679 
06-24 15:31:36.232 I/GRALLOC (  679): 	 yuv=2,w=1080,h=1920,Stride u=0 v=0,offset u=0 v=0 
06-24 15:31:36.232 I/GRALLOC (  679): 	 iova_size=8486912,conUsg=0xb00,proUsg=0xb00,	 strd=1088,[afbc]HdrStrd=1088 PyldStrd=69632 Scrmbl=2,ionhnd = 1 
06-24 15:31:36.232 D/PMS11422(  657): package:com.huawei.android.pushagent, input flags:0, output hwFlags:0
06-24 15:31:36.232 D/PMS11422(  657): package:com.huawei.appmarket, input flags:0, output hwFlags:0
06-24 15:31:36.233 D/PMS11422(  657): package:com.wandoujia.phoenix2, input flags:0, output hwFlags:0
06-24 15:31:36.233 D/PMS11422(  657): package:com.tencent.mm, input flags:0, output hwFlags:0
06-24 15:31:36.233 D/PMS11422(  657): package:com.android.providers.media, input flags:0, output hwFlags:0
06-24 15:31:36.233 D/PMS11422(  657): package:com.huawei.vassistant, input flags:0, output hwFlags:0
06-24 15:31:36.233 D/PMS11422(  657): package:com.android.contacts, input flags:0, output hwFlags:0
06-24 15:31:36.233 D/PMS11422(  657): package:com.facebook.katana, input flags:0, output hwFlags:0
06-24 15:31:36.233 D/PMS11422(  657): package:com.huawei.hidisk, input flags:0, output hwFlags:536870912
06-24 15:31:36.234 D/PMS11422(  657): package:com.huawei.trustcircle, input flags:0, output hwFlags:0
06-24 15:31:36.234 D/PMS11422(  657): package:com.jingdong.app.mall, input flags:0, output hwFlags:0
06-24 15:31:36.234 D/PMS11422(  657): package:com.tencent.mobileqq, input flags:0, output hwFlags:0
06-24 15:31:36.234 D/PMS11422(  657): package:com.zol.android, input flags:0, output hwFlags:0
06-24 15:31:36.234 D/PMS11422(  657): package:com.huawei.hiskytone, input flags:0, output hwFlags:603979776
06-24 15:31:36.234 D/PMS11422(  657): package:com.huawei.hwid, input flags:0, output hwFlags:0
06-24 15:31:36.234 D/PMS11422(  657): package:com.sina.weibo, input flags:0, output hwFlags:0
06-24 15:31:36.235 D/PMS11422(  657): package:com.antutu.ABenchMark, input flags:0, output hwFlags:0
06-24 15:31:36.235 D/PMS11422(  657): package:com.sankuai.meituan.takeoutnew, input flags:0, output hwFlags:0
06-24 15:31:36.235 D/PMS11422(  657): package:com.vmall.client, input flags:0, output hwFlags:67108864
06-24 15:31:36.235 D/PMS11422(  657): package:com.android.browser, input flags:0, output hwFlags:0
06-24 15:31:36.235 D/PMS11422(  657): package:com.eg.android.AlipayGphone, input flags:0, output hwFlags:0
06-24 15:31:36.235 D/PMS11422(  657): package:com.android.mediacenter, input flags:0, output hwFlags:0
06-24 15:31:36.235 D/PMS11422(  657): package:com.huawei.himovie, input flags:0, output hwFlags:0
06-24 15:31:36.235 D/PMS11422(  657): package:com.huawei.hnreader, input flags:0, output hwFlags:67108864
06-24 15:31:36.236 D/PMS11422(  657): package:com.twitter.android, input flags:0, output hwFlags:0
06-24 15:31:36.236 D/PMS11422(  657): package:com.baidu.input_huawei, input flags:0, output hwFlags:0
06-24 15:31:36.236 D/PMS11422(  657): package:com.google.android.gms, input flags:0, output hwFlags:0
06-24 15:31:36.236 D/PMS11422(  657): package:com.sankuai.meituan, input flags:0, output hwFlags:0
06-24 15:31:36.236 D/PMS11422(  657): package:com.tencent.news, input flags:0, output hwFlags:0
06-24 15:31:36.236 D/PMS11422(  657): package:com.iflytek.speechsuite, input flags:0, output hwFlags:0
06-24 15:31:36.236 D/PMS11422(  657): package:com.qzone, input flags:0, output is null
06-24 15:31:36.237 D/PMS11422(  657): package:com.tencent.android.qqdownloader, input flags:0, output hwFlags:0
06-24 15:31:36.237 D/PMS11422(  657): package:com.tencent.now, input flags:0, output is null
06-24 15:31:36.237 D/PMS11422(  657): package:com.ifreetalk.ftalk, input flags:0, output hwFlags:0
06-24 15:31:36.237 D/PMS11422(  657): package:com.taobao.taobao, input flags:0, output hwFlags:0
06-24 15:31:36.237 D/PMS11422(  657): package:com.android.gallery3d, input flags:0, output hwFlags:0
06-24 15:31:36.237 D/PMS11422(  657): package:com.pp.assistant, input flags:0, output hwFlags:0
06-24 15:31:36.237 D/PMS11422(  657): package:com.oppo.market, input flags:0, output hwFlags:0
06-24 15:31:36.238 D/PMS11422(  657): package:com.excean.wxaid, input flags:0, output hwFlags:0
06-24 15:31:36.238 D/PMS11422(  657): package:com.huawei.intelligent, input flags:0, output hwFlags:0
06-24 15:31:36.238 D/PMS11422(  657): package:com.google.android.backuptransport, input flags:0, output hwFlags:0
06-24 15:31:36.238 D/PMS11422(  657): package:com.huawei.skytone, input flags:0, output hwFlags:0
06-24 15:31:36.238 D/PMS11422(  657): package:com.estrongs.android.pop, input flags:0, output hwFlags:0
06-24 15:31:36.238 D/PMS11422(  657): package:com.redfinger.app, input flags:0, output hwFlags:0
06-24 15:31:36.238 D/WindowManager(  657): finishDrawingWindow: Window{a14b18f u0 com.excelliance.dualaid/com.excelliance.kxqp.ui.HelloActivity} mDrawState=DRAW_PENDING
06-24 15:31:36.238 D/PMS11422(  657): package:com.android.vending, input flags:0, output hwFlags:0
06-24 15:31:36.239 D/PMS11422(  657): package:org.hapjs.mockup, input flags:0, output hwFlags:0
06-24 15:31:36.239 D/PMS11422(  657): package:com.huawei.gamebox, input flags:0, output hwFlags:603979776
06-24 15:31:36.239 D/PMS11422(  657): package:com.tencent.tmgp.pubgmhd-ext, input flags:0, output is null
06-24 15:31:36.239 D/PMS11422(  657): package:com.stickgame.los2, input flags:0, output hwFlags:0
06-24 15:31:36.239 D/PMS11422(  657): package:com.qihoo.appstore, input flags:0, output hwFlags:0
06-24 15:31:36.239 D/PMS11422(  657): package:com.huawei.android.thememanager, input flags:0, output hwFlags:0
06-24 15:31:36.239 D/PMS11422(  657): package:com.excean.parallelspace, input flags:0, output hwFlags:0
06-24 15:31:36.240 D/PMS11422(  657): package:com.UCMobile, input flags:0, output hwFlags:0
06-24 15:31:36.240 D/PMS11422(  657): package:com.bbk.appstore, input flags:0, output hwFlags:0
06-24 15:31:36.240 V/WindowManager(  657): Checking 1 opening apps (frozen=false timeout=false)...
06-24 15:31:36.240 V/WindowManager(  657): Check opening app=AppWindowToken{9995d16 token=Token{7529231 ActivityRecord{fa74ed8 u0 com.excelliance.dualaid/com.excelliance.kxqp.ui.HelloActivity t16015}}}: allDrawn=true startingDisplayed=false startingMoved=false isRelaunching()=false
06-24 15:31:36.240 D/PMS11422(  657): package:com.excean.ppaid, input flags:0, output hwFlags:0
06-24 15:31:36.240 D/PMS11422(  657): package:com.netease.blockchain, input flags:0, output hwFlags:0
06-24 15:31:36.240 D/PMS11422(  657): package:com.huawei.camera, input flags:0, output hwFlags:0
06-24 15:31:36.240 D/PMS11422(  657): package:com.sinovatech.unicom.ui, input flags:0, output hwFlags:0
06-24 15:31:36.240 D/PMS11422(  657): package:com.huawei.phoneservice, input flags:0, output hwFlags:0
06-24 15:31:36.240 D/PMS11422(  657): package:com.crisisfire.android.nearme.gamecenter, input flags:0, output hwFlags:0
06-24 15:31:36.241 D/PMS11422(  657): package:com.antutu.benchmark.full, input flags:0, output hwFlags:0
06-24 15:31:36.241 D/PMS11422(  657): package:com.xunmeng.pinduoduo, input flags:0, output hwFlags:0
06-24 15:31:36.241 D/PMS11422(  657): package:com.zhuowang.cloneapp, input flags:0, output hwFlags:0
06-24 15:31:36.241 D/PMS11422(  657): package:com.excean.parallelspace.b64, input flags:0, output hwFlags:0
06-24 15:31:36.241 D/PMS11422(  657): package:com.excelliance.multiaccounts.b64, input flags:0, output hwFlags:0
06-24 15:31:36.242 D/PMS11422(  657): package:com.xiangyou.multispace, input flags:0, output hwFlags:0
06-24 15:31:36.242 D/PMS11422(  657): package:com.youlong.multiaccount, input flags:0, output hwFlags:0
06-24 15:31:36.242 D/PMS11422(  657): package:com.gameloft.android.ANMP.GloftA9HM, input flags:0, output hwFlags:0
06-24 15:31:36.242 D/PMS11422(  657): package:com.excelliance.dualaid.b64, input flags:0, output hwFlags:0
06-24 15:31:36.242 D/AddGameData( 4347): switch_uninstall: 70
06-24 15:31:36.244 D/PMS1000 (  657): package:com.excelliance.dualaid, input flags:8192, output hwFlags:0
06-24 15:31:36.245 W/HSM     ( 1813): HoldService:toast switch is close!
06-24 15:31:36.246 D/ApplicationPackageManager( 4347): queryIntentActivitiesAsUser blocked, Intent { act=android.intent.action.MAIN cat=[android.intent.category.LAUNCHER] pkg=com.huawei.hifolder }
06-24 15:31:36.246 D/HsmInterfaceImpl( 4347): List []
06-24 15:31:36.247 I/ActivityManager(  657): Displayed com.excelliance.dualaid/com.excelliance.kxqp.ui.HelloActivity: +203ms
06-24 15:31:36.249 V/WindowManager(  657): Checking 0 opening apps (frozen=false timeout=false)...
06-24 15:31:36.251 D/BarTransitions.HwPhoneStatusBarView( 1513): MODE_TRANSLUCENT -> MODE_TRANSPARENT animate=false
06-24 15:31:36.251 D/BarTransitions.HwPhoneStatusBarView( 1513): applyModeBackground oldMode=MODE_TRANSLUCENT newMode=MODE_TRANSPARENT animate=false
06-24 15:31:36.254 I/GRALLOC (  679): 	 shrFd=10,fmt=0x1,intFmt=0x200000001,btStrd=4352,size=8486912,pid=679 
06-24 15:31:36.254 I/GRALLOC (  679): 	 yuv=2,w=1080,h=1920,Stride u=0 v=0,offset u=0 v=0 
06-24 15:31:36.254 I/GRALLOC (  679): 	 iova_size=8486912,conUsg=0xb00,proUsg=0xb00,	 strd=1088,[afbc]HdrStrd=1088 PyldStrd=69632 Scrmbl=2,ionhnd = 1 
06-24 15:31:36.255 D/PMS1000 (  657): package:com.excelliance.dualaid, input flags:8192, output hwFlags:0
06-24 15:31:36.256 W/HSM     ( 1813): HoldService:toast switch is close!
06-24 15:31:36.257 D/ApplicationPackageManager( 4347): queryIntentActivitiesAsUser blocked, Intent { act=android.intent.action.MAIN cat=[android.intent.category.LAUNCHER] pkg=com.github.shadowsocks }
06-24 15:31:36.257 D/HsmInterfaceImpl( 4347): List [ResolveInfo{da7c7d9 com.github.shadowsocks/.MainActivity m=0x108000}]
06-24 15:31:36.258 I/GRALLOC (  679): 	 shrFd=10,fmt=0x1,intFmt=0x200000001,btStrd=4352,size=8486912,pid=679 
06-24 15:31:36.258 I/GRALLOC (  679): 	 yuv=2,w=1080,h=1920,Stride u=0 v=0,offset u=0 v=0 
06-24 15:31:36.258 I/GRALLOC (  679): 	 iova_size=8486912,conUsg=0xb00,proUsg=0xb00,	 strd=1088,[afbc]HdrStrd=1088 PyldStrd=69632 Scrmbl=2,ionhnd = 1 
06-24 15:31:36.260 D/BarTransitions.HwNavigationBarView( 1513): MODE_OPAQUE -> MODE_TRANSPARENT animate=false
06-24 15:31:36.260 D/BarTransitions.HwNavigationBarView( 1513): applyModeBackground oldMode=MODE_OPAQUE newMode=MODE_TRANSPARENT animate=false
06-24 15:31:36.262 E/BufferQueueProducer(  710): [com.excelliance.dualaid/com.excelliance.kxqp.swipe.NavActivity2#0] disconnect: not connected (req=1)
06-24 15:31:36.262 W/libEGL  ( 4347): EGLNativeWindowType 0xd0cc2808 disconnect failed
06-24 15:31:36.281 D/PMS1000 (  657): package:com.excelliance.dualaid, input flags:8192, output hwFlags:0
06-24 15:31:36.282 W/HSM     ( 1813): HoldService:toast switch is close!
06-24 15:31:36.283 D/ApplicationPackageManager( 4347): queryIntentActivitiesAsUser blocked, Intent { act=android.intent.action.MAIN cat=[android.intent.category.LAUNCHER] pkg=com.excelliance.dualaid }
06-24 15:31:36.283 D/HsmInterfaceImpl( 4347): List [ResolveInfo{537987f com.excelliance.dualaid/com.excelliance.kxqp.ui.HelloActivity m=0x108000}]
06-24 15:31:36.310 D/PMS1000 (  657): package:com.excelliance.dualaid, input flags:8192, output hwFlags:0
06-24 15:31:36.311 W/HSM     ( 1813): HoldService:toast switch is close!
06-24 15:31:36.312 D/ApplicationPackageManager( 4347): queryIntentActivitiesAsUser blocked, Intent { act=android.intent.action.MAIN cat=[android.intent.category.LAUNCHER] pkg=com.tencent.tmgp.qqx5 }
06-24 15:31:36.312 D/HsmInterfaceImpl( 4347): List [ResolveInfo{7c40895 com.tencent.tmgp.qqx5/.DGMMainActivity m=0x108000}]
06-24 15:31:36.348 D/HwRecentsLockUtils( 1513): Search
06-24 15:31:36.348 E/HsmCoreServiceImpl( 1478): onTransact in code is: 103
06-24 15:31:36.348 I/MediaProcessHandler( 1478): playingUids: 
06-24 15:31:36.348 D/ActivityManager(  657): Skipping, home or recents stack task: TaskRecord{333215f #15658 A=com.huawei.android.launcher U=0 StackId=0 sz=1}
06-24 15:31:36.348 D/ActivityManager(  657): Skipping intent:act=android.intent.action.MAIN cat=[android.intent.category.LAUNCHER] flg=0x10a00000 cmp=io.appium.settings/.Settings
06-24 15:31:36.348 D/ActivityManager(  657): Skipping intent:flg=0x10804000 cmp=com.android.systemui/.recents.RecentsActivity bnds=[48,928][1032,2296]
06-24 15:31:36.348 D/ActivityManager(  657): Skipping intent:flg=0x18800000 cmp=com.tencent.mm/.plugin.base.stub.WXPayEntryActivity
06-24 15:31:36.348 D/ActivityManager(  657): Skipping intent:flg=0x10800000 cmp=com.huawei.systemmanager/com.huawei.permissionmanager.ui.MainActivity
06-24 15:31:36.348 D/ActivityManager(  657): Skipping intent:flg=0x18800000 cmp=com.tencent.mm/.plugin.base.stub.WXEntryActivity
06-24 15:31:36.348 D/ActivityManager(  657): Skipping intent:act=com.huawei.action.VOICE_ASSISTANT flg=0x10800000 pkg=com.huawei.vassistant cmp=com.huawei.vassistant/.ui.main.VAssistantActivity
06-24 15:31:36.348 D/ActivityManager(  657): Skipping intent:act=com.huawei.android.launcher.action.ACCESS_SPLIT_SCREEN_APP cat=[android.intent.category.DEFAULT] flg=0x10804000 cmp=com.huawei.android.launcher/.splitscreen.SplitScreenAppActivity
06-24 15:31:36.348 D/ActivityManager(  657): Skipping intent:flg=0x10800000 pkg=com.excelliance.dualaid.b64 cmp=com.excelliance.dualaid.b64/com.excelliance.kxqp.sdk.PermissionRequestActivity
06-24 15:31:36.348 D/ActivityManager(  657): Skipping intent:act=android.intent.action.VIEW dat=content://com.excelliance.dualaid.fileProvider/external_storage_root/Download/apk/Multiple_64.apk typ=application/vnd.android.package-archive flg=0x10800001 cmp=com.android.packageinstaller/.InstallStart
06-24 15:31:36.348 D/ActivityManager(  657): Skipping intent:flg=0x10800000 cmp=com.android.systemui/.usb.HwUsbDebuggingActivity
06-24 15:31:36.348 D/ActivityManager(  657): Skipping intent:act=android.deviceinfo.chooser.action.LAUNCH flg=0x10800000 hwFlg=0x100 pkg=com.android.settings cmp=com.android.settings/.deviceinfo.UsbConnModeChooserActivity
06-24 15:31:36.348 D/ActivityManager(  657): Skipping intent:flg=0x10800000 cmp=com.zol.android/.push.KeepLiveActivity
06-24 15:31:36.349 D/ActivityManager(  657): Skipping intent:act=android.intent.action.MAIN cat=[android.intent.category.HOME] flg=0x10800300 cmp=com.android.settings/.FallbackHome
06-24 15:31:36.356 D/PMS1000 (  657): package:com.excelliance.dualaid, input flags:8192, output hwFlags:0
06-24 15:31:36.357 W/HSM     ( 1813): HoldService:toast switch is close!
06-24 15:31:36.357 D/ApplicationPackageManager( 4347): queryIntentActivitiesAsUser blocked, Intent { act=android.intent.action.MAIN cat=[android.intent.category.LAUNCHER] pkg=com.huawei.android.pushagent }
06-24 15:31:36.357 D/HsmInterfaceImpl( 4347): List []
06-24 15:31:36.360 W/HSM     ( 1813): HoldService:toast switch is close!
06-24 15:31:36.361 D/ApplicationPackageManager( 4347): queryIntentActivitiesAsUser blocked, Intent { act=android.intent.action.MAIN cat=[android.intent.category.LAUNCHER] pkg=com.huawei.appmarket }
06-24 15:31:36.361 D/HsmInterfaceImpl( 4347): List [ResolveInfo{8b73d9b com.huawei.appmarket/.MainActivity m=0x108000}]
06-24 15:31:36.364 E/asset   ( 4347): createFromFile(): lock file /data/resource-cache/system@emui@base@overlay@frameworkhwexthonor@frameworkhwexthonor.apk@idmap.
06-24 15:31:36.365 E/asset   ( 4347): createFromFile(): lock file /data/resource-cache/system@emui@base@overlay@frameworkhwexthonor@frameworkhwexthonor.apk@idmap.
06-24 15:31:36.365 W/ResourceType( 4347): Found multiple library tables, ignoring...
06-24 15:31:36.395 W/HSM     ( 1813): HoldService:toast switch is close!
06-24 15:31:36.396 D/ApplicationPackageManager( 4347): queryIntentActivitiesAsUser blocked, Intent { act=android.intent.action.MAIN cat=[android.intent.category.LAUNCHER] pkg=com.wandoujia.phoenix2 }
06-24 15:31:36.396 D/HsmInterfaceImpl( 4347): List [ResolveInfo{67f8a76 com.wandoujia.phoenix2/com.pp.assistant.activity.PPMainActivity m=0x108000}]
06-24 15:31:36.423 D/PMS1000 (  657): package:com.excelliance.dualaid, input flags:8192, output hwFlags:0
06-24 15:31:36.424 W/HSM     ( 1813): HoldService:toast switch is close!
06-24 15:31:36.424 D/ApplicationPackageManager( 4347): queryIntentActivitiesAsUser blocked, Intent { act=android.intent.action.MAIN cat=[android.intent.category.LAUNCHER] pkg=com.tencent.mm }
06-24 15:31:36.424 D/HsmInterfaceImpl( 4347): List [ResolveInfo{222dce4 com.tencent.mm/.ui.LauncherUI m=0x108000}]
06-24 15:31:36.437 W/HSM     ( 1813): HoldService:toast switch is close!
06-24 15:31:36.437 D/ApplicationPackageManager( 4347): queryIntentActivitiesAsUser blocked, Intent { act=android.intent.action.MAIN cat=[android.intent.category.LAUNCHER] pkg=com.android.providers.media }
06-24 15:31:36.437 D/HsmInterfaceImpl( 4347): List []
06-24 15:31:36.441 W/HSM     ( 1813): HoldService:toast switch is close!
06-24 15:31:36.442 D/ApplicationPackageManager( 4347): queryIntentActivitiesAsUser blocked, Intent { act=android.intent.action.MAIN cat=[android.intent.category.LAUNCHER] pkg=com.huawei.vassistant }
06-24 15:31:36.442 D/HsmInterfaceImpl( 4347): List [ResolveInfo{47db54d com.huawei.vassistant/.ui.main.VAssistantActivity m=0x108000}]
06-24 15:31:36.445 E/asset   ( 4347): createFromFile(): lock file /data/resource-cache/system@emui@base@overlay@frameworkhwexthonor@frameworkhwexthonor.apk@idmap.
06-24 15:31:36.445 E/asset   ( 4347): createFromFile(): lock file /data/resource-cache/system@emui@base@overlay@frameworkhwexthonor@frameworkhwexthonor.apk@idmap.
06-24 15:31:36.445 W/ResourceType( 4347): Found multiple library tables, ignoring...
06-24 15:31:36.460 V/ActivityManager(  657): Making visible and scheduling visibility: ActivityRecord{d5c9105 u0 com.huawei.android.launcher/.unihome.UniHomeLauncher t15658}
06-24 15:31:36.461 V/WindowManager(  657): No longer Stopped: AppWindowToken{d3a938b token=Token{377755a ActivityRecord{d5c9105 u0 com.huawei.android.launcher/.unihome.UniHomeLauncher t15658}}}
06-24 15:31:36.481 D/ActivityThread( 4347): Remove activity client record, r= ActivityRecord{414755e token=android.os.BinderProxy@31abee5 {com.excelliance.dualaid/com.excelliance.kxqp.swipe.NavActivity2}} token= android.os.BinderProxy@31abee5
06-24 15:31:36.482 D/HwQoEUtils(  657): mForegroundAppPackageName: com.huawei.android.launcher ,score: 0
06-24 15:31:36.482 D/HwQoEUtils(  657): onForegroundAppWifiSleepChange: config:false, sleeptime:-1,type: 255, appname:com.huawei.android.launcher
06-24 15:31:36.483 D/HwQoEUtils(  657): APP type: 255 appName= com.huawei.android.launcher
06-24 15:31:36.483 D/HwQoEUtils(  657): no game, APP_TYPE_GAME, appName =com.huawei.android.launcher
06-24 15:31:36.483 V/WindowManager(  657): removeIfPossible: Window{ac66a56 u0 com.excelliance.dualaid/com.excelliance.kxqp.swipe.NavActivity2} callers=com.android.server.wm.WindowState.removeIfPossible:1914 com.android.server.wm.WindowManagerService.removeWindow:2022 com.android.server.wm.Session.remove:218 android.view.IWindowSession$Stub.onTransact:242 com.android.server.wm.Session.onTransact:161 
06-24 15:31:36.483 D/HwGameAssistantController(  657): pid=2519, uid=10056, foreground=true
06-24 15:31:36.484 I/WindowManager(  657): Destroying surface Surface(name=com.excelliance.dualaid/com.excelliance.kxqp.swipe.NavActivity2) called by com.android.server.wm.WindowStateAnimator.destroySurface:2060 com.android.server.wm.WindowStateAnimator.destroySurfaceLocked:873 com.android.server.wm.HwWindowStateAnimator.destroySurfaceLocked:1006 com.android.server.wm.WindowState.removeImmediately:1899 com.android.server.wm.WindowState.removeIfPossible:2051 com.android.server.wm.WindowState.removeIfPossible:1914 com.android.server.wm.WindowManagerService.removeWindow:2022 com.android.server.wm.Session.remove:218 
06-24 15:31:36.484 W/AwareLog(  657): SchedLevelBoost: onFgActivitiesChanged config not set!
06-24 15:31:36.484 V/WindowManager(  657): postWindowRemoveCleanupLocked: Window{ac66a56 u0 com.excelliance.dualaid/com.excelliance.kxqp.swipe.NavActivity2}
06-24 15:31:36.484 V/WindowManager(  657): Removing Window{ac66a56 u0 com.excelliance.dualaid/com.excelliance.kxqp.swipe.NavActivity2} from AppWindowToken{8f0cd83 token=Token{dcafc32 ActivityRecord{f310c3d u0 com.excelliance.dualaid/com.excelliance.kxqp.swipe.NavActivity2 t16015}}}
06-24 15:31:36.488 I/HwNetworkPolicy(  657): onTransact, code = 203
06-24 15:31:36.488 I/HwNetworkPolicyManager( 1813): getHwUidPolicy uid = 10056 policy = 0
06-24 15:31:36.489 V/WindowManager(  657): removeAppToken: AppWindowToken{8f0cd83 token=Token{dcafc32 ActivityRecord{f310c3d u0 com.excelliance.dualaid/com.excelliance.kxqp.swipe.NavActivity2 t16015}}} delayed=false Callers=com.android.server.wm.DisplayContent.removeAppToken:985 com.android.server.wm.AppWindowContainerController.removeContainer:348 com.android.server.am.ActivityRecord.removeWindowContainer:1039 com.android.server.am.ActivityStack.removeActivityFromHistoryLocked:4491 
06-24 15:31:36.490 D/PMS1000 (  657): package:com.excelliance.dualaid, input flags:8192, output hwFlags:0
06-24 15:31:36.490 V/ActivityThread( 2519): Handle window ActivityRecord{4719bb8 token=android.os.BinderProxy@b3fca27 {com.huawei.android.launcher/com.huawei.android.launcher.unihome.UniHomeLauncher}} visibility: true
06-24 15:31:36.491 E/HwLauncher( 2519): SettingsEx , no such field.
06-24 15:31:36.491 W/HwLauncher( 2519): Clock getDataFormat the getSystemString failed.
06-24 15:31:36.492 W/HSM     ( 1813): HoldService:toast switch is close!
06-24 15:31:36.493 D/ApplicationPackageManager( 4347): queryIntentActivitiesAsUser blocked, Intent { act=android.intent.action.MAIN cat=[android.intent.category.LAUNCHER] pkg=com.facebook.katana }
06-24 15:31:36.493 D/HsmInterfaceImpl( 4347): List [ResolveInfo{ba2e350 com.facebook.katana/.LoginActivity m=0x108000}]
06-24 15:31:36.504 I/GRALLOC (  679): 	 shrFd=10,fmt=0x1,intFmt=0x200000001,btStrd=4352,size=8486912,pid=679 
06-24 15:31:36.504 I/GRALLOC (  679): 	 yuv=2,w=1080,h=1920,Stride u=0 v=0,offset u=0 v=0 
06-24 15:31:36.504 I/GRALLOC (  679): 	 iova_size=8486912,conUsg=0x900,proUsg=0x900,	 strd=1088,[afbc]HdrStrd=1088 PyldStrd=69632 Scrmbl=2,ionhnd = 1 
06-24 15:31:36.507 I/chatty  (  679): uid=1000(system) allocator@2.0-s identical 1 line
06-24 15:31:36.511 I/GRALLOC (  679): 	 shrFd=10,fmt=0x1,intFmt=0x200000001,btStrd=4352,size=8486912,pid=679 
06-24 15:31:36.511 I/GRALLOC (  679): 	 yuv=2,w=1080,h=1920,Stride u=0 v=0,offset u=0 v=0 
06-24 15:31:36.511 I/GRALLOC (  679): 	 iova_size=8486912,conUsg=0x900,proUsg=0x900,	 strd=1088,[afbc]HdrStrd=1088 PyldStrd=69632 Scrmbl=2,ionhnd = 1 
06-24 15:31:36.512 D/mali_winsys( 2519): EGLint new_window_surface(egl_winsys_display *, void *, EGLSurface, EGLConfig, egl_winsys_surface **, egl_color_buffer_format *, EGLBoolean) returns 0x3000
06-24 15:31:36.535 E/asset   ( 4347): createFromFile(): lock file /data/resource-cache/system@emui@base@overlay@frameworkhwexthonor@frameworkhwexthonor.apk@idmap.
06-24 15:31:36.535 E/asset   ( 4347): createFromFile(): lock file /data/resource-cache/system@emui@base@overlay@frameworkhwexthonor@frameworkhwexthonor.apk@idmap.
06-24 15:31:36.535 W/ResourceType( 4347): Found multiple library tables, ignoring...
06-24 15:31:36.536 I/GRALLOC (  679): 	 shrFd=10,fmt=0x1,intFmt=0x200000001,btStrd=4352,size=8486912,pid=679 
06-24 15:31:36.536 I/GRALLOC (  679): 	 yuv=2,w=1080,h=1920,Stride u=0 v=0,offset u=0 v=0 
06-24 15:31:36.536 I/GRALLOC (  679): 	 iova_size=8486912,conUsg=0xb00,proUsg=0xb00,	 strd=1088,[afbc]HdrStrd=1088 PyldStrd=69632 Scrmbl=2,ionhnd = 1 
06-24 15:31:36.541 D/HwFLClassLoader( 2519): USE_FEATURE_LIST had not init! 
06-24 15:31:36.547 D/WindowManager(  657): finishDrawingWindow: Window{68d6975 u0 com.huawei.android.launcher/com.huawei.android.launcher.unihome.UniHomeLauncher} mDrawState=DRAW_PENDING
06-24 15:31:36.548 D/ImageWallpaper( 1513): onOffsetsChanged: xOffset=0.0, yOffset=0.0, xOffsetStep=0.0, yOffsetStep=0.0, xPixels=0, yPixels=0
06-24 15:31:36.548 D/ImageWallpaper( 1513): Suppressed drawFrame since redraw is not needed and offsets have not changed.sf=Rect(0, 0 - 2160, 1920)
06-24 15:31:36.549 D/ImageWallpaper( 1513): onVisibilityChanged: mVisible, visible=false, true
06-24 15:31:36.549 D/ImageWallpaper( 1513): Visibility changed to visible=true
06-24 15:31:36.549 D/ImageWallpaper( 1513): Suppressed drawFrame since redraw is not needed and offsets have not changed.sf=Rect(0, 0 - 2160, 1920)
06-24 15:31:36.550 E/asset   ( 2519): createFromFile(): lock file /data/resource-cache/system@emui@base@overlay@frameworkhwexthonor@frameworkhwexthonor.apk@idmap.
06-24 15:31:36.551 E/asset   ( 2519): createFromFile(): lock file /data/resource-cache/system@emui@base@overlay@frameworkhwexthonor@frameworkhwexthonor.apk@idmap.
06-24 15:31:36.551 W/ResourceType( 2519): Found multiple library tables, ignoring...
06-24 15:31:36.562 D/HwFLClassLoader( 2519): USE_FEATURE_LIST had not init! 
06-24 15:31:36.564 D/PMS1000 (  657): package:com.excelliance.dualaid, input flags:8192, output hwFlags:0
06-24 15:31:36.564 E/asset   ( 2519): createFromFile(): lock file /data/resource-cache/system@emui@base@overlay@frameworkhwexthonor@frameworkhwexthonor.apk@idmap.
06-24 15:31:36.564 E/asset   ( 2519): createFromFile(): lock file /data/resource-cache/system@emui@base@overlay@frameworkhwexthonor@frameworkhwexthonor.apk@idmap.
06-24 15:31:36.564 W/ResourceType( 2519): Found multiple library tables, ignoring...
06-24 15:31:36.565 W/HSM     ( 1813): HoldService:toast switch is close!
06-24 15:31:36.566 D/ApplicationPackageManager( 4347): queryIntentActivitiesAsUser blocked, Intent { act=android.intent.action.MAIN cat=[android.intent.category.LAUNCHER] pkg=com.huawei.trustcircle }
06-24 15:31:36.566 D/HsmInterfaceImpl( 4347): List []
06-24 15:31:36.568 D/PMS1000 (  657): package:com.excelliance.dualaid, input flags:8192, output hwFlags:0
06-24 15:31:36.569 W/HSM     ( 1813): HoldService:toast switch is close!
06-24 15:31:36.570 D/ApplicationPackageManager( 4347): queryIntentActivitiesAsUser blocked, Intent { act=android.intent.action.MAIN cat=[android.intent.category.LAUNCHER] pkg=com.jingdong.app.mall }
06-24 15:31:36.570 D/HsmInterfaceImpl( 4347): List [ResolveInfo{edae47c com.jingdong.app.mall/.main.MainActivity m=0x108000}]
06-24 15:31:36.607 D/PMS1000 (  657): package:com.excelliance.dualaid, input flags:8192, output hwFlags:0
06-24 15:31:36.607 D/NetWorkUtils( 1513): mVSimCurCardType is -1
06-24 15:31:36.607 W/HSM     ( 1813): HoldService:toast switch is close!
06-24 15:31:36.609 D/ApplicationPackageManager( 4347): queryIntentActivitiesAsUser blocked, Intent { act=android.intent.action.MAIN cat=[android.intent.category.LAUNCHER] pkg=com.tencent.mobileqq }
06-24 15:31:36.609 D/HsmInterfaceImpl( 4347): List [ResolveInfo{78e655a com.tencent.mobileqq/.activity.SplashActivity m=0x108000}]
06-24 15:31:36.609 D/NetWorkUtils( 1513): mVSimCurCardType is -1
06-24 15:31:36.621 D/PMS1000 (  657): package:com.excelliance.dualaid, input flags:8192, output hwFlags:0
06-24 15:31:36.622 W/HSM     ( 1813): HoldService:toast switch is close!
06-24 15:31:36.623 D/ApplicationPackageManager( 4347): queryIntentActivitiesAsUser blocked, Intent { act=android.intent.action.MAIN cat=[android.intent.category.LAUNCHER] pkg=com.zol.android }
06-24 15:31:36.623 D/HsmInterfaceImpl( 4347): List [ResolveInfo{81ec38b com.zol.android/.ui.FirstActivity m=0x108000}]
06-24 15:31:36.649 W/HSM     ( 1813): HoldService:toast switch is close!
06-24 15:31:36.649 D/ApplicationPackageManager( 4347): queryIntentActivitiesAsUser blocked, Intent { act=android.intent.action.MAIN cat=[android.intent.category.LAUNCHER] pkg=com.huawei.hiskytone }
06-24 15:31:36.650 D/HsmInterfaceImpl( 4347): List [ResolveInfo{e11e881 com.huawei.hiskytone/com.huawei.skytone.account.welcome.SplashActivity m=0x108000}]
06-24 15:31:36.685 D/PMS1000 (  657): package:com.excelliance.dualaid, input flags:8192, output hwFlags:0
06-24 15:31:36.686 W/HSM     ( 1813): HoldService:toast switch is close!
06-24 15:31:36.686 D/ApplicationPackageManager( 4347): queryIntentActivitiesAsUser blocked, Intent { act=android.intent.action.MAIN cat=[android.intent.category.LAUNCHER] pkg=com.huawei.hwid }
06-24 15:31:36.686 D/HsmInterfaceImpl( 4347): List []
06-24 15:31:36.690 W/HSM     ( 1813): HoldService:toast switch is close!
06-24 15:31:36.690 D/ApplicationPackageManager( 4347): queryIntentActivitiesAsUser blocked, Intent { act=android.intent.action.MAIN cat=[android.intent.category.LAUNCHER] pkg=com.sina.weibo }
06-24 15:31:36.690 D/HsmInterfaceImpl( 4347): List [ResolveInfo{7694714 com.sina.weibo/.SplashActivity m=0x108000}]
06-24 15:31:36.692 E/asset   ( 2519): createFromFile(): lock file /data/resource-cache/system@emui@base@overlay@frameworkhwexthonor@frameworkhwexthonor.apk@idmap.
06-24 15:31:36.692 E/asset   ( 2519): createFromFile(): lock file /data/resource-cache/system@emui@base@overlay@frameworkhwexthonor@frameworkhwexthonor.apk@idmap.
06-24 15:31:36.692 W/ResourceType( 2519): Found multiple library tables, ignoring...
06-24 15:31:36.697 D/HwFLClassLoader( 2519): USE_FEATURE_LIST had not init! 
06-24 15:31:36.745 D/PMS1000 (  657): package:com.excelliance.dualaid, input flags:8192, output hwFlags:0
06-24 15:31:36.746 W/HSM     ( 1813): HoldService:toast switch is close!
06-24 15:31:36.746 D/ApplicationPackageManager( 4347): queryIntentActivitiesAsUser blocked, Intent { act=android.intent.action.MAIN cat=[android.intent.category.LAUNCHER] pkg=com.antutu.ABenchMark }
06-24 15:31:36.746 D/HsmInterfaceImpl( 4347): List [ResolveInfo{57445b2 com.antutu.ABenchMark/.ABenchMarkStart m=0x108000}]
06-24 15:31:36.773 W/HSM     ( 1813): HoldService:toast switch is close!
06-24 15:31:36.773 D/ApplicationPackageManager( 4347): queryIntentActivitiesAsUser blocked, Intent { act=android.intent.action.MAIN cat=[android.intent.category.LAUNCHER] pkg=com.sankuai.meituan.takeoutnew }
06-24 15:31:36.774 D/HsmInterfaceImpl( 4347): List [ResolveInfo{d5226b9 com.sankuai.meituan.takeoutnew/.ui.page.boot.WelcomeActivity m=0x108000}]
06-24 15:31:36.801 W/HSM     ( 1813): HoldService:toast switch is close!
06-24 15:31:36.801 D/ApplicationPackageManager( 4347): queryIntentActivitiesAsUser blocked, Intent { act=android.intent.action.MAIN cat=[android.intent.category.LAUNCHER] pkg=com.vmall.client }
06-24 15:31:36.801 D/HsmInterfaceImpl( 4347): List [ResolveInfo{8eb425f com.vmall.client/.splash.fragment.SplashActivity m=0x108000}]
06-24 15:31:36.827 W/HSM     ( 1813): HoldService:toast switch is close!
06-24 15:31:36.827 D/ApplicationPackageManager( 4347): queryIntentActivitiesAsUser blocked, Intent { act=android.intent.action.MAIN cat=[android.intent.category.LAUNCHER] pkg=com.android.browser }
06-24 15:31:36.827 D/HsmInterfaceImpl( 4347): List [ResolveInfo{27ad90a com.android.browser/com.tencent.mtt.SplashActivity m=0x108000}]
06-24 15:31:36.862 W/HSM     ( 1813): HoldService:toast switch is close!
06-24 15:31:36.862 D/ApplicationPackageManager( 4347): queryIntentActivitiesAsUser blocked, Intent { act=android.intent.action.MAIN cat=[android.intent.category.LAUNCHER] pkg=com.eg.android.AlipayGphone }
06-24 15:31:36.863 D/HsmInterfaceImpl( 4347): List [ResolveInfo{924f3f1 com.eg.android.AlipayGphone/.AlipayLogin m=0x108000}]
06-24 15:31:36.883 W/HSM     ( 1813): HoldService:toast switch is close!
06-24 15:31:36.883 D/ApplicationPackageManager( 4347): queryIntentActivitiesAsUser blocked, Intent { act=android.intent.action.MAIN cat=[android.intent.category.LAUNCHER] pkg=com.android.mediacenter }
06-24 15:31:36.883 D/HsmInterfaceImpl( 4347): List [ResolveInfo{f451e57 com.android.mediacenter/.PageActivity m=0x108000}]
06-24 15:31:36.888 E/asset   ( 4347): createFromFile(): lock file /data/resource-cache/system@emui@base@overlay@frameworkhwexthonor@frameworkhwexthonor.apk@idmap.
06-24 15:31:36.888 E/asset   ( 4347): createFromFile(): lock file /data/resource-cache/system@emui@base@overlay@frameworkhwexthonor@frameworkhwexthonor.apk@idmap.
06-24 15:31:36.889 W/ResourceType( 4347): Found multiple library tables, ignoring...
06-24 15:31:36.920 W/HSM     ( 1813): HoldService:toast switch is close!
06-24 15:31:36.921 D/ApplicationPackageManager( 4347): queryIntentActivitiesAsUser blocked, Intent { act=android.intent.action.MAIN cat=[android.intent.category.LAUNCHER] pkg=com.huawei.himovie }
06-24 15:31:36.921 D/HsmInterfaceImpl( 4347): List [ResolveInfo{5a57f62 com.huawei.himovie/.ui.login.SplashScreenActivity m=0x108000}]
06-24 15:31:36.924 E/asset   ( 4347): createFromFile(): lock file /data/resource-cache/system@emui@base@overlay@frameworkhwexthonor@frameworkhwexthonor.apk@idmap.
06-24 15:31:36.924 E/asset   ( 4347): createFromFile(): lock file /data/resource-cache/system@emui@base@overlay@frameworkhwexthonor@frameworkhwexthonor.apk@idmap.
06-24 15:31:36.924 W/ResourceType( 4347): Found multiple library tables, ignoring...
06-24 15:31:36.952 W/HSM     ( 1813): HoldService:toast switch is close!
06-24 15:31:36.952 D/ApplicationPackageManager( 4347): queryIntentActivitiesAsUser blocked, Intent { act=android.intent.action.MAIN cat=[android.intent.category.LAUNCHER] pkg=com.huawei.hnreader }
06-24 15:31:36.952 D/HsmInterfaceImpl( 4347): List [ResolveInfo{16d3029 com.huawei.hnreader/com.qq.reader.activity.SplashActivity m=0x108000}]
06-24 15:31:36.956 E/WifiHAL (  706): enter wifi_get_link_stats
06-24 15:31:36.956 E/asset   ( 4347): createFromFile(): lock file /data/resource-cache/system@emui@base@overlay@frameworkhwexthonor@frameworkhwexthonor.apk@idmap.
06-24 15:31:36.956 E/asset   ( 4347): createFromFile(): lock file /data/resource-cache/system@emui@base@overlay@frameworkhwexthonor@frameworkhwexthonor.apk@idmap.
06-24 15:31:36.956 W/ResourceType( 4347): Found multiple library tables, ignoring...
06-24 15:31:36.958 D/HwBatteryService(  657): onUEvent fcpStatus = 0,scpStatus =0,ovpStatus=0
06-24 15:31:36.959 I/UsbDeviceManager(  657): water_intrused state= 0
06-24 15:31:36.965 E/wificond(  765): Failed to get NL80211_STA_INFO_CNAHLOAD
06-24 15:31:36.965 E/WificondControl(  657): Noise: -92, Snr: 0, Chload: -1
06-24 15:31:36.965 D/HwWifiCHRStateManager(  657): handleMessage : 1001
06-24 15:31:36.965 D/HwWifiCHRStateManager(  657): handleUpdateChannel:5805
06-24 15:31:36.965 V/HwWifiServiceFactory(  657): get AllImpl object = com.android.server.wifi.HwWifiServiceFactoryImpl@a390a53
06-24 15:31:36.966 D/WifiScoreReport(  657): Score = 100, wifiConnectivityManagerEnabled = false, lowScoreCount = 0
06-24 15:31:36.976 D/HwInnerWifiManagerImpl(  657): SupplicantState = COMPLETED
06-24 15:31:36.976 D/HwInnerWifiManagerImpl(  657): isPhoneAP = false
06-24 15:31:36.976 D/WifiStateMachine(  657): mBcastReceiver: PluggedType = 2 mIsScanCtrlPluggedin = true
06-24 15:31:36.976 D/HwWifiService(  657): mPluggedType =2
06-24 15:31:36.977 D/WifiService(  657): onReceive, action:android.intent.action.BATTERY_CHANGED
06-24 15:31:36.977 D/KeyguardUpdateMonitor( 1513): received broadcast android.intent.action.BATTERY_CHANGED
06-24 15:31:36.977 D/WifiService(  657): ACTION_BATTERY_CHANGED pluggedType: 2
06-24 15:31:36.977 W/KeyguardUpdateMonitor( 1513): ACTION_BATTERY_CHANGED AMP: 500000; Volt: 4697000
06-24 15:31:36.977 V/KeyguardUpdateMonitor( 1513): RefreshBatteryInfo isBatteryLow: 37
06-24 15:31:36.977 W/KeyguardUpdateMonitor( 1513): ChargingSpeed  Wattage: 2348500 ST: 5000000 --> 7500000
06-24 15:31:36.977 I/KgBattery( 1513): BatteryInfo updated:  2lPc0
06-24 15:31:36.977 W/AppHandler( 1513): sendMessage with obj100
06-24 15:31:36.977 D/KeyguardUpdateMonitor( 1513): handleBatteryUpdate
06-24 15:31:36.977 V/KeyguardUpdateMonitor( 1513): RefreshBatteryInfo isBatteryLow: 37
06-24 15:31:36.977 W/HwKeyguardBottomArea( 1513): updateBatteryInfo : false  true
06-24 15:31:36.978 W/HwLockScreenPanel( 1513): Handle message: 100
06-24 15:31:36.978 W/HwKeyguardBottomArea( 1513): updateBatteryInfo : false  true
06-24 15:31:36.978 W/HwLockScreenPanel( 1513): refreshBatteryInfo: null
06-24 15:31:36.978 W/KgBattery( 1513): getCharge info with type: text
06-24 15:31:36.981 I/MsgReceiver( 1699): intent action: android.intent.action.BATTERY_CHANGED
06-24 15:31:36.981 I/CloudAlbum[8.1.2.302]( 2775): [OperationUtil] cancelNotify
06-24 15:31:36.984 D/PMS1000 (  657): package:com.excelliance.dualaid, input flags:8192, output hwFlags:0
06-24 15:31:36.985 W/HSM     ( 1813): HoldService:toast switch is close!
06-24 15:31:36.986 D/ApplicationPackageManager( 4347): queryIntentActivitiesAsUser blocked, Intent { act=android.intent.action.MAIN cat=[android.intent.category.LAUNCHER] pkg=com.twitter.android }
06-24 15:31:36.986 D/HsmInterfaceImpl( 4347): List [ResolveInfo{c9a50dc com.twitter.android/.StartActivity m=0x108000}]
06-24 15:31:37.012 W/HSM     ( 1813): HoldService:toast switch is close!
06-24 15:31:37.013 D/ApplicationPackageManager( 4347): queryIntentActivitiesAsUser blocked, Intent { act=android.intent.action.MAIN cat=[android.intent.category.LAUNCHER] pkg=com.baidu.input_huawei }
06-24 15:31:37.013 D/HsmInterfaceImpl( 4347): List []
06-24 15:31:37.016 W/HSM     ( 1813): HoldService:toast switch is close!
06-24 15:31:37.016 D/ApplicationPackageManager( 4347): queryIntentActivitiesAsUser blocked, Intent { act=android.intent.action.MAIN cat=[android.intent.category.LAUNCHER] pkg=com.google.android.gms }
06-24 15:31:37.016 D/HsmInterfaceImpl( 4347): List []
06-24 15:31:37.022 W/HSM     ( 1813): HoldService:toast switch is close!
06-24 15:31:37.023 D/ApplicationPackageManager( 4347): queryIntentActivitiesAsUser blocked, Intent { act=android.intent.action.MAIN cat=[android.intent.category.LAUNCHER] pkg=com.sankuai.meituan }
06-24 15:31:37.023 D/HsmInterfaceImpl( 4347): List [ResolveInfo{eece36b com.sankuai.meituan/com.meituan.android.pt.homepage.activity.Welcome m=0x108000}]
06-24 15:31:37.037 W/OpenGLRenderer( 2519): Incorrectly called buildLayer on View: ShortcutAndWidgetContainer, destroying layer...
06-24 15:31:37.038 W/OpenGLRenderer( 2519): Incorrectly called buildLayer on View: ShortcutAndWidgetContainer, destroying layer...
06-24 15:31:37.039 I/GRALLOC (  679): 	 shrFd=10,fmt=0x1,intFmt=0x200000001,btStrd=4352,size=8486912,pid=679 
06-24 15:31:37.039 I/GRALLOC (  679): 	 yuv=2,w=1080,h=1920,Stride u=0 v=0,offset u=0 v=0 
06-24 15:31:37.039 I/GRALLOC (  679): 	 iova_size=8486912,conUsg=0xb00,proUsg=0xb00,	 strd=1088,[afbc]HdrStrd=1088 PyldStrd=69632 Scrmbl=2,ionhnd = 1 
06-24 15:31:37.040 I/TrafficMonitor(  657): update:rxPkts:17,txPkts:20,rxBytes:8045,txBytes:2746
06-24 15:31:37.040 I/TrafficMonitor(  657): start expired. level:-1
06-24 15:31:37.040 I/TrafficMonitor(  657): gettimer:interval=2000
06-24 15:31:37.076 D/PMS1000 (  657): package:com.excelliance.dualaid, input flags:8192, output hwFlags:0
06-24 15:31:37.077 W/HSM     ( 1813): HoldService:toast switch is close!
06-24 15:31:37.077 D/ApplicationPackageManager( 4347): queryIntentActivitiesAsUser blocked, Intent { act=android.intent.action.MAIN cat=[android.intent.category.LAUNCHER] pkg=com.tencent.news }
06-24 15:31:37.077 D/HsmInterfaceImpl( 4347): List [ResolveInfo{389bb61 com.tencent.news/.activity.SplashActivity m=0x108000}]
06-24 15:31:37.103 D/PMS1000 (  657): package:com.excelliance.dualaid, input flags:8192, output hwFlags:0
06-24 15:31:37.103 W/HSM     ( 1813): HoldService:toast switch is close!
06-24 15:31:37.104 D/ApplicationPackageManager( 4347): queryIntentActivitiesAsUser blocked, Intent { act=android.intent.action.MAIN cat=[android.intent.category.LAUNCHER] pkg=com.iflytek.speechsuite }
06-24 15:31:37.104 D/HsmInterfaceImpl( 4347): List []
06-24 15:31:37.106 D/PMS1000 (  657): package:com.excelliance.dualaid, input flags:8192, output hwFlags:0
06-24 15:31:37.107 W/HSM     ( 1813): HoldService:toast switch is close!
06-24 15:31:37.108 D/ApplicationPackageManager( 4347): queryIntentActivitiesAsUser blocked, Intent { act=android.intent.action.MAIN cat=[android.intent.category.LAUNCHER] pkg=com.tencent.android.qqdownloader }
06-24 15:31:37.108 D/HsmInterfaceImpl( 4347): List [ResolveInfo{7744b47 com.tencent.android.qqdownloader/com.tencent.pangu.link.SplashActivity m=0x108000}]
06-24 15:31:37.139 W/HSM     ( 1813): HoldService:toast switch is close!
06-24 15:31:37.139 D/ApplicationPackageManager( 4347): queryIntentActivitiesAsUser blocked, Intent { act=android.intent.action.MAIN cat=[android.intent.category.LAUNCHER] pkg=com.ifreetalk.ftalk }
06-24 15:31:37.139 D/HsmInterfaceImpl( 4347): List [ResolveInfo{8c5ac9d com.ifreetalk.ftalk/.activity.DummyActivity m=0x108000}]
06-24 15:31:37.151 D/PMS1000 (  657): package:com.excelliance.dualaid, input flags:8192, output hwFlags:0
06-24 15:31:37.151 W/HSM     ( 1813): HoldService:toast switch is close!
06-24 15:31:37.152 D/ApplicationPackageManager( 4347): queryIntentActivitiesAsUser blocked, Intent { act=android.intent.action.MAIN cat=[android.intent.category.LAUNCHER] pkg=com.taobao.taobao }
06-24 15:31:37.152 D/HsmInterfaceImpl( 4347): List [ResolveInfo{5308512 com.taobao.taobao/com.taobao.tao.welcome.Welcome m=0x108000}]
06-24 15:31:37.180 W/HSM     ( 1813): HoldService:toast switch is close!
06-24 15:31:37.180 D/ApplicationPackageManager( 4347): queryIntentActivitiesAsUser blocked, Intent { act=android.intent.action.MAIN cat=[android.intent.category.LAUNCHER] pkg=com.android.gallery3d }
06-24 15:31:37.180 D/HsmInterfaceImpl( 4347): List [ResolveInfo{e337ee0 com.android.gallery3d/com.huawei.gallery.app.GalleryMain m=0x108000}]
06-24 15:31:37.184 E/asset   ( 4347): createFromFile(): lock file /data/resource-cache/system@emui@base@overlay@frameworkhwexthonor@frameworkhwexthonor.apk@idmap.
06-24 15:31:37.184 E/asset   ( 4347): createFromFile(): lock file /data/resource-cache/system@emui@base@overlay@frameworkhwexthonor@frameworkhwexthonor.apk@idmap.
06-24 15:31:37.184 W/ResourceType( 4347): Found multiple library tables, ignoring...
06-24 15:31:37.218 W/HSM     ( 1813): HoldService:toast switch is close!
06-24 15:31:37.218 D/ApplicationPackageManager( 4347): queryIntentActivitiesAsUser blocked, Intent { act=android.intent.action.MAIN cat=[android.intent.category.LAUNCHER] pkg=com.pp.assistant }
06-24 15:31:37.218 D/HsmInterfaceImpl( 4347): List [ResolveInfo{5f95c3f com.pp.assistant/.activity.MainActivity m=0x108000}]
06-24 15:31:37.244 W/HSM     ( 1813): HoldService:toast switch is close!
06-24 15:31:37.244 D/ApplicationPackageManager( 4347): queryIntentActivitiesAsUser blocked, Intent { act=android.intent.action.MAIN cat=[android.intent.category.LAUNCHER] pkg=com.oppo.market }
06-24 15:31:37.244 D/HsmInterfaceImpl( 4347): List [ResolveInfo{67ed255 com.oppo.market/.activity.MainActivity m=0x108000}]
06-24 15:31:37.277 W/HSM     ( 1813): HoldService:toast switch is close!
06-24 15:31:37.278 D/ApplicationPackageManager( 4347): queryIntentActivitiesAsUser blocked, Intent { act=android.intent.action.MAIN cat=[android.intent.category.LAUNCHER] pkg=com.excean.wxaid }
06-24 15:31:37.278 D/HsmInterfaceImpl( 4347): List [ResolveInfo{c317d5b com.excean.wxaid/com.excelliance.kxqp.ui.HelloActivity m=0x108000}]
06-24 15:31:37.288 I/NetworkSpeedManagerEx( 1513): mIsStop = false
06-24 15:31:37.288 I/NetworkSpeedManagerEx( 1513):  runInThread getTetherStats
06-24 15:31:37.290 I/NetworkSpeedManagerEx( 1513):  runInUI refreshSpeed
06-24 15:31:37.291 I/NetworkSpeedManagerEx( 1513): value=3623.0speed = 3.5
06-24 15:31:37.291 I/NetworkSpeedManagerEx( 1513): K/smIsShowLastSpeedValuefalse
06-24 15:31:37.291 I/NetworkSpeedView( 1513): /update(), speed=3.5
06-24 15:31:37.291 I/NetworkSpeedView( 1513): K/s parent class:class com.android.systemui.statusbar.HwSystemIcons
06-24 15:31:37.307 W/HwResourcesImpl( 4347): icon in pkg com.excean.wxaid is too large.sDefaultSizeWithoutEdge = 188bmp.getWidth() = 1536
06-24 15:31:37.324 W/HSM     ( 1813): HoldService:toast switch is close!
06-24 15:31:37.325 D/ApplicationPackageManager( 4347): queryIntentActivitiesAsUser blocked, Intent { act=android.intent.action.MAIN cat=[android.intent.category.LAUNCHER] pkg=com.huawei.intelligent }
06-24 15:31:37.325 D/HsmInterfaceImpl( 4347): List []
06-24 15:31:37.327 W/HSM     ( 1813): HoldService:toast switch is close!
06-24 15:31:37.328 D/ApplicationPackageManager( 4347): queryIntentActivitiesAsUser blocked, Intent { act=android.intent.action.MAIN cat=[android.intent.category.LAUNCHER] pkg=com.google.android.backuptransport }
06-24 15:31:37.328 D/HsmInterfaceImpl( 4347): List []
06-24 15:31:37.330 W/HSM     ( 1813): HoldService:toast switch is close!
06-24 15:31:37.331 D/ApplicationPackageManager( 4347): queryIntentActivitiesAsUser blocked, Intent { act=android.intent.action.MAIN cat=[android.intent.category.LAUNCHER] pkg=com.huawei.skytone }
06-24 15:31:37.331 D/HsmInterfaceImpl( 4347): List []
06-24 15:31:37.333 W/HSM     ( 1813): HoldService:toast switch is close!
06-24 15:31:37.334 D/ApplicationPackageManager( 4347): queryIntentActivitiesAsUser blocked, Intent { act=android.intent.action.MAIN cat=[android.intent.category.LAUNCHER] pkg=com.estrongs.android.pop }
06-24 15:31:37.334 D/HsmInterfaceImpl( 4347): List [ResolveInfo{3273ed1 com.estrongs.android.pop/.app.openscreenad.NewSplashActivity m=0x108000}]
06-24 15:31:37.368 W/HSM     ( 1813): HoldService:toast switch is close!
06-24 15:31:37.368 D/ApplicationPackageManager( 4347): queryIntentActivitiesAsUser blocked, Intent { act=android.intent.action.MAIN cat=[android.intent.category.LAUNCHER] pkg=com.redfinger.app }
06-24 15:31:37.368 D/HsmInterfaceImpl( 4347): List [ResolveInfo{d009437 com.redfinger.app/.activity.SplashActivity m=0x108000}]
06-24 15:31:37.379 I/NetworkSpeedManagerEx( 1513): mIsStop = false
06-24 15:31:37.379 I/NetworkSpeedManagerEx( 1513):  runInThread getTetherStats
06-24 15:31:37.381 I/NetworkSpeedManagerEx( 1513):  runInUI refreshSpeed
06-24 15:31:37.382 I/NetworkSpeedManagerEx( 1513): value=3623.0speed = 3.5
06-24 15:31:37.382 I/NetworkSpeedManagerEx( 1513): K/smIsShowLastSpeedValuefalse
06-24 15:31:37.382 I/NetworkSpeedView( 1513): /update(), speed=3.5
06-24 15:31:37.382 I/NetworkSpeedView( 1513): K/s parent class:class com.android.systemui.statusbar.HwSystemIcons
06-24 15:31:37.402 W/HSM     ( 1813): HoldService:toast switch is close!
06-24 15:31:37.402 D/ApplicationPackageManager( 4347): queryIntentActivitiesAsUser blocked, Intent { act=android.intent.action.MAIN cat=[android.intent.category.LAUNCHER] pkg=com.android.vending }
06-24 15:31:37.402 D/HsmInterfaceImpl( 4347): List [ResolveInfo{b0ff70d com.android.vending/.AssetBrowserActivity m=0x108000}]
06-24 15:31:37.431 D/PMS1000 (  657): package:com.excelliance.dualaid, input flags:8192, output hwFlags:0
06-24 15:31:37.432 W/HSM     ( 1813): HoldService:toast switch is close!
06-24 15:31:37.433 D/ApplicationPackageManager( 4347): queryIntentActivitiesAsUser blocked, Intent { act=android.intent.action.MAIN cat=[android.intent.category.LAUNCHER] pkg=org.hapjs.mockup }
06-24 15:31:37.433 D/HsmInterfaceImpl( 4347): List [ResolveInfo{e51f709 org.hapjs.mockup/.activity.MainActivity m=0x108000}]
06-24 15:31:37.454 W/HSM     ( 1813): HoldService:toast switch is close!
06-24 15:31:37.454 D/ApplicationPackageManager( 4347): queryIntentActivitiesAsUser blocked, Intent { act=android.intent.action.MAIN cat=[android.intent.category.LAUNCHER] pkg=com.huawei.gamebox }
06-24 15:31:37.454 D/HsmInterfaceImpl( 4347): List [ResolveInfo{7c7d32f com.huawei.gamebox/.GameBoxActivity m=0x108000}]
06-24 15:31:37.458 E/asset   ( 4347): createFromFile(): lock file /data/resource-cache/system@emui@base@overlay@frameworkhwexthonor@frameworkhwexthonor.apk@idmap.
06-24 15:31:37.458 E/asset   ( 4347): createFromFile(): lock file /data/resource-cache/system@emui@base@overlay@frameworkhwexthonor@frameworkhwexthonor.apk@idmap.
06-24 15:31:37.458 W/ResourceType( 4347): Found multiple library tables, ignoring...
06-24 15:31:37.471 E/Thermal-daemon(  764): [battery] temp_new :37  temp_old :36
06-24 15:31:37.472 I/ThermalService( 1699): Receive temperature change, type: 9, temp: 37 from thermald
06-24 15:31:37.472 I/ThermalTrace_ThermalRaise( 1699): Battery:37
06-24 15:31:37.473 D/HwThermalStateManager( 1699): Thermal type: 9 cur_temperature:37
06-24 15:31:37.473 D/HwPolicyDispatcher( 1699): action period is 200s from last action, don't send to PG
06-24 15:31:37.473 E/Thermal-daemon(  764): Report temperature: [battery] temp :37  report_threshold:1
06-24 15:31:37.486 W/HSM     ( 1813): HoldService:toast switch is close!
06-24 15:31:37.486 D/ApplicationPackageManager( 4347): queryIntentActivitiesAsUser blocked, Intent { act=android.intent.action.MAIN cat=[android.intent.category.LAUNCHER] pkg=com.stickgame.los2 }
06-24 15:31:37.487 D/HsmInterfaceImpl( 4347): List [ResolveInfo{455fc1a com.stickgame.los2/com.DBGame.DiabloLOL.DiabloLOL m=0x108000}]
06-24 15:31:37.508 E/wificond(  765): Failed to get NL80211_STA_INFO_CNAHLOAD
06-24 15:31:37.508 E/WificondControl(  657): Noise: -92, Snr: 0, Chload: -1
