06-24 16:31:53.505 V/GameUtil(10749): getCurrentVersionByKey : hi6250_notification	current_hi6250_notification_version	Hi6250_notificationVersion
06-24 16:31:53.505 D/PMS11423(  657): package:com.excelliance.dualaid, input flags:128, output hwFlags:0
06-24 16:31:53.506 V/GameUtil(10749): saveVersionToFileByKey  xml_key :hi6250_notification  result:-1
06-24 16:31:53.508 V/GameUtil(10749): getCurrentVersionByKey  hi6250_notification:-1
06-24 16:31:53.509 I/HwCust  (10724): Constructor found for class android.content.res.HwCustHwResourcesImpl
06-24 16:31:53.509 D/HwCust  (10724): Create obj success use class android.content.res.HwCustHwResourcesImpl
06-24 16:31:53.511 V/VersionManager(10749): ver source:{"hi6250_launch":"0","hi6250_applist":"0","hi6250_notification":"0"}
06-24 16:31:53.511 V/VersionManager(10749): ver :eyJoaTYyNTBfbGF1bmNoIjoiMCIsImhpNjI1MF9hcHBsaXN0IjoiMCIsImhpNjI1MF9ub3RpZmlj%0AYXRpb24iOiIwIn0%3D%0A
06-24 16:31:53.514 V/UrlUtil (10749): https://mto.multiopen.cn/dynamicphoneres.php?sdkver=2009&apkver=466&vn=4.0.6&compver=54302&mainver=231200&ver=eyJoaTYyNTBfbGF1bmNoIjoiMCIsImhpNjI1MF9hcHBsaXN0IjoiMCIsImhpNjI1MF9ub3RpZmlj%0AYXRpb24iOiIwIn0%3D%0A&chid=10019&subchid=1&type=20&uflag=2&pkg=com.excelliance.dualaid&api=26&release=8.0.0&abi=armeabi-v7a&abi2=armeabi&abilist=arm64-v8a%2Carmeabi-v7a%2Carmeabi&abilist32=armeabi-v7a%2Carmeabi&abilist64=arm64-v8a&brand=HONOR&manufacturer=HUAWEI&model=STF-AL10&product=STF-AL10&issl=1&sign=30820271308201daa0030201020204520332c2300d06092a864886f70d0101050500307c310b300906035504061302434e3111300f060355040813085368616e
06-24 16:31:53.515 D/VersionManager(10749): httpsRequest getURL = https://mto.multiopen.cn/dynamicphoneres.php?sdkver=2009&apkver=466&vn=4.0.6&compver=54302&mainver=231200&ver=eyJoaTYyNTBfbGF1bmNoIjoiMCIsImhpNjI1MF9hcHBsaXN0IjoiMCIsImhpNjI1MF9ub3RpZmlj%0AYXRpb24iOiIwIn0%3D%0A&chid=10019&subchid=1&type=20&uflag=2&pkg=com.excelliance.dualaid&api=26&release=8.0.0&abi=armeabi-v7a&abi2=armeabi&abilist=arm64-v8a%2Carmeabi-v7a%2Carmeabi&abilist32=armeabi-v7a%2Carmeabi&abilist64=arm64-v8a&brand=HONOR&manufacturer=HUAWEI&model=STF-AL10&product=STF-AL10&issl=1&sign=30820271308201daa0030201020204520332c2300d06092a864886f70d0101050500307c310b300906035504061302434e3111300f060355040813085368616e
06-24 16:31:53.517 W/libc    (  951): Set property "ril.hw_modem0.rssi" to "-72"
06-24 16:31:53.520 W/libc    ( 1715): Set property "gsm.rssi.sim1" to "-72"
06-24 16:31:53.522 D/SmartcareProc(  657): onSignalStrengthsChanged: signalStrength is: SignalStrength: 0 1955964583 0 255 0 0 32767 -1 32767 -1 -72 -3 15 -1 0 -1 false gw|lte , on sub: 0
06-24 16:31:53.522 D/SmartcareProc(  657): SignalStrength update result, ss: SignalStrengthInfo:8749149 mGsmSignalStrength: -1 mWcdmaRscp: -1 mWcdmaEcio: 255 mLteRsrp: -72 mLteRsrq: -3 mCdmaDbm: -1 mCdmaEcio: -1 mEvdoDbm: 32767mEvdoEcio: -1mLteRssnr: 15
06-24 16:31:53.523 I/MQoS    (  657): onSignal: mSubId=0,currDataSubID=0
06-24 16:31:53.523 I/MQoS    (  657): received cell-signal:5
06-24 16:31:53.524 D/PMS11423(  657): package:com.tencent.mm, input flags:0, output hwFlags:0
06-24 16:31:53.525 I/HwMobileSignalController(0)( 1513): subId:0 phoneType:1 networktype:13 targetClass:3 masterLevel:5 slaveLevel:-1
06-24 16:31:53.526 D/PMS11423(  657): package:com.tencent.mobileqq, input flags:0, output hwFlags:0
06-24 16:31:53.527 W/X509TrustManager(10724): checkServerTrusted: SignatureException:null
06-24 16:31:53.527 W/X509TrustManager(10724): checkServerTrusted: SignatureException:error:04000073:RSA routines:OPENSSL_internal:DATA_TOO_LARGE_FOR_MODULUS
06-24 16:31:53.541 D/PMS11423(  657): package:com.tencent.mobileqq, input flags:0, output hwFlags:0
06-24 16:31:53.542 D/PMS11423(  657): package:com.ifreetalk.ftalk, input flags:0, output hwFlags:0
06-24 16:31:53.548 W/X509TrustManager(10749): checkServerTrusted: SignatureException:null
06-24 16:31:53.548 W/X509TrustManager(10749): checkServerTrusted: SignatureException:error:04000073:RSA routines:OPENSSL_internal:DATA_TOO_LARGE_FOR_MODULUS
06-24 16:31:53.558 D/HwRecentsLockUtils( 1513): Search
06-24 16:31:53.558 E/HsmCoreServiceImpl( 1478): onTransact in code is: 103
06-24 16:31:53.558 I/MediaProcessHandler( 1478): playingUids: 
06-24 16:31:53.558 V/HelloActivity(10724): end add appType：0
06-24 16:31:53.559 D/ActivityManager(  657): Skipping, home or recents stack task: TaskRecord{333215f #15658 A=com.huawei.android.launcher U=0 StackId=0 sz=1}
06-24 16:31:53.559 D/ActivityManager(  657): Skipping intent:act=android.intent.action.MAIN cat=[android.intent.category.LAUNCHER] flg=0x10a00000 cmp=io.appium.settings/.Settings
06-24 16:31:53.559 D/ActivityManager(  657): Skipping intent:flg=0x10804000 cmp=com.android.systemui/.recents.RecentsActivity bnds=[48,928][1032,2296]
06-24 16:31:53.559 D/ActivityManager(  657): Skipping intent:flg=0x18800000 cmp=com.tencent.mm/.plugin.base.stub.WXPayEntryActivity
06-24 16:31:53.559 D/ActivityManager(  657): Skipping intent:flg=0x10800000 cmp=com.huawei.systemmanager/com.huawei.permissionmanager.ui.MainActivity
06-24 16:31:53.559 D/ActivityManager(  657): Skipping intent:flg=0x18800000 cmp=com.tencent.mm/.plugin.base.stub.WXEntryActivity
06-24 16:31:53.559 D/ActivityManager(  657): Skipping intent:act=com.huawei.action.VOICE_ASSISTANT flg=0x10800000 pkg=com.huawei.vassistant cmp=com.huawei.vassistant/.ui.main.VAssistantActivity
06-24 16:31:53.559 D/ActivityManager(  657): Skipping intent:act=com.huawei.android.launcher.action.ACCESS_SPLIT_SCREEN_APP cat=[android.intent.category.DEFAULT] flg=0x10804000 cmp=com.huawei.android.launcher/.splitscreen.SplitScreenAppActivity
06-24 16:31:53.559 D/ActivityManager(  657): Skipping intent:flg=0x10800000 pkg=com.excelliance.dualaid.b64 cmp=com.excelliance.dualaid.b64/com.excelliance.kxqp.sdk.PermissionRequestActivity
06-24 16:31:53.559 D/ActivityManager(  657): Skipping intent:act=android.intent.action.VIEW dat=content://com.excelliance.dualaid.fileProvider/external_storage_root/Download/apk/Multiple_64.apk typ=application/vnd.android.package-archive flg=0x10800001 cmp=com.android.packageinstaller/.InstallStart
06-24 16:31:53.559 D/ActivityManager(  657): Skipping intent:flg=0x10800000 cmp=com.android.systemui/.usb.HwUsbDebuggingActivity
06-24 16:31:53.559 D/ActivityManager(  657): Skipping intent:act=android.deviceinfo.chooser.action.LAUNCH flg=0x10800000 hwFlg=0x100 pkg=com.android.settings cmp=com.android.settings/.deviceinfo.UsbConnModeChooserActivity
06-24 16:31:53.559 D/ActivityManager(  657): Skipping intent:flg=0x10800000 cmp=com.zol.android/.push.KeepLiveActivity
06-24 16:31:53.559 D/ActivityManager(  657): Skipping intent:act=android.intent.action.MAIN cat=[android.intent.category.HOME] flg=0x10800300 cmp=com.android.settings/.FallbackHome
06-24 16:31:53.562 I/zygote  (10724): Do partial code cache collection, code=63KB, data=51KB
06-24 16:31:53.562 I/zygote  (10724): After code cache collection, code=62KB, data=51KB
06-24 16:31:53.562 I/zygote  (10724): Increasing code cache capacity to 256KB
06-24 16:31:53.566 D/HelloActivity(10724): onSuccess: respone:{"code":1,"message":"success","data":{"switch":1},"service":"onekeyswitch"}
06-24 16:31:53.575 D/ActivityThread(10724): add activity client record, r= ActivityRecord{2c2a792 token=android.os.BinderProxy@f7a1593 {com.excelliance.dualaid/com.excelliance.kxqp.ui.HelloActivity}} token= android.os.BinderProxy@f7a1593
06-24 16:31:53.578 D/OpenGLRenderer(10724):   HWUI Binary is  enabled
06-24 16:31:53.579 V/WindowManager(  657): Adding Window{e9f00da u0 com.excelliance.dualaid/com.excelliance.kxqp.ui.HelloActivity} to AppWindowToken{9ddecd token=Token{e6bbc64 ActivityRecord{f2cc5f7 u0 com.excelliance.dualaid/com.excelliance.kxqp.ui.HelloActivity t16050}}}
06-24 16:31:53.579 V/WindowManager(  657): addWindow: New client android.os.BinderProxy@851a85: window=Window{e9f00da u0 com.excelliance.dualaid/com.excelliance.kxqp.ui.HelloActivity} Callers=com.android.server.wm.HwWindowManagerService.addWindow:562 com.android.server.wm.Session.addToDisplay:199 android.view.IWindowSession$Stub.onTransact:124 com.android.server.wm.Session.onTransact:161 android.os.Binder.execTransact:675 
06-24 16:31:53.580 V/MainActivity(10724): onWindowFocusChanged: false
06-24 16:31:53.580 D/MainActivity(10724): onWindowFocusChanged: end
06-24 16:31:53.581 D/HelloActivity(10724): upload: com.tencent.mm,com.tencent.mobileqq,com.ifreetalk.ftalk
06-24 16:31:53.583 D/OpenGLRenderer(10724):   HWUI Binary is  enabled
06-24 16:31:53.583 E/SmtServService(10749): firststartcom.tencent.mm,com.tencent.mobileqq,com.ifreetalk.ftalk
06-24 16:31:53.604 D/VersionManager(10749): xml=<?xml version="1.0" encoding="utf-8"?><upinfo></upinfo>
06-24 16:31:53.605 V/WindowManager(  657): Checking 1 opening apps (frozen=false timeout=false)...
06-24 16:31:53.605 V/WindowManager(  657): Check opening app=AppWindowToken{9ddecd token=Token{e6bbc64 ActivityRecord{f2cc5f7 u0 com.excelliance.dualaid/com.excelliance.kxqp.ui.HelloActivity t16050}}}: allDrawn=false startingDisplayed=false startingMoved=false isRelaunching()=false
06-24 16:31:53.607 V/HwPhoneWindowManager(  657): updateSystemUiColorLw window=Window{e9f00da u0 com.excelliance.dualaid/com.excelliance.kxqp.ui.HelloActivity},EmuiStyle=0,StatusBarColor=0x0,NavigationBarColor=0xff000000, mLastIsEmuiLightStyle=-1
06-24 16:31:53.608 I/WindowManager(  657): notifyAccessibilityButtonVisibilityChanged visible:false
06-24 16:31:53.608 D/HwPhoneWindowManager(  657): Transact:setSystemUIColor to status bar service
06-24 16:31:53.608 I/CommandQueue( 1513): updateBarBgColor
06-24 16:31:53.608 D/CommandQueue( 1513): CommandQueue, setBarBackgroundColor
06-24 16:31:53.609 V/WindowManager(  657): Checking 1 opening apps (frozen=false timeout=false)...
06-24 16:31:53.609 V/WindowManager(  657): Check opening app=AppWindowToken{9ddecd token=Token{e6bbc64 ActivityRecord{f2cc5f7 u0 com.excelliance.dualaid/com.excelliance.kxqp.ui.HelloActivity t16050}}}: allDrawn=false startingDisplayed=false startingMoved=false isRelaunching()=false
06-24 16:31:53.609 W/ActivityManager(  657): Sending non-protected broadcast huawei.action.floattasks.STATUS_BAR_STATE_CHANGED from system 1513:com.android.systemui/u0a39 pkg com.android.systemui
06-24 16:31:53.610 D/TintManager( 1513): statusBarIconTint=#99FFFFFF,navigationBarIconTint=#FF000000
06-24 16:31:53.612 D/mali_winsys(10724): EGLint new_window_surface(egl_winsys_display *, void *, EGLSurface, EGLConfig, egl_winsys_surface **, egl_color_buffer_format *, EGLBoolean) returns 0x3000
06-24 16:31:53.612 I/GRALLOC (  679): 	 shrFd=10,fmt=0x1,intFmt=0x200000001,btStrd=4352,size=8486912,pid=679 
06-24 16:31:53.612 I/GRALLOC (  679): 	 yuv=2,w=1080,h=1920,Stride u=0 v=0,offset u=0 v=0 
06-24 16:31:53.612 I/GRALLOC (  679): 	 iova_size=8486912,conUsg=0x900,proUsg=0x900,	 strd=1088,[afbc]HdrStrd=1088 PyldStrd=69632 Scrmbl=2,ionhnd = 1 
06-24 16:31:53.614 I/GRALLOC (  679): 	 shrFd=10,fmt=0x1,intFmt=0x200000001,btStrd=4352,size=8486912,pid=679 
06-24 16:31:53.614 I/GRALLOC (  679): 	 yuv=2,w=1080,h=1920,Stride u=0 v=0,offset u=0 v=0 
06-24 16:31:53.614 I/GRALLOC (  679): 	 iova_size=8486912,conUsg=0x900,proUsg=0x900,	 strd=1088,[afbc]HdrStrd=1088 PyldStrd=69632 Scrmbl=2,ionhnd = 1 
06-24 16:31:53.614 W//system/bin/hwservicemanager(  416): Cannot open /odm/manifest.xml
06-24 16:31:53.615 V/WindowManager(  657): Checking 1 opening apps (frozen=false timeout=false)...
06-24 16:31:53.615 V/WindowManager(  657): Check opening app=AppWindowToken{9ddecd token=Token{e6bbc64 ActivityRecord{f2cc5f7 u0 com.excelliance.dualaid/com.excelliance.kxqp.ui.HelloActivity t16050}}}: allDrawn=false startingDisplayed=false startingMoved=false isRelaunching()=false
06-24 16:31:53.616 I/GRALLOC (  679): 	 shrFd=10,fmt=0x1,intFmt=0x200000001,btStrd=4352,size=8486912,pid=679 
06-24 16:31:53.616 I/GRALLOC (  679): 	 yuv=2,w=1080,h=1920,Stride u=0 v=0,offset u=0 v=0 
06-24 16:31:53.616 I/GRALLOC (  679): 	 iova_size=8486912,conUsg=0x900,proUsg=0x900,	 strd=1088,[afbc]HdrStrd=1088 PyldStrd=69632 Scrmbl=2,ionhnd = 1 
06-24 16:31:53.629 W/InputMethodManager(10724): startInputReason = 1
06-24 16:31:53.630 D/PMS11423(  657): package:com.android.mms, input flags:0, output hwFlags:0
06-24 16:31:53.631 D/PMS11423(  657): package:com.android.settings, input flags:0, output hwFlags:0
06-24 16:31:53.631 I/wangchen( 7035): SysInfo.getSysParam: orientation=1||config d=3.0,w=1080,h=1920||metrics d=3.0,w=1080,h=1920||sdk=26,bar_h=72
06-24 16:31:53.631 I/KeymapLoader( 7035): w=1080 h=1920 ori=true appScale=3.3 s1=3.0
06-24 16:31:53.631 D/PMS11423(  657): package:com.android.contacts, input flags:0, output hwFlags:0
06-24 16:31:53.646 D/PMS1000 (  657): package:com.excelliance.dualaid, input flags:8192, output hwFlags:0
06-24 16:31:53.647 W/HSM     ( 1813): HoldService:toast switch is close!
06-24 16:31:53.648 D/ApplicationPackageManager(10724): getInstalledApplications blocked
06-24 16:31:53.648 D/HsmInterfaceImpl(10724): List [ApplicationInfo{eb33652 com.huawei.hifolder}, ApplicationInfo{2474d23 com.github.shadowsocks}, ApplicationInfo{deeb220 com.excelliance.dualaid}]
06-24 16:31:53.656 D/PMS11423(  657): package:com.tencent.tmgp.qqx5, input flags:0, output hwFlags:0
06-24 16:31:53.656 I/GRALLOC (  679): 	 shrFd=10,fmt=0x1,intFmt=0x200000001,btStrd=4352,size=8486912,pid=679 
06-24 16:31:53.656 I/GRALLOC (  679): 	 yuv=2,w=1080,h=1920,Stride u=0 v=0,offset u=0 v=0 
06-24 16:31:53.656 I/GRALLOC (  679): 	 iova_size=8486912,conUsg=0xb00,proUsg=0xb00,	 strd=1088,[afbc]HdrStrd=1088 PyldStrd=69632 Scrmbl=2,ionhnd = 1 
06-24 16:31:53.656 D/PMS11423(  657): package:com.huawei.android.pushagent, input flags:0, output hwFlags:0
06-24 16:31:53.656 D/PMS11423(  657): package:com.huawei.appmarket, input flags:0, output hwFlags:0
06-24 16:31:53.657 D/PMS11423(  657): package:com.wandoujia.phoenix2, input flags:0, output hwFlags:0
06-24 16:31:53.657 D/PMS11423(  657): package:com.tencent.mm, input flags:0, output hwFlags:0
06-24 16:31:53.657 D/PMS11423(  657): package:com.android.providers.media, input flags:0, output hwFlags:0
06-24 16:31:53.657 D/PMS11423(  657): package:com.huawei.vassistant, input flags:0, output hwFlags:0
06-24 16:31:53.658 D/PMS11423(  657): package:com.android.contacts, input flags:0, output hwFlags:0
06-24 16:31:53.658 D/PMS11423(  657): package:com.facebook.katana, input flags:0, output hwFlags:0
06-24 16:31:53.658 D/PMS11423(  657): package:com.huawei.hidisk, input flags:0, output hwFlags:536870912
06-24 16:31:53.658 D/PMS11423(  657): package:com.huawei.trustcircle, input flags:0, output hwFlags:0
06-24 16:31:53.658 D/PMS11423(  657): package:com.jingdong.app.mall, input flags:0, output hwFlags:0
06-24 16:31:53.658 D/PMS11423(  657): package:com.tencent.mobileqq, input flags:0, output hwFlags:0
06-24 16:31:53.658 D/PMS11423(  657): package:com.zol.android, input flags:0, output hwFlags:0
06-24 16:31:53.659 D/PMS11423(  657): package:com.huawei.hiskytone, input flags:0, output hwFlags:603979776
06-24 16:31:53.659 D/PMS11423(  657): package:com.huawei.hwid, input flags:0, output hwFlags:0
06-24 16:31:53.659 D/PMS11423(  657): package:com.sina.weibo, input flags:0, output hwFlags:0
06-24 16:31:53.659 D/PMS11423(  657): package:com.antutu.ABenchMark, input flags:0, output hwFlags:0
06-24 16:31:53.659 D/PMS11423(  657): package:com.sankuai.meituan.takeoutnew, input flags:0, output hwFlags:0
06-24 16:31:53.659 D/PMS11423(  657): package:com.vmall.client, input flags:0, output hwFlags:67108864
06-24 16:31:53.659 D/PMS11423(  657): package:com.android.browser, input flags:0, output hwFlags:0
06-24 16:31:53.660 D/PMS11423(  657): package:com.eg.android.AlipayGphone, input flags:0, output hwFlags:0
06-24 16:31:53.660 D/PMS11423(  657): package:com.android.mediacenter, input flags:0, output hwFlags:0
06-24 16:31:53.660 D/PMS11423(  657): package:com.huawei.himovie, input flags:0, output hwFlags:0
06-24 16:31:53.660 D/PMS11423(  657): package:com.huawei.hnreader, input flags:0, output hwFlags:67108864
06-24 16:31:53.660 D/PMS11423(  657): package:com.twitter.android, input flags:0, output hwFlags:0
06-24 16:31:53.660 D/PMS11423(  657): package:com.baidu.input_huawei, input flags:0, output hwFlags:0
06-24 16:31:53.660 D/PMS11423(  657): package:com.google.android.gms, input flags:0, output hwFlags:0
06-24 16:31:53.661 D/PMS11423(  657): package:com.sankuai.meituan, input flags:0, output hwFlags:0
06-24 16:31:53.661 D/PMS11423(  657): package:com.tencent.news, input flags:0, output hwFlags:0
06-24 16:31:53.661 D/PMS11423(  657): package:com.iflytek.speechsuite, input flags:0, output hwFlags:0
06-24 16:31:53.661 D/PMS11423(  657): package:com.qzone, input flags:0, output is null
06-24 16:31:53.661 D/PMS11423(  657): package:com.tencent.android.qqdownloader, input flags:0, output hwFlags:0
06-24 16:31:53.661 D/PMS11423(  657): package:com.tencent.now, input flags:0, output is null
06-24 16:31:53.662 D/PMS11423(  657): package:com.ifreetalk.ftalk, input flags:0, output hwFlags:0
06-24 16:31:53.662 D/PMS11423(  657): package:com.taobao.taobao, input flags:0, output hwFlags:0
06-24 16:31:53.662 D/PMS11423(  657): package:com.android.gallery3d, input flags:0, output hwFlags:0
06-24 16:31:53.662 D/PMS11423(  657): package:com.pp.assistant, input flags:0, output hwFlags:0
06-24 16:31:53.662 D/PMS11423(  657): package:com.oppo.market, input flags:0, output hwFlags:0
06-24 16:31:53.662 D/PMS11423(  657): package:com.excean.wxaid, input flags:0, output hwFlags:0
06-24 16:31:53.662 D/PMS11423(  657): package:com.huawei.intelligent, input flags:0, output hwFlags:0
06-24 16:31:53.663 D/PMS11423(  657): package:com.google.android.backuptransport, input flags:0, output hwFlags:0
06-24 16:31:53.663 D/PMS11423(  657): package:com.huawei.skytone, input flags:0, output hwFlags:0
06-24 16:31:53.663 D/PMS11423(  657): package:com.estrongs.android.pop, input flags:0, output hwFlags:0
06-24 16:31:53.663 D/PMS11423(  657): package:com.redfinger.app, input flags:0, output hwFlags:0
06-24 16:31:53.663 D/PMS11423(  657): package:com.android.vending, input flags:0, output hwFlags:0
06-24 16:31:53.663 D/PMS11423(  657): package:org.hapjs.mockup, input flags:0, output hwFlags:0
06-24 16:31:53.664 D/PMS11423(  657): package:com.huawei.gamebox, input flags:0, output hwFlags:603979776
06-24 16:31:53.664 D/PMS11423(  657): package:com.tencent.tmgp.pubgmhd-ext, input flags:0, output is null
06-24 16:31:53.664 D/WindowManager(  657): finishDrawingWindow: Window{e9f00da u0 com.excelliance.dualaid/com.excelliance.kxqp.ui.HelloActivity} mDrawState=DRAW_PENDING
06-24 16:31:53.664 D/PMS11423(  657): package:com.stickgame.los2, input flags:0, output hwFlags:0
06-24 16:31:53.664 D/PMS11423(  657): package:com.qihoo.appstore, input flags:0, output hwFlags:0
06-24 16:31:53.664 D/PMS11423(  657): package:com.huawei.android.thememanager, input flags:0, output hwFlags:0
06-24 16:31:53.665 D/PMS11423(  657): package:com.excean.parallelspace, input flags:0, output hwFlags:0
06-24 16:31:53.665 D/PMS11423(  657): package:com.UCMobile, input flags:0, output hwFlags:0
06-24 16:31:53.665 D/PMS11423(  657): package:com.bbk.appstore, input flags:0, output hwFlags:0
06-24 16:31:53.665 D/PMS11423(  657): package:com.excean.ppaid, input flags:0, output hwFlags:0
06-24 16:31:53.665 D/PMS11423(  657): package:com.netease.blockchain, input flags:0, output hwFlags:0
06-24 16:31:53.666 D/PMS11423(  657): package:com.huawei.camera, input flags:0, output hwFlags:0
06-24 16:31:53.666 D/PMS11423(  657): package:com.sinovatech.unicom.ui, input flags:0, output hwFlags:0
06-24 16:31:53.666 V/WindowManager(  657): Checking 1 opening apps (frozen=false timeout=false)...
06-24 16:31:53.666 V/WindowManager(  657): Check opening app=AppWindowToken{9ddecd token=Token{e6bbc64 ActivityRecord{f2cc5f7 u0 com.excelliance.dualaid/com.excelliance.kxqp.ui.HelloActivity t16050}}}: allDrawn=true startingDisplayed=false startingMoved=false isRelaunching()=false
06-24 16:31:53.666 D/PMS11423(  657): package:com.huawei.phoneservice, input flags:0, output hwFlags:0
06-24 16:31:53.666 D/PMS11423(  657): package:com.crisisfire.android.nearme.gamecenter, input flags:0, output hwFlags:0
06-24 16:31:53.666 D/PMS11423(  657): package:com.antutu.benchmark.full, input flags:0, output hwFlags:0
06-24 16:31:53.666 D/PMS11423(  657): package:com.xunmeng.pinduoduo, input flags:0, output hwFlags:0
06-24 16:31:53.666 D/PMS11423(  657): package:com.zhuowang.cloneapp, input flags:0, output hwFlags:0
06-24 16:31:53.667 D/PMS11423(  657): package:com.excean.parallelspace.b64, input flags:0, output hwFlags:0
06-24 16:31:53.667 D/PMS11423(  657): package:com.excelliance.multiaccounts.b64, input flags:0, output hwFlags:0
06-24 16:31:53.667 D/PMS11423(  657): package:com.xiangyou.multispace, input flags:0, output hwFlags:0
06-24 16:31:53.667 D/PMS11423(  657): package:com.youlong.multiaccount, input flags:0, output hwFlags:0
06-24 16:31:53.667 D/PMS11423(  657): package:com.gameloft.android.ANMP.GloftA9HM, input flags:0, output hwFlags:0
06-24 16:31:53.667 D/PMS11423(  657): package:com.excelliance.dualaid.b64, input flags:0, output hwFlags:0
06-24 16:31:53.667 D/AddGameData(10724): switch_uninstall: 70
06-24 16:31:53.670 D/PMS1000 (  657): package:com.excelliance.dualaid, input flags:8192, output hwFlags:0
06-24 16:31:53.671 W/HSM     ( 1813): HoldService:toast switch is close!
06-24 16:31:53.672 I/ActivityManager(  657): Displayed com.excelliance.dualaid/com.excelliance.kxqp.ui.HelloActivity: +214ms
06-24 16:31:53.672 D/ApplicationPackageManager(10724): queryIntentActivitiesAsUser blocked, Intent { act=android.intent.action.MAIN cat=[android.intent.category.LAUNCHER] pkg=com.huawei.hifolder }
06-24 16:31:53.672 D/HsmInterfaceImpl(10724): List []
06-24 16:31:53.674 V/WindowManager(  657): Checking 0 opening apps (frozen=false timeout=false)...
06-24 16:31:53.676 D/BarTransitions.HwPhoneStatusBarView( 1513): MODE_TRANSLUCENT -> MODE_TRANSPARENT animate=false
06-24 16:31:53.676 D/BarTransitions.HwPhoneStatusBarView( 1513): applyModeBackground oldMode=MODE_TRANSLUCENT newMode=MODE_TRANSPARENT animate=false
06-24 16:31:53.678 D/PMS1000 (  657): package:com.excelliance.dualaid, input flags:8192, output hwFlags:0
06-24 16:31:53.679 I/GRALLOC (  679): 	 shrFd=10,fmt=0x1,intFmt=0x200000001,btStrd=4352,size=8486912,pid=679 
06-24 16:31:53.679 I/GRALLOC (  679): 	 yuv=2,w=1080,h=1920,Stride u=0 v=0,offset u=0 v=0 
06-24 16:31:53.679 I/GRALLOC (  679): 	 iova_size=8486912,conUsg=0xb00,proUsg=0xb00,	 strd=1088,[afbc]HdrStrd=1088 PyldStrd=69632 Scrmbl=2,ionhnd = 1 
06-24 16:31:53.681 W/HSM     ( 1813): HoldService:toast switch is close!
06-24 16:31:53.682 D/ApplicationPackageManager(10724): queryIntentActivitiesAsUser blocked, Intent { act=android.intent.action.MAIN cat=[android.intent.category.LAUNCHER] pkg=com.github.shadowsocks }
06-24 16:31:53.682 D/HsmInterfaceImpl(10724): List [ResolveInfo{da7c7d9 com.github.shadowsocks/.MainActivity m=0x108000}]
06-24 16:31:53.694 D/BarTransitions.HwNavigationBarView( 1513): MODE_OPAQUE -> MODE_TRANSPARENT animate=false
06-24 16:31:53.694 D/BarTransitions.HwNavigationBarView( 1513): applyModeBackground oldMode=MODE_OPAQUE newMode=MODE_TRANSPARENT animate=false
06-24 16:31:53.695 I/GRALLOC (  679): 	 shrFd=10,fmt=0x1,intFmt=0x200000001,btStrd=4352,size=8486912,pid=679 
06-24 16:31:53.695 I/GRALLOC (  679): 	 yuv=2,w=1080,h=1920,Stride u=0 v=0,offset u=0 v=0 
06-24 16:31:53.695 I/GRALLOC (  679): 	 iova_size=8486912,conUsg=0xb00,proUsg=0xb00,	 strd=1088,[afbc]HdrStrd=1088 PyldStrd=69632 Scrmbl=2,ionhnd = 1 
06-24 16:31:53.701 E/BufferQueueProducer(  710): [com.excelliance.dualaid/com.excelliance.kxqp.swipe.NavActivity2#0] disconnect: not connected (req=1)
06-24 16:31:53.701 W/libEGL  (10724): EGLNativeWindowType 0xd0cc4808 disconnect failed
06-24 16:31:53.714 W/HSM     ( 1813): HoldService:toast switch is close!
06-24 16:31:53.715 D/ApplicationPackageManager(10724): queryIntentActivitiesAsUser blocked, Intent { act=android.intent.action.MAIN cat=[android.intent.category.LAUNCHER] pkg=com.excelliance.dualaid }
06-24 16:31:53.716 D/HsmInterfaceImpl(10724): List [ResolveInfo{537987f com.excelliance.dualaid/com.excelliance.kxqp.ui.HelloActivity m=0x108000}]
06-24 16:31:53.747 D/PMS1000 (  657): package:com.excelliance.dualaid, input flags:8192, output hwFlags:0
06-24 16:31:53.748 W/HSM     ( 1813): HoldService:toast switch is close!
06-24 16:31:53.749 D/ApplicationPackageManager(10724): queryIntentActivitiesAsUser blocked, Intent { act=android.intent.action.MAIN cat=[android.intent.category.LAUNCHER] pkg=com.tencent.tmgp.qqx5 }
06-24 16:31:53.749 D/HsmInterfaceImpl(10724): List [ResolveInfo{7c40895 com.tencent.tmgp.qqx5/.DGMMainActivity m=0x108000}]
06-24 16:31:53.772 D/HwRecentsLockUtils( 1513): Search
06-24 16:31:53.772 E/HsmCoreServiceImpl( 1478): onTransact in code is: 103
06-24 16:31:53.772 I/MediaProcessHandler( 1478): playingUids: 
06-24 16:31:53.773 D/ActivityManager(  657): Skipping, home or recents stack task: TaskRecord{333215f #15658 A=com.huawei.android.launcher U=0 StackId=0 sz=1}
06-24 16:31:53.773 D/ActivityManager(  657): Skipping intent:act=android.intent.action.MAIN cat=[android.intent.category.LAUNCHER] flg=0x10a00000 cmp=io.appium.settings/.Settings
06-24 16:31:53.773 D/ActivityManager(  657): Skipping intent:flg=0x10804000 cmp=com.android.systemui/.recents.RecentsActivity bnds=[48,928][1032,2296]
06-24 16:31:53.773 D/ActivityManager(  657): Skipping intent:flg=0x18800000 cmp=com.tencent.mm/.plugin.base.stub.WXPayEntryActivity
06-24 16:31:53.773 D/ActivityManager(  657): Skipping intent:flg=0x10800000 cmp=com.huawei.systemmanager/com.huawei.permissionmanager.ui.MainActivity
06-24 16:31:53.773 D/ActivityManager(  657): Skipping intent:flg=0x18800000 cmp=com.tencent.mm/.plugin.base.stub.WXEntryActivity
06-24 16:31:53.773 D/ActivityManager(  657): Skipping intent:act=com.huawei.action.VOICE_ASSISTANT flg=0x10800000 pkg=com.huawei.vassistant cmp=com.huawei.vassistant/.ui.main.VAssistantActivity
06-24 16:31:53.773 D/ActivityManager(  657): Skipping intent:act=com.huawei.android.launcher.action.ACCESS_SPLIT_SCREEN_APP cat=[android.intent.category.DEFAULT] flg=0x10804000 cmp=com.huawei.android.launcher/.splitscreen.SplitScreenAppActivity
06-24 16:31:53.773 D/ActivityManager(  657): Skipping intent:flg=0x10800000 pkg=com.excelliance.dualaid.b64 cmp=com.excelliance.dualaid.b64/com.excelliance.kxqp.sdk.PermissionRequestActivity
06-24 16:31:53.773 D/ActivityManager(  657): Skipping intent:act=android.intent.action.VIEW dat=content://com.excelliance.dualaid.fileProvider/external_storage_root/Download/apk/Multiple_64.apk typ=application/vnd.android.package-archive flg=0x10800001 cmp=com.android.packageinstaller/.InstallStart
06-24 16:31:53.773 D/ActivityManager(  657): Skipping intent:flg=0x10800000 cmp=com.android.systemui/.usb.HwUsbDebuggingActivity
06-24 16:31:53.773 D/ActivityManager(  657): Skipping intent:act=android.deviceinfo.chooser.action.LAUNCH flg=0x10800000 hwFlg=0x100 pkg=com.android.settings cmp=com.android.settings/.deviceinfo.UsbConnModeChooserActivity
06-24 16:31:53.773 D/ActivityManager(  657): Skipping intent:flg=0x10800000 cmp=com.zol.android/.push.KeepLiveActivity
06-24 16:31:53.773 D/ActivityManager(  657): Skipping intent:act=android.intent.action.MAIN cat=[android.intent.category.HOME] flg=0x10800300 cmp=com.android.settings/.FallbackHome
06-24 16:31:53.796 D/PMS1000 (  657): package:com.excelliance.dualaid, input flags:8192, output hwFlags:0
06-24 16:31:53.797 W/HSM     ( 1813): HoldService:toast switch is close!
06-24 16:31:53.797 D/ApplicationPackageManager(10724): queryIntentActivitiesAsUser blocked, Intent { act=android.intent.action.MAIN cat=[android.intent.category.LAUNCHER] pkg=com.huawei.android.pushagent }
06-24 16:31:53.797 D/HsmInterfaceImpl(10724): List []
06-24 16:31:53.800 W/HSM     ( 1813): HoldService:toast switch is close!
06-24 16:31:53.800 D/ApplicationPackageManager(10724): queryIntentActivitiesAsUser blocked, Intent { act=android.intent.action.MAIN cat=[android.intent.category.LAUNCHER] pkg=com.huawei.appmarket }
06-24 16:31:53.801 D/HsmInterfaceImpl(10724): List [ResolveInfo{8b73d9b com.huawei.appmarket/.MainActivity m=0x108000}]
06-24 16:31:53.804 E/asset   (10724): createFromFile(): lock file /data/resource-cache/system@emui@base@overlay@frameworkhwexthonor@frameworkhwexthonor.apk@idmap.
06-24 16:31:53.804 E/asset   (10724): createFromFile(): lock file /data/resource-cache/system@emui@base@overlay@frameworkhwexthonor@frameworkhwexthonor.apk@idmap.
06-24 16:31:53.805 W/ResourceType(10724): Found multiple library tables, ignoring...
06-24 16:31:53.834 W/HSM     ( 1813): HoldService:toast switch is close!
06-24 16:31:53.835 D/ApplicationPackageManager(10724): queryIntentActivitiesAsUser blocked, Intent { act=android.intent.action.MAIN cat=[android.intent.category.LAUNCHER] pkg=com.wandoujia.phoenix2 }
06-24 16:31:53.835 D/HsmInterfaceImpl(10724): List [ResolveInfo{67f8a76 com.wandoujia.phoenix2/com.pp.assistant.activity.PPMainActivity m=0x108000}]
06-24 16:31:53.861 D/PMS1000 (  657): package:com.excelliance.dualaid, input flags:8192, output hwFlags:0
06-24 16:31:53.862 W/HSM     ( 1813): HoldService:toast switch is close!
06-24 16:31:53.863 D/ApplicationPackageManager(10724): queryIntentActivitiesAsUser blocked, Intent { act=android.intent.action.MAIN cat=[android.intent.category.LAUNCHER] pkg=com.tencent.mm }
06-24 16:31:53.863 D/HsmInterfaceImpl(10724): List [ResolveInfo{222dce4 com.tencent.mm/.ui.LauncherUI m=0x108000}]
06-24 16:31:53.875 W/HSM     ( 1813): HoldService:toast switch is close!
06-24 16:31:53.876 D/ApplicationPackageManager(10724): queryIntentActivitiesAsUser blocked, Intent { act=android.intent.action.MAIN cat=[android.intent.category.LAUNCHER] pkg=com.android.providers.media }
06-24 16:31:53.876 D/HsmInterfaceImpl(10724): List []
06-24 16:31:53.878 W/HSM     ( 1813): HoldService:toast switch is close!
06-24 16:31:53.879 D/ApplicationPackageManager(10724): queryIntentActivitiesAsUser blocked, Intent { act=android.intent.action.MAIN cat=[android.intent.category.LAUNCHER] pkg=com.huawei.vassistant }
06-24 16:31:53.879 D/HsmInterfaceImpl(10724): List [ResolveInfo{47db54d com.huawei.vassistant/.ui.main.VAssistantActivity m=0x108000}]
06-24 16:31:53.883 V/ActivityManager(  657): Making visible and scheduling visibility: ActivityRecord{d5c9105 u0 com.huawei.android.launcher/.unihome.UniHomeLauncher t15658}
06-24 16:31:53.883 V/WindowManager(  657): No longer Stopped: AppWindowToken{d3a938b token=Token{377755a ActivityRecord{d5c9105 u0 com.huawei.android.launcher/.unihome.UniHomeLauncher t15658}}}
06-24 16:31:53.888 E/asset   (10724): createFromFile(): lock file /data/resource-cache/system@emui@base@overlay@frameworkhwexthonor@frameworkhwexthonor.apk@idmap.
06-24 16:31:53.888 E/asset   (10724): createFromFile(): lock file /data/resource-cache/system@emui@base@overlay@frameworkhwexthonor@frameworkhwexthonor.apk@idmap.
06-24 16:31:53.888 W/ResourceType(10724): Found multiple library tables, ignoring...
06-24 16:31:53.911 D/ActivityThread(10724): Remove activity client record, r= ActivityRecord{414755e token=android.os.BinderProxy@31abee5 {com.excelliance.dualaid/com.excelliance.kxqp.swipe.NavActivity2}} token= android.os.BinderProxy@31abee5
06-24 16:31:53.912 D/HwQoEUtils(  657): mForegroundAppPackageName: com.huawei.android.launcher ,score: 0
06-24 16:31:53.913 D/HwQoEUtils(  657): onForegroundAppWifiSleepChange: config:false, sleeptime:-1,type: 255, appname:com.huawei.android.launcher
06-24 16:31:53.913 D/HwQoEUtils(  657): APP type: 255 appName= com.huawei.android.launcher
06-24 16:31:53.913 V/WindowManager(  657): removeIfPossible: Window{95ea0c5 u0 com.excelliance.dualaid/com.excelliance.kxqp.swipe.NavActivity2} callers=com.android.server.wm.WindowState.removeIfPossible:1914 com.android.server.wm.WindowManagerService.removeWindow:2022 com.android.server.wm.Session.remove:218 android.view.IWindowSession$Stub.onTransact:242 com.android.server.wm.Session.onTransact:161 
06-24 16:31:53.913 D/HwQoEUtils(  657): no game, APP_TYPE_GAME, appName =com.huawei.android.launcher
06-24 16:31:53.914 I/WindowManager(  657): Destroying surface Surface(name=com.excelliance.dualaid/com.excelliance.kxqp.swipe.NavActivity2) called by com.android.server.wm.WindowStateAnimator.destroySurface:2060 com.android.server.wm.WindowStateAnimator.destroySurfaceLocked:873 com.android.server.wm.HwWindowStateAnimator.destroySurfaceLocked:1006 com.android.server.wm.WindowState.removeImmediately:1899 com.android.server.wm.WindowState.removeIfPossible:2051 com.android.server.wm.WindowState.removeIfPossible:1914 com.android.server.wm.WindowManagerService.removeWindow:2022 com.android.server.wm.Session.remove:218 
06-24 16:31:53.914 D/HwGameAssistantController(  657): pid=2519, uid=10056, foreground=true
06-24 16:31:53.914 V/WindowManager(  657): postWindowRemoveCleanupLocked: Window{95ea0c5 u0 com.excelliance.dualaid/com.excelliance.kxqp.swipe.NavActivity2}
06-24 16:31:53.914 V/WindowManager(  657): Removing Window{95ea0c5 u0 com.excelliance.dualaid/com.excelliance.kxqp.swipe.NavActivity2} from AppWindowToken{debab36 token=Token{ea2c4d1 ActivityRecord{66427f8 u0 com.excelliance.dualaid/com.excelliance.kxqp.swipe.NavActivity2 t16050}}}
06-24 16:31:53.918 I/HwNetworkPolicy(  657): onTransact, code = 203
06-24 16:31:53.919 W/AwareLog(  657): SchedLevelBoost: onFgActivitiesChanged config not set!
06-24 16:31:53.920 I/HwNetworkPolicyManager( 1813): getHwUidPolicy uid = 10056 policy = 0
06-24 16:31:53.920 V/WindowManager(  657): removeAppToken: AppWindowToken{debab36 token=Token{ea2c4d1 ActivityRecord{66427f8 u0 com.excelliance.dualaid/com.excelliance.kxqp.swipe.NavActivity2 t16050}}} delayed=false Callers=com.android.server.wm.DisplayContent.removeAppToken:985 com.android.server.wm.AppWindowContainerController.removeContainer:348 com.android.server.am.ActivityRecord.removeWindowContainer:1039 com.android.server.am.ActivityStack.removeActivityFromHistoryLocked:4491 
06-24 16:31:53.921 V/ActivityThread( 2519): Handle window ActivityRecord{4719bb8 token=android.os.BinderProxy@b3fca27 {com.huawei.android.launcher/com.huawei.android.launcher.unihome.UniHomeLauncher}} visibility: true
06-24 16:31:53.922 E/HwLauncher( 2519): SettingsEx , no such field.
06-24 16:31:53.922 W/HwLauncher( 2519): Clock getDataFormat the getSystemString failed.
06-24 16:31:53.930 D/PMS1000 (  657): package:com.excelliance.dualaid, input flags:8192, output hwFlags:0
06-24 16:31:53.931 W/HSM     ( 1813): HoldService:toast switch is close!
06-24 16:31:53.932 D/ApplicationPackageManager(10724): queryIntentActivitiesAsUser blocked, Intent { act=android.intent.action.MAIN cat=[android.intent.category.LAUNCHER] pkg=com.facebook.katana }
06-24 16:31:53.932 D/HsmInterfaceImpl(10724): List [ResolveInfo{ba2e350 com.facebook.katana/.LoginActivity m=0x108000}]
06-24 16:31:53.933 D/mali_winsys( 2519): EGLint new_window_surface(egl_winsys_display *, void *, EGLSurface, EGLConfig, egl_winsys_surface **, egl_color_buffer_format *, EGLBoolean) returns 0x3000
06-24 16:31:53.934 I/GRALLOC (  679): 	 shrFd=10,fmt=0x1,intFmt=0x200000001,btStrd=4352,size=8486912,pid=679 
06-24 16:31:53.934 I/GRALLOC (  679): 	 yuv=2,w=1080,h=1920,Stride u=0 v=0,offset u=0 v=0 
06-24 16:31:53.934 I/GRALLOC (  679): 	 iova_size=8486912,conUsg=0x900,proUsg=0x900,	 strd=1088,[afbc]HdrStrd=1088 PyldStrd=69632 Scrmbl=2,ionhnd = 1 
06-24 16:31:53.937 I/chatty  (  679): uid=1000(system) allocator@2.0-s identical 1 line
06-24 16:31:53.940 I/GRALLOC (  679): 	 shrFd=10,fmt=0x1,intFmt=0x200000001,btStrd=4352,size=8486912,pid=679 
06-24 16:31:53.940 I/GRALLOC (  679): 	 yuv=2,w=1080,h=1920,Stride u=0 v=0,offset u=0 v=0 
06-24 16:31:53.940 I/GRALLOC (  679): 	 iova_size=8486912,conUsg=0x900,proUsg=0x900,	 strd=1088,[afbc]HdrStrd=1088 PyldStrd=69632 Scrmbl=2,ionhnd = 1 
06-24 16:31:53.955 I/GRALLOC (  679): 	 shrFd=10,fmt=0x1,intFmt=0x200000001,btStrd=4352,size=8486912,pid=679 
06-24 16:31:53.955 I/GRALLOC (  679): 	 yuv=2,w=1080,h=1920,Stride u=0 v=0,offset u=0 v=0 
06-24 16:31:53.955 I/GRALLOC (  679): 	 iova_size=8486912,conUsg=0xb00,proUsg=0xb00,	 strd=1088,[afbc]HdrStrd=1088 PyldStrd=69632 Scrmbl=2,ionhnd = 1 
06-24 16:31:53.967 D/WindowManager(  657): finishDrawingWindow: Window{68d6975 u0 com.huawei.android.launcher/com.huawei.android.launcher.unihome.UniHomeLauncher} mDrawState=DRAW_PENDING
06-24 16:31:53.968 D/ImageWallpaper( 1513): onOffsetsChanged: xOffset=0.0, yOffset=0.0, xOffsetStep=0.0, yOffsetStep=0.0, xPixels=0, yPixels=0
06-24 16:31:53.969 D/ImageWallpaper( 1513): Suppressed drawFrame since redraw is not needed and offsets have not changed.sf=Rect(0, 0 - 2160, 1920)
06-24 16:31:53.969 D/ImageWallpaper( 1513): onVisibilityChanged: mVisible, visible=false, true
06-24 16:31:53.969 D/ImageWallpaper( 1513): Visibility changed to visible=true
06-24 16:31:53.969 D/ImageWallpaper( 1513): Suppressed drawFrame since redraw is not needed and offsets have not changed.sf=Rect(0, 0 - 2160, 1920)
06-24 16:31:53.975 E/asset   (10724): createFromFile(): lock file /data/resource-cache/system@emui@base@overlay@frameworkhwexthonor@frameworkhwexthonor.apk@idmap.
06-24 16:31:53.975 E/asset   (10724): createFromFile(): lock file /data/resource-cache/system@emui@base@overlay@frameworkhwexthonor@frameworkhwexthonor.apk@idmap.
06-24 16:31:53.975 W/ResourceType(10724): Found multiple library tables, ignoring...
06-24 16:31:54.003 E/asset   ( 2519): createFromFile(): lock file /data/resource-cache/system@emui@base@overlay@frameworkhwexthonor@frameworkhwexthonor.apk@idmap.
06-24 16:31:54.004 E/asset   ( 2519): createFromFile(): lock file /data/resource-cache/system@emui@base@overlay@frameworkhwexthonor@frameworkhwexthonor.apk@idmap.
06-24 16:31:54.004 W/ResourceType( 2519): Found multiple library tables, ignoring...
06-24 16:31:54.006 D/PMS1000 (  657): package:com.excelliance.dualaid, input flags:8192, output hwFlags:0
06-24 16:31:54.007 W/HSM     ( 1813): HoldService:toast switch is close!
06-24 16:31:54.007 D/ApplicationPackageManager(10724): queryIntentActivitiesAsUser blocked, Intent { act=android.intent.action.MAIN cat=[android.intent.category.LAUNCHER] pkg=com.huawei.trustcircle }
06-24 16:31:54.008 D/HsmInterfaceImpl(10724): List []
06-24 16:31:54.011 W/HSM     ( 1813): HoldService:toast switch is close!
06-24 16:31:54.011 D/ApplicationPackageManager(10724): queryIntentActivitiesAsUser blocked, Intent { act=android.intent.action.MAIN cat=[android.intent.category.LAUNCHER] pkg=com.jingdong.app.mall }
06-24 16:31:54.012 D/HsmInterfaceImpl(10724): List [ResolveInfo{edae47c com.jingdong.app.mall/.main.MainActivity m=0x108000}]
06-24 16:31:54.012 D/HwFLClassLoader( 2519): USE_FEATURE_LIST had not init! 
06-24 16:31:54.014 E/asset   ( 2519): createFromFile(): lock file /data/resource-cache/system@emui@base@overlay@frameworkhwexthonor@frameworkhwexthonor.apk@idmap.
06-24 16:31:54.014 E/asset   ( 2519): createFromFile(): lock file /data/resource-cache/system@emui@base@overlay@frameworkhwexthonor@frameworkhwexthonor.apk@idmap.
06-24 16:31:54.014 W/ResourceType( 2519): Found multiple library tables, ignoring...
06-24 16:31:54.050 D/PMS1000 (  657): package:com.excelliance.dualaid, input flags:8192, output hwFlags:0
06-24 16:31:54.051 W/HSM     ( 1813): HoldService:toast switch is close!
06-24 16:31:54.052 D/ApplicationPackageManager(10724): queryIntentActivitiesAsUser blocked, Intent { act=android.intent.action.MAIN cat=[android.intent.category.LAUNCHER] pkg=com.tencent.mobileqq }
06-24 16:31:54.052 D/HsmInterfaceImpl(10724): List [ResolveInfo{78e655a com.tencent.mobileqq/.activity.SplashActivity m=0x108000}]
06-24 16:31:54.065 W/HSM     ( 1813): HoldService:toast switch is close!
06-24 16:31:54.066 D/ApplicationPackageManager(10724): queryIntentActivitiesAsUser blocked, Intent { act=android.intent.action.MAIN cat=[android.intent.category.LAUNCHER] pkg=com.zol.android }
06-24 16:31:54.066 D/HsmInterfaceImpl(10724): List [ResolveInfo{81ec38b com.zol.android/.ui.FirstActivity m=0x108000}]
06-24 16:31:54.092 W/HSM     ( 1813): HoldService:toast switch is close!
06-24 16:31:54.093 D/ApplicationPackageManager(10724): queryIntentActivitiesAsUser blocked, Intent { act=android.intent.action.MAIN cat=[android.intent.category.LAUNCHER] pkg=com.huawei.hiskytone }
06-24 16:31:54.093 D/HsmInterfaceImpl(10724): List [ResolveInfo{e11e881 com.huawei.hiskytone/com.huawei.skytone.account.welcome.SplashActivity m=0x108000}]
06-24 16:31:54.129 D/HwFLClassLoader( 2519): USE_FEATURE_LIST had not init! 
06-24 16:31:54.130 D/PMS1000 (  657): package:com.excelliance.dualaid, input flags:8192, output hwFlags:0
06-24 16:31:54.130 W/HSM     ( 1813): HoldService:toast switch is close!
06-24 16:31:54.131 D/ApplicationPackageManager(10724): queryIntentActivitiesAsUser blocked, Intent { act=android.intent.action.MAIN cat=[android.intent.category.LAUNCHER] pkg=com.huawei.hwid }
06-24 16:31:54.131 D/HsmInterfaceImpl(10724): List []
06-24 16:31:54.134 D/PMS1000 (  657): package:com.excelliance.dualaid, input flags:8192, output hwFlags:0
06-24 16:31:54.135 W/HSM     ( 1813): HoldService:toast switch is close!
06-24 16:31:54.135 D/ApplicationPackageManager(10724): queryIntentActivitiesAsUser blocked, Intent { act=android.intent.action.MAIN cat=[android.intent.category.LAUNCHER] pkg=com.sina.weibo }
06-24 16:31:54.136 D/HsmInterfaceImpl(10724): List [ResolveInfo{7694714 com.sina.weibo/.SplashActivity m=0x108000}]
06-24 16:31:54.146 E/asset   ( 2519): createFromFile(): lock file /data/resource-cache/system@emui@base@overlay@frameworkhwexthonor@frameworkhwexthonor.apk@idmap.
06-24 16:31:54.146 E/asset   ( 2519): createFromFile(): lock file /data/resource-cache/system@emui@base@overlay@frameworkhwexthonor@frameworkhwexthonor.apk@idmap.
06-24 16:31:54.146 W/ResourceType( 2519): Found multiple library tables, ignoring...
06-24 16:31:54.151 D/HwFLClassLoader( 2519): USE_FEATURE_LIST had not init! 
06-24 16:31:54.193 W/HSM     ( 1813): HoldService:toast switch is close!
06-24 16:31:54.193 D/ApplicationPackageManager(10724): queryIntentActivitiesAsUser blocked, Intent { act=android.intent.action.MAIN cat=[android.intent.category.LAUNCHER] pkg=com.antutu.ABenchMark }
06-24 16:31:54.193 D/HsmInterfaceImpl(10724): List [ResolveInfo{57445b2 com.antutu.ABenchMark/.ABenchMarkStart m=0x108000}]
06-24 16:31:54.220 W/HSM     ( 1813): HoldService:toast switch is close!
06-24 16:31:54.221 D/ApplicationPackageManager(10724): queryIntentActivitiesAsUser blocked, Intent { act=android.intent.action.MAIN cat=[android.intent.category.LAUNCHER] pkg=com.sankuai.meituan.takeoutnew }
06-24 16:31:54.221 D/HsmInterfaceImpl(10724): List [ResolveInfo{d5226b9 com.sankuai.meituan.takeoutnew/.ui.page.boot.WelcomeActivity m=0x108000}]
06-24 16:31:54.249 W/HSM     ( 1813): HoldService:toast switch is close!
06-24 16:31:54.250 D/ApplicationPackageManager(10724): queryIntentActivitiesAsUser blocked, Intent { act=android.intent.action.MAIN cat=[android.intent.category.LAUNCHER] pkg=com.vmall.client }
06-24 16:31:54.250 D/HsmInterfaceImpl(10724): List [ResolveInfo{8eb425f com.vmall.client/.splash.fragment.SplashActivity m=0x108000}]
06-24 16:31:54.277 W/HSM     ( 1813): HoldService:toast switch is close!
06-24 16:31:54.279 D/NetWorkUtils( 1513): mVSimCurCardType is -1
06-24 16:31:54.279 D/ApplicationPackageManager(10724): queryIntentActivitiesAsUser blocked, Intent { act=android.intent.action.MAIN cat=[android.intent.category.LAUNCHER] pkg=com.android.browser }
06-24 16:31:54.279 D/HsmInterfaceImpl(10724): List [ResolveInfo{27ad90a com.android.browser/com.tencent.mtt.SplashActivity m=0x108000}]
06-24 16:31:54.282 D/NetWorkUtils( 1513): mVSimCurCardType is -1
06-24 16:31:54.315 W/HSM     ( 1813): HoldService:toast switch is close!
06-24 16:31:54.315 D/ApplicationPackageManager(10724): queryIntentActivitiesAsUser blocked, Intent { act=android.intent.action.MAIN cat=[android.intent.category.LAUNCHER] pkg=com.eg.android.AlipayGphone }
06-24 16:31:54.315 D/HsmInterfaceImpl(10724): List [ResolveInfo{924f3f1 com.eg.android.AlipayGphone/.AlipayLogin m=0x108000}]
06-24 16:31:54.336 W/HSM     ( 1813): HoldService:toast switch is close!
06-24 16:31:54.337 D/ApplicationPackageManager(10724): queryIntentActivitiesAsUser blocked, Intent { act=android.intent.action.MAIN cat=[android.intent.category.LAUNCHER] pkg=com.android.mediacenter }
06-24 16:31:54.337 D/HsmInterfaceImpl(10724): List [ResolveInfo{f451e57 com.android.mediacenter/.PageActivity m=0x108000}]
06-24 16:31:54.341 E/asset   (10724): createFromFile(): lock file /data/resource-cache/system@emui@base@overlay@frameworkhwexthonor@frameworkhwexthonor.apk@idmap.
06-24 16:31:54.342 E/asset   (10724): createFromFile(): lock file /data/resource-cache/system@emui@base@overlay@frameworkhwexthonor@frameworkhwexthonor.apk@idmap.
06-24 16:31:54.342 W/ResourceType(10724): Found multiple library tables, ignoring...
06-24 16:31:54.373 W/HSM     ( 1813): HoldService:toast switch is close!
06-24 16:31:54.374 D/ApplicationPackageManager(10724): queryIntentActivitiesAsUser blocked, Intent { act=android.intent.action.MAIN cat=[android.intent.category.LAUNCHER] pkg=com.huawei.himovie }
06-24 16:31:54.374 D/HsmInterfaceImpl(10724): List [ResolveInfo{5a57f62 com.huawei.himovie/.ui.login.SplashScreenActivity m=0x108000}]
06-24 16:31:54.378 E/asset   (10724): createFromFile(): lock file /data/resource-cache/system@emui@base@overlay@frameworkhwexthonor@frameworkhwexthonor.apk@idmap.
06-24 16:31:54.378 E/asset   (10724): createFromFile(): lock file /data/resource-cache/system@emui@base@overlay@frameworkhwexthonor@frameworkhwexthonor.apk@idmap.
06-24 16:31:54.378 W/ResourceType(10724): Found multiple library tables, ignoring...
06-24 16:31:54.406 D/PMS1000 (  657): package:com.excelliance.dualaid, input flags:8192, output hwFlags:0
06-24 16:31:54.407 W/HSM     ( 1813): HoldService:toast switch is close!
06-24 16:31:54.408 D/ApplicationPackageManager(10724): queryIntentActivitiesAsUser blocked, Intent { act=android.intent.action.MAIN cat=[android.intent.category.LAUNCHER] pkg=com.huawei.hnreader }
06-24 16:31:54.408 D/HsmInterfaceImpl(10724): List [ResolveInfo{16d3029 com.huawei.hnreader/com.qq.reader.activity.SplashActivity m=0x108000}]
06-24 16:31:54.412 E/asset   (10724): createFromFile(): lock file /data/resource-cache/system@emui@base@overlay@frameworkhwexthonor@frameworkhwexthonor.apk@idmap.
06-24 16:31:54.412 E/asset   (10724): createFromFile(): lock file /data/resource-cache/system@emui@base@overlay@frameworkhwexthonor@frameworkhwexthonor.apk@idmap.
06-24 16:31:54.412 W/ResourceType(10724): Found multiple library tables, ignoring...
06-24 16:31:54.440 W/HSM     ( 1813): HoldService:toast switch is close!
06-24 16:31:54.441 D/ApplicationPackageManager(10724): queryIntentActivitiesAsUser blocked, Intent { act=android.intent.action.MAIN cat=[android.intent.category.LAUNCHER] pkg=com.twitter.android }
06-24 16:31:54.441 D/HsmInterfaceImpl(10724): List [ResolveInfo{c9a50dc com.twitter.android/.StartActivity m=0x108000}]
06-24 16:31:54.470 W/OpenGLRenderer( 2519): Incorrectly called buildLayer on View: ShortcutAndWidgetContainer, destroying layer...
06-24 16:31:54.470 W/OpenGLRenderer( 2519): Incorrectly called buildLayer on View: ShortcutAndWidgetContainer, destroying layer...
06-24 16:31:54.472 I/GRALLOC (  679): 	 shrFd=10,fmt=0x1,intFmt=0x200000001,btStrd=4352,size=8486912,pid=679 
06-24 16:31:54.472 I/GRALLOC (  679): 	 yuv=2,w=1080,h=1920,Stride u=0 v=0,offset u=0 v=0 
06-24 16:31:54.472 I/GRALLOC (  679): 	 iova_size=8486912,conUsg=0xb00,proUsg=0xb00,	 strd=1088,[afbc]HdrStrd=1088 PyldStrd=69632 Scrmbl=2,ionhnd = 1 
06-24 16:31:54.473 W/HSM     ( 1813): HoldService:toast switch is close!
06-24 16:31:54.474 D/ApplicationPackageManager(10724): queryIntentActivitiesAsUser blocked, Intent { act=android.intent.action.MAIN cat=[android.intent.category.LAUNCHER] pkg=com.baidu.input_huawei }
06-24 16:31:54.474 D/HsmInterfaceImpl(10724): List []
06-24 16:31:54.477 D/PMS1000 (  657): package:com.excelliance.dualaid, input flags:8192, output hwFlags:0
06-24 16:31:54.478 W/HSM     ( 1813): HoldService:toast switch is close!
06-24 16:31:54.478 D/ApplicationPackageManager(10724): queryIntentActivitiesAsUser blocked, Intent { act=android.intent.action.MAIN cat=[android.intent.category.LAUNCHER] pkg=com.google.android.gms }
06-24 16:31:54.478 D/HsmInterfaceImpl(10724): List []
06-24 16:31:54.482 W/HSM     ( 1813): HoldService:toast switch is close!
06-24 16:31:54.483 D/ApplicationPackageManager(10724): queryIntentActivitiesAsUser blocked, Intent { act=android.intent.action.MAIN cat=[android.intent.category.LAUNCHER] pkg=com.sankuai.meituan }
06-24 16:31:54.483 D/HsmInterfaceImpl(10724): List [ResolveInfo{eece36b com.sankuai.meituan/com.meituan.android.pt.homepage.activity.Welcome m=0x108000}]
06-24 16:31:54.532 W/HSM     ( 1813): HoldService:toast switch is close!
06-24 16:31:54.533 D/ApplicationPackageManager(10724): queryIntentActivitiesAsUser blocked, Intent { act=android.intent.action.MAIN cat=[android.intent.category.LAUNCHER] pkg=com.tencent.news }
06-24 16:31:54.533 D/HsmInterfaceImpl(10724): List [ResolveInfo{389bb61 com.tencent.news/.activity.SplashActivity m=0x108000}]
06-24 16:31:54.561 W/HSM     ( 1813): HoldService:toast switch is close!
06-24 16:31:54.561 D/ApplicationPackageManager(10724): queryIntentActivitiesAsUser blocked, Intent { act=android.intent.action.MAIN cat=[android.intent.category.LAUNCHER] pkg=com.iflytek.speechsuite }
06-24 16:31:54.561 D/HsmInterfaceImpl(10724): List []
06-24 16:31:54.564 W/HSM     ( 1813): HoldService:toast switch is close!
06-24 16:31:54.565 D/ApplicationPackageManager(10724): queryIntentActivitiesAsUser blocked, Intent { act=android.intent.action.MAIN cat=[android.intent.category.LAUNCHER] pkg=com.tencent.android.qqdownloader }
