06-24 16:27:57.138 I/GRALLOC (  679): 	 iova_size=212992,conUsg=0x900,proUsg=0x900,	 strd=256,[afbc]HdrStrd=0 PyldStrd=0 Scrmbl=0,ionhnd = 1 
06-24 16:27:57.139 D/HelloActivity(27906): startMain>>>3
06-24 16:27:57.139 I/GRALLOC (  679): 	 shrFd=10,fmt=0x1,intFmt=0x1,btStrd=1024,size=212992,pid=679 
06-24 16:27:57.139 I/GRALLOC (  679): 	 yuv=2,w=246,h=205,Stride u=0 v=0,offset u=0 v=0 
06-24 16:27:57.139 I/GRALLOC (  679): 	 iova_size=212992,conUsg=0x900,proUsg=0x900,	 strd=256,[afbc]HdrStrd=0 PyldStrd=0 Scrmbl=0,ionhnd = 1 
06-24 16:27:57.143 D/mali_winsys(27906): EGLint new_window_surface(egl_winsys_display *, void *, EGLSurface, EGLConfig, egl_winsys_surface **, egl_color_buffer_format *, EGLBoolean) returns 0x3000
06-24 16:27:57.147 I/ActivityManager(  657): START u0 {flg=0x10000000 cmp=com.excelliance.dualaid/com.excelliance.kxqp.ui.MainActivity (has extras)} from uid 11423
06-24 16:27:57.149 I/appium  (24379): Null child 0/3, parent: android.view.accessibility.AccessibilityNodeInfo@140e1; boundsInParent: Rect(0, 0 - 1080, 214); boundsInScreen: Rect(0, 240 - 1080, 454); packageName: com.excelliance.dualaid; className: android.widget.RelativeLayout; text: null; error: null; maxTextLength: -1; contentDescription: null; viewIdResName: com.excelliance.dualaid:id/rl_note; checkable: false; checked: false; focusable: false; focused: false; selected: false; clickable: false; longClickable: false; contextClickable: false; enabled: true; password: false; scrollable: false; importantForAccessibility: false; actions: [AccessibilityAction: ACTION_SELECT - null, AccessibilityAction: ACTION_CLEAR_SELECTION - null, AccessibilityAction: ACTION_ACCESSIBILITY_FOCUS - null, AccessibilityAction: ACTION_SHOW_ON_SCREEN - null]
06-24 16:27:57.151 I/appium  (24379): Null child 1/3, parent: android.view.accessibility.AccessibilityNodeInfo@140e1; boundsInParent: Rect(0, 0 - 1080, 214); boundsInScreen: Rect(0, 240 - 1080, 454); packageName: com.excelliance.dualaid; className: android.widget.RelativeLayout; text: null; error: null; maxTextLength: -1; contentDescription: null; viewIdResName: com.excelliance.dualaid:id/rl_note; checkable: false; checked: false; focusable: false; focused: false; selected: false; clickable: false; longClickable: false; contextClickable: false; enabled: true; password: false; scrollable: false; importantForAccessibility: false; actions: [AccessibilityAction: ACTION_SELECT - null, AccessibilityAction: ACTION_CLEAR_SELECTION - null, AccessibilityAction: ACTION_ACCESSIBILITY_FOCUS - null, AccessibilityAction: ACTION_SHOW_ON_SCREEN - null]
06-24 16:27:57.151 I/ActivityManager(  657): ActivityRecord info: ActivityInfo{3f2b2cb com.excelliance.kxqp.ui.MainActivity}
06-24 16:27:57.152 I/appium  (24379): Null child 2/3, parent: android.view.accessibility.AccessibilityNodeInfo@140e1; boundsInParent: Rect(0, 0 - 1080, 214); boundsInScreen: Rect(0, 240 - 1080, 454); packageName: com.excelliance.dualaid; className: android.widget.RelativeLayout; text: null; error: null; maxTextLength: -1; contentDescription: null; viewIdResName: com.excelliance.dualaid:id/rl_note; checkable: false; checked: false; focusable: false; focused: false; selected: false; clickable: false; longClickable: false; contextClickable: false; enabled: true; password: false; scrollable: false; importantForAccessibility: false; actions: [AccessibilityAction: ACTION_SELECT - null, AccessibilityAction: ACTION_CLEAR_SELECTION - null, AccessibilityAction: ACTION_ACCESSIBILITY_FOCUS - null, AccessibilityAction: ACTION_SHOW_ON_SCREEN - null]
06-24 16:27:57.155 I/appium  (24379): Null child 0/2, parent: android.view.accessibility.AccessibilityNodeInfo@14c24; boundsInParent: Rect(0, 0 - 1080, 1298); boundsInScreen: Rect(0, 622 - 1080, 1920); packageName: com.excelliance.dualaid; className: android.widget.LinearLayout; text: null; error: null; maxTextLength: -1; contentDescription: null; viewIdResName: com.excelliance.dualaid:id/add_game_list_layout; checkable: false; checked: false; focusable: false; focused: false; selected: false; clickable: false; longClickable: false; contextClickable: false; enabled: true; password: false; scrollable: false; importantForAccessibility: false; actions: [AccessibilityAction: ACTION_SELECT - null, AccessibilityAction: ACTION_CLEAR_SELECTION - null, AccessibilityAction: ACTION_ACCESSIBILITY_FOCUS - null, AccessibilityAction: ACTION_SHOW_ON_SCREEN - null]
06-24 16:27:57.155 I/appium  (24379): Null child 1/2, parent: android.view.accessibility.AccessibilityNodeInfo@14c24; boundsInParent: Rect(0, 0 - 1080, 1298); boundsInScreen: Rect(0, 622 - 1080, 1920); packageName: com.excelliance.dualaid; className: android.widget.LinearLayout; text: null; error: null; maxTextLength: -1; contentDescription: null; viewIdResName: com.excelliance.dualaid:id/add_game_list_layout; checkable: false; checked: false; focusable: false; focused: false; selected: false; clickable: false; longClickable: false; contextClickable: false; enabled: true; password: false; scrollable: false; importantForAccessibility: false; actions: [AccessibilityAction: ACTION_SELECT - null, AccessibilityAction: ACTION_CLEAR_SELECTION - null, AccessibilityAction: ACTION_ACCESSIBILITY_FOCUS - null, AccessibilityAction: ACTION_SHOW_ON_SCREEN - null]
06-24 16:27:57.155 I/appium  (24379): Null child 1/2, parent: android.view.accessibility.AccessibilityNodeInfo@144a2; boundsInParent: Rect(0, 0 - 1080, 1298); boundsInScreen: Rect(0, 622 - 1080, 1920); packageName: com.excelliance.dualaid; className: android.widget.RelativeLayout; text: null; error: null; maxTextLength: -1; contentDescription: null; viewIdResName: null; checkable: false; checked: false; focusable: false; focused: false; selected: false; clickable: false; longClickable: false; contextClickable: false; enabled: true; password: false; scrollable: false; importantForAccessibility: false; actions: [AccessibilityAction: ACTION_SELECT - null, AccessibilityAction: ACTION_CLEAR_SELECTION - null, AccessibilityAction: ACTION_ACCESSIBILITY_FOCUS - null, AccessibilityAction: ACTION_SHOW_ON_SCREEN - null]
06-24 16:27:57.156 I/appium  (24379): Null child 1/2, parent: android.view.accessibility.AccessibilityNodeInfo@8000726a; boundsInParent: Rect(0, 0 - 1080, 1920); boundsInScreen: Rect(0, 0 - 1080, 1920); packageName: com.excelliance.dualaid; className: android.widget.FrameLayout; text: null; error: null; maxTextLength: -1; contentDescription: null; viewIdResName: null; checkable: false; checked: false; focusable: false; focused: false; selected: false; clickable: false; longClickable: false; contextClickable: false; enabled: true; password: false; scrollable: false; importantForAccessibility: true; actions: [AccessibilityAction: ACTION_SELECT - null, AccessibilityAction: ACTION_CLEAR_SELECTION - null, AccessibilityAction: ACTION_ACCESSIBILITY_FOCUS - null, AccessibilityAction: ACTION_SHOW_ON_SCREEN - null]
06-24 16:27:57.156 I/appium  (24379): Fetch time: 15ms
06-24 16:27:57.156 V/WindowManager(  657): addAppToken: AppWindowToken{53229d2 token=Token{a67ec5d ActivityRecord{2a64634 u0 com.excelliance.dualaid/com.excelliance.kxqp.ui.MainActivity t16043}}} controller={TaskWindowContainerController taskId=16043} at 2147483647
06-24 16:27:57.159 I/PGServer( 1699): android calls fast hibernateApps
06-24 16:27:57.159 I/AppFastHibernation( 1699): fast hibernate duration: 1500 reason: start activity
06-24 16:27:57.160 I/Pged-IPgedBinderService(  769): ****action is 1, pid num is 6***
06-24 16:27:57.160 I/Pged-Freezer(  769): freezePids
06-24 16:27:57.160 I/Pged-Freezer(  769): Freeze process: 29457
06-24 16:27:57.160 I/Pged-Freezer(  769): Freeze process: 29531
06-24 16:27:57.161 I/Pged-Freezer(  769): Freeze process: 14942
06-24 16:27:57.161 I/Pged-Freezer(  769): Freeze process: 15544
06-24 16:27:57.161 I/appium  (24379): AppiumResponse: {"sessionId":"12d3f873-0ea4-4775-928a-9964d13dcd6c","status":0,"value":"<?xml version=\"1.0\" encoding=\"UTF-8\"?><hierarchy rotation=\"0\"><android.widget.FrameLayout index=\"0\" text=\"\" class=\"android.widget.FrameLayout\" package=\"com.excelliance.dualaid\" content-desc=\"\" checkable=\"false\" checked=\"false\" clickable=\"false\" enabled=\"true\" focusable=\"false\" focused=\"false\" scrollable=\"false\" long-clickable=\"false\" password=\"false\" selected=\"false\" bounds=\"[0,0][1080,1920]\" resource-id=\"\" instance=\"0\"><android.widget.LinearLayout index=\"0\" text=\"\" class=\"android.widget.LinearLayout\" package=\"com.excelliance.dualaid\" content-desc=\"\" checkable=\"false\" checked=\"false\" clickable=\"false\" enabled=\"true\" focusable=\"false\" focused=\"false\" scrollable=\"false\" long-clickable=\"false\" password=\"false\" selected=\"false\" bounds=\"[0,0][1080,1920]\" resource-id=\"\" instance=\"0\"><android.widget.FrameLayout index=\"0\" text=\"\" class=\"android.widget.FrameLayout\" package=\"com.excelliance.dualaid\" content-desc=\"\" checkable=\"false\" checked=\"false\" clickable=\"false\" enabled=\"true\" focusable=\"false\" focused=\"false\" scrollable=\"false\" long-clickable=\"false\" password=\"false\" selected=\"false\" bounds=\"[0,72][1080,1920]\" resource-id=\"android:id\/content\" instance=\"1\"><android.widget.LinearLayout index=\"0\" text=\"\" class=\"android.widget.LinearLayout\" package=\"com.excelliance.dualaid\" content-desc=\"\" checkable=\"false\" checked=\"false\" clickable=\"false\" enabled=\"true\" focusable=\"false\" focused=\"false\" scrollable=\"false\" long-clickable=\"false\" password=\"false\" selected=\"false\" bounds=\"[0,72][1080,1920]\" resource-id=\"\" instance=\"1\"><android.widget.RelativeLayout index=\"0\" text=\"\" class=\"android.widget.RelativeLayout\" package=\"com.excelliance.dualaid\" content-desc=\"\" checkable=\"false\" checked=\"false\" clickable=\"false\" enabled=\"true\" focusable=\"false\" focused=\"false\" scrollable=\"false\" long-clickable=\"false\" password=\"false\" selected=\"false\" bounds=\"[0,72][1080,240]\" resource-id=\"com.excelliance.dualaid:id\/top\" instance=\"0\"><android.widget.TextView index=\"0\" text=\"登录\/注册\" class=\"android.widget.TextView\" package=\"com.excelliance.dualaid\" content-desc=\"\" checkable=\"false\" checked=\"false\" clickable=\"true\" enabled=\"true\" focusable=\"true\" focused=\"false\" scrollable=\"false\" long-clickable=\"false\" password=\"false\" selected=\"false\" bounds=\"[36,111][221,201]\" resource-id=\"com.excelliance.dualaid:id\/tv_login_in\" instance=\"0\"\/><android.widget.TextView index=\"1\" text=\"双开助手\" class=\"android.widget.TextView\" package=\"com.excelliance.dualaid\" content-desc=\"\" checkable=\"false\" checked=\"false\" clickable=\"false\" enabled=\"true\" focusable=\"false\" focused=\"false\" scrollable=\"false\" long-clickable=\"false\" password=\"false\" selected=\"false\" bounds=\"[420,115][660,196]\" resource-id=\"com.excelliance.dualaid:id\/first_tv_back\" instance=\"1\"\/><android.widget.TextView index=\"2\" text=\"跳过\" class=\"android.widget.TextView\" package=\"com.excelliance.dualaid\" content-desc=\"\" checkable=\"false\" checked=\"false\" clickable=\"true\" enabled=\"true\" focusable=\"true\" focused=\"false\" scrollable=\"false\" long-clickable=\"false\" password=\"false\" selected=\"false\" bounds=\"[960,111][1044,201]\" resource-id=\"com.excelliance.dualaid:id\/jump_to\" instance=\"2\"\/><\/android.widget.RelativeLayout><android.widget.RelativeLayout index=\"1\" text=\"\" class=\"android.widget.RelativeLayout\" package=\"com.excelliance.dualaid\" content-desc=\"\" checkable=\"false\" checked=\"false\" clickable=\"false\" enabled=\"true\" focusable=\"false\" focused=\"false\" scrollable=\"false\" long-clickable=\"false\" password=\"false\" selected=\"false\" bounds=\"[0,240][1080,454]\" resource-id=\"com.excelliance.dualaid:id\/rl_note\" instance=\"1\"\/><android.widget.TextView index=\"2\" text=\"
06-24 16:27:57.161 I/Pged-Freezer(  769): Freeze process: 24379
06-24 16:27:57.162 D/PMS1000 (  657): package:com.excelliance.dualaid, input flags:8192, output hwFlags:0
06-24 16:27:57.164 W/HSM     ( 1813): HoldService:toast switch is close!
06-24 16:27:57.164 D/PgedBinderAdapter( 1699): frz ok, pid: [29457, 29531, 14942, 15544, 24379]
06-24 16:27:57.164 I/GRALLOC (  679): 	 shrFd=10,fmt=0x1,intFmt=0x1,btStrd=1024,size=212992,pid=679 
06-24 16:27:57.164 I/GRALLOC (  679): 	 yuv=2,w=246,h=205,Stride u=0 v=0,offset u=0 v=0 
06-24 16:27:57.164 I/GRALLOC (  679): 	 iova_size=212992,conUsg=0xb00,proUsg=0xb00,	 strd=256,[afbc]HdrStrd=0 PyldStrd=0 Scrmbl=0,ionhnd = 1 
06-24 16:27:57.165 D/ApplicationPackageManager(27906): queryIntentActivitiesAsUser blocked, Intent { act=android.intent.action.MAIN cat=[android.intent.category.LAUNCHER] pkg=org.hapjs.mockup }
06-24 16:27:57.165 D/HsmInterfaceImpl(27906): List [ResolveInfo{5dd8f7a org.hapjs.mockup/.activity.MainActivity m=0x108000}]
06-24 16:27:57.171 D/WindowManager(  657): finishDrawingWindow: Window{fef5f46 u0 com.excelliance.dualaid/com.excelliance.kxqp.ui.HelloActivity} mDrawState=DRAW_PENDING
06-24 16:27:57.171 W/InputMethodManager(27906): startInputReason = 1
06-24 16:27:57.177 V/WindowManager(  657): No longer Stopped: AppWindowToken{53229d2 token=Token{a67ec5d ActivityRecord{2a64634 u0 com.excelliance.dualaid/com.excelliance.kxqp.ui.MainActivity t16043}}}
06-24 16:27:57.178 I/wangchen( 7035): SysInfo.getSysParam: orientation=1||config d=3.0,w=1080,h=1920||metrics d=3.0,w=1080,h=1920||sdk=26,bar_h=72
06-24 16:27:57.178 I/KeymapLoader( 7035): w=1080 h=1920 ori=true appScale=3.3 s1=3.0
06-24 16:27:57.180 V/ActivityThread( 2519): Handle window ActivityRecord{4719bb8 token=android.os.BinderProxy@b3fca27 {com.huawei.android.launcher/com.huawei.android.launcher.unihome.UniHomeLauncher}} visibility: false
06-24 16:27:57.197 V/WindowManager(  657): Checking 1 opening apps (frozen=false timeout=false)...
06-24 16:27:57.197 V/WindowManager(  657): Check opening app=AppWindowToken{53229d2 token=Token{a67ec5d ActivityRecord{2a64634 u0 com.excelliance.dualaid/com.excelliance.kxqp.ui.MainActivity t16043}}}: allDrawn=false startingDisplayed=false startingMoved=false isRelaunching()=false
06-24 16:27:57.197 E/BufferQueueProducer(  710): [com.huawei.android.launcher/com.huawei.android.launcher.unihome.UniHomeLauncher#0] disconnect: not connected (req=1)
06-24 16:27:57.197 W/libEGL  ( 2519): EGLNativeWindowType 0x7472910010 disconnect failed
06-24 16:27:57.199 I/GRALLOC (  679): 	 shrFd=10,fmt=0x1,intFmt=0x1,btStrd=1024,size=212992,pid=679 
06-24 16:27:57.199 I/GRALLOC (  679): 	 yuv=2,w=246,h=205,Stride u=0 v=0,offset u=0 v=0 
06-24 16:27:57.199 I/GRALLOC (  679): 	 iova_size=212992,conUsg=0xb00,proUsg=0xb00,	 strd=256,[afbc]HdrStrd=0 PyldStrd=0 Scrmbl=0,ionhnd = 1 
06-24 16:27:57.200 D/HwQoEUtils(  657): mForegroundAppPackageName: com.excelliance.dualaid ,score: 0
06-24 16:27:57.200 D/HwQoEUtils(  657): APP type: -1 appName= com.excelliance.dualaid
06-24 16:27:57.200 D/HwQoEUtils(  657): no game, APP_TYPE_GAME, appName =com.excelliance.dualaid
06-24 16:27:57.200 D/HwGameAssistantController(  657): pid=27935, uid=11423, foreground=true
06-24 16:27:57.200 D/HwGameAssistantController(  657): pid=2519, uid=10056, foreground=false
06-24 16:27:57.203 W/AwareLog(  657): SchedLevelBoost: onFgActivitiesChanged config not set!
06-24 16:27:57.206 D/PMS1000 (  657): package:com.excelliance.dualaid, input flags:8192, output hwFlags:0
06-24 16:27:57.207 I/HwCust  (27935): Constructor found for class android.app.HwCustActivityImpl
06-24 16:27:57.207 D/HwCust  (27935): Create obj success use class android.app.HwCustActivityImpl
06-24 16:27:57.207 W/HSM     ( 1813): HoldService:toast switch is close!
06-24 16:27:57.207 I/HwNetworkPolicy(  657): onTransact, code = 203
06-24 16:27:57.208 I/HwNetworkPolicyManager( 1813): getHwUidPolicy uid = 11423 policy = 0
06-24 16:27:57.208 V/HwPolicyFactory(27935): : success to get AllImpl object and return....
06-24 16:27:57.209 D/ApplicationPackageManager(27906): queryIntentActivitiesAsUser blocked, Intent { act=android.intent.action.MAIN cat=[android.intent.category.LAUNCHER] pkg=com.huawei.gamebox }
06-24 16:27:57.210 D/HsmInterfaceImpl(27906): List [ResolveInfo{33f5388 com.huawei.gamebox/.GameBoxActivity m=0x108000}]
06-24 16:27:57.210 I/HwCust  (27935): Constructor found for class android.app.HwCustHwWallpaperManagerImpl
06-24 16:27:57.210 D/HwCust  (27935): Create obj success use class android.app.HwCustHwWallpaperManagerImpl
06-24 16:27:57.210 D/PMS11423(  657): package:com.excelliance.dualaid, input flags:0, output hwFlags:0
06-24 16:27:57.215 E/asset   (27906): createFromFile(): lock file /data/resource-cache/system@emui@base@overlay@frameworkhwexthonor@frameworkhwexthonor.apk@idmap.
06-24 16:27:57.215 E/asset   (27906): createFromFile(): lock file /data/resource-cache/system@emui@base@overlay@frameworkhwexthonor@frameworkhwexthonor.apk@idmap.
06-24 16:27:57.216 W/ResourceType(27906): Found multiple library tables, ignoring...
06-24 16:27:57.231 V/WindowManager(  657): Checking 1 opening apps (frozen=false timeout=false)...
06-24 16:27:57.231 V/WindowManager(  657): Check opening app=AppWindowToken{53229d2 token=Token{a67ec5d ActivityRecord{2a64634 u0 com.excelliance.dualaid/com.excelliance.kxqp.ui.MainActivity t16043}}}: allDrawn=false startingDisplayed=false startingMoved=false isRelaunching()=false
06-24 16:27:57.232 D/WindowManager(  657): finishDrawingWindow: Window{fef5f46 u0 com.excelliance.dualaid/com.excelliance.kxqp.ui.HelloActivity} mDrawState=HAS_DRAWN
06-24 16:27:57.232 V/ActivityThread(27935): ActivityThread,callActivityOnCreate
06-24 16:27:57.233 E/test    (27935): hw notch screen flag api error
06-24 16:27:57.233 D/MainActivity(27935): startMode = true
06-24 16:27:57.234 D/MainActivity(27935): StreamAdStatistic 进入主界面 enter main
06-24 16:27:57.235 D/StatisticsManager(27935): Query time diff:1529828877235
06-24 16:27:57.237 D/HwNetworkManagementService(  657): code == CODE_GET_AD_KEY_LIST
06-24 16:27:57.237 D/HwNetworkManagementService(  657): appName = com.excelliance.dualaid  is not in the mAdViewMap! reply none
06-24 16:27:57.237 D/HwNetworkManagementService(  657): appName = com.excelliance.dualaid  is not in the mAdIdMap! reply none
06-24 16:27:57.237 I/GRALLOC (  679): 	 shrFd=10,fmt=0x1,intFmt=0x1,btStrd=1024,size=212992,pid=679 
06-24 16:27:57.237 I/GRALLOC (  679): 	 yuv=2,w=246,h=205,Stride u=0 v=0,offset u=0 v=0 
06-24 16:27:57.237 I/GRALLOC (  679): 	 iova_size=212992,conUsg=0xb00,proUsg=0xb00,	 strd=256,[afbc]HdrStrd=0 PyldStrd=0 Scrmbl=0,ionhnd = 1 
06-24 16:27:57.239 D/StatisticsManager(27935): Query time diff:1529828877239
06-24 16:27:57.249 V/WindowManager(  657): Checking 1 opening apps (frozen=false timeout=false)...
06-24 16:27:57.249 V/WindowManager(  657): Check opening app=AppWindowToken{53229d2 token=Token{a67ec5d ActivityRecord{2a64634 u0 com.excelliance.dualaid/com.excelliance.kxqp.ui.MainActivity t16043}}}: allDrawn=false startingDisplayed=false startingMoved=false isRelaunching()=false
06-24 16:27:57.250 D/ImageWallpaper( 1513): onOffsetsChanged: xOffset=0.0, yOffset=0.0, xOffsetStep=0.0, yOffsetStep=0.0, xPixels=0, yPixels=0
06-24 16:27:57.251 D/ImageWallpaper( 1513): Suppressed drawFrame since redraw is not needed and offsets have not changed.sf=Rect(0, 0 - 2160, 1920)
06-24 16:27:57.254 D/PMS1000 (  657): package:com.excelliance.dualaid, input flags:8192, output hwFlags:0
06-24 16:27:57.255 W/HSM     ( 1813): HoldService:toast switch is close!
06-24 16:27:57.256 D/ApplicationPackageManager(27906): queryIntentActivitiesAsUser blocked, Intent { act=android.intent.action.MAIN cat=[android.intent.category.LAUNCHER] pkg=com.stickgame.los2 }
06-24 16:27:57.256 D/HsmInterfaceImpl(27906): List [ResolveInfo{d8a1707 com.stickgame.los2/com.DBGame.DiabloLOL.DiabloLOL m=0x108000}]
06-24 16:27:57.266 D/HwRTBlurUtils(27935): check blur style for HwPhoneWindow-, themeResId : 0x7f0e0021, context : com.excelliance.kxqp.ui.MainActivity@18036e9, Nhwext : 0, get Blur : disable with , null
06-24 16:27:57.277 V/MainActivity(27935): mFirstStart:true
06-24 16:27:57.279 V/StatisticsBySpImpl(27935): init   isFirstCheck
06-24 16:27:57.282 E/StatisticsBySpImpl(27935): install new version, old version is 324, net is ok, upload now!
06-24 16:27:57.285 D/MainFragment(27935): sp1 time:-1  difftime:1529828877285  lasttime:0, context = com.excelliance.kxqp.ui.MainActivity@18036e9
06-24 16:27:57.285 D/MainFragment(27935): sp1 time:-1  2 difftime:1529828877285  2 lasttime:0
06-24 16:27:57.287 D/MainFragment(27935): timeIsOk:false
06-24 16:27:57.287 D/MainFragment(27935): ad_baidu_flag:0
06-24 16:27:57.287 V/MainFragment(27935): defDisplayStyle:5
06-24 16:27:57.288 V/AdManager(27935): initShare InitFactory.b_total:0
06-24 16:27:57.291 D/MainFragment(27935): onCreateView
06-24 16:27:57.294 D/CubicBezierInterpolator(27935): CubicBezierInterpolator  mControlPoint1x = 0.23, mControlPoint1y = 0.06, mControlPoint2x = 0.09, mControlPoint2y = 0.97
06-24 16:27:57.294 D/CubicBezierInterpolator(27935): CubicBezierInterpolator  mControlPoint1x = 0.6, mControlPoint1y = 0.9, mControlPoint2x = 0.8, mControlPoint2y = 1.0
06-24 16:27:57.294 D/CubicBezierInterpolator(27935): CubicBezierInterpolator  mControlPoint1x = 0.23, mControlPoint1y = 0.06, mControlPoint2x = 0.09, mControlPoint2y = 0.97
06-24 16:27:57.294 D/CubicBezierInterpolator(27935): CubicBezierInterpolator  mControlPoint1x = 0.6, mControlPoint1y = 0.9, mControlPoint2x = 0.8, mControlPoint2y = 1.0
06-24 16:27:57.295 W/Utils   (27935): Utils_isSuperResolutionSupport [load libai_client.so failed]
06-24 16:27:57.297 D/HwRecentsLockUtils( 1513): Search
06-24 16:27:57.297 E/HsmCoreServiceImpl( 1478): onTransact in code is: 103
06-24 16:27:57.297 I/MediaProcessHandler( 1478): playingUids: 
06-24 16:27:57.297 D/PMS1000 (  657): package:com.excelliance.dualaid, input flags:8192, output hwFlags:0
06-24 16:27:57.298 D/ActivityManager(  657): Skipping, home or recents stack task: TaskRecord{333215f #15658 A=com.huawei.android.launcher U=0 StackId=0 sz=1}
06-24 16:27:57.298 D/ActivityManager(  657): Skipping intent:act=android.intent.action.MAIN cat=[android.intent.category.LAUNCHER] flg=0x10a00000 cmp=io.appium.settings/.Settings
06-24 16:27:57.298 D/ActivityManager(  657): Skipping intent:flg=0x10804000 cmp=com.android.systemui/.recents.RecentsActivity bnds=[48,928][1032,2296]
06-24 16:27:57.298 D/ActivityManager(  657): Skipping intent:flg=0x18800000 cmp=com.tencent.mm/.plugin.base.stub.WXPayEntryActivity
06-24 16:27:57.298 D/ActivityManager(  657): Skipping intent:flg=0x10800000 cmp=com.huawei.systemmanager/com.huawei.permissionmanager.ui.MainActivity
06-24 16:27:57.298 D/ActivityManager(  657): Skipping intent:flg=0x18800000 cmp=com.tencent.mm/.plugin.base.stub.WXEntryActivity
06-24 16:27:57.298 D/ActivityManager(  657): Skipping intent:act=com.huawei.action.VOICE_ASSISTANT flg=0x10800000 pkg=com.huawei.vassistant cmp=com.huawei.vassistant/.ui.main.VAssistantActivity
06-24 16:27:57.298 D/ActivityManager(  657): Skipping intent:act=com.huawei.android.launcher.action.ACCESS_SPLIT_SCREEN_APP cat=[android.intent.category.DEFAULT] flg=0x10804000 cmp=com.huawei.android.launcher/.splitscreen.SplitScreenAppActivity
06-24 16:27:57.298 D/ActivityManager(  657): Skipping intent:flg=0x10800000 pkg=com.excelliance.dualaid.b64 cmp=com.excelliance.dualaid.b64/com.excelliance.kxqp.sdk.PermissionRequestActivity
06-24 16:27:57.298 D/ActivityManager(  657): Skipping intent:act=android.intent.action.VIEW dat=content://com.excelliance.dualaid.fileProvider/external_storage_root/Download/apk/Multiple_64.apk typ=application/vnd.android.package-archive flg=0x10800001 cmp=com.android.packageinstaller/.InstallStart
06-24 16:27:57.298 D/ActivityManager(  657): Skipping intent:flg=0x10800000 cmp=com.android.systemui/.usb.HwUsbDebuggingActivity
06-24 16:27:57.298 D/ActivityManager(  657): Skipping intent:act=android.deviceinfo.chooser.action.LAUNCH flg=0x10800000 hwFlg=0x100 pkg=com.android.settings cmp=com.android.settings/.deviceinfo.UsbConnModeChooserActivity
06-24 16:27:57.298 D/ActivityManager(  657): Skipping intent:flg=0x10800000 cmp=com.zol.android/.push.KeepLiveActivity
06-24 16:27:57.298 D/ActivityManager(  657): Skipping intent:act=android.intent.action.MAIN cat=[android.intent.category.HOME] flg=0x10800300 cmp=com.android.settings/.FallbackHome
06-24 16:27:57.298 W/HSM     ( 1813): HoldService:toast switch is close!
06-24 16:27:57.299 D/ApplicationPackageManager(27906): queryIntentActivitiesAsUser blocked, Intent { act=android.intent.action.MAIN cat=[android.intent.category.LAUNCHER] pkg=com.qihoo.appstore }
06-24 16:27:57.299 D/HsmInterfaceImpl(27906): List [ResolveInfo{3c7be5d com.qihoo.appstore/.home.LauncherActivity m=0x108000}]
06-24 16:27:57.307 D/HwWechatOptimizeImpl(27935): mIsEffect:false
06-24 16:27:57.314 D/PayUtil (27935): sp is empty
06-24 16:27:57.317 D/PayUtil (27935): 本地不存在文件
06-24 16:27:57.319 D/PayUtil (27935): sRid = 
06-24 16:27:57.324 D/PayUtil (27935): sRid = 
06-24 16:27:57.325 D/lyl     (27935): GridviewContainerLayout:createList:-2147483646
06-24 16:27:57.326 D/PayUtil (27935): sRid = 
06-24 16:27:57.327 D/PlatSdk (27935): max:0
06-24 16:27:57.327 D/PMS1000 (  657): package:com.excelliance.dualaid, input flags:8192, output hwFlags:0
06-24 16:27:57.328 W/HSM     ( 1813): HoldService:toast switch is close!
06-24 16:27:57.329 D/ApplicationPackageManager(27906): queryIntentActivitiesAsUser blocked, Intent { act=android.intent.action.MAIN cat=[android.intent.category.LAUNCHER] pkg=com.huawei.android.thememanager }
06-24 16:27:57.329 D/HsmInterfaceImpl(27906): List [ResolveInfo{a271ca3 com.huawei.android.thememanager/.HwThemeManagerActivity m=0x108000}]
06-24 16:27:57.329 D/PlatSdk (27935): max:0
06-24 16:27:57.329 D/PlatSdk (27935): current = 0
06-24 16:27:57.332 E/asset   (27906): createFromFile(): lock file /data/resource-cache/system@emui@base@overlay@frameworkhwexthonor@frameworkhwexthonor.apk@idmap.
06-24 16:27:57.332 E/asset   (27906): createFromFile(): lock file /data/resource-cache/system@emui@base@overlay@frameworkhwexthonor@frameworkhwexthonor.apk@idmap.
06-24 16:27:57.332 W/ResourceType(27906): Found multiple library tables, ignoring...
06-24 16:27:57.350 D/MainFragment(27935): onActivityCreated
06-24 16:27:57.352 D/MainFragment(27935): initial
06-24 16:27:57.353 E/ViewUtils(27935): setBgDrawable: view==null:top
06-24 16:27:57.355 E/ViewUtils(27935): setBgColor: view==null:streamMainGap
06-24 16:27:57.355 E/ViewUtils(27935): setTextColor: view==null:tv_news
06-24 16:27:57.355 E/ViewUtils(27935): setBgColor: view==null:tv_news_left
06-24 16:27:57.355 E/ViewUtils(27935): setBgColor: view==null:tv_news_right
06-24 16:27:57.362 D/MainFragment(27935): iv_iconId:_2131493019
06-24 16:27:57.363 D/PayUtil (27935): sRid = 
06-24 16:27:57.364 D/PayUtil (27935): sRid = 
06-24 16:27:57.364 D/PayUtil (27935): no pay dex...
06-24 16:27:57.367 W/HSM     ( 1813): HoldService:toast switch is close!
06-24 16:27:57.369 D/ApplicationPackageManager(27906): queryIntentActivitiesAsUser blocked, Intent { act=android.intent.action.MAIN cat=[android.intent.category.LAUNCHER] pkg=com.excean.parallelspace }
06-24 16:27:57.370 D/HsmInterfaceImpl(27906): List [ResolveInfo{94a1b1e com.excean.parallelspace/com.excelliance.kxqp.ui.HelloActivity m=0x108000}]
06-24 16:27:57.374 D/PayUtil (27935): sRid = 
06-24 16:27:57.375 D/PayUtil (27935): no pay dex...
06-24 16:27:57.376 V/AdManager(27935): clSharebanner.i:1
06-24 16:27:57.377 D/PayUtil (27935): sRid = 
06-24 16:27:57.378 D/PayUtil (27935): no pay dex...
06-24 16:27:57.388 D/AdManager(27935): initAdvNew
06-24 16:27:57.390 D/PayUtil (27935): sRid = 
06-24 16:27:57.392 D/PayUtil (27935): no pay dex...
06-24 16:27:57.393 D/PayUtil (27935): sRid = 
06-24 16:27:57.393 D/PayUtil (27935): no pay dex...
06-24 16:27:57.398 D/PayUtil (27935): sRid = 
06-24 16:27:57.400 D/PMS1000 (  657): package:com.excelliance.dualaid, input flags:8192, output hwFlags:0
06-24 16:27:57.400 W/HSM     ( 1813): HoldService:toast switch is close!
06-24 16:27:57.401 D/PayUtil (27935): no pay dex...
06-24 16:27:57.402 D/ApplicationPackageManager(27906): queryIntentActivitiesAsUser blocked, Intent { act=android.intent.action.MAIN cat=[android.intent.category.LAUNCHER] pkg=com.UCMobile }
06-24 16:27:57.402 D/HsmInterfaceImpl(27906): List [ResolveInfo{c8d41cc com.UCMobile/.main.UCMobile m=0x108000}]
06-24 16:27:57.404 D/AppShortcutGridAdapter(27935): screen:1080 X 1920
06-24 16:27:57.404 D/PayUtil (27935): sRid = 
06-24 16:27:57.405 D/PayUtil (27935): no pay dex...
06-24 16:27:57.408 D/PayUtil (27935): sRid = 
06-24 16:27:57.410 D/PayUtil (27935): no pay dex...
06-24 16:27:57.411 D/PayUtil (27935): sRid = 
06-24 16:27:57.416 D/PMS11423(  657): package:com.excelliance.dualaid.b64, input flags:0, output hwFlags:0
06-24 16:27:57.419 D/PMS11423(  657): package:com.excelliance.dualaid.b64, input flags:0, output hwFlags:0
06-24 16:27:57.419 D/PlatSdk (27935): current = 0
06-24 16:27:57.421 D/GameUtil(27935): start ...
06-24 16:27:57.421 D/GameUtil(27935): end ...
06-24 16:27:57.423 D/PMS11423(  657): package:com.tencent.mm, input flags:0, output hwFlags:0
06-24 16:27:57.425 D/PMS11423(  657): package:com.tencent.mm, input flags:0, output hwFlags:0
06-24 16:27:57.434 E/HwResourcesImpl(27935): readDefaultConfig : FileNotFoundException
06-24 16:27:57.438 I/HwCust  (27935): Constructor found for class android.content.res.HwCustHwResourcesImpl
06-24 16:27:57.438 D/HwCust  (27935): Create obj success use class android.content.res.HwCustHwResourcesImpl
06-24 16:27:57.439 D/PMS1000 (  657): package:com.excelliance.dualaid, input flags:8192, output hwFlags:0
06-24 16:27:57.440 W/HSM     ( 1813): HoldService:toast switch is close!
06-24 16:27:57.441 D/ApplicationPackageManager(27906): queryIntentActivitiesAsUser blocked, Intent { act=android.intent.action.MAIN cat=[android.intent.category.LAUNCHER] pkg=com.bbk.appstore }
06-24 16:27:57.441 D/HsmInterfaceImpl(27906): List [ResolveInfo{e78cb2a com.bbk.appstore/.ui.AppStore m=0x108000}]
06-24 16:27:57.455 D/PMS1000 (  657): package:com.excelliance.dualaid, input flags:0, output hwFlags:0
06-24 16:27:57.455 D/PMS1000 (  657): package:com.excelliance.dualaid, input flags:8192, output hwFlags:0
06-24 16:27:57.457 D/PMS1000 (  657): package:com.excelliance.dualaid, input flags:8192, output hwFlags:0
06-24 16:27:57.458 W/HSM     ( 1813): HoldService:toast switch is close!
06-24 16:27:57.459 D/ApplicationPackageManager(27935): queryIntentActivitiesAsUser blocked, Intent { act=android.intent.action.MAIN cat=[android.intent.category.LAUNCHER] pkg=com.tencent.mm }
06-24 16:27:57.459 D/HsmInterfaceImpl(27935): List [ResolveInfo{bd201e2 com.tencent.mm/.ui.LauncherUI m=0x108000}]
06-24 16:27:57.459 D/PMS11423(  657): package:com.tencent.mobileqq, input flags:0, output hwFlags:0
06-24 16:27:57.461 D/PMS11423(  657): package:com.tencent.mobileqq, input flags:0, output hwFlags:0
06-24 16:27:57.465 D/PMS1000 (  657): package:com.excelliance.dualaid, input flags:8192, output hwFlags:0
06-24 16:27:57.466 W/HSM     ( 1813): HoldService:toast switch is close!
06-24 16:27:57.467 D/ApplicationPackageManager(27906): queryIntentActivitiesAsUser blocked, Intent { act=android.intent.action.MAIN cat=[android.intent.category.LAUNCHER] pkg=com.excean.ppaid }
06-24 16:27:57.467 D/HsmInterfaceImpl(27906): List [ResolveInfo{232aeb8 com.excean.ppaid/com.excelliance.kxqp.ui.HelloActivity m=0x108000}]
06-24 16:27:57.480 D/PMS1000 (  657): package:com.excelliance.dualaid, input flags:8192, output hwFlags:0
06-24 16:27:57.481 W/HSM     ( 1813): HoldService:toast switch is close!
06-24 16:27:57.481 D/ApplicationPackageManager(27935): queryIntentActivitiesAsUser blocked, Intent { act=android.intent.action.MAIN cat=[android.intent.category.LAUNCHER] pkg=com.tencent.mobileqq }
06-24 16:27:57.481 D/HsmInterfaceImpl(27935): List [ResolveInfo{724d030 com.tencent.mobileqq/.activity.SplashActivity m=0x108000}]
06-24 16:27:57.481 D/PMS11423(  657): package:com.ifreetalk.ftalk, input flags:0, output hwFlags:0
06-24 16:27:57.483 D/PMS11423(  657): package:com.ifreetalk.ftalk, input flags:0, output hwFlags:0
06-24 16:27:57.491 D/PMS1000 (  657): package:com.excelliance.dualaid, input flags:8192, output hwFlags:0
06-24 16:27:57.492 W/HSM     ( 1813): HoldService:toast switch is close!
06-24 16:27:57.493 D/ApplicationPackageManager(27906): queryIntentActivitiesAsUser blocked, Intent { act=android.intent.action.MAIN cat=[android.intent.category.LAUNCHER] pkg=com.netease.blockchain }
06-24 16:27:57.493 D/HsmInterfaceImpl(27906): List [ResolveInfo{8306ff6 com.netease.blockchain/.business.main.MainActivity m=0x108000}]
06-24 16:27:57.503 W/HSM     ( 1813): HoldService:toast switch is close!
06-24 16:27:57.504 D/ApplicationPackageManager(27935): queryIntentActivitiesAsUser blocked, Intent { act=android.intent.action.MAIN cat=[android.intent.category.LAUNCHER] pkg=com.ifreetalk.ftalk }
06-24 16:27:57.504 D/HsmInterfaceImpl(27935): List [ResolveInfo{5925a2e com.ifreetalk.ftalk/.activity.DummyActivity m=0x108000}]
06-24 16:27:57.504 D/PMS11423(  657): package:com.immomo.momo, input flags:0, output hwFlags:0
06-24 16:27:57.506 D/PMS11423(  657): package:com.immomo.momo, input flags:0, output hwFlags:0
06-24 16:27:57.511 E/asset   (27935): createFromFile(): lock file /data/resource-cache/system@emui@base@overlay@frameworkhwexthonor@frameworkhwexthonor.apk@idmap.
06-24 16:27:57.511 E/asset   (27935): createFromFile(): lock file /data/resource-cache/system@emui@base@overlay@frameworkhwexthonor@frameworkhwexthonor.apk@idmap.
06-24 16:27:57.512 W/ResourceType(27935): Found multiple library tables, ignoring...
06-24 16:27:57.518 D/PMS1000 (  657): package:com.excelliance.dualaid, input flags:8192, output hwFlags:0
06-24 16:27:57.519 W/HSM     ( 1813): HoldService:toast switch is close!
06-24 16:27:57.520 D/ApplicationPackageManager(27906): queryIntentActivitiesAsUser blocked, Intent { act=android.intent.action.MAIN cat=[android.intent.category.LAUNCHER] pkg=com.huawei.camera }
06-24 16:27:57.520 D/HsmInterfaceImpl(27906): List [ResolveInfo{8bffe64 com.huawei.camera/com.huawei.camera m=0x108000}]
06-24 16:27:57.523 E/asset   (27906): createFromFile(): lock file /data/resource-cache/system@emui@base@overlay@frameworkhwexthonor@frameworkhwexthonor.apk@idmap.
06-24 16:27:57.523 E/asset   (27906): createFromFile(): lock file /data/resource-cache/system@emui@base@overlay@frameworkhwexthonor@frameworkhwexthonor.apk@idmap.
06-24 16:27:57.524 W/ResourceType(27906): Found multiple library tables, ignoring...
06-24 16:27:57.526 D/PMS1000 (  657): package:com.excelliance.dualaid, input flags:8192, output hwFlags:0
06-24 16:27:57.527 W/HSM     ( 1813): HoldService:toast switch is close!
06-24 16:27:57.528 D/ApplicationPackageManager(27935): queryIntentActivitiesAsUser blocked, Intent { act=android.intent.action.MAIN cat=[android.intent.category.LAUNCHER] pkg=com.immomo.momo }
06-24 16:27:57.528 D/HsmInterfaceImpl(27935): List [ResolveInfo{43ebf5c com.immomo.momo/.android.activity.WelcomeActivity m=0x108000}]
06-24 16:27:57.528 D/PMS11423(  657): package:com.taobao.taobao, input flags:0, output hwFlags:0
06-24 16:27:57.530 D/PMS11423(  657): package:com.taobao.taobao, input flags:0, output hwFlags:0
06-24 16:27:57.546 D/PMS1000 (  657): package:com.excelliance.dualaid, input flags:8192, output hwFlags:0
06-24 16:27:57.547 W/HSM     ( 1813): HoldService:toast switch is close!
06-24 16:27:57.547 D/ApplicationPackageManager(27935): queryIntentActivitiesAsUser blocked, Intent { act=android.intent.action.MAIN cat=[android.intent.category.LAUNCHER] pkg=com.taobao.taobao }
06-24 16:27:57.548 D/HsmInterfaceImpl(27935): List [ResolveInfo{edeb3a com.taobao.taobao/com.taobao.tao.welcome.Welcome m=0x108000}]
06-24 16:27:57.548 D/PMS11423(  657): package:com.eg.android.AlipayGphone, input flags:0, output hwFlags:0
06-24 16:27:57.550 D/PMS11423(  657): package:com.eg.android.AlipayGphone, input flags:0, output hwFlags:0
06-24 16:27:57.559 D/PMS1000 (  657): package:com.excelliance.dualaid, input flags:8192, output hwFlags:0
06-24 16:27:57.560 W/HSM     ( 1813): HoldService:toast switch is close!
06-24 16:27:57.561 D/ApplicationPackageManager(27906): queryIntentActivitiesAsUser blocked, Intent { act=android.intent.action.MAIN cat=[android.intent.category.LAUNCHER] pkg=com.sinovatech.unicom.ui }
06-24 16:27:57.561 D/HsmInterfaceImpl(27906): List [ResolveInfo{c687493 com.sinovatech.unicom.ui/.WelcomeClient m=0x108000}]
06-24 16:27:57.569 D/PMS1000 (  657): package:com.excelliance.dualaid, input flags:8192, output hwFlags:0
06-24 16:27:57.570 W/HSM     ( 1813): HoldService:toast switch is close!
06-24 16:27:57.571 D/ApplicationPackageManager(27935): queryIntentActivitiesAsUser blocked, Intent { act=android.intent.action.MAIN cat=[android.intent.category.LAUNCHER] pkg=com.eg.android.AlipayGphone }
06-24 16:27:57.571 D/HsmInterfaceImpl(27935): List [ResolveInfo{3a67548 com.eg.android.AlipayGphone/.AlipayLogin m=0x108000}]
06-24 16:27:57.571 D/PMS11423(  657): package:com.tencent.qqlite, input flags:0, output is null
06-24 16:27:57.572 D/PMS11423(  657): package:com.tencen2.mm, input flags:0, output is null
06-24 16:27:57.572 D/PMS11423(  657): package:com.sina.weibo, input flags:0, output hwFlags:0
06-24 16:27:57.575 D/PMS11423(  657): package:com.sina.weibo, input flags:0, output hwFlags:0
06-24 16:27:57.602 D/PMS1000 (  657): package:com.excelliance.dualaid, input flags:8192, output hwFlags:0
06-24 16:27:57.603 W/HSM     ( 1813): HoldService:toast switch is close!
06-24 16:27:57.605 D/ApplicationPackageManager(27906): queryIntentActivitiesAsUser blocked, Intent { act=android.intent.action.MAIN cat=[android.intent.category.LAUNCHER] pkg=com.huawei.phoneservice }
06-24 16:27:57.605 D/HsmInterfaceImpl(27906): List [ResolveInfo{bda54c9 com.huawei.phoneservice/.LaunchActivity m=0x108000}]
06-24 16:27:57.610 E/asset   (27906): createFromFile(): lock file /data/resource-cache/system@emui@base@overlay@frameworkhwexthonor@frameworkhwexthonor.apk@idmap.
06-24 16:27:57.610 E/asset   (27906): createFromFile(): lock file /data/resource-cache/system@emui@base@overlay@frameworkhwexthonor@frameworkhwexthonor.apk@idmap.
06-24 16:27:57.610 W/ResourceType(27906): Found multiple library tables, ignoring...
06-24 16:27:57.649 W/HSM     ( 1813): HoldService:toast switch is close!
06-24 16:27:57.650 D/ApplicationPackageManager(27935): queryIntentActivitiesAsUser blocked, Intent { act=android.intent.action.MAIN cat=[android.intent.category.LAUNCHER] pkg=com.sina.weibo }
06-24 16:27:57.650 D/HsmInterfaceImpl(27935): List [ResolveInfo{d3f8106 com.sina.weibo/.SplashActivity m=0x108000}]
06-24 16:27:57.650 D/PMS11423(  657): package:com.tencent.karaoke, input flags:0, output hwFlags:0
06-24 16:27:57.652 D/PMS1000 (  657): package:com.excelliance.dualaid, input flags:8192, output hwFlags:0
06-24 16:27:57.652 D/PMS11423(  657): package:com.tencent.karaoke, input flags:0, output hwFlags:0
06-24 16:27:57.657 W/HSM     ( 1813): HoldService:toast switch is close!
06-24 16:27:57.659 D/ApplicationPackageManager(27906): queryIntentActivitiesAsUser blocked, Intent { act=android.intent.action.MAIN cat=[android.intent.category.LAUNCHER] pkg=com.crisisfire.android.nearme.gamecenter }
06-24 16:27:57.659 D/HsmInterfaceImpl(27906): List [ResolveInfo{4cab5fc com.crisisfire.android.nearme.gamecenter/.UnityPlayerNativeActivity m=0x108000}]
06-24 16:27:57.682 D/PMS1000 (  657): package:com.excelliance.dualaid, input flags:8192, output hwFlags:0
06-24 16:27:57.684 W/HSM     ( 1813): HoldService:toast switch is close!
06-24 16:27:57.685 D/ApplicationPackageManager(27935): queryIntentActivitiesAsUser blocked, Intent { act=android.intent.action.MAIN cat=[android.intent.category.LAUNCHER] pkg=com.tencent.karaoke }
06-24 16:27:57.685 D/HsmInterfaceImpl(27935): List [ResolveInfo{8519df4 com.tencent.karaoke/.module.splash.ui.SplashBaseActivity m=0x108000}]
06-24 16:27:57.685 D/PMS11423(  657): package:com.keramidas.TitaniumBackup, input flags:0, output is null
06-24 16:27:57.685 D/PMS11423(  657): package:com.tencen3.mm, input flags:0, output is null
06-24 16:27:57.686 D/PMS11423(  657): package:com.whatsapp, input flags:0, output hwFlags:0
06-24 16:27:57.688 D/PMS11423(  657): package:com.whatsapp, input flags:0, output hwFlags:0
06-24 16:27:57.729 D/PMS1000 (  657): package:com.excelliance.dualaid, input flags:8192, output hwFlags:0
06-24 16:27:57.731 W/HSM     ( 1813): HoldService:toast switch is close!
06-24 16:27:57.739 D/NetWorkUtils( 1513): mVSimCurCardType is -1
06-24 16:27:57.747 D/ApplicationPackageManager(27906): queryIntentActivitiesAsUser blocked, Intent { act=android.intent.action.MAIN cat=[android.intent.category.LAUNCHER] pkg=com.antutu.benchmark.full }
06-24 16:27:57.747 D/HsmInterfaceImpl(27906): List []
06-24 16:27:57.749 D/PMS1000 (  657): package:com.excelliance.dualaid, input flags:8192, output hwFlags:0
06-24 16:27:57.750 D/NetWorkUtils( 1513): mVSimCurCardType is -1
06-24 16:27:57.752 W/HSM     ( 1813): HoldService:toast switch is close!
06-24 16:27:57.753 D/ApplicationPackageManager(27935): queryIntentActivitiesAsUser blocked, Intent { act=android.intent.action.MAIN cat=[android.intent.category.LAUNCHER] pkg=com.whatsapp }
06-24 16:27:57.753 D/HsmInterfaceImpl(27935): List [ResolveInfo{ce4a560 com.whatsapp/.Main m=0x108000}]
06-24 16:27:57.751 D/PMS1000 (  657): package:com.excelliance.dualaid, input flags:8192, output hwFlags:0
06-24 16:27:57.754 D/PMS11423(  657): package:com.taobao.fleamarket, input flags:0, output is null
06-24 16:27:57.754 D/PMS11423(  657): package:com.jiabin.xiaozhu, input flags:0, output is null
06-24 16:27:57.754 D/PMS11423(  657): package:com.soft.blued, input flags:0, output is null
06-24 16:27:57.754 D/PMS11423(  657): package:com.netease.dhxy, input flags:0, output is null
06-24 16:27:57.755 D/PMS11423(  657): package:com.gbits.atm.leiting, input flags:0, output is null
06-24 16:27:57.755 D/PMS11423(  657): package:com.tencent.Mtown, input flags:0, output is null
06-24 16:27:57.755 D/PMS11423(  657): package:com.tencent.minihd.qq, input flags:0, output is null
06-24 16:27:57.755 D/PMS11423(  657): package:com.facebook.katana, input flags:0, output hwFlags:0
06-24 16:27:57.759 D/PMS11423(  657): package:com.facebook.katana, input flags:0, output hwFlags:0
06-24 16:27:57.762 W/HSM     ( 1813): HoldService:toast switch is close!
06-24 16:27:57.764 D/ApplicationPackageManager(27906): queryIntentActivitiesAsUser blocked, Intent { act=android.intent.action.MAIN cat=[android.intent.category.LAUNCHER] pkg=com.xunmeng.pinduoduo }
06-24 16:27:57.764 D/HsmInterfaceImpl(27906): List [ResolveInfo{df252da com.xunmeng.pinduoduo/.ui.activity.MainFrameActivity m=0x108000}]
06-24 16:27:57.807 D/PMS1000 (  657): package:com.excelliance.dualaid, input flags:8192, output hwFlags:0
06-24 16:27:57.809 W/HSM     ( 1813): HoldService:toast switch is close!
06-24 16:27:57.810 D/ApplicationPackageManager(27935): queryIntentActivitiesAsUser blocked, Intent { act=android.intent.action.MAIN cat=[android.intent.category.LAUNCHER] pkg=com.facebook.katana }
06-24 16:27:57.811 D/HsmInterfaceImpl(27935): List [ResolveInfo{fdfaade com.facebook.katana/.LoginActivity m=0x108000}]
06-24 16:27:57.811 D/PMS11423(  657): package:com.supercell.clashofclans, input flags:0, output is null
06-24 16:27:57.811 D/PMS11423(  657): package:com.facebook.orca, input flags:0, output is null
06-24 16:27:57.811 D/PMS11423(  657): package:com.bbm, input flags:0, output is null
06-24 16:27:57.812 D/PMS11423(  657): package:jp.naver.line.android, input flags:0, output is null
06-24 16:27:57.812 D/PMS11423(  657): package:com.instagram.android, input flags:0, output is null
06-24 16:27:57.812 D/PMS11423(  657): package:kik.android, input flags:0, output is null
06-24 16:27:57.812 D/PMS11423(  657): package:com.facebook.lite, input flags:0, output is null
06-24 16:27:57.812 D/PMS11423(  657): package:com.supercell.clashroyale, input flags:0, output is null
06-24 16:27:57.813 D/PMS11423(  657): package:com.snapchat.android, input flags:0, output is null
06-24 16:27:57.813 D/PMS11423(  657): package:com.viber.voip, input flags:0, output is null
06-24 16:27:57.813 D/PMS11423(  657): package:com.zing.zalo, input flags:0, output is null
06-24 16:27:57.813 D/PMS11423(  657): package:com.cmcm.whatscall, input flags:0, output is null
06-24 16:27:57.814 D/PMS11423(  657): package:com.bsb.hike, input flags:0, output is null
06-24 16:27:57.814 D/PMS11423(  657): package:com.gbwhatsapp, input flags:0, output is null
06-24 16:27:57.814 D/PMS11423(  657): package:org.telegram.messenger, input flags:0, output is null
06-24 16:27:57.814 D/PMS11423(  657): package:com.nianticlabs.pokemongo, input flags:0, output is null
06-24 16:27:57.819 D/PMS11423(  657): package:com.excelliance.dualaid.b64, input flags:0, output hwFlags:0
06-24 16:27:57.823 D/PMS11423(  657): package:com.excelliance.dualaid.b64, input flags:0, output hwFlags:0
06-24 16:27:57.829 D/PMS1000 (  657): package:com.excelliance.dualaid, input flags:8192, output hwFlags:0
06-24 16:27:57.833 D/MainFragment(27935): rid = ,initStreamAd close = true
06-24 16:27:57.833 D/PayUtil (27935): sRid = 
06-24 16:27:57.835 D/PayUtil (27935): no pay dex...
06-24 16:27:57.835 W/HSM     ( 1813): HoldService:toast switch is close!
06-24 16:27:57.836 V/ChannelManager(27935): initChannelDao
06-24 16:27:57.837 D/ApplicationPackageManager(27906): queryIntentActivitiesAsUser blocked, Intent { act=android.intent.action.MAIN cat=[android.intent.category.LAUNCHER] pkg=com.zhuowang.cloneapp }
06-24 16:27:57.837 D/HsmInterfaceImpl(27906): List [ResolveInfo{40b35e8 com.zhuowang.cloneapp/com.excelliance.kxqp.ui.HelloActivity m=0x108000}]
06-24 16:27:57.850 I/zygote  (27935): Do partial code cache collection, code=62KB, data=60KB
06-24 16:27:57.850 I/zygote  (27935): After code cache collection, code=60KB, data=59KB
06-24 16:27:57.850 I/zygote  (27935): Increasing code cache capacity to 256KB
06-24 16:27:57.865 D/MainFragment(27935): pull ActivityIcon config is empty true
06-24 16:27:57.865 D/VersionManager(27935): pullActivityIconConfitg
06-24 16:27:57.866 D/VersionManager(27935): network = true
06-24 16:27:57.873 D/VersionManager(27935): activityIconUrl = https://folder.appota.cn/icon_activitynew.php?vc=466&vn=4.0.6&chid=10019&subchid=1&imei=867180035321712&imsi=460011092513889&lang=zh_CN&uid=353&isVip=false&type=20&pkg=com.excelliance.dualaid&api=26&release=8.0.0&newuser=1&abTest=0&issl=1, callBack = com.excelliance.kxqp.ui.k$45@f3796ea
06-24 16:27:57.874 E/MainFragment(27935): firstStart
06-24 16:27:57.875 D/MainFragment(27935): statusHeight = 72
06-24 16:27:57.875 D/MainFragment(27935): clearFullScreen
06-24 16:27:57.878 D/MainFragment(27935): onStart
06-24 16:27:57.878 D/MainFragment(27935): STREAM_AD_LAST_LOCATION = 0, statusHeight = 72
06-24 16:27:57.878 D/MainFragment(27935): onStart STREAM_AD_LAST_LOCATION
06-24 16:27:57.878 D/ActivityThread(27935): add activity client record, r= ActivityRecord{da2bddb token=android.os.BinderProxy@821c1b3 {com.excelliance.dualaid/com.excelliance.kxqp.ui.MainActivity}} token= android.os.BinderProxy@821c1b3
06-24 16:27:57.880 D/KXQPApplication(27935): onActivityStarted: com.excelliance.kxqp.ui.MainActivity@18036e9	
06-24 16:27:57.882 D/MainActivity(27935): onResume
06-24 16:27:57.884 D/MainActivity(27935): umengtj_switch:_0
06-24 16:27:57.884 D/MainActivity(27935): onResume Umengtj is false
06-24 16:27:57.886 D/MainFragment(27935): has_data_move = false, gridViewContainer = com.excelliance.kxqp.ui.multiple.GridviewContainerLayout{685c078 V.E...... ......I. 0,0-0,0 #7f0c0334 app:id/layout_container}
06-24 16:27:57.890 D/PMS1000 (  657): package:com.excelliance.dualaid, input flags:8192, output hwFlags:0
06-24 16:27:57.892 W/HSM     ( 1813): HoldService:toast switch is close!
06-24 16:27:57.893 D/PayUtil (27935): sRid = 
06-24 16:27:57.894 D/ApplicationPackageManager(27906): queryIntentActivitiesAsUser blocked, Intent { act=android.intent.action.MAIN cat=[android.intent.category.LAUNCHER] pkg=com.excean.parallelspace.b64 }
06-24 16:27:57.894 D/HsmInterfaceImpl(27906): List []
06-24 16:27:57.895 D/MainFragment(27935): onResume
06-24 16:27:57.899 D/PMS1000 (  657): package:com.excelliance.dualaid, input flags:8192, output hwFlags:0
06-24 16:27:57.900 W/HSM     ( 1813): HoldService:toast switch is close!
06-24 16:27:57.901 D/ApplicationPackageManager(27906): queryIntentActivitiesAsUser blocked, Intent { act=android.intent.action.MAIN cat=[android.intent.category.LAUNCHER] pkg=com.excelliance.multiaccounts.b64 }
06-24 16:27:57.901 D/HsmInterfaceImpl(27906): List []
06-24 16:27:57.903 D/y       (27935): 0:[]
06-24 16:27:57.903 D/y       (27935): 20:null
06-24 16:27:57.906 W/HSM     ( 1813): HoldService:toast switch is close!
06-24 16:27:57.907 D/ApplicationPackageManager(27906): queryIntentActivitiesAsUser blocked, Intent { act=android.intent.action.MAIN cat=[android.intent.category.LAUNCHER] pkg=com.xiangyou.multispace }
06-24 16:27:57.908 D/HsmInterfaceImpl(27906): List [ResolveInfo{7b2c2a6 com.xiangyou.multispace/com.excelliance.kxqp.ui.HelloActivity m=0x108000}]
06-24 16:27:57.913 D/MainFragment(27935): onResume1
06-24 16:27:57.914 V/MainFragment(27935): resume isFromCreate>>>true,needInterceptBackKey>>>false,isHomeKeyEvent>>>false
06-24 16:27:57.914 D/PlatSdk (27935): current = 0
06-24 16:27:57.915 D/y       (27935): 41:[0]
06-24 16:27:57.919 I/NetworkSpeedManagerEx( 1513): mIsStop = false
06-24 16:27:57.919 I/NetworkSpeedManagerEx( 1513):  runInThread getTetherStats
06-24 16:27:57.921 I/NetworkSpeedManagerEx( 1513):  runInUI refreshSpeed
06-24 16:27:57.922 I/NetworkSpeedManagerEx( 1513): value=3444.0speed = 3.4
06-24 16:27:57.922 I/NetworkSpeedManagerEx( 1513): K/smIsShowLastSpeedValuefalse
06-24 16:27:57.923 I/NetworkSpeedView( 1513): /update(), speed=3.4
