06-24 15:40:02.781 D/PMS11422(  657): package:com.qzone, input flags:0, output is null
06-24 15:40:02.781 D/PMS11422(  657): package:com.tencent.android.qqdownloader, input flags:0, output hwFlags:0
06-24 15:40:02.781 D/PMS11422(  657): package:com.tencent.now, input flags:0, output is null
06-24 15:40:02.781 D/PMS11422(  657): package:com.ifreetalk.ftalk, input flags:0, output hwFlags:0
06-24 15:40:02.781 D/PMS11422(  657): package:com.taobao.taobao, input flags:0, output hwFlags:0
06-24 15:40:02.781 D/PMS11422(  657): package:com.android.gallery3d, input flags:0, output hwFlags:0
06-24 15:40:02.782 D/PMS11422(  657): package:com.pp.assistant, input flags:0, output hwFlags:0
06-24 15:40:02.782 D/PMS11422(  657): package:com.oppo.market, input flags:0, output hwFlags:0
06-24 15:40:02.782 D/PMS11422(  657): package:com.excean.wxaid, input flags:0, output hwFlags:0
06-24 15:40:02.782 D/PMS11422(  657): package:com.huawei.intelligent, input flags:0, output hwFlags:0
06-24 15:40:02.782 D/PMS11422(  657): package:com.google.android.backuptransport, input flags:0, output hwFlags:0
06-24 15:40:02.782 D/PMS11422(  657): package:com.huawei.skytone, input flags:0, output hwFlags:0
06-24 15:40:02.782 D/PMS11422(  657): package:com.estrongs.android.pop, input flags:0, output hwFlags:0
06-24 15:40:02.782 D/PMS11422(  657): package:com.redfinger.app, input flags:0, output hwFlags:0
06-24 15:40:02.783 D/PMS11422(  657): package:com.android.vending, input flags:0, output hwFlags:0
06-24 15:40:02.783 D/PMS11422(  657): package:org.hapjs.mockup, input flags:0, output hwFlags:0
06-24 15:40:02.783 D/PMS11422(  657): package:com.huawei.gamebox, input flags:0, output hwFlags:603979776
06-24 15:40:02.783 D/PMS11422(  657): package:com.tencent.tmgp.pubgmhd-ext, input flags:0, output is null
06-24 15:40:02.783 D/PMS11422(  657): package:com.stickgame.los2, input flags:0, output hwFlags:0
06-24 15:40:02.783 D/PMS11422(  657): package:com.qihoo.appstore, input flags:0, output hwFlags:0
06-24 15:40:02.783 D/PMS11422(  657): package:com.huawei.android.thememanager, input flags:0, output hwFlags:0
06-24 15:40:02.784 D/PMS11422(  657): package:com.excean.parallelspace, input flags:0, output hwFlags:0
06-24 15:40:02.784 D/PMS11422(  657): package:com.UCMobile, input flags:0, output hwFlags:0
06-24 15:40:02.784 D/PMS11422(  657): package:com.bbk.appstore, input flags:0, output hwFlags:0
06-24 15:40:02.784 D/PMS11422(  657): package:com.excean.ppaid, input flags:0, output hwFlags:0
06-24 15:40:02.784 D/PMS11422(  657): package:com.netease.blockchain, input flags:0, output hwFlags:0
06-24 15:40:02.784 D/PMS11422(  657): package:com.huawei.camera, input flags:0, output hwFlags:0
06-24 15:40:02.784 D/PMS11422(  657): package:com.sinovatech.unicom.ui, input flags:0, output hwFlags:0
06-24 15:40:02.784 D/PMS11422(  657): package:com.huawei.phoneservice, input flags:0, output hwFlags:0
06-24 15:40:02.785 D/PMS11422(  657): package:com.crisisfire.android.nearme.gamecenter, input flags:0, output hwFlags:0
06-24 15:40:02.785 D/PMS11422(  657): package:com.antutu.benchmark.full, input flags:0, output hwFlags:0
06-24 15:40:02.785 D/PMS11422(  657): package:com.xunmeng.pinduoduo, input flags:0, output hwFlags:0
06-24 15:40:02.785 D/PMS11422(  657): package:com.zhuowang.cloneapp, input flags:0, output hwFlags:0
06-24 15:40:02.785 D/PMS11422(  657): package:com.excean.parallelspace.b64, input flags:0, output hwFlags:0
06-24 15:40:02.785 D/PMS11422(  657): package:com.excelliance.multiaccounts.b64, input flags:0, output hwFlags:0
06-24 15:40:02.785 D/PMS11422(  657): package:com.xiangyou.multispace, input flags:0, output hwFlags:0
06-24 15:40:02.786 D/PMS11422(  657): package:com.youlong.multiaccount, input flags:0, output hwFlags:0
06-24 15:40:02.786 D/PMS11422(  657): package:com.gameloft.android.ANMP.GloftA9HM, input flags:0, output hwFlags:0
06-24 15:40:02.786 D/PMS11422(  657): package:com.excelliance.dualaid.b64, input flags:0, output hwFlags:0
06-24 15:40:02.786 D/AddGameData(31190): switch_uninstall: 70
06-24 15:40:02.788 W/InputMethodManager(31190): startInputReason = 1
06-24 15:40:02.788 D/PMS1000 (  657): package:com.excelliance.dualaid, input flags:8192, output hwFlags:0
06-24 15:40:02.789 W/HSM     ( 1813): HoldService:toast switch is close!
06-24 15:40:02.790 D/ApplicationPackageManager(31190): queryIntentActivitiesAsUser blocked, Intent { act=android.intent.action.MAIN cat=[android.intent.category.LAUNCHER] pkg=com.huawei.hifolder }
06-24 15:40:02.790 D/HsmInterfaceImpl(31190): List []
06-24 15:40:02.790 I/wangchen( 7035): SysInfo.getSysParam: orientation=1||config d=3.0,w=1080,h=1920||metrics d=3.0,w=1080,h=1920||sdk=26,bar_h=72
06-24 15:40:02.790 I/KeymapLoader( 7035): w=1080 h=1920 ori=true appScale=3.3 s1=3.0
06-24 15:40:02.792 D/PMS1000 (  657): package:com.excelliance.dualaid, input flags:8192, output hwFlags:0
06-24 15:40:02.793 W/HSM     ( 1813): HoldService:toast switch is close!
06-24 15:40:02.794 D/ApplicationPackageManager(31190): queryIntentActivitiesAsUser blocked, Intent { act=android.intent.action.MAIN cat=[android.intent.category.LAUNCHER] pkg=com.github.shadowsocks }
06-24 15:40:02.794 D/HsmInterfaceImpl(31190): List [ResolveInfo{da7c7d9 com.github.shadowsocks/.MainActivity m=0x108000}]
06-24 15:40:02.814 I/GRALLOC (  679): 	 shrFd=10,fmt=0x1,intFmt=0x200000001,btStrd=4352,size=8486912,pid=679 
06-24 15:40:02.814 I/GRALLOC (  679): 	 yuv=2,w=1080,h=1920,Stride u=0 v=0,offset u=0 v=0 
06-24 15:40:02.814 I/GRALLOC (  679): 	 iova_size=8486912,conUsg=0xb00,proUsg=0xb00,	 strd=1088,[afbc]HdrStrd=1088 PyldStrd=69632 Scrmbl=2,ionhnd = 1 
06-24 15:40:02.817 W/HSM     ( 1813): HoldService:toast switch is close!
06-24 15:40:02.818 D/ApplicationPackageManager(31190): queryIntentActivitiesAsUser blocked, Intent { act=android.intent.action.MAIN cat=[android.intent.category.LAUNCHER] pkg=com.excelliance.dualaid }
06-24 15:40:02.818 D/HsmInterfaceImpl(31190): List [ResolveInfo{537987f com.excelliance.dualaid/com.excelliance.kxqp.ui.HelloActivity m=0x108000}]
06-24 15:40:02.821 D/WindowManager(  657): finishDrawingWindow: Window{39f8411 u0 com.excelliance.dualaid/com.excelliance.kxqp.ui.HelloActivity} mDrawState=DRAW_PENDING
06-24 15:40:02.823 V/WindowManager(  657): Checking 1 opening apps (frozen=false timeout=false)...
06-24 15:40:02.823 V/WindowManager(  657): Check opening app=AppWindowToken{9898920 token=Token{8bb2023 ActivityRecord{8167552 u0 com.excelliance.dualaid/com.excelliance.kxqp.ui.HelloActivity t16028}}}: allDrawn=true startingDisplayed=false startingMoved=false isRelaunching()=false
06-24 15:40:02.829 I/ActivityManager(  657): Displayed com.excelliance.dualaid/com.excelliance.kxqp.ui.HelloActivity: +211ms
06-24 15:40:02.831 V/WindowManager(  657): Checking 0 opening apps (frozen=false timeout=false)...
06-24 15:40:02.834 D/BarTransitions.HwPhoneStatusBarView( 1513): MODE_TRANSLUCENT -> MODE_TRANSPARENT animate=false
06-24 15:40:02.834 D/BarTransitions.HwPhoneStatusBarView( 1513): applyModeBackground oldMode=MODE_TRANSLUCENT newMode=MODE_TRANSPARENT animate=false
06-24 15:40:02.836 I/GRALLOC (  679): 	 shrFd=10,fmt=0x1,intFmt=0x200000001,btStrd=4352,size=8486912,pid=679 
06-24 15:40:02.836 I/GRALLOC (  679): 	 yuv=2,w=1080,h=1920,Stride u=0 v=0,offset u=0 v=0 
06-24 15:40:02.836 I/GRALLOC (  679): 	 iova_size=8486912,conUsg=0xb00,proUsg=0xb00,	 strd=1088,[afbc]HdrStrd=1088 PyldStrd=69632 Scrmbl=2,ionhnd = 1 
06-24 15:40:02.846 D/PMS1000 (  657): package:com.excelliance.dualaid, input flags:8192, output hwFlags:0
06-24 15:40:02.847 W/HSM     ( 1813): HoldService:toast switch is close!
06-24 15:40:02.848 D/ApplicationPackageManager(31190): queryIntentActivitiesAsUser blocked, Intent { act=android.intent.action.MAIN cat=[android.intent.category.LAUNCHER] pkg=com.tencent.tmgp.qqx5 }
06-24 15:40:02.848 D/HsmInterfaceImpl(31190): List [ResolveInfo{7c40895 com.tencent.tmgp.qqx5/.DGMMainActivity m=0x108000}]
06-24 15:40:02.852 I/GRALLOC (  679): 	 shrFd=10,fmt=0x1,intFmt=0x200000001,btStrd=4352,size=8486912,pid=679 
06-24 15:40:02.852 I/GRALLOC (  679): 	 yuv=2,w=1080,h=1920,Stride u=0 v=0,offset u=0 v=0 
06-24 15:40:02.852 I/GRALLOC (  679): 	 iova_size=8486912,conUsg=0xb00,proUsg=0xb00,	 strd=1088,[afbc]HdrStrd=1088 PyldStrd=69632 Scrmbl=2,ionhnd = 1 
06-24 15:40:02.854 D/BarTransitions.HwNavigationBarView( 1513): MODE_OPAQUE -> MODE_TRANSPARENT animate=false
06-24 15:40:02.854 D/BarTransitions.HwNavigationBarView( 1513): applyModeBackground oldMode=MODE_OPAQUE newMode=MODE_TRANSPARENT animate=false
06-24 15:40:02.856 E/BufferQueueProducer(  710): [com.excelliance.dualaid/com.excelliance.kxqp.swipe.NavActivity2#0] disconnect: not connected (req=1)
06-24 15:40:02.856 W/libEGL  (31190): EGLNativeWindowType 0xd0ceb808 disconnect failed
06-24 15:40:02.892 W/HSM     ( 1813): HoldService:toast switch is close!
06-24 15:40:02.892 D/ApplicationPackageManager(31190): queryIntentActivitiesAsUser blocked, Intent { act=android.intent.action.MAIN cat=[android.intent.category.LAUNCHER] pkg=com.huawei.android.pushagent }
06-24 15:40:02.892 D/HsmInterfaceImpl(31190): List []
06-24 15:40:02.895 W/HSM     ( 1813): HoldService:toast switch is close!
06-24 15:40:02.896 D/ApplicationPackageManager(31190): queryIntentActivitiesAsUser blocked, Intent { act=android.intent.action.MAIN cat=[android.intent.category.LAUNCHER] pkg=com.huawei.appmarket }
06-24 15:40:02.896 D/HsmInterfaceImpl(31190): List [ResolveInfo{8b73d9b com.huawei.appmarket/.MainActivity m=0x108000}]
06-24 15:40:02.899 E/asset   (31190): createFromFile(): lock file /data/resource-cache/system@emui@base@overlay@frameworkhwexthonor@frameworkhwexthonor.apk@idmap.
06-24 15:40:02.900 E/asset   (31190): createFromFile(): lock file /data/resource-cache/system@emui@base@overlay@frameworkhwexthonor@frameworkhwexthonor.apk@idmap.
06-24 15:40:02.900 W/ResourceType(31190): Found multiple library tables, ignoring...
06-24 15:40:02.930 W/HSM     ( 1813): HoldService:toast switch is close!
06-24 15:40:02.930 D/ApplicationPackageManager(31190): queryIntentActivitiesAsUser blocked, Intent { act=android.intent.action.MAIN cat=[android.intent.category.LAUNCHER] pkg=com.wandoujia.phoenix2 }
06-24 15:40:02.930 D/HsmInterfaceImpl(31190): List [ResolveInfo{67f8a76 com.wandoujia.phoenix2/com.pp.assistant.activity.PPMainActivity m=0x108000}]
06-24 15:40:02.930 D/HwRecentsLockUtils( 1513): Search
06-24 15:40:02.930 E/HsmCoreServiceImpl( 1478): onTransact in code is: 103
06-24 15:40:02.930 I/MediaProcessHandler( 1478): playingUids: 
06-24 15:40:02.931 D/ActivityManager(  657): Skipping, home or recents stack task: TaskRecord{333215f #15658 A=com.huawei.android.launcher U=0 StackId=0 sz=1}
06-24 15:40:02.931 D/ActivityManager(  657): Skipping intent:act=android.intent.action.MAIN cat=[android.intent.category.LAUNCHER] flg=0x10a00000 cmp=io.appium.settings/.Settings
06-24 15:40:02.931 D/ActivityManager(  657): Skipping intent:flg=0x10804000 cmp=com.android.systemui/.recents.RecentsActivity bnds=[48,928][1032,2296]
06-24 15:40:02.931 D/ActivityManager(  657): Skipping intent:flg=0x18800000 cmp=com.tencent.mm/.plugin.base.stub.WXPayEntryActivity
06-24 15:40:02.931 D/ActivityManager(  657): Skipping intent:flg=0x10800000 cmp=com.huawei.systemmanager/com.huawei.permissionmanager.ui.MainActivity
06-24 15:40:02.931 D/ActivityManager(  657): Skipping intent:flg=0x18800000 cmp=com.tencent.mm/.plugin.base.stub.WXEntryActivity
06-24 15:40:02.931 D/ActivityManager(  657): Skipping intent:act=com.huawei.action.VOICE_ASSISTANT flg=0x10800000 pkg=com.huawei.vassistant cmp=com.huawei.vassistant/.ui.main.VAssistantActivity
06-24 15:40:02.931 D/ActivityManager(  657): Skipping intent:act=com.huawei.android.launcher.action.ACCESS_SPLIT_SCREEN_APP cat=[android.intent.category.DEFAULT] flg=0x10804000 cmp=com.huawei.android.launcher/.splitscreen.SplitScreenAppActivity
06-24 15:40:02.931 D/ActivityManager(  657): Skipping intent:flg=0x10800000 pkg=com.excelliance.dualaid.b64 cmp=com.excelliance.dualaid.b64/com.excelliance.kxqp.sdk.PermissionRequestActivity
06-24 15:40:02.931 D/ActivityManager(  657): Skipping intent:act=android.intent.action.VIEW dat=content://com.excelliance.dualaid.fileProvider/external_storage_root/Download/apk/Multiple_64.apk typ=application/vnd.android.package-archive flg=0x10800001 cmp=com.android.packageinstaller/.InstallStart
06-24 15:40:02.931 D/ActivityManager(  657): Skipping intent:flg=0x10800000 cmp=com.android.systemui/.usb.HwUsbDebuggingActivity
06-24 15:40:02.931 D/ActivityManager(  657): Skipping intent:act=android.deviceinfo.chooser.action.LAUNCH flg=0x10800000 hwFlg=0x100 pkg=com.android.settings cmp=com.android.settings/.deviceinfo.UsbConnModeChooserActivity
06-24 15:40:02.931 D/ActivityManager(  657): Skipping intent:flg=0x10800000 cmp=com.zol.android/.push.KeepLiveActivity
06-24 15:40:02.931 D/ActivityManager(  657): Skipping intent:act=android.intent.action.MAIN cat=[android.intent.category.HOME] flg=0x10800300 cmp=com.android.settings/.FallbackHome
06-24 15:40:02.958 D/PMS1000 (  657): package:com.excelliance.dualaid, input flags:8192, output hwFlags:0
06-24 15:40:02.959 W/HSM     ( 1813): HoldService:toast switch is close!
06-24 15:40:02.959 D/ApplicationPackageManager(31190): queryIntentActivitiesAsUser blocked, Intent { act=android.intent.action.MAIN cat=[android.intent.category.LAUNCHER] pkg=com.tencent.mm }
06-24 15:40:02.959 D/HsmInterfaceImpl(31190): List [ResolveInfo{222dce4 com.tencent.mm/.ui.LauncherUI m=0x108000}]
06-24 15:40:02.971 W/HSM     ( 1813): HoldService:toast switch is close!
06-24 15:40:02.972 D/ApplicationPackageManager(31190): queryIntentActivitiesAsUser blocked, Intent { act=android.intent.action.MAIN cat=[android.intent.category.LAUNCHER] pkg=com.android.providers.media }
06-24 15:40:02.972 D/HsmInterfaceImpl(31190): List []
06-24 15:40:02.975 W/HSM     ( 1813): HoldService:toast switch is close!
06-24 15:40:02.975 D/ApplicationPackageManager(31190): queryIntentActivitiesAsUser blocked, Intent { act=android.intent.action.MAIN cat=[android.intent.category.LAUNCHER] pkg=com.huawei.vassistant }
06-24 15:40:02.975 D/HsmInterfaceImpl(31190): List [ResolveInfo{47db54d com.huawei.vassistant/.ui.main.VAssistantActivity m=0x108000}]
06-24 15:40:02.978 E/asset   (31190): createFromFile(): lock file /data/resource-cache/system@emui@base@overlay@frameworkhwexthonor@frameworkhwexthonor.apk@idmap.
06-24 15:40:02.978 E/asset   (31190): createFromFile(): lock file /data/resource-cache/system@emui@base@overlay@frameworkhwexthonor@frameworkhwexthonor.apk@idmap.
06-24 15:40:02.978 W/ResourceType(31190): Found multiple library tables, ignoring...
06-24 15:40:03.009 D/PMS1000 (  657): package:com.excelliance.dualaid, input flags:8192, output hwFlags:0
06-24 15:40:03.010 W/HSM     ( 1813): HoldService:toast switch is close!
06-24 15:40:03.010 D/ApplicationPackageManager(31190): queryIntentActivitiesAsUser blocked, Intent { act=android.intent.action.MAIN cat=[android.intent.category.LAUNCHER] pkg=com.facebook.katana }
06-24 15:40:03.010 D/HsmInterfaceImpl(31190): List [ResolveInfo{ba2e350 com.facebook.katana/.LoginActivity m=0x108000}]
06-24 15:40:03.019 D/HwWifiStatStore(  657): handleMessage : 200
06-24 15:40:03.041 V/ActivityManager(  657): Making visible and scheduling visibility: ActivityRecord{d5c9105 u0 com.huawei.android.launcher/.unihome.UniHomeLauncher t15658}
06-24 15:40:03.042 V/WindowManager(  657): No longer Stopped: AppWindowToken{d3a938b token=Token{377755a ActivityRecord{d5c9105 u0 com.huawei.android.launcher/.unihome.UniHomeLauncher t15658}}}
06-24 15:40:03.052 E/asset   (31190): createFromFile(): lock file /data/resource-cache/system@emui@base@overlay@frameworkhwexthonor@frameworkhwexthonor.apk@idmap.
06-24 15:40:03.052 E/asset   (31190): createFromFile(): lock file /data/resource-cache/system@emui@base@overlay@frameworkhwexthonor@frameworkhwexthonor.apk@idmap.
06-24 15:40:03.052 W/ResourceType(31190): Found multiple library tables, ignoring...
06-24 15:40:03.061 E/Thermal-daemon(  764): [pa_0] temp_new :38  temp_old :37
06-24 15:40:03.062 I/ThermalService( 1699): Receive temperature change, type: 1, temp: 38 from thermald
06-24 15:40:03.062 D/HwThermalStateManager( 1699): Thermal type: 1 cur_temperature:38
06-24 15:40:03.062 E/Thermal-daemon(  764): Report temperature: [pa_0] temp :38  report_threshold:1
06-24 15:40:03.066 D/ActivityThread(31190): Remove activity client record, r= ActivityRecord{414755e token=android.os.BinderProxy@31abee5 {com.excelliance.dualaid/com.excelliance.kxqp.swipe.NavActivity2}} token= android.os.BinderProxy@31abee5
06-24 15:40:03.067 D/HwQoEUtils(  657): mForegroundAppPackageName: com.huawei.android.launcher ,score: 0
06-24 15:40:03.067 V/ActivityThread( 2519): Handle window ActivityRecord{4719bb8 token=android.os.BinderProxy@b3fca27 {com.huawei.android.launcher/com.huawei.android.launcher.unihome.UniHomeLauncher}} visibility: true
06-24 15:40:03.067 D/HwQoEUtils(  657): onForegroundAppWifiSleepChange: config:false, sleeptime:-1,type: 255, appname:com.huawei.android.launcher
06-24 15:40:03.067 D/HwQoEUtils(  657): APP type: 255 appName= com.huawei.android.launcher
06-24 15:40:03.067 D/HwQoEUtils(  657): no game, APP_TYPE_GAME, appName =com.huawei.android.launcher
06-24 15:40:03.068 D/HwGameAssistantController(  657): pid=2519, uid=10056, foreground=true
06-24 15:40:03.068 V/WindowManager(  657): removeIfPossible: Window{1cd4a3a u0 com.excelliance.dualaid/com.excelliance.kxqp.swipe.NavActivity2} callers=com.android.server.wm.WindowState.removeIfPossible:1914 com.android.server.wm.WindowManagerService.removeWindow:2022 com.android.server.wm.Session.remove:218 android.view.IWindowSession$Stub.onTransact:242 com.android.server.wm.Session.onTransact:161 
06-24 15:40:03.068 E/HwLauncher( 2519): SettingsEx , no such field.
06-24 15:40:03.068 W/HwLauncher( 2519): Clock getDataFormat the getSystemString failed.
06-24 15:40:03.068 I/WindowManager(  657): Destroying surface Surface(name=com.excelliance.dualaid/com.excelliance.kxqp.swipe.NavActivity2) called by com.android.server.wm.WindowStateAnimator.destroySurface:2060 com.android.server.wm.WindowStateAnimator.destroySurfaceLocked:873 com.android.server.wm.HwWindowStateAnimator.destroySurfaceLocked:1006 com.android.server.wm.WindowState.removeImmediately:1899 com.android.server.wm.WindowState.removeIfPossible:2051 com.android.server.wm.WindowState.removeIfPossible:1914 com.android.server.wm.WindowManagerService.removeWindow:2022 com.android.server.wm.Session.remove:218 
06-24 15:40:03.069 V/WindowManager(  657): postWindowRemoveCleanupLocked: Window{1cd4a3a u0 com.excelliance.dualaid/com.excelliance.kxqp.swipe.NavActivity2}
06-24 15:40:03.069 V/WindowManager(  657): Removing Window{1cd4a3a u0 com.excelliance.dualaid/com.excelliance.kxqp.swipe.NavActivity2} from AppWindowToken{bce89d7 token=Token{bdb6556 ActivityRecord{f329371 u0 com.excelliance.dualaid/com.excelliance.kxqp.swipe.NavActivity2 t16028}}}
06-24 15:40:03.072 W/AwareLog(  657): SchedLevelBoost: onFgActivitiesChanged config not set!
06-24 15:40:03.074 V/WindowManager(  657): removeAppToken: AppWindowToken{bce89d7 token=Token{bdb6556 ActivityRecord{f329371 u0 com.excelliance.dualaid/com.excelliance.kxqp.swipe.NavActivity2 t16028}}} delayed=false Callers=com.android.server.wm.DisplayContent.removeAppToken:985 com.android.server.wm.AppWindowContainerController.removeContainer:348 com.android.server.am.ActivityRecord.removeWindowContainer:1039 com.android.server.am.ActivityStack.removeActivityFromHistoryLocked:4491 
06-24 15:40:03.078 I/HwNetworkPolicy(  657): onTransact, code = 203
06-24 15:40:03.078 I/HwNetworkPolicyManager( 1813): getHwUidPolicy uid = 10056 policy = 0
06-24 15:40:03.087 D/PMS1000 (  657): package:com.excelliance.dualaid, input flags:8192, output hwFlags:0
06-24 15:40:03.087 W/HSM     ( 1813): HoldService:toast switch is close!
06-24 15:40:03.088 D/ApplicationPackageManager(31190): queryIntentActivitiesAsUser blocked, Intent { act=android.intent.action.MAIN cat=[android.intent.category.LAUNCHER] pkg=com.huawei.trustcircle }
06-24 15:40:03.088 D/HsmInterfaceImpl(31190): List []
06-24 15:40:03.088 D/mali_winsys( 2519): EGLint new_window_surface(egl_winsys_display *, void *, EGLSurface, EGLConfig, egl_winsys_surface **, egl_color_buffer_format *, EGLBoolean) returns 0x3000
06-24 15:40:03.091 I/GRALLOC (  679): 	 shrFd=10,fmt=0x1,intFmt=0x200000001,btStrd=4352,size=8486912,pid=679 
06-24 15:40:03.091 I/GRALLOC (  679): 	 yuv=2,w=1080,h=1920,Stride u=0 v=0,offset u=0 v=0 
06-24 15:40:03.091 I/GRALLOC (  679): 	 iova_size=8486912,conUsg=0x900,proUsg=0x900,	 strd=1088,[afbc]HdrStrd=1088 PyldStrd=69632 Scrmbl=2,ionhnd = 1 
06-24 15:40:03.091 D/PMS1000 (  657): package:com.excelliance.dualaid, input flags:8192, output hwFlags:0
06-24 15:40:03.093 W/HSM     ( 1813): HoldService:toast switch is close!
06-24 15:40:03.093 D/ApplicationPackageManager(31190): queryIntentActivitiesAsUser blocked, Intent { act=android.intent.action.MAIN cat=[android.intent.category.LAUNCHER] pkg=com.jingdong.app.mall }
06-24 15:40:03.093 D/HsmInterfaceImpl(31190): List [ResolveInfo{edae47c com.jingdong.app.mall/.main.MainActivity m=0x108000}]
06-24 15:40:03.094 I/GRALLOC (  679): 	 shrFd=10,fmt=0x1,intFmt=0x200000001,btStrd=4352,size=8486912,pid=679 
06-24 15:40:03.094 I/GRALLOC (  679): 	 yuv=2,w=1080,h=1920,Stride u=0 v=0,offset u=0 v=0 
06-24 15:40:03.094 I/GRALLOC (  679): 	 iova_size=8486912,conUsg=0x900,proUsg=0x900,	 strd=1088,[afbc]HdrStrd=1088 PyldStrd=69632 Scrmbl=2,ionhnd = 1 
06-24 15:40:03.096 I/GRALLOC (  679): 	 shrFd=10,fmt=0x1,intFmt=0x200000001,btStrd=4352,size=8486912,pid=679 
06-24 15:40:03.096 I/GRALLOC (  679): 	 yuv=2,w=1080,h=1920,Stride u=0 v=0,offset u=0 v=0 
06-24 15:40:03.096 I/GRALLOC (  679): 	 iova_size=8486912,conUsg=0x900,proUsg=0x900,	 strd=1088,[afbc]HdrStrd=1088 PyldStrd=69632 Scrmbl=2,ionhnd = 1 
06-24 15:40:03.115 I/GRALLOC (  679): 	 shrFd=10,fmt=0x1,intFmt=0x200000001,btStrd=4352,size=8486912,pid=679 
06-24 15:40:03.115 I/GRALLOC (  679): 	 yuv=2,w=1080,h=1920,Stride u=0 v=0,offset u=0 v=0 
06-24 15:40:03.115 I/GRALLOC (  679): 	 iova_size=8486912,conUsg=0xb00,proUsg=0xb00,	 strd=1088,[afbc]HdrStrd=1088 PyldStrd=69632 Scrmbl=2,ionhnd = 1 
06-24 15:40:03.124 D/WindowManager(  657): finishDrawingWindow: Window{68d6975 u0 com.huawei.android.launcher/com.huawei.android.launcher.unihome.UniHomeLauncher} mDrawState=DRAW_PENDING
06-24 15:40:03.126 D/ImageWallpaper( 1513): onOffsetsChanged: xOffset=0.0, yOffset=0.0, xOffsetStep=0.0, yOffsetStep=0.0, xPixels=0, yPixels=0
06-24 15:40:03.126 D/ImageWallpaper( 1513): Suppressed drawFrame since redraw is not needed and offsets have not changed.sf=Rect(0, 0 - 2160, 1920)
06-24 15:40:03.126 D/ImageWallpaper( 1513): onVisibilityChanged: mVisible, visible=false, true
06-24 15:40:03.126 D/ImageWallpaper( 1513): Visibility changed to visible=true
06-24 15:40:03.127 D/ImageWallpaper( 1513): Suppressed drawFrame since redraw is not needed and offsets have not changed.sf=Rect(0, 0 - 2160, 1920)
06-24 15:40:03.129 D/HwFLClassLoader( 2519): USE_FEATURE_LIST had not init! 
06-24 15:40:03.130 D/PMS1000 (  657): package:com.excelliance.dualaid, input flags:8192, output hwFlags:0
06-24 15:40:03.131 W/HSM     ( 1813): HoldService:toast switch is close!
06-24 15:40:03.132 D/ApplicationPackageManager(31190): queryIntentActivitiesAsUser blocked, Intent { act=android.intent.action.MAIN cat=[android.intent.category.LAUNCHER] pkg=com.tencent.mobileqq }
06-24 15:40:03.132 D/HsmInterfaceImpl(31190): List [ResolveInfo{78e655a com.tencent.mobileqq/.activity.SplashActivity m=0x108000}]
06-24 15:40:03.140 E/asset   ( 2519): createFromFile(): lock file /data/resource-cache/system@emui@base@overlay@frameworkhwexthonor@frameworkhwexthonor.apk@idmap.
06-24 15:40:03.141 E/asset   ( 2519): createFromFile(): lock file /data/resource-cache/system@emui@base@overlay@frameworkhwexthonor@frameworkhwexthonor.apk@idmap.
06-24 15:40:03.141 W/ResourceType( 2519): Found multiple library tables, ignoring...
06-24 15:40:03.145 W/HSM     ( 1813): HoldService:toast switch is close!
06-24 15:40:03.145 D/ApplicationPackageManager(31190): queryIntentActivitiesAsUser blocked, Intent { act=android.intent.action.MAIN cat=[android.intent.category.LAUNCHER] pkg=com.zol.android }
06-24 15:40:03.145 D/HsmInterfaceImpl(31190): List [ResolveInfo{81ec38b com.zol.android/.ui.FirstActivity m=0x108000}]
06-24 15:40:03.149 D/HwFLClassLoader( 2519): USE_FEATURE_LIST had not init! 
06-24 15:40:03.151 E/asset   ( 2519): createFromFile(): lock file /data/resource-cache/system@emui@base@overlay@frameworkhwexthonor@frameworkhwexthonor.apk@idmap.
06-24 15:40:03.151 E/asset   ( 2519): createFromFile(): lock file /data/resource-cache/system@emui@base@overlay@frameworkhwexthonor@frameworkhwexthonor.apk@idmap.
06-24 15:40:03.152 W/ResourceType( 2519): Found multiple library tables, ignoring...
06-24 15:40:03.171 W/HSM     ( 1813): HoldService:toast switch is close!
06-24 15:40:03.172 D/ApplicationPackageManager(31190): queryIntentActivitiesAsUser blocked, Intent { act=android.intent.action.MAIN cat=[android.intent.category.LAUNCHER] pkg=com.huawei.hiskytone }
06-24 15:40:03.172 D/HsmInterfaceImpl(31190): List [ResolveInfo{e11e881 com.huawei.hiskytone/com.huawei.skytone.account.welcome.SplashActivity m=0x108000}]
06-24 15:40:03.210 D/PMS1000 (  657): package:com.excelliance.dualaid, input flags:8192, output hwFlags:0
06-24 15:40:03.211 W/HSM     ( 1813): HoldService:toast switch is close!
06-24 15:40:03.211 D/ApplicationPackageManager(31190): queryIntentActivitiesAsUser blocked, Intent { act=android.intent.action.MAIN cat=[android.intent.category.LAUNCHER] pkg=com.huawei.hwid }
06-24 15:40:03.211 D/HsmInterfaceImpl(31190): List []
06-24 15:40:03.214 D/PMS1000 (  657): package:com.excelliance.dualaid, input flags:8192, output hwFlags:0
06-24 15:40:03.215 W/HSM     ( 1813): HoldService:toast switch is close!
06-24 15:40:03.215 D/ApplicationPackageManager(31190): queryIntentActivitiesAsUser blocked, Intent { act=android.intent.action.MAIN cat=[android.intent.category.LAUNCHER] pkg=com.sina.weibo }
06-24 15:40:03.216 D/HsmInterfaceImpl(31190): List [ResolveInfo{7694714 com.sina.weibo/.SplashActivity m=0x108000}]
06-24 15:40:03.269 D/PMS1000 (  657): package:com.excelliance.dualaid, input flags:8192, output hwFlags:0
06-24 15:40:03.270 W/HSM     ( 1813): HoldService:toast switch is close!
06-24 15:40:03.271 D/ApplicationPackageManager(31190): queryIntentActivitiesAsUser blocked, Intent { act=android.intent.action.MAIN cat=[android.intent.category.LAUNCHER] pkg=com.antutu.ABenchMark }
06-24 15:40:03.271 D/HsmInterfaceImpl(31190): List [ResolveInfo{57445b2 com.antutu.ABenchMark/.ABenchMarkStart m=0x108000}]
06-24 15:40:03.274 E/asset   ( 2519): createFromFile(): lock file /data/resource-cache/system@emui@base@overlay@frameworkhwexthonor@frameworkhwexthonor.apk@idmap.
06-24 15:40:03.274 E/asset   ( 2519): createFromFile(): lock file /data/resource-cache/system@emui@base@overlay@frameworkhwexthonor@frameworkhwexthonor.apk@idmap.
06-24 15:40:03.274 W/ResourceType( 2519): Found multiple library tables, ignoring...
06-24 15:40:03.279 D/HwFLClassLoader( 2519): USE_FEATURE_LIST had not init! 
06-24 15:40:03.298 D/PMS1000 (  657): package:com.excelliance.dualaid, input flags:8192, output hwFlags:0
06-24 15:40:03.299 W/HSM     ( 1813): HoldService:toast switch is close!
06-24 15:40:03.299 D/ApplicationPackageManager(31190): queryIntentActivitiesAsUser blocked, Intent { act=android.intent.action.MAIN cat=[android.intent.category.LAUNCHER] pkg=com.sankuai.meituan.takeoutnew }
06-24 15:40:03.299 D/HsmInterfaceImpl(31190): List [ResolveInfo{d5226b9 com.sankuai.meituan.takeoutnew/.ui.page.boot.WelcomeActivity m=0x108000}]
06-24 15:40:03.327 W/HSM     ( 1813): HoldService:toast switch is close!
06-24 15:40:03.327 D/ApplicationPackageManager(31190): queryIntentActivitiesAsUser blocked, Intent { act=android.intent.action.MAIN cat=[android.intent.category.LAUNCHER] pkg=com.vmall.client }
06-24 15:40:03.327 D/HsmInterfaceImpl(31190): List [ResolveInfo{8eb425f com.vmall.client/.splash.fragment.SplashActivity m=0x108000}]
06-24 15:40:03.358 W/HSM     ( 1813): HoldService:toast switch is close!
06-24 15:40:03.358 D/ApplicationPackageManager(31190): queryIntentActivitiesAsUser blocked, Intent { act=android.intent.action.MAIN cat=[android.intent.category.LAUNCHER] pkg=com.android.browser }
06-24 15:40:03.358 D/HsmInterfaceImpl(31190): List [ResolveInfo{27ad90a com.android.browser/com.tencent.mtt.SplashActivity m=0x108000}]
06-24 15:40:03.393 W/HSM     ( 1813): HoldService:toast switch is close!
06-24 15:40:03.394 D/ApplicationPackageManager(31190): queryIntentActivitiesAsUser blocked, Intent { act=android.intent.action.MAIN cat=[android.intent.category.LAUNCHER] pkg=com.eg.android.AlipayGphone }
06-24 15:40:03.394 D/HsmInterfaceImpl(31190): List [ResolveInfo{924f3f1 com.eg.android.AlipayGphone/.AlipayLogin m=0x108000}]
06-24 15:40:03.414 W/HSM     ( 1813): HoldService:toast switch is close!
06-24 15:40:03.415 D/ApplicationPackageManager(31190): queryIntentActivitiesAsUser blocked, Intent { act=android.intent.action.MAIN cat=[android.intent.category.LAUNCHER] pkg=com.android.mediacenter }
06-24 15:40:03.415 D/HsmInterfaceImpl(31190): List [ResolveInfo{f451e57 com.android.mediacenter/.PageActivity m=0x108000}]
06-24 15:40:03.420 E/asset   (31190): createFromFile(): lock file /data/resource-cache/system@emui@base@overlay@frameworkhwexthonor@frameworkhwexthonor.apk@idmap.
06-24 15:40:03.420 E/asset   (31190): createFromFile(): lock file /data/resource-cache/system@emui@base@overlay@frameworkhwexthonor@frameworkhwexthonor.apk@idmap.
06-24 15:40:03.420 W/ResourceType(31190): Found multiple library tables, ignoring...
06-24 15:40:03.450 D/PMS1000 (  657): package:com.excelliance.dualaid, input flags:8192, output hwFlags:0
06-24 15:40:03.451 W/HSM     ( 1813): HoldService:toast switch is close!
06-24 15:40:03.452 D/ApplicationPackageManager(31190): queryIntentActivitiesAsUser blocked, Intent { act=android.intent.action.MAIN cat=[android.intent.category.LAUNCHER] pkg=com.huawei.himovie }
06-24 15:40:03.452 D/HsmInterfaceImpl(31190): List [ResolveInfo{5a57f62 com.huawei.himovie/.ui.login.SplashScreenActivity m=0x108000}]
06-24 15:40:03.455 E/asset   (31190): createFromFile(): lock file /data/resource-cache/system@emui@base@overlay@frameworkhwexthonor@frameworkhwexthonor.apk@idmap.
06-24 15:40:03.455 E/asset   (31190): createFromFile(): lock file /data/resource-cache/system@emui@base@overlay@frameworkhwexthonor@frameworkhwexthonor.apk@idmap.
06-24 15:40:03.455 W/ResourceType(31190): Found multiple library tables, ignoring...
06-24 15:40:03.483 W/HSM     ( 1813): HoldService:toast switch is close!
06-24 15:40:03.483 D/ApplicationPackageManager(31190): queryIntentActivitiesAsUser blocked, Intent { act=android.intent.action.MAIN cat=[android.intent.category.LAUNCHER] pkg=com.huawei.hnreader }
06-24 15:40:03.483 D/HsmInterfaceImpl(31190): List [ResolveInfo{16d3029 com.huawei.hnreader/com.qq.reader.activity.SplashActivity m=0x108000}]
06-24 15:40:03.487 E/asset   (31190): createFromFile(): lock file /data/resource-cache/system@emui@base@overlay@frameworkhwexthonor@frameworkhwexthonor.apk@idmap.
06-24 15:40:03.487 E/asset   (31190): createFromFile(): lock file /data/resource-cache/system@emui@base@overlay@frameworkhwexthonor@frameworkhwexthonor.apk@idmap.
06-24 15:40:03.487 W/ResourceType(31190): Found multiple library tables, ignoring...
06-24 15:40:03.515 W/HSM     ( 1813): HoldService:toast switch is close!
06-24 15:40:03.515 D/ApplicationPackageManager(31190): queryIntentActivitiesAsUser blocked, Intent { act=android.intent.action.MAIN cat=[android.intent.category.LAUNCHER] pkg=com.twitter.android }
06-24 15:40:03.515 D/HsmInterfaceImpl(31190): List [ResolveInfo{c9a50dc com.twitter.android/.StartActivity m=0x108000}]
06-24 15:40:03.551 W/HSM     ( 1813): HoldService:toast switch is close!
06-24 15:40:03.552 D/ApplicationPackageManager(31190): queryIntentActivitiesAsUser blocked, Intent { act=android.intent.action.MAIN cat=[android.intent.category.LAUNCHER] pkg=com.baidu.input_huawei }
06-24 15:40:03.552 D/HsmInterfaceImpl(31190): List []
06-24 15:40:03.554 W/HSM     ( 1813): HoldService:toast switch is close!
06-24 15:40:03.555 D/ApplicationPackageManager(31190): queryIntentActivitiesAsUser blocked, Intent { act=android.intent.action.MAIN cat=[android.intent.category.LAUNCHER] pkg=com.google.android.gms }
06-24 15:40:03.555 D/HsmInterfaceImpl(31190): List []
06-24 15:40:03.559 W/HSM     ( 1813): HoldService:toast switch is close!
06-24 15:40:03.560 D/ApplicationPackageManager(31190): queryIntentActivitiesAsUser blocked, Intent { act=android.intent.action.MAIN cat=[android.intent.category.LAUNCHER] pkg=com.sankuai.meituan }
06-24 15:40:03.560 D/HsmInterfaceImpl(31190): List [ResolveInfo{eece36b com.sankuai.meituan/com.meituan.android.pt.homepage.activity.Welcome m=0x108000}]
06-24 15:40:03.576 I/TrafficMonitor(  657): update:rxPkts:14,txPkts:20,rxBytes:7853,txBytes:2746
06-24 15:40:03.576 I/TrafficMonitor(  657): start expired. level:-1
06-24 15:40:03.576 I/TrafficMonitor(  657): gettimer:interval=2000
06-24 15:40:03.610 W/HSM     ( 1813): HoldService:toast switch is close!
06-24 15:40:03.611 D/ApplicationPackageManager(31190): queryIntentActivitiesAsUser blocked, Intent { act=android.intent.action.MAIN cat=[android.intent.category.LAUNCHER] pkg=com.tencent.news }
06-24 15:40:03.611 D/HsmInterfaceImpl(31190): List [ResolveInfo{389bb61 com.tencent.news/.activity.SplashActivity m=0x108000}]
06-24 15:40:03.615 W/OpenGLRenderer( 2519): Incorrectly called buildLayer on View: ShortcutAndWidgetContainer, destroying layer...
06-24 15:40:03.615 W/OpenGLRenderer( 2519): Incorrectly called buildLayer on View: ShortcutAndWidgetContainer, destroying layer...
06-24 15:40:03.617 I/GRALLOC (  679): 	 shrFd=10,fmt=0x1,intFmt=0x200000001,btStrd=4352,size=8486912,pid=679 
06-24 15:40:03.617 I/GRALLOC (  679): 	 yuv=2,w=1080,h=1920,Stride u=0 v=0,offset u=0 v=0 
06-24 15:40:03.617 I/GRALLOC (  679): 	 iova_size=8486912,conUsg=0xb00,proUsg=0xb00,	 strd=1088,[afbc]HdrStrd=1088 PyldStrd=69632 Scrmbl=2,ionhnd = 1 
06-24 15:40:03.638 W/HSM     ( 1813): HoldService:toast switch is close!
06-24 15:40:03.638 D/ApplicationPackageManager(31190): queryIntentActivitiesAsUser blocked, Intent { act=android.intent.action.MAIN cat=[android.intent.category.LAUNCHER] pkg=com.iflytek.speechsuite }
06-24 15:40:03.638 D/HsmInterfaceImpl(31190): List []
06-24 15:40:03.641 W/HSM     ( 1813): HoldService:toast switch is close!
06-24 15:40:03.641 D/ApplicationPackageManager(31190): queryIntentActivitiesAsUser blocked, Intent { act=android.intent.action.MAIN cat=[android.intent.category.LAUNCHER] pkg=com.tencent.android.qqdownloader }
06-24 15:40:03.641 D/HsmInterfaceImpl(31190): List [ResolveInfo{7744b47 com.tencent.android.qqdownloader/com.tencent.pangu.link.SplashActivity m=0x108000}]
06-24 15:40:03.673 W/HSM     ( 1813): HoldService:toast switch is close!
06-24 15:40:03.674 D/ApplicationPackageManager(31190): queryIntentActivitiesAsUser blocked, Intent { act=android.intent.action.MAIN cat=[android.intent.category.LAUNCHER] pkg=com.ifreetalk.ftalk }
06-24 15:40:03.674 D/HsmInterfaceImpl(31190): List [ResolveInfo{8c5ac9d com.ifreetalk.ftalk/.activity.DummyActivity m=0x108000}]
06-24 15:40:03.686 D/PMS1000 (  657): package:com.excelliance.dualaid, input flags:8192, output hwFlags:0
06-24 15:40:03.687 W/HSM     ( 1813): HoldService:toast switch is close!
06-24 15:40:03.687 D/ApplicationPackageManager(31190): queryIntentActivitiesAsUser blocked, Intent { act=android.intent.action.MAIN cat=[android.intent.category.LAUNCHER] pkg=com.taobao.taobao }
06-24 15:40:03.687 D/HsmInterfaceImpl(31190): List [ResolveInfo{5308512 com.taobao.taobao/com.taobao.tao.welcome.Welcome m=0x108000}]
06-24 15:40:03.714 W/HSM     ( 1813): HoldService:toast switch is close!
06-24 15:40:03.714 D/ApplicationPackageManager(31190): queryIntentActivitiesAsUser blocked, Intent { act=android.intent.action.MAIN cat=[android.intent.category.LAUNCHER] pkg=com.android.gallery3d }
06-24 15:40:03.714 D/HsmInterfaceImpl(31190): List [ResolveInfo{e337ee0 com.android.gallery3d/com.huawei.gallery.app.GalleryMain m=0x108000}]
06-24 15:40:03.718 E/asset   (31190): createFromFile(): lock file /data/resource-cache/system@emui@base@overlay@frameworkhwexthonor@frameworkhwexthonor.apk@idmap.
06-24 15:40:03.718 E/asset   (31190): createFromFile(): lock file /data/resource-cache/system@emui@base@overlay@frameworkhwexthonor@frameworkhwexthonor.apk@idmap.
06-24 15:40:03.718 W/ResourceType(31190): Found multiple library tables, ignoring...
06-24 15:40:03.756 W/HSM     ( 1813): HoldService:toast switch is close!
06-24 15:40:03.756 D/ApplicationPackageManager(31190): queryIntentActivitiesAsUser blocked, Intent { act=android.intent.action.MAIN cat=[android.intent.category.LAUNCHER] pkg=com.pp.assistant }
06-24 15:40:03.756 D/HsmInterfaceImpl(31190): List [ResolveInfo{5f95c3f com.pp.assistant/.activity.MainActivity m=0x108000}]
06-24 15:40:03.790 D/PMS1000 (  657): package:com.excelliance.dualaid, input flags:8192, output hwFlags:0
06-24 15:40:03.791 W/HSM     ( 1813): HoldService:toast switch is close!
06-24 15:40:03.791 D/ApplicationPackageManager(31190): queryIntentActivitiesAsUser blocked, Intent { act=android.intent.action.MAIN cat=[android.intent.category.LAUNCHER] pkg=com.oppo.market }
06-24 15:40:03.791 D/HsmInterfaceImpl(31190): List [ResolveInfo{67ed255 com.oppo.market/.activity.MainActivity m=0x108000}]
06-24 15:40:03.801 I/NetworkSpeedManagerEx( 1513): mIsStop = false
06-24 15:40:03.801 I/NetworkSpeedManagerEx( 1513):  runInThread getTetherStats
06-24 15:40:03.802 I/NetworkSpeedManagerEx( 1513):  runInUI refreshSpeed
06-24 15:40:03.803 I/NetworkSpeedManagerEx( 1513): value=3642.6667speed = 3.6
06-24 15:40:03.803 I/NetworkSpeedManagerEx( 1513): K/smIsShowLastSpeedValuefalse
06-24 15:40:03.803 I/NetworkSpeedView( 1513): /update(), speed=3.6
06-24 15:40:03.803 I/NetworkSpeedView( 1513): K/s parent class:class com.android.systemui.statusbar.HwSystemIcons
06-24 15:40:03.820 I/NetworkSpeedManagerEx( 1513): mIsStop = false
06-24 15:40:03.820 I/NetworkSpeedManagerEx( 1513):  runInThread getTetherStats
06-24 15:40:03.821 I/NetworkSpeedManagerEx( 1513):  runInUI refreshSpeed
06-24 15:40:03.822 D/PMS1000 (  657): package:com.excelliance.dualaid, input flags:8192, output hwFlags:0
06-24 15:40:03.822 I/NetworkSpeedManagerEx( 1513): value=3592.3333speed = 3.5
06-24 15:40:03.822 I/NetworkSpeedManagerEx( 1513): K/smIsShowLastSpeedValuefalse
06-24 15:40:03.822 I/NetworkSpeedView( 1513): /update(), speed=3.5
06-24 15:40:03.822 I/NetworkSpeedView( 1513): K/s parent class:class com.android.systemui.statusbar.HwSystemIcons
06-24 15:40:03.822 W/HSM     ( 1813): HoldService:toast switch is close!
06-24 15:40:03.823 D/ApplicationPackageManager(31190): queryIntentActivitiesAsUser blocked, Intent { act=android.intent.action.MAIN cat=[android.intent.category.LAUNCHER] pkg=com.excean.wxaid }
06-24 15:40:03.823 D/HsmInterfaceImpl(31190): List [ResolveInfo{c317d5b com.excean.wxaid/com.excelliance.kxqp.ui.HelloActivity m=0x108000}]
06-24 15:40:03.851 W/HwResourcesImpl(31190): icon in pkg com.excean.wxaid is too large.sDefaultSizeWithoutEdge = 188bmp.getWidth() = 1536
06-24 15:40:03.867 W/HSM     ( 1813): HoldService:toast switch is close!
06-24 15:40:03.867 D/ApplicationPackageManager(31190): queryIntentActivitiesAsUser blocked, Intent { act=android.intent.action.MAIN cat=[android.intent.category.LAUNCHER] pkg=com.huawei.intelligent }
06-24 15:40:03.868 D/HsmInterfaceImpl(31190): List []
06-24 15:40:03.869 W/HSM     ( 1813): HoldService:toast switch is close!
06-24 15:40:03.870 D/ApplicationPackageManager(31190): queryIntentActivitiesAsUser blocked, Intent { act=android.intent.action.MAIN cat=[android.intent.category.LAUNCHER] pkg=com.google.android.backuptransport }
06-24 15:40:03.870 D/HsmInterfaceImpl(31190): List []
06-24 15:40:03.872 W/HSM     ( 1813): HoldService:toast switch is close!
06-24 15:40:03.872 D/ApplicationPackageManager(31190): queryIntentActivitiesAsUser blocked, Intent { act=android.intent.action.MAIN cat=[android.intent.category.LAUNCHER] pkg=com.huawei.skytone }
06-24 15:40:03.872 D/HsmInterfaceImpl(31190): List []
06-24 15:40:03.874 W/HSM     ( 1813): HoldService:toast switch is close!
06-24 15:40:03.875 D/ApplicationPackageManager(31190): queryIntentActivitiesAsUser blocked, Intent { act=android.intent.action.MAIN cat=[android.intent.category.LAUNCHER] pkg=com.estrongs.android.pop }
06-24 15:40:03.875 D/HsmInterfaceImpl(31190): List [ResolveInfo{3273ed1 com.estrongs.android.pop/.app.openscreenad.NewSplashActivity m=0x108000}]
06-24 15:40:03.907 W/HSM     ( 1813): HoldService:toast switch is close!
06-24 15:40:03.907 D/ApplicationPackageManager(31190): queryIntentActivitiesAsUser blocked, Intent { act=android.intent.action.MAIN cat=[android.intent.category.LAUNCHER] pkg=com.redfinger.app }
06-24 15:40:03.907 D/HsmInterfaceImpl(31190): List [ResolveInfo{d009437 com.redfinger.app/.activity.SplashActivity m=0x108000}]
06-24 15:40:03.936 W/HSM     ( 1813): HoldService:toast switch is close!
06-24 15:40:03.937 D/ApplicationPackageManager(31190): queryIntentActivitiesAsUser blocked, Intent { act=android.intent.action.MAIN cat=[android.intent.category.LAUNCHER] pkg=com.android.vending }
06-24 15:40:03.937 D/HsmInterfaceImpl(31190): List [ResolveInfo{b0ff70d com.android.vending/.AssetBrowserActivity m=0x108000}]
06-24 15:40:03.964 E/WifiHAL (  706): enter wifi_get_link_stats
06-24 15:40:03.968 W/HSM     ( 1813): HoldService:toast switch is close!
06-24 15:40:03.968 D/ApplicationPackageManager(31190): queryIntentActivitiesAsUser blocked, Intent { act=android.intent.action.MAIN cat=[android.intent.category.LAUNCHER] pkg=org.hapjs.mockup }
06-24 15:40:03.968 D/HsmInterfaceImpl(31190): List [ResolveInfo{e51f709 org.hapjs.mockup/.activity.MainActivity m=0x108000}]
06-24 15:40:03.974 E/wificond(  765): Failed to get NL80211_STA_INFO_CNAHLOAD
06-24 15:40:03.974 E/WificondControl(  657): Noise: -87, Snr: 0, Chload: -1
06-24 15:40:03.975 D/HwWifiCHRStateManager(  657): handleMessage : 1001
06-24 15:40:03.975 D/HwWifiCHRStateManager(  657): handleUpdateChannel:5805
06-24 15:40:03.975 V/HwWifiServiceFactory(  657): get AllImpl object = com.android.server.wifi.HwWifiServiceFactoryImpl@a390a53
06-24 15:40:03.975 D/WifiScoreReport(  657): Score = 100, wifiConnectivityManagerEnabled = false, lowScoreCount = 0
06-24 15:40:03.989 D/PMS1000 (  657): package:com.excelliance.dualaid, input flags:8192, output hwFlags:0
06-24 15:40:03.989 W/HSM     ( 1813): HoldService:toast switch is close!
06-24 15:40:03.990 D/ApplicationPackageManager(31190): queryIntentActivitiesAsUser blocked, Intent { act=android.intent.action.MAIN cat=[android.intent.category.LAUNCHER] pkg=com.huawei.gamebox }
06-24 15:40:03.990 D/HsmInterfaceImpl(31190): List [ResolveInfo{7c7d32f com.huawei.gamebox/.GameBoxActivity m=0x108000}]
06-24 15:40:03.994 E/asset   (31190): createFromFile(): lock file /data/resource-cache/system@emui@base@overlay@frameworkhwexthonor@frameworkhwexthonor.apk@idmap.
06-24 15:40:03.994 E/asset   (31190): createFromFile(): lock file /data/resource-cache/system@emui@base@overlay@frameworkhwexthonor@frameworkhwexthonor.apk@idmap.
06-24 15:40:03.994 W/ResourceType(31190): Found multiple library tables, ignoring...
06-24 15:40:04.022 W/HSM     ( 1813): HoldService:toast switch is close!
06-24 15:40:04.022 D/ApplicationPackageManager(31190): queryIntentActivitiesAsUser blocked, Intent { act=android.intent.action.MAIN cat=[android.intent.category.LAUNCHER] pkg=com.stickgame.los2 }
06-24 15:40:04.022 D/HsmInterfaceImpl(31190): List [ResolveInfo{455fc1a com.stickgame.los2/com.DBGame.DiabloLOL.DiabloLOL m=0x108000}]
06-24 15:40:04.061 W/HSM     ( 1813): HoldService:toast switch is close!
06-24 15:40:04.061 D/ApplicationPackageManager(31190): queryIntentActivitiesAsUser blocked, Intent { act=android.intent.action.MAIN cat=[android.intent.category.LAUNCHER] pkg=com.qihoo.appstore }
06-24 15:40:04.061 D/HsmInterfaceImpl(31190): List [ResolveInfo{13c2128 com.qihoo.appstore/.home.LauncherActivity m=0x108000}]
06-24 15:40:04.088 W/HSM     ( 1813): HoldService:toast switch is close!
06-24 15:40:04.089 D/ApplicationPackageManager(31190): queryIntentActivitiesAsUser blocked, Intent { act=android.intent.action.MAIN cat=[android.intent.category.LAUNCHER] pkg=com.huawei.android.thememanager }
06-24 15:40:04.089 D/HsmInterfaceImpl(31190): List [ResolveInfo{cc7bfe6 com.huawei.android.thememanager/.HwThemeManagerActivity m=0x108000}]
06-24 15:40:04.092 E/asset   (31190): createFromFile(): lock file /data/resource-cache/system@emui@base@overlay@frameworkhwexthonor@frameworkhwexthonor.apk@idmap.
06-24 15:40:04.092 E/asset   (31190): createFromFile(): lock file /data/resource-cache/system@emui@base@overlay@frameworkhwexthonor@frameworkhwexthonor.apk@idmap.
06-24 15:40:04.092 W/ResourceType(31190): Found multiple library tables, ignoring...
06-24 15:40:04.111 I/Pged-IPgedBinderService(  769): ****action is 2, pid num is 6***
06-24 15:40:04.111 I/Pged-Freezer(  769): thawPids
06-24 15:40:04.115 D/PgedBinderAdapter( 1699): unfrz ok, pid: [29457, 29531, 29347, 27318, 29532]
06-24 15:40:04.119 I/appium  (29532): Null child 0/1, parent: android.view.accessibility.AccessibilityNodeInfo@9004; boundsInParent: Rect(0, 0 - 1080, 1920); boundsInScreen: Rect(0, 0 - 1080, 1920); packageName: com.excelliance.dualaid; className: android.widget.LinearLayout; text: null; error: null; maxTextLength: -1; contentDescription: null; viewIdResName: null; checkable: false; checked: false; focusable: false; focused: false; selected: false; clickable: false; longClickable: false; contextClickable: false; enabled: true; password: false; scrollable: false; importantForAccessibility: false; actions: [AccessibilityAction: ACTION_SELECT - null, AccessibilityAction: ACTION_CLEAR_SELECTION - null, AccessibilityAction: ACTION_ACCESSIBILITY_FOCUS - null, AccessibilityAction: ACTION_SHOW_ON_SCREEN - null]
06-24 15:40:04.119 I/appium  (29532): Fetch time: 2ms
06-24 15:40:04.123 D/PMS1000 (  657): package:com.excelliance.dualaid, input flags:8192, output hwFlags:0
06-24 15:40:04.124 I/appium  (29532): AppiumResponse: {"sessionId":"2d604340-25b7-4bc5-874b-09ac3bd169d8","status":0,"value":"<?xml version=\"1.0\" encoding=\"UTF-8\"?><hierarchy rotation=\"0\"><android.widget.FrameLayout index=\"0\" text=\"\" class=\"android.widget.FrameLayout\" package=\"com.excelliance.dualaid\" content-desc=\"\" checkable=\"false\" checked=\"false\" clickable=\"false\" enabled=\"true\" focusable=\"false\" focused=\"false\" scrollable=\"false\" long-clickable=\"false\" password=\"false\" selected=\"false\" bounds=\"[0,0][1080,1920]\" resource-id=\"\" instance=\"0\"><android.widget.LinearLayout index=\"0\" text=\"\" class=\"android.widget.LinearLayout\" package=\"com.excelliance.dualaid\" content-desc=\"\" checkable=\"false\" checked=\"false\" clickable=\"false\" enabled=\"true\" focusable=\"false\" focused=\"false\" scrollable=\"false\" long-clickable=\"false\" password=\"false\" selected=\"false\" bounds=\"[0,0][1080,1920]\" resource-id=\"\" instance=\"0\"\/><\/android.widget.FrameLayout><\/hierarchy>"}
06-24 15:40:04.124 W/HSM     ( 1813): HoldService:toast switch is close!
06-24 15:40:04.125 D/ApplicationPackageManager(31190): queryIntentActivitiesAsUser blocked, Intent { act=android.intent.action.MAIN cat=[android.intent.category.LAUNCHER] pkg=com.excean.parallelspace }
06-24 15:40:04.125 D/HsmInterfaceImpl(31190): List [ResolveInfo{479bd7d com.excean.parallelspace/com.excelliance.kxqp.ui.HelloActivity m=0x108000}]
06-24 15:40:04.138 W/libc    (  493): Set property "hw.wifi.dns_stat" to "32599,28156,5028,1,52432"
06-24 15:40:04.142 I/appium  (29532): channel read invoked!
06-24 15:40:04.143 I/appium  (29532): channel read: GET /wd/hub/session/2d604340-25b7-4bc5-874b-09ac3bd169d8/source
06-24 15:40:04.153 W/HSM     ( 1813): HoldService:toast switch is close!
06-24 15:40:04.153 D/ApplicationPackageManager(31190): queryIntentActivitiesAsUser blocked, Intent { act=android.intent.action.MAIN cat=[android.intent.category.LAUNCHER] pkg=com.UCMobile }
06-24 15:40:04.154 D/HsmInterfaceImpl(31190): List [ResolveInfo{8e200c3 com.UCMobile/.main.UCMobile m=0x108000}]
06-24 15:40:04.190 W/HSM     ( 1813): HoldService:toast switch is close!
06-24 15:40:04.190 D/ApplicationPackageManager(31190): queryIntentActivitiesAsUser blocked, Intent { act=android.intent.action.MAIN cat=[android.intent.category.LAUNCHER] pkg=com.bbk.appstore }
06-24 15:40:04.190 D/HsmInterfaceImpl(31190): List [ResolveInfo{e69b479 com.bbk.appstore/.ui.AppStore m=0x108000}]
06-24 15:40:04.213 W/HSM     ( 1813): HoldService:toast switch is close!
06-24 15:40:04.213 D/ApplicationPackageManager(31190): queryIntentActivitiesAsUser blocked, Intent { act=android.intent.action.MAIN cat=[android.intent.category.LAUNCHER] pkg=com.excean.ppaid }
06-24 15:40:04.213 D/HsmInterfaceImpl(31190): List [ResolveInfo{a59e61f com.excean.ppaid/com.excelliance.kxqp.ui.HelloActivity m=0x108000}]
06-24 15:40:04.238 W/HSM     ( 1813): HoldService:toast switch is close!
06-24 15:40:04.239 D/ApplicationPackageManager(31190): queryIntentActivitiesAsUser blocked, Intent { act=android.intent.action.MAIN cat=[android.intent.category.LAUNCHER] pkg=com.netease.blockchain }
06-24 15:40:04.239 D/HsmInterfaceImpl(31190): List [ResolveInfo{4c81f35 com.netease.blockchain/.business.main.MainActivity m=0x108000}]
06-24 15:40:04.271 W/HSM     ( 1813): HoldService:toast switch is close!
06-24 15:40:04.272 D/ApplicationPackageManager(31190): queryIntentActivitiesAsUser blocked, Intent { act=android.intent.action.MAIN cat=[android.intent.category.LAUNCHER] pkg=com.huawei.camera }
