--------- beginning of main
06-24 15:37:00.005 E/DateView( 1513): DateView,mCurrentTime: 1529825820005
06-24 15:37:00.019 W/HwKeyguardDragHelper( 1513): AnimationBlocked
06-24 15:37:00.042 I/EventCenter( 1513): EventCenter Get :android.intent.action.TIME_TICK
06-24 15:37:00.047 W/ResourceType( 1513): No known package when getting value for resource number 0xffffffff
06-24 15:37:00.048 E/DateLunarView( 1513): mDateString is: 6月24日星期日
06-24 15:37:00.048 W/ResourceType( 1513): No known package when getting value for resource number 0xffffffff
06-24 15:37:00.049 E/DateLunarView( 1513): mDateString is: 6月24日星期日
06-24 15:37:00.049 D/KeyguardUpdateMonitor( 1513): received broadcast android.intent.action.TIME_TICK
06-24 15:37:00.050 D/KeyguardUpdateMonitor( 1513): handleTimeUpdate
06-24 15:37:00.050 I/KeyguardStatusView( 1513): Runnable for refresh
06-24 15:37:00.075 I/HwLauncher( 2519): Model  onReceive intent=Intent { act=android.intent.action.TIME_TICK flg=0x50200014 hwFlg=0x900 (has extras) }
06-24 15:37:00.075 I/HwLauncher( 2519): Model  onReceive user=UserHandle{0}
06-24 15:37:00.081 I/Step_LSC( 3140): 80002326|processHandleBroadcastAction action:android.intent.action.TIME_TICK
06-24 15:37:00.092 I/Step_SPUtils( 3140): 80002326|setAliveRecord  success: timestampArg=1529825820082 elapsedRealtimeArg=108558931
06-24 15:37:00.095 E/HwLauncher( 2519): SettingsEx , no such field.
06-24 15:37:00.095 W/HwLauncher( 2519): Clock getDataFormat the getSystemString failed.
06-24 15:37:00.119 W/ExpandableNotificationRow( 1513): setActionsBackground,null == view,mPublicLayout
06-24 15:37:00.119 W/ExpandableNotificationRow( 1513): setActionsBackground,null == view,mPrivateLayout
06-24 15:37:00.121 W/ExpandableNotificationRow( 1513): setActionsBackground,null == view,mPublicLayout
06-24 15:37:00.121 W/ExpandableNotificationRow( 1513): setActionsBackground,null == view,mPrivateLayout
06-24 15:37:00.123 W/ExpandableNotificationRow( 1513): setActionsBackground,null == view,mPublicLayout
06-24 15:37:00.123 W/ExpandableNotificationRow( 1513): setActionsBackground,null == view,mPrivateLayout
06-24 15:37:00.125 W/ExpandableNotificationRow( 1513): setActionsBackground,null == view,mPublicLayout
06-24 15:37:00.125 W/ExpandableNotificationRow( 1513): setActionsBackground,null == view,mPrivateLayout
06-24 15:37:00.127 W/ExpandableNotificationRow( 1513): setActionsBackground,null == view,mPublicLayout
06-24 15:37:00.127 W/ExpandableNotificationRow( 1513): setActionsBackground,null == view,mPrivateLayout
06-24 15:37:00.128 W/ExpandableNotificationRow( 1513): setActionsBackground,null == view,mPublicLayout
06-24 15:37:00.128 W/ExpandableNotificationRow( 1513): setActionsBackground,null == view,mPrivateLayout
06-24 15:37:00.130 W/ExpandableNotificationRow( 1513): setActionsBackground,null == view,mPublicLayout
06-24 15:37:00.130 W/ExpandableNotificationRow( 1513): setActionsBackground,null == view,mPrivateLayout
06-24 15:37:00.132 W/ExpandableNotificationRow( 1513): setActionsBackground,null == view,mPublicLayout
06-24 15:37:00.132 W/ExpandableNotificationRow( 1513): setActionsBackground,null == view,mPrivateLayout
06-24 15:37:00.137 W/ExpandableNotificationRow( 1513): setActionsBackground,null == view,mPublicLayout
06-24 15:37:00.137 W/ExpandableNotificationRow( 1513): setActionsBackground,null == view,mPrivateLayout
06-24 15:37:00.139 W/ExpandableNotificationRow( 1513): setActionsBackground,null == view,mPublicLayout
06-24 15:37:00.139 W/ExpandableNotificationRow( 1513): setActionsBackground,null == view,mPrivateLayout
06-24 15:37:00.141 W/ExpandableNotificationRow( 1513): setActionsBackground,null == view,mPublicLayout
06-24 15:37:00.141 W/ExpandableNotificationRow( 1513): setActionsBackground,null == view,mPrivateLayout
06-24 15:37:00.143 W/ExpandableNotificationRow( 1513): setActionsBackground,null == view,mPublicLayout
06-24 15:37:00.144 W/ExpandableNotificationRow( 1513): setActionsBackground,null == view,mPrivateLayout
06-24 15:37:00.145 W/ExpandableNotificationRow( 1513): setActionsBackground,null == view,mPublicLayout
06-24 15:37:00.146 W/ExpandableNotificationRow( 1513): setActionsBackground,null == view,mPrivateLayout
06-24 15:37:00.148 W/ExpandableNotificationRow( 1513): setActionsBackground,null == view,mPublicLayout
06-24 15:37:00.148 W/ExpandableNotificationRow( 1513): setActionsBackground,null == view,mPrivateLayout
06-24 15:37:00.150 W/ExpandableNotificationRow( 1513): setActionsBackground,null == view,mPublicLayout
06-24 15:37:00.150 W/ExpandableNotificationRow( 1513): setActionsBackground,null == view,mPrivateLayout
06-24 15:37:00.150 I/[HwRecSys]TimerController( 2647): onMinuteChange requestWeather
06-24 15:37:00.152 W/ExpandableNotificationRow( 1513): setActionsBackground,null == view,mPublicLayout
06-24 15:37:00.152 W/ExpandableNotificationRow( 1513): setActionsBackground,null == view,mPrivateLayout
06-24 15:37:00.155 W/ExpandableNotificationRow( 1513): setActionsBackground,null == view,mPublicLayout
06-24 15:37:00.156 W/ExpandableNotificationRow( 1513): setActionsBackground,null == view,mPrivateLayout
06-24 15:37:00.158 W/ExpandableNotificationRow( 1513): setActionsBackground,null == view,mPublicLayout
06-24 15:37:00.158 W/ExpandableNotificationRow( 1513): setActionsBackground,null == view,mPrivateLayout
06-24 15:37:00.158 W/HwKeyguardDragHelper( 1513): AnimationBlocked
06-24 15:37:00.202 W/ExpandableNotificationRow( 1513): setActionsBackground,null == view,mPublicLayout
06-24 15:37:00.202 W/ExpandableNotificationRow( 1513): setActionsBackground,null == view,mPrivateLayout
06-24 15:37:00.203 W/ExpandableNotificationRow( 1513): setActionsBackground,null == view,mPublicLayout
06-24 15:37:00.203 W/ExpandableNotificationRow( 1513): setActionsBackground,null == view,mPrivateLayout
06-24 15:37:00.204 W/ExpandableNotificationRow( 1513): setActionsBackground,null == view,mPublicLayout
06-24 15:37:00.204 W/ExpandableNotificationRow( 1513): setActionsBackground,null == view,mPrivateLayout
06-24 15:37:00.204 W/ExpandableNotificationRow( 1513): setActionsBackground,null == view,mPublicLayout
06-24 15:37:00.204 W/ExpandableNotificationRow( 1513): setActionsBackground,null == view,mPrivateLayout
06-24 15:37:00.205 W/ExpandableNotificationRow( 1513): setActionsBackground,null == view,mPublicLayout
06-24 15:37:00.205 W/ExpandableNotificationRow( 1513): setActionsBackground,null == view,mPrivateLayout
06-24 15:37:00.205 W/ExpandableNotificationRow( 1513): setActionsBackground,null == view,mPublicLayout
06-24 15:37:00.205 W/ExpandableNotificationRow( 1513): setActionsBackground,null == view,mPrivateLayout
06-24 15:37:00.206 W/ExpandableNotificationRow( 1513): setActionsBackground,null == view,mPublicLayout
06-24 15:37:00.206 W/ExpandableNotificationRow( 1513): setActionsBackground,null == view,mPrivateLayout
06-24 15:37:00.206 W/ExpandableNotificationRow( 1513): setActionsBackground,null == view,mPublicLayout
06-24 15:37:00.206 W/ExpandableNotificationRow( 1513): setActionsBackground,null == view,mPrivateLayout
06-24 15:37:00.206 W/ExpandableNotificationRow( 1513): setActionsBackground,null == view,mPublicLayout
06-24 15:37:00.206 W/ExpandableNotificationRow( 1513): setActionsBackground,null == view,mPrivateLayout
06-24 15:37:00.207 W/ExpandableNotificationRow( 1513): setActionsBackground,null == view,mPublicLayout
06-24 15:37:00.207 W/ExpandableNotificationRow( 1513): setActionsBackground,null == view,mPrivateLayout
06-24 15:37:00.207 W/ExpandableNotificationRow( 1513): setActionsBackground,null == view,mPublicLayout
06-24 15:37:00.207 W/ExpandableNotificationRow( 1513): setActionsBackground,null == view,mPrivateLayout
06-24 15:37:00.208 W/ExpandableNotificationRow( 1513): setActionsBackground,null == view,mPublicLayout
06-24 15:37:00.208 W/ExpandableNotificationRow( 1513): setActionsBackground,null == view,mPrivateLayout
06-24 15:37:00.208 W/ExpandableNotificationRow( 1513): setActionsBackground,null == view,mPublicLayout
06-24 15:37:00.208 W/ExpandableNotificationRow( 1513): setActionsBackground,null == view,mPrivateLayout
06-24 15:37:00.208 W/ExpandableNotificationRow( 1513): setActionsBackground,null == view,mPublicLayout
06-24 15:37:00.208 W/ExpandableNotificationRow( 1513): setActionsBackground,null == view,mPrivateLayout
06-24 15:37:00.209 W/ExpandableNotificationRow( 1513): setActionsBackground,null == view,mPublicLayout
06-24 15:37:00.209 W/ExpandableNotificationRow( 1513): setActionsBackground,null == view,mPrivateLayout
06-24 15:37:00.209 W/ExpandableNotificationRow( 1513): setActionsBackground,null == view,mPublicLayout
06-24 15:37:00.209 W/ExpandableNotificationRow( 1513): setActionsBackground,null == view,mPrivateLayout
06-24 15:37:00.210 W/ExpandableNotificationRow( 1513): setActionsBackground,null == view,mPublicLayout
06-24 15:37:00.210 W/ExpandableNotificationRow( 1513): setActionsBackground,null == view,mPrivateLayout
06-24 15:37:00.210 W/ExpandableNotificationRow( 1513): setActionsBackground,null == view,mPublicLayout
06-24 15:37:00.210 W/ExpandableNotificationRow( 1513): setActionsBackground,null == view,mPrivateLayout
06-24 15:37:00.211 W/ExpandableNotificationRow( 1513): setActionsBackground,null == view,mPublicLayout
06-24 15:37:00.211 W/ExpandableNotificationRow( 1513): setActionsBackground,null == view,mPrivateLayout
06-24 15:37:00.211 W/ExpandableNotificationRow( 1513): setActionsBackground,null == view,mPublicLayout
06-24 15:37:00.211 W/ExpandableNotificationRow( 1513): setActionsBackground,null == view,mPrivateLayout
06-24 15:37:00.211 W/ExpandableNotificationRow( 1513): setActionsBackground,null == view,mPublicLayout
06-24 15:37:00.211 W/ExpandableNotificationRow( 1513): setActionsBackground,null == view,mPrivateLayout
06-24 15:37:00.212 W/ExpandableNotificationRow( 1513): setActionsBackground,null == view,mPublicLayout
06-24 15:37:00.212 W/ExpandableNotificationRow( 1513): setActionsBackground,null == view,mPrivateLayout
06-24 15:37:00.212 W/HwKeyguardDragHelper( 1513): AnimationBlocked
06-24 15:37:00.225 D/DateTimeView( 1513): Change to single clock mode!
06-24 15:37:00.227 D/DateTimeView( 1513): Change to single clock mode!
06-24 15:37:00.236 W/ExpandableNotificationRow( 1513): setActionsBackground,null == view,mPublicLayout
06-24 15:37:00.236 W/ExpandableNotificationRow( 1513): setActionsBackground,null == view,mPrivateLayout
06-24 15:37:00.236 W/ExpandableNotificationRow( 1513): setActionsBackground,null == view,mPublicLayout
06-24 15:37:00.236 W/ExpandableNotificationRow( 1513): setActionsBackground,null == view,mPrivateLayout
06-24 15:37:00.237 W/ExpandableNotificationRow( 1513): setActionsBackground,null == view,mPublicLayout
06-24 15:37:00.237 W/ExpandableNotificationRow( 1513): setActionsBackground,null == view,mPrivateLayout
06-24 15:37:00.237 W/ExpandableNotificationRow( 1513): setActionsBackground,null == view,mPublicLayout
06-24 15:37:00.237 W/ExpandableNotificationRow( 1513): setActionsBackground,null == view,mPrivateLayout
06-24 15:37:00.237 W/ExpandableNotificationRow( 1513): setActionsBackground,null == view,mPublicLayout
06-24 15:37:00.237 W/ExpandableNotificationRow( 1513): setActionsBackground,null == view,mPrivateLayout
06-24 15:37:00.237 W/ExpandableNotificationRow( 1513): setActionsBackground,null == view,mPublicLayout
06-24 15:37:00.237 W/ExpandableNotificationRow( 1513): setActionsBackground,null == view,mPrivateLayout
06-24 15:37:00.238 W/ExpandableNotificationRow( 1513): setActionsBackground,null == view,mPublicLayout
06-24 15:37:00.238 W/ExpandableNotificationRow( 1513): setActionsBackground,null == view,mPrivateLayout
06-24 15:37:00.238 W/ExpandableNotificationRow( 1513): setActionsBackground,null == view,mPublicLayout
06-24 15:37:00.238 W/ExpandableNotificationRow( 1513): setActionsBackground,null == view,mPrivateLayout
06-24 15:37:00.238 W/ExpandableNotificationRow( 1513): setActionsBackground,null == view,mPublicLayout
06-24 15:37:00.238 W/ExpandableNotificationRow( 1513): setActionsBackground,null == view,mPrivateLayout
--------- beginning of system
06-24 15:37:00.238 V/BroadcastQueue(  657): Finished with ordered broadcast BroadcastRecord{7f037e9 u-1 android.intent.action.TIME_TICK}
06-24 15:37:00.239 W/ExpandableNotificationRow( 1513): setActionsBackground,null == view,mPublicLayout
06-24 15:37:00.239 W/ExpandableNotificationRow( 1513): setActionsBackground,null == view,mPrivateLayout
06-24 15:37:00.239 W/ExpandableNotificationRow( 1513): setActionsBackground,null == view,mPublicLayout
06-24 15:37:00.239 W/ExpandableNotificationRow( 1513): setActionsBackground,null == view,mPrivateLayout
06-24 15:37:00.239 W/ExpandableNotificationRow( 1513): setActionsBackground,null == view,mPublicLayout
06-24 15:37:00.239 W/ExpandableNotificationRow( 1513): setActionsBackground,null == view,mPrivateLayout
06-24 15:37:00.239 W/ExpandableNotificationRow( 1513): setActionsBackground,null == view,mPublicLayout
06-24 15:37:00.239 W/ExpandableNotificationRow( 1513): setActionsBackground,null == view,mPrivateLayout
06-24 15:37:00.240 W/ExpandableNotificationRow( 1513): setActionsBackground,null == view,mPublicLayout
06-24 15:37:00.240 W/ExpandableNotificationRow( 1513): setActionsBackground,null == view,mPrivateLayout
06-24 15:37:00.240 W/ExpandableNotificationRow( 1513): setActionsBackground,null == view,mPublicLayout
06-24 15:37:00.240 W/ExpandableNotificationRow( 1513): setActionsBackground,null == view,mPrivateLayout
06-24 15:37:00.240 W/ExpandableNotificationRow( 1513): setActionsBackground,null == view,mPublicLayout
06-24 15:37:00.240 W/ExpandableNotificationRow( 1513): setActionsBackground,null == view,mPrivateLayout
06-24 15:37:00.241 W/ExpandableNotificationRow( 1513): setActionsBackground,null == view,mPublicLayout
06-24 15:37:00.241 W/ExpandableNotificationRow( 1513): setActionsBackground,null == view,mPrivateLayout
06-24 15:37:00.241 W/ExpandableNotificationRow( 1513): setActionsBackground,null == view,mPublicLayout
06-24 15:37:00.241 W/ExpandableNotificationRow( 1513): setActionsBackground,null == view,mPrivateLayout
06-24 15:37:00.241 W/ExpandableNotificationRow( 1513): setActionsBackground,null == view,mPublicLayout
06-24 15:37:00.241 W/ExpandableNotificationRow( 1513): setActionsBackground,null == view,mPrivateLayout
06-24 15:37:00.242 W/ExpandableNotificationRow( 1513): setActionsBackground,null == view,mPublicLayout
06-24 15:37:00.242 W/ExpandableNotificationRow( 1513): setActionsBackground,null == view,mPrivateLayout
06-24 15:37:00.242 W/ExpandableNotificationRow( 1513): setActionsBackground,null == view,mPublicLayout
06-24 15:37:00.242 W/ExpandableNotificationRow( 1513): setActionsBackground,null == view,mPrivateLayout
06-24 15:37:00.242 W/ExpandableNotificationRow( 1513): setActionsBackground,null == view,mPublicLayout
06-24 15:37:00.242 W/ExpandableNotificationRow( 1513): setActionsBackground,null == view,mPrivateLayout
06-24 15:37:00.242 W/HwKeyguardDragHelper( 1513): AnimationBlocked
06-24 15:37:00.319 D/NetWorkUtils( 1513): mVSimCurCardType is -1
06-24 15:37:00.322 D/NetWorkUtils( 1513): mVSimCurCardType is -1
06-24 15:37:00.542 W/AlarmManager(  657): mIsScreenOn is: true, WAKEUP alarm talarm.operation == null,package name is: android listenerTag is: *job.delay* creator uid is: 1000
06-24 15:37:00.544 D/PMS1000 (  657): package:com.android.email, input flags:1, output hwFlags:33554432
06-24 15:37:00.544 D/PMS1000 (  657): package:com.android.exchange, input flags:1, output hwFlags:0
06-24 15:37:00.544 D/PMS1000 (  657): package:com.google.android.gm, input flags:1, output is null
06-24 15:37:00.544 W/HwAlarmManagerService(  657): isContainsAppUidInWorksource-->happend NameNotFoundException
06-24 15:37:00.554 I/HwAlarmManagerService(  657): hwSetAlarm listenerTag: *job.delay*
06-24 15:37:00.555 I/JobScheduler.Time(  657): mNextDelayExpiredElapsedMillis: 108559411
06-24 15:37:00.556 D/JobServiceContext(  657): Scheduling time out for 'com.android.server.content.SyncJobService' jId: 103525, in 18 s
06-24 15:37:00.560 D/JobServiceContext(  657): handleServiceBound for 2088121 #1000/103525 com.xunmeng.pinduoduo.lifecycle/com.xunmeng.pinduoduo.account_type:android
06-24 15:37:00.561 D/JobServiceContext(  657): Scheduling time out for 'com.android.server.content.SyncJobService' jId: 103525, in 8 s
06-24 15:37:00.561 I/SyncManager(  657): SyncJobService->onStartJob:put job to map, jobid:103525
06-24 15:37:00.562 D/JobServiceContext(  657): doCallback of : JobStatus{2088121 #1000/103525 com.xunmeng.pinduoduo.lifecycle/com.xunmeng.pinduoduo.account_type:android u=0 s=11259 TIME=-20ms:+4m59s980ms NET=1 PERSISTED READY} v:VERB_STARTING
06-24 15:37:00.562 D/JobServiceContext(  657): Scheduling time out for 'com.android.server.content.SyncJobService' jId: 103525, in 600 s
06-24 15:37:00.570 V/BroadcastQueue(  657): Finished with ordered broadcast BroadcastRecord{68b69a5 u0 null}
06-24 15:37:00.572 I/SyncManager(  657): dispatchSyncOperation:we are going to sync JobId: 103525, XXXXXXXXX u0 (com.xunmeng.pinduoduo.account_type), com.xunmeng.pinduoduo.lifecycle, PERIODIC, reason: Periodic, period: 900000, flexMillis: 36000
06-24 15:37:00.594 E/SyncManager(  657): Bind attempt failed - target: ComponentInfo{com.xunmeng.pinduoduo/com.xunmeng.pinduoduo.lifecycle.service.PDDSyncService}
06-24 15:37:00.596 I/SyncManager(  657): SyncJobService->callJobFinished: remove job to map, jobid:103525
06-24 15:37:00.596 D/JobServiceContext(  657): doCallback of : JobStatus{2088121 #1000/103525 com.xunmeng.pinduoduo.lifecycle/com.xunmeng.pinduoduo.account_type:android u=0 s=11259 TIME=-55ms:+4m59s945ms NET=1 PERSISTED READY} v:VERB_EXECUTING
06-24 15:37:00.600 D/PMS1000 (  657): package:com.android.email, input flags:1, output hwFlags:33554432
06-24 15:37:00.601 D/PMS1000 (  657): package:com.android.exchange, input flags:1, output hwFlags:0
06-24 15:37:00.601 D/PMS1000 (  657): package:com.google.android.gm, input flags:1, output is null
06-24 15:37:00.601 W/HwAlarmManagerService(  657): isContainsAppUidInWorksource-->happend NameNotFoundException
06-24 15:37:00.606 I/HwAlarmManagerService(  657): hwSetAlarm listenerTag: *job.delay*
06-24 15:37:00.607 I/JobScheduler.Time(  657): mNextDelayExpiredElapsedMillis: 108559705
06-24 15:37:00.608 D/PMS1000 (  657): package:com.android.email, input flags:1, output hwFlags:33554432
06-24 15:37:00.608 D/PMS1000 (  657): package:com.android.exchange, input flags:1, output hwFlags:0
06-24 15:37:00.608 D/PMS1000 (  657): package:com.google.android.gm, input flags:1, output is null
06-24 15:37:00.608 W/HwAlarmManagerService(  657): isContainsAppUidInWorksource-->happend NameNotFoundException
06-24 15:37:00.612 I/HwAlarmManagerService(  657): hwSetAlarm listenerTag: *job.deadline*
06-24 15:37:00.613 I/JobScheduler.Time(  657): mNextJobExpiredElapsedMillis: 108859411
06-24 15:37:00.615 D/JobServiceContext(  657): Scheduling time out for 'com.android.server.content.SyncJobService' jId: 108211, in 18 s
06-24 15:37:00.618 D/JobServiceContext(  657): handleServiceBound for e485be0 #1000/108211 com.tencent.news.account/com.tencent.news.account.sync:android
06-24 15:37:00.618 D/JobServiceContext(  657): Scheduling time out for 'com.android.server.content.SyncJobService' jId: 108211, in 8 s
06-24 15:37:00.619 I/SyncManager(  657): SyncJobService->onStartJob:put job to map, jobid:108211
06-24 15:37:00.619 D/JobServiceContext(  657): doCallback of : JobStatus{e485be0 #1000/108211 com.tencent.news.account/com.tencent.news.account.sync:android u=0 s=10713 TIME=-56ms:+4m59s944ms NET=1 PERSISTED READY} v:VERB_STARTING
06-24 15:37:00.619 D/JobServiceContext(  657): Scheduling time out for 'com.android.server.content.SyncJobService' jId: 108211, in 600 s
06-24 15:37:00.626 I/SyncManager(  657): dispatchSyncOperation:we are going to sync JobId: 108211, XXXXXXXXX u0 (com.tencent.news.account.sync), com.tencent.news.account, PERIODIC, reason: Periodic, period: 1200000, flexMillis: 48000
06-24 15:37:00.638 E/SyncManager(  657): Bind attempt failed - target: ComponentInfo{com.tencent.news/com.tencent.news.push.pullwake.syncaccount.SyncService}
06-24 15:37:00.639 I/SyncManager(  657): SyncJobService->callJobFinished: remove job to map, jobid:108211
06-24 15:37:00.640 D/JobServiceContext(  657): doCallback of : JobStatus{e485be0 #1000/108211 com.tencent.news.account/com.tencent.news.account.sync:android u=0 s=10713 TIME=-78ms:+4m59s922ms NET=1 PERSISTED READY} v:VERB_EXECUTING
06-24 15:37:00.645 D/PMS1000 (  657): package:com.android.email, input flags:1, output hwFlags:33554432
06-24 15:37:00.646 D/PMS1000 (  657): package:com.android.exchange, input flags:1, output hwFlags:0
06-24 15:37:00.646 D/PMS1000 (  657): package:com.google.android.gm, input flags:1, output is null
06-24 15:37:00.646 W/HwAlarmManagerService(  657): isContainsAppUidInWorksource-->happend NameNotFoundException
06-24 15:37:00.650 I/HwAlarmManagerService(  657): hwSetAlarm listenerTag: *job.deadline*
06-24 15:37:00.651 I/JobScheduler.Time(  657): mNextJobExpiredElapsedMillis: 108859705
06-24 15:37:00.661 I/AsyncOpDispatcher( 8506): 35-GetDeviceDataUploadOptInStatusOperation
06-24 15:37:00.675 D/WorkSource( 8506): Insert in WorkSource{} @ 0 uid 10089 name com.google.android.gms
06-24 15:37:00.678 D/PGGoogleServicePolicy(  657): prevent gms/gsf hold partial wakelock
06-24 15:37:00.687 D/WorkSource( 8506): Insert in WorkSource{} @ 0 uid 10089 name com.google.android.gms
06-24 15:37:00.688 D/PMS10089(  657): package:com.android.email, input flags:1, output hwFlags:33554432
06-24 15:37:00.689 D/PMS10089(  657): package:com.android.exchange, input flags:1, output hwFlags:0
06-24 15:37:00.689 D/PMS10089(  657): package:com.google.android.gm, input flags:1, output is null
06-24 15:37:00.689 W/HwAlarmManagerService(  657): isContainsAppUidInWorksource-->happend NameNotFoundException
06-24 15:37:00.691 E/AppUsageEventWatcher( 8506): wrong time range: [1530080125154, 1529825820690)
06-24 15:37:00.692 W/ResourceType( 2519): No known package when getting name for resource number 0x9c010000
06-24 15:37:00.692 W/ResourceType( 2519): No known package when getting name for resource number 0x9c010100
06-24 15:37:00.694 W/ResourceType( 2519): No known package when getting name for resource number 0x9c010200
06-24 15:37:00.695 W/ResourceType( 2519): No known package when getting name for resource number 0x9c010300
06-24 15:37:00.696 W/ResourceType( 2519): No known package when getting name for resource number 0x9c010001
06-24 15:37:00.697 W/ResourceType( 2519): No known package when getting name for resource number 0x9c010101
06-24 15:37:00.698 W/ResourceType( 2519): No known package when getting name for resource number 0x9c010201
06-24 15:37:00.699 W/ResourceType( 2519): No known package when getting name for resource number 0x9c010301
06-24 15:37:00.699 W/ResourceType( 2519): No known package when getting name for resource number 0x9c010002
06-24 15:37:00.700 W/ResourceType( 2519): No known package when getting name for resource number 0x9c010102
06-24 15:37:00.701 W/ResourceType( 2519): No known package when getting name for resource number 0x9c010202
06-24 15:37:00.702 W/ResourceType( 2519): No known package when getting name for resource number 0x9c010302
06-24 15:37:00.703 W/ResourceType( 2519): No known package when getting name for resource number 0x9c010003
06-24 15:37:00.704 W/ResourceType( 2519): No known package when getting name for resource number 0x9c010103
06-24 15:37:00.705 W/ResourceType( 2519): No known package when getting name for resource number 0x9c010203
06-24 15:37:00.705 W/ResourceType( 2519): No known package when getting name for resource number 0x9c010303
06-24 15:37:00.706 W/ResourceType( 2519): No known package when getting name for resource number 0x9c010004
06-24 15:37:00.706 W/ResourceType( 2519): No known package when getting name for resource number 0x9c010104
06-24 15:37:00.706 W/ResourceType( 2519): No known package when getting name for resource number 0x9c010204
06-24 15:37:00.707 W/ResourceType( 2519): No known package when getting name for resource number 0x9c010304
06-24 15:37:00.716 I/appium  (29532): Skipping invisible child: android.view.accessibility.AccessibilityNodeInfo@933d; boundsInParent: Rect(0, 0 - 1080, 1580); boundsInScreen: Rect(0, 0 - -1080, 1532); packageName: com.huawei.android.launcher; className: android.view.ViewGroup; text: null; error: null; maxTextLength: -1; contentDescription: null; viewIdResName: com.huawei.android.launcher:id/workspace_screen; checkable: false; checked: false; focusable: false; focused: false; selected: false; clickable: true; longClickable: true; contextClickable: false; enabled: true; password: false; scrollable: false; importantForAccessibility: true; actions: [AccessibilityAction: ACTION_SELECT - null, AccessibilityAction: ACTION_CLEAR_SELECTION - null, AccessibilityAction: ACTION_CLICK - null, AccessibilityAction: ACTION_LONG_CLICK - null, AccessibilityAction: ACTION_ACCESSIBILITY_FOCUS - null, AccessibilityAction: ACTION_SHOW_ON_SCREEN - null]
06-24 15:37:00.717 I/appium  (29532): Skipping invisible child: android.view.accessibility.AccessibilityNodeInfo@96fe; boundsInParent: Rect(0, 0 - 1080, 1580); boundsInScreen: Rect(0, 0 - 0, 1532); packageName: com.huawei.android.launcher; className: android.view.ViewGroup; text: null; error: null; maxTextLength: -1; contentDescription: null; viewIdResName: com.huawei.android.launcher:id/workspace_screen; checkable: false; checked: false; focusable: false; focused: false; selected: false; clickable: true; longClickable: true; contextClickable: false; enabled: true; password: false; scrollable: false; importantForAccessibility: true; actions: [AccessibilityAction: ACTION_SELECT - null, AccessibilityAction: ACTION_CLEAR_SELECTION - null, AccessibilityAction: ACTION_CLICK - null, AccessibilityAction: ACTION_LONG_CLICK - null, AccessibilityAction: ACTION_ACCESSIBILITY_FOCUS - null, AccessibilityAction: ACTION_SHOW_ON_SCREEN - null]
06-24 15:37:00.721 I/appium  (29532): Skipping invisible child: android.view.accessibility.AccessibilityNodeInfo@14eef; boundsInParent: Rect(0, 0 - 93, 93); boundsInScreen: Rect(495, 0 - 584, 76); packageName: com.huawei.android.launcher; className: android.widget.ImageView; text: null; error: null; maxTextLength: -1; contentDescription: 设置默认主屏幕; viewIdResName: com.huawei.android.launcher:id/default_screen_home_icon; checkable: false; checked: false; focusable: true; focused: false; selected: false; clickable: true; longClickable: false; contextClickable: false; enabled: true; password: false; scrollable: false; importantForAccessibility: true; actions: [AccessibilityAction: ACTION_FOCUS - null, AccessibilityAction: ACTION_SELECT - null, AccessibilityAction: ACTION_CLEAR_SELECTION - null, AccessibilityAction: ACTION_CLICK - null, AccessibilityAction: ACTION_ACCESSIBILITY_FOCUS - null, AccessibilityAction: ACTION_NEXT_AT_MOVEMENT_GRANULARITY - null, AccessibilityAction: ACTION_PREVIOUS_AT_MOVEMENT_GRANULARITY - null, AccessibilityAction: ACTION_SET_SELECTION - null, AccessibilityAction: ACTION_SHOW_ON_SCREEN - null]
06-24 15:37:00.725 I/appium  (29532): Skipping invisible child: android.view.accessibility.AccessibilityNodeInfo@152b0; boundsInParent: Rect(0, 0 - 93, 93); boundsInScreen: Rect(493, 0 - 586, 78); packageName: com.huawei.android.launcher; className: android.widget.ImageView; text: null; error: null; maxTextLength: -1; contentDescription: 设置默认主屏幕; viewIdResName: com.huawei.android.launcher:id/default_screen_home_icon_bg; checkable: false; checked: false; focusable: true; focused: false; selected: false; clickable: true; longClickable: false; contextClickable: false; enabled: true; password: false; scrollable: false; importantForAccessibility: true; actions: [AccessibilityAction: ACTION_FOCUS - null, AccessibilityAction: ACTION_SELECT - null, AccessibilityAction: ACTION_CLEAR_SELECTION - null, AccessibilityAction: ACTION_CLICK - null, AccessibilityAction: ACTION_ACCESSIBILITY_FOCUS - null, AccessibilityAction: ACTION_NEXT_AT_MOVEMENT_GRANULARITY - null, AccessibilityAction: ACTION_PREVIOUS_AT_MOVEMENT_GRANULARITY - null, AccessibilityAction: ACTION_SET_SELECTION - null, AccessibilityAction: ACTION_SHOW_ON_SCREEN - null]
06-24 15:37:00.728 W/ResourceType( 2519): No known package when getting name for resource number 0x9c030000
06-24 15:37:00.731 W/ResourceType( 2519): No known package when getting name for resource number 0x9c030100
06-24 15:37:00.736 W/ResourceType( 2519): No known package when getting name for resource number 0x9c030200
06-24 15:37:00.740 W/ResourceType( 2519): No known package when getting name for resource number 0x9c030300
06-24 15:37:00.744 W/ResourceType( 2519): No known package when getting name for resource number 0x9c030001
06-24 15:37:00.747 W/ResourceType( 2519): No known package when getting name for resource number 0x9c030101
06-24 15:37:00.751 W/ResourceType( 2519): No known package when getting name for resource number 0x9c030201
06-24 15:37:00.756 W/ResourceType( 2519): No known package when getting name for resource number 0x9c030301
06-24 15:37:00.760 W/ResourceType( 2519): No known package when getting name for resource number 0x9c030002
06-24 15:37:00.764 W/ResourceType( 2519): No known package when getting name for resource number 0x9c030102
06-24 15:37:00.768 W/ResourceType( 2519): No known package when getting name for resource number 0x9c030202
06-24 15:37:00.773 W/ResourceType( 2519): No known package when getting name for resource number 0x9c030302
06-24 15:37:00.777 W/ResourceType( 2519): No known package when getting name for resource number 0x9c030003
06-24 15:37:00.780 W/ResourceType( 2519): No known package when getting name for resource number 0x9c030103
06-24 15:37:00.785 W/ResourceType( 2519): No known package when getting name for resource number 0x9c030203
06-24 15:37:00.789 W/ResourceType( 2519): No known package when getting name for resource number 0x9c030303
06-24 15:37:00.793 W/ResourceType( 2519): No known package when getting name for resource number 0x9c030004
06-24 15:37:00.798 W/ResourceType( 2519): No known package when getting name for resource number 0x9c030104
06-24 15:37:00.802 W/ResourceType( 2519): No known package when getting name for resource number 0x9c030204
06-24 15:37:00.807 W/ResourceType( 2519): No known package when getting name for resource number 0x9c030304
06-24 15:37:00.809 I/appium  (29532): Skipping invisible child: android.view.accessibility.AccessibilityNodeInfo@9e80; boundsInParent: Rect(0, 0 - 1080, 1580); boundsInScreen: Rect(1080, 0 - 1080, 1532); packageName: com.huawei.android.launcher; className: android.view.ViewGroup; text: null; error: null; maxTextLength: -1; contentDescription: null; viewIdResName: com.huawei.android.launcher:id/workspace_screen; checkable: false; checked: false; focusable: false; focused: false; selected: false; clickable: true; longClickable: true; contextClickable: false; enabled: true; password: false; scrollable: false; importantForAccessibility: true; actions: [AccessibilityAction: ACTION_SELECT - null, AccessibilityAction: ACTION_CLEAR_SELECTION - null, AccessibilityAction: ACTION_CLICK - null, AccessibilityAction: ACTION_LONG_CLICK - null, AccessibilityAction: ACTION_ACCESSIBILITY_FOCUS - null, AccessibilityAction: ACTION_SHOW_ON_SCREEN - null]
06-24 15:37:00.813 W/ResourceType( 2519): No known package when getting name for resource number 0x9b000000
06-24 15:37:00.813 W/ResourceType( 2519): No known package when getting name for resource number 0x9b010100
06-24 15:37:00.814 W/ResourceType( 2519): No known package when getting name for resource number 0x9b020200
06-24 15:37:00.814 W/ResourceType( 2519): No known package when getting name for resource number 0x9b030300
06-24 15:37:00.814 W/ResourceType( 2519): No known package when getting name for resource number 0x9b040400
06-24 15:37:00.821 I/appium  (29532): Fetch time: 109ms
06-24 15:37:00.848 I/appium  (29532): AppiumResponse: {"sessionId":"2d604340-25b7-4bc5-874b-09ac3bd169d8","status":0,"value":"<?xml version=\"1.0\" encoding=\"UTF-8\"?><hierarchy rotation=\"0\"><android.widget.FrameLayout index=\"0\" text=\"\" class=\"android.widget.FrameLayout\" package=\"com.huawei.android.launcher\" content-desc=\"\" checkable=\"false\" checked=\"false\" clickable=\"false\" enabled=\"true\" focusable=\"false\" focused=\"false\" scrollable=\"false\" long-clickable=\"false\" password=\"false\" selected=\"false\" bounds=\"[0,0][1080,1920]\" resource-id=\"\" instance=\"0\"><android.widget.LinearLayout index=\"0\" text=\"\" class=\"android.widget.LinearLayout\" package=\"com.huawei.android.launcher\" content-desc=\"\" checkable=\"false\" checked=\"false\" clickable=\"false\" enabled=\"true\" focusable=\"false\" focused=\"false\" scrollable=\"false\" long-clickable=\"false\" password=\"false\" selected=\"false\" bounds=\"[0,0][1080,1920]\" resource-id=\"\" instance=\"0\"><android.widget.FrameLayout index=\"0\" text=\"\" class=\"android.widget.FrameLayout\" package=\"com.huawei.android.launcher\" content-desc=\"\" checkable=\"false\" checked=\"false\" clickable=\"false\" enabled=\"true\" focusable=\"false\" focused=\"false\" scrollable=\"false\" long-clickable=\"false\" password=\"false\" selected=\"false\" bounds=\"[0,0][1080,1920]\" resource-id=\"android:id\/content\" instance=\"1\"><android.widget.FrameLayout index=\"0\" text=\"\" class=\"android.widget.FrameLayout\" package=\"com.huawei.android.launcher\" content-desc=\"\" checkable=\"false\" checked=\"false\" clickable=\"false\" enabled=\"true\" focusable=\"false\" focused=\"false\" scrollable=\"false\" long-clickable=\"false\" password=\"false\" selected=\"false\" bounds=\"[0,0][1080,1920]\" resource-id=\"com.huawei.android.launcher:id\/drag_layer\" instance=\"2\"><android.view.ViewGroup index=\"0\" text=\"\" class=\"android.view.ViewGroup\" package=\"com.huawei.android.launcher\" content-desc=\"第 3 屏，共 4 屏\" checkable=\"false\" checked=\"false\" clickable=\"false\" enabled=\"true\" focusable=\"false\" focused=\"false\" scrollable=\"true\" long-clickable=\"false\" password=\"false\" selected=\"false\" bounds=\"[0,0][1080,1920]\" resource-id=\"com.huawei.android.launcher:id\/workspace\" instance=\"0\"><android.view.ViewGroup index=\"2\" text=\"\" class=\"android.view.ViewGroup\" package=\"com.huawei.android.launcher\" content-desc=\"\" checkable=\"false\" checked=\"false\" clickable=\"true\" enabled=\"true\" focusable=\"false\" focused=\"false\" scrollable=\"false\" long-clickable=\"true\" password=\"false\" selected=\"false\" bounds=\"[0,0][1080,1532]\" resource-id=\"com.huawei.android.launcher:id\/workspace_screen\" instance=\"1\"><android.widget.FrameLayout index=\"0\" text=\"\" class=\"android.widget.FrameLayout\" package=\"com.huawei.android.launcher\" content-desc=\"\" checkable=\"false\" checked=\"false\" clickable=\"false\" enabled=\"true\" focusable=\"false\" focused=\"false\" scrollable=\"false\" long-clickable=\"false\" password=\"false\" selected=\"false\" bounds=\"[12,0][1068,1514]\" resource-id=\"\" instance=\"3\"\/><android.view.ViewGroup index=\"1\" text=\"\" class=\"android.view.ViewGroup\" package=\"com.huawei.android.launcher\" content-desc=\"\" checkable=\"false\" checked=\"false\" clickable=\"false\" enabled=\"true\" focusable=\"false\" focused=\"false\" scrollable=\"false\" long-clickable=\"false\" password=\"false\" selected=\"false\" bounds=\"[12,0][1068,1514]\" resource-id=\"\" instance=\"2\"><android.widget.TextView index=\"0\" text=\"iTest\" class=\"android.widget.TextView\" package=\"com.huawei.android.launcher\" content-desc=\"\" checkable=\"false\" checked=\"false\" clickable=\"true\" enabled=\"true\" focusable=\"true\" focused=\"false\" scrollable=\"false\" long-clickable=\"true\" password=\"false\" selected=\"false\" bounds=\"[12,84][276,370]\" resource-id=\"\" instance=\"0\"\/><android.widget.TextView index=\"1\" text=\"WhatsApp\" class=\"android.widget.TextView\" package=\"com.huawei.android.launcher\" content-
06-24 15:37:00.856 W/AlarmManager(  657): mIsScreenOn is: true, WAKEUP alarm talarm.operation == null,package name is: android listenerTag is: *job.delay* creator uid is: 1000
06-24 15:37:00.857 D/PGGoogleServicePolicy(  657): worksource has gms, prevent hold partial wakelock
06-24 15:37:00.858 D/PMS1000 (  657): package:com.android.email, input flags:1, output hwFlags:33554432
06-24 15:37:00.859 D/PMS1000 (  657): package:com.android.exchange, input flags:1, output hwFlags:0
06-24 15:37:00.859 D/PMS1000 (  657): package:com.google.android.gm, input flags:1, output is null
06-24 15:37:00.859 W/HwAlarmManagerService(  657): isContainsAppUidInWorksource-->happend NameNotFoundException
06-24 15:37:00.860 I/HwAlarmManagerService(  657): hwSetAlarm listenerTag: *job.delay*
06-24 15:37:00.860 I/JobScheduler.Time(  657): mNextDelayExpiredElapsedMillis: 108677744
06-24 15:37:00.861 D/JobServiceContext(  657): Scheduling time out for 'com.android.server.content.SyncJobService' jId: 106739, in 18 s
06-24 15:37:00.862 D/PGGoogleServicePolicy(  657): worksource has gms, prevent hold partial wakelock
06-24 15:37:00.863 D/JobServiceContext(  657): handleServiceBound for e07102e #1000/106739 com.google.android.gms.fitness/com.google:android
06-24 15:37:00.863 D/JobServiceContext(  657): Scheduling time out for 'com.android.server.content.SyncJobService' jId: 106739, in 8 s
06-24 15:37:00.863 I/SyncManager(  657): SyncJobService->onStartJob:put job to map, jobid:106739
06-24 15:37:00.863 D/JobServiceContext(  657): doCallback of : JobStatus{e07102e #1000/106739 com.google.android.gms.fitness/com.google:android u=0 s=10089 TIME=-7ms:+4m59s993ms NET=1 PERSISTED READY} v:VERB_STARTING
06-24 15:37:00.863 D/JobServiceContext(  657): Scheduling time out for 'com.android.server.content.SyncJobService' jId: 106739, in 600 s
06-24 15:37:00.870 I/SyncManager(  657): dispatchSyncOperation:we are going to sync JobId: 106739, XXXXXXXXX u0 (com.google), com.google.android.gms.fitness, PERIODIC, reason: Periodic, period: 3600000, flexMillis: 144000
06-24 15:37:00.870 D/PGGoogleServicePolicy(  657): worksource has gms, prevent hold partial wakelock
06-24 15:37:00.888 I/AppManager( 1699): dependence has been existed:657 -> 8506
06-24 15:37:00.891 I/appium  (29532): channel read invoked!
06-24 15:37:00.891 I/appium  (29532): channel read: GET /wd/hub/session/2d604340-25b7-4bc5-874b-09ac3bd169d8/source
06-24 15:37:00.895 W/ResourceType( 2519): No known package when getting name for resource number 0x9c010000
06-24 15:37:00.896 W/ResourceType( 2519): No known package when getting name for resource number 0x9c010100
06-24 15:37:00.896 W/ResourceType( 2519): No known package when getting name for resource number 0x9c010200
06-24 15:37:00.897 W/ResourceType( 2519): No known package when getting name for resource number 0x9c010300
06-24 15:37:00.897 W/ResourceType( 2519): No known package when getting name for resource number 0x9c010001
06-24 15:37:00.897 W/ResourceType( 2519): No known package when getting name for resource number 0x9c010101
06-24 15:37:00.899 I/SyncManager(  657): run startSync:JobId: 106739, XXXXXXXXX u0 (com.google), com.google.android.gms.fitness, PERIODIC, reason: Periodic, period: 3600000, flexMillis: 144000
06-24 15:37:00.899 W/ResourceType( 2519): No known package when getting name for resource number 0x9c010201
06-24 15:37:00.900 W/ResourceType( 2519): No known package when getting name for resource number 0x9c010301
06-24 15:37:00.901 W/ResourceType( 2519): No known package when getting name for resource number 0x9c010002
06-24 15:37:00.902 W/ResourceType( 2519): No known package when getting name for resource number 0x9c010102
06-24 15:37:00.903 W/ResourceType( 2519): No known package when getting name for resource number 0x9c010202
06-24 15:37:00.903 W/ResourceType( 2519): No known package when getting name for resource number 0x9c010302
06-24 15:37:00.904 W/ResourceType( 2519): No known package when getting name for resource number 0x9c010003
06-24 15:37:00.904 W/ResourceType( 2519): No known package when getting name for resource number 0x9c010103
06-24 15:37:00.904 W/ResourceType( 2519): No known package when getting name for resource number 0x9c010203
06-24 15:37:00.905 W/ResourceType( 2519): No known package when getting name for resource number 0x9c010303
06-24 15:37:00.905 W/ResourceType( 2519): No known package when getting name for resource number 0x9c010004
06-24 15:37:00.906 W/ResourceType( 2519): No known package when getting name for resource number 0x9c010104
06-24 15:37:00.906 W/ResourceType( 2519): No known package when getting name for resource number 0x9c010204
06-24 15:37:00.906 W/ResourceType( 2519): No known package when getting name for resource number 0x9c010304
06-24 15:37:00.917 I/appium  (29532): Skipping invisible child: android.view.accessibility.AccessibilityNodeInfo@933d; boundsInParent: Rect(0, 0 - 1080, 1580); boundsInScreen: Rect(0, 0 - -1080, 1532); packageName: com.huawei.android.launcher; className: android.view.ViewGroup; text: null; error: null; maxTextLength: -1; contentDescription: null; viewIdResName: com.huawei.android.launcher:id/workspace_screen; checkable: false; checked: false; focusable: false; focused: false; selected: false; clickable: true; longClickable: true; contextClickable: false; enabled: true; password: false; scrollable: false; importantForAccessibility: true; actions: [AccessibilityAction: ACTION_SELECT - null, AccessibilityAction: ACTION_CLEAR_SELECTION - null, AccessibilityAction: ACTION_CLICK - null, AccessibilityAction: ACTION_LONG_CLICK - null, AccessibilityAction: ACTION_ACCESSIBILITY_FOCUS - null, AccessibilityAction: ACTION_SHOW_ON_SCREEN - null]
06-24 15:37:00.917 I/appium  (29532): Skipping invisible child: android.view.accessibility.AccessibilityNodeInfo@96fe; boundsInParent: Rect(0, 0 - 1080, 1580); boundsInScreen: Rect(0, 0 - 0, 1532); packageName: com.huawei.android.launcher; className: android.view.ViewGroup; text: null; error: null; maxTextLength: -1; contentDescription: null; viewIdResName: com.huawei.android.launcher:id/workspace_screen; checkable: false; checked: false; focusable: false; focused: false; selected: false; clickable: true; longClickable: true; contextClickable: false; enabled: true; password: false; scrollable: false; importantForAccessibility: true; actions: [AccessibilityAction: ACTION_SELECT - null, AccessibilityAction: ACTION_CLEAR_SELECTION - null, AccessibilityAction: ACTION_CLICK - null, AccessibilityAction: ACTION_LONG_CLICK - null, AccessibilityAction: ACTION_ACCESSIBILITY_FOCUS - null, AccessibilityAction: ACTION_SHOW_ON_SCREEN - null]
06-24 15:37:00.918 D/WorkSource( 8506): Insert in WorkSource{} @ 0 uid 10089 name com.google.android.gms
06-24 15:37:00.919 D/PMS10089(  657): package:com.android.email, input flags:1, output hwFlags:33554432
06-24 15:37:00.919 D/PMS10089(  657): package:com.android.exchange, input flags:1, output hwFlags:0
06-24 15:37:00.919 D/PMS10089(  657): package:com.google.android.gm, input flags:1, output is null
06-24 15:37:00.919 W/HwAlarmManagerService(  657): isContainsAppUidInWorksource-->happend NameNotFoundException
06-24 15:37:00.921 I/appium  (29532): Skipping invisible child: android.view.accessibility.AccessibilityNodeInfo@14eef; boundsInParent: Rect(0, 0 - 93, 93); boundsInScreen: Rect(495, 0 - 584, 76); packageName: com.huawei.android.launcher; className: android.widget.ImageView; text: null; error: null; maxTextLength: -1; contentDescription: 设置默认主屏幕; viewIdResName: com.huawei.android.launcher:id/default_screen_home_icon; checkable: false; checked: false; focusable: true; focused: false; selected: false; clickable: true; longClickable: false; contextClickable: false; enabled: true; password: false; scrollable: false; importantForAccessibility: true; actions: [AccessibilityAction: ACTION_FOCUS - null, AccessibilityAction: ACTION_SELECT - null, AccessibilityAction: ACTION_CLEAR_SELECTION - null, AccessibilityAction: ACTION_CLICK - null, AccessibilityAction: ACTION_ACCESSIBILITY_FOCUS - null, AccessibilityAction: ACTION_NEXT_AT_MOVEMENT_GRANULARITY - null, AccessibilityAction: ACTION_PREVIOUS_AT_MOVEMENT_GRANULARITY - null, AccessibilityAction: ACTION_SET_SELECTION - null, AccessibilityAction: ACTION_SHOW_ON_SCREEN - null]
06-24 15:37:00.924 I/appium  (29532): Skipping invisible child: android.view.accessibility.AccessibilityNodeInfo@152b0; boundsInParent: Rect(0, 0 - 93, 93); boundsInScreen: Rect(493, 0 - 586, 78); packageName: com.huawei.android.launcher; className: android.widget.ImageView; text: null; error: null; maxTextLength: -1; contentDescription: 设置默认主屏幕; viewIdResName: com.huawei.android.launcher:id/default_screen_home_icon_bg; checkable: false; checked: false; focusable: true; focused: false; selected: false; clickable: true; longClickable: false; contextClickable: false; enabled: true; password: false; scrollable: false; importantForAccessibility: true; actions: [AccessibilityAction: ACTION_FOCUS - null, AccessibilityAction: ACTION_SELECT - null, AccessibilityAction: ACTION_CLEAR_SELECTION - null, AccessibilityAction: ACTION_CLICK - null, AccessibilityAction: ACTION_ACCESSIBILITY_FOCUS - null, AccessibilityAction: ACTION_NEXT_AT_MOVEMENT_GRANULARITY - null, AccessibilityAction: ACTION_PREVIOUS_AT_MOVEMENT_GRANULARITY - null, AccessibilityAction: ACTION_SET_SELECTION - null, AccessibilityAction: ACTION_SHOW_ON_SCREEN - null]
06-24 15:37:00.926 W/ResourceType( 2519): No known package when getting name for resource number 0x9c030000
06-24 15:37:00.932 W/ResourceType( 2519): No known package when getting name for resource number 0x9c030100
06-24 15:37:00.933 D/PMS10089(  657): package:com.google.android.gms, input flags:0, output hwFlags:0
06-24 15:37:00.934 W/ResourceType( 2519): No known package when getting name for resource number 0x9c030200
06-24 15:37:00.938 W/ResourceType( 2519): No known package when getting name for resource number 0x9c030300
06-24 15:37:00.940 W/ResourceType( 2519): No known package when getting name for resource number 0x9c030001
06-24 15:37:00.944 W/ResourceType( 2519): No known package when getting name for resource number 0x9c030101
06-24 15:37:00.947 W/ResourceType( 2519): No known package when getting name for resource number 0x9c030201
06-24 15:37:00.951 W/ResourceType( 2519): No known package when getting name for resource number 0x9c030301
06-24 15:37:00.953 I/SyncManager(  657): SyncJobService->callJobFinished: remove job to map, jobid:106739
06-24 15:37:00.953 D/JobServiceContext(  657): doCallback of : JobStatus{e07102e #1000/106739 com.google.android.gms.fitness/com.google:android u=0 s=10089 TIME=-97ms:+4m59s903ms NET=1 PERSISTED READY} v:VERB_EXECUTING
06-24 15:37:00.956 W/ResourceType( 2519): No known package when getting name for resource number 0x9c030002
06-24 15:37:00.959 W/ResourceType( 2519): No known package when getting name for resource number 0x9c030102
06-24 15:37:00.963 W/ResourceType( 2519): No known package when getting name for resource number 0x9c030202
06-24 15:37:00.966 D/PMS1000 (  657): package:com.android.email, input flags:1, output hwFlags:33554432
06-24 15:37:00.966 D/PMS1000 (  657): package:com.android.exchange, input flags:1, output hwFlags:0
06-24 15:37:00.966 D/PMS1000 (  657): package:com.google.android.gm, input flags:1, output is null
06-24 15:37:00.966 W/HwAlarmManagerService(  657): isContainsAppUidInWorksource-->happend NameNotFoundException
06-24 15:37:00.969 W/ResourceType( 2519): No known package when getting name for resource number 0x9c030302
06-24 15:37:00.970 I/HwAlarmManagerService(  657): hwSetAlarm listenerTag: *job.deadline*
06-24 15:37:00.970 I/JobScheduler.Time(  657): mNextJobExpiredElapsedMillis: 109200527
06-24 15:37:00.973 W/ResourceType( 2519): No known package when getting name for resource number 0x9c030003
06-24 15:37:00.977 W/ResourceType( 2519): No known package when getting name for resource number 0x9c030103
06-24 15:37:00.978 D/SmartcareProc(  657): onSignalStrengthsChanged: signalStrength is: SignalStrength: 0 1955964583 0 255 0 0 32767 -1 32767 -1 -73 -3 17 -1 0 -1 false gw|lte , on sub: 0
06-24 15:37:00.979 D/SmartcareProc(  657): SignalStrength update result, ss: SignalStrengthInfo:8749149 mGsmSignalStrength: -1 mWcdmaRscp: -1 mWcdmaEcio: 255 mLteRsrp: -73 mLteRsrq: -3 mCdmaDbm: -1 mCdmaEcio: -1 mEvdoDbm: 32767mEvdoEcio: -1mLteRssnr: 17
06-24 15:37:00.980 I/MQoS    (  657): onSignal: mSubId=0,currDataSubID=0
06-24 15:37:00.980 W/ResourceType( 2519): No known package when getting name for resource number 0x9c030203
06-24 15:37:00.980 I/MQoS    (  657): received cell-signal:5
06-24 15:37:00.984 W/ResourceType( 2519): No known package when getting name for resource number 0x9c030303
06-24 15:37:00.987 I/HwMobileSignalController(0)( 1513): subId:0 phoneType:1 networktype:13 targetClass:3 masterLevel:5 slaveLevel:-1
06-24 15:37:00.988 W/ResourceType( 2519): No known package when getting name for resource number 0x9c030004
06-24 15:37:00.991 W/ResourceType( 2519): No known package when getting name for resource number 0x9c030104
06-24 15:37:00.994 W/ResourceType( 2519): No known package when getting name for resource number 0x9c030204
06-24 15:37:00.998 W/ResourceType( 2519): No known package when getting name for resource number 0x9c030304
