06-24 15:29:58.588 W/dex2oat (30085): Using default instruction set features for ARM CPU variant (default) using conservative defaults
06-24 15:29:58.589 I/dex2oat (30085): /system/bin/dex2oat -j4 --dex-file=/data/data/com.excelliance.dualaid/.platformcache/main.jar --output-vdex-fd=46 --oat-fd=47 --oat-location=/data/data/com.excelliance.dualaid/.platformcache/oat/arm/main.odex --compiler-filter=quicken
06-24 15:29:58.589 I/cutils-trace(30085): atrace_init_once, trace_marker_path = /sys/kernel/debug/tracing/trace_marker
06-24 15:29:58.591 D/HwRecentsLockUtils( 1513): Search
06-24 15:29:58.591 E/HsmCoreServiceImpl( 1478): onTransact in code is: 103
06-24 15:29:58.591 I/MediaProcessHandler( 1478): playingUids: 
06-24 15:29:58.592 D/ActivityManager(  657): Skipping, home or recents stack task: TaskRecord{333215f #15658 A=com.huawei.android.launcher U=0 StackId=0 sz=1}
06-24 15:29:58.592 D/ActivityManager(  657): Skipping intent:act=android.intent.action.MAIN cat=[android.intent.category.LAUNCHER] flg=0x10a00000 cmp=io.appium.settings/.Settings
06-24 15:29:58.592 D/ActivityManager(  657): Skipping intent:flg=0x10804000 cmp=com.android.systemui/.recents.RecentsActivity bnds=[48,928][1032,2296]
06-24 15:29:58.592 D/ActivityManager(  657): Skipping intent:flg=0x18800000 cmp=com.tencent.mm/.plugin.base.stub.WXPayEntryActivity
06-24 15:29:58.592 D/ActivityManager(  657): Skipping intent:flg=0x10800000 cmp=com.huawei.systemmanager/com.huawei.permissionmanager.ui.MainActivity
06-24 15:29:58.592 D/ActivityManager(  657): Skipping intent:flg=0x18800000 cmp=com.tencent.mm/.plugin.base.stub.WXEntryActivity
06-24 15:29:58.592 D/ActivityManager(  657): Skipping intent:act=com.huawei.action.VOICE_ASSISTANT flg=0x10800000 pkg=com.huawei.vassistant cmp=com.huawei.vassistant/.ui.main.VAssistantActivity
06-24 15:29:58.592 D/ActivityManager(  657): Skipping intent:act=com.huawei.android.launcher.action.ACCESS_SPLIT_SCREEN_APP cat=[android.intent.category.DEFAULT] flg=0x10804000 cmp=com.huawei.android.launcher/.splitscreen.SplitScreenAppActivity
06-24 15:29:58.592 D/ActivityManager(  657): Skipping intent:flg=0x10800000 pkg=com.excelliance.dualaid.b64 cmp=com.excelliance.dualaid.b64/com.excelliance.kxqp.sdk.PermissionRequestActivity
06-24 15:29:58.592 D/ActivityManager(  657): Skipping intent:act=android.intent.action.VIEW dat=content://com.excelliance.dualaid.fileProvider/external_storage_root/Download/apk/Multiple_64.apk typ=application/vnd.android.package-archive flg=0x10800001 cmp=com.android.packageinstaller/.InstallStart
06-24 15:29:58.592 D/ActivityManager(  657): Skipping intent:flg=0x10800000 cmp=com.android.systemui/.usb.HwUsbDebuggingActivity
06-24 15:29:58.592 D/ActivityManager(  657): Skipping intent:act=android.deviceinfo.chooser.action.LAUNCH flg=0x10800000 hwFlg=0x100 pkg=com.android.settings cmp=com.android.settings/.deviceinfo.UsbConnModeChooserActivity
06-24 15:29:58.592 D/ActivityManager(  657): Skipping intent:flg=0x10800000 cmp=com.zol.android/.push.KeepLiveActivity
06-24 15:29:58.592 D/ActivityManager(  657): Skipping intent:act=android.intent.action.MAIN cat=[android.intent.category.HOME] flg=0x10800300 cmp=com.android.settings/.FallbackHome
06-24 15:29:58.613 D/MainActivity(30021): instantiateItem: 2	android.widget.RelativeLayout{d00e2b1 V.E...... ......I. 0,0-0,0}
06-24 15:29:58.614 D/MainActivity(30021): initPage3: 
06-24 15:29:58.618 V/WindowManager(  657): Checking 1 opening apps (frozen=false timeout=false)...
06-24 15:29:58.618 V/WindowManager(  657): Check opening app=AppWindowToken{6d8fd6d token=Token{a7bb184 ActivityRecord{b9cdb97 u0 com.excelliance.dualaid/com.excelliance.kxqp.swipe.NavActivity2 t16010}}}: allDrawn=false startingDisplayed=false startingMoved=false isRelaunching()=false
06-24 15:29:58.620 V/HwPhoneWindowManager(  657): updateSystemUiColorLw window=Window{9ee7f08 u0 com.excelliance.dualaid/com.excelliance.kxqp.swipe.NavActivity2},EmuiStyle=0,StatusBarColor=0xff000000,NavigationBarColor=0xff000000, mLastIsEmuiLightStyle=-1
06-24 15:29:58.622 V/WindowManager(  657): Checking 1 opening apps (frozen=false timeout=false)...
06-24 15:29:58.622 V/WindowManager(  657): Check opening app=AppWindowToken{6d8fd6d token=Token{a7bb184 ActivityRecord{b9cdb97 u0 com.excelliance.dualaid/com.excelliance.kxqp.swipe.NavActivity2 t16010}}}: allDrawn=false startingDisplayed=false startingMoved=false isRelaunching()=false
06-24 15:29:58.623 D/HwPhoneWindowManager(  657): Transact:setSystemUIColor to status bar service
06-24 15:29:58.625 I/CommandQueue( 1513): updateBarBgColor
06-24 15:29:58.625 D/CommandQueue( 1513): CommandQueue, setBarBackgroundColor
06-24 15:29:58.625 I/GRALLOC (  679): 	 shrFd=10,fmt=0x1,intFmt=0x200000001,btStrd=4352,size=8486912,pid=679 
06-24 15:29:58.625 I/GRALLOC (  679): 	 yuv=2,w=1080,h=1920,Stride u=0 v=0,offset u=0 v=0 
06-24 15:29:58.625 I/GRALLOC (  679): 	 iova_size=8486912,conUsg=0x900,proUsg=0x900,	 strd=1088,[afbc]HdrStrd=1088 PyldStrd=69632 Scrmbl=2,ionhnd = 1 
06-24 15:29:58.626 D/MainActivity(30021): run: initPage3
06-24 15:29:58.628 I/OpenGLRenderer(30021): Initialized EGL, version 1.4
06-24 15:29:58.628 I/GRALLOC (  679): 	 shrFd=10,fmt=0x1,intFmt=0x200000001,btStrd=4352,size=8486912,pid=679 
06-24 15:29:58.628 I/GRALLOC (  679): 	 yuv=2,w=1080,h=1920,Stride u=0 v=0,offset u=0 v=0 
06-24 15:29:58.628 I/GRALLOC (  679): 	 iova_size=8486912,conUsg=0x900,proUsg=0x900,	 strd=1088,[afbc]HdrStrd=1088 PyldStrd=69632 Scrmbl=2,ionhnd = 1 
06-24 15:29:58.628 D/OpenGLRenderer(30021): Swap behavior 2
06-24 15:29:58.629 D/TintManager( 1513): statusBarIconTint=#99FFFFFF,navigationBarIconTint=#FF000000
06-24 15:29:58.630 I/GRALLOC (  679): 	 shrFd=10,fmt=0x1,intFmt=0x200000001,btStrd=4352,size=8486912,pid=679 
06-24 15:29:58.630 I/GRALLOC (  679): 	 yuv=2,w=1080,h=1920,Stride u=0 v=0,offset u=0 v=0 
06-24 15:29:58.630 I/GRALLOC (  679): 	 iova_size=8486912,conUsg=0x900,proUsg=0x900,	 strd=1088,[afbc]HdrStrd=1088 PyldStrd=69632 Scrmbl=2,ionhnd = 1 
06-24 15:29:58.633 D/mali_winsys(30021): EGLint new_window_surface(egl_winsys_display *, void *, EGLSurface, EGLConfig, egl_winsys_surface **, egl_color_buffer_format *, EGLBoolean) returns 0x3000
06-24 15:29:58.633 E/vndksupport(30021): Could not load vendor/lib/egl/libGLES_mali_v2.so from sphal namespace: dlopen failed: library "vendor/lib/egl/libGLES_mali_v2.so" not found.
06-24 15:29:58.643 D/BarTransitions.HwPhoneStatusBarView( 1513): MODE_TRANSPARENT -> MODE_TRANSLUCENT animate=false
06-24 15:29:58.643 D/BarTransitions.HwPhoneStatusBarView( 1513): applyModeBackground oldMode=MODE_TRANSPARENT newMode=MODE_TRANSLUCENT animate=false
06-24 15:29:58.646 D/StatusBarIconController( 1513): setIconVisibility icon is null or visibility not change visibility=false
06-24 15:29:58.650 I/GRALLOC (  679): 	 shrFd=10,fmt=0x1,intFmt=0x200000001,btStrd=4352,size=8486912,pid=679 
06-24 15:29:58.650 I/GRALLOC (  679): 	 yuv=2,w=1080,h=1920,Stride u=0 v=0,offset u=0 v=0 
06-24 15:29:58.650 I/GRALLOC (  679): 	 iova_size=8486912,conUsg=0xb00,proUsg=0xb00,	 strd=1088,[afbc]HdrStrd=1088 PyldStrd=69632 Scrmbl=2,ionhnd = 1 
06-24 15:29:58.658 D/WindowManager(  657): finishDrawingWindow: Window{9ee7f08 u0 com.excelliance.dualaid/com.excelliance.kxqp.swipe.NavActivity2} mDrawState=DRAW_PENDING
06-24 15:29:58.659 V/MainActivity(30021): onWindowFocusChanged: true
06-24 15:29:58.659 W/InputMethodManager(30021): startInputReason = 1
06-24 15:29:58.660 V/WindowManager(  657): Checking 1 opening apps (frozen=false timeout=false)...
06-24 15:29:58.660 V/WindowManager(  657): Check opening app=AppWindowToken{6d8fd6d token=Token{a7bb184 ActivityRecord{b9cdb97 u0 com.excelliance.dualaid/com.excelliance.kxqp.swipe.NavActivity2 t16010}}}: allDrawn=true startingDisplayed=false startingMoved=false isRelaunching()=false
06-24 15:29:58.662 D/ImageWallpaper( 1513): onVisibilityChanged: mVisible, visible=true, false
06-24 15:29:58.662 D/ImageWallpaper( 1513): Visibility changed to visible=false
06-24 15:29:58.663 D/BarTransitions.HwPhoneStatusBarView( 1513): MODE_TRANSLUCENT -> MODE_TRANSPARENT animate=false
06-24 15:29:58.663 D/BarTransitions.HwPhoneStatusBarView( 1513): applyModeBackground oldMode=MODE_TRANSLUCENT newMode=MODE_TRANSPARENT animate=false
06-24 15:29:58.664 I/ActivityManager(  657): Displayed com.excelliance.dualaid/com.excelliance.kxqp.swipe.NavActivity2: +175ms (total +328ms)
06-24 15:29:58.666 W/InputMethodManager(30021): startInputReason = 5
06-24 15:29:58.668 I/wangchen( 7035): SysInfo.getSysParam: orientation=1||config d=3.0,w=1080,h=1920||metrics d=3.0,w=1080,h=1920||sdk=26,bar_h=72
06-24 15:29:58.668 I/KeymapLoader( 7035): w=1080 h=1920 ori=true appScale=3.3 s1=3.0
06-24 15:29:58.673 E/BufferQueueProducer(  710): [com.huawei.android.launcher/com.huawei.android.launcher.unihome.UniHomeLauncher#0] disconnect: not connected (req=1)
06-24 15:29:58.673 W/libEGL  ( 2519): EGLNativeWindowType 0x74abe76010 disconnect failed
06-24 15:29:58.674 I/WindowManager(  657): notifyAccessibilityButtonVisibilityChanged visible:false
06-24 15:29:58.678 I/GRALLOC (  679): 	 shrFd=10,fmt=0x1,intFmt=0x200000001,btStrd=4352,size=8486912,pid=679 
06-24 15:29:58.678 I/GRALLOC (  679): 	 yuv=2,w=1080,h=1920,Stride u=0 v=0,offset u=0 v=0 
06-24 15:29:58.678 I/GRALLOC (  679): 	 iova_size=8486912,conUsg=0xb00,proUsg=0xb00,	 strd=1088,[afbc]HdrStrd=1088 PyldStrd=69632 Scrmbl=2,ionhnd = 1 
06-24 15:29:58.697 W/ActivityManager(  657): Sending non-protected broadcast huawei.action.floattasks.STATUS_BAR_STATE_CHANGED from system 1513:com.android.systemui/u0a39 pkg com.android.systemui
06-24 15:29:58.697 W/HwKeyguardDragHelper( 1513): AnimationBlocked
06-24 15:29:58.697 D/ActivityThread(30021): Remove activity client record, r= ActivityRecord{cbe2ddc token=android.os.BinderProxy@d13fa03 {com.excelliance.dualaid/com.excelliance.kxqp.ui.HelloActivity}} token= android.os.BinderProxy@d13fa03
06-24 15:29:58.697 D/BarTransitions.HwPhoneStatusBarView( 1513): MODE_TRANSPARENT -> MODE_TRANSLUCENT animate=false
06-24 15:29:58.697 D/BarTransitions.HwPhoneStatusBarView( 1513): applyModeBackground oldMode=MODE_TRANSPARENT newMode=MODE_TRANSLUCENT animate=false
06-24 15:29:58.697 V/WindowManager(  657): notifyAppStopped: AppWindowToken{d3a938b token=Token{377755a ActivityRecord{d5c9105 u0 com.huawei.android.launcher/.unihome.UniHomeLauncher t15658}}}
06-24 15:29:58.698 D/BarTransitions.HwNavigationBarView( 1513): MODE_TRANSLUCENT -> MODE_OPAQUE animate=false
06-24 15:29:58.698 D/BarTransitions.HwNavigationBarView( 1513): applyModeBackground oldMode=MODE_TRANSLUCENT newMode=MODE_OPAQUE animate=false
06-24 15:29:58.697 E/WindowManager(  657): win=Window{68d6975 u0 com.huawei.android.launcher/com.huawei.android.launcher.unihome.UniHomeLauncher} destroySurfaces: appStopped=true win.mWindowRemovalAllowed=false win.mRemoveOnExit=false
06-24 15:29:58.698 I/WindowManager(  657): Destroying surface Surface(name=com.huawei.android.launcher/com.huawei.android.launcher.unihome.UniHomeLauncher) called by com.android.server.wm.WindowStateAnimator.destroySurface:2060 com.android.server.wm.WindowStateAnimator.destroySurfaceLocked:873 com.android.server.wm.HwWindowStateAnimator.destroySurfaceLocked:1006 com.android.server.wm.WindowState.destroyOrSaveSurfaceUnchecked:2990 com.android.server.wm.WindowState.destroySurface:2951 com.android.server.wm.AppWindowToken.destroySurfaces:654 com.android.server.wm.AppWindowToken.destroySurfaces:638 com.android.server.wm.AppWindowToken.notifyAppStopped:682 
06-24 15:29:58.700 V/WindowManager(  657): removeAppToken: AppWindowToken{4eaecb5 token=Token{93e30ec ActivityRecord{b75979f u0 com.excelliance.dualaid/com.excelliance.kxqp.ui.HelloActivity t16010}}} delayed=false Callers=com.android.server.wm.DisplayContent.removeAppToken:985 com.android.server.wm.AppWindowContainerController.removeContainer:348 com.android.server.am.ActivityRecord.removeWindowContainer:1039 com.android.server.am.ActivityStack.removeActivityFromHistoryLocked:4491 
06-24 15:29:58.701 D/HwGameAssistantController(  657): pid=2519, uid=10056, foreground=false
06-24 15:29:58.701 W/AwareLog(  657): SchedLevelBoost: onFgActivitiesChanged config not set!
06-24 15:29:58.888 I/HwNormalizedSpline(  657): getEyeProtectionBrightnessLevel lux =239.0, mDefaultBrightnessFromLux =68.645
06-24 15:29:58.932 I/TrafficMonitor(  657): update:rxPkts:13,txPkts:14,rxBytes:4345,txBytes:1348
06-24 15:29:58.932 I/TrafficMonitor(  657): start expired. level:-1
06-24 15:29:58.932 I/TrafficMonitor(  657): gettimer:interval=2000
06-24 15:29:58.991 I/Finsky  (26895): [4155] com.google.android.finsky.flushlogs.FlushLogsReceiver$FlushLogsService.onHandleIntent(21): Logs flushing took more than 60000 ms. Releasing wake lock.
06-24 15:29:59.047 I/dex2oat (30085): dex2oat took 458.906ms (998.016ms cpu) (threads: 4) arena alloc=135KB (139256B) java alloc=2MB (3127336B) native alloc=4MB (4687872B) free=2MB (2127872B)
06-24 15:29:59.061 D/PMS11422(  657): package:com.excelliance.dualaid, input flags:128, output hwFlags:0
06-24 15:29:59.098 W/dex2oat (30126): Using default instruction set features for ARM CPU variant (default) using conservative defaults
06-24 15:29:59.098 I/dex2oat (30126): /system/bin/dex2oat -j4 --dex-file=/data/data/com.excelliance.dualaid/.platformcache/kxqpplatform2.jar --output-vdex-fd=47 --oat-fd=48 --oat-location=/data/data/com.excelliance.dualaid/.platformcache/oat/arm/kxqpplatform2.odex --compiler-filter=quicken
06-24 15:29:59.098 I/cutils-trace(30126): atrace_init_once, trace_marker_path = /sys/kernel/debug/tracing/trace_marker
06-24 15:29:59.164 I/GRALLOC (  679): 	 shrFd=10,fmt=0x1,intFmt=0x200000001,btStrd=4352,size=8486912,pid=679 
06-24 15:29:59.164 I/GRALLOC (  679): 	 yuv=2,w=1080,h=1920,Stride u=0 v=0,offset u=0 v=0 
06-24 15:29:59.164 I/GRALLOC (  679): 	 iova_size=8486912,conUsg=0xb00,proUsg=0xb00,	 strd=1088,[afbc]HdrStrd=1088 PyldStrd=69632 Scrmbl=2,ionhnd = 1 
06-24 15:29:59.181 D/HwWifiStatStore(  657): handleMessage : 200
06-24 15:29:59.319 I/dex2oat (30126): dex2oat took 221.163ms (455.998ms cpu) (threads: 4) arena alloc=62KB (63808B) java alloc=2MB (2283472B) native alloc=2MB (2307360B) free=2MB (2935520B)
06-24 15:29:59.331 D/PMS11422(  657): package:com.excelliance.dualaid, input flags:0, output hwFlags:0
06-24 15:29:59.340 E/MemoryLeakMonitorManager(30056): MemoryLeakMonitor.jar is not exist!
06-24 15:29:59.341 D/CrashHandler(30056): CrashHandler
06-24 15:29:59.341 D/KXQPApplication(30056): run: initUserManager
06-24 15:29:59.342 E/Minikin (30056): Could not get cmap table size!
06-24 15:29:59.343 D/PMS11422(  657): package:com.excelliance.dualaid, input flags:128, output hwFlags:0
06-24 15:29:59.354 D/AirPushService(30056): 
06-24 15:29:59.355 D/SmtServService(30056): MSG_LOAD_PLT GameUtil.isPtLoaded() = false
06-24 15:29:59.357 I/HwCust  (30056): Constructor found for class android.net.HwCustConnectivityManagerImpl
06-24 15:29:59.357 D/HwCust  (30056): Create obj success use class android.net.HwCustConnectivityManagerImpl
06-24 15:29:59.358 D/NetworkStateReceiver(30056): netWorkConnected = true
06-24 15:29:59.358 D/AirPushUtils(30056): startPushInfo
06-24 15:29:59.359 D/PMS1000 (  657): package:com.excelliance.dualaid, input flags:0, output hwFlags:0
06-24 15:29:59.359 D/PMS1000 (  657): package:com.excelliance.dualaid, input flags:8192, output hwFlags:0
06-24 15:29:59.360 D/AirPushService(30056): Alarm
06-24 15:29:59.360 D/AirPushService(30056): resetPushAlarm
06-24 15:29:59.361 D/SmtServService(30056): pull info
06-24 15:29:59.361 D/SmtServService(30056): diffTime = 1529825399361
06-24 15:29:59.361 D/SmtServService(30056): pushInfoFromServer
06-24 15:29:59.362 D/PMS1000 (  657): package:com.excelliance.dualaid, input flags:8192, output hwFlags:0
06-24 15:29:59.364 D/PMS1001 (  657): package:com.excelliance.dualaid, input flags:0, output hwFlags:0
06-24 15:29:59.364 D/AirPushPreferences(30056): setLastPushTime
06-24 15:29:59.364 D/PMS1001 (  657): package:com.excelliance.dualaid, input flags:0, output hwFlags:0
06-24 15:29:59.366 D/PMS11422(  657): package:com.excelliance.dualaid, input flags:0, output hwFlags:0
06-24 15:29:59.385 W/Watchdog(  657): hungtask: writing kick
06-24 15:29:59.386 I/EventHub(  657): EventHub monitor: no key events in the past 273s, no motion events in the past 272s
06-24 15:29:59.390 D/PMS11422(  657): package:com.excelliance.dualaid, input flags:128, output hwFlags:0
06-24 15:29:59.403 D/StatisticsManager(30056): Query time diff:1529825399403
06-24 15:29:59.419 I/chatty  (  657): uid=1000(system) Binder:657_A identical 12 lines
06-24 15:29:59.419 D/PMS11422(  657): package:com.excelliance.dualaid, input flags:128, output hwFlags:0
06-24 15:29:59.422 D/PMS11422(  657): package:com.excelliance.dualaid, input flags:128, output hwFlags:0
06-24 15:29:59.424 D/launch-time-RU(30056): preload 24 classes cost 61ms
06-24 15:29:59.425 D/PMS11422(  657): package:com.excelliance.dualaid, input flags:128, output hwFlags:0
06-24 15:29:59.447 D/StatisticsManager(30056): Query time diff:1529825399447
06-24 15:29:59.458 D/StatisticsManager(30056): Query time diff:1529825399458
06-24 15:29:59.489 D/PMS1000 (  657): package:com.excelliance.dualaid, input flags:1024, output hwFlags:0
06-24 15:29:59.489 I/ActivityManager(  657): Need to start process com.excelliance.dualaid:lbcore for provider ContentProviderInfo{name=com.excelliance.dualaid:com.excelliance.kxqp.platform.PluginManagerProvider className=com.excelliance.kxqp.platform.PluginManagerProvider}, callerApp: ProcessRecord{6e94da2 30056:com.excelliance.dualaid/u0a1422}
06-24 15:29:59.489 V/ActivityManager(  657): startProcess: name=com.excelliance.dualaid:lbcore app=null knownToBeDead=false thread=null pid=-1
06-24 15:29:59.489 D/PMS1000 (  657): package:com.excelliance.dualaid, input flags:0, output hwFlags:0
06-24 15:29:59.492 I/zygote  (30021): Do partial code cache collection, code=27KB, data=27KB
06-24 15:29:59.492 I/zygote  (30021): After code cache collection, code=27KB, data=27KB
06-24 15:29:59.492 I/zygote  (30021): Increasing code cache capacity to 128KB
06-24 15:29:59.495 D/AirPushDBHelper(30056): onCreate: pushitemnew
06-24 15:29:59.498 D/AirPushDBHelper(30056): selection = type=? and index_=(select max(index_) from pushitemnew where type=?) , key = vip
06-24 15:29:59.499 I/ActivityManager(  657): Start proc 30180:com.excelliance.dualaid:lbcore/u0a1422 for content provider com.excelliance.dualaid/com.excelliance.kxqp.platform.PluginManagerProvider
06-24 15:29:59.499 I/        (30180): power log dlsym ok
06-24 15:29:59.499 V/ActivityManager_MU(  657): Waiting to start provider ContentProviderRecord{17ff177 u0 com.excelliance.dualaid/com.excelliance.kxqp.platform.PluginManagerProvider} launchingApp=ProcessRecord{7992776 30180:com.excelliance.dualaid:lbcore/u0a1422} caller pid= 30056
06-24 15:29:59.499 D/AirPushDBHelper(30056): selection = type=? and index_=(select max(index_) from pushitemnew where type=?) , key = update
06-24 15:29:59.500 D/AirPushDBHelper(30056): selection = type=? and index_=(select max(index_) from pushitemnew where type=?) , key = officalActivity
06-24 15:29:59.500 D/AirPushDBHelper(30056): selection = type=? and index_=(select max(index_) from pushitemnew where type=?) , key = news
06-24 15:29:59.501 I/zygote  (30180): Reinit property: dalvik.vm.checkjni= false
06-24 15:29:59.501 D/AirPushDBHelper(30056): selection = type=? and index_=(select max(index_) from pushitemnew where type=?) , key = target
06-24 15:29:59.502 D/AirPushDBHelper(30056): selection = type=? and index_=(select max(index_) from pushitemnew where type=?) , key = batch
06-24 15:29:59.502 D/AirPushDBHelper(30056): selection = type=? and index_=(select max(index_) from pushitemnew where type=?) , key = skipTarget
06-24 15:29:59.503 D/AirPushDBHelper(30056): selection = type=? and index_=(select max(index_) from pushitemnew where type=?) , key = thirdApp
06-24 15:29:59.503 D/PushItem(30056): indexJson = {}
06-24 15:29:59.504 D/AirPushService(30056): dataJson = {}
06-24 15:29:59.505 D/GameUtil(30056): getSDKDataParam totalmem:5.60GB
06-24 15:29:59.505 V/AirPushService(30056): ver :e30%3D%0A
06-24 15:29:59.506 D/VersionManager(30056): httpsRequest getURL = https://mto.multiopen.cn/pushmess.php?ver=466&mainver=231200&data=e30%3D%0A&wxCode=1321&subchid=1&sdkV=8.0.0&pkg=com.excelliance.dualaid&chid=10019&issl=1&compver=54302&wxVerName=6.6.7&vn=4.0.6&model=stf-al10&api=26&brand=honor&aid=f0c2426fc7560cf5
06-24 15:29:59.506 D/VersionManager(30056): httpsRequest getURL = https://folder.appota.cn/genuser.php?chid=10019&subchid=1&vc=466&type=4&data=tbCbI6ooWmOSi%2BhP8At3K55rUDjOXjUCTTE1Q7OqeVGzpiL1Dx8z2UKsv%2F2w066OKzL65VOc%2FHNVNculXvpkfbOlpWKAPUf5ryVSFynVNa8UucDwm5e36rJ6e2Kpu%2B5ykc4DARTfkZV4Ad5N96d4%2BjApQCWZuWchybogtHpbAp5JGb2oE4RYpIUqF8au1pxTSmwBdD5PozvBfX2%2Bj4RIW8u13M8ksM63bQoy2eR4WdDx%2BqZexoey63Hms3xqJyQkd3PFvljbOMDFV5%2BIsI0F%2B0cTu0Poz37kp440m4BdEnDxUpl%2F2SWQiyGENywr4rII2GFixGV6F3FTP2B6Iz%2Bp9XPgTT1Q8jOobYd0%2B7qf7bpZ2AyYZuCae%2FN%2FDrbd9ARIKpXrBwZ7SdplMO1nzphjQUqGRQMAlrO9Oa0Du6EV17%2FgN7YtgBzuJRHbP0GgVSdnIEYbOUnjg9adLEk2nhpRcwGYdX7bJ5%2FC%2FGVy8QMvFO%2FVJ5uAYH82VV6bvSarVkuFeotJT4yadRHbDkYGgVZfCDPVS%2FOPcQttSZtkoN3AjIdEC3B%2BjPtytpdTQYFvI9Ol&issl=1
06-24 15:29:59.506 D/ActivityThread(30180): ActivityThread,attachApplication
06-24 15:29:59.506 D/NetworkSecurityConfig(30056): No Network Security Config specified, using platform default
06-24 15:29:59.507 D/ActivityManager(  657): ActivityManagerService,attachApplication,callingPid = 30180
06-24 15:29:59.511 W//system/bin/hwservicemanager(  416): Cannot open /odm/manifest.xml
06-24 15:29:59.520 W//system/bin/hwservicemanager(  416): Cannot open /odm/manifest.xml
06-24 15:29:59.521 I/GRALLOC (  679): 	 shrFd=10,fmt=0x1,intFmt=0x1,btStrd=256,size=4096,pid=679 
06-24 15:29:59.521 I/GRALLOC (  679): 	 yuv=2,w=16,h=16,Stride u=0 v=0,offset u=0 v=0 
06-24 15:29:59.521 I/GRALLOC (  679): 	 iova_size=4096,conUsg=0x100,proUsg=0x100,	 strd=64,[afbc]HdrStrd=0 PyldStrd=0 Scrmbl=0,ionhnd = 1 
06-24 15:29:59.524 D/HwFLClassLoader(30180): get used feature list :/feature/used-list failed!
06-24 15:29:59.524 D/HwFLClassLoader(30180): USE_FEATURE_LIST had not init! 
06-24 15:29:59.540 D/PMS11422(  657): package:com.excelliance.dualaid, input flags:128, output hwFlags:0
06-24 15:29:59.550 W/X509TrustManager(30056): checkServerTrusted: SignatureException:null
06-24 15:29:59.551 W/X509TrustManager(30056): checkServerTrusted: SignatureException:error:04000073:RSA routines:OPENSSL_internal:DATA_TOO_LARGE_FOR_MODULUS
06-24 15:29:59.551 W/X509TrustManager(30056): checkServerTrusted: SignatureException:error:04000073:RSA routines:OPENSSL_internal:DATA_TOO_LARGE_FOR_MODULUS
06-24 15:29:59.551 W/X509TrustManager(30056): checkServerTrusted: SignatureException:error:04000073:RSA routines:OPENSSL_internal:DATA_TOO_LARGE_FOR_MODULUS
06-24 15:29:59.578 D/launch-time-RU(30180): preload 24 classes cost 17ms
06-24 15:29:59.600 D/AirPushService(30056): result = {"period":"r","vip":{"index_":"","data":""},"update":{"index_":"","data":""},"officalActivity":{"index_":"","data":""},"news":{"index_":"","data":""},"target":{"index_":"","data":""},"batch":{"index_":"","data":""},"skipTarget":{"index_":"","data":""},"thirdApp":{"index_":"","data":""}}
06-24 15:29:59.600 D/AirPushService(30056): handleCheckerSaveToDB
06-24 15:29:59.600 D/AirPushUtils(30056): startDbOver
06-24 15:29:59.604 D/SmtServService(30056): db write over
06-24 15:29:59.608 D/SmtServService(30056): gameCenterFirstStart = true
06-24 15:29:59.611 D/VersionManager(30056): uid=353
06-24 15:29:59.617 D/ActivityThread(30180): Loading provider com.excelliance.dualaid:com.excelliance.kxqp.platform.PluginManagerProvider: com.excelliance.kxqp.platform.PluginManagerProvider
06-24 15:29:59.617 D/PMS11422(  657): package:com.excelliance.dualaid, input flags:0, output hwFlags:0
06-24 15:29:59.625 D/PMS1000 (  657): package:com.excelliance.dualaid, input flags:8192, output hwFlags:0
06-24 15:29:59.629 D/PMS1001 (  657): package:com.excelliance.dualaid, input flags:0, output hwFlags:0
06-24 15:29:59.635 D/PMS11422(  657): package:com.excelliance.dualaid, input flags:0, output hwFlags:0
06-24 15:29:59.638 D/PMS11422(  657): package:com.excelliance.dualaid:lbcore, input flags:0, output is null
06-24 15:29:59.639 I/Bluetooth_framework(  657): BluetoothManagerService:Added callback: android.bluetooth.IBluetoothManagerCallback$Stub$Proxy@2e84502:true pid = 30180
06-24 15:29:59.641 D/PMS11422(  657): package:com.excelliance.dualaid, input flags:128, output hwFlags:0
06-24 15:29:59.655 I/LBVMD-LBPMS(30180): LBVMRT: version 54302:543.02
06-24 15:29:59.656 E/zygote  (30180): Invalid capacity given to EnsureLocalCapacity: 800
06-24 15:29:59.669 I/HwCust  (30180): Constructor found for class android.net.HwCustConnectivityManagerImpl
06-24 15:29:59.669 D/HwCust  (30180): Create obj success use class android.net.HwCustConnectivityManagerImpl
06-24 15:29:59.674 D/PMS11422(  657): package:com.excelliance.dualaid, input flags:0, output hwFlags:0
06-24 15:29:59.682 D/PMS11422(  657): package:com.excelliance.dualaid, input flags:0, output hwFlags:0
06-24 15:29:59.683 V/HwWidgetFactory(30180): : successes to get AllImpl object and return....
06-24 15:29:59.686 V/ActivityManager(  657): Successfully start provider ContentProviderRecord{17ff177 u0 com.excelliance.dualaid/com.excelliance.kxqp.platform.PluginManagerProvider} launchingApp=ProcessRecord{7992776 30180:com.excelliance.dualaid:lbcore/u0a1422} caller pid= 30056
06-24 15:29:59.687 E/MemoryLeakMonitorManager(30180): MemoryLeakMonitor.jar is not exist!
06-24 15:29:59.688 D/KXQPApplication(30180): run: initUserManager
06-24 15:29:59.688 E/MemoryLeakMonitorManager(30180): MemoryLeakMonitor.jar is not exist!
06-24 15:29:59.689 E/MemoryLeakMonitorManager(30056): MemoryLeakMonitor.jar is not exist!
06-24 15:29:59.690 E/Minikin (30180): Could not get cmap table size!
06-24 15:29:59.690 D/SmtServService(30056): MSG_LOAD_PLT after msg.obj
06-24 15:29:59.690 D/PMS11422(  657): package:com.excelliance.dualaid, input flags:128, output hwFlags:0
06-24 15:29:59.693 V/ActivityManager(  657): Attempted to start a foreground service (ComponentInfo{com.excelliance.dualaid/com.excelliance.kxqp.platform.TrampolineService}) with a broken notification (no icon: Notification(channel=null pri=0 contentView=null vibrate=null sound=null defaults=0x0 flags=0x40 color=0x00000000 vis=PRIVATE))
06-24 15:29:59.695 W/PackageParser(30180): No actions in intent filter at /data/app/com.huawei.hwid-Sc7ADDdoDYIYREll7tj_iw==/base.apk Binary XML file line #1412
06-24 15:29:59.696 E/zygote  (30180): Invalid capacity given to EnsureLocalCapacity: 592
06-24 15:29:59.697 W/PackageParser(30180): No actions in intent filter at /data/app/com.huawei.hwid-Sc7ADDdoDYIYREll7tj_iw==/base.apk Binary XML file line #1680
06-24 15:29:59.697 W/PackageParser(30180): No actions in intent filter at /data/app/com.huawei.hwid-Sc7ADDdoDYIYREll7tj_iw==/base.apk Binary XML file line #1694
06-24 15:29:59.728 D/HwNotificationManagerService(  657): recognize: tag=null, id=268435456, user=UserHandle{0}, pkg=com.excelliance.dualaid, uid=11422, callingPid=30180
06-24 15:29:59.728 D/PMS1000 (  657): package:com.excelliance.dualaid, input flags:0, output hwFlags:0
06-24 15:29:59.728 I/[HwRecSys]HwRecSysAidlService( 2647): doNotificationCollect -> current num:1
06-24 15:29:59.728 I/[HwRecSys]-Notification-NotificationUpdateController( 2647): startNotificationUpdate start!
06-24 15:29:59.728 W/SettingsEx( 2647): SettingsEx.Systemex.getInt deprecated use Settings.System.getInt instead ;callers=com.huawei.recsys.util.SystemUtil.getNotificationUpdateMode:169 com.huawei.recsys.util.SystemUtil.isAllowUpdate:104 com.huawei.recsys.controller.notification.http.NotificationUpdateController.startNotificationUpdate:85 
06-24 15:29:59.729 I/[HwRecSys]SystemUtil( 2647): isAllowUpdate mode:1
06-24 15:29:59.729 I/[HwRecSys]SystemUtil( 2647): isAllowUpdate isAllowUpdate:true
06-24 15:29:59.729 I/[HwRecSys]-Notification-NotificationUpdateController( 2647):  -> currentYear:2018
06-24 15:29:59.729 I/[HwRecSys]-Notification-NotificationUpdateController( 2647):  -> currentMonth:5
06-24 15:29:59.729 I/[HwRecSys]-Notification-NotificationUpdateController( 2647):  -> currentDay:24
06-24 15:29:59.729 I/[HwRecSys]-Notification-NotificationUpdateController( 2647):  -> oldYear:2018
06-24 15:29:59.729 I/[HwRecSys]-Notification-NotificationUpdateController( 2647):  -> oldMonth:5
06-24 15:29:59.729 I/[HwRecSys]-Notification-NotificationUpdateController( 2647):  -> oldDay:24
06-24 15:29:59.729 E/[HwRecSys]-Notification-NotificationUpdateController( 2647): startNotificationUpdate time is valid no need request
06-24 15:29:59.729 I/[HwRecSys]-Notification-NotificationController( 2647): doNotificationCollect start!
06-24 15:29:59.730 E/[HwRecSys]-Notification-NotificationController( 2647): HwDefaultLabels returnStr:107
06-24 15:29:59.730 E/[HwRecSys]-Notification-NotificationController( 2647): getChinese paramValue is null!
06-24 15:29:59.731 E/[HwRecSys]-Notification-NotificationController( 2647): doNotificationCollect getLabelByRegRules label:107
06-24 15:29:59.731 I/[HwRecSys]HwRecSysAidlService( 2647): doNotificationCollect ->  finally remote Num - 1 !
06-24 15:29:59.731 I/HwNotificationManagerService(  657): doNotificationCollect: pkg=com.excelliance.dualaid, uid=11422, hw_type=107, hw_btw=true
06-24 15:29:59.731 D/PMS1000 (  657): package:com.excelliance.dualaid, input flags:268435456, output hwFlags:0
06-24 15:29:59.731 D/PMS1000 (  657): package:com.excelliance.dualaid, input flags:0, output hwFlags:0
06-24 15:29:59.732 W/NotificationRecord(  657): Use default channel, The importance is:2
06-24 15:29:59.732 D/PMS1000 (  657): package:com.excelliance.dualaid, input flags:0, output hwFlags:0
06-24 15:29:59.732 V/ActivityManager(  657): Attempted to start a foreground service (ComponentInfo{com.excelliance.dualaid/com.excelliance.kxqp.platform.TrampolineService$EmptyService}) with a broken notification (no icon: Notification(channel=null pri=0 contentView=null vibrate=null sound=null defaults=0x0 flags=0x40 color=0x00000000 vis=PRIVATE))
06-24 15:29:59.738 D/HwNotificationManagerService(  657): recognize: tag=null, id=268435456, user=UserHandle{0}, pkg=com.excelliance.dualaid, uid=11422, callingPid=30180
06-24 15:29:59.738 D/PMS1000 (  657): package:com.excelliance.dualaid, input flags:0, output hwFlags:0
06-24 15:29:59.738 D/NotificationService(  657): mGameDndStatus is:false ,isGameDndSwitchOn is:false
06-24 15:29:59.738 I/[HwRecSys]HwRecSysAidlService( 2647): doNotificationCollect -> current num:1
06-24 15:29:59.738 I/[HwRecSys]-Notification-NotificationUpdateController( 2647): startNotificationUpdate start!
06-24 15:29:59.738 W/SettingsEx( 2647): SettingsEx.Systemex.getInt deprecated use Settings.System.getInt instead ;callers=com.huawei.recsys.util.SystemUtil.getNotificationUpdateMode:169 com.huawei.recsys.util.SystemUtil.isAllowUpdate:104 com.huawei.recsys.controller.notification.http.NotificationUpdateController.startNotificationUpdate:85 
06-24 15:29:59.738 I/[HwRecSys]SystemUtil( 2647): isAllowUpdate mode:1
06-24 15:29:59.739 I/[HwRecSys]SystemUtil( 2647): isAllowUpdate isAllowUpdate:true
06-24 15:29:59.739 I/[HwRecSys]-Notification-NotificationUpdateController( 2647):  -> currentYear:2018
06-24 15:29:59.739 I/[HwRecSys]-Notification-NotificationUpdateController( 2647):  -> currentMonth:5
06-24 15:29:59.739 I/[HwRecSys]-Notification-NotificationUpdateController( 2647):  -> currentDay:24
06-24 15:29:59.739 I/[HwRecSys]-Notification-NotificationUpdateController( 2647):  -> oldYear:2018
06-24 15:29:59.739 I/[HwRecSys]-Notification-NotificationUpdateController( 2647):  -> oldMonth:5
06-24 15:29:59.739 I/[HwRecSys]-Notification-NotificationUpdateController( 2647):  -> oldDay:24
06-24 15:29:59.739 E/[HwRecSys]-Notification-NotificationUpdateController( 2647): startNotificationUpdate time is valid no need request
06-24 15:29:59.739 I/[HwRecSys]-Notification-NotificationController( 2647): doNotificationCollect start!
06-24 15:29:59.739 E/[HwRecSys]-Notification-NotificationController( 2647): HwDefaultLabels returnStr:107
06-24 15:29:59.740 E/[HwRecSys]-Notification-NotificationController( 2647): getChinese paramValue is null!
06-24 15:29:59.741 E/[HwRecSys]-Notification-NotificationController( 2647): doNotificationCollect getLabelByRegRules label:107
06-24 15:29:59.741 I/[HwRecSys]HwRecSysAidlService( 2647): doNotificationCollect ->  finally remote Num - 1 !
06-24 15:29:59.741 I/HwNotificationManagerService(  657): doNotificationCollect: pkg=com.excelliance.dualaid, uid=11422, hw_type=107, hw_btw=true
06-24 15:29:59.741 D/PMS1000 (  657): package:com.excelliance.dualaid, input flags:268435456, output hwFlags:0
06-24 15:29:59.741 D/PMS1000 (  657): package:com.excelliance.dualaid, input flags:0, output hwFlags:0
06-24 15:29:59.741 W/NotificationRecord(  657): Use default channel, The importance is:2
06-24 15:29:59.742 I/AppManager( 1699): app:com.excelliance.dualaid Notification update time:108138591
06-24 15:29:59.742 I/AppManager( 1699): app:com.excelliance.dualaid Notification persist:true  Ids:[268435456]
06-24 15:29:59.746 D/NotificationService(  657): mGameDndStatus is:false ,isGameDndSwitchOn is:false
06-24 15:29:59.746 W/zygote  (30180): Throwing OutOfMemoryError "EnsureLocalCapacity"
06-24 15:29:59.753 W/IPMSI   (30180): request permission: com.huawei.permission.sec.MDM.v2
06-24 15:29:59.753 W/IPMSI   (30180): request permission: com.huawei.authentication.HW_ACCESS_AUTH_SERVICE
06-24 15:29:59.753 W/IPMSI   (30180): request permission: com.huawei.appmarket.provider.readPermission
06-24 15:29:59.753 W/IPMSI   (30180): request permission: com.huawei.pushagent.permission.RICHMEDIA_PROVIDER
06-24 15:29:59.758 D/PMS10039(  657): package:com.excelliance.dualaid, input flags:1024, output hwFlags:0
06-24 15:29:59.759 D/PMS10039(  657): package:com.android.systemui, input flags:268436480, output hwFlags:0
06-24 15:29:59.761 D/HwCust  ( 1513): Create obj success use class com.android.systemui.statusbar.notification.HwCustNotificationInflaterImpl
06-24 15:29:59.762 I/FakeShadowView( 1513): radius18
06-24 15:29:59.763 D/PMS10039(  657): package:com.excelliance.dualaid, input flags:8704, output hwFlags:0
06-24 15:29:59.763 D/PMS10039(  657): package:com.excelliance.dualaid, input flags:8192, output hwFlags:0
06-24 15:29:59.764 D/HwFLClassLoader( 1513): USE_FEATURE_LIST had not init! 
06-24 15:29:59.764 W/HwPhoneLayoutInflater( 1513): onCreateView : ClassNotFoundException, In this case we want to let the base class take a crack at it
06-24 15:29:59.766 I/chatty  ( 1513): uid=10039(u0_a39) com.android.systemui identical 2 lines
06-24 15:29:59.766 W/HwPhoneLayoutInflater( 1513): onCreateView : ClassNotFoundException, In this case we want to let the base class take a crack at it
06-24 15:29:59.766 W/ResourceType( 1513): Failure getting entry for 0x01040255 (t=3 e=597) (error -75)
06-24 15:29:59.768 W/HwPhoneLayoutInflater( 1513): onCreateView : ClassNotFoundException, In this case we want to let the base class take a crack at it
06-24 15:29:59.770 I/chatty  ( 1513): uid=10039(u0_a39) com.android.systemui identical 2 lines
06-24 15:29:59.770 W/HwPhoneLayoutInflater( 1513): onCreateView : ClassNotFoundException, In this case we want to let the base class take a crack at it
06-24 15:29:59.771 W/ResourceType( 1513): Failure getting entry for 0x01040255 (t=3 e=597) (error -75)
06-24 15:29:59.776 W/HwPhoneLayoutInflater( 1513): onCreateView : ClassNotFoundException, In this case we want to let the base class take a crack at it
06-24 15:29:59.777 I/chatty  ( 1513): uid=10039(u0_a39) com.android.systemui identical 2 lines
06-24 15:29:59.778 W/HwPhoneLayoutInflater( 1513): onCreateView : ClassNotFoundException, In this case we want to let the base class take a crack at it
06-24 15:29:59.778 W/ResourceType( 1513): Failure getting entry for 0x01040255 (t=3 e=597) (error -75)
06-24 15:29:59.781 W/HwPhoneLayoutInflater( 1513): onCreateView : ClassNotFoundException, In this case we want to let the base class take a crack at it
06-24 15:29:59.783 I/chatty  ( 1513): uid=10039(u0_a39) com.android.systemui identical 2 lines
06-24 15:29:59.783 W/HwPhoneLayoutInflater( 1513): onCreateView : ClassNotFoundException, In this case we want to let the base class take a crack at it
06-24 15:29:59.783 W/ResourceType( 1513): Failure getting entry for 0x01040255 (t=3 e=597) (error -75)
06-24 15:29:59.786 D/PMS10039(  657): package:com.excelliance.dualaid, input flags:0, output hwFlags:0
06-24 15:29:59.789 D/HwPhoneStatusBar( 1513): No peeking: not allowed notification: 0|com.excelliance.dualaid|268435456|null|11422
06-24 15:29:59.795 I/PhoneStatusBar( 1513): updateNotificationShade: total=73, active=73
06-24 15:29:59.795 W/PhoneStatusBar( 1513): updateNotificationShade hasFaceDT: false; Detected:false
06-24 15:29:59.798 V/PhoneStatusBar( 1513): mStackScroller size:11,activeCount:73, childCnt:15
06-24 15:29:59.819 D/ReporterUtil( 1513):  e id:344 type:{pkg:com.excelliance.dualaid,hw_type:107,hw_btw:true,onGoing:true,importance:2}
06-24 15:29:59.820 E/BDLog   ( 1686): BD.FilterImpl:com.android.systemui 344 times= 200 over threshold
06-24 15:29:59.820 E/BDLog   ( 1686): BD.FilterImpl:com.android.systemui344 is illLegal
06-24 15:29:59.820 W/HwKeyguardDragHelper( 1513): AnimationBlocked
06-24 15:29:59.831 I/Pged-IPgedBinderService(  769): ****action is 2, pid num is 6***
06-24 15:29:59.831 I/Pged-Freezer(  769): thawPids
06-24 15:29:59.836 D/StatusBar( 1513): updateNotification(StatusBarNotification(pkg=com.excelliance.dualaid user=UserHandle{0} id=268435456 tag=null key=0|com.excelliance.dualaid|268435456|null|11422: Notification(channel=null pri=0 contentView=com.excelliance.dualaid/0x1090090 vibrate=null sound=null defaults=0x0 flags=0x62 color=0xff607d8b vis=PRIVATE)))
06-24 15:29:59.836 D/PgedBinderAdapter( 1699): unfrz ok, pid: [29457, 29531, 29347, 27318, 29532]
06-24 15:29:59.843 D/HwPhoneStatusBar( 1513): No peeking: not allowed notification: 0|com.excelliance.dualaid|268435456|null|11422
06-24 15:29:59.843 D/StatusBar( 1513): applyInPlace=true shouldPeek=false alertAgain=true
06-24 15:29:59.843 D/StatusBar( 1513): reusing notification for key: 0|com.excelliance.dualaid|268435456|null|11422
06-24 15:29:59.844 D/PMS10039(  657): package:com.excelliance.dualaid, input flags:8192, output hwFlags:0
06-24 15:29:59.855 I/PhoneStatusBar( 1513): updateNotificationShade: total=73, active=73
06-24 15:29:59.855 W/PhoneStatusBar( 1513): updateNotificationShade hasFaceDT: false; Detected:false
06-24 15:29:59.856 V/PhoneStatusBar( 1513): mStackScroller size:11,activeCount:73, childCnt:15
06-24 15:29:59.856 D/SmtServService(30056): MSG_LOAD_PLT GameUtil.isPtLoaded() = true
06-24 15:29:59.862 I/appium  (29532): Skipping invisible child: android.view.accessibility.AccessibilityNodeInfo@ad94; boundsInParent: Rect(0, 0 - 252, 276); boundsInScreen: Rect(369, 873 - 621, 1149); packageName: com.excelliance.dualaid; className: android.widget.ImageView; text: null; error: null; maxTextLength: -1; contentDescription: null; viewIdResName: com.excelliance.dualaid:id/nav_add_prom; checkable: false; checked: false; focusable: false; focused: false; selected: false; clickable: false; longClickable: false; contextClickable: false; enabled: true; password: false; scrollable: false; importantForAccessibility: false; actions: [AccessibilityAction: ACTION_SELECT - null, AccessibilityAction: ACTION_CLEAR_SELECTION - null, AccessibilityAction: ACTION_ACCESSIBILITY_FOCUS - null, AccessibilityAction: ACTION_SHOW_ON_SCREEN - null]
06-24 15:29:59.867 I/appium  (29532): Skipping invisible child: android.view.accessibility.AccessibilityNodeInfo@9acf; boundsInParent: Rect(0, 0 - 1080, 1920); boundsInScreen: Rect(1080, 0 - 1080, 1920); packageName: com.excelliance.dualaid; className: android.widget.RelativeLayout; text: null; error: null; maxTextLength: -1; contentDescription: null; viewIdResName: null; checkable: false; checked: false; focusable: false; focused: false; selected: false; clickable: false; longClickable: false; contextClickable: false; enabled: true; password: false; scrollable: false; importantForAccessibility: false; actions: [AccessibilityAction: ACTION_SELECT - null, AccessibilityAction: ACTION_CLEAR_SELECTION - null, AccessibilityAction: ACTION_ACCESSIBILITY_FOCUS - null, AccessibilityAction: ACTION_SHOW_ON_SCREEN - null]
06-24 15:29:59.868 I/appium  (29532): Skipping invisible child: android.view.accessibility.AccessibilityNodeInfo@9e90; boundsInParent: Rect(0, 0 - 1080, 1920); boundsInScreen: Rect(2160, 0 - 1080, 1920); packageName: com.excelliance.dualaid; className: android.widget.RelativeLayout; text: null; error: null; maxTextLength: -1; contentDescription: null; viewIdResName: null; checkable: false; checked: false; focusable: false; focused: false; selected: false; clickable: false; longClickable: false; contextClickable: false; enabled: true; password: false; scrollable: false; importantForAccessibility: false; actions: [AccessibilityAction: ACTION_SELECT - null, AccessibilityAction: ACTION_CLEAR_SELECTION - null, AccessibilityAction: ACTION_ACCESSIBILITY_FOCUS - null, AccessibilityAction: ACTION_SHOW_ON_SCREEN - null]
06-24 15:29:59.868 I/appium  (29532): Fetch time: 15ms
06-24 15:29:59.890 W/HwKeyguardDragHelper( 1513): AnimationBlocked
06-24 15:29:59.890 I/appium  (29532): AppiumResponse: {"sessionId":"2d604340-25b7-4bc5-874b-09ac3bd169d8","status":0,"value":"<?xml version=\"1.0\" encoding=\"UTF-8\"?><hierarchy rotation=\"0\"><android.widget.FrameLayout index=\"0\" text=\"\" class=\"android.widget.FrameLayout\" package=\"com.excelliance.dualaid\" content-desc=\"\" checkable=\"false\" checked=\"false\" clickable=\"false\" enabled=\"true\" focusable=\"false\" focused=\"false\" scrollable=\"false\" long-clickable=\"false\" password=\"false\" selected=\"false\" bounds=\"[0,0][1080,1920]\" resource-id=\"\" instance=\"0\"><android.widget.LinearLayout index=\"0\" text=\"\" class=\"android.widget.LinearLayout\" package=\"com.excelliance.dualaid\" content-desc=\"\" checkable=\"false\" checked=\"false\" clickable=\"false\" enabled=\"true\" focusable=\"false\" focused=\"false\" scrollable=\"false\" long-clickable=\"false\" password=\"false\" selected=\"false\" bounds=\"[0,0][1080,1920]\" resource-id=\"\" instance=\"0\"><android.widget.FrameLayout index=\"0\" text=\"\" class=\"android.widget.FrameLayout\" package=\"com.excelliance.dualaid\" content-desc=\"\" checkable=\"false\" checked=\"false\" clickable=\"false\" enabled=\"true\" focusable=\"false\" focused=\"false\" scrollable=\"false\" long-clickable=\"false\" password=\"false\" selected=\"false\" bounds=\"[0,0][1080,1920]\" resource-id=\"android:id\/content\" instance=\"1\"><android.widget.FrameLayout index=\"0\" text=\"\" class=\"android.widget.FrameLayout\" package=\"com.excelliance.dualaid\" content-desc=\"\" checkable=\"false\" checked=\"false\" clickable=\"false\" enabled=\"true\" focusable=\"false\" focused=\"false\" scrollable=\"false\" long-clickable=\"false\" password=\"false\" selected=\"false\" bounds=\"[0,0][1080,1920]\" resource-id=\"\" instance=\"2\"><android.widget.RelativeLayout index=\"0\" text=\"\" class=\"android.widget.RelativeLayout\" package=\"com.excelliance.dualaid\" content-desc=\"\" checkable=\"false\" checked=\"false\" clickable=\"false\" enabled=\"true\" focusable=\"false\" focused=\"false\" scrollable=\"false\" long-clickable=\"false\" password=\"false\" selected=\"false\" bounds=\"[0,0][1080,1920]\" resource-id=\"com.excelliance.dualaid:id\/rl_guide_original\" instance=\"0\"><android.support.v4.view.ViewPager index=\"0\" text=\"\" class=\"android.support.v4.view.ViewPager\" package=\"com.excelliance.dualaid\" content-desc=\"\" checkable=\"false\" checked=\"false\" clickable=\"false\" enabled=\"true\" focusable=\"true\" focused=\"false\" scrollable=\"true\" long-clickable=\"false\" password=\"false\" selected=\"false\" bounds=\"[0,0][1080,1920]\" resource-id=\"com.excelliance.dualaid:id\/vp_nav\" instance=\"0\"><android.widget.RelativeLayout index=\"0\" text=\"\" class=\"android.widget.RelativeLayout\" package=\"com.excelliance.dualaid\" content-desc=\"\" checkable=\"false\" checked=\"false\" clickable=\"false\" enabled=\"true\" focusable=\"false\" focused=\"false\" scrollable=\"false\" long-clickable=\"false\" password=\"false\" selected=\"false\" bounds=\"[0,0][1080,1920]\" resource-id=\"\" instance=\"1\"><android.view.View index=\"0\" text=\"\" class=\"android.view.View\" package=\"com.excelliance.dualaid\" content-desc=\"\" checkable=\"false\" checked=\"false\" clickable=\"false\" enabled=\"true\" focusable=\"false\" focused=\"false\" scrollable=\"false\" long-clickable=\"false\" password=\"false\" selected=\"false\" bounds=\"[0,0][1080,1920]\" resource-id=\"\" instance=\"0\"\/><android.widget.ImageView index=\"1\" text=\"\" class=\"android.widget.ImageView\" package=\"com.excelliance.dualaid\" content-desc=\"\" checkable=\"false\" checked=\"false\" clickable=\"false\" enabled=\"true\" focusable=\"false\" focused=\"false\" scrollable=\"false\" long-clickable=\"false\" password=\"false\" selected=\"false\" bounds=\"[345,303][990,1185]\" resource-id=\"com.excelliance.dualaid:id\/nav_chat\" instance=\"0\"\/><android.widget.ImageView index=\"2\" text=\"\" class=\"android.widget.ImageView\" package=\"com.excelliance.dualaid\" content-desc=\"\" checkable=\"false\" checked=\"false\" c
06-24 15:29:59.912 W/libc    (  493): Set property "hw.wifi.dns_stat" to "28833,24610,5028,1,51952"
06-24 15:29:59.912 I/zygote64(  657): Background concurrent copying GC freed 383936(22MB) AllocSpace objects, 111(2MB) LOS objects, 30% free, 55MB/79MB, paused 991us total 218.259ms
06-24 15:29:59.926 I/appium  (29532): channel read invoked!
06-24 15:29:59.926 I/appium  (29532): channel read: GET /wd/hub/session/2d604340-25b7-4bc5-874b-09ac3bd169d8/source
06-24 15:30:00.002 V/AlarmManager(  657): Received TIME_TICK alarm; rescheduling
06-24 15:30:00.004 I/HwAlarmManagerService(  657): hwSetAlarm listenerTag: time_tick
06-24 15:30:00.027 W/HwKeyguardDragHelper( 1513): AnimationBlocked
06-24 15:30:00.043 E/DateView( 1513): DateView,mCurrentTime: 1529825400043
06-24 15:30:00.044 I/EventCenter( 1513): EventCenter Get :android.intent.action.TIME_TICK
06-24 15:30:00.051 W/ResourceType( 1513): No known package when getting value for resource number 0xffffffff
06-24 15:30:00.051 E/DateLunarView( 1513): mDateString is: 624
06-24 15:30:00.052 W/ResourceType( 1513): No known package when getting value for resource number 0xffffffff
06-24 15:30:00.052 E/DateLunarView( 1513): mDateString is: 624
06-24 15:30:00.052 D/KeyguardUpdateMonitor( 1513): received broadcast android.intent.action.TIME_TICK
06-24 15:30:00.053 D/KeyguardUpdateMonitor( 1513): handleTimeUpdate
06-24 15:30:00.054 I/KeyguardStatusView( 1513): Runnable for refresh
06-24 15:30:00.072 I/HwLauncher( 2519): Model  onReceive intent=Intent { act=android.intent.action.TIME_TICK flg=0x50200014 hwFlg=0x900 (has extras) }
06-24 15:30:00.073 I/HwLauncher( 2519): Model  onReceive user=UserHandle{0}
06-24 15:30:00.093 I/Step_LSC( 3140): 80002326|processHandleBroadcastAction action:android.intent.action.TIME_TICK
06-24 15:30:00.116 I/Step_SPUtils( 3140): 80002326|setAliveRecord  success: timestampArg=1529825400094 elapsedRealtimeArg=108138943
06-24 15:30:00.128 W/ExpandableNotificationRow( 1513): setActionsBackground,null == view,mPublicLayout
06-24 15:30:00.128 W/ExpandableNotificationRow( 1513): setActionsBackground,null == view,mPrivateLayout
06-24 15:30:00.131 W/ExpandableNotificationRow( 1513): setActionsBackground,null == view,mPublicLayout
06-24 15:30:00.131 W/ExpandableNotificationRow( 1513): setActionsBackground,null == view,mPrivateLayout
06-24 15:30:00.133 W/ExpandableNotificationRow( 1513): setActionsBackground,null == view,mPublicLayout
06-24 15:30:00.133 W/ExpandableNotificationRow( 1513): setActionsBackground,null == view,mPrivateLayout
06-24 15:30:00.136 W/ExpandableNotificationRow( 1513): setActionsBackground,null == view,mPublicLayout
06-24 15:30:00.136 W/ExpandableNotificationRow( 1513): setActionsBackground,null == view,mPrivateLayout
06-24 15:30:00.137 W/ExpandableNotificationRow( 1513): setActionsBackground,null == view,mPublicLayout
06-24 15:30:00.137 W/ExpandableNotificationRow( 1513): setActionsBackground,null == view,mPrivateLayout
06-24 15:30:00.139 W/ExpandableNotificationRow( 1513): setActionsBackground,null == view,mPublicLayout
06-24 15:30:00.139 W/ExpandableNotificationRow( 1513): setActionsBackground,null == view,mPrivateLayout
06-24 15:30:00.140 W/ExpandableNotificationRow( 1513): setActionsBackground,null == view,mPublicLayout
06-24 15:30:00.141 W/ExpandableNotificationRow( 1513): setActionsBackground,null == view,mPrivateLayout
06-24 15:30:00.142 W/ExpandableNotificationRow( 1513): setActionsBackground,null == view,mPublicLayout
06-24 15:30:00.142 W/ExpandableNotificationRow( 1513): setActionsBackground,null == view,mPrivateLayout
06-24 15:30:00.146 W/ExpandableNotificationRow( 1513): setActionsBackground,null == view,mPublicLayout
06-24 15:30:00.146 W/ExpandableNotificationRow( 1513): setActionsBackground,null == view,mPrivateLayout
06-24 15:30:00.148 W/ExpandableNotificationRow( 1513): setActionsBackground,null == view,mPublicLayout
06-24 15:30:00.148 W/ExpandableNotificationRow( 1513): setActionsBackground,null == view,mPrivateLayout
06-24 15:30:00.150 W/ExpandableNotificationRow( 1513): setActionsBackground,null == view,mPublicLayout
06-24 15:30:00.150 W/ExpandableNotificationRow( 1513): setActionsBackground,null == view,mPrivateLayout
06-24 15:30:00.152 W/ExpandableNotificationRow( 1513): setActionsBackground,null == view,mPublicLayout
06-24 15:30:00.152 W/ExpandableNotificationRow( 1513): setActionsBackground,null == view,mPrivateLayout
