06-24 16:31:03.659 D/PMS11423(  657): package:com.ifreetalk.ftalk, input flags:0, output hwFlags:0
06-24 16:31:03.659 D/PMS11423(  657): package:com.taobao.taobao, input flags:0, output hwFlags:0
06-24 16:31:03.659 D/PMS11423(  657): package:com.android.gallery3d, input flags:0, output hwFlags:0
06-24 16:31:03.659 D/PMS11423(  657): package:com.pp.assistant, input flags:0, output hwFlags:0
06-24 16:31:03.659 D/PMS11423(  657): package:com.oppo.market, input flags:0, output hwFlags:0
06-24 16:31:03.659 D/PMS11423(  657): package:com.excean.wxaid, input flags:0, output hwFlags:0
06-24 16:31:03.659 D/PMS11423(  657): package:com.huawei.intelligent, input flags:0, output hwFlags:0
06-24 16:31:03.660 D/PMS11423(  657): package:com.google.android.backuptransport, input flags:0, output hwFlags:0
06-24 16:31:03.660 D/PMS11423(  657): package:com.huawei.skytone, input flags:0, output hwFlags:0
06-24 16:31:03.660 D/PMS11423(  657): package:com.estrongs.android.pop, input flags:0, output hwFlags:0
06-24 16:31:03.660 D/PMS11423(  657): package:com.redfinger.app, input flags:0, output hwFlags:0
06-24 16:31:03.660 D/PMS11423(  657): package:com.android.vending, input flags:0, output hwFlags:0
06-24 16:31:03.660 D/PMS11423(  657): package:org.hapjs.mockup, input flags:0, output hwFlags:0
06-24 16:31:03.660 D/PMS11423(  657): package:com.huawei.gamebox, input flags:0, output hwFlags:603979776
06-24 16:31:03.660 D/PMS11423(  657): package:com.tencent.tmgp.pubgmhd-ext, input flags:0, output is null
06-24 16:31:03.661 D/PMS11423(  657): package:com.stickgame.los2, input flags:0, output hwFlags:0
06-24 16:31:03.661 D/PMS11423(  657): package:com.qihoo.appstore, input flags:0, output hwFlags:0
06-24 16:31:03.661 D/PMS11423(  657): package:com.huawei.android.thememanager, input flags:0, output hwFlags:0
06-24 16:31:03.661 D/PMS11423(  657): package:com.excean.parallelspace, input flags:0, output hwFlags:0
06-24 16:31:03.661 D/PMS11423(  657): package:com.UCMobile, input flags:0, output hwFlags:0
06-24 16:31:03.661 D/PMS11423(  657): package:com.bbk.appstore, input flags:0, output hwFlags:0
06-24 16:31:03.661 D/PMS11423(  657): package:com.excean.ppaid, input flags:0, output hwFlags:0
06-24 16:31:03.662 D/PMS11423(  657): package:com.netease.blockchain, input flags:0, output hwFlags:0
06-24 16:31:03.662 D/PMS11423(  657): package:com.huawei.camera, input flags:0, output hwFlags:0
06-24 16:31:03.662 D/PMS11423(  657): package:com.sinovatech.unicom.ui, input flags:0, output hwFlags:0
06-24 16:31:03.662 D/PMS11423(  657): package:com.huawei.phoneservice, input flags:0, output hwFlags:0
06-24 16:31:03.663 D/PMS11423(  657): package:com.crisisfire.android.nearme.gamecenter, input flags:0, output hwFlags:0
06-24 16:31:03.663 D/PMS11423(  657): package:com.antutu.benchmark.full, input flags:0, output hwFlags:0
06-24 16:31:03.663 D/PMS11423(  657): package:com.xunmeng.pinduoduo, input flags:0, output hwFlags:0
06-24 16:31:03.663 D/PMS11423(  657): package:com.zhuowang.cloneapp, input flags:0, output hwFlags:0
06-24 16:31:03.663 D/PMS11423(  657): package:com.excean.parallelspace.b64, input flags:0, output hwFlags:0
06-24 16:31:03.664 D/PMS11423(  657): package:com.excelliance.multiaccounts.b64, input flags:0, output hwFlags:0
06-24 16:31:03.664 D/PMS11423(  657): package:com.xiangyou.multispace, input flags:0, output hwFlags:0
06-24 16:31:03.664 D/PMS11423(  657): package:com.youlong.multiaccount, input flags:0, output hwFlags:0
06-24 16:31:03.664 D/PMS11423(  657): package:com.gameloft.android.ANMP.GloftA9HM, input flags:0, output hwFlags:0
06-24 16:31:03.664 D/PMS11423(  657): package:com.excelliance.dualaid.b64, input flags:0, output hwFlags:0
06-24 16:31:03.664 D/AddGameData( 7888): switch_uninstall: 70
06-24 16:31:03.667 D/PMS1000 (  657): package:com.excelliance.dualaid, input flags:8192, output hwFlags:0
06-24 16:31:03.668 W/HSM     ( 1813): HoldService:toast switch is close!
06-24 16:31:03.668 D/ApplicationPackageManager( 7888): queryIntentActivitiesAsUser blocked, Intent { act=android.intent.action.MAIN cat=[android.intent.category.LAUNCHER] pkg=com.huawei.hifolder }
06-24 16:31:03.668 D/HsmInterfaceImpl( 7888): List []
06-24 16:31:03.671 D/PMS1000 (  657): package:com.excelliance.dualaid, input flags:8192, output hwFlags:0
06-24 16:31:03.672 W/HSM     ( 1813): HoldService:toast switch is close!
06-24 16:31:03.672 D/ApplicationPackageManager( 7888): queryIntentActivitiesAsUser blocked, Intent { act=android.intent.action.MAIN cat=[android.intent.category.LAUNCHER] pkg=com.github.shadowsocks }
06-24 16:31:03.672 D/HsmInterfaceImpl( 7888): List [ResolveInfo{57d5949 com.github.shadowsocks/.MainActivity m=0x108000}]
06-24 16:31:03.673 W/InputMethodManager( 7888): startInputReason = 1
06-24 16:31:03.676 I/wangchen( 7035): SysInfo.getSysParam: orientation=1||config d=3.0,w=1080,h=1920||metrics d=3.0,w=1080,h=1920||sdk=26,bar_h=72
06-24 16:31:03.676 I/KeymapLoader( 7035): w=1080 h=1920 ori=true appScale=3.3 s1=3.0
06-24 16:31:03.693 I/GRALLOC (  679): 	 shrFd=10,fmt=0x1,intFmt=0x200000001,btStrd=4352,size=8486912,pid=679 
06-24 16:31:03.693 I/GRALLOC (  679): 	 yuv=2,w=1080,h=1920,Stride u=0 v=0,offset u=0 v=0 
06-24 16:31:03.693 I/GRALLOC (  679): 	 iova_size=8486912,conUsg=0xb00,proUsg=0xb00,	 strd=1088,[afbc]HdrStrd=1088 PyldStrd=69632 Scrmbl=2,ionhnd = 1 
06-24 16:31:03.696 W/HSM     ( 1813): HoldService:toast switch is close!
06-24 16:31:03.697 D/ApplicationPackageManager( 7888): queryIntentActivitiesAsUser blocked, Intent { act=android.intent.action.MAIN cat=[android.intent.category.LAUNCHER] pkg=com.excelliance.dualaid }
06-24 16:31:03.697 D/HsmInterfaceImpl( 7888): List [ResolveInfo{e2d9f6f com.excelliance.dualaid/com.excelliance.kxqp.ui.HelloActivity m=0x108000}]
06-24 16:31:03.699 D/WindowManager(  657): finishDrawingWindow: Window{a09b385 u0 com.excelliance.dualaid/com.excelliance.kxqp.ui.HelloActivity} mDrawState=DRAW_PENDING
06-24 16:31:03.701 V/WindowManager(  657): Checking 1 opening apps (frozen=false timeout=false)...
06-24 16:31:03.701 V/WindowManager(  657): Check opening app=AppWindowToken{2747964 token=Token{11e56f7 ActivityRecord{1c3b2f6 u0 com.excelliance.dualaid/com.excelliance.kxqp.ui.HelloActivity t16049}}}: allDrawn=true startingDisplayed=false startingMoved=false isRelaunching()=false
06-24 16:31:03.706 I/ActivityManager(  657): Displayed com.excelliance.dualaid/com.excelliance.kxqp.ui.HelloActivity: +214ms
06-24 16:31:03.708 V/WindowManager(  657): Checking 0 opening apps (frozen=false timeout=false)...
06-24 16:31:03.710 D/BarTransitions.HwPhoneStatusBarView( 1513): MODE_TRANSLUCENT -> MODE_TRANSPARENT animate=false
06-24 16:31:03.710 D/BarTransitions.HwPhoneStatusBarView( 1513): applyModeBackground oldMode=MODE_TRANSLUCENT newMode=MODE_TRANSPARENT animate=false
06-24 16:31:03.713 I/GRALLOC (  679): 	 shrFd=10,fmt=0x1,intFmt=0x200000001,btStrd=4352,size=8486912,pid=679 
06-24 16:31:03.713 I/GRALLOC (  679): 	 yuv=2,w=1080,h=1920,Stride u=0 v=0,offset u=0 v=0 
06-24 16:31:03.713 I/GRALLOC (  679): 	 iova_size=8486912,conUsg=0xb00,proUsg=0xb00,	 strd=1088,[afbc]HdrStrd=1088 PyldStrd=69632 Scrmbl=2,ionhnd = 1 
06-24 16:31:03.716 D/BarTransitions.HwNavigationBarView( 1513): MODE_OPAQUE -> MODE_TRANSPARENT animate=false
06-24 16:31:03.716 D/BarTransitions.HwNavigationBarView( 1513): applyModeBackground oldMode=MODE_OPAQUE newMode=MODE_TRANSPARENT animate=false
06-24 16:31:03.717 I/GRALLOC (  679): 	 shrFd=10,fmt=0x1,intFmt=0x200000001,btStrd=4352,size=8486912,pid=679 
06-24 16:31:03.717 I/GRALLOC (  679): 	 yuv=2,w=1080,h=1920,Stride u=0 v=0,offset u=0 v=0 
06-24 16:31:03.717 I/GRALLOC (  679): 	 iova_size=8486912,conUsg=0xb00,proUsg=0xb00,	 strd=1088,[afbc]HdrStrd=1088 PyldStrd=69632 Scrmbl=2,ionhnd = 1 
06-24 16:31:03.721 E/BufferQueueProducer(  710): [com.excelliance.dualaid/com.excelliance.kxqp.swipe.NavActivity2#0] disconnect: not connected (req=1)
06-24 16:31:03.722 W/libEGL  ( 7888): EGLNativeWindowType 0xd0cd5808 disconnect failed
06-24 16:31:03.727 D/PMS1000 (  657): package:com.excelliance.dualaid, input flags:8192, output hwFlags:0
06-24 16:31:03.728 W/HSM     ( 1813): HoldService:toast switch is close!
06-24 16:31:03.728 D/ApplicationPackageManager( 7888): queryIntentActivitiesAsUser blocked, Intent { act=android.intent.action.MAIN cat=[android.intent.category.LAUNCHER] pkg=com.tencent.tmgp.qqx5 }
06-24 16:31:03.728 D/HsmInterfaceImpl( 7888): List [ResolveInfo{8b94105 com.tencent.tmgp.qqx5/.DGMMainActivity m=0x108000}]
06-24 16:31:03.771 D/PMS1000 (  657): package:com.excelliance.dualaid, input flags:8192, output hwFlags:0
06-24 16:31:03.772 W/HSM     ( 1813): HoldService:toast switch is close!
06-24 16:31:03.773 D/ApplicationPackageManager( 7888): queryIntentActivitiesAsUser blocked, Intent { act=android.intent.action.MAIN cat=[android.intent.category.LAUNCHER] pkg=com.huawei.android.pushagent }
06-24 16:31:03.773 D/HsmInterfaceImpl( 7888): List []
06-24 16:31:03.776 W/HSM     ( 1813): HoldService:toast switch is close!
06-24 16:31:03.776 D/ApplicationPackageManager( 7888): queryIntentActivitiesAsUser blocked, Intent { act=android.intent.action.MAIN cat=[android.intent.category.LAUNCHER] pkg=com.huawei.appmarket }
06-24 16:31:03.776 D/HsmInterfaceImpl( 7888): List [ResolveInfo{81ec38b com.huawei.appmarket/.MainActivity m=0x108000}]
06-24 16:31:03.780 E/asset   ( 7888): createFromFile(): lock file /data/resource-cache/system@emui@base@overlay@frameworkhwexthonor@frameworkhwexthonor.apk@idmap.
06-24 16:31:03.780 E/asset   ( 7888): createFromFile(): lock file /data/resource-cache/system@emui@base@overlay@frameworkhwexthonor@frameworkhwexthonor.apk@idmap.
06-24 16:31:03.780 W/ResourceType( 7888): Found multiple library tables, ignoring...
06-24 16:31:03.808 D/HwRecentsLockUtils( 1513): Search
06-24 16:31:03.808 E/HsmCoreServiceImpl( 1478): onTransact in code is: 103
06-24 16:31:03.808 I/MediaProcessHandler( 1478): playingUids: 
06-24 16:31:03.808 D/ActivityManager(  657): Skipping, home or recents stack task: TaskRecord{333215f #15658 A=com.huawei.android.launcher U=0 StackId=0 sz=1}
06-24 16:31:03.808 D/ActivityManager(  657): Skipping intent:act=android.intent.action.MAIN cat=[android.intent.category.LAUNCHER] flg=0x10a00000 cmp=io.appium.settings/.Settings
06-24 16:31:03.808 D/ActivityManager(  657): Skipping intent:flg=0x10804000 cmp=com.android.systemui/.recents.RecentsActivity bnds=[48,928][1032,2296]
06-24 16:31:03.808 D/ActivityManager(  657): Skipping intent:flg=0x18800000 cmp=com.tencent.mm/.plugin.base.stub.WXPayEntryActivity
06-24 16:31:03.808 D/ActivityManager(  657): Skipping intent:flg=0x10800000 cmp=com.huawei.systemmanager/com.huawei.permissionmanager.ui.MainActivity
06-24 16:31:03.808 D/ActivityManager(  657): Skipping intent:flg=0x18800000 cmp=com.tencent.mm/.plugin.base.stub.WXEntryActivity
06-24 16:31:03.808 D/ActivityManager(  657): Skipping intent:act=com.huawei.action.VOICE_ASSISTANT flg=0x10800000 pkg=com.huawei.vassistant cmp=com.huawei.vassistant/.ui.main.VAssistantActivity
06-24 16:31:03.808 D/ActivityManager(  657): Skipping intent:act=com.huawei.android.launcher.action.ACCESS_SPLIT_SCREEN_APP cat=[android.intent.category.DEFAULT] flg=0x10804000 cmp=com.huawei.android.launcher/.splitscreen.SplitScreenAppActivity
06-24 16:31:03.808 D/ActivityManager(  657): Skipping intent:flg=0x10800000 pkg=com.excelliance.dualaid.b64 cmp=com.excelliance.dualaid.b64/com.excelliance.kxqp.sdk.PermissionRequestActivity
06-24 16:31:03.808 D/ActivityManager(  657): Skipping intent:act=android.intent.action.VIEW dat=content://com.excelliance.dualaid.fileProvider/external_storage_root/Download/apk/Multiple_64.apk typ=application/vnd.android.package-archive flg=0x10800001 cmp=com.android.packageinstaller/.InstallStart
06-24 16:31:03.808 D/ActivityManager(  657): Skipping intent:flg=0x10800000 cmp=com.android.systemui/.usb.HwUsbDebuggingActivity
06-24 16:31:03.808 D/ActivityManager(  657): Skipping intent:act=android.deviceinfo.chooser.action.LAUNCH flg=0x10800000 hwFlg=0x100 pkg=com.android.settings cmp=com.android.settings/.deviceinfo.UsbConnModeChooserActivity
06-24 16:31:03.808 D/ActivityManager(  657): Skipping intent:flg=0x10800000 cmp=com.zol.android/.push.KeepLiveActivity
06-24 16:31:03.808 D/ActivityManager(  657): Skipping intent:act=android.intent.action.MAIN cat=[android.intent.category.HOME] flg=0x10800300 cmp=com.android.settings/.FallbackHome
06-24 16:31:03.809 D/PMS1000 (  657): package:com.excelliance.dualaid, input flags:8192, output hwFlags:0
06-24 16:31:03.810 W/HSM     ( 1813): HoldService:toast switch is close!
06-24 16:31:03.811 D/ApplicationPackageManager( 7888): queryIntentActivitiesAsUser blocked, Intent { act=android.intent.action.MAIN cat=[android.intent.category.LAUNCHER] pkg=com.wandoujia.phoenix2 }
06-24 16:31:03.811 D/HsmInterfaceImpl( 7888): List [ResolveInfo{73d7d26 com.wandoujia.phoenix2/com.pp.assistant.activity.PPMainActivity m=0x108000}]
06-24 16:31:03.840 D/PMS1000 (  657): package:com.excelliance.dualaid, input flags:8192, output hwFlags:0
06-24 16:31:03.841 W/HSM     ( 1813): HoldService:toast switch is close!
06-24 16:31:03.842 D/ApplicationPackageManager( 7888): queryIntentActivitiesAsUser blocked, Intent { act=android.intent.action.MAIN cat=[android.intent.category.LAUNCHER] pkg=com.tencent.mm }
06-24 16:31:03.842 D/HsmInterfaceImpl( 7888): List [ResolveInfo{7694714 com.tencent.mm/.ui.LauncherUI m=0x108000}]
06-24 16:31:03.854 W/HSM     ( 1813): HoldService:toast switch is close!
06-24 16:31:03.855 D/ApplicationPackageManager( 7888): queryIntentActivitiesAsUser blocked, Intent { act=android.intent.action.MAIN cat=[android.intent.category.LAUNCHER] pkg=com.android.providers.media }
06-24 16:31:03.855 D/HsmInterfaceImpl( 7888): List []
06-24 16:31:03.857 W/HSM     ( 1813): HoldService:toast switch is close!
06-24 16:31:03.857 D/ApplicationPackageManager( 7888): queryIntentActivitiesAsUser blocked, Intent { act=android.intent.action.MAIN cat=[android.intent.category.LAUNCHER] pkg=com.huawei.vassistant }
06-24 16:31:03.857 D/HsmInterfaceImpl( 7888): List [ResolveInfo{8f38bbd com.huawei.vassistant/.ui.main.VAssistantActivity m=0x108000}]
06-24 16:31:03.860 E/asset   ( 7888): createFromFile(): lock file /data/resource-cache/system@emui@base@overlay@frameworkhwexthonor@frameworkhwexthonor.apk@idmap.
06-24 16:31:03.860 E/asset   ( 7888): createFromFile(): lock file /data/resource-cache/system@emui@base@overlay@frameworkhwexthonor@frameworkhwexthonor.apk@idmap.
06-24 16:31:03.860 W/ResourceType( 7888): Found multiple library tables, ignoring...
06-24 16:31:03.893 W/HSM     ( 1813): HoldService:toast switch is close!
06-24 16:31:03.894 D/ApplicationPackageManager( 7888): queryIntentActivitiesAsUser blocked, Intent { act=android.intent.action.MAIN cat=[android.intent.category.LAUNCHER] pkg=com.facebook.katana }
06-24 16:31:03.894 D/HsmInterfaceImpl( 7888): List [ResolveInfo{11dc080 com.facebook.katana/.LoginActivity m=0x108000}]
06-24 16:31:03.918 V/ActivityManager(  657): Making visible and scheduling visibility: ActivityRecord{d5c9105 u0 com.huawei.android.launcher/.unihome.UniHomeLauncher t15658}
06-24 16:31:03.918 V/WindowManager(  657): No longer Stopped: AppWindowToken{d3a938b token=Token{377755a ActivityRecord{d5c9105 u0 com.huawei.android.launcher/.unihome.UniHomeLauncher t15658}}}
06-24 16:31:03.943 D/ActivityThread( 7888): Remove activity client record, r= ActivityRecord{414755e token=android.os.BinderProxy@31abee5 {com.excelliance.dualaid/com.excelliance.kxqp.swipe.NavActivity2}} token= android.os.BinderProxy@31abee5
06-24 16:31:03.944 D/HwQoEUtils(  657): mForegroundAppPackageName: com.huawei.android.launcher ,score: 0
06-24 16:31:03.944 D/HwQoEUtils(  657): onForegroundAppWifiSleepChange: config:false, sleeptime:-1,type: 255, appname:com.huawei.android.launcher
06-24 16:31:03.945 D/HwQoEUtils(  657): APP type: 255 appName= com.huawei.android.launcher
06-24 16:31:03.945 D/HwQoEUtils(  657): no game, APP_TYPE_GAME, appName =com.huawei.android.launcher
06-24 16:31:03.945 V/WindowManager(  657): removeIfPossible: Window{6f9c9c2 u0 com.excelliance.dualaid/com.excelliance.kxqp.swipe.NavActivity2} callers=com.android.server.wm.WindowState.removeIfPossible:1914 com.android.server.wm.WindowManagerService.removeWindow:2022 com.android.server.wm.Session.remove:218 android.view.IWindowSession$Stub.onTransact:242 com.android.server.wm.Session.onTransact:161 
06-24 16:31:03.946 D/HwGameAssistantController(  657): pid=2519, uid=10056, foreground=true
06-24 16:31:03.946 I/WindowManager(  657): Destroying surface Surface(name=com.excelliance.dualaid/com.excelliance.kxqp.swipe.NavActivity2) called by com.android.server.wm.WindowStateAnimator.destroySurface:2060 com.android.server.wm.WindowStateAnimator.destroySurfaceLocked:873 com.android.server.wm.HwWindowStateAnimator.destroySurfaceLocked:1006 com.android.server.wm.WindowState.removeImmediately:1899 com.android.server.wm.WindowState.removeIfPossible:2051 com.android.server.wm.WindowState.removeIfPossible:1914 com.android.server.wm.WindowManagerService.removeWindow:2022 com.android.server.wm.Session.remove:218 
06-24 16:31:03.946 V/WindowManager(  657): postWindowRemoveCleanupLocked: Window{6f9c9c2 u0 com.excelliance.dualaid/com.excelliance.kxqp.swipe.NavActivity2}
06-24 16:31:03.946 V/WindowManager(  657): Removing Window{6f9c9c2 u0 com.excelliance.dualaid/com.excelliance.kxqp.swipe.NavActivity2} from AppWindowToken{22a033f token=Token{28cc35e ActivityRecord{8460499 u0 com.excelliance.dualaid/com.excelliance.kxqp.swipe.NavActivity2 t16049}}}
06-24 16:31:03.947 V/ActivityThread( 2519): Handle window ActivityRecord{4719bb8 token=android.os.BinderProxy@b3fca27 {com.huawei.android.launcher/com.huawei.android.launcher.unihome.UniHomeLauncher}} visibility: true
06-24 16:31:03.947 E/asset   ( 7888): createFromFile(): lock file /data/resource-cache/system@emui@base@overlay@frameworkhwexthonor@frameworkhwexthonor.apk@idmap.
06-24 16:31:03.947 E/asset   ( 7888): createFromFile(): lock file /data/resource-cache/system@emui@base@overlay@frameworkhwexthonor@frameworkhwexthonor.apk@idmap.
06-24 16:31:03.947 W/ResourceType( 7888): Found multiple library tables, ignoring...
06-24 16:31:03.949 W/AwareLog(  657): SchedLevelBoost: onFgActivitiesChanged config not set!
06-24 16:31:03.954 E/HwLauncher( 2519): SettingsEx , no such field.
06-24 16:31:03.954 W/HwLauncher( 2519): Clock getDataFormat the getSystemString failed.
06-24 16:31:03.962 D/mali_winsys( 2519): EGLint new_window_surface(egl_winsys_display *, void *, EGLSurface, EGLConfig, egl_winsys_surface **, egl_color_buffer_format *, EGLBoolean) returns 0x3000
06-24 16:31:03.964 I/GRALLOC (  679): 	 shrFd=10,fmt=0x1,intFmt=0x200000001,btStrd=4352,size=8486912,pid=679 
06-24 16:31:03.964 I/GRALLOC (  679): 	 yuv=2,w=1080,h=1920,Stride u=0 v=0,offset u=0 v=0 
06-24 16:31:03.964 I/GRALLOC (  679): 	 iova_size=8486912,conUsg=0x900,proUsg=0x900,	 strd=1088,[afbc]HdrStrd=1088 PyldStrd=69632 Scrmbl=2,ionhnd = 1 
06-24 16:31:03.965 V/WindowManager(  657): removeAppToken: AppWindowToken{22a033f token=Token{28cc35e ActivityRecord{8460499 u0 com.excelliance.dualaid/com.excelliance.kxqp.swipe.NavActivity2 t16049}}} delayed=false Callers=com.android.server.wm.DisplayContent.removeAppToken:985 com.android.server.wm.AppWindowContainerController.removeContainer:348 com.android.server.am.ActivityRecord.removeWindowContainer:1039 com.android.server.am.ActivityStack.removeActivityFromHistoryLocked:4491 
06-24 16:31:03.968 I/HwNetworkPolicy(  657): onTransact, code = 203
06-24 16:31:03.969 I/HwNetworkPolicyManager( 1813): getHwUidPolicy uid = 10056 policy = 0
06-24 16:31:03.977 D/PMS1000 (  657): package:com.excelliance.dualaid, input flags:8192, output hwFlags:0
06-24 16:31:03.978 W/HSM     ( 1813): HoldService:toast switch is close!
06-24 16:31:03.978 D/ApplicationPackageManager( 7888): queryIntentActivitiesAsUser blocked, Intent { act=android.intent.action.MAIN cat=[android.intent.category.LAUNCHER] pkg=com.huawei.trustcircle }
06-24 16:31:03.978 D/HsmInterfaceImpl( 7888): List []
06-24 16:31:03.981 W/HSM     ( 1813): HoldService:toast switch is close!
06-24 16:31:03.982 D/ApplicationPackageManager( 7888): queryIntentActivitiesAsUser blocked, Intent { act=android.intent.action.MAIN cat=[android.intent.category.LAUNCHER] pkg=com.jingdong.app.mall }
06-24 16:31:03.982 D/HsmInterfaceImpl( 7888): List [ResolveInfo{ede64ac com.jingdong.app.mall/.main.MainActivity m=0x108000}]
06-24 16:31:03.987 I/GRALLOC (  679): 	 shrFd=10,fmt=0x1,intFmt=0x200000001,btStrd=4352,size=8486912,pid=679 
06-24 16:31:03.987 I/GRALLOC (  679): 	 yuv=2,w=1080,h=1920,Stride u=0 v=0,offset u=0 v=0 
06-24 16:31:03.987 I/GRALLOC (  679): 	 iova_size=8486912,conUsg=0xb00,proUsg=0xb00,	 strd=1088,[afbc]HdrStrd=1088 PyldStrd=69632 Scrmbl=2,ionhnd = 1 
06-24 16:31:03.995 D/WindowManager(  657): finishDrawingWindow: Window{68d6975 u0 com.huawei.android.launcher/com.huawei.android.launcher.unihome.UniHomeLauncher} mDrawState=DRAW_PENDING
06-24 16:31:03.996 D/ImageWallpaper( 1513): onOffsetsChanged: xOffset=0.0, yOffset=0.0, xOffsetStep=0.0, yOffsetStep=0.0, xPixels=0, yPixels=0
06-24 16:31:03.997 D/ImageWallpaper( 1513): Suppressed drawFrame since redraw is not needed and offsets have not changed.sf=Rect(0, 0 - 2160, 1920)
06-24 16:31:03.997 D/ImageWallpaper( 1513): onVisibilityChanged: mVisible, visible=false, true
06-24 16:31:03.997 D/ImageWallpaper( 1513): Visibility changed to visible=true
06-24 16:31:03.997 D/ImageWallpaper( 1513): Suppressed drawFrame since redraw is not needed and offsets have not changed.sf=Rect(0, 0 - 2160, 1920)
06-24 16:31:04.019 D/PMS1000 (  657): package:com.excelliance.dualaid, input flags:8192, output hwFlags:0
06-24 16:31:04.020 W/HSM     ( 1813): HoldService:toast switch is close!
06-24 16:31:04.021 D/ApplicationPackageManager( 7888): queryIntentActivitiesAsUser blocked, Intent { act=android.intent.action.MAIN cat=[android.intent.category.LAUNCHER] pkg=com.tencent.mobileqq }
06-24 16:31:04.021 D/HsmInterfaceImpl( 7888): List [ResolveInfo{27ad90a com.tencent.mobileqq/.activity.SplashActivity m=0x108000}]
06-24 16:31:04.026 D/HwFLClassLoader( 2519): USE_FEATURE_LIST had not init! 
06-24 16:31:04.031 E/asset   ( 2519): createFromFile(): lock file /data/resource-cache/system@emui@base@overlay@frameworkhwexthonor@frameworkhwexthonor.apk@idmap.
06-24 16:31:04.031 E/asset   ( 2519): createFromFile(): lock file /data/resource-cache/system@emui@base@overlay@frameworkhwexthonor@frameworkhwexthonor.apk@idmap.
06-24 16:31:04.031 W/ResourceType( 2519): Found multiple library tables, ignoring...
06-24 16:31:04.033 D/PMS1000 (  657): package:com.excelliance.dualaid, input flags:8192, output hwFlags:0
06-24 16:31:04.034 W/HSM     ( 1813): HoldService:toast switch is close!
06-24 16:31:04.035 D/ApplicationPackageManager( 7888): queryIntentActivitiesAsUser blocked, Intent { act=android.intent.action.MAIN cat=[android.intent.category.LAUNCHER] pkg=com.zol.android }
06-24 16:31:04.035 D/HsmInterfaceImpl( 7888): List [ResolveInfo{42ba57b com.zol.android/.ui.FirstActivity m=0x108000}]
06-24 16:31:04.038 D/HwFLClassLoader( 2519): USE_FEATURE_LIST had not init! 
06-24 16:31:04.041 E/asset   ( 2519): createFromFile(): lock file /data/resource-cache/system@emui@base@overlay@frameworkhwexthonor@frameworkhwexthonor.apk@idmap.
06-24 16:31:04.041 E/asset   ( 2519): createFromFile(): lock file /data/resource-cache/system@emui@base@overlay@frameworkhwexthonor@frameworkhwexthonor.apk@idmap.
06-24 16:31:04.041 W/ResourceType( 2519): Found multiple library tables, ignoring...
06-24 16:31:04.060 D/PMS1000 (  657): package:com.excelliance.dualaid, input flags:8192, output hwFlags:0
06-24 16:31:04.060 W/HSM     ( 1813): HoldService:toast switch is close!
06-24 16:31:04.061 D/ApplicationPackageManager( 7888): queryIntentActivitiesAsUser blocked, Intent { act=android.intent.action.MAIN cat=[android.intent.category.LAUNCHER] pkg=com.huawei.hiskytone }
06-24 16:31:04.062 D/HsmInterfaceImpl( 7888): List [ResolveInfo{924f3f1 com.huawei.hiskytone/com.huawei.skytone.account.welcome.SplashActivity m=0x108000}]
06-24 16:31:04.099 D/PMS1000 (  657): package:com.excelliance.dualaid, input flags:8192, output hwFlags:0
06-24 16:31:04.100 W/HSM     ( 1813): HoldService:toast switch is close!
06-24 16:31:04.101 D/ApplicationPackageManager( 7888): queryIntentActivitiesAsUser blocked, Intent { act=android.intent.action.MAIN cat=[android.intent.category.LAUNCHER] pkg=com.huawei.hwid }
06-24 16:31:04.101 D/HsmInterfaceImpl( 7888): List []
06-24 16:31:04.105 W/HSM     ( 1813): HoldService:toast switch is close!
06-24 16:31:04.105 D/ApplicationPackageManager( 7888): queryIntentActivitiesAsUser blocked, Intent { act=android.intent.action.MAIN cat=[android.intent.category.LAUNCHER] pkg=com.sina.weibo }
06-24 16:31:04.105 D/HsmInterfaceImpl( 7888): List [ResolveInfo{df69d44 com.sina.weibo/.SplashActivity m=0x108000}]
06-24 16:31:04.162 D/PMS1000 (  657): package:com.excelliance.dualaid, input flags:8192, output hwFlags:0
06-24 16:31:04.163 W/HSM     ( 1813): HoldService:toast switch is close!
06-24 16:31:04.163 D/ApplicationPackageManager( 7888): queryIntentActivitiesAsUser blocked, Intent { act=android.intent.action.MAIN cat=[android.intent.category.LAUNCHER] pkg=com.antutu.ABenchMark }
06-24 16:31:04.163 D/HsmInterfaceImpl( 7888): List [ResolveInfo{5a57f62 com.antutu.ABenchMark/.ABenchMarkStart m=0x108000}]
06-24 16:31:04.169 E/asset   ( 2519): createFromFile(): lock file /data/resource-cache/system@emui@base@overlay@frameworkhwexthonor@frameworkhwexthonor.apk@idmap.
06-24 16:31:04.169 E/asset   ( 2519): createFromFile(): lock file /data/resource-cache/system@emui@base@overlay@frameworkhwexthonor@frameworkhwexthonor.apk@idmap.
06-24 16:31:04.169 W/ResourceType( 2519): Found multiple library tables, ignoring...
06-24 16:31:04.173 I/TrafficMonitor(  657): expired arrive. level:-1
06-24 16:31:04.173 I/TrafficMonitor(  657): during_ms:2001,period_ms:2000
06-24 16:31:04.173 I/TrafficMonitor(  657): count:473,rx_sum:14,tx_sum:14,rxBytes:1394,during_ms:2001,rx_speed:696.6516741629185,tx_speed:644.1779110444778,rto:1.0
06-24 16:31:04.173 D/HuaweiWifiWatchdogStateMachine(  657): speed: rxpkt:14, rxSpd:696B/s, txpkt:14, txSpd:644
06-24 16:31:04.174 D/HwFLClassLoader( 2519): USE_FEATURE_LIST had not init! 
06-24 16:31:04.190 W/HSM     ( 1813): HoldService:toast switch is close!
06-24 16:31:04.191 D/ApplicationPackageManager( 7888): queryIntentActivitiesAsUser blocked, Intent { act=android.intent.action.MAIN cat=[android.intent.category.LAUNCHER] pkg=com.sankuai.meituan.takeoutnew }
06-24 16:31:04.191 D/HsmInterfaceImpl( 7888): List [ResolveInfo{16d3029 com.sankuai.meituan.takeoutnew/.ui.page.boot.WelcomeActivity m=0x108000}]
06-24 16:31:04.219 W/HSM     ( 1813): HoldService:toast switch is close!
06-24 16:31:04.220 D/ApplicationPackageManager( 7888): queryIntentActivitiesAsUser blocked, Intent { act=android.intent.action.MAIN cat=[android.intent.category.LAUNCHER] pkg=com.vmall.client }
06-24 16:31:04.220 D/HsmInterfaceImpl( 7888): List [ResolveInfo{48f814f com.vmall.client/.splash.fragment.SplashActivity m=0x108000}]
06-24 16:31:04.247 W/HSM     ( 1813): HoldService:toast switch is close!
06-24 16:31:04.248 D/ApplicationPackageManager( 7888): queryIntentActivitiesAsUser blocked, Intent { act=android.intent.action.MAIN cat=[android.intent.category.LAUNCHER] pkg=com.android.browser }
06-24 16:31:04.248 D/HsmInterfaceImpl( 7888): List [ResolveInfo{70398ba com.android.browser/com.tencent.mtt.SplashActivity m=0x108000}]
06-24 16:31:04.285 W/HSM     ( 1813): HoldService:toast switch is close!
06-24 16:31:04.285 D/ApplicationPackageManager( 7888): queryIntentActivitiesAsUser blocked, Intent { act=android.intent.action.MAIN cat=[android.intent.category.LAUNCHER] pkg=com.eg.android.AlipayGphone }
06-24 16:31:04.286 D/HsmInterfaceImpl( 7888): List [ResolveInfo{389bb61 com.eg.android.AlipayGphone/.AlipayLogin m=0x108000}]
06-24 16:31:04.307 W/HSM     ( 1813): HoldService:toast switch is close!
06-24 16:31:04.307 D/ApplicationPackageManager( 7888): queryIntentActivitiesAsUser blocked, Intent { act=android.intent.action.MAIN cat=[android.intent.category.LAUNCHER] pkg=com.android.mediacenter }
06-24 16:31:04.307 D/HsmInterfaceImpl( 7888): List [ResolveInfo{7744b47 com.android.mediacenter/.PageActivity m=0x108000}]
06-24 16:31:04.312 E/asset   ( 7888): createFromFile(): lock file /data/resource-cache/system@emui@base@overlay@frameworkhwexthonor@frameworkhwexthonor.apk@idmap.
06-24 16:31:04.313 E/asset   ( 7888): createFromFile(): lock file /data/resource-cache/system@emui@base@overlay@frameworkhwexthonor@frameworkhwexthonor.apk@idmap.
06-24 16:31:04.313 W/ResourceType( 7888): Found multiple library tables, ignoring...
06-24 16:31:04.345 W/HSM     ( 1813): HoldService:toast switch is close!
06-24 16:31:04.345 D/ApplicationPackageManager( 7888): queryIntentActivitiesAsUser blocked, Intent { act=android.intent.action.MAIN cat=[android.intent.category.LAUNCHER] pkg=com.huawei.himovie }
06-24 16:31:04.346 D/HsmInterfaceImpl( 7888): List [ResolveInfo{5308512 com.huawei.himovie/.ui.login.SplashScreenActivity m=0x108000}]
06-24 16:31:04.349 E/asset   ( 7888): createFromFile(): lock file /data/resource-cache/system@emui@base@overlay@frameworkhwexthonor@frameworkhwexthonor.apk@idmap.
06-24 16:31:04.349 E/asset   ( 7888): createFromFile(): lock file /data/resource-cache/system@emui@base@overlay@frameworkhwexthonor@frameworkhwexthonor.apk@idmap.
06-24 16:31:04.349 W/ResourceType( 7888): Found multiple library tables, ignoring...
06-24 16:31:04.378 W/HSM     ( 1813): HoldService:toast switch is close!
06-24 16:31:04.378 D/ApplicationPackageManager( 7888): queryIntentActivitiesAsUser blocked, Intent { act=android.intent.action.MAIN cat=[android.intent.category.LAUNCHER] pkg=com.huawei.hnreader }
06-24 16:31:04.378 D/HsmInterfaceImpl( 7888): List [ResolveInfo{dd57599 com.huawei.hnreader/com.qq.reader.activity.SplashActivity m=0x108000}]
06-24 16:31:04.382 E/asset   ( 7888): createFromFile(): lock file /data/resource-cache/system@emui@base@overlay@frameworkhwexthonor@frameworkhwexthonor.apk@idmap.
06-24 16:31:04.382 E/asset   ( 7888): createFromFile(): lock file /data/resource-cache/system@emui@base@overlay@frameworkhwexthonor@frameworkhwexthonor.apk@idmap.
06-24 16:31:04.382 W/ResourceType( 7888): Found multiple library tables, ignoring...
06-24 16:31:04.409 D/PMS1000 (  657): package:com.excelliance.dualaid, input flags:8192, output hwFlags:0
06-24 16:31:04.410 W/HSM     ( 1813): HoldService:toast switch is close!
06-24 16:31:04.410 D/ApplicationPackageManager( 7888): queryIntentActivitiesAsUser blocked, Intent { act=android.intent.action.MAIN cat=[android.intent.category.LAUNCHER] pkg=com.twitter.android }
06-24 16:31:04.411 D/HsmInterfaceImpl( 7888): List [ResolveInfo{d01a90c com.twitter.android/.StartActivity m=0x108000}]
06-24 16:31:04.437 W/HSM     ( 1813): HoldService:toast switch is close!
06-24 16:31:04.437 D/ApplicationPackageManager( 7888): queryIntentActivitiesAsUser blocked, Intent { act=android.intent.action.MAIN cat=[android.intent.category.LAUNCHER] pkg=com.baidu.input_huawei }
06-24 16:31:04.437 D/HsmInterfaceImpl( 7888): List []
06-24 16:31:04.440 W/HSM     ( 1813): HoldService:toast switch is close!
06-24 16:31:04.440 D/ApplicationPackageManager( 7888): queryIntentActivitiesAsUser blocked, Intent { act=android.intent.action.MAIN cat=[android.intent.category.LAUNCHER] pkg=com.google.android.gms }
06-24 16:31:04.440 D/HsmInterfaceImpl( 7888): List []
06-24 16:31:04.444 W/HSM     ( 1813): HoldService:toast switch is close!
06-24 16:31:04.444 D/ApplicationPackageManager( 7888): queryIntentActivitiesAsUser blocked, Intent { act=android.intent.action.MAIN cat=[android.intent.category.LAUNCHER] pkg=com.sankuai.meituan }
06-24 16:31:04.444 D/HsmInterfaceImpl( 7888): List [ResolveInfo{c317d5b com.sankuai.meituan/com.meituan.android.pt.homepage.activity.Welcome m=0x108000}]
06-24 16:31:04.491 W/OpenGLRenderer( 2519): Incorrectly called buildLayer on View: ShortcutAndWidgetContainer, destroying layer...
06-24 16:31:04.491 W/OpenGLRenderer( 2519): Incorrectly called buildLayer on View: ShortcutAndWidgetContainer, destroying layer...
06-24 16:31:04.493 I/GRALLOC (  679): 	 shrFd=10,fmt=0x1,intFmt=0x200000001,btStrd=4352,size=8486912,pid=679 
06-24 16:31:04.493 I/GRALLOC (  679): 	 yuv=2,w=1080,h=1920,Stride u=0 v=0,offset u=0 v=0 
06-24 16:31:04.493 I/GRALLOC (  679): 	 iova_size=8486912,conUsg=0xb00,proUsg=0xb00,	 strd=1088,[afbc]HdrStrd=1088 PyldStrd=69632 Scrmbl=2,ionhnd = 1 
06-24 16:31:04.494 W/HSM     ( 1813): HoldService:toast switch is close!
06-24 16:31:04.495 D/ApplicationPackageManager( 7888): queryIntentActivitiesAsUser blocked, Intent { act=android.intent.action.MAIN cat=[android.intent.category.LAUNCHER] pkg=com.tencent.news }
06-24 16:31:04.495 D/HsmInterfaceImpl( 7888): List [ResolveInfo{3273ed1 com.tencent.news/.activity.SplashActivity m=0x108000}]
06-24 16:31:04.521 W/HSM     ( 1813): HoldService:toast switch is close!
06-24 16:31:04.522 D/ApplicationPackageManager( 7888): queryIntentActivitiesAsUser blocked, Intent { act=android.intent.action.MAIN cat=[android.intent.category.LAUNCHER] pkg=com.iflytek.speechsuite }
06-24 16:31:04.522 D/HsmInterfaceImpl( 7888): List []
06-24 16:31:04.524 W/HSM     ( 1813): HoldService:toast switch is close!
06-24 16:31:04.525 D/ApplicationPackageManager( 7888): queryIntentActivitiesAsUser blocked, Intent { act=android.intent.action.MAIN cat=[android.intent.category.LAUNCHER] pkg=com.tencent.android.qqdownloader }
06-24 16:31:04.525 D/HsmInterfaceImpl( 7888): List [ResolveInfo{d009437 com.tencent.android.qqdownloader/com.tencent.pangu.link.SplashActivity m=0x108000}]
06-24 16:31:04.556 W/HSM     ( 1813): HoldService:toast switch is close!
06-24 16:31:04.557 D/ApplicationPackageManager( 7888): queryIntentActivitiesAsUser blocked, Intent { act=android.intent.action.MAIN cat=[android.intent.category.LAUNCHER] pkg=com.ifreetalk.ftalk }
06-24 16:31:04.557 D/HsmInterfaceImpl( 7888): List [ResolveInfo{b0ff70d com.ifreetalk.ftalk/.activity.DummyActivity m=0x108000}]
06-24 16:31:04.569 W/HSM     ( 1813): HoldService:toast switch is close!
06-24 16:31:04.570 D/ApplicationPackageManager( 7888): queryIntentActivitiesAsUser blocked, Intent { act=android.intent.action.MAIN cat=[android.intent.category.LAUNCHER] pkg=com.taobao.taobao }
06-24 16:31:04.570 D/HsmInterfaceImpl( 7888): List [ResolveInfo{42056c2 com.taobao.taobao/com.taobao.tao.welcome.Welcome m=0x108000}]
06-24 16:31:04.596 W/HSM     ( 1813): HoldService:toast switch is close!
06-24 16:31:04.597 D/ApplicationPackageManager( 7888): queryIntentActivitiesAsUser blocked, Intent { act=android.intent.action.MAIN cat=[android.intent.category.LAUNCHER] pkg=com.android.gallery3d }
06-24 16:31:04.597 D/HsmInterfaceImpl( 7888): List [ResolveInfo{4146010 com.android.gallery3d/com.huawei.gallery.app.GalleryMain m=0x108000}]
06-24 16:31:04.600 E/asset   ( 7888): createFromFile(): lock file /data/resource-cache/system@emui@base@overlay@frameworkhwexthonor@frameworkhwexthonor.apk@idmap.
06-24 16:31:04.601 E/asset   ( 7888): createFromFile(): lock file /data/resource-cache/system@emui@base@overlay@frameworkhwexthonor@frameworkhwexthonor.apk@idmap.
06-24 16:31:04.601 W/ResourceType( 7888): Found multiple library tables, ignoring...
06-24 16:31:04.635 W/HSM     ( 1813): HoldService:toast switch is close!
06-24 16:31:04.635 D/ApplicationPackageManager( 7888): queryIntentActivitiesAsUser blocked, Intent { act=android.intent.action.MAIN cat=[android.intent.category.LAUNCHER] pkg=com.pp.assistant }
06-24 16:31:04.635 D/HsmInterfaceImpl( 7888): List [ResolveInfo{7c7d32f com.pp.assistant/.activity.MainActivity m=0x108000}]
06-24 16:31:04.662 D/PMS1000 (  657): package:com.excelliance.dualaid, input flags:8192, output hwFlags:0
06-24 16:31:04.663 W/HSM     ( 1813): HoldService:toast switch is close!
06-24 16:31:04.663 D/ApplicationPackageManager( 7888): queryIntentActivitiesAsUser blocked, Intent { act=android.intent.action.MAIN cat=[android.intent.category.LAUNCHER] pkg=com.oppo.market }
06-24 16:31:04.664 D/HsmInterfaceImpl( 7888): List [ResolveInfo{b99fac5 com.oppo.market/.activity.MainActivity m=0x108000}]
06-24 16:31:04.704 W/HSM     ( 1813): HoldService:toast switch is close!
06-24 16:31:04.704 D/ApplicationPackageManager( 7888): queryIntentActivitiesAsUser blocked, Intent { act=android.intent.action.MAIN cat=[android.intent.category.LAUNCHER] pkg=com.excean.wxaid }
06-24 16:31:04.704 D/HsmInterfaceImpl( 7888): List [ResolveInfo{188734b com.excean.wxaid/com.excelliance.kxqp.ui.HelloActivity m=0x108000}]
06-24 16:31:04.721 D/LogUtil_LogConfig( 3140): obtainSavePath(): path = 1
06-24 16:31:04.722 D/LogUtil_LogConfig( 3140): getLogFile(): logFilePath = /data/data/com.huawei.health/files/com.huawei.health/com.huawei.health_DaemonService/
06-24 16:31:04.722 D/LogUtil_LogConfig( 3140): obtainSavePath(): path = 1
06-24 16:31:04.722 D/LogUtil_LogConfig( 3140): acquireMaxLogFileLengthContainsOffset describe: com.huawei.health:DaemonService result:5242880
06-24 16:31:04.722 D/LogUtil_LogConfig( 3140): obtainSavePath(): path = 1
06-24 16:31:04.723 D/LogUtil_LogConfig( 3140): getLogFileRoot(): logFilePath = /data/data/com.huawei.health/files/com.huawei.health/com.huawei.health_DaemonService/
06-24 16:31:04.734 W/HwResourcesImpl( 7888): icon in pkg com.excean.wxaid is too large.sDefaultSizeWithoutEdge = 188bmp.getWidth() = 1536
06-24 16:31:04.750 W/HSM     ( 1813): HoldService:toast switch is close!
06-24 16:31:04.751 D/ApplicationPackageManager( 7888): queryIntentActivitiesAsUser blocked, Intent { act=android.intent.action.MAIN cat=[android.intent.category.LAUNCHER] pkg=com.huawei.intelligent }
06-24 16:31:04.751 D/HsmInterfaceImpl( 7888): List []
06-24 16:31:04.753 W/HSM     ( 1813): HoldService:toast switch is close!
06-24 16:31:04.753 D/ApplicationPackageManager( 7888): queryIntentActivitiesAsUser blocked, Intent { act=android.intent.action.MAIN cat=[android.intent.category.LAUNCHER] pkg=com.google.android.backuptransport }
06-24 16:31:04.753 D/HsmInterfaceImpl( 7888): List []
06-24 16:31:04.755 W/HSM     ( 1813): HoldService:toast switch is close!
06-24 16:31:04.756 D/ApplicationPackageManager( 7888): queryIntentActivitiesAsUser blocked, Intent { act=android.intent.action.MAIN cat=[android.intent.category.LAUNCHER] pkg=com.huawei.skytone }
06-24 16:31:04.756 D/HsmInterfaceImpl( 7888): List []
06-24 16:31:04.758 W/HSM     ( 1813): HoldService:toast switch is close!
06-24 16:31:04.758 D/ApplicationPackageManager( 7888): queryIntentActivitiesAsUser blocked, Intent { act=android.intent.action.MAIN cat=[android.intent.category.LAUNCHER] pkg=com.estrongs.android.pop }
06-24 16:31:04.758 D/HsmInterfaceImpl( 7888): List [ResolveInfo{5a47e41 com.estrongs.android.pop/.app.openscreenad.NewSplashActivity m=0x108000}]
06-24 16:31:04.781 I/NetworkSpeedManagerEx( 1513): mIsStop = false
06-24 16:31:04.781 I/NetworkSpeedManagerEx( 1513):  runInThread getTetherStats
06-24 16:31:04.782 I/NetworkSpeedManagerEx( 1513):  runInUI refreshSpeed
06-24 16:31:04.783 I/NetworkSpeedManagerEx( 1513): value=4367.6665speed = 4.3
06-24 16:31:04.783 I/NetworkSpeedManagerEx( 1513): K/smIsShowLastSpeedValuefalse
06-24 16:31:04.783 I/NetworkSpeedView( 1513): /update(), speed=4.3
06-24 16:31:04.783 I/NetworkSpeedView( 1513): K/s parent class:class com.android.systemui.statusbar.HwSystemIcons
06-24 16:31:04.790 W/HSM     ( 1813): HoldService:toast switch is close!
06-24 16:31:04.791 D/ApplicationPackageManager( 7888): queryIntentActivitiesAsUser blocked, Intent { act=android.intent.action.MAIN cat=[android.intent.category.LAUNCHER] pkg=com.redfinger.app }
06-24 16:31:04.791 D/HsmInterfaceImpl( 7888): List [ResolveInfo{f68f927 com.redfinger.app/.activity.SplashActivity m=0x108000}]
06-24 16:31:04.797 D/HwWifiStatStore(  657): handleMessage : 200
06-24 16:31:04.818 I/NetworkSpeedManagerEx( 1513): mIsStop = false
06-24 16:31:04.818 I/NetworkSpeedManagerEx( 1513):  runInThread getTetherStats
06-24 16:31:04.820 I/NetworkSpeedManagerEx( 1513):  runInUI refreshSpeed
06-24 16:31:04.822 I/NetworkSpeedManagerEx( 1513): value=4367.6665speed = 4.3
06-24 16:31:04.822 I/NetworkSpeedManagerEx( 1513): K/smIsShowLastSpeedValuefalse
06-24 16:31:04.822 I/NetworkSpeedView( 1513): /update(), speed=4.3
06-24 16:31:04.822 I/NetworkSpeedView( 1513): K/s parent class:class com.android.systemui.statusbar.HwSystemIcons
06-24 16:31:04.822 W/HSM     ( 1813): HoldService:toast switch is close!
06-24 16:31:04.822 D/ApplicationPackageManager( 7888): queryIntentActivitiesAsUser blocked, Intent { act=android.intent.action.MAIN cat=[android.intent.category.LAUNCHER] pkg=com.android.vending }
06-24 16:31:04.822 D/HsmInterfaceImpl( 7888): List [ResolveInfo{479bd7d com.android.vending/.AssetBrowserActivity m=0x108000}]
06-24 16:31:04.853 D/PMS1000 (  657): package:com.excelliance.dualaid, input flags:8192, output hwFlags:0
06-24 16:31:04.854 W/HSM     ( 1813): HoldService:toast switch is close!
06-24 16:31:04.854 D/ApplicationPackageManager( 7888): queryIntentActivitiesAsUser blocked, Intent { act=android.intent.action.MAIN cat=[android.intent.category.LAUNCHER] pkg=org.hapjs.mockup }
06-24 16:31:04.854 D/HsmInterfaceImpl( 7888): List [ResolveInfo{e69b479 org.hapjs.mockup/.activity.MainActivity m=0x108000}]
06-24 16:31:04.877 W/HSM     ( 1813): HoldService:toast switch is close!
06-24 16:31:04.877 D/ApplicationPackageManager( 7888): queryIntentActivitiesAsUser blocked, Intent { act=android.intent.action.MAIN cat=[android.intent.category.LAUNCHER] pkg=com.huawei.gamebox }
06-24 16:31:04.877 D/HsmInterfaceImpl( 7888): List [ResolveInfo{a59e61f com.huawei.gamebox/.GameBoxActivity m=0x108000}]
06-24 16:31:04.881 E/asset   ( 7888): createFromFile(): lock file /data/resource-cache/system@emui@base@overlay@frameworkhwexthonor@frameworkhwexthonor.apk@idmap.
06-24 16:31:04.881 E/asset   ( 7888): createFromFile(): lock file /data/resource-cache/system@emui@base@overlay@frameworkhwexthonor@frameworkhwexthonor.apk@idmap.
06-24 16:31:04.881 W/ResourceType( 7888): Found multiple library tables, ignoring...
06-24 16:31:04.909 W/HSM     ( 1813): HoldService:toast switch is close!
06-24 16:31:04.910 D/ApplicationPackageManager( 7888): queryIntentActivitiesAsUser blocked, Intent { act=android.intent.action.MAIN cat=[android.intent.category.LAUNCHER] pkg=com.stickgame.los2 }
06-24 16:31:04.910 D/HsmInterfaceImpl( 7888): List [ResolveInfo{ab59fca com.stickgame.los2/com.DBGame.DiabloLOL.DiabloLOL m=0x108000}]
06-24 16:31:04.948 W/HSM     ( 1813): HoldService:toast switch is close!
06-24 16:31:04.949 D/ApplicationPackageManager( 7888): queryIntentActivitiesAsUser blocked, Intent { act=android.intent.action.MAIN cat=[android.intent.category.LAUNCHER] pkg=com.qihoo.appstore }
06-24 16:31:04.949 D/HsmInterfaceImpl( 7888): List [ResolveInfo{c4e2458 com.qihoo.appstore/.home.LauncherActivity m=0x108000}]
06-24 16:31:04.978 W/HSM     ( 1813): HoldService:toast switch is close!
06-24 16:31:04.978 D/ApplicationPackageManager( 7888): queryIntentActivitiesAsUser blocked, Intent { act=android.intent.action.MAIN cat=[android.intent.category.LAUNCHER] pkg=com.huawei.android.thememanager }
06-24 16:31:04.978 D/HsmInterfaceImpl( 7888): List [ResolveInfo{175ee96 com.huawei.android.thememanager/.HwThemeManagerActivity m=0x108000}]
06-24 16:31:04.982 E/asset   ( 7888): createFromFile(): lock file /data/resource-cache/system@emui@base@overlay@frameworkhwexthonor@frameworkhwexthonor.apk@idmap.
06-24 16:31:04.982 E/asset   ( 7888): createFromFile(): lock file /data/resource-cache/system@emui@base@overlay@frameworkhwexthonor@frameworkhwexthonor.apk@idmap.
06-24 16:31:04.982 W/ResourceType( 7888): Found multiple library tables, ignoring...
06-24 16:31:04.982 I/Pged-IPgedBinderService(  769): ****action is 2, pid num is 6***
06-24 16:31:04.982 I/Pged-Freezer(  769): thawPids
06-24 16:31:04.986 D/PgedBinderAdapter( 1699): unfrz ok, pid: [29457, 29531, 14942, 15544, 24379]
06-24 16:31:04.991 I/appium  (24379): Null child 0/1, parent: android.view.accessibility.AccessibilityNodeInfo@80007291; boundsInParent: Rect(0, 0 - 1080, 1920); boundsInScreen: Rect(0, 0 - 1080, 1920); packageName: com.excelliance.dualaid; className: android.widget.FrameLayout; text: null; error: null; maxTextLength: -1; contentDescription: null; viewIdResName: null; checkable: false; checked: false; focusable: false; focused: false; selected: false; clickable: false; longClickable: false; contextClickable: false; enabled: true; password: false; scrollable: false; importantForAccessibility: true; actions: [AccessibilityAction: ACTION_SELECT - null, AccessibilityAction: ACTION_CLEAR_SELECTION - null, AccessibilityAction: ACTION_ACCESSIBILITY_FOCUS - null, AccessibilityAction: ACTION_SHOW_ON_SCREEN - null]
06-24 16:31:04.991 I/appium  (24379): Fetch time: 3ms
06-24 16:31:04.998 I/appium  (24379): AppiumResponse: {"sessionId":"12d3f873-0ea4-4775-928a-9964d13dcd6c","status":0,"value":"<?xml version=\"1.0\" encoding=\"UTF-8\"?><hierarchy rotation=\"0\"><android.widget.FrameLayout index=\"0\" text=\"\" class=\"android.widget.FrameLayout\" package=\"com.excelliance.dualaid\" content-desc=\"\" checkable=\"false\" checked=\"false\" clickable=\"false\" enabled=\"true\" focusable=\"false\" focused=\"false\" scrollable=\"false\" long-clickable=\"false\" password=\"false\" selected=\"false\" bounds=\"[0,0][1080,1920]\" resource-id=\"\" instance=\"0\"\/><\/hierarchy>"}
06-24 16:31:05.011 W/libc    (  493): Set property "hw.wifi.dns_stat" to "35589,30887,5028,1,52904"
06-24 16:31:05.014 D/PMS1000 (  657): package:com.excelliance.dualaid, input flags:8192, output hwFlags:0
06-24 16:31:05.015 W/HSM     ( 1813): HoldService:toast switch is close!
06-24 16:31:05.015 D/ApplicationPackageManager( 7888): queryIntentActivitiesAsUser blocked, Intent { act=android.intent.action.MAIN cat=[android.intent.category.LAUNCHER] pkg=com.excean.parallelspace }
06-24 16:31:05.015 D/HsmInterfaceImpl( 7888): List [ResolveInfo{9d9ffed com.excean.parallelspace/com.excelliance.kxqp.ui.HelloActivity m=0x108000}]
06-24 16:31:05.016 I/appium  (24379): channel read invoked!
06-24 16:31:05.016 I/appium  (24379): channel read: GET /wd/hub/session/12d3f873-0ea4-4775-928a-9964d13dcd6c/source
06-24 16:31:05.044 W/HSM     ( 1813): HoldService:toast switch is close!
06-24 16:31:05.044 D/ApplicationPackageManager( 7888): queryIntentActivitiesAsUser blocked, Intent { act=android.intent.action.MAIN cat=[android.intent.category.LAUNCHER] pkg=com.UCMobile }
06-24 16:31:05.044 D/HsmInterfaceImpl( 7888): List [ResolveInfo{34a0b3 com.UCMobile/.main.UCMobile m=0x108000}]
06-24 16:31:05.082 W/HSM     ( 1813): HoldService:toast switch is close!
06-24 16:31:05.083 D/ApplicationPackageManager( 7888): queryIntentActivitiesAsUser blocked, Intent { act=android.intent.action.MAIN cat=[android.intent.category.LAUNCHER] pkg=com.bbk.appstore }
06-24 16:31:05.083 D/HsmInterfaceImpl( 7888): List [ResolveInfo{963ade9 com.bbk.appstore/.ui.AppStore m=0x108000}]
06-24 16:31:05.106 D/PMS1000 (  657): package:com.excelliance.dualaid, input flags:8192, output hwFlags:0
06-24 16:31:05.106 W/HSM     ( 1813): HoldService:toast switch is close!
06-24 16:31:05.107 D/ApplicationPackageManager( 7888): queryIntentActivitiesAsUser blocked, Intent { act=android.intent.action.MAIN cat=[android.intent.category.LAUNCHER] pkg=com.excean.ppaid }
06-24 16:31:05.107 D/HsmInterfaceImpl( 7888): List [ResolveInfo{3ce950f com.excean.ppaid/com.excelliance.kxqp.ui.HelloActivity m=0x108000}]
06-24 16:31:05.133 W/HSM     ( 1813): HoldService:toast switch is close!
06-24 16:31:05.134 D/ApplicationPackageManager( 7888): queryIntentActivitiesAsUser blocked, Intent { act=android.intent.action.MAIN cat=[android.intent.category.LAUNCHER] pkg=com.netease.blockchain }
06-24 16:31:05.134 D/HsmInterfaceImpl( 7888): List [ResolveInfo{ac03fa5 com.netease.blockchain/.business.main.MainActivity m=0x108000}]
06-24 16:31:05.159 W/HSM     ( 1813): HoldService:toast switch is close!
06-24 16:31:05.160 D/ApplicationPackageManager( 7888): queryIntentActivitiesAsUser blocked, Intent { act=android.intent.action.MAIN cat=[android.intent.category.LAUNCHER] pkg=com.huawei.camera }
06-24 16:31:05.160 D/HsmInterfaceImpl( 7888): List [ResolveInfo{369732b com.huawei.camera/com.huawei.camera m=0x108000}]
06-24 16:31:05.164 E/asset   ( 7888): createFromFile(): lock file /data/resource-cache/system@emui@base@overlay@frameworkhwexthonor@frameworkhwexthonor.apk@idmap.
06-24 16:31:05.164 E/asset   ( 7888): createFromFile(): lock file /data/resource-cache/system@emui@base@overlay@frameworkhwexthonor@frameworkhwexthonor.apk@idmap.
06-24 16:31:05.164 W/ResourceType( 7888): Found multiple library tables, ignoring...
06-24 16:31:05.177 I/TrafficMonitor(  657): update:rxPkts:18,txPkts:23,rxBytes:8107,txBytes:2933
06-24 16:31:05.177 I/TrafficMonitor(  657): start expired. level:-1
06-24 16:31:05.177 I/TrafficMonitor(  657): gettimer:interval=2000
06-24 16:31:05.198 D/PMS1000 (  657): package:com.excelliance.dualaid, input flags:8192, output hwFlags:0
06-24 16:31:05.199 W/HSM     ( 1813): HoldService:toast switch is close!
06-24 16:31:05.199 D/ApplicationPackageManager( 7888): queryIntentActivitiesAsUser blocked, Intent { act=android.intent.action.MAIN cat=[android.intent.category.LAUNCHER] pkg=com.sinovatech.unicom.ui }
06-24 16:31:05.199 D/HsmInterfaceImpl( 7888): List [ResolveInfo{d252946 com.sinovatech.unicom.ui/.WelcomeClient m=0x108000}]
06-24 16:31:05.226 W/HSM     ( 1813): HoldService:toast switch is close!
06-24 16:31:05.227 D/ApplicationPackageManager( 7888): queryIntentActivitiesAsUser blocked, Intent { act=android.intent.action.MAIN cat=[android.intent.category.LAUNCHER] pkg=com.huawei.phoneservice }
06-24 16:31:05.227 D/HsmInterfaceImpl( 7888): List [ResolveInfo{d3a2034 com.huawei.phoneservice/.LaunchActivity m=0x108000}]
