06-24 16:21:22.909 V/WindowManager(  657): findFocusedWindow: AppWindowToken{3c7678b token=Token{3a3195a ActivityRecord{2204505 u0 com.excelliance.dualaid/com.excelliance.kxqp.swipe.NavActivity2 t16037}}} below Reached focused app=AppWindowToken{c61417d token=Token{f493bd4 ActivityRecord{27bdd27 u0 com.excelliance.dualaid/com.excelliance.kxqp.ui.HelloActivity t16037}}}
06-24 16:21:22.909 D/PMS11423(  657): package:com.excelliance.dualaid, input flags:128, output hwFlags:0
06-24 16:21:22.912 V/WindowManager(  657): Checking 1 opening apps (frozen=false timeout=false)...
06-24 16:21:22.912 V/WindowManager(  657): Check opening app=AppWindowToken{c61417d token=Token{f493bd4 ActivityRecord{27bdd27 u0 com.excelliance.dualaid/com.excelliance.kxqp.ui.HelloActivity t16037}}}: allDrawn=false startingDisplayed=false startingMoved=false isRelaunching()=false
06-24 16:21:22.913 D/PMS11423(  657): package:com.excelliance.dualaid, input flags:128, output hwFlags:0
06-24 16:21:22.922 D/HwCust  (21138): Create obj success use class android.app.HwCustActivityImpl
06-24 16:21:22.922 D/HwCust  (21138): Create obj success use class android.app.HwCustHwWallpaperManagerImpl
06-24 16:21:22.922 D/PMS11423(  657): package:com.excelliance.dualaid, input flags:128, output hwFlags:0
06-24 16:21:22.922 V/ActivityThread(21138): ActivityThread,callActivityOnCreate
06-24 16:21:22.923 D/PMS11423(  657): package:com.excelliance.dualaid, input flags:128, output hwFlags:0
06-24 16:21:22.923 D/HelloActivity(21138): Memory:25135M
06-24 16:21:22.924 D/PMS11423(  657): package:com.excelliance.dualaid, input flags:128, output hwFlags:0
06-24 16:21:22.924 D/HelloActivity(21138): onCreate: true
06-24 16:21:22.926 D/HelloActivity(21138): mIsNav = true
06-24 16:21:22.929 D/HelloActivity(21138): requestShowOneKeyLoginConfig: 
06-24 16:21:22.930 D/GameUtilBuild(21138): getCompVersion e:java.lang.NullPointerException: Attempt to invoke virtual method 'android.content.pm.PackageManager android.content.Context.getPackageManager()' on a null object reference
06-24 16:21:22.931 D/PMS11423(  657): package:com.excelliance.dualaid, input flags:0, output hwFlags:0
06-24 16:21:22.933 D/PMS11423(  657): package:com.excelliance.dualaid, input flags:128, output hwFlags:0
06-24 16:21:22.934 I/chatty  (  657): uid=1000(system) Binder:657_2 identical 1 line
06-24 16:21:22.935 D/PMS11423(  657): package:com.excelliance.dualaid, input flags:128, output hwFlags:0
06-24 16:21:22.935 D/PMS11423(  657): package:com.excelliance.dualaid, input flags:128, output hwFlags:0
06-24 16:21:22.936 D/PMS11423(  657): package:com.excelliance.dualaid, input flags:128, output hwFlags:0
06-24 16:21:22.936 D/PMS1000 (  657): package:com.excelliance.dualaid, input flags:8192, output hwFlags:0
06-24 16:21:22.938 D/PMS1001 (  657): package:com.excelliance.dualaid, input flags:0, output hwFlags:0
06-24 16:21:22.941 D/PMS11423(  657): package:com.excelliance.dualaid, input flags:128, output hwFlags:0
06-24 16:21:22.946 D/CubicBezierInterpolator(21138): CubicBezierInterpolator  mControlPoint1x = 0.23, mControlPoint1y = 0.06, mControlPoint2x = 0.09, mControlPoint2y = 0.97
06-24 16:21:22.946 D/CubicBezierInterpolator(21138): CubicBezierInterpolator  mControlPoint1x = 0.6, mControlPoint1y = 0.9, mControlPoint2x = 0.8, mControlPoint2y = 1.0
06-24 16:21:22.946 D/CubicBezierInterpolator(21138): CubicBezierInterpolator  mControlPoint1x = 0.23, mControlPoint1y = 0.06, mControlPoint2x = 0.09, mControlPoint2y = 0.97
06-24 16:21:22.946 D/CubicBezierInterpolator(21138): CubicBezierInterpolator  mControlPoint1x = 0.6, mControlPoint1y = 0.9, mControlPoint2x = 0.8, mControlPoint2y = 1.0
06-24 16:21:22.947 D/HwWechatOptimizeImpl(21138): mIsEffect:false
06-24 16:21:22.947 V/InitialData(21171): capitalize:Hi6250_launch
06-24 16:21:22.947 V/GameUtil(21171): getCurrentVersionByKey : hi6250_launch	current_hi6250_launch_version	Hi6250_launchVersion
06-24 16:21:22.949 V/GameUtil(21171): saveVersionToFileByKey  xml_key :hi6250_launch  result:-1
06-24 16:21:22.952 V/GameUtil(21171): getCurrentVersionByKey  hi6250_launch:-1
06-24 16:21:22.952 D/HwRTBlurUtils(21138): check blur style for HwPhoneWindow-, themeResId : 0x7f0e001c, context : com.excelliance.kxqp.ui.HelloActivity@c4029d0, Nhwext : 0, get Blur : disable with , null
06-24 16:21:22.952 V/AddGameData(21171): _applist:hi6250
06-24 16:21:22.952 V/InitialData(21171): capitalize:Hi6250_applist
06-24 16:21:22.953 V/GameUtil(21171): getCurrentVersionByKey : hi6250_applist	current_hi6250_applist_version	Hi6250_applistVersion
06-24 16:21:22.953 V/HelloActivity(21138): start add appType：0
06-24 16:21:22.954 D/PMS11423(  657): package:com.excelliance.dualaid, input flags:128, output hwFlags:0
06-24 16:21:22.954 D/PMS11423(  657): package:com.tencent.mm, input flags:0, output hwFlags:0
06-24 16:21:22.954 V/GameUtil(21171): saveVersionToFileByKey  xml_key :hi6250_applist  result:-1
06-24 16:21:22.957 V/GameUtil(21171): getCurrentVersionByKey  hi6250_applist:-1
06-24 16:21:22.957 V/InitialData(21171): capitalize:Hi6250_notification
06-24 16:21:22.957 V/GameUtil(21171): getCurrentVersionByKey : hi6250_notification	current_hi6250_notification_version	Hi6250_notificationVersion
06-24 16:21:22.957 D/PMS11423(  657): package:com.excelliance.dualaid, input flags:128, output hwFlags:0
06-24 16:21:22.958 V/GameUtil(21171): saveVersionToFileByKey  xml_key :hi6250_notification  result:-1
06-24 16:21:22.960 V/GameUtil(21171): getCurrentVersionByKey  hi6250_notification:-1
06-24 16:21:22.963 V/VersionManager(21171): ver source:{"hi6250_launch":"0","hi6250_applist":"0","hi6250_notification":"0"}
06-24 16:21:22.963 V/VersionManager(21171): ver :eyJoaTYyNTBfbGF1bmNoIjoiMCIsImhpNjI1MF9hcHBsaXN0IjoiMCIsImhpNjI1MF9ub3RpZmlj%0AYXRpb24iOiIwIn0%3D%0A
06-24 16:21:22.964 E/HwResourcesImpl(21138): readDefaultConfig : FileNotFoundException
06-24 16:21:22.966 V/UrlUtil (21171): https://mto.multiopen.cn/dynamicphoneres.php?sdkver=2009&apkver=466&vn=4.0.6&compver=54302&mainver=231200&ver=eyJoaTYyNTBfbGF1bmNoIjoiMCIsImhpNjI1MF9hcHBsaXN0IjoiMCIsImhpNjI1MF9ub3RpZmlj%0AYXRpb24iOiIwIn0%3D%0A&chid=10019&subchid=1&type=20&uflag=2&pkg=com.excelliance.dualaid&api=26&release=8.0.0&abi=armeabi-v7a&abi2=armeabi&abilist=arm64-v8a%2Carmeabi-v7a%2Carmeabi&abilist32=armeabi-v7a%2Carmeabi&abilist64=arm64-v8a&brand=HONOR&manufacturer=HUAWEI&model=STF-AL10&product=STF-AL10&issl=1&sign=30820271308201daa0030201020204520332c2300d06092a864886f70d0101050500307c310b300906035504061302434e3111300f060355040813085368616e
06-24 16:21:22.966 D/VersionManager(21171): httpsRequest getURL = https://mto.multiopen.cn/dynamicphoneres.php?sdkver=2009&apkver=466&vn=4.0.6&compver=54302&mainver=231200&ver=eyJoaTYyNTBfbGF1bmNoIjoiMCIsImhpNjI1MF9hcHBsaXN0IjoiMCIsImhpNjI1MF9ub3RpZmlj%0AYXRpb24iOiIwIn0%3D%0A&chid=10019&subchid=1&type=20&uflag=2&pkg=com.excelliance.dualaid&api=26&release=8.0.0&abi=armeabi-v7a&abi2=armeabi&abilist=arm64-v8a%2Carmeabi-v7a%2Carmeabi&abilist32=armeabi-v7a%2Carmeabi&abilist64=arm64-v8a&brand=HONOR&manufacturer=HUAWEI&model=STF-AL10&product=STF-AL10&issl=1&sign=30820271308201daa0030201020204520332c2300d06092a864886f70d0101050500307c310b300906035504061302434e3111300f060355040813085368616e
06-24 16:21:22.968 I/HwCust  (21138): Constructor found for class android.content.res.HwCustHwResourcesImpl
06-24 16:21:22.968 D/HwCust  (21138): Create obj success use class android.content.res.HwCustHwResourcesImpl
06-24 16:21:22.981 W/X509TrustManager(21138): checkServerTrusted: SignatureException:null
06-24 16:21:22.982 W/X509TrustManager(21138): checkServerTrusted: SignatureException:error:04000073:RSA routines:OPENSSL_internal:DATA_TOO_LARGE_FOR_MODULUS
06-24 16:21:22.984 D/PMS11423(  657): package:com.tencent.mm, input flags:0, output hwFlags:0
06-24 16:21:22.986 D/PMS11423(  657): package:com.tencent.mobileqq, input flags:0, output hwFlags:0
06-24 16:21:23.004 D/PMS11423(  657): package:com.tencent.mobileqq, input flags:0, output hwFlags:0
06-24 16:21:23.006 D/PMS11423(  657): package:com.ifreetalk.ftalk, input flags:0, output hwFlags:0
06-24 16:21:23.012 W/X509TrustManager(21171): checkServerTrusted: SignatureException:null
06-24 16:21:23.012 W/X509TrustManager(21171): checkServerTrusted: SignatureException:error:04000073:RSA routines:OPENSSL_internal:DATA_TOO_LARGE_FOR_MODULUS
06-24 16:21:23.013 D/HwRecentsLockUtils( 1513): Search
06-24 16:21:23.013 E/HsmCoreServiceImpl( 1478): onTransact in code is: 103
06-24 16:21:23.013 I/MediaProcessHandler( 1478): playingUids: 
06-24 16:21:23.013 D/ActivityManager(  657): Skipping, home or recents stack task: TaskRecord{333215f #15658 A=com.huawei.android.launcher U=0 StackId=0 sz=1}
06-24 16:21:23.013 D/ActivityManager(  657): Skipping intent:act=android.intent.action.MAIN cat=[android.intent.category.LAUNCHER] flg=0x10a00000 cmp=io.appium.settings/.Settings
06-24 16:21:23.013 D/ActivityManager(  657): Skipping intent:flg=0x10804000 cmp=com.android.systemui/.recents.RecentsActivity bnds=[48,928][1032,2296]
06-24 16:21:23.013 D/ActivityManager(  657): Skipping intent:flg=0x18800000 cmp=com.tencent.mm/.plugin.base.stub.WXPayEntryActivity
06-24 16:21:23.013 D/ActivityManager(  657): Skipping intent:flg=0x10800000 cmp=com.huawei.systemmanager/com.huawei.permissionmanager.ui.MainActivity
06-24 16:21:23.013 D/ActivityManager(  657): Skipping intent:flg=0x18800000 cmp=com.tencent.mm/.plugin.base.stub.WXEntryActivity
06-24 16:21:23.013 D/ActivityManager(  657): Skipping intent:act=com.huawei.action.VOICE_ASSISTANT flg=0x10800000 pkg=com.huawei.vassistant cmp=com.huawei.vassistant/.ui.main.VAssistantActivity
06-24 16:21:23.014 D/ActivityManager(  657): Skipping intent:act=com.huawei.android.launcher.action.ACCESS_SPLIT_SCREEN_APP cat=[android.intent.category.DEFAULT] flg=0x10804000 cmp=com.huawei.android.launcher/.splitscreen.SplitScreenAppActivity
06-24 16:21:23.014 D/ActivityManager(  657): Skipping intent:flg=0x10800000 pkg=com.excelliance.dualaid.b64 cmp=com.excelliance.dualaid.b64/com.excelliance.kxqp.sdk.PermissionRequestActivity
06-24 16:21:23.014 D/ActivityManager(  657): Skipping intent:act=android.intent.action.VIEW dat=content://com.excelliance.dualaid.fileProvider/external_storage_root/Download/apk/Multiple_64.apk typ=application/vnd.android.package-archive flg=0x10800001 cmp=com.android.packageinstaller/.InstallStart
06-24 16:21:23.014 D/ActivityManager(  657): Skipping intent:flg=0x10800000 cmp=com.android.systemui/.usb.HwUsbDebuggingActivity
06-24 16:21:23.014 D/ActivityManager(  657): Skipping intent:act=android.deviceinfo.chooser.action.LAUNCH flg=0x10800000 hwFlg=0x100 pkg=com.android.settings cmp=com.android.settings/.deviceinfo.UsbConnModeChooserActivity
06-24 16:21:23.014 D/ActivityManager(  657): Skipping intent:flg=0x10800000 cmp=com.zol.android/.push.KeepLiveActivity
06-24 16:21:23.014 D/ActivityManager(  657): Skipping intent:act=android.intent.action.MAIN cat=[android.intent.category.HOME] flg=0x10800300 cmp=com.android.settings/.FallbackHome
06-24 16:21:23.023 D/PMS11423(  657): package:com.ifreetalk.ftalk, input flags:0, output hwFlags:0
06-24 16:21:23.024 V/HelloActivity(21138): end add appType：0
06-24 16:21:23.028 I/zygote  (21138): Do partial code cache collection, code=63KB, data=51KB
06-24 16:21:23.028 I/zygote  (21138): After code cache collection, code=62KB, data=51KB
06-24 16:21:23.028 I/zygote  (21138): Increasing code cache capacity to 256KB
06-24 16:21:23.030 D/HelloActivity(21138): onSuccess: respone:{"code":1,"message":"success","data":{"switch":1},"service":"onekeyswitch"}
06-24 16:21:23.041 D/ActivityThread(21138): add activity client record, r= ActivityRecord{2c2a792 token=android.os.BinderProxy@f7a1593 {com.excelliance.dualaid/com.excelliance.kxqp.ui.HelloActivity}} token= android.os.BinderProxy@f7a1593
06-24 16:21:23.043 D/OpenGLRenderer(21138):   HWUI Binary is  enabled
06-24 16:21:23.044 V/WindowManager(  657): Adding Window{a3353ca u0 com.excelliance.dualaid/com.excelliance.kxqp.ui.HelloActivity} to AppWindowToken{c61417d token=Token{f493bd4 ActivityRecord{27bdd27 u0 com.excelliance.dualaid/com.excelliance.kxqp.ui.HelloActivity t16037}}}
06-24 16:21:23.045 V/WindowManager(  657): addWindow: New client android.os.BinderProxy@99c2335: window=Window{a3353ca u0 com.excelliance.dualaid/com.excelliance.kxqp.ui.HelloActivity} Callers=com.android.server.wm.HwWindowManagerService.addWindow:562 com.android.server.wm.Session.addToDisplay:199 android.view.IWindowSession$Stub.onTransact:124 com.android.server.wm.Session.onTransact:161 android.os.Binder.execTransact:675 
06-24 16:21:23.046 V/MainActivity(21138): onWindowFocusChanged: false
06-24 16:21:23.046 D/MainActivity(21138): onWindowFocusChanged: end
06-24 16:21:23.046 D/HelloActivity(21138): upload: com.tencent.mm,com.tencent.mobileqq,com.ifreetalk.ftalk
06-24 16:21:23.049 E/SmtServService(21171): firststartcom.tencent.mm,com.tencent.mobileqq,com.ifreetalk.ftalk
06-24 16:21:23.049 D/OpenGLRenderer(21138):   HWUI Binary is  enabled
06-24 16:21:23.051 D/PMS11423(  657): package:com.android.mms, input flags:0, output hwFlags:0
06-24 16:21:23.051 D/PMS11423(  657): package:com.android.settings, input flags:0, output hwFlags:0
06-24 16:21:23.052 D/PMS11423(  657): package:com.android.contacts, input flags:0, output hwFlags:0
06-24 16:21:23.066 D/PMS1000 (  657): package:com.excelliance.dualaid, input flags:8192, output hwFlags:0
06-24 16:21:23.066 D/VersionManager(21171): xml=<?xml version="1.0" encoding="utf-8"?><upinfo></upinfo>
06-24 16:21:23.067 W/HSM     ( 1813): HoldService:toast switch is close!
06-24 16:21:23.068 D/ApplicationPackageManager(21138): getInstalledApplications blocked
06-24 16:21:23.068 D/HsmInterfaceImpl(21138): List [ApplicationInfo{c67b351 com.huawei.hifolder}, ApplicationInfo{27037b6 com.github.shadowsocks}, ApplicationInfo{7855cb7 com.excelliance.dualaid}]
06-24 16:21:23.071 V/WindowManager(  657): Checking 1 opening apps (frozen=false timeout=false)...
06-24 16:21:23.071 V/WindowManager(  657): Check opening app=AppWindowToken{c61417d token=Token{f493bd4 ActivityRecord{27bdd27 u0 com.excelliance.dualaid/com.excelliance.kxqp.ui.HelloActivity t16037}}}: allDrawn=false startingDisplayed=false startingMoved=false isRelaunching()=false
06-24 16:21:23.073 V/HwPhoneWindowManager(  657): updateSystemUiColorLw window=Window{a3353ca u0 com.excelliance.dualaid/com.excelliance.kxqp.ui.HelloActivity},EmuiStyle=0,StatusBarColor=0x0,NavigationBarColor=0xff000000, mLastIsEmuiLightStyle=-1
06-24 16:21:23.073 D/HwPhoneWindowManager(  657): Transact:setSystemUIColor to status bar service
06-24 16:21:23.073 I/CommandQueue( 1513): updateBarBgColor
06-24 16:21:23.073 D/CommandQueue( 1513): CommandQueue, setBarBackgroundColor
06-24 16:21:23.074 D/TintManager( 1513): statusBarIconTint=#99FFFFFF,navigationBarIconTint=#FF000000
06-24 16:21:23.074 I/WindowManager(  657): notifyAccessibilityButtonVisibilityChanged visible:false
06-24 16:21:23.074 W/ActivityManager(  657): Sending non-protected broadcast huawei.action.floattasks.STATUS_BAR_STATE_CHANGED from system 1513:com.android.systemui/u0a39 pkg com.android.systemui
06-24 16:21:23.075 V/WindowManager(  657): Checking 1 opening apps (frozen=false timeout=false)...
06-24 16:21:23.075 V/WindowManager(  657): Check opening app=AppWindowToken{c61417d token=Token{f493bd4 ActivityRecord{27bdd27 u0 com.excelliance.dualaid/com.excelliance.kxqp.ui.HelloActivity t16037}}}: allDrawn=false startingDisplayed=false startingMoved=false isRelaunching()=false
06-24 16:21:23.077 I/GRALLOC (  679): 	 shrFd=10,fmt=0x1,intFmt=0x200000001,btStrd=4352,size=8486912,pid=679 
06-24 16:21:23.077 I/GRALLOC (  679): 	 yuv=2,w=1080,h=1920,Stride u=0 v=0,offset u=0 v=0 
06-24 16:21:23.077 I/GRALLOC (  679): 	 iova_size=8486912,conUsg=0x900,proUsg=0x900,	 strd=1088,[afbc]HdrStrd=1088 PyldStrd=69632 Scrmbl=2,ionhnd = 1 
06-24 16:21:23.078 D/PMS11423(  657): package:com.tencent.tmgp.qqx5, input flags:0, output hwFlags:0
06-24 16:21:23.078 V/WindowManager(  657): Checking 1 opening apps (frozen=false timeout=false)...
06-24 16:21:23.078 V/WindowManager(  657): Check opening app=AppWindowToken{c61417d token=Token{f493bd4 ActivityRecord{27bdd27 u0 com.excelliance.dualaid/com.excelliance.kxqp.ui.HelloActivity t16037}}}: allDrawn=false startingDisplayed=false startingMoved=false isRelaunching()=false
06-24 16:21:23.078 D/PMS11423(  657): package:com.huawei.android.pushagent, input flags:0, output hwFlags:0
06-24 16:21:23.078 D/PMS11423(  657): package:com.huawei.appmarket, input flags:0, output hwFlags:0
06-24 16:21:23.078 D/PMS11423(  657): package:com.wandoujia.phoenix2, input flags:0, output hwFlags:0
06-24 16:21:23.078 D/PMS11423(  657): package:com.tencent.mm, input flags:0, output hwFlags:0
06-24 16:21:23.078 D/PMS11423(  657): package:com.android.providers.media, input flags:0, output hwFlags:0
06-24 16:21:23.079 D/PMS11423(  657): package:com.huawei.vassistant, input flags:0, output hwFlags:0
06-24 16:21:23.079 D/PMS11423(  657): package:com.android.contacts, input flags:0, output hwFlags:0
06-24 16:21:23.079 D/PMS11423(  657): package:com.facebook.katana, input flags:0, output hwFlags:0
06-24 16:21:23.079 D/PMS11423(  657): package:com.huawei.hidisk, input flags:0, output hwFlags:536870912
06-24 16:21:23.079 D/PMS11423(  657): package:com.huawei.trustcircle, input flags:0, output hwFlags:0
06-24 16:21:23.079 I/GRALLOC (  679): 	 shrFd=10,fmt=0x1,intFmt=0x200000001,btStrd=4352,size=8486912,pid=679 
06-24 16:21:23.079 I/GRALLOC (  679): 	 yuv=2,w=1080,h=1920,Stride u=0 v=0,offset u=0 v=0 
06-24 16:21:23.079 I/GRALLOC (  679): 	 iova_size=8486912,conUsg=0x900,proUsg=0x900,	 strd=1088,[afbc]HdrStrd=1088 PyldStrd=69632 Scrmbl=2,ionhnd = 1 
06-24 16:21:23.079 W//system/bin/hwservicemanager(  416): Cannot open /odm/manifest.xml
06-24 16:21:23.079 D/PMS11423(  657): package:com.jingdong.app.mall, input flags:0, output hwFlags:0
06-24 16:21:23.080 D/PMS11423(  657): package:com.tencent.mobileqq, input flags:0, output hwFlags:0
06-24 16:21:23.080 I/GRALLOC (  679): 	 shrFd=10,fmt=0x1,intFmt=0x200000001,btStrd=4352,size=8486912,pid=679 
06-24 16:21:23.080 I/GRALLOC (  679): 	 yuv=2,w=1080,h=1920,Stride u=0 v=0,offset u=0 v=0 
06-24 16:21:23.080 I/GRALLOC (  679): 	 iova_size=8486912,conUsg=0x900,proUsg=0x900,	 strd=1088,[afbc]HdrStrd=1088 PyldStrd=69632 Scrmbl=2,ionhnd = 1 
06-24 16:21:23.080 D/PMS11423(  657): package:com.zol.android, input flags:0, output hwFlags:0
06-24 16:21:23.080 D/PMS11423(  657): package:com.huawei.hiskytone, input flags:0, output hwFlags:603979776
06-24 16:21:23.080 D/PMS11423(  657): package:com.huawei.hwid, input flags:0, output hwFlags:0
06-24 16:21:23.080 D/PMS11423(  657): package:com.sina.weibo, input flags:0, output hwFlags:0
06-24 16:21:23.080 D/mali_winsys(21138): EGLint new_window_surface(egl_winsys_display *, void *, EGLSurface, EGLConfig, egl_winsys_surface **, egl_color_buffer_format *, EGLBoolean) returns 0x3000
06-24 16:21:23.081 D/PMS11423(  657): package:com.antutu.ABenchMark, input flags:0, output hwFlags:0
06-24 16:21:23.081 D/PMS11423(  657): package:com.sankuai.meituan.takeoutnew, input flags:0, output hwFlags:0
06-24 16:21:23.081 D/PMS11423(  657): package:com.vmall.client, input flags:0, output hwFlags:67108864
06-24 16:21:23.081 D/PMS11423(  657): package:com.android.browser, input flags:0, output hwFlags:0
06-24 16:21:23.081 D/PMS11423(  657): package:com.eg.android.AlipayGphone, input flags:0, output hwFlags:0
06-24 16:21:23.082 D/PMS11423(  657): package:com.android.mediacenter, input flags:0, output hwFlags:0
06-24 16:21:23.082 D/PMS11423(  657): package:com.huawei.himovie, input flags:0, output hwFlags:0
06-24 16:21:23.082 D/PMS11423(  657): package:com.huawei.hnreader, input flags:0, output hwFlags:67108864
06-24 16:21:23.082 D/PMS11423(  657): package:com.twitter.android, input flags:0, output hwFlags:0
06-24 16:21:23.082 D/PMS11423(  657): package:com.baidu.input_huawei, input flags:0, output hwFlags:0
06-24 16:21:23.082 D/PMS11423(  657): package:com.google.android.gms, input flags:0, output hwFlags:0
06-24 16:21:23.083 D/PMS11423(  657): package:com.sankuai.meituan, input flags:0, output hwFlags:0
06-24 16:21:23.083 D/PMS11423(  657): package:com.tencent.news, input flags:0, output hwFlags:0
06-24 16:21:23.083 D/PMS11423(  657): package:com.iflytek.speechsuite, input flags:0, output hwFlags:0
06-24 16:21:23.083 D/PMS11423(  657): package:com.qzone, input flags:0, output is null
06-24 16:21:23.083 D/PMS11423(  657): package:com.tencent.android.qqdownloader, input flags:0, output hwFlags:0
06-24 16:21:23.083 D/PMS11423(  657): package:com.tencent.now, input flags:0, output is null
06-24 16:21:23.083 D/PMS11423(  657): package:com.ifreetalk.ftalk, input flags:0, output hwFlags:0
06-24 16:21:23.083 D/PMS11423(  657): package:com.taobao.taobao, input flags:0, output hwFlags:0
06-24 16:21:23.084 D/PMS11423(  657): package:com.android.gallery3d, input flags:0, output hwFlags:0
06-24 16:21:23.084 D/PMS11423(  657): package:com.pp.assistant, input flags:0, output hwFlags:0
06-24 16:21:23.084 D/PMS11423(  657): package:com.oppo.market, input flags:0, output hwFlags:0
06-24 16:21:23.084 D/PMS11423(  657): package:com.excean.wxaid, input flags:0, output hwFlags:0
06-24 16:21:23.084 D/PMS11423(  657): package:com.huawei.intelligent, input flags:0, output hwFlags:0
06-24 16:21:23.084 D/PMS11423(  657): package:com.google.android.backuptransport, input flags:0, output hwFlags:0
06-24 16:21:23.084 D/PMS11423(  657): package:com.huawei.skytone, input flags:0, output hwFlags:0
06-24 16:21:23.085 D/PMS11423(  657): package:com.estrongs.android.pop, input flags:0, output hwFlags:0
06-24 16:21:23.085 D/PMS11423(  657): package:com.redfinger.app, input flags:0, output hwFlags:0
06-24 16:21:23.085 D/PMS11423(  657): package:com.android.vending, input flags:0, output hwFlags:0
06-24 16:21:23.085 D/PMS11423(  657): package:org.hapjs.mockup, input flags:0, output hwFlags:0
06-24 16:21:23.085 D/PMS11423(  657): package:com.huawei.gamebox, input flags:0, output hwFlags:603979776
06-24 16:21:23.085 D/PMS11423(  657): package:com.tencent.tmgp.pubgmhd-ext, input flags:0, output is null
06-24 16:21:23.085 D/PMS11423(  657): package:com.stickgame.los2, input flags:0, output hwFlags:0
06-24 16:21:23.085 D/PMS11423(  657): package:com.qihoo.appstore, input flags:0, output hwFlags:0
06-24 16:21:23.086 D/PMS11423(  657): package:com.huawei.android.thememanager, input flags:0, output hwFlags:0
06-24 16:21:23.086 D/PMS11423(  657): package:com.excean.parallelspace, input flags:0, output hwFlags:0
06-24 16:21:23.086 D/PMS11423(  657): package:com.UCMobile, input flags:0, output hwFlags:0
06-24 16:21:23.086 D/PMS11423(  657): package:com.bbk.appstore, input flags:0, output hwFlags:0
06-24 16:21:23.086 D/PMS11423(  657): package:com.excean.ppaid, input flags:0, output hwFlags:0
06-24 16:21:23.086 D/PMS11423(  657): package:com.netease.blockchain, input flags:0, output hwFlags:0
06-24 16:21:23.086 D/PMS11423(  657): package:com.huawei.camera, input flags:0, output hwFlags:0
06-24 16:21:23.087 D/PMS11423(  657): package:com.sinovatech.unicom.ui, input flags:0, output hwFlags:0
06-24 16:21:23.087 D/PMS11423(  657): package:com.huawei.phoneservice, input flags:0, output hwFlags:0
06-24 16:21:23.087 D/PMS11423(  657): package:com.crisisfire.android.nearme.gamecenter, input flags:0, output hwFlags:0
06-24 16:21:23.087 D/PMS11423(  657): package:com.antutu.benchmark.full, input flags:0, output hwFlags:0
06-24 16:21:23.087 D/PMS11423(  657): package:com.xunmeng.pinduoduo, input flags:0, output hwFlags:0
06-24 16:21:23.087 D/PMS11423(  657): package:com.zhuowang.cloneapp, input flags:0, output hwFlags:0
06-24 16:21:23.087 D/PMS11423(  657): package:com.excean.parallelspace.b64, input flags:0, output hwFlags:0
06-24 16:21:23.087 D/PMS11423(  657): package:com.excelliance.multiaccounts.b64, input flags:0, output hwFlags:0
06-24 16:21:23.088 D/PMS11423(  657): package:com.xiangyou.multispace, input flags:0, output hwFlags:0
06-24 16:21:23.088 D/PMS11423(  657): package:com.youlong.multiaccount, input flags:0, output hwFlags:0
06-24 16:21:23.088 D/PMS11423(  657): package:com.gameloft.android.ANMP.GloftA9HM, input flags:0, output hwFlags:0
06-24 16:21:23.088 D/PMS11423(  657): package:com.excelliance.dualaid.b64, input flags:0, output hwFlags:0
06-24 16:21:23.088 D/AddGameData(21138): switch_uninstall: 70
06-24 16:21:23.091 D/PMS1000 (  657): package:com.excelliance.dualaid, input flags:8192, output hwFlags:0
06-24 16:21:23.091 W/InputMethodManager(21138): startInputReason = 1
06-24 16:21:23.092 W/HSM     ( 1813): HoldService:toast switch is close!
06-24 16:21:23.092 D/ApplicationPackageManager(21138): queryIntentActivitiesAsUser blocked, Intent { act=android.intent.action.MAIN cat=[android.intent.category.LAUNCHER] pkg=com.huawei.hifolder }
06-24 16:21:23.092 D/HsmInterfaceImpl(21138): List []
06-24 16:21:23.094 I/wangchen( 7035): SysInfo.getSysParam: orientation=1||config d=3.0,w=1080,h=1920||metrics d=3.0,w=1080,h=1920||sdk=26,bar_h=72
06-24 16:21:23.094 I/KeymapLoader( 7035): w=1080 h=1920 ori=true appScale=3.3 s1=3.0
06-24 16:21:23.094 D/PMS1000 (  657): package:com.excelliance.dualaid, input flags:8192, output hwFlags:0
06-24 16:21:23.095 W/HSM     ( 1813): HoldService:toast switch is close!
06-24 16:21:23.096 D/ApplicationPackageManager(21138): queryIntentActivitiesAsUser blocked, Intent { act=android.intent.action.MAIN cat=[android.intent.category.LAUNCHER] pkg=com.github.shadowsocks }
06-24 16:21:23.096 D/HsmInterfaceImpl(21138): List [ResolveInfo{da7c7d9 com.github.shadowsocks/.MainActivity m=0x108000}]
06-24 16:21:23.116 I/GRALLOC (  679): 	 shrFd=10,fmt=0x1,intFmt=0x200000001,btStrd=4352,size=8486912,pid=679 
06-24 16:21:23.116 I/GRALLOC (  679): 	 yuv=2,w=1080,h=1920,Stride u=0 v=0,offset u=0 v=0 
06-24 16:21:23.116 I/GRALLOC (  679): 	 iova_size=8486912,conUsg=0xb00,proUsg=0xb00,	 strd=1088,[afbc]HdrStrd=1088 PyldStrd=69632 Scrmbl=2,ionhnd = 1 
06-24 16:21:23.119 D/PMS1000 (  657): package:com.excelliance.dualaid, input flags:8192, output hwFlags:0
06-24 16:21:23.120 W/HSM     ( 1813): HoldService:toast switch is close!
06-24 16:21:23.120 D/ApplicationPackageManager(21138): queryIntentActivitiesAsUser blocked, Intent { act=android.intent.action.MAIN cat=[android.intent.category.LAUNCHER] pkg=com.excelliance.dualaid }
06-24 16:21:23.120 D/HsmInterfaceImpl(21138): List [ResolveInfo{537987f com.excelliance.dualaid/com.excelliance.kxqp.ui.HelloActivity m=0x108000}]
06-24 16:21:23.123 D/WindowManager(  657): finishDrawingWindow: Window{a3353ca u0 com.excelliance.dualaid/com.excelliance.kxqp.ui.HelloActivity} mDrawState=DRAW_PENDING
06-24 16:21:23.124 V/WindowManager(  657): Checking 1 opening apps (frozen=false timeout=false)...
06-24 16:21:23.125 V/WindowManager(  657): Check opening app=AppWindowToken{c61417d token=Token{f493bd4 ActivityRecord{27bdd27 u0 com.excelliance.dualaid/com.excelliance.kxqp.ui.HelloActivity t16037}}}: allDrawn=true startingDisplayed=false startingMoved=false isRelaunching()=false
06-24 16:21:23.129 I/ActivityManager(  657): Displayed com.excelliance.dualaid/com.excelliance.kxqp.ui.HelloActivity: +218ms
06-24 16:21:23.133 V/WindowManager(  657): Checking 0 opening apps (frozen=false timeout=false)...
06-24 16:21:23.134 D/BarTransitions.HwPhoneStatusBarView( 1513): MODE_TRANSLUCENT -> MODE_TRANSPARENT animate=false
06-24 16:21:23.134 D/BarTransitions.HwPhoneStatusBarView( 1513): applyModeBackground oldMode=MODE_TRANSLUCENT newMode=MODE_TRANSPARENT animate=false
06-24 16:21:23.134 D/BarTransitions.HwNavigationBarView( 1513): MODE_OPAQUE -> MODE_TRANSPARENT animate=false
06-24 16:21:23.134 D/BarTransitions.HwNavigationBarView( 1513): applyModeBackground oldMode=MODE_OPAQUE newMode=MODE_TRANSPARENT animate=false
06-24 16:21:23.138 I/GRALLOC (  679): 	 shrFd=10,fmt=0x1,intFmt=0x200000001,btStrd=4352,size=8486912,pid=679 
06-24 16:21:23.138 I/GRALLOC (  679): 	 yuv=2,w=1080,h=1920,Stride u=0 v=0,offset u=0 v=0 
06-24 16:21:23.138 I/GRALLOC (  679): 	 iova_size=8486912,conUsg=0xb00,proUsg=0xb00,	 strd=1088,[afbc]HdrStrd=1088 PyldStrd=69632 Scrmbl=2,ionhnd = 1 
06-24 16:21:23.143 I/GRALLOC (  679): 	 shrFd=10,fmt=0x1,intFmt=0x200000001,btStrd=4352,size=8486912,pid=679 
06-24 16:21:23.143 I/GRALLOC (  679): 	 yuv=2,w=1080,h=1920,Stride u=0 v=0,offset u=0 v=0 
06-24 16:21:23.143 I/GRALLOC (  679): 	 iova_size=8486912,conUsg=0xb00,proUsg=0xb00,	 strd=1088,[afbc]HdrStrd=1088 PyldStrd=69632 Scrmbl=2,ionhnd = 1 
06-24 16:21:23.147 E/BufferQueueProducer(  710): [com.excelliance.dualaid/com.excelliance.kxqp.swipe.NavActivity2#0] disconnect: not connected (req=1)
06-24 16:21:23.147 W/libEGL  (21138): EGLNativeWindowType 0xd0cec808 disconnect failed
06-24 16:21:23.153 D/PMS1000 (  657): package:com.excelliance.dualaid, input flags:8192, output hwFlags:0
06-24 16:21:23.154 W/HSM     ( 1813): HoldService:toast switch is close!
06-24 16:21:23.155 D/ApplicationPackageManager(21138): queryIntentActivitiesAsUser blocked, Intent { act=android.intent.action.MAIN cat=[android.intent.category.LAUNCHER] pkg=com.tencent.tmgp.qqx5 }
06-24 16:21:23.155 D/HsmInterfaceImpl(21138): List [ResolveInfo{7c40895 com.tencent.tmgp.qqx5/.DGMMainActivity m=0x108000}]
06-24 16:21:23.198 W/HSM     ( 1813): HoldService:toast switch is close!
06-24 16:21:23.199 D/ApplicationPackageManager(21138): queryIntentActivitiesAsUser blocked, Intent { act=android.intent.action.MAIN cat=[android.intent.category.LAUNCHER] pkg=com.huawei.android.pushagent }
06-24 16:21:23.199 D/HsmInterfaceImpl(21138): List []
06-24 16:21:23.202 W/HSM     ( 1813): HoldService:toast switch is close!
06-24 16:21:23.203 D/ApplicationPackageManager(21138): queryIntentActivitiesAsUser blocked, Intent { act=android.intent.action.MAIN cat=[android.intent.category.LAUNCHER] pkg=com.huawei.appmarket }
06-24 16:21:23.203 D/HsmInterfaceImpl(21138): List [ResolveInfo{8b73d9b com.huawei.appmarket/.MainActivity m=0x108000}]
06-24 16:21:23.206 E/asset   (21138): createFromFile(): lock file /data/resource-cache/system@emui@base@overlay@frameworkhwexthonor@frameworkhwexthonor.apk@idmap.
06-24 16:21:23.207 E/asset   (21138): createFromFile(): lock file /data/resource-cache/system@emui@base@overlay@frameworkhwexthonor@frameworkhwexthonor.apk@idmap.
06-24 16:21:23.207 W/ResourceType(21138): Found multiple library tables, ignoring...
06-24 16:21:23.230 D/HwRecentsLockUtils( 1513): Search
06-24 16:21:23.231 E/HsmCoreServiceImpl( 1478): onTransact in code is: 103
06-24 16:21:23.231 I/MediaProcessHandler( 1478): playingUids: 
06-24 16:21:23.231 D/ActivityManager(  657): Skipping, home or recents stack task: TaskRecord{333215f #15658 A=com.huawei.android.launcher U=0 StackId=0 sz=1}
06-24 16:21:23.231 D/ActivityManager(  657): Skipping intent:act=android.intent.action.MAIN cat=[android.intent.category.LAUNCHER] flg=0x10a00000 cmp=io.appium.settings/.Settings
06-24 16:21:23.231 D/ActivityManager(  657): Skipping intent:flg=0x10804000 cmp=com.android.systemui/.recents.RecentsActivity bnds=[48,928][1032,2296]
06-24 16:21:23.231 D/ActivityManager(  657): Skipping intent:flg=0x18800000 cmp=com.tencent.mm/.plugin.base.stub.WXPayEntryActivity
06-24 16:21:23.231 D/ActivityManager(  657): Skipping intent:flg=0x10800000 cmp=com.huawei.systemmanager/com.huawei.permissionmanager.ui.MainActivity
06-24 16:21:23.231 D/ActivityManager(  657): Skipping intent:flg=0x18800000 cmp=com.tencent.mm/.plugin.base.stub.WXEntryActivity
06-24 16:21:23.231 D/ActivityManager(  657): Skipping intent:act=com.huawei.action.VOICE_ASSISTANT flg=0x10800000 pkg=com.huawei.vassistant cmp=com.huawei.vassistant/.ui.main.VAssistantActivity
06-24 16:21:23.231 D/ActivityManager(  657): Skipping intent:act=com.huawei.android.launcher.action.ACCESS_SPLIT_SCREEN_APP cat=[android.intent.category.DEFAULT] flg=0x10804000 cmp=com.huawei.android.launcher/.splitscreen.SplitScreenAppActivity
06-24 16:21:23.231 D/ActivityManager(  657): Skipping intent:flg=0x10800000 pkg=com.excelliance.dualaid.b64 cmp=com.excelliance.dualaid.b64/com.excelliance.kxqp.sdk.PermissionRequestActivity
06-24 16:21:23.231 D/ActivityManager(  657): Skipping intent:act=android.intent.action.VIEW dat=content://com.excelliance.dualaid.fileProvider/external_storage_root/Download/apk/Multiple_64.apk typ=application/vnd.android.package-archive flg=0x10800001 cmp=com.android.packageinstaller/.InstallStart
06-24 16:21:23.231 D/ActivityManager(  657): Skipping intent:flg=0x10800000 cmp=com.android.systemui/.usb.HwUsbDebuggingActivity
06-24 16:21:23.231 D/ActivityManager(  657): Skipping intent:act=android.deviceinfo.chooser.action.LAUNCH flg=0x10800000 hwFlg=0x100 pkg=com.android.settings cmp=com.android.settings/.deviceinfo.UsbConnModeChooserActivity
06-24 16:21:23.231 D/ActivityManager(  657): Skipping intent:flg=0x10800000 cmp=com.zol.android/.push.KeepLiveActivity
06-24 16:21:23.231 D/ActivityManager(  657): Skipping intent:act=android.intent.action.MAIN cat=[android.intent.category.HOME] flg=0x10800300 cmp=com.android.settings/.FallbackHome
06-24 16:21:23.236 D/PMS1000 (  657): package:com.excelliance.dualaid, input flags:8192, output hwFlags:0
06-24 16:21:23.237 W/HSM     ( 1813): HoldService:toast switch is close!
06-24 16:21:23.237 D/ApplicationPackageManager(21138): queryIntentActivitiesAsUser blocked, Intent { act=android.intent.action.MAIN cat=[android.intent.category.LAUNCHER] pkg=com.wandoujia.phoenix2 }
06-24 16:21:23.237 D/HsmInterfaceImpl(21138): List [ResolveInfo{67f8a76 com.wandoujia.phoenix2/com.pp.assistant.activity.PPMainActivity m=0x108000}]
06-24 16:21:23.265 W/HSM     ( 1813): HoldService:toast switch is close!
06-24 16:21:23.266 D/ApplicationPackageManager(21138): queryIntentActivitiesAsUser blocked, Intent { act=android.intent.action.MAIN cat=[android.intent.category.LAUNCHER] pkg=com.tencent.mm }
06-24 16:21:23.266 D/HsmInterfaceImpl(21138): List [ResolveInfo{222dce4 com.tencent.mm/.ui.LauncherUI m=0x108000}]
06-24 16:21:23.278 D/PMS1000 (  657): package:com.excelliance.dualaid, input flags:8192, output hwFlags:0
06-24 16:21:23.279 W/HSM     ( 1813): HoldService:toast switch is close!
06-24 16:21:23.279 D/ApplicationPackageManager(21138): queryIntentActivitiesAsUser blocked, Intent { act=android.intent.action.MAIN cat=[android.intent.category.LAUNCHER] pkg=com.android.providers.media }
06-24 16:21:23.279 D/HsmInterfaceImpl(21138): List []
06-24 16:21:23.282 W/HSM     ( 1813): HoldService:toast switch is close!
06-24 16:21:23.282 D/ApplicationPackageManager(21138): queryIntentActivitiesAsUser blocked, Intent { act=android.intent.action.MAIN cat=[android.intent.category.LAUNCHER] pkg=com.huawei.vassistant }
06-24 16:21:23.282 D/HsmInterfaceImpl(21138): List [ResolveInfo{47db54d com.huawei.vassistant/.ui.main.VAssistantActivity m=0x108000}]
06-24 16:21:23.285 E/asset   (21138): createFromFile(): lock file /data/resource-cache/system@emui@base@overlay@frameworkhwexthonor@frameworkhwexthonor.apk@idmap.
06-24 16:21:23.286 E/asset   (21138): createFromFile(): lock file /data/resource-cache/system@emui@base@overlay@frameworkhwexthonor@frameworkhwexthonor.apk@idmap.
06-24 16:21:23.286 W/ResourceType(21138): Found multiple library tables, ignoring...
06-24 16:21:23.332 W/HSM     ( 1813): HoldService:toast switch is close!
06-24 16:21:23.333 D/ApplicationPackageManager(21138): queryIntentActivitiesAsUser blocked, Intent { act=android.intent.action.MAIN cat=[android.intent.category.LAUNCHER] pkg=com.facebook.katana }
06-24 16:21:23.333 D/HsmInterfaceImpl(21138): List [ResolveInfo{ba2e350 com.facebook.katana/.LoginActivity m=0x108000}]
06-24 16:21:23.349 V/ActivityManager(  657): Making visible and scheduling visibility: ActivityRecord{d5c9105 u0 com.huawei.android.launcher/.unihome.UniHomeLauncher t15658}
06-24 16:21:23.349 V/WindowManager(  657): No longer Stopped: AppWindowToken{d3a938b token=Token{377755a ActivityRecord{d5c9105 u0 com.huawei.android.launcher/.unihome.UniHomeLauncher t15658}}}
06-24 16:21:23.396 D/ActivityThread(21138): Remove activity client record, r= ActivityRecord{414755e token=android.os.BinderProxy@31abee5 {com.excelliance.dualaid/com.excelliance.kxqp.swipe.NavActivity2}} token= android.os.BinderProxy@31abee5
06-24 16:21:23.396 V/ActivityThread( 2519): Handle window ActivityRecord{4719bb8 token=android.os.BinderProxy@b3fca27 {com.huawei.android.launcher/com.huawei.android.launcher.unihome.UniHomeLauncher}} visibility: true
06-24 16:21:23.397 E/asset   (21138): createFromFile(): lock file /data/resource-cache/system@emui@base@overlay@frameworkhwexthonor@frameworkhwexthonor.apk@idmap.
06-24 16:21:23.397 E/asset   (21138): createFromFile(): lock file /data/resource-cache/system@emui@base@overlay@frameworkhwexthonor@frameworkhwexthonor.apk@idmap.
06-24 16:21:23.397 W/ResourceType(21138): Found multiple library tables, ignoring...
06-24 16:21:23.399 V/WindowManager(  657): removeIfPossible: Window{d937efe u0 com.excelliance.dualaid/com.excelliance.kxqp.swipe.NavActivity2} callers=com.android.server.wm.WindowState.removeIfPossible:1914 com.android.server.wm.WindowManagerService.removeWindow:2022 com.android.server.wm.Session.remove:218 android.view.IWindowSession$Stub.onTransact:242 com.android.server.wm.Session.onTransact:161 
06-24 16:21:23.399 I/WindowManager(  657): Destroying surface Surface(name=com.excelliance.dualaid/com.excelliance.kxqp.swipe.NavActivity2) called by com.android.server.wm.WindowStateAnimator.destroySurface:2060 com.android.server.wm.WindowStateAnimator.destroySurfaceLocked:873 com.android.server.wm.HwWindowStateAnimator.destroySurfaceLocked:1006 com.android.server.wm.WindowState.removeImmediately:1899 com.android.server.wm.WindowState.removeIfPossible:2051 com.android.server.wm.WindowState.removeIfPossible:1914 com.android.server.wm.WindowManagerService.removeWindow:2022 com.android.server.wm.Session.remove:218 
06-24 16:21:23.400 E/HwLauncher( 2519): SettingsEx , no such field.
06-24 16:21:23.400 W/HwLauncher( 2519): Clock getDataFormat the getSystemString failed.
06-24 16:21:23.400 V/WindowManager(  657): postWindowRemoveCleanupLocked: Window{d937efe u0 com.excelliance.dualaid/com.excelliance.kxqp.swipe.NavActivity2}
06-24 16:21:23.400 V/WindowManager(  657): Removing Window{d937efe u0 com.excelliance.dualaid/com.excelliance.kxqp.swipe.NavActivity2} from AppWindowToken{3c7678b token=Token{3a3195a ActivityRecord{2204505 u0 com.excelliance.dualaid/com.excelliance.kxqp.swipe.NavActivity2 t16037}}}
06-24 16:21:23.402 D/HwQoEUtils(  657): mForegroundAppPackageName: com.huawei.android.launcher ,score: 0
06-24 16:21:23.402 D/HwQoEUtils(  657): onForegroundAppWifiSleepChange: config:false, sleeptime:-1,type: 255, appname:com.huawei.android.launcher
06-24 16:21:23.403 D/HwQoEUtils(  657): APP type: 255 appName= com.huawei.android.launcher
06-24 16:21:23.403 D/HwQoEUtils(  657): no game, APP_TYPE_GAME, appName =com.huawei.android.launcher
06-24 16:21:23.405 D/HwGameAssistantController(  657): pid=2519, uid=10056, foreground=true
06-24 16:21:23.409 W/AwareLog(  657): SchedLevelBoost: onFgActivitiesChanged config not set!
06-24 16:21:23.417 D/mali_winsys( 2519): EGLint new_window_surface(egl_winsys_display *, void *, EGLSurface, EGLConfig, egl_winsys_surface **, egl_color_buffer_format *, EGLBoolean) returns 0x3000
06-24 16:21:23.418 V/WindowManager(  657): removeAppToken: AppWindowToken{3c7678b token=Token{3a3195a ActivityRecord{2204505 u0 com.excelliance.dualaid/com.excelliance.kxqp.swipe.NavActivity2 t16037}}} delayed=false Callers=com.android.server.wm.DisplayContent.removeAppToken:985 com.android.server.wm.AppWindowContainerController.removeContainer:348 com.android.server.am.ActivityRecord.removeWindowContainer:1039 com.android.server.am.ActivityStack.removeActivityFromHistoryLocked:4491 
06-24 16:21:23.419 I/GRALLOC (  679): 	 shrFd=10,fmt=0x1,intFmt=0x200000001,btStrd=4352,size=8486912,pid=679 
06-24 16:21:23.419 I/GRALLOC (  679): 	 yuv=2,w=1080,h=1920,Stride u=0 v=0,offset u=0 v=0 
06-24 16:21:23.419 I/GRALLOC (  679): 	 iova_size=8486912,conUsg=0x900,proUsg=0x900,	 strd=1088,[afbc]HdrStrd=1088 PyldStrd=69632 Scrmbl=2,ionhnd = 1 
06-24 16:21:23.422 I/HwNetworkPolicy(  657): onTransact, code = 203
06-24 16:21:23.422 I/HwNetworkPolicyManager( 1813): getHwUidPolicy uid = 10056 policy = 0
06-24 16:21:23.453 D/PMS1000 (  657): package:com.excelliance.dualaid, input flags:8192, output hwFlags:0
06-24 16:21:23.455 W/HSM     ( 1813): HoldService:toast switch is close!
06-24 16:21:23.456 D/ApplicationPackageManager(21138): queryIntentActivitiesAsUser blocked, Intent { act=android.intent.action.MAIN cat=[android.intent.category.LAUNCHER] pkg=com.huawei.trustcircle }
06-24 16:21:23.456 D/HsmInterfaceImpl(21138): List []
06-24 16:21:23.462 W/HSM     ( 1813): HoldService:toast switch is close!
06-24 16:21:23.463 D/ApplicationPackageManager(21138): queryIntentActivitiesAsUser blocked, Intent { act=android.intent.action.MAIN cat=[android.intent.category.LAUNCHER] pkg=com.jingdong.app.mall }
06-24 16:21:23.463 D/HsmInterfaceImpl(21138): List [ResolveInfo{edae47c com.jingdong.app.mall/.main.MainActivity m=0x108000}]
06-24 16:21:23.467 I/GRALLOC (  679): 	 shrFd=10,fmt=0x1,intFmt=0x200000001,btStrd=4352,size=8486912,pid=679 
06-24 16:21:23.467 I/GRALLOC (  679): 	 yuv=2,w=1080,h=1920,Stride u=0 v=0,offset u=0 v=0 
06-24 16:21:23.467 I/GRALLOC (  679): 	 iova_size=8486912,conUsg=0xb00,proUsg=0xb00,	 strd=1088,[afbc]HdrStrd=1088 PyldStrd=69632 Scrmbl=2,ionhnd = 1 
06-24 16:21:23.485 D/WindowManager(  657): finishDrawingWindow: Window{68d6975 u0 com.huawei.android.launcher/com.huawei.android.launcher.unihome.UniHomeLauncher} mDrawState=DRAW_PENDING
06-24 16:21:23.490 D/ImageWallpaper( 1513): onOffsetsChanged: xOffset=0.0, yOffset=0.0, xOffsetStep=0.0, yOffsetStep=0.0, xPixels=0, yPixels=0
06-24 16:21:23.491 D/ImageWallpaper( 1513): Suppressed drawFrame since redraw is not needed and offsets have not changed.sf=Rect(0, 0 - 2160, 1920)
06-24 16:21:23.491 D/ImageWallpaper( 1513): onVisibilityChanged: mVisible, visible=false, true
06-24 16:21:23.491 D/ImageWallpaper( 1513): Visibility changed to visible=true
06-24 16:21:23.491 D/ImageWallpaper( 1513): Suppressed drawFrame since redraw is not needed and offsets have not changed.sf=Rect(0, 0 - 2160, 1920)
06-24 16:21:23.514 W/JankService(  777): APP_START_WARM: JL_APP_WARMSTART_END and JL_APP_WARMSTART_BEGIN too long| span:12543 > A(6000), A
06-24 16:21:23.525 I/iMonitor(  777): create: 902070100
06-24 16:21:23.530 I/iMonitor(  777): send: 902070100
06-24 16:21:23.535 D/PMS1000 (  657): package:com.excelliance.dualaid, input flags:8192, output hwFlags:0
06-24 16:21:23.536 W/HSM     ( 1813): HoldService:toast switch is close!
06-24 16:21:23.538 D/ApplicationPackageManager(21138): queryIntentActivitiesAsUser blocked, Intent { act=android.intent.action.MAIN cat=[android.intent.category.LAUNCHER] pkg=com.tencent.mobileqq }
06-24 16:21:23.538 D/HsmInterfaceImpl(21138): List [ResolveInfo{78e655a com.tencent.mobileqq/.activity.SplashActivity m=0x108000}]
06-24 16:21:23.553 D/HwFLClassLoader( 2519): USE_FEATURE_LIST had not init! 
06-24 16:21:23.561 W/HSM     ( 1813): HoldService:toast switch is close!
06-24 16:21:23.562 D/ApplicationPackageManager(21138): queryIntentActivitiesAsUser blocked, Intent { act=android.intent.action.MAIN cat=[android.intent.category.LAUNCHER] pkg=com.zol.android }
06-24 16:21:23.562 D/HsmInterfaceImpl(21138): List [ResolveInfo{81ec38b com.zol.android/.ui.FirstActivity m=0x108000}]
06-24 16:21:23.569 E/asset   ( 2519): createFromFile(): lock file /data/resource-cache/system@emui@base@overlay@frameworkhwexthonor@frameworkhwexthonor.apk@idmap.
06-24 16:21:23.570 E/asset   ( 2519): createFromFile(): lock file /data/resource-cache/system@emui@base@overlay@frameworkhwexthonor@frameworkhwexthonor.apk@idmap.
06-24 16:21:23.570 W/ResourceType( 2519): Found multiple library tables, ignoring...
06-24 16:21:23.596 D/HwFLClassLoader( 2519): USE_FEATURE_LIST had not init! 
06-24 16:21:23.610 W/HSM     ( 1813): HoldService:toast switch is close!
06-24 16:21:23.611 D/ApplicationPackageManager(21138): queryIntentActivitiesAsUser blocked, Intent { act=android.intent.action.MAIN cat=[android.intent.category.LAUNCHER] pkg=com.huawei.hiskytone }
06-24 16:21:23.611 D/HsmInterfaceImpl(21138): List [ResolveInfo{e11e881 com.huawei.hiskytone/com.huawei.skytone.account.welcome.SplashActivity m=0x108000}]
06-24 16:21:23.681 W/HSM     ( 1813): HoldService:toast switch is close!
06-24 16:21:23.682 D/ApplicationPackageManager(21138): queryIntentActivitiesAsUser blocked, Intent { act=android.intent.action.MAIN cat=[android.intent.category.LAUNCHER] pkg=com.huawei.hwid }
06-24 16:21:23.682 D/HsmInterfaceImpl(21138): List []
06-24 16:21:23.683 E/WifiHAL (  706): enter wifi_get_link_stats
06-24 16:21:23.690 W/HSM     ( 1813): HoldService:toast switch is close!
06-24 16:21:23.693 D/ApplicationPackageManager(21138): queryIntentActivitiesAsUser blocked, Intent { act=android.intent.action.MAIN cat=[android.intent.category.LAUNCHER] pkg=com.sina.weibo }
06-24 16:21:23.694 D/HsmInterfaceImpl(21138): List [ResolveInfo{7694714 com.sina.weibo/.SplashActivity m=0x108000}]
06-24 16:21:23.697 E/wificond(  765): Failed to get NL80211_STA_INFO_CNAHLOAD
06-24 16:21:23.697 E/WificondControl(  657): Noise: -92, Snr: 0, Chload: -1
06-24 16:21:23.697 D/HwWifiCHRStateManager(  657): handleMessage : 1001
06-24 16:21:23.698 D/HwWifiCHRStateManager(  657): handleUpdateChannel:5805
06-24 16:21:23.698 V/HwWifiServiceFactory(  657): get AllImpl object = com.android.server.wifi.HwWifiServiceFactoryImpl@a390a53
06-24 16:21:23.699 D/WifiScoreReport(  657): Score = 100, wifiConnectivityManagerEnabled = false, lowScoreCount = 0
06-24 16:21:23.800 D/PMS1000 (  657): package:com.excelliance.dualaid, input flags:8192, output hwFlags:0
06-24 16:21:23.802 W/HSM     ( 1813): HoldService:toast switch is close!
06-24 16:21:23.803 D/ApplicationPackageManager(21138): queryIntentActivitiesAsUser blocked, Intent { act=android.intent.action.MAIN cat=[android.intent.category.LAUNCHER] pkg=com.antutu.ABenchMark }
06-24 16:21:23.803 D/HsmInterfaceImpl(21138): List [ResolveInfo{57445b2 com.antutu.ABenchMark/.ABenchMarkStart m=0x108000}]
06-24 16:21:23.804 D/NetWorkUtils( 1513): mVSimCurCardType is -1
06-24 16:21:23.807 D/NetWorkUtils( 1513): mVSimCurCardType is -1
06-24 16:21:23.845 E/asset   ( 2519): createFromFile(): lock file /data/resource-cache/system@emui@base@overlay@frameworkhwexthonor@frameworkhwexthonor.apk@idmap.
06-24 16:21:23.846 E/asset   ( 2519): createFromFile(): lock file /data/resource-cache/system@emui@base@overlay@frameworkhwexthonor@frameworkhwexthonor.apk@idmap.
06-24 16:21:23.846 W/ResourceType( 2519): Found multiple library tables, ignoring...
06-24 16:21:23.857 D/HwFLClassLoader( 2519): USE_FEATURE_LIST had not init! 
06-24 16:21:23.857 D/PMS1000 (  657): package:com.excelliance.dualaid, input flags:8192, output hwFlags:0
06-24 16:21:23.859 W/HSM     ( 1813): HoldService:toast switch is close!
06-24 16:21:23.860 D/ApplicationPackageManager(21138): queryIntentActivitiesAsUser blocked, Intent { act=android.intent.action.MAIN cat=[android.intent.category.LAUNCHER] pkg=com.sankuai.meituan.takeoutnew }
06-24 16:21:23.860 D/HsmInterfaceImpl(21138): List [ResolveInfo{d5226b9 com.sankuai.meituan.takeoutnew/.ui.page.boot.WelcomeActivity m=0x108000}]
06-24 16:21:23.914 W/HSM     ( 1813): HoldService:toast switch is close!
06-24 16:21:23.916 D/ApplicationPackageManager(21138): queryIntentActivitiesAsUser blocked, Intent { act=android.intent.action.MAIN cat=[android.intent.category.LAUNCHER] pkg=com.vmall.client }
06-24 16:21:23.916 D/HsmInterfaceImpl(21138): List [ResolveInfo{8eb425f com.vmall.client/.splash.fragment.SplashActivity m=0x108000}]
06-24 16:21:23.926 I/NetworkSpeedManagerEx( 1513): mIsStop = false
06-24 16:21:23.926 I/NetworkSpeedManagerEx( 1513):  runInThread getTetherStats
06-24 16:21:23.927 I/NetworkSpeedManagerEx( 1513):  runInUI refreshSpeed
06-24 16:21:23.928 I/NetworkSpeedManagerEx( 1513): value=3661.0speed = 3.6
06-24 16:21:23.928 I/NetworkSpeedManagerEx( 1513): K/smIsShowLastSpeedValuefalse
06-24 16:21:23.928 I/NetworkSpeedView( 1513): /update(), speed=3.6
06-24 16:21:23.928 I/NetworkSpeedView( 1513): K/s parent class:class com.android.systemui.statusbar.HwSystemIcons
06-24 16:21:23.939 I/NetworkSpeedManagerEx( 1513): mIsStop = false
06-24 16:21:23.940 I/NetworkSpeedManagerEx( 1513):  runInThread getTetherStats
06-24 16:21:23.941 I/NetworkSpeedManagerEx( 1513):  runInUI refreshSpeed
06-24 16:21:23.942 I/NetworkSpeedManagerEx( 1513): value=3661.0speed = 3.6
06-24 16:21:23.942 I/NetworkSpeedManagerEx( 1513): K/smIsShowLastSpeedValuefalse
06-24 16:21:23.942 I/NetworkSpeedView( 1513): /update(), speed=3.6
06-24 16:21:23.942 I/NetworkSpeedView( 1513): K/s parent class:class com.android.systemui.statusbar.HwSystemIcons
06-24 16:21:23.967 W/OpenGLRenderer( 2519): Incorrectly called buildLayer on View: ShortcutAndWidgetContainer, destroying layer...
06-24 16:21:23.968 W/OpenGLRenderer( 2519): Incorrectly called buildLayer on View: ShortcutAndWidgetContainer, destroying layer...
06-24 16:21:23.971 I/GRALLOC (  679): 	 shrFd=10,fmt=0x1,intFmt=0x200000001,btStrd=4352,size=8486912,pid=679 
06-24 16:21:23.971 I/GRALLOC (  679): 	 yuv=2,w=1080,h=1920,Stride u=0 v=0,offset u=0 v=0 
06-24 16:21:23.971 I/GRALLOC (  679): 	 iova_size=8486912,conUsg=0xb00,proUsg=0xb00,	 strd=1088,[afbc]HdrStrd=1088 PyldStrd=69632 Scrmbl=2,ionhnd = 1 
06-24 16:21:23.974 W/HSM     ( 1813): HoldService:toast switch is close!
06-24 16:21:23.975 D/ApplicationPackageManager(21138): queryIntentActivitiesAsUser blocked, Intent { act=android.intent.action.MAIN cat=[android.intent.category.LAUNCHER] pkg=com.android.browser }
06-24 16:21:23.976 D/HsmInterfaceImpl(21138): List [ResolveInfo{27ad90a com.android.browser/com.tencent.mtt.SplashActivity m=0x108000}]
06-24 16:21:24.027 W/HSM     ( 1813): HoldService:toast switch is close!
