--------- beginning of main
06-24 16:31:43.259 D/NetWorkUtils( 1513): mVSimCurCardType is -1
06-24 16:31:43.854 D/HwWifiStatStore(  657): handleMessage : 200
06-24 16:31:43.913 I/NetworkSpeedManagerEx( 1513): mIsStop = false
06-24 16:31:43.913 I/NetworkSpeedManagerEx( 1513):  runInThread getTetherStats
06-24 16:31:43.916 I/NetworkSpeedManagerEx( 1513):  runInUI refreshSpeed
06-24 16:31:43.918 I/NetworkSpeedManagerEx( 1513): value=572.3333speed = 572
06-24 16:31:43.918 I/NetworkSpeedManagerEx( 1513): B/smIsShowLastSpeedValuefalse
06-24 16:31:43.918 I/NetworkSpeedView( 1513): /update(), speed=572
06-24 16:31:43.918 I/NetworkSpeedView( 1513): B/s parent class:class com.android.systemui.statusbar.HwSystemIcons
06-24 16:31:43.953 I/NetworkSpeedManagerEx( 1513): mIsStop = false
06-24 16:31:43.954 I/NetworkSpeedManagerEx( 1513):  runInThread getTetherStats
06-24 16:31:43.962 I/NetworkSpeedManagerEx( 1513):  runInUI refreshSpeed
06-24 16:31:43.964 I/NetworkSpeedManagerEx( 1513): value=498.33334speed = 498
06-24 16:31:43.964 I/NetworkSpeedManagerEx( 1513): B/smIsShowLastSpeedValuefalse
06-24 16:31:43.965 I/NetworkSpeedView( 1513): /update(), speed=498
06-24 16:31:43.965 I/NetworkSpeedView( 1513): B/s parent class:class com.android.systemui.statusbar.HwSystemIcons
06-24 16:31:44.209 I/TrafficMonitor(  657): expired arrive. level:-1
06-24 16:31:44.209 I/TrafficMonitor(  657): during_ms:2002,period_ms:2000
06-24 16:31:44.209 I/TrafficMonitor(  657): count:493,rx_sum:8,tx_sum:21,rxBytes:387,during_ms:2002,rx_speed:193.30669330669332,tx_speed:461.5384615384616,rto:0.38095238095238093
06-24 16:31:44.209 D/HuaweiWifiWatchdogStateMachine(  657): speed: rxpkt:8, rxSpd:193B/s, txpkt:21, txSpd:461
06-24 16:31:44.791 W/AwareLog(  657): AwareMem_MemoryUtils: trim Memory illegal arg exception, proc:7888 level:40
06-24 16:31:45.215 I/TrafficMonitor(  657): update:rxPkts:1,txPkts:5,rxBytes:36,txBytes:240
06-24 16:31:45.215 I/TrafficMonitor(  657): start expired. level:-1
06-24 16:31:45.215 I/TrafficMonitor(  657): gettimer:interval=2000
06-24 16:31:45.261 D/NetWorkUtils( 1513): mVSimCurCardType is -1
--------- beginning of system
06-24 16:31:45.338 I/ActivityManager(  657): START u0 {act=android.intent.action.MAIN cat=[android.intent.category.LAUNCHER] flg=0x10000000 cmp=com.excelliance.dualaid/com.excelliance.kxqp.ui.HelloActivity} from uid 2000
06-24 16:31:45.345 I/ash     ( 1699): front pkg : com.excelliance.dualaid launcher: false
06-24 16:31:45.345 I/ash     ( 1699): above launcher front pkgs: [com.excelliance.dualaid]
06-24 16:31:45.346 I/ActivityManager(  657): ActivityRecord info: ActivityInfo{fad70dc com.excelliance.kxqp.ui.HelloActivity}
06-24 16:31:45.349 V/WindowManager(  657): addAppToken: AppWindowToken{d7e2e5e token=Token{9be3b99 ActivityRecord{4cb9ce0 u0 com.excelliance.dualaid/com.excelliance.kxqp.ui.HelloActivity t16050}}} controller={TaskWindowContainerController taskId=16050} at 2147483647
06-24 16:31:45.349 I/PGServer( 1699): android calls fast hibernateApps
06-24 16:31:45.349 I/AppFastHibernation( 1699): fast hibernate duration: 1500 reason: start activity
06-24 16:31:45.349 I/Pged-IPgedBinderService(  769): ****action is 1, pid num is 6***
06-24 16:31:45.349 I/Pged-Freezer(  769): freezePids
06-24 16:31:45.349 I/Pged-Freezer(  769): Freeze process: 29457
06-24 16:31:45.350 D/PMS1000 (  657): package:com.excelliance.dualaid, input flags:1, output hwFlags:0
06-24 16:31:45.350 I/Pged-Freezer(  769): Freeze process: 29531
06-24 16:31:45.350 I/Pged-Freezer(  769): Freeze process: 14942
06-24 16:31:45.351 D/MotionDetectionManager( 2519): stopMotionAppsReco motionApps: 403
06-24 16:31:45.351 D/MotionDetectionManager( 2519): stopMotionAppsReco not recognition motionApps 403
06-24 16:31:45.351 W/HwLauncher( 2519): Launcher.MotionManager stopMotionAppsReco service flg 403 is unavailable
06-24 16:31:45.353 V/ActivityManager(  657): startProcess: name=com.excelliance.dualaid:olle app=null knownToBeDead=true thread=null pid=-1
06-24 16:31:45.353 I/Pged-Freezer(  769): Freeze process: 15544
06-24 16:31:45.354 D/PMS1000 (  657): package:com.excelliance.dualaid, input flags:0, output hwFlags:0
06-24 16:31:45.354 I/Pged-Freezer(  769): Freeze process: 24379
06-24 16:31:45.356 D/PgedBinderAdapter( 1699): frz ok, pid: [29457, 29531, 14942, 15544, 24379]
06-24 16:31:45.362 I/        (10724): power log dlsym ok
06-24 16:31:45.362 I/ActivityManager(  657): Start proc 10724:com.excelliance.dualaid:olle/u0a1423 for activity com.excelliance.dualaid/com.excelliance.kxqp.ui.HelloActivity
06-24 16:31:45.363 V/WindowManager(  657): No longer Stopped: AppWindowToken{d7e2e5e token=Token{9be3b99 ActivityRecord{4cb9ce0 u0 com.excelliance.dualaid/com.excelliance.kxqp.ui.HelloActivity t16050}}}
06-24 16:31:45.363 V/ActivityManager(  657): startProcess: name=com.excelliance.dualaid:olle app=ProcessRecord{b8e923f 10724:com.excelliance.dualaid:olle/u0a1423} knownToBeDead=true thread=null pid=10724
06-24 16:31:45.365 I/zygote  (10724): Reinit property: dalvik.vm.checkjni= false
06-24 16:31:45.370 D/ActivityThread(10724): ActivityThread,attachApplication
06-24 16:31:45.371 D/ActivityManager(  657): ActivityManagerService,attachApplication,callingPid = 10724
06-24 16:31:45.373 V/WindowManager(  657): No longer Stopped: AppWindowToken{d7e2e5e token=Token{9be3b99 ActivityRecord{4cb9ce0 u0 com.excelliance.dualaid/com.excelliance.kxqp.ui.HelloActivity t16050}}}
06-24 16:31:45.383 V/WindowManager(  657): findFocusedWindow: AppWindowToken{d3a938b token=Token{377755a ActivityRecord{d5c9105 u0 com.huawei.android.launcher/.unihome.UniHomeLauncher t15658}}} below Reached focused app=AppWindowToken{d7e2e5e token=Token{9be3b99 ActivityRecord{4cb9ce0 u0 com.excelliance.dualaid/com.excelliance.kxqp.ui.HelloActivity t16050}}}
06-24 16:31:45.384 D/ScenarioService( 1699): front pkg : com.excelliance.dualaid launcher: false
06-24 16:31:45.384 D/ScenarioService( 1699): new above launcher front pkgs: [com.excelliance.dualaid]
06-24 16:31:45.384 I/AppsUsage( 1699): scnOff:false FgAPP:com.excelliance.dualaid BgAPP:com.huawei.android.launcher
06-24 16:31:45.385 V/WindowManager(  657): Checking 1 opening apps (frozen=false timeout=false)...
06-24 16:31:45.385 V/WindowManager(  657): Check opening app=AppWindowToken{d7e2e5e token=Token{9be3b99 ActivityRecord{4cb9ce0 u0 com.excelliance.dualaid/com.excelliance.kxqp.ui.HelloActivity t16050}}}: allDrawn=false startingDisplayed=false startingMoved=false isRelaunching()=false
06-24 16:31:45.387 D/HwQoEUtils(  657): mForegroundAppPackageName: com.excelliance.dualaid:olle ,score: 0
06-24 16:31:45.387 D/HwQoEUtils(  657): APP type: -1 appName= com.excelliance.dualaid:olle
06-24 16:31:45.387 D/HwQoEUtils(  657): RealAppName:com.excelliance.dualaid
06-24 16:31:45.388 D/HwQoEUtils(  657): no game, APP_TYPE_GAME, appName =com.excelliance.dualaid:olle
06-24 16:31:45.388 D/HwGameAssistantController(  657): pid=10724, uid=11423, foreground=true
06-24 16:31:45.389 W/AwareLog(  657): SchedLevelBoost: onFgActivitiesChanged config not set!
06-24 16:31:45.390 W//system/bin/hwservicemanager(  416): Cannot open /odm/manifest.xml
06-24 16:31:45.391 D/EmcomManagerService(  657): forePackage name is com.excelliance.dualaid
06-24 16:31:45.391 D/HicomPolicyManager(  657): foreAppInfo = nullpkgName = com.excelliance.dualaid uid= 11423
06-24 16:31:45.391 E/HicomPolicyManager(  657): udp acc is not start yet!
06-24 16:31:45.391 D/HicomPolicyManager(  657): speed control is not start
06-24 16:31:45.391 E/HicomPolicyManager(  657): Network Evaluation is not start yet!
06-24 16:31:45.391 E/HicomPolicyManager(  657): foreground app info is null
06-24 16:31:45.392 D/[HwRecSys]HwRecSysService( 2647): onEvent actionID: 10000 msg:com.excelliance.dualaid		
06-24 16:31:45.392 E/[HwRecSys]HwRecSysService( 2647): getIsRportDirectService is false!
06-24 16:31:45.393 I/HwNetworkPolicy(  657): onTransact, code = 203
06-24 16:31:45.393 I/PGServer( 1699): report state:10010 event type:2 pid:0 uid:0 pkg:com.huawei.android.launcher to pid: 657
06-24 16:31:45.393 I/PGServer( 1699): report state:10010 event type:2 pid:0 uid:0 pkg:com.huawei.android.launcher to pid: 1699
06-24 16:31:45.393 I/SceneReceiver( 1699): state type: 10010 eventType:2 pid:0 uid:0 pkg:com.huawei.android.launcher
06-24 16:31:45.393 I/PGServer( 1699): report state:10000 event type:1 pid:0 uid:0 pkg:com.excelliance.dualaid to pid: 657
06-24 16:31:45.393 I/PGServer( 1699): report state:10000 event type:1 pid:0 uid:0 pkg:com.excelliance.dualaid to pid: 1699
06-24 16:31:45.393 I/SceneReceiver( 1699): state type: 10000 eventType:1 pid:0 uid:0 pkg:com.excelliance.dualaid
06-24 16:31:45.395 W/libc    ( 1699): Set property "sys.aps.gameProcessName" to ""
06-24 16:31:45.395 D/HwThermalStateManager( 1699): current foreapp pkg : com.excelliance.dualaid
06-24 16:31:45.397 I/PGServer( 1699): checkPkgType. calling pkg: android
06-24 16:31:45.397 I/PGServer( 1699): checkPkgType. calling pkg: android
06-24 16:31:45.399 W/libc    ( 1699): Set property "sys.aps.browserProcessName" to ""
06-24 16:31:45.402 D/HwFLClassLoader(10724): get used feature list :/feature/used-list failed!
06-24 16:31:45.402 D/HwFLClassLoader(10724): USE_FEATURE_LIST had not init! 
06-24 16:31:45.402 I/HwNetworkPolicyManager( 1813): getHwUidPolicy uid = 11423 policy = 0
06-24 16:31:45.408 W//system/bin/hwservicemanager(  416): Cannot open /odm/manifest.xml
06-24 16:31:45.414 I/GRALLOC (  679): 	 shrFd=10,fmt=0x1,intFmt=0x1,btStrd=256,size=4096,pid=679 
06-24 16:31:45.414 I/GRALLOC (  679): 	 yuv=2,w=16,h=16,Stride u=0 v=0,offset u=0 v=0 
06-24 16:31:45.414 I/GRALLOC (  679): 	 iova_size=4096,conUsg=0x100,proUsg=0x100,	 strd=64,[afbc]HdrStrd=0 PyldStrd=0 Scrmbl=0,ionhnd = 1 
06-24 16:31:45.450 E/MemoryLeakMonitorManager(10724): MemoryLeakMonitor.jar is not exist!
06-24 16:31:45.450 D/CrashHandler(10724): CrashHandler
06-24 16:31:45.451 E/Minikin (10724): Could not get cmap table size!
06-24 16:31:45.451 D/PMS11423(  657): package:com.excelliance.dualaid, input flags:128, output hwFlags:0
06-24 16:31:45.452 D/KXQPApplication(10724): run: initUserManager
06-24 16:31:45.460 I/HwCust  (10724): Constructor found for class android.app.HwCustActivityImpl
06-24 16:31:45.460 D/HwCust  (10724): Create obj success use class android.app.HwCustActivityImpl
06-24 16:31:45.462 V/HwPolicyFactory(10724): : success to get AllImpl object and return....
06-24 16:31:45.463 I/HwCust  (10724): Constructor found for class android.app.HwCustHwWallpaperManagerImpl
06-24 16:31:45.463 D/HwCust  (10724): Create obj success use class android.app.HwCustHwWallpaperManagerImpl
06-24 16:31:45.463 D/HwRecentsLockUtils( 1513): Search
06-24 16:31:45.464 E/HsmCoreServiceImpl( 1478): onTransact in code is: 103
06-24 16:31:45.464 I/MediaProcessHandler( 1478): playingUids: 
06-24 16:31:45.464 D/ActivityManager(  657): Skipping, home or recents stack task: TaskRecord{333215f #15658 A=com.huawei.android.launcher U=0 StackId=0 sz=1}
06-24 16:31:45.464 D/ActivityManager(  657): Skipping intent:act=android.intent.action.MAIN cat=[android.intent.category.LAUNCHER] flg=0x10a00000 cmp=io.appium.settings/.Settings
06-24 16:31:45.464 D/ActivityManager(  657): Skipping intent:flg=0x10804000 cmp=com.android.systemui/.recents.RecentsActivity bnds=[48,928][1032,2296]
06-24 16:31:45.464 D/ActivityManager(  657): Skipping intent:flg=0x18800000 cmp=com.tencent.mm/.plugin.base.stub.WXPayEntryActivity
06-24 16:31:45.464 D/ActivityManager(  657): Skipping intent:flg=0x10800000 cmp=com.huawei.systemmanager/com.huawei.permissionmanager.ui.MainActivity
06-24 16:31:45.464 D/PMS11423(  657): package:com.excelliance.dualaid, input flags:0, output hwFlags:0
06-24 16:31:45.464 D/ActivityManager(  657): Skipping intent:flg=0x18800000 cmp=com.tencent.mm/.plugin.base.stub.WXEntryActivity
06-24 16:31:45.464 D/ActivityManager(  657): Skipping intent:act=com.huawei.action.VOICE_ASSISTANT flg=0x10800000 pkg=com.huawei.vassistant cmp=com.huawei.vassistant/.ui.main.VAssistantActivity
06-24 16:31:45.464 D/ActivityManager(  657): Skipping intent:act=com.huawei.android.launcher.action.ACCESS_SPLIT_SCREEN_APP cat=[android.intent.category.DEFAULT] flg=0x10804000 cmp=com.huawei.android.launcher/.splitscreen.SplitScreenAppActivity
06-24 16:31:45.464 D/ActivityManager(  657): Skipping intent:flg=0x10800000 pkg=com.excelliance.dualaid.b64 cmp=com.excelliance.dualaid.b64/com.excelliance.kxqp.sdk.PermissionRequestActivity
06-24 16:31:45.464 D/ActivityManager(  657): Skipping intent:act=android.intent.action.VIEW dat=content://com.excelliance.dualaid.fileProvider/external_storage_root/Download/apk/Multiple_64.apk typ=application/vnd.android.package-archive flg=0x10800001 cmp=com.android.packageinstaller/.InstallStart
06-24 16:31:45.464 D/ActivityManager(  657): Skipping intent:flg=0x10800000 cmp=com.android.systemui/.usb.HwUsbDebuggingActivity
06-24 16:31:45.464 D/ActivityManager(  657): Skipping intent:act=android.deviceinfo.chooser.action.LAUNCH flg=0x10800000 hwFlg=0x100 pkg=com.android.settings cmp=com.android.settings/.deviceinfo.UsbConnModeChooserActivity
06-24 16:31:45.464 D/ActivityManager(  657): Skipping intent:flg=0x10800000 cmp=com.zol.android/.push.KeepLiveActivity
06-24 16:31:45.464 D/ActivityManager(  657): Skipping intent:act=android.intent.action.MAIN cat=[android.intent.category.HOME] flg=0x10800300 cmp=com.android.settings/.FallbackHome
06-24 16:31:45.465 V/HwWidgetFactory(10724): : successes to get AllImpl object and return....
06-24 16:31:45.466 V/ActivityThread(10724): ActivityThread,callActivityOnCreate
06-24 16:31:45.467 D/HelloActivity(10724): Memory:25151M
06-24 16:31:45.469 D/HelloActivity(10724): onCreate: true
06-24 16:31:45.470 D/HelloActivity(10724): is code boot
06-24 16:31:45.473 D/HelloActivity(10724): mIsNav = false
06-24 16:31:45.491 D/HelloActivity(10724): defDisplayStyle:5
06-24 16:31:45.494 D/HttpUtils(10724): getDownloadMode()
06-24 16:31:45.494 D/NetUtils(10724): init inited = true
06-24 16:31:45.494 D/HelloActivity(10724): enter Nav2
06-24 16:31:45.496 D/NetworkSecurityConfig(10724): No Network Security Config specified, using platform default
06-24 16:31:45.497 I/ActivityManager(  657): START u0 {pkg=com.excelliance.dualaid cmp=com.excelliance.dualaid/com.excelliance.kxqp.swipe.NavActivity2 (has extras)} from uid 11423
06-24 16:31:45.497 I/ActivityManager(  657): ActivityRecord info: ActivityInfo{db9d78c com.excelliance.kxqp.swipe.NavActivity2}
06-24 16:31:45.498 V/WindowManager(  657): findFocusedWindow: AppWindowToken{d3a938b token=Token{377755a ActivityRecord{d5c9105 u0 com.huawei.android.launcher/.unihome.UniHomeLauncher t15658}}} below Reached focused app=AppWindowToken{d7e2e5e token=Token{9be3b99 ActivityRecord{4cb9ce0 u0 com.excelliance.dualaid/com.excelliance.kxqp.ui.HelloActivity t16050}}}
06-24 16:31:45.499 W/libc    (  493): Set property "hw.wifi.dns_stat" to "35916,31199,5028,1,52935"
06-24 16:31:45.500 V/WindowManager(  657): addAppToken: AppWindowToken{debab36 token=Token{ea2c4d1 ActivityRecord{66427f8 u0 com.excelliance.dualaid/com.excelliance.kxqp.swipe.NavActivity2 t16050}}} controller={TaskWindowContainerController taskId=16050} at 2147483647
06-24 16:31:45.505 V/ActivityManager(  657): startProcess: name=com.excelliance.dualaid app=null knownToBeDead=true thread=null pid=-1
06-24 16:31:45.505 D/PMS1000 (  657): package:com.excelliance.dualaid, input flags:0, output hwFlags:0
06-24 16:31:45.513 I/ActivityManager(  657): Start proc 10749:com.excelliance.dualaid/u0a1423 for service com.excelliance.dualaid/com.excelliance.kxqp.SmtServService
06-24 16:31:45.513 I/        (10749): power log dlsym ok
06-24 16:31:45.515 I/zygote  (10749): Reinit property: dalvik.vm.checkjni= false
06-24 16:31:45.520 D/HwNetworkManagementService(  657): code == CODE_GET_AD_KEY_LIST
06-24 16:31:45.520 D/HwNetworkManagementService(  657): appName = com.excelliance.dualaid  is not in the mAdViewMap! reply none
06-24 16:31:45.520 D/HwNetworkManagementService(  657): appName = com.excelliance.dualaid  is not in the mAdIdMap! reply none
06-24 16:31:45.523 D/ActivityThread(10724): add activity client record, r= ActivityRecord{cbe2ddc token=android.os.BinderProxy@d13fa03 {com.excelliance.dualaid/com.excelliance.kxqp.ui.HelloActivity}} token= android.os.BinderProxy@d13fa03
06-24 16:31:45.524 V/WindowManager(  657): No longer Stopped: AppWindowToken{debab36 token=Token{ea2c4d1 ActivityRecord{66427f8 u0 com.excelliance.dualaid/com.excelliance.kxqp.swipe.NavActivity2 t16050}}}
06-24 16:31:45.525 V/WindowManager(  657): No longer Stopped: AppWindowToken{debab36 token=Token{ea2c4d1 ActivityRecord{66427f8 u0 com.excelliance.dualaid/com.excelliance.kxqp.swipe.NavActivity2 t16050}}}
06-24 16:31:45.527 D/ActivityThread(10749): ActivityThread,attachApplication
06-24 16:31:45.529 V/WindowManager(  657): Checking 1 opening apps (frozen=false timeout=false)...
06-24 16:31:45.529 V/WindowManager(  657): Check opening app=AppWindowToken{debab36 token=Token{ea2c4d1 ActivityRecord{66427f8 u0 com.excelliance.dualaid/com.excelliance.kxqp.swipe.NavActivity2 t16050}}}: allDrawn=false startingDisplayed=false startingMoved=false isRelaunching()=false
06-24 16:31:45.531 D/ActivityManager(  657): ActivityManagerService,attachApplication,callingPid = 10749
06-24 16:31:45.535 D/HwCust  (10724): Create obj success use class android.app.HwCustActivityImpl
06-24 16:31:45.535 D/HwCust  (10724): Create obj success use class android.app.HwCustHwWallpaperManagerImpl
06-24 16:31:45.536 V/ActivityThread(10724): ActivityThread,callActivityOnCreate
06-24 16:31:45.538 W//system/bin/hwservicemanager(  416): Cannot open /odm/manifest.xml
06-24 16:31:45.541 W/X509TrustManager(10724): checkServerTrusted: SignatureException:null
06-24 16:31:45.541 W/X509TrustManager(10724): checkServerTrusted: SignatureException:error:04000073:RSA routines:OPENSSL_internal:DATA_TOO_LARGE_FOR_MODULUS
06-24 16:31:45.543 D/NavActivity2(10724): onCreate
06-24 16:31:45.547 D/PMS11423(  657): package:com.excelliance.dualaid, input flags:128, output hwFlags:0
06-24 16:31:45.548 W/Utils   (10724): Utils_isSuperResolutionSupport [load libai_client.so failed]
06-24 16:31:45.550 D/CubicBezierInterpolator(10724): CubicBezierInterpolator  mControlPoint1x = 0.23, mControlPoint1y = 0.06, mControlPoint2x = 0.09, mControlPoint2y = 0.97
06-24 16:31:45.551 D/CubicBezierInterpolator(10724): CubicBezierInterpolator  mControlPoint1x = 0.6, mControlPoint1y = 0.9, mControlPoint2x = 0.8, mControlPoint2y = 1.0
06-24 16:31:45.551 D/CubicBezierInterpolator(10724): CubicBezierInterpolator  mControlPoint1x = 0.23, mControlPoint1y = 0.06, mControlPoint2x = 0.09, mControlPoint2y = 0.97
06-24 16:31:45.551 D/CubicBezierInterpolator(10724): CubicBezierInterpolator  mControlPoint1x = 0.6, mControlPoint1y = 0.9, mControlPoint2x = 0.8, mControlPoint2y = 1.0
06-24 16:31:45.551 D/CubicBezierInterpolator(10724): CubicBezierInterpolator  mControlPoint1x = 0.23, mControlPoint1y = 0.06, mControlPoint2x = 0.09, mControlPoint2y = 0.97
06-24 16:31:45.551 D/CubicBezierInterpolator(10724): CubicBezierInterpolator  mControlPoint1x = 0.6, mControlPoint1y = 0.9, mControlPoint2x = 0.8, mControlPoint2y = 1.0
06-24 16:31:45.551 D/CubicBezierInterpolator(10724): CubicBezierInterpolator  mControlPoint1x = 0.23, mControlPoint1y = 0.06, mControlPoint2x = 0.09, mControlPoint2y = 0.97
06-24 16:31:45.551 D/CubicBezierInterpolator(10724): CubicBezierInterpolator  mControlPoint1x = 0.6, mControlPoint1y = 0.9, mControlPoint2x = 0.8, mControlPoint2y = 1.0
06-24 16:31:45.555 W//system/bin/hwservicemanager(  416): Cannot open /odm/manifest.xml
06-24 16:31:45.557 I/GRALLOC (  679): 	 shrFd=10,fmt=0x1,intFmt=0x1,btStrd=256,size=4096,pid=679 
06-24 16:31:45.557 I/GRALLOC (  679): 	 yuv=2,w=16,h=16,Stride u=0 v=0,offset u=0 v=0 
06-24 16:31:45.557 I/GRALLOC (  679): 	 iova_size=4096,conUsg=0x100,proUsg=0x100,	 strd=64,[afbc]HdrStrd=0 PyldStrd=0 Scrmbl=0,ionhnd = 1 
06-24 16:31:45.557 D/HwRTBlurUtils(10724): check blur style for HwPhoneWindow-, themeResId : 0x7f0e000a, context : com.excelliance.kxqp.swipe.NavActivity2@794246b, Nhwext : 0, get Blur : disable with , null
06-24 16:31:45.557 D/HwRTBlurUtils(10724): check blur style for HwPhoneWindow-, themeResId : 0x7f0e000a, context : com.excelliance.kxqp.swipe.NavActivity2@794246b, Nhwext : 0, get Blur : disable with , null
06-24 16:31:45.558 E/test    (10724): hw notch screen flag api error
06-24 16:31:45.560 D/ActivityThread(10724): add activity client record, r= ActivityRecord{414755e token=android.os.BinderProxy@31abee5 {com.excelliance.dualaid/com.excelliance.kxqp.swipe.NavActivity2}} token= android.os.BinderProxy@31abee5
06-24 16:31:45.561 E/ViewUtils(10724): setBgColor: view==null:top
06-24 16:31:45.567 D/HwFLClassLoader(10749): get used feature list :/feature/used-list failed!
06-24 16:31:45.567 D/HwFLClassLoader(10749): USE_FEATURE_LIST had not init! 
06-24 16:31:45.568 D/OpenGLRenderer(10724):   HWUI Binary is  enabled
06-24 16:31:45.569 D/SurfaceFlinger(  710): SurfaceFlinger: getDisplayConfigs--3.000000, 1080, 1920
06-24 16:31:45.569 I/chatty  (  710): uid=1000(system) Binder:710_4 identical 1 line
06-24 16:31:45.569 D/SurfaceFlinger(  710): SurfaceFlinger: getDisplayConfigs--3.000000, 1080, 1920
06-24 16:31:45.571 D/OpenGLRenderer(10724): HWUI GL Pipeline
06-24 16:31:45.577 V/WindowManager(  657): Adding Window{95ea0c5 u0 com.excelliance.dualaid/com.excelliance.kxqp.swipe.NavActivity2} to AppWindowToken{debab36 token=Token{ea2c4d1 ActivityRecord{66427f8 u0 com.excelliance.dualaid/com.excelliance.kxqp.swipe.NavActivity2 t16050}}}
06-24 16:31:45.577 V/WindowManager(  657): addWindow: New client android.os.BinderProxy@beeb3c: window=Window{95ea0c5 u0 com.excelliance.dualaid/com.excelliance.kxqp.swipe.NavActivity2} Callers=com.android.server.wm.HwWindowManagerService.addWindow:562 com.android.server.wm.Session.addToDisplay:199 android.view.IWindowSession$Stub.onTransact:124 com.android.server.wm.Session.onTransact:161 android.os.Binder.execTransact:675 
06-24 16:31:45.580 D/HttpUtils(10724): getResponseCode():200
06-24 16:31:45.580 D/WHEG    (10724): {"status":"0","controls":"","skip":"0"}
06-24 16:31:45.581 D/PMS11423(  657): package:com.excelliance.dualaid, input flags:128, output hwFlags:0
06-24 16:31:45.585 I/chatty  (  657): uid=1000(system) Binder:657_16 identical 1 line
06-24 16:31:45.588 D/PMS11423(  657): package:com.excelliance.dualaid, input flags:128, output hwFlags:0
06-24 16:31:45.591 V/WindowManager(  657): Checking 1 opening apps (frozen=false timeout=false)...
06-24 16:31:45.591 V/WindowManager(  657): Check opening app=AppWindowToken{debab36 token=Token{ea2c4d1 ActivityRecord{66427f8 u0 com.excelliance.dualaid/com.excelliance.kxqp.swipe.NavActivity2 t16050}}}: allDrawn=false startingDisplayed=false startingMoved=false isRelaunching()=false
06-24 16:31:45.591 D/HwGalleryCacheManagerImpl(10724): mIsEffect:false
06-24 16:31:45.595 D/PMS11423(  657): package:com.excelliance.dualaid, input flags:128, output hwFlags:0
06-24 16:31:45.630 D/HwRecentsLockUtils( 1513): Search
06-24 16:31:45.630 E/HsmCoreServiceImpl( 1478): onTransact in code is: 103
06-24 16:31:45.630 I/MediaProcessHandler( 1478): playingUids: 
06-24 16:31:45.630 D/ActivityManager(  657): Skipping, home or recents stack task: TaskRecord{333215f #15658 A=com.huawei.android.launcher U=0 StackId=0 sz=1}
06-24 16:31:45.630 D/ActivityManager(  657): Skipping intent:act=android.intent.action.MAIN cat=[android.intent.category.LAUNCHER] flg=0x10a00000 cmp=io.appium.settings/.Settings
06-24 16:31:45.631 D/ActivityManager(  657): Skipping intent:flg=0x10804000 cmp=com.android.systemui/.recents.RecentsActivity bnds=[48,928][1032,2296]
06-24 16:31:45.631 D/ActivityManager(  657): Skipping intent:flg=0x18800000 cmp=com.tencent.mm/.plugin.base.stub.WXPayEntryActivity
06-24 16:31:45.631 D/ActivityManager(  657): Skipping intent:flg=0x10800000 cmp=com.huawei.systemmanager/com.huawei.permissionmanager.ui.MainActivity
06-24 16:31:45.631 D/ActivityManager(  657): Skipping intent:flg=0x18800000 cmp=com.tencent.mm/.plugin.base.stub.WXEntryActivity
06-24 16:31:45.631 D/ActivityManager(  657): Skipping intent:act=com.huawei.action.VOICE_ASSISTANT flg=0x10800000 pkg=com.huawei.vassistant cmp=com.huawei.vassistant/.ui.main.VAssistantActivity
06-24 16:31:45.631 D/ActivityManager(  657): Skipping intent:act=com.huawei.android.launcher.action.ACCESS_SPLIT_SCREEN_APP cat=[android.intent.category.DEFAULT] flg=0x10804000 cmp=com.huawei.android.launcher/.splitscreen.SplitScreenAppActivity
06-24 16:31:45.631 D/ActivityManager(  657): Skipping intent:flg=0x10800000 pkg=com.excelliance.dualaid.b64 cmp=com.excelliance.dualaid.b64/com.excelliance.kxqp.sdk.PermissionRequestActivity
06-24 16:31:45.631 D/ActivityManager(  657): Skipping intent:act=android.intent.action.VIEW dat=content://com.excelliance.dualaid.fileProvider/external_storage_root/Download/apk/Multiple_64.apk typ=application/vnd.android.package-archive flg=0x10800001 cmp=com.android.packageinstaller/.InstallStart
06-24 16:31:45.631 D/ActivityManager(  657): Skipping intent:flg=0x10800000 cmp=com.android.systemui/.usb.HwUsbDebuggingActivity
06-24 16:31:45.631 D/ActivityManager(  657): Skipping intent:act=android.deviceinfo.chooser.action.LAUNCH flg=0x10800000 hwFlg=0x100 pkg=com.android.settings cmp=com.android.settings/.deviceinfo.UsbConnModeChooserActivity
06-24 16:31:45.631 D/ActivityManager(  657): Skipping intent:flg=0x10800000 cmp=com.zol.android/.push.KeepLiveActivity
06-24 16:31:45.631 D/ActivityManager(  657): Skipping intent:act=android.intent.action.MAIN cat=[android.intent.category.HOME] flg=0x10800300 cmp=com.android.settings/.FallbackHome
06-24 16:31:45.664 I/zygote  (10749): Compiler allocated 4MB to compile boolean com.excelliance.kxqp.KXQPApplication.b(int)
06-24 16:31:45.664 D/MainActivity(10724): instantiateItem: 2	android.widget.RelativeLayout{d00e2b1 V.E...... ......I. 0,0-0,0}
06-24 16:31:45.665 D/MainActivity(10724): initPage3: 
06-24 16:31:45.669 V/WindowManager(  657): Checking 1 opening apps (frozen=false timeout=false)...
06-24 16:31:45.669 V/WindowManager(  657): Check opening app=AppWindowToken{debab36 token=Token{ea2c4d1 ActivityRecord{66427f8 u0 com.excelliance.dualaid/com.excelliance.kxqp.swipe.NavActivity2 t16050}}}: allDrawn=false startingDisplayed=false startingMoved=false isRelaunching()=false
06-24 16:31:45.671 V/HwPhoneWindowManager(  657): updateSystemUiColorLw window=Window{95ea0c5 u0 com.excelliance.dualaid/com.excelliance.kxqp.swipe.NavActivity2},EmuiStyle=0,StatusBarColor=0xff000000,NavigationBarColor=0xff000000, mLastIsEmuiLightStyle=-1
06-24 16:31:45.672 D/HwPhoneWindowManager(  657): Transact:setSystemUIColor to status bar service
06-24 16:31:45.673 V/WindowManager(  657): Checking 1 opening apps (frozen=false timeout=false)...
06-24 16:31:45.673 V/WindowManager(  657): Check opening app=AppWindowToken{debab36 token=Token{ea2c4d1 ActivityRecord{66427f8 u0 com.excelliance.dualaid/com.excelliance.kxqp.swipe.NavActivity2 t16050}}}: allDrawn=false startingDisplayed=false startingMoved=false isRelaunching()=false
06-24 16:31:45.673 I/CommandQueue( 1513): updateBarBgColor
06-24 16:31:45.673 D/CommandQueue( 1513): CommandQueue, setBarBackgroundColor
06-24 16:31:45.676 D/MainActivity(10724): run: initPage3
06-24 16:31:45.678 D/TintManager( 1513): statusBarIconTint=#99FFFFFF,navigationBarIconTint=#FF000000
06-24 16:31:45.678 I/GRALLOC (  679): 	 shrFd=10,fmt=0x1,intFmt=0x200000001,btStrd=4352,size=8486912,pid=679 
06-24 16:31:45.678 I/GRALLOC (  679): 	 yuv=2,w=1080,h=1920,Stride u=0 v=0,offset u=0 v=0 
06-24 16:31:45.678 I/GRALLOC (  679): 	 iova_size=8486912,conUsg=0x900,proUsg=0x900,	 strd=1088,[afbc]HdrStrd=1088 PyldStrd=69632 Scrmbl=2,ionhnd = 1 
06-24 16:31:45.679 I/OpenGLRenderer(10724): Initialized EGL, version 1.4
06-24 16:31:45.679 D/OpenGLRenderer(10724): Swap behavior 2
06-24 16:31:45.681 I/GRALLOC (  679): 	 shrFd=10,fmt=0x1,intFmt=0x200000001,btStrd=4352,size=8486912,pid=679 
06-24 16:31:45.681 I/GRALLOC (  679): 	 yuv=2,w=1080,h=1920,Stride u=0 v=0,offset u=0 v=0 
06-24 16:31:45.681 I/GRALLOC (  679): 	 iova_size=8486912,conUsg=0x900,proUsg=0x900,	 strd=1088,[afbc]HdrStrd=1088 PyldStrd=69632 Scrmbl=2,ionhnd = 1 
06-24 16:31:45.685 I/GRALLOC (  679): 	 shrFd=10,fmt=0x1,intFmt=0x200000001,btStrd=4352,size=8486912,pid=679 
06-24 16:31:45.685 I/GRALLOC (  679): 	 yuv=2,w=1080,h=1920,Stride u=0 v=0,offset u=0 v=0 
06-24 16:31:45.685 I/GRALLOC (  679): 	 iova_size=8486912,conUsg=0x900,proUsg=0x900,	 strd=1088,[afbc]HdrStrd=1088 PyldStrd=69632 Scrmbl=2,ionhnd = 1 
06-24 16:31:45.686 D/mali_winsys(10724): EGLint new_window_surface(egl_winsys_display *, void *, EGLSurface, EGLConfig, egl_winsys_surface **, egl_color_buffer_format *, EGLBoolean) returns 0x3000
06-24 16:31:45.686 E/vndksupport(10724): Could not load vendor/lib/egl/libGLES_mali_v2.so from sphal namespace: dlopen failed: library "vendor/lib/egl/libGLES_mali_v2.so" not found.
06-24 16:31:45.691 D/BarTransitions.HwPhoneStatusBarView( 1513): MODE_TRANSPARENT -> MODE_TRANSLUCENT animate=false
06-24 16:31:45.691 D/BarTransitions.HwPhoneStatusBarView( 1513): applyModeBackground oldMode=MODE_TRANSPARENT newMode=MODE_TRANSLUCENT animate=false
06-24 16:31:45.693 D/StatusBarIconController( 1513): setIconVisibility icon is null or visibility not change visibility=false
06-24 16:31:45.702 D/PMS11423(  657): package:com.excelliance.dualaid, input flags:128, output hwFlags:0
06-24 16:31:45.703 I/GRALLOC (  679): 	 shrFd=10,fmt=0x1,intFmt=0x200000001,btStrd=4352,size=8486912,pid=679 
06-24 16:31:45.703 I/GRALLOC (  679): 	 yuv=2,w=1080,h=1920,Stride u=0 v=0,offset u=0 v=0 
06-24 16:31:45.703 I/GRALLOC (  679): 	 iova_size=8486912,conUsg=0xb00,proUsg=0xb00,	 strd=1088,[afbc]HdrStrd=1088 PyldStrd=69632 Scrmbl=2,ionhnd = 1 
06-24 16:31:45.709 D/PMS11423(  657): package:com.excelliance.dualaid, input flags:128, output hwFlags:0
06-24 16:31:45.711 D/WindowManager(  657): finishDrawingWindow: Window{95ea0c5 u0 com.excelliance.dualaid/com.excelliance.kxqp.swipe.NavActivity2} mDrawState=DRAW_PENDING
06-24 16:31:45.712 V/MainActivity(10724): onWindowFocusChanged: true
06-24 16:31:45.712 W/InputMethodManager(10724): startInputReason = 1
06-24 16:31:45.713 V/WindowManager(  657): Checking 1 opening apps (frozen=false timeout=false)...
06-24 16:31:45.713 V/WindowManager(  657): Check opening app=AppWindowToken{debab36 token=Token{ea2c4d1 ActivityRecord{66427f8 u0 com.excelliance.dualaid/com.excelliance.kxqp.swipe.NavActivity2 t16050}}}: allDrawn=true startingDisplayed=false startingMoved=false isRelaunching()=false
06-24 16:31:45.714 D/ImageWallpaper( 1513): onVisibilityChanged: mVisible, visible=true, false
06-24 16:31:45.714 D/ImageWallpaper( 1513): Visibility changed to visible=false
06-24 16:31:45.715 D/BarTransitions.HwPhoneStatusBarView( 1513): MODE_TRANSLUCENT -> MODE_TRANSPARENT animate=false
06-24 16:31:45.715 D/BarTransitions.HwPhoneStatusBarView( 1513): applyModeBackground oldMode=MODE_TRANSLUCENT newMode=MODE_TRANSPARENT animate=false
06-24 16:31:45.717 I/ActivityManager(  657): Displayed com.excelliance.dualaid/com.excelliance.kxqp.swipe.NavActivity2: +189ms (total +360ms)
06-24 16:31:45.718 W/InputMethodManager(10724): startInputReason = 5
06-24 16:31:45.720 I/wangchen( 7035): SysInfo.getSysParam: orientation=1||config d=3.0,w=1080,h=1920||metrics d=3.0,w=1080,h=1920||sdk=26,bar_h=72
06-24 16:31:45.720 I/KeymapLoader( 7035): w=1080 h=1920 ori=true appScale=3.3 s1=3.0
06-24 16:31:45.725 I/WindowManager(  657): notifyAccessibilityButtonVisibilityChanged visible:false
06-24 16:31:45.725 E/BufferQueueProducer(  710): [com.huawei.android.launcher/com.huawei.android.launcher.unihome.UniHomeLauncher#0] disconnect: not connected (req=1)
06-24 16:31:45.725 W/libEGL  ( 2519): EGLNativeWindowType 0x74825f5010 disconnect failed
06-24 16:31:45.729 I/GRALLOC (  679): 	 shrFd=10,fmt=0x1,intFmt=0x200000001,btStrd=4352,size=8486912,pid=679 
06-24 16:31:45.729 I/GRALLOC (  679): 	 yuv=2,w=1080,h=1920,Stride u=0 v=0,offset u=0 v=0 
06-24 16:31:45.729 I/GRALLOC (  679): 	 iova_size=8486912,conUsg=0xb00,proUsg=0xb00,	 strd=1088,[afbc]HdrStrd=1088 PyldStrd=69632 Scrmbl=2,ionhnd = 1 
06-24 16:31:45.743 W/ActivityManager(  657): Sending non-protected broadcast huawei.action.floattasks.STATUS_BAR_STATE_CHANGED from system 1513:com.android.systemui/u0a39 pkg com.android.systemui
06-24 16:31:45.743 W/HwKeyguardDragHelper( 1513): AnimationBlocked
06-24 16:31:45.744 V/WindowManager(  657): notifyAppStopped: AppWindowToken{d3a938b token=Token{377755a ActivityRecord{d5c9105 u0 com.huawei.android.launcher/.unihome.UniHomeLauncher t15658}}}
06-24 16:31:45.744 E/WindowManager(  657): win=Window{68d6975 u0 com.huawei.android.launcher/com.huawei.android.launcher.unihome.UniHomeLauncher} destroySurfaces: appStopped=true win.mWindowRemovalAllowed=false win.mRemoveOnExit=false
06-24 16:31:45.744 D/BarTransitions.HwPhoneStatusBarView( 1513): MODE_TRANSPARENT -> MODE_TRANSLUCENT animate=false
06-24 16:31:45.744 D/BarTransitions.HwPhoneStatusBarView( 1513): applyModeBackground oldMode=MODE_TRANSPARENT newMode=MODE_TRANSLUCENT animate=false
06-24 16:31:45.744 D/BarTransitions.HwNavigationBarView( 1513): MODE_TRANSLUCENT -> MODE_OPAQUE animate=false
06-24 16:31:45.744 I/WindowManager(  657): Destroying surface Surface(name=com.huawei.android.launcher/com.huawei.android.launcher.unihome.UniHomeLauncher) called by com.android.server.wm.WindowStateAnimator.destroySurface:2060 com.android.server.wm.WindowStateAnimator.destroySurfaceLocked:873 com.android.server.wm.HwWindowStateAnimator.destroySurfaceLocked:1006 com.android.server.wm.WindowState.destroyOrSaveSurfaceUnchecked:2990 com.android.server.wm.WindowState.destroySurface:2951 com.android.server.wm.AppWindowToken.destroySurfaces:654 com.android.server.wm.AppWindowToken.destroySurfaces:638 com.android.server.wm.AppWindowToken.notifyAppStopped:682 
06-24 16:31:45.744 D/BarTransitions.HwNavigationBarView( 1513): applyModeBackground oldMode=MODE_TRANSLUCENT newMode=MODE_OPAQUE animate=false
06-24 16:31:45.746 D/ActivityThread(10724): Remove activity client record, r= ActivityRecord{cbe2ddc token=android.os.BinderProxy@d13fa03 {com.excelliance.dualaid/com.excelliance.kxqp.ui.HelloActivity}} token= android.os.BinderProxy@d13fa03
06-24 16:31:45.746 V/WindowManager(  657): removeAppToken: AppWindowToken{d7e2e5e token=Token{9be3b99 ActivityRecord{4cb9ce0 u0 com.excelliance.dualaid/com.excelliance.kxqp.ui.HelloActivity t16050}}} delayed=false Callers=com.android.server.wm.DisplayContent.removeAppToken:985 com.android.server.wm.AppWindowContainerController.removeContainer:348 com.android.server.am.ActivityRecord.removeWindowContainer:1039 com.android.server.am.ActivityStack.removeActivityFromHistoryLocked:4491 
06-24 16:31:45.747 W/dex2oat (10793): Using default instruction set features for ARM CPU variant (default) using conservative defaults
06-24 16:31:45.747 I/dex2oat (10793): /system/bin/dex2oat -j4 --dex-file=/data/data/com.excelliance.dualaid/.platformcache/main.jar --output-vdex-fd=46 --oat-fd=47 --oat-location=/data/data/com.excelliance.dualaid/.platformcache/oat/arm/main.odex --compiler-filter=quicken
06-24 16:31:45.747 D/HwGameAssistantController(  657): pid=2519, uid=10056, foreground=false
06-24 16:31:45.747 I/cutils-trace(10793): atrace_init_once, trace_marker_path = /sys/kernel/debug/tracing/trace_marker
06-24 16:31:45.747 W/AwareLog(  657): SchedLevelBoost: onFgActivitiesChanged config not set!
06-24 16:31:45.819 E/WifiHAL (  706): enter wifi_get_link_stats
06-24 16:31:45.829 E/wificond(  765): Failed to get NL80211_STA_INFO_CNAHLOAD
06-24 16:31:45.830 E/WificondControl(  657): Noise: -92, Snr: 0, Chload: -1
06-24 16:31:45.830 D/HwWifiCHRStateManager(  657): handleMessage : 1001
06-24 16:31:45.830 D/HwWifiCHRStateManager(  657): handleUpdateChannel:5805
06-24 16:31:45.830 V/HwWifiServiceFactory(  657): get AllImpl object = com.android.server.wifi.HwWifiServiceFactoryImpl@a390a53
06-24 16:31:45.830 D/WifiScoreReport(  657): Score = 100, wifiConnectivityManagerEnabled = false, lowScoreCount = 0
06-24 16:31:45.897 I/HwNormalizedSpline(  657): getEyeProtectionBrightnessLevel lux =239.0, mDefaultBrightnessFromLux =68.645
06-24 16:31:46.146 I/dex2oat (10793): dex2oat took 400.302ms (979.896ms cpu) (threads: 4) arena alloc=137KB (141240B) java alloc=2MB (3143720B) native alloc=4MB (4687960B) free=2MB (2652072B)
06-24 16:31:46.158 D/PMS11423(  657): package:com.excelliance.dualaid, input flags:128, output hwFlags:0
06-24 16:31:46.208 W/dex2oat (10798): Using default instruction set features for ARM CPU variant (default) using conservative defaults
06-24 16:31:46.208 I/dex2oat (10798): /system/bin/dex2oat -j4 --dex-file=/data/data/com.excelliance.dualaid/.platformcache/kxqpplatform2.jar --output-vdex-fd=47 --oat-fd=48 --oat-location=/data/data/com.excelliance.dualaid/.platformcache/oat/arm/kxqpplatform2.odex --compiler-filter=quicken
06-24 16:31:46.208 I/cutils-trace(10798): atrace_init_once, trace_marker_path = /sys/kernel/debug/tracing/trace_marker
06-24 16:31:46.233 I/GRALLOC (  679): 	 shrFd=10,fmt=0x1,intFmt=0x200000001,btStrd=4352,size=8486912,pid=679 
06-24 16:31:46.233 I/GRALLOC (  679): 	 yuv=2,w=1080,h=1920,Stride u=0 v=0,offset u=0 v=0 
06-24 16:31:46.233 I/GRALLOC (  679): 	 iova_size=8486912,conUsg=0xb00,proUsg=0xb00,	 strd=1088,[afbc]HdrStrd=1088 PyldStrd=69632 Scrmbl=2,ionhnd = 1 
06-24 16:31:46.406 I/dex2oat (10798): dex2oat took 198.358ms (428.675ms cpu) (threads: 4) arena alloc=62KB (63808B) java alloc=2MB (2283472B) native alloc=2MB (2311488B) free=2MB (2931392B)
06-24 16:31:46.419 D/PMS11423(  657): package:com.excelliance.dualaid, input flags:0, output hwFlags:0
06-24 16:31:46.437 E/MemoryLeakMonitorManager(10749): MemoryLeakMonitor.jar is not exist!
06-24 16:31:46.439 D/CrashHandler(10749): CrashHandler
06-24 16:31:46.440 D/KXQPApplication(10749): run: initUserManager
06-24 16:31:46.447 E/Minikin (10749): Could not get cmap table size!
06-24 16:31:46.447 D/PMS11423(  657): package:com.excelliance.dualaid, input flags:128, output hwFlags:0
06-24 16:31:46.458 D/AirPushService(10749): 第一次触发
06-24 16:31:46.459 D/SmtServService(10749): MSG_LOAD_PLT GameUtil.isPtLoaded() = false
06-24 16:31:46.460 D/PMS1000 (  657): package:com.excelliance.dualaid, input flags:8192, output hwFlags:0
06-24 16:31:46.461 I/HwCust  (10749): Constructor found for class android.net.HwCustConnectivityManagerImpl
06-24 16:31:46.461 D/HwCust  (10749): Create obj success use class android.net.HwCustConnectivityManagerImpl
06-24 16:31:46.463 D/NetworkStateReceiver(10749): netWorkConnected = true
06-24 16:31:46.463 D/AirPushUtils(10749): startPushInfo
06-24 16:31:46.465 D/AirPushService(10749): 第一次设置Alarm
06-24 16:31:46.465 D/AirPushService(10749): resetPushAlarm
06-24 16:31:46.466 D/PMS1001 (  657): package:com.excelliance.dualaid, input flags:0, output hwFlags:0
06-24 16:31:46.467 D/SmtServService(10749): pull info
06-24 16:31:46.468 D/PMS11423(  657): package:com.excelliance.dualaid, input flags:0, output hwFlags:0
06-24 16:31:46.468 D/SmtServService(10749): diffTime = 1529829106467
06-24 16:31:46.469 D/SmtServService(10749): pushInfoFromServer
06-24 16:31:46.481 D/AirPushPreferences(10749): setLastPushTime
06-24 16:31:46.483 I/zygote  (10749): Do partial code cache collection, code=27KB, data=31KB
06-24 16:31:46.483 I/zygote  (10749): After code cache collection, code=11KB, data=18KB
06-24 16:31:46.483 I/zygote  (10749): Increasing code cache capacity to 128KB
06-24 16:31:46.495 D/StatisticsManager(10749): Query time diff:1529829106495
06-24 16:31:46.498 D/PMS11423(  657): package:com.excelliance.dualaid, input flags:128, output hwFlags:0
06-24 16:31:46.500 D/launch-time-RU(10749): preload 24 classes cost 34ms
06-24 16:31:46.509 D/StatisticsManager(10749): Query time diff:1529829106509
06-24 16:31:46.512 D/StatisticsManager(10749): Query time diff:1529829106512
06-24 16:31:46.536 D/AirPushDBHelper(10749): onCreate: pushitemnew
06-24 16:31:46.538 D/AirPushDBHelper(10749): selection = type=? and index_=(select max(index_) from pushitemnew where type=?) , key = vip
06-24 16:31:46.539 D/AirPushDBHelper(10749): selection = type=? and index_=(select max(index_) from pushitemnew where type=?) , key = update
06-24 16:31:46.539 D/AirPushDBHelper(10749): selection = type=? and index_=(select max(index_) from pushitemnew where type=?) , key = officalActivity
06-24 16:31:46.539 D/AirPushDBHelper(10749): selection = type=? and index_=(select max(index_) from pushitemnew where type=?) , key = news
06-24 16:31:46.539 D/AirPushDBHelper(10749): selection = type=? and index_=(select max(index_) from pushitemnew where type=?) , key = target
06-24 16:31:46.540 D/AirPushDBHelper(10749): selection = type=? and index_=(select max(index_) from pushitemnew where type=?) , key = batch
06-24 16:31:46.540 D/AirPushDBHelper(10749): selection = type=? and index_=(select max(index_) from pushitemnew where type=?) , key = skipTarget
06-24 16:31:46.540 D/AirPushDBHelper(10749): selection = type=? and index_=(select max(index_) from pushitemnew where type=?) , key = thirdApp
06-24 16:31:46.540 D/PushItem(10749): indexJson = {}
06-24 16:31:46.540 D/AirPushService(10749): dataJson = {}
06-24 16:31:46.540 V/AirPushService(10749): ver :e30%3D%0A
06-24 16:31:46.541 D/VersionManager(10749): httpsRequest getURL = https://mto.multiopen.cn/pushmess.php?ver=466&mainver=231200&data=e30%3D%0A&wxCode=1321&subchid=1&sdkV=8.0.0&pkg=com.excelliance.dualaid&chid=10019&issl=1&compver=54302&wxVerName=6.6.7&vn=4.0.6&model=stf-al10&api=26&brand=honor&aid=f0c2426fc7560cf5
06-24 16:31:46.541 D/NetworkSecurityConfig(10749): No Network Security Config specified, using platform default
06-24 16:31:46.554 D/GameUtil(10749): getSDKDataParam totalmem:5.60GB
06-24 16:31:46.555 D/VersionManager(10749): httpsRequest getURL = https://folder.appota.cn/genuser.php?chid=10019&subchid=1&vc=466&type=4&data=tbCbI6ooWmOSi%2BhP8At3K55rUDjOXjUCTTE1Q7OqeVGzpiL1Dx8z2UKsv%2F2w066OKzL65VOc%2FHNVNculXvpkfbOlpWKAPUf5ryVSFynVNa8UucDwm5e36rJ6e2Kpu%2B5ykc4DARTfkZV4Ad5N96d4%2BjApQCWZuWchybogtHpbAp5JGb2oE4RYpIUqF8au1pxTSmwBdD5PozvBfX2%2Bj4RIW8u13M8ksM63bQoy2eR4WdDx%2BqZexoey63Hms3xqJyQkd3PFvljbOMDFV5%2BIsI0F%2B0cTu0Poz37kp440m4BdEnDxUpl%2F2SWQiyGENywr4rII2GFixGV6F3FTP2B6Iz%2Bp9XPgTT1Q8jOobYd0%2B7qf7bpZ2AyYZuCae%2FN%2FDrbd9ARIKpXrBwZ7SdplMO1nzphjQUqGRQMAlrO9Oa0Du6EV17%2FgN7YtgBzuJRHbP0GgVSdnIEYbOUnjg9adLEk2nhpRcwGYdX7bJ5%2FC%2FGVy8QMvFO%2FVJ5uAYH82VV6bvSarVkuFeotJT4yadRHbDkYGgVZfCDPVS%2FOPcQttSZtkoN3AjIdEC3B%2BjPtytpdTQYFvI9Ol&issl=1
06-24 16:31:46.558 I/zygote  (10724): Do partial code cache collection, code=27KB, data=27KB
06-24 16:31:46.558 I/zygote  (10724): After code cache collection, code=27KB, data=27KB
06-24 16:31:46.558 I/zygote  (10724): Increasing code cache capacity to 128KB
06-24 16:31:46.582 W/X509TrustManager(10749): checkServerTrusted: SignatureException:null
06-24 16:31:46.582 W/X509TrustManager(10749): checkServerTrusted: SignatureException:error:04000073:RSA routines:OPENSSL_internal:DATA_TOO_LARGE_FOR_MODULUS
06-24 16:31:46.589 W/X509TrustManager(10749): checkServerTrusted: SignatureException:null
06-24 16:31:46.589 W/X509TrustManager(10749): checkServerTrusted: SignatureException:error:04000073:RSA routines:OPENSSL_internal:DATA_TOO_LARGE_FOR_MODULUS
06-24 16:31:46.617 D/PMS1000 (  657): package:com.excelliance.dualaid, input flags:1024, output hwFlags:0
06-24 16:31:46.618 I/ActivityManager(  657): Need to start process com.excelliance.dualaid:lbcore for provider ContentProviderInfo{name=com.excelliance.dualaid:com.excelliance.kxqp.platform.PluginManagerProvider className=com.excelliance.kxqp.platform.PluginManagerProvider}, callerApp: ProcessRecord{d468a37 10749:com.excelliance.dualaid/u0a1423}
06-24 16:31:46.618 V/ActivityManager(  657): startProcess: name=com.excelliance.dualaid:lbcore app=null knownToBeDead=false thread=null pid=-1
06-24 16:31:46.618 D/PMS1000 (  657): package:com.excelliance.dualaid, input flags:0, output hwFlags:0
06-24 16:31:46.621 D/AirPushService(10749): result = {"period":"r","vip":{"index_":"","data":""},"update":{"index_":"","data":""},"officalActivity":{"index_":"","data":""},"news":{"index_":"","data":""},"target":{"index_":"","data":""},"batch":{"index_":"","data":""},"skipTarget":{"index_":"","data":""},"thirdApp":{"index_":"","data":""}}
06-24 16:31:46.622 D/AirPushService(10749): handleCheckerSaveToDB
06-24 16:31:46.622 D/AirPushUtils(10749): startDbOver
06-24 16:31:46.625 I/        (10833): power log dlsym ok
06-24 16:31:46.626 I/ActivityManager(  657): Start proc 10833:com.excelliance.dualaid:lbcore/u0a1423 for content provider com.excelliance.dualaid/com.excelliance.kxqp.platform.PluginManagerProvider
06-24 16:31:46.626 V/ActivityManager_MU(  657): Waiting to start provider ContentProviderRecord{60bcdca u0 com.excelliance.dualaid/com.excelliance.kxqp.platform.PluginManagerProvider} launchingApp=ProcessRecord{8024535 10833:com.excelliance.dualaid:lbcore/u0a1423} caller pid= 10749
06-24 16:31:46.627 I/zygote  (10833): Reinit property: dalvik.vm.checkjni= false
06-24 16:31:46.630 D/SmtServService(10749): db write over
06-24 16:31:46.632 D/SmtServService(10749): gameCenterFirstStart = true
06-24 16:31:46.634 D/ActivityThread(10833): ActivityThread,attachApplication
06-24 16:31:46.635 D/ActivityManager(  657): ActivityManagerService,attachApplication,callingPid = 10833
06-24 16:31:46.640 E/Thermal-daemon(  764): [flash_led] temp_new :40  temp_old :39
06-24 16:31:46.640 I/ThermalService( 1699): Receive temperature change, type: 3, temp: 40 from thermald
06-24 16:31:46.641 D/HwThermalStateManager( 1699): Thermal type: 3 cur_temperature:40
06-24 16:31:46.641 W/HwThermalStateManager( 1699): warning: no config thermal type:3 temperature:40
06-24 16:31:46.641 E/Thermal-daemon(  764): Report temperature: [flash_led] temp :40  report_threshold:1
06-24 16:31:46.642 W//system/bin/hwservicemanager(  416): Cannot open /odm/manifest.xml
06-24 16:31:46.645 D/VersionManager(10749): uid=353
06-24 16:31:46.656 W//system/bin/hwservicemanager(  416): Cannot open /odm/manifest.xml
06-24 16:31:46.657 I/GRALLOC (  679): 	 shrFd=10,fmt=0x1,intFmt=0x1,btStrd=256,size=4096,pid=679 
06-24 16:31:46.657 I/GRALLOC (  679): 	 yuv=2,w=16,h=16,Stride u=0 v=0,offset u=0 v=0 
06-24 16:31:46.657 I/GRALLOC (  679): 	 iova_size=4096,conUsg=0x100,proUsg=0x100,	 strd=64,[afbc]HdrStrd=0 PyldStrd=0 Scrmbl=0,ionhnd = 1 
06-24 16:31:46.660 D/HwFLClassLoader(10833): get used feature list :/feature/used-list failed!
06-24 16:31:46.660 D/HwFLClassLoader(10833): USE_FEATURE_LIST had not init! 
06-24 16:31:46.673 D/PMS11423(  657): package:com.excelliance.dualaid, input flags:128, output hwFlags:0
06-24 16:31:46.715 D/launch-time-RU(10833): preload 24 classes cost 22ms
06-24 16:31:46.732 D/SmartcareProc(  657): onSignalStrengthsChanged: signalStrength is: SignalStrength: 0 1955964583 0 255 0 0 32767 -1 32767 -1 -73 -3 15 -1 0 -1 false gw|lte , on sub: 0
06-24 16:31:46.732 D/SmartcareProc(  657): SignalStrength update result, ss: SignalStrengthInfo:8749149 mGsmSignalStrength: -1 mWcdmaRscp: -1 mWcdmaEcio: 255 mLteRsrp: -73 mLteRsrq: -3 mCdmaDbm: -1 mCdmaEcio: -1 mEvdoDbm: 32767mEvdoEcio: -1mLteRssnr: 15
06-24 16:31:46.732 I/MQoS    (  657): onSignal: mSubId=0,currDataSubID=0
06-24 16:31:46.732 I/MQoS    (  657): received cell-signal:5
06-24 16:31:46.735 I/HwMobileSignalController(0)( 1513): subId:0 phoneType:1 networktype:13 targetClass:3 masterLevel:5 slaveLevel:-1
06-24 16:31:46.749 D/ActivityThread(10833): Loading provider com.excelliance.dualaid:com.excelliance.kxqp.platform.PluginManagerProvider: com.excelliance.kxqp.platform.PluginManagerProvider
06-24 16:31:46.749 D/PMS11423(  657): package:com.excelliance.dualaid, input flags:0, output hwFlags:0
06-24 16:31:46.758 D/PMS1000 (  657): package:com.excelliance.dualaid, input flags:8192, output hwFlags:0
06-24 16:31:46.761 D/PMS1001 (  657): package:com.excelliance.dualaid, input flags:0, output hwFlags:0
06-24 16:31:46.768 D/PMS11423(  657): package:com.excelliance.dualaid, input flags:0, output hwFlags:0
06-24 16:31:46.770 D/PMS11423(  657): package:com.excelliance.dualaid:lbcore, input flags:0, output is null
06-24 16:31:46.771 I/Bluetooth_framework(  657): BluetoothManagerService:Added callback: android.bluetooth.IBluetoothManagerCallback$Stub$Proxy@41effb1:true pid = 10833
06-24 16:31:46.774 D/PMS11423(  657): package:com.excelliance.dualaid, input flags:128, output hwFlags:0
06-24 16:31:46.788 I/LBVMD-LBPMS(10833): LBVMRT: version 54302:543.02
06-24 16:31:46.789 E/zygote  (10833): Invalid capacity given to EnsureLocalCapacity: 800
06-24 16:31:46.806 I/HwCust  (10833): Constructor found for class android.net.HwCustConnectivityManagerImpl
06-24 16:31:46.806 D/HwCust  (10833): Create obj success use class android.net.HwCustConnectivityManagerImpl
06-24 16:31:46.811 D/PMS11423(  657): package:com.excelliance.dualaid, input flags:0, output hwFlags:0
06-24 16:31:46.817 V/HwWidgetFactory(10833): : successes to get AllImpl object and return....
06-24 16:31:46.820 D/PMS11423(  657): package:com.excelliance.dualaid, input flags:0, output hwFlags:0
06-24 16:31:46.821 D/PMS11423(  657): package:com.excelliance.dualaid, input flags:0, output hwFlags:0
06-24 16:31:46.822 V/ActivityManager(  657): Successfully start provider ContentProviderRecord{60bcdca u0 com.excelliance.dualaid/com.excelliance.kxqp.platform.PluginManagerProvider} launchingApp=ProcessRecord{8024535 10833:com.excelliance.dualaid:lbcore/u0a1423} caller pid= 10749
06-24 16:31:46.822 E/MemoryLeakMonitorManager(10833): MemoryLeakMonitor.jar is not exist!
06-24 16:31:46.824 D/KXQPApplication(10833): run: initUserManager
06-24 16:31:46.825 E/MemoryLeakMonitorManager(10833): MemoryLeakMonitor.jar is not exist!
06-24 16:31:46.826 E/MemoryLeakMonitorManager(10749): MemoryLeakMonitor.jar is not exist!
06-24 16:31:46.827 D/SmtServService(10749): MSG_LOAD_PLT after msg.obj
