07-29 16:41:03.849 V/GameUtil(17978): getCurrentVersionByKey  bd:12
07-29 16:41:03.849 V/InitialData(17978): capitalize:Zh
07-29 16:41:03.849 V/GameUtil(17978): getCurrentVersionByKey : zh	current_zh_version	ZhVersion
07-29 16:41:03.849 V/GameUtil(17978): saveVersionToFileByKey  xml_key :zh  result:0
07-29 16:41:03.859 V/GameUtil(17978): getCurrentVersionByKey  zh:0
07-29 16:41:03.859 V/InitialData(17978): capitalize:Jc
07-29 16:41:03.859 V/GameUtil(17978): getCurrentVersionByKey : jc	current_jc_version	JcVersion
07-29 16:41:03.859 V/GameUtil(17978): saveVersionToFileByKey  xml_key :jc  result:0
07-29 16:41:03.869 V/GameUtil(17978): getCurrentVersionByKey  jc:0
07-29 16:41:03.869 V/InitialData(17978): capitalize:Al
07-29 16:41:03.869 V/GameUtil(17978): getCurrentVersionByKey : al	current_al_version	AlVersion
07-29 16:41:03.869 V/GameUtil(17978): saveVersionToFileByKey  xml_key :al  result:0
07-29 16:41:03.879 V/GameUtil(17978): getCurrentVersionByKey  al:0
07-29 16:41:03.879 V/InitialData(17978): capitalize:Gdt
07-29 16:41:03.879 V/GameUtil(17978): getCurrentVersionByKey : gdt	current_gdt_version	GdtVersion
07-29 16:41:03.879 V/GameUtil(17978): saveVersionToFileByKey  xml_key :gdt  result:-1
07-29 16:41:03.899 V/GameUtil(17978): getCurrentVersionByKey  gdt:-1
07-29 16:41:03.899 V/InitialData(17978): capitalize:Cc
07-29 16:41:03.899 V/GameUtil(17978): getCurrentVersionByKey : cc	current_cc_version	CcVersion
07-29 16:41:03.899 V/GameUtil(17978): saveVersionToFileByKey  xml_key :cc  result:0
07-29 16:41:03.909 V/GameUtil(17978): getCurrentVersionByKey  cc:0
07-29 16:41:03.909 V/InitialData(17978): capitalize:Fb
07-29 16:41:03.909 V/GameUtil(17978): getCurrentVersionByKey : fb	current_fb_version	FbVersion
07-29 16:41:03.909 V/GameUtil(17978): saveVersionToFileByKey  xml_key :fb  result:-1
07-29 16:41:03.919 V/GameUtil(17978): getCurrentVersionByKey  fb:-1
07-29 16:41:03.919 V/InitialData(17978): capitalize:Admob
07-29 16:41:03.919 V/GameUtil(17978): getCurrentVersionByKey : admob	current_admob_version	AdmobVersion
07-29 16:41:03.919 V/GameUtil(17978): saveVersionToFileByKey  xml_key :admob  result:-1
07-29 16:41:03.919 V/GameUtil(17978): getCurrentVersionByKey  admob:-1
07-29 16:41:03.919 V/InitialData(17978): capitalize:Mt
07-29 16:41:03.919 V/GameUtil(17978): getCurrentVersionByKey : mt	current_mt_version	MtVersion
07-29 16:41:03.929 V/GameUtil(17978): saveVersionToFileByKey  xml_key :mt  result:0
07-29 16:41:03.929 V/GameUtil(17978): getCurrentVersionByKey  mt:0
07-29 16:41:03.929 V/InitialData(17978): capitalize:Jrtt
07-29 16:41:03.929 V/GameUtil(17978): getCurrentVersionByKey : jrtt	current_jrtt_version	JrttVersion
07-29 16:41:03.929 V/GameUtil(17978): saveVersionToFileByKey  xml_key :jrtt  result:0
07-29 16:41:03.939 V/GameUtil(17978): getCurrentVersionByKey  jrtt:0
07-29 16:41:03.939 V/InitialData(17978): capitalize:Gdtnew
07-29 16:41:03.939 V/GameUtil(17978): getCurrentVersionByKey : gdtnew	current_gdtnew_version	GdtnewVersion
07-29 16:41:03.939 V/GameUtil(17978): saveVersionToFileByKey  xml_key :gdtnew  result:0
07-29 16:41:03.939 V/GameUtil(17978): getCurrentVersionByKey  gdtnew:0
07-29 16:41:03.939 V/InitialData(17978): capitalize:Xf
07-29 16:41:03.939 V/GameUtil(17978): getCurrentVersionByKey : xf	current_xf_version	XfVersion
07-29 16:41:03.939 V/GameUtil(17978): saveVersionToFileByKey  xml_key :xf  result:0
07-29 16:41:03.949 V/GameUtil(17978): getCurrentVersionByKey  xf:0
07-29 16:41:03.949 V/InitialData(17978): capitalize:Pp
07-29 16:41:03.949 V/GameUtil(17978): getCurrentVersionByKey : pp	current_pp_version	PpVersion
07-29 16:41:03.949 V/GameUtil(17978): saveVersionToFileByKey  xml_key :pp  result:0
07-29 16:41:03.959 V/GameUtil(17978): getCurrentVersionByKey  pp:0
07-29 16:41:03.959 V/InitialData(17978): capitalize:Clib
07-29 16:41:03.959 V/GameUtil(17978): getCurrentVersionByKey : clib	current_clib_version	ClibVersion
07-29 16:41:03.959 V/GameUtil(17978): saveVersionToFileByKey  xml_key :clib  result:0
07-29 16:41:03.969 V/GameUtil(17978): getCurrentVersionByKey  clib:0
07-29 16:41:03.969 V/InitialData(17978): capitalize:Yc
07-29 16:41:03.969 V/GameUtil(17978): getCurrentVersionByKey : yc	current_yc_version	YcVersion
07-29 16:41:03.969 V/GameUtil(17978): saveVersionToFileByKey  xml_key :yc  result:0
07-29 16:41:03.969 V/GameUtil(17978): getCurrentVersionByKey  yc:0
07-29 16:41:03.969 V/InitialData(17978): capitalize:Kx
07-29 16:41:03.969 V/GameUtil(17978): getCurrentVersionByKey : kx	current_kx_version	KxVersion
07-29 16:41:03.969 V/GameUtil(17978): saveVersionToFileByKey  xml_key :kx  result:0
07-29 16:41:03.979 V/GameUtil(17978): getCurrentVersionByKey  kx:0
07-29 16:41:03.979 V/InitialData(17978): capitalize:It
07-29 16:41:03.979 V/GameUtil(17978): getCurrentVersionByKey : it	current_it_version	ItVersion
07-29 16:41:03.979 V/GameUtil(17978): saveVersionToFileByKey  xml_key :it  result:0
07-29 16:41:03.989 D/StatisticsToServer(16979): enter::::{"vc":472,"vn":"4.1.2","chid":10022,"subchid":1,"uid":"10338333","mcnt":1}
07-29 16:41:03.989 E/StatisticsToServer(16979): url=http://mto.multiopen.cn/adstatis.php?cmd=101&data=eyJ2YyI6NDcyLCJ2biI6IjQuMS4yIiwiY2hpZCI6MTAwMjIsInN1YmNoaWQiOjEsInVpZCI6IjEw%0AMzM4MzMzIiwibWNudCI6MX0%3D%0A
07-29 16:41:03.989 D/StatisticsToServer(16979): show::::[]
07-29 16:41:03.989 E/StatisticsToServer(16979): url=http://mto.multiopen.cn/adstatis.php?cmd=3&data=eyJ2YyI6NDcyLCJ2biI6IjQuMS4yIiwiY2hpZCI6MTAwMjIsInN1YmNoaWQiOjEsInVpZCI6IjEw%0AMzM4MzMzIiwiZHQiOiJbXSJ9%0A
07-29 16:41:03.989 D/StatisticsToServer(16979): click::::[]
07-29 16:41:03.989 E/StatisticsToServer(16979): url=http://mto.multiopen.cn/adstatis.php?cmd=1&data=eyJ2YyI6NDcyLCJ2biI6IjQuMS4yIiwiY2hpZCI6MTAwMjIsInN1YmNoaWQiOjEsInVpZCI6IjEw%0AMzM4MzMzIiwiZHQiOiJbXSJ9%0A
07-29 16:41:03.989 D/StatisticsToServer(16979): get::::[]
07-29 16:41:03.989 E/StatisticsToServer(16979): url=http://mto.multiopen.cn/adstatis.php?cmd=4&data=eyJ2YyI6NDcyLCJ2biI6IjQuMS4yIiwiY2hpZCI6MTAwMjIsInN1YmNoaWQiOjEsInVpZCI6IjEw%0AMzM4MzMzIiwiZHQiOiJbXSJ9%0A
07-29 16:41:03.989 D/StatisticsToServer(16979): getSuccess::::[]
07-29 16:41:03.989 E/StatisticsToServer(16979): url=http://mto.multiopen.cn/adstatis.php?cmd=5&data=eyJ2YyI6NDcyLCJ2biI6IjQuMS4yIiwiY2hpZCI6MTAwMjIsInN1YmNoaWQiOjEsInVpZCI6IjEw%0AMzM4MzMzIiwiZHQiOiJbXSJ9%0A
07-29 16:41:03.989 D/StatisticsToServer(16979): startCount
07-29 16:41:03.989 D/VersionManager(16979): httpsRequest getURL = http://mto.multiopen.cn/adstatis.php?cmd=101&data=eyJ2YyI6NDcyLCJ2biI6IjQuMS4yIiwiY2hpZCI6MTAwMjIsInN1YmNoaWQiOjEsInVpZCI6IjEw%0AMzM4MzMzIiwibWNudCI6MX0%3D%0A
07-29 16:41:03.999 V/GameUtil(17978): getCurrentVersionByKey  it:0
07-29 16:41:03.999 V/InitialData(17978): capitalize:Yz
07-29 16:41:03.999 V/GameUtil(17978): getCurrentVersionByKey : yz	current_yz_version	YzVersion
07-29 16:41:03.999 V/GameUtil(17978): saveVersionToFileByKey  xml_key :yz  result:0
07-29 16:41:04.009 V/GameUtil(17978): getCurrentVersionByKey  yz:0
07-29 16:41:04.009 V/InitialData(17978): capitalize:Ls
07-29 16:41:04.009 V/GameUtil(17978): getCurrentVersionByKey : ls	current_ls_version	LsVersion
07-29 16:41:04.009 V/GameUtil(17978): saveVersionToFileByKey  xml_key :ls  result:0
07-29 16:41:04.009 V/GameUtil(17978): getCurrentVersionByKey  ls:0
07-29 16:41:04.009 V/InitialData(17978): capitalize:Ht
07-29 16:41:04.009 V/GameUtil(17978): getCurrentVersionByKey : ht	current_ht_version	HtVersion
07-29 16:41:04.009 V/GameUtil(17978): saveVersionToFileByKey  xml_key :ht  result:0
07-29 16:41:04.019 D/VersionManager(16979): httpsRequest getURL = http://mto.multiopen.cn/adstatis.php?cmd=3&data=eyJ2YyI6NDcyLCJ2biI6IjQuMS4yIiwiY2hpZCI6MTAwMjIsInN1YmNoaWQiOjEsInVpZCI6IjEw%0AMzM4MzMzIiwiZHQiOiJbXSJ9%0A
07-29 16:41:04.029 V/GameUtil(17978): getCurrentVersionByKey  ht:0
07-29 16:41:04.029 V/InitialData(17978): capitalize:Lm
07-29 16:41:04.029 V/GameUtil(17978): getCurrentVersionByKey : lm	current_lm_version	LmVersion
07-29 16:41:04.029 V/GameUtil(17978): saveVersionToFileByKey  xml_key :lm  result:0
07-29 16:41:04.039 V/GameUtil(17978): getCurrentVersionByKey  lm:0
07-29 16:41:04.039 V/InitialData(17978): capitalize:Av
07-29 16:41:04.039 V/GameUtil(17978): getCurrentVersionByKey : av	current_av_version	AvVersion
07-29 16:41:04.039 V/GameUtil(17978): saveVersionToFileByKey  xml_key :av  result:0
07-29 16:41:04.039 V/GameUtil(17978): getCurrentVersionByKey  av:0
07-29 16:41:04.039 V/InitialData(17978): capitalize:Baidumap
07-29 16:41:04.039 V/GameUtil(17978): getCurrentVersionByKey : baidumap	current_baidumap_version	BaidumapVersion
07-29 16:41:04.049 V/GameUtil(17978): saveVersionToFileByKey  xml_key :baidumap  result:0
07-29 16:41:04.049 D/VersionManager(16979): httpsRequest getURL = http://mto.multiopen.cn/adstatis.php?cmd=1&data=eyJ2YyI6NDcyLCJ2biI6IjQuMS4yIiwiY2hpZCI6MTAwMjIsInN1YmNoaWQiOjEsInVpZCI6IjEw%0AMzM4MzMzIiwiZHQiOiJbXSJ9%0A
07-29 16:41:04.049 V/GameUtil(17978): getCurrentVersionByKey  baidumap:0
07-29 16:41:04.049 V/InitialData(17978): capitalize:Wx
07-29 16:41:04.049 V/GameUtil(17978): getCurrentVersionByKey : wx	current_wx_version	WxVersion
07-29 16:41:04.049 V/GameUtil(17978): saveVersionToFileByKey  xml_key :wx  result:0
07-29 16:41:04.059 V/GameUtil(17978): getCurrentVersionByKey  wx:0
07-29 16:41:04.059 V/VersionManager(17978): ver source:{"bd":"12","zh":"0","jc":"0","al":"0","gdt":"-1","cc":"0","fb":"-1","admob":"-1","mt":"0","jrtt":"0","gdtnew":"0","xf":"0","pp":"0","clib":"0","yc":"0","kx":"0","it":"0","yz":"0","ls":"0","ht":"0","lm":"0","av":"0","baidumap":"0","wx":"0"}
07-29 16:41:04.059 V/VersionManager(17978): ver :eyJiZCI6IjEyIiwiemgiOiIwIiwiamMiOiIwIiwiYWwiOiIwIiwiZ2R0IjoiLTEiLCJjYyI6IjAi%0ALCJmYiI6Ii0xIiwiYWRtb2IiOiItMSIsIm10IjoiMCIsImpydHQiOiIwIiwiZ2R0bmV3IjoiMCIs%0AInhmIjoiMCIsInBwIjoiMCIsImNsaWIiOiIwIiwieWMiOiIwIiwia3giOiIwIiwiaXQiOiIwIiwi%0AeXoiOiIwIiwibHMiOiIwIiwiaHQiOiIwIiwibG0iOiIwIiwiYXYiOiIwIiwiYmFpZHVtYXAiOiIw%0AIiwid3giOiIwIn0%3D%0A
07-29 16:41:04.059 V/UrlUtil (17978): https://mto.multiopen.cn/dynamicsdk.php?sdkver=2009&apkver=472&vn=4.1.2&compver=55302&mainver=231800&ver=eyJiZCI6IjEyIiwiemgiOiIwIiwiamMiOiIwIiwiYWwiOiIwIiwiZ2R0IjoiLTEiLCJjYyI6IjAi%0ALCJmYiI6Ii0xIiwiYWRtb2IiOiItMSIsIm10IjoiMCIsImpydHQiOiIwIiwiZ2R0bmV3IjoiMCIs%0AInhmIjoiMCIsInBwIjoiMCIsImNsaWIiOiIwIiwieWMiOiIwIiwia3giOiIwIiwiaXQiOiIwIiwi%0AeXoiOiIwIiwibHMiOiIwIiwiaHQiOiIwIiwibG0iOiIwIiwiYXYiOiIwIiwiYmFpZHVtYXAiOiIw%0AIiwid3giOiIwIn0%3D%0A&chid=10022&subchid=1&type=20&uflag=2&pkg=com.excelliance.dualaid&api=22&release=5.1.1&abi=armeabi-v7a&abi2=armeabi&abilist=arm64-v8a%2Carmeabi-v7a%2Carmeabi&abilist32=armeabi-v7a%2Carmeabi&abilist64=arm64-v8a&brand=OPPO&manufacturer=OPPO&model=OPPO%20R7sm&product=R7sm&issl=1&sign=30820271308201daa0030201020204520332c2300d06092a864886f70d0101050500307c310b300906035504061302434e3111300f060355040813085368616e
07-29 16:41:04.059 D/VersionManager(17978): httpsRequest getURL = https://mto.multiopen.cn/dynamicsdk.php?sdkver=2009&apkver=472&vn=4.1.2&compver=55302&mainver=231800&ver=eyJiZCI6IjEyIiwiemgiOiIwIiwiamMiOiIwIiwiYWwiOiIwIiwiZ2R0IjoiLTEiLCJjYyI6IjAi%0ALCJmYiI6Ii0xIiwiYWRtb2IiOiItMSIsIm10IjoiMCIsImpydHQiOiIwIiwiZ2R0bmV3IjoiMCIs%0AInhmIjoiMCIsInBwIjoiMCIsImNsaWIiOiIwIiwieWMiOiIwIiwia3giOiIwIiwiaXQiOiIwIiwi%0AeXoiOiIwIiwibHMiOiIwIiwiaHQiOiIwIiwibG0iOiIwIiwiYXYiOiIwIiwiYmFpZHVtYXAiOiIw%0AIiwid3giOiIwIn0%3D%0A&chid=10022&subchid=1&type=20&uflag=2&pkg=com.excelliance.dualaid&api=22&release=5.1.1&abi=armeabi-v7a&abi2=armeabi&abilist=arm64-v8a%2Carmeabi-v7a%2Carmeabi&abilist32=armeabi-v7a%2Carmeabi&abilist64=arm64-v8a&brand=OPPO&manufacturer=OPPO&model=OPPO%20R7sm&product=R7sm&issl=1&sign=30820271308201daa0030201020204520332c2300d06092a864886f70d0101050500307c310b300906035504061302434e3111300f060355040813085368616e
07-29 16:41:04.079 D/VersionManager(16979): httpsRequest getURL = http://mto.multiopen.cn/adstatis.php?cmd=4&data=eyJ2YyI6NDcyLCJ2biI6IjQuMS4yIiwiY2hpZCI6MTAwMjIsInN1YmNoaWQiOjEsInVpZCI6IjEw%0AMzM4MzMzIiwiZHQiOiJbXSJ9%0A
07-29 16:41:04.089 W/X509TrustManager(17978): checkServerTrusted: SignatureException:null
07-29 16:41:04.089 W/X509TrustManager(17978): checkServerTrusted: SignatureException:error:04067084:rsa routines:RSA_EAY_PUBLIC_DECRYPT:data too large for modulus
07-29 16:41:04.109 D/VersionManager(16979): httpsRequest getURL = http://mto.multiopen.cn/adstatis.php?cmd=5&data=eyJ2YyI6NDcyLCJ2biI6IjQuMS4yIiwiY2hpZCI6MTAwMjIsInN1YmNoaWQiOjEsInVpZCI6IjEw%0AMzM4MzMzIiwiZHQiOiJbXSJ9%0A
07-29 16:41:04.169 D/VersionManager(17978): xml=<?xml version="1.0" encoding="utf-8"?><upinfo><info tp="bd_jar" source="https://cdn.multiopen.cn/dynamicsdk/bd/18/fa1aceea4e6b74f98ff98b45157c6ff2.zip" vcode="18" vsize="415610" vmd5="fa1aceea4e6b74f98ff98b45157c6ff2" flag="1"/><info tp="cc_jar" source="https://cdn.multiopen.cn/dynamicsdk/cc/14/d2b18a5b4ac4c737d98095d64a1b8d9f.zip" vcode="14" vsize="22254" vmd5="d2b18a5b4ac4c737d98095d64a1b8d9f" flag="1"/><info tp="jrtt_jar" source="https://cdn.multiopen.cn/dynamicsdk/jrtt/10/d2256064ea8c05573342f1955908fcfc.zip" vcode="10" vsize="117582" vmd5="d2256064ea8c05573342f1955908fcfc" flag="1"/><info tp="gdtnew_jar" source="https://cdn.multiopen.cn/dynamicsdk/gdtnew/28/828b9780647f9475d34f845bebde6b04.zip" vcode="28" vsize="308867" vmd5="828b9780647f9475d34f845bebde6b04" flag="1"/><info tp="xf_jar" source="https://cdn.multiopen.cn/dynamicsdk/xf/4/d19a7d0bee9347939cc622428d1f02f6.zip" vcode="4" vsize="141688" vmd5="d19a7d0bee9347939cc622428d1f02f6" flag="1"/><info tp="pp_jar" source="https://cdn.multiopen.cn/dynamicsdk/pp/2/442517f34b1cc584e12f81027630a3e3.zip" vcode="2" vsize="15031" vmd5="442517f34b1cc584e12f81027630a3e3" flag="1"/><info tp="clib_jar" source="https://cdn.multiopen.cn/dynamicsdk/clib/1/b68304d13ca297cd3df7fa422e70a593.zip" vcode="1" vsize="508125" vmd5="b68304d13ca297cd3df7fa422e70a593" flag="1"/><info tp="yc_jar" source="https://cdn.multiopen.cn/dynamicsdk/yc/3/7f98a14187ab3d115fb72f52f86e633f.zip" vcode="3" vsize="112758" vmd5="7f98a14187ab3d115fb72f52f86e633f" flag="1"/><info tp="kx_jar" source="https://cdn.multiopen.cn/dynamicsdk/kx/8/402016b5a9238d143cab409d310a68dd.zip" vcode="8" vsize="18881" vmd5="402016b5a9238d143cab409d310a68dd" flag="1"/><info tp="it_jar" source="https://cdn.multiopen.cn/dynamicsdk/it/2/810857b911cca0f64e107f443b16285a.zip" vcode="2" vsize="10119" vmd5="810857b911cca0f64e107f443b16285a" flag="1"/><info tp="yz_jar" source="https://cdn.multiopen.cn/dynamicsdk/yz/2/c5d6e5fca23e8802ad3dec3329a1ec64.zip" vcode="2" vsize="306130" vmd5="c5d6e5fca23e8802ad3dec3329a1ec64" flag="1"/><info tp="ht_jar" source="https://cdn.multiopen.cn/dynamicsdk/ht/1/3dc4d198a2e778f952f64b364ba4bc09.zip" vcode="1" vsize="12105" vmd5="3dc4d198a2e778f952f64b364ba4bc09" flag="1"/><info tp="lm_jar" source="https://cdn.multiopen.cn/dynamicsdk/lm/2/1524f953132276b6773da5509eac345f.zip" vcode="2" vsize="13500" vmd5="1524f953132276b6773da5509eac345f" flag="1"/><info tp="av_jar" source="https://cdn.multiopen.cn/dynamicsdk/av/1/9ead96377f83e9575d9e8456221d482a.zip" vcode="1" vsize="19770" vmd5="9ead96377f83e9575d9e8456221d482a" flag="1"/><info tp="wx_jar" source="https://cdn.multiopen.cn/dynamicsdk/wx/2/fe334923830e1ff791557d2a39bc84f4.zip" vcode="2" vsize="56118" vmd5="fe334923830e1ff791557d2a39bc84f4" flag="1"/></upinfo>
07-29 16:41:04.169 D/VersionManager(17978): queryUpdateInfo flag=1, source=https://cdn.multiopen.cn/dynamicsdk/bd/18/fa1aceea4e6b74f98ff98b45157c6ff2.zip, vcode=18, vsize=415610, vmd5=fa1aceea4e6b74f98ff98b45157c6ff2, type=bd_jar
07-29 16:41:04.169 D/VersionManager(17978): queryUpdateInfo flag=1, source=https://cdn.multiopen.cn/dynamicsdk/cc/14/d2b18a5b4ac4c737d98095d64a1b8d9f.zip, vcode=14, vsize=22254, vmd5=d2b18a5b4ac4c737d98095d64a1b8d9f, type=cc_jar
07-29 16:41:04.169 D/VersionManager(17978): queryUpdateInfo flag=1, source=https://cdn.multiopen.cn/dynamicsdk/jrtt/10/d2256064ea8c05573342f1955908fcfc.zip, vcode=10, vsize=117582, vmd5=d2256064ea8c05573342f1955908fcfc, type=jrtt_jar
07-29 16:41:04.169 D/VersionManager(17978): queryUpdateInfo flag=1, source=https://cdn.multiopen.cn/dynamicsdk/gdtnew/28/828b9780647f9475d34f845bebde6b04.zip, vcode=28, vsize=308867, vmd5=828b9780647f9475d34f845bebde6b04, type=gdtnew_jar
07-29 16:41:04.169 D/VersionManager(17978): queryUpdateInfo flag=1, source=https://cdn.multiopen.cn/dynamicsdk/xf/4/d19a7d0bee9347939cc622428d1f02f6.zip, vcode=4, vsize=141688, vmd5=d19a7d0bee9347939cc622428d1f02f6, type=xf_jar
07-29 16:41:04.169 D/VersionManager(17978): queryUpdateInfo flag=1, source=https://cdn.multiopen.cn/dynamicsdk/pp/2/442517f34b1cc584e12f81027630a3e3.zip, vcode=2, vsize=15031, vmd5=442517f34b1cc584e12f81027630a3e3, type=pp_jar
07-29 16:41:04.169 D/VersionManager(17978): queryUpdateInfo flag=1, source=https://cdn.multiopen.cn/dynamicsdk/clib/1/b68304d13ca297cd3df7fa422e70a593.zip, vcode=1, vsize=508125, vmd5=b68304d13ca297cd3df7fa422e70a593, type=clib_jar
07-29 16:41:04.169 D/VersionManager(17978): queryUpdateInfo flag=1, source=https://cdn.multiopen.cn/dynamicsdk/yc/3/7f98a14187ab3d115fb72f52f86e633f.zip, vcode=3, vsize=112758, vmd5=7f98a14187ab3d115fb72f52f86e633f, type=yc_jar
07-29 16:41:04.169 D/VersionManager(17978): queryUpdateInfo flag=1, source=https://cdn.multiopen.cn/dynamicsdk/kx/8/402016b5a9238d143cab409d310a68dd.zip, vcode=8, vsize=18881, vmd5=402016b5a9238d143cab409d310a68dd, type=kx_jar
07-29 16:41:04.169 D/VersionManager(17978): queryUpdateInfo flag=1, source=https://cdn.multiopen.cn/dynamicsdk/it/2/810857b911cca0f64e107f443b16285a.zip, vcode=2, vsize=10119, vmd5=810857b911cca0f64e107f443b16285a, type=it_jar
07-29 16:41:04.169 D/VersionManager(17978): queryUpdateInfo flag=1, source=https://cdn.multiopen.cn/dynamicsdk/yz/2/c5d6e5fca23e8802ad3dec3329a1ec64.zip, vcode=2, vsize=306130, vmd5=c5d6e5fca23e8802ad3dec3329a1ec64, type=yz_jar
07-29 16:41:04.169 D/VersionManager(17978): queryUpdateInfo flag=1, source=https://cdn.multiopen.cn/dynamicsdk/ht/1/3dc4d198a2e778f952f64b364ba4bc09.zip, vcode=1, vsize=12105, vmd5=3dc4d198a2e778f952f64b364ba4bc09, type=ht_jar
07-29 16:41:04.169 D/VersionManager(17978): queryUpdateInfo flag=1, source=https://cdn.multiopen.cn/dynamicsdk/lm/2/1524f953132276b6773da5509eac345f.zip, vcode=2, vsize=13500, vmd5=1524f953132276b6773da5509eac345f, type=lm_jar
07-29 16:41:04.169 D/VersionManager(17978): queryUpdateInfo flag=1, source=https://cdn.multiopen.cn/dynamicsdk/av/1/9ead96377f83e9575d9e8456221d482a.zip, vcode=1, vsize=19770, vmd5=9ead96377f83e9575d9e8456221d482a, type=av_jar
07-29 16:41:04.169 D/VersionManager(17978): queryUpdateInfo flag=1, source=https://cdn.multiopen.cn/dynamicsdk/wx/2/fe334923830e1ff791557d2a39bc84f4.zip, vcode=2, vsize=56118, vmd5=fe334923830e1ff791557d2a39bc84f4, type=wx_jar
07-29 16:41:04.169 V/DownloadComponentService(17978): updateInfoList1:15
07-29 16:41:04.169 D/DownloadComponentService(17978): check update updateInfo.type:bd_jar
07-29 16:41:04.179 D/DownloadComponentService(17978): check update updateInfo.type:cc_jar
07-29 16:41:04.179 D/DownloadComponentService(17978): check update updateInfo.type:jrtt_jar
07-29 16:41:04.179 D/DownloadComponentService(17978): check update updateInfo.type:gdtnew_jar
07-29 16:41:04.179 D/LBService(17978): add o=com.android.ggapsvc.LBService, busyCount=2
07-29 16:41:04.179 D/LBService(17978): onStartCommand action=com.excelliance.dualaid.action.download
07-29 16:41:04.179 D/DownloadComponentService(17978): check update updateInfo.type:xf_jar
07-29 16:41:04.179 D/LBService(17978): add o=com.android.ggapsvc.LBService, busyCount=3
07-29 16:41:04.179 D/LBService(17978): remove o=com.android.ggapsvc.LBService, busyCount=2
07-29 16:41:04.179 D/LBService(17978): add o=com.android.ggapsvc.LBService, busyCount=3
07-29 16:41:04.179 D/LBService(17978): onStartCommand action=com.excelliance.dualaid.action.download
07-29 16:41:04.189 D/DownloadService(17978): url:https://cdn.multiopen.cn/dynamicsdk/bd/18/fa1aceea4e6b74f98ff98b45157c6ff2.zip fileName:fa1aceea4e6b74f98ff98b45157c6ff2.zip  dir:/storage/emulated/0/.com.excelliance.dualaid/apk
07-29 16:41:04.189 D/DownloadService(17978): put into downloadMap fa1aceea4e6b74f98ff98b45157c6ff2.zip
07-29 16:41:04.189 D/LBService(17978): add o=com.android.ggapsvc.LBService, busyCount=4
07-29 16:41:04.189 D/LBService(17978): remove o=com.android.ggapsvc.LBService, busyCount=3
07-29 16:41:04.189 D/LBService(17978): remove o=com.android.ggapsvc.LBService, busyCount=2
07-29 16:41:04.189 D/LBService(17978): add o=com.android.ggapsvc.LBService, busyCount=3
07-29 16:41:04.189 D/LBService(17978): onStartCommand action=com.excelliance.dualaid.action.download
07-29 16:41:04.189 D/DownloadService(17978): url:https://cdn.multiopen.cn/dynamicsdk/cc/14/d2b18a5b4ac4c737d98095d64a1b8d9f.zip fileName:d2b18a5b4ac4c737d98095d64a1b8d9f.zip  dir:/storage/emulated/0/.com.excelliance.dualaid/apk
07-29 16:41:04.189 D/DownloadService(17978): put into downloadMap d2b18a5b4ac4c737d98095d64a1b8d9f.zip
07-29 16:41:04.189 D/LBService(17978): remove o=com.android.ggapsvc.LBService, busyCount=2
07-29 16:41:04.189 D/DownloadComponentService(17978): check update updateInfo.type:pp_jar
07-29 16:41:04.189 D/LBService(17978): add o=com.android.ggapsvc.LBService, busyCount=3
07-29 16:41:04.189 D/LBService(17978): remove o=com.android.ggapsvc.LBService, busyCount=2
07-29 16:41:04.189 D/LBService(17978): add o=com.android.ggapsvc.LBService, busyCount=3
07-29 16:41:04.189 D/LBService(17978): onStartCommand action=com.excelliance.dualaid.action.download
07-29 16:41:04.189 D/LBService(17978): add o=com.android.ggapsvc.LBService, busyCount=4
07-29 16:41:04.189 D/LBService(17978): remove o=com.android.ggapsvc.LBService, busyCount=3
07-29 16:41:04.189 D/LBService(17978): add o=com.android.ggapsvc.LBService, busyCount=4
07-29 16:41:04.189 D/LBService(17978): onStartCommand action=com.excelliance.dualaid.action.download
07-29 16:41:04.189 D/DownloadService(17978): url:https://cdn.multiopen.cn/dynamicsdk/jrtt/10/d2256064ea8c05573342f1955908fcfc.zip fileName:d2256064ea8c05573342f1955908fcfc.zip  dir:/storage/emulated/0/.com.excelliance.dualaid/apk
07-29 16:41:04.189 D/DownloadService(17978): put into downloadMap d2256064ea8c05573342f1955908fcfc.zip
07-29 16:41:04.189 D/DownloadComponentService(17978): check update updateInfo.type:clib_jar
07-29 16:41:04.189 D/LBService(17978): add o=com.android.ggapsvc.LBService, busyCount=5
07-29 16:41:04.189 D/LBService(17978): remove o=com.android.ggapsvc.LBService, busyCount=4
07-29 16:41:04.189 D/LBService(17978): add o=com.android.ggapsvc.LBService, busyCount=5
07-29 16:41:04.189 D/LBService(17978): onStartCommand action=com.excelliance.dualaid.action.download
07-29 16:41:04.189 D/DownloadComponentService(17978): check update updateInfo.type:yc_jar
07-29 16:41:04.199 D/DownloadComponentService(17978): check update updateInfo.type:kx_jar
07-29 16:41:04.199 D/LBService(17978): add o=com.excelliance.kxqp.e$1, busyCount=6
07-29 16:41:04.199 D/LBService(17978): add o=com.android.ggapsvc.LBService, busyCount=7
07-29 16:41:04.199 D/LBService(17978): remove o=com.android.ggapsvc.LBService, busyCount=6
07-29 16:41:04.199 D/LBService(17978): add o=com.excelliance.kxqp.e$1, busyCount=7
07-29 16:41:04.199 D/LBService(17978): add o=com.android.ggapsvc.LBService, busyCount=8
07-29 16:41:04.199 D/LBService(17978): onStartCommand action=com.excelliance.dualaid.action.download
07-29 16:41:04.199 D/LBService(17978): remove o=com.android.ggapsvc.LBService, busyCount=7
07-29 16:41:04.199 D/DownloadService(17978): url:https://cdn.multiopen.cn/dynamicsdk/gdtnew/28/828b9780647f9475d34f845bebde6b04.zip fileName:828b9780647f9475d34f845bebde6b04.zip  dir:/storage/emulated/0/.com.excelliance.dualaid/apk
07-29 16:41:04.199 D/DownloadService(17978): put into downloadMap 828b9780647f9475d34f845bebde6b04.zip
07-29 16:41:04.199 D/DownloadComponentService(17978): check update updateInfo.type:it_jar
07-29 16:41:04.199 D/LBService(17978): add o=com.android.ggapsvc.LBService, busyCount=8
07-29 16:41:04.199 D/LBService(17978): add o=com.excelliance.kxqp.e$1, busyCount=9
07-29 16:41:04.199 D/LBService(17978): remove o=com.android.ggapsvc.LBService, busyCount=8
07-29 16:41:04.199 D/LBService(17978): add o=com.android.ggapsvc.LBService, busyCount=9
07-29 16:41:04.199 D/LBService(17978): onStartCommand action=com.excelliance.dualaid.action.download
07-29 16:41:04.199 D/LBService(17978): add o=com.android.ggapsvc.LBService, busyCount=10
07-29 16:41:04.199 D/LBService(17978): remove o=com.android.ggapsvc.LBService, busyCount=9
07-29 16:41:04.199 D/LBService(17978): add o=com.android.ggapsvc.LBService, busyCount=10
07-29 16:41:04.199 D/LBService(17978): onStartCommand action=com.excelliance.dualaid.action.download
07-29 16:41:04.199 D/LBService(17978): add o=com.android.ggapsvc.LBService, busyCount=11
07-29 16:41:04.199 D/LBService(17978): remove o=com.android.ggapsvc.LBService, busyCount=10
07-29 16:41:04.199 D/LBService(17978): remove o=com.android.ggapsvc.LBService, busyCount=9
07-29 16:41:04.199 D/DownloadService(17978): url:https://cdn.multiopen.cn/dynamicsdk/xf/4/d19a7d0bee9347939cc622428d1f02f6.zip fileName:d19a7d0bee9347939cc622428d1f02f6.zip  dir:/storage/emulated/0/.com.excelliance.dualaid/apk
07-29 16:41:04.199 D/DownloadService(17978): put into downloadMap d19a7d0bee9347939cc622428d1f02f6.zip
07-29 16:41:04.209 D/LBService(17978): add o=com.excelliance.kxqp.e$1, busyCount=10
07-29 16:41:04.209 D/LBService(17978): remove o=com.android.ggapsvc.LBService, busyCount=9
07-29 16:41:04.209 D/DownloadService(17978): url:https://cdn.multiopen.cn/dynamicsdk/pp/2/442517f34b1cc584e12f81027630a3e3.zip fileName:442517f34b1cc584e12f81027630a3e3.zip  dir:/storage/emulated/0/.com.excelliance.dualaid/apk
07-29 16:41:04.209 D/DownloadService(17978): put into downloadMap 442517f34b1cc584e12f81027630a3e3.zip
07-29 16:41:04.209 D/DownloadComponentService(17978): check update updateInfo.type:yz_jar
07-29 16:41:04.209 D/LBService(17978): add o=com.android.ggapsvc.LBService, busyCount=10
07-29 16:41:04.209 D/LBService(17978): onStartCommand action=com.excelliance.dualaid.action.download
07-29 16:41:04.209 D/LBService(17978): remove o=com.android.ggapsvc.LBService, busyCount=9
07-29 16:41:04.209 D/LBService(17978): add o=com.android.ggapsvc.LBService, busyCount=10
07-29 16:41:04.209 D/LBService(17978): remove o=com.android.ggapsvc.LBService, busyCount=9
07-29 16:41:04.209 D/DownloadService(17978): url:https://cdn.multiopen.cn/dynamicsdk/clib/1/b68304d13ca297cd3df7fa422e70a593.zip fileName:b68304d13ca297cd3df7fa422e70a593.zip  dir:/storage/emulated/0/.com.excelliance.dualaid/apk
07-29 16:41:04.209 D/DownloadService(17978): put into downloadMap b68304d13ca297cd3df7fa422e70a593.zip
07-29 16:41:04.209 D/DownloadComponentService(17978): check update updateInfo.type:ht_jar
07-29 16:41:04.209 D/LBService(17978): add o=com.excelliance.kxqp.e$1, busyCount=10
07-29 16:41:04.209 D/DownloadComponentService(17978): check update updateInfo.type:lm_jar
07-29 16:41:04.209 D/LBService(17978): add o=com.excelliance.kxqp.e$1, busyCount=11
07-29 16:41:04.219 D/LBService(17978): remove o=com.android.ggapsvc.LBService, busyCount=10
07-29 16:41:04.219 D/DownloadService(17978): url:https://cdn.multiopen.cn/dynamicsdk/yc/3/7f98a14187ab3d115fb72f52f86e633f.zip fileName:7f98a14187ab3d115fb72f52f86e633f.zip  dir:/storage/emulated/0/.com.excelliance.dualaid/apk
07-29 16:41:04.219 D/DownloadService(17978): put into downloadMap 7f98a14187ab3d115fb72f52f86e633f.zip
07-29 16:41:04.219 D/LBService(17978): add o=com.android.ggapsvc.LBService, busyCount=11
07-29 16:41:04.219 D/LBService(17978): onStartCommand action=com.excelliance.dualaid.action.download
07-29 16:41:04.219 D/LBService(17978): add o=com.excelliance.kxqp.e$1, busyCount=12
07-29 16:41:04.219 D/DownloadComponentService(17978): check update updateInfo.type:av_jar
07-29 16:41:04.219 D/LBService(17978): remove o=com.android.ggapsvc.LBService, busyCount=11
07-29 16:41:04.219 D/DownloadService(17978): url:https://cdn.multiopen.cn/dynamicsdk/kx/8/402016b5a9238d143cab409d310a68dd.zip fileName:402016b5a9238d143cab409d310a68dd.zip  dir:/storage/emulated/0/.com.excelliance.dualaid/apk
07-29 16:41:04.219 D/DownloadService(17978): put into downloadMap 402016b5a9238d143cab409d310a68dd.zip
07-29 16:41:04.219 D/LBService(17978): remove o=com.android.ggapsvc.LBService, busyCount=10
07-29 16:41:04.219 D/DownloadService(17978): url:https://cdn.multiopen.cn/dynamicsdk/it/2/810857b911cca0f64e107f443b16285a.zip fileName:810857b911cca0f64e107f443b16285a.zip  dir:/storage/emulated/0/.com.excelliance.dualaid/apk
07-29 16:41:04.219 D/DownloadService(17978): put into downloadMap 810857b911cca0f64e107f443b16285a.zip
07-29 16:41:04.219 D/LBService(17978): add o=com.android.ggapsvc.LBService, busyCount=11
07-29 16:41:04.219 D/LBService(17978): remove o=com.android.ggapsvc.LBService, busyCount=10
07-29 16:41:04.219 D/DownloadComponentService(17978): check update updateInfo.type:wx_jar
07-29 16:41:04.219 D/LBService(17978): add o=com.android.ggapsvc.LBService, busyCount=11
07-29 16:41:04.219 D/LBService(17978): onStartCommand action=com.excelliance.dualaid.action.download
07-29 16:41:04.219 D/LBService(17978): add o=com.excelliance.kxqp.e$1, busyCount=12
07-29 16:41:04.219 D/LBService(17978): add o=com.android.ggapsvc.LBService, busyCount=13
07-29 16:41:04.219 D/LBService(17978): remove o=com.android.ggapsvc.LBService, busyCount=12
07-29 16:41:04.219 D/LBService(17978): add o=com.android.ggapsvc.LBService, busyCount=13
07-29 16:41:04.219 D/LBService(17978): onStartCommand action=com.excelliance.dualaid.action.download
07-29 16:41:04.219 D/VersionManager(17978): queryUpdateInfoOfResources
07-29 16:41:04.219 D/LBService(17978): remove o=com.android.ggapsvc.LBService, busyCount=12
07-29 16:41:04.219 D/LBService(17978): add o=com.android.ggapsvc.LBService, busyCount=13
07-29 16:41:04.219 D/LBService(17978): remove o=com.android.ggapsvc.LBService, busyCount=12
07-29 16:41:04.219 D/DownloadService(17978): url:https://cdn.multiopen.cn/dynamicsdk/yz/2/c5d6e5fca23e8802ad3dec3329a1ec64.zip fileName:c5d6e5fca23e8802ad3dec3329a1ec64.zip  dir:/storage/emulated/0/.com.excelliance.dualaid/apk
07-29 16:41:04.219 D/DownloadService(17978): put into downloadMap c5d6e5fca23e8802ad3dec3329a1ec64.zip
07-29 16:41:04.219 D/LBService(17978): add o=com.android.ggapsvc.LBService, busyCount=13
07-29 16:41:04.219 D/LBService(17978): onStartCommand action=com.excelliance.dualaid.action.download
07-29 16:41:04.239 D/LBService(17978): add o=com.excelliance.kxqp.e$1, busyCount=14
07-29 16:41:04.239 D/LBService(17978): add o=com.android.ggapsvc.LBService, busyCount=15
07-29 16:41:04.239 D/LBService(17978): remove o=com.android.ggapsvc.LBService, busyCount=14
07-29 16:41:04.239 D/LBService(17978): remove o=com.android.ggapsvc.LBService, busyCount=13
07-29 16:41:04.239 D/DownloadService(17978): url:https://cdn.multiopen.cn/dynamicsdk/ht/1/3dc4d198a2e778f952f64b364ba4bc09.zip fileName:3dc4d198a2e778f952f64b364ba4bc09.zip  dir:/storage/emulated/0/.com.excelliance.dualaid/apk
07-29 16:41:04.239 D/DownloadService(17978): put into downloadMap 3dc4d198a2e778f952f64b364ba4bc09.zip
07-29 16:41:04.239 D/LBService(17978): add o=com.android.ggapsvc.LBService, busyCount=14
07-29 16:41:04.239 D/LBService(17978): onStartCommand action=com.excelliance.dualaid.action.download
07-29 16:41:04.239 D/LBService(17978): add o=com.excelliance.kxqp.e$1, busyCount=15
07-29 16:41:04.239 D/LBService(17978): add o=com.android.ggapsvc.LBService, busyCount=16
07-29 16:41:04.239 D/LBService(17978): remove o=com.android.ggapsvc.LBService, busyCount=15
07-29 16:41:04.249 D/LBService(17978): add o=com.excelliance.kxqp.e$1, busyCount=16
07-29 16:41:04.259 D/LBService(17978): remove o=com.android.ggapsvc.LBService, busyCount=15
07-29 16:41:04.259 D/DownloadService(17978): url:https://cdn.multiopen.cn/dynamicsdk/lm/2/1524f953132276b6773da5509eac345f.zip fileName:1524f953132276b6773da5509eac345f.zip  dir:/storage/emulated/0/.com.excelliance.dualaid/apk
07-29 16:41:04.259 D/DownloadService(17978): put into downloadMap 1524f953132276b6773da5509eac345f.zip
07-29 16:41:04.259 D/LBService(17978): remove o=com.android.ggapsvc.LBService, busyCount=14
07-29 16:41:04.259 D/DownloadService(17978): url:https://cdn.multiopen.cn/dynamicsdk/av/1/9ead96377f83e9575d9e8456221d482a.zip fileName:9ead96377f83e9575d9e8456221d482a.zip  dir:/storage/emulated/0/.com.excelliance.dualaid/apk
07-29 16:41:04.259 D/DownloadService(17978): put into downloadMap 9ead96377f83e9575d9e8456221d482a.zip
07-29 16:41:04.259 D/LBService(17978): remove o=com.android.ggapsvc.LBService, busyCount=13
07-29 16:41:04.259 D/DownloadService(17978): url:https://cdn.multiopen.cn/dynamicsdk/wx/2/fe334923830e1ff791557d2a39bc84f4.zip fileName:fe334923830e1ff791557d2a39bc84f4.zip  dir:/storage/emulated/0/.com.excelliance.dualaid/apk
07-29 16:41:04.259 D/DownloadService(17978): put into downloadMap fe334923830e1ff791557d2a39bc84f4.zip
07-29 16:41:04.259 D/LBService(17978): remove o=com.android.ggapsvc.LBService, busyCount=12
07-29 16:41:04.259 D/LBService(17978): add o=com.excelliance.kxqp.e$1, busyCount=13
07-29 16:41:04.259 D/LBService(17978): add o=com.excelliance.kxqp.e$1, busyCount=14
07-29 16:41:04.269 D/LBService(17978): add o=com.excelliance.kxqp.e$1, busyCount=15
07-29 16:41:04.269 D/LBService(17978): add o=com.excelliance.kxqp.e$1, busyCount=16
07-29 16:41:04.319 V/Phone_Manufacturer(17978): Manufacturer:OPPO
07-29 16:41:04.319 V/Phone   (17978): isExitstActivityInPkg:exist com.oppo.notification.center.NotificationCenterActivity
07-29 16:41:04.319 V/Phone   (17978): isExitAppInManufacturer: model:oppo r7 manufacturer:oppo
07-29 16:41:04.329 D/VersionManager(17978): model = oppo r7, replace = oppo_r7
07-29 16:41:04.329 D/VersionManager(17978): gifDir = hi6250_launch
07-29 16:41:04.329 V/InitialData(17978): capitalize:Hi6250_launch
07-29 16:41:04.329 V/GameUtil(17978): getCurrentVersionByKey : hi6250_launch	current_hi6250_launch_version	Hi6250_launchVersion
07-29 16:41:04.339 V/GameUtil(17978): saveVersionToFileByKey  xml_key :hi6250_launch  result:-1
07-29 16:41:04.339 V/GameUtil(17978): getCurrentVersionByKey  hi6250_launch:-1
07-29 16:41:04.339 D/VersionManager(17978): gifDir = oppo_r7_launch
07-29 16:41:04.339 V/InitialData(17978): capitalize:Oppo_r7_launch
07-29 16:41:04.339 V/GameUtil(17978): getCurrentVersionByKey : oppo_r7_launch	current_oppo_r7_launch_version	Oppo_r7_launchVersion
07-29 16:41:04.349 V/GameUtil(17978): saveVersionToFileByKey  xml_key :oppo_r7_launch  result:-1
07-29 16:41:04.349 V/GameUtil(17978): getCurrentVersionByKey  oppo_r7_launch:-1
07-29 16:41:04.349 V/AddGameData(17978): _applist:oppo r7
07-29 16:41:04.349 V/InitialData(17978): capitalize:Oppo_r7_applist
07-29 16:41:04.349 V/GameUtil(17978): getCurrentVersionByKey : oppo_r7_applist	current_oppo_r7_applist_version	Oppo_r7_applistVersion
07-29 16:41:04.349 V/GameUtil(17978): saveVersionToFileByKey  xml_key :oppo_r7_applist  result:-1
07-29 16:41:04.369 V/GameUtil(17978): getCurrentVersionByKey  oppo_r7_applist:-1
07-29 16:41:04.379 V/InitialData(17978): capitalize:Oppo_r7_notification
07-29 16:41:04.379 V/GameUtil(17978): getCurrentVersionByKey : oppo_r7_notification	current_oppo_r7_notification_version	Oppo_r7_notificationVersion
07-29 16:41:04.379 V/GameUtil(17978): saveVersionToFileByKey  xml_key :oppo_r7_notification  result:-1
07-29 16:41:04.379 D/DownloadService(17978): publishProgress entered progress:4
07-29 16:41:04.389 D/DownloadService(17978): publishProgress entered progress:9
07-29 16:41:04.389 D/DownloadService(17978): publishProgress entered progress:13
07-29 16:41:04.389 D/DownloadService(17978): publishProgress entered progress:1
07-29 16:41:04.389 D/DownloadService(17978): publishProgress entered progress:18
07-29 16:41:04.389 D/DownloadService(17978): publishProgress entered progress:2
07-29 16:41:04.399 V/GameUtil(17978): getCurrentVersionByKey  oppo_r7_notification:-1
07-29 16:41:04.399 D/DownloadService(17978): publishProgress entered progress:23
07-29 16:41:04.399 D/DownloadService(17978): publishProgress entered progress:27
07-29 16:41:04.399 D/DownloadService(17978): publishProgress entered progress:32
07-29 16:41:04.399 D/DownloadService(17978): publishProgress entered progress:36
07-29 16:41:04.399 D/DownloadService(17978): publishProgress entered progress:3
07-29 16:41:04.409 D/DownloadService(17978): publishProgress entered progress:41
07-29 16:41:04.409 D/DownloadService(17978): publishProgress entered progress:4
07-29 16:41:04.409 D/DownloadService(17978): publishProgress entered progress:46
07-29 16:41:04.409 D/DownloadService(17978): publishProgress entered progress:5
07-29 16:41:04.409 D/DownloadService(17978): publishProgress entered progress:8
07-29 16:41:04.409 D/DownloadService(17978): publishProgress entered progress:16
07-29 16:41:04.419 D/DownloadService(17978): publishProgress entered progress:6
07-29 16:41:04.419 D/DownloadService(17978): publishProgress entered progress:50
07-29 16:41:04.419 D/DownloadService(17978): publishProgress entered progress:25
07-29 16:41:04.419 D/DownloadService(17978): publishProgress entered progress:55
07-29 16:41:04.419 D/DownloadService(17978): publishProgress entered progress:33
07-29 16:41:04.419 D/DownloadService(17978): publishProgress entered progress:59
07-29 16:41:04.419 D/DownloadService(17978): publishProgress entered progress:64
07-29 16:41:04.419 D/DownloadService(17978): publishProgress entered progress:69
07-29 16:41:04.419 D/DownloadService(17978): publishProgress entered progress:73
07-29 16:41:04.419 D/DownloadService(17978): publishProgress entered progress:7
07-29 16:41:04.419 D/DownloadService(17978): publishProgress entered progress:42
07-29 16:41:04.419 D/DownloadService(17978): publishProgress entered progress:78
07-29 16:41:04.419 D/DownloadService(17978): publishProgress entered progress:8
07-29 16:41:04.419 D/DownloadService(17978): publishProgress entered progress:50
07-29 16:41:04.419 D/DownloadService(17978): publishProgress entered progress:82
07-29 16:41:04.419 D/DownloadService(17978): publishProgress entered progress:9
07-29 16:41:04.429 D/DownloadService(17978): publishProgress entered progress:87
07-29 16:41:04.429 D/DownloadService(17978): publishProgress entered progress:59
07-29 16:41:04.429 D/DownloadService(17978): publishProgress entered progress:67
07-29 16:41:04.429 D/DownloadService(17978): publishProgress entered progress:92
07-29 16:41:04.429 D/DownloadService(17978): publishProgress entered progress:10
07-29 16:41:04.439 D/DownloadService(17978): publishProgress entered progress:76
07-29 16:41:04.439 D/DownloadService(17978): publishProgress entered progress:84
07-29 16:41:04.449 D/DownloadService(17978): publishProgress entered progress:96
07-29 16:41:04.449 D/DownloadService(17978): publishProgress entered progress:5
07-29 16:41:04.449 D/DownloadService(17978): publishProgress entered progress:100
07-29 16:41:04.449 D/DownloadService(17978): publishProgress entered progress:11
07-29 16:41:04.449 D/DownloadService(17978): publishProgress entered progress:93
07-29 16:41:04.449 I/appium  ( 9879): AppiumResponse: {"sessionId":"dfbf3083-c5d8-4fdf-9522-7a886ccdaa53","status":0,"value":{"ELEMENT":"0fb983fc-5911-47eb-a6cf-6f680b04d347"}}
07-29 16:41:04.449 D/DownloadService(17978): publishProgress entered progress:12
07-29 16:41:04.449 D/DownloadService(17978): publishProgress entered progress:10
07-29 16:41:04.449 D/DownloadService(17978): publishProgress entered progress:1
07-29 16:41:04.449 D/DownloadService(17978): publishProgress entered progress:100
07-29 16:41:04.449 D/DownloadService(17978): publishProgress entered progress:13
07-29 16:41:04.449 D/DownloadService(17978): publishProgress entered progress:14
07-29 16:41:04.459 D/DownloadService(17978): publishProgress entered progress:15
07-29 16:41:04.459 D/DownloadService(17978): publishProgress entered progress:1
07-29 16:41:04.459 D/DownloadService(17978): publishProgress entered progress:16
07-29 16:41:04.459 D/DownloadService(17978): publishProgress entered progress:17
07-29 16:41:04.459 D/DownloadService(17978): publishProgress entered progress:16
07-29 16:41:04.459 D/DownloadService(17978): publishProgress entered progress:18
07-29 16:41:04.459 D/DownloadService(17978): publishProgress entered progress:21
07-29 16:41:04.459 D/DownloadService(17978): publishProgress entered progress:2
07-29 16:41:04.459 D/DownloadService(17978): publishProgress entered progress:27
07-29 16:41:04.459 I/appium  ( 9879): channel read invoked!
07-29 16:41:04.459 I/appium  ( 9879): channel read: GET /wd/hub/session/dfbf3083-c5d8-4fdf-9522-7a886ccdaa53/source
07-29 16:41:04.469 D/DownloadService(17978): publishProgress entered progress:32
07-29 16:41:04.469 D/DownloadService(17978): publishProgress entered progress:19
07-29 16:41:04.469 D/DownloadService(17978): publishProgress entered progress:3
07-29 16:41:04.469 D/DownloadService(17978): publishProgress entered progress:20
07-29 16:41:04.469 D/DownloadService(17978): publishProgress entered progress:1
07-29 16:41:04.469 D/DownloadService(17978): publishProgress entered progress:37
07-29 16:41:04.469 D/DownloadService(17978): publishProgress entered progress:21
07-29 16:41:04.469 D/DownloadService(17978): publishProgress entered progress:4
07-29 16:41:04.469 D/DownloadService(17978): publishProgress entered progress:2
07-29 16:41:04.469 D/DownloadService(17978): publishProgress entered progress:2
07-29 16:41:04.469 D/DownloadService(17978): publishProgress entered progress:43
07-29 16:41:04.469 D/DownloadService(17978): publishProgress entered progress:3
07-29 16:41:04.469 D/DownloadService(17978): publishProgress entered progress:3
07-29 16:41:04.469 D/DownloadService(17978): publishProgress entered progress:22
07-29 16:41:04.469 D/DownloadService(17978): publishProgress entered progress:48
07-29 16:41:04.469 D/DownloadService(17978): publishProgress entered progress:23
07-29 16:41:04.469 D/DownloadService(17978): publishProgress entered progress:54
07-29 16:41:04.479 D/DownloadService(17978): publishProgress entered progress:59
07-29 16:41:04.479 D/DownloadService(17978): publishProgress entered progress:24
07-29 16:41:04.479 D/DownloadService(17978): publishProgress entered progress:4
07-29 16:41:04.479 D/DownloadService(17978): publishProgress entered progress:6
07-29 16:41:04.479 D/DownloadService(17978): publishProgress entered progress:65
07-29 16:41:04.479 D/DownloadService(17978): publishProgress entered progress:5
07-29 16:41:04.479 D/DownloadService(17978): publishProgress entered progress:25
07-29 16:41:04.479 D/DownloadService(17978): publishProgress entered progress:6
07-29 16:41:04.479 D/DownloadService(17978): publishProgress entered progress:13
07-29 16:41:04.479 D/DownloadService(17978): publishProgress entered progress:70
07-29 16:41:04.479 D/DownloadService(17978): publishProgress entered progress:26
07-29 16:41:04.489 D/DownloadService(17978): publishProgress entered progress:4
07-29 16:41:04.489 D/DownloadService(17978): publishProgress entered progress:10
07-29 16:41:04.489 D/DownloadService(17978): publishProgress entered progress:5
07-29 16:41:04.489 D/DownloadService(17978): publishProgress entered progress:75
07-29 16:41:04.489 D/DownloadService(17978): publishProgress entered progress:20
07-29 16:41:04.489 D/DownloadService(17978): publishProgress entered progress:20
07-29 16:41:04.489 D/DownloadService(17978): publishProgress entered progress:27
07-29 16:41:04.489 D/DownloadService(17978): publishProgress entered progress:6
07-29 16:41:04.489 D/DownloadService(17978): publishProgress entered progress:81
07-29 16:41:04.489 D/DownloadService(17978): publishProgress entered progress:27
07-29 16:41:04.489 D/DownloadService(17978): publishProgress entered progress:30
07-29 16:41:04.489 D/DownloadService(17978): publishProgress entered progress:7
07-29 16:41:04.489 D/DownloadService(17978): publishProgress entered progress:5
07-29 16:41:04.489 D/DownloadService(17978): publishProgress entered progress:7
07-29 16:41:04.489 D/DownloadService(17978): publishProgress entered progress:34
07-29 16:41:04.489 D/DownloadService(17978): publishProgress entered progress:28
07-29 16:41:04.489 W/ProcessCpuTracker( 1243): Skipping unknown process pid 18209
07-29 16:41:04.489 D/DownloadService(17978): publishProgress entered progress:86
07-29 16:41:04.489 W/ProcessCpuTracker( 1243): Skipping unknown process pid 18213
07-29 16:41:04.489 D/DownloadService(17978): publishProgress entered progress:40
07-29 16:41:04.489 D/DownloadService(17978): publishProgress entered progress:29
07-29 16:41:04.489 W/ProcessCpuTracker( 1243): Skipping unknown process pid 18214
07-29 16:41:04.489 D/DownloadService(17978): publishProgress entered progress:8
07-29 16:41:04.489 D/DownloadService(17978): publishProgress entered progress:47
07-29 16:41:04.489 W/ProcessCpuTracker( 1243): Skipping unknown process pid 18216
07-29 16:41:04.489 D/DownloadService(17978): publishProgress entered progress:6
07-29 16:41:04.489 D/DownloadService(17978): publishProgress entered progress:40
07-29 16:41:04.489 D/DownloadService(17978): publishProgress entered progress:54
07-29 16:41:04.489 D/DownloadService(17978): publishProgress entered progress:92
07-29 16:41:04.489 D/DownloadService(17978): publishProgress entered progress:8
07-29 16:41:04.489 D/DownloadService(17978): publishProgress entered progress:30
07-29 16:41:04.489 D/DownloadService(17978): publishProgress entered progress:31
07-29 16:41:04.489 W/ProcessCpuTracker( 1243): Skipping unknown process pid 18218
07-29 16:41:04.489 D/DownloadService(17978): publishProgress entered progress:50
07-29 16:41:04.489 D/DownloadService(17978): publishProgress entered progress:9
07-29 16:41:04.499 D/DownloadService(17978): publishProgress entered progress:9
07-29 16:41:04.499 D/DownloadService(17978): publishProgress entered progress:97
07-29 16:41:04.499 D/DownloadService(17978): publishProgress entered progress:61
07-29 16:41:04.499 D/DownloadService(17978): publishProgress entered progress:10
07-29 16:41:04.499 D/DownloadService(17978): publishProgress entered progress:32
07-29 16:41:04.499 D/DownloadService(17978): publishProgress entered progress:68
07-29 16:41:04.499 D/DownloadService(17978): publishProgress entered progress:60
07-29 16:41:04.499 D/DownloadService(17978): publishProgress entered progress:1
07-29 16:41:04.499 D/DownloadService(17978): publishProgress entered progress:7
07-29 16:41:04.499 D/DownloadService(17978): publishProgress entered progress:11
07-29 16:41:04.499 D/DownloadService(17978): publishProgress entered progress:33
07-29 16:41:04.499 D/DownloadService(17978): publishProgress entered progress:100
07-29 16:41:04.499 D/DownloadService(17978): publishProgress entered progress:10
07-29 16:41:04.499 D/DownloadService(17978): publishProgress entered progress:74
07-29 16:41:04.499 D/DownloadService(17978): publishProgress entered progress:2
07-29 16:41:04.499 D/DownloadService(17978): publishProgress entered progress:70
07-29 16:41:04.509 V/DownloadService(17978): unzipDir:ht
07-29 16:41:04.509 D/DownloadService(17978): publishProgress entered progress:80
07-29 16:41:04.509 D/DownloadService(17978): publishProgress entered progress:81
07-29 16:41:04.509 D/DownloadService(17978): publishProgress entered progress:11
07-29 16:41:04.509 D/DownloadService(17978): publishProgress entered progress:1
07-29 16:41:04.509 D/DownloadService(17978): publishProgress entered progress:8
07-29 16:41:04.509 D/DownloadService(17978): publishProgress entered progress:2
07-29 16:41:04.509 D/DownloadService(17978): publishProgress entered progress:12
07-29 16:41:04.509 D/DownloadService(17978): publishProgress entered progress:91
07-29 16:41:04.509 D/DownloadService(17978): publishProgress entered progress:9
07-29 16:41:04.509 D/DownloadService(17978): publishProgress entered progress:88
07-29 16:41:04.509 D/DownloadService(17978): publishProgress entered progress:3
07-29 16:41:04.509 D/DownloadService(17978): publishProgress entered progress:13
07-29 16:41:04.509 D/DownloadService(17978): publishProgress entered progress:4
07-29 16:41:04.509 D/DownloadService(17978): publishProgress entered progress:100
07-29 16:41:04.509 D/DownloadService(17978): publishProgress entered progress:12
07-29 16:41:04.509 D/DownloadService(17978): publishProgress entered progress:14
07-29 16:41:04.509 D/DownloadService(17978): publishProgress entered progress:34
07-29 16:41:04.509 D/DownloadService(17978): publishProgress entered progress:13
07-29 16:41:04.509 D/DownloadService(17978): publishProgress entered progress:15
07-29 16:41:04.509 D/DownloadService(17978): publishProgress entered progress:3
07-29 16:41:04.509 D/DownloadService(17978): publishProgress entered progress:95
07-29 16:41:04.509 D/DownloadService(17978): publishProgress entered progress:5
07-29 16:41:04.519 D/DownloadService(17978): publishProgress entered progress:35
07-29 16:41:04.519 V/DownloadService(17978): unzipDir:cc
07-29 16:41:04.519 D/DownloadService(17978): publishProgress entered progress:14
07-29 16:41:04.519 D/DownloadService(17978): publishProgress entered progress:10
07-29 16:41:04.519 D/DownloadService(17978): publishProgress entered progress:100
07-29 16:41:04.519 D/DownloadService(17978): publishProgress entered progress:36
07-29 16:41:04.519 D/DownloadService(17978): publishProgress entered progress:1
07-29 16:41:04.519 D/DownloadService(17978): publishProgress entered progress:15
07-29 16:41:04.519 D/DownloadService(17978): publishProgress entered progress:16
