06-24 15:41:26.877 D/PMS11422(  657): package:com.facebook.katana, input flags:0, output hwFlags:0
06-24 15:41:26.877 D/PMS11422(  657): package:com.huawei.hidisk, input flags:0, output hwFlags:536870912
06-24 15:41:26.877 D/PMS11422(  657): package:com.huawei.trustcircle, input flags:0, output hwFlags:0
06-24 15:41:26.877 D/HwPhoneWindowManager(  657): Transact:setSystemUIColor to status bar service
06-24 15:41:26.878 I/CommandQueue( 1513): updateBarBgColor
06-24 15:41:26.878 D/CommandQueue( 1513): CommandQueue, setBarBackgroundColor
06-24 15:41:26.878 D/PMS11422(  657): package:com.jingdong.app.mall, input flags:0, output hwFlags:0
06-24 15:41:26.878 D/TintManager( 1513): statusBarIconTint=#99FFFFFF,navigationBarIconTint=#FF000000
06-24 15:41:26.879 D/PMS11422(  657): package:com.tencent.mobileqq, input flags:0, output hwFlags:0
06-24 15:41:26.879 I/GRALLOC (  679): 	 shrFd=10,fmt=0x1,intFmt=0x200000001,btStrd=4352,size=8486912,pid=679 
06-24 15:41:26.879 I/GRALLOC (  679): 	 yuv=2,w=1080,h=1920,Stride u=0 v=0,offset u=0 v=0 
06-24 15:41:26.879 I/GRALLOC (  679): 	 iova_size=8486912,conUsg=0x900,proUsg=0x900,	 strd=1088,[afbc]HdrStrd=1088 PyldStrd=69632 Scrmbl=2,ionhnd = 1 
06-24 15:41:26.879 D/PMS11422(  657): package:com.zol.android, input flags:0, output hwFlags:0
06-24 15:41:26.880 V/WindowManager(  657): Checking 1 opening apps (frozen=false timeout=false)...
06-24 15:41:26.880 V/WindowManager(  657): Check opening app=AppWindowToken{893348b token=Token{239fa5a ActivityRecord{d320a05 u0 com.excelliance.dualaid/com.excelliance.kxqp.ui.HelloActivity t16029}}}: allDrawn=false startingDisplayed=false startingMoved=false isRelaunching()=false
06-24 15:41:26.880 D/PMS11422(  657): package:com.huawei.hiskytone, input flags:0, output hwFlags:603979776
06-24 15:41:26.880 I/GRALLOC (  679): 	 shrFd=10,fmt=0x1,intFmt=0x200000001,btStrd=4352,size=8486912,pid=679 
06-24 15:41:26.880 I/GRALLOC (  679): 	 yuv=2,w=1080,h=1920,Stride u=0 v=0,offset u=0 v=0 
06-24 15:41:26.880 I/GRALLOC (  679): 	 iova_size=8486912,conUsg=0x900,proUsg=0x900,	 strd=1088,[afbc]HdrStrd=1088 PyldStrd=69632 Scrmbl=2,ionhnd = 1 
06-24 15:41:26.881 W//system/bin/hwservicemanager(  416): Cannot open /odm/manifest.xml
06-24 15:41:26.881 D/PMS11422(  657): package:com.huawei.hwid, input flags:0, output hwFlags:0
06-24 15:41:26.881 D/PMS11422(  657): package:com.sina.weibo, input flags:0, output hwFlags:0
06-24 15:41:26.882 D/PMS11422(  657): package:com.antutu.ABenchMark, input flags:0, output hwFlags:0
06-24 15:41:26.882 D/PMS11422(  657): package:com.sankuai.meituan.takeoutnew, input flags:0, output hwFlags:0
06-24 15:41:26.882 D/PMS11422(  657): package:com.vmall.client, input flags:0, output hwFlags:67108864
06-24 15:41:26.882 I/GRALLOC (  679): 	 shrFd=10,fmt=0x1,intFmt=0x200000001,btStrd=4352,size=8486912,pid=679 
06-24 15:41:26.882 I/GRALLOC (  679): 	 yuv=2,w=1080,h=1920,Stride u=0 v=0,offset u=0 v=0 
06-24 15:41:26.882 I/GRALLOC (  679): 	 iova_size=8486912,conUsg=0x900,proUsg=0x900,	 strd=1088,[afbc]HdrStrd=1088 PyldStrd=69632 Scrmbl=2,ionhnd = 1 
06-24 15:41:26.882 D/PMS11422(  657): package:com.android.browser, input flags:0, output hwFlags:0
06-24 15:41:26.882 D/PMS11422(  657): package:com.eg.android.AlipayGphone, input flags:0, output hwFlags:0
06-24 15:41:26.882 D/mali_winsys( 4492): EGLint new_window_surface(egl_winsys_display *, void *, EGLSurface, EGLConfig, egl_winsys_surface **, egl_color_buffer_format *, EGLBoolean) returns 0x3000
06-24 15:41:26.883 D/PMS11422(  657): package:com.android.mediacenter, input flags:0, output hwFlags:0
06-24 15:41:26.883 D/PMS11422(  657): package:com.huawei.himovie, input flags:0, output hwFlags:0
06-24 15:41:26.883 D/PMS11422(  657): package:com.huawei.hnreader, input flags:0, output hwFlags:67108864
06-24 15:41:26.884 D/PMS11422(  657): package:com.twitter.android, input flags:0, output hwFlags:0
06-24 15:41:26.884 D/PMS11422(  657): package:com.baidu.input_huawei, input flags:0, output hwFlags:0
06-24 15:41:26.884 D/PMS11422(  657): package:com.google.android.gms, input flags:0, output hwFlags:0
06-24 15:41:26.884 D/PMS11422(  657): package:com.sankuai.meituan, input flags:0, output hwFlags:0
06-24 15:41:26.884 D/PMS11422(  657): package:com.tencent.news, input flags:0, output hwFlags:0
06-24 15:41:26.884 D/PMS11422(  657): package:com.iflytek.speechsuite, input flags:0, output hwFlags:0
06-24 15:41:26.884 D/PMS11422(  657): package:com.qzone, input flags:0, output is null
06-24 15:41:26.886 D/PMS11422(  657): package:com.tencent.android.qqdownloader, input flags:0, output hwFlags:0
06-24 15:41:26.886 D/PMS11422(  657): package:com.tencent.now, input flags:0, output is null
06-24 15:41:26.886 D/PMS11422(  657): package:com.ifreetalk.ftalk, input flags:0, output hwFlags:0
06-24 15:41:26.886 D/PMS11422(  657): package:com.taobao.taobao, input flags:0, output hwFlags:0
06-24 15:41:26.886 D/PMS11422(  657): package:com.android.gallery3d, input flags:0, output hwFlags:0
06-24 15:41:26.886 D/PMS11422(  657): package:com.pp.assistant, input flags:0, output hwFlags:0
06-24 15:41:26.887 D/PMS11422(  657): package:com.oppo.market, input flags:0, output hwFlags:0
06-24 15:41:26.887 D/PMS11422(  657): package:com.excean.wxaid, input flags:0, output hwFlags:0
06-24 15:41:26.887 D/PMS11422(  657): package:com.huawei.intelligent, input flags:0, output hwFlags:0
06-24 15:41:26.887 D/PMS11422(  657): package:com.google.android.backuptransport, input flags:0, output hwFlags:0
06-24 15:41:26.887 D/PMS11422(  657): package:com.huawei.skytone, input flags:0, output hwFlags:0
06-24 15:41:26.887 D/PMS11422(  657): package:com.estrongs.android.pop, input flags:0, output hwFlags:0
06-24 15:41:26.887 D/PMS11422(  657): package:com.redfinger.app, input flags:0, output hwFlags:0
06-24 15:41:26.888 D/PMS11422(  657): package:com.android.vending, input flags:0, output hwFlags:0
06-24 15:41:26.888 D/PMS11422(  657): package:org.hapjs.mockup, input flags:0, output hwFlags:0
06-24 15:41:26.888 D/PMS11422(  657): package:com.huawei.gamebox, input flags:0, output hwFlags:603979776
06-24 15:41:26.888 D/PMS11422(  657): package:com.tencent.tmgp.pubgmhd-ext, input flags:0, output is null
06-24 15:41:26.888 D/PMS11422(  657): package:com.stickgame.los2, input flags:0, output hwFlags:0
06-24 15:41:26.888 D/PMS11422(  657): package:com.qihoo.appstore, input flags:0, output hwFlags:0
06-24 15:41:26.888 D/PMS11422(  657): package:com.huawei.android.thememanager, input flags:0, output hwFlags:0
06-24 15:41:26.888 D/PMS11422(  657): package:com.excean.parallelspace, input flags:0, output hwFlags:0
06-24 15:41:26.889 D/PMS11422(  657): package:com.UCMobile, input flags:0, output hwFlags:0
06-24 15:41:26.889 D/PMS11422(  657): package:com.bbk.appstore, input flags:0, output hwFlags:0
06-24 15:41:26.889 D/PMS11422(  657): package:com.excean.ppaid, input flags:0, output hwFlags:0
06-24 15:41:26.889 D/PMS11422(  657): package:com.netease.blockchain, input flags:0, output hwFlags:0
06-24 15:41:26.889 D/PMS11422(  657): package:com.huawei.camera, input flags:0, output hwFlags:0
06-24 15:41:26.889 D/PMS11422(  657): package:com.sinovatech.unicom.ui, input flags:0, output hwFlags:0
06-24 15:41:26.889 D/PMS11422(  657): package:com.huawei.phoneservice, input flags:0, output hwFlags:0
06-24 15:41:26.890 D/PMS11422(  657): package:com.crisisfire.android.nearme.gamecenter, input flags:0, output hwFlags:0
06-24 15:41:26.890 D/PMS11422(  657): package:com.antutu.benchmark.full, input flags:0, output hwFlags:0
06-24 15:41:26.890 D/PMS11422(  657): package:com.xunmeng.pinduoduo, input flags:0, output hwFlags:0
06-24 15:41:26.890 D/PMS11422(  657): package:com.zhuowang.cloneapp, input flags:0, output hwFlags:0
06-24 15:41:26.890 D/PMS11422(  657): package:com.excean.parallelspace.b64, input flags:0, output hwFlags:0
06-24 15:41:26.890 D/PMS11422(  657): package:com.excelliance.multiaccounts.b64, input flags:0, output hwFlags:0
06-24 15:41:26.890 D/PMS11422(  657): package:com.xiangyou.multispace, input flags:0, output hwFlags:0
06-24 15:41:26.890 D/PMS11422(  657): package:com.youlong.multiaccount, input flags:0, output hwFlags:0
06-24 15:41:26.891 D/PMS11422(  657): package:com.gameloft.android.ANMP.GloftA9HM, input flags:0, output hwFlags:0
06-24 15:41:26.891 D/PMS11422(  657): package:com.excelliance.dualaid.b64, input flags:0, output hwFlags:0
06-24 15:41:26.891 D/AddGameData( 4492): switch_uninstall: 70
06-24 15:41:26.892 W/InputMethodManager( 4492): startInputReason = 1
06-24 15:41:26.894 D/PMS1000 (  657): package:com.excelliance.dualaid, input flags:8192, output hwFlags:0
06-24 15:41:26.895 I/wangchen( 7035): SysInfo.getSysParam: orientation=1||config d=3.0,w=1080,h=1920||metrics d=3.0,w=1080,h=1920||sdk=26,bar_h=72
06-24 15:41:26.895 I/KeymapLoader( 7035): w=1080 h=1920 ori=true appScale=3.3 s1=3.0
06-24 15:41:26.895 W/HSM     ( 1813): HoldService:toast switch is close!
06-24 15:41:26.896 D/ApplicationPackageManager( 4492): queryIntentActivitiesAsUser blocked, Intent { act=android.intent.action.MAIN cat=[android.intent.category.LAUNCHER] pkg=com.huawei.hifolder }
06-24 15:41:26.896 D/HsmInterfaceImpl( 4492): List []
06-24 15:41:26.898 D/PMS1000 (  657): package:com.excelliance.dualaid, input flags:8192, output hwFlags:0
06-24 15:41:26.899 W/HSM     ( 1813): HoldService:toast switch is close!
06-24 15:41:26.899 D/ApplicationPackageManager( 4492): queryIntentActivitiesAsUser blocked, Intent { act=android.intent.action.MAIN cat=[android.intent.category.LAUNCHER] pkg=com.github.shadowsocks }
06-24 15:41:26.899 D/HsmInterfaceImpl( 4492): List [ResolveInfo{da7c7d9 com.github.shadowsocks/.MainActivity m=0x108000}]
06-24 15:41:26.920 I/GRALLOC (  679): 	 shrFd=10,fmt=0x1,intFmt=0x200000001,btStrd=4352,size=8486912,pid=679 
06-24 15:41:26.920 I/GRALLOC (  679): 	 yuv=2,w=1080,h=1920,Stride u=0 v=0,offset u=0 v=0 
06-24 15:41:26.920 I/GRALLOC (  679): 	 iova_size=8486912,conUsg=0xb00,proUsg=0xb00,	 strd=1088,[afbc]HdrStrd=1088 PyldStrd=69632 Scrmbl=2,ionhnd = 1 
06-24 15:41:26.922 D/PMS1000 (  657): package:com.excelliance.dualaid, input flags:8192, output hwFlags:0
06-24 15:41:26.923 W/HSM     ( 1813): HoldService:toast switch is close!
06-24 15:41:26.924 D/ApplicationPackageManager( 4492): queryIntentActivitiesAsUser blocked, Intent { act=android.intent.action.MAIN cat=[android.intent.category.LAUNCHER] pkg=com.excelliance.dualaid }
06-24 15:41:26.924 D/HsmInterfaceImpl( 4492): List [ResolveInfo{537987f com.excelliance.dualaid/com.excelliance.kxqp.ui.HelloActivity m=0x108000}]
06-24 15:41:26.927 D/WindowManager(  657): finishDrawingWindow: Window{3a67d80 u0 com.excelliance.dualaid/com.excelliance.kxqp.ui.HelloActivity} mDrawState=DRAW_PENDING
06-24 15:41:26.929 V/WindowManager(  657): Checking 1 opening apps (frozen=false timeout=false)...
06-24 15:41:26.929 V/WindowManager(  657): Check opening app=AppWindowToken{893348b token=Token{239fa5a ActivityRecord{d320a05 u0 com.excelliance.dualaid/com.excelliance.kxqp.ui.HelloActivity t16029}}}: allDrawn=true startingDisplayed=false startingMoved=false isRelaunching()=false
06-24 15:41:26.935 I/ActivityManager(  657): Displayed com.excelliance.dualaid/com.excelliance.kxqp.ui.HelloActivity: +217ms
06-24 15:41:26.938 V/WindowManager(  657): Checking 0 opening apps (frozen=false timeout=false)...
06-24 15:41:26.943 D/BarTransitions.HwPhoneStatusBarView( 1513): MODE_TRANSLUCENT -> MODE_TRANSPARENT animate=false
06-24 15:41:26.943 D/BarTransitions.HwPhoneStatusBarView( 1513): applyModeBackground oldMode=MODE_TRANSLUCENT newMode=MODE_TRANSPARENT animate=false
06-24 15:41:26.944 I/GRALLOC (  679): 	 shrFd=10,fmt=0x1,intFmt=0x200000001,btStrd=4352,size=8486912,pid=679 
06-24 15:41:26.944 I/GRALLOC (  679): 	 yuv=2,w=1080,h=1920,Stride u=0 v=0,offset u=0 v=0 
06-24 15:41:26.944 I/GRALLOC (  679): 	 iova_size=8486912,conUsg=0xb00,proUsg=0xb00,	 strd=1088,[afbc]HdrStrd=1088 PyldStrd=69632 Scrmbl=2,ionhnd = 1 
06-24 15:41:26.952 D/PMS1000 (  657): package:com.excelliance.dualaid, input flags:8192, output hwFlags:0
06-24 15:41:26.953 W/HSM     ( 1813): HoldService:toast switch is close!
06-24 15:41:26.954 D/ApplicationPackageManager( 4492): queryIntentActivitiesAsUser blocked, Intent { act=android.intent.action.MAIN cat=[android.intent.category.LAUNCHER] pkg=com.tencent.tmgp.qqx5 }
06-24 15:41:26.954 D/HsmInterfaceImpl( 4492): List [ResolveInfo{7c40895 com.tencent.tmgp.qqx5/.DGMMainActivity m=0x108000}]
06-24 15:41:26.957 D/BarTransitions.HwNavigationBarView( 1513): MODE_OPAQUE -> MODE_TRANSPARENT animate=false
06-24 15:41:26.958 D/BarTransitions.HwNavigationBarView( 1513): applyModeBackground oldMode=MODE_OPAQUE newMode=MODE_TRANSPARENT animate=false
06-24 15:41:26.959 I/GRALLOC (  679): 	 shrFd=10,fmt=0x1,intFmt=0x200000001,btStrd=4352,size=8486912,pid=679 
06-24 15:41:26.959 I/GRALLOC (  679): 	 yuv=2,w=1080,h=1920,Stride u=0 v=0,offset u=0 v=0 
06-24 15:41:26.959 I/GRALLOC (  679): 	 iova_size=8486912,conUsg=0xb00,proUsg=0xb00,	 strd=1088,[afbc]HdrStrd=1088 PyldStrd=69632 Scrmbl=2,ionhnd = 1 
06-24 15:41:26.964 E/BufferQueueProducer(  710): [com.excelliance.dualaid/com.excelliance.kxqp.swipe.NavActivity2#0] disconnect: not connected (req=1)
06-24 15:41:26.964 W/libEGL  ( 4492): EGLNativeWindowType 0xd0cdf808 disconnect failed
06-24 15:41:27.000 W/HSM     ( 1813): HoldService:toast switch is close!
06-24 15:41:27.001 D/ApplicationPackageManager( 4492): queryIntentActivitiesAsUser blocked, Intent { act=android.intent.action.MAIN cat=[android.intent.category.LAUNCHER] pkg=com.huawei.android.pushagent }
06-24 15:41:27.001 D/HsmInterfaceImpl( 4492): List []
06-24 15:41:27.004 W/HSM     ( 1813): HoldService:toast switch is close!
06-24 15:41:27.004 D/ApplicationPackageManager( 4492): queryIntentActivitiesAsUser blocked, Intent { act=android.intent.action.MAIN cat=[android.intent.category.LAUNCHER] pkg=com.huawei.appmarket }
06-24 15:41:27.004 D/HsmInterfaceImpl( 4492): List [ResolveInfo{8b73d9b com.huawei.appmarket/.MainActivity m=0x108000}]
06-24 15:41:27.008 E/asset   ( 4492): createFromFile(): lock file /data/resource-cache/system@emui@base@overlay@frameworkhwexthonor@frameworkhwexthonor.apk@idmap.
06-24 15:41:27.008 E/asset   ( 4492): createFromFile(): lock file /data/resource-cache/system@emui@base@overlay@frameworkhwexthonor@frameworkhwexthonor.apk@idmap.
06-24 15:41:27.009 W/ResourceType( 4492): Found multiple library tables, ignoring...
06-24 15:41:27.037 D/HwRecentsLockUtils( 1513): Search
06-24 15:41:27.037 E/HsmCoreServiceImpl( 1478): onTransact in code is: 103
06-24 15:41:27.037 I/MediaProcessHandler( 1478): playingUids: 
06-24 15:41:27.037 D/ActivityManager(  657): Skipping, home or recents stack task: TaskRecord{333215f #15658 A=com.huawei.android.launcher U=0 StackId=0 sz=1}
06-24 15:41:27.037 D/ActivityManager(  657): Skipping intent:act=android.intent.action.MAIN cat=[android.intent.category.LAUNCHER] flg=0x10a00000 cmp=io.appium.settings/.Settings
06-24 15:41:27.038 D/ActivityManager(  657): Skipping intent:flg=0x10804000 cmp=com.android.systemui/.recents.RecentsActivity bnds=[48,928][1032,2296]
06-24 15:41:27.038 D/ActivityManager(  657): Skipping intent:flg=0x18800000 cmp=com.tencent.mm/.plugin.base.stub.WXPayEntryActivity
06-24 15:41:27.038 D/ActivityManager(  657): Skipping intent:flg=0x10800000 cmp=com.huawei.systemmanager/com.huawei.permissionmanager.ui.MainActivity
06-24 15:41:27.038 D/ActivityManager(  657): Skipping intent:flg=0x18800000 cmp=com.tencent.mm/.plugin.base.stub.WXEntryActivity
06-24 15:41:27.038 D/ActivityManager(  657): Skipping intent:act=com.huawei.action.VOICE_ASSISTANT flg=0x10800000 pkg=com.huawei.vassistant cmp=com.huawei.vassistant/.ui.main.VAssistantActivity
06-24 15:41:27.038 D/ActivityManager(  657): Skipping intent:act=com.huawei.android.launcher.action.ACCESS_SPLIT_SCREEN_APP cat=[android.intent.category.DEFAULT] flg=0x10804000 cmp=com.huawei.android.launcher/.splitscreen.SplitScreenAppActivity
06-24 15:41:27.038 D/ActivityManager(  657): Skipping intent:flg=0x10800000 pkg=com.excelliance.dualaid.b64 cmp=com.excelliance.dualaid.b64/com.excelliance.kxqp.sdk.PermissionRequestActivity
06-24 15:41:27.038 D/ActivityManager(  657): Skipping intent:act=android.intent.action.VIEW dat=content://com.excelliance.dualaid.fileProvider/external_storage_root/Download/apk/Multiple_64.apk typ=application/vnd.android.package-archive flg=0x10800001 cmp=com.android.packageinstaller/.InstallStart
06-24 15:41:27.038 D/ActivityManager(  657): Skipping intent:flg=0x10800000 cmp=com.android.systemui/.usb.HwUsbDebuggingActivity
06-24 15:41:27.038 D/ActivityManager(  657): Skipping intent:act=android.deviceinfo.chooser.action.LAUNCH flg=0x10800000 hwFlg=0x100 pkg=com.android.settings cmp=com.android.settings/.deviceinfo.UsbConnModeChooserActivity
06-24 15:41:27.038 D/ActivityManager(  657): Skipping intent:flg=0x10800000 cmp=com.zol.android/.push.KeepLiveActivity
06-24 15:41:27.038 D/ActivityManager(  657): Skipping intent:act=android.intent.action.MAIN cat=[android.intent.category.HOME] flg=0x10800300 cmp=com.android.settings/.FallbackHome
06-24 15:41:27.038 D/PMS1000 (  657): package:com.excelliance.dualaid, input flags:8192, output hwFlags:0
06-24 15:41:27.039 W/HSM     ( 1813): HoldService:toast switch is close!
06-24 15:41:27.039 D/ApplicationPackageManager( 4492): queryIntentActivitiesAsUser blocked, Intent { act=android.intent.action.MAIN cat=[android.intent.category.LAUNCHER] pkg=com.wandoujia.phoenix2 }
06-24 15:41:27.039 D/HsmInterfaceImpl( 4492): List [ResolveInfo{67f8a76 com.wandoujia.phoenix2/com.pp.assistant.activity.PPMainActivity m=0x108000}]
06-24 15:41:27.067 D/PMS1000 (  657): package:com.excelliance.dualaid, input flags:8192, output hwFlags:0
06-24 15:41:27.068 W/HSM     ( 1813): HoldService:toast switch is close!
06-24 15:41:27.069 D/ApplicationPackageManager( 4492): queryIntentActivitiesAsUser blocked, Intent { act=android.intent.action.MAIN cat=[android.intent.category.LAUNCHER] pkg=com.tencent.mm }
06-24 15:41:27.069 D/HsmInterfaceImpl( 4492): List [ResolveInfo{222dce4 com.tencent.mm/.ui.LauncherUI m=0x108000}]
06-24 15:41:27.076 D/NcLogCollectManager(  657): getUserType not bind to Log Collect service.
06-24 15:41:27.076 I/NcLogCollectManager(  657): start to bind to Log Collect service
06-24 15:41:27.076 W/ContextImpl(  657): Calling a method in the system process without a qualified user: android.app.ContextImpl.startService:1656 com.huawei.chrfile.client.NcLogCollectManager.bindToService:145 com.huawei.chrfile.client.NcLogCollectManager.getUserType:124 com.huawei.connectivitylog.LogManager.isCommercialUser:153 java.lang.reflect.Method.invoke:-2 
06-24 15:41:27.076 W/ActivityManager(  657): Unable to start service Intent { act=com.huawei.chrfile.service.INcLogCollect cmp=com.huawei.imonitor/com.huawei.chrfile.service.NcLogCollectService } U=0: not found
06-24 15:41:27.076 W/ContextImpl(  657): Calling a method in the system process without a qualified user: android.app.ContextImpl.bindService:1736 com.huawei.chrfile.client.NcLogCollectManager.bindToService:151 com.huawei.chrfile.client.NcLogCollectManager.getUserType:124 com.huawei.connectivitylog.LogManager.isCommercialUser:153 java.lang.reflect.Method.invoke:-2 
06-24 15:41:27.076 W/ActivityManager(  657): Unable to start service Intent { act=com.huawei.chrfile.service.INcLogCollect cmp=com.huawei.imonitor/com.huawei.chrfile.service.NcLogCollectService } U=0: not found
06-24 15:41:27.076 D/BASE4IN1_LOG(  657): the user type is :  -1
06-24 15:41:27.076 D/WifiProCHRManager(  657): get isCommercialUser = true
06-24 15:41:27.076 D/WifiProStatisticsManager(  657): checkIfNeedUpload time left(mins):2486
06-24 15:41:27.080 D/PMS1000 (  657): package:com.excelliance.dualaid, input flags:8192, output hwFlags:0
06-24 15:41:27.081 W/HSM     ( 1813): HoldService:toast switch is close!
06-24 15:41:27.082 D/ApplicationPackageManager( 4492): queryIntentActivitiesAsUser blocked, Intent { act=android.intent.action.MAIN cat=[android.intent.category.LAUNCHER] pkg=com.android.providers.media }
06-24 15:41:27.082 D/HsmInterfaceImpl( 4492): List []
06-24 15:41:27.084 W/HSM     ( 1813): HoldService:toast switch is close!
06-24 15:41:27.085 D/ApplicationPackageManager( 4492): queryIntentActivitiesAsUser blocked, Intent { act=android.intent.action.MAIN cat=[android.intent.category.LAUNCHER] pkg=com.huawei.vassistant }
06-24 15:41:27.085 D/HsmInterfaceImpl( 4492): List [ResolveInfo{47db54d com.huawei.vassistant/.ui.main.VAssistantActivity m=0x108000}]
06-24 15:41:27.088 E/asset   ( 4492): createFromFile(): lock file /data/resource-cache/system@emui@base@overlay@frameworkhwexthonor@frameworkhwexthonor.apk@idmap.
06-24 15:41:27.088 E/asset   ( 4492): createFromFile(): lock file /data/resource-cache/system@emui@base@overlay@frameworkhwexthonor@frameworkhwexthonor.apk@idmap.
06-24 15:41:27.088 W/ResourceType( 4492): Found multiple library tables, ignoring...
06-24 15:41:27.120 D/PMS1000 (  657): package:com.excelliance.dualaid, input flags:8192, output hwFlags:0
06-24 15:41:27.121 W/HSM     ( 1813): HoldService:toast switch is close!
06-24 15:41:27.121 D/ApplicationPackageManager( 4492): queryIntentActivitiesAsUser blocked, Intent { act=android.intent.action.MAIN cat=[android.intent.category.LAUNCHER] pkg=com.facebook.katana }
06-24 15:41:27.121 D/HwWifiStatStore(  657): handleMessage : 200
06-24 15:41:27.121 D/HsmInterfaceImpl( 4492): List [ResolveInfo{ba2e350 com.facebook.katana/.LoginActivity m=0x108000}]
06-24 15:41:27.146 V/ActivityManager(  657): Making visible and scheduling visibility: ActivityRecord{d5c9105 u0 com.huawei.android.launcher/.unihome.UniHomeLauncher t15658}
06-24 15:41:27.147 V/WindowManager(  657): No longer Stopped: AppWindowToken{d3a938b token=Token{377755a ActivityRecord{d5c9105 u0 com.huawei.android.launcher/.unihome.UniHomeLauncher t15658}}}
06-24 15:41:27.165 E/asset   ( 4492): createFromFile(): lock file /data/resource-cache/system@emui@base@overlay@frameworkhwexthonor@frameworkhwexthonor.apk@idmap.
06-24 15:41:27.165 E/asset   ( 4492): createFromFile(): lock file /data/resource-cache/system@emui@base@overlay@frameworkhwexthonor@frameworkhwexthonor.apk@idmap.
06-24 15:41:27.165 W/ResourceType( 4492): Found multiple library tables, ignoring...
06-24 15:41:27.172 D/ActivityThread( 4492): Remove activity client record, r= ActivityRecord{414755e token=android.os.BinderProxy@31abee5 {com.excelliance.dualaid/com.excelliance.kxqp.swipe.NavActivity2}} token= android.os.BinderProxy@31abee5
06-24 15:41:27.172 D/HwQoEUtils(  657): mForegroundAppPackageName: com.huawei.android.launcher ,score: 0
06-24 15:41:27.173 D/HwQoEUtils(  657): onForegroundAppWifiSleepChange: config:false, sleeptime:-1,type: 255, appname:com.huawei.android.launcher
06-24 15:41:27.173 V/ActivityThread( 2519): Handle window ActivityRecord{4719bb8 token=android.os.BinderProxy@b3fca27 {com.huawei.android.launcher/com.huawei.android.launcher.unihome.UniHomeLauncher}} visibility: true
06-24 15:41:27.173 D/HwQoEUtils(  657): APP type: 255 appName= com.huawei.android.launcher
06-24 15:41:27.173 D/HwQoEUtils(  657): no game, APP_TYPE_GAME, appName =com.huawei.android.launcher
06-24 15:41:27.173 E/HwLauncher( 2519): SettingsEx , no such field.
06-24 15:41:27.173 W/HwLauncher( 2519): Clock getDataFormat the getSystemString failed.
06-24 15:41:27.174 V/WindowManager(  657): removeIfPossible: Window{733a559 u0 com.excelliance.dualaid/com.excelliance.kxqp.swipe.NavActivity2} callers=com.android.server.wm.WindowState.removeIfPossible:1914 com.android.server.wm.WindowManagerService.removeWindow:2022 com.android.server.wm.Session.remove:218 android.view.IWindowSession$Stub.onTransact:242 com.android.server.wm.Session.onTransact:161 
06-24 15:41:27.174 D/HwGameAssistantController(  657): pid=2519, uid=10056, foreground=true
06-24 15:41:27.174 I/WindowManager(  657): Destroying surface Surface(name=com.excelliance.dualaid/com.excelliance.kxqp.swipe.NavActivity2) called by com.android.server.wm.WindowStateAnimator.destroySurface:2060 com.android.server.wm.WindowStateAnimator.destroySurfaceLocked:873 com.android.server.wm.HwWindowStateAnimator.destroySurfaceLocked:1006 com.android.server.wm.WindowState.removeImmediately:1899 com.android.server.wm.WindowState.removeIfPossible:2051 com.android.server.wm.WindowState.removeIfPossible:1914 com.android.server.wm.WindowManagerService.removeWindow:2022 com.android.server.wm.Session.remove:218 
06-24 15:41:27.175 V/WindowManager(  657): postWindowRemoveCleanupLocked: Window{733a559 u0 com.excelliance.dualaid/com.excelliance.kxqp.swipe.NavActivity2}
06-24 15:41:27.175 V/WindowManager(  657): Removing Window{733a559 u0 com.excelliance.dualaid/com.excelliance.kxqp.swipe.NavActivity2} from AppWindowToken{875497a token=Token{25aa1a5 ActivityRecord{2d8e39c u0 com.excelliance.dualaid/com.excelliance.kxqp.swipe.NavActivity2 t16029}}}
06-24 15:41:27.180 V/WindowManager(  657): removeAppToken: AppWindowToken{875497a token=Token{25aa1a5 ActivityRecord{2d8e39c u0 com.excelliance.dualaid/com.excelliance.kxqp.swipe.NavActivity2 t16029}}} delayed=false Callers=com.android.server.wm.DisplayContent.removeAppToken:985 com.android.server.wm.AppWindowContainerController.removeContainer:348 com.android.server.am.ActivityRecord.removeWindowContainer:1039 com.android.server.am.ActivityStack.removeActivityFromHistoryLocked:4491 
06-24 15:41:27.182 W/AwareLog(  657): SchedLevelBoost: onFgActivitiesChanged config not set!
06-24 15:41:27.189 I/HwNetworkPolicy(  657): onTransact, code = 203
06-24 15:41:27.189 I/HwNetworkPolicyManager( 1813): getHwUidPolicy uid = 10056 policy = 0
06-24 15:41:27.193 I/GRALLOC (  679): 	 shrFd=10,fmt=0x1,intFmt=0x200000001,btStrd=4352,size=8486912,pid=679 
06-24 15:41:27.193 I/GRALLOC (  679): 	 yuv=2,w=1080,h=1920,Stride u=0 v=0,offset u=0 v=0 
06-24 15:41:27.193 I/GRALLOC (  679): 	 iova_size=8486912,conUsg=0x900,proUsg=0x900,	 strd=1088,[afbc]HdrStrd=1088 PyldStrd=69632 Scrmbl=2,ionhnd = 1 
06-24 15:41:27.197 I/chatty  (  679): uid=1000(system) allocator@2.0-s identical 1 line
06-24 15:41:27.199 I/GRALLOC (  679): 	 shrFd=10,fmt=0x1,intFmt=0x200000001,btStrd=4352,size=8486912,pid=679 
06-24 15:41:27.199 I/GRALLOC (  679): 	 yuv=2,w=1080,h=1920,Stride u=0 v=0,offset u=0 v=0 
06-24 15:41:27.199 I/GRALLOC (  679): 	 iova_size=8486912,conUsg=0x900,proUsg=0x900,	 strd=1088,[afbc]HdrStrd=1088 PyldStrd=69632 Scrmbl=2,ionhnd = 1 
06-24 15:41:27.201 D/mali_winsys( 2519): EGLint new_window_surface(egl_winsys_display *, void *, EGLSurface, EGLConfig, egl_winsys_surface **, egl_color_buffer_format *, EGLBoolean) returns 0x3000
06-24 15:41:27.205 D/PMS1000 (  657): package:com.excelliance.dualaid, input flags:8192, output hwFlags:0
06-24 15:41:27.206 W/HSM     ( 1813): HoldService:toast switch is close!
06-24 15:41:27.206 D/ApplicationPackageManager( 4492): queryIntentActivitiesAsUser blocked, Intent { act=android.intent.action.MAIN cat=[android.intent.category.LAUNCHER] pkg=com.huawei.trustcircle }
06-24 15:41:27.207 D/HsmInterfaceImpl( 4492): List []
06-24 15:41:27.210 W/HSM     ( 1813): HoldService:toast switch is close!
06-24 15:41:27.210 D/ApplicationPackageManager( 4492): queryIntentActivitiesAsUser blocked, Intent { act=android.intent.action.MAIN cat=[android.intent.category.LAUNCHER] pkg=com.jingdong.app.mall }
06-24 15:41:27.211 D/HsmInterfaceImpl( 4492): List [ResolveInfo{edae47c com.jingdong.app.mall/.main.MainActivity m=0x108000}]
06-24 15:41:27.227 I/GRALLOC (  679): 	 shrFd=10,fmt=0x1,intFmt=0x200000001,btStrd=4352,size=8486912,pid=679 
06-24 15:41:27.227 I/GRALLOC (  679): 	 yuv=2,w=1080,h=1920,Stride u=0 v=0,offset u=0 v=0 
06-24 15:41:27.227 I/GRALLOC (  679): 	 iova_size=8486912,conUsg=0xb00,proUsg=0xb00,	 strd=1088,[afbc]HdrStrd=1088 PyldStrd=69632 Scrmbl=2,ionhnd = 1 
06-24 15:41:27.237 D/WindowManager(  657): finishDrawingWindow: Window{68d6975 u0 com.huawei.android.launcher/com.huawei.android.launcher.unihome.UniHomeLauncher} mDrawState=DRAW_PENDING
06-24 15:41:27.239 D/ImageWallpaper( 1513): onOffsetsChanged: xOffset=0.0, yOffset=0.0, xOffsetStep=0.0, yOffsetStep=0.0, xPixels=0, yPixels=0
06-24 15:41:27.239 D/ImageWallpaper( 1513): Suppressed drawFrame since redraw is not needed and offsets have not changed.sf=Rect(0, 0 - 2160, 1920)
06-24 15:41:27.239 D/ImageWallpaper( 1513): onVisibilityChanged: mVisible, visible=false, true
06-24 15:41:27.239 D/ImageWallpaper( 1513): Visibility changed to visible=true
06-24 15:41:27.239 D/ImageWallpaper( 1513): Suppressed drawFrame since redraw is not needed and offsets have not changed.sf=Rect(0, 0 - 2160, 1920)
06-24 15:41:27.248 D/PMS1000 (  657): package:com.excelliance.dualaid, input flags:8192, output hwFlags:0
06-24 15:41:27.249 W/HSM     ( 1813): HoldService:toast switch is close!
06-24 15:41:27.250 D/ApplicationPackageManager( 4492): queryIntentActivitiesAsUser blocked, Intent { act=android.intent.action.MAIN cat=[android.intent.category.LAUNCHER] pkg=com.tencent.mobileqq }
06-24 15:41:27.250 D/HsmInterfaceImpl( 4492): List [ResolveInfo{78e655a com.tencent.mobileqq/.activity.SplashActivity m=0x108000}]
06-24 15:41:27.265 W/HSM     ( 1813): HoldService:toast switch is close!
06-24 15:41:27.266 D/ApplicationPackageManager( 4492): queryIntentActivitiesAsUser blocked, Intent { act=android.intent.action.MAIN cat=[android.intent.category.LAUNCHER] pkg=com.zol.android }
06-24 15:41:27.266 D/HsmInterfaceImpl( 4492): List [ResolveInfo{81ec38b com.zol.android/.ui.FirstActivity m=0x108000}]
06-24 15:41:27.291 D/PMS1000 (  657): package:com.excelliance.dualaid, input flags:8192, output hwFlags:0
06-24 15:41:27.292 W/HSM     ( 1813): HoldService:toast switch is close!
06-24 15:41:27.293 D/ApplicationPackageManager( 4492): queryIntentActivitiesAsUser blocked, Intent { act=android.intent.action.MAIN cat=[android.intent.category.LAUNCHER] pkg=com.huawei.hiskytone }
06-24 15:41:27.293 D/HsmInterfaceImpl( 4492): List [ResolveInfo{e11e881 com.huawei.hiskytone/com.huawei.skytone.account.welcome.SplashActivity m=0x108000}]
06-24 15:41:27.316 D/HwFLClassLoader( 2519): USE_FEATURE_LIST had not init! 
06-24 15:41:27.321 E/asset   ( 2519): createFromFile(): lock file /data/resource-cache/system@emui@base@overlay@frameworkhwexthonor@frameworkhwexthonor.apk@idmap.
06-24 15:41:27.321 E/asset   ( 2519): createFromFile(): lock file /data/resource-cache/system@emui@base@overlay@frameworkhwexthonor@frameworkhwexthonor.apk@idmap.
06-24 15:41:27.321 W/ResourceType( 2519): Found multiple library tables, ignoring...
06-24 15:41:27.328 D/HwFLClassLoader( 2519): USE_FEATURE_LIST had not init! 
06-24 15:41:27.329 W/HSM     ( 1813): HoldService:toast switch is close!
06-24 15:41:27.330 D/ApplicationPackageManager( 4492): queryIntentActivitiesAsUser blocked, Intent { act=android.intent.action.MAIN cat=[android.intent.category.LAUNCHER] pkg=com.huawei.hwid }
06-24 15:41:27.330 D/HsmInterfaceImpl( 4492): List []
06-24 15:41:27.333 D/PMS1000 (  657): package:com.excelliance.dualaid, input flags:8192, output hwFlags:0
06-24 15:41:27.333 E/asset   ( 2519): createFromFile(): lock file /data/resource-cache/system@emui@base@overlay@frameworkhwexthonor@frameworkhwexthonor.apk@idmap.
06-24 15:41:27.333 E/asset   ( 2519): createFromFile(): lock file /data/resource-cache/system@emui@base@overlay@frameworkhwexthonor@frameworkhwexthonor.apk@idmap.
06-24 15:41:27.333 W/ResourceType( 2519): Found multiple library tables, ignoring...
06-24 15:41:27.333 W/HSM     ( 1813): HoldService:toast switch is close!
06-24 15:41:27.334 D/ApplicationPackageManager( 4492): queryIntentActivitiesAsUser blocked, Intent { act=android.intent.action.MAIN cat=[android.intent.category.LAUNCHER] pkg=com.sina.weibo }
06-24 15:41:27.334 D/HsmInterfaceImpl( 4492): List [ResolveInfo{7694714 com.sina.weibo/.SplashActivity m=0x108000}]
06-24 15:41:27.390 D/PMS1000 (  657): package:com.excelliance.dualaid, input flags:8192, output hwFlags:0
06-24 15:41:27.392 W/HSM     ( 1813): HoldService:toast switch is close!
06-24 15:41:27.393 D/ApplicationPackageManager( 4492): queryIntentActivitiesAsUser blocked, Intent { act=android.intent.action.MAIN cat=[android.intent.category.LAUNCHER] pkg=com.antutu.ABenchMark }
06-24 15:41:27.393 D/HsmInterfaceImpl( 4492): List [ResolveInfo{57445b2 com.antutu.ABenchMark/.ABenchMarkStart m=0x108000}]
06-24 15:41:27.396 E/asset   ( 2519): createFromFile(): lock file /data/resource-cache/system@emui@base@overlay@frameworkhwexthonor@frameworkhwexthonor.apk@idmap.
06-24 15:41:27.396 E/asset   ( 2519): createFromFile(): lock file /data/resource-cache/system@emui@base@overlay@frameworkhwexthonor@frameworkhwexthonor.apk@idmap.
06-24 15:41:27.396 W/ResourceType( 2519): Found multiple library tables, ignoring...
06-24 15:41:27.400 D/HwFLClassLoader( 2519): USE_FEATURE_LIST had not init! 
06-24 15:41:27.420 W/HSM     ( 1813): HoldService:toast switch is close!
06-24 15:41:27.421 D/ApplicationPackageManager( 4492): queryIntentActivitiesAsUser blocked, Intent { act=android.intent.action.MAIN cat=[android.intent.category.LAUNCHER] pkg=com.sankuai.meituan.takeoutnew }
06-24 15:41:27.421 D/HsmInterfaceImpl( 4492): List [ResolveInfo{d5226b9 com.sankuai.meituan.takeoutnew/.ui.page.boot.WelcomeActivity m=0x108000}]
06-24 15:41:27.448 W/HSM     ( 1813): HoldService:toast switch is close!
06-24 15:41:27.449 D/ApplicationPackageManager( 4492): queryIntentActivitiesAsUser blocked, Intent { act=android.intent.action.MAIN cat=[android.intent.category.LAUNCHER] pkg=com.vmall.client }
06-24 15:41:27.449 D/HsmInterfaceImpl( 4492): List [ResolveInfo{8eb425f com.vmall.client/.splash.fragment.SplashActivity m=0x108000}]
06-24 15:41:27.476 D/PMS1000 (  657): package:com.excelliance.dualaid, input flags:8192, output hwFlags:0
06-24 15:41:27.477 W/HSM     ( 1813): HoldService:toast switch is close!
06-24 15:41:27.477 D/ApplicationPackageManager( 4492): queryIntentActivitiesAsUser blocked, Intent { act=android.intent.action.MAIN cat=[android.intent.category.LAUNCHER] pkg=com.android.browser }
06-24 15:41:27.477 D/HsmInterfaceImpl( 4492): List [ResolveInfo{27ad90a com.android.browser/com.tencent.mtt.SplashActivity m=0x108000}]
06-24 15:41:27.514 W/HSM     ( 1813): HoldService:toast switch is close!
06-24 15:41:27.514 D/ApplicationPackageManager( 4492): queryIntentActivitiesAsUser blocked, Intent { act=android.intent.action.MAIN cat=[android.intent.category.LAUNCHER] pkg=com.eg.android.AlipayGphone }
06-24 15:41:27.514 D/HsmInterfaceImpl( 4492): List [ResolveInfo{924f3f1 com.eg.android.AlipayGphone/.AlipayLogin m=0x108000}]
06-24 15:41:27.535 W/HSM     ( 1813): HoldService:toast switch is close!
06-24 15:41:27.536 D/ApplicationPackageManager( 4492): queryIntentActivitiesAsUser blocked, Intent { act=android.intent.action.MAIN cat=[android.intent.category.LAUNCHER] pkg=com.android.mediacenter }
06-24 15:41:27.536 D/HsmInterfaceImpl( 4492): List [ResolveInfo{f451e57 com.android.mediacenter/.PageActivity m=0x108000}]
06-24 15:41:27.541 E/asset   ( 4492): createFromFile(): lock file /data/resource-cache/system@emui@base@overlay@frameworkhwexthonor@frameworkhwexthonor.apk@idmap.
06-24 15:41:27.541 E/asset   ( 4492): createFromFile(): lock file /data/resource-cache/system@emui@base@overlay@frameworkhwexthonor@frameworkhwexthonor.apk@idmap.
06-24 15:41:27.541 W/ResourceType( 4492): Found multiple library tables, ignoring...
06-24 15:41:27.573 W/HSM     ( 1813): HoldService:toast switch is close!
06-24 15:41:27.573 D/ApplicationPackageManager( 4492): queryIntentActivitiesAsUser blocked, Intent { act=android.intent.action.MAIN cat=[android.intent.category.LAUNCHER] pkg=com.huawei.himovie }
06-24 15:41:27.574 D/HsmInterfaceImpl( 4492): List [ResolveInfo{5a57f62 com.huawei.himovie/.ui.login.SplashScreenActivity m=0x108000}]
06-24 15:41:27.577 E/asset   ( 4492): createFromFile(): lock file /data/resource-cache/system@emui@base@overlay@frameworkhwexthonor@frameworkhwexthonor.apk@idmap.
06-24 15:41:27.577 E/asset   ( 4492): createFromFile(): lock file /data/resource-cache/system@emui@base@overlay@frameworkhwexthonor@frameworkhwexthonor.apk@idmap.
06-24 15:41:27.577 W/ResourceType( 4492): Found multiple library tables, ignoring...
06-24 15:41:27.607 W/HSM     ( 1813): HoldService:toast switch is close!
06-24 15:41:27.607 D/ApplicationPackageManager( 4492): queryIntentActivitiesAsUser blocked, Intent { act=android.intent.action.MAIN cat=[android.intent.category.LAUNCHER] pkg=com.huawei.hnreader }
06-24 15:41:27.607 D/HsmInterfaceImpl( 4492): List [ResolveInfo{16d3029 com.huawei.hnreader/com.qq.reader.activity.SplashActivity m=0x108000}]
06-24 15:41:27.611 E/asset   ( 4492): createFromFile(): lock file /data/resource-cache/system@emui@base@overlay@frameworkhwexthonor@frameworkhwexthonor.apk@idmap.
06-24 15:41:27.611 E/asset   ( 4492): createFromFile(): lock file /data/resource-cache/system@emui@base@overlay@frameworkhwexthonor@frameworkhwexthonor.apk@idmap.
06-24 15:41:27.612 W/ResourceType( 4492): Found multiple library tables, ignoring...
06-24 15:41:27.640 W/HSM     ( 1813): HoldService:toast switch is close!
06-24 15:41:27.641 D/ApplicationPackageManager( 4492): queryIntentActivitiesAsUser blocked, Intent { act=android.intent.action.MAIN cat=[android.intent.category.LAUNCHER] pkg=com.twitter.android }
06-24 15:41:27.641 D/HsmInterfaceImpl( 4492): List [ResolveInfo{c9a50dc com.twitter.android/.StartActivity m=0x108000}]
06-24 15:41:27.663 I/TrafficMonitor(  657): update:rxPkts:14,txPkts:20,rxBytes:7853,txBytes:2746
06-24 15:41:27.663 I/TrafficMonitor(  657): start expired. level:-1
06-24 15:41:27.663 I/TrafficMonitor(  657): gettimer:interval=2000
06-24 15:41:27.678 D/PMS1000 (  657): package:com.excelliance.dualaid, input flags:8192, output hwFlags:0
06-24 15:41:27.679 W/HSM     ( 1813): HoldService:toast switch is close!
06-24 15:41:27.679 D/ApplicationPackageManager( 4492): queryIntentActivitiesAsUser blocked, Intent { act=android.intent.action.MAIN cat=[android.intent.category.LAUNCHER] pkg=com.baidu.input_huawei }
06-24 15:41:27.679 D/HsmInterfaceImpl( 4492): List []
06-24 15:41:27.682 W/HSM     ( 1813): HoldService:toast switch is close!
06-24 15:41:27.682 D/ApplicationPackageManager( 4492): queryIntentActivitiesAsUser blocked, Intent { act=android.intent.action.MAIN cat=[android.intent.category.LAUNCHER] pkg=com.google.android.gms }
06-24 15:41:27.682 D/HsmInterfaceImpl( 4492): List []
06-24 15:41:27.686 W/HSM     ( 1813): HoldService:toast switch is close!
06-24 15:41:27.687 D/ApplicationPackageManager( 4492): queryIntentActivitiesAsUser blocked, Intent { act=android.intent.action.MAIN cat=[android.intent.category.LAUNCHER] pkg=com.sankuai.meituan }
06-24 15:41:27.687 D/HsmInterfaceImpl( 4492): List [ResolveInfo{eece36b com.sankuai.meituan/com.meituan.android.pt.homepage.activity.Welcome m=0x108000}]
06-24 15:41:27.718 W/OpenGLRenderer( 2519): Incorrectly called buildLayer on View: ShortcutAndWidgetContainer, destroying layer...
06-24 15:41:27.718 W/OpenGLRenderer( 2519): Incorrectly called buildLayer on View: ShortcutAndWidgetContainer, destroying layer...
06-24 15:41:27.719 I/GRALLOC (  679): 	 shrFd=10,fmt=0x1,intFmt=0x200000001,btStrd=4352,size=8486912,pid=679 
06-24 15:41:27.719 I/GRALLOC (  679): 	 yuv=2,w=1080,h=1920,Stride u=0 v=0,offset u=0 v=0 
06-24 15:41:27.719 I/GRALLOC (  679): 	 iova_size=8486912,conUsg=0xb00,proUsg=0xb00,	 strd=1088,[afbc]HdrStrd=1088 PyldStrd=69632 Scrmbl=2,ionhnd = 1 
06-24 15:41:27.737 W/HSM     ( 1813): HoldService:toast switch is close!
06-24 15:41:27.737 D/ApplicationPackageManager( 4492): queryIntentActivitiesAsUser blocked, Intent { act=android.intent.action.MAIN cat=[android.intent.category.LAUNCHER] pkg=com.tencent.news }
06-24 15:41:27.738 D/HsmInterfaceImpl( 4492): List [ResolveInfo{389bb61 com.tencent.news/.activity.SplashActivity m=0x108000}]
06-24 15:41:27.762 D/PMS1000 (  657): package:com.excelliance.dualaid, input flags:8192, output hwFlags:0
06-24 15:41:27.763 W/HSM     ( 1813): HoldService:toast switch is close!
06-24 15:41:27.763 D/ApplicationPackageManager( 4492): queryIntentActivitiesAsUser blocked, Intent { act=android.intent.action.MAIN cat=[android.intent.category.LAUNCHER] pkg=com.iflytek.speechsuite }
06-24 15:41:27.764 D/HsmInterfaceImpl( 4492): List []
06-24 15:41:27.766 W/HSM     ( 1813): HoldService:toast switch is close!
06-24 15:41:27.767 D/ApplicationPackageManager( 4492): queryIntentActivitiesAsUser blocked, Intent { act=android.intent.action.MAIN cat=[android.intent.category.LAUNCHER] pkg=com.tencent.android.qqdownloader }
06-24 15:41:27.767 D/HsmInterfaceImpl( 4492): List [ResolveInfo{7744b47 com.tencent.android.qqdownloader/com.tencent.pangu.link.SplashActivity m=0x108000}]
06-24 15:41:27.798 W/HSM     ( 1813): HoldService:toast switch is close!
06-24 15:41:27.798 D/ApplicationPackageManager( 4492): queryIntentActivitiesAsUser blocked, Intent { act=android.intent.action.MAIN cat=[android.intent.category.LAUNCHER] pkg=com.ifreetalk.ftalk }
06-24 15:41:27.798 D/HsmInterfaceImpl( 4492): List [ResolveInfo{8c5ac9d com.ifreetalk.ftalk/.activity.DummyActivity m=0x108000}]
06-24 15:41:27.811 W/HSM     ( 1813): HoldService:toast switch is close!
06-24 15:41:27.812 D/ApplicationPackageManager( 4492): queryIntentActivitiesAsUser blocked, Intent { act=android.intent.action.MAIN cat=[android.intent.category.LAUNCHER] pkg=com.taobao.taobao }
06-24 15:41:27.812 D/HsmInterfaceImpl( 4492): List [ResolveInfo{5308512 com.taobao.taobao/com.taobao.tao.welcome.Welcome m=0x108000}]
06-24 15:41:27.838 W/HSM     ( 1813): HoldService:toast switch is close!
06-24 15:41:27.838 D/ApplicationPackageManager( 4492): queryIntentActivitiesAsUser blocked, Intent { act=android.intent.action.MAIN cat=[android.intent.category.LAUNCHER] pkg=com.android.gallery3d }
06-24 15:41:27.838 D/HsmInterfaceImpl( 4492): List [ResolveInfo{e337ee0 com.android.gallery3d/com.huawei.gallery.app.GalleryMain m=0x108000}]
06-24 15:41:27.842 E/asset   ( 4492): createFromFile(): lock file /data/resource-cache/system@emui@base@overlay@frameworkhwexthonor@frameworkhwexthonor.apk@idmap.
06-24 15:41:27.842 E/asset   ( 4492): createFromFile(): lock file /data/resource-cache/system@emui@base@overlay@frameworkhwexthonor@frameworkhwexthonor.apk@idmap.
06-24 15:41:27.842 W/ResourceType( 4492): Found multiple library tables, ignoring...
06-24 15:41:27.876 D/PMS1000 (  657): package:com.excelliance.dualaid, input flags:8192, output hwFlags:0
06-24 15:41:27.877 W/HSM     ( 1813): HoldService:toast switch is close!
06-24 15:41:27.877 D/ApplicationPackageManager( 4492): queryIntentActivitiesAsUser blocked, Intent { act=android.intent.action.MAIN cat=[android.intent.category.LAUNCHER] pkg=com.pp.assistant }
06-24 15:41:27.878 D/HsmInterfaceImpl( 4492): List [ResolveInfo{5f95c3f com.pp.assistant/.activity.MainActivity m=0x108000}]
06-24 15:41:27.887 D/NetWorkUtils( 1513): mVSimCurCardType is -1
06-24 15:41:27.890 D/NetWorkUtils( 1513): mVSimCurCardType is -1
06-24 15:41:27.903 W/HSM     ( 1813): HoldService:toast switch is close!
06-24 15:41:27.904 D/ApplicationPackageManager( 4492): queryIntentActivitiesAsUser blocked, Intent { act=android.intent.action.MAIN cat=[android.intent.category.LAUNCHER] pkg=com.oppo.market }
06-24 15:41:27.904 D/HsmInterfaceImpl( 4492): List [ResolveInfo{67ed255 com.oppo.market/.activity.MainActivity m=0x108000}]
06-24 15:41:27.946 W/HSM     ( 1813): HoldService:toast switch is close!
06-24 15:41:27.946 D/ApplicationPackageManager( 4492): queryIntentActivitiesAsUser blocked, Intent { act=android.intent.action.MAIN cat=[android.intent.category.LAUNCHER] pkg=com.excean.wxaid }
06-24 15:41:27.946 D/HsmInterfaceImpl( 4492): List [ResolveInfo{c317d5b com.excean.wxaid/com.excelliance.kxqp.ui.HelloActivity m=0x108000}]
06-24 15:41:27.977 W/HwResourcesImpl( 4492): icon in pkg com.excean.wxaid is too large.sDefaultSizeWithoutEdge = 188bmp.getWidth() = 1536
06-24 15:41:27.993 W/HSM     ( 1813): HoldService:toast switch is close!
06-24 15:41:27.994 D/ApplicationPackageManager( 4492): queryIntentActivitiesAsUser blocked, Intent { act=android.intent.action.MAIN cat=[android.intent.category.LAUNCHER] pkg=com.huawei.intelligent }
06-24 15:41:27.994 D/HsmInterfaceImpl( 4492): List []
06-24 15:41:27.997 W/HSM     ( 1813): HoldService:toast switch is close!
06-24 15:41:27.997 D/ApplicationPackageManager( 4492): queryIntentActivitiesAsUser blocked, Intent { act=android.intent.action.MAIN cat=[android.intent.category.LAUNCHER] pkg=com.google.android.backuptransport }
06-24 15:41:27.997 D/HsmInterfaceImpl( 4492): List []
06-24 15:41:27.999 D/PMS1000 (  657): package:com.excelliance.dualaid, input flags:8192, output hwFlags:0
06-24 15:41:28.000 W/HSM     ( 1813): HoldService:toast switch is close!
06-24 15:41:28.000 D/ApplicationPackageManager( 4492): queryIntentActivitiesAsUser blocked, Intent { act=android.intent.action.MAIN cat=[android.intent.category.LAUNCHER] pkg=com.huawei.skytone }
06-24 15:41:28.000 D/HsmInterfaceImpl( 4492): List []
06-24 15:41:28.002 W/HSM     ( 1813): HoldService:toast switch is close!
06-24 15:41:28.003 D/ApplicationPackageManager( 4492): queryIntentActivitiesAsUser blocked, Intent { act=android.intent.action.MAIN cat=[android.intent.category.LAUNCHER] pkg=com.estrongs.android.pop }
06-24 15:41:28.003 D/HsmInterfaceImpl( 4492): List [ResolveInfo{3273ed1 com.estrongs.android.pop/.app.openscreenad.NewSplashActivity m=0x108000}]
06-24 15:41:28.035 W/HSM     ( 1813): HoldService:toast switch is close!
06-24 15:41:28.035 D/ApplicationPackageManager( 4492): queryIntentActivitiesAsUser blocked, Intent { act=android.intent.action.MAIN cat=[android.intent.category.LAUNCHER] pkg=com.redfinger.app }
06-24 15:41:28.036 D/HsmInterfaceImpl( 4492): List [ResolveInfo{d009437 com.redfinger.app/.activity.SplashActivity m=0x108000}]
06-24 15:41:28.066 W/HSM     ( 1813): HoldService:toast switch is close!
06-24 15:41:28.066 D/ApplicationPackageManager( 4492): queryIntentActivitiesAsUser blocked, Intent { act=android.intent.action.MAIN cat=[android.intent.category.LAUNCHER] pkg=com.android.vending }
06-24 15:41:28.066 D/HsmInterfaceImpl( 4492): List [ResolveInfo{b0ff70d com.android.vending/.AssetBrowserActivity m=0x108000}]
06-24 15:41:28.097 D/PMS1000 (  657): package:com.excelliance.dualaid, input flags:8192, output hwFlags:0
06-24 15:41:28.098 W/HSM     ( 1813): HoldService:toast switch is close!
06-24 15:41:28.098 D/ApplicationPackageManager( 4492): queryIntentActivitiesAsUser blocked, Intent { act=android.intent.action.MAIN cat=[android.intent.category.LAUNCHER] pkg=org.hapjs.mockup }
06-24 15:41:28.098 D/HsmInterfaceImpl( 4492): List [ResolveInfo{e51f709 org.hapjs.mockup/.activity.MainActivity m=0x108000}]
06-24 15:41:28.123 W/HSM     ( 1813): HoldService:toast switch is close!
06-24 15:41:28.123 D/ApplicationPackageManager( 4492): queryIntentActivitiesAsUser blocked, Intent { act=android.intent.action.MAIN cat=[android.intent.category.LAUNCHER] pkg=com.huawei.gamebox }
06-24 15:41:28.123 D/HsmInterfaceImpl( 4492): List [ResolveInfo{7c7d32f com.huawei.gamebox/.GameBoxActivity m=0x108000}]
06-24 15:41:28.127 E/asset   ( 4492): createFromFile(): lock file /data/resource-cache/system@emui@base@overlay@frameworkhwexthonor@frameworkhwexthonor.apk@idmap.
06-24 15:41:28.127 E/asset   ( 4492): createFromFile(): lock file /data/resource-cache/system@emui@base@overlay@frameworkhwexthonor@frameworkhwexthonor.apk@idmap.
06-24 15:41:28.127 W/ResourceType( 4492): Found multiple library tables, ignoring...
06-24 15:41:28.154 D/PMS1000 (  657): package:com.excelliance.dualaid, input flags:8192, output hwFlags:0
06-24 15:41:28.155 W/HSM     ( 1813): HoldService:toast switch is close!
06-24 15:41:28.155 E/Thermal-daemon(  764): [charger_ic] temp_new :40  temp_old :39
06-24 15:41:28.156 I/ThermalService( 1699): Receive temperature change, type: 2, temp: 40 from thermald
06-24 15:41:28.156 D/ApplicationPackageManager( 4492): queryIntentActivitiesAsUser blocked, Intent { act=android.intent.action.MAIN cat=[android.intent.category.LAUNCHER] pkg=com.stickgame.los2 }
06-24 15:41:28.156 D/HsmInterfaceImpl( 4492): List [ResolveInfo{455fc1a com.stickgame.los2/com.DBGame.DiabloLOL.DiabloLOL m=0x108000}]
06-24 15:41:28.156 D/HwThermalStateManager( 1699): Thermal type: 2 cur_temperature:40
06-24 15:41:28.156 E/Thermal-daemon(  764): Report temperature: [charger_ic] temp :40  report_threshold:1
06-24 15:41:28.157 E/Thermal-daemon(  764): [ap] temp_new :39  temp_old :38
06-24 15:41:28.158 I/ThermalService( 1699): Receive temperature change, type: 0, temp: 39 from thermald
06-24 15:41:28.158 D/HwThermalStateManager( 1699): Thermal type: 0 cur_temperature:39
06-24 15:41:28.158 E/Thermal-daemon(  764): Report temperature: [ap] temp :39  report_threshold:1
06-24 15:41:28.195 W/HSM     ( 1813): HoldService:toast switch is close!
06-24 15:41:28.195 D/ApplicationPackageManager( 4492): queryIntentActivitiesAsUser blocked, Intent { act=android.intent.action.MAIN cat=[android.intent.category.LAUNCHER] pkg=com.qihoo.appstore }
06-24 15:41:28.195 D/HsmInterfaceImpl( 4492): List [ResolveInfo{13c2128 com.qihoo.appstore/.home.LauncherActivity m=0x108000}]
06-24 15:41:28.209 I/Pged-IPgedBinderService(  769): ****action is 2, pid num is 6***
06-24 15:41:28.209 I/Pged-Freezer(  769): thawPids
06-24 15:41:28.212 I/NetworkSpeedManagerEx( 1513): mIsStop = false
06-24 15:41:28.212 I/NetworkSpeedManagerEx( 1513):  runInThread getTetherStats
06-24 15:41:28.213 I/NetworkSpeedManagerEx( 1513):  runInUI refreshSpeed
06-24 15:41:28.213 D/PgedBinderAdapter( 1699): unfrz ok, pid: [29457, 29531, 29347, 27318, 29532]
06-24 15:41:28.214 I/NetworkSpeedManagerEx( 1513): value=3533.0speed = 3.5
06-24 15:41:28.214 I/NetworkSpeedManagerEx( 1513): K/smIsShowLastSpeedValuefalse
06-24 15:41:28.214 I/NetworkSpeedView( 1513): /update(), speed=3.5
06-24 15:41:28.214 I/NetworkSpeedView( 1513): K/s parent class:class com.android.systemui.statusbar.HwSystemIcons
