06-24 16:28:22.169 D/ActivityManager(  657): Skipping intent:act=android.intent.action.VIEW dat=content://com.excelliance.dualaid.fileProvider/external_storage_root/Download/apk/Multiple_64.apk typ=application/vnd.android.package-archive flg=0x10800001 cmp=com.android.packageinstaller/.InstallStart
06-24 16:28:22.169 D/ActivityManager(  657): Skipping intent:flg=0x10800000 cmp=com.android.systemui/.usb.HwUsbDebuggingActivity
06-24 16:28:22.169 D/ActivityManager(  657): Skipping intent:act=android.deviceinfo.chooser.action.LAUNCH flg=0x10800000 hwFlg=0x100 pkg=com.android.settings cmp=com.android.settings/.deviceinfo.UsbConnModeChooserActivity
06-24 16:28:22.169 D/ActivityManager(  657): Skipping intent:flg=0x10800000 cmp=com.zol.android/.push.KeepLiveActivity
06-24 16:28:22.169 D/ActivityManager(  657): Skipping intent:act=android.intent.action.MAIN cat=[android.intent.category.HOME] flg=0x10800300 cmp=com.android.settings/.FallbackHome
06-24 16:28:22.177 D/HelloActivity(30411): defDisplayStyle:5
06-24 16:28:22.181 D/HttpUtils(30411): getDownloadMode()
06-24 16:28:22.182 D/NetUtils(30411): init inited = true
06-24 16:28:22.182 D/HelloActivity(30411): enter Nav2
06-24 16:28:22.184 D/NetworkSecurityConfig(30411): No Network Security Config specified, using platform default
06-24 16:28:22.184 I/ActivityManager(  657): START u0 {pkg=com.excelliance.dualaid cmp=com.excelliance.dualaid/com.excelliance.kxqp.swipe.NavActivity2 (has extras)} from uid 11423
06-24 16:28:22.184 I/ActivityManager(  657): ActivityRecord info: ActivityInfo{db9d78c com.excelliance.kxqp.swipe.NavActivity2}
06-24 16:28:22.185 V/WindowManager(  657): findFocusedWindow: AppWindowToken{d3a938b token=Token{377755a ActivityRecord{d5c9105 u0 com.huawei.android.launcher/.unihome.UniHomeLauncher t15658}}} below Reached focused app=AppWindowToken{150907c token=Token{77e7b6f ActivityRecord{1e43e4e u0 com.excelliance.dualaid/com.excelliance.kxqp.ui.HelloActivity t16045}}}
06-24 16:28:22.185 V/WindowManager(  657): addAppToken: AppWindowToken{5687314 token=Token{1c46967 ActivityRecord{925c926 u0 com.excelliance.dualaid/com.excelliance.kxqp.swipe.NavActivity2 t16045}}} controller={TaskWindowContainerController taskId=16045} at 2147483647
06-24 16:28:22.190 V/ActivityManager(  657): startProcess: name=com.excelliance.dualaid app=null knownToBeDead=true thread=null pid=-1
06-24 16:28:22.191 D/PMS1000 (  657): package:com.excelliance.dualaid, input flags:0, output hwFlags:0
06-24 16:28:22.197 I/ActivityManager(  657): Start proc 30442:com.excelliance.dualaid/u0a1423 for service com.excelliance.dualaid/com.excelliance.kxqp.SmtServService
06-24 16:28:22.197 I/        (30442): power log dlsym ok
06-24 16:28:22.199 I/zygote  (30442): Reinit property: dalvik.vm.checkjni= false
06-24 16:28:22.204 D/HwNetworkManagementService(  657): code == CODE_GET_AD_KEY_LIST
06-24 16:28:22.204 D/HwNetworkManagementService(  657): appName = com.excelliance.dualaid  is not in the mAdViewMap! reply none
06-24 16:28:22.204 D/HwNetworkManagementService(  657): appName = com.excelliance.dualaid  is not in the mAdIdMap! reply none
06-24 16:28:22.206 D/ActivityThread(30411): add activity client record, r= ActivityRecord{cbe2ddc token=android.os.BinderProxy@d13fa03 {com.excelliance.dualaid/com.excelliance.kxqp.ui.HelloActivity}} token= android.os.BinderProxy@d13fa03
06-24 16:28:22.206 D/ActivityThread(30442): ActivityThread,attachApplication
06-24 16:28:22.207 V/WindowManager(  657): No longer Stopped: AppWindowToken{5687314 token=Token{1c46967 ActivityRecord{925c926 u0 com.excelliance.dualaid/com.excelliance.kxqp.swipe.NavActivity2 t16045}}}
06-24 16:28:22.208 V/WindowManager(  657): No longer Stopped: AppWindowToken{5687314 token=Token{1c46967 ActivityRecord{925c926 u0 com.excelliance.dualaid/com.excelliance.kxqp.swipe.NavActivity2 t16045}}}
06-24 16:28:22.212 V/WindowManager(  657): Checking 1 opening apps (frozen=false timeout=false)...
06-24 16:28:22.212 V/WindowManager(  657): Check opening app=AppWindowToken{5687314 token=Token{1c46967 ActivityRecord{925c926 u0 com.excelliance.dualaid/com.excelliance.kxqp.swipe.NavActivity2 t16045}}}: allDrawn=false startingDisplayed=false startingMoved=false isRelaunching()=false
06-24 16:28:22.212 D/ActivityManager(  657): ActivityManagerService,attachApplication,callingPid = 30442
06-24 16:28:22.219 D/HwCust  (30411): Create obj success use class android.app.HwCustActivityImpl
06-24 16:28:22.219 D/HwCust  (30411): Create obj success use class android.app.HwCustHwWallpaperManagerImpl
06-24 16:28:22.220 V/ActivityThread(30411): ActivityThread,callActivityOnCreate
06-24 16:28:22.221 W//system/bin/hwservicemanager(  416): Cannot open /odm/manifest.xml
06-24 16:28:22.228 D/NavActivity2(30411): onCreate
06-24 16:28:22.233 W/X509TrustManager(30411): checkServerTrusted: SignatureException:null
06-24 16:28:22.233 W/X509TrustManager(30411): checkServerTrusted: SignatureException:error:04000073:RSA routines:OPENSSL_internal:DATA_TOO_LARGE_FOR_MODULUS
06-24 16:28:22.234 W/Utils   (30411): Utils_isSuperResolutionSupport [load libai_client.so failed]
06-24 16:28:22.234 W//system/bin/hwservicemanager(  416): Cannot open /odm/manifest.xml
06-24 16:28:22.236 D/CubicBezierInterpolator(30411): CubicBezierInterpolator  mControlPoint1x = 0.23, mControlPoint1y = 0.06, mControlPoint2x = 0.09, mControlPoint2y = 0.97
06-24 16:28:22.236 D/CubicBezierInterpolator(30411): CubicBezierInterpolator  mControlPoint1x = 0.6, mControlPoint1y = 0.9, mControlPoint2x = 0.8, mControlPoint2y = 1.0
06-24 16:28:22.236 D/CubicBezierInterpolator(30411): CubicBezierInterpolator  mControlPoint1x = 0.23, mControlPoint1y = 0.06, mControlPoint2x = 0.09, mControlPoint2y = 0.97
06-24 16:28:22.236 D/CubicBezierInterpolator(30411): CubicBezierInterpolator  mControlPoint1x = 0.6, mControlPoint1y = 0.9, mControlPoint2x = 0.8, mControlPoint2y = 1.0
06-24 16:28:22.236 D/HwFLClassLoader(30442): get used feature list :/feature/used-list failed!
06-24 16:28:22.236 I/GRALLOC (  679): 	 shrFd=10,fmt=0x1,intFmt=0x1,btStrd=256,size=4096,pid=679 
06-24 16:28:22.236 I/GRALLOC (  679): 	 yuv=2,w=16,h=16,Stride u=0 v=0,offset u=0 v=0 
06-24 16:28:22.236 I/GRALLOC (  679): 	 iova_size=4096,conUsg=0x100,proUsg=0x100,	 strd=64,[afbc]HdrStrd=0 PyldStrd=0 Scrmbl=0,ionhnd = 1 
06-24 16:28:22.236 D/HwFLClassLoader(30442): USE_FEATURE_LIST had not init! 
06-24 16:28:22.236 D/CubicBezierInterpolator(30411): CubicBezierInterpolator  mControlPoint1x = 0.23, mControlPoint1y = 0.06, mControlPoint2x = 0.09, mControlPoint2y = 0.97
06-24 16:28:22.236 D/CubicBezierInterpolator(30411): CubicBezierInterpolator  mControlPoint1x = 0.6, mControlPoint1y = 0.9, mControlPoint2x = 0.8, mControlPoint2y = 1.0
06-24 16:28:22.236 D/CubicBezierInterpolator(30411): CubicBezierInterpolator  mControlPoint1x = 0.23, mControlPoint1y = 0.06, mControlPoint2x = 0.09, mControlPoint2y = 0.97
06-24 16:28:22.237 D/CubicBezierInterpolator(30411): CubicBezierInterpolator  mControlPoint1x = 0.6, mControlPoint1y = 0.9, mControlPoint2x = 0.8, mControlPoint2y = 1.0
06-24 16:28:22.240 D/PMS11423(  657): package:com.excelliance.dualaid, input flags:128, output hwFlags:0
06-24 16:28:22.243 D/HwRTBlurUtils(30411): check blur style for HwPhoneWindow-, themeResId : 0x7f0e000a, context : com.excelliance.kxqp.swipe.NavActivity2@794246b, Nhwext : 0, get Blur : disable with , null
06-24 16:28:22.243 D/HwRTBlurUtils(30411): check blur style for HwPhoneWindow-, themeResId : 0x7f0e000a, context : com.excelliance.kxqp.swipe.NavActivity2@794246b, Nhwext : 0, get Blur : disable with , null
06-24 16:28:22.244 E/test    (30411): hw notch screen flag api error
06-24 16:28:22.246 D/ActivityThread(30411): add activity client record, r= ActivityRecord{414755e token=android.os.BinderProxy@31abee5 {com.excelliance.dualaid/com.excelliance.kxqp.swipe.NavActivity2}} token= android.os.BinderProxy@31abee5
06-24 16:28:22.248 E/ViewUtils(30411): setBgColor: view==null:top
06-24 16:28:22.256 D/OpenGLRenderer(30411):   HWUI Binary is  enabled
06-24 16:28:22.257 D/PMS11423(  657): package:com.excelliance.dualaid, input flags:128, output hwFlags:0
06-24 16:28:22.257 D/SurfaceFlinger(  710): SurfaceFlinger: getDisplayConfigs--3.000000, 1080, 1920
06-24 16:28:22.257 I/chatty  (  710): uid=1000(system) Binder:710_3 identical 1 line
06-24 16:28:22.257 D/SurfaceFlinger(  710): SurfaceFlinger: getDisplayConfigs--3.000000, 1080, 1920
06-24 16:28:22.259 D/OpenGLRenderer(30411): HWUI GL Pipeline
06-24 16:28:22.262 D/PMS11423(  657): package:com.excelliance.dualaid, input flags:128, output hwFlags:0
06-24 16:28:22.263 V/WindowManager(  657): Adding Window{b8d417b u0 com.excelliance.dualaid/com.excelliance.kxqp.swipe.NavActivity2} to AppWindowToken{5687314 token=Token{1c46967 ActivityRecord{925c926 u0 com.excelliance.dualaid/com.excelliance.kxqp.swipe.NavActivity2 t16045}}}
06-24 16:28:22.263 V/WindowManager(  657): addWindow: New client android.os.BinderProxy@231650a: window=Window{b8d417b u0 com.excelliance.dualaid/com.excelliance.kxqp.swipe.NavActivity2} Callers=com.android.server.wm.HwWindowManagerService.addWindow:562 com.android.server.wm.Session.addToDisplay:199 android.view.IWindowSession$Stub.onTransact:124 com.android.server.wm.Session.onTransact:161 android.os.Binder.execTransact:675 
06-24 16:28:22.266 D/PMS11423(  657): package:com.excelliance.dualaid, input flags:128, output hwFlags:0
06-24 16:28:22.270 D/PMS11423(  657): package:com.excelliance.dualaid, input flags:128, output hwFlags:0
06-24 16:28:22.273 V/WindowManager(  657): Checking 1 opening apps (frozen=false timeout=false)...
06-24 16:28:22.273 V/WindowManager(  657): Check opening app=AppWindowToken{5687314 token=Token{1c46967 ActivityRecord{925c926 u0 com.excelliance.dualaid/com.excelliance.kxqp.swipe.NavActivity2 t16045}}}: allDrawn=false startingDisplayed=false startingMoved=false isRelaunching()=false
06-24 16:28:22.273 D/HwGalleryCacheManagerImpl(30411): mIsEffect:false
06-24 16:28:22.275 D/HttpUtils(30411): getResponseCode():200
06-24 16:28:22.275 D/WHEG    (30411): {"status":"0","controls":"","skip":"0"}
06-24 16:28:22.279 D/PMS11423(  657): package:com.excelliance.dualaid, input flags:128, output hwFlags:0
06-24 16:28:22.311 D/HwRecentsLockUtils( 1513): Search
06-24 16:28:22.311 E/HsmCoreServiceImpl( 1478): onTransact in code is: 103
06-24 16:28:22.311 I/MediaProcessHandler( 1478): playingUids: 
06-24 16:28:22.285 I/chatty  (  657): uid=1000(system) Binder:657_1C identical 4 lines
06-24 16:28:22.285 D/PMS11423(  657): package:com.excelliance.dualaid, input flags:128, output hwFlags:0
06-24 16:28:22.312 D/ActivityManager(  657): Skipping, home or recents stack task: TaskRecord{333215f #15658 A=com.huawei.android.launcher U=0 StackId=0 sz=1}
06-24 16:28:22.312 D/ActivityManager(  657): Skipping intent:act=android.intent.action.MAIN cat=[android.intent.category.LAUNCHER] flg=0x10a00000 cmp=io.appium.settings/.Settings
06-24 16:28:22.312 D/ActivityManager(  657): Skipping intent:flg=0x10804000 cmp=com.android.systemui/.recents.RecentsActivity bnds=[48,928][1032,2296]
06-24 16:28:22.312 D/ActivityManager(  657): Skipping intent:flg=0x18800000 cmp=com.tencent.mm/.plugin.base.stub.WXPayEntryActivity
06-24 16:28:22.312 D/ActivityManager(  657): Skipping intent:flg=0x10800000 cmp=com.huawei.systemmanager/com.huawei.permissionmanager.ui.MainActivity
06-24 16:28:22.312 D/ActivityManager(  657): Skipping intent:flg=0x18800000 cmp=com.tencent.mm/.plugin.base.stub.WXEntryActivity
06-24 16:28:22.312 D/ActivityManager(  657): Skipping intent:act=com.huawei.action.VOICE_ASSISTANT flg=0x10800000 pkg=com.huawei.vassistant cmp=com.huawei.vassistant/.ui.main.VAssistantActivity
06-24 16:28:22.312 D/ActivityManager(  657): Skipping intent:act=com.huawei.android.launcher.action.ACCESS_SPLIT_SCREEN_APP cat=[android.intent.category.DEFAULT] flg=0x10804000 cmp=com.huawei.android.launcher/.splitscreen.SplitScreenAppActivity
06-24 16:28:22.312 D/ActivityManager(  657): Skipping intent:flg=0x10800000 pkg=com.excelliance.dualaid.b64 cmp=com.excelliance.dualaid.b64/com.excelliance.kxqp.sdk.PermissionRequestActivity
06-24 16:28:22.312 D/ActivityManager(  657): Skipping intent:act=android.intent.action.VIEW dat=content://com.excelliance.dualaid.fileProvider/external_storage_root/Download/apk/Multiple_64.apk typ=application/vnd.android.package-archive flg=0x10800001 cmp=com.android.packageinstaller/.InstallStart
06-24 16:28:22.312 D/ActivityManager(  657): Skipping intent:flg=0x10800000 cmp=com.android.systemui/.usb.HwUsbDebuggingActivity
06-24 16:28:22.312 D/ActivityManager(  657): Skipping intent:act=android.deviceinfo.chooser.action.LAUNCH flg=0x10800000 hwFlg=0x100 pkg=com.android.settings cmp=com.android.settings/.deviceinfo.UsbConnModeChooserActivity
06-24 16:28:22.312 D/ActivityManager(  657): Skipping intent:flg=0x10800000 cmp=com.zol.android/.push.KeepLiveActivity
06-24 16:28:22.312 D/ActivityManager(  657): Skipping intent:act=android.intent.action.MAIN cat=[android.intent.category.HOME] flg=0x10800300 cmp=com.android.settings/.FallbackHome
06-24 16:28:22.346 D/MainActivity(30411): instantiateItem: 2	android.widget.RelativeLayout{d00e2b1 V.E...... ......I. 0,0-0,0}
06-24 16:28:22.347 D/MainActivity(30411): initPage3: 
06-24 16:28:22.348 I/zygote  (30442): Compiler allocated 4MB to compile boolean com.excelliance.kxqp.KXQPApplication.b(int)
06-24 16:28:22.350 V/WindowManager(  657): Checking 1 opening apps (frozen=false timeout=false)...
06-24 16:28:22.350 V/WindowManager(  657): Check opening app=AppWindowToken{5687314 token=Token{1c46967 ActivityRecord{925c926 u0 com.excelliance.dualaid/com.excelliance.kxqp.swipe.NavActivity2 t16045}}}: allDrawn=false startingDisplayed=false startingMoved=false isRelaunching()=false
06-24 16:28:22.352 V/HwPhoneWindowManager(  657): updateSystemUiColorLw window=Window{b8d417b u0 com.excelliance.dualaid/com.excelliance.kxqp.swipe.NavActivity2},EmuiStyle=0,StatusBarColor=0xff000000,NavigationBarColor=0xff000000, mLastIsEmuiLightStyle=-1
06-24 16:28:22.352 D/HwPhoneWindowManager(  657): Transact:setSystemUIColor to status bar service
06-24 16:28:22.353 I/CommandQueue( 1513): updateBarBgColor
06-24 16:28:22.353 D/CommandQueue( 1513): CommandQueue, setBarBackgroundColor
06-24 16:28:22.354 V/WindowManager(  657): Checking 1 opening apps (frozen=false timeout=false)...
06-24 16:28:22.354 V/WindowManager(  657): Check opening app=AppWindowToken{5687314 token=Token{1c46967 ActivityRecord{925c926 u0 com.excelliance.dualaid/com.excelliance.kxqp.swipe.NavActivity2 t16045}}}: allDrawn=false startingDisplayed=false startingMoved=false isRelaunching()=false
06-24 16:28:22.355 D/TintManager( 1513): statusBarIconTint=#99FFFFFF,navigationBarIconTint=#FF000000
06-24 16:28:22.356 I/GRALLOC (  679): 	 shrFd=10,fmt=0x1,intFmt=0x200000001,btStrd=4352,size=8486912,pid=679 
06-24 16:28:22.356 I/GRALLOC (  679): 	 yuv=2,w=1080,h=1920,Stride u=0 v=0,offset u=0 v=0 
06-24 16:28:22.356 I/GRALLOC (  679): 	 iova_size=8486912,conUsg=0x900,proUsg=0x900,	 strd=1088,[afbc]HdrStrd=1088 PyldStrd=69632 Scrmbl=2,ionhnd = 1 
06-24 16:28:22.357 D/MainActivity(30411): run: initPage3
06-24 16:28:22.360 I/OpenGLRenderer(30411): Initialized EGL, version 1.4
06-24 16:28:22.360 D/OpenGLRenderer(30411): Swap behavior 2
06-24 16:28:22.360 I/GRALLOC (  679): 	 shrFd=10,fmt=0x1,intFmt=0x200000001,btStrd=4352,size=8486912,pid=679 
06-24 16:28:22.360 I/GRALLOC (  679): 	 yuv=2,w=1080,h=1920,Stride u=0 v=0,offset u=0 v=0 
06-24 16:28:22.360 I/GRALLOC (  679): 	 iova_size=8486912,conUsg=0x900,proUsg=0x900,	 strd=1088,[afbc]HdrStrd=1088 PyldStrd=69632 Scrmbl=2,ionhnd = 1 
06-24 16:28:22.362 I/GRALLOC (  679): 	 shrFd=10,fmt=0x1,intFmt=0x200000001,btStrd=4352,size=8486912,pid=679 
06-24 16:28:22.362 I/GRALLOC (  679): 	 yuv=2,w=1080,h=1920,Stride u=0 v=0,offset u=0 v=0 
06-24 16:28:22.362 I/GRALLOC (  679): 	 iova_size=8486912,conUsg=0x900,proUsg=0x900,	 strd=1088,[afbc]HdrStrd=1088 PyldStrd=69632 Scrmbl=2,ionhnd = 1 
06-24 16:28:22.367 D/mali_winsys(30411): EGLint new_window_surface(egl_winsys_display *, void *, EGLSurface, EGLConfig, egl_winsys_surface **, egl_color_buffer_format *, EGLBoolean) returns 0x3000
06-24 16:28:22.367 E/vndksupport(30411): Could not load vendor/lib/egl/libGLES_mali_v2.so from sphal namespace: dlopen failed: library "vendor/lib/egl/libGLES_mali_v2.so" not found.
06-24 16:28:22.372 D/BarTransitions.HwPhoneStatusBarView( 1513): MODE_TRANSPARENT -> MODE_TRANSLUCENT animate=false
06-24 16:28:22.372 D/BarTransitions.HwPhoneStatusBarView( 1513): applyModeBackground oldMode=MODE_TRANSPARENT newMode=MODE_TRANSLUCENT animate=false
06-24 16:28:22.373 D/StatusBarIconController( 1513): setIconVisibility icon is null or visibility not change visibility=false
06-24 16:28:22.380 D/PMS11423(  657): package:com.excelliance.dualaid, input flags:128, output hwFlags:0
06-24 16:28:22.386 I/GRALLOC (  679): 	 shrFd=10,fmt=0x1,intFmt=0x200000001,btStrd=4352,size=8486912,pid=679 
06-24 16:28:22.386 I/GRALLOC (  679): 	 yuv=2,w=1080,h=1920,Stride u=0 v=0,offset u=0 v=0 
06-24 16:28:22.386 I/GRALLOC (  679): 	 iova_size=8486912,conUsg=0xb00,proUsg=0xb00,	 strd=1088,[afbc]HdrStrd=1088 PyldStrd=69632 Scrmbl=2,ionhnd = 1 
06-24 16:28:22.387 D/PMS11423(  657): package:com.excelliance.dualaid, input flags:128, output hwFlags:0
06-24 16:28:22.395 D/WindowManager(  657): finishDrawingWindow: Window{b8d417b u0 com.excelliance.dualaid/com.excelliance.kxqp.swipe.NavActivity2} mDrawState=DRAW_PENDING
06-24 16:28:22.395 V/MainActivity(30411): onWindowFocusChanged: true
06-24 16:28:22.396 W/InputMethodManager(30411): startInputReason = 1
06-24 16:28:22.396 V/WindowManager(  657): Checking 1 opening apps (frozen=false timeout=false)...
06-24 16:28:22.396 V/WindowManager(  657): Check opening app=AppWindowToken{5687314 token=Token{1c46967 ActivityRecord{925c926 u0 com.excelliance.dualaid/com.excelliance.kxqp.swipe.NavActivity2 t16045}}}: allDrawn=true startingDisplayed=false startingMoved=false isRelaunching()=false
06-24 16:28:22.398 D/ImageWallpaper( 1513): onVisibilityChanged: mVisible, visible=true, false
06-24 16:28:22.398 D/ImageWallpaper( 1513): Visibility changed to visible=false
06-24 16:28:22.399 D/BarTransitions.HwPhoneStatusBarView( 1513): MODE_TRANSLUCENT -> MODE_TRANSPARENT animate=false
06-24 16:28:22.399 D/BarTransitions.HwPhoneStatusBarView( 1513): applyModeBackground oldMode=MODE_TRANSLUCENT newMode=MODE_TRANSPARENT animate=false
06-24 16:28:22.400 I/ActivityManager(  657): Displayed com.excelliance.dualaid/com.excelliance.kxqp.swipe.NavActivity2: +191ms (total +3s752ms)
06-24 16:28:22.402 W/InputMethodManager(30411): startInputReason = 5
06-24 16:28:22.404 I/wangchen( 7035): SysInfo.getSysParam: orientation=1||config d=3.0,w=1080,h=1920||metrics d=3.0,w=1080,h=1920||sdk=26,bar_h=72
06-24 16:28:22.404 I/KeymapLoader( 7035): w=1080 h=1920 ori=true appScale=3.3 s1=3.0
06-24 16:28:22.407 E/BufferQueueProducer(  710): [com.huawei.android.launcher/com.huawei.android.launcher.unihome.UniHomeLauncher#0] disconnect: not connected (req=1)
06-24 16:28:22.407 W/libEGL  ( 2519): EGLNativeWindowType 0x74abe76010 disconnect failed
06-24 16:28:22.407 I/WindowManager(  657): notifyAccessibilityButtonVisibilityChanged visible:false
06-24 16:28:22.411 I/GRALLOC (  679): 	 shrFd=10,fmt=0x1,intFmt=0x200000001,btStrd=4352,size=8486912,pid=679 
06-24 16:28:22.411 I/GRALLOC (  679): 	 yuv=2,w=1080,h=1920,Stride u=0 v=0,offset u=0 v=0 
06-24 16:28:22.411 I/GRALLOC (  679): 	 iova_size=8486912,conUsg=0xb00,proUsg=0xb00,	 strd=1088,[afbc]HdrStrd=1088 PyldStrd=69632 Scrmbl=2,ionhnd = 1 
06-24 16:28:22.420 W/dex2oat (30493): Using default instruction set features for ARM CPU variant (default) using conservative defaults
06-24 16:28:22.420 I/dex2oat (30493): /system/bin/dex2oat -j4 --dex-file=/data/data/com.excelliance.dualaid/.platformcache/main.jar --output-vdex-fd=49 --oat-fd=50 --oat-location=/data/data/com.excelliance.dualaid/.platformcache/oat/arm/main.odex --compiler-filter=quicken
06-24 16:28:22.420 I/cutils-trace(30493): atrace_init_once, trace_marker_path = /sys/kernel/debug/tracing/trace_marker
06-24 16:28:22.425 W/ActivityManager(  657): Sending non-protected broadcast huawei.action.floattasks.STATUS_BAR_STATE_CHANGED from system 1513:com.android.systemui/u0a39 pkg com.android.systemui
06-24 16:28:22.425 W/HwKeyguardDragHelper( 1513): AnimationBlocked
06-24 16:28:22.425 D/BarTransitions.HwPhoneStatusBarView( 1513): MODE_TRANSPARENT -> MODE_TRANSLUCENT animate=false
06-24 16:28:22.425 D/BarTransitions.HwPhoneStatusBarView( 1513): applyModeBackground oldMode=MODE_TRANSPARENT newMode=MODE_TRANSLUCENT animate=false
06-24 16:28:22.426 D/BarTransitions.HwNavigationBarView( 1513): MODE_TRANSLUCENT -> MODE_OPAQUE animate=false
06-24 16:28:22.426 D/BarTransitions.HwNavigationBarView( 1513): applyModeBackground oldMode=MODE_TRANSLUCENT newMode=MODE_OPAQUE animate=false
06-24 16:28:22.428 D/ActivityThread(30411): Remove activity client record, r= ActivityRecord{cbe2ddc token=android.os.BinderProxy@d13fa03 {com.excelliance.dualaid/com.excelliance.kxqp.ui.HelloActivity}} token= android.os.BinderProxy@d13fa03
06-24 16:28:22.428 V/WindowManager(  657): notifyAppStopped: AppWindowToken{d3a938b token=Token{377755a ActivityRecord{d5c9105 u0 com.huawei.android.launcher/.unihome.UniHomeLauncher t15658}}}
06-24 16:28:22.428 E/WindowManager(  657): win=Window{68d6975 u0 com.huawei.android.launcher/com.huawei.android.launcher.unihome.UniHomeLauncher} destroySurfaces: appStopped=true win.mWindowRemovalAllowed=false win.mRemoveOnExit=false
06-24 16:28:22.428 I/WindowManager(  657): Destroying surface Surface(name=com.huawei.android.launcher/com.huawei.android.launcher.unihome.UniHomeLauncher) called by com.android.server.wm.WindowStateAnimator.destroySurface:2060 com.android.server.wm.WindowStateAnimator.destroySurfaceLocked:873 com.android.server.wm.HwWindowStateAnimator.destroySurfaceLocked:1006 com.android.server.wm.WindowState.destroyOrSaveSurfaceUnchecked:2990 com.android.server.wm.WindowState.destroySurface:2951 com.android.server.wm.AppWindowToken.destroySurfaces:654 com.android.server.wm.AppWindowToken.destroySurfaces:638 com.android.server.wm.AppWindowToken.notifyAppStopped:682 
06-24 16:28:22.429 V/WindowManager(  657): removeAppToken: AppWindowToken{150907c token=Token{77e7b6f ActivityRecord{1e43e4e u0 com.excelliance.dualaid/com.excelliance.kxqp.ui.HelloActivity t16045}}} delayed=false Callers=com.android.server.wm.DisplayContent.removeAppToken:985 com.android.server.wm.AppWindowContainerController.removeContainer:348 com.android.server.am.ActivityRecord.removeWindowContainer:1039 com.android.server.am.ActivityStack.removeActivityFromHistoryLocked:4491 
06-24 16:28:22.430 D/HwGameAssistantController(  657): pid=2519, uid=10056, foreground=false
06-24 16:28:22.430 W/AwareLog(  657): SchedLevelBoost: onFgActivitiesChanged config not set!
06-24 16:28:22.571 D/HwWifiStatStore(  657): handleMessage : 200
06-24 16:28:22.599 I/HwNormalizedSpline(  657): getEyeProtectionBrightnessLevel lux =239.0, mDefaultBrightnessFromLux =68.645
06-24 16:28:22.825 I/dex2oat (30493): dex2oat took 404.920ms (977.494ms cpu) (threads: 4) arena alloc=136KB (140136B) java alloc=2MB (3143720B) native alloc=4MB (4678784B) free=2MB (2661248B)
06-24 16:28:22.837 D/PMS11423(  657): package:com.excelliance.dualaid, input flags:128, output hwFlags:0
06-24 16:28:22.888 W/dex2oat (30522): Using default instruction set features for ARM CPU variant (default) using conservative defaults
06-24 16:28:22.888 I/dex2oat (30522): /system/bin/dex2oat -j4 --dex-file=/data/data/com.excelliance.dualaid/.platformcache/kxqpplatform2.jar --output-vdex-fd=50 --oat-fd=51 --oat-location=/data/data/com.excelliance.dualaid/.platformcache/oat/arm/kxqpplatform2.odex --compiler-filter=quicken
06-24 16:28:22.889 I/cutils-trace(30522): atrace_init_once, trace_marker_path = /sys/kernel/debug/tracing/trace_marker
06-24 16:28:22.915 I/GRALLOC (  679): 	 shrFd=10,fmt=0x1,intFmt=0x200000001,btStrd=4352,size=8486912,pid=679 
06-24 16:28:22.915 I/GRALLOC (  679): 	 yuv=2,w=1080,h=1920,Stride u=0 v=0,offset u=0 v=0 
06-24 16:28:22.915 I/GRALLOC (  679): 	 iova_size=8486912,conUsg=0xb00,proUsg=0xb00,	 strd=1088,[afbc]HdrStrd=1088 PyldStrd=69632 Scrmbl=2,ionhnd = 1 
06-24 16:28:23.005 I/zygote64(  657): Background concurrent copying GC freed 1023021(34MB) AllocSpace objects, 51(1020KB) LOS objects, 31% free, 52MB/76MB, paused 517us total 132.171ms
06-24 16:28:23.021 I/TrafficMonitor(  657): update:rxPkts:11,txPkts:10,rxBytes:4350,txBytes:1116
06-24 16:28:23.021 I/TrafficMonitor(  657): start expired. level:-1
06-24 16:28:23.021 I/TrafficMonitor(  657): gettimer:interval=2000
06-24 16:28:23.107 I/dex2oat (30522): dex2oat took 218.541ms (445.427ms cpu) (threads: 4) arena alloc=62KB (63808B) java alloc=2MB (2283472B) native alloc=2MB (2313128B) free=3MB (3454040B)
06-24 16:28:23.119 D/PMS11423(  657): package:com.excelliance.dualaid, input flags:0, output hwFlags:0
06-24 16:28:23.127 E/MemoryLeakMonitorManager(30442): MemoryLeakMonitor.jar is not exist!
06-24 16:28:23.127 D/CrashHandler(30442): CrashHandler
06-24 16:28:23.128 D/KXQPApplication(30442): run: initUserManager
06-24 16:28:23.129 E/Minikin (30442): Could not get cmap table size!
06-24 16:28:23.129 D/PMS11423(  657): package:com.excelliance.dualaid, input flags:128, output hwFlags:0
06-24 16:28:23.137 D/AirPushService(30442): 第一次触发
06-24 16:28:23.138 D/SmtServService(30442): MSG_LOAD_PLT GameUtil.isPtLoaded() = false
06-24 16:28:23.139 I/HwCust  (30442): Constructor found for class android.net.HwCustConnectivityManagerImpl
06-24 16:28:23.139 D/HwCust  (30442): Create obj success use class android.net.HwCustConnectivityManagerImpl
06-24 16:28:23.141 D/NetworkStateReceiver(30442): netWorkConnected = true
06-24 16:28:23.141 D/AirPushUtils(30442): startPushInfo
06-24 16:28:23.143 D/PMS1000 (  657): package:com.excelliance.dualaid, input flags:8192, output hwFlags:0
06-24 16:28:23.146 D/AirPushService(30442): 第一次设置Alarm
06-24 16:28:23.146 D/AirPushService(30442): resetPushAlarm
06-24 16:28:23.147 D/PMS1001 (  657): package:com.excelliance.dualaid, input flags:0, output hwFlags:0
06-24 16:28:23.148 D/SmtServService(30442): pull info
06-24 16:28:23.148 D/SmtServService(30442): diffTime = 1529828903148
06-24 16:28:23.148 D/SmtServService(30442): pushInfoFromServer
06-24 16:28:23.150 D/PMS11423(  657): package:com.excelliance.dualaid, input flags:0, output hwFlags:0
06-24 16:28:23.154 D/AirPushPreferences(30442): setLastPushTime
06-24 16:28:23.158 I/zygote  (30442): Do partial code cache collection, code=27KB, data=31KB
06-24 16:28:23.159 I/zygote  (30442): After code cache collection, code=11KB, data=18KB
06-24 16:28:23.159 I/zygote  (30442): Increasing code cache capacity to 128KB
06-24 16:28:23.173 D/StatisticsManager(30442): Query time diff:1529828903173
06-24 16:28:23.179 D/launch-time-RU(30442): preload 24 classes cost 40ms
06-24 16:28:23.185 D/PMS11423(  657): package:com.excelliance.dualaid, input flags:128, output hwFlags:0
06-24 16:28:23.187 D/StatisticsManager(30442): Query time diff:1529828903187
06-24 16:28:23.194 I/chatty  (  657): uid=1000(system) Binder:657_18 identical 8 lines
06-24 16:28:23.194 D/PMS11423(  657): package:com.excelliance.dualaid, input flags:128, output hwFlags:0
06-24 16:28:23.201 D/PMS11423(  657): package:com.excelliance.dualaid, input flags:128, output hwFlags:0
06-24 16:28:23.202 D/StatisticsManager(30442): Query time diff:1529828903202
06-24 16:28:23.239 I/zygote  (30411): Do partial code cache collection, code=27KB, data=27KB
06-24 16:28:23.240 I/zygote  (30411): After code cache collection, code=27KB, data=27KB
06-24 16:28:23.240 I/zygote  (30411): Increasing code cache capacity to 128KB
06-24 16:28:23.247 D/AirPushDBHelper(30442): onCreate: pushitemnew
06-24 16:28:23.248 D/AirPushDBHelper(30442): selection = type=? and index_=(select max(index_) from pushitemnew where type=?) , key = vip
06-24 16:28:23.249 D/AirPushDBHelper(30442): selection = type=? and index_=(select max(index_) from pushitemnew where type=?) , key = update
06-24 16:28:23.249 D/AirPushDBHelper(30442): selection = type=? and index_=(select max(index_) from pushitemnew where type=?) , key = officalActivity
06-24 16:28:23.249 D/AirPushDBHelper(30442): selection = type=? and index_=(select max(index_) from pushitemnew where type=?) , key = news
06-24 16:28:23.249 D/AirPushDBHelper(30442): selection = type=? and index_=(select max(index_) from pushitemnew where type=?) , key = target
06-24 16:28:23.249 D/AirPushDBHelper(30442): selection = type=? and index_=(select max(index_) from pushitemnew where type=?) , key = batch
06-24 16:28:23.250 D/AirPushDBHelper(30442): selection = type=? and index_=(select max(index_) from pushitemnew where type=?) , key = skipTarget
06-24 16:28:23.250 D/AirPushDBHelper(30442): selection = type=? and index_=(select max(index_) from pushitemnew where type=?) , key = thirdApp
06-24 16:28:23.250 D/PushItem(30442): indexJson = {}
06-24 16:28:23.250 D/AirPushService(30442): dataJson = {}
06-24 16:28:23.250 V/AirPushService(30442): ver :e30%3D%0A
06-24 16:28:23.250 D/VersionManager(30442): httpsRequest getURL = https://mto.multiopen.cn/pushmess.php?ver=466&mainver=231200&data=e30%3D%0A&wxCode=1321&subchid=1&sdkV=8.0.0&pkg=com.excelliance.dualaid&chid=10019&issl=1&compver=54302&wxVerName=6.6.7&vn=4.0.6&model=stf-al10&api=26&brand=honor&aid=f0c2426fc7560cf5
06-24 16:28:23.251 D/NetworkSecurityConfig(30442): No Network Security Config specified, using platform default
06-24 16:28:23.253 W/libc    (  493): Set property "hw.wifi.dns_stat" to "34643,30031,5028,1,52746"
06-24 16:28:23.269 D/PMS1000 (  657): package:com.excelliance.dualaid, input flags:1024, output hwFlags:0
06-24 16:28:23.269 I/ActivityManager(  657): Need to start process com.excelliance.dualaid:lbcore for provider ContentProviderInfo{name=com.excelliance.dualaid:com.excelliance.kxqp.platform.PluginManagerProvider className=com.excelliance.kxqp.platform.PluginManagerProvider}, callerApp: ProcessRecord{60147bd 30442:com.excelliance.dualaid/u0a1423}
06-24 16:28:23.269 V/ActivityManager(  657): startProcess: name=com.excelliance.dualaid:lbcore app=null knownToBeDead=false thread=null pid=-1
06-24 16:28:23.269 D/PMS1000 (  657): package:com.excelliance.dualaid, input flags:0, output hwFlags:0
06-24 16:28:23.277 I/ActivityManager(  657): Start proc 30570:com.excelliance.dualaid:lbcore/u0a1423 for content provider com.excelliance.dualaid/com.excelliance.kxqp.platform.PluginManagerProvider
06-24 16:28:23.277 V/ActivityManager_MU(  657): Waiting to start provider ContentProviderRecord{ac0d286 u0 com.excelliance.dualaid/com.excelliance.kxqp.platform.PluginManagerProvider} launchingApp=ProcessRecord{2a1b761 30570:com.excelliance.dualaid:lbcore/u0a1423} caller pid= 30442
06-24 16:28:23.279 I/        (30570): power log dlsym ok
06-24 16:28:23.282 I/zygote  (30570): Reinit property: dalvik.vm.checkjni= false
06-24 16:28:23.292 D/GameUtil(30442): getSDKDataParam totalmem:5.60GB
06-24 16:28:23.294 D/ActivityThread(30570): ActivityThread,attachApplication
06-24 16:28:23.294 D/ActivityManager(  657): ActivityManagerService,attachApplication,callingPid = 30570
06-24 16:28:23.294 D/VersionManager(30442): httpsRequest getURL = https://folder.appota.cn/genuser.php?chid=10019&subchid=1&vc=466&type=4&data=tbCbI6ooWmOSi%2BhP8At3K55rUDjOXjUCTTE1Q7OqeVGzpiL1Dx8z2UKsv%2F2w066OKzL65VOc%2FHNVNculXvpkfbOlpWKAPUf5ryVSFynVNa8UucDwm5e36rJ6e2Kpu%2B5ykc4DARTfkZV4Ad5N96d4%2BjApQCWZuWchybogtHpbAp5JGb2oE4RYpIUqF8au1pxTSmwBdD5PozvBfX2%2Bj4RIW8u13M8ksM63bQoy2eR4WdDx%2BqZexoey63Hms3xqJyQkd3PFvljbOMDFV5%2BIsI0F%2B0cTu0Poz37kp440m4BdEnDxUpl%2F2SWQiyGENywr4rII2GFixGV6F3FTP2B6Iz%2Bp9XPgTT1Q8jOobYd0%2B7qf7bpZ2AyYZuCae%2FN%2FDrbd9ARIKpXrBwZ7SdplMO1nzphjQUqGRQMAlrO9Oa0Du6EV17%2FgN7YtgBzuJRHbP0GgVSdnIEYbOUnjg9adLEk2nhpRcwGYdX7bJ5%2FC%2FGVy8QMvFO%2FVJ5uAYH82VV6bvSarVkuFeotJT4yadRHbDkYGgVZfCDPVS%2FOPcQttSZtkoN3AjIdEC3B%2BjPtytpdTQYFvI9Ol&issl=1
06-24 16:28:23.299 W//system/bin/hwservicemanager(  416): Cannot open /odm/manifest.xml
06-24 16:28:23.308 W/X509TrustManager(30442): checkServerTrusted: SignatureException:null
06-24 16:28:23.308 W/X509TrustManager(30442): checkServerTrusted: SignatureException:error:04000073:RSA routines:OPENSSL_internal:DATA_TOO_LARGE_FOR_MODULUS
06-24 16:28:23.309 W//system/bin/hwservicemanager(  416): Cannot open /odm/manifest.xml
06-24 16:28:23.311 I/GRALLOC (  679): 	 shrFd=10,fmt=0x1,intFmt=0x1,btStrd=256,size=4096,pid=679 
06-24 16:28:23.311 I/GRALLOC (  679): 	 yuv=2,w=16,h=16,Stride u=0 v=0,offset u=0 v=0 
06-24 16:28:23.311 I/GRALLOC (  679): 	 iova_size=4096,conUsg=0x100,proUsg=0x100,	 strd=64,[afbc]HdrStrd=0 PyldStrd=0 Scrmbl=0,ionhnd = 1 
06-24 16:28:23.312 D/HwFLClassLoader(30570): get used feature list :/feature/used-list failed!
06-24 16:28:23.312 D/HwFLClassLoader(30570): USE_FEATURE_LIST had not init! 
06-24 16:28:23.326 D/PMS11423(  657): package:com.excelliance.dualaid, input flags:128, output hwFlags:0
06-24 16:28:23.342 W/X509TrustManager(30442): checkServerTrusted: SignatureException:null
06-24 16:28:23.342 W/X509TrustManager(30442): checkServerTrusted: SignatureException:error:04000073:RSA routines:OPENSSL_internal:DATA_TOO_LARGE_FOR_MODULUS
06-24 16:28:23.362 D/launch-time-RU(30570): preload 24 classes cost 17ms
06-24 16:28:23.370 D/AirPushService(30442): result = {"period":"r","vip":{"index_":"","data":""},"update":{"index_":"","data":""},"officalActivity":{"index_":"","data":""},"news":{"index_":"","data":""},"target":{"index_":"","data":""},"batch":{"index_":"","data":""},"skipTarget":{"index_":"","data":""},"thirdApp":{"index_":"","data":""}}
06-24 16:28:23.370 D/AirPushService(30442): handleCheckerSaveToDB
06-24 16:28:23.370 D/AirPushUtils(30442): startDbOver
06-24 16:28:23.374 D/SmtServService(30442): db write over
06-24 16:28:23.375 D/SmtServService(30442): gameCenterFirstStart = true
06-24 16:28:23.394 D/ActivityThread(30570): Loading provider com.excelliance.dualaid:com.excelliance.kxqp.platform.PluginManagerProvider: com.excelliance.kxqp.platform.PluginManagerProvider
06-24 16:28:23.394 D/PMS11423(  657): package:com.excelliance.dualaid, input flags:0, output hwFlags:0
06-24 16:28:23.402 D/PMS1000 (  657): package:com.excelliance.dualaid, input flags:8192, output hwFlags:0
06-24 16:28:23.403 D/PMS1001 (  657): package:com.excelliance.dualaid, input flags:0, output hwFlags:0
06-24 16:28:23.407 D/PMS11423(  657): package:com.excelliance.dualaid, input flags:0, output hwFlags:0
06-24 16:28:23.409 D/PMS11423(  657): package:com.excelliance.dualaid:lbcore, input flags:0, output is null
06-24 16:28:23.410 I/Bluetooth_framework(  657): BluetoothManagerService:Added callback: android.bluetooth.IBluetoothManagerCallback$Stub$Proxy@761689d:true pid = 30570
06-24 16:28:23.412 D/PMS11423(  657): package:com.excelliance.dualaid, input flags:128, output hwFlags:0
06-24 16:28:23.427 I/LBVMD-LBPMS(30570): LBVMRT: version 54302:543.02
06-24 16:28:23.428 E/zygote  (30570): Invalid capacity given to EnsureLocalCapacity: 800
06-24 16:28:23.438 I/HwCust  (30570): Constructor found for class android.net.HwCustConnectivityManagerImpl
06-24 16:28:23.438 D/HwCust  (30570): Create obj success use class android.net.HwCustConnectivityManagerImpl
06-24 16:28:23.443 D/PMS11423(  657): package:com.excelliance.dualaid, input flags:0, output hwFlags:0
06-24 16:28:23.454 V/HwWidgetFactory(30570): : successes to get AllImpl object and return....
06-24 16:28:23.455 V/ActivityManager(  657): Successfully start provider ContentProviderRecord{ac0d286 u0 com.excelliance.dualaid/com.excelliance.kxqp.platform.PluginManagerProvider} launchingApp=ProcessRecord{2a1b761 30570:com.excelliance.dualaid:lbcore/u0a1423} caller pid= 30442
06-24 16:28:23.455 E/MemoryLeakMonitorManager(30570): MemoryLeakMonitor.jar is not exist!
06-24 16:28:23.456 E/MemoryLeakMonitorManager(30570): MemoryLeakMonitor.jar is not exist!
06-24 16:28:23.457 E/Minikin (30570): Could not get cmap table size!
06-24 16:28:23.457 D/PMS11423(  657): package:com.excelliance.dualaid, input flags:128, output hwFlags:0
06-24 16:28:23.457 D/KXQPApplication(30570): run: initUserManager
06-24 16:28:23.459 E/MemoryLeakMonitorManager(30442): MemoryLeakMonitor.jar is not exist!
06-24 16:28:23.460 V/ActivityManager(  657): Attempted to start a foreground service (ComponentInfo{com.excelliance.dualaid/com.excelliance.kxqp.platform.TrampolineService}) with a broken notification (no icon: Notification(channel=null pri=0 contentView=null vibrate=null sound=null defaults=0x0 flags=0x40 color=0x00000000 vis=PRIVATE))
06-24 16:28:23.460 D/SmtServService(30442): MSG_LOAD_PLT after msg.obj
06-24 16:28:23.463 E/zygote  (30570): Invalid capacity given to EnsureLocalCapacity: 592
06-24 16:28:23.463 W/PackageParser(30570): No actions in intent filter at /data/app/com.huawei.hwid-Sc7ADDdoDYIYREll7tj_iw==/base.apk Binary XML file line #1412
06-24 16:28:23.467 W/PackageParser(30570): No actions in intent filter at /data/app/com.huawei.hwid-Sc7ADDdoDYIYREll7tj_iw==/base.apk Binary XML file line #1680
06-24 16:28:23.467 W/PackageParser(30570): No actions in intent filter at /data/app/com.huawei.hwid-Sc7ADDdoDYIYREll7tj_iw==/base.apk Binary XML file line #1694
06-24 16:28:23.486 D/HwNotificationManagerService(  657): recognize: tag=null, id=268435456, user=UserHandle{0}, pkg=com.excelliance.dualaid, uid=11423, callingPid=30570
06-24 16:28:23.486 D/PMS1000 (  657): package:com.excelliance.dualaid, input flags:0, output hwFlags:0
06-24 16:28:23.486 I/[HwRecSys]HwRecSysAidlService( 2647): doNotificationCollect -> current num:1
06-24 16:28:23.486 I/[HwRecSys]-Notification-NotificationUpdateController( 2647): startNotificationUpdate start!
06-24 16:28:23.487 W/SettingsEx( 2647): SettingsEx.Systemex.getInt deprecated use Settings.System.getInt instead ;callers=com.huawei.recsys.util.SystemUtil.getNotificationUpdateMode:169 com.huawei.recsys.util.SystemUtil.isAllowUpdate:104 com.huawei.recsys.controller.notification.http.NotificationUpdateController.startNotificationUpdate:85 
06-24 16:28:23.487 I/[HwRecSys]SystemUtil( 2647): isAllowUpdate mode:1
06-24 16:28:23.487 I/[HwRecSys]SystemUtil( 2647): isAllowUpdate isAllowUpdate:true
06-24 16:28:23.487 I/[HwRecSys]-Notification-NotificationUpdateController( 2647):  -> currentYear:2018
06-24 16:28:23.487 I/[HwRecSys]-Notification-NotificationUpdateController( 2647):  -> currentMonth:5
06-24 16:28:23.487 I/[HwRecSys]-Notification-NotificationUpdateController( 2647):  -> currentDay:24
06-24 16:28:23.487 I/[HwRecSys]-Notification-NotificationUpdateController( 2647):  -> oldYear:2018
06-24 16:28:23.487 I/[HwRecSys]-Notification-NotificationUpdateController( 2647):  -> oldMonth:5
06-24 16:28:23.487 I/[HwRecSys]-Notification-NotificationUpdateController( 2647):  -> oldDay:24
06-24 16:28:23.487 E/[HwRecSys]-Notification-NotificationUpdateController( 2647): startNotificationUpdate time is valid no need request
06-24 16:28:23.487 I/[HwRecSys]-Notification-NotificationController( 2647): doNotificationCollect start!
06-24 16:28:23.488 E/[HwRecSys]-Notification-NotificationController( 2647): HwDefaultLabels returnStr:107
06-24 16:28:23.488 E/[HwRecSys]-Notification-NotificationController( 2647): getChinese paramValue is null!
06-24 16:28:23.489 E/[HwRecSys]-Notification-NotificationController( 2647): doNotificationCollect getLabelByRegRules label:107
06-24 16:28:23.489 I/[HwRecSys]HwRecSysAidlService( 2647): doNotificationCollect ->  finally remote Num - 1 !
06-24 16:28:23.489 I/HwNotificationManagerService(  657): doNotificationCollect: pkg=com.excelliance.dualaid, uid=11423, hw_type=107, hw_btw=true
06-24 16:28:23.490 D/PMS1000 (  657): package:com.excelliance.dualaid, input flags:268435456, output hwFlags:0
06-24 16:28:23.490 D/PMS1000 (  657): package:com.excelliance.dualaid, input flags:0, output hwFlags:0
06-24 16:28:23.491 W/NotificationRecord(  657): Use default channel, The importance is:2
06-24 16:28:23.491 V/ActivityManager(  657): Attempted to start a foreground service (ComponentInfo{com.excelliance.dualaid/com.excelliance.kxqp.platform.TrampolineService$EmptyService}) with a broken notification (no icon: Notification(channel=null pri=0 contentView=null vibrate=null sound=null defaults=0x0 flags=0x40 color=0x00000000 vis=PRIVATE))
06-24 16:28:23.494 D/HwNotificationManagerService(  657): recognize: tag=null, id=268435456, user=UserHandle{0}, pkg=com.excelliance.dualaid, uid=11423, callingPid=30570
06-24 16:28:23.494 D/PMS1000 (  657): package:com.excelliance.dualaid, input flags:0, output hwFlags:0
06-24 16:28:23.494 I/[HwRecSys]HwRecSysAidlService( 2647): doNotificationCollect -> current num:1
06-24 16:28:23.494 I/[HwRecSys]-Notification-NotificationUpdateController( 2647): startNotificationUpdate start!
06-24 16:28:23.495 W/SettingsEx( 2647): SettingsEx.Systemex.getInt deprecated use Settings.System.getInt instead ;callers=com.huawei.recsys.util.SystemUtil.getNotificationUpdateMode:169 com.huawei.recsys.util.SystemUtil.isAllowUpdate:104 com.huawei.recsys.controller.notification.http.NotificationUpdateController.startNotificationUpdate:85 
06-24 16:28:23.495 I/[HwRecSys]SystemUtil( 2647): isAllowUpdate mode:1
06-24 16:28:23.495 I/[HwRecSys]SystemUtil( 2647): isAllowUpdate isAllowUpdate:true
06-24 16:28:23.495 I/[HwRecSys]-Notification-NotificationUpdateController( 2647):  -> currentYear:2018
06-24 16:28:23.495 I/[HwRecSys]-Notification-NotificationUpdateController( 2647):  -> currentMonth:5
06-24 16:28:23.495 I/[HwRecSys]-Notification-NotificationUpdateController( 2647):  -> currentDay:24
06-24 16:28:23.495 I/[HwRecSys]-Notification-NotificationUpdateController( 2647):  -> oldYear:2018
06-24 16:28:23.495 I/[HwRecSys]-Notification-NotificationUpdateController( 2647):  -> oldMonth:5
06-24 16:28:23.495 I/[HwRecSys]-Notification-NotificationUpdateController( 2647):  -> oldDay:24
06-24 16:28:23.495 E/[HwRecSys]-Notification-NotificationUpdateController( 2647): startNotificationUpdate time is valid no need request
06-24 16:28:23.495 I/[HwRecSys]-Notification-NotificationController( 2647): doNotificationCollect start!
06-24 16:28:23.495 E/[HwRecSys]-Notification-NotificationController( 2647): HwDefaultLabels returnStr:107
06-24 16:28:23.496 E/[HwRecSys]-Notification-NotificationController( 2647): getChinese paramValue is null!
06-24 16:28:23.496 D/NotificationService(  657): mGameDndStatus is:false ,isGameDndSwitchOn is:false
06-24 16:28:23.497 E/[HwRecSys]-Notification-NotificationController( 2647): doNotificationCollect getLabelByRegRules label:107
06-24 16:28:23.497 I/[HwRecSys]HwRecSysAidlService( 2647): doNotificationCollect ->  finally remote Num - 1 !
06-24 16:28:23.497 I/HwNotificationManagerService(  657): doNotificationCollect: pkg=com.excelliance.dualaid, uid=11423, hw_type=107, hw_btw=true
06-24 16:28:23.497 D/PMS1000 (  657): package:com.excelliance.dualaid, input flags:268435456, output hwFlags:0
06-24 16:28:23.497 D/PMS1000 (  657): package:com.excelliance.dualaid, input flags:0, output hwFlags:0
06-24 16:28:23.497 W/NotificationRecord(  657): Use default channel, The importance is:2
06-24 16:28:23.500 I/AppManager( 1699): app:com.excelliance.dualaid Notification update time:111642349
06-24 16:28:23.500 I/AppManager( 1699): app:com.excelliance.dualaid Notification persist:true  Ids:[268435456]
06-24 16:28:23.502 E/WifiHAL (  706): enter wifi_get_link_stats
06-24 16:28:23.510 E/wificond(  765): Failed to get NL80211_STA_INFO_CNAHLOAD
06-24 16:28:23.510 E/WificondControl(  657): Noise: -91, Snr: 0, Chload: -1
06-24 16:28:23.510 D/HwWifiCHRStateManager(  657): handleMessage : 1001
06-24 16:28:23.510 D/HwWifiCHRStateManager(  657): handleUpdateChannel:5805
06-24 16:28:23.510 V/HwWifiServiceFactory(  657): get AllImpl object = com.android.server.wifi.HwWifiServiceFactoryImpl@a390a53
06-24 16:28:23.511 D/WifiScoreReport(  657): Score = 100, wifiConnectivityManagerEnabled = false, lowScoreCount = 0
06-24 16:28:23.516 D/NotificationService(  657): mGameDndStatus is:false ,isGameDndSwitchOn is:false
06-24 16:28:23.520 W/zygote  (30570): Throwing OutOfMemoryError "EnsureLocalCapacity"
06-24 16:28:23.521 D/PMS10039(  657): package:com.excelliance.dualaid, input flags:1024, output hwFlags:0
06-24 16:28:23.529 W/IPMSI   (30570): request permission: com.huawei.permission.sec.MDM.v2
06-24 16:28:23.529 W/IPMSI   (30570): request permission: com.huawei.authentication.HW_ACCESS_AUTH_SERVICE
06-24 16:28:23.529 W/IPMSI   (30570): request permission: com.huawei.appmarket.provider.readPermission
06-24 16:28:23.529 W/IPMSI   (30570): request permission: com.huawei.pushagent.permission.RICHMEDIA_PROVIDER
06-24 16:28:23.535 D/PMS10039(  657): package:com.android.systemui, input flags:268436480, output hwFlags:0
06-24 16:28:23.537 D/HwCust  ( 1513): Create obj success use class com.android.systemui.statusbar.notification.HwCustNotificationInflaterImpl
06-24 16:28:23.538 I/FakeShadowView( 1513): radius18
06-24 16:28:23.538 D/PMS10039(  657): package:com.excelliance.dualaid, input flags:8704, output hwFlags:0
06-24 16:28:23.539 D/PMS10039(  657): package:com.excelliance.dualaid, input flags:8192, output hwFlags:0
06-24 16:28:23.539 D/HwFLClassLoader( 1513): USE_FEATURE_LIST had not init! 
06-24 16:28:23.539 W/HwPhoneLayoutInflater( 1513): onCreateView : ClassNotFoundException, In this case we want to let the base class take a crack at it
06-24 16:28:23.541 I/chatty  ( 1513): uid=10039(u0_a39) com.android.systemui identical 2 lines
06-24 16:28:23.541 W/HwPhoneLayoutInflater( 1513): onCreateView : ClassNotFoundException, In this case we want to let the base class take a crack at it
06-24 16:28:23.542 W/ResourceType( 1513): Failure getting entry for 0x01040255 (t=3 e=597) (error -75)
06-24 16:28:23.544 W/HwPhoneLayoutInflater( 1513): onCreateView : ClassNotFoundException, In this case we want to let the base class take a crack at it
06-24 16:28:23.547 I/chatty  ( 1513): uid=10039(u0_a39) com.android.systemui identical 2 lines
06-24 16:28:23.547 W/HwPhoneLayoutInflater( 1513): onCreateView : ClassNotFoundException, In this case we want to let the base class take a crack at it
06-24 16:28:23.547 W/ResourceType( 1513): Failure getting entry for 0x01040255 (t=3 e=597) (error -75)
06-24 16:28:23.550 I/Pged-IPgedBinderService(  769): ****action is 2, pid num is 6***
06-24 16:28:23.551 I/Pged-Freezer(  769): thawPids
06-24 16:28:23.552 W/HwPhoneLayoutInflater( 1513): onCreateView : ClassNotFoundException, In this case we want to let the base class take a crack at it
06-24 16:28:23.555 I/chatty  ( 1513): uid=10039(u0_a39) com.android.systemui identical 2 lines
06-24 16:28:23.555 W/HwPhoneLayoutInflater( 1513): onCreateView : ClassNotFoundException, In this case we want to let the base class take a crack at it
06-24 16:28:23.555 D/PgedBinderAdapter( 1699): unfrz ok, pid: [29457, 29531, 14942, 15544, 24379]
06-24 16:28:23.555 W/ResourceType( 1513): Failure getting entry for 0x01040255 (t=3 e=597) (error -75)
06-24 16:28:23.559 W/HwPhoneLayoutInflater( 1513): onCreateView : ClassNotFoundException, In this case we want to let the base class take a crack at it
06-24 16:28:23.561 I/chatty  ( 1513): uid=10039(u0_a39) com.android.systemui identical 2 lines
06-24 16:28:23.561 W/HwPhoneLayoutInflater( 1513): onCreateView : ClassNotFoundException, In this case we want to let the base class take a crack at it
06-24 16:28:23.562 W/ResourceType( 1513): Failure getting entry for 0x01040255 (t=3 e=597) (error -75)
06-24 16:28:23.565 D/PMS10039(  657): package:com.excelliance.dualaid, input flags:0, output hwFlags:0
06-24 16:28:23.568 D/HwPhoneStatusBar( 1513): No peeking: not allowed notification: 0|com.excelliance.dualaid|268435456|null|11423
