--------- beginning of main
06-24 15:30:49.472 E/WificondControl(  657): Noise: -92, Snr: 0, Chload: -1
06-24 15:30:49.473 D/HwWifiCHRStateManager(  657): handleMessage : 1001
06-24 15:30:49.473 D/HwWifiCHRStateManager(  657): handleUpdateChannel:5805
06-24 15:30:49.473 V/HwWifiServiceFactory(  657): get AllImpl object = com.android.server.wifi.HwWifiServiceFactoryImpl@a390a53
06-24 15:30:49.479 D/HuaweiWifiWatchdogStateMachine(  657): LM mrssi=-38
06-24 15:30:49.479 D/HuaweiWifiWatchdogStateMachine(  657): f2:9f:**:**:8f:43 current loss[-45]=0%, volume=87
06-24 15:30:49.479 D/HuaweiWifiWatchdogStateMachine(  657): f2:9f:**:**:8f:43 history loss[-45]=0.02%, volume=23017726
06-24 15:30:49.479 I/HuaweiWifiWatchdogStateMachine(  657): spd good count:0, add sc:0.0, rate:1.0
06-24 15:30:49.479 I/HuaweiWifiWatchdogStateMachine(  657): current mHighDataFlowRate = 1.0
06-24 15:30:49.479 I/HuaweiWifiWatchdogStateMachine(  657): POta txb txg rxg:0, 87, 0. Lr =0% Totpkt=87
06-24 15:30:49.481 D/WiFi_PRO(  657): MSG_RETURN_AP_CURRY_RSSI rssi = -38
06-24 15:30:49.481 I/QosMonitor(  657): queryRtt: rtt_type = 3
06-24 15:30:49.482 I/HwQoEJNI(  657): send_cmd_kernel. begin
06-24 15:30:49.482 I/HwQoEJNI(  657): send_cmd_kernel. end
06-24 15:30:49.482 I/QosMonitor(  657): postEventFromNative: msg=100,arg1=4,arg2=10
06-24 15:30:49.482 I/HwQoEJNI(  657): send_cmd_kernel. begin
06-24 15:30:49.483 I/HwQoEJNI(  657): send_cmd_kernel. end
06-24 15:30:49.483 I/QosMonitor(  657): postEventFromNative: msg=100,arg1=0,arg2=10
06-24 15:30:49.483 D/HuaweiWifiWatchdogStateMachine(  657): f2:9f:**:**:8f:43 current RTT[-45]=120, volume=19
06-24 15:30:49.483 D/HuaweiWifiWatchdogStateMachine(  657): f2:9f:**:**:8f:43 history RTT[-45]=237, volume=1682965
06-24 15:30:49.483 D/HuaweiWifiWatchdogStateMachine(  657): setSampleRtt: rtt=120,rtt_pkts =19,rtt_when=1
06-24 15:30:49.483 D/HuaweiWifiWatchdogStateMachine(  657): dumpTcpResult: len=10,rtt=120,rttPkt=19,rttWn=1,cgt=16,cgtWn=8768474
06-24 15:30:49.483 I/MQoS    (  657): rtt=120,tcp_tx_pkts=383186,tcp_rx_pkts=396555
06-24 15:30:49.483 I/QosMonitor(  657): resetRtt: rtt_type = 3
06-24 15:30:49.483 I/HuaweiWifiWatchdogStateMachine(  657): PTcp RTT:120, rtt pkt=19, tcp_rx=42, tcp_tx=68, tcp_reTran=3, rtRate=0.04
06-24 15:30:49.483 D/HuaweiWifiWatchdogStateMachine(  657): isRttGood is good, AvgRtt = 120, TotPkt = 19
06-24 15:30:49.483 I/HwQoEJNI(  657): send_cmd_kernel. begin
06-24 15:30:49.484 D/HuaweiWifiWatchdogStateMachine(  657): mRssiBadCount =0, RSSI not bad.
06-24 15:30:49.484 I/HwQoEJNI(  657): send_cmd_kernel. end
06-24 15:30:49.484 D/HuaweiWifiWatchdogStateMachine(  657): detectNetworkAvailable:hw.wifipro.dns_fail_count = 64
06-24 15:30:49.484 D/HuaweiWifiWatchdogStateMachine(  657): detectNetworkAvailable: tcpRxPkts != 0, reset
06-24 15:30:49.484 I/HuaweiWifiWatchdogStateMachine(  657): rs ota tcp lr rttvb bad: false, false, false, false, false; rsth:-75
06-24 15:30:49.484 D/HuaweiWifiWatchdogStateMachine(  657): GSC:0, GSR:1.0, RSR:1.0, RTH:-75
06-24 15:30:49.484 D/HuaweiWifiWatchdogStateMachine(  657): goodperiod count=1, rb rttg sg =false, true, false
06-24 15:30:49.484 D/HuaweiWifiWatchdogStateMachine(  657): bqeLevel = 3 rtt=120,rtt_pkts=19 speed=2148 rssi=-38
06-24 15:30:49.484 D/HuaweiWifiWatchdogStateMachine(  657): Enter updateQoeLevel level = 3
06-24 15:30:49.484 D/HuaweiWifiWatchdogStateMachine(  657): updateQoeLevel current level equal to mLastDetectLevel, return
06-24 15:30:49.484 I/HuaweiWifiWatchdogStateMachine(  657):  pkt chk not bad, reset sc to 0.
06-24 15:30:49.484 D/HuaweiWifiWatchdogStateMachine(  657): ### mPktChkBadCnt=0
06-24 15:30:49.485 I/MQoS    (  657): QOS_level:0(0),DataDisable;use level-0
06-24 15:30:49.485 I/MQoS    (  657): skip-low-Level:0(0),DataDisable;use level-0
06-24 15:30:49.486 D/HwUidTcpMonitor(  657): parseWlanUidTcpStatistics lastUidTcpStatInfo = [ mUid = 11422 mPacketName = com.excelliance.dualaid mSendSegs = 1460 mResendSegs = 0 mRcvSegs = 1930 ]
06-24 15:30:49.487 D/HwUidTcpMonitor(  657): parseWlanUidTcpStatistics lastUidTcpStatInfo = [ mUid = 10093 mPacketName = com.android.vending mSendSegs = 2562 mResendSegs = 1792 mRcvSegs = 196 ]
06-24 15:30:49.487 D/HwUidTcpMonitor(  657): parseWlanUidTcpStatistics lastUidTcpStatInfo = [ mUid = 10089 mPacketName = com.google.uid.shared:10089 mSendSegs = 6991 mResendSegs = 0 mRcvSegs = 459 ]
06-24 15:30:49.502 D/NetWorkUtils( 1513): mVSimCurCardType is -1
06-24 15:30:49.504 W/ResourceType( 1513): No package identifier when getting value for resource number 0x00000000
06-24 15:30:49.505 E/HwNotchUtils( 1513): setIconForView iconId is not found
06-24 15:30:49.506 D/NetWorkUtils( 1513): mVSimCurCardType is -1
06-24 15:30:49.508 W/ResourceType( 1513): No package identifier when getting value for resource number 0x00000000
06-24 15:30:49.508 E/HwNotchUtils( 1513): setIconForView iconId is not found
06-24 15:30:49.939 E/memtrack(26506): Couldn't load memtrack module
06-24 15:30:49.940 W/android.os.Debug(26506): failed to get memory consumption info: -1
06-24 15:30:49.983 I/TrafficMonitor(  657): expired arrive. level:-1
06-24 15:30:49.983 I/TrafficMonitor(  657): during_ms:2003,period_ms:2000
06-24 15:30:49.983 I/TrafficMonitor(  657): count:668,rx_sum:5,tx_sum:17,rxBytes:232,during_ms:2003,rx_speed:115.82626060908636,tx_speed:375.4368447329006,rto:0.29411764705882354
06-24 15:30:49.983 D/HuaweiWifiWatchdogStateMachine(  657): speed: rxpkt:5, rxSpd:115B/s, txpkt:17, txSpd:375
06-24 15:30:50.108 I/DownloadState( 1699): @@@@@@@@@@@@ uid :11422 download :false
06-24 15:30:50.108 I/PGServer( 1699): report state:5 event type:2 pid:0 uid:11422 pkg:null to pid: 657
06-24 15:30:50.155 E/memtrack(26506): Couldn't load memtrack module
06-24 15:30:50.155 W/android.os.Debug(26506): failed to get memory consumption info: -1
06-24 15:30:50.253 D/HwWifiStatStore(  657): handleMessage : 200
06-24 15:30:50.504 D/NetWorkUtils( 1513): mVSimCurCardType is -1
06-24 15:30:50.509 D/NetWorkUtils( 1513): mVSimCurCardType is -1
06-24 15:30:50.991 I/TrafficMonitor(  657): update:rxPkts:3,txPkts:5,rxBytes:136,txBytes:465
06-24 15:30:50.991 I/TrafficMonitor(  657): start expired. level:-1
06-24 15:30:50.991 I/TrafficMonitor(  657): gettimer:interval=2000
06-24 15:30:51.170 W/AwareLog(  657): AwareMem_MemoryUtils: trim Memory illegal arg exception, proc:31025 level:40
--------- beginning of system
06-24 15:30:51.375 I/ActivityManager(  657): START u0 {act=android.intent.action.MAIN cat=[android.intent.category.LAUNCHER] flg=0x10000000 cmp=com.excelliance.dualaid/com.excelliance.kxqp.ui.HelloActivity} from uid 2000
06-24 15:30:51.380 I/ash     ( 1699): front pkg : com.excelliance.dualaid launcher: false
06-24 15:30:51.380 I/ash     ( 1699): above launcher front pkgs: [com.excelliance.dualaid]
06-24 15:30:51.382 I/ActivityManager(  657): ActivityRecord info: ActivityInfo{cadf3e0 com.excelliance.kxqp.ui.HelloActivity}
06-24 15:30:51.389 I/PGServer( 1699): android calls fast hibernateApps
06-24 15:30:51.389 I/AppFastHibernation( 1699): fast hibernate duration: 1500 reason: start activity
06-24 15:30:51.389 I/Pged-IPgedBinderService(  769): ****action is 1, pid num is 6***
06-24 15:30:51.389 I/Pged-Freezer(  769): freezePids
06-24 15:30:51.389 I/Pged-Freezer(  769): Freeze process: 29457
06-24 15:30:51.390 I/Pged-Freezer(  769): Freeze process: 29531
06-24 15:30:51.390 V/WindowManager(  657): addAppToken: AppWindowToken{1b8aea5 token=Token{de3049c ActivityRecord{8ffac0f u0 com.excelliance.dualaid/com.excelliance.kxqp.ui.HelloActivity t16013}}} controller={TaskWindowContainerController taskId=16013} at 2147483647
06-24 15:30:51.390 I/Pged-Freezer(  769): Freeze process: 29347
06-24 15:30:51.390 I/Pged-Freezer(  769): Freeze process: 27318
06-24 15:30:51.390 I/Pged-Freezer(  769): Freeze process: 29532
06-24 15:30:51.391 D/PMS1000 (  657): package:com.excelliance.dualaid, input flags:1, output hwFlags:0
06-24 15:30:51.392 D/MotionDetectionManager( 2519): stopMotionAppsReco motionApps: 403
06-24 15:30:51.392 D/MotionDetectionManager( 2519): stopMotionAppsReco not recognition motionApps 403
06-24 15:30:51.392 W/HwLauncher( 2519): Launcher.MotionManager stopMotionAppsReco service flg 403 is unavailable
06-24 15:30:51.393 D/PgedBinderAdapter( 1699): frz ok, pid: [29457, 29531, 29347, 27318, 29532]
06-24 15:30:51.395 V/ActivityManager(  657): startProcess: name=com.excelliance.dualaid:olle app=null knownToBeDead=true thread=null pid=-1
06-24 15:30:51.396 D/PMS1000 (  657): package:com.excelliance.dualaid, input flags:0, output hwFlags:0
06-24 15:30:51.407 I/        ( 1145): power log dlsym ok
06-24 15:30:51.407 I/ActivityManager(  657): Start proc 1145:com.excelliance.dualaid:olle/u0a1422 for activity com.excelliance.dualaid/com.excelliance.kxqp.ui.HelloActivity
06-24 15:30:51.408 V/WindowManager(  657): No longer Stopped: AppWindowToken{1b8aea5 token=Token{de3049c ActivityRecord{8ffac0f u0 com.excelliance.dualaid/com.excelliance.kxqp.ui.HelloActivity t16013}}}
06-24 15:30:51.409 V/ActivityManager(  657): startProcess: name=com.excelliance.dualaid:olle app=ProcessRecord{976d27a 1145:com.excelliance.dualaid:olle/u0a1422} knownToBeDead=true thread=null pid=1145
06-24 15:30:51.410 I/zygote  ( 1145): Reinit property: dalvik.vm.checkjni= false
06-24 15:30:51.417 D/ActivityThread( 1145): ActivityThread,attachApplication
06-24 15:30:51.417 D/ActivityManager(  657): ActivityManagerService,attachApplication,callingPid = 1145
06-24 15:30:51.420 V/WindowManager(  657): No longer Stopped: AppWindowToken{1b8aea5 token=Token{de3049c ActivityRecord{8ffac0f u0 com.excelliance.dualaid/com.excelliance.kxqp.ui.HelloActivity t16013}}}
06-24 15:30:51.430 V/WindowManager(  657): findFocusedWindow: AppWindowToken{d3a938b token=Token{377755a ActivityRecord{d5c9105 u0 com.huawei.android.launcher/.unihome.UniHomeLauncher t15658}}} below Reached focused app=AppWindowToken{1b8aea5 token=Token{de3049c ActivityRecord{8ffac0f u0 com.excelliance.dualaid/com.excelliance.kxqp.ui.HelloActivity t16013}}}
06-24 15:30:51.430 D/ScenarioService( 1699): front pkg : com.excelliance.dualaid launcher: false
06-24 15:30:51.430 D/ScenarioService( 1699): new above launcher front pkgs: [com.excelliance.dualaid]
06-24 15:30:51.430 I/AppsUsage( 1699): scnOff:false FgAPP:com.excelliance.dualaid BgAPP:com.huawei.android.launcher
06-24 15:30:51.431 V/WindowManager(  657): Checking 1 opening apps (frozen=false timeout=false)...
06-24 15:30:51.432 V/WindowManager(  657): Check opening app=AppWindowToken{1b8aea5 token=Token{de3049c ActivityRecord{8ffac0f u0 com.excelliance.dualaid/com.excelliance.kxqp.ui.HelloActivity t16013}}}: allDrawn=false startingDisplayed=false startingMoved=false isRelaunching()=false
06-24 15:30:51.433 D/EmcomManagerService(  657): forePackage name is com.excelliance.dualaid
06-24 15:30:51.433 D/HicomPolicyManager(  657): foreAppInfo = nullpkgName = com.excelliance.dualaid uid= 11422
06-24 15:30:51.433 E/HicomPolicyManager(  657): udp acc is not start yet!
06-24 15:30:51.433 D/HicomPolicyManager(  657): speed control is not start
06-24 15:30:51.433 E/HicomPolicyManager(  657): Network Evaluation is not start yet!
06-24 15:30:51.433 E/HicomPolicyManager(  657): foreground app info is null
06-24 15:30:51.433 D/[HwRecSys]HwRecSysService( 2647): onEvent actionID: 10000 msg:com.excelliance.dualaid		
06-24 15:30:51.433 E/[HwRecSys]HwRecSysService( 2647): getIsRportDirectService is false!
06-24 15:30:51.434 I/PGServer( 1699): report state:10010 event type:2 pid:0 uid:0 pkg:com.huawei.android.launcher to pid: 657
06-24 15:30:51.434 I/PGServer( 1699): report state:10010 event type:2 pid:0 uid:0 pkg:com.huawei.android.launcher to pid: 1699
06-24 15:30:51.434 I/SceneReceiver( 1699): state type: 10010 eventType:2 pid:0 uid:0 pkg:com.huawei.android.launcher
06-24 15:30:51.434 I/PGServer( 1699): report state:10000 event type:1 pid:0 uid:0 pkg:com.excelliance.dualaid to pid: 657
06-24 15:30:51.434 I/PGServer( 1699): report state:10000 event type:1 pid:0 uid:0 pkg:com.excelliance.dualaid to pid: 1699
06-24 15:30:51.434 I/SceneReceiver( 1699): state type: 10000 eventType:1 pid:0 uid:0 pkg:com.excelliance.dualaid
06-24 15:30:51.434 D/HwThermalStateManager( 1699): current foreapp pkg : com.excelliance.dualaid
06-24 15:30:51.434 D/HwQoEUtils(  657): mForegroundAppPackageName: com.excelliance.dualaid:olle ,score: 0
06-24 15:30:51.434 D/HwQoEUtils(  657): APP type: -1 appName= com.excelliance.dualaid:olle
06-24 15:30:51.434 D/HwQoEUtils(  657): RealAppName:com.excelliance.dualaid
06-24 15:30:51.434 D/HwQoEUtils(  657): no game, APP_TYPE_GAME, appName =com.excelliance.dualaid:olle
06-24 15:30:51.435 D/HwGameAssistantController(  657): pid=1145, uid=11422, foreground=true
06-24 15:30:51.436 W/AwareLog(  657): SchedLevelBoost: onFgActivitiesChanged config not set!
06-24 15:30:51.437 I/HwNetworkPolicy(  657): onTransact, code = 203
06-24 15:30:51.437 W//system/bin/hwservicemanager(  416): Cannot open /odm/manifest.xml
06-24 15:30:51.438 I/PGServer( 1699): checkPkgType. calling pkg: android
06-24 15:30:51.438 I/HwNetworkPolicyManager( 1813): getHwUidPolicy uid = 11422 policy = 0
06-24 15:30:51.439 W/libc    ( 1699): Set property "sys.aps.gameProcessName" to ""
06-24 15:30:51.439 W/libc    ( 1699): Set property "sys.aps.browserProcessName" to ""
06-24 15:30:51.448 D/HwFLClassLoader( 1145): get used feature list :/feature/used-list failed!
06-24 15:30:51.448 D/HwFLClassLoader( 1145): USE_FEATURE_LIST had not init! 
06-24 15:30:51.450 W//system/bin/hwservicemanager(  416): Cannot open /odm/manifest.xml
06-24 15:30:51.451 I/GRALLOC (  679): 	 shrFd=10,fmt=0x1,intFmt=0x1,btStrd=256,size=4096,pid=679 
06-24 15:30:51.451 I/GRALLOC (  679): 	 yuv=2,w=16,h=16,Stride u=0 v=0,offset u=0 v=0 
06-24 15:30:51.451 I/GRALLOC (  679): 	 iova_size=4096,conUsg=0x100,proUsg=0x100,	 strd=64,[afbc]HdrStrd=0 PyldStrd=0 Scrmbl=0,ionhnd = 1 
06-24 15:30:51.462 E/MemoryLeakMonitorManager( 1145): MemoryLeakMonitor.jar is not exist!
06-24 15:30:51.463 D/KXQPApplication( 1145): run: initUserManager
06-24 15:30:51.464 D/CrashHandler( 1145): CrashHandler
06-24 15:30:51.464 E/Minikin ( 1145): Could not get cmap table size!
06-24 15:30:51.465 D/PMS11422(  657): package:com.excelliance.dualaid, input flags:128, output hwFlags:0
06-24 15:30:51.474 I/HwCust  ( 1145): Constructor found for class android.app.HwCustActivityImpl
06-24 15:30:51.474 D/HwCust  ( 1145): Create obj success use class android.app.HwCustActivityImpl
06-24 15:30:51.476 V/HwPolicyFactory( 1145): : success to get AllImpl object and return....
06-24 15:30:51.478 I/HwCust  ( 1145): Constructor found for class android.app.HwCustHwWallpaperManagerImpl
06-24 15:30:51.478 D/HwCust  ( 1145): Create obj success use class android.app.HwCustHwWallpaperManagerImpl
06-24 15:30:51.479 D/PMS11422(  657): package:com.excelliance.dualaid, input flags:0, output hwFlags:0
06-24 15:30:51.480 V/HwWidgetFactory( 1145): : successes to get AllImpl object and return....
06-24 15:30:51.481 V/ActivityThread( 1145): ActivityThread,callActivityOnCreate
06-24 15:30:51.482 D/HelloActivity( 1145): Memory:25147M
06-24 15:30:51.483 D/HelloActivity( 1145): onCreate: true
06-24 15:30:51.484 D/HelloActivity( 1145): is code boot
06-24 15:30:51.487 D/HelloActivity( 1145): mIsNav = false
06-24 15:30:51.500 D/HelloActivity( 1145): defDisplayStyle:5
06-24 15:30:51.502 D/NetWorkUtils( 1513): mVSimCurCardType is -1
06-24 15:30:51.502 D/NetWorkUtils( 1513): mVSimCurCardType is -1
06-24 15:30:51.502 D/HttpUtils( 1145): getDownloadMode()
06-24 15:30:51.503 D/NetUtils( 1145): init inited = true
06-24 15:30:51.503 D/HelloActivity( 1145): enter Nav2
06-24 15:30:51.504 D/NetworkSecurityConfig( 1145): No Network Security Config specified, using platform default
06-24 15:30:51.505 I/ActivityManager(  657): START u0 {pkg=com.excelliance.dualaid cmp=com.excelliance.dualaid/com.excelliance.kxqp.swipe.NavActivity2 (has extras)} from uid 11422
06-24 15:30:51.505 I/ActivityManager(  657): ActivityRecord info: ActivityInfo{ec63ea com.excelliance.kxqp.swipe.NavActivity2}
06-24 15:30:51.506 V/WindowManager(  657): findFocusedWindow: AppWindowToken{d3a938b token=Token{377755a ActivityRecord{d5c9105 u0 com.huawei.android.launcher/.unihome.UniHomeLauncher t15658}}} below Reached focused app=AppWindowToken{1b8aea5 token=Token{de3049c ActivityRecord{8ffac0f u0 com.excelliance.dualaid/com.excelliance.kxqp.ui.HelloActivity t16013}}}
06-24 15:30:51.507 V/WindowManager(  657): addAppToken: AppWindowToken{57f0d5d token=Token{7114b34 ActivityRecord{6e70e07 u0 com.excelliance.dualaid/com.excelliance.kxqp.swipe.NavActivity2 t16013}}} controller={TaskWindowContainerController taskId=16013} at 2147483647
06-24 15:30:51.507 W/libc    (  493): Set property "hw.wifi.dns_stat" to "29067,24826,5028,1,51977"
06-24 15:30:51.510 D/HwRecentsLockUtils( 1513): Search
06-24 15:30:51.510 E/HsmCoreServiceImpl( 1478): onTransact in code is: 103
06-24 15:30:51.510 I/MediaProcessHandler( 1478): playingUids: 
06-24 15:30:51.511 D/ActivityManager(  657): Skipping, home or recents stack task: TaskRecord{333215f #15658 A=com.huawei.android.launcher U=0 StackId=0 sz=1}
06-24 15:30:51.511 D/ActivityManager(  657): Skipping intent:act=android.intent.action.MAIN cat=[android.intent.category.LAUNCHER] flg=0x10a00000 cmp=io.appium.settings/.Settings
06-24 15:30:51.511 D/ActivityManager(  657): Skipping intent:flg=0x10804000 cmp=com.android.systemui/.recents.RecentsActivity bnds=[48,928][1032,2296]
06-24 15:30:51.511 D/ActivityManager(  657): Skipping intent:flg=0x18800000 cmp=com.tencent.mm/.plugin.base.stub.WXPayEntryActivity
06-24 15:30:51.511 D/ActivityManager(  657): Skipping intent:flg=0x10800000 cmp=com.huawei.systemmanager/com.huawei.permissionmanager.ui.MainActivity
06-24 15:30:51.511 D/ActivityManager(  657): Skipping intent:flg=0x18800000 cmp=com.tencent.mm/.plugin.base.stub.WXEntryActivity
06-24 15:30:51.511 D/ActivityManager(  657): Skipping intent:act=com.huawei.action.VOICE_ASSISTANT flg=0x10800000 pkg=com.huawei.vassistant cmp=com.huawei.vassistant/.ui.main.VAssistantActivity
06-24 15:30:51.511 D/ActivityManager(  657): Skipping intent:act=com.huawei.android.launcher.action.ACCESS_SPLIT_SCREEN_APP cat=[android.intent.category.DEFAULT] flg=0x10804000 cmp=com.huawei.android.launcher/.splitscreen.SplitScreenAppActivity
06-24 15:30:51.511 D/ActivityManager(  657): Skipping intent:flg=0x10800000 pkg=com.excelliance.dualaid.b64 cmp=com.excelliance.dualaid.b64/com.excelliance.kxqp.sdk.PermissionRequestActivity
06-24 15:30:51.511 D/ActivityManager(  657): Skipping intent:act=android.intent.action.VIEW dat=content://com.excelliance.dualaid.fileProvider/external_storage_root/Download/apk/Multiple_64.apk typ=application/vnd.android.package-archive flg=0x10800001 cmp=com.android.packageinstaller/.InstallStart
06-24 15:30:51.511 D/ActivityManager(  657): Skipping intent:flg=0x10800000 cmp=com.android.systemui/.usb.HwUsbDebuggingActivity
06-24 15:30:51.511 D/ActivityManager(  657): Skipping intent:act=android.deviceinfo.chooser.action.LAUNCH flg=0x10800000 hwFlg=0x100 pkg=com.android.settings cmp=com.android.settings/.deviceinfo.UsbConnModeChooserActivity
06-24 15:30:51.511 D/ActivityManager(  657): Skipping intent:flg=0x10800000 cmp=com.zol.android/.push.KeepLiveActivity
06-24 15:30:51.511 D/ActivityManager(  657): Skipping intent:act=android.intent.action.MAIN cat=[android.intent.category.HOME] flg=0x10800300 cmp=com.android.settings/.FallbackHome
06-24 15:30:51.513 V/ActivityManager(  657): startProcess: name=com.excelliance.dualaid app=null knownToBeDead=true thread=null pid=-1
06-24 15:30:51.513 D/PMS1000 (  657): package:com.excelliance.dualaid, input flags:0, output hwFlags:0
06-24 15:30:51.522 I/ActivityManager(  657): Start proc 1206:com.excelliance.dualaid/u0a1422 for service com.excelliance.dualaid/com.excelliance.kxqp.SmtServService
06-24 15:30:51.522 I/        ( 1206): power log dlsym ok
06-24 15:30:51.524 I/zygote  ( 1206): Reinit property: dalvik.vm.checkjni= false
06-24 15:30:51.528 D/HwNetworkManagementService(  657): code == CODE_GET_AD_KEY_LIST
06-24 15:30:51.528 D/HwNetworkManagementService(  657): appName = com.excelliance.dualaid  is not in the mAdViewMap! reply none
06-24 15:30:51.528 D/HwNetworkManagementService(  657): appName = com.excelliance.dualaid  is not in the mAdIdMap! reply none
06-24 15:30:51.531 D/ActivityThread( 1145): add activity client record, r= ActivityRecord{cbe2ddc token=android.os.BinderProxy@d13fa03 {com.excelliance.dualaid/com.excelliance.kxqp.ui.HelloActivity}} token= android.os.BinderProxy@d13fa03
06-24 15:30:51.532 V/WindowManager(  657): No longer Stopped: AppWindowToken{57f0d5d token=Token{7114b34 ActivityRecord{6e70e07 u0 com.excelliance.dualaid/com.excelliance.kxqp.swipe.NavActivity2 t16013}}}
06-24 15:30:51.532 V/WindowManager(  657): No longer Stopped: AppWindowToken{57f0d5d token=Token{7114b34 ActivityRecord{6e70e07 u0 com.excelliance.dualaid/com.excelliance.kxqp.swipe.NavActivity2 t16013}}}
06-24 15:30:51.533 D/ActivityThread( 1206): ActivityThread,attachApplication
06-24 15:30:51.537 V/WindowManager(  657): Checking 1 opening apps (frozen=false timeout=false)...
06-24 15:30:51.537 V/WindowManager(  657): Check opening app=AppWindowToken{57f0d5d token=Token{7114b34 ActivityRecord{6e70e07 u0 com.excelliance.dualaid/com.excelliance.kxqp.swipe.NavActivity2 t16013}}}: allDrawn=false startingDisplayed=false startingMoved=false isRelaunching()=false
06-24 15:30:51.539 D/ActivityManager(  657): ActivityManagerService,attachApplication,callingPid = 1206
06-24 15:30:51.539 D/HwCust  ( 1145): Create obj success use class android.app.HwCustActivityImpl
06-24 15:30:51.540 D/HwCust  ( 1145): Create obj success use class android.app.HwCustHwWallpaperManagerImpl
06-24 15:30:51.542 V/ActivityThread( 1145): ActivityThread,callActivityOnCreate
06-24 15:30:51.545 W//system/bin/hwservicemanager(  416): Cannot open /odm/manifest.xml
06-24 15:30:51.547 D/NavActivity2( 1145): onCreate
06-24 15:30:51.548 W/X509TrustManager( 1145): checkServerTrusted: SignatureException:null
06-24 15:30:51.548 W/X509TrustManager( 1145): checkServerTrusted: SignatureException:error:04000073:RSA routines:OPENSSL_internal:DATA_TOO_LARGE_FOR_MODULUS
06-24 15:30:51.553 W/Utils   ( 1145): Utils_isSuperResolutionSupport [load libai_client.so failed]
06-24 15:30:51.555 D/CubicBezierInterpolator( 1145): CubicBezierInterpolator  mControlPoint1x = 0.23, mControlPoint1y = 0.06, mControlPoint2x = 0.09, mControlPoint2y = 0.97
06-24 15:30:51.555 D/CubicBezierInterpolator( 1145): CubicBezierInterpolator  mControlPoint1x = 0.6, mControlPoint1y = 0.9, mControlPoint2x = 0.8, mControlPoint2y = 1.0
06-24 15:30:51.555 D/CubicBezierInterpolator( 1145): CubicBezierInterpolator  mControlPoint1x = 0.23, mControlPoint1y = 0.06, mControlPoint2x = 0.09, mControlPoint2y = 0.97
06-24 15:30:51.555 D/CubicBezierInterpolator( 1145): CubicBezierInterpolator  mControlPoint1x = 0.6, mControlPoint1y = 0.9, mControlPoint2x = 0.8, mControlPoint2y = 1.0
06-24 15:30:51.555 D/PMS11422(  657): package:com.excelliance.dualaid, input flags:128, output hwFlags:0
06-24 15:30:51.555 D/CubicBezierInterpolator( 1145): CubicBezierInterpolator  mControlPoint1x = 0.23, mControlPoint1y = 0.06, mControlPoint2x = 0.09, mControlPoint2y = 0.97
06-24 15:30:51.555 D/CubicBezierInterpolator( 1145): CubicBezierInterpolator  mControlPoint1x = 0.6, mControlPoint1y = 0.9, mControlPoint2x = 0.8, mControlPoint2y = 1.0
06-24 15:30:51.556 D/CubicBezierInterpolator( 1145): CubicBezierInterpolator  mControlPoint1x = 0.23, mControlPoint1y = 0.06, mControlPoint2x = 0.09, mControlPoint2y = 0.97
06-24 15:30:51.556 D/CubicBezierInterpolator( 1145): CubicBezierInterpolator  mControlPoint1x = 0.6, mControlPoint1y = 0.9, mControlPoint2x = 0.8, mControlPoint2y = 1.0
06-24 15:30:51.556 D/HwFLClassLoader( 1206): get used feature list :/feature/used-list failed!
06-24 15:30:51.556 D/HwFLClassLoader( 1206): USE_FEATURE_LIST had not init! 
06-24 15:30:51.557 W//system/bin/hwservicemanager(  416): Cannot open /odm/manifest.xml
06-24 15:30:51.558 I/GRALLOC (  679): 	 shrFd=10,fmt=0x1,intFmt=0x1,btStrd=256,size=4096,pid=679 
06-24 15:30:51.558 I/GRALLOC (  679): 	 yuv=2,w=16,h=16,Stride u=0 v=0,offset u=0 v=0 
06-24 15:30:51.558 I/GRALLOC (  679): 	 iova_size=4096,conUsg=0x100,proUsg=0x100,	 strd=64,[afbc]HdrStrd=0 PyldStrd=0 Scrmbl=0,ionhnd = 1 
06-24 15:30:51.565 D/HwRTBlurUtils( 1145): check blur style for HwPhoneWindow-, themeResId : 0x7f0e000a, context : com.excelliance.kxqp.swipe.NavActivity2@794246b, Nhwext : 0, get Blur : disable with , null
06-24 15:30:51.566 D/HwRTBlurUtils( 1145): check blur style for HwPhoneWindow-, themeResId : 0x7f0e000a, context : com.excelliance.kxqp.swipe.NavActivity2@794246b, Nhwext : 0, get Blur : disable with , null
06-24 15:30:51.566 E/test    ( 1145): hw notch screen flag api error
06-24 15:30:51.569 D/ActivityThread( 1145): add activity client record, r= ActivityRecord{414755e token=android.os.BinderProxy@31abee5 {com.excelliance.dualaid/com.excelliance.kxqp.swipe.NavActivity2}} token= android.os.BinderProxy@31abee5
06-24 15:30:51.571 E/ViewUtils( 1145): setBgColor: view==null:top
06-24 15:30:51.576 D/PMS11422(  657): package:com.excelliance.dualaid, input flags:128, output hwFlags:0
06-24 15:30:51.579 D/OpenGLRenderer( 1145):   HWUI Binary is  enabled
06-24 15:30:51.580 D/SurfaceFlinger(  710): SurfaceFlinger: getDisplayConfigs--3.000000, 1080, 1920
06-24 15:30:51.580 I/chatty  (  710): uid=1000(system) Binder:710_5 identical 1 line
06-24 15:30:51.580 D/SurfaceFlinger(  710): SurfaceFlinger: getDisplayConfigs--3.000000, 1080, 1920
06-24 15:30:51.581 D/OpenGLRenderer( 1145): HWUI GL Pipeline
06-24 15:30:51.584 D/PMS11422(  657): package:com.excelliance.dualaid, input flags:128, output hwFlags:0
06-24 15:30:51.585 V/WindowManager(  657): Adding Window{d71e9b8 u0 com.excelliance.dualaid/com.excelliance.kxqp.swipe.NavActivity2} to AppWindowToken{57f0d5d token=Token{7114b34 ActivityRecord{6e70e07 u0 com.excelliance.dualaid/com.excelliance.kxqp.swipe.NavActivity2 t16013}}}
06-24 15:30:51.585 V/WindowManager(  657): addWindow: New client android.os.BinderProxy@1ecc41b: window=Window{d71e9b8 u0 com.excelliance.dualaid/com.excelliance.kxqp.swipe.NavActivity2} Callers=com.android.server.wm.HwWindowManagerService.addWindow:562 com.android.server.wm.Session.addToDisplay:199 android.view.IWindowSession$Stub.onTransact:124 com.android.server.wm.Session.onTransact:161 android.os.Binder.execTransact:675 
06-24 15:30:51.588 D/PMS11422(  657): package:com.excelliance.dualaid, input flags:128, output hwFlags:0
06-24 15:30:51.594 D/HwGalleryCacheManagerImpl( 1145): mIsEffect:false
06-24 15:30:51.595 V/WindowManager(  657): Checking 1 opening apps (frozen=false timeout=false)...
06-24 15:30:51.595 V/WindowManager(  657): Check opening app=AppWindowToken{57f0d5d token=Token{7114b34 ActivityRecord{6e70e07 u0 com.excelliance.dualaid/com.excelliance.kxqp.swipe.NavActivity2 t16013}}}: allDrawn=false startingDisplayed=false startingMoved=false isRelaunching()=false
06-24 15:30:51.602 D/PMS11422(  657): package:com.excelliance.dualaid, input flags:128, output hwFlags:0
06-24 15:30:51.603 D/HttpUtils( 1145): getResponseCode():200
06-24 15:30:51.604 D/WHEG    ( 1145): {"status":"0","controls":"","skip":"0"}
06-24 15:30:51.636 D/HwRecentsLockUtils( 1513): Search
06-24 15:30:51.636 E/HsmCoreServiceImpl( 1478): onTransact in code is: 103
06-24 15:30:51.636 I/MediaProcessHandler( 1478): playingUids: 
06-24 15:30:51.608 I/chatty  (  657): uid=1000(system) Binder:657_3 identical 4 lines
06-24 15:30:51.608 D/PMS11422(  657): package:com.excelliance.dualaid, input flags:128, output hwFlags:0
06-24 15:30:51.636 D/ActivityManager(  657): Skipping, home or recents stack task: TaskRecord{333215f #15658 A=com.huawei.android.launcher U=0 StackId=0 sz=1}
06-24 15:30:51.636 D/ActivityManager(  657): Skipping intent:act=android.intent.action.MAIN cat=[android.intent.category.LAUNCHER] flg=0x10a00000 cmp=io.appium.settings/.Settings
06-24 15:30:51.637 D/ActivityManager(  657): Skipping intent:flg=0x10804000 cmp=com.android.systemui/.recents.RecentsActivity bnds=[48,928][1032,2296]
06-24 15:30:51.637 D/ActivityManager(  657): Skipping intent:flg=0x18800000 cmp=com.tencent.mm/.plugin.base.stub.WXPayEntryActivity
06-24 15:30:51.637 D/ActivityManager(  657): Skipping intent:flg=0x10800000 cmp=com.huawei.systemmanager/com.huawei.permissionmanager.ui.MainActivity
06-24 15:30:51.637 D/ActivityManager(  657): Skipping intent:flg=0x18800000 cmp=com.tencent.mm/.plugin.base.stub.WXEntryActivity
06-24 15:30:51.637 D/ActivityManager(  657): Skipping intent:act=com.huawei.action.VOICE_ASSISTANT flg=0x10800000 pkg=com.huawei.vassistant cmp=com.huawei.vassistant/.ui.main.VAssistantActivity
06-24 15:30:51.637 D/ActivityManager(  657): Skipping intent:act=com.huawei.android.launcher.action.ACCESS_SPLIT_SCREEN_APP cat=[android.intent.category.DEFAULT] flg=0x10804000 cmp=com.huawei.android.launcher/.splitscreen.SplitScreenAppActivity
06-24 15:30:51.637 D/ActivityManager(  657): Skipping intent:flg=0x10800000 pkg=com.excelliance.dualaid.b64 cmp=com.excelliance.dualaid.b64/com.excelliance.kxqp.sdk.PermissionRequestActivity
06-24 15:30:51.637 D/ActivityManager(  657): Skipping intent:act=android.intent.action.VIEW dat=content://com.excelliance.dualaid.fileProvider/external_storage_root/Download/apk/Multiple_64.apk typ=application/vnd.android.package-archive flg=0x10800001 cmp=com.android.packageinstaller/.InstallStart
06-24 15:30:51.637 D/ActivityManager(  657): Skipping intent:flg=0x10800000 cmp=com.android.systemui/.usb.HwUsbDebuggingActivity
06-24 15:30:51.637 D/ActivityManager(  657): Skipping intent:act=android.deviceinfo.chooser.action.LAUNCH flg=0x10800000 hwFlg=0x100 pkg=com.android.settings cmp=com.android.settings/.deviceinfo.UsbConnModeChooserActivity
06-24 15:30:51.637 D/ActivityManager(  657): Skipping intent:flg=0x10800000 cmp=com.zol.android/.push.KeepLiveActivity
06-24 15:30:51.637 D/ActivityManager(  657): Skipping intent:act=android.intent.action.MAIN cat=[android.intent.category.HOME] flg=0x10800300 cmp=com.android.settings/.FallbackHome
06-24 15:30:51.661 I/zygote  ( 1206): Compiler allocated 4MB to compile boolean com.excelliance.kxqp.KXQPApplication.b(int)
06-24 15:30:51.667 D/MainActivity( 1145): instantiateItem: 2	android.widget.RelativeLayout{d00e2b1 V.E...... ......I. 0,0-0,0}
06-24 15:30:51.668 D/MainActivity( 1145): initPage3: 
06-24 15:30:51.672 V/WindowManager(  657): Checking 1 opening apps (frozen=false timeout=false)...
06-24 15:30:51.672 V/WindowManager(  657): Check opening app=AppWindowToken{57f0d5d token=Token{7114b34 ActivityRecord{6e70e07 u0 com.excelliance.dualaid/com.excelliance.kxqp.swipe.NavActivity2 t16013}}}: allDrawn=false startingDisplayed=false startingMoved=false isRelaunching()=false
06-24 15:30:51.674 E/WifiHAL (  706): enter wifi_get_link_stats
06-24 15:30:51.674 V/HwPhoneWindowManager(  657): updateSystemUiColorLw window=Window{d71e9b8 u0 com.excelliance.dualaid/com.excelliance.kxqp.swipe.NavActivity2},EmuiStyle=0,StatusBarColor=0xff000000,NavigationBarColor=0xff000000, mLastIsEmuiLightStyle=-1
06-24 15:30:51.674 D/HwPhoneWindowManager(  657): Transact:setSystemUIColor to status bar service
06-24 15:30:51.675 I/CommandQueue( 1513): updateBarBgColor
06-24 15:30:51.675 D/CommandQueue( 1513): CommandQueue, setBarBackgroundColor
06-24 15:30:51.675 V/WindowManager(  657): Checking 1 opening apps (frozen=false timeout=false)...
06-24 15:30:51.676 V/WindowManager(  657): Check opening app=AppWindowToken{57f0d5d token=Token{7114b34 ActivityRecord{6e70e07 u0 com.excelliance.dualaid/com.excelliance.kxqp.swipe.NavActivity2 t16013}}}: allDrawn=false startingDisplayed=false startingMoved=false isRelaunching()=false
06-24 15:30:51.679 D/MainActivity( 1145): run: initPage3
06-24 15:30:51.679 I/GRALLOC (  679): 	 shrFd=10,fmt=0x1,intFmt=0x200000001,btStrd=4352,size=8486912,pid=679 
06-24 15:30:51.679 I/GRALLOC (  679): 	 yuv=2,w=1080,h=1920,Stride u=0 v=0,offset u=0 v=0 
06-24 15:30:51.679 I/GRALLOC (  679): 	 iova_size=8486912,conUsg=0x900,proUsg=0x900,	 strd=1088,[afbc]HdrStrd=1088 PyldStrd=69632 Scrmbl=2,ionhnd = 1 
06-24 15:30:51.679 V/MainActivity( 1145): onWindowFocusChanged: true
06-24 15:30:51.679 D/TintManager( 1513): statusBarIconTint=#99FFFFFF,navigationBarIconTint=#FF000000
06-24 15:30:51.680 W/InputMethodManager( 1145): startInputReason = 1
06-24 15:30:51.680 E/wificond(  765): Failed to get NL80211_STA_INFO_CNAHLOAD
06-24 15:30:51.680 E/WificondControl(  657): Noise: -92, Snr: 0, Chload: -1
06-24 15:30:51.680 D/HwWifiCHRStateManager(  657): handleMessage : 1001
06-24 15:30:51.680 D/HwWifiCHRStateManager(  657): handleUpdateChannel:5805
06-24 15:30:51.680 V/HwWifiServiceFactory(  657): get AllImpl object = com.android.server.wifi.HwWifiServiceFactoryImpl@a390a53
06-24 15:30:51.681 D/WifiScoreReport(  657): Score = 100, wifiConnectivityManagerEnabled = false, lowScoreCount = 0
06-24 15:30:51.682 I/GRALLOC (  679): 	 shrFd=10,fmt=0x1,intFmt=0x200000001,btStrd=4352,size=8486912,pid=679 
06-24 15:30:51.682 I/GRALLOC (  679): 	 yuv=2,w=1080,h=1920,Stride u=0 v=0,offset u=0 v=0 
06-24 15:30:51.682 I/GRALLOC (  679): 	 iova_size=8486912,conUsg=0x900,proUsg=0x900,	 strd=1088,[afbc]HdrStrd=1088 PyldStrd=69632 Scrmbl=2,ionhnd = 1 
06-24 15:30:51.682 I/OpenGLRenderer( 1145): Initialized EGL, version 1.4
06-24 15:30:51.683 D/OpenGLRenderer( 1145): Swap behavior 2
06-24 15:30:51.685 W/InputMethodManager( 1145): startInputReason = 5
06-24 15:30:51.685 I/GRALLOC (  679): 	 shrFd=10,fmt=0x1,intFmt=0x200000001,btStrd=4352,size=8486912,pid=679 
06-24 15:30:51.685 I/GRALLOC (  679): 	 yuv=2,w=1080,h=1920,Stride u=0 v=0,offset u=0 v=0 
06-24 15:30:51.685 I/GRALLOC (  679): 	 iova_size=8486912,conUsg=0x900,proUsg=0x900,	 strd=1088,[afbc]HdrStrd=1088 PyldStrd=69632 Scrmbl=2,ionhnd = 1 
06-24 15:30:51.686 I/wangchen( 7035): SysInfo.getSysParam: orientation=1||config d=3.0,w=1080,h=1920||metrics d=3.0,w=1080,h=1920||sdk=26,bar_h=72
06-24 15:30:51.686 I/KeymapLoader( 7035): w=1080 h=1920 ori=true appScale=3.3 s1=3.0
06-24 15:30:51.691 D/mali_winsys( 1145): EGLint new_window_surface(egl_winsys_display *, void *, EGLSurface, EGLConfig, egl_winsys_surface **, egl_color_buffer_format *, EGLBoolean) returns 0x3000
06-24 15:30:51.691 E/vndksupport( 1145): Could not load vendor/lib/egl/libGLES_mali_v2.so from sphal namespace: dlopen failed: library "vendor/lib/egl/libGLES_mali_v2.so" not found.
06-24 15:30:51.693 D/PMS11422(  657): package:com.excelliance.dualaid, input flags:128, output hwFlags:0
06-24 15:30:51.693 D/BarTransitions.HwPhoneStatusBarView( 1513): MODE_TRANSPARENT -> MODE_TRANSLUCENT animate=false
06-24 15:30:51.693 D/BarTransitions.HwPhoneStatusBarView( 1513): applyModeBackground oldMode=MODE_TRANSPARENT newMode=MODE_TRANSLUCENT animate=false
06-24 15:30:51.696 D/StatusBarIconController( 1513): setIconVisibility icon is null or visibility not change visibility=false
06-24 15:30:51.705 I/GRALLOC (  679): 	 shrFd=10,fmt=0x1,intFmt=0x200000001,btStrd=4352,size=8486912,pid=679 
06-24 15:30:51.705 I/GRALLOC (  679): 	 yuv=2,w=1080,h=1920,Stride u=0 v=0,offset u=0 v=0 
06-24 15:30:51.705 I/GRALLOC (  679): 	 iova_size=8486912,conUsg=0xb00,proUsg=0xb00,	 strd=1088,[afbc]HdrStrd=1088 PyldStrd=69632 Scrmbl=2,ionhnd = 1 
06-24 15:30:51.713 D/WindowManager(  657): finishDrawingWindow: Window{d71e9b8 u0 com.excelliance.dualaid/com.excelliance.kxqp.swipe.NavActivity2} mDrawState=DRAW_PENDING
06-24 15:30:51.714 V/WindowManager(  657): Checking 1 opening apps (frozen=false timeout=false)...
06-24 15:30:51.714 V/WindowManager(  657): Check opening app=AppWindowToken{57f0d5d token=Token{7114b34 ActivityRecord{6e70e07 u0 com.excelliance.dualaid/com.excelliance.kxqp.swipe.NavActivity2 t16013}}}: allDrawn=true startingDisplayed=false startingMoved=false isRelaunching()=false
06-24 15:30:51.717 D/ImageWallpaper( 1513): onVisibilityChanged: mVisible, visible=true, false
06-24 15:30:51.717 D/ImageWallpaper( 1513): Visibility changed to visible=false
06-24 15:30:51.717 D/BarTransitions.HwPhoneStatusBarView( 1513): MODE_TRANSLUCENT -> MODE_TRANSPARENT animate=false
06-24 15:30:51.717 D/BarTransitions.HwPhoneStatusBarView( 1513): applyModeBackground oldMode=MODE_TRANSLUCENT newMode=MODE_TRANSPARENT animate=false
06-24 15:30:51.719 I/ActivityManager(  657): Displayed com.excelliance.dualaid/com.excelliance.kxqp.swipe.NavActivity2: +184ms (total +3s681ms)
06-24 15:30:51.727 I/WindowManager(  657): notifyAccessibilityButtonVisibilityChanged visible:false
06-24 15:30:51.729 E/BufferQueueProducer(  710): [com.huawei.android.launcher/com.huawei.android.launcher.unihome.UniHomeLauncher#0] disconnect: not connected (req=1)
06-24 15:30:51.729 W/libEGL  ( 2519): EGLNativeWindowType 0x7472910010 disconnect failed
06-24 15:30:51.731 W/dex2oat ( 1276): Using default instruction set features for ARM CPU variant (default) using conservative defaults
06-24 15:30:51.731 I/dex2oat ( 1276): /system/bin/dex2oat -j4 --dex-file=/data/data/com.excelliance.dualaid/.platformcache/main.jar --output-vdex-fd=52 --oat-fd=53 --oat-location=/data/data/com.excelliance.dualaid/.platformcache/oat/arm/main.odex --compiler-filter=quicken
06-24 15:30:51.731 I/cutils-trace( 1276): atrace_init_once, trace_marker_path = /sys/kernel/debug/tracing/trace_marker
06-24 15:30:51.748 W/ActivityManager(  657): Sending non-protected broadcast huawei.action.floattasks.STATUS_BAR_STATE_CHANGED from system 1513:com.android.systemui/u0a39 pkg com.android.systemui
06-24 15:30:51.749 W/HwKeyguardDragHelper( 1513): AnimationBlocked
06-24 15:30:51.749 V/WindowManager(  657): notifyAppStopped: AppWindowToken{d3a938b token=Token{377755a ActivityRecord{d5c9105 u0 com.huawei.android.launcher/.unihome.UniHomeLauncher t15658}}}
06-24 15:30:51.749 E/WindowManager(  657): win=Window{68d6975 u0 com.huawei.android.launcher/com.huawei.android.launcher.unihome.UniHomeLauncher} destroySurfaces: appStopped=true win.mWindowRemovalAllowed=false win.mRemoveOnExit=false
06-24 15:30:51.749 D/BarTransitions.HwPhoneStatusBarView( 1513): MODE_TRANSPARENT -> MODE_TRANSLUCENT animate=false
06-24 15:30:51.749 D/BarTransitions.HwPhoneStatusBarView( 1513): applyModeBackground oldMode=MODE_TRANSPARENT newMode=MODE_TRANSLUCENT animate=false
06-24 15:30:51.749 D/BarTransitions.HwNavigationBarView( 1513): MODE_TRANSLUCENT -> MODE_OPAQUE animate=false
06-24 15:30:51.749 D/BarTransitions.HwNavigationBarView( 1513): applyModeBackground oldMode=MODE_TRANSLUCENT newMode=MODE_OPAQUE animate=false
06-24 15:30:51.749 I/WindowManager(  657): Destroying surface Surface(name=com.huawei.android.launcher/com.huawei.android.launcher.unihome.UniHomeLauncher) called by com.android.server.wm.WindowStateAnimator.destroySurface:2060 com.android.server.wm.WindowStateAnimator.destroySurfaceLocked:873 com.android.server.wm.HwWindowStateAnimator.destroySurfaceLocked:1006 com.android.server.wm.WindowState.destroyOrSaveSurfaceUnchecked:2990 com.android.server.wm.WindowState.destroySurface:2951 com.android.server.wm.AppWindowToken.destroySurfaces:654 com.android.server.wm.AppWindowToken.destroySurfaces:638 com.android.server.wm.AppWindowToken.notifyAppStopped:682 
06-24 15:30:51.749 D/BarTransitions.HwNavigationBarView( 1513): applyModeBackground oldMode=MODE_TRANSLUCENT newMode=MODE_OPAQUE animate=false
06-24 15:30:51.752 D/ActivityThread( 1145): Remove activity client record, r= ActivityRecord{cbe2ddc token=android.os.BinderProxy@d13fa03 {com.excelliance.dualaid/com.excelliance.kxqp.ui.HelloActivity}} token= android.os.BinderProxy@d13fa03
06-24 15:30:51.754 V/WindowManager(  657): removeAppToken: AppWindowToken{1b8aea5 token=Token{de3049c ActivityRecord{8ffac0f u0 com.excelliance.dualaid/com.excelliance.kxqp.ui.HelloActivity t16013}}} delayed=false Callers=com.android.server.wm.DisplayContent.removeAppToken:985 com.android.server.wm.AppWindowContainerController.removeContainer:348 com.android.server.am.ActivityRecord.removeWindowContainer:1039 com.android.server.am.ActivityStack.removeActivityFromHistoryLocked:4491 
06-24 15:30:51.756 D/HwGameAssistantController(  657): pid=2519, uid=10056, foreground=false
06-24 15:30:51.756 W/AwareLog(  657): SchedLevelBoost: onFgActivitiesChanged config not set!
06-24 15:30:51.938 I/HwNormalizedSpline(  657): getEyeProtectionBrightnessLevel lux =239.0, mDefaultBrightnessFromLux =68.645
06-24 15:30:52.070 I/NetworkSpeedManagerEx( 1513): mIsStop = false
06-24 15:30:52.071 I/NetworkSpeedManagerEx( 1513):  runInThread getTetherStats
06-24 15:30:52.071 I/NetworkSpeedManagerEx( 1513):  runInUI refreshSpeed
06-24 15:30:52.072 I/NetworkSpeedManagerEx( 1513): value=1862.0speed = 1.8
06-24 15:30:52.072 I/NetworkSpeedManagerEx( 1513): K/smIsShowLastSpeedValuefalse
06-24 15:30:52.072 I/NetworkSpeedView( 1513): /update(), speed=1.8
06-24 15:30:52.072 I/NetworkSpeedView( 1513): K/s parent class:class com.android.systemui.statusbar.HwSystemIcons
06-24 15:30:52.107 I/NetworkSpeedManagerEx( 1513): mIsStop = false
06-24 15:30:52.107 I/NetworkSpeedManagerEx( 1513):  runInThread getTetherStats
06-24 15:30:52.108 I/NetworkSpeedManagerEx( 1513):  runInUI refreshSpeed
06-24 15:30:52.109 I/NetworkSpeedManagerEx( 1513): value=1862.0speed = 1.8
06-24 15:30:52.109 I/NetworkSpeedManagerEx( 1513): K/smIsShowLastSpeedValuefalse
06-24 15:30:52.109 I/NetworkSpeedView( 1513): /update(), speed=1.8
06-24 15:30:52.109 I/NetworkSpeedView( 1513): K/s parent class:class com.android.systemui.statusbar.HwSystemIcons
06-24 15:30:52.140 I/dex2oat ( 1276): dex2oat took 409.479ms (982.046ms cpu) (threads: 4) arena alloc=140KB (143576B) java alloc=2MB (3143720B) native alloc=4MB (4690976B) free=2MB (2649056B)
06-24 15:30:52.153 D/PMS11422(  657): package:com.excelliance.dualaid, input flags:128, output hwFlags:0
06-24 15:30:52.184 I/GRALLOC (  679): 	 shrFd=10,fmt=0x1,intFmt=0x200000001,btStrd=4352,size=8486912,pid=679 
06-24 15:30:52.184 I/GRALLOC (  679): 	 yuv=2,w=1080,h=1920,Stride u=0 v=0,offset u=0 v=0 
06-24 15:30:52.184 I/GRALLOC (  679): 	 iova_size=8486912,conUsg=0xb00,proUsg=0xb00,	 strd=1088,[afbc]HdrStrd=1088 PyldStrd=69632 Scrmbl=2,ionhnd = 1 
06-24 15:30:52.193 W/dex2oat ( 1304): Using default instruction set features for ARM CPU variant (default) using conservative defaults
06-24 15:30:52.193 I/dex2oat ( 1304): /system/bin/dex2oat -j4 --dex-file=/data/data/com.excelliance.dualaid/.platformcache/kxqpplatform2.jar --output-vdex-fd=50 --oat-fd=51 --oat-location=/data/data/com.excelliance.dualaid/.platformcache/oat/arm/kxqpplatform2.odex --compiler-filter=quicken
06-24 15:30:52.193 I/cutils-trace( 1304): atrace_init_once, trace_marker_path = /sys/kernel/debug/tracing/trace_marker
06-24 15:30:52.211 D/HwArpVerifier(  657): performPollAndLog:
06-24 15:30:52.214 D/hw_netstat(  657): total/4297/2273,com.excelliance.dualaid/3929/1612,com.android.vending/100/465,unknown:0/268/196
06-24 15:30:52.236 I/GRALLOC (  679): 	 shrFd=10,fmt=0x1,intFmt=0x200000001,btStrd=4352,size=8486912,pid=679 
06-24 15:30:52.236 I/GRALLOC (  679): 	 yuv=2,w=1080,h=1920,Stride u=0 v=0,offset u=0 v=0 
06-24 15:30:52.236 I/GRALLOC (  679): 	 iova_size=8486912,conUsg=0xb00,proUsg=0xb00,	 strd=1088,[afbc]HdrStrd=1088 PyldStrd=69632 Scrmbl=2,ionhnd = 1 
06-24 15:30:52.408 I/dex2oat ( 1304): dex2oat took 215.793ms (448.711ms cpu) (threads: 4) arena alloc=3KB (3720B) java alloc=2MB (2283472B) native alloc=2MB (2308784B) free=2MB (2934096B)
06-24 15:30:52.421 D/PMS11422(  657): package:com.excelliance.dualaid, input flags:0, output hwFlags:0
06-24 15:30:52.422 E/Thermal-daemon(  764): [ap] temp_new :39  temp_old :40
06-24 15:30:52.422 I/ThermalService( 1699): Receive temperature change, type: 0, temp: 39 from thermald
06-24 15:30:52.423 D/HwThermalStateManager( 1699): Thermal type: 0 cur_temperature:39
06-24 15:30:52.423 E/Thermal-daemon(  764): Report temperature: [ap] temp :39  report_threshold:1
06-24 15:30:52.438 E/MemoryLeakMonitorManager( 1206): MemoryLeakMonitor.jar is not exist!
06-24 15:30:52.439 D/CrashHandler( 1206): CrashHandler
06-24 15:30:52.440 D/KXQPApplication( 1206): run: initUserManager
06-24 15:30:52.441 E/Minikin ( 1206): Could not get cmap table size!
06-24 15:30:52.441 D/PMS11422(  657): package:com.excelliance.dualaid, input flags:128, output hwFlags:0
06-24 15:30:52.455 D/AirPushService( 1206): 第一次触发
06-24 15:30:52.456 D/SmtServService( 1206): MSG_LOAD_PLT GameUtil.isPtLoaded() = false
06-24 15:30:52.457 I/HwCust  ( 1206): Constructor found for class android.net.HwCustConnectivityManagerImpl
06-24 15:30:52.457 D/HwCust  ( 1206): Create obj success use class android.net.HwCustConnectivityManagerImpl
06-24 15:30:52.458 D/NetworkStateReceiver( 1206): netWorkConnected = true
06-24 15:30:52.458 D/AirPushUtils( 1206): startPushInfo
06-24 15:30:52.460 D/PMS1000 (  657): package:com.excelliance.dualaid, input flags:8192, output hwFlags:0
06-24 15:30:52.464 D/AirPushService( 1206): 第一次设置Alarm
06-24 15:30:52.464 D/AirPushService( 1206): resetPushAlarm
06-24 15:30:52.464 D/PMS1001 (  657): package:com.excelliance.dualaid, input flags:0, output hwFlags:0
06-24 15:30:52.465 D/PMS11422(  657): package:com.excelliance.dualaid, input flags:0, output hwFlags:0
06-24 15:30:52.465 D/SmtServService( 1206): pull info
06-24 15:30:52.465 D/SmtServService( 1206): diffTime = 1529825452465
06-24 15:30:52.466 D/SmtServService( 1206): pushInfoFromServer
06-24 15:30:52.467 D/AirPushPreferences( 1206): setLastPushTime
06-24 15:30:52.473 D/PMS11422(  657): package:com.excelliance.dualaid, input flags:128, output hwFlags:0
06-24 15:30:52.478 D/StatisticsManager( 1206): Query time diff:1529825452478
06-24 15:30:52.495 I/zygote  ( 1206): Do partial code cache collection, code=27KB, data=31KB
06-24 15:30:52.497 I/zygote  ( 1206): After code cache collection, code=11KB, data=18KB
06-24 15:30:52.497 I/zygote  ( 1206): Increasing code cache capacity to 128KB
06-24 15:30:52.498 D/PMS11422(  657): package:com.excelliance.dualaid, input flags:128, output hwFlags:0
06-24 15:30:52.500 D/launch-time-RU( 1206): preload 24 classes cost 41ms
06-24 15:30:52.504 D/NetWorkUtils( 1513): mVSimCurCardType is -1
06-24 15:30:52.506 D/NetWorkUtils( 1513): mVSimCurCardType is -1
06-24 15:30:52.510 I/zygote  ( 1145): Do partial code cache collection, code=27KB, data=27KB
06-24 15:30:52.511 I/zygote  ( 1145): After code cache collection, code=27KB, data=27KB
06-24 15:30:52.511 I/zygote  ( 1145): Increasing code cache capacity to 128KB
06-24 15:30:52.512 D/PMS11422(  657): package:com.excelliance.dualaid, input flags:128, output hwFlags:0
06-24 15:30:52.517 D/StatisticsManager( 1206): Query time diff:1529825452517
06-24 15:30:52.523 D/StatisticsManager( 1206): Query time diff:1529825452523
06-24 15:30:52.526 D/AirPushDBHelper( 1206): onCreate: pushitemnew
06-24 15:30:52.529 D/AirPushDBHelper( 1206): selection = type=? and index_=(select max(index_) from pushitemnew where type=?) , key = vip
06-24 15:30:52.529 D/AirPushDBHelper( 1206): selection = type=? and index_=(select max(index_) from pushitemnew where type=?) , key = update
06-24 15:30:52.529 D/AirPushDBHelper( 1206): selection = type=? and index_=(select max(index_) from pushitemnew where type=?) , key = officalActivity
06-24 15:30:52.529 D/AirPushDBHelper( 1206): selection = type=? and index_=(select max(index_) from pushitemnew where type=?) , key = news
06-24 15:30:52.530 D/AirPushDBHelper( 1206): selection = type=? and index_=(select max(index_) from pushitemnew where type=?) , key = target
06-24 15:30:52.530 D/AirPushDBHelper( 1206): selection = type=? and index_=(select max(index_) from pushitemnew where type=?) , key = batch
06-24 15:30:52.530 D/AirPushDBHelper( 1206): selection = type=? and index_=(select max(index_) from pushitemnew where type=?) , key = skipTarget
06-24 15:30:52.530 D/AirPushDBHelper( 1206): selection = type=? and index_=(select max(index_) from pushitemnew where type=?) , key = thirdApp
06-24 15:30:52.530 D/PushItem( 1206): indexJson = {}
06-24 15:30:52.530 D/AirPushService( 1206): dataJson = {}
06-24 15:30:52.531 V/AirPushService( 1206): ver :e30%3D%0A
06-24 15:30:52.531 D/VersionManager( 1206): httpsRequest getURL = https://mto.multiopen.cn/pushmess.php?ver=466&mainver=231200&data=e30%3D%0A&wxCode=1321&subchid=1&sdkV=8.0.0&pkg=com.excelliance.dualaid&chid=10019&issl=1&compver=54302&wxVerName=6.6.7&vn=4.0.6&model=stf-al10&api=26&brand=honor&aid=f0c2426fc7560cf5
06-24 15:30:52.531 D/NetworkSecurityConfig( 1206): No Network Security Config specified, using platform default
06-24 15:30:52.556 D/GameUtil( 1206): getSDKDataParam totalmem:5.60GB
06-24 15:30:52.558 D/VersionManager( 1206): httpsRequest getURL = https://folder.appota.cn/genuser.php?chid=10019&subchid=1&vc=466&type=4&data=tbCbI6ooWmOSi%2BhP8At3K55rUDjOXjUCTTE1Q7OqeVGzpiL1Dx8z2UKsv%2F2w066OKzL65VOc%2FHNVNculXvpkfbOlpWKAPUf5ryVSFynVNa8UucDwm5e36rJ6e2Kpu%2B5ykc4DARTfkZV4Ad5N96d4%2BjApQCWZuWchybogtHpbAp5JGb2oE4RYpIUqF8au1pxTSmwBdD5PozvBfX2%2Bj4RIW8u13M8ksM63bQoy2eR4WdDx%2BqZexoey63Hms3xqJyQkd3PFvljbOMDFV5%2BIsI0F%2B0cTu0Poz37kp440m4BdEnDxUpl%2F2SWQiyGENywr4rII2GFixGV6F3FTP2B6Iz%2Bp9XPgTT1Q8jOobYd0%2B7qf7bpZ2AyYZuCae%2FN%2FDrbd9ARIKpXrBwZ7SdplMO1nzphjQUqGRQMAlrO9Oa0Du6EV17%2FgN7YtgBzuJRHbP0GgVSdnIEYbOUnjg9adLEk2nhpRcwGYdX7bJ5%2FC%2FGVy8QMvFO%2FVJ5uAYH82VV6bvSarVkuFeotJT4yadRHbDkYGgVZfCDPVS%2FOPcQttSZtkoN3AjIdEC3B%2BjPtytpdTQYFvI9Ol&issl=1
06-24 15:30:52.572 W/X509TrustManager( 1206): checkServerTrusted: SignatureException:null
06-24 15:30:52.573 W/X509TrustManager( 1206): checkServerTrusted: SignatureException:error:04000073:RSA routines:OPENSSL_internal:DATA_TOO_LARGE_FOR_MODULUS
06-24 15:30:52.590 W/X509TrustManager( 1206): checkServerTrusted: SignatureException:null
06-24 15:30:52.591 W/X509TrustManager( 1206): checkServerTrusted: SignatureException:error:04000073:RSA routines:OPENSSL_internal:DATA_TOO_LARGE_FOR_MODULUS
