06-24 16:39:36.349 I/appium  (24379): AppiumResponse: {"sessionId":"12d3f873-0ea4-4775-928a-9964d13dcd6c","status":0,"value":"<?xml version=\"1.0\" encoding=\"UTF-8\"?><hierarchy rotation=\"0\"><android.widget.FrameLayout index=\"0\" text=\"\" class=\"android.widget.FrameLayout\" package=\"com.excelliance.dualaid\" content-desc=\"\" checkable=\"false\" checked=\"false\" clickable=\"false\" enabled=\"true\" focusable=\"false\" focused=\"false\" scrollable=\"false\" long-clickable=\"false\" password=\"false\" selected=\"false\" bounds=\"[0,0][1080,1920]\" resource-id=\"\" instance=\"0\"><android.widget.LinearLayout index=\"0\" text=\"\" class=\"android.widget.LinearLayout\" package=\"com.excelliance.dualaid\" content-desc=\"\" checkable=\"false\" checked=\"false\" clickable=\"false\" enabled=\"true\" focusable=\"false\" focused=\"false\" scrollable=\"false\" long-clickable=\"false\" password=\"false\" selected=\"false\" bounds=\"[0,0][1080,1920]\" resource-id=\"\" instance=\"0\"><android.widget.FrameLayout index=\"0\" text=\"\" class=\"android.widget.FrameLayout\" package=\"com.excelliance.dualaid\" content-desc=\"\" checkable=\"false\" checked=\"false\" clickable=\"false\" enabled=\"true\" focusable=\"false\" focused=\"false\" scrollable=\"false\" long-clickable=\"false\" password=\"false\" selected=\"false\" bounds=\"[0,0][1080,1920]\" resource-id=\"android:id\/content\" instance=\"1\"><android.widget.FrameLayout index=\"0\" text=\"\" class=\"android.widget.FrameLayout\" package=\"com.excelliance.dualaid\" content-desc=\"\" checkable=\"false\" checked=\"false\" clickable=\"false\" enabled=\"true\" focusable=\"false\" focused=\"false\" scrollable=\"false\" long-clickable=\"false\" password=\"false\" selected=\"false\" bounds=\"[0,0][1080,1920]\" resource-id=\"\" instance=\"2\"><android.widget.RelativeLayout index=\"0\" text=\"\" class=\"android.widget.RelativeLayout\" package=\"com.excelliance.dualaid\" content-desc=\"\" checkable=\"false\" checked=\"false\" clickable=\"false\" enabled=\"true\" focusable=\"false\" focused=\"false\" scrollable=\"false\" long-clickable=\"false\" password=\"false\" selected=\"false\" bounds=\"[0,0][1080,1920]\" resource-id=\"com.excelliance.dualaid:id\/rl_guide_original\" instance=\"0\"><android.support.v4.view.ViewPager index=\"0\" text=\"\" class=\"android.support.v4.view.ViewPager\" package=\"com.excelliance.dualaid\" content-desc=\"\" checkable=\"false\" checked=\"false\" clickable=\"false\" enabled=\"true\" focusable=\"true\" focused=\"false\" scrollable=\"true\" long-clickable=\"false\" password=\"false\" selected=\"false\" bounds=\"[0,0][1080,1920]\" resource-id=\"com.excelliance.dualaid:id\/vp_nav\" instance=\"0\"><android.widget.RelativeLayout index=\"2\" text=\"\" class=\"android.widget.RelativeLayout\" package=\"com.excelliance.dualaid\" content-desc=\"\" checkable=\"false\" checked=\"false\" clickable=\"false\" enabled=\"true\" focusable=\"false\" focused=\"false\" scrollable=\"false\" long-clickable=\"false\" password=\"false\" selected=\"false\" bounds=\"[0,0][1080,1920]\" resource-id=\"\" instance=\"1\"><android.view.View index=\"0\" text=\"\" class=\"android.view.View\" package=\"com.excelliance.dualaid\" content-desc=\"\" checkable=\"false\" checked=\"false\" clickable=\"false\" enabled=\"true\" focusable=\"false\" focused=\"false\" scrollable=\"false\" long-clickable=\"false\" password=\"false\" selected=\"false\" bounds=\"[0,0][1080,1920]\" resource-id=\"\" instance=\"0\"\/><android.widget.ImageView index=\"1\" text=\"\" class=\"android.widget.ImageView\" package=\"com.excelliance.dualaid\" content-desc=\"\" checkable=\"false\" checked=\"false\" clickable=\"false\" enabled=\"true\" focusable=\"false\" focused=\"false\" scrollable=\"false\" long-clickable=\"false\" password=\"false\" selected=\"false\" bounds=\"[345,318][847,1268]\" resource-id=\"\" instance=\"0\"\/><android.widget.ImageView index=\"2\" text=\"\" class=\"android.widget.ImageView\" package=\"com.excelliance.dualaid\" content-desc=\"\" checkable=\"false\" checked=\"false\" clickable=\"false\" enabled=\"true\" 
06-24 16:39:36.362 I/appium  (24379): channel read invoked!
06-24 16:39:36.363 I/appium  (24379): channel read: POST /wd/hub/session/12d3f873-0ea4-4775-928a-9964d13dcd6c/element/5eaca2b1-2944-4850-a6a7-38ae7af314a6/click
06-24 16:39:36.363 D/appium  (24379): payload: {"element":"5eaca2b1-2944-4850-a6a7-38ae7af314a6"}
06-24 16:39:36.363 I/appium  (24379): Click element command
06-24 16:39:36.372 D/FingerprintActionsListener(  657): touchDownIsValid MotionEvent.ACTION_DOWN 
06-24 16:39:36.372 D/FingerprintActionsListener(  657): touchDownIsValidLazyMode = false  touchDownIsValidHiBoard = false
06-24 16:39:36.379 I/appium  (24379): AppiumResponse: {"sessionId":"12d3f873-0ea4-4775-928a-9964d13dcd6c","status":0,"value":true}
06-24 16:39:36.390 V/AudioManager( 3543): playSoundEffect   effectType: 0
06-24 16:39:36.390 D/PMS11423(  657): package:com.excelliance.dualaid, input flags:0, output hwFlags:0
06-24 16:39:36.392 V/AddGameData( 3543): Manufacturer:HUAWEI
06-24 16:39:36.394 I/appium  (24379): channel read invoked!
06-24 16:39:36.394 I/appium  (24379): channel read: GET /wd/hub/session/12d3f873-0ea4-4775-928a-9964d13dcd6c/source
06-24 16:39:36.436 D/PMS1000 (  657): package:com.excelliance.dualaid, input flags:0, output hwFlags:0
06-24 16:39:36.437 D/PMS1000 (  657): package:com.excelliance.dualaid, input flags:8192, output hwFlags:0
06-24 16:39:36.444 D/PMS1000 (  657): package:com.excelliance.dualaid, input flags:8192, output hwFlags:0
06-24 16:39:36.448 W/HSM     ( 1813): HoldService:toast switch is close!
06-24 16:39:36.450 D/ApplicationPackageManager( 3543): getInstalledApplications blocked
06-24 16:39:36.453 D/HsmInterfaceImpl( 3543): List [ApplicationInfo{a218d91 com.huawei.hifolder}, ApplicationInfo{891a4f6 com.github.shadowsocks}, ApplicationInfo{28a60f7 com.excelliance.dualaid}]
06-24 16:39:36.453 V/AddGameData( 3543): appInfoList.size():3
06-24 16:39:36.453 V/AddGameData( 3543): can read pkg:com.github.shadowsocks
06-24 16:39:36.465 I/HwCust  ( 3543): Constructor found for class android.net.HwCustConnectivityManagerImpl
06-24 16:39:36.465 D/HwCust  ( 3543): Create obj success use class android.net.HwCustConnectivityManagerImpl
06-24 16:39:36.486 D/Notification2Receiver( 3584): Notification2Receiver onReceive enter
06-24 16:39:36.487 D/PMS1000 (  657): package:com.excelliance.dualaid, input flags:8192, output hwFlags:0
06-24 16:39:36.488 V/BroadcastQueue(  657): Finished with ordered broadcast BroadcastRecord{b43735e u0 com.excelliance.dualaid.action.phone_res_download}
06-24 16:39:36.488 D/VersionManager( 3584): queryUpdateInfoOfResources
06-24 16:39:36.491 W/HSM     ( 1813): HoldService:toast switch is close!
06-24 16:39:36.493 D/ApplicationPackageManager( 3543): queryIntentActivitiesAsUser blocked, Intent { act=android.intent.action.MAIN cat=[android.intent.category.LAUNCHER] pkg=com.tencent.mm }
06-24 16:39:36.493 D/HsmInterfaceImpl( 3543): List [ResolveInfo{aab1a82 com.tencent.mm/.ui.LauncherUI m=0x108000}]
06-24 16:39:36.494 V/Phone_Manufacturer( 3584): Manufacturer:HUAWEI
06-24 16:39:36.497 V/Phone   ( 3584): isExitstActivityInPkg:exist com.huawei.systemmanager.optimize.process.ProtectActivity
06-24 16:39:36.497 V/Phone   ( 3584): isExitAppInManufacturer: model:hi6250 manufacturer:huawei
06-24 16:39:36.498 I/ActivityManager(  657): START u0 {cmp=com.excelliance.dualaid/com.excelliance.kxqp.ui.HelloActivity (has extras)} from uid 11423
06-24 16:39:36.503 I/ActivityManager(  657): ActivityRecord info: ActivityInfo{fad70dc com.excelliance.kxqp.ui.HelloActivity}
06-24 16:39:36.503 D/SmtCntService( 3966): handleMessage: msg = 3
06-24 16:39:36.506 V/Phone   ( 3584): isExitstActivityInPkg:exist com.huawei.systemmanager.optimize.process.ProtectActivity
06-24 16:39:36.506 V/Phone   ( 3584): isExitAppInManufacturer: model:hi6250 manufacturer:huawei
06-24 16:39:36.507 V/WindowManager(  657): addAppToken: AppWindowToken{b53c155 token=Token{368f40c ActivityRecord{192f33f u0 com.excelliance.dualaid/com.excelliance.kxqp.ui.HelloActivity t16060}}} controller={TaskWindowContainerController taskId=16060} at 2147483647
06-24 16:39:36.508 D/PMS11423(  657): package:com.excelliance.dualaid, input flags:128, output hwFlags:0
06-24 16:39:36.512 I/PGServer( 1699): android calls fast hibernateApps
06-24 16:39:36.513 I/AppFastHibernation( 1699): fast hibernate duration: 1500 reason: start activity
06-24 16:39:36.513 I/Pged-IPgedBinderService(  769): ****action is 1, pid num is 7***
06-24 16:39:36.513 I/Pged-Freezer(  769): freezePids
06-24 16:39:36.513 I/Pged-Freezer(  769): Freeze process: 29457
06-24 16:39:36.513 I/Pged-Freezer(  769): Freeze process: 19894
06-24 16:39:36.514 D/PMS1000 (  657): package:com.excelliance.dualaid, input flags:1, output hwFlags:0
06-24 16:39:36.516 I/Pged-Freezer(  769): Freeze process: 29531
06-24 16:39:36.516 I/appium  (24379): Skipping invisible child: android.view.accessibility.AccessibilityNodeInfo@85bb; boundsInParent: Rect(0, 0 - 1080, 1920); boundsInScreen: Rect(0, 0 - -1080, 1920); packageName: com.excelliance.dualaid; className: android.widget.RelativeLayout; text: null; error: null; maxTextLength: -1; contentDescription: null; viewIdResName: null; checkable: false; checked: false; focusable: false; focused: false; selected: false; clickable: false; longClickable: false; contextClickable: false; enabled: true; password: false; scrollable: false; importantForAccessibility: false; actions: [AccessibilityAction: ACTION_SELECT - null, AccessibilityAction: ACTION_CLEAR_SELECTION - null, AccessibilityAction: ACTION_ACCESSIBILITY_FOCUS - null, AccessibilityAction: ACTION_SHOW_ON_SCREEN - null]
06-24 16:39:36.516 I/Pged-Freezer(  769): Freeze process: 14942
06-24 16:39:36.516 I/appium  (24379): Skipping invisible child: android.view.accessibility.AccessibilityNodeInfo@a002; boundsInParent: Rect(0, 0 - 1080, 1920); boundsInScreen: Rect(0, 0 - 0, 1920); packageName: com.excelliance.dualaid; className: android.widget.RelativeLayout; text: null; error: null; maxTextLength: -1; contentDescription: null; viewIdResName: null; checkable: false; checked: false; focusable: false; focused: false; selected: false; clickable: false; longClickable: false; contextClickable: false; enabled: true; password: false; scrollable: false; importantForAccessibility: false; actions: [AccessibilityAction: ACTION_SELECT - null, AccessibilityAction: ACTION_CLEAR_SELECTION - null, AccessibilityAction: ACTION_ACCESSIBILITY_FOCUS - null, AccessibilityAction: ACTION_SHOW_ON_SCREEN - null]
06-24 16:39:36.516 V/WindowManager(  657): No longer Stopped: AppWindowToken{b53c155 token=Token{368f40c ActivityRecord{192f33f u0 com.excelliance.dualaid/com.excelliance.kxqp.ui.HelloActivity t16060}}}
06-24 16:39:36.517 I/appium  (24379): Fetch time: 1ms
06-24 16:39:36.517 I/Pged-Freezer(  769): Freeze process: 15544
06-24 16:39:36.517 I/Pged-Freezer(  769): Freeze process: 24379
06-24 16:39:36.518 D/PgedBinderAdapter( 1699): frz ok, pid: [29457, 19894, 29531, 14942, 15544, 24379]
06-24 16:39:36.517 V/WindowManager(  657): No longer Stopped: AppWindowToken{b53c155 token=Token{368f40c ActivityRecord{192f33f u0 com.excelliance.dualaid/com.excelliance.kxqp.ui.HelloActivity t16060}}}
06-24 16:39:36.519 V/WindowManager(  657): findFocusedWindow: AppWindowToken{60249b4 token=Token{1af687 ActivityRecord{f7d6c6 u0 com.excelliance.dualaid/com.excelliance.kxqp.swipe.NavActivity2 t16060}}} below Reached focused app=AppWindowToken{b53c155 token=Token{368f40c ActivityRecord{192f33f u0 com.excelliance.dualaid/com.excelliance.kxqp.ui.HelloActivity t16060}}}
06-24 16:39:36.520 D/PMS11423(  657): package:com.excelliance.dualaid, input flags:128, output hwFlags:0
06-24 16:39:36.520 D/PMS11423(  657): package:com.excelliance.dualaid, input flags:128, output hwFlags:0
06-24 16:39:36.522 V/WindowManager(  657): Checking 1 opening apps (frozen=false timeout=false)...
06-24 16:39:36.522 V/WindowManager(  657): Check opening app=AppWindowToken{b53c155 token=Token{368f40c ActivityRecord{192f33f u0 com.excelliance.dualaid/com.excelliance.kxqp.ui.HelloActivity t16060}}}: allDrawn=false startingDisplayed=false startingMoved=false isRelaunching()=false
06-24 16:39:36.524 D/PMS11423(  657): package:com.excelliance.dualaid, input flags:128, output hwFlags:0
06-24 16:39:36.525 D/PMS11423(  657): package:com.excelliance.dualaid, input flags:128, output hwFlags:0
06-24 16:39:36.525 D/HwCust  ( 3543): Create obj success use class android.app.HwCustActivityImpl
06-24 16:39:36.526 D/HwCust  ( 3543): Create obj success use class android.app.HwCustHwWallpaperManagerImpl
06-24 16:39:36.527 V/ActivityThread( 3543): ActivityThread,callActivityOnCreate
06-24 16:39:36.528 D/HelloActivity( 3543): Memory:25140M
06-24 16:39:36.529 D/HelloActivity( 3543): onCreate: true
06-24 16:39:36.531 D/HelloActivity( 3543): mIsNav = true
06-24 16:39:36.533 D/PMS11423(  657): package:com.excelliance.dualaid, input flags:128, output hwFlags:0
06-24 16:39:36.534 D/PMS11423(  657): package:com.excelliance.dualaid, input flags:128, output hwFlags:0
06-24 16:39:36.535 D/HelloActivity( 3543): requestShowOneKeyLoginConfig: 
06-24 16:39:36.536 D/GameUtilBuild( 3543): getCompVersion e:java.lang.NullPointerException: Attempt to invoke virtual method 'android.content.pm.PackageManager android.content.Context.getPackageManager()' on a null object reference
06-24 16:39:36.534 D/PMS11423(  657): package:com.excelliance.dualaid, input flags:128, output hwFlags:0
06-24 16:39:36.537 D/PMS11423(  657): package:com.excelliance.dualaid, input flags:0, output hwFlags:0
06-24 16:39:36.538 D/PMS11423(  657): package:com.excelliance.dualaid, input flags:128, output hwFlags:0
06-24 16:39:36.538 I/chatty  (  657): uid=1000(system) Binder:657_1D identical 1 line
06-24 16:39:36.543 D/PMS11423(  657): package:com.excelliance.dualaid, input flags:128, output hwFlags:0
06-24 16:39:36.543 D/PMS1000 (  657): package:com.excelliance.dualaid, input flags:8192, output hwFlags:0
06-24 16:39:36.543 D/PMS11423(  657): package:com.excelliance.dualaid, input flags:128, output hwFlags:0
06-24 16:39:36.544 D/PMS11423(  657): package:com.excelliance.dualaid, input flags:128, output hwFlags:0
06-24 16:39:36.545 D/PMS1001 (  657): package:com.excelliance.dualaid, input flags:0, output hwFlags:0
06-24 16:39:36.545 D/PMS11423(  657): package:com.excelliance.dualaid, input flags:128, output hwFlags:0
06-24 16:39:36.546 D/PMS11423(  657): package:com.excelliance.dualaid, input flags:128, output hwFlags:0
06-24 16:39:36.553 D/CubicBezierInterpolator( 3543): CubicBezierInterpolator  mControlPoint1x = 0.23, mControlPoint1y = 0.06, mControlPoint2x = 0.09, mControlPoint2y = 0.97
06-24 16:39:36.553 D/CubicBezierInterpolator( 3543): CubicBezierInterpolator  mControlPoint1x = 0.6, mControlPoint1y = 0.9, mControlPoint2x = 0.8, mControlPoint2y = 1.0
06-24 16:39:36.553 D/CubicBezierInterpolator( 3543): CubicBezierInterpolator  mControlPoint1x = 0.23, mControlPoint1y = 0.06, mControlPoint2x = 0.09, mControlPoint2y = 0.97
06-24 16:39:36.553 D/CubicBezierInterpolator( 3543): CubicBezierInterpolator  mControlPoint1x = 0.6, mControlPoint1y = 0.9, mControlPoint2x = 0.8, mControlPoint2y = 1.0
06-24 16:39:36.554 D/HwWechatOptimizeImpl( 3543): mIsEffect:false
06-24 16:39:36.560 D/HwRTBlurUtils( 3543): check blur style for HwPhoneWindow-, themeResId : 0x7f0e001c, context : com.excelliance.kxqp.ui.HelloActivity@c4029d0, Nhwext : 0, get Blur : disable with , null
06-24 16:39:36.560 V/InitialData( 3584): capitalize:Hi6250_launch
06-24 16:39:36.560 V/GameUtil( 3584): getCurrentVersionByKey : hi6250_launch	current_hi6250_launch_version	Hi6250_launchVersion
06-24 16:39:36.561 V/HelloActivity( 3543): start add appType：0
06-24 16:39:36.561 D/PMS11423(  657): package:com.tencent.mm, input flags:0, output hwFlags:0
06-24 16:39:36.561 D/PMS11423(  657): package:com.excelliance.dualaid, input flags:128, output hwFlags:0
06-24 16:39:36.561 V/GameUtil( 3584): saveVersionToFileByKey  xml_key :hi6250_launch  result:-1
06-24 16:39:36.564 V/GameUtil( 3584): getCurrentVersionByKey  hi6250_launch:-1
06-24 16:39:36.564 V/AddGameData( 3584): _applist:hi6250
06-24 16:39:36.564 V/InitialData( 3584): capitalize:Hi6250_applist
06-24 16:39:36.565 V/GameUtil( 3584): getCurrentVersionByKey : hi6250_applist	current_hi6250_applist_version	Hi6250_applistVersion
06-24 16:39:36.565 D/PMS11423(  657): package:com.excelliance.dualaid, input flags:128, output hwFlags:0
06-24 16:39:36.566 V/GameUtil( 3584): saveVersionToFileByKey  xml_key :hi6250_applist  result:-1
06-24 16:39:36.568 V/GameUtil( 3584): getCurrentVersionByKey  hi6250_applist:-1
06-24 16:39:36.568 V/InitialData( 3584): capitalize:Hi6250_notification
06-24 16:39:36.568 V/GameUtil( 3584): getCurrentVersionByKey : hi6250_notification	current_hi6250_notification_version	Hi6250_notificationVersion
06-24 16:39:36.569 D/PMS11423(  657): package:com.excelliance.dualaid, input flags:128, output hwFlags:0
06-24 16:39:36.569 V/GameUtil( 3584): saveVersionToFileByKey  xml_key :hi6250_notification  result:-1
06-24 16:39:36.571 E/HwResourcesImpl( 3543): readDefaultConfig : FileNotFoundException
06-24 16:39:36.571 V/GameUtil( 3584): getCurrentVersionByKey  hi6250_notification:-1
06-24 16:39:36.574 V/VersionManager( 3584): ver source:{"hi6250_launch":"0","hi6250_applist":"0","hi6250_notification":"0"}
06-24 16:39:36.574 V/VersionManager( 3584): ver :eyJoaTYyNTBfbGF1bmNoIjoiMCIsImhpNjI1MF9hcHBsaXN0IjoiMCIsImhpNjI1MF9ub3RpZmlj%0AYXRpb24iOiIwIn0%3D%0A
06-24 16:39:36.575 I/HwCust  ( 3543): Constructor found for class android.content.res.HwCustHwResourcesImpl
06-24 16:39:36.575 D/HwCust  ( 3543): Create obj success use class android.content.res.HwCustHwResourcesImpl
06-24 16:39:36.577 V/UrlUtil ( 3584): https://mto.multiopen.cn/dynamicphoneres.php?sdkver=2009&apkver=466&vn=4.0.6&compver=54302&mainver=231200&ver=eyJoaTYyNTBfbGF1bmNoIjoiMCIsImhpNjI1MF9hcHBsaXN0IjoiMCIsImhpNjI1MF9ub3RpZmlj%0AYXRpb24iOiIwIn0%3D%0A&chid=10019&subchid=1&type=20&uflag=2&pkg=com.excelliance.dualaid&api=26&release=8.0.0&abi=armeabi-v7a&abi2=armeabi&abilist=arm64-v8a%2Carmeabi-v7a%2Carmeabi&abilist32=armeabi-v7a%2Carmeabi&abilist64=arm64-v8a&brand=HONOR&manufacturer=HUAWEI&model=STF-AL10&product=STF-AL10&issl=1&sign=30820271308201daa0030201020204520332c2300d06092a864886f70d0101050500307c310b300906035504061302434e3111300f060355040813085368616e
06-24 16:39:36.577 D/VersionManager( 3584): httpsRequest getURL = https://mto.multiopen.cn/dynamicphoneres.php?sdkver=2009&apkver=466&vn=4.0.6&compver=54302&mainver=231200&ver=eyJoaTYyNTBfbGF1bmNoIjoiMCIsImhpNjI1MF9hcHBsaXN0IjoiMCIsImhpNjI1MF9ub3RpZmlj%0AYXRpb24iOiIwIn0%3D%0A&chid=10019&subchid=1&type=20&uflag=2&pkg=com.excelliance.dualaid&api=26&release=8.0.0&abi=armeabi-v7a&abi2=armeabi&abilist=arm64-v8a%2Carmeabi-v7a%2Carmeabi&abilist32=armeabi-v7a%2Carmeabi&abilist64=arm64-v8a&brand=HONOR&manufacturer=HUAWEI&model=STF-AL10&product=STF-AL10&issl=1&sign=30820271308201daa0030201020204520332c2300d06092a864886f70d0101050500307c310b300906035504061302434e3111300f060355040813085368616e
06-24 16:39:36.589 D/PMS11423(  657): package:com.tencent.mm, input flags:0, output hwFlags:0
06-24 16:39:36.591 D/PMS11423(  657): package:com.tencent.mobileqq, input flags:0, output hwFlags:0
06-24 16:39:36.592 W/X509TrustManager( 3543): checkServerTrusted: SignatureException:null
06-24 16:39:36.593 W/X509TrustManager( 3543): checkServerTrusted: SignatureException:error:04000073:RSA routines:OPENSSL_internal:DATA_TOO_LARGE_FOR_MODULUS
06-24 16:39:36.607 E/WifiHAL (  706): enter wifi_get_link_stats
06-24 16:39:36.608 D/PMS11423(  657): package:com.ifreetalk.ftalk, input flags:0, output hwFlags:0
06-24 16:39:36.610 W/X509TrustManager( 3584): checkServerTrusted: SignatureException:null
06-24 16:39:36.611 W/X509TrustManager( 3584): checkServerTrusted: SignatureException:error:04000073:RSA routines:OPENSSL_internal:DATA_TOO_LARGE_FOR_MODULUS
06-24 16:39:36.612 E/wificond(  765): Failed to get NL80211_STA_INFO_CNAHLOAD
06-24 16:39:36.612 E/WificondControl(  657): Noise: -92, Snr: 0, Chload: -1
06-24 16:39:36.612 D/HwWifiCHRStateManager(  657): handleMessage : 1001
06-24 16:39:36.612 D/HwWifiCHRStateManager(  657): handleUpdateChannel:5805
06-24 16:39:36.612 V/HwWifiServiceFactory(  657): get AllImpl object = com.android.server.wifi.HwWifiServiceFactoryImpl@a390a53
06-24 16:39:36.613 D/WifiScoreReport(  657): Score = 100, wifiConnectivityManagerEnabled = false, lowScoreCount = 0
06-24 16:39:36.622 D/HwRecentsLockUtils( 1513): Search
06-24 16:39:36.622 E/HsmCoreServiceImpl( 1478): onTransact in code is: 103
06-24 16:39:36.622 I/MediaProcessHandler( 1478): playingUids: 
06-24 16:39:36.623 D/ActivityManager(  657): Skipping, home or recents stack task: TaskRecord{333215f #15658 A=com.huawei.android.launcher U=0 StackId=0 sz=1}
06-24 16:39:36.623 D/ActivityManager(  657): Skipping intent:act=android.intent.action.MAIN cat=[android.intent.category.LAUNCHER] flg=0x10a00000 cmp=io.appium.settings/.Settings
06-24 16:39:36.623 D/ActivityManager(  657): Skipping intent:flg=0x10804000 cmp=com.android.systemui/.recents.RecentsActivity bnds=[48,928][1032,2296]
06-24 16:39:36.623 D/ActivityManager(  657): Skipping intent:flg=0x18800000 cmp=com.tencent.mm/.plugin.base.stub.WXPayEntryActivity
06-24 16:39:36.623 D/ActivityManager(  657): Skipping intent:flg=0x10800000 cmp=com.huawei.systemmanager/com.huawei.permissionmanager.ui.MainActivity
06-24 16:39:36.623 D/ActivityManager(  657): Skipping intent:flg=0x18800000 cmp=com.tencent.mm/.plugin.base.stub.WXEntryActivity
06-24 16:39:36.623 D/ActivityManager(  657): Skipping intent:act=com.huawei.action.VOICE_ASSISTANT flg=0x10800000 pkg=com.huawei.vassistant cmp=com.huawei.vassistant/.ui.main.VAssistantActivity
06-24 16:39:36.623 D/ActivityManager(  657): Skipping intent:act=com.huawei.android.launcher.action.ACCESS_SPLIT_SCREEN_APP cat=[android.intent.category.DEFAULT] flg=0x10804000 cmp=com.huawei.android.launcher/.splitscreen.SplitScreenAppActivity
06-24 16:39:36.623 D/ActivityManager(  657): Skipping intent:flg=0x10800000 pkg=com.excelliance.dualaid.b64 cmp=com.excelliance.dualaid.b64/com.excelliance.kxqp.sdk.PermissionRequestActivity
06-24 16:39:36.623 D/ActivityManager(  657): Skipping intent:act=android.intent.action.VIEW dat=content://com.excelliance.dualaid.fileProvider/external_storage_root/Download/apk/Multiple_64.apk typ=application/vnd.android.package-archive flg=0x10800001 cmp=com.android.packageinstaller/.InstallStart
06-24 16:39:36.623 D/ActivityManager(  657): Skipping intent:flg=0x10800000 cmp=com.android.systemui/.usb.HwUsbDebuggingActivity
06-24 16:39:36.623 D/ActivityManager(  657): Skipping intent:act=android.deviceinfo.chooser.action.LAUNCH flg=0x10800000 hwFlg=0x100 pkg=com.android.settings cmp=com.android.settings/.deviceinfo.UsbConnModeChooserActivity
06-24 16:39:36.623 D/ActivityManager(  657): Skipping intent:flg=0x10800000 cmp=com.zol.android/.push.KeepLiveActivity
06-24 16:39:36.623 D/ActivityManager(  657): Skipping intent:act=android.intent.action.MAIN cat=[android.intent.category.HOME] flg=0x10800300 cmp=com.android.settings/.FallbackHome
06-24 16:39:36.623 D/PMS11423(  657): package:com.ifreetalk.ftalk, input flags:0, output hwFlags:0
06-24 16:39:36.624 V/HelloActivity( 3543): end add appType：0
06-24 16:39:36.628 I/zygote  ( 3543): Do partial code cache collection, code=63KB, data=51KB
06-24 16:39:36.628 I/zygote  ( 3543): After code cache collection, code=62KB, data=51KB
06-24 16:39:36.628 I/zygote  ( 3543): Increasing code cache capacity to 256KB
06-24 16:39:36.640 D/ActivityThread( 3543): add activity client record, r= ActivityRecord{2c2a792 token=android.os.BinderProxy@f7a1593 {com.excelliance.dualaid/com.excelliance.kxqp.ui.HelloActivity}} token= android.os.BinderProxy@f7a1593
06-24 16:39:36.643 D/OpenGLRenderer( 3543):   HWUI Binary is  enabled
06-24 16:39:36.644 V/WindowManager(  657): Adding Window{2f179c2 u0 com.excelliance.dualaid/com.excelliance.kxqp.ui.HelloActivity} to AppWindowToken{b53c155 token=Token{368f40c ActivityRecord{192f33f u0 com.excelliance.dualaid/com.excelliance.kxqp.ui.HelloActivity t16060}}}
06-24 16:39:36.644 V/WindowManager(  657): addWindow: New client android.os.BinderProxy@9b3c60d: window=Window{2f179c2 u0 com.excelliance.dualaid/com.excelliance.kxqp.ui.HelloActivity} Callers=com.android.server.wm.HwWindowManagerService.addWindow:562 com.android.server.wm.Session.addToDisplay:199 android.view.IWindowSession$Stub.onTransact:124 com.android.server.wm.Session.onTransact:161 android.os.Binder.execTransact:675 
06-24 16:39:36.646 V/MainActivity( 3543): onWindowFocusChanged: false
06-24 16:39:36.646 D/MainActivity( 3543): onWindowFocusChanged: end
06-24 16:39:36.646 D/HelloActivity( 3543): upload: com.tencent.mm,com.tencent.mobileqq,com.ifreetalk.ftalk
06-24 16:39:36.648 D/OpenGLRenderer( 3543):   HWUI Binary is  enabled
06-24 16:39:36.648 E/SmtServService( 3584): firststartcom.tencent.mm,com.tencent.mobileqq,com.ifreetalk.ftalk
06-24 16:39:36.655 D/HelloActivity( 3543): onSuccess: respone:{"code":1,"message":"success","data":{"switch":1},"service":"onekeyswitch"}
06-24 16:39:36.656 D/VersionManager( 3584): xml=<?xml version="1.0" encoding="utf-8"?><upinfo></upinfo>
06-24 16:39:36.673 V/WindowManager(  657): Checking 1 opening apps (frozen=false timeout=false)...
06-24 16:39:36.673 V/WindowManager(  657): Check opening app=AppWindowToken{b53c155 token=Token{368f40c ActivityRecord{192f33f u0 com.excelliance.dualaid/com.excelliance.kxqp.ui.HelloActivity t16060}}}: allDrawn=false startingDisplayed=false startingMoved=false isRelaunching()=false
06-24 16:39:36.675 V/HwPhoneWindowManager(  657): updateSystemUiColorLw window=Window{2f179c2 u0 com.excelliance.dualaid/com.excelliance.kxqp.ui.HelloActivity},EmuiStyle=0,StatusBarColor=0x0,NavigationBarColor=0xff000000, mLastIsEmuiLightStyle=-1
06-24 16:39:36.676 V/WindowManager(  657): Checking 1 opening apps (frozen=false timeout=false)...
06-24 16:39:36.676 V/WindowManager(  657): Check opening app=AppWindowToken{b53c155 token=Token{368f40c ActivityRecord{192f33f u0 com.excelliance.dualaid/com.excelliance.kxqp.ui.HelloActivity t16060}}}: allDrawn=false startingDisplayed=false startingMoved=false isRelaunching()=false
06-24 16:39:36.677 I/WindowManager(  657): notifyAccessibilityButtonVisibilityChanged visible:false
06-24 16:39:36.677 D/HwPhoneWindowManager(  657): Transact:setSystemUIColor to status bar service
06-24 16:39:36.678 I/CommandQueue( 1513): updateBarBgColor
06-24 16:39:36.678 D/CommandQueue( 1513): CommandQueue, setBarBackgroundColor
06-24 16:39:36.679 I/GRALLOC (  679): 	 shrFd=10,fmt=0x1,intFmt=0x200000001,btStrd=4352,size=8486912,pid=679 
06-24 16:39:36.679 I/GRALLOC (  679): 	 yuv=2,w=1080,h=1920,Stride u=0 v=0,offset u=0 v=0 
06-24 16:39:36.679 I/GRALLOC (  679): 	 iova_size=8486912,conUsg=0x900,proUsg=0x900,	 strd=1088,[afbc]HdrStrd=1088 PyldStrd=69632 Scrmbl=2,ionhnd = 1 
06-24 16:39:36.680 W/ActivityManager(  657): Sending non-protected broadcast huawei.action.floattasks.STATUS_BAR_STATE_CHANGED from system 1513:com.android.systemui/u0a39 pkg com.android.systemui
06-24 16:39:36.680 D/TintManager( 1513): statusBarIconTint=#99FFFFFF,navigationBarIconTint=#FF000000
06-24 16:39:36.681 V/WindowManager(  657): Checking 1 opening apps (frozen=false timeout=false)...
06-24 16:39:36.681 W//system/bin/hwservicemanager(  416): Cannot open /odm/manifest.xml
06-24 16:39:36.681 V/WindowManager(  657): Check opening app=AppWindowToken{b53c155 token=Token{368f40c ActivityRecord{192f33f u0 com.excelliance.dualaid/com.excelliance.kxqp.ui.HelloActivity t16060}}}: allDrawn=false startingDisplayed=false startingMoved=false isRelaunching()=false
06-24 16:39:36.681 I/GRALLOC (  679): 	 shrFd=10,fmt=0x1,intFmt=0x200000001,btStrd=4352,size=8486912,pid=679 
06-24 16:39:36.681 I/GRALLOC (  679): 	 yuv=2,w=1080,h=1920,Stride u=0 v=0,offset u=0 v=0 
06-24 16:39:36.681 I/GRALLOC (  679): 	 iova_size=8486912,conUsg=0x900,proUsg=0x900,	 strd=1088,[afbc]HdrStrd=1088 PyldStrd=69632 Scrmbl=2,ionhnd = 1 
06-24 16:39:36.683 I/GRALLOC (  679): 	 shrFd=10,fmt=0x1,intFmt=0x200000001,btStrd=4352,size=8486912,pid=679 
06-24 16:39:36.683 I/GRALLOC (  679): 	 yuv=2,w=1080,h=1920,Stride u=0 v=0,offset u=0 v=0 
06-24 16:39:36.683 I/GRALLOC (  679): 	 iova_size=8486912,conUsg=0x900,proUsg=0x900,	 strd=1088,[afbc]HdrStrd=1088 PyldStrd=69632 Scrmbl=2,ionhnd = 1 
06-24 16:39:36.685 D/mali_winsys( 3543): EGLint new_window_surface(egl_winsys_display *, void *, EGLSurface, EGLConfig, egl_winsys_surface **, egl_color_buffer_format *, EGLBoolean) returns 0x3000
06-24 16:39:36.698 W/InputMethodManager( 3543): startInputReason = 1
06-24 16:39:36.700 I/wangchen( 7035): SysInfo.getSysParam: orientation=1||config d=3.0,w=1080,h=1920||metrics d=3.0,w=1080,h=1920||sdk=26,bar_h=72
06-24 16:39:36.700 I/KeymapLoader( 7035): w=1080 h=1920 ori=true appScale=3.3 s1=3.0
06-24 16:39:36.701 D/PMS11423(  657): package:com.android.mms, input flags:0, output hwFlags:0
06-24 16:39:36.701 D/PMS11423(  657): package:com.android.settings, input flags:0, output hwFlags:0
06-24 16:39:36.702 D/PMS11423(  657): package:com.android.contacts, input flags:0, output hwFlags:0
06-24 16:39:36.715 D/PMS1000 (  657): package:com.excelliance.dualaid, input flags:8192, output hwFlags:0
06-24 16:39:36.716 W/HSM     ( 1813): HoldService:toast switch is close!
06-24 16:39:36.717 D/ApplicationPackageManager( 3543): getInstalledApplications blocked
06-24 16:39:36.717 D/HsmInterfaceImpl( 3543): List [ApplicationInfo{eb33652 com.huawei.hifolder}, ApplicationInfo{2474d23 com.github.shadowsocks}, ApplicationInfo{deeb220 com.excelliance.dualaid}]
06-24 16:39:36.721 I/GRALLOC (  679): 	 shrFd=10,fmt=0x1,intFmt=0x200000001,btStrd=4352,size=8486912,pid=679 
06-24 16:39:36.721 I/GRALLOC (  679): 	 yuv=2,w=1080,h=1920,Stride u=0 v=0,offset u=0 v=0 
06-24 16:39:36.721 I/GRALLOC (  679): 	 iova_size=8486912,conUsg=0xb00,proUsg=0xb00,	 strd=1088,[afbc]HdrStrd=1088 PyldStrd=69632 Scrmbl=2,ionhnd = 1 
06-24 16:39:36.724 D/PMS11423(  657): package:com.tencent.tmgp.qqx5, input flags:0, output hwFlags:0
06-24 16:39:36.725 D/PMS11423(  657): package:com.huawei.android.pushagent, input flags:0, output hwFlags:0
06-24 16:39:36.725 D/PMS11423(  657): package:com.huawei.appmarket, input flags:0, output hwFlags:0
06-24 16:39:36.725 D/PMS11423(  657): package:com.wandoujia.phoenix2, input flags:0, output hwFlags:0
06-24 16:39:36.725 D/PMS11423(  657): package:com.tencent.mm, input flags:0, output hwFlags:0
06-24 16:39:36.725 D/PMS11423(  657): package:com.android.providers.media, input flags:0, output hwFlags:0
06-24 16:39:36.725 D/PMS11423(  657): package:com.huawei.vassistant, input flags:0, output hwFlags:0
06-24 16:39:36.725 D/PMS11423(  657): package:com.android.contacts, input flags:0, output hwFlags:0
06-24 16:39:36.726 D/PMS11423(  657): package:com.facebook.katana, input flags:0, output hwFlags:0
06-24 16:39:36.726 D/PMS11423(  657): package:com.huawei.hidisk, input flags:0, output hwFlags:536870912
06-24 16:39:36.726 D/PMS11423(  657): package:com.huawei.trustcircle, input flags:0, output hwFlags:0
06-24 16:39:36.726 D/PMS11423(  657): package:com.jingdong.app.mall, input flags:0, output hwFlags:0
06-24 16:39:36.726 D/PMS11423(  657): package:com.tencent.mobileqq, input flags:0, output hwFlags:0
06-24 16:39:36.726 D/PMS11423(  657): package:com.zol.android, input flags:0, output hwFlags:0
06-24 16:39:36.726 D/PMS11423(  657): package:com.huawei.hiskytone, input flags:0, output hwFlags:603979776
06-24 16:39:36.727 D/PMS11423(  657): package:com.huawei.hwid, input flags:0, output hwFlags:0
06-24 16:39:36.727 D/PMS11423(  657): package:com.sina.weibo, input flags:0, output hwFlags:0
06-24 16:39:36.727 D/PMS11423(  657): package:com.antutu.ABenchMark, input flags:0, output hwFlags:0
06-24 16:39:36.727 D/PMS11423(  657): package:com.sankuai.meituan.takeoutnew, input flags:0, output hwFlags:0
06-24 16:39:36.727 D/PMS11423(  657): package:com.vmall.client, input flags:0, output hwFlags:67108864
06-24 16:39:36.727 D/WindowManager(  657): finishDrawingWindow: Window{2f179c2 u0 com.excelliance.dualaid/com.excelliance.kxqp.ui.HelloActivity} mDrawState=DRAW_PENDING
06-24 16:39:36.727 D/PMS11423(  657): package:com.android.browser, input flags:0, output hwFlags:0
06-24 16:39:36.728 D/PMS11423(  657): package:com.eg.android.AlipayGphone, input flags:0, output hwFlags:0
06-24 16:39:36.728 D/PMS11423(  657): package:com.android.mediacenter, input flags:0, output hwFlags:0
06-24 16:39:36.728 D/PMS11423(  657): package:com.huawei.himovie, input flags:0, output hwFlags:0
06-24 16:39:36.728 D/PMS11423(  657): package:com.huawei.hnreader, input flags:0, output hwFlags:67108864
06-24 16:39:36.728 D/PMS11423(  657): package:com.twitter.android, input flags:0, output hwFlags:0
06-24 16:39:36.728 D/PMS11423(  657): package:com.baidu.input_huawei, input flags:0, output hwFlags:0
06-24 16:39:36.728 D/PMS11423(  657): package:com.google.android.gms, input flags:0, output hwFlags:0
06-24 16:39:36.729 D/PMS11423(  657): package:com.sankuai.meituan, input flags:0, output hwFlags:0
06-24 16:39:36.729 D/PMS11423(  657): package:com.tencent.news, input flags:0, output hwFlags:0
06-24 16:39:36.729 V/WindowManager(  657): Checking 1 opening apps (frozen=false timeout=false)...
06-24 16:39:36.729 V/WindowManager(  657): Check opening app=AppWindowToken{b53c155 token=Token{368f40c ActivityRecord{192f33f u0 com.excelliance.dualaid/com.excelliance.kxqp.ui.HelloActivity t16060}}}: allDrawn=true startingDisplayed=false startingMoved=false isRelaunching()=false
06-24 16:39:36.729 D/PMS11423(  657): package:com.iflytek.speechsuite, input flags:0, output hwFlags:0
06-24 16:39:36.729 D/PMS11423(  657): package:com.qzone, input flags:0, output is null
06-24 16:39:36.729 D/PMS11423(  657): package:com.tencent.android.qqdownloader, input flags:0, output hwFlags:0
06-24 16:39:36.729 D/PMS11423(  657): package:com.tencent.now, input flags:0, output is null
06-24 16:39:36.729 D/PMS11423(  657): package:com.ifreetalk.ftalk, input flags:0, output hwFlags:0
06-24 16:39:36.730 D/PMS11423(  657): package:com.taobao.taobao, input flags:0, output hwFlags:0
06-24 16:39:36.730 D/PMS11423(  657): package:com.android.gallery3d, input flags:0, output hwFlags:0
06-24 16:39:36.730 D/PMS11423(  657): package:com.pp.assistant, input flags:0, output hwFlags:0
06-24 16:39:36.730 D/PMS11423(  657): package:com.oppo.market, input flags:0, output hwFlags:0
06-24 16:39:36.731 D/PMS11423(  657): package:com.excean.wxaid, input flags:0, output hwFlags:0
06-24 16:39:36.731 D/PMS11423(  657): package:com.huawei.intelligent, input flags:0, output hwFlags:0
06-24 16:39:36.731 D/PMS11423(  657): package:com.google.android.backuptransport, input flags:0, output hwFlags:0
06-24 16:39:36.731 D/PMS11423(  657): package:com.huawei.skytone, input flags:0, output hwFlags:0
06-24 16:39:36.731 D/PMS11423(  657): package:com.estrongs.android.pop, input flags:0, output hwFlags:0
06-24 16:39:36.731 D/PMS11423(  657): package:com.redfinger.app, input flags:0, output hwFlags:0
06-24 16:39:36.731 D/PMS11423(  657): package:com.android.vending, input flags:0, output hwFlags:0
06-24 16:39:36.732 D/PMS11423(  657): package:org.hapjs.mockup, input flags:0, output hwFlags:0
06-24 16:39:36.732 D/PMS11423(  657): package:com.huawei.gamebox, input flags:0, output hwFlags:603979776
06-24 16:39:36.732 D/PMS11423(  657): package:com.tencent.tmgp.pubgmhd-ext, input flags:0, output is null
06-24 16:39:36.732 D/PMS11423(  657): package:com.stickgame.los2, input flags:0, output hwFlags:0
06-24 16:39:36.732 D/PMS11423(  657): package:com.qihoo.appstore, input flags:0, output hwFlags:0
06-24 16:39:36.732 D/PMS11423(  657): package:com.huawei.android.thememanager, input flags:0, output hwFlags:0
06-24 16:39:36.732 D/PMS11423(  657): package:com.excean.parallelspace, input flags:0, output hwFlags:0
06-24 16:39:36.733 D/PMS11423(  657): package:com.UCMobile, input flags:0, output hwFlags:0
06-24 16:39:36.733 D/PMS11423(  657): package:com.bbk.appstore, input flags:0, output hwFlags:0
06-24 16:39:36.733 D/PMS11423(  657): package:com.excean.ppaid, input flags:0, output hwFlags:0
06-24 16:39:36.733 D/PMS11423(  657): package:com.netease.blockchain, input flags:0, output hwFlags:0
06-24 16:39:36.733 D/PMS11423(  657): package:com.huawei.camera, input flags:0, output hwFlags:0
06-24 16:39:36.733 D/PMS11423(  657): package:com.sinovatech.unicom.ui, input flags:0, output hwFlags:0
06-24 16:39:36.733 D/PMS11423(  657): package:com.huawei.phoneservice, input flags:0, output hwFlags:0
06-24 16:39:36.734 D/PMS11423(  657): package:com.crisisfire.android.nearme.gamecenter, input flags:0, output hwFlags:0
06-24 16:39:36.734 D/PMS11423(  657): package:com.antutu.benchmark.full, input flags:0, output hwFlags:0
06-24 16:39:36.734 D/PMS11423(  657): package:com.xunmeng.pinduoduo, input flags:0, output hwFlags:0
06-24 16:39:36.734 D/PMS11423(  657): package:com.zhuowang.cloneapp, input flags:0, output hwFlags:0
06-24 16:39:36.734 D/PMS11423(  657): package:com.excean.parallelspace.b64, input flags:0, output hwFlags:0
06-24 16:39:36.734 D/PMS11423(  657): package:com.excelliance.multiaccounts.b64, input flags:0, output hwFlags:0
06-24 16:39:36.734 D/PMS11423(  657): package:com.xiangyou.multispace, input flags:0, output hwFlags:0
06-24 16:39:36.735 D/PMS11423(  657): package:com.youlong.multiaccount, input flags:0, output hwFlags:0
06-24 16:39:36.735 D/PMS11423(  657): package:com.gameloft.android.ANMP.GloftA9HM, input flags:0, output hwFlags:0
06-24 16:39:36.735 D/PMS11423(  657): package:com.excelliance.dualaid.b64, input flags:0, output hwFlags:0
06-24 16:39:36.735 D/BarTransitions.HwPhoneStatusBarView( 1513): MODE_TRANSLUCENT -> MODE_TRANSPARENT animate=false
06-24 16:39:36.735 D/BarTransitions.HwPhoneStatusBarView( 1513): applyModeBackground oldMode=MODE_TRANSLUCENT newMode=MODE_TRANSPARENT animate=false
06-24 16:39:36.735 D/AddGameData( 3543): switch_uninstall: 70
06-24 16:39:36.735 D/BarTransitions.HwNavigationBarView( 1513): MODE_OPAQUE -> MODE_TRANSPARENT animate=false
06-24 16:39:36.735 D/BarTransitions.HwNavigationBarView( 1513): applyModeBackground oldMode=MODE_OPAQUE newMode=MODE_TRANSPARENT animate=false
06-24 16:39:36.740 V/WindowManager(  657): Checking 0 opening apps (frozen=false timeout=false)...
06-24 16:39:36.742 I/ActivityManager(  657): Displayed com.excelliance.dualaid/com.excelliance.kxqp.ui.HelloActivity: +213ms
06-24 16:39:36.743 D/PMS1000 (  657): package:com.excelliance.dualaid, input flags:8192, output hwFlags:0
06-24 16:39:36.744 W/HSM     ( 1813): HoldService:toast switch is close!
06-24 16:39:36.745 I/GRALLOC (  679): 	 shrFd=10,fmt=0x1,intFmt=0x200000001,btStrd=4352,size=8486912,pid=679 
06-24 16:39:36.745 I/GRALLOC (  679): 	 yuv=2,w=1080,h=1920,Stride u=0 v=0,offset u=0 v=0 
06-24 16:39:36.745 I/GRALLOC (  679): 	 iova_size=8486912,conUsg=0xb00,proUsg=0xb00,	 strd=1088,[afbc]HdrStrd=1088 PyldStrd=69632 Scrmbl=2,ionhnd = 1 
06-24 16:39:36.746 D/ApplicationPackageManager( 3543): queryIntentActivitiesAsUser blocked, Intent { act=android.intent.action.MAIN cat=[android.intent.category.LAUNCHER] pkg=com.huawei.hifolder }
06-24 16:39:36.746 D/HsmInterfaceImpl( 3543): List []
06-24 16:39:36.749 W/HSM     ( 1813): HoldService:toast switch is close!
06-24 16:39:36.749 I/GRALLOC (  679): 	 shrFd=10,fmt=0x1,intFmt=0x200000001,btStrd=4352,size=8486912,pid=679 
06-24 16:39:36.749 I/GRALLOC (  679): 	 yuv=2,w=1080,h=1920,Stride u=0 v=0,offset u=0 v=0 
06-24 16:39:36.749 I/GRALLOC (  679): 	 iova_size=8486912,conUsg=0xb00,proUsg=0xb00,	 strd=1088,[afbc]HdrStrd=1088 PyldStrd=69632 Scrmbl=2,ionhnd = 1 
06-24 16:39:36.750 D/ApplicationPackageManager( 3543): queryIntentActivitiesAsUser blocked, Intent { act=android.intent.action.MAIN cat=[android.intent.category.LAUNCHER] pkg=com.github.shadowsocks }
06-24 16:39:36.750 D/HsmInterfaceImpl( 3543): List [ResolveInfo{da7c7d9 com.github.shadowsocks/.MainActivity m=0x108000}]
06-24 16:39:36.753 E/BufferQueueProducer(  710): [com.excelliance.dualaid/com.excelliance.kxqp.swipe.NavActivity2#0] disconnect: not connected (req=1)
06-24 16:39:36.753 W/libEGL  ( 3543): EGLNativeWindowType 0xd0cbd808 disconnect failed
06-24 16:39:36.775 W/HSM     ( 1813): HoldService:toast switch is close!
06-24 16:39:36.775 D/ApplicationPackageManager( 3543): queryIntentActivitiesAsUser blocked, Intent { act=android.intent.action.MAIN cat=[android.intent.category.LAUNCHER] pkg=com.excelliance.dualaid }
06-24 16:39:36.775 D/HsmInterfaceImpl( 3543): List [ResolveInfo{537987f com.excelliance.dualaid/com.excelliance.kxqp.ui.HelloActivity m=0x108000}]
06-24 16:39:36.803 D/PMS1000 (  657): package:com.excelliance.dualaid, input flags:8192, output hwFlags:0
06-24 16:39:36.804 W/HSM     ( 1813): HoldService:toast switch is close!
06-24 16:39:36.805 D/ApplicationPackageManager( 3543): queryIntentActivitiesAsUser blocked, Intent { act=android.intent.action.MAIN cat=[android.intent.category.LAUNCHER] pkg=com.tencent.tmgp.qqx5 }
06-24 16:39:36.805 D/HsmInterfaceImpl( 3543): List [ResolveInfo{7c40895 com.tencent.tmgp.qqx5/.DGMMainActivity m=0x108000}]
06-24 16:39:36.837 D/HwRecentsLockUtils( 1513): Search
06-24 16:39:36.837 E/HsmCoreServiceImpl( 1478): onTransact in code is: 103
06-24 16:39:36.837 I/MediaProcessHandler( 1478): playingUids: 
06-24 16:39:36.837 D/ActivityManager(  657): Skipping, home or recents stack task: TaskRecord{333215f #15658 A=com.huawei.android.launcher U=0 StackId=0 sz=1}
06-24 16:39:36.837 D/ActivityManager(  657): Skipping intent:act=android.intent.action.MAIN cat=[android.intent.category.LAUNCHER] flg=0x10a00000 cmp=io.appium.settings/.Settings
06-24 16:39:36.838 D/ActivityManager(  657): Skipping intent:flg=0x10804000 cmp=com.android.systemui/.recents.RecentsActivity bnds=[48,928][1032,2296]
06-24 16:39:36.838 D/ActivityManager(  657): Skipping intent:flg=0x18800000 cmp=com.tencent.mm/.plugin.base.stub.WXPayEntryActivity
06-24 16:39:36.838 D/ActivityManager(  657): Skipping intent:flg=0x10800000 cmp=com.huawei.systemmanager/com.huawei.permissionmanager.ui.MainActivity
06-24 16:39:36.838 D/ActivityManager(  657): Skipping intent:flg=0x18800000 cmp=com.tencent.mm/.plugin.base.stub.WXEntryActivity
06-24 16:39:36.838 D/ActivityManager(  657): Skipping intent:act=com.huawei.action.VOICE_ASSISTANT flg=0x10800000 pkg=com.huawei.vassistant cmp=com.huawei.vassistant/.ui.main.VAssistantActivity
06-24 16:39:36.838 D/ActivityManager(  657): Skipping intent:act=com.huawei.android.launcher.action.ACCESS_SPLIT_SCREEN_APP cat=[android.intent.category.DEFAULT] flg=0x10804000 cmp=com.huawei.android.launcher/.splitscreen.SplitScreenAppActivity
06-24 16:39:36.838 D/ActivityManager(  657): Skipping intent:flg=0x10800000 pkg=com.excelliance.dualaid.b64 cmp=com.excelliance.dualaid.b64/com.excelliance.kxqp.sdk.PermissionRequestActivity
06-24 16:39:36.838 D/ActivityManager(  657): Skipping intent:act=android.intent.action.VIEW dat=content://com.excelliance.dualaid.fileProvider/external_storage_root/Download/apk/Multiple_64.apk typ=application/vnd.android.package-archive flg=0x10800001 cmp=com.android.packageinstaller/.InstallStart
06-24 16:39:36.838 D/ActivityManager(  657): Skipping intent:flg=0x10800000 cmp=com.android.systemui/.usb.HwUsbDebuggingActivity
06-24 16:39:36.838 D/ActivityManager(  657): Skipping intent:act=android.deviceinfo.chooser.action.LAUNCH flg=0x10800000 hwFlg=0x100 pkg=com.android.settings cmp=com.android.settings/.deviceinfo.UsbConnModeChooserActivity
06-24 16:39:36.838 D/ActivityManager(  657): Skipping intent:flg=0x10800000 cmp=com.zol.android/.push.KeepLiveActivity
06-24 16:39:36.838 D/ActivityManager(  657): Skipping intent:act=android.intent.action.MAIN cat=[android.intent.category.HOME] flg=0x10800300 cmp=com.android.settings/.FallbackHome
06-24 16:39:36.848 D/PMS1000 (  657): package:com.excelliance.dualaid, input flags:8192, output hwFlags:0
06-24 16:39:36.849 W/HSM     ( 1813): HoldService:toast switch is close!
06-24 16:39:36.849 D/ApplicationPackageManager( 3543): queryIntentActivitiesAsUser blocked, Intent { act=android.intent.action.MAIN cat=[android.intent.category.LAUNCHER] pkg=com.huawei.android.pushagent }
06-24 16:39:36.849 D/HsmInterfaceImpl( 3543): List []
06-24 16:39:36.852 W/HSM     ( 1813): HoldService:toast switch is close!
06-24 16:39:36.853 D/ApplicationPackageManager( 3543): queryIntentActivitiesAsUser blocked, Intent { act=android.intent.action.MAIN cat=[android.intent.category.LAUNCHER] pkg=com.huawei.appmarket }
06-24 16:39:36.853 D/HsmInterfaceImpl( 3543): List [ResolveInfo{8b73d9b com.huawei.appmarket/.MainActivity m=0x108000}]
06-24 16:39:36.857 E/asset   ( 3543): createFromFile(): lock file /data/resource-cache/system@emui@base@overlay@frameworkhwexthonor@frameworkhwexthonor.apk@idmap.
06-24 16:39:36.857 E/asset   ( 3543): createFromFile(): lock file /data/resource-cache/system@emui@base@overlay@frameworkhwexthonor@frameworkhwexthonor.apk@idmap.
06-24 16:39:36.857 W/ResourceType( 3543): Found multiple library tables, ignoring...
06-24 16:39:36.886 D/PMS1000 (  657): package:com.excelliance.dualaid, input flags:8192, output hwFlags:0
06-24 16:39:36.887 W/HSM     ( 1813): HoldService:toast switch is close!
06-24 16:39:36.888 D/ApplicationPackageManager( 3543): queryIntentActivitiesAsUser blocked, Intent { act=android.intent.action.MAIN cat=[android.intent.category.LAUNCHER] pkg=com.wandoujia.phoenix2 }
06-24 16:39:36.888 D/HsmInterfaceImpl( 3543): List [ResolveInfo{67f8a76 com.wandoujia.phoenix2/com.pp.assistant.activity.PPMainActivity m=0x108000}]
06-24 16:39:36.916 W/HSM     ( 1813): HoldService:toast switch is close!
06-24 16:39:36.917 D/ApplicationPackageManager( 3543): queryIntentActivitiesAsUser blocked, Intent { act=android.intent.action.MAIN cat=[android.intent.category.LAUNCHER] pkg=com.tencent.mm }
06-24 16:39:36.917 D/HsmInterfaceImpl( 3543): List [ResolveInfo{222dce4 com.tencent.mm/.ui.LauncherUI m=0x108000}]
06-24 16:39:36.929 D/PMS1000 (  657): package:com.excelliance.dualaid, input flags:8192, output hwFlags:0
06-24 16:39:36.930 W/HSM     ( 1813): HoldService:toast switch is close!
06-24 16:39:36.930 D/ApplicationPackageManager( 3543): queryIntentActivitiesAsUser blocked, Intent { act=android.intent.action.MAIN cat=[android.intent.category.LAUNCHER] pkg=com.android.providers.media }
06-24 16:39:36.930 D/HsmInterfaceImpl( 3543): List []
06-24 16:39:36.933 W/HSM     ( 1813): HoldService:toast switch is close!
06-24 16:39:36.933 D/ApplicationPackageManager( 3543): queryIntentActivitiesAsUser blocked, Intent { act=android.intent.action.MAIN cat=[android.intent.category.LAUNCHER] pkg=com.huawei.vassistant }
06-24 16:39:36.933 D/HsmInterfaceImpl( 3543): List [ResolveInfo{47db54d com.huawei.vassistant/.ui.main.VAssistantActivity m=0x108000}]
06-24 16:39:36.936 E/asset   ( 3543): createFromFile(): lock file /data/resource-cache/system@emui@base@overlay@frameworkhwexthonor@frameworkhwexthonor.apk@idmap.
06-24 16:39:36.936 E/asset   ( 3543): createFromFile(): lock file /data/resource-cache/system@emui@base@overlay@frameworkhwexthonor@frameworkhwexthonor.apk@idmap.
06-24 16:39:36.936 W/ResourceType( 3543): Found multiple library tables, ignoring...
06-24 16:39:36.951 V/ActivityManager(  657): Making visible and scheduling visibility: ActivityRecord{d5c9105 u0 com.huawei.android.launcher/.unihome.UniHomeLauncher t15658}
06-24 16:39:36.951 V/WindowManager(  657): No longer Stopped: AppWindowToken{d3a938b token=Token{377755a ActivityRecord{d5c9105 u0 com.huawei.android.launcher/.unihome.UniHomeLauncher t15658}}}
06-24 16:39:36.970 D/ActivityThread( 3543): Remove activity client record, r= ActivityRecord{414755e token=android.os.BinderProxy@31abee5 {com.excelliance.dualaid/com.excelliance.kxqp.swipe.NavActivity2}} token= android.os.BinderProxy@31abee5
06-24 16:39:36.972 D/HwQoEUtils(  657): mForegroundAppPackageName: com.huawei.android.launcher ,score: 0
06-24 16:39:36.972 D/HwQoEUtils(  657): onForegroundAppWifiSleepChange: config:false, sleeptime:-1,type: 255, appname:com.huawei.android.launcher
06-24 16:39:36.972 V/WindowManager(  657): removeIfPossible: Window{1f4449b u0 com.excelliance.dualaid/com.excelliance.kxqp.swipe.NavActivity2} callers=com.android.server.wm.WindowState.removeIfPossible:1914 com.android.server.wm.WindowManagerService.removeWindow:2022 com.android.server.wm.Session.remove:218 android.view.IWindowSession$Stub.onTransact:242 com.android.server.wm.Session.onTransact:161 
06-24 16:39:36.972 D/HwQoEUtils(  657): APP type: 255 appName= com.huawei.android.launcher
06-24 16:39:36.973 I/WindowManager(  657): Destroying surface Surface(name=com.excelliance.dualaid/com.excelliance.kxqp.swipe.NavActivity2) called by com.android.server.wm.WindowStateAnimator.destroySurface:2060 com.android.server.wm.WindowStateAnimator.destroySurfaceLocked:873 com.android.server.wm.HwWindowStateAnimator.destroySurfaceLocked:1006 com.android.server.wm.WindowState.removeImmediately:1899 com.android.server.wm.WindowState.removeIfPossible:2051 com.android.server.wm.WindowState.removeIfPossible:1914 com.android.server.wm.WindowManagerService.removeWindow:2022 com.android.server.wm.Session.remove:218 
06-24 16:39:36.973 D/PMS1000 (  657): package:com.excelliance.dualaid, input flags:8192, output hwFlags:0
06-24 16:39:36.973 V/WindowManager(  657): postWindowRemoveCleanupLocked: Window{1f4449b u0 com.excelliance.dualaid/com.excelliance.kxqp.swipe.NavActivity2}
06-24 16:39:36.973 V/WindowManager(  657): Removing Window{1f4449b u0 com.excelliance.dualaid/com.excelliance.kxqp.swipe.NavActivity2} from AppWindowToken{60249b4 token=Token{1af687 ActivityRecord{f7d6c6 u0 com.excelliance.dualaid/com.excelliance.kxqp.swipe.NavActivity2 t16060}}}
06-24 16:39:36.975 W/HSM     ( 1813): HoldService:toast switch is close!
