06-24 15:41:19.097 I/GRALLOC (  679): 	 iova_size=8486912,conUsg=0x900,proUsg=0x900,	 strd=1088,[afbc]HdrStrd=1088 PyldStrd=69632 Scrmbl=2,ionhnd = 1 
06-24 15:41:19.100 I/GRALLOC (  679): 	 shrFd=10,fmt=0x1,intFmt=0x200000001,btStrd=4352,size=8486912,pid=679 
06-24 15:41:19.100 I/GRALLOC (  679): 	 yuv=2,w=1080,h=1920,Stride u=0 v=0,offset u=0 v=0 
06-24 15:41:19.100 I/GRALLOC (  679): 	 iova_size=8486912,conUsg=0x900,proUsg=0x900,	 strd=1088,[afbc]HdrStrd=1088 PyldStrd=69632 Scrmbl=2,ionhnd = 1 
06-24 15:41:19.105 D/mali_winsys( 4492): EGLint new_window_surface(egl_winsys_display *, void *, EGLSurface, EGLConfig, egl_winsys_surface **, egl_color_buffer_format *, EGLBoolean) returns 0x3000
06-24 15:41:19.105 E/vndksupport( 4492): Could not load vendor/lib/egl/libGLES_mali_v2.so from sphal namespace: dlopen failed: library "vendor/lib/egl/libGLES_mali_v2.so" not found.
06-24 15:41:19.108 D/StatusBarIconController( 1513): setIconVisibility icon is null or visibility not change visibility=false
06-24 15:41:19.119 I/GRALLOC (  679): 	 shrFd=10,fmt=0x1,intFmt=0x200000001,btStrd=4352,size=8486912,pid=679 
06-24 15:41:19.119 I/GRALLOC (  679): 	 yuv=2,w=1080,h=1920,Stride u=0 v=0,offset u=0 v=0 
06-24 15:41:19.119 I/GRALLOC (  679): 	 iova_size=8486912,conUsg=0xb00,proUsg=0xb00,	 strd=1088,[afbc]HdrStrd=1088 PyldStrd=69632 Scrmbl=2,ionhnd = 1 
06-24 15:41:19.126 D/WindowManager(  657): finishDrawingWindow: Window{733a559 u0 com.excelliance.dualaid/com.excelliance.kxqp.swipe.NavActivity2} mDrawState=DRAW_PENDING
06-24 15:41:19.126 V/MainActivity( 4492): onWindowFocusChanged: true
06-24 15:41:19.127 D/PMS11422(  657): package:com.excelliance.dualaid, input flags:128, output hwFlags:0
06-24 15:41:19.127 W/InputMethodManager( 4492): startInputReason = 1
06-24 15:41:19.127 V/WindowManager(  657): Checking 1 opening apps (frozen=false timeout=false)...
06-24 15:41:19.127 V/WindowManager(  657): Check opening app=AppWindowToken{875497a token=Token{25aa1a5 ActivityRecord{2d8e39c u0 com.excelliance.dualaid/com.excelliance.kxqp.swipe.NavActivity2 t16029}}}: allDrawn=true startingDisplayed=false startingMoved=false isRelaunching()=false
06-24 15:41:19.131 D/ImageWallpaper( 1513): onVisibilityChanged: mVisible, visible=true, false
06-24 15:41:19.131 D/ImageWallpaper( 1513): Visibility changed to visible=false
06-24 15:41:19.131 D/BarTransitions.HwPhoneStatusBarView( 1513): MODE_TRANSLUCENT -> MODE_TRANSPARENT animate=false
06-24 15:41:19.131 D/BarTransitions.HwPhoneStatusBarView( 1513): applyModeBackground oldMode=MODE_TRANSLUCENT newMode=MODE_TRANSPARENT animate=false
06-24 15:41:19.131 I/ActivityManager(  657): Displayed com.excelliance.dualaid/com.excelliance.kxqp.swipe.NavActivity2: +195ms (total +337ms)
06-24 15:41:19.133 W/InputMethodManager( 4492): startInputReason = 5
06-24 15:41:19.134 D/PMS11422(  657): package:com.excelliance.dualaid, input flags:128, output hwFlags:0
06-24 15:41:19.135 I/wangchen( 7035): SysInfo.getSysParam: orientation=1||config d=3.0,w=1080,h=1920||metrics d=3.0,w=1080,h=1920||sdk=26,bar_h=72
06-24 15:41:19.135 I/KeymapLoader( 7035): w=1080 h=1920 ori=true appScale=3.3 s1=3.0
06-24 15:41:19.141 E/BufferQueueProducer(  710): [com.huawei.android.launcher/com.huawei.android.launcher.unihome.UniHomeLauncher#0] disconnect: not connected (req=1)
06-24 15:41:19.141 W/libEGL  ( 2519): EGLNativeWindowType 0x74abe76010 disconnect failed
06-24 15:41:19.142 I/WindowManager(  657): notifyAccessibilityButtonVisibilityChanged visible:false
06-24 15:41:19.149 I/GRALLOC (  679): 	 shrFd=10,fmt=0x1,intFmt=0x200000001,btStrd=4352,size=8486912,pid=679 
06-24 15:41:19.149 I/GRALLOC (  679): 	 yuv=2,w=1080,h=1920,Stride u=0 v=0,offset u=0 v=0 
06-24 15:41:19.149 I/GRALLOC (  679): 	 iova_size=8486912,conUsg=0xb00,proUsg=0xb00,	 strd=1088,[afbc]HdrStrd=1088 PyldStrd=69632 Scrmbl=2,ionhnd = 1 
06-24 15:41:19.162 W/ActivityManager(  657): Sending non-protected broadcast huawei.action.floattasks.STATUS_BAR_STATE_CHANGED from system 1513:com.android.systemui/u0a39 pkg com.android.systemui
06-24 15:41:19.163 W/HwKeyguardDragHelper( 1513): AnimationBlocked
06-24 15:41:19.163 D/ActivityThread( 4492): Remove activity client record, r= ActivityRecord{cbe2ddc token=android.os.BinderProxy@d13fa03 {com.excelliance.dualaid/com.excelliance.kxqp.ui.HelloActivity}} token= android.os.BinderProxy@d13fa03
06-24 15:41:19.163 V/WindowManager(  657): notifyAppStopped: AppWindowToken{d3a938b token=Token{377755a ActivityRecord{d5c9105 u0 com.huawei.android.launcher/.unihome.UniHomeLauncher t15658}}}
06-24 15:41:19.163 I/NetworkSpeedManagerEx( 1513): mIsStop = false
06-24 15:41:19.163 E/WindowManager(  657): win=Window{68d6975 u0 com.huawei.android.launcher/com.huawei.android.launcher.unihome.UniHomeLauncher} destroySurfaces: appStopped=true win.mWindowRemovalAllowed=false win.mRemoveOnExit=false
06-24 15:41:19.163 D/BarTransitions.HwPhoneStatusBarView( 1513): MODE_TRANSPARENT -> MODE_TRANSLUCENT animate=false
06-24 15:41:19.163 D/BarTransitions.HwPhoneStatusBarView( 1513): applyModeBackground oldMode=MODE_TRANSPARENT newMode=MODE_TRANSLUCENT animate=false
06-24 15:41:19.163 I/WindowManager(  657): Destroying surface Surface(name=com.huawei.android.launcher/com.huawei.android.launcher.unihome.UniHomeLauncher) called by com.android.server.wm.WindowStateAnimator.destroySurface:2060 com.android.server.wm.WindowStateAnimator.destroySurfaceLocked:873 com.android.server.wm.HwWindowStateAnimator.destroySurfaceLocked:1006 com.android.server.wm.WindowState.destroyOrSaveSurfaceUnchecked:2990 com.android.server.wm.WindowState.destroySurface:2951 com.android.server.wm.AppWindowToken.destroySurfaces:654 com.android.server.wm.AppWindowToken.destroySurfaces:638 com.android.server.wm.AppWindowToken.notifyAppStopped:682 
06-24 15:41:19.164 D/BarTransitions.HwNavigationBarView( 1513): MODE_TRANSLUCENT -> MODE_OPAQUE animate=false
06-24 15:41:19.164 D/BarTransitions.HwNavigationBarView( 1513): applyModeBackground oldMode=MODE_TRANSLUCENT newMode=MODE_OPAQUE animate=false
06-24 15:41:19.164 I/NetworkSpeedManagerEx( 1513):  runInThread getTetherStats
06-24 15:41:19.164 W/dex2oat ( 4585): Using default instruction set features for ARM CPU variant (default) using conservative defaults
06-24 15:41:19.164 I/dex2oat ( 4585): /system/bin/dex2oat -j4 --dex-file=/data/data/com.excelliance.dualaid/.platformcache/main.jar --output-vdex-fd=46 --oat-fd=47 --oat-location=/data/data/com.excelliance.dualaid/.platformcache/oat/arm/main.odex --compiler-filter=quicken
06-24 15:41:19.164 I/cutils-trace( 4585): atrace_init_once, trace_marker_path = /sys/kernel/debug/tracing/trace_marker
06-24 15:41:19.165 V/WindowManager(  657): removeAppToken: AppWindowToken{41cd822 token=Token{2d221ed ActivityRecord{8c89804 u0 com.excelliance.dualaid/com.excelliance.kxqp.ui.HelloActivity t16029}}} delayed=false Callers=com.android.server.wm.DisplayContent.removeAppToken:985 com.android.server.wm.AppWindowContainerController.removeContainer:348 com.android.server.am.ActivityRecord.removeWindowContainer:1039 com.android.server.am.ActivityStack.removeActivityFromHistoryLocked:4491 
06-24 15:41:19.165 D/HwGameAssistantController(  657): pid=2519, uid=10056, foreground=false
06-24 15:41:19.165 W/AwareLog(  657): SchedLevelBoost: onFgActivitiesChanged config not set!
06-24 15:41:19.176 I/NetworkSpeedManagerEx( 1513):  runInUI refreshSpeed
06-24 15:41:19.177 I/NetworkSpeedManagerEx( 1513): value=1864.3334speed = 1.8
06-24 15:41:19.177 I/NetworkSpeedManagerEx( 1513): K/smIsShowLastSpeedValuefalse
06-24 15:41:19.177 I/NetworkSpeedView( 1513): /update(), speed=1.8
06-24 15:41:19.177 I/NetworkSpeedView( 1513): K/s parent class:class com.android.systemui.statusbar.HwSystemIcons
06-24 15:41:19.179 I/NetworkSpeedManagerEx( 1513): mIsStop = false
06-24 15:41:19.179 I/NetworkSpeedManagerEx( 1513):  runInThread getTetherStats
06-24 15:41:19.192 I/NetworkSpeedManagerEx( 1513):  runInUI refreshSpeed
06-24 15:41:19.193 I/NetworkSpeedManagerEx( 1513): value=1864.3334speed = 1.8
06-24 15:41:19.193 I/NetworkSpeedManagerEx( 1513): K/smIsShowLastSpeedValuefalse
06-24 15:41:19.193 I/NetworkSpeedView( 1513): /update(), speed=1.8
06-24 15:41:19.193 I/NetworkSpeedView( 1513): K/s parent class:class com.android.systemui.statusbar.HwSystemIcons
06-24 15:41:19.349 I/HwNormalizedSpline(  657): getEyeProtectionBrightnessLevel lux =239.0, mDefaultBrightnessFromLux =68.645
06-24 15:41:19.381 D/HwInnerWifiManagerImpl(  657): SupplicantState = COMPLETED
06-24 15:41:19.381 D/HwInnerWifiManagerImpl(  657): isPhoneAP = false
06-24 15:41:19.381 D/WifiStateMachine(  657): mBcastReceiver: PluggedType = 2 mIsScanCtrlPluggedin = true
06-24 15:41:19.381 D/HwWifiService(  657): mPluggedType =2
06-24 15:41:19.381 D/WifiService(  657): onReceive, action:android.intent.action.BATTERY_CHANGED
06-24 15:41:19.381 D/WifiService(  657): ACTION_BATTERY_CHANGED pluggedType: 2
06-24 15:41:19.382 D/KeyguardUpdateMonitor( 1513): received broadcast android.intent.action.BATTERY_CHANGED
06-24 15:41:19.383 W/KeyguardUpdateMonitor( 1513): ACTION_BATTERY_CHANGED AMP: 500000; Volt: 4701000
06-24 15:41:19.386 I/CloudAlbum[8.1.2.302]( 2775): [OperationUtil] cancelNotify
06-24 15:41:19.390 I/MsgReceiver( 1699): intent action: android.intent.action.BATTERY_CHANGED
06-24 15:41:19.398 V/KeyguardUpdateMonitor( 1513): RefreshBatteryInfo isBatteryLow: 36
06-24 15:41:19.399 W/KeyguardUpdateMonitor( 1513): ChargingSpeed  Wattage: 2350500 ST: 5000000 --> 7500000
06-24 15:41:19.399 I/KgBattery( 1513): BatteryInfo updated:  2lPc0
06-24 15:41:19.399 W/AppHandler( 1513): sendMessage with obj100
06-24 15:41:19.399 D/KeyguardUpdateMonitor( 1513): handleBatteryUpdate
06-24 15:41:19.400 W/HwLockScreenPanel( 1513): Handle message: 100
06-24 15:41:19.401 W/HwKeyguardBottomArea( 1513): updateBatteryInfo : false  true
06-24 15:41:19.401 W/HwLockScreenPanel( 1513): refreshBatteryInfo: null
06-24 15:41:19.401 W/KgBattery( 1513): getCharge info with type: text
06-24 15:41:19.453 I/zygote64(  657): Background concurrent copying GC freed 383895(22MB) AllocSpace objects, 101(2MB) LOS objects, 31% free, 53MB/77MB, paused 297us total 158.422ms
06-24 15:41:19.459 E/WifiHAL (  706): enter wifi_get_link_stats
06-24 15:41:19.467 I/AppLogManager( 3265): PrintWoker poll timeout , shutdown
06-24 15:41:19.468 E/wificond(  765): Failed to get NL80211_STA_INFO_CNAHLOAD
06-24 15:41:19.468 E/WificondControl(  657): Noise: -87, Snr: 0, Chload: -1
06-24 15:41:19.469 D/HwWifiCHRStateManager(  657): handleMessage : 1001
06-24 15:41:19.469 D/HwWifiCHRStateManager(  657): handleUpdateChannel:5805
06-24 15:41:19.469 V/HwWifiServiceFactory(  657): get AllImpl object = com.android.server.wifi.HwWifiServiceFactoryImpl@a390a53
06-24 15:41:19.470 D/WifiScoreReport(  657): Score = 100, wifiConnectivityManagerEnabled = false, lowScoreCount = 0
06-24 15:41:19.601 I/dex2oat ( 4585): dex2oat took 437.139ms (1.091s cpu) (threads: 4) arena alloc=142KB (145608B) java alloc=2MB (3143720B) native alloc=4MB (4683640B) free=2MB (2656392B)
06-24 15:41:19.613 D/PMS11422(  657): package:com.excelliance.dualaid, input flags:128, output hwFlags:0
06-24 15:41:19.649 I/GRALLOC (  679): 	 shrFd=10,fmt=0x1,intFmt=0x200000001,btStrd=4352,size=8486912,pid=679 
06-24 15:41:19.649 I/GRALLOC (  679): 	 yuv=2,w=1080,h=1920,Stride u=0 v=0,offset u=0 v=0 
06-24 15:41:19.649 I/GRALLOC (  679): 	 iova_size=8486912,conUsg=0xb00,proUsg=0xb00,	 strd=1088,[afbc]HdrStrd=1088 PyldStrd=69632 Scrmbl=2,ionhnd = 1 
06-24 15:41:19.650 W/dex2oat ( 4600): Using default instruction set features for ARM CPU variant (default) using conservative defaults
06-24 15:41:19.651 I/dex2oat ( 4600): /system/bin/dex2oat -j4 --dex-file=/data/data/com.excelliance.dualaid/.platformcache/kxqpplatform2.jar --output-vdex-fd=47 --oat-fd=48 --oat-location=/data/data/com.excelliance.dualaid/.platformcache/oat/arm/kxqpplatform2.odex --compiler-filter=quicken
06-24 15:41:19.651 I/cutils-trace( 4600): atrace_init_once, trace_marker_path = /sys/kernel/debug/tracing/trace_marker
06-24 15:41:19.655 I/TrafficMonitor(  657): update:rxPkts:10,txPkts:11,rxBytes:4121,txBytes:1156
06-24 15:41:19.655 I/TrafficMonitor(  657): start expired. level:-1
06-24 15:41:19.655 I/TrafficMonitor(  657): gettimer:interval=2000
06-24 15:41:19.826 D/PMS1000 (  657): package:com.excelliance.dualaid, input flags:794624, output hwFlags:0
06-24 15:41:19.830 E/NfcNci  ( 2677): NfcUtils error: APP have nfc permission
06-24 15:41:19.831 D/PMS1027 (  657): package:com.google.android.apps.walletnfcrel, input flags:8192, output is null
06-24 15:41:19.833 D/ApduServiceInfo( 2677): No com.nxp.nfc.extensions meta-data
06-24 15:41:19.835 I/chatty  ( 2677): uid=1027(nfc) com.android.nfc identical 3 lines
06-24 15:41:19.836 D/ApduServiceInfo( 2677): No com.nxp.nfc.extensions meta-data
06-24 15:41:19.836 I/MainView( 3005): onReceive intent.getAction() android.intent.action.PACKAGE_CHANGED
06-24 15:41:19.836 E/ApduServiceInfo( 2677): SE extension not present, Setting default offhost seID
06-24 15:41:19.838 I/HwLauncher( 2519): SimpleAllAppsList  updatePackage : package[com.excelliance.dualaid] matched activity's size is 1 and data List size is 0
06-24 15:41:19.838 I/MainView( 3005): ACTION_PACKAGE_CHANGED : packageName =com.excelliance.dualaid, stopedByuser =false
06-24 15:41:19.844 I/HwLauncher( 2519): SimpleAllAppsList  findAndUpdateInfoInDB : found 0 shortcutInfo for package[com.excelliance.dualaid] in db
06-24 15:41:19.844 I/HwLauncher( 2519): SimpleAllAppsList  updatePackage do not add new SimpleApplicationInfo,It's in normal now. package = com.excelliance.dualaid
06-24 15:41:19.844 W/HwLauncher( 2519): SimpleLauncherModeNobody to tell about the new app.  Launcher is probably loading.
06-24 15:41:19.847 D/PMS10003(  657): package:com.excelliance.dualaid, input flags:794624, output hwFlags:0
06-24 15:41:19.847 I/InputReader(  657): Reconfiguring input devices.  changes=0x00000010
06-24 15:41:19.850 E/NfcNci  ( 2677): NfcUtils error: APP have nfc permission
06-24 15:41:19.851 E/NfcNci  ( 2677): NfcUtils error: APP have nfc permission
06-24 15:41:19.851 I/dex2oat ( 4600): dex2oat took 201.152ms (421.901ms cpu) (threads: 4) arena alloc=62KB (63808B) java alloc=2MB (2283472B) native alloc=2MB (2313128B) free=3MB (3454040B)
06-24 15:41:19.852 D/CarrierSvcBindHelper( 1715): No carrier app for: 0
06-24 15:41:19.852 D/CarrierSvcBindHelper( 1715): No carrier app for: 1
06-24 15:41:19.863 D/PMS11422(  657): package:com.excelliance.dualaid, input flags:0, output hwFlags:0
06-24 15:41:19.872 E/MemoryLeakMonitorManager( 4529): MemoryLeakMonitor.jar is not exist!
06-24 15:41:19.873 D/CrashHandler( 4529): CrashHandler
06-24 15:41:19.873 D/KXQPApplication( 4529): run: initUserManager
06-24 15:41:19.875 E/Minikin ( 4529): Could not get cmap table size!
06-24 15:41:19.875 D/PMS11422(  657): package:com.excelliance.dualaid, input flags:128, output hwFlags:0
06-24 15:41:19.878 D/PMS1000 (  657): package:com.android.browser, input flags:268436480, output hwFlags:0
06-24 15:41:19.884 E/asset   (  657): createFromFile(): lock file /data/resource-cache/system@emui@base@overlay@frameworkhwexthonor@frameworkhwexthonor.apk@idmap.
06-24 15:41:19.884 E/asset   (  657): createFromFile(): lock file /data/resource-cache/system@emui@base@overlay@frameworkhwexthonor@frameworkhwexthonor.apk@idmap.
06-24 15:41:19.884 W/ResourceType(  657): Found multiple library tables, ignoring...
06-24 15:41:19.885 E/asset   (  657): createFromFile(): lock file /data/resource-cache/system@emui@base@overlay@frameworkhwexthonor@frameworkhwexthonor.apk@idmap.
06-24 15:41:19.885 E/asset   (  657): createFromFile(): lock file /data/resource-cache/system@emui@base@overlay@frameworkhwexthonor@frameworkhwexthonor.apk@idmap.
06-24 15:41:19.885 W/ResourceType(  657): Found multiple library tables, ignoring...
06-24 15:41:19.889 D/AirPushService( 4529): 第一次触发
06-24 15:41:19.889 D/SmtServService( 4529): MSG_LOAD_PLT GameUtil.isPtLoaded() = false
06-24 15:41:19.890 D/PMS1000 (  657): package:com.android.calendar, input flags:268436480, output hwFlags:0
06-24 15:41:19.891 D/PMS1000 (  657): package:com.excelliance.dualaid, input flags:8192, output hwFlags:0
06-24 15:41:19.891 D/PMS1000 (  657): package:com.excelliance.dualaid, input flags:8192, output hwFlags:0
06-24 15:41:19.891 I/HwCust  ( 4529): Constructor found for class android.net.HwCustConnectivityManagerImpl
06-24 15:41:19.892 D/HwCust  ( 4529): Create obj success use class android.net.HwCustConnectivityManagerImpl
06-24 15:41:19.892 D/NetworkStateReceiver( 4529): netWorkConnected = true
06-24 15:41:19.893 D/AirPushUtils( 4529): startPushInfo
06-24 15:41:19.894 D/PMS1001 (  657): package:com.excelliance.dualaid, input flags:0, output hwFlags:0
06-24 15:41:19.894 E/asset   (  657): createFromFile(): lock file /data/resource-cache/system@emui@base@overlay@frameworkhwexthonor@frameworkhwexthonor.apk@idmap.
06-24 15:41:19.894 E/asset   (  657): createFromFile(): lock file /data/resource-cache/system@emui@base@overlay@frameworkhwexthonor@frameworkhwexthonor.apk@idmap.
06-24 15:41:19.894 W/ResourceType(  657): Found multiple library tables, ignoring...
06-24 15:41:19.895 D/AirPushService( 4529): 第一次设置Alarm
06-24 15:41:19.895 D/AirPushService( 4529): resetPushAlarm
06-24 15:41:19.896 D/PMS11422(  657): package:com.excelliance.dualaid, input flags:0, output hwFlags:0
06-24 15:41:19.897 E/asset   (  657): createFromFile(): lock file /data/resource-cache/system@emui@base@overlay@frameworkhwexthonor@frameworkhwexthonor.apk@idmap.
06-24 15:41:19.897 D/SmtServService( 4529): pull info
06-24 15:41:19.897 D/SmtServService( 4529): diffTime = 1529826079897
06-24 15:41:19.897 D/SmtServService( 4529): pushInfoFromServer
06-24 15:41:19.897 E/asset   (  657): createFromFile(): lock file /data/resource-cache/system@emui@base@overlay@frameworkhwexthonor@frameworkhwexthonor.apk@idmap.
06-24 15:41:19.897 W/ResourceType(  657): Found multiple library tables, ignoring...
06-24 15:41:19.898 D/AirPushPreferences( 4529): setLastPushTime
06-24 15:41:19.904 D/PMS1000 (  657): package:com.android.contacts, input flags:268436480, output hwFlags:0
06-24 15:41:19.907 E/asset   (  657): createFromFile(): lock file /data/resource-cache/system@emui@base@overlay@frameworkhwexthonor@frameworkhwexthonor.apk@idmap.
06-24 15:41:19.908 E/asset   (  657): createFromFile(): lock file /data/resource-cache/system@emui@base@overlay@frameworkhwexthonor@frameworkhwexthonor.apk@idmap.
06-24 15:41:19.908 W/ResourceType(  657): Found multiple library tables, ignoring...
06-24 15:41:19.912 D/PMS1000 (  657): package:com.android.email, input flags:268436480, output hwFlags:33554432
06-24 15:41:19.914 I/zygote  ( 4529): Do partial code cache collection, code=27KB, data=31KB
06-24 15:41:19.920 D/StatisticsManager( 4529): Query time diff:1529826079920
06-24 15:41:19.923 I/zygote  ( 4529): After code cache collection, code=11KB, data=18KB
06-24 15:41:19.924 I/zygote  ( 4529): Increasing code cache capacity to 128KB
06-24 15:41:19.925 E/asset   (  657): createFromFile(): lock file /data/resource-cache/system@emui@base@overlay@frameworkhwexthonor@frameworkhwexthonor.apk@idmap.
06-24 15:41:19.925 E/asset   (  657): createFromFile(): lock file /data/resource-cache/system@emui@base@overlay@frameworkhwexthonor@frameworkhwexthonor.apk@idmap.
06-24 15:41:19.925 W/ResourceType(  657): Found multiple library tables, ignoring...
06-24 15:41:19.927 D/launch-time-RU( 4529): preload 24 classes cost 34ms
06-24 15:41:19.928 D/PMS1000 (  657): package:com.android.mediacenter, input flags:268436480, output hwFlags:0
06-24 15:41:19.928 D/PMS11422(  657): package:com.excelliance.dualaid, input flags:128, output hwFlags:0
06-24 15:41:19.931 E/asset   (  657): createFromFile(): lock file /data/resource-cache/system@emui@base@overlay@frameworkhwexthonor@frameworkhwexthonor.apk@idmap.
06-24 15:41:19.931 E/asset   (  657): createFromFile(): lock file /data/resource-cache/system@emui@base@overlay@frameworkhwexthonor@frameworkhwexthonor.apk@idmap.
06-24 15:41:19.931 W/ResourceType(  657): Found multiple library tables, ignoring...
06-24 15:41:19.934 I/chatty  (  657): uid=1000(system) Binder:657_D identical 1 line
06-24 15:41:19.935 D/PMS11422(  657): package:com.excelliance.dualaid, input flags:128, output hwFlags:0
06-24 15:41:19.935 D/PMS1000 (  657): package:com.android.mms, input flags:268436480, output hwFlags:0
06-24 15:41:19.937 D/PMS11422(  657): package:com.excelliance.dualaid, input flags:128, output hwFlags:0
06-24 15:41:19.942 E/asset   (  657): createFromFile(): lock file /data/resource-cache/system@emui@base@overlay@frameworkhwexthonor@frameworkhwexthonor.apk@idmap.
06-24 15:41:19.942 E/asset   (  657): createFromFile(): lock file /data/resource-cache/system@emui@base@overlay@frameworkhwexthonor@frameworkhwexthonor.apk@idmap.
06-24 15:41:19.942 W/ResourceType(  657): Found multiple library tables, ignoring...
06-24 15:41:19.945 I/chatty  (  657): uid=1000(system) Binder:657_D identical 9 lines
06-24 15:41:19.945 D/PMS11422(  657): package:com.excelliance.dualaid, input flags:128, output hwFlags:0
06-24 15:41:19.948 D/PMS11422(  657): package:com.excelliance.dualaid, input flags:128, output hwFlags:0
06-24 15:41:19.950 E/asset   (  657): createFromFile(): lock file /data/resource-cache/system@emui@base@overlay@frameworkhwexthonor@frameworkhwexthonor.apk@idmap.
06-24 15:41:19.950 E/asset   (  657): createFromFile(): lock file /data/resource-cache/system@emui@base@overlay@frameworkhwexthonor@frameworkhwexthonor.apk@idmap.
06-24 15:41:19.950 W/ResourceType(  657): Found multiple library tables, ignoring...
06-24 15:41:19.959 D/StatisticsManager( 4529): Query time diff:1529826079959
06-24 15:41:19.960 E/asset   (  657): createFromFile(): lock file /data/resource-cache/system@emui@base@overlay@frameworkhwexthonor@frameworkhwexthonor.apk@idmap.
06-24 15:41:19.961 E/asset   (  657): createFromFile(): lock file /data/resource-cache/system@emui@base@overlay@frameworkhwexthonor@frameworkhwexthonor.apk@idmap.
06-24 15:41:19.961 W/ResourceType(  657): Found multiple library tables, ignoring...
06-24 15:41:19.963 D/PMS1000 (  657): package:com.example.android.notepad, input flags:268436480, output hwFlags:33554432
06-24 15:41:19.964 D/AirPushDBHelper( 4529): onCreate: pushitemnew
06-24 15:41:19.966 D/StatisticsManager( 4529): Query time diff:1529826079966
06-24 15:41:19.968 D/AirPushDBHelper( 4529): selection = type=? and index_=(select max(index_) from pushitemnew where type=?) , key = vip
06-24 15:41:19.969 D/AirPushDBHelper( 4529): selection = type=? and index_=(select max(index_) from pushitemnew where type=?) , key = update
06-24 15:41:19.969 D/AirPushDBHelper( 4529): selection = type=? and index_=(select max(index_) from pushitemnew where type=?) , key = officalActivity
06-24 15:41:19.970 D/AirPushDBHelper( 4529): selection = type=? and index_=(select max(index_) from pushitemnew where type=?) , key = news
06-24 15:41:19.970 D/AirPushDBHelper( 4529): selection = type=? and index_=(select max(index_) from pushitemnew where type=?) , key = target
06-24 15:41:19.974 D/AirPushDBHelper( 4529): selection = type=? and index_=(select max(index_) from pushitemnew where type=?) , key = batch
06-24 15:41:19.974 D/AirPushDBHelper( 4529): selection = type=? and index_=(select max(index_) from pushitemnew where type=?) , key = skipTarget
06-24 15:41:19.977 D/AirPushDBHelper( 4529): selection = type=? and index_=(select max(index_) from pushitemnew where type=?) , key = thirdApp
06-24 15:41:19.978 D/PushItem( 4529): indexJson = {}
06-24 15:41:19.978 D/AirPushService( 4529): dataJson = {}
06-24 15:41:19.978 V/AirPushService( 4529): ver :e30%3D%0A
06-24 15:41:19.978 D/VersionManager( 4529): httpsRequest getURL = https://mto.multiopen.cn/pushmess.php?ver=466&mainver=231200&data=e30%3D%0A&wxCode=1321&subchid=1&sdkV=8.0.0&pkg=com.excelliance.dualaid&chid=10019&issl=1&compver=54302&wxVerName=6.6.7&vn=4.0.6&model=stf-al10&api=26&brand=honor&aid=f0c2426fc7560cf5
06-24 15:41:19.979 D/NetworkSecurityConfig( 4529): No Network Security Config specified, using platform default
06-24 15:41:19.981 W/libc    (  493): Set property "hw.wifi.dns_stat" to "33109,28655,5028,1,52444"
06-24 15:41:19.987 I/zygote  ( 4492): Do partial code cache collection, code=27KB, data=27KB
06-24 15:41:19.987 I/zygote  ( 4492): After code cache collection, code=27KB, data=27KB
06-24 15:41:19.987 I/zygote  ( 4492): Increasing code cache capacity to 128KB
06-24 15:41:19.994 D/GameUtil( 4529): getSDKDataParam totalmem:5.60GB
06-24 15:41:19.995 D/VersionManager( 4529): httpsRequest getURL = https://folder.appota.cn/genuser.php?chid=10019&subchid=1&vc=466&type=4&data=tbCbI6ooWmOSi%2BhP8At3K55rUDjOXjUCTTE1Q7OqeVGzpiL1Dx8z2UKsv%2F2w066OKzL65VOc%2FHNVNculXvpkfbOlpWKAPUf5ryVSFynVNa8UucDwm5e36rJ6e2Kpu%2B5ykc4DARTfkZV4Ad5N96d4%2BjApQCWZuWchybogtHpbAp5JGb2oE4RYpIUqF8au1pxTSmwBdD5PozvBfX2%2Bj4RIW8u13M8ksM63bQoy2eR4WdDx%2BqZexoey63Hms3xqJyQkd3PFvljbOMDFV5%2BIsI0F%2B0cTu0Poz37kp440m4BdEnDxUpl%2F2SWQiyGENywr4rII2GFixGV6F3FTP2B6Iz%2Bp9XPgTT1Q8jOobYd0%2B7qf7bpZ2AyYZuCae%2FN%2FDrbd9ARIKpXrBwZ7SdplMO1nzphjQUqGRQMAlrO9Oa0Du6EV17%2FgN7YtgBzuJRHbP0GgVSdnIEYbOUnjg9adLEk2nhpRcwGYdX7bJ5%2FC%2FGVy8QMvFO%2FVJ5uAYH82VV6bvSarVkuFeotJT4yadRHbDkYGgVZfCDPVS%2FOPcQttSZtkoN3AjIdEC3B%2BjPtytpdTQYFvI9Ol&issl=1
06-24 15:41:19.995 D/PMS1000 (  657): package:com.huawei.indexsearch, input flags:268436480, output hwFlags:0
06-24 15:41:20.005 D/PMS1000 (  657): package:com.twitter.android, input flags:268436480, output hwFlags:0
06-24 15:41:20.006 D/PMS1000 (  657): package:com.google.android.gms, input flags:268436480, output hwFlags:0
06-24 15:41:20.028 W/X509TrustManager( 4529): checkServerTrusted: SignatureException:null
06-24 15:41:20.028 W/X509TrustManager( 4529): checkServerTrusted: SignatureException:error:04000073:RSA routines:OPENSSL_internal:DATA_TOO_LARGE_FOR_MODULUS
06-24 15:41:20.029 W/X509TrustManager( 4529): checkServerTrusted: SignatureException:null
06-24 15:41:20.030 W/X509TrustManager( 4529): checkServerTrusted: SignatureException:error:04000073:RSA routines:OPENSSL_internal:DATA_TOO_LARGE_FOR_MODULUS
06-24 15:41:20.043 D/PMS1000 (  657): package:com.excelliance.dualaid, input flags:1024, output hwFlags:0
06-24 15:41:20.044 I/ActivityManager(  657): Need to start process com.excelliance.dualaid:lbcore for provider ContentProviderInfo{name=com.excelliance.dualaid:com.excelliance.kxqp.platform.PluginManagerProvider className=com.excelliance.kxqp.platform.PluginManagerProvider}, callerApp: ProcessRecord{4afa52b 4529:com.excelliance.dualaid/u0a1422}
06-24 15:41:20.044 V/ActivityManager(  657): startProcess: name=com.excelliance.dualaid:lbcore app=null knownToBeDead=false thread=null pid=-1
06-24 15:41:20.044 D/PMS1000 (  657): package:com.excelliance.dualaid, input flags:0, output hwFlags:0
06-24 15:41:20.047 D/PMS1000 (  657): package:com.sankuai.meituan, input flags:268436480, output hwFlags:0
06-24 15:41:20.053 I/        ( 4653): power log dlsym ok
06-24 15:41:20.054 W/Searchables(  657): No global search activity found
06-24 15:41:20.054 I/ActivityManager(  657): Start proc 4653:com.excelliance.dualaid:lbcore/u0a1422 for content provider com.excelliance.dualaid/com.excelliance.kxqp.platform.PluginManagerProvider
06-24 15:41:20.055 V/ActivityManager_MU(  657): Waiting to start provider ContentProviderRecord{5311248 u0 com.excelliance.dualaid/com.excelliance.kxqp.platform.PluginManagerProvider} launchingApp=ProcessRecord{d707acf 4653:com.excelliance.dualaid:lbcore/u0a1422} caller pid= 4529
06-24 15:41:20.055 I/zygote  ( 4653): Reinit property: dalvik.vm.checkjni= false
06-24 15:41:20.057 E/asset   (  657): createFromFile(): lock file /data/resource-cache/system@emui@base@overlay@frameworkhwexthonor@frameworkhwexthonor.apk@idmap.
06-24 15:41:20.057 E/asset   (  657): createFromFile(): lock file /data/resource-cache/system@emui@base@overlay@frameworkhwexthonor@frameworkhwexthonor.apk@idmap.
06-24 15:41:20.058 W/ResourceType(  657): Found multiple library tables, ignoring...
06-24 15:41:20.062 D/PMS1000 (  657): package:com.huawei.android.thememanager, input flags:268436480, output hwFlags:0
06-24 15:41:20.064 E/asset   (  657): createFromFile(): lock file /data/resource-cache/system@emui@base@overlay@frameworkhwexthonor@frameworkhwexthonor.apk@idmap.
06-24 15:41:20.064 E/asset   (  657): createFromFile(): lock file /data/resource-cache/system@emui@base@overlay@frameworkhwexthonor@frameworkhwexthonor.apk@idmap.
06-24 15:41:20.064 W/ResourceType(  657): Found multiple library tables, ignoring...
06-24 15:41:20.065 D/ActivityThread( 4653): ActivityThread,attachApplication
06-24 15:41:20.066 D/ActivityManager(  657): ActivityManagerService,attachApplication,callingPid = 4653
06-24 15:41:20.072 W//system/bin/hwservicemanager(  416): Cannot open /odm/manifest.xml
06-24 15:41:20.073 E/asset   (  657): createFromFile(): lock file /data/resource-cache/system@emui@base@overlay@frameworkhwexthonor@frameworkhwexthonor.apk@idmap.
06-24 15:41:20.073 E/asset   (  657): createFromFile(): lock file /data/resource-cache/system@emui@base@overlay@frameworkhwexthonor@frameworkhwexthonor.apk@idmap.
06-24 15:41:20.073 W/ResourceType(  657): Found multiple library tables, ignoring...
06-24 15:41:20.075 D/RMS.ContentOberverResource(  657): clear ObserverResource in contentService
06-24 15:41:20.076 D/HwBastetService(  657): BroadcastReceiver android.intent.action.PACKAGE_CHANGED
06-24 15:41:20.076 D/EmcomManagerService(  657): EmcomManagerReceiver actionandroid.intent.action.PACKAGE_CHANGED
06-24 15:41:20.076 D/EmcomManagerService(  657): doBroadcastMessage  action id: 2
06-24 15:41:20.076 D/EmcomManagerService(  657): handlerPackageChanged  type = 2 packageName = com.excelliance.dualaid
06-24 15:41:20.076 D/XEngineProcessor(  657): handlerPackageChanged  type = 2 packageName = com.excelliance.dualaid
06-24 15:41:20.076 D/GrabService(  657): receive package change msg:com.excelliance.dualaid
06-24 15:41:20.077 D/PMS1000 (  657): package:com.huawei.appmarket, input flags:268436480, output hwFlags:0
06-24 15:41:20.079 E/asset   (  657): createFromFile(): lock file /data/resource-cache/system@emui@base@overlay@frameworkhwexthonor@frameworkhwexthonor.apk@idmap.
06-24 15:41:20.079 E/asset   (  657): createFromFile(): lock file /data/resource-cache/system@emui@base@overlay@frameworkhwexthonor@frameworkhwexthonor.apk@idmap.
06-24 15:41:20.080 W/ResourceType(  657): Found multiple library tables, ignoring...
06-24 15:41:20.083 D/PMS1000 (  657): package:com.huawei.himovie, input flags:268436480, output hwFlags:0
06-24 15:41:20.086 E/asset   (  657): createFromFile(): lock file /data/resource-cache/system@emui@base@overlay@frameworkhwexthonor@frameworkhwexthonor.apk@idmap.
06-24 15:41:20.086 E/asset   (  657): createFromFile(): lock file /data/resource-cache/system@emui@base@overlay@frameworkhwexthonor@frameworkhwexthonor.apk@idmap.
06-24 15:41:20.086 W/ResourceType(  657): Found multiple library tables, ignoring...
06-24 15:41:20.089 W//system/bin/hwservicemanager(  416): Cannot open /odm/manifest.xml
06-24 15:41:20.090 I/GRALLOC (  679): 	 shrFd=10,fmt=0x1,intFmt=0x1,btStrd=256,size=4096,pid=679 
06-24 15:41:20.090 I/GRALLOC (  679): 	 yuv=2,w=16,h=16,Stride u=0 v=0,offset u=0 v=0 
06-24 15:41:20.090 I/GRALLOC (  679): 	 iova_size=4096,conUsg=0x100,proUsg=0x100,	 strd=64,[afbc]HdrStrd=0 PyldStrd=0 Scrmbl=0,ionhnd = 1 
06-24 15:41:20.090 D/PMS1000 (  657): package:com.huawei.hnreader, input flags:268436480, output hwFlags:67108864
06-24 15:41:20.090 D/VersionManager( 4529): uid=353
06-24 15:41:20.095 I/Telecom-DefaultDialerCache(  657): Refreshing default dialer for user 0: now com.android.contacts
06-24 15:41:20.095 D/HwFLClassLoader( 4653): get used feature list :/feature/used-list failed!
06-24 15:41:20.095 D/HwFLClassLoader( 4653): USE_FEATURE_LIST had not init! 
06-24 15:41:20.097 E/asset   (  657): createFromFile(): lock file /data/resource-cache/system@emui@base@overlay@frameworkhwexthonor@frameworkhwexthonor.apk@idmap.
06-24 15:41:20.097 E/asset   (  657): createFromFile(): lock file /data/resource-cache/system@emui@base@overlay@frameworkhwexthonor@frameworkhwexthonor.apk@idmap.
06-24 15:41:20.097 W/ResourceType(  657): Found multiple library tables, ignoring...
06-24 15:41:20.100 D/PMS1000 (  657): package:com.huawei.lives, input flags:268436480, output hwFlags:67108864
06-24 15:41:20.105 D/AirPushService( 4529): result = {"period":"r","vip":{"index_":"","data":""},"update":{"index_":"","data":""},"officalActivity":{"index_":"","data":""},"news":{"index_":"","data":""},"target":{"index_":"","data":""},"batch":{"index_":"","data":""},"skipTarget":{"index_":"","data":""},"thirdApp":{"index_":"","data":""}}
06-24 15:41:20.105 D/AirPushService( 4529): handleCheckerSaveToDB
06-24 15:41:20.105 D/AirPushUtils( 4529): startDbOver
06-24 15:41:20.106 E/asset   (  657): createFromFile(): lock file /data/resource-cache/system@emui@base@overlay@frameworkhwexthonor@frameworkhwexthonor.apk@idmap.
06-24 15:41:20.106 E/asset   (  657): createFromFile(): lock file /data/resource-cache/system@emui@base@overlay@frameworkhwexthonor@frameworkhwexthonor.apk@idmap.
06-24 15:41:20.106 W/ResourceType(  657): Found multiple library tables, ignoring...
06-24 15:41:20.108 D/SmtServService( 4529): db write over
06-24 15:41:20.108 D/PMS11422(  657): package:com.excelliance.dualaid, input flags:128, output hwFlags:0
06-24 15:41:20.108 D/SmtServService( 4529): gameCenterFirstStart = true
06-24 15:41:20.110 D/PMS1000 (  657): package:com.huawei.wallet, input flags:268436480, output hwFlags:0
06-24 15:41:20.111 D/PMS11422(  657): package:com.excelliance.dualaid, input flags:128, output hwFlags:0
06-24 15:41:20.112 E/asset   (  657): createFromFile(): lock file /data/resource-cache/system@emui@base@overlay@frameworkhwexthonor@frameworkhwexthonor.apk@idmap.
06-24 15:41:20.113 E/asset   (  657): createFromFile(): lock file /data/resource-cache/system@emui@base@overlay@frameworkhwexthonor@frameworkhwexthonor.apk@idmap.
06-24 15:41:20.113 W/ResourceType(  657): Found multiple library tables, ignoring...
06-24 15:41:20.123 D/PMS1000 (  657): package:com.vmall.client, input flags:268436480, output hwFlags:67108864
06-24 15:41:20.130 D/PMS10075(  657): package:com.android.printspooler, input flags:0, output hwFlags:0
06-24 15:41:20.131 D/PMS10075(  657): package:com.android.printspooler, input flags:0, output hwFlags:0
06-24 15:41:20.131 D/PMS1000 (  657): package:com.android.printspooler, input flags:8192, output hwFlags:0
06-24 15:41:20.134 D/PMS1000 (  657): package:com.android.printspooler, input flags:8192, output hwFlags:0
06-24 15:41:20.136 I/HwLauncher( 2519): Model onPackageChanged packageName = com.excelliance.dualaid user = UserHandle{0}
06-24 15:41:20.137 I/HwLauncher( 2519): PowerSaveLauncherModel onPackageChanged packageName = com.excelliance.dualaid user = UserHandle{0}
06-24 15:41:20.137 E/HwLauncher( 2519): PowerSaveLauncherModel onPackageChanged:  not inPowerSaveLauncher 
06-24 15:41:20.137 I/HwLauncher( 2519): StreetModeLauncherModel onPackageChanged packageName = com.excelliance.dualaid user = UserHandle{0}
06-24 15:41:20.137 E/HwLauncher( 2519): StreetModeLauncherModel onPackageChanged:  not inStreetModeLauncher 
06-24 15:41:20.140 I/HwLauncher( 2519): AllIdleAppsList  updatePackage : package[com.excelliance.dualaid] matched activity's size is 1 and data List size is 107
06-24 15:41:20.150 D/launch-time-RU( 4653): preload 24 classes cost 21ms
06-24 15:41:20.185 D/ActivityThread( 4653): Loading provider com.excelliance.dualaid:com.excelliance.kxqp.platform.PluginManagerProvider: com.excelliance.kxqp.platform.PluginManagerProvider
06-24 15:41:20.185 D/PMS11422(  657): package:com.excelliance.dualaid, input flags:0, output hwFlags:0
06-24 15:41:20.193 D/PMS1000 (  657): package:com.excelliance.dualaid, input flags:8192, output hwFlags:0
06-24 15:41:20.197 D/PMS1001 (  657): package:com.excelliance.dualaid, input flags:0, output hwFlags:0
06-24 15:41:20.202 D/PMS11422(  657): package:com.excelliance.dualaid, input flags:0, output hwFlags:0
06-24 15:41:20.204 D/PMS11422(  657): package:com.excelliance.dualaid:lbcore, input flags:0, output is null
06-24 15:41:20.205 I/Bluetooth_framework(  657): BluetoothManagerService:Added callback: android.bluetooth.IBluetoothManagerCallback$Stub$Proxy@5482b69:true pid = 4653
06-24 15:41:20.207 D/PMS11422(  657): package:com.excelliance.dualaid, input flags:128, output hwFlags:0
06-24 15:41:20.222 I/LBVMD-LBPMS( 4653): LBVMRT: version 54302:543.02
06-24 15:41:20.222 E/zygote  ( 4653): Invalid capacity given to EnsureLocalCapacity: 800
06-24 15:41:20.235 I/HwCust  ( 4653): Constructor found for class android.net.HwCustConnectivityManagerImpl
06-24 15:41:20.235 D/HwCust  ( 4653): Create obj success use class android.net.HwCustConnectivityManagerImpl
06-24 15:41:20.239 D/PMS11422(  657): package:com.excelliance.dualaid, input flags:0, output hwFlags:0
06-24 15:41:20.247 I/chatty  (  657): uid=1000(system) Binder:657_15 identical 1 line
06-24 15:41:20.248 D/PMS11422(  657): package:com.excelliance.dualaid, input flags:0, output hwFlags:0
06-24 15:41:20.250 V/ActivityManager(  657): Successfully start provider ContentProviderRecord{5311248 u0 com.excelliance.dualaid/com.excelliance.kxqp.platform.PluginManagerProvider} launchingApp=ProcessRecord{d707acf 4653:com.excelliance.dualaid:lbcore/u0a1422} caller pid= 4529
06-24 15:41:20.250 E/MemoryLeakMonitorManager( 4653): MemoryLeakMonitor.jar is not exist!
06-24 15:41:20.252 D/KXQPApplication( 4653): run: initUserManager
06-24 15:41:20.252 E/MemoryLeakMonitorManager( 4653): MemoryLeakMonitor.jar is not exist!
06-24 15:41:20.253 V/HwWidgetFactory( 4653): : successes to get AllImpl object and return....
06-24 15:41:20.255 E/Minikin ( 4653): Could not get cmap table size!
06-24 15:41:20.255 D/PMS11422(  657): package:com.excelliance.dualaid, input flags:128, output hwFlags:0
06-24 15:41:20.255 E/MemoryLeakMonitorManager( 4529): MemoryLeakMonitor.jar is not exist!
06-24 15:41:20.257 D/SmtServService( 4529): MSG_LOAD_PLT after msg.obj
06-24 15:41:20.257 V/ActivityManager(  657): Attempted to start a foreground service (ComponentInfo{com.excelliance.dualaid/com.excelliance.kxqp.platform.TrampolineService}) with a broken notification (no icon: Notification(channel=null pri=0 contentView=null vibrate=null sound=null defaults=0x0 flags=0x40 color=0x00000000 vis=PRIVATE))
06-24 15:41:20.263 E/zygote  ( 4653): Invalid capacity given to EnsureLocalCapacity: 592
06-24 15:41:20.271 W/PackageParser( 4653): No actions in intent filter at /data/app/com.huawei.hwid-Sc7ADDdoDYIYREll7tj_iw==/base.apk Binary XML file line #1412
06-24 15:41:20.273 W/PackageParser( 4653): No actions in intent filter at /data/app/com.huawei.hwid-Sc7ADDdoDYIYREll7tj_iw==/base.apk Binary XML file line #1680
06-24 15:41:20.273 W/PackageParser( 4653): No actions in intent filter at /data/app/com.huawei.hwid-Sc7ADDdoDYIYREll7tj_iw==/base.apk Binary XML file line #1694
06-24 15:41:20.277 D/HwNotificationManagerService(  657): recognize: tag=null, id=268435456, user=UserHandle{0}, pkg=com.excelliance.dualaid, uid=11422, callingPid=4653
06-24 15:41:20.277 D/PMS1000 (  657): package:com.excelliance.dualaid, input flags:0, output hwFlags:0
06-24 15:41:20.277 I/[HwRecSys]HwRecSysAidlService( 2647): doNotificationCollect -> current num:1
06-24 15:41:20.278 I/[HwRecSys]-Notification-NotificationUpdateController( 2647): startNotificationUpdate start!
06-24 15:41:20.278 W/SettingsEx( 2647): SettingsEx.Systemex.getInt deprecated use Settings.System.getInt instead ;callers=com.huawei.recsys.util.SystemUtil.getNotificationUpdateMode:169 com.huawei.recsys.util.SystemUtil.isAllowUpdate:104 com.huawei.recsys.controller.notification.http.NotificationUpdateController.startNotificationUpdate:85 
06-24 15:41:20.278 I/[HwRecSys]SystemUtil( 2647): isAllowUpdate mode:1
06-24 15:41:20.278 I/[HwRecSys]SystemUtil( 2647): isAllowUpdate isAllowUpdate:true
06-24 15:41:20.279 I/[HwRecSys]-Notification-NotificationUpdateController( 2647):  -> currentYear:2018
06-24 15:41:20.279 I/[HwRecSys]-Notification-NotificationUpdateController( 2647):  -> currentMonth:5
06-24 15:41:20.279 I/[HwRecSys]-Notification-NotificationUpdateController( 2647):  -> currentDay:24
06-24 15:41:20.279 I/[HwRecSys]-Notification-NotificationUpdateController( 2647):  -> oldYear:2018
06-24 15:41:20.279 I/[HwRecSys]-Notification-NotificationUpdateController( 2647):  -> oldMonth:5
06-24 15:41:20.279 I/[HwRecSys]-Notification-NotificationUpdateController( 2647):  -> oldDay:24
06-24 15:41:20.279 E/[HwRecSys]-Notification-NotificationUpdateController( 2647): startNotificationUpdate time is valid no need request
06-24 15:41:20.279 I/[HwRecSys]-Notification-NotificationController( 2647): doNotificationCollect start!
06-24 15:41:20.280 E/[HwRecSys]-Notification-NotificationController( 2647): HwDefaultLabels returnStr:107
06-24 15:41:20.280 E/[HwRecSys]-Notification-NotificationController( 2647): getChinese paramValue is null!
06-24 15:41:20.283 E/[HwRecSys]-Notification-NotificationController( 2647): doNotificationCollect getLabelByRegRules label:107
06-24 15:41:20.283 I/[HwRecSys]HwRecSysAidlService( 2647): doNotificationCollect ->  finally remote Num - 1 !
06-24 15:41:20.283 I/HwNotificationManagerService(  657): doNotificationCollect: pkg=com.excelliance.dualaid, uid=11422, hw_type=107, hw_btw=true
06-24 15:41:20.283 D/PMS1000 (  657): package:com.excelliance.dualaid, input flags:268435456, output hwFlags:0
06-24 15:41:20.283 D/PMS1000 (  657): package:com.excelliance.dualaid, input flags:0, output hwFlags:0
06-24 15:41:20.284 W/NotificationRecord(  657): Use default channel, The importance is:2
06-24 15:41:20.284 D/PMS1000 (  657): package:com.excelliance.dualaid, input flags:0, output hwFlags:0
06-24 15:41:20.284 V/ActivityManager(  657): Attempted to start a foreground service (ComponentInfo{com.excelliance.dualaid/com.excelliance.kxqp.platform.TrampolineService$EmptyService}) with a broken notification (no icon: Notification(channel=null pri=0 contentView=null vibrate=null sound=null defaults=0x0 flags=0x40 color=0x00000000 vis=PRIVATE))
06-24 15:41:20.287 I/Pged-IPgedBinderService(  769): ****action is 2, pid num is 6***
06-24 15:41:20.287 I/Pged-Freezer(  769): thawPids
06-24 15:41:20.287 D/HwNotificationManagerService(  657): recognize: tag=null, id=268435456, user=UserHandle{0}, pkg=com.excelliance.dualaid, uid=11422, callingPid=4653
06-24 15:41:20.287 D/PMS1000 (  657): package:com.excelliance.dualaid, input flags:0, output hwFlags:0
06-24 15:41:20.288 D/PgedBinderAdapter( 1699): unfrz ok, pid: [29457, 29531, 29347, 27318, 29532]
06-24 15:41:20.288 I/[HwRecSys]HwRecSysAidlService( 2647): doNotificationCollect -> current num:1
06-24 15:41:20.289 I/[HwRecSys]-Notification-NotificationUpdateController( 2647): startNotificationUpdate start!
06-24 15:41:20.289 W/SettingsEx( 2647): SettingsEx.Systemex.getInt deprecated use Settings.System.getInt instead ;callers=com.huawei.recsys.util.SystemUtil.getNotificationUpdateMode:169 com.huawei.recsys.util.SystemUtil.isAllowUpdate:104 com.huawei.recsys.controller.notification.http.NotificationUpdateController.startNotificationUpdate:85 
06-24 15:41:20.289 I/[HwRecSys]SystemUtil( 2647): isAllowUpdate mode:1
06-24 15:41:20.289 I/[HwRecSys]SystemUtil( 2647): isAllowUpdate isAllowUpdate:true
06-24 15:41:20.289 I/[HwRecSys]-Notification-NotificationUpdateController( 2647):  -> currentYear:2018
06-24 15:41:20.289 I/[HwRecSys]-Notification-NotificationUpdateController( 2647):  -> currentMonth:5
06-24 15:41:20.289 I/[HwRecSys]-Notification-NotificationUpdateController( 2647):  -> currentDay:24
06-24 15:41:20.289 I/[HwRecSys]-Notification-NotificationUpdateController( 2647):  -> oldYear:2018
06-24 15:41:20.289 I/[HwRecSys]-Notification-NotificationUpdateController( 2647):  -> oldMonth:5
06-24 15:41:20.289 I/[HwRecSys]-Notification-NotificationUpdateController( 2647):  -> oldDay:24
06-24 15:41:20.289 E/[HwRecSys]-Notification-NotificationUpdateController( 2647): startNotificationUpdate time is valid no need request
06-24 15:41:20.289 I/[HwRecSys]-Notification-NotificationController( 2647): doNotificationCollect start!
06-24 15:41:20.290 E/[HwRecSys]-Notification-NotificationController( 2647): HwDefaultLabels returnStr:107
06-24 15:41:20.290 E/[HwRecSys]-Notification-NotificationController( 2647): getChinese paramValue is null!
06-24 15:41:20.291 E/[HwRecSys]-Notification-NotificationController( 2647): doNotificationCollect getLabelByRegRules label:107
06-24 15:41:20.291 I/[HwRecSys]HwRecSysAidlService( 2647): doNotificationCollect ->  finally remote Num - 1 !
06-24 15:41:20.291 I/HwNotificationManagerService(  657): doNotificationCollect: pkg=com.excelliance.dualaid, uid=11422, hw_type=107, hw_btw=true
06-24 15:41:20.291 D/PMS1000 (  657): package:com.excelliance.dualaid, input flags:268435456, output hwFlags:0
06-24 15:41:20.291 D/PMS1000 (  657): package:com.excelliance.dualaid, input flags:0, output hwFlags:0
06-24 15:41:20.291 W/NotificationRecord(  657): Use default channel, The importance is:2
06-24 15:41:20.293 I/appium  (29532): Null child 0/3, parent: android.view.accessibility.AccessibilityNodeInfo@9abf; boundsInParent: Rect(0, 0 - 1080, 1580); boundsInScreen: Rect(0, 0 - 1080, 1532); packageName: com.huawei.android.launcher; className: android.view.ViewGroup; text: null; error: null; maxTextLength: -1; contentDescription: null; viewIdResName: com.huawei.android.launcher:id/workspace_screen; checkable: false; checked: false; focusable: false; focused: false; selected: false; clickable: true; longClickable: true; contextClickable: false; enabled: true; password: false; scrollable: false; importantForAccessibility: true; actions: [AccessibilityAction: ACTION_SELECT - null, AccessibilityAction: ACTION_CLEAR_SELECTION - null, AccessibilityAction: ACTION_CLICK - null, AccessibilityAction: ACTION_LONG_CLICK - null, AccessibilityAction: ACTION_ACCESSIBILITY_FOCUS - null, AccessibilityAction: ACTION_SHOW_ON_SCREEN - null]
06-24 15:41:20.295 I/appium  (29532): Null child 1/3, parent: android.view.accessibility.AccessibilityNodeInfo@9abf; boundsInParent: Rect(0, 0 - 1080, 1580); boundsInScreen: Rect(0, 0 - 1080, 1532); packageName: com.huawei.android.launcher; className: android.view.ViewGroup; text: null; error: null; maxTextLength: -1; contentDescription: null; viewIdResName: com.huawei.android.launcher:id/workspace_screen; checkable: false; checked: false; focusable: false; focused: false; selected: false; clickable: true; longClickable: true; contextClickable: false; enabled: true; password: false; scrollable: false; importantForAccessibility: true; actions: [AccessibilityAction: ACTION_SELECT - null, AccessibilityAction: ACTION_CLEAR_SELECTION - null, AccessibilityAction: ACTION_CLICK - null, AccessibilityAction: ACTION_LONG_CLICK - null, AccessibilityAction: ACTION_ACCESSIBILITY_FOCUS - null, AccessibilityAction: ACTION_SHOW_ON_SCREEN - null]
06-24 15:41:20.295 I/appium  (29532): Null child 2/3, parent: android.view.accessibility.AccessibilityNodeInfo@9abf; boundsInParent: Rect(0, 0 - 1080, 1580); boundsInScreen: Rect(0, 0 - 1080, 1532); packageName: com.huawei.android.launcher; className: android.view.ViewGroup; text: null; error: null; maxTextLength: -1; contentDescription: null; viewIdResName: com.huawei.android.launcher:id/workspace_screen; checkable: false; checked: false; focusable: false; focused: false; selected: false; clickable: true; longClickable: true; contextClickable: false; enabled: true; password: false; scrollable: false; importantForAccessibility: true; actions: [AccessibilityAction: ACTION_SELECT - null, AccessibilityAction: ACTION_CLEAR_SELECTION - null, AccessibilityAction: ACTION_CLICK - null, AccessibilityAction: ACTION_LONG_CLICK - null, AccessibilityAction: ACTION_ACCESSIBILITY_FOCUS - null, AccessibilityAction: ACTION_SHOW_ON_SCREEN - null]
06-24 15:41:20.296 D/NotificationService(  657): mGameDndStatus is:false ,isGameDndSwitchOn is:false
06-24 15:41:20.296 I/appium  (29532): Null child 3/4, parent: android.view.accessibility.AccessibilityNodeInfo@78f6; boundsInParent: Rect(2160, 0 - 3240, 1920); boundsInScreen: Rect(0, 0 - 1080, 1920); packageName: com.huawei.android.launcher; className: android.view.ViewGroup; text: null; error: null; maxTextLength: -1; contentDescription: 第 3 屏，共 4 屏; viewIdResName: com.huawei.android.launcher:id/workspace; checkable: false; checked: false; focusable: false; focused: false; selected: false; clickable: false; longClickable: false; contextClickable: false; enabled: true; password: false; scrollable: true; importantForAccessibility: true; actions: [AccessibilityAction: ACTION_SELECT - null, AccessibilityAction: ACTION_CLEAR_SELECTION - null, AccessibilityAction: ACTION_ACCESSIBILITY_FOCUS - null, AccessibilityAction: ACTION_NEXT_AT_MOVEMENT_GRANULARITY - null, AccessibilityAction: ACTION_PREVIOUS_AT_MOVEMENT_GRANULARITY - null, AccessibilityAction: ACTION_SET_SELECTION - null, AccessibilityAction: ACTION_SHOW_ON_SCREEN - null]
06-24 15:41:20.297 I/appium  (29532): Null child 1/4, parent: android.view.accessibility.AccessibilityNodeInfo@8bbb; boundsInParent: Rect(0, 0 - 1080, 1920); boundsInScreen: Rect(0, 0 - 1080, 1920); packageName: com.huawei.android.launcher; className: android.widget.FrameLayout; text: null; error: null; maxTextLength: -1; contentDescription: null; viewIdResName: com.huawei.android.launcher:id/drag_layer; checkable: false; checked: false; focusable: false; focused: false; selected: false; clickable: false; longClickable: false; contextClickable: false; enabled: true; password: false; scrollable: false; importantForAccessibility: false; actions: [AccessibilityAction: ACTION_SELECT - null, AccessibilityAction: ACTION_CLEAR_SELECTION - null, AccessibilityAction: ACTION_ACCESSIBILITY_FOCUS - null, AccessibilityAction: ACTION_SHOW_ON_SCREEN - null]
