06-24 15:34:06.172 D/BarTransitions.HwPhoneStatusBarView( 1513): applyModeBackground oldMode=MODE_TRANSPARENT newMode=MODE_TRANSLUCENT animate=false
06-24 15:34:06.173 D/BarTransitions.HwNavigationBarView( 1513): MODE_TRANSLUCENT -> MODE_OPAQUE animate=false
06-24 15:34:06.173 D/BarTransitions.HwNavigationBarView( 1513): applyModeBackground oldMode=MODE_TRANSLUCENT newMode=MODE_OPAQUE animate=false
06-24 15:34:06.251 I/TrafficMonitor(  657): expired arrive. level:-1
06-24 15:34:06.251 I/TrafficMonitor(  657): during_ms:2002,period_ms:2000
06-24 15:34:06.251 I/TrafficMonitor(  657): count:766,rx_sum:0,tx_sum:2,rxBytes:0,during_ms:2002,rx_speed:0.0,tx_speed:49.95004995004996,rto:0.0
06-24 15:34:06.251 D/HuaweiWifiWatchdogStateMachine(  657): speed: rxpkt:0, rxSpd:0B/s, txpkt:2, txSpd:49
06-24 15:34:06.369 I/HwNormalizedSpline(  657): getEyeProtectionBrightnessLevel lux =239.0, mDefaultBrightnessFromLux =68.645
06-24 15:34:06.547 I/dex2oat (12742): dex2oat took 403.495ms (1.004s cpu) (threads: 4) arena alloc=48KB (50064B) java alloc=2MB (3127336B) native alloc=4MB (4683080B) free=2MB (2656952B)
06-24 15:34:06.560 D/PMS11422(  657): package:com.excelliance.dualaid, input flags:128, output hwFlags:0
06-24 15:34:06.599 W/dex2oat (12758): Using default instruction set features for ARM CPU variant (default) using conservative defaults
06-24 15:34:06.599 I/dex2oat (12758): /system/bin/dex2oat -j4 --dex-file=/data/data/com.excelliance.dualaid/.platformcache/kxqpplatform2.jar --output-vdex-fd=50 --oat-fd=51 --oat-location=/data/data/com.excelliance.dualaid/.platformcache/oat/arm/kxqpplatform2.odex --compiler-filter=quicken
06-24 15:34:06.599 I/cutils-trace(12758): atrace_init_once, trace_marker_path = /sys/kernel/debug/tracing/trace_marker
06-24 15:34:06.604 I/GRALLOC (  679): 	 shrFd=10,fmt=0x1,intFmt=0x200000001,btStrd=4352,size=8486912,pid=679 
06-24 15:34:06.604 I/GRALLOC (  679): 	 yuv=2,w=1080,h=1920,Stride u=0 v=0,offset u=0 v=0 
06-24 15:34:06.604 I/GRALLOC (  679): 	 iova_size=8486912,conUsg=0xb00,proUsg=0xb00,	 strd=1088,[afbc]HdrStrd=1088 PyldStrd=69632 Scrmbl=2,ionhnd = 1 
06-24 15:34:06.655 I/GRALLOC (  679): 	 shrFd=10,fmt=0x1,intFmt=0x200000001,btStrd=4352,size=8486912,pid=679 
06-24 15:34:06.655 I/GRALLOC (  679): 	 yuv=2,w=1080,h=1920,Stride u=0 v=0,offset u=0 v=0 
06-24 15:34:06.655 I/GRALLOC (  679): 	 iova_size=8486912,conUsg=0xb00,proUsg=0xb00,	 strd=1088,[afbc]HdrStrd=1088 PyldStrd=69632 Scrmbl=2,ionhnd = 1 
06-24 15:34:06.799 E/memtrack(26506): Couldn't load memtrack module
06-24 15:34:06.799 W/android.os.Debug(26506): failed to get memory consumption info: -1
06-24 15:34:06.805 I/dex2oat (12758): dex2oat took 205.743ms (437.366ms cpu) (threads: 4) arena alloc=3KB (4064B) java alloc=2MB (2267088B) native alloc=2MB (2316160B) free=2MB (2926720B)
06-24 15:34:06.816 D/PMS11422(  657): package:com.excelliance.dualaid, input flags:0, output hwFlags:0
06-24 15:34:06.828 E/MemoryLeakMonitorManager(12701): MemoryLeakMonitor.jar is not exist!
06-24 15:34:06.828 D/CrashHandler(12701): CrashHandler
06-24 15:34:06.829 D/KXQPApplication(12701): run: initUserManager
06-24 15:34:06.830 E/Minikin (12701): Could not get cmap table size!
06-24 15:34:06.830 D/PMS11422(  657): package:com.excelliance.dualaid, input flags:128, output hwFlags:0
06-24 15:34:06.846 D/AirPushService(12701): 第一次触发
06-24 15:34:06.847 D/SmtServService(12701): MSG_LOAD_PLT GameUtil.isPtLoaded() = false
06-24 15:34:06.849 I/HwCust  (12701): Constructor found for class android.net.HwCustConnectivityManagerImpl
06-24 15:34:06.849 D/HwCust  (12701): Create obj success use class android.net.HwCustConnectivityManagerImpl
06-24 15:34:06.851 D/NetworkStateReceiver(12701): netWorkConnected = true
06-24 15:34:06.852 D/AirPushUtils(12701): startPushInfo
06-24 15:34:06.852 D/PMS1000 (  657): package:com.excelliance.dualaid, input flags:8192, output hwFlags:0
06-24 15:34:06.855 D/AirPushService(12701): 第一次设置Alarm
06-24 15:34:06.855 D/AirPushService(12701): resetPushAlarm
06-24 15:34:06.856 D/PMS1001 (  657): package:com.excelliance.dualaid, input flags:0, output hwFlags:0
06-24 15:34:06.856 D/SmtServService(12701): pull info
06-24 15:34:06.856 D/SmtServService(12701): diffTime = 1529825646856
06-24 15:34:06.856 D/SmtServService(12701): pushInfoFromServer
06-24 15:34:06.857 D/AirPushPreferences(12701): setLastPushTime
06-24 15:34:06.860 D/PMS11422(  657): package:com.excelliance.dualaid, input flags:0, output hwFlags:0
06-24 15:34:06.865 D/PMS11422(  657): package:com.excelliance.dualaid, input flags:128, output hwFlags:0
06-24 15:34:06.870 E/memtrack(26506): Couldn't load memtrack module
06-24 15:34:06.870 W/android.os.Debug(26506): failed to get memory consumption info: -1
06-24 15:34:06.883 I/zygote  (12701): Do partial code cache collection, code=27KB, data=31KB
06-24 15:34:06.897 I/zygote  (12701): After code cache collection, code=11KB, data=18KB
06-24 15:34:06.897 I/zygote  (12701): Increasing code cache capacity to 128KB
06-24 15:34:06.898 I/chatty  (  657): uid=1000(system) Binder:657_15 identical 6 lines
06-24 15:34:06.900 D/PMS11422(  657): package:com.excelliance.dualaid, input flags:128, output hwFlags:0
06-24 15:34:06.900 D/PMS11422(  657): package:com.excelliance.dualaid, input flags:128, output hwFlags:0
06-24 15:34:06.901 D/StatisticsManager(12701): Query time diff:1529825646901
06-24 15:34:06.912 D/launch-time-RU(12701): preload 24 classes cost 62ms
06-24 15:34:06.917 D/PMS11422(  657): package:com.excelliance.dualaid, input flags:128, output hwFlags:0
06-24 15:34:06.917 D/PMS11422(  657): package:com.excelliance.dualaid, input flags:128, output hwFlags:0
06-24 15:34:06.924 D/StatisticsManager(12701): Query time diff:1529825646924
06-24 15:34:06.924 D/NetWorkUtils( 1513): mVSimCurCardType is -1
06-24 15:34:06.925 D/NetWorkUtils( 1513): mVSimCurCardType is -1
06-24 15:34:06.929 I/zygote  (12676): Do partial code cache collection, code=27KB, data=27KB
06-24 15:34:06.929 I/zygote  (12676): After code cache collection, code=27KB, data=27KB
06-24 15:34:06.929 I/zygote  (12676): Increasing code cache capacity to 128KB
06-24 15:34:06.945 D/StatisticsManager(12701): Query time diff:1529825646945
06-24 15:34:06.955 D/AirPushDBHelper(12701): onCreate: pushitemnew
06-24 15:34:06.957 D/AirPushDBHelper(12701): selection = type=? and index_=(select max(index_) from pushitemnew where type=?) , key = vip
06-24 15:34:06.957 D/AirPushDBHelper(12701): selection = type=? and index_=(select max(index_) from pushitemnew where type=?) , key = update
06-24 15:34:06.957 D/AirPushDBHelper(12701): selection = type=? and index_=(select max(index_) from pushitemnew where type=?) , key = officalActivity
06-24 15:34:06.957 D/AirPushDBHelper(12701): selection = type=? and index_=(select max(index_) from pushitemnew where type=?) , key = news
06-24 15:34:06.957 D/AirPushDBHelper(12701): selection = type=? and index_=(select max(index_) from pushitemnew where type=?) , key = target
06-24 15:34:06.958 D/AirPushDBHelper(12701): selection = type=? and index_=(select max(index_) from pushitemnew where type=?) , key = batch
06-24 15:34:06.958 D/AirPushDBHelper(12701): selection = type=? and index_=(select max(index_) from pushitemnew where type=?) , key = skipTarget
06-24 15:34:06.958 D/AirPushDBHelper(12701): selection = type=? and index_=(select max(index_) from pushitemnew where type=?) , key = thirdApp
06-24 15:34:06.958 D/PushItem(12701): indexJson = {}
06-24 15:34:06.958 D/AirPushService(12701): dataJson = {}
06-24 15:34:06.958 V/AirPushService(12701): ver :e30%3D%0A
06-24 15:34:06.959 D/VersionManager(12701): httpsRequest getURL = https://mto.multiopen.cn/pushmess.php?ver=466&mainver=231200&data=e30%3D%0A&wxCode=1321&subchid=1&sdkV=8.0.0&pkg=com.excelliance.dualaid&chid=10019&issl=1&compver=54302&wxVerName=6.6.7&vn=4.0.6&model=stf-al10&api=26&brand=honor&aid=f0c2426fc7560cf5
06-24 15:34:06.959 D/NetworkSecurityConfig(12701): No Network Security Config specified, using platform default
06-24 15:34:06.961 W/libc    (  493): Set property "hw.wifi.dns_stat" to "30134,25821,5028,1,52162"
06-24 15:34:06.994 D/GameUtil(12701): getSDKDataParam totalmem:5.60GB
06-24 15:34:07.003 W/X509TrustManager(12701): checkServerTrusted: SignatureException:null
06-24 15:34:07.004 W/X509TrustManager(12701): checkServerTrusted: SignatureException:error:04000073:RSA routines:OPENSSL_internal:DATA_TOO_LARGE_FOR_MODULUS
06-24 15:34:07.008 D/PMS1000 (  657): package:com.excelliance.dualaid, input flags:1024, output hwFlags:0
06-24 15:34:07.008 I/ActivityManager(  657): Need to start process com.excelliance.dualaid:lbcore for provider ContentProviderInfo{name=com.excelliance.dualaid:com.excelliance.kxqp.platform.PluginManagerProvider className=com.excelliance.kxqp.platform.PluginManagerProvider}, callerApp: ProcessRecord{9e21ca1 12701:com.excelliance.dualaid/u0a1422}
06-24 15:34:07.008 V/ActivityManager(  657): startProcess: name=com.excelliance.dualaid:lbcore app=null knownToBeDead=false thread=null pid=-1
06-24 15:34:07.008 D/PMS1000 (  657): package:com.excelliance.dualaid, input flags:0, output hwFlags:0
06-24 15:34:07.009 D/VersionManager(12701): httpsRequest getURL = https://folder.appota.cn/genuser.php?chid=10019&subchid=1&vc=466&type=4&data=tbCbI6ooWmOSi%2BhP8At3K55rUDjOXjUCTTE1Q7OqeVGzpiL1Dx8z2UKsv%2F2w066OKzL65VOc%2FHNVNculXvpkfbOlpWKAPUf5ryVSFynVNa8UucDwm5e36rJ6e2Kpu%2B5ykc4DARTfkZV4Ad5N96d4%2BjApQCWZuWchybogtHpbAp5JGb2oE4RYpIUqF8au1pxTSmwBdD5PozvBfX2%2Bj4RIW8u13M8ksM63bQoy2eR4WdDx%2BqZexoey63Hms3xqJyQkd3PFvljbOMDFV5%2BIsI0F%2B0cTu0Poz37kp440m4BdEnDxUpl%2F2SWQiyGENywr4rII2GFixGV6F3FTP2B6Iz%2Bp9XPgTT1Q8jOobYd0%2B7qf7bpZ2AyYZuCae%2FN%2FDrbd9ARIKpXrBwZ7SdplMO1nzphjQUqGRQMAlrO9Oa0Du6EV17%2FgN7YtgBzuJRHbP0GgVSdnIEYbOUnjg9adLEk2nhpRcwGYdX7bJ5%2FC%2FGVy8QMvFO%2FVJ5uAYH82VV6bvSarVkuFeotJT4yadRHbDkYGgVZfCDPVS%2FOPcQttSZtkoN3AjIdEC3B%2BjPtytpdTQYFvI9Ol&issl=1
06-24 15:34:07.016 I/ActivityManager(  657): Start proc 12793:com.excelliance.dualaid:lbcore/u0a1422 for content provider com.excelliance.dualaid/com.excelliance.kxqp.platform.PluginManagerProvider
06-24 15:34:07.017 V/ActivityManager_MU(  657): Waiting to start provider ContentProviderRecord{496005a u0 com.excelliance.dualaid/com.excelliance.kxqp.platform.PluginManagerProvider} launchingApp=ProcessRecord{b026805 12793:com.excelliance.dualaid:lbcore/u0a1422} caller pid= 12701
06-24 15:34:07.018 I/        (12793): power log dlsym ok
06-24 15:34:07.020 I/zygote  (12793): Reinit property: dalvik.vm.checkjni= false
06-24 15:34:07.025 D/ActivityThread(12793): ActivityThread,attachApplication
06-24 15:34:07.026 D/ActivityManager(  657): ActivityManagerService,attachApplication,callingPid = 12793
06-24 15:34:07.034 W//system/bin/hwservicemanager(  416): Cannot open /odm/manifest.xml
06-24 15:34:07.043 W//system/bin/hwservicemanager(  416): Cannot open /odm/manifest.xml
06-24 15:34:07.043 W/X509TrustManager(12701): checkServerTrusted: SignatureException:null
06-24 15:34:07.043 W/X509TrustManager(12701): checkServerTrusted: SignatureException:error:04000073:RSA routines:OPENSSL_internal:DATA_TOO_LARGE_FOR_MODULUS
06-24 15:34:07.044 I/GRALLOC (  679): 	 shrFd=10,fmt=0x1,intFmt=0x1,btStrd=256,size=4096,pid=679 
06-24 15:34:07.044 I/GRALLOC (  679): 	 yuv=2,w=16,h=16,Stride u=0 v=0,offset u=0 v=0 
06-24 15:34:07.044 I/GRALLOC (  679): 	 iova_size=4096,conUsg=0x100,proUsg=0x100,	 strd=64,[afbc]HdrStrd=0 PyldStrd=0 Scrmbl=0,ionhnd = 1 
06-24 15:34:07.045 D/HwFLClassLoader(12793): get used feature list :/feature/used-list failed!
06-24 15:34:07.045 D/HwFLClassLoader(12793): USE_FEATURE_LIST had not init! 
06-24 15:34:07.052 D/AirPushService(12701): result = {"period":"r","vip":{"index_":"","data":""},"update":{"index_":"","data":""},"officalActivity":{"index_":"","data":""},"news":{"index_":"","data":""},"target":{"index_":"","data":""},"batch":{"index_":"","data":""},"skipTarget":{"index_":"","data":""},"thirdApp":{"index_":"","data":""}}
06-24 15:34:07.052 D/AirPushService(12701): handleCheckerSaveToDB
06-24 15:34:07.052 D/AirPushUtils(12701): startDbOver
06-24 15:34:07.055 D/SmtServService(12701): db write over
06-24 15:34:07.057 D/SmtServService(12701): gameCenterFirstStart = true
06-24 15:34:07.058 D/PMS11422(  657): package:com.excelliance.dualaid, input flags:128, output hwFlags:0
06-24 15:34:07.105 D/launch-time-RU(12793): preload 24 classes cost 19ms
06-24 15:34:07.106 D/VersionManager(12701): uid=353
06-24 15:34:07.133 D/ActivityThread(12793): Loading provider com.excelliance.dualaid:com.excelliance.kxqp.platform.PluginManagerProvider: com.excelliance.kxqp.platform.PluginManagerProvider
06-24 15:34:07.133 D/PMS11422(  657): package:com.excelliance.dualaid, input flags:0, output hwFlags:0
06-24 15:34:07.142 D/PMS1000 (  657): package:com.excelliance.dualaid, input flags:8192, output hwFlags:0
06-24 15:34:07.146 D/PMS1001 (  657): package:com.excelliance.dualaid, input flags:0, output hwFlags:0
06-24 15:34:07.151 D/PMS11422(  657): package:com.excelliance.dualaid, input flags:0, output hwFlags:0
06-24 15:34:07.154 D/PMS11422(  657): package:com.excelliance.dualaid:lbcore, input flags:0, output is null
06-24 15:34:07.155 I/Bluetooth_framework(  657): BluetoothManagerService:Added callback: android.bluetooth.IBluetoothManagerCallback$Stub$Proxy@9467f81:true pid = 12793
06-24 15:34:07.160 D/PMS11422(  657): package:com.excelliance.dualaid, input flags:128, output hwFlags:0
06-24 15:34:07.174 I/LBVMD-LBPMS(12793): LBVMRT: version 54302:543.02
06-24 15:34:07.176 E/zygote  (12793): Invalid capacity given to EnsureLocalCapacity: 800
06-24 15:34:07.188 I/HwCust  (12793): Constructor found for class android.net.HwCustConnectivityManagerImpl
06-24 15:34:07.188 D/HwCust  (12793): Create obj success use class android.net.HwCustConnectivityManagerImpl
06-24 15:34:07.196 D/PMS11422(  657): package:com.excelliance.dualaid, input flags:0, output hwFlags:0
06-24 15:34:07.206 D/PMS11422(  657): package:com.excelliance.dualaid, input flags:0, output hwFlags:0
06-24 15:34:07.208 V/HwWidgetFactory(12793): : successes to get AllImpl object and return....
06-24 15:34:07.206 D/PMS11422(  657): package:com.excelliance.dualaid, input flags:0, output hwFlags:0
06-24 15:34:07.208 V/ActivityManager(  657): Successfully start provider ContentProviderRecord{496005a u0 com.excelliance.dualaid/com.excelliance.kxqp.platform.PluginManagerProvider} launchingApp=ProcessRecord{b026805 12793:com.excelliance.dualaid:lbcore/u0a1422} caller pid= 12701
06-24 15:34:07.208 E/MemoryLeakMonitorManager(12793): MemoryLeakMonitor.jar is not exist!
06-24 15:34:07.210 D/KXQPApplication(12793): run: initUserManager
06-24 15:34:07.210 E/MemoryLeakMonitorManager(12793): MemoryLeakMonitor.jar is not exist!
06-24 15:34:07.214 E/MemoryLeakMonitorManager(12701): MemoryLeakMonitor.jar is not exist!
06-24 15:34:07.215 D/SmtServService(12701): MSG_LOAD_PLT after msg.obj
06-24 15:34:07.220 W/PackageParser(12793): No actions in intent filter at /data/app/com.huawei.hwid-Sc7ADDdoDYIYREll7tj_iw==/base.apk Binary XML file line #1412
06-24 15:34:07.221 E/Minikin (12793): Could not get cmap table size!
06-24 15:34:07.222 D/PMS11422(  657): package:com.excelliance.dualaid, input flags:128, output hwFlags:0
06-24 15:34:07.222 W/PackageParser(12793): No actions in intent filter at /data/app/com.huawei.hwid-Sc7ADDdoDYIYREll7tj_iw==/base.apk Binary XML file line #1680
06-24 15:34:07.223 W/PackageParser(12793): No actions in intent filter at /data/app/com.huawei.hwid-Sc7ADDdoDYIYREll7tj_iw==/base.apk Binary XML file line #1694
06-24 15:34:07.224 V/ActivityManager(  657): Attempted to start a foreground service (ComponentInfo{com.excelliance.dualaid/com.excelliance.kxqp.platform.TrampolineService}) with a broken notification (no icon: Notification(channel=null pri=0 contentView=null vibrate=null sound=null defaults=0x0 flags=0x40 color=0x00000000 vis=PRIVATE))
06-24 15:34:07.229 E/zygote  (12793): Invalid capacity given to EnsureLocalCapacity: 592
06-24 15:34:07.256 I/TrafficMonitor(  657): update:rxPkts:24,txPkts:29,rxBytes:12097,txBytes:3844
06-24 15:34:07.256 I/TrafficMonitor(  657): start expired. level:-1
06-24 15:34:07.256 I/TrafficMonitor(  657): gettimer:interval=2000
06-24 15:34:07.256 D/HwNotificationManagerService(  657): recognize: tag=null, id=268435456, user=UserHandle{0}, pkg=com.excelliance.dualaid, uid=11422, callingPid=12793
06-24 15:34:07.256 D/PMS1000 (  657): package:com.excelliance.dualaid, input flags:0, output hwFlags:0
06-24 15:34:07.257 I/[HwRecSys]HwRecSysAidlService( 2647): doNotificationCollect -> current num:1
06-24 15:34:07.257 I/[HwRecSys]-Notification-NotificationUpdateController( 2647): startNotificationUpdate start!
06-24 15:34:07.257 W/SettingsEx( 2647): SettingsEx.Systemex.getInt deprecated use Settings.System.getInt instead ;callers=com.huawei.recsys.util.SystemUtil.getNotificationUpdateMode:169 com.huawei.recsys.util.SystemUtil.isAllowUpdate:104 com.huawei.recsys.controller.notification.http.NotificationUpdateController.startNotificationUpdate:85 
06-24 15:34:07.257 I/[HwRecSys]SystemUtil( 2647): isAllowUpdate mode:1
06-24 15:34:07.258 I/[HwRecSys]SystemUtil( 2647): isAllowUpdate isAllowUpdate:true
06-24 15:34:07.258 I/[HwRecSys]-Notification-NotificationUpdateController( 2647):  -> currentYear:2018
06-24 15:34:07.258 I/[HwRecSys]-Notification-NotificationUpdateController( 2647):  -> currentMonth:5
06-24 15:34:07.258 I/[HwRecSys]-Notification-NotificationUpdateController( 2647):  -> currentDay:24
06-24 15:34:07.258 I/[HwRecSys]-Notification-NotificationUpdateController( 2647):  -> oldYear:2018
06-24 15:34:07.258 I/[HwRecSys]-Notification-NotificationUpdateController( 2647):  -> oldMonth:5
06-24 15:34:07.258 I/[HwRecSys]-Notification-NotificationUpdateController( 2647):  -> oldDay:24
06-24 15:34:07.258 E/[HwRecSys]-Notification-NotificationUpdateController( 2647): startNotificationUpdate time is valid no need request
06-24 15:34:07.258 I/[HwRecSys]-Notification-NotificationController( 2647): doNotificationCollect start!
06-24 15:34:07.258 E/[HwRecSys]-Notification-NotificationController( 2647): HwDefaultLabels returnStr:107
06-24 15:34:07.259 E/[HwRecSys]-Notification-NotificationController( 2647): getChinese paramValue is null!
06-24 15:34:07.260 E/[HwRecSys]-Notification-NotificationController( 2647): doNotificationCollect getLabelByRegRules label:107
06-24 15:34:07.260 I/[HwRecSys]HwRecSysAidlService( 2647): doNotificationCollect ->  finally remote Num - 1 !
06-24 15:34:07.260 I/HwNotificationManagerService(  657): doNotificationCollect: pkg=com.excelliance.dualaid, uid=11422, hw_type=107, hw_btw=true
06-24 15:34:07.260 D/PMS1000 (  657): package:com.excelliance.dualaid, input flags:268435456, output hwFlags:0
06-24 15:34:07.260 D/PMS1000 (  657): package:com.excelliance.dualaid, input flags:0, output hwFlags:0
06-24 15:34:07.260 W/NotificationRecord(  657): Use default channel, The importance is:2
06-24 15:34:07.260 D/PMS1000 (  657): package:com.excelliance.dualaid, input flags:0, output hwFlags:0
06-24 15:34:07.260 V/ActivityManager(  657): Attempted to start a foreground service (ComponentInfo{com.excelliance.dualaid/com.excelliance.kxqp.platform.TrampolineService$EmptyService}) with a broken notification (no icon: Notification(channel=null pri=0 contentView=null vibrate=null sound=null defaults=0x0 flags=0x40 color=0x00000000 vis=PRIVATE))
06-24 15:34:07.262 D/HwNotificationManagerService(  657): recognize: tag=null, id=268435456, user=UserHandle{0}, pkg=com.excelliance.dualaid, uid=11422, callingPid=12793
06-24 15:34:07.262 D/PMS1000 (  657): package:com.excelliance.dualaid, input flags:0, output hwFlags:0
06-24 15:34:07.263 I/[HwRecSys]HwRecSysAidlService( 2647): doNotificationCollect -> current num:1
06-24 15:34:07.263 I/[HwRecSys]-Notification-NotificationUpdateController( 2647): startNotificationUpdate start!
06-24 15:34:07.263 W/SettingsEx( 2647): SettingsEx.Systemex.getInt deprecated use Settings.System.getInt instead ;callers=com.huawei.recsys.util.SystemUtil.getNotificationUpdateMode:169 com.huawei.recsys.util.SystemUtil.isAllowUpdate:104 com.huawei.recsys.controller.notification.http.NotificationUpdateController.startNotificationUpdate:85 
06-24 15:34:07.263 I/[HwRecSys]SystemUtil( 2647): isAllowUpdate mode:1
06-24 15:34:07.263 I/[HwRecSys]SystemUtil( 2647): isAllowUpdate isAllowUpdate:true
06-24 15:34:07.263 I/[HwRecSys]-Notification-NotificationUpdateController( 2647):  -> currentYear:2018
06-24 15:34:07.263 I/[HwRecSys]-Notification-NotificationUpdateController( 2647):  -> currentMonth:5
06-24 15:34:07.263 I/[HwRecSys]-Notification-NotificationUpdateController( 2647):  -> currentDay:24
06-24 15:34:07.263 I/[HwRecSys]-Notification-NotificationUpdateController( 2647):  -> oldYear:2018
06-24 15:34:07.263 I/[HwRecSys]-Notification-NotificationUpdateController( 2647):  -> oldMonth:5
06-24 15:34:07.263 I/[HwRecSys]-Notification-NotificationUpdateController( 2647):  -> oldDay:24
06-24 15:34:07.263 E/[HwRecSys]-Notification-NotificationUpdateController( 2647): startNotificationUpdate time is valid no need request
06-24 15:34:07.263 I/[HwRecSys]-Notification-NotificationController( 2647): doNotificationCollect start!
06-24 15:34:07.264 E/[HwRecSys]-Notification-NotificationController( 2647): HwDefaultLabels returnStr:107
06-24 15:34:07.264 E/[HwRecSys]-Notification-NotificationController( 2647): getChinese paramValue is null!
06-24 15:34:07.265 E/[HwRecSys]-Notification-NotificationController( 2647): doNotificationCollect getLabelByRegRules label:107
06-24 15:34:07.265 I/[HwRecSys]HwRecSysAidlService( 2647): doNotificationCollect ->  finally remote Num - 1 !
06-24 15:34:07.265 I/HwNotificationManagerService(  657): doNotificationCollect: pkg=com.excelliance.dualaid, uid=11422, hw_type=107, hw_btw=true
06-24 15:34:07.265 D/PMS1000 (  657): package:com.excelliance.dualaid, input flags:268435456, output hwFlags:0
06-24 15:34:07.265 D/PMS1000 (  657): package:com.excelliance.dualaid, input flags:0, output hwFlags:0
06-24 15:34:07.265 W/NotificationRecord(  657): Use default channel, The importance is:2
06-24 15:34:07.266 D/NotificationService(  657): mGameDndStatus is:false ,isGameDndSwitchOn is:false
06-24 15:34:07.270 I/AppManager( 1699): app:com.excelliance.dualaid Notification update time:108386119
06-24 15:34:07.270 I/AppManager( 1699): app:com.excelliance.dualaid Notification persist:true  Ids:[268435456]
06-24 15:34:07.274 W/zygote  (12793): Throwing OutOfMemoryError "EnsureLocalCapacity"
06-24 15:34:07.280 D/NotificationService(  657): mGameDndStatus is:false ,isGameDndSwitchOn is:false
06-24 15:34:07.286 W/IPMSI   (12793): request permission: com.huawei.permission.sec.MDM.v2
06-24 15:34:07.286 W/IPMSI   (12793): request permission: com.huawei.authentication.HW_ACCESS_AUTH_SERVICE
06-24 15:34:07.286 W/IPMSI   (12793): request permission: com.huawei.appmarket.provider.readPermission
06-24 15:34:07.286 W/IPMSI   (12793): request permission: com.huawei.pushagent.permission.RICHMEDIA_PROVIDER
06-24 15:34:07.287 D/PMS10039(  657): package:com.excelliance.dualaid, input flags:1024, output hwFlags:0
06-24 15:34:07.289 D/HwCust  ( 1513): Create obj success use class com.android.systemui.statusbar.notification.HwCustNotificationInflaterImpl
06-24 15:34:07.290 I/FakeShadowView( 1513): radius18
06-24 15:34:07.290 D/PMS10039(  657): package:com.excelliance.dualaid, input flags:8704, output hwFlags:0
06-24 15:34:07.291 D/PMS10039(  657): package:com.excelliance.dualaid, input flags:8192, output hwFlags:0
06-24 15:34:07.291 W/HwPhoneLayoutInflater( 1513): onCreateView : ClassNotFoundException, In this case we want to let the base class take a crack at it
06-24 15:34:07.293 I/chatty  ( 1513): uid=10039(u0_a39) com.android.systemui identical 2 lines
06-24 15:34:07.293 W/HwPhoneLayoutInflater( 1513): onCreateView : ClassNotFoundException, In this case we want to let the base class take a crack at it
06-24 15:34:07.293 W/ResourceType( 1513): Failure getting entry for 0x01040255 (t=3 e=597) (error -75)
06-24 15:34:07.296 W/HwPhoneLayoutInflater( 1513): onCreateView : ClassNotFoundException, In this case we want to let the base class take a crack at it
06-24 15:34:07.297 I/chatty  ( 1513): uid=10039(u0_a39) com.android.systemui identical 2 lines
06-24 15:34:07.297 W/HwPhoneLayoutInflater( 1513): onCreateView : ClassNotFoundException, In this case we want to let the base class take a crack at it
06-24 15:34:07.298 W/ResourceType( 1513): Failure getting entry for 0x01040255 (t=3 e=597) (error -75)
06-24 15:34:07.302 W/HwPhoneLayoutInflater( 1513): onCreateView : ClassNotFoundException, In this case we want to let the base class take a crack at it
06-24 15:34:07.303 I/chatty  ( 1513): uid=10039(u0_a39) com.android.systemui identical 2 lines
06-24 15:34:07.303 W/HwPhoneLayoutInflater( 1513): onCreateView : ClassNotFoundException, In this case we want to let the base class take a crack at it
06-24 15:34:07.304 W/ResourceType( 1513): Failure getting entry for 0x01040255 (t=3 e=597) (error -75)
06-24 15:34:07.307 W/HwPhoneLayoutInflater( 1513): onCreateView : ClassNotFoundException, In this case we want to let the base class take a crack at it
06-24 15:34:07.308 I/chatty  ( 1513): uid=10039(u0_a39) com.android.systemui identical 2 lines
06-24 15:34:07.308 W/HwPhoneLayoutInflater( 1513): onCreateView : ClassNotFoundException, In this case we want to let the base class take a crack at it
06-24 15:34:07.309 W/ResourceType( 1513): Failure getting entry for 0x01040255 (t=3 e=597) (error -75)
06-24 15:34:07.311 D/PMS10039(  657): package:com.excelliance.dualaid, input flags:0, output hwFlags:0
06-24 15:34:07.313 D/HwPhoneStatusBar( 1513): No peeking: not allowed notification: 0|com.excelliance.dualaid|268435456|null|11422
06-24 15:34:07.314 I/Pged-IPgedBinderService(  769): ****action is 2, pid num is 6***
06-24 15:34:07.314 I/Pged-Freezer(  769): thawPids
06-24 15:34:07.319 D/PgedBinderAdapter( 1699): unfrz ok, pid: [29457, 29531, 29347, 27318, 29532]
06-24 15:34:07.319 I/PhoneStatusBar( 1513): updateNotificationShade: total=73, active=73
06-24 15:34:07.319 W/PhoneStatusBar( 1513): updateNotificationShade hasFaceDT: false; Detected:false
06-24 15:34:07.321 V/PhoneStatusBar( 1513): mStackScroller size:11,activeCount:73, childCnt:15
06-24 15:34:07.322 I/appium  (29532): Null child 7/20, parent: android.view.accessibility.AccessibilityNodeInfo@c40a; boundsInParent: Rect(0, 0 - 1056, 1550); boundsInScreen: Rect(12, 0 - 1068, 1514); packageName: com.huawei.android.launcher; className: android.view.ViewGroup; text: null; error: null; maxTextLength: -1; contentDescription: null; viewIdResName: null; checkable: false; checked: false; focusable: false; focused: false; selected: false; clickable: false; longClickable: false; contextClickable: false; enabled: true; password: false; scrollable: false; importantForAccessibility: false; actions: [AccessibilityAction: ACTION_SELECT - null, AccessibilityAction: ACTION_CLEAR_SELECTION - null, AccessibilityAction: ACTION_ACCESSIBILITY_FOCUS - null, AccessibilityAction: ACTION_SHOW_ON_SCREEN - null]
06-24 15:34:07.323 I/appium  (29532): Null child 8/20, parent: android.view.accessibility.AccessibilityNodeInfo@c40a; boundsInParent: Rect(0, 0 - 1056, 1550); boundsInScreen: Rect(12, 0 - 1068, 1514); packageName: com.huawei.android.launcher; className: android.view.ViewGroup; text: null; error: null; maxTextLength: -1; contentDescription: null; viewIdResName: null; checkable: false; checked: false; focusable: false; focused: false; selected: false; clickable: false; longClickable: false; contextClickable: false; enabled: true; password: false; scrollable: false; importantForAccessibility: false; actions: [AccessibilityAction: ACTION_SELECT - null, AccessibilityAction: ACTION_CLEAR_SELECTION - null, AccessibilityAction: ACTION_ACCESSIBILITY_FOCUS - null, AccessibilityAction: ACTION_SHOW_ON_SCREEN - null]
06-24 15:34:07.323 I/appium  (29532): Null child 9/20, parent: android.view.accessibility.AccessibilityNodeInfo@c40a; boundsInParent: Rect(0, 0 - 1056, 1550); boundsInScreen: Rect(12, 0 - 1068, 1514); packageName: com.huawei.android.launcher; className: android.view.ViewGroup; text: null; error: null; maxTextLength: -1; contentDescription: null; viewIdResName: null; checkable: false; checked: false; focusable: false; focused: false; selected: false; clickable: false; longClickable: false; contextClickable: false; enabled: true; password: false; scrollable: false; importantForAccessibility: false; actions: [AccessibilityAction: ACTION_SELECT - null, AccessibilityAction: ACTION_CLEAR_SELECTION - null, AccessibilityAction: ACTION_ACCESSIBILITY_FOCUS - null, AccessibilityAction: ACTION_SHOW_ON_SCREEN - null]
06-24 15:34:07.324 I/appium  (29532): Null child 10/20, parent: android.view.accessibility.AccessibilityNodeInfo@c40a; boundsInParent: Rect(0, 0 - 1056, 1550); boundsInScreen: Rect(12, 0 - 1068, 1514); packageName: com.huawei.android.launcher; className: android.view.ViewGroup; text: null; error: null; maxTextLength: -1; contentDescription: null; viewIdResName: null; checkable: false; checked: false; focusable: false; focused: false; selected: false; clickable: false; longClickable: false; contextClickable: false; enabled: true; password: false; scrollable: false; importantForAccessibility: false; actions: [AccessibilityAction: ACTION_SELECT - null, AccessibilityAction: ACTION_CLEAR_SELECTION - null, AccessibilityAction: ACTION_ACCESSIBILITY_FOCUS - null, AccessibilityAction: ACTION_SHOW_ON_SCREEN - null]
06-24 15:34:07.324 I/appium  (29532): Null child 11/20, parent: android.view.accessibility.AccessibilityNodeInfo@c40a; boundsInParent: Rect(0, 0 - 1056, 1550); boundsInScreen: Rect(12, 0 - 1068, 1514); packageName: com.huawei.android.launcher; className: android.view.ViewGroup; text: null; error: null; maxTextLength: -1; contentDescription: null; viewIdResName: null; checkable: false; checked: false; focusable: false; focused: false; selected: false; clickable: false; longClickable: false; contextClickable: false; enabled: true; password: false; scrollable: false; importantForAccessibility: false; actions: [AccessibilityAction: ACTION_SELECT - null, AccessibilityAction: ACTION_CLEAR_SELECTION - null, AccessibilityAction: ACTION_ACCESSIBILITY_FOCUS - null, AccessibilityAction: ACTION_SHOW_ON_SCREEN - null]
06-24 15:34:07.325 I/appium  (29532): Null child 12/20, parent: android.view.accessibility.AccessibilityNodeInfo@c40a; boundsInParent: Rect(0, 0 - 1056, 1550); boundsInScreen: Rect(12, 0 - 1068, 1514); packageName: com.huawei.android.launcher; className: android.view.ViewGroup; text: null; error: null; maxTextLength: -1; contentDescription: null; viewIdResName: null; checkable: false; checked: false; focusable: false; focused: false; selected: false; clickable: false; longClickable: false; contextClickable: false; enabled: true; password: false; scrollable: false; importantForAccessibility: false; actions: [AccessibilityAction: ACTION_SELECT - null, AccessibilityAction: ACTION_CLEAR_SELECTION - null, AccessibilityAction: ACTION_ACCESSIBILITY_FOCUS - null, AccessibilityAction: ACTION_SHOW_ON_SCREEN - null]
06-24 15:34:07.326 I/appium  (29532): Null child 13/20, parent: android.view.accessibility.AccessibilityNodeInfo@c40a; boundsInParent: Rect(0, 0 - 1056, 1550); boundsInScreen: Rect(12, 0 - 1068, 1514); packageName: com.huawei.android.launcher; className: android.view.ViewGroup; text: null; error: null; maxTextLength: -1; contentDescription: null; viewIdResName: null; checkable: false; checked: false; focusable: false; focused: false; selected: false; clickable: false; longClickable: false; contextClickable: false; enabled: true; password: false; scrollable: false; importantForAccessibility: false; actions: [AccessibilityAction: ACTION_SELECT - null, AccessibilityAction: ACTION_CLEAR_SELECTION - null, AccessibilityAction: ACTION_ACCESSIBILITY_FOCUS - null, AccessibilityAction: ACTION_SHOW_ON_SCREEN - null]
06-24 15:34:07.327 I/appium  (29532): Null child 14/20, parent: android.view.accessibility.AccessibilityNodeInfo@c40a; boundsInParent: Rect(0, 0 - 1056, 1550); boundsInScreen: Rect(12, 0 - 1068, 1514); packageName: com.huawei.android.launcher; className: android.view.ViewGroup; text: null; error: null; maxTextLength: -1; contentDescription: null; viewIdResName: null; checkable: false; checked: false; focusable: false; focused: false; selected: false; clickable: false; longClickable: false; contextClickable: false; enabled: true; password: false; scrollable: false; importantForAccessibility: false; actions: [AccessibilityAction: ACTION_SELECT - null, AccessibilityAction: ACTION_CLEAR_SELECTION - null, AccessibilityAction: ACTION_ACCESSIBILITY_FOCUS - null, AccessibilityAction: ACTION_SHOW_ON_SCREEN - null]
06-24 15:34:07.328 I/appium  (29532): Null child 15/20, parent: android.view.accessibility.AccessibilityNodeInfo@c40a; boundsInParent: Rect(0, 0 - 1056, 1550); boundsInScreen: Rect(12, 0 - 1068, 1514); packageName: com.huawei.android.launcher; className: android.view.ViewGroup; text: null; error: null; maxTextLength: -1; contentDescription: null; viewIdResName: null; checkable: false; checked: false; focusable: false; focused: false; selected: false; clickable: false; longClickable: false; contextClickable: false; enabled: true; password: false; scrollable: false; importantForAccessibility: false; actions: [AccessibilityAction: ACTION_SELECT - null, AccessibilityAction: ACTION_CLEAR_SELECTION - null, AccessibilityAction: ACTION_ACCESSIBILITY_FOCUS - null, AccessibilityAction: ACTION_SHOW_ON_SCREEN - null]
06-24 15:34:07.329 I/appium  (29532): Null child 16/20, parent: android.view.accessibility.AccessibilityNodeInfo@c40a; boundsInParent: Rect(0, 0 - 1056, 1550); boundsInScreen: Rect(12, 0 - 1068, 1514); packageName: com.huawei.android.launcher; className: android.view.ViewGroup; text: null; error: null; maxTextLength: -1; contentDescription: null; viewIdResName: null; checkable: false; checked: false; focusable: false; focused: false; selected: false; clickable: false; longClickable: false; contextClickable: false; enabled: true; password: false; scrollable: false; importantForAccessibility: false; actions: [AccessibilityAction: ACTION_SELECT - null, AccessibilityAction: ACTION_CLEAR_SELECTION - null, AccessibilityAction: ACTION_ACCESSIBILITY_FOCUS - null, AccessibilityAction: ACTION_SHOW_ON_SCREEN - null]
06-24 15:34:07.330 I/appium  (29532): Null child 17/20, parent: android.view.accessibility.AccessibilityNodeInfo@c40a; boundsInParent: Rect(0, 0 - 1056, 1550); boundsInScreen: Rect(12, 0 - 1068, 1514); packageName: com.huawei.android.launcher; className: android.view.ViewGroup; text: null; error: null; maxTextLength: -1; contentDescription: null; viewIdResName: null; checkable: false; checked: false; focusable: false; focused: false; selected: false; clickable: false; longClickable: false; contextClickable: false; enabled: true; password: false; scrollable: false; importantForAccessibility: false; actions: [AccessibilityAction: ACTION_SELECT - null, AccessibilityAction: ACTION_CLEAR_SELECTION - null, AccessibilityAction: ACTION_ACCESSIBILITY_FOCUS - null, AccessibilityAction: ACTION_SHOW_ON_SCREEN - null]
06-24 15:34:07.331 I/appium  (29532): Null child 18/20, parent: android.view.accessibility.AccessibilityNodeInfo@c40a; boundsInParent: Rect(0, 0 - 1056, 1550); boundsInScreen: Rect(12, 0 - 1068, 1514); packageName: com.huawei.android.launcher; className: android.view.ViewGroup; text: null; error: null; maxTextLength: -1; contentDescription: null; viewIdResName: null; checkable: false; checked: false; focusable: false; focused: false; selected: false; clickable: false; longClickable: false; contextClickable: false; enabled: true; password: false; scrollable: false; importantForAccessibility: false; actions: [AccessibilityAction: ACTION_SELECT - null, AccessibilityAction: ACTION_CLEAR_SELECTION - null, AccessibilityAction: ACTION_ACCESSIBILITY_FOCUS - null, AccessibilityAction: ACTION_SHOW_ON_SCREEN - null]
06-24 15:34:07.332 I/appium  (29532): Null child 19/20, parent: android.view.accessibility.AccessibilityNodeInfo@c40a; boundsInParent: Rect(0, 0 - 1056, 1550); boundsInScreen: Rect(12, 0 - 1068, 1514); packageName: com.huawei.android.launcher; className: android.view.ViewGroup; text: null; error: null; maxTextLength: -1; contentDescription: null; viewIdResName: null; checkable: false; checked: false; focusable: false; focused: false; selected: false; clickable: false; longClickable: false; contextClickable: false; enabled: true; password: false; scrollable: false; importantForAccessibility: false; actions: [AccessibilityAction: ACTION_SELECT - null, AccessibilityAction: ACTION_CLEAR_SELECTION - null, AccessibilityAction: ACTION_ACCESSIBILITY_FOCUS - null, AccessibilityAction: ACTION_SHOW_ON_SCREEN - null]
06-24 15:34:07.333 I/appium  (29532): Null child 2/3, parent: android.view.accessibility.AccessibilityNodeInfo@9abf; boundsInParent: Rect(0, 0 - 1080, 1580); boundsInScreen: Rect(0, 0 - 1080, 1532); packageName: com.huawei.android.launcher; className: android.view.ViewGroup; text: null; error: null; maxTextLength: -1; contentDescription: null; viewIdResName: com.huawei.android.launcher:id/workspace_screen; checkable: false; checked: false; focusable: false; focused: false; selected: false; clickable: true; longClickable: true; contextClickable: false; enabled: true; password: false; scrollable: false; importantForAccessibility: true; actions: [AccessibilityAction: ACTION_SELECT - null, AccessibilityAction: ACTION_CLEAR_SELECTION - null, AccessibilityAction: ACTION_CLICK - null, AccessibilityAction: ACTION_LONG_CLICK - null, AccessibilityAction: ACTION_ACCESSIBILITY_FOCUS - null, AccessibilityAction: ACTION_SHOW_ON_SCREEN - null]
06-24 15:34:07.334 I/appium  (29532): Null child 3/4, parent: android.view.accessibility.AccessibilityNodeInfo@78f6; boundsInParent: Rect(2160, 0 - 3240, 1920); boundsInScreen: Rect(0, 0 - 1080, 1920); packageName: com.huawei.android.launcher; className: android.view.ViewGroup; text: null; error: null; maxTextLength: -1; contentDescription: 第 3 屏，共 4 屏; viewIdResName: com.huawei.android.launcher:id/workspace; checkable: false; checked: false; focusable: false; focused: false; selected: false; clickable: false; longClickable: false; contextClickable: false; enabled: true; password: false; scrollable: true; importantForAccessibility: true; actions: [AccessibilityAction: ACTION_SELECT - null, AccessibilityAction: ACTION_CLEAR_SELECTION - null, AccessibilityAction: ACTION_ACCESSIBILITY_FOCUS - null, AccessibilityAction: ACTION_NEXT_AT_MOVEMENT_GRANULARITY - null, AccessibilityAction: ACTION_PREVIOUS_AT_MOVEMENT_GRANULARITY - null, AccessibilityAction: ACTION_SET_SELECTION - null, AccessibilityAction: ACTION_SHOW_ON_SCREEN - null]
06-24 15:34:07.335 I/appium  (29532): Null child 1/4, parent: android.view.accessibility.AccessibilityNodeInfo@8bbb; boundsInParent: Rect(0, 0 - 1080, 1920); boundsInScreen: Rect(0, 0 - 1080, 1920); packageName: com.huawei.android.launcher; className: android.widget.FrameLayout; text: null; error: null; maxTextLength: -1; contentDescription: null; viewIdResName: com.huawei.android.launcher:id/drag_layer; checkable: false; checked: false; focusable: false; focused: false; selected: false; clickable: false; longClickable: false; contextClickable: false; enabled: true; password: false; scrollable: false; importantForAccessibility: false; actions: [AccessibilityAction: ACTION_SELECT - null, AccessibilityAction: ACTION_CLEAR_SELECTION - null, AccessibilityAction: ACTION_ACCESSIBILITY_FOCUS - null, AccessibilityAction: ACTION_SHOW_ON_SCREEN - null]
06-24 15:34:07.336 I/appium  (29532): Null child 2/4, parent: android.view.accessibility.AccessibilityNodeInfo@8bbb; boundsInParent: Rect(0, 0 - 1080, 1920); boundsInScreen: Rect(0, 0 - 1080, 1920); packageName: com.huawei.android.launcher; className: android.widget.FrameLayout; text: null; error: null; maxTextLength: -1; contentDescription: null; viewIdResName: com.huawei.android.launcher:id/drag_layer; checkable: false; checked: false; focusable: false; focused: false; selected: false; clickable: false; longClickable: false; contextClickable: false; enabled: true; password: false; scrollable: false; importantForAccessibility: false; actions: [AccessibilityAction: ACTION_SELECT - null, AccessibilityAction: ACTION_CLEAR_SELECTION - null, AccessibilityAction: ACTION_ACCESSIBILITY_FOCUS - null, AccessibilityAction: ACTION_SHOW_ON_SCREEN - null]
06-24 15:34:07.336 I/appium  (29532): Null child 3/4, parent: android.view.accessibility.AccessibilityNodeInfo@8bbb; boundsInParent: Rect(0, 0 - 1080, 1920); boundsInScreen: Rect(0, 0 - 1080, 1920); packageName: com.huawei.android.launcher; className: android.widget.FrameLayout; text: null; error: null; maxTextLength: -1; contentDescription: null; viewIdResName: com.huawei.android.launcher:id/drag_layer; checkable: false; checked: false; focusable: false; focused: false; selected: false; clickable: false; longClickable: false; contextClickable: false; enabled: true; password: false; scrollable: false; importantForAccessibility: false; actions: [AccessibilityAction: ACTION_SELECT - null, AccessibilityAction: ACTION_CLEAR_SELECTION - null, AccessibilityAction: ACTION_ACCESSIBILITY_FOCUS - null, AccessibilityAction: ACTION_SHOW_ON_SCREEN - null]
06-24 15:34:07.337 I/appium  (29532): Fetch time: 1558ms
06-24 15:34:07.338 D/ReporterUtil( 1513):  e id:344 type:{pkg:com.excelliance.dualaid,hw_type:107,hw_btw:true,onGoing:true,importance:2}
06-24 15:34:07.339 E/BDLog   ( 1686): BD.FilterImpl:com.android.systemui 344 times= 200 over threshold
06-24 15:34:07.339 E/BDLog   ( 1686): BD.FilterImpl:com.android.systemui344 is illLegal
06-24 15:34:07.340 W/HwKeyguardDragHelper( 1513): AnimationBlocked
06-24 15:34:07.347 D/StatusBar( 1513): updateNotification(StatusBarNotification(pkg=com.excelliance.dualaid user=UserHandle{0} id=268435456 tag=null key=0|com.excelliance.dualaid|268435456|null|11422: Notification(channel=null pri=0 contentView=com.excelliance.dualaid/0x1090090 vibrate=null sound=null defaults=0x0 flags=0x62 color=0xff607d8b vis=PRIVATE)))
06-24 15:34:07.347 I/appium  (29532): AppiumResponse: {"sessionId":"2d604340-25b7-4bc5-874b-09ac3bd169d8","status":0,"value":"<?xml version=\"1.0\" encoding=\"UTF-8\"?><hierarchy rotation=\"0\"><android.widget.FrameLayout index=\"0\" text=\"\" class=\"android.widget.FrameLayout\" package=\"com.huawei.android.launcher\" content-desc=\"\" checkable=\"false\" checked=\"false\" clickable=\"false\" enabled=\"true\" focusable=\"false\" focused=\"false\" scrollable=\"false\" long-clickable=\"false\" password=\"false\" selected=\"false\" bounds=\"[0,0][1080,1920]\" resource-id=\"\" instance=\"0\"><android.widget.LinearLayout index=\"0\" text=\"\" class=\"android.widget.LinearLayout\" package=\"com.huawei.android.launcher\" content-desc=\"\" checkable=\"false\" checked=\"false\" clickable=\"false\" enabled=\"true\" focusable=\"false\" focused=\"false\" scrollable=\"false\" long-clickable=\"false\" password=\"false\" selected=\"false\" bounds=\"[0,0][1080,1920]\" resource-id=\"\" instance=\"0\"><android.widget.FrameLayout index=\"0\" text=\"\" class=\"android.widget.FrameLayout\" package=\"com.huawei.android.launcher\" content-desc=\"\" checkable=\"false\" checked=\"false\" clickable=\"false\" enabled=\"true\" focusable=\"false\" focused=\"false\" scrollable=\"false\" long-clickable=\"false\" password=\"false\" selected=\"false\" bounds=\"[0,0][1080,1920]\" resource-id=\"android:id\/content\" instance=\"1\"><android.widget.FrameLayout index=\"0\" text=\"\" class=\"android.widget.FrameLayout\" package=\"com.huawei.android.launcher\" content-desc=\"\" checkable=\"false\" checked=\"false\" clickable=\"false\" enabled=\"true\" focusable=\"false\" focused=\"false\" scrollable=\"false\" long-clickable=\"false\" password=\"false\" selected=\"false\" bounds=\"[0,0][1080,1920]\" resource-id=\"com.huawei.android.launcher:id\/drag_layer\" instance=\"2\"><android.view.ViewGroup index=\"0\" text=\"\" class=\"android.view.ViewGroup\" package=\"com.huawei.android.launcher\" content-desc=\"第 3 屏，共 4 屏\" checkable=\"false\" checked=\"false\" clickable=\"false\" enabled=\"true\" focusable=\"false\" focused=\"false\" scrollable=\"true\" long-clickable=\"false\" password=\"false\" selected=\"false\" bounds=\"[0,0][1080,1920]\" resource-id=\"com.huawei.android.launcher:id\/workspace\" instance=\"0\"><android.view.ViewGroup index=\"2\" text=\"\" class=\"android.view.ViewGroup\" package=\"com.huawei.android.launcher\" content-desc=\"\" checkable=\"false\" checked=\"false\" clickable=\"true\" enabled=\"true\" focusable=\"false\" focused=\"false\" scrollable=\"false\" long-clickable=\"true\" password=\"false\" selected=\"false\" bounds=\"[0,0][1080,1532]\" resource-id=\"com.huawei.android.launcher:id\/workspace_screen\" instance=\"1\"><android.widget.FrameLayout index=\"0\" text=\"\" class=\"android.widget.FrameLayout\" package=\"com.huawei.android.launcher\" content-desc=\"\" checkable=\"false\" checked=\"false\" clickable=\"false\" enabled=\"true\" focusable=\"false\" focused=\"false\" scrollable=\"false\" long-clickable=\"false\" password=\"false\" selected=\"false\" bounds=\"[12,0][1068,1514]\" resource-id=\"\" instance=\"3\"\/><android.view.ViewGroup index=\"1\" text=\"\" class=\"android.view.ViewGroup\" package=\"com.huawei.android.launcher\" content-desc=\"\" checkable=\"false\" checked=\"false\" clickable=\"false\" enabled=\"true\" focusable=\"false\" focused=\"false\" scrollable=\"false\" long-clickable=\"false\" password=\"false\" selected=\"false\" bounds=\"[12,0][1068,1514]\" resource-id=\"\" instance=\"2\"><android.widget.TextView index=\"0\" text=\"iTest\" class=\"android.widget.TextView\" package=\"com.huawei.android.launcher\" content-desc=\"\" checkable=\"false\" checked=\"false\" clickable=\"true\" enabled=\"true\" focusable=\"true\" focused=\"false\" scrollable=\"false\" long-clickable=\"true\" password=\"false\" selected=\"false\" bounds=\"[12,84][276,370]\" resource-id=\"\" instance=\"0\"\/><android.widget.TextView index=\"1\" text=\"WhatsApp\" class=\"android.widget.TextView\" package=\"com.huawei.android.launcher\" content-
06-24 15:34:07.349 D/SmtServService(12701): MSG_LOAD_PLT GameUtil.isPtLoaded() = true
06-24 15:34:07.354 D/HwPhoneStatusBar( 1513): No peeking: not allowed notification: 0|com.excelliance.dualaid|268435456|null|11422
06-24 15:34:07.354 D/StatusBar( 1513): applyInPlace=true shouldPeek=false alertAgain=true
06-24 15:34:07.354 D/StatusBar( 1513): reusing notification for key: 0|com.excelliance.dualaid|268435456|null|11422
06-24 15:34:07.356 D/PMS10039(  657): package:com.excelliance.dualaid, input flags:8192, output hwFlags:0
06-24 15:34:07.364 I/appium  (29532): channel read invoked!
06-24 15:34:07.364 I/appium  (29532): channel read: GET /wd/hub/session/2d604340-25b7-4bc5-874b-09ac3bd169d8/source
06-24 15:34:07.365 I/PhoneStatusBar( 1513): updateNotificationShade: total=73, active=73
06-24 15:34:07.365 W/PhoneStatusBar( 1513): updateNotificationShade hasFaceDT: false; Detected:false
06-24 15:34:07.365 V/PhoneStatusBar( 1513): mStackScroller size:11,activeCount:73, childCnt:15
06-24 15:34:07.398 W/HwKeyguardDragHelper( 1513): AnimationBlocked
06-24 15:34:07.487 I/zygote64( 1513): Background concurrent copying GC freed 516229(23MB) AllocSpace objects, 0(0B) LOS objects, 49% free, 21MB/43MB, paused 1.140ms total 138.304ms
06-24 15:34:07.655 E/Thermal-daemon(  764): [flash_led] temp_new :39  temp_old :38
06-24 15:34:07.656 I/ThermalService( 1699): Receive temperature change, type: 3, temp: 39 from thermald
06-24 15:34:07.656 E/Thermal-daemon(  764): Report temperature: [flash_led] temp :39  report_threshold:1
06-24 15:34:07.657 D/HwThermalStateManager( 1699): Thermal type: 3 cur_temperature:39
06-24 15:34:07.657 W/HwThermalStateManager( 1699): warning: no config thermal type:3 temperature:39
06-24 15:34:07.839 E/WifiHAL (  706): enter wifi_get_link_stats
06-24 15:34:07.853 E/wificond(  765): Failed to get NL80211_STA_INFO_CNAHLOAD
06-24 15:34:07.854 E/WificondControl(  657): Noise: -89, Snr: 0, Chload: -1
06-24 15:34:07.855 D/HwWifiCHRStateManager(  657): handleMessage : 1001
06-24 15:34:07.855 D/HwWifiCHRStateManager(  657): handleUpdateChannel:5805
06-24 15:34:07.855 V/HwWifiServiceFactory(  657): get AllImpl object = com.android.server.wifi.HwWifiServiceFactoryImpl@a390a53
06-24 15:34:07.857 D/WifiScoreReport(  657): Score = 100, wifiConnectivityManagerEnabled = false, lowScoreCount = 0
06-24 15:34:07.999 D/HwBatteryService(  657): onUEvent fcpStatus = 0,scpStatus =0,ovpStatus=0
06-24 15:34:08.001 I/UsbDeviceManager(  657): water_intrused state= 0
06-24 15:34:08.008 I/NetworkSpeedManagerEx( 1513): mIsStop = false
06-24 15:34:08.008 I/NetworkSpeedManagerEx( 1513):  runInThread getTetherStats
06-24 15:34:08.012 I/NetworkSpeedManagerEx( 1513):  runInUI refreshSpeed
06-24 15:34:08.015 I/NetworkSpeedManagerEx( 1513): value=5339.6665speed = 5.2
06-24 15:34:08.015 I/NetworkSpeedManagerEx( 1513): K/smIsShowLastSpeedValuefalse
06-24 15:34:08.015 I/NetworkSpeedView( 1513): /update(), speed=5.2
06-24 15:34:08.015 I/NetworkSpeedView( 1513): K/s parent class:class com.android.systemui.statusbar.HwSystemIcons
06-24 15:34:08.017 D/HwInnerWifiManagerImpl(  657): SupplicantState = COMPLETED
06-24 15:34:08.017 D/HwInnerWifiManagerImpl(  657): isPhoneAP = false
06-24 15:34:08.017 D/WifiStateMachine(  657): mBcastReceiver: PluggedType = 2 mIsScanCtrlPluggedin = true
06-24 15:34:08.018 D/HwWifiService(  657): mPluggedType =2
06-24 15:34:08.019 D/WifiService(  657): onReceive, action:android.intent.action.BATTERY_CHANGED
06-24 15:34:08.019 D/WifiService(  657): ACTION_BATTERY_CHANGED pluggedType: 2
06-24 15:34:08.030 I/MsgReceiver( 1699): intent action: android.intent.action.BATTERY_CHANGED
