06-24 16:17:47.092 I/appium  (15693): AppiumResponse: {"sessionId":"1eed4334-17c4-490d-a3a9-12315532ad6b","status":0,"value":"<?xml version=\"1.0\" encoding=\"UTF-8\"?><hierarchy rotation=\"0\"><android.widget.FrameLayout index=\"0\" text=\"\" class=\"android.widget.FrameLayout\" package=\"com.huawei.android.launcher\" content-desc=\"\" checkable=\"false\" checked=\"false\" clickable=\"false\" enabled=\"true\" focusable=\"false\" focused=\"false\" scrollable=\"false\" long-clickable=\"false\" password=\"false\" selected=\"false\" bounds=\"[0,0][1080,1920]\" resource-id=\"\" instance=\"0\"><android.widget.LinearLayout index=\"0\" text=\"\" class=\"android.widget.LinearLayout\" package=\"com.huawei.android.launcher\" content-desc=\"\" checkable=\"false\" checked=\"false\" clickable=\"false\" enabled=\"true\" focusable=\"false\" focused=\"false\" scrollable=\"false\" long-clickable=\"false\" password=\"false\" selected=\"false\" bounds=\"[0,0][1080,1920]\" resource-id=\"\" instance=\"0\"><android.widget.FrameLayout index=\"0\" text=\"\" class=\"android.widget.FrameLayout\" package=\"com.huawei.android.launcher\" content-desc=\"\" checkable=\"false\" checked=\"false\" clickable=\"false\" enabled=\"true\" focusable=\"false\" focused=\"false\" scrollable=\"false\" long-clickable=\"false\" password=\"false\" selected=\"false\" bounds=\"[0,0][1080,1920]\" resource-id=\"android:id\/content\" instance=\"1\"><android.widget.FrameLayout index=\"0\" text=\"\" class=\"android.widget.FrameLayout\" package=\"com.huawei.android.launcher\" content-desc=\"\" checkable=\"false\" checked=\"false\" clickable=\"false\" enabled=\"true\" focusable=\"false\" focused=\"false\" scrollable=\"false\" long-clickable=\"false\" password=\"false\" selected=\"false\" bounds=\"[0,0][1080,1920]\" resource-id=\"com.huawei.android.launcher:id\/drag_layer\" instance=\"2\"><android.view.ViewGroup index=\"0\" text=\"\" class=\"android.view.ViewGroup\" package=\"com.huawei.android.launcher\" content-desc=\" 3  4 \" checkable=\"false\" checked=\"false\" clickable=\"false\" enabled=\"true\" focusable=\"false\" focused=\"false\" scrollable=\"true\" long-clickable=\"false\" password=\"false\" selected=\"false\" bounds=\"[0,0][1080,1920]\" resource-id=\"com.huawei.android.launcher:id\/workspace\" instance=\"0\"><android.view.ViewGroup index=\"2\" text=\"\" class=\"android.view.ViewGroup\" package=\"com.huawei.android.launcher\" content-desc=\"\" checkable=\"false\" checked=\"false\" clickable=\"true\" enabled=\"true\" focusable=\"false\" focused=\"false\" scrollable=\"false\" long-clickable=\"true\" password=\"false\" selected=\"false\" bounds=\"[0,0][1080,1532]\" resource-id=\"com.huawei.android.launcher:id\/workspace_screen\" instance=\"1\"><android.widget.FrameLayout index=\"0\" text=\"\" class=\"android.widget.FrameLayout\" package=\"com.huawei.android.launcher\" content-desc=\"\" checkable=\"false\" checked=\"false\" clickable=\"false\" enabled=\"true\" focusable=\"false\" focused=\"false\" scrollable=\"false\" long-clickable=\"false\" password=\"false\" selected=\"false\" bounds=\"[12,0][1068,1514]\" resource-id=\"\" instance=\"3\"\/><android.view.ViewGroup index=\"1\" text=\"\" class=\"android.view.ViewGroup\" package=\"com.huawei.android.launcher\" content-desc=\"\" checkable=\"false\" checked=\"false\" clickable=\"false\" enabled=\"true\" focusable=\"false\" focused=\"false\" scrollable=\"false\" long-clickable=\"false\" password=\"false\" selected=\"false\" bounds=\"[12,0][1068,1514]\" resource-id=\"\" instance=\"2\"><android.widget.TextView index=\"0\" text=\"iTest\" class=\"android.widget.TextView\" package=\"com.huawei.android.launcher\" content-desc=\"\" checkable=\"false\" checked=\"false\" clickable=\"true\" enabled=\"true\" focusable=\"true\" focused=\"false\" scrollable=\"false\" long-clickable=\"true\" password=\"false\" selected=\"false\" bounds=\"[12,84][276,370]\" resource-id=\"\" instance=\"0\"\/><android.widget.TextView index=\"1\" text=\"WhatsApp\" class=\"android.widget.TextView\" package=\"com.huawei.android.launcher\" content-
06-24 16:17:47.122 I/appium  (15693): channel read invoked!
06-24 16:17:47.122 I/appium  (15693): channel read: GET /wd/hub/session/1eed4334-17c4-490d-a3a9-12315532ad6b/source
06-24 16:17:47.128 W/ResourceType( 2519): No known package when getting name for resource number 0x9c010000
06-24 16:17:47.129 W/ResourceType( 2519): No known package when getting name for resource number 0x9c010100
06-24 16:17:47.129 W/ResourceType( 2519): No known package when getting name for resource number 0x9c010200
06-24 16:17:47.130 W/ResourceType( 2519): No known package when getting name for resource number 0x9c010300
06-24 16:17:47.131 W/ResourceType( 2519): No known package when getting name for resource number 0x9c010001
06-24 16:17:47.132 W/ResourceType( 2519): No known package when getting name for resource number 0x9c010101
06-24 16:17:47.133 W/ResourceType( 2519): No known package when getting name for resource number 0x9c010201
06-24 16:17:47.133 I/ActivityManager(  657): START u0 {act=android.intent.action.MAIN cat=[android.intent.category.LAUNCHER] flg=0x10000000 cmp=com.excelliance.dualaid/com.excelliance.kxqp.ui.HelloActivity} from uid 2000
06-24 16:17:47.134 W/ResourceType( 2519): No known package when getting name for resource number 0x9c010301
06-24 16:17:47.134 I/ActivityManager(  657): ActivityRecord info: ActivityInfo{4065830 com.excelliance.kxqp.ui.HelloActivity}
06-24 16:17:47.135 W/ResourceType( 2519): No known package when getting name for resource number 0x9c010002
06-24 16:17:47.136 W/ResourceType( 2519): No known package when getting name for resource number 0x9c010102
06-24 16:17:47.136 W/ResourceType( 2519): No known package when getting name for resource number 0x9c010202
06-24 16:17:47.137 W/ResourceType( 2519): No known package when getting name for resource number 0x9c010302
06-24 16:17:47.138 W/ResourceType( 2519): No known package when getting name for resource number 0x9c010003
06-24 16:17:47.139 W/ResourceType( 2519): No known package when getting name for resource number 0x9c010103
06-24 16:17:47.140 W/ResourceType( 2519): No known package when getting name for resource number 0x9c010203
06-24 16:17:47.140 W/ResourceType( 2519): No known package when getting name for resource number 0x9c010303
06-24 16:17:47.141 W/ResourceType( 2519): No known package when getting name for resource number 0x9c010004
06-24 16:17:47.142 I/ash     ( 1699): front pkg : com.excelliance.dualaid launcher: false
06-24 16:17:47.142 I/ash     ( 1699): above launcher front pkgs: [com.excelliance.dualaid]
06-24 16:17:47.142 W/ResourceType( 2519): No known package when getting name for resource number 0x9c010104
06-24 16:17:47.142 V/WindowManager(  657): addAppToken: AppWindowToken{1b0c75c token=Token{7b3c1cf ActivityRecord{9e3222e u0 com.excelliance.dualaid/com.excelliance.kxqp.ui.HelloActivity t16032}}} controller={TaskWindowContainerController taskId=16032} at 2147483647
06-24 16:17:47.142 W/ResourceType( 2519): No known package when getting name for resource number 0x9c010204
06-24 16:17:47.143 W/ResourceType( 2519): No known package when getting name for resource number 0x9c010304
06-24 16:17:47.145 I/PGServer( 1699): android calls fast hibernateApps
06-24 16:17:47.145 I/AppFastHibernation( 1699): fast hibernate duration: 1500 reason: start activity
06-24 16:17:47.145 I/Pged-IPgedBinderService(  769): ****action is 1, pid num is 6***
06-24 16:17:47.145 I/Pged-Freezer(  769): freezePids
06-24 16:17:47.145 I/Pged-Freezer(  769): Freeze process: 29457
06-24 16:17:47.146 D/PMS1000 (  657): package:com.excelliance.dualaid, input flags:1, output hwFlags:0
06-24 16:17:47.147 I/Pged-Freezer(  769): Freeze process: 29531
06-24 16:17:47.147 D/MotionDetectionManager( 2519): stopMotionAppsReco motionApps: 403
06-24 16:17:47.147 D/MotionDetectionManager( 2519): stopMotionAppsReco not recognition motionApps 403
06-24 16:17:47.147 W/HwLauncher( 2519): Launcher.MotionManager stopMotionAppsReco service flg 403 is unavailable
06-24 16:17:47.148 V/ActivityManager(  657): startProcess: name=com.excelliance.dualaid:olle app=null knownToBeDead=true thread=null pid=-1
06-24 16:17:47.148 D/PMS1000 (  657): package:com.excelliance.dualaid, input flags:0, output hwFlags:0
06-24 16:17:47.148 I/Pged-Freezer(  769): Freeze process: 14942
06-24 16:17:47.149 I/Pged-Freezer(  769): Freeze process: 15544
06-24 16:17:47.152 I/appium  (15693): Skipping invisible child: android.view.accessibility.AccessibilityNodeInfo@93e4; boundsInParent: Rect(0, 0 - 1080, 1580); boundsInScreen: Rect(0, 0 - -1080, 1532); packageName: com.huawei.android.launcher; className: android.view.ViewGroup; text: null; error: null; maxTextLength: -1; contentDescription: null; viewIdResName: com.huawei.android.launcher:id/workspace_screen; checkable: false; checked: false; focusable: false; focused: false; selected: false; clickable: true; longClickable: true; contextClickable: false; enabled: true; password: false; scrollable: false; importantForAccessibility: true; actions: [AccessibilityAction: ACTION_SELECT - null, AccessibilityAction: ACTION_CLEAR_SELECTION - null, AccessibilityAction: ACTION_CLICK - null, AccessibilityAction: ACTION_LONG_CLICK - null, AccessibilityAction: ACTION_ACCESSIBILITY_FOCUS - null, AccessibilityAction: ACTION_SHOW_ON_SCREEN - null]
06-24 16:17:47.152 I/appium  (15693): Skipping invisible child: android.view.accessibility.AccessibilityNodeInfo@97a5; boundsInParent: Rect(0, 0 - 1080, 1580); boundsInScreen: Rect(0, 0 - 0, 1532); packageName: com.huawei.android.launcher; className: android.view.ViewGroup; text: null; error: null; maxTextLength: -1; contentDescription: null; viewIdResName: com.huawei.android.launcher:id/workspace_screen; checkable: false; checked: false; focusable: false; focused: false; selected: false; clickable: true; longClickable: true; contextClickable: false; enabled: true; password: false; scrollable: false; importantForAccessibility: true; actions: [AccessibilityAction: ACTION_SELECT - null, AccessibilityAction: ACTION_CLEAR_SELECTION - null, AccessibilityAction: ACTION_CLICK - null, AccessibilityAction: ACTION_LONG_CLICK - null, AccessibilityAction: ACTION_ACCESSIBILITY_FOCUS - null, AccessibilityAction: ACTION_SHOW_ON_SCREEN - null]
06-24 16:17:47.155 I/Pged-Freezer(  769): Freeze process: 15693
06-24 16:17:47.156 I/        (16046): power log dlsym ok
06-24 16:17:47.159 D/PgedBinderAdapter( 1699): frz ok, pid: [29457, 29531, 14942, 15544, 15693]
06-24 16:17:47.159 I/ActivityManager(  657): Start proc 16046:com.excelliance.dualaid:olle/u0a1422 for activity com.excelliance.dualaid/com.excelliance.kxqp.ui.HelloActivity
06-24 16:17:47.160 I/zygote  (16046): Reinit property: dalvik.vm.checkjni= false
06-24 16:17:47.160 V/WindowManager(  657): No longer Stopped: AppWindowToken{1b0c75c token=Token{7b3c1cf ActivityRecord{9e3222e u0 com.excelliance.dualaid/com.excelliance.kxqp.ui.HelloActivity t16032}}}
06-24 16:17:47.160 V/ActivityManager(  657): startProcess: name=com.excelliance.dualaid:olle app=ProcessRecord{22b1a65 16046:com.excelliance.dualaid:olle/u0a1422} knownToBeDead=true thread=null pid=16046
06-24 16:17:47.168 D/ActivityThread(16046): ActivityThread,attachApplication
06-24 16:17:47.169 D/ActivityManager(  657): ActivityManagerService,attachApplication,callingPid = 16046
06-24 16:17:47.172 V/WindowManager(  657): No longer Stopped: AppWindowToken{1b0c75c token=Token{7b3c1cf ActivityRecord{9e3222e u0 com.excelliance.dualaid/com.excelliance.kxqp.ui.HelloActivity t16032}}}
06-24 16:17:47.182 V/WindowManager(  657): findFocusedWindow: AppWindowToken{d3a938b token=Token{377755a ActivityRecord{d5c9105 u0 com.huawei.android.launcher/.unihome.UniHomeLauncher t15658}}} below Reached focused app=AppWindowToken{1b0c75c token=Token{7b3c1cf ActivityRecord{9e3222e u0 com.excelliance.dualaid/com.excelliance.kxqp.ui.HelloActivity t16032}}}
06-24 16:17:47.183 D/ScenarioService( 1699): front pkg : com.excelliance.dualaid launcher: false
06-24 16:17:47.183 D/ScenarioService( 1699): new above launcher front pkgs: [com.excelliance.dualaid]
06-24 16:17:47.183 I/AppsUsage( 1699): scnOff:false FgAPP:com.excelliance.dualaid BgAPP:com.huawei.android.launcher
06-24 16:17:47.186 V/WindowManager(  657): Checking 1 opening apps (frozen=false timeout=false)...
06-24 16:17:47.186 V/WindowManager(  657): Check opening app=AppWindowToken{1b0c75c token=Token{7b3c1cf ActivityRecord{9e3222e u0 com.excelliance.dualaid/com.excelliance.kxqp.ui.HelloActivity t16032}}}: allDrawn=false startingDisplayed=false startingMoved=false isRelaunching()=false
06-24 16:17:47.186 D/EmcomManagerService(  657): forePackage name is com.excelliance.dualaid
06-24 16:17:47.187 D/HicomPolicyManager(  657): foreAppInfo = nullpkgName = com.excelliance.dualaid uid= 11422
06-24 16:17:47.187 E/HicomPolicyManager(  657): udp acc is not start yet!
06-24 16:17:47.187 D/HicomPolicyManager(  657): speed control is not start
06-24 16:17:47.187 E/HicomPolicyManager(  657): Network Evaluation is not start yet!
06-24 16:17:47.187 E/HicomPolicyManager(  657): foreground app info is null
06-24 16:17:47.188 D/HwQoEUtils(  657): mForegroundAppPackageName: com.excelliance.dualaid:olle ,score: 0
06-24 16:17:47.188 D/HwQoEUtils(  657): APP type: -1 appName= com.excelliance.dualaid:olle
06-24 16:17:47.188 D/HwQoEUtils(  657): RealAppName:com.excelliance.dualaid
06-24 16:17:47.188 D/HwQoEUtils(  657): no game, APP_TYPE_GAME, appName =com.excelliance.dualaid:olle
06-24 16:17:47.188 D/HwGameAssistantController(  657): pid=16046, uid=11422, foreground=true
06-24 16:17:47.189 I/HwNetworkPolicy(  657): onTransact, code = 203
06-24 16:17:47.189 I/HwNetworkPolicyManager( 1813): getHwUidPolicy uid = 11422 policy = 0
06-24 16:17:47.190 W//system/bin/hwservicemanager(  416): Cannot open /odm/manifest.xml
06-24 16:17:47.191 W/AwareLog(  657): SchedLevelBoost: onFgActivitiesChanged config not set!
06-24 16:17:47.191 D/[HwRecSys]HwRecSysService( 2647): onEvent actionID: 10000 msg:com.excelliance.dualaid		
06-24 16:17:47.191 E/[HwRecSys]HwRecSysService( 2647): getIsRportDirectService is false!
06-24 16:17:47.192 I/PGServer( 1699): report state:10010 event type:2 pid:0 uid:0 pkg:com.huawei.android.launcher to pid: 657
06-24 16:17:47.192 I/PGServer( 1699): report state:10010 event type:2 pid:0 uid:0 pkg:com.huawei.android.launcher to pid: 1699
06-24 16:17:47.192 I/SceneReceiver( 1699): state type: 10010 eventType:2 pid:0 uid:0 pkg:com.huawei.android.launcher
06-24 16:17:47.192 I/PGServer( 1699): report state:10000 event type:1 pid:0 uid:0 pkg:com.excelliance.dualaid to pid: 657
06-24 16:17:47.192 I/PGServer( 1699): report state:10000 event type:1 pid:0 uid:0 pkg:com.excelliance.dualaid to pid: 1699
06-24 16:17:47.192 I/SceneReceiver( 1699): state type: 10000 eventType:1 pid:0 uid:0 pkg:com.excelliance.dualaid
06-24 16:17:47.192 D/HwThermalStateManager( 1699): current foreapp pkg : com.excelliance.dualaid
06-24 16:17:47.193 I/PGServer( 1699): checkPkgType. calling pkg: android
06-24 16:17:47.193 I/PGServer( 1699): checkPkgType. calling pkg: android
06-24 16:17:47.196 W/libc    ( 1699): Set property "sys.aps.gameProcessName" to ""
06-24 16:17:47.196 W/libc    ( 1699): Set property "sys.aps.browserProcessName" to ""
06-24 16:17:47.202 D/HwFLClassLoader(16046): get used feature list :/feature/used-list failed!
06-24 16:17:47.202 D/HwFLClassLoader(16046): USE_FEATURE_LIST had not init! 
06-24 16:17:47.204 W//system/bin/hwservicemanager(  416): Cannot open /odm/manifest.xml
06-24 16:17:47.206 I/GRALLOC (  679): 	 shrFd=10,fmt=0x1,intFmt=0x1,btStrd=256,size=4096,pid=679 
06-24 16:17:47.206 I/GRALLOC (  679): 	 yuv=2,w=16,h=16,Stride u=0 v=0,offset u=0 v=0 
06-24 16:17:47.206 I/GRALLOC (  679): 	 iova_size=4096,conUsg=0x100,proUsg=0x100,	 strd=64,[afbc]HdrStrd=0 PyldStrd=0 Scrmbl=0,ionhnd = 1 
06-24 16:17:47.217 E/MemoryLeakMonitorManager(16046): MemoryLeakMonitor.jar is not exist!
06-24 16:17:47.218 D/CrashHandler(16046): CrashHandler
06-24 16:17:47.218 E/Minikin (16046): Could not get cmap table size!
06-24 16:17:47.219 D/PMS11422(  657): package:com.excelliance.dualaid, input flags:128, output hwFlags:0
06-24 16:17:47.220 D/KXQPApplication(16046): run: initUserManager
06-24 16:17:47.228 I/HwCust  (16046): Constructor found for class android.app.HwCustActivityImpl
06-24 16:17:47.228 D/HwCust  (16046): Create obj success use class android.app.HwCustActivityImpl
06-24 16:17:47.230 V/HwPolicyFactory(16046): : success to get AllImpl object and return....
06-24 16:17:47.231 I/HwCust  (16046): Constructor found for class android.app.HwCustHwWallpaperManagerImpl
06-24 16:17:47.231 D/HwCust  (16046): Create obj success use class android.app.HwCustHwWallpaperManagerImpl
06-24 16:17:47.232 D/PMS11422(  657): package:com.excelliance.dualaid, input flags:0, output hwFlags:0
06-24 16:17:47.234 V/HwWidgetFactory(16046): : successes to get AllImpl object and return....
06-24 16:17:47.235 V/ActivityThread(16046): ActivityThread,callActivityOnCreate
06-24 16:17:47.237 D/HelloActivity(16046): Memory:25141M
06-24 16:17:47.237 D/HelloActivity(16046): onCreate: true
06-24 16:17:47.239 D/HelloActivity(16046): is code boot
06-24 16:17:47.242 D/HelloActivity(16046): mIsNav = false
06-24 16:17:47.248 D/HttpUtils(16046): getDownloadMode()
06-24 16:17:47.248 D/NetUtils(16046): init inited = true
06-24 16:17:47.249 D/HelloActivity(16046): enter Nav2
06-24 16:17:47.250 D/NetworkSecurityConfig(16046): No Network Security Config specified, using platform default
06-24 16:17:47.251 I/ActivityManager(  657): START u0 {pkg=com.excelliance.dualaid cmp=com.excelliance.dualaid/com.excelliance.kxqp.swipe.NavActivity2 (has extras)} from uid 11422
06-24 16:17:47.251 I/ActivityManager(  657): ActivityRecord info: ActivityInfo{a87e501 com.excelliance.kxqp.swipe.NavActivity2}
06-24 16:17:47.252 V/WindowManager(  657): findFocusedWindow: AppWindowToken{d3a938b token=Token{377755a ActivityRecord{d5c9105 u0 com.huawei.android.launcher/.unihome.UniHomeLauncher t15658}}} below Reached focused app=AppWindowToken{1b0c75c token=Token{7b3c1cf ActivityRecord{9e3222e u0 com.excelliance.dualaid/com.excelliance.kxqp.ui.HelloActivity t16032}}}
06-24 16:17:47.253 V/WindowManager(  657): addAppToken: AppWindowToken{fca5f4 token=Token{1d01bc7 ActivityRecord{1e14906 u0 com.excelliance.dualaid/com.excelliance.kxqp.swipe.NavActivity2 t16032}}} controller={TaskWindowContainerController taskId=16032} at 2147483647
06-24 16:17:47.259 V/ActivityManager(  657): startProcess: name=com.excelliance.dualaid app=null knownToBeDead=true thread=null pid=-1
06-24 16:17:47.259 D/PMS1000 (  657): package:com.excelliance.dualaid, input flags:0, output hwFlags:0
06-24 16:17:47.266 I/ActivityManager(  657): Start proc 16076:com.excelliance.dualaid/u0a1422 for service com.excelliance.dualaid/com.excelliance.kxqp.SmtServService
06-24 16:17:47.267 I/        (16076): power log dlsym ok
06-24 16:17:47.268 D/HwRecentsLockUtils( 1513): Search
06-24 16:17:47.269 I/zygote  (16076): Reinit property: dalvik.vm.checkjni= false
06-24 16:17:47.269 E/HsmCoreServiceImpl( 1478): onTransact in code is: 103
06-24 16:17:47.269 I/MediaProcessHandler( 1478): playingUids: 
06-24 16:17:47.269 D/ActivityManager(  657): Skipping, home or recents stack task: TaskRecord{333215f #15658 A=com.huawei.android.launcher U=0 StackId=0 sz=1}
06-24 16:17:47.269 D/ActivityManager(  657): Skipping intent:act=android.intent.action.MAIN cat=[android.intent.category.LAUNCHER] flg=0x10a00000 cmp=io.appium.settings/.Settings
06-24 16:17:47.269 D/ActivityManager(  657): Skipping intent:flg=0x10804000 cmp=com.android.systemui/.recents.RecentsActivity bnds=[48,928][1032,2296]
06-24 16:17:47.269 D/ActivityManager(  657): Skipping intent:flg=0x18800000 cmp=com.tencent.mm/.plugin.base.stub.WXPayEntryActivity
06-24 16:17:47.269 D/ActivityManager(  657): Skipping intent:flg=0x10800000 cmp=com.huawei.systemmanager/com.huawei.permissionmanager.ui.MainActivity
06-24 16:17:47.269 D/ActivityManager(  657): Skipping intent:flg=0x18800000 cmp=com.tencent.mm/.plugin.base.stub.WXEntryActivity
06-24 16:17:47.269 D/ActivityManager(  657): Skipping intent:act=com.huawei.action.VOICE_ASSISTANT flg=0x10800000 pkg=com.huawei.vassistant cmp=com.huawei.vassistant/.ui.main.VAssistantActivity
06-24 16:17:47.269 D/ActivityManager(  657): Skipping intent:act=com.huawei.android.launcher.action.ACCESS_SPLIT_SCREEN_APP cat=[android.intent.category.DEFAULT] flg=0x10804000 cmp=com.huawei.android.launcher/.splitscreen.SplitScreenAppActivity
06-24 16:17:47.269 D/ActivityManager(  657): Skipping intent:flg=0x10800000 pkg=com.excelliance.dualaid.b64 cmp=com.excelliance.dualaid.b64/com.excelliance.kxqp.sdk.PermissionRequestActivity
06-24 16:17:47.269 D/ActivityManager(  657): Skipping intent:act=android.intent.action.VIEW dat=content://com.excelliance.dualaid.fileProvider/external_storage_root/Download/apk/Multiple_64.apk typ=application/vnd.android.package-archive flg=0x10800001 cmp=com.android.packageinstaller/.InstallStart
06-24 16:17:47.269 D/ActivityManager(  657): Skipping intent:flg=0x10800000 cmp=com.android.systemui/.usb.HwUsbDebuggingActivity
06-24 16:17:47.269 D/ActivityManager(  657): Skipping intent:act=android.deviceinfo.chooser.action.LAUNCH flg=0x10800000 hwFlg=0x100 pkg=com.android.settings cmp=com.android.settings/.deviceinfo.UsbConnModeChooserActivity
06-24 16:17:47.269 D/ActivityManager(  657): Skipping intent:flg=0x10800000 cmp=com.zol.android/.push.KeepLiveActivity
06-24 16:17:47.269 D/ActivityManager(  657): Skipping intent:act=android.intent.action.MAIN cat=[android.intent.category.HOME] flg=0x10800300 cmp=com.android.settings/.FallbackHome
06-24 16:17:47.272 D/HwNetworkManagementService(  657): code == CODE_GET_AD_KEY_LIST
06-24 16:17:47.272 D/HwNetworkManagementService(  657): appName = com.excelliance.dualaid  is not in the mAdViewMap! reply none
06-24 16:17:47.272 D/HwNetworkManagementService(  657): appName = com.excelliance.dualaid  is not in the mAdIdMap! reply none
06-24 16:17:47.274 D/ActivityThread(16046): add activity client record, r= ActivityRecord{cbe2ddc token=android.os.BinderProxy@d13fa03 {com.excelliance.dualaid/com.excelliance.kxqp.ui.HelloActivity}} token= android.os.BinderProxy@d13fa03
06-24 16:17:47.274 D/ActivityThread(16076): ActivityThread,attachApplication
06-24 16:17:47.275 V/WindowManager(  657): No longer Stopped: AppWindowToken{fca5f4 token=Token{1d01bc7 ActivityRecord{1e14906 u0 com.excelliance.dualaid/com.excelliance.kxqp.swipe.NavActivity2 t16032}}}
06-24 16:17:47.276 V/WindowManager(  657): No longer Stopped: AppWindowToken{fca5f4 token=Token{1d01bc7 ActivityRecord{1e14906 u0 com.excelliance.dualaid/com.excelliance.kxqp.swipe.NavActivity2 t16032}}}
06-24 16:17:47.280 V/WindowManager(  657): Checking 1 opening apps (frozen=false timeout=false)...
06-24 16:17:47.280 V/WindowManager(  657): Check opening app=AppWindowToken{fca5f4 token=Token{1d01bc7 ActivityRecord{1e14906 u0 com.excelliance.dualaid/com.excelliance.kxqp.swipe.NavActivity2 t16032}}}: allDrawn=false startingDisplayed=false startingMoved=false isRelaunching()=false
06-24 16:17:47.281 D/ActivityManager(  657): ActivityManagerService,attachApplication,callingPid = 16076
06-24 16:17:47.286 D/HwCust  (16046): Create obj success use class android.app.HwCustActivityImpl
06-24 16:17:47.286 D/HwCust  (16046): Create obj success use class android.app.HwCustHwWallpaperManagerImpl
06-24 16:17:47.287 W//system/bin/hwservicemanager(  416): Cannot open /odm/manifest.xml
06-24 16:17:47.287 V/ActivityThread(16046): ActivityThread,callActivityOnCreate
06-24 16:17:47.290 D/NavActivity2(16046): onCreate
06-24 16:17:47.295 W/Utils   (16046): Utils_isSuperResolutionSupport [load libai_client.so failed]
06-24 16:17:47.297 D/CubicBezierInterpolator(16046): CubicBezierInterpolator  mControlPoint1x = 0.23, mControlPoint1y = 0.06, mControlPoint2x = 0.09, mControlPoint2y = 0.97
06-24 16:17:47.298 D/CubicBezierInterpolator(16046): CubicBezierInterpolator  mControlPoint1x = 0.6, mControlPoint1y = 0.9, mControlPoint2x = 0.8, mControlPoint2y = 1.0
06-24 16:17:47.298 D/CubicBezierInterpolator(16046): CubicBezierInterpolator  mControlPoint1x = 0.23, mControlPoint1y = 0.06, mControlPoint2x = 0.09, mControlPoint2y = 0.97
06-24 16:17:47.298 D/CubicBezierInterpolator(16046): CubicBezierInterpolator  mControlPoint1x = 0.6, mControlPoint1y = 0.9, mControlPoint2x = 0.8, mControlPoint2y = 1.0
06-24 16:17:47.298 D/CubicBezierInterpolator(16046): CubicBezierInterpolator  mControlPoint1x = 0.23, mControlPoint1y = 0.06, mControlPoint2x = 0.09, mControlPoint2y = 0.97
06-24 16:17:47.298 D/CubicBezierInterpolator(16046): CubicBezierInterpolator  mControlPoint1x = 0.6, mControlPoint1y = 0.9, mControlPoint2x = 0.8, mControlPoint2y = 1.0
06-24 16:17:47.298 D/CubicBezierInterpolator(16046): CubicBezierInterpolator  mControlPoint1x = 0.23, mControlPoint1y = 0.06, mControlPoint2x = 0.09, mControlPoint2y = 0.97
06-24 16:17:47.299 D/CubicBezierInterpolator(16046): CubicBezierInterpolator  mControlPoint1x = 0.6, mControlPoint1y = 0.9, mControlPoint2x = 0.8, mControlPoint2y = 1.0
06-24 16:17:47.299 D/NetWorkUtils( 1513): mVSimCurCardType is -1
06-24 16:17:47.300 D/NetWorkUtils( 1513): mVSimCurCardType is -1
06-24 16:17:47.301 W/X509TrustManager(16046): checkServerTrusted: SignatureException:null
06-24 16:17:47.301 W/X509TrustManager(16046): checkServerTrusted: SignatureException:error:04000073:RSA routines:OPENSSL_internal:DATA_TOO_LARGE_FOR_MODULUS
06-24 16:17:47.305 D/HwRTBlurUtils(16046): check blur style for HwPhoneWindow-, themeResId : 0x7f0e000a, context : com.excelliance.kxqp.swipe.NavActivity2@794246b, Nhwext : 0, get Blur : disable with , null
06-24 16:17:47.305 D/HwRTBlurUtils(16046): check blur style for HwPhoneWindow-, themeResId : 0x7f0e000a, context : com.excelliance.kxqp.swipe.NavActivity2@794246b, Nhwext : 0, get Blur : disable with , null
06-24 16:17:47.305 E/test    (16046): hw notch screen flag api error
06-24 16:17:47.307 W//system/bin/hwservicemanager(  416): Cannot open /odm/manifest.xml
06-24 16:17:47.308 D/ActivityThread(16046): add activity client record, r= ActivityRecord{414755e token=android.os.BinderProxy@31abee5 {com.excelliance.dualaid/com.excelliance.kxqp.swipe.NavActivity2}} token= android.os.BinderProxy@31abee5
06-24 16:17:47.308 I/GRALLOC (  679): 	 shrFd=10,fmt=0x1,intFmt=0x1,btStrd=256,size=4096,pid=679 
06-24 16:17:47.308 I/GRALLOC (  679): 	 yuv=2,w=16,h=16,Stride u=0 v=0,offset u=0 v=0 
06-24 16:17:47.308 I/GRALLOC (  679): 	 iova_size=4096,conUsg=0x100,proUsg=0x100,	 strd=64,[afbc]HdrStrd=0 PyldStrd=0 Scrmbl=0,ionhnd = 1 
06-24 16:17:47.312 E/ViewUtils(16046): setBgColor: view==null:top
06-24 16:17:47.312 I/NetworkSpeedManagerEx( 1513): mIsStop = false
06-24 16:17:47.312 I/NetworkSpeedManagerEx( 1513):  runInThread getTetherStats
06-24 16:17:47.313 I/NetworkSpeedManagerEx( 1513):  runInUI refreshSpeed
06-24 16:17:47.313 I/NetworkSpeedManagerEx( 1513): value=1337.6666speed = 1.3
06-24 16:17:47.313 I/NetworkSpeedManagerEx( 1513): K/smIsShowLastSpeedValuefalse
06-24 16:17:47.313 I/NetworkSpeedView( 1513): /update(), speed=1.3
06-24 16:17:47.313 I/NetworkSpeedView( 1513): K/s parent class:class com.android.systemui.statusbar.HwSystemIcons
06-24 16:17:47.314 D/HwFLClassLoader(16076): get used feature list :/feature/used-list failed!
06-24 16:17:47.314 D/HwFLClassLoader(16076): USE_FEATURE_LIST had not init! 
06-24 16:17:47.319 D/OpenGLRenderer(16046):   HWUI Binary is  enabled
06-24 16:17:47.320 D/SurfaceFlinger(  710): SurfaceFlinger: getDisplayConfigs--3.000000, 1080, 1920
06-24 16:17:47.320 I/chatty  (  710): uid=1000(system) Binder:710_5 identical 1 line
06-24 16:17:47.320 D/SurfaceFlinger(  710): SurfaceFlinger: getDisplayConfigs--3.000000, 1080, 1920
06-24 16:17:47.322 D/OpenGLRenderer(16046): HWUI GL Pipeline
06-24 16:17:47.329 I/NetworkSpeedManagerEx( 1513): mIsStop = false
06-24 16:17:47.329 I/NetworkSpeedManagerEx( 1513):  runInThread getTetherStats
06-24 16:17:47.330 I/NetworkSpeedManagerEx( 1513):  runInUI refreshSpeed
06-24 16:17:47.330 I/NetworkSpeedManagerEx( 1513): value=1574.3334speed = 1.5
06-24 16:17:47.330 I/NetworkSpeedManagerEx( 1513): K/smIsShowLastSpeedValuefalse
06-24 16:17:47.330 I/NetworkSpeedView( 1513): /update(), speed=1.5
06-24 16:17:47.330 I/NetworkSpeedView( 1513): K/s parent class:class com.android.systemui.statusbar.HwSystemIcons
06-24 16:17:47.330 V/WindowManager(  657): Adding Window{85c65db u0 com.excelliance.dualaid/com.excelliance.kxqp.swipe.NavActivity2} to AppWindowToken{fca5f4 token=Token{1d01bc7 ActivityRecord{1e14906 u0 com.excelliance.dualaid/com.excelliance.kxqp.swipe.NavActivity2 t16032}}}
06-24 16:17:47.331 V/WindowManager(  657): addWindow: New client android.os.BinderProxy@faedeea: window=Window{85c65db u0 com.excelliance.dualaid/com.excelliance.kxqp.swipe.NavActivity2} Callers=com.android.server.wm.HwWindowManagerService.addWindow:562 com.android.server.wm.Session.addToDisplay:199 android.view.IWindowSession$Stub.onTransact:124 com.android.server.wm.Session.onTransact:161 android.os.Binder.execTransact:675 
06-24 16:17:47.334 D/PMS11422(  657): package:com.excelliance.dualaid, input flags:128, output hwFlags:0
06-24 16:17:47.335 V/WindowManager(  657): Checking 1 opening apps (frozen=false timeout=false)...
06-24 16:17:47.335 V/WindowManager(  657): Check opening app=AppWindowToken{fca5f4 token=Token{1d01bc7 ActivityRecord{1e14906 u0 com.excelliance.dualaid/com.excelliance.kxqp.swipe.NavActivity2 t16032}}}: allDrawn=false startingDisplayed=false startingMoved=false isRelaunching()=false
06-24 16:17:47.343 D/HwGalleryCacheManagerImpl(16046): mIsEffect:false
06-24 16:17:47.343 D/PMS11422(  657): package:com.excelliance.dualaid, input flags:128, output hwFlags:0
06-24 16:17:47.346 D/HttpUtils(16046): getResponseCode():200
06-24 16:17:47.346 D/WHEG    (16046): {"status":"0","controls":"","skip":"0"}
06-24 16:17:47.380 D/HwRecentsLockUtils( 1513): Search
06-24 16:17:47.380 E/HsmCoreServiceImpl( 1478): onTransact in code is: 103
06-24 16:17:47.380 I/MediaProcessHandler( 1478): playingUids: 
06-24 16:17:47.381 D/ActivityManager(  657): Skipping, home or recents stack task: TaskRecord{333215f #15658 A=com.huawei.android.launcher U=0 StackId=0 sz=1}
06-24 16:17:47.381 D/ActivityManager(  657): Skipping intent:act=android.intent.action.MAIN cat=[android.intent.category.LAUNCHER] flg=0x10a00000 cmp=io.appium.settings/.Settings
06-24 16:17:47.381 D/ActivityManager(  657): Skipping intent:flg=0x10804000 cmp=com.android.systemui/.recents.RecentsActivity bnds=[48,928][1032,2296]
06-24 16:17:47.381 D/ActivityManager(  657): Skipping intent:flg=0x18800000 cmp=com.tencent.mm/.plugin.base.stub.WXPayEntryActivity
06-24 16:17:47.381 D/ActivityManager(  657): Skipping intent:flg=0x10800000 cmp=com.huawei.systemmanager/com.huawei.permissionmanager.ui.MainActivity
06-24 16:17:47.381 D/ActivityManager(  657): Skipping intent:flg=0x18800000 cmp=com.tencent.mm/.plugin.base.stub.WXEntryActivity
06-24 16:17:47.381 D/ActivityManager(  657): Skipping intent:act=com.huawei.action.VOICE_ASSISTANT flg=0x10800000 pkg=com.huawei.vassistant cmp=com.huawei.vassistant/.ui.main.VAssistantActivity
06-24 16:17:47.381 D/ActivityManager(  657): Skipping intent:act=com.huawei.android.launcher.action.ACCESS_SPLIT_SCREEN_APP cat=[android.intent.category.DEFAULT] flg=0x10804000 cmp=com.huawei.android.launcher/.splitscreen.SplitScreenAppActivity
06-24 16:17:47.381 D/ActivityManager(  657): Skipping intent:flg=0x10800000 pkg=com.excelliance.dualaid.b64 cmp=com.excelliance.dualaid.b64/com.excelliance.kxqp.sdk.PermissionRequestActivity
06-24 16:17:47.381 D/ActivityManager(  657): Skipping intent:act=android.intent.action.VIEW dat=content://com.excelliance.dualaid.fileProvider/external_storage_root/Download/apk/Multiple_64.apk typ=application/vnd.android.package-archive flg=0x10800001 cmp=com.android.packageinstaller/.InstallStart
06-24 16:17:47.381 D/ActivityManager(  657): Skipping intent:flg=0x10800000 cmp=com.android.systemui/.usb.HwUsbDebuggingActivity
06-24 16:17:47.381 D/ActivityManager(  657): Skipping intent:act=android.deviceinfo.chooser.action.LAUNCH flg=0x10800000 hwFlg=0x100 pkg=com.android.settings cmp=com.android.settings/.deviceinfo.UsbConnModeChooserActivity
06-24 16:17:47.381 D/ActivityManager(  657): Skipping intent:flg=0x10800000 cmp=com.zol.android/.push.KeepLiveActivity
06-24 16:17:47.381 D/ActivityManager(  657): Skipping intent:act=android.intent.action.MAIN cat=[android.intent.category.HOME] flg=0x10800300 cmp=com.android.settings/.FallbackHome
06-24 16:17:47.403 W/dex2oat (16104): Using default instruction set features for ARM CPU variant (default) using conservative defaults
06-24 16:17:47.404 I/dex2oat (16104): /system/bin/dex2oat -j4 --dex-file=/data/data/com.excelliance.dualaid/.platformcache/main.jar --output-vdex-fd=48 --oat-fd=49 --oat-location=/data/data/com.excelliance.dualaid/.platformcache/oat/arm/main.odex --compiler-filter=quicken
06-24 16:17:47.404 I/cutils-trace(16104): atrace_init_once, trace_marker_path = /sys/kernel/debug/tracing/trace_marker
06-24 16:17:47.416 D/MainActivity(16046): instantiateItem: 2	android.widget.RelativeLayout{d00e2b1 V.E...... ......I. 0,0-0,0}
06-24 16:17:47.417 D/MainActivity(16046): initPage3: 
06-24 16:17:47.421 V/WindowManager(  657): Checking 1 opening apps (frozen=false timeout=false)...
06-24 16:17:47.421 V/WindowManager(  657): Check opening app=AppWindowToken{fca5f4 token=Token{1d01bc7 ActivityRecord{1e14906 u0 com.excelliance.dualaid/com.excelliance.kxqp.swipe.NavActivity2 t16032}}}: allDrawn=false startingDisplayed=false startingMoved=false isRelaunching()=false
06-24 16:17:47.424 V/HwPhoneWindowManager(  657): updateSystemUiColorLw window=Window{85c65db u0 com.excelliance.dualaid/com.excelliance.kxqp.swipe.NavActivity2},EmuiStyle=0,StatusBarColor=0xff000000,NavigationBarColor=0xff000000, mLastIsEmuiLightStyle=-1
06-24 16:17:47.424 D/HwPhoneWindowManager(  657): Transact:setSystemUIColor to status bar service
06-24 16:17:47.424 I/CommandQueue( 1513): updateBarBgColor
06-24 16:17:47.424 D/CommandQueue( 1513): CommandQueue, setBarBackgroundColor
06-24 16:17:47.426 V/WindowManager(  657): Checking 1 opening apps (frozen=false timeout=false)...
06-24 16:17:47.426 V/WindowManager(  657): Check opening app=AppWindowToken{fca5f4 token=Token{1d01bc7 ActivityRecord{1e14906 u0 com.excelliance.dualaid/com.excelliance.kxqp.swipe.NavActivity2 t16032}}}: allDrawn=false startingDisplayed=false startingMoved=false isRelaunching()=false
06-24 16:17:47.430 D/TintManager( 1513): statusBarIconTint=#99FFFFFF,navigationBarIconTint=#FF000000
06-24 16:17:47.430 D/BarTransitions.HwPhoneStatusBarView( 1513): MODE_TRANSPARENT -> MODE_TRANSLUCENT animate=false
06-24 16:17:47.430 D/BarTransitions.HwPhoneStatusBarView( 1513): applyModeBackground oldMode=MODE_TRANSPARENT newMode=MODE_TRANSLUCENT animate=false
06-24 16:17:47.431 I/GRALLOC (  679): 	 shrFd=10,fmt=0x1,intFmt=0x200000001,btStrd=4352,size=8486912,pid=679 
06-24 16:17:47.431 I/GRALLOC (  679): 	 yuv=2,w=1080,h=1920,Stride u=0 v=0,offset u=0 v=0 
06-24 16:17:47.431 I/GRALLOC (  679): 	 iova_size=8486912,conUsg=0x900,proUsg=0x900,	 strd=1088,[afbc]HdrStrd=1088 PyldStrd=69632 Scrmbl=2,ionhnd = 1 
06-24 16:17:47.433 I/GRALLOC (  679): 	 shrFd=10,fmt=0x1,intFmt=0x200000001,btStrd=4352,size=8486912,pid=679 
06-24 16:17:47.433 I/GRALLOC (  679): 	 yuv=2,w=1080,h=1920,Stride u=0 v=0,offset u=0 v=0 
06-24 16:17:47.433 I/GRALLOC (  679): 	 iova_size=8486912,conUsg=0x900,proUsg=0x900,	 strd=1088,[afbc]HdrStrd=1088 PyldStrd=69632 Scrmbl=2,ionhnd = 1 
06-24 16:17:47.434 D/MainActivity(16046): run: initPage3
06-24 16:17:47.434 V/MainActivity(16046): onWindowFocusChanged: true
06-24 16:17:47.434 I/OpenGLRenderer(16046): Initialized EGL, version 1.4
06-24 16:17:47.434 D/OpenGLRenderer(16046): Swap behavior 2
06-24 16:17:47.434 I/GRALLOC (  679): 	 shrFd=10,fmt=0x1,intFmt=0x200000001,btStrd=4352,size=8486912,pid=679 
06-24 16:17:47.434 I/GRALLOC (  679): 	 yuv=2,w=1080,h=1920,Stride u=0 v=0,offset u=0 v=0 
06-24 16:17:47.434 I/GRALLOC (  679): 	 iova_size=8486912,conUsg=0x900,proUsg=0x900,	 strd=1088,[afbc]HdrStrd=1088 PyldStrd=69632 Scrmbl=2,ionhnd = 1 
06-24 16:17:47.435 W/InputMethodManager(16046): startInputReason = 1
06-24 16:17:47.438 W/InputMethodManager(16046): startInputReason = 5
06-24 16:17:47.439 D/mali_winsys(16046): EGLint new_window_surface(egl_winsys_display *, void *, EGLSurface, EGLConfig, egl_winsys_surface **, egl_color_buffer_format *, EGLBoolean) returns 0x3000
06-24 16:17:47.440 E/vndksupport(16046): Could not load vendor/lib/egl/libGLES_mali_v2.so from sphal namespace: dlopen failed: library "vendor/lib/egl/libGLES_mali_v2.so" not found.
06-24 16:17:47.440 I/wangchen( 7035): SysInfo.getSysParam: orientation=1||config d=3.0,w=1080,h=1920||metrics d=3.0,w=1080,h=1920||sdk=26,bar_h=72
06-24 16:17:47.440 I/KeymapLoader( 7035): w=1080 h=1920 ori=true appScale=3.3 s1=3.0
06-24 16:17:47.448 D/StatusBarIconController( 1513): setIconVisibility icon is null or visibility not change visibility=false
06-24 16:17:47.457 I/GRALLOC (  679): 	 shrFd=10,fmt=0x1,intFmt=0x200000001,btStrd=4352,size=8486912,pid=679 
06-24 16:17:47.457 I/GRALLOC (  679): 	 yuv=2,w=1080,h=1920,Stride u=0 v=0,offset u=0 v=0 
06-24 16:17:47.457 I/GRALLOC (  679): 	 iova_size=8486912,conUsg=0xb00,proUsg=0xb00,	 strd=1088,[afbc]HdrStrd=1088 PyldStrd=69632 Scrmbl=2,ionhnd = 1 
06-24 16:17:47.465 D/WindowManager(  657): finishDrawingWindow: Window{85c65db u0 com.excelliance.dualaid/com.excelliance.kxqp.swipe.NavActivity2} mDrawState=DRAW_PENDING
06-24 16:17:47.469 V/WindowManager(  657): Checking 1 opening apps (frozen=false timeout=false)...
06-24 16:17:47.469 V/WindowManager(  657): Check opening app=AppWindowToken{fca5f4 token=Token{1d01bc7 ActivityRecord{1e14906 u0 com.excelliance.dualaid/com.excelliance.kxqp.swipe.NavActivity2 t16032}}}: allDrawn=true startingDisplayed=false startingMoved=false isRelaunching()=false
06-24 16:17:47.477 D/ImageWallpaper( 1513): onVisibilityChanged: mVisible, visible=true, false
06-24 16:17:47.477 D/ImageWallpaper( 1513): Visibility changed to visible=false
06-24 16:17:47.479 I/zygote64(  657): Background concurrent copying GC freed 456041(24MB) AllocSpace objects, 97(2MB) LOS objects, 31% free, 53MB/77MB, paused 463us total 152.081ms
06-24 16:17:47.479 D/BarTransitions.HwPhoneStatusBarView( 1513): MODE_TRANSLUCENT -> MODE_TRANSPARENT animate=false
06-24 16:17:47.479 D/BarTransitions.HwPhoneStatusBarView( 1513): applyModeBackground oldMode=MODE_TRANSLUCENT newMode=MODE_TRANSPARENT animate=false
06-24 16:17:47.481 E/BufferQueueProducer(  710): [com.huawei.android.launcher/com.huawei.android.launcher.unihome.UniHomeLauncher#0] disconnect: not connected (req=1)
06-24 16:17:47.481 W/libEGL  ( 2519): EGLNativeWindowType 0x74abe62010 disconnect failed
06-24 16:17:47.481 I/ActivityManager(  657): Displayed com.excelliance.dualaid/com.excelliance.kxqp.swipe.NavActivity2: +201ms (total +328ms)
06-24 16:17:47.482 I/WindowManager(  657): notifyAccessibilityButtonVisibilityChanged visible:false
06-24 16:17:47.495 D/BarTransitions.HwPhoneStatusBarView( 1513): MODE_TRANSPARENT -> MODE_TRANSLUCENT animate=false
06-24 16:17:47.495 D/BarTransitions.HwPhoneStatusBarView( 1513): applyModeBackground oldMode=MODE_TRANSPARENT newMode=MODE_TRANSLUCENT animate=false
06-24 16:17:47.495 D/BarTransitions.HwNavigationBarView( 1513): MODE_TRANSLUCENT -> MODE_OPAQUE animate=false
06-24 16:17:47.495 D/BarTransitions.HwNavigationBarView( 1513): applyModeBackground oldMode=MODE_TRANSLUCENT newMode=MODE_OPAQUE animate=false
06-24 16:17:47.502 V/WindowManager(  657): notifyAppStopped: AppWindowToken{d3a938b token=Token{377755a ActivityRecord{d5c9105 u0 com.huawei.android.launcher/.unihome.UniHomeLauncher t15658}}}
06-24 16:17:47.502 E/WindowManager(  657): win=Window{68d6975 u0 com.huawei.android.launcher/com.huawei.android.launcher.unihome.UniHomeLauncher} destroySurfaces: appStopped=true win.mWindowRemovalAllowed=false win.mRemoveOnExit=false
06-24 16:17:47.502 D/ActivityThread(16046): Remove activity client record, r= ActivityRecord{cbe2ddc token=android.os.BinderProxy@d13fa03 {com.excelliance.dualaid/com.excelliance.kxqp.ui.HelloActivity}} token= android.os.BinderProxy@d13fa03
06-24 16:17:47.502 E/WindowManager(  657): win=Window{68d6975 u0 com.huawei.android.launcher/com.huawei.android.launcher.unihome.UniHomeLauncher} destroySurfaces: appStopped=true win.mWindowRemovalAllowed=false win.mRemoveOnExit=false
06-24 16:17:47.502 I/WindowManager(  657): Destroying surface Surface(name=com.huawei.android.launcher/com.huawei.android.launcher.unihome.UniHomeLauncher) called by com.android.server.wm.WindowStateAnimator.destroySurface:2060 com.android.server.wm.WindowStateAnimator.destroySurfaceLocked:873 com.android.server.wm.HwWindowStateAnimator.destroySurfaceLocked:1006 com.android.server.wm.WindowState.destroyOrSaveSurfaceUnchecked:2990 com.android.server.wm.WindowState.destroySurface:2951 com.android.server.wm.AppWindowToken.destroySurfaces:654 com.android.server.wm.AppWindowToken.destroySurfaces:638 com.android.server.wm.AppWindowToken.notifyAppStopped:682 
06-24 16:17:47.505 W/ActivityManager(  657): Sending non-protected broadcast huawei.action.floattasks.STATUS_BAR_STATE_CHANGED from system 1513:com.android.systemui/u0a39 pkg com.android.systemui
06-24 16:17:47.505 W/HwKeyguardDragHelper( 1513): AnimationBlocked
06-24 16:17:47.506 D/HwGameAssistantController(  657): pid=2519, uid=10056, foreground=false
06-24 16:17:47.506 W/AwareLog(  657): SchedLevelBoost: onFgActivitiesChanged config not set!
06-24 16:17:47.506 V/WindowManager(  657): removeAppToken: AppWindowToken{1b0c75c token=Token{7b3c1cf ActivityRecord{9e3222e u0 com.excelliance.dualaid/com.excelliance.kxqp.ui.HelloActivity t16032}}} delayed=false Callers=com.android.server.wm.DisplayContent.removeAppToken:985 com.android.server.wm.AppWindowContainerController.removeContainer:348 com.android.server.am.ActivityRecord.removeWindowContainer:1039 com.android.server.am.ActivityStack.removeActivityFromHistoryLocked:4491 
06-24 16:17:47.693 I/HwNormalizedSpline(  657): getEyeProtectionBrightnessLevel lux =239.0, mDefaultBrightnessFromLux =68.645
06-24 16:17:47.818 I/dex2oat (16104): dex2oat took 414.519ms (991.623ms cpu) (threads: 4) arena alloc=162KB (166432B) java alloc=2MB (3143720B) native alloc=4MB (4689640B) free=2MB (2650392B)
06-24 16:17:47.834 D/PMS11422(  657): package:com.excelliance.dualaid, input flags:128, output hwFlags:0
06-24 16:17:47.871 W/dex2oat (16136): Using default instruction set features for ARM CPU variant (default) using conservative defaults
06-24 16:17:47.872 I/dex2oat (16136): /system/bin/dex2oat -j4 --dex-file=/data/data/com.excelliance.dualaid/.platformcache/kxqpplatform2.jar --output-vdex-fd=49 --oat-fd=50 --oat-location=/data/data/com.excelliance.dualaid/.platformcache/oat/arm/kxqpplatform2.odex --compiler-filter=quicken
06-24 16:17:47.872 I/cutils-trace(16136): atrace_init_once, trace_marker_path = /sys/kernel/debug/tracing/trace_marker
06-24 16:17:47.954 I/GRALLOC (  679): 	 shrFd=10,fmt=0x1,intFmt=0x200000001,btStrd=4352,size=8486912,pid=679 
06-24 16:17:47.954 I/GRALLOC (  679): 	 yuv=2,w=1080,h=1920,Stride u=0 v=0,offset u=0 v=0 
06-24 16:17:47.954 I/GRALLOC (  679): 	 iova_size=8486912,conUsg=0xb00,proUsg=0xb00,	 strd=1088,[afbc]HdrStrd=1088 PyldStrd=69632 Scrmbl=2,ionhnd = 1 
06-24 16:17:48.046 E/wificond(  765): Failed to get NL80211_STA_INFO_CNAHLOAD
06-24 16:17:48.047 E/WificondControl(  657): Noise: -90, Snr: 0, Chload: -1
06-24 16:17:48.047 D/HwWifiCHRStateManager(  657): handleMessage : 1001
06-24 16:17:48.047 D/HwWifiCHRStateManager(  657): handleUpdateChannel:5805
06-24 16:17:48.047 V/HwWifiServiceFactory(  657): get AllImpl object = com.android.server.wifi.HwWifiServiceFactoryImpl@a390a53
06-24 16:17:48.050 D/HuaweiWifiWatchdogStateMachine(  657): LM mrssi=-44
06-24 16:17:48.050 D/WiFi_PRO(  657): MSG_RETURN_AP_CURRY_RSSI rssi = -44
06-24 16:17:48.050 I/QosMonitor(  657): queryRtt: rtt_type = 3
06-24 16:17:48.050 D/HuaweiWifiWatchdogStateMachine(  657): f2:9f:**:**:8f:43 current loss[-45]=0%, volume=38
06-24 16:17:48.050 D/HuaweiWifiWatchdogStateMachine(  657): f2:9f:**:**:8f:43 history loss[-45]=0.02%, volume=23040465
06-24 16:17:48.050 I/HwQoEJNI(  657): send_cmd_kernel. begin
06-24 16:17:48.050 I/HwQoEJNI(  657): send_cmd_kernel. end
06-24 16:17:48.050 I/QosMonitor(  657): postEventFromNative: msg=100,arg1=4,arg2=10
06-24 16:17:48.050 I/HuaweiWifiWatchdogStateMachine(  657): spd good count:0, add sc:0.0, rate:1.0
06-24 16:17:48.050 I/HuaweiWifiWatchdogStateMachine(  657): current mHighDataFlowRate = 1.0
06-24 16:17:48.051 D/HuaweiWifiWatchdogStateMachine(  657): f2:9f:**:**:8f:43 current RTT[-45]=156, volume=9
06-24 16:17:48.051 D/HuaweiWifiWatchdogStateMachine(  657): f2:9f:**:**:8f:43 history RTT[-45]=237, volume=1686674
06-24 16:17:48.051 I/HuaweiWifiWatchdogStateMachine(  657): POta txb txg rxg:0, 38, 0. Lr =0% Totpkt=38
06-24 16:17:48.051 D/HuaweiWifiWatchdogStateMachine(  657): setSampleRtt: rtt=156,rtt_pkts =9,rtt_when=0
06-24 16:17:48.051 I/QosMonitor(  657): resetRtt: rtt_type = 3
06-24 16:17:48.051 I/HwQoEJNI(  657): send_cmd_kernel. begin
06-24 16:17:48.051 I/HwQoEJNI(  657): send_cmd_kernel. end
06-24 16:17:48.051 I/HwQoEJNI(  657): send_cmd_kernel. begin
06-24 16:17:48.051 I/HwQoEJNI(  657): send_cmd_kernel. end
06-24 16:17:48.051 I/QosMonitor(  657): postEventFromNative: msg=100,arg1=0,arg2=10
06-24 16:17:48.051 I/MQoS    (  657): rtt=156,tcp_tx_pkts=404604,tcp_rx_pkts=419526
06-24 16:17:48.051 I/MQoS    (  657): QOS_level:0(0),DataDisable;use level-0
06-24 16:17:48.051 I/MQoS    (  657): skip-low-Level:0(0),DataDisable;use level-0
06-24 16:17:48.052 D/HwUidTcpMonitor(  657): parseWlanUidTcpStatistics lastUidTcpStatInfo = [ mUid = 10089 mPacketName = com.google.uid.shared:10089 mSendSegs = 7412 mResendSegs = 0 mRcvSegs = 473 ]
06-24 16:17:48.052 D/HwUidTcpMonitor(  657): parseWlanUidTcpStatistics lastUidTcpStatInfo = [ mUid = 10093 mPacketName = com.android.vending mSendSegs = 3489 mResendSegs = 2442 mRcvSegs = 238 ]
06-24 16:17:48.052 D/HwWifiConnectivityMonitor(  657): ENTER: notifyTopUidTcpInfo, tx = 18, rx = 14, reTx = 0, uid = 11422, tr = 0.0
06-24 16:17:48.052 D/HwWifiConnectivityMonitor(  657): ENTER: notifyTopUidTcpInfo, rtt = 320, rttPkts = 8, aveRtt = 40.0, app = com.excelliance.dualaid
06-24 16:17:48.052 D/HwUidTcpMonitor(  657): parseWlanUidTcpStatistics lastUidTcpStatInfo = [ mUid = 11422 mPacketName = com.excelliance.dualaid mSendSegs = 19524 mResendSegs = 3 mRcvSegs = 23719 ]
06-24 16:17:48.052 D/HwWifiConnectivityMonitor(  657): handleTopUidInternetStatusChanged, uid = 11422, status = 0
06-24 16:17:48.053 D/HuaweiWifiWatchdogStateMachine(  657): dumpTcpResult: len=10,rtt=156,rttPkt=9,rttWn=0,cgt=16,cgtWn=9473089
06-24 16:17:48.053 I/HuaweiWifiWatchdogStateMachine(  657): PTcp RTT:156, rtt pkt=9, tcp_rx=15, tcp_tx=27, tcp_reTran=2, rtRate=0.07
06-24 16:17:48.053 D/HuaweiWifiWatchdogStateMachine(  657): isRttGood is good, AvgRtt = 156, TotPkt = 9
06-24 16:17:48.053 D/HuaweiWifiWatchdogStateMachine(  657): mRssiBadCount =0, RSSI not bad.
06-24 16:17:48.053 D/HuaweiWifiWatchdogStateMachine(  657): detectNetworkAvailable:hw.wifipro.dns_fail_count = 65
06-24 16:17:48.053 D/HuaweiWifiWatchdogStateMachine(  657): detectNetworkAvailable: tcpRxPkts != 0, reset
06-24 16:17:48.053 I/HuaweiWifiWatchdogStateMachine(  657): rs ota tcp lr rttvb bad: false, false, false, false, false; rsth:-75
06-24 16:17:48.053 D/HuaweiWifiWatchdogStateMachine(  657): GSC:0, GSR:1.0, RSR:1.0, RTH:-75
06-24 16:17:48.053 D/HuaweiWifiWatchdogStateMachine(  657): goodperiod count=1, rb rttg sg =false, true, false
06-24 16:17:48.053 D/HuaweiWifiWatchdogStateMachine(  657): bqeLevel = 3 rtt=156,rtt_pkts=9 speed=2001 rssi=-44
06-24 16:17:48.053 D/HuaweiWifiWatchdogStateMachine(  657): Enter updateQoeLevel level = 3
06-24 16:17:48.053 D/HuaweiWifiWatchdogStateMachine(  657): updateQoeLevel need two more periods, return
06-24 16:17:48.053 I/HuaweiWifiWatchdogStateMachine(  657):  pkt chk not bad, reset sc to 0.
06-24 16:17:48.053 D/HuaweiWifiWatchdogStateMachine(  657): ### mPktChkBadCnt=0
06-24 16:17:48.066 I/dex2oat (16136): dex2oat took 195.153ms (412.879ms cpu) (threads: 4) arena alloc=3KB (4064B) java alloc=2MB (2299856B) native alloc=2MB (2314736B) free=2MB (2928144B)
06-24 16:17:48.079 D/PMS11422(  657): package:com.excelliance.dualaid, input flags:0, output hwFlags:0
06-24 16:17:48.087 E/MemoryLeakMonitorManager(16076): MemoryLeakMonitor.jar is not exist!
06-24 16:17:48.088 D/KXQPApplication(16076): run: initUserManager
06-24 16:17:48.088 D/CrashHandler(16076): CrashHandler
06-24 16:17:48.089 E/Minikin (16076): Could not get cmap table size!
06-24 16:17:48.090 D/PMS11422(  657): package:com.excelliance.dualaid, input flags:128, output hwFlags:0
06-24 16:17:48.097 D/AirPushService(16076): 
06-24 16:17:48.097 D/SmtServService(16076): MSG_LOAD_PLT GameUtil.isPtLoaded() = false
06-24 16:17:48.099 I/HwCust  (16076): Constructor found for class android.net.HwCustConnectivityManagerImpl
06-24 16:17:48.099 D/HwCust  (16076): Create obj success use class android.net.HwCustConnectivityManagerImpl
06-24 16:17:48.100 D/PMS1000 (  657): package:com.excelliance.dualaid, input flags:8192, output hwFlags:0
06-24 16:17:48.100 D/NetworkStateReceiver(16076): netWorkConnected = true
06-24 16:17:48.100 D/AirPushUtils(16076): startPushInfo
06-24 16:17:48.104 D/AirPushService(16076): Alarm
06-24 16:17:48.108 D/AirPushService(16076): resetPushAlarm
06-24 16:17:48.110 D/SmtServService(16076): pull info
06-24 16:17:48.110 D/SmtServService(16076): diffTime = 1529828268110
06-24 16:17:48.110 D/PMS1001 (  657): package:com.excelliance.dualaid, input flags:0, output hwFlags:0
06-24 16:17:48.111 D/SmtServService(16076): pushInfoFromServer
