07-29 16:45:39.439 D/OppoPackageManager( 1243): filterThirdMarket()---
07-29 16:45:39.439 I/OppoPackageManager( 1243): OppoPackageManagerHelper hasSystemFeature oppo.filtrated.app
07-29 16:45:39.439 D/SPAESUtil(24797): v_p_is
07-29 16:45:39.439 D/MainFragment(24797): handleMessage final msg.what:43, take:2
07-29 16:45:39.439 D/OppoPackageManager( 1243): getKnownMarketMap()
07-29 16:45:39.439 D/OppoPackageManager( 1243): mKnownMarketMap: 
07-29 16:45:39.439 D/OppoPackageManager( 1243): mKnownMarketMap - com.excelliance.dualaid, 1
07-29 16:45:39.439 D/OppoPackageManager( 1243): mKnownMarketMap - com.excean.gspace, 1
07-29 16:45:39.439 D/OppoPackageManager( 1243): mKnownMarketMap - com.estrongs.android.pop, 1
07-29 16:45:39.439 D/OppoPackageManager( 1243): mKnownMarketMap - com.excean.gspace.b64, 1
07-29 16:45:39.439 D/OppoPackageManager( 1243): The MarketName[0] is com.excelliance.dualaid called by Binder.getCallingUid()= 10165
07-29 16:45:39.439 D/OppoPackageManager( 1243): com.excelliance.dualaid is open state.
07-29 16:45:39.439 D/OppoPackageManager( 1243): Filter result: isBlack = false, isWhite = false, isManualOpen = true, isBadMarket = false, isSystem = false, isAddNew = false
07-29 16:45:39.449 E/Reflecting  getMessage(24797): com.excelliance.kxqp.ads.guangdiantongnew.GdtnewFactory 
07-29 16:45:39.449 E/Reflecting   getLocalizedMessage(24797): com.excelliance.kxqp.ads.guangdiantongnew.GdtnewFactory 
07-29 16:45:39.449 D/Reflecting(24797): com.excelliance.kxqp.ads.guangdiantongnew.GdtnewFactory
07-29 16:45:39.449 E/Reflecting  getMessage(24797): com.excelliance.kxqp.ads.guangdiantongnew.GdtnewFactory 
07-29 16:45:39.449 E/Reflecting   getLocalizedMessage(24797): com.excelliance.kxqp.ads.guangdiantongnew.GdtnewFactory 
07-29 16:45:39.449 D/Reflecting(24797): com.excelliance.kxqp.ads.guangdiantongnew.GdtnewFactory
07-29 16:45:39.449 V/InitialData(24797): capitalize:Gdtnew
07-29 16:45:39.449 V/GameUtil(24797): getCurrentVersionByKey : gdtnew	current_gdtnew_version	GdtnewVersion
07-29 16:45:39.459 V/GameUtil(24797): saveVersionToFileByKey  xml_key :gdtnew  result:0
07-29 16:45:39.459 D/StatisticsManager(24797): Query time diff:36762
07-29 16:45:39.459 E/Parcel  (24797): Reading a NULL string not supported here.
07-29 16:45:39.479 V/GameUtil(24797): getCurrentVersionByKey  gdtnew:0
07-29 16:45:39.479 V/InitialData(24797): capitalize:Gdtnew
07-29 16:45:39.489 D/lyl     (24797): file:gdtnew.jar   pay.jar
07-29 16:45:39.489 E/InitialData(24797): gdtnew.jar not exist
07-29 16:45:39.489 V/InitialData(24797): gdtnewVersion:0    gdtnew_version:0    current_gdtnew_version:0
07-29 16:45:39.489 D/InitialData(24797): current not exits identifing = gdtnew, current_jar_version = 0
07-29 16:45:39.489 V/GameUtil(24797): saveVersionToFileByKey  xml_key :gdtnew  result:0
07-29 16:45:39.489 D/InitialData(24797): identifing = gdtnew, jarPath = /data/data/com.excelliance.dualaid/.platformcache/tmp/gdtnew/gdtnew.jar
07-29 16:45:39.489 V/InitialData(24797): capitalize:Gdtnew
07-29 16:45:39.489 V/GameUtil(24797): getCurrentVersionByKey : gdtnew	current_gdtnew_version	GdtnewVersion
07-29 16:45:39.489 V/GameUtil(24797): saveVersionToFileByKey  xml_key :gdtnew  result:0
07-29 16:45:39.489 V/GameUtil(24797): getCurrentVersionByKey  gdtnew:0
07-29 16:45:39.489 V/InitialData(24797): capitalize:Gdtnew
07-29 16:45:39.489 E/Parcel  (24797): Reading a NULL string not supported here.
07-29 16:45:39.489 D/InitialData(24797): assets not exists /data/data/com.excelliance.dualaid/.platformcache/tmp/gdtnew/gdtnew.jar
07-29 16:45:39.489 V/MainActivity(24797): load GDT jar success
07-29 16:45:39.509 D/VersionManager(27484): httpsRequest getURL = http://mto.multiopen.cn/virtualtpkg.php?sdkver=2009&compver=55302&mainver=231800&chid=10022&subchid=1&type=20&pkg=com.excelliance.dualaid&api=22&release=5.1.1&language=zh&country=CN&abi=armeabi-v7a&abi2=armeabi&abilist=arm64-v8a%2Carmeabi-v7a%2Carmeabi&abilist32=armeabi-v7a%2Carmeabi&abilist64=arm64-v8a&brand=OPPO&manufacturer=OPPO&model=OPPO%20R7sm&product=R7sm&issl=1
07-29 16:45:39.529 W/X509TrustManager(24797): checkServerTrusted: SignatureException:null
07-29 16:45:39.529 D/VersionManager(27484): httpsRequest getURL = http://mto.multiopen.cn/shareaddr.php?sdkver=2009&compver=55302&mainver=231800&chid=10022&subchid=1&type=20&pkg=com.excelliance.dualaid&api=22&release=5.1.1&language=zh&country=CN&abi=armeabi-v7a&abi2=armeabi&abilist=arm64-v8a%2Carmeabi-v7a%2Carmeabi&abilist32=armeabi-v7a%2Carmeabi&abilist64=arm64-v8a&brand=OPPO&manufacturer=OPPO&model=OPPO%20R7sm&product=R7sm&issl=0
07-29 16:45:39.529 W/X509TrustManager(24797): checkServerTrusted: SignatureException:error:04067084:rsa routines:RSA_EAY_PUBLIC_DECRYPT:data too large for modulus
07-29 16:45:39.579 D/VersionManager(27484): QG = 729015440
07-29 16:45:39.579 D/VersionManager(27484): httpsRequest getURL = http://mto.multiopen.cn/shareaddr.php?sdkver=2009&compver=55302&mainver=231800&chid=10022&subchid=1&type=20&pkg=com.excelliance.dualaid&api=22&release=5.1.1&language=zh&country=CN&abi=armeabi-v7a&abi2=armeabi&abilist=arm64-v8a%2Carmeabi-v7a%2Carmeabi&abilist32=armeabi-v7a%2Carmeabi&abilist64=arm64-v8a&brand=OPPO&manufacturer=OPPO&model=OPPO%20R7sm&product=R7sm&issl=0
07-29 16:45:39.579 D/VersionManager(27484): QGK = 6XoSVhhsUPompOJcvqYtV6Vn1_eiIQyl
07-29 16:45:39.589 D/VersionManager(27484): queryJrttChannels entered
07-29 16:45:39.599 D/MainFragment(24797): verName = 4.1.2
07-29 16:45:39.599 D/MainFragment(24797): handleMessage msg.what:10
07-29 16:45:39.599 D/MainFragment(24797): serverVersionCode = 472
07-29 16:45:39.599 D/MainFragment(24797): handleMessage final msg.what:10, take:2
07-29 16:45:39.619 D/VersionManager(27484): QG = 729015440
07-29 16:45:39.619 D/VersionManager(27484): QGK = 6XoSVhhsUPompOJcvqYtV6Vn1_eiIQyl
07-29 16:45:39.619 D/DownloadComponentService(27484): vipTestFirstStartTime = 1532853938114
07-29 16:45:39.619 D/DownloadComponentService(27484): diffTime = 1515
07-29 16:45:39.619 D/VersionManager(27484): queryAdId()
07-29 16:45:39.619 D/VersionManager(27484): ABTestGetId()
07-29 16:45:39.629 D/VersionManager(27484): getFoldStyle=5
07-29 16:45:39.629 D/DownloadComponentService(27484): action serv pull
07-29 16:45:39.629 D/SmtServService(24797): pull info
07-29 16:45:39.629 D/SmtServService(24797): diffTime = 73139
07-29 16:45:39.649 D/VersionManager(27484): superIds = 
07-29 16:45:39.649 V/VersionManager(27484): queryJrttChannels  url>>>http://mto.multiopen.cn/substance_channel.php?sdkver=2009&vc=472&vn=4.1.2&compver=55302&mainver=231800&chid=10022&subchid=1&uid=10338333&type=20&imei=860270034674273&imsi=&pkg=com.excelliance.dualaid&api=22&release=5.1.1&abi=armeabi-v7a&abi2=armeabi&abilist=arm64-v8a%2Carmeabi-v7a%2Carmeabi&abilist32=armeabi-v7a%2Carmeabi&abilist64=arm64-v8a&brand=OPPO&manufacturer=OPPO&model=OPPO%20R7sm&product=R7sm&apl=baidu;wdj&plat=7&issl=0
07-29 16:45:39.649 D/VersionManager(27484): httpsRequest getURL = http://mto.multiopen.cn/substance_channel.php?sdkver=2009&vc=472&vn=4.1.2&compver=55302&mainver=231800&chid=10022&subchid=1&uid=10338333&type=20&imei=860270034674273&imsi=&pkg=com.excelliance.dualaid&api=22&release=5.1.1&abi=armeabi-v7a&abi2=armeabi&abilist=arm64-v8a%2Carmeabi-v7a%2Carmeabi&abilist32=armeabi-v7a%2Carmeabi&abilist64=arm64-v8a&brand=OPPO&manufacturer=OPPO&model=OPPO%20R7sm&product=R7sm&apl=baidu;wdj&plat=7&issl=0
07-29 16:45:39.669 D/VersionManager(27484): queryShowOneKeyLoginConfig: 
07-29 16:45:39.679 D/VersionManager(27484): result = {"channel":[{"id":"98","link":"","name":"\u63a8\u8350","plat":"2","super":"0"},{"id":"100","link":"","name":"\u65f6\u4e8b","plat":"2","super":"0"},{"id":"107","link":"","name":"\u5a31\u4e50","plat":"2","super":"0"},{"id":"104","link":"","name":"\u8d22\u7ecf","plat":"2","super":"0"},{"id":"1002","link":"","name":"\u793e\u4f1a","plat":"2","super":"0"},{"id":"109","link":"","name":"\u79d1\u6280","plat":"2","super":"0"},{"id":"106","link":"","name":"\u4e16\u754c\u676f","plat":"2","super":"2"}],"switch":[{"flushtime":1,"iconnews":0,"interback":0}],"backTime":0,"streamAdBigImg":10}
07-29 16:45:39.689 D/VersionManager(27484): httpsRequest getURL = http://mto.multiopen.cn/blackList.php
07-29 16:45:39.709 D/DownloadComponentService(27484): check update checkPeriod = false, canUpdate = true
07-29 16:45:39.709 D/DownloadComponentService(27484): check update canUpdate
07-29 16:45:39.719 D/VersionManager(27484): lastDelRedPocketTime = 0
07-29 16:45:39.719 D/VersionManager(27484): pullActivityIconConfitg
07-29 16:45:39.719 D/VersionManager(27484): network = true
07-29 16:45:39.729 I/appium  ( 9879): Fetch time: 2ms
07-29 16:45:39.729 D/VersionManager(27484): activityIconUrl = https://folder.appota.cn/icon_activitynew.php?vc=472&vn=4.1.2&chid=10022&subchid=1&imei=860270034674273&imsi=null&lang=zh_CN&uid=10338333&isVip=true&type=20&pkg=com.excelliance.dualaid&api=22&release=5.1.1&newuser=1&abTest=0&issl=1, callBack = null
07-29 16:45:39.729 D/VersionManager(27484): xpgi entered
07-29 16:45:39.739 I/appium  ( 9879): AppiumResponse: {"sessionId":"dfbf3083-c5d8-4fdf-9522-7a886ccdaa53","status":0,"value":"<?xml version=\"1.0\" encoding=\"UTF-8\"?><hierarchy rotation=\"0\"><android.widget.ImageView index=\"0\" text=\"\" class=\"android.widget.ImageView\" package=\"com.excelliance.dualaid\" content-desc=\"\" checkable=\"false\" checked=\"false\" clickable=\"false\" enabled=\"true\" focusable=\"false\" focused=\"false\" scrollable=\"false\" long-clickable=\"false\" password=\"false\" selected=\"false\" bounds=\"[780,75][1080,375]\" resource-id=\"\" instance=\"0\"\/><\/hierarchy>"}
07-29 16:45:39.749 I/appium  ( 9879): channel read invoked!
07-29 16:45:39.749 I/appium  ( 9879): channel read: GET /wd/hub/session/dfbf3083-c5d8-4fdf-9522-7a886ccdaa53/source
07-29 16:45:39.749 D/VersionManager(27484): onSuccess: respone:{"code":1,"message":"success","data":{"switch":1},"service":"onekeyswitch"}
07-29 16:45:39.789 V/InitialData(27484): capitalize:Plugin
07-29 16:45:39.789 V/GameUtil(27484): getCurrentVersionByKey : plugin	current_plugin_version	PluginVersion
07-29 16:45:39.789 V/GameUtil(27484): saveVersionToFileByKey  xml_key :plugin  result:0
07-29 16:45:39.789 V/GameUtil(27484): getCurrentVersionByKey  plugin:0
07-29 16:45:39.789 D/MainFragment(24797): handleMessage msg.what:44
07-29 16:45:39.799 D/VersionManager(27484): httpsRequest getURL = http://mto.multiopen.cn/offlinepkg.php?sdkver=2009&apkver=472&vn=4.1.2&compver=55302&mainver=231800&pver=0&chid=10022&subchid=1&type=20&uflag=2&pkg=com.excelliance.dualaid&api=22&release=5.1.1&abi=armeabi-v7a&abi2=armeabi&abilist=arm64-v8a%2Carmeabi-v7a%2Carmeabi&abilist32=armeabi-v7a%2Carmeabi&abilist64=arm64-v8a&brand=OPPO&manufacturer=OPPO&model=OPPO%20R7sm&product=R7sm&sign=30820271308201daa0030201020204520332c2300d06092a864886f70d0101050500307c310b300906035504061302434e3111300f060355040813085368616e&issl=0
07-29 16:45:39.799 W/X509TrustManager(27484): checkServerTrusted: SignatureException:null
07-29 16:45:39.799 W/X509TrustManager(27484): checkServerTrusted: SignatureException:error:04067084:rsa routines:RSA_EAY_PUBLIC_DECRYPT:data too large for modulus
07-29 16:45:39.809 D/VersionManager(27484): httpsRequest getURL = http://mto.multiopen.cn/icon_pull_time.php?sdkver=2009&vc=472&vn=4.1.2&compver=55302&mainver=231800&chid=10022&subchid=1&aid=cd7885452bcb39af&uid=10338333&imei=860270034674273&imsi=&pkg=com.excelliance.dualaid&api=22&release=5.1.1&issl=0
07-29 16:45:39.829 D/FreeActivityForMulti(24797): url：http://folder.appota.cn/activity_free.php?sdkver=2009&vc=472&vn=4.1.2&compver=55302&mainver=231800&chid=10022&subchid=1&uid=10338333&aid=cd7885452bcb39af&im=860270034674273&rid=7&issl=0
07-29 16:45:39.829 D/MainFragment(24797): handleMessage final msg.what:44, take:39
07-29 16:45:39.839 D/VersionManager(27484): xui entered
07-29 16:45:39.849 V/VersionManager(27484): queryStatisticsSettings response>>>{"icon_pull_time":"40"}
07-29 16:45:39.859 D/FreeActivityForMulti(24797): response = []
07-29 16:45:39.859 W/System.err(24797): org.json.JSONException: Value [] of type org.json.JSONArray cannot be converted to JSONObject
07-29 16:45:39.859 W/System.err(24797): 	at org.json.JSON.typeMismatch(JSON.java:111)
07-29 16:45:39.859 W/System.err(24797): 	at org.json.JSONObject.<init>(JSONObject.java:160)
07-29 16:45:39.859 W/System.err(24797): 	at org.json.JSONObject.<init>(JSONObject.java:173)
07-29 16:45:39.859 W/System.err(24797): 	at com.excelliance.kxqp.util.y$1.a(Unknown Source)
07-29 16:45:39.859 W/System.err(24797): 	at com.excelliance.kxqp.util.ag$2$1.run(Unknown Source)
07-29 16:45:39.859 W/System.err(24797): 	at android.os.Handler.handleCallback(Handler.java:739)
07-29 16:45:39.859 W/System.err(24797): 	at android.os.Handler.dispatchMessage(Handler.java:95)
07-29 16:45:39.859 W/System.err(24797): 	at android.os.Looper.loop(Looper.java:159)
07-29 16:45:39.859 W/System.err(24797): 	at android.app.ActivityThread.main(ActivityThread.java:5541)
07-29 16:45:39.859 W/System.err(24797): 	at java.lang.reflect.Method.invoke(Native Method)
07-29 16:45:39.859 W/System.err(24797): 	at java.lang.reflect.Method.invoke(Method.java:372)
07-29 16:45:39.859 W/System.err(24797): 	at com.android.internal.os.ZygoteInit$MethodAndArgsCaller.run(ZygoteInit.java:975)
07-29 16:45:39.859 W/System.err(24797): 	at com.android.internal.os.ZygoteInit.main(ZygoteInit.java:770)
07-29 16:45:39.869 D/PlatSdk (27484): max:0
07-29 16:45:39.869 D/PlatSdk (27484): max:0
07-29 16:45:39.869 D/PlatSdk (27484): current = 0
07-29 16:45:39.869 D/VersionManager(27484): xui getURL:https://folder.appota.cn/chksdkupdate.php?sdkver=2009&apkver=472&vn=4.1.2&compver=55302&mainver=231800&chid=10022&subchid=1&type=20&uflag=2&pkg=com.excelliance.dualaid&api=22&release=5.1.1&abi=armeabi-v7a&abi2=armeabi&abilist=arm64-v8a%2Carmeabi-v7a%2Carmeabi&abilist32=armeabi-v7a%2Carmeabi&abilist64=arm64-v8a&brand=OPPO&manufacturer=OPPO&model=OPPO%20R7sm&product=R7sm&issl=1&opl=&sign=30820271308201daa0030201020204520332c2300d06092a864886f70d0101050500307c310b300906035504061302434e3111300f060355040813085368616e&issl=1
07-29 16:45:39.879 D/VersionManager(27484): httpsRequest getURL = https://folder.appota.cn/chksdkupdate.php?sdkver=2009&apkver=472&vn=4.1.2&compver=55302&mainver=231800&chid=10022&subchid=1&type=20&uflag=2&pkg=com.excelliance.dualaid&api=22&release=5.1.1&abi=armeabi-v7a&abi2=armeabi&abilist=arm64-v8a%2Carmeabi-v7a%2Carmeabi&abilist32=armeabi-v7a%2Carmeabi&abilist64=arm64-v8a&brand=OPPO&manufacturer=OPPO&model=OPPO%20R7sm&product=R7sm&issl=1&opl=&sign=30820271308201daa0030201020204520332c2300d06092a864886f70d0101050500307c310b300906035504061302434e3111300f060355040813085368616e&issl=1
07-29 16:45:39.879 D/DownloadComponentService(27484): vipTestFirstStartTime = 1532853938114
07-29 16:45:39.879 D/DownloadComponentService(27484): diffTime = 1767
07-29 16:45:39.879 D/VersionManager(27484): queryAdId()
07-29 16:45:39.879 D/VersionManager(27484): ABTestGetId()
07-29 16:45:39.879 D/VersionManager(27484): getFoldStyle=5
07-29 16:45:39.879 D/VersionManager(27484): queryAdId:-----getURL = https://mto.multiopen.cn/baidu_id.php?vc=472&vn=4.1.2&chid=10022&subchid=1&imei=860270034674273&imsi=&pkg=com.excelliance.dualaid&api=22&release=5.1.1&newVer=1&brand=OPPO&manufacturer=OPPO&model=OPPO%20R7sm&product=R7sm&issl=1
07-29 16:45:39.879 D/VersionManager(27484): httpsRequest getURL = https://mto.multiopen.cn/baidu_id.php?vc=472&vn=4.1.2&chid=10022&subchid=1&imei=860270034674273&imsi=&pkg=com.excelliance.dualaid&api=22&release=5.1.1&newVer=1&brand=OPPO&manufacturer=OPPO&model=OPPO%20R7sm&product=R7sm&issl=1
07-29 16:45:39.919 W/X509TrustManager(27484): checkServerTrusted: SignatureException:null
07-29 16:45:39.919 W/X509TrustManager(27484): checkServerTrusted: SignatureException:error:04067084:rsa routines:RSA_EAY_PUBLIC_DECRYPT:data too large for modulus
07-29 16:45:39.929 W/X509TrustManager(27484): checkServerTrusted: SignatureException:null
07-29 16:45:39.929 W/X509TrustManager(27484): checkServerTrusted: SignatureException:error:04067084:rsa routines:RSA_EAY_PUBLIC_DECRYPT:data too large for modulus
07-29 16:45:39.979 D/VersionManager(27484): queryAdId result>>>
07-29 16:45:39.989 D/VersionManager(27484): xui result:<?xml version="1.0" encoding="utf-8"?><listpack ver="1.0"></listpack>
07-29 16:45:39.989 D/VersionManager(27484): queryUpdateInfoOfAdv
07-29 16:45:39.999 D/DownloadComponentService(27484): action serv pull
07-29 16:45:39.999 D/SmtServService(24797): pull info
07-29 16:45:39.999 D/SmtServService(24797): diffTime = 73505
07-29 16:45:40.049 V/FactoryData(27484): old factory is null
07-29 16:45:40.049 V/FactoryData(27484): ads:null
07-29 16:45:40.049 V/VersionManager(27484): FactoryData.getFactoryDataOld.size():0
07-29 16:45:40.049 V/InitialData(27484): capitalize:Bd
07-29 16:45:40.049 V/GameUtil(27484): getCurrentVersionByKey : bd	current_bd_version	BdVersion
07-29 16:45:40.059 V/GameUtil(27484): saveVersionToFileByKey  xml_key :bd  result:12
07-29 16:45:40.069 D/VersionManager(27484): queryShowOneKeyLoginConfig: 
07-29 16:45:40.069 V/GameUtil(27484): getCurrentVersionByKey  bd:12
07-29 16:45:40.069 V/InitialData(27484): capitalize:Zh
07-29 16:45:40.069 V/GameUtil(27484): getCurrentVersionByKey : zh	current_zh_version	ZhVersion
07-29 16:45:40.069 V/GameUtil(27484): saveVersionToFileByKey  xml_key :zh  result:0
07-29 16:45:40.079 V/GameUtil(27484): getCurrentVersionByKey  zh:0
07-29 16:45:40.079 V/InitialData(27484): capitalize:Jc
07-29 16:45:40.079 V/GameUtil(27484): getCurrentVersionByKey : jc	current_jc_version	JcVersion
07-29 16:45:40.079 V/GameUtil(27484): saveVersionToFileByKey  xml_key :jc  result:0
07-29 16:45:40.089 D/DownloadComponentService(27484): check update checkPeriod = false, canUpdate = false
07-29 16:45:40.089 D/DownloadComponentService(27484): check update canUpdate
07-29 16:45:40.099 V/GameUtil(27484): getCurrentVersionByKey  jc:0
07-29 16:45:40.099 V/InitialData(27484): capitalize:Al
07-29 16:45:40.099 V/GameUtil(27484): getCurrentVersionByKey : al	current_al_version	AlVersion
07-29 16:45:40.099 V/GameUtil(27484): saveVersionToFileByKey  xml_key :al  result:0
07-29 16:45:40.099 V/GameUtil(27484): getCurrentVersionByKey  al:0
07-29 16:45:40.099 V/InitialData(27484): capitalize:Gdt
07-29 16:45:40.099 V/GameUtil(27484): getCurrentVersionByKey : gdt	current_gdt_version	GdtVersion
07-29 16:45:40.099 V/GameUtil(27484): saveVersionToFileByKey  xml_key :gdt  result:-1
07-29 16:45:40.099 D/PayUtil (27484): sp is empty
07-29 16:45:40.109 V/GameUtil(27484): getCurrentVersionByKey  gdt:-1
07-29 16:45:40.109 V/InitialData(27484): capitalize:Cc
07-29 16:45:40.109 V/GameUtil(27484): getCurrentVersionByKey : cc	current_cc_version	CcVersion
07-29 16:45:40.109 D/PayUtil (27484): 本地不存在文件
07-29 16:45:40.109 V/GameUtil(27484): saveVersionToFileByKey  xml_key :cc  result:0
07-29 16:45:40.119 D/SPAESUtil(27484): v_p_is
07-29 16:45:40.119 D/VersionManager(27484): lastDelRedPocketTime = 0
07-29 16:45:40.119 D/VersionManager(27484): feng:query entered
07-29 16:45:40.119 D/NetworkLinkMonitor( 1243): RSSI_PKTCNT_FETCH_SUCCEEDED--dtotal= 75
07-29 16:45:40.129 V/GameUtil(27484): getCurrentVersionByKey  cc:0
07-29 16:45:40.129 V/InitialData(27484): capitalize:Fb
07-29 16:45:40.129 V/GameUtil(27484): getCurrentVersionByKey : fb	current_fb_version	FbVersion
07-29 16:45:40.129 V/GameUtil(27484): saveVersionToFileByKey  xml_key :fb  result:-1
07-29 16:45:40.139 V/GameUtil(27484): getCurrentVersionByKey  fb:-1
07-29 16:45:40.139 V/InitialData(27484): capitalize:Admob
07-29 16:45:40.139 V/GameUtil(27484): getCurrentVersionByKey : admob	current_admob_version	AdmobVersion
07-29 16:45:40.139 V/GameUtil(27484): saveVersionToFileByKey  xml_key :admob  result:-1
07-29 16:45:40.139 D/VersionManager(27484): onSuccess: respone:{"code":1,"message":"success","data":{"switch":1},"service":"onekeyswitch"}
07-29 16:45:40.149 V/GameUtil(27484): getCurrentVersionByKey  admob:-1
07-29 16:45:40.149 V/InitialData(27484): capitalize:Mt
07-29 16:45:40.149 V/GameUtil(27484): getCurrentVersionByKey : mt	current_mt_version	MtVersion
07-29 16:45:40.149 V/GameUtil(27484): saveVersionToFileByKey  xml_key :mt  result:0
07-29 16:45:40.159 D/VersionManager(27484): chid=10022subchid=1
07-29 16:45:40.159 V/GameUtil(27484): getCurrentVersionByKey  mt:0
07-29 16:45:40.159 V/InitialData(27484): capitalize:Jrtt
07-29 16:45:40.159 V/GameUtil(27484): getCurrentVersionByKey : jrtt	current_jrtt_version	JrttVersion
07-29 16:45:40.159 V/GameUtil(27484): saveVersionToFileByKey  xml_key :jrtt  result:0
07-29 16:45:40.169 D/VersionManager(27484): getFoldStyle=5
07-29 16:45:40.179 V/GameUtil(27484): getCurrentVersionByKey  jrtt:0
07-29 16:45:40.179 V/InitialData(27484): capitalize:Gdtnew
07-29 16:45:40.179 V/GameUtil(27484): getCurrentVersionByKey : gdtnew	current_gdtnew_version	GdtnewVersion
07-29 16:45:40.179 V/GameUtil(27484): saveVersionToFileByKey  xml_key :gdtnew  result:0
07-29 16:45:40.189 D/VersionManager(27484): httpsRequest getURL = https://mto.multiopen.cn/nadcontrollernew.php?sdkver=2009&vc=472&vn=4.1.2&compver=55302&mainver=231800&chid=10022&subchid=1&uid=10338333&type=20&imei=860270034674273&imsi=&pkg=com.excelliance.dualaid&api=22&release=5.1.1&abi=armeabi-v7a&abi2=armeabi&abilist=arm64-v8a%2Carmeabi-v7a%2Carmeabi&abilist32=armeabi-v7a%2Carmeabi&abilist64=arm64-v8a&brand=OPPO&manufacturer=OPPO&model=OPPO%20R7sm&product=R7sm&apl=baidu;wdj&issl=1
07-29 16:45:40.189 V/GameUtil(27484): getCurrentVersionByKey  gdtnew:0
07-29 16:45:40.189 V/InitialData(27484): capitalize:Xf
07-29 16:45:40.189 V/GameUtil(27484): getCurrentVersionByKey : xf	current_xf_version	XfVersion
07-29 16:45:40.189 V/GameUtil(27484): saveVersionToFileByKey  xml_key :xf  result:0
07-29 16:45:40.209 V/GameUtil(27484): getCurrentVersionByKey  xf:0
07-29 16:45:40.209 V/InitialData(27484): capitalize:Pp
07-29 16:45:40.209 V/GameUtil(27484): getCurrentVersionByKey : pp	current_pp_version	PpVersion
07-29 16:45:40.209 V/GameUtil(27484): saveVersionToFileByKey  xml_key :pp  result:0
07-29 16:45:40.219 V/GameUtil(27484): getCurrentVersionByKey  pp:0
07-29 16:45:40.219 V/InitialData(27484): capitalize:Clib
07-29 16:45:40.219 V/GameUtil(27484): getCurrentVersionByKey : clib	current_clib_version	ClibVersion
07-29 16:45:40.219 V/GameUtil(27484): saveVersionToFileByKey  xml_key :clib  result:0
07-29 16:45:40.229 W/X509TrustManager(27484): checkServerTrusted: SignatureException:null
07-29 16:45:40.229 W/X509TrustManager(27484): checkServerTrusted: SignatureException:error:04067084:rsa routines:RSA_EAY_PUBLIC_DECRYPT:data too large for modulus
07-29 16:45:40.249 V/GameUtil(27484): getCurrentVersionByKey  clib:0
07-29 16:45:40.249 V/InitialData(27484): capitalize:Yc
07-29 16:45:40.249 V/GameUtil(27484): getCurrentVersionByKey : yc	current_yc_version	YcVersion
07-29 16:45:40.249 V/GameUtil(27484): saveVersionToFileByKey  xml_key :yc  result:0
07-29 16:45:40.259 I/appium  ( 9879): Fetch time: 2ms
07-29 16:45:40.269 I/appium  ( 9879): AppiumResponse: {"sessionId":"dfbf3083-c5d8-4fdf-9522-7a886ccdaa53","status":0,"value":"<?xml version=\"1.0\" encoding=\"UTF-8\"?><hierarchy rotation=\"0\"><android.widget.ImageView index=\"0\" text=\"\" class=\"android.widget.ImageView\" package=\"com.excelliance.dualaid\" content-desc=\"\" checkable=\"false\" checked=\"false\" clickable=\"false\" enabled=\"true\" focusable=\"false\" focused=\"false\" scrollable=\"false\" long-clickable=\"false\" password=\"false\" selected=\"false\" bounds=\"[780,75][1080,375]\" resource-id=\"\" instance=\"0\"\/><\/hierarchy>"}
07-29 16:45:40.269 V/GameUtil(27484): getCurrentVersionByKey  yc:0
07-29 16:45:40.269 V/InitialData(27484): capitalize:Kx
07-29 16:45:40.269 V/GameUtil(27484): getCurrentVersionByKey : kx	current_kx_version	KxVersion
07-29 16:45:40.279 V/GameUtil(27484): saveVersionToFileByKey  xml_key :kx  result:0
07-29 16:45:40.289 V/GameUtil(27484): getCurrentVersionByKey  kx:0
07-29 16:45:40.289 V/InitialData(27484): capitalize:It
07-29 16:45:40.289 V/GameUtil(27484): getCurrentVersionByKey : it	current_it_version	ItVersion
07-29 16:45:40.289 V/GameUtil(27484): saveVersionToFileByKey  xml_key :it  result:0
07-29 16:45:40.309 V/GameUtil(27484): getCurrentVersionByKey  it:0
07-29 16:45:40.309 V/InitialData(27484): capitalize:Yz
07-29 16:45:40.309 V/GameUtil(27484): getCurrentVersionByKey : yz	current_yz_version	YzVersion
07-29 16:45:40.309 V/GameUtil(27484): saveVersionToFileByKey  xml_key :yz  result:0
07-29 16:45:40.309 D/VersionManager(27484): queryAdSwitcherNew:-----getURL = https://mto.multiopen.cn/nadcontrollernew.php?sdkver=2009&vc=472&vn=4.1.2&compver=55302&mainver=231800&chid=10022&subchid=1&uid=10338333&type=20&imei=860270034674273&imsi=&pkg=com.excelliance.dualaid&api=22&release=5.1.1&abi=armeabi-v7a&abi2=armeabi&abilist=arm64-v8a%2Carmeabi-v7a%2Carmeabi&abilist32=armeabi-v7a%2Carmeabi&abilist64=arm64-v8a&brand=OPPO&manufacturer=OPPO&model=OPPO%20R7sm&product=R7sm&apl=baidu;wdj&issl=1
07-29 16:45:40.309 D/VersionManager(27484): qasNew xml=<?xml version="1.0" encoding="utf-8"?><infopack><bar><bl pos="1" con="17" con2="1" con3="1" scti="5"/><bl pos="2" con="17" con2="1" con3="1" scti="5"/><bl pos="3" con="17" con2="17" con3="1" scti="5"/></bar><sp><sl pos="1"  con="17" con2="17" con3="1" time="12" minInterTime="120" startTime="573" /><sl pos="3"  con="17" con2="17" con3="1" time="12" minInterTime="120" startTime="573" /></sp><ch><cl pos="1"  title="今日热点"  con="1" ch="128" flag="1" time="1" link=""/></ch><order blcon="1" spcon="1" /><bdallice pos = "1" con = "-1"/><baidubanner>1000</baidubanner><back>90</back><reqcount>8</reqcount><stoptime>1500</stoptime><spouttime>0</spouttime><spOldFailedStrategy>0</spOldFailedStrategy><ap><al pos="2"  con="17" con2="17" con3="1" time="1" minInterTime="1" startTime="573" /></ap></infopack>
07-29 16:45:40.319 V/GameUtil(27484): getCurrentVersionByKey  yz:0
07-29 16:45:40.319 V/InitialData(27484): capitalize:Ls
07-29 16:45:40.319 V/GameUtil(27484): getCurrentVersionByKey : ls	current_ls_version	LsVersion
07-29 16:45:40.329 V/GameUtil(27484): saveVersionToFileByKey  xml_key :ls  result:0
07-29 16:45:40.329 V/VersionManager(27484): b_total:0 pref:cl_1
07-29 16:45:40.339 V/GameUtil(27484): getCurrentVersionByKey  ls:0
07-29 16:45:40.339 V/InitialData(27484): capitalize:Ht
07-29 16:45:40.339 V/GameUtil(27484): getCurrentVersionByKey : ht	current_ht_version	HtVersion
07-29 16:45:40.339 V/GameUtil(27484): saveVersionToFileByKey  xml_key :ht  result:0
07-29 16:45:40.359 V/GameUtil(27484): getCurrentVersionByKey  ht:0
07-29 16:45:40.359 V/InitialData(27484): capitalize:Lm
07-29 16:45:40.359 V/GameUtil(27484): getCurrentVersionByKey : lm	current_lm_version	LmVersion
07-29 16:45:40.359 V/GameUtil(27484): saveVersionToFileByKey  xml_key :lm  result:0
07-29 16:45:40.369 V/GameUtil(27484): getCurrentVersionByKey  lm:0
07-29 16:45:40.369 V/InitialData(27484): capitalize:Av
07-29 16:45:40.369 V/GameUtil(27484): getCurrentVersionByKey : av	current_av_version	AvVersion
07-29 16:45:40.369 V/GameUtil(27484): saveVersionToFileByKey  xml_key :av  result:0
07-29 16:45:40.379 V/GameUtil(27484): getCurrentVersionByKey  av:0
07-29 16:45:40.379 V/InitialData(27484): capitalize:Baidumap
07-29 16:45:40.379 V/GameUtil(27484): getCurrentVersionByKey : baidumap	current_baidumap_version	BaidumapVersion
07-29 16:45:40.379 V/GameUtil(27484): saveVersionToFileByKey  xml_key :baidumap  result:0
07-29 16:45:40.389 V/GameUtil(27484): getCurrentVersionByKey  baidumap:0
07-29 16:45:40.389 V/InitialData(27484): capitalize:Wx
07-29 16:45:40.389 V/GameUtil(27484): getCurrentVersionByKey : wx	current_wx_version	WxVersion
07-29 16:45:40.389 V/GameUtil(27484): saveVersionToFileByKey  xml_key :wx  result:0
07-29 16:45:40.389 I/appium  ( 9879): channel read invoked!
07-29 16:45:40.389 I/appium  ( 9879): channel read: GET /wd/hub/session/dfbf3083-c5d8-4fdf-9522-7a886ccdaa53/source
07-29 16:45:40.399 I/WindowManager( 1243): setHoldScreenLocked: hold=false
07-29 16:45:40.409 V/GameUtil(27484): getCurrentVersionByKey  wx:0
07-29 16:45:40.409 V/VersionManager(27484): ver source:{"bd":"12","zh":"0","jc":"0","al":"0","gdt":"-1","cc":"0","fb":"-1","admob":"-1","mt":"0","jrtt":"0","gdtnew":"0","xf":"0","pp":"0","clib":"0","yc":"0","kx":"0","it":"0","yz":"0","ls":"0","ht":"0","lm":"0","av":"0","baidumap":"0","wx":"0"}
07-29 16:45:40.409 V/VersionManager(27484): ver :eyJiZCI6IjEyIiwiemgiOiIwIiwiamMiOiIwIiwiYWwiOiIwIiwiZ2R0IjoiLTEiLCJjYyI6IjAi%0ALCJmYiI6Ii0xIiwiYWRtb2IiOiItMSIsIm10IjoiMCIsImpydHQiOiIwIiwiZ2R0bmV3IjoiMCIs%0AInhmIjoiMCIsInBwIjoiMCIsImNsaWIiOiIwIiwieWMiOiIwIiwia3giOiIwIiwiaXQiOiIwIiwi%0AeXoiOiIwIiwibHMiOiIwIiwiaHQiOiIwIiwibG0iOiIwIiwiYXYiOiIwIiwiYmFpZHVtYXAiOiIw%0AIiwid3giOiIwIn0%3D%0A
07-29 16:45:40.409 V/UrlUtil (27484): https://mto.multiopen.cn/dynamicsdk.php?sdkver=2009&apkver=472&vn=4.1.2&compver=55302&mainver=231800&ver=eyJiZCI6IjEyIiwiemgiOiIwIiwiamMiOiIwIiwiYWwiOiIwIiwiZ2R0IjoiLTEiLCJjYyI6IjAi%0ALCJmYiI6Ii0xIiwiYWRtb2IiOiItMSIsIm10IjoiMCIsImpydHQiOiIwIiwiZ2R0bmV3IjoiMCIs%0AInhmIjoiMCIsInBwIjoiMCIsImNsaWIiOiIwIiwieWMiOiIwIiwia3giOiIwIiwiaXQiOiIwIiwi%0AeXoiOiIwIiwibHMiOiIwIiwiaHQiOiIwIiwibG0iOiIwIiwiYXYiOiIwIiwiYmFpZHVtYXAiOiIw%0AIiwid3giOiIwIn0%3D%0A&chid=10022&subchid=1&type=20&uflag=2&pkg=com.excelliance.dualaid&api=22&release=5.1.1&abi=armeabi-v7a&abi2=armeabi&abilist=arm64-v8a%2Carmeabi-v7a%2Carmeabi&abilist32=armeabi-v7a%2Carmeabi&abilist64=arm64-v8a&brand=OPPO&manufacturer=OPPO&model=OPPO%20R7sm&product=R7sm&issl=1&sign=30820271308201daa0030201020204520332c2300d06092a864886f70d0101050500307c310b300906035504061302434e3111300f060355040813085368616e
07-29 16:45:40.409 D/VersionManager(27484): httpsRequest getURL = https://mto.multiopen.cn/dynamicsdk.php?sdkver=2009&apkver=472&vn=4.1.2&compver=55302&mainver=231800&ver=eyJiZCI6IjEyIiwiemgiOiIwIiwiamMiOiIwIiwiYWwiOiIwIiwiZ2R0IjoiLTEiLCJjYyI6IjAi%0ALCJmYiI6Ii0xIiwiYWRtb2IiOiItMSIsIm10IjoiMCIsImpydHQiOiIwIiwiZ2R0bmV3IjoiMCIs%0AInhmIjoiMCIsInBwIjoiMCIsImNsaWIiOiIwIiwieWMiOiIwIiwia3giOiIwIiwiaXQiOiIwIiwi%0AeXoiOiIwIiwibHMiOiIwIiwiaHQiOiIwIiwibG0iOiIwIiwiYXYiOiIwIiwiYmFpZHVtYXAiOiIw%0AIiwid3giOiIwIn0%3D%0A&chid=10022&subchid=1&type=20&uflag=2&pkg=com.excelliance.dualaid&api=22&release=5.1.1&abi=armeabi-v7a&abi2=armeabi&abilist=arm64-v8a%2Carmeabi-v7a%2Carmeabi&abilist32=armeabi-v7a%2Carmeabi&abilist64=arm64-v8a&brand=OPPO&manufacturer=OPPO&model=OPPO%20R7sm&product=R7sm&issl=1&sign=30820271308201daa0030201020204520332c2300d06092a864886f70d0101050500307c310b300906035504061302434e3111300f060355040813085368616e
07-29 16:45:40.419 V/VersionManager(27484): pos:1,title:今日热点,con:1,ch:128,time:1,link:,flag:1
07-29 16:45:40.429 V/VersionManager(27484): cpuTab jsonObject>>>{"pos":1,"title":"今日热点","con":1,"ch":128,"time":1,"link":"","flag":1}
07-29 16:45:40.429 V/VersionManager(27484): cpuTab jsonArray>>>[{"pos":1,"title":"今日热点","con":1,"ch":128,"time":1,"link":"","flag":1}]
07-29 16:45:40.439 D/VersionManager(27484): pullActivityIconConfitg
07-29 16:45:40.439 D/VersionManager(27484): network = true
07-29 16:45:40.449 D/VersionManager(27484): activityIconUrl = https://folder.appota.cn/icon_activitynew.php?vc=472&vn=4.1.2&chid=10022&subchid=1&imei=860270034674273&imsi=null&lang=zh_CN&uid=10338333&isVip=true&type=20&pkg=com.excelliance.dualaid&api=22&release=5.1.1&newuser=1&abTest=0&issl=1, callBack = null
07-29 16:45:40.449 D/VersionManager(27484): xpgi entered
07-29 16:45:40.459 W/X509TrustManager(27484): checkServerTrusted: SignatureException:null
07-29 16:45:40.459 W/X509TrustManager(27484): checkServerTrusted: SignatureException:error:04067084:rsa routines:RSA_EAY_PUBLIC_DECRYPT:data too large for modulus
07-29 16:45:40.489 V/InitialData(27484): capitalize:Plugin
07-29 16:45:40.489 V/GameUtil(27484): getCurrentVersionByKey : plugin	current_plugin_version	PluginVersion
07-29 16:45:40.489 V/GameUtil(27484): saveVersionToFileByKey  xml_key :plugin  result:0
07-29 16:45:40.489 V/GameUtil(27484): getCurrentVersionByKey  plugin:0
07-29 16:45:40.499 W/X509TrustManager(27484): checkServerTrusted: SignatureException:null
07-29 16:45:40.499 W/X509TrustManager(27484): checkServerTrusted: SignatureException:error:04067084:rsa routines:RSA_EAY_PUBLIC_DECRYPT:data too large for modulus
07-29 16:45:40.499 D/VersionManager(27484): httpsRequest getURL = http://mto.multiopen.cn/offlinepkg.php?sdkver=2009&apkver=472&vn=4.1.2&compver=55302&mainver=231800&pver=0&chid=10022&subchid=1&type=20&uflag=2&pkg=com.excelliance.dualaid&api=22&release=5.1.1&abi=armeabi-v7a&abi2=armeabi&abilist=arm64-v8a%2Carmeabi-v7a%2Carmeabi&abilist32=armeabi-v7a%2Carmeabi&abilist64=arm64-v8a&brand=OPPO&manufacturer=OPPO&model=OPPO%20R7sm&product=R7sm&sign=30820271308201daa0030201020204520332c2300d06092a864886f70d0101050500307c310b300906035504061302434e3111300f060355040813085368616e&issl=0
07-29 16:45:40.549 D/VersionManager(27484): xml=<?xml version="1.0" encoding="utf-8"?><upinfo><info tp="bd_jar" source="https://cdn.multiopen.cn/dynamicsdk/bd/18/fa1aceea4e6b74f98ff98b45157c6ff2.zip" vcode="18" vsize="415610" vmd5="fa1aceea4e6b74f98ff98b45157c6ff2" flag="1"/><info tp="cc_jar" source="https://cdn.multiopen.cn/dynamicsdk/cc/14/d2b18a5b4ac4c737d98095d64a1b8d9f.zip" vcode="14" vsize="22254" vmd5="d2b18a5b4ac4c737d98095d64a1b8d9f" flag="1"/><info tp="jrtt_jar" source="https://cdn.multiopen.cn/dynamicsdk/jrtt/10/d2256064ea8c05573342f1955908fcfc.zip" vcode="10" vsize="117582" vmd5="d2256064ea8c05573342f1955908fcfc" flag="1"/><info tp="gdtnew_jar" source="https://cdn.multiopen.cn/dynamicsdk/gdtnew/28/828b9780647f9475d34f845bebde6b04.zip" vcode="28" vsize="308867" vmd5="828b9780647f9475d34f845bebde6b04" flag="1"/><info tp="xf_jar" source="https://cdn.multiopen.cn/dynamicsdk/xf/4/d19a7d0bee9347939cc622428d1f02f6.zip" vcode="4" vsize="141688" vmd5="d19a7d0bee9347939cc622428d1f02f6" flag="1"/><info tp="pp_jar" source="https://cdn.multiopen.cn/dynamicsdk/pp/2/442517f34b1cc584e12f81027630a3e3.zip" vcode="2" vsize="15031" vmd5="442517f34b1cc584e12f81027630a3e3" flag="1"/><info tp="clib_jar" source="https://cdn.multiopen.cn/dynamicsdk/clib/1/b68304d13ca297cd3df7fa422e70a593.zip" vcode="1" vsize="508125" vmd5="b68304d13ca297cd3df7fa422e70a593" flag="1"/><info tp="yc_jar" source="https://cdn.multiopen.cn/dynamicsdk/yc/3/7f98a14187ab3d115fb72f52f86e633f.zip" vcode="3" vsize="112758" vmd5="7f98a14187ab3d115fb72f52f86e633f" flag="1"/><info tp="kx_jar" source="https://cdn.multiopen.cn/dynamicsdk/kx/8/402016b5a9238d143cab409d310a68dd.zip" vcode="8" vsize="18881" vmd5="402016b5a9238d143cab409d310a68dd" flag="1"/><info tp="it_jar" source="https://cdn.multiopen.cn/dynamicsdk/it/2/810857b911cca0f64e107f443b16285a.zip" vcode="2" vsize="10119" vmd5="810857b911cca0f64e107f443b16285a" flag="1"/><info tp="yz_jar" source="https://cdn.multiopen.cn/dynamicsdk/yz/2/c5d6e5fca23e8802ad3dec3329a1ec64.zip" vcode="2" vsize="306130" vmd5="c5d6e5fca23e8802ad3dec3329a1ec64" flag="1"/><info tp="ht_jar" source="https://cdn.multiopen.cn/dynamicsdk/ht/1/3dc4d198a2e778f952f64b364ba4bc09.zip" vcode="1" vsize="12105" vmd5="3dc4d198a2e778f952f64b364ba4bc09" flag="1"/><info tp="lm_jar" source="https://cdn.multiopen.cn/dynamicsdk/lm/2/1524f953132276b6773da5509eac345f.zip" vcode="2" vsize="13500" vmd5="1524f953132276b6773da5509eac345f" flag="1"/><info tp="av_jar" source="https://cdn.multiopen.cn/dynamicsdk/av/1/9ead96377f83e9575d9e8456221d482a.zip" vcode="1" vsize="19770" vmd5="9ead96377f83e9575d9e8456221d482a" flag="1"/><info tp="wx_jar" source="https://cdn.multiopen.cn/dynamicsdk/wx/2/fe334923830e1ff791557d2a39bc84f4.zip" vcode="2" vsize="56118" vmd5="fe334923830e1ff791557d2a39bc84f4" flag="1"/></upinfo>
07-29 16:45:40.549 D/VersionManager(27484): queryUpdateInfo flag=1, source=https://cdn.multiopen.cn/dynamicsdk/bd/18/fa1aceea4e6b74f98ff98b45157c6ff2.zip, vcode=18, vsize=415610, vmd5=fa1aceea4e6b74f98ff98b45157c6ff2, type=bd_jar
07-29 16:45:40.549 D/VersionManager(27484): queryUpdateInfo flag=1, source=https://cdn.multiopen.cn/dynamicsdk/cc/14/d2b18a5b4ac4c737d98095d64a1b8d9f.zip, vcode=14, vsize=22254, vmd5=d2b18a5b4ac4c737d98095d64a1b8d9f, type=cc_jar
07-29 16:45:40.549 D/VersionManager(27484): queryUpdateInfo flag=1, source=https://cdn.multiopen.cn/dynamicsdk/jrtt/10/d2256064ea8c05573342f1955908fcfc.zip, vcode=10, vsize=117582, vmd5=d2256064ea8c05573342f1955908fcfc, type=jrtt_jar
07-29 16:45:40.549 D/VersionManager(27484): queryUpdateInfo flag=1, source=https://cdn.multiopen.cn/dynamicsdk/gdtnew/28/828b9780647f9475d34f845bebde6b04.zip, vcode=28, vsize=308867, vmd5=828b9780647f9475d34f845bebde6b04, type=gdtnew_jar
07-29 16:45:40.549 D/VersionManager(27484): queryUpdateInfo flag=1, source=https://cdn.multiopen.cn/dynamicsdk/xf/4/d19a7d0bee9347939cc622428d1f02f6.zip, vcode=4, vsize=141688, vmd5=d19a7d0bee9347939cc622428d1f02f6, type=xf_jar
07-29 16:45:40.549 D/VersionManager(27484): queryUpdateInfo flag=1, source=https://cdn.multiopen.cn/dynamicsdk/pp/2/442517f34b1cc584e12f81027630a3e3.zip, vcode=2, vsize=15031, vmd5=442517f34b1cc584e12f81027630a3e3, type=pp_jar
07-29 16:45:40.549 D/VersionManager(27484): queryUpdateInfo flag=1, source=https://cdn.multiopen.cn/dynamicsdk/clib/1/b68304d13ca297cd3df7fa422e70a593.zip, vcode=1, vsize=508125, vmd5=b68304d13ca297cd3df7fa422e70a593, type=clib_jar
07-29 16:45:40.549 D/VersionManager(27484): queryUpdateInfo flag=1, source=https://cdn.multiopen.cn/dynamicsdk/yc/3/7f98a14187ab3d115fb72f52f86e633f.zip, vcode=3, vsize=112758, vmd5=7f98a14187ab3d115fb72f52f86e633f, type=yc_jar
07-29 16:45:40.549 D/VersionManager(27484): queryUpdateInfo flag=1, source=https://cdn.multiopen.cn/dynamicsdk/kx/8/402016b5a9238d143cab409d310a68dd.zip, vcode=8, vsize=18881, vmd5=402016b5a9238d143cab409d310a68dd, type=kx_jar
07-29 16:45:40.549 D/VersionManager(27484): queryUpdateInfo flag=1, source=https://cdn.multiopen.cn/dynamicsdk/it/2/810857b911cca0f64e107f443b16285a.zip, vcode=2, vsize=10119, vmd5=810857b911cca0f64e107f443b16285a, type=it_jar
07-29 16:45:40.549 D/VersionManager(27484): queryUpdateInfo flag=1, source=https://cdn.multiopen.cn/dynamicsdk/yz/2/c5d6e5fca23e8802ad3dec3329a1ec64.zip, vcode=2, vsize=306130, vmd5=c5d6e5fca23e8802ad3dec3329a1ec64, type=yz_jar
07-29 16:45:40.549 D/VersionManager(27484): queryUpdateInfo flag=1, source=https://cdn.multiopen.cn/dynamicsdk/ht/1/3dc4d198a2e778f952f64b364ba4bc09.zip, vcode=1, vsize=12105, vmd5=3dc4d198a2e778f952f64b364ba4bc09, type=ht_jar
07-29 16:45:40.549 D/VersionManager(27484): queryUpdateInfo flag=1, source=https://cdn.multiopen.cn/dynamicsdk/lm/2/1524f953132276b6773da5509eac345f.zip, vcode=2, vsize=13500, vmd5=1524f953132276b6773da5509eac345f, type=lm_jar
07-29 16:45:40.549 D/VersionManager(27484): queryUpdateInfo flag=1, source=https://cdn.multiopen.cn/dynamicsdk/av/1/9ead96377f83e9575d9e8456221d482a.zip, vcode=1, vsize=19770, vmd5=9ead96377f83e9575d9e8456221d482a, type=av_jar
07-29 16:45:40.549 D/VersionManager(27484): queryUpdateInfo flag=1, source=https://cdn.multiopen.cn/dynamicsdk/wx/2/fe334923830e1ff791557d2a39bc84f4.zip, vcode=2, vsize=56118, vmd5=fe334923830e1ff791557d2a39bc84f4, type=wx_jar
07-29 16:45:40.549 V/DownloadComponentService(27484): updateInfoList1:15
07-29 16:45:40.549 D/DownloadComponentService(27484): check update updateInfo.type:bd_jar
07-29 16:45:40.559 D/LBService(27484): add o=com.android.ggapsvc.LBService, busyCount=3
07-29 16:45:40.559 D/DownloadComponentService(27484): check update updateInfo.type:cc_jar
07-29 16:45:40.559 D/LBService(27484): onStartCommand action=com.excelliance.dualaid.action.download
07-29 16:45:40.559 D/DownloadComponentService(27484): check update updateInfo.type:jrtt_jar
07-29 16:45:40.559 D/VersionManager(27484): xui entered
07-29 16:45:40.559 D/DownloadComponentService(27484): check update updateInfo.type:gdtnew_jar
07-29 16:45:40.559 D/LBService(27484): add o=com.android.ggapsvc.LBService, busyCount=4
07-29 16:45:40.559 D/LBService(27484): remove o=com.android.ggapsvc.LBService, busyCount=3
07-29 16:45:40.559 D/LBService(27484): add o=com.android.ggapsvc.LBService, busyCount=4
07-29 16:45:40.559 D/LBService(27484): onStartCommand action=com.excelliance.dualaid.action.download
07-29 16:45:40.559 D/DownloadComponentService(27484): check update updateInfo.type:xf_jar
07-29 16:45:40.559 D/LBService(27484): add o=com.android.ggapsvc.LBService, busyCount=5
07-29 16:45:40.559 D/LBService(27484): remove o=com.android.ggapsvc.LBService, busyCount=4
07-29 16:45:40.559 D/LBService(27484): add o=com.android.ggapsvc.LBService, busyCount=5
07-29 16:45:40.559 D/LBService(27484): onStartCommand action=com.excelliance.dualaid.action.download
07-29 16:45:40.569 D/DownloadComponentService(27484): check update updateInfo.type:pp_jar
07-29 16:45:40.569 D/DownloadService(27484): url:https://cdn.multiopen.cn/dynamicsdk/bd/18/fa1aceea4e6b74f98ff98b45157c6ff2.zip fileName:fa1aceea4e6b74f98ff98b45157c6ff2.zip  dir:/storage/emulated/0/.com.excelliance.dualaid/apk
07-29 16:45:40.569 D/DownloadService(27484): put into downloadMap fa1aceea4e6b74f98ff98b45157c6ff2.zip
07-29 16:45:40.569 D/LBService(27484): add o=com.android.ggapsvc.LBService, busyCount=6
07-29 16:45:40.569 D/LBService(27484): remove o=com.android.ggapsvc.LBService, busyCount=5
07-29 16:45:40.569 D/LBService(27484): add o=com.android.ggapsvc.LBService, busyCount=6
07-29 16:45:40.569 D/LBService(27484): onStartCommand action=com.excelliance.dualaid.action.download
07-29 16:45:40.569 D/DownloadComponentService(27484): check update updateInfo.type:clib_jar
07-29 16:45:40.569 D/LBService(27484): add o=com.android.ggapsvc.LBService, busyCount=7
07-29 16:45:40.569 D/LBService(27484): remove o=com.android.ggapsvc.LBService, busyCount=6
07-29 16:45:40.569 D/DownloadComponentService(27484): check update updateInfo.type:yc_jar
07-29 16:45:40.569 D/LBService(27484): add o=com.android.ggapsvc.LBService, busyCount=7
07-29 16:45:40.569 D/LBService(27484): onStartCommand action=com.excelliance.dualaid.action.download
07-29 16:45:40.569 D/DownloadComponentService(27484): check update updateInfo.type:kx_jar
07-29 16:45:40.569 D/LBService(27484): add o=com.android.ggapsvc.LBService, busyCount=8
07-29 16:45:40.569 D/LBService(27484): remove o=com.android.ggapsvc.LBService, busyCount=7
07-29 16:45:40.569 D/DownloadComponentService(27484): check update updateInfo.type:it_jar
07-29 16:45:40.569 D/LBService(27484): remove o=com.android.ggapsvc.LBService, busyCount=6
07-29 16:45:40.569 D/DownloadService(27484): url:https://cdn.multiopen.cn/dynamicsdk/cc/14/d2b18a5b4ac4c737d98095d64a1b8d9f.zip fileName:d2b18a5b4ac4c737d98095d64a1b8d9f.zip  dir:/storage/emulated/0/.com.excelliance.dualaid/apk
07-29 16:45:40.569 D/DownloadService(27484): put into downloadMap d2b18a5b4ac4c737d98095d64a1b8d9f.zip
07-29 16:45:40.569 D/LBService(27484): remove o=com.android.ggapsvc.LBService, busyCount=5
07-29 16:45:40.569 D/DownloadService(27484): url:https://cdn.multiopen.cn/dynamicsdk/jrtt/10/d2256064ea8c05573342f1955908fcfc.zip fileName:d2256064ea8c05573342f1955908fcfc.zip  dir:/storage/emulated/0/.com.excelliance.dualaid/apk
07-29 16:45:40.569 D/DownloadService(27484): put into downloadMap d2256064ea8c05573342f1955908fcfc.zip
07-29 16:45:40.569 D/DownloadComponentService(27484): check update updateInfo.type:yz_jar
07-29 16:45:40.579 D/LBService(27484): add o=com.android.ggapsvc.LBService, busyCount=6
07-29 16:45:40.579 D/LBService(27484): onStartCommand action=com.excelliance.dualaid.action.download
07-29 16:45:40.579 D/LBService(27484): add o=com.excelliance.kxqp.e$1, busyCount=7
07-29 16:45:40.579 D/LBService(27484): remove o=com.android.ggapsvc.LBService, busyCount=6
07-29 16:45:40.579 D/DownloadService(27484): url:https://cdn.multiopen.cn/dynamicsdk/gdtnew/28/828b9780647f9475d34f845bebde6b04.zip fileName:828b9780647f9475d34f845bebde6b04.zip  dir:/storage/emulated/0/.com.excelliance.dualaid/apk
07-29 16:45:40.579 D/DownloadService(27484): put into downloadMap 828b9780647f9475d34f845bebde6b04.zip
07-29 16:45:40.579 D/DownloadComponentService(27484): check update updateInfo.type:ht_jar
07-29 16:45:40.579 D/DownloadComponentService(27484): check update updateInfo.type:lm_jar
07-29 16:45:40.579 D/DownloadComponentService(27484): check update updateInfo.type:av_jar
07-29 16:45:40.579 D/DownloadComponentService(27484): check update updateInfo.type:wx_jar
07-29 16:45:40.579 D/VersionManager(27484): queryUpdateInfoOfResources
07-29 16:45:40.589 D/LBService(27484): add o=com.excelliance.kxqp.e$1, busyCount=7
07-29 16:45:40.589 D/LBService(27484): add o=com.excelliance.kxqp.e$1, busyCount=8
07-29 16:45:40.589 D/LBService(27484): remove o=com.android.ggapsvc.LBService, busyCount=7
07-29 16:45:40.589 D/DownloadService(27484): url:https://cdn.multiopen.cn/dynamicsdk/xf/4/d19a7d0bee9347939cc622428d1f02f6.zip fileName:d19a7d0bee9347939cc622428d1f02f6.zip  dir:/storage/emulated/0/.com.excelliance.dualaid/apk
07-29 16:45:40.589 D/LBService(27484): add o=com.android.ggapsvc.LBService, busyCount=8
07-29 16:45:40.589 D/DownloadService(27484): put into downloadMap d19a7d0bee9347939cc622428d1f02f6.zip
07-29 16:45:40.589 D/LBService(27484): remove o=com.android.ggapsvc.LBService, busyCount=7
07-29 16:45:40.589 D/LBService(27484): remove o=com.android.ggapsvc.LBService, busyCount=6
07-29 16:45:40.589 D/LBService(27484): add o=com.android.ggapsvc.LBService, busyCount=7
07-29 16:45:40.589 D/LBService(27484): onStartCommand action=com.excelliance.dualaid.action.download
07-29 16:45:40.589 D/LBService(27484): add o=com.android.ggapsvc.LBService, busyCount=8
07-29 16:45:40.589 D/DownloadService(27484): url:https://cdn.multiopen.cn/dynamicsdk/pp/2/442517f34b1cc584e12f81027630a3e3.zip fileName:442517f34b1cc584e12f81027630a3e3.zip  dir:/storage/emulated/0/.com.excelliance.dualaid/apk
07-29 16:45:40.589 D/DownloadService(27484): put into downloadMap 442517f34b1cc584e12f81027630a3e3.zip
07-29 16:45:40.589 D/LBService(27484): remove o=com.android.ggapsvc.LBService, busyCount=7
07-29 16:45:40.589 D/LBService(27484): add o=com.excelliance.kxqp.e$1, busyCount=8
07-29 16:45:40.589 D/LBService(27484): remove o=com.android.ggapsvc.LBService, busyCount=7
07-29 16:45:40.589 D/DownloadService(27484): url:https://cdn.multiopen.cn/dynamicsdk/clib/1/b68304d13ca297cd3df7fa422e70a593.zip fileName:b68304d13ca297cd3df7fa422e70a593.zip  dir:/storage/emulated/0/.com.excelliance.dualaid/apk
07-29 16:45:40.589 D/DownloadService(27484): put into downloadMap b68304d13ca297cd3df7fa422e70a593.zip
07-29 16:45:40.589 D/LBService(27484): add o=com.android.ggapsvc.LBService, busyCount=8
07-29 16:45:40.589 D/LBService(27484): onStartCommand action=com.excelliance.dualaid.action.download
07-29 16:45:40.589 D/LBService(27484): add o=com.android.ggapsvc.LBService, busyCount=9
07-29 16:45:40.589 D/LBService(27484): remove o=com.android.ggapsvc.LBService, busyCount=8
07-29 16:45:40.599 D/LBService(27484): remove o=com.android.ggapsvc.LBService, busyCount=7
07-29 16:45:40.599 D/DownloadService(27484): url:https://cdn.multiopen.cn/dynamicsdk/yc/3/7f98a14187ab3d115fb72f52f86e633f.zip fileName:7f98a14187ab3d115fb72f52f86e633f.zip  dir:/storage/emulated/0/.com.excelliance.dualaid/apk
07-29 16:45:40.599 D/DownloadService(27484): put into downloadMap 7f98a14187ab3d115fb72f52f86e633f.zip
07-29 16:45:40.599 D/LBService(27484): add o=com.excelliance.kxqp.e$1, busyCount=8
07-29 16:45:40.599 D/LBService(27484): add o=com.android.ggapsvc.LBService, busyCount=9
07-29 16:45:40.599 D/LBService(27484): onStartCommand action=com.excelliance.dualaid.action.download
07-29 16:45:40.599 D/LBService(27484): add o=com.excelliance.kxqp.e$1, busyCount=10
07-29 16:45:40.599 D/LBService(27484): add o=com.android.ggapsvc.LBService, busyCount=11
07-29 16:45:40.599 D/LBService(27484): remove o=com.android.ggapsvc.LBService, busyCount=10
07-29 16:45:40.599 D/LBService(27484): add o=com.android.ggapsvc.LBService, busyCount=11
07-29 16:45:40.599 D/LBService(27484): onStartCommand action=com.excelliance.dualaid.action.download
07-29 16:45:40.599 D/LBService(27484): add o=com.android.ggapsvc.LBService, busyCount=12
07-29 16:45:40.599 D/LBService(27484): remove o=com.android.ggapsvc.LBService, busyCount=11
07-29 16:45:40.609 D/LBService(27484): add o=com.android.ggapsvc.LBService, busyCount=12
07-29 16:45:40.609 D/LBService(27484): onStartCommand action=com.excelliance.dualaid.action.download
07-29 16:45:40.609 D/LBService(27484): add o=com.android.ggapsvc.LBService, busyCount=13
07-29 16:45:40.609 D/LBService(27484): remove o=com.android.ggapsvc.LBService, busyCount=12
07-29 16:45:40.609 D/LBService(27484): add o=com.excelliance.kxqp.e$1, busyCount=13
07-29 16:45:40.609 D/LBService(27484): remove o=com.android.ggapsvc.LBService, busyCount=12
07-29 16:45:40.609 D/LBService(27484): add o=com.android.ggapsvc.LBService, busyCount=13
07-29 16:45:40.609 D/LBService(27484): onStartCommand action=com.excelliance.dualaid.action.download
07-29 16:45:40.609 D/DownloadService(27484): url:https://cdn.multiopen.cn/dynamicsdk/kx/8/402016b5a9238d143cab409d310a68dd.zip fileName:402016b5a9238d143cab409d310a68dd.zip  dir:/storage/emulated/0/.com.excelliance.dualaid/apk
07-29 16:45:40.609 D/DownloadService(27484): put into downloadMap 402016b5a9238d143cab409d310a68dd.zip
07-29 16:45:40.609 D/LBService(27484): add o=com.android.ggapsvc.LBService, busyCount=14
07-29 16:45:40.609 D/LBService(27484): remove o=com.android.ggapsvc.LBService, busyCount=13
07-29 16:45:40.609 D/LBService(27484): add o=com.android.ggapsvc.LBService, busyCount=14
07-29 16:45:40.609 D/LBService(27484): onStartCommand action=com.excelliance.dualaid.action.download
