06-24 16:29:04.139 D/ActivityManager(  657): Skipping intent:act=android.intent.action.MAIN cat=[android.intent.category.HOME] flg=0x10800300 cmp=com.android.settings/.FallbackHome
06-24 16:29:04.169 I/zygote  (  548): Compiler allocated 4MB to compile boolean com.excelliance.kxqp.KXQPApplication.b(int)
06-24 16:29:04.171 D/MainActivity(  515): instantiateItem: 2	android.widget.RelativeLayout{d00e2b1 V.E...... ......I. 0,0-0,0}
06-24 16:29:04.171 D/MainActivity(  515): initPage3: 
06-24 16:29:04.175 V/WindowManager(  657): Checking 1 opening apps (frozen=false timeout=false)...
06-24 16:29:04.175 V/WindowManager(  657): Check opening app=AppWindowToken{c05a7fc token=Token{90340ef ActivityRecord{612a9ce u0 com.excelliance.dualaid/com.excelliance.kxqp.swipe.NavActivity2 t16047}}}: allDrawn=false startingDisplayed=false startingMoved=false isRelaunching()=false
06-24 16:29:04.177 V/HwPhoneWindowManager(  657): updateSystemUiColorLw window=Window{7160283 u0 com.excelliance.dualaid/com.excelliance.kxqp.swipe.NavActivity2},EmuiStyle=0,StatusBarColor=0xff000000,NavigationBarColor=0xff000000, mLastIsEmuiLightStyle=-1
06-24 16:29:04.177 D/HwPhoneWindowManager(  657): Transact:setSystemUIColor to status bar service
06-24 16:29:04.177 I/CommandQueue( 1513): updateBarBgColor
06-24 16:29:04.178 D/CommandQueue( 1513): CommandQueue, setBarBackgroundColor
06-24 16:29:04.178 V/WindowManager(  657): Checking 1 opening apps (frozen=false timeout=false)...
06-24 16:29:04.178 V/WindowManager(  657): Check opening app=AppWindowToken{c05a7fc token=Token{90340ef ActivityRecord{612a9ce u0 com.excelliance.dualaid/com.excelliance.kxqp.swipe.NavActivity2 t16047}}}: allDrawn=false startingDisplayed=false startingMoved=false isRelaunching()=false
06-24 16:29:04.182 D/MainActivity(  515): run: initPage3
06-24 16:29:04.182 D/TintManager( 1513): statusBarIconTint=#99FFFFFF,navigationBarIconTint=#FF000000
06-24 16:29:04.183 I/GRALLOC (  679): 	 shrFd=10,fmt=0x1,intFmt=0x200000001,btStrd=4352,size=8486912,pid=679 
06-24 16:29:04.183 I/GRALLOC (  679): 	 yuv=2,w=1080,h=1920,Stride u=0 v=0,offset u=0 v=0 
06-24 16:29:04.183 I/GRALLOC (  679): 	 iova_size=8486912,conUsg=0x900,proUsg=0x900,	 strd=1088,[afbc]HdrStrd=1088 PyldStrd=69632 Scrmbl=2,ionhnd = 1 
06-24 16:29:04.185 I/OpenGLRenderer(  515): Initialized EGL, version 1.4
06-24 16:29:04.185 D/OpenGLRenderer(  515): Swap behavior 2
06-24 16:29:04.187 I/GRALLOC (  679): 	 shrFd=10,fmt=0x1,intFmt=0x200000001,btStrd=4352,size=8486912,pid=679 
06-24 16:29:04.187 I/GRALLOC (  679): 	 yuv=2,w=1080,h=1920,Stride u=0 v=0,offset u=0 v=0 
06-24 16:29:04.187 I/GRALLOC (  679): 	 iova_size=8486912,conUsg=0x900,proUsg=0x900,	 strd=1088,[afbc]HdrStrd=1088 PyldStrd=69632 Scrmbl=2,ionhnd = 1 
06-24 16:29:04.189 I/GRALLOC (  679): 	 shrFd=10,fmt=0x1,intFmt=0x200000001,btStrd=4352,size=8486912,pid=679 
06-24 16:29:04.189 I/GRALLOC (  679): 	 yuv=2,w=1080,h=1920,Stride u=0 v=0,offset u=0 v=0 
06-24 16:29:04.189 I/GRALLOC (  679): 	 iova_size=8486912,conUsg=0x900,proUsg=0x900,	 strd=1088,[afbc]HdrStrd=1088 PyldStrd=69632 Scrmbl=2,ionhnd = 1 
06-24 16:29:04.190 D/mali_winsys(  515): EGLint new_window_surface(egl_winsys_display *, void *, EGLSurface, EGLConfig, egl_winsys_surface **, egl_color_buffer_format *, EGLBoolean) returns 0x3000
06-24 16:29:04.191 E/vndksupport(  515): Could not load vendor/lib/egl/libGLES_mali_v2.so from sphal namespace: dlopen failed: library "vendor/lib/egl/libGLES_mali_v2.so" not found.
06-24 16:29:04.197 D/BarTransitions.HwPhoneStatusBarView( 1513): MODE_TRANSPARENT -> MODE_TRANSLUCENT animate=false
06-24 16:29:04.197 D/BarTransitions.HwPhoneStatusBarView( 1513): applyModeBackground oldMode=MODE_TRANSPARENT newMode=MODE_TRANSLUCENT animate=false
06-24 16:29:04.200 D/PMS11423(  657): package:com.excelliance.dualaid, input flags:128, output hwFlags:0
06-24 16:29:04.201 D/StatusBarIconController( 1513): setIconVisibility icon is null or visibility not change visibility=false
06-24 16:29:04.209 I/GRALLOC (  679): 	 shrFd=10,fmt=0x1,intFmt=0x200000001,btStrd=4352,size=8486912,pid=679 
06-24 16:29:04.209 I/GRALLOC (  679): 	 yuv=2,w=1080,h=1920,Stride u=0 v=0,offset u=0 v=0 
06-24 16:29:04.209 I/GRALLOC (  679): 	 iova_size=8486912,conUsg=0xb00,proUsg=0xb00,	 strd=1088,[afbc]HdrStrd=1088 PyldStrd=69632 Scrmbl=2,ionhnd = 1 
06-24 16:29:04.217 D/WindowManager(  657): finishDrawingWindow: Window{7160283 u0 com.excelliance.dualaid/com.excelliance.kxqp.swipe.NavActivity2} mDrawState=DRAW_PENDING
06-24 16:29:04.217 V/MainActivity(  515): onWindowFocusChanged: true
06-24 16:29:04.218 W/InputMethodManager(  515): startInputReason = 1
06-24 16:29:04.218 V/WindowManager(  657): Checking 1 opening apps (frozen=false timeout=false)...
06-24 16:29:04.218 V/WindowManager(  657): Check opening app=AppWindowToken{c05a7fc token=Token{90340ef ActivityRecord{612a9ce u0 com.excelliance.dualaid/com.excelliance.kxqp.swipe.NavActivity2 t16047}}}: allDrawn=true startingDisplayed=false startingMoved=false isRelaunching()=false
06-24 16:29:04.220 D/ImageWallpaper( 1513): onVisibilityChanged: mVisible, visible=true, false
06-24 16:29:04.220 D/ImageWallpaper( 1513): Visibility changed to visible=false
06-24 16:29:04.221 D/BarTransitions.HwPhoneStatusBarView( 1513): MODE_TRANSLUCENT -> MODE_TRANSPARENT animate=false
06-24 16:29:04.221 D/BarTransitions.HwPhoneStatusBarView( 1513): applyModeBackground oldMode=MODE_TRANSLUCENT newMode=MODE_TRANSPARENT animate=false
06-24 16:29:04.222 I/ActivityManager(  657): Displayed com.excelliance.dualaid/com.excelliance.kxqp.swipe.NavActivity2: +186ms (total +3s717ms)
06-24 16:29:04.224 W/InputMethodManager(  515): startInputReason = 5
06-24 16:29:04.226 I/wangchen( 7035): SysInfo.getSysParam: orientation=1||config d=3.0,w=1080,h=1920||metrics d=3.0,w=1080,h=1920||sdk=26,bar_h=72
06-24 16:29:04.226 I/KeymapLoader( 7035): w=1080 h=1920 ori=true appScale=3.3 s1=3.0
06-24 16:29:04.232 I/WindowManager(  657): notifyAccessibilityButtonVisibilityChanged visible:false
06-24 16:29:04.235 W/dex2oat (  599): Using default instruction set features for ARM CPU variant (default) using conservative defaults
06-24 16:29:04.235 I/dex2oat (  599): /system/bin/dex2oat -j4 --dex-file=/data/data/com.excelliance.dualaid/.platformcache/main.jar --output-vdex-fd=48 --oat-fd=49 --oat-location=/data/data/com.excelliance.dualaid/.platformcache/oat/arm/main.odex --compiler-filter=quicken
06-24 16:29:04.235 I/cutils-trace(  599): atrace_init_once, trace_marker_path = /sys/kernel/debug/tracing/trace_marker
06-24 16:29:04.236 I/GRALLOC (  679): 	 shrFd=10,fmt=0x1,intFmt=0x200000001,btStrd=4352,size=8486912,pid=679 
06-24 16:29:04.236 I/GRALLOC (  679): 	 yuv=2,w=1080,h=1920,Stride u=0 v=0,offset u=0 v=0 
06-24 16:29:04.236 I/GRALLOC (  679): 	 iova_size=8486912,conUsg=0xb00,proUsg=0xb00,	 strd=1088,[afbc]HdrStrd=1088 PyldStrd=69632 Scrmbl=2,ionhnd = 1 
06-24 16:29:04.238 E/BufferQueueProducer(  710): [com.huawei.android.launcher/com.huawei.android.launcher.unihome.UniHomeLauncher#0] disconnect: not connected (req=1)
06-24 16:29:04.238 W/libEGL  ( 2519): EGLNativeWindowType 0x74825f5010 disconnect failed
06-24 16:29:04.254 W/ActivityManager(  657): Sending non-protected broadcast huawei.action.floattasks.STATUS_BAR_STATE_CHANGED from system 1513:com.android.systemui/u0a39 pkg com.android.systemui
06-24 16:29:04.254 D/ActivityThread(  515): Remove activity client record, r= ActivityRecord{cbe2ddc token=android.os.BinderProxy@d13fa03 {com.excelliance.dualaid/com.excelliance.kxqp.ui.HelloActivity}} token= android.os.BinderProxy@d13fa03
06-24 16:29:04.256 W/HwKeyguardDragHelper( 1513): AnimationBlocked
06-24 16:29:04.256 V/WindowManager(  657): notifyAppStopped: AppWindowToken{d3a938b token=Token{377755a ActivityRecord{d5c9105 u0 com.huawei.android.launcher/.unihome.UniHomeLauncher t15658}}}
06-24 16:29:04.256 E/WindowManager(  657): win=Window{68d6975 u0 com.huawei.android.launcher/com.huawei.android.launcher.unihome.UniHomeLauncher} destroySurfaces: appStopped=true win.mWindowRemovalAllowed=false win.mRemoveOnExit=false
06-24 16:29:04.256 I/WindowManager(  657): Destroying surface Surface(name=com.huawei.android.launcher/com.huawei.android.launcher.unihome.UniHomeLauncher) called by com.android.server.wm.WindowStateAnimator.destroySurface:2060 com.android.server.wm.WindowStateAnimator.destroySurfaceLocked:873 com.android.server.wm.HwWindowStateAnimator.destroySurfaceLocked:1006 com.android.server.wm.WindowState.destroyOrSaveSurfaceUnchecked:2990 com.android.server.wm.WindowState.destroySurface:2951 com.android.server.wm.AppWindowToken.destroySurfaces:654 com.android.server.wm.AppWindowToken.destroySurfaces:638 com.android.server.wm.AppWindowToken.notifyAppStopped:682 
06-24 16:29:04.257 D/BarTransitions.HwPhoneStatusBarView( 1513): MODE_TRANSPARENT -> MODE_TRANSLUCENT animate=false
06-24 16:29:04.257 D/BarTransitions.HwPhoneStatusBarView( 1513): applyModeBackground oldMode=MODE_TRANSPARENT newMode=MODE_TRANSLUCENT animate=false
06-24 16:29:04.257 D/BarTransitions.HwNavigationBarView( 1513): MODE_TRANSLUCENT -> MODE_OPAQUE animate=false
06-24 16:29:04.257 D/BarTransitions.HwNavigationBarView( 1513): applyModeBackground oldMode=MODE_TRANSLUCENT newMode=MODE_OPAQUE animate=false
06-24 16:29:04.258 D/HwGameAssistantController(  657): pid=2519, uid=10056, foreground=false
06-24 16:29:04.258 W/AwareLog(  657): SchedLevelBoost: onFgActivitiesChanged config not set!
06-24 16:29:04.259 V/WindowManager(  657): removeAppToken: AppWindowToken{616b064 token=Token{79b09f7 ActivityRecord{44751f6 u0 com.excelliance.dualaid/com.excelliance.kxqp.ui.HelloActivity t16047}}} delayed=false Callers=com.android.server.wm.DisplayContent.removeAppToken:985 com.android.server.wm.AppWindowContainerController.removeContainer:348 com.android.server.am.ActivityRecord.removeWindowContainer:1039 com.android.server.am.ActivityStack.removeActivityFromHistoryLocked:4491 
06-24 16:29:04.267 I/NetworkSpeedManagerEx( 1513): mIsStop = false
06-24 16:29:04.267 I/NetworkSpeedManagerEx( 1513):  runInThread getTetherStats
06-24 16:29:04.268 I/NetworkSpeedManagerEx( 1513):  runInUI refreshSpeed
06-24 16:29:04.268 I/NetworkSpeedManagerEx( 1513): value=1707.6666speed = 1.7
06-24 16:29:04.268 I/NetworkSpeedManagerEx( 1513): K/smIsShowLastSpeedValuefalse
06-24 16:29:04.268 I/NetworkSpeedView( 1513): /update(), speed=1.7
06-24 16:29:04.268 I/NetworkSpeedView( 1513): K/s parent class:class com.android.systemui.statusbar.HwSystemIcons
06-24 16:29:04.301 I/NetworkSpeedManagerEx( 1513): mIsStop = false
06-24 16:29:04.301 I/NetworkSpeedManagerEx( 1513):  runInThread getTetherStats
06-24 16:29:04.301 I/NetworkSpeedManagerEx( 1513):  runInUI refreshSpeed
06-24 16:29:04.302 I/NetworkSpeedManagerEx( 1513): value=1707.6666speed = 1.7
06-24 16:29:04.302 I/NetworkSpeedManagerEx( 1513): K/smIsShowLastSpeedValuefalse
06-24 16:29:04.302 I/NetworkSpeedView( 1513): /update(), speed=1.7
06-24 16:29:04.302 I/NetworkSpeedView( 1513): K/s parent class:class com.android.systemui.statusbar.HwSystemIcons
06-24 16:29:04.443 I/HwNormalizedSpline(  657): getEyeProtectionBrightnessLevel lux =239.0, mDefaultBrightnessFromLux =68.645
06-24 16:29:04.618 D/LogUtil_LogConfig( 3140): obtainSavePath(): path = 1
06-24 16:29:04.618 D/LogUtil_LogConfig( 3140): getLogFile(): logFilePath = /data/data/com.huawei.health/files/com.huawei.health/com.huawei.health_DaemonService/
06-24 16:29:04.618 D/LogUtil_LogConfig( 3140): obtainSavePath(): path = 1
06-24 16:29:04.618 D/LogUtil_LogConfig( 3140): acquireMaxLogFileLengthContainsOffset describe: com.huawei.health:DaemonService result:5242880
06-24 16:29:04.618 D/LogUtil_LogConfig( 3140): obtainSavePath(): path = 1
06-24 16:29:04.618 D/LogUtil_LogConfig( 3140): getLogFileRoot(): logFilePath = /data/data/com.huawei.health/files/com.huawei.health/com.huawei.health_DaemonService/
06-24 16:29:04.625 D/HwWifiStatStore(  657): handleMessage : 200
06-24 16:29:04.652 I/dex2oat (  599): dex2oat took 417.879ms (984.146ms cpu) (threads: 4) arena alloc=137KB (141240B) java alloc=2MB (3127336B) native alloc=4MB (4692712B) free=2MB (2647320B)
06-24 16:29:04.665 D/PMS11423(  657): package:com.excelliance.dualaid, input flags:128, output hwFlags:0
06-24 16:29:04.704 W/dex2oat (  627): Using default instruction set features for ARM CPU variant (default) using conservative defaults
06-24 16:29:04.704 I/dex2oat (  627): /system/bin/dex2oat -j4 --dex-file=/data/data/com.excelliance.dualaid/.platformcache/kxqpplatform2.jar --output-vdex-fd=50 --oat-fd=51 --oat-location=/data/data/com.excelliance.dualaid/.platformcache/oat/arm/kxqpplatform2.odex --compiler-filter=quicken
06-24 16:29:04.704 I/cutils-trace(  627): atrace_init_once, trace_marker_path = /sys/kernel/debug/tracing/trace_marker
06-24 16:29:04.723 I/GRALLOC (  679): 	 shrFd=10,fmt=0x1,intFmt=0x200000001,btStrd=4352,size=8486912,pid=679 
06-24 16:29:04.723 I/GRALLOC (  679): 	 yuv=2,w=1080,h=1920,Stride u=0 v=0,offset u=0 v=0 
06-24 16:29:04.723 I/GRALLOC (  679): 	 iova_size=8486912,conUsg=0xb00,proUsg=0xb00,	 strd=1088,[afbc]HdrStrd=1088 PyldStrd=69632 Scrmbl=2,ionhnd = 1 
06-24 16:29:04.878 D/NetWorkUtils( 1513): mVSimCurCardType is -1
06-24 16:29:04.879 D/NetWorkUtils( 1513): mVSimCurCardType is -1
06-24 16:29:04.991 I/dex2oat (  627): dex2oat took 287.106ms (428.160ms cpu) (threads: 4) arena alloc=6KB (6216B) java alloc=2MB (2283472B) native alloc=2MB (2307880B) free=3MB (3459288B)
06-24 16:29:05.002 D/PMS11423(  657): package:com.excelliance.dualaid, input flags:0, output hwFlags:0
06-24 16:29:05.010 E/MemoryLeakMonitorManager(  548): MemoryLeakMonitor.jar is not exist!
06-24 16:29:05.010 D/CrashHandler(  548): CrashHandler
06-24 16:29:05.011 D/KXQPApplication(  548): run: initUserManager
06-24 16:29:05.012 E/Minikin (  548): Could not get cmap table size!
06-24 16:29:05.012 D/PMS11423(  657): package:com.excelliance.dualaid, input flags:128, output hwFlags:0
06-24 16:29:05.025 D/PMS1000 (  657): package:com.excelliance.dualaid, input flags:8192, output hwFlags:0
06-24 16:29:05.027 D/AirPushService(  548): 第一次触发
06-24 16:29:05.027 D/SmtServService(  548): MSG_LOAD_PLT GameUtil.isPtLoaded() = false
06-24 16:29:05.028 D/PMS1001 (  657): package:com.excelliance.dualaid, input flags:0, output hwFlags:0
06-24 16:29:05.029 I/HwCust  (  548): Constructor found for class android.net.HwCustConnectivityManagerImpl
06-24 16:29:05.029 D/HwCust  (  548): Create obj success use class android.net.HwCustConnectivityManagerImpl
06-24 16:29:05.030 D/NetworkStateReceiver(  548): netWorkConnected = true
06-24 16:29:05.030 D/AirPushUtils(  548): startPushInfo
06-24 16:29:05.031 D/PMS11423(  657): package:com.excelliance.dualaid, input flags:0, output hwFlags:0
06-24 16:29:05.032 D/AirPushService(  548): 第一次设置Alarm
06-24 16:29:05.032 D/AirPushService(  548): resetPushAlarm
06-24 16:29:05.033 D/SmtServService(  548): pull info
06-24 16:29:05.033 D/SmtServService(  548): diffTime = 1529828945033
06-24 16:29:05.033 D/SmtServService(  548): pushInfoFromServer
06-24 16:29:05.034 D/AirPushPreferences(  548): setLastPushTime
06-24 16:29:05.049 I/zygote  (  515): Do partial code cache collection, code=27KB, data=27KB
06-24 16:29:05.049 I/zygote  (  515): After code cache collection, code=27KB, data=27KB
06-24 16:29:05.049 I/zygote  (  515): Increasing code cache capacity to 128KB
06-24 16:29:05.051 I/zygote  (  548): Do partial code cache collection, code=27KB, data=31KB
06-24 16:29:05.052 I/zygote  (  548): After code cache collection, code=11KB, data=18KB
06-24 16:29:05.052 I/zygote  (  548): Increasing code cache capacity to 128KB
06-24 16:29:05.057 I/TrafficMonitor(  657): update:rxPkts:7,txPkts:11,rxBytes:3929,txBytes:1176
06-24 16:29:05.058 I/TrafficMonitor(  657): start expired. level:-1
06-24 16:29:05.058 I/TrafficMonitor(  657): gettimer:interval=2000
06-24 16:29:05.059 D/StatisticsManager(  548): Query time diff:1529828945059
06-24 16:29:05.066 D/PMS11423(  657): package:com.excelliance.dualaid, input flags:128, output hwFlags:0
06-24 16:29:05.082 D/launch-time-RU(  548): preload 24 classes cost 50ms
06-24 16:29:05.082 D/StatisticsManager(  548): Query time diff:1529828945082
06-24 16:29:05.104 I/chatty  (  657): uid=1000(system) Binder:657_10 identical 8 lines
06-24 16:29:05.104 D/PMS11423(  657): package:com.excelliance.dualaid, input flags:128, output hwFlags:0
06-24 16:29:05.106 D/PMS11423(  657): package:com.excelliance.dualaid, input flags:128, output hwFlags:0
06-24 16:29:05.107 D/StatisticsManager(  548): Query time diff:1529828945107
06-24 16:29:05.108 I/chatty  (  657): uid=1000(system) Binder:657_A identical 2 lines
06-24 16:29:05.108 D/PMS11423(  657): package:com.excelliance.dualaid, input flags:128, output hwFlags:0
06-24 16:29:05.111 D/PMS11423(  657): package:com.excelliance.dualaid, input flags:128, output hwFlags:0
06-24 16:29:05.124 D/AirPushDBHelper(  548): onCreate: pushitemnew
06-24 16:29:05.127 D/AirPushDBHelper(  548): selection = type=? and index_=(select max(index_) from pushitemnew where type=?) , key = vip
06-24 16:29:05.128 D/AirPushDBHelper(  548): selection = type=? and index_=(select max(index_) from pushitemnew where type=?) , key = update
06-24 16:29:05.128 D/AirPushDBHelper(  548): selection = type=? and index_=(select max(index_) from pushitemnew where type=?) , key = officalActivity
06-24 16:29:05.128 D/AirPushDBHelper(  548): selection = type=? and index_=(select max(index_) from pushitemnew where type=?) , key = news
06-24 16:29:05.128 D/AirPushDBHelper(  548): selection = type=? and index_=(select max(index_) from pushitemnew where type=?) , key = target
06-24 16:29:05.128 D/AirPushDBHelper(  548): selection = type=? and index_=(select max(index_) from pushitemnew where type=?) , key = batch
06-24 16:29:05.128 D/AirPushDBHelper(  548): selection = type=? and index_=(select max(index_) from pushitemnew where type=?) , key = skipTarget
06-24 16:29:05.129 D/AirPushDBHelper(  548): selection = type=? and index_=(select max(index_) from pushitemnew where type=?) , key = thirdApp
06-24 16:29:05.129 D/PushItem(  548): indexJson = {}
06-24 16:29:05.129 D/AirPushService(  548): dataJson = {}
06-24 16:29:05.129 V/AirPushService(  548): ver :e30%3D%0A
06-24 16:29:05.130 D/VersionManager(  548): httpsRequest getURL = https://mto.multiopen.cn/pushmess.php?ver=466&mainver=231200&data=e30%3D%0A&wxCode=1321&subchid=1&sdkV=8.0.0&pkg=com.excelliance.dualaid&chid=10019&issl=1&compver=54302&wxVerName=6.6.7&vn=4.0.6&model=stf-al10&api=26&brand=honor&aid=f0c2426fc7560cf5
06-24 16:29:05.131 D/NetworkSecurityConfig(  548): No Network Security Config specified, using platform default
06-24 16:29:05.143 W/libc    (  493): Set property "hw.wifi.dns_stat" to "34830,30197,5028,1,52782"
06-24 16:29:05.146 D/GameUtil(  548): getSDKDataParam totalmem:5.60GB
06-24 16:29:05.148 D/VersionManager(  548): httpsRequest getURL = https://folder.appota.cn/genuser.php?chid=10019&subchid=1&vc=466&type=4&data=tbCbI6ooWmOSi%2BhP8At3K55rUDjOXjUCTTE1Q7OqeVGzpiL1Dx8z2UKsv%2F2w066OKzL65VOc%2FHNVNculXvpkfbOlpWKAPUf5ryVSFynVNa8UucDwm5e36rJ6e2Kpu%2B5ykc4DARTfkZV4Ad5N96d4%2BjApQCWZuWchybogtHpbAp5JGb2oE4RYpIUqF8au1pxTSmwBdD5PozvBfX2%2Bj4RIW8u13M8ksM63bQoy2eR4WdDx%2BqZexoey63Hms3xqJyQkd3PFvljbOMDFV5%2BIsI0F%2B0cTu0Poz37kp440m4BdEnDxUpl%2F2SWQiyGENywr4rII2GFixGV6F3FTP2B6Iz%2Bp9XPgTT1Q8jOobYd0%2B7qf7bpZ2AyYZuCae%2FN%2FDrbd9ARIKpXrBwZ7SdplMO1nzphjQUqGRQMAlrO9Oa0Du6EV17%2FgN7YtgBzuJRHbP0GgVSdnIEYbOUnjg9adLEk2nhpRcwGYdX7bJ5%2FC%2FGVy8QMvFO%2FVJ5uAYH82VV6bvSarVkuFeotJT4yadRHbDkYGgVZfCDPVS%2FOPcQttSZtkoN3AjIdEC3B%2BjPtytpdTQYFvI9Ol&issl=1
06-24 16:29:05.164 D/PMS1000 (  657): package:com.excelliance.dualaid, input flags:1024, output hwFlags:0
06-24 16:29:05.164 I/ActivityManager(  657): Need to start process com.excelliance.dualaid:lbcore for provider ContentProviderInfo{name=com.excelliance.dualaid:com.excelliance.kxqp.platform.PluginManagerProvider className=com.excelliance.kxqp.platform.PluginManagerProvider}, callerApp: ProcessRecord{7f7e85 548:com.excelliance.dualaid/u0a1423}
06-24 16:29:05.164 V/ActivityManager(  657): startProcess: name=com.excelliance.dualaid:lbcore app=null knownToBeDead=false thread=null pid=-1
06-24 16:29:05.165 D/PMS1000 (  657): package:com.excelliance.dualaid, input flags:0, output hwFlags:0
06-24 16:29:05.174 I/ActivityManager(  657): Start proc 938:com.excelliance.dualaid:lbcore/u0a1423 for content provider com.excelliance.dualaid/com.excelliance.kxqp.platform.PluginManagerProvider
06-24 16:29:05.174 V/ActivityManager_MU(  657): Waiting to start provider ContentProviderRecord{5db272e u0 com.excelliance.dualaid/com.excelliance.kxqp.platform.PluginManagerProvider} launchingApp=ProcessRecord{d2355a9 938:com.excelliance.dualaid:lbcore/u0a1423} caller pid= 548
06-24 16:29:05.175 I/        (  938): power log dlsym ok
06-24 16:29:05.177 I/zygote  (  938): Reinit property: dalvik.vm.checkjni= false
06-24 16:29:05.182 W/X509TrustManager(  548): checkServerTrusted: SignatureException:null
06-24 16:29:05.182 W/X509TrustManager(  548): checkServerTrusted: SignatureException:error:04000073:RSA routines:OPENSSL_internal:DATA_TOO_LARGE_FOR_MODULUS
06-24 16:29:05.183 D/ActivityThread(  938): ActivityThread,attachApplication
06-24 16:29:05.183 D/ActivityManager(  657): ActivityManagerService,attachApplication,callingPid = 938
06-24 16:29:05.189 W/X509TrustManager(  548): checkServerTrusted: SignatureException:null
06-24 16:29:05.189 W//system/bin/hwservicemanager(  416): Cannot open /odm/manifest.xml
06-24 16:29:05.189 W/X509TrustManager(  548): checkServerTrusted: SignatureException:error:04000073:RSA routines:OPENSSL_internal:DATA_TOO_LARGE_FOR_MODULUS
06-24 16:29:05.197 W//system/bin/hwservicemanager(  416): Cannot open /odm/manifest.xml
06-24 16:29:05.198 I/GRALLOC (  679): 	 shrFd=10,fmt=0x1,intFmt=0x1,btStrd=256,size=4096,pid=679 
06-24 16:29:05.198 I/GRALLOC (  679): 	 yuv=2,w=16,h=16,Stride u=0 v=0,offset u=0 v=0 
06-24 16:29:05.198 I/GRALLOC (  679): 	 iova_size=4096,conUsg=0x100,proUsg=0x100,	 strd=64,[afbc]HdrStrd=0 PyldStrd=0 Scrmbl=0,ionhnd = 1 
06-24 16:29:05.200 D/HwFLClassLoader(  938): get used feature list :/feature/used-list failed!
06-24 16:29:05.200 D/HwFLClassLoader(  938): USE_FEATURE_LIST had not init! 
06-24 16:29:05.214 D/PMS11423(  657): package:com.excelliance.dualaid, input flags:128, output hwFlags:0
06-24 16:29:05.218 D/PMS11423(  657): package:com.excelliance.dualaid, input flags:128, output hwFlags:0
06-24 16:29:05.240 D/VersionManager(  548): uid=353
06-24 16:29:05.256 D/launch-time-RU(  938): preload 24 classes cost 15ms
06-24 16:29:05.260 D/AirPushService(  548): result = {"period":"r","vip":{"index_":"","data":""},"update":{"index_":"","data":""},"officalActivity":{"index_":"","data":""},"news":{"index_":"","data":""},"target":{"index_":"","data":""},"batch":{"index_":"","data":""},"skipTarget":{"index_":"","data":""},"thirdApp":{"index_":"","data":""}}
06-24 16:29:05.261 D/AirPushService(  548): handleCheckerSaveToDB
06-24 16:29:05.261 D/AirPushUtils(  548): startDbOver
06-24 16:29:05.264 D/SmtServService(  548): db write over
06-24 16:29:05.265 D/SmtServService(  548): gameCenterFirstStart = true
06-24 16:29:05.289 D/ActivityThread(  938): Loading provider com.excelliance.dualaid:com.excelliance.kxqp.platform.PluginManagerProvider: com.excelliance.kxqp.platform.PluginManagerProvider
06-24 16:29:05.290 D/PMS11423(  657): package:com.excelliance.dualaid, input flags:0, output hwFlags:0
06-24 16:29:05.297 D/PMS1000 (  657): package:com.excelliance.dualaid, input flags:8192, output hwFlags:0
06-24 16:29:05.299 D/PMS1001 (  657): package:com.excelliance.dualaid, input flags:0, output hwFlags:0
06-24 16:29:05.303 D/PMS11423(  657): package:com.excelliance.dualaid, input flags:0, output hwFlags:0
06-24 16:29:05.305 D/PMS11423(  657): package:com.excelliance.dualaid:lbcore, input flags:0, output is null
06-24 16:29:05.306 I/Bluetooth_framework(  657): BluetoothManagerService:Added callback: android.bluetooth.IBluetoothManagerCallback$Stub$Proxy@d32a365:true pid = 938
06-24 16:29:05.308 D/PMS11423(  657): package:com.excelliance.dualaid, input flags:128, output hwFlags:0
06-24 16:29:05.323 I/LBVMD-LBPMS(  938): LBVMRT: version 54302:543.02
06-24 16:29:05.324 E/zygote  (  938): Invalid capacity given to EnsureLocalCapacity: 800
06-24 16:29:05.339 I/HwCust  (  938): Constructor found for class android.net.HwCustConnectivityManagerImpl
06-24 16:29:05.339 D/HwCust  (  938): Create obj success use class android.net.HwCustConnectivityManagerImpl
06-24 16:29:05.343 D/PMS11423(  657): package:com.excelliance.dualaid, input flags:0, output hwFlags:0
06-24 16:29:05.352 V/HwWidgetFactory(  938): : successes to get AllImpl object and return....
06-24 16:29:05.352 D/PMS11423(  657): package:com.excelliance.dualaid, input flags:0, output hwFlags:0
06-24 16:29:05.353 D/PMS11423(  657): package:com.excelliance.dualaid, input flags:0, output hwFlags:0
06-24 16:29:05.354 V/ActivityManager(  657): Successfully start provider ContentProviderRecord{5db272e u0 com.excelliance.dualaid/com.excelliance.kxqp.platform.PluginManagerProvider} launchingApp=ProcessRecord{d2355a9 938:com.excelliance.dualaid:lbcore/u0a1423} caller pid= 548
06-24 16:29:05.354 E/MemoryLeakMonitorManager(  938): MemoryLeakMonitor.jar is not exist!
06-24 16:29:05.355 E/MemoryLeakMonitorManager(  938): MemoryLeakMonitor.jar is not exist!
06-24 16:29:05.355 D/KXQPApplication(  938): run: initUserManager
06-24 16:29:05.357 E/Minikin (  938): Could not get cmap table size!
06-24 16:29:05.357 D/PMS11423(  657): package:com.excelliance.dualaid, input flags:128, output hwFlags:0
06-24 16:29:05.358 E/MemoryLeakMonitorManager(  548): MemoryLeakMonitor.jar is not exist!
06-24 16:29:05.359 V/ActivityManager(  657): Attempted to start a foreground service (ComponentInfo{com.excelliance.dualaid/com.excelliance.kxqp.platform.TrampolineService}) with a broken notification (no icon: Notification(channel=null pri=0 contentView=null vibrate=null sound=null defaults=0x0 flags=0x40 color=0x00000000 vis=PRIVATE))
06-24 16:29:05.359 D/SmtServService(  548): MSG_LOAD_PLT after msg.obj
06-24 16:29:05.363 E/zygote  (  938): Invalid capacity given to EnsureLocalCapacity: 592
06-24 16:29:05.364 W/PackageParser(  938): No actions in intent filter at /data/app/com.huawei.hwid-Sc7ADDdoDYIYREll7tj_iw==/base.apk Binary XML file line #1412
06-24 16:29:05.366 W/PackageParser(  938): No actions in intent filter at /data/app/com.huawei.hwid-Sc7ADDdoDYIYREll7tj_iw==/base.apk Binary XML file line #1680
06-24 16:29:05.366 W/PackageParser(  938): No actions in intent filter at /data/app/com.huawei.hwid-Sc7ADDdoDYIYREll7tj_iw==/base.apk Binary XML file line #1694
06-24 16:29:05.380 D/HwNotificationManagerService(  657): recognize: tag=null, id=268435456, user=UserHandle{0}, pkg=com.excelliance.dualaid, uid=11423, callingPid=938
06-24 16:29:05.381 D/PMS1000 (  657): package:com.excelliance.dualaid, input flags:0, output hwFlags:0
06-24 16:29:05.382 I/[HwRecSys]HwRecSysAidlService( 2647): doNotificationCollect -> current num:1
06-24 16:29:05.382 I/[HwRecSys]-Notification-NotificationUpdateController( 2647): startNotificationUpdate start!
06-24 16:29:05.382 W/SettingsEx( 2647): SettingsEx.Systemex.getInt deprecated use Settings.System.getInt instead ;callers=com.huawei.recsys.util.SystemUtil.getNotificationUpdateMode:169 com.huawei.recsys.util.SystemUtil.isAllowUpdate:104 com.huawei.recsys.controller.notification.http.NotificationUpdateController.startNotificationUpdate:85 
06-24 16:29:05.382 I/[HwRecSys]SystemUtil( 2647): isAllowUpdate mode:1
06-24 16:29:05.383 I/[HwRecSys]SystemUtil( 2647): isAllowUpdate isAllowUpdate:true
06-24 16:29:05.383 I/[HwRecSys]-Notification-NotificationUpdateController( 2647):  -> currentYear:2018
06-24 16:29:05.383 I/[HwRecSys]-Notification-NotificationUpdateController( 2647):  -> currentMonth:5
06-24 16:29:05.383 I/[HwRecSys]-Notification-NotificationUpdateController( 2647):  -> currentDay:24
06-24 16:29:05.383 I/[HwRecSys]-Notification-NotificationUpdateController( 2647):  -> oldYear:2018
06-24 16:29:05.383 I/[HwRecSys]-Notification-NotificationUpdateController( 2647):  -> oldMonth:5
06-24 16:29:05.383 I/[HwRecSys]-Notification-NotificationUpdateController( 2647):  -> oldDay:24
06-24 16:29:05.383 E/[HwRecSys]-Notification-NotificationUpdateController( 2647): startNotificationUpdate time is valid no need request
06-24 16:29:05.383 I/[HwRecSys]-Notification-NotificationController( 2647): doNotificationCollect start!
06-24 16:29:05.384 E/[HwRecSys]-Notification-NotificationController( 2647): HwDefaultLabels returnStr:107
06-24 16:29:05.385 E/[HwRecSys]-Notification-NotificationController( 2647): getChinese paramValue is null!
06-24 16:29:05.388 E/[HwRecSys]-Notification-NotificationController( 2647): doNotificationCollect getLabelByRegRules label:107
06-24 16:29:05.389 I/[HwRecSys]HwRecSysAidlService( 2647): doNotificationCollect ->  finally remote Num - 1 !
06-24 16:29:05.389 I/HwNotificationManagerService(  657): doNotificationCollect: pkg=com.excelliance.dualaid, uid=11423, hw_type=107, hw_btw=true
06-24 16:29:05.389 D/PMS1000 (  657): package:com.excelliance.dualaid, input flags:268435456, output hwFlags:0
06-24 16:29:05.389 D/PMS1000 (  657): package:com.excelliance.dualaid, input flags:0, output hwFlags:0
06-24 16:29:05.390 I/Pged-IPgedBinderService(  769): ****action is 2, pid num is 6***
06-24 16:29:05.390 I/Pged-Freezer(  769): thawPids
06-24 16:29:05.390 W/NotificationRecord(  657): Use default channel, The importance is:2
06-24 16:29:05.390 D/PMS1000 (  657): package:com.excelliance.dualaid, input flags:0, output hwFlags:0
06-24 16:29:05.390 V/ActivityManager(  657): Attempted to start a foreground service (ComponentInfo{com.excelliance.dualaid/com.excelliance.kxqp.platform.TrampolineService$EmptyService}) with a broken notification (no icon: Notification(channel=null pri=0 contentView=null vibrate=null sound=null defaults=0x0 flags=0x40 color=0x00000000 vis=PRIVATE))
06-24 16:29:05.391 D/PgedBinderAdapter( 1699): unfrz ok, pid: [29457, 29531, 14942, 15544, 24379]
06-24 16:29:05.394 D/HwNotificationManagerService(  657): recognize: tag=null, id=268435456, user=UserHandle{0}, pkg=com.excelliance.dualaid, uid=11423, callingPid=938
06-24 16:29:05.394 D/PMS1000 (  657): package:com.excelliance.dualaid, input flags:0, output hwFlags:0
06-24 16:29:05.395 I/[HwRecSys]HwRecSysAidlService( 2647): doNotificationCollect -> current num:1
06-24 16:29:05.395 I/[HwRecSys]-Notification-NotificationUpdateController( 2647): startNotificationUpdate start!
06-24 16:29:05.395 W/SettingsEx( 2647): SettingsEx.Systemex.getInt deprecated use Settings.System.getInt instead ;callers=com.huawei.recsys.util.SystemUtil.getNotificationUpdateMode:169 com.huawei.recsys.util.SystemUtil.isAllowUpdate:104 com.huawei.recsys.controller.notification.http.NotificationUpdateController.startNotificationUpdate:85 
06-24 16:29:05.395 I/[HwRecSys]SystemUtil( 2647): isAllowUpdate mode:1
06-24 16:29:05.396 I/[HwRecSys]SystemUtil( 2647): isAllowUpdate isAllowUpdate:true
06-24 16:29:05.396 I/[HwRecSys]-Notification-NotificationUpdateController( 2647):  -> currentYear:2018
06-24 16:29:05.396 I/[HwRecSys]-Notification-NotificationUpdateController( 2647):  -> currentMonth:5
06-24 16:29:05.396 I/[HwRecSys]-Notification-NotificationUpdateController( 2647):  -> currentDay:24
06-24 16:29:05.396 I/[HwRecSys]-Notification-NotificationUpdateController( 2647):  -> oldYear:2018
06-24 16:29:05.396 I/[HwRecSys]-Notification-NotificationUpdateController( 2647):  -> oldMonth:5
06-24 16:29:05.396 I/[HwRecSys]-Notification-NotificationUpdateController( 2647):  -> oldDay:24
06-24 16:29:05.396 E/[HwRecSys]-Notification-NotificationUpdateController( 2647): startNotificationUpdate time is valid no need request
06-24 16:29:05.396 I/[HwRecSys]-Notification-NotificationController( 2647): doNotificationCollect start!
06-24 16:29:05.397 I/appium  (24379): Null child 10/19, parent: android.view.accessibility.AccessibilityNodeInfo@c4e5; boundsInParent: Rect(0, 0 - 1056, 1550); boundsInScreen: Rect(12, 0 - 1068, 1514); packageName: com.huawei.android.launcher; className: android.view.ViewGroup; text: null; error: null; maxTextLength: -1; contentDescription: null; viewIdResName: null; checkable: false; checked: false; focusable: false; focused: false; selected: false; clickable: false; longClickable: false; contextClickable: false; enabled: true; password: false; scrollable: false; importantForAccessibility: false; actions: [AccessibilityAction: ACTION_SELECT - null, AccessibilityAction: ACTION_CLEAR_SELECTION - null, AccessibilityAction: ACTION_ACCESSIBILITY_FOCUS - null, AccessibilityAction: ACTION_SHOW_ON_SCREEN - null]
06-24 16:29:05.397 E/[HwRecSys]-Notification-NotificationController( 2647): HwDefaultLabels returnStr:107
06-24 16:29:05.398 E/[HwRecSys]-Notification-NotificationController( 2647): getChinese paramValue is null!
06-24 16:29:05.398 I/appium  (24379): Null child 11/19, parent: android.view.accessibility.AccessibilityNodeInfo@c4e5; boundsInParent: Rect(0, 0 - 1056, 1550); boundsInScreen: Rect(12, 0 - 1068, 1514); packageName: com.huawei.android.launcher; className: android.view.ViewGroup; text: null; error: null; maxTextLength: -1; contentDescription: null; viewIdResName: null; checkable: false; checked: false; focusable: false; focused: false; selected: false; clickable: false; longClickable: false; contextClickable: false; enabled: true; password: false; scrollable: false; importantForAccessibility: false; actions: [AccessibilityAction: ACTION_SELECT - null, AccessibilityAction: ACTION_CLEAR_SELECTION - null, AccessibilityAction: ACTION_ACCESSIBILITY_FOCUS - null, AccessibilityAction: ACTION_SHOW_ON_SCREEN - null]
06-24 16:29:05.399 I/appium  (24379): Null child 12/19, parent: android.view.accessibility.AccessibilityNodeInfo@c4e5; boundsInParent: Rect(0, 0 - 1056, 1550); boundsInScreen: Rect(12, 0 - 1068, 1514); packageName: com.huawei.android.launcher; className: android.view.ViewGroup; text: null; error: null; maxTextLength: -1; contentDescription: null; viewIdResName: null; checkable: false; checked: false; focusable: false; focused: false; selected: false; clickable: false; longClickable: false; contextClickable: false; enabled: true; password: false; scrollable: false; importantForAccessibility: false; actions: [AccessibilityAction: ACTION_SELECT - null, AccessibilityAction: ACTION_CLEAR_SELECTION - null, AccessibilityAction: ACTION_ACCESSIBILITY_FOCUS - null, AccessibilityAction: ACTION_SHOW_ON_SCREEN - null]
06-24 16:29:05.400 I/appium  (24379): Null child 13/19, parent: android.view.accessibility.AccessibilityNodeInfo@c4e5; boundsInParent: Rect(0, 0 - 1056, 1550); boundsInScreen: Rect(12, 0 - 1068, 1514); packageName: com.huawei.android.launcher; className: android.view.ViewGroup; text: null; error: null; maxTextLength: -1; contentDescription: null; viewIdResName: null; checkable: false; checked: false; focusable: false; focused: false; selected: false; clickable: false; longClickable: false; contextClickable: false; enabled: true; password: false; scrollable: false; importantForAccessibility: false; actions: [AccessibilityAction: ACTION_SELECT - null, AccessibilityAction: ACTION_CLEAR_SELECTION - null, AccessibilityAction: ACTION_ACCESSIBILITY_FOCUS - null, AccessibilityAction: ACTION_SHOW_ON_SCREEN - null]
06-24 16:29:05.401 I/appium  (24379): Null child 14/19, parent: android.view.accessibility.AccessibilityNodeInfo@c4e5; boundsInParent: Rect(0, 0 - 1056, 1550); boundsInScreen: Rect(12, 0 - 1068, 1514); packageName: com.huawei.android.launcher; className: android.view.ViewGroup; text: null; error: null; maxTextLength: -1; contentDescription: null; viewIdResName: null; checkable: false; checked: false; focusable: false; focused: false; selected: false; clickable: false; longClickable: false; contextClickable: false; enabled: true; password: false; scrollable: false; importantForAccessibility: false; actions: [AccessibilityAction: ACTION_SELECT - null, AccessibilityAction: ACTION_CLEAR_SELECTION - null, AccessibilityAction: ACTION_ACCESSIBILITY_FOCUS - null, AccessibilityAction: ACTION_SHOW_ON_SCREEN - null]
06-24 16:29:05.402 E/[HwRecSys]-Notification-NotificationController( 2647): doNotificationCollect getLabelByRegRules label:107
06-24 16:29:05.402 I/[HwRecSys]HwRecSysAidlService( 2647): doNotificationCollect ->  finally remote Num - 1 !
06-24 16:29:05.402 I/HwNotificationManagerService(  657): doNotificationCollect: pkg=com.excelliance.dualaid, uid=11423, hw_type=107, hw_btw=true
06-24 16:29:05.402 D/PMS1000 (  657): package:com.excelliance.dualaid, input flags:268435456, output hwFlags:0
06-24 16:29:05.402 D/PMS1000 (  657): package:com.excelliance.dualaid, input flags:0, output hwFlags:0
06-24 16:29:05.402 I/appium  (24379): Null child 15/19, parent: android.view.accessibility.AccessibilityNodeInfo@c4e5; boundsInParent: Rect(0, 0 - 1056, 1550); boundsInScreen: Rect(12, 0 - 1068, 1514); packageName: com.huawei.android.launcher; className: android.view.ViewGroup; text: null; error: null; maxTextLength: -1; contentDescription: null; viewIdResName: null; checkable: false; checked: false; focusable: false; focused: false; selected: false; clickable: false; longClickable: false; contextClickable: false; enabled: true; password: false; scrollable: false; importantForAccessibility: false; actions: [AccessibilityAction: ACTION_SELECT - null, AccessibilityAction: ACTION_CLEAR_SELECTION - null, AccessibilityAction: ACTION_ACCESSIBILITY_FOCUS - null, AccessibilityAction: ACTION_SHOW_ON_SCREEN - null]
06-24 16:29:05.403 W/NotificationRecord(  657): Use default channel, The importance is:2
06-24 16:29:05.404 I/appium  (24379): Null child 16/19, parent: android.view.accessibility.AccessibilityNodeInfo@c4e5; boundsInParent: Rect(0, 0 - 1056, 1550); boundsInScreen: Rect(12, 0 - 1068, 1514); packageName: com.huawei.android.launcher; className: android.view.ViewGroup; text: null; error: null; maxTextLength: -1; contentDescription: null; viewIdResName: null; checkable: false; checked: false; focusable: false; focused: false; selected: false; clickable: false; longClickable: false; contextClickable: false; enabled: true; password: false; scrollable: false; importantForAccessibility: false; actions: [AccessibilityAction: ACTION_SELECT - null, AccessibilityAction: ACTION_CLEAR_SELECTION - null, AccessibilityAction: ACTION_ACCESSIBILITY_FOCUS - null, AccessibilityAction: ACTION_SHOW_ON_SCREEN - null]
06-24 16:29:05.405 I/appium  (24379): Null child 17/19, parent: android.view.accessibility.AccessibilityNodeInfo@c4e5; boundsInParent: Rect(0, 0 - 1056, 1550); boundsInScreen: Rect(12, 0 - 1068, 1514); packageName: com.huawei.android.launcher; className: android.view.ViewGroup; text: null; error: null; maxTextLength: -1; contentDescription: null; viewIdResName: null; checkable: false; checked: false; focusable: false; focused: false; selected: false; clickable: false; longClickable: false; contextClickable: false; enabled: true; password: false; scrollable: false; importantForAccessibility: false; actions: [AccessibilityAction: ACTION_SELECT - null, AccessibilityAction: ACTION_CLEAR_SELECTION - null, AccessibilityAction: ACTION_ACCESSIBILITY_FOCUS - null, AccessibilityAction: ACTION_SHOW_ON_SCREEN - null]
06-24 16:29:05.405 I/appium  (24379): Null child 18/19, parent: android.view.accessibility.AccessibilityNodeInfo@c4e5; boundsInParent: Rect(0, 0 - 1056, 1550); boundsInScreen: Rect(12, 0 - 1068, 1514); packageName: com.huawei.android.launcher; className: android.view.ViewGroup; text: null; error: null; maxTextLength: -1; contentDescription: null; viewIdResName: null; checkable: false; checked: false; focusable: false; focused: false; selected: false; clickable: false; longClickable: false; contextClickable: false; enabled: true; password: false; scrollable: false; importantForAccessibility: false; actions: [AccessibilityAction: ACTION_SELECT - null, AccessibilityAction: ACTION_CLEAR_SELECTION - null, AccessibilityAction: ACTION_ACCESSIBILITY_FOCUS - null, AccessibilityAction: ACTION_SHOW_ON_SCREEN - null]
06-24 16:29:05.405 I/appium  (24379): Null child 2/3, parent: android.view.accessibility.AccessibilityNodeInfo@9b9a; boundsInParent: Rect(0, 0 - 1080, 1580); boundsInScreen: Rect(0, 0 - 1080, 1532); packageName: com.huawei.android.launcher; className: android.view.ViewGroup; text: null; error: null; maxTextLength: -1; contentDescription: null; viewIdResName: com.huawei.android.launcher:id/workspace_screen; checkable: false; checked: false; focusable: false; focused: false; selected: false; clickable: true; longClickable: true; contextClickable: false; enabled: true; password: false; scrollable: false; importantForAccessibility: true; actions: [AccessibilityAction: ACTION_SELECT - null, AccessibilityAction: ACTION_CLEAR_SELECTION - null, AccessibilityAction: ACTION_CLICK - null, AccessibilityAction: ACTION_LONG_CLICK - null, AccessibilityAction: ACTION_ACCESSIBILITY_FOCUS - null, AccessibilityAction: ACTION_SHOW_ON_SCREEN - null]
06-24 16:29:05.406 I/appium  (24379): Null child 3/4, parent: android.view.accessibility.AccessibilityNodeInfo@79d1; boundsInParent: Rect(2160, 0 - 3240, 1920); boundsInScreen: Rect(0, 0 - 1080, 1920); packageName: com.huawei.android.launcher; className: android.view.ViewGroup; text: null; error: null; maxTextLength: -1; contentDescription: 第 3 屏，共 4 屏; viewIdResName: com.huawei.android.launcher:id/workspace; checkable: false; checked: false; focusable: false; focused: false; selected: false; clickable: false; longClickable: false; contextClickable: false; enabled: true; password: false; scrollable: true; importantForAccessibility: true; actions: [AccessibilityAction: ACTION_SELECT - null, AccessibilityAction: ACTION_CLEAR_SELECTION - null, AccessibilityAction: ACTION_ACCESSIBILITY_FOCUS - null, AccessibilityAction: ACTION_NEXT_AT_MOVEMENT_GRANULARITY - null, AccessibilityAction: ACTION_PREVIOUS_AT_MOVEMENT_GRANULARITY - null, AccessibilityAction: ACTION_SET_SELECTION - null, AccessibilityAction: ACTION_SHOW_ON_SCREEN - null]
06-24 16:29:05.406 I/appium  (24379): Null child 1/4, parent: android.view.accessibility.AccessibilityNodeInfo@8c96; boundsInParent: Rect(0, 0 - 1080, 1920); boundsInScreen: Rect(0, 0 - 1080, 1920); packageName: com.huawei.android.launcher; className: android.widget.FrameLayout; text: null; error: null; maxTextLength: -1; contentDescription: null; viewIdResName: com.huawei.android.launcher:id/drag_layer; checkable: false; checked: false; focusable: false; focused: false; selected: false; clickable: false; longClickable: false; contextClickable: false; enabled: true; password: false; scrollable: false; importantForAccessibility: false; actions: [AccessibilityAction: ACTION_SELECT - null, AccessibilityAction: ACTION_CLEAR_SELECTION - null, AccessibilityAction: ACTION_ACCESSIBILITY_FOCUS - null, AccessibilityAction: ACTION_SHOW_ON_SCREEN - null]
06-24 16:29:05.406 I/appium  (24379): Null child 2/4, parent: android.view.accessibility.AccessibilityNodeInfo@8c96; boundsInParent: Rect(0, 0 - 1080, 1920); boundsInScreen: Rect(0, 0 - 1080, 1920); packageName: com.huawei.android.launcher; className: android.widget.FrameLayout; text: null; error: null; maxTextLength: -1; contentDescription: null; viewIdResName: com.huawei.android.launcher:id/drag_layer; checkable: false; checked: false; focusable: false; focused: false; selected: false; clickable: false; longClickable: false; contextClickable: false; enabled: true; password: false; scrollable: false; importantForAccessibility: false; actions: [AccessibilityAction: ACTION_SELECT - null, AccessibilityAction: ACTION_CLEAR_SELECTION - null, AccessibilityAction: ACTION_ACCESSIBILITY_FOCUS - null, AccessibilityAction: ACTION_SHOW_ON_SCREEN - null]
06-24 16:29:05.407 I/appium  (24379): Null child 3/4, parent: android.view.accessibility.AccessibilityNodeInfo@8c96; boundsInParent: Rect(0, 0 - 1080, 1920); boundsInScreen: Rect(0, 0 - 1080, 1920); packageName: com.huawei.android.launcher; className: android.widget.FrameLayout; text: null; error: null; maxTextLength: -1; contentDescription: null; viewIdResName: com.huawei.android.launcher:id/drag_layer; checkable: false; checked: false; focusable: false; focused: false; selected: false; clickable: false; longClickable: false; contextClickable: false; enabled: true; password: false; scrollable: false; importantForAccessibility: false; actions: [AccessibilityAction: ACTION_SELECT - null, AccessibilityAction: ACTION_CLEAR_SELECTION - null, AccessibilityAction: ACTION_ACCESSIBILITY_FOCUS - null, AccessibilityAction: ACTION_SHOW_ON_SCREEN - null]
06-24 16:29:05.407 I/appium  (24379): Fetch time: 1571ms
06-24 16:29:05.408 D/NotificationService(  657): mGameDndStatus is:false ,isGameDndSwitchOn is:false
06-24 16:29:05.415 I/appium  (24379): AppiumResponse: {"sessionId":"12d3f873-0ea4-4775-928a-9964d13dcd6c","status":0,"value":"<?xml version=\"1.0\" encoding=\"UTF-8\"?><hierarchy rotation=\"0\"><android.widget.FrameLayout index=\"0\" text=\"\" class=\"android.widget.FrameLayout\" package=\"com.huawei.android.launcher\" content-desc=\"\" checkable=\"false\" checked=\"false\" clickable=\"false\" enabled=\"true\" focusable=\"false\" focused=\"false\" scrollable=\"false\" long-clickable=\"false\" password=\"false\" selected=\"false\" bounds=\"[0,0][1080,1920]\" resource-id=\"\" instance=\"0\"><android.widget.LinearLayout index=\"0\" text=\"\" class=\"android.widget.LinearLayout\" package=\"com.huawei.android.launcher\" content-desc=\"\" checkable=\"false\" checked=\"false\" clickable=\"false\" enabled=\"true\" focusable=\"false\" focused=\"false\" scrollable=\"false\" long-clickable=\"false\" password=\"false\" selected=\"false\" bounds=\"[0,0][1080,1920]\" resource-id=\"\" instance=\"0\"><android.widget.FrameLayout index=\"0\" text=\"\" class=\"android.widget.FrameLayout\" package=\"com.huawei.android.launcher\" content-desc=\"\" checkable=\"false\" checked=\"false\" clickable=\"false\" enabled=\"true\" focusable=\"false\" focused=\"false\" scrollable=\"false\" long-clickable=\"false\" password=\"false\" selected=\"false\" bounds=\"[0,0][1080,1920]\" resource-id=\"android:id\/content\" instance=\"1\"><android.widget.FrameLayout index=\"0\" text=\"\" class=\"android.widget.FrameLayout\" package=\"com.huawei.android.launcher\" content-desc=\"\" checkable=\"false\" checked=\"false\" clickable=\"false\" enabled=\"true\" focusable=\"false\" focused=\"false\" scrollable=\"false\" long-clickable=\"false\" password=\"false\" selected=\"false\" bounds=\"[0,0][1080,1920]\" resource-id=\"com.huawei.android.launcher:id\/drag_layer\" instance=\"2\"><android.view.ViewGroup index=\"0\" text=\"\" class=\"android.view.ViewGroup\" package=\"com.huawei.android.launcher\" content-desc=\"第 3 屏，共 4 屏\" checkable=\"false\" checked=\"false\" clickable=\"false\" enabled=\"true\" focusable=\"false\" focused=\"false\" scrollable=\"true\" long-clickable=\"false\" password=\"false\" selected=\"false\" bounds=\"[0,0][1080,1920]\" resource-id=\"com.huawei.android.launcher:id\/workspace\" instance=\"0\"><android.view.ViewGroup index=\"2\" text=\"\" class=\"android.view.ViewGroup\" package=\"com.huawei.android.launcher\" content-desc=\"\" checkable=\"false\" checked=\"false\" clickable=\"true\" enabled=\"true\" focusable=\"false\" focused=\"false\" scrollable=\"false\" long-clickable=\"true\" password=\"false\" selected=\"false\" bounds=\"[0,0][1080,1532]\" resource-id=\"com.huawei.android.launcher:id\/workspace_screen\" instance=\"1\"><android.widget.FrameLayout index=\"0\" text=\"\" class=\"android.widget.FrameLayout\" package=\"com.huawei.android.launcher\" content-desc=\"\" checkable=\"false\" checked=\"false\" clickable=\"false\" enabled=\"true\" focusable=\"false\" focused=\"false\" scrollable=\"false\" long-clickable=\"false\" password=\"false\" selected=\"false\" bounds=\"[12,0][1068,1514]\" resource-id=\"\" instance=\"3\"\/><android.view.ViewGroup index=\"1\" text=\"\" class=\"android.view.ViewGroup\" package=\"com.huawei.android.launcher\" content-desc=\"\" checkable=\"false\" checked=\"false\" clickable=\"false\" enabled=\"true\" focusable=\"false\" focused=\"false\" scrollable=\"false\" long-clickable=\"false\" password=\"false\" selected=\"false\" bounds=\"[12,0][1068,1514]\" resource-id=\"\" instance=\"2\"><android.widget.TextView index=\"0\" text=\"iTest\" class=\"android.widget.TextView\" package=\"com.huawei.android.launcher\" content-desc=\"\" checkable=\"false\" checked=\"false\" clickable=\"true\" enabled=\"true\" focusable=\"true\" focused=\"false\" scrollable=\"false\" long-clickable=\"true\" password=\"false\" selected=\"false\" bounds=\"[12,84][276,370]\" resource-id=\"\" instance=\"0\"\/><android.widget.TextView index=\"1\" text=\"WhatsApp\" class=\"android.widget.TextView\" package=\"com.huawei.android.launcher\" content-
06-24 16:29:05.415 I/AppManager( 1699): app:com.excelliance.dualaid Notification update time:111684264
06-24 16:29:05.415 I/AppManager( 1699): app:com.excelliance.dualaid Notification persist:true  Ids:[268435456]
06-24 16:29:05.431 D/NotificationService(  657): mGameDndStatus is:false ,isGameDndSwitchOn is:false
06-24 16:29:05.438 I/appium  (24379): channel read invoked!
06-24 16:29:05.438 I/appium  (24379): channel read: GET /wd/hub/session/12d3f873-0ea4-4775-928a-9964d13dcd6c/source
06-24 16:29:05.440 W/zygote  (  938): Throwing OutOfMemoryError "EnsureLocalCapacity"
06-24 16:29:05.444 D/PMS10039(  657): package:com.excelliance.dualaid, input flags:1024, output hwFlags:0
06-24 16:29:05.457 W/IPMSI   (  938): request permission: com.huawei.permission.sec.MDM.v2
06-24 16:29:05.457 W/IPMSI   (  938): request permission: com.huawei.authentication.HW_ACCESS_AUTH_SERVICE
06-24 16:29:05.457 W/IPMSI   (  938): request permission: com.huawei.appmarket.provider.readPermission
