06-24 15:26:37.309 V/ActivityManager_MU(  657): Waiting to start provider ContentProviderRecord{a7dd71e u0 com.excelliance.dualaid/com.excelliance.kxqp.platform.PluginManagerProvider} launchingApp=ProcessRecord{d440f59 28832:com.excelliance.dualaid:lbcore/u0a1421} caller pid= 28742
06-24 15:26:37.311 I/zygote  (28832): Reinit property: dalvik.vm.checkjni= false
06-24 15:26:37.321 D/ActivityThread(28832): ActivityThread,attachApplication
06-24 15:26:37.322 D/ActivityManager(  657): ActivityManagerService,attachApplication,callingPid = 28832
06-24 15:26:37.328 W//system/bin/hwservicemanager(  416): Cannot open /odm/manifest.xml
06-24 15:26:37.338 D/AirPushService(28742): result = {"period":"r","vip":{"index_":"","data":""},"update":{"index_":"","data":""},"officalActivity":{"index_":"","data":""},"news":{"index_":"","data":""},"target":{"index_":"","data":""},"batch":{"index_":"","data":""},"skipTarget":{"index_":"","data":""},"thirdApp":{"index_":"","data":""}}
06-24 15:26:37.338 D/AirPushService(28742): handleCheckerSaveToDB
06-24 15:26:37.338 D/AirPushUtils(28742): startDbOver
06-24 15:26:37.339 W/X509TrustManager(28742): checkServerTrusted: SignatureException:null
06-24 15:26:37.340 W/X509TrustManager(28742): checkServerTrusted: SignatureException:error:04000073:RSA routines:OPENSSL_internal:DATA_TOO_LARGE_FOR_MODULUS
06-24 15:26:37.341 W//system/bin/hwservicemanager(  416): Cannot open /odm/manifest.xml
06-24 15:26:37.342 I/GRALLOC (  679): 	 shrFd=10,fmt=0x1,intFmt=0x1,btStrd=256,size=4096,pid=679 
06-24 15:26:37.342 I/GRALLOC (  679): 	 yuv=2,w=16,h=16,Stride u=0 v=0,offset u=0 v=0 
06-24 15:26:37.342 I/GRALLOC (  679): 	 iova_size=4096,conUsg=0x100,proUsg=0x100,	 strd=64,[afbc]HdrStrd=0 PyldStrd=0 Scrmbl=0,ionhnd = 1 
06-24 15:26:37.344 D/SmtServService(28742): db write over
06-24 15:26:37.345 D/HwFLClassLoader(28832): get used feature list :/feature/used-list failed!
06-24 15:26:37.345 D/HwFLClassLoader(28832): USE_FEATURE_LIST had not init! 
06-24 15:26:37.347 D/SmtServService(28742): gameCenterFirstStart = true
06-24 15:26:37.357 D/PMS11421(  657): package:com.excelliance.dualaid, input flags:128, output hwFlags:0
06-24 15:26:37.403 D/launch-time-RU(28832): preload 24 classes cost 17ms
06-24 15:26:37.409 D/VersionManager(28742): uid=353
06-24 15:26:37.439 D/ActivityThread(28832): Loading provider com.excelliance.dualaid:com.excelliance.kxqp.platform.PluginManagerProvider: com.excelliance.kxqp.platform.PluginManagerProvider
06-24 15:26:37.439 D/PMS11421(  657): package:com.excelliance.dualaid, input flags:0, output hwFlags:0
06-24 15:26:37.447 D/PMS1000 (  657): package:com.excelliance.dualaid, input flags:8192, output hwFlags:0
06-24 15:26:37.451 D/PMS1001 (  657): package:com.excelliance.dualaid, input flags:0, output hwFlags:0
06-24 15:26:37.455 D/PMS11421(  657): package:com.excelliance.dualaid, input flags:0, output hwFlags:0
06-24 15:26:37.457 D/PMS11421(  657): package:com.excelliance.dualaid:lbcore, input flags:0, output is null
06-24 15:26:37.458 I/Bluetooth_framework(  657): BluetoothManagerService:Added callback: android.bluetooth.IBluetoothManagerCallback$Stub$Proxy@59d4815:true pid = 28832
06-24 15:26:37.461 D/PMS11421(  657): package:com.excelliance.dualaid, input flags:128, output hwFlags:0
06-24 15:26:37.475 I/LBVMD-LBPMS(28832): LBVMRT: version 54302:543.02
06-24 15:26:37.476 E/zygote  (28832): Invalid capacity given to EnsureLocalCapacity: 800
06-24 15:26:37.488 I/HwCust  (28832): Constructor found for class android.net.HwCustConnectivityManagerImpl
06-24 15:26:37.488 D/HwCust  (28832): Create obj success use class android.net.HwCustConnectivityManagerImpl
06-24 15:26:37.497 D/PMS11421(  657): package:com.excelliance.dualaid, input flags:0, output hwFlags:0
06-24 15:26:37.505 V/HwWidgetFactory(28832): : successes to get AllImpl object and return....
06-24 15:26:37.506 I/chatty  (  657): uid=1000(system) Binder:657_1 identical 1 line
06-24 15:26:37.506 D/PMS11421(  657): package:com.excelliance.dualaid, input flags:0, output hwFlags:0
06-24 15:26:37.509 V/ActivityManager(  657): Successfully start provider ContentProviderRecord{a7dd71e u0 com.excelliance.dualaid/com.excelliance.kxqp.platform.PluginManagerProvider} launchingApp=ProcessRecord{d440f59 28832:com.excelliance.dualaid:lbcore/u0a1421} caller pid= 28742
06-24 15:26:37.510 E/MemoryLeakMonitorManager(28832): MemoryLeakMonitor.jar is not exist!
06-24 15:26:37.511 D/KXQPApplication(28832): run: initUserManager
06-24 15:26:37.511 E/MemoryLeakMonitorManager(28832): MemoryLeakMonitor.jar is not exist!
06-24 15:26:37.513 E/MemoryLeakMonitorManager(28742): MemoryLeakMonitor.jar is not exist!
06-24 15:26:37.515 D/SmtServService(28742): MSG_LOAD_PLT after msg.obj
06-24 15:26:37.515 E/Minikin (28832): Could not get cmap table size!
06-24 15:26:37.515 D/PMS11421(  657): package:com.excelliance.dualaid, input flags:128, output hwFlags:0
06-24 15:26:37.517 V/ActivityManager(  657): Attempted to start a foreground service (ComponentInfo{com.excelliance.dualaid/com.excelliance.kxqp.platform.TrampolineService}) with a broken notification (no icon: Notification(channel=null pri=0 contentView=null vibrate=null sound=null defaults=0x0 flags=0x40 color=0x00000000 vis=PRIVATE))
06-24 15:26:37.518 W/PackageParser(28832): No actions in intent filter at /data/app/com.huawei.hwid-Sc7ADDdoDYIYREll7tj_iw==/base.apk Binary XML file line #1412
06-24 15:26:37.520 W/PackageParser(28832): No actions in intent filter at /data/app/com.huawei.hwid-Sc7ADDdoDYIYREll7tj_iw==/base.apk Binary XML file line #1680
06-24 15:26:37.520 W/PackageParser(28832): No actions in intent filter at /data/app/com.huawei.hwid-Sc7ADDdoDYIYREll7tj_iw==/base.apk Binary XML file line #1694
06-24 15:26:37.520 E/zygote  (28832): Invalid capacity given to EnsureLocalCapacity: 592
06-24 15:26:37.554 D/HwNotificationManagerService(  657): recognize: tag=null, id=268435456, user=UserHandle{0}, pkg=com.excelliance.dualaid, uid=11421, callingPid=28832
06-24 15:26:37.554 D/PMS1000 (  657): package:com.excelliance.dualaid, input flags:0, output hwFlags:0
06-24 15:26:37.555 I/[HwRecSys]HwRecSysAidlService( 2647): doNotificationCollect -> current num:1
06-24 15:26:37.555 I/[HwRecSys]-Notification-NotificationUpdateController( 2647): startNotificationUpdate start!
06-24 15:26:37.555 W/SettingsEx( 2647): SettingsEx.Systemex.getInt deprecated use Settings.System.getInt instead ;callers=com.huawei.recsys.util.SystemUtil.getNotificationUpdateMode:169 com.huawei.recsys.util.SystemUtil.isAllowUpdate:104 com.huawei.recsys.controller.notification.http.NotificationUpdateController.startNotificationUpdate:85 
06-24 15:26:37.555 I/[HwRecSys]SystemUtil( 2647): isAllowUpdate mode:1
06-24 15:26:37.555 I/[HwRecSys]SystemUtil( 2647): isAllowUpdate isAllowUpdate:true
06-24 15:26:37.555 I/[HwRecSys]-Notification-NotificationUpdateController( 2647):  -> currentYear:2018
06-24 15:26:37.555 I/[HwRecSys]-Notification-NotificationUpdateController( 2647):  -> currentMonth:5
06-24 15:26:37.555 I/[HwRecSys]-Notification-NotificationUpdateController( 2647):  -> currentDay:24
06-24 15:26:37.555 I/[HwRecSys]-Notification-NotificationUpdateController( 2647):  -> oldYear:2018
06-24 15:26:37.555 I/[HwRecSys]-Notification-NotificationUpdateController( 2647):  -> oldMonth:5
06-24 15:26:37.555 I/[HwRecSys]-Notification-NotificationUpdateController( 2647):  -> oldDay:24
06-24 15:26:37.555 E/[HwRecSys]-Notification-NotificationUpdateController( 2647): startNotificationUpdate time is valid no need request
06-24 15:26:37.555 I/[HwRecSys]-Notification-NotificationController( 2647): doNotificationCollect start!
06-24 15:26:37.556 E/[HwRecSys]-Notification-NotificationController( 2647): HwDefaultLabels returnStr:107
06-24 15:26:37.556 E/[HwRecSys]-Notification-NotificationController( 2647): getChinese paramValue is null!
06-24 15:26:37.557 E/[HwRecSys]-Notification-NotificationController( 2647): doNotificationCollect getLabelByRegRules label:107
06-24 15:26:37.557 I/[HwRecSys]HwRecSysAidlService( 2647): doNotificationCollect ->  finally remote Num - 1 !
06-24 15:26:37.557 I/HwNotificationManagerService(  657): doNotificationCollect: pkg=com.excelliance.dualaid, uid=11421, hw_type=107, hw_btw=true
06-24 15:26:37.557 D/PMS1000 (  657): package:com.excelliance.dualaid, input flags:268435456, output hwFlags:0
06-24 15:26:37.558 D/PMS1000 (  657): package:com.excelliance.dualaid, input flags:0, output hwFlags:0
06-24 15:26:37.558 W/NotificationRecord(  657): Use default channel, The importance is:2
06-24 15:26:37.558 V/ActivityManager(  657): Attempted to start a foreground service (ComponentInfo{com.excelliance.dualaid/com.excelliance.kxqp.platform.TrampolineService$EmptyService}) with a broken notification (no icon: Notification(channel=null pri=0 contentView=null vibrate=null sound=null defaults=0x0 flags=0x40 color=0x00000000 vis=PRIVATE))
06-24 15:26:37.560 D/HwNotificationManagerService(  657): recognize: tag=null, id=268435456, user=UserHandle{0}, pkg=com.excelliance.dualaid, uid=11421, callingPid=28832
06-24 15:26:37.560 D/PMS1000 (  657): package:com.excelliance.dualaid, input flags:0, output hwFlags:0
06-24 15:26:37.560 I/[HwRecSys]HwRecSysAidlService( 2647): doNotificationCollect -> current num:1
06-24 15:26:37.560 I/[HwRecSys]-Notification-NotificationUpdateController( 2647): startNotificationUpdate start!
06-24 15:26:37.560 W/SettingsEx( 2647): SettingsEx.Systemex.getInt deprecated use Settings.System.getInt instead ;callers=com.huawei.recsys.util.SystemUtil.getNotificationUpdateMode:169 com.huawei.recsys.util.SystemUtil.isAllowUpdate:104 com.huawei.recsys.controller.notification.http.NotificationUpdateController.startNotificationUpdate:85 
06-24 15:26:37.560 I/[HwRecSys]SystemUtil( 2647): isAllowUpdate mode:1
06-24 15:26:37.561 I/[HwRecSys]SystemUtil( 2647): isAllowUpdate isAllowUpdate:true
06-24 15:26:37.561 I/[HwRecSys]-Notification-NotificationUpdateController( 2647):  -> currentYear:2018
06-24 15:26:37.561 I/[HwRecSys]-Notification-NotificationUpdateController( 2647):  -> currentMonth:5
06-24 15:26:37.561 I/[HwRecSys]-Notification-NotificationUpdateController( 2647):  -> currentDay:24
06-24 15:26:37.561 I/[HwRecSys]-Notification-NotificationUpdateController( 2647):  -> oldYear:2018
06-24 15:26:37.561 I/[HwRecSys]-Notification-NotificationUpdateController( 2647):  -> oldMonth:5
06-24 15:26:37.561 I/[HwRecSys]-Notification-NotificationUpdateController( 2647):  -> oldDay:24
06-24 15:26:37.561 E/[HwRecSys]-Notification-NotificationUpdateController( 2647): startNotificationUpdate time is valid no need request
06-24 15:26:37.561 I/[HwRecSys]-Notification-NotificationController( 2647): doNotificationCollect start!
06-24 15:26:37.561 E/[HwRecSys]-Notification-NotificationController( 2647): HwDefaultLabels returnStr:107
06-24 15:26:37.562 E/[HwRecSys]-Notification-NotificationController( 2647): getChinese paramValue is null!
06-24 15:26:37.563 E/[HwRecSys]-Notification-NotificationController( 2647): doNotificationCollect getLabelByRegRules label:107
06-24 15:26:37.563 I/[HwRecSys]HwRecSysAidlService( 2647): doNotificationCollect ->  finally remote Num - 1 !
06-24 15:26:37.563 I/HwNotificationManagerService(  657): doNotificationCollect: pkg=com.excelliance.dualaid, uid=11421, hw_type=107, hw_btw=true
06-24 15:26:37.563 D/NotificationService(  657): mGameDndStatus is:false ,isGameDndSwitchOn is:false
06-24 15:26:37.563 D/PMS1000 (  657): package:com.excelliance.dualaid, input flags:268435456, output hwFlags:0
06-24 15:26:37.563 D/PMS1000 (  657): package:com.excelliance.dualaid, input flags:0, output hwFlags:0
06-24 15:26:37.563 W/NotificationRecord(  657): Use default channel, The importance is:2
06-24 15:26:37.568 I/AppManager( 1699): app:com.excelliance.dualaid Notification update time:107936417
06-24 15:26:37.568 I/AppManager( 1699): app:com.excelliance.dualaid Notification persist:true  Ids:[268435456]
06-24 15:26:37.573 D/NotificationService(  657): mGameDndStatus is:false ,isGameDndSwitchOn is:false
06-24 15:26:37.575 W/zygote  (28832): Throwing OutOfMemoryError "EnsureLocalCapacity"
06-24 15:26:37.583 W/IPMSI   (28832): request permission: com.huawei.permission.sec.MDM.v2
06-24 15:26:37.583 W/IPMSI   (28832): request permission: com.huawei.authentication.HW_ACCESS_AUTH_SERVICE
06-24 15:26:37.583 W/IPMSI   (28832): request permission: com.huawei.appmarket.provider.readPermission
06-24 15:26:37.583 W/IPMSI   (28832): request permission: com.huawei.pushagent.permission.RICHMEDIA_PROVIDER
06-24 15:26:37.585 D/PMS10039(  657): package:com.excelliance.dualaid, input flags:1024, output hwFlags:0
06-24 15:26:37.587 D/PMS10039(  657): package:com.android.systemui, input flags:268436480, output hwFlags:0
06-24 15:26:37.588 I/Pged-IPgedBinderService(  769): ****action is 2, pid num is 6***
06-24 15:26:37.588 I/Pged-Freezer(  769): thawPids
06-24 15:26:37.590 D/HwCust  ( 1513): Create obj success use class com.android.systemui.statusbar.notification.HwCustNotificationInflaterImpl
06-24 15:26:37.592 I/FakeShadowView( 1513): radius18
06-24 15:26:37.593 D/PgedBinderAdapter( 1699): unfrz ok, pid: [29457, 29531, 29347, 27318, 27449]
06-24 15:26:37.594 D/PMS10039(  657): package:com.excelliance.dualaid, input flags:8704, output hwFlags:0
06-24 15:26:37.595 D/PMS10039(  657): package:com.excelliance.dualaid, input flags:8192, output hwFlags:0
06-24 15:26:37.596 W/HwPhoneLayoutInflater( 1513): onCreateView : ClassNotFoundException, In this case we want to let the base class take a crack at it
06-24 15:26:37.602 I/chatty  ( 1513): uid=10039(u0_a39) com.android.systemui identical 2 lines
06-24 15:26:37.602 W/HwPhoneLayoutInflater( 1513): onCreateView : ClassNotFoundException, In this case we want to let the base class take a crack at it
06-24 15:26:37.603 W/ResourceType( 1513): Failure getting entry for 0x01040255 (t=3 e=597) (error -75)
06-24 15:26:37.608 W/HwPhoneLayoutInflater( 1513): onCreateView : ClassNotFoundException, In this case we want to let the base class take a crack at it
06-24 15:26:37.612 I/chatty  ( 1513): uid=10039(u0_a39) com.android.systemui identical 2 lines
06-24 15:26:37.612 W/HwPhoneLayoutInflater( 1513): onCreateView : ClassNotFoundException, In this case we want to let the base class take a crack at it
06-24 15:26:37.613 W/ResourceType( 1513): Failure getting entry for 0x01040255 (t=3 e=597) (error -75)
06-24 15:26:37.625 W/HwPhoneLayoutInflater( 1513): onCreateView : ClassNotFoundException, In this case we want to let the base class take a crack at it
06-24 15:26:37.629 I/chatty  ( 1513): uid=10039(u0_a39) com.android.systemui identical 2 lines
06-24 15:26:37.629 W/HwPhoneLayoutInflater( 1513): onCreateView : ClassNotFoundException, In this case we want to let the base class take a crack at it
06-24 15:26:37.630 W/ResourceType( 1513): Failure getting entry for 0x01040255 (t=3 e=597) (error -75)
06-24 15:26:37.639 W/HwPhoneLayoutInflater( 1513): onCreateView : ClassNotFoundException, In this case we want to let the base class take a crack at it
06-24 15:26:37.643 I/chatty  ( 1513): uid=10039(u0_a39) com.android.systemui identical 2 lines
06-24 15:26:37.644 W/HwPhoneLayoutInflater( 1513): onCreateView : ClassNotFoundException, In this case we want to let the base class take a crack at it
06-24 15:26:37.645 W/ResourceType( 1513): Failure getting entry for 0x01040255 (t=3 e=597) (error -75)
06-24 15:26:37.651 D/PMS10039(  657): package:com.excelliance.dualaid, input flags:0, output hwFlags:0
06-24 15:26:37.656 D/SmtServService(28742): MSG_LOAD_PLT GameUtil.isPtLoaded() = true
06-24 15:26:37.656 D/HwPhoneStatusBar( 1513): No peeking: not allowed notification: 0|com.excelliance.dualaid|268435456|null|11421
06-24 15:26:37.663 I/PhoneStatusBar( 1513): updateNotificationShade: total=73, active=73
06-24 15:26:37.663 W/PhoneStatusBar( 1513): updateNotificationShade hasFaceDT: false; Detected:false
06-24 15:26:37.664 V/PhoneStatusBar( 1513): mStackScroller size:11,activeCount:73, childCnt:15
06-24 15:26:37.677 D/ReporterUtil( 1513):  e id:344 type:{pkg:com.excelliance.dualaid,hw_type:107,hw_btw:true,onGoing:true,importance:2}
06-24 15:26:37.678 E/BDLog   ( 1686): BD.FilterImpl:com.android.systemui 344 times= 200 over threshold
06-24 15:26:37.678 E/BDLog   ( 1686): BD.FilterImpl:com.android.systemui344 is illLegal
06-24 15:26:37.679 W/HwKeyguardDragHelper( 1513): AnimationBlocked
06-24 15:26:37.685 D/StatusBar( 1513): updateNotification(StatusBarNotification(pkg=com.excelliance.dualaid user=UserHandle{0} id=268435456 tag=null key=0|com.excelliance.dualaid|268435456|null|11421: Notification(channel=null pri=0 contentView=com.excelliance.dualaid/0x1090090 vibrate=null sound=null defaults=0x0 flags=0x62 color=0xff607d8b vis=PRIVATE)))
06-24 15:26:37.690 D/HwPhoneStatusBar( 1513): No peeking: not allowed notification: 0|com.excelliance.dualaid|268435456|null|11421
06-24 15:26:37.690 D/StatusBar( 1513): applyInPlace=true shouldPeek=false alertAgain=true
06-24 15:26:37.690 D/StatusBar( 1513): reusing notification for key: 0|com.excelliance.dualaid|268435456|null|11421
06-24 15:26:37.690 D/PMS10039(  657): package:com.excelliance.dualaid, input flags:8192, output hwFlags:0
06-24 15:26:37.696 I/PhoneStatusBar( 1513): updateNotificationShade: total=73, active=73
06-24 15:26:37.696 W/PhoneStatusBar( 1513): updateNotificationShade hasFaceDT: false; Detected:false
06-24 15:26:37.697 V/PhoneStatusBar( 1513): mStackScroller size:11,activeCount:73, childCnt:15
06-24 15:26:37.710 W/HwKeyguardDragHelper( 1513): AnimationBlocked
06-24 15:26:37.910 D/HwWifiStatStore(  657): handleMessage : 200
06-24 15:26:38.206 E/WifiHAL (  706): enter wifi_get_link_stats
06-24 15:26:38.217 E/wificond(  765): Failed to get NL80211_STA_INFO_CNAHLOAD
06-24 15:26:38.217 E/WificondControl(  657): Noise: -91, Snr: 0, Chload: -1
06-24 15:26:38.218 D/HwWifiCHRStateManager(  657): handleMessage : 1001
06-24 15:26:38.218 D/HwWifiCHRStateManager(  657): handleUpdateChannel:5805
06-24 15:26:38.218 V/HwWifiServiceFactory(  657): get AllImpl object = com.android.server.wifi.HwWifiServiceFactoryImpl@a390a53
06-24 15:26:38.219 D/WifiScoreReport(  657): Score = 100, wifiConnectivityManagerEnabled = false, lowScoreCount = 0
06-24 15:26:38.508 I/LogPowerAdapter( 1699): do thermal temperature:36action:app_ctrl value:0 to PG
06-24 15:26:38.509 D/HwPolicyDispatcher( 1699): send ctrl to PG,0
06-24 15:26:38.511 I/TClean  ( 1699): TClean trigger policy = 0
06-24 15:26:38.511 I/HardwareAdapter( 1699): file:/sys/class/hw_power/charger/direct_charger/adaptor_detect, fileExists:false, fileCanRead:false
06-24 15:26:38.511 I/HardwareAdapter( 1699): isOnlyChargingType adaptor_detect=null
06-24 15:26:38.512 I/HardwareAdapter( 1699): isOnlyChargingType chargerType=0
06-24 15:26:38.512 I/ash     ( 1699): not only power charing.
06-24 15:26:38.720 D/HwArpVerifier(  657): performPollAndLog:
06-24 15:26:38.725 D/hw_netstat(  657): total/12334/4568,com.excelliance.dualaid/11905/3724,com.android.vending/100/465,unknown:0/270/120,android.uid.system:1000/59/139,com.google.uid.shared:10089/0/120
06-24 15:26:38.759 I/TrafficMonitor(  657): update:rxPkts:18,txPkts:28,rxBytes:8232,txBytes:3333
06-24 15:26:38.759 I/TrafficMonitor(  657): start expired. level:-1
06-24 15:26:38.759 I/TrafficMonitor(  657): gettimer:interval=2000
06-24 15:26:38.962 D/NetWorkUtils( 1513): mVSimCurCardType is -1
06-24 15:26:38.964 D/NetWorkUtils( 1513): mVSimCurCardType is -1
06-24 15:26:39.134 D/HwQoEUtils(  657): onForegroundAppWifiSleepChange: config:false, sleeptime:-1,type: -1, appname:com.excelliance.dualaid:olle
06-24 15:26:39.134 D/HwQoEUtils(  657): RealAppName:com.excelliance.dualaid
06-24 15:26:39.134 D/HwQoEUtils(  657): APP type: -1 appName= com.excelliance.dualaid:olle
06-24 15:26:39.134 D/HwQoEUtils(  657): RealAppName:com.excelliance.dualaid
06-24 15:26:39.135 D/HwQoEUtils(  657): no game, APP_TYPE_GAME, appName =com.excelliance.dualaid:olle
06-24 15:26:39.409 D/MainActivity(28712): onPageSelected: 1
06-24 15:26:39.411 E/memtrack(26506): Couldn't load memtrack module
06-24 15:26:39.411 W/android.os.Debug(26506): failed to get memory consumption info: -1
06-24 15:26:39.519 I/NetworkSpeedManagerEx( 1513): mIsStop = false
06-24 15:26:39.519 I/NetworkSpeedManagerEx( 1513):  runInThread getTetherStats
06-24 15:26:39.520 I/NetworkSpeedManagerEx( 1513):  runInUI refreshSpeed
06-24 15:26:39.521 I/NetworkSpeedManagerEx( 1513): value=3855.0speed = 3.8
06-24 15:26:39.521 I/NetworkSpeedManagerEx( 1513): K/smIsShowLastSpeedValuefalse
06-24 15:26:39.521 I/NetworkSpeedView( 1513): /update(), speed=3.8
06-24 15:26:39.521 I/NetworkSpeedView( 1513): K/s parent class:class com.android.systemui.statusbar.HwSystemIcons
06-24 15:26:39.568 E/memtrack(26506): Couldn't load memtrack module
06-24 15:26:39.568 W/android.os.Debug(26506): failed to get memory consumption info: -1
06-24 15:26:39.628 I/NetworkSpeedManagerEx( 1513): mIsStop = false
06-24 15:26:39.628 I/NetworkSpeedManagerEx( 1513):  runInThread getTetherStats
06-24 15:26:39.629 I/NetworkSpeedManagerEx( 1513):  runInUI refreshSpeed
06-24 15:26:39.630 I/NetworkSpeedManagerEx( 1513): value=3855.0speed = 3.8
06-24 15:26:39.630 I/NetworkSpeedManagerEx( 1513): K/smIsShowLastSpeedValuefalse
06-24 15:26:39.630 I/NetworkSpeedView( 1513): /update(), speed=3.8
06-24 15:26:39.630 I/NetworkSpeedView( 1513): K/s parent class:class com.android.systemui.statusbar.HwSystemIcons
06-24 15:26:39.757 I/TrafficMonitor(  657): expired arrive. level:-1
06-24 15:26:39.757 I/TrafficMonitor(  657): during_ms:2001,period_ms:2000
06-24 15:26:39.757 I/TrafficMonitor(  657): count:543,rx_sum:18,tx_sum:28,rxBytes:8232,during_ms:2001,rx_speed:4113.943028485757,tx_speed:1665.6671664167916,rto:0.6428571428571429
06-24 15:26:39.757 D/HuaweiWifiWatchdogStateMachine(  657): speed: rxpkt:18, rxSpd:4113B/s, txpkt:28, txSpd:1665
06-24 15:26:40.155 V/ActivityManager(  657): startProcess: name=com.excelliance.dualaid:smtcnt app=null knownToBeDead=true thread=null pid=-1
06-24 15:26:40.156 D/PMS1000 (  657): package:com.excelliance.dualaid, input flags:0, output hwFlags:0
06-24 15:26:40.169 I/ActivityManager(  657): Start proc 28878:com.excelliance.dualaid:smtcnt/u0a1421 for service com.excelliance.dualaid/com.excelliance.kxqp.SmtCntService
06-24 15:26:40.170 I/        (28878): power log dlsym ok
06-24 15:26:40.172 I/zygote  (28878): Reinit property: dalvik.vm.checkjni= false
06-24 15:26:40.186 D/ActivityThread(28878): ActivityThread,attachApplication
06-24 15:26:40.187 D/ActivityManager(  657): ActivityManagerService,attachApplication,callingPid = 28878
06-24 15:26:40.198 W//system/bin/hwservicemanager(  416): Cannot open /odm/manifest.xml
06-24 15:26:40.219 W//system/bin/hwservicemanager(  416): Cannot open /odm/manifest.xml
06-24 15:26:40.220 I/GRALLOC (  679): 	 shrFd=10,fmt=0x1,intFmt=0x1,btStrd=256,size=4096,pid=679 
06-24 15:26:40.220 I/GRALLOC (  679): 	 yuv=2,w=16,h=16,Stride u=0 v=0,offset u=0 v=0 
06-24 15:26:40.220 I/GRALLOC (  679): 	 iova_size=4096,conUsg=0x100,proUsg=0x100,	 strd=64,[afbc]HdrStrd=0 PyldStrd=0 Scrmbl=0,ionhnd = 1 
06-24 15:26:40.224 D/HwFLClassLoader(28878): get used feature list :/feature/used-list failed!
06-24 15:26:40.224 D/HwFLClassLoader(28878): USE_FEATURE_LIST had not init! 
06-24 15:26:40.248 D/PMS11421(  657): package:com.excelliance.dualaid, input flags:128, output hwFlags:0
06-24 15:26:40.334 D/launch-time-RU(28878): preload 24 classes cost 33ms
06-24 15:26:40.350 E/MemoryLeakMonitorManager(28878): MemoryLeakMonitor.jar is not exist!
06-24 15:26:40.351 E/MemoryLeakMonitorManager(28878): MemoryLeakMonitor.jar is not exist!
06-24 15:26:40.351 D/CrashHandler(28878): CrashHandler
06-24 15:26:40.352 D/KXQPApplication(28878): run: initUserManager
06-24 15:26:40.353 E/Minikin (28878): Could not get cmap table size!
06-24 15:26:40.359 V/HwWidgetFactory(28878): : successes to get AllImpl object and return....
06-24 15:26:40.360 D/HwGalleryCacheManagerImpl(28878): mIsEffect:false
06-24 15:26:40.379 D/HwNotificationManagerService(  657): recognize: tag=null, id=268435456, user=UserHandle{0}, pkg=com.excelliance.dualaid, uid=11421, callingPid=28878
06-24 15:26:40.380 D/PMS1000 (  657): package:com.excelliance.dualaid, input flags:0, output hwFlags:0
06-24 15:26:40.380 I/[HwRecSys]HwRecSysAidlService( 2647): doNotificationCollect -> current num:1
06-24 15:26:40.381 I/[HwRecSys]-Notification-NotificationUpdateController( 2647): startNotificationUpdate start!
06-24 15:26:40.381 W/SettingsEx( 2647): SettingsEx.Systemex.getInt deprecated use Settings.System.getInt instead ;callers=com.huawei.recsys.util.SystemUtil.getNotificationUpdateMode:169 com.huawei.recsys.util.SystemUtil.isAllowUpdate:104 com.huawei.recsys.controller.notification.http.NotificationUpdateController.startNotificationUpdate:85 
06-24 15:26:40.381 I/[HwRecSys]SystemUtil( 2647): isAllowUpdate mode:1
06-24 15:26:40.381 D/SmtCntService(28878): onBind, mCntSvcHelper = com.excelliance.kxqp.SmtCntService$a@31abee5
06-24 15:26:40.382 I/[HwRecSys]SystemUtil( 2647): isAllowUpdate isAllowUpdate:true
06-24 15:26:40.382 I/[HwRecSys]-Notification-NotificationUpdateController( 2647):  -> currentYear:2018
06-24 15:26:40.382 I/[HwRecSys]-Notification-NotificationUpdateController( 2647):  -> currentMonth:5
06-24 15:26:40.382 I/[HwRecSys]-Notification-NotificationUpdateController( 2647):  -> currentDay:24
06-24 15:26:40.382 I/[HwRecSys]-Notification-NotificationUpdateController( 2647):  -> oldYear:2018
06-24 15:26:40.382 I/[HwRecSys]-Notification-NotificationUpdateController( 2647):  -> oldMonth:5
06-24 15:26:40.382 I/[HwRecSys]-Notification-NotificationUpdateController( 2647):  -> oldDay:24
06-24 15:26:40.382 E/[HwRecSys]-Notification-NotificationUpdateController( 2647): startNotificationUpdate time is valid no need request
06-24 15:26:40.382 I/[HwRecSys]-Notification-NotificationController( 2647): doNotificationCollect start!
06-24 15:26:40.383 D/SmtCntService(28878): onServiceConnected: mIssc = com.excelliance.kxqp.m$a$a@2ab3dba
06-24 15:26:40.383 E/[HwRecSys]-Notification-NotificationController( 2647): HwDefaultLabels returnStr:107
06-24 15:26:40.383 E/[HwRecSys]-Notification-NotificationController( 2647): title ticker content is null! need get add toUI
06-24 15:26:40.385 V/HwWidgetFactory(28742): : successes to get AllImpl object and return....
06-24 15:26:40.387 D/HwGalleryCacheManagerImpl(28742): mIsEffect:false
06-24 15:26:40.391 W/ResourceType( 2647): Failure getting entry for 0x01040255 (t=3 e=597) (error -75)
06-24 15:26:40.398 D/PMS1000 (  657): package:com.excelliance.dualaid, input flags:8192, output hwFlags:0
06-24 15:26:40.399 I/[HwRecSys]-Notification-NotificationController( 2647): FrameLayout in
06-24 15:26:40.399 I/chatty  ( 2647): uid=1000(system) Binder:2647_4 identical 3 lines
06-24 15:26:40.399 I/[HwRecSys]-Notification-NotificationController( 2647): FrameLayout in
06-24 15:26:40.399 E/[HwRecSys]-Notification-NotificationController( 2647): getChinese paramValue is null!
06-24 15:26:40.399 I/chatty  ( 2647): uid=1000(system) Binder:2647_4 identical 1 line
06-24 15:26:40.399 E/[HwRecSys]-Notification-NotificationController( 2647): getChinese paramValue is null!
06-24 15:26:40.405 I/[HwRecSys]-Notification-NotificationController( 2647): requestNotificationModelClassify  word2vecModelPath:/data/user/0/com.huawei.recsys/files/notification/models/vector/vector.bin
06-24 15:26:40.406 I/[HwRecSys]-Notification-NotificationController( 2647): requestNotificationModelClassify  textClsModelPath:/data/user/0/com.huawei.recsys/files/notification/models/ongoing/ongoingNtClsModel.bin
06-24 15:26:40.406 I/[HwRecSys]-Notification-NotificationController( 2647): requestNotificationModelClassify  algName:LogisticRegression
06-24 15:26:40.406 I/AiEngineJNI_v0.9( 2647): Calling requestNotificationClassifyDirect ...
06-24 15:26:40.406 I/AiEngineJNI_v0.9( 2647): Convert input jstring texts to std::string ...
06-24 15:26:40.406 I/AiEngineJNI_v0.9( 2647): Convert input jstring paths to std::string used 0 ms
06-24 15:26:40.406 I/AiEngineJNI_v0.9( 2647): Getting model path used 0 ms
06-24 15:26:40.406 I/AiEngineJNI_v0.9( 2647): Calling classifier ...
06-24 15:26:40.406 I/AiEngineJNI_v0.9( 2647): Calling classifier ...
06-24 15:26:40.419 I/Word2Vec( 2647): Load text feature model used 13 ms
06-24 15:26:40.419 I/NotificationClassifier( 2647): Calc text features used 0 ms
06-24 15:26:40.419 I/AlgorithmFactory( 2647): createAlgorithmInt ==> LogisticRegression ...
06-24 15:26:40.419 I/LogisticRegression( 2647): start_predict
06-24 15:26:40.420 I/AlgorithmFactory( 2647): destroyAlgorithm ==> LogisticRegression ...
06-24 15:26:40.424 I/AiEngineJNI_v0.9( 2647): Cls used 17 ms
06-24 15:26:40.424 I/AiEngineJNI_v0.9( 2647): Cls Label = 107, Prob = 0.973
06-24 15:26:40.424 I/AiEngineJNI_v0.9( 2647): JNI used 17 ms
06-24 15:26:40.424 I/[HwRecSys]-Notification-NotificationController( 2647): requestNotificationModelClassify  resultInt : 107
06-24 15:26:40.424 I/[HwRecSys]-Notification-NotificationController( 2647): handleResult:107
06-24 15:26:40.424 E/[HwRecSys]-Notification-NotificationController( 2647): doNotificationCollect getLabelByModels label:107
06-24 15:26:40.424 I/[HwRecSys]HwRecSysAidlService( 2647): doNotificationCollect ->  finally remote Num - 1 !
06-24 15:26:40.424 I/HwNotificationManagerService(  657): doNotificationCollect: pkg=com.excelliance.dualaid, uid=11421, hw_type=107, hw_btw=true
06-24 15:26:40.424 D/PMS1000 (  657): package:com.excelliance.dualaid, input flags:268435456, output hwFlags:0
06-24 15:26:40.425 D/PMS1000 (  657): package:com.excelliance.dualaid, input flags:0, output hwFlags:0
06-24 15:26:40.425 W/NotificationRecord(  657): Use default channel, The importance is:1
06-24 15:26:40.427 D/HwNotificationManagerService(  657): recognize: tag=null, id=268435456, user=UserHandle{0}, pkg=com.excelliance.dualaid, uid=11421, callingPid=28742
06-24 15:26:40.429 I/[HwRecSys]HwRecSysAidlService( 2647): doNotificationCollect -> current num:1
06-24 15:26:40.429 I/[HwRecSys]-Notification-NotificationUpdateController( 2647): startNotificationUpdate start!
06-24 15:26:40.428 D/PMS1000 (  657): package:com.excelliance.dualaid, input flags:0, output hwFlags:0
06-24 15:26:40.429 W/SettingsEx( 2647): SettingsEx.Systemex.getInt deprecated use Settings.System.getInt instead ;callers=com.huawei.recsys.util.SystemUtil.getNotificationUpdateMode:169 com.huawei.recsys.util.SystemUtil.isAllowUpdate:104 com.huawei.recsys.controller.notification.http.NotificationUpdateController.startNotificationUpdate:85 
06-24 15:26:40.429 I/[HwRecSys]SystemUtil( 2647): isAllowUpdate mode:1
06-24 15:26:40.430 I/[HwRecSys]SystemUtil( 2647): isAllowUpdate isAllowUpdate:true
06-24 15:26:40.430 I/[HwRecSys]-Notification-NotificationUpdateController( 2647):  -> currentYear:2018
06-24 15:26:40.430 I/[HwRecSys]-Notification-NotificationUpdateController( 2647):  -> currentMonth:5
06-24 15:26:40.430 I/[HwRecSys]-Notification-NotificationUpdateController( 2647):  -> currentDay:24
06-24 15:26:40.430 I/[HwRecSys]-Notification-NotificationUpdateController( 2647):  -> oldYear:2018
06-24 15:26:40.430 I/[HwRecSys]-Notification-NotificationUpdateController( 2647):  -> oldMonth:5
06-24 15:26:40.430 I/[HwRecSys]-Notification-NotificationUpdateController( 2647):  -> oldDay:24
06-24 15:26:40.430 E/[HwRecSys]-Notification-NotificationUpdateController( 2647): startNotificationUpdate time is valid no need request
06-24 15:26:40.430 I/[HwRecSys]-Notification-NotificationController( 2647): doNotificationCollect start!
06-24 15:26:40.431 E/[HwRecSys]-Notification-NotificationController( 2647): HwDefaultLabels returnStr:107
06-24 15:26:40.431 D/NotificationService(  657): mGameDndStatus is:false ,isGameDndSwitchOn is:false
06-24 15:26:40.432 E/[HwRecSys]-Notification-NotificationController( 2647): getChinese paramValue is null!
06-24 15:26:40.435 E/[HwRecSys]-Notification-NotificationController( 2647): doNotificationCollect getLabelByRegRules label:107
06-24 15:26:40.435 I/[HwRecSys]HwRecSysAidlService( 2647): doNotificationCollect ->  finally remote Num - 1 !
06-24 15:26:40.436 I/HwNotificationManagerService(  657): doNotificationCollect: pkg=com.excelliance.dualaid, uid=11421, hw_type=107, hw_btw=true
06-24 15:26:40.436 D/PMS1000 (  657): package:com.excelliance.dualaid, input flags:268435456, output hwFlags:0
06-24 15:26:40.436 D/PMS1000 (  657): package:com.excelliance.dualaid, input flags:0, output hwFlags:0
06-24 15:26:40.436 W/NotificationRecord(  657): Use default channel, The importance is:1
06-24 15:26:40.449 D/StatusBar( 1513): updateNotification(StatusBarNotification(pkg=com.excelliance.dualaid user=UserHandle{0} id=268435456 tag=null key=0|com.excelliance.dualaid|268435456|null|11421: Notification(channel=null pri=-2 contentView=com.excelliance.dualaid/0x1090090 vibrate=null sound=null defaults=0x0 flags=0x62 color=0x00000000 vis=PRIVATE)))
06-24 15:26:40.450 D/NotificationService(  657): mGameDndStatus is:false ,isGameDndSwitchOn is:false
06-24 15:26:40.461 D/HwPhoneStatusBar( 1513): No peeking: not allowed notification: 0|com.excelliance.dualaid|268435456|null|11421
06-24 15:26:40.461 D/StatusBar( 1513): applyInPlace=true shouldPeek=false alertAgain=true
06-24 15:26:40.461 D/StatusBar( 1513): reusing notification for key: 0|com.excelliance.dualaid|268435456|null|11421
06-24 15:26:40.464 D/PMS10039(  657): package:com.excelliance.dualaid, input flags:8192, output hwFlags:0
06-24 15:26:40.480 I/PhoneStatusBar( 1513): updateNotificationShade: total=73, active=73
06-24 15:26:40.480 W/PhoneStatusBar( 1513): updateNotificationShade hasFaceDT: false; Detected:false
06-24 15:26:40.481 V/PhoneStatusBar( 1513): mStackScroller size:11,activeCount:73, childCnt:15
06-24 15:26:40.512 W/HwKeyguardDragHelper( 1513): AnimationBlocked
06-24 15:26:40.522 D/StatusBar( 1513): updateNotification(StatusBarNotification(pkg=com.excelliance.dualaid user=UserHandle{0} id=268435456 tag=null key=0|com.excelliance.dualaid|268435456|null|11421: Notification(channel=null pri=-2 contentView=com.excelliance.dualaid/0x1090090 vibrate=null sound=null defaults=0x0 flags=0x62 color=0x00000000 vis=PRIVATE)))
06-24 15:26:40.533 D/HwPhoneStatusBar( 1513): No peeking: not allowed notification: 0|com.excelliance.dualaid|268435456|null|11421
06-24 15:26:40.533 D/StatusBar( 1513): applyInPlace=true shouldPeek=false alertAgain=true
06-24 15:26:40.533 D/StatusBar( 1513): reusing notification for key: 0|com.excelliance.dualaid|268435456|null|11421
06-24 15:26:40.552 I/PhoneStatusBar( 1513): updateNotificationShade: total=73, active=73
06-24 15:26:40.553 W/PhoneStatusBar( 1513): updateNotificationShade hasFaceDT: false; Detected:false
06-24 15:26:40.553 V/PhoneStatusBar( 1513): mStackScroller size:11,activeCount:73, childCnt:15
06-24 15:26:40.574 W/HwKeyguardDragHelper( 1513): AnimationBlocked
06-24 15:26:40.760 I/TrafficMonitor(  657): update:rxPkts:0,txPkts:2,rxBytes:0,txBytes:100
06-24 15:26:40.760 I/TrafficMonitor(  657): start expired. level:-1
06-24 15:26:40.760 I/TrafficMonitor(  657): gettimer:interval=2000
06-24 15:26:40.915 D/HwWifiStatStore(  657): handleMessage : 200
06-24 15:26:41.059 D/SmartcareProc(  657): onSignalStrengthsChanged: signalStrength is: SignalStrength: 0 1955964583 0 255 0 0 32767 -1 32767 -1 -79 -4 13 -1 0 -1 false gw|lte , on sub: 0
06-24 15:26:41.059 D/SmartcareProc(  657): SignalStrength update result, ss: SignalStrengthInfo:8749149 mGsmSignalStrength: -1 mWcdmaRscp: -1 mWcdmaEcio: 255 mLteRsrp: -79 mLteRsrq: -4 mCdmaDbm: -1 mCdmaEcio: -1 mEvdoDbm: 32767mEvdoEcio: -1mLteRssnr: 13
06-24 15:26:41.061 I/MQoS    (  657): onSignal: mSubId=0,currDataSubID=0
06-24 15:26:41.061 I/MQoS    (  657): received cell-signal:5
06-24 15:26:41.064 I/HwMobileSignalController(0)( 1513): subId:0 phoneType:1 networktype:13 targetClass:3 masterLevel:5 slaveLevel:-1
06-24 15:26:41.226 E/wificond(  765): Failed to get NL80211_STA_INFO_CNAHLOAD
06-24 15:26:41.227 E/WificondControl(  657): Noise: -91, Snr: 0, Chload: -1
06-24 15:26:41.227 D/HwWifiCHRStateManager(  657): handleMessage : 1001
06-24 15:26:41.227 D/HwWifiCHRStateManager(  657): handleUpdateChannel:5805
06-24 15:26:41.227 V/HwWifiServiceFactory(  657): get AllImpl object = com.android.server.wifi.HwWifiServiceFactoryImpl@a390a53
