06-24 16:27:46.840 D/HwCust  (27906): Create obj success use class android.app.HwCustHwWallpaperManagerImpl
06-24 16:27:46.842 D/PMS11423(  657): package:com.excelliance.dualaid, input flags:0, output hwFlags:0
06-24 16:27:46.843 V/HwWidgetFactory(27906): : successes to get AllImpl object and return....
06-24 16:27:46.844 V/ActivityThread(27906): ActivityThread,callActivityOnCreate
06-24 16:27:46.845 D/HelloActivity(27906): Memory:25146M
06-24 16:27:46.846 D/HelloActivity(27906): onCreate: true
06-24 16:27:46.847 D/HelloActivity(27906): is code boot
06-24 16:27:46.850 D/HelloActivity(27906): mIsNav = false
06-24 16:27:46.864 D/HwRecentsLockUtils( 1513): Search
06-24 16:27:46.864 E/HsmCoreServiceImpl( 1478): onTransact in code is: 103
06-24 16:27:46.864 I/MediaProcessHandler( 1478): playingUids: 
06-24 16:27:46.864 D/ActivityManager(  657): Skipping, home or recents stack task: TaskRecord{333215f #15658 A=com.huawei.android.launcher U=0 StackId=0 sz=1}
06-24 16:27:46.864 D/ActivityManager(  657): Skipping intent:act=android.intent.action.MAIN cat=[android.intent.category.LAUNCHER] flg=0x10a00000 cmp=io.appium.settings/.Settings
06-24 16:27:46.864 D/ActivityManager(  657): Skipping intent:flg=0x10804000 cmp=com.android.systemui/.recents.RecentsActivity bnds=[48,928][1032,2296]
06-24 16:27:46.864 D/ActivityManager(  657): Skipping intent:flg=0x18800000 cmp=com.tencent.mm/.plugin.base.stub.WXPayEntryActivity
06-24 16:27:46.864 D/ActivityManager(  657): Skipping intent:flg=0x10800000 cmp=com.huawei.systemmanager/com.huawei.permissionmanager.ui.MainActivity
06-24 16:27:46.864 D/ActivityManager(  657): Skipping intent:flg=0x18800000 cmp=com.tencent.mm/.plugin.base.stub.WXEntryActivity
06-24 16:27:46.865 D/ActivityManager(  657): Skipping intent:act=com.huawei.action.VOICE_ASSISTANT flg=0x10800000 pkg=com.huawei.vassistant cmp=com.huawei.vassistant/.ui.main.VAssistantActivity
06-24 16:27:46.865 D/ActivityManager(  657): Skipping intent:act=com.huawei.android.launcher.action.ACCESS_SPLIT_SCREEN_APP cat=[android.intent.category.DEFAULT] flg=0x10804000 cmp=com.huawei.android.launcher/.splitscreen.SplitScreenAppActivity
06-24 16:27:46.865 D/ActivityManager(  657): Skipping intent:flg=0x10800000 pkg=com.excelliance.dualaid.b64 cmp=com.excelliance.dualaid.b64/com.excelliance.kxqp.sdk.PermissionRequestActivity
06-24 16:27:46.865 D/ActivityManager(  657): Skipping intent:act=android.intent.action.VIEW dat=content://com.excelliance.dualaid.fileProvider/external_storage_root/Download/apk/Multiple_64.apk typ=application/vnd.android.package-archive flg=0x10800001 cmp=com.android.packageinstaller/.InstallStart
06-24 16:27:46.865 D/ActivityManager(  657): Skipping intent:flg=0x10800000 cmp=com.android.systemui/.usb.HwUsbDebuggingActivity
06-24 16:27:46.865 D/ActivityManager(  657): Skipping intent:act=android.deviceinfo.chooser.action.LAUNCH flg=0x10800000 hwFlg=0x100 pkg=com.android.settings cmp=com.android.settings/.deviceinfo.UsbConnModeChooserActivity
06-24 16:27:46.865 D/ActivityManager(  657): Skipping intent:flg=0x10800000 cmp=com.zol.android/.push.KeepLiveActivity
06-24 16:27:46.865 D/ActivityManager(  657): Skipping intent:act=android.intent.action.MAIN cat=[android.intent.category.HOME] flg=0x10800300 cmp=com.android.settings/.FallbackHome
06-24 16:27:46.873 D/HelloActivity(27906): defDisplayStyle:5
06-24 16:27:46.875 D/HttpUtils(27906): getDownloadMode()
06-24 16:27:46.876 D/NetUtils(27906): init inited = true
06-24 16:27:46.876 D/HelloActivity(27906): enter Nav2
06-24 16:27:46.878 D/NetworkSecurityConfig(27906): No Network Security Config specified, using platform default
06-24 16:27:46.878 I/ActivityManager(  657): START u0 {pkg=com.excelliance.dualaid cmp=com.excelliance.dualaid/com.excelliance.kxqp.swipe.NavActivity2 (has extras)} from uid 11423
06-24 16:27:46.878 I/ActivityManager(  657): ActivityRecord info: ActivityInfo{db9d78c com.excelliance.kxqp.swipe.NavActivity2}
06-24 16:27:46.879 V/WindowManager(  657): findFocusedWindow: AppWindowToken{d3a938b token=Token{377755a ActivityRecord{d5c9105 u0 com.huawei.android.launcher/.unihome.UniHomeLauncher t15658}}} below Reached focused app=AppWindowToken{53c0b67 token=Token{b0eb326 ActivityRecord{22e3681 u0 com.excelliance.dualaid/com.excelliance.kxqp.ui.HelloActivity t16043}}}
06-24 16:27:46.880 V/WindowManager(  657): addAppToken: AppWindowToken{8b5005f token=Token{9df00fe ActivityRecord{2ea34b9 u0 com.excelliance.dualaid/com.excelliance.kxqp.swipe.NavActivity2 t16043}}} controller={TaskWindowContainerController taskId=16043} at 2147483647
06-24 16:27:46.880 W/libc    (  493): Set property "hw.wifi.dns_stat" to "34455,29860,5028,1,52723"
06-24 16:27:46.885 V/ActivityManager(  657): startProcess: name=com.excelliance.dualaid app=null knownToBeDead=true thread=null pid=-1
06-24 16:27:46.885 D/PMS1000 (  657): package:com.excelliance.dualaid, input flags:0, output hwFlags:0
06-24 16:27:46.894 I/ActivityManager(  657): Start proc 27935:com.excelliance.dualaid/u0a1423 for service com.excelliance.dualaid/com.excelliance.kxqp.SmtServService
06-24 16:27:46.896 I/        (27935): power log dlsym ok
06-24 16:27:46.898 I/zygote  (27935): Reinit property: dalvik.vm.checkjni= false
06-24 16:27:46.899 D/HwNetworkManagementService(  657): code == CODE_GET_AD_KEY_LIST
06-24 16:27:46.899 D/HwNetworkManagementService(  657): appName = com.excelliance.dualaid  is not in the mAdViewMap! reply none
06-24 16:27:46.899 D/HwNetworkManagementService(  657): appName = com.excelliance.dualaid  is not in the mAdIdMap! reply none
06-24 16:27:46.901 D/ActivityThread(27906): add activity client record, r= ActivityRecord{cbe2ddc token=android.os.BinderProxy@d13fa03 {com.excelliance.dualaid/com.excelliance.kxqp.ui.HelloActivity}} token= android.os.BinderProxy@d13fa03
06-24 16:27:46.903 V/WindowManager(  657): No longer Stopped: AppWindowToken{8b5005f token=Token{9df00fe ActivityRecord{2ea34b9 u0 com.excelliance.dualaid/com.excelliance.kxqp.swipe.NavActivity2 t16043}}}
06-24 16:27:46.903 V/WindowManager(  657): No longer Stopped: AppWindowToken{8b5005f token=Token{9df00fe ActivityRecord{2ea34b9 u0 com.excelliance.dualaid/com.excelliance.kxqp.swipe.NavActivity2 t16043}}}
06-24 16:27:46.908 V/WindowManager(  657): Checking 1 opening apps (frozen=false timeout=false)...
06-24 16:27:46.908 D/ActivityThread(27935): ActivityThread,attachApplication
06-24 16:27:46.908 V/WindowManager(  657): Check opening app=AppWindowToken{8b5005f token=Token{9df00fe ActivityRecord{2ea34b9 u0 com.excelliance.dualaid/com.excelliance.kxqp.swipe.NavActivity2 t16043}}}: allDrawn=false startingDisplayed=false startingMoved=false isRelaunching()=false
06-24 16:27:46.909 D/ActivityManager(  657): ActivityManagerService,attachApplication,callingPid = 27935
06-24 16:27:46.913 D/HwCust  (27906): Create obj success use class android.app.HwCustActivityImpl
06-24 16:27:46.914 D/HwCust  (27906): Create obj success use class android.app.HwCustHwWallpaperManagerImpl
06-24 16:27:46.914 W//system/bin/hwservicemanager(  416): Cannot open /odm/manifest.xml
06-24 16:27:46.915 V/ActivityThread(27906): ActivityThread,callActivityOnCreate
06-24 16:27:46.921 D/NavActivity2(27906): onCreate
06-24 16:27:46.925 W/X509TrustManager(27906): checkServerTrusted: SignatureException:null
06-24 16:27:46.926 W/Utils   (27906): Utils_isSuperResolutionSupport [load libai_client.so failed]
06-24 16:27:46.926 W/X509TrustManager(27906): checkServerTrusted: SignatureException:error:04000073:RSA routines:OPENSSL_internal:DATA_TOO_LARGE_FOR_MODULUS
06-24 16:27:46.927 D/CubicBezierInterpolator(27906): CubicBezierInterpolator  mControlPoint1x = 0.23, mControlPoint1y = 0.06, mControlPoint2x = 0.09, mControlPoint2y = 0.97
06-24 16:27:46.928 D/CubicBezierInterpolator(27906): CubicBezierInterpolator  mControlPoint1x = 0.6, mControlPoint1y = 0.9, mControlPoint2x = 0.8, mControlPoint2y = 1.0
06-24 16:27:46.928 D/CubicBezierInterpolator(27906): CubicBezierInterpolator  mControlPoint1x = 0.23, mControlPoint1y = 0.06, mControlPoint2x = 0.09, mControlPoint2y = 0.97
06-24 16:27:46.928 D/CubicBezierInterpolator(27906): CubicBezierInterpolator  mControlPoint1x = 0.6, mControlPoint1y = 0.9, mControlPoint2x = 0.8, mControlPoint2y = 1.0
06-24 16:27:46.928 D/CubicBezierInterpolator(27906): CubicBezierInterpolator  mControlPoint1x = 0.23, mControlPoint1y = 0.06, mControlPoint2x = 0.09, mControlPoint2y = 0.97
06-24 16:27:46.928 D/CubicBezierInterpolator(27906): CubicBezierInterpolator  mControlPoint1x = 0.6, mControlPoint1y = 0.9, mControlPoint2x = 0.8, mControlPoint2y = 1.0
06-24 16:27:46.928 D/CubicBezierInterpolator(27906): CubicBezierInterpolator  mControlPoint1x = 0.23, mControlPoint1y = 0.06, mControlPoint2x = 0.09, mControlPoint2y = 0.97
06-24 16:27:46.928 D/CubicBezierInterpolator(27906): CubicBezierInterpolator  mControlPoint1x = 0.6, mControlPoint1y = 0.9, mControlPoint2x = 0.8, mControlPoint2y = 1.0
06-24 16:27:46.930 W//system/bin/hwservicemanager(  416): Cannot open /odm/manifest.xml
06-24 16:27:46.932 I/GRALLOC (  679): 	 shrFd=10,fmt=0x1,intFmt=0x1,btStrd=256,size=4096,pid=679 
06-24 16:27:46.932 I/GRALLOC (  679): 	 yuv=2,w=16,h=16,Stride u=0 v=0,offset u=0 v=0 
06-24 16:27:46.932 I/GRALLOC (  679): 	 iova_size=4096,conUsg=0x100,proUsg=0x100,	 strd=64,[afbc]HdrStrd=0 PyldStrd=0 Scrmbl=0,ionhnd = 1 
06-24 16:27:46.932 D/PMS11423(  657): package:com.excelliance.dualaid, input flags:128, output hwFlags:0
06-24 16:27:46.935 D/HwRTBlurUtils(27906): check blur style for HwPhoneWindow-, themeResId : 0x7f0e000a, context : com.excelliance.kxqp.swipe.NavActivity2@794246b, Nhwext : 0, get Blur : disable with , null
06-24 16:27:46.935 D/HwRTBlurUtils(27906): check blur style for HwPhoneWindow-, themeResId : 0x7f0e000a, context : com.excelliance.kxqp.swipe.NavActivity2@794246b, Nhwext : 0, get Blur : disable with , null
06-24 16:27:46.935 E/test    (27906): hw notch screen flag api error
06-24 16:27:46.936 D/HwFLClassLoader(27935): get used feature list :/feature/used-list failed!
06-24 16:27:46.936 D/HwFLClassLoader(27935): USE_FEATURE_LIST had not init! 
06-24 16:27:46.936 D/PMS11423(  657): package:com.excelliance.dualaid, input flags:128, output hwFlags:0
06-24 16:27:46.938 D/ActivityThread(27906): add activity client record, r= ActivityRecord{414755e token=android.os.BinderProxy@31abee5 {com.excelliance.dualaid/com.excelliance.kxqp.swipe.NavActivity2}} token= android.os.BinderProxy@31abee5
06-24 16:27:46.940 E/ViewUtils(27906): setBgColor: view==null:top
06-24 16:27:46.947 D/OpenGLRenderer(27906):   HWUI Binary is  enabled
06-24 16:27:46.948 D/SurfaceFlinger(  710): SurfaceFlinger: getDisplayConfigs--3.000000, 1080, 1920
06-24 16:27:46.948 I/chatty  (  710): uid=1000(system) Binder:710_4 identical 1 line
06-24 16:27:46.948 D/SurfaceFlinger(  710): SurfaceFlinger: getDisplayConfigs--3.000000, 1080, 1920
06-24 16:27:46.949 D/OpenGLRenderer(27906): HWUI GL Pipeline
06-24 16:27:46.952 D/PMS11423(  657): package:com.excelliance.dualaid, input flags:128, output hwFlags:0
06-24 16:27:46.953 V/WindowManager(  657): Adding Window{259562 u0 com.excelliance.dualaid/com.excelliance.kxqp.swipe.NavActivity2} to AppWindowToken{8b5005f token=Token{9df00fe ActivityRecord{2ea34b9 u0 com.excelliance.dualaid/com.excelliance.kxqp.swipe.NavActivity2 t16043}}}
06-24 16:27:46.953 V/WindowManager(  657): addWindow: New client android.os.BinderProxy@b3e8c2d: window=Window{259562 u0 com.excelliance.dualaid/com.excelliance.kxqp.swipe.NavActivity2} Callers=com.android.server.wm.HwWindowManagerService.addWindow:562 com.android.server.wm.Session.addToDisplay:199 android.view.IWindowSession$Stub.onTransact:124 com.android.server.wm.Session.onTransact:161 android.os.Binder.execTransact:675 
06-24 16:27:46.959 D/PMS11423(  657): package:com.excelliance.dualaid, input flags:128, output hwFlags:0
06-24 16:27:46.964 D/HttpUtils(27906): getResponseCode():200
06-24 16:27:46.964 D/WHEG    (27906): {"status":"0","controls":"","skip":"0"}
06-24 16:27:46.966 D/HwGalleryCacheManagerImpl(27906): mIsEffect:false
06-24 16:27:46.964 D/PMS11423(  657): package:com.excelliance.dualaid, input flags:128, output hwFlags:0
06-24 16:27:46.966 V/WindowManager(  657): Checking 1 opening apps (frozen=false timeout=false)...
06-24 16:27:46.966 V/WindowManager(  657): Check opening app=AppWindowToken{8b5005f token=Token{9df00fe ActivityRecord{2ea34b9 u0 com.excelliance.dualaid/com.excelliance.kxqp.swipe.NavActivity2 t16043}}}: allDrawn=false startingDisplayed=false startingMoved=false isRelaunching()=false
06-24 16:27:46.970 D/PMS11423(  657): package:com.excelliance.dualaid, input flags:128, output hwFlags:0
06-24 16:27:46.975 I/TrafficMonitor(  657): update:rxPkts:7,txPkts:10,rxBytes:3929,txBytes:1136
06-24 16:27:46.975 I/TrafficMonitor(  657): start expired. level:-1
06-24 16:27:46.975 I/TrafficMonitor(  657): gettimer:interval=2000
06-24 16:27:46.980 D/PMS11423(  657): package:com.excelliance.dualaid, input flags:128, output hwFlags:0
06-24 16:27:47.008 D/HwRecentsLockUtils( 1513): Search
06-24 16:27:47.008 E/HsmCoreServiceImpl( 1478): onTransact in code is: 103
06-24 16:27:47.008 I/MediaProcessHandler( 1478): playingUids: 
06-24 16:27:47.008 D/ActivityManager(  657): Skipping, home or recents stack task: TaskRecord{333215f #15658 A=com.huawei.android.launcher U=0 StackId=0 sz=1}
06-24 16:27:47.008 D/ActivityManager(  657): Skipping intent:act=android.intent.action.MAIN cat=[android.intent.category.LAUNCHER] flg=0x10a00000 cmp=io.appium.settings/.Settings
06-24 16:27:47.008 D/ActivityManager(  657): Skipping intent:flg=0x10804000 cmp=com.android.systemui/.recents.RecentsActivity bnds=[48,928][1032,2296]
06-24 16:27:47.009 D/ActivityManager(  657): Skipping intent:flg=0x18800000 cmp=com.tencent.mm/.plugin.base.stub.WXPayEntryActivity
06-24 16:27:47.009 D/ActivityManager(  657): Skipping intent:flg=0x10800000 cmp=com.huawei.systemmanager/com.huawei.permissionmanager.ui.MainActivity
06-24 16:27:47.009 D/ActivityManager(  657): Skipping intent:flg=0x18800000 cmp=com.tencent.mm/.plugin.base.stub.WXEntryActivity
06-24 16:27:47.009 D/ActivityManager(  657): Skipping intent:act=com.huawei.action.VOICE_ASSISTANT flg=0x10800000 pkg=com.huawei.vassistant cmp=com.huawei.vassistant/.ui.main.VAssistantActivity
06-24 16:27:47.009 D/ActivityManager(  657): Skipping intent:act=com.huawei.android.launcher.action.ACCESS_SPLIT_SCREEN_APP cat=[android.intent.category.DEFAULT] flg=0x10804000 cmp=com.huawei.android.launcher/.splitscreen.SplitScreenAppActivity
06-24 16:27:47.009 D/ActivityManager(  657): Skipping intent:flg=0x10800000 pkg=com.excelliance.dualaid.b64 cmp=com.excelliance.dualaid.b64/com.excelliance.kxqp.sdk.PermissionRequestActivity
06-24 16:27:47.009 D/ActivityManager(  657): Skipping intent:act=android.intent.action.VIEW dat=content://com.excelliance.dualaid.fileProvider/external_storage_root/Download/apk/Multiple_64.apk typ=application/vnd.android.package-archive flg=0x10800001 cmp=com.android.packageinstaller/.InstallStart
06-24 16:27:47.009 D/ActivityManager(  657): Skipping intent:flg=0x10800000 cmp=com.android.systemui/.usb.HwUsbDebuggingActivity
06-24 16:27:47.009 D/ActivityManager(  657): Skipping intent:act=android.deviceinfo.chooser.action.LAUNCH flg=0x10800000 hwFlg=0x100 pkg=com.android.settings cmp=com.android.settings/.deviceinfo.UsbConnModeChooserActivity
06-24 16:27:47.009 D/ActivityManager(  657): Skipping intent:flg=0x10800000 cmp=com.zol.android/.push.KeepLiveActivity
06-24 16:27:47.009 D/ActivityManager(  657): Skipping intent:act=android.intent.action.MAIN cat=[android.intent.category.HOME] flg=0x10800300 cmp=com.android.settings/.FallbackHome
06-24 16:27:47.038 D/MainActivity(27906): instantiateItem: 2	android.widget.RelativeLayout{d00e2b1 V.E...... ......I. 0,0-0,0}
06-24 16:27:47.039 D/MainActivity(27906): initPage3: 
06-24 16:27:47.042 V/WindowManager(  657): Checking 1 opening apps (frozen=false timeout=false)...
06-24 16:27:47.042 V/WindowManager(  657): Check opening app=AppWindowToken{8b5005f token=Token{9df00fe ActivityRecord{2ea34b9 u0 com.excelliance.dualaid/com.excelliance.kxqp.swipe.NavActivity2 t16043}}}: allDrawn=false startingDisplayed=false startingMoved=false isRelaunching()=false
06-24 16:27:47.042 I/zygote  (27935): Compiler allocated 4MB to compile boolean com.excelliance.kxqp.KXQPApplication.b(int)
06-24 16:27:47.044 V/HwPhoneWindowManager(  657): updateSystemUiColorLw window=Window{259562 u0 com.excelliance.dualaid/com.excelliance.kxqp.swipe.NavActivity2},EmuiStyle=0,StatusBarColor=0xff000000,NavigationBarColor=0xff000000, mLastIsEmuiLightStyle=-1
06-24 16:27:47.045 D/HwPhoneWindowManager(  657): Transact:setSystemUIColor to status bar service
06-24 16:27:47.046 V/WindowManager(  657): Checking 1 opening apps (frozen=false timeout=false)...
06-24 16:27:47.046 V/WindowManager(  657): Check opening app=AppWindowToken{8b5005f token=Token{9df00fe ActivityRecord{2ea34b9 u0 com.excelliance.dualaid/com.excelliance.kxqp.swipe.NavActivity2 t16043}}}: allDrawn=false startingDisplayed=false startingMoved=false isRelaunching()=false
06-24 16:27:47.047 I/CommandQueue( 1513): updateBarBgColor
06-24 16:27:47.047 D/CommandQueue( 1513): CommandQueue, setBarBackgroundColor
06-24 16:27:47.049 I/GRALLOC (  679): 	 shrFd=10,fmt=0x1,intFmt=0x200000001,btStrd=4352,size=8486912,pid=679 
06-24 16:27:47.049 I/GRALLOC (  679): 	 yuv=2,w=1080,h=1920,Stride u=0 v=0,offset u=0 v=0 
06-24 16:27:47.049 I/GRALLOC (  679): 	 iova_size=8486912,conUsg=0x900,proUsg=0x900,	 strd=1088,[afbc]HdrStrd=1088 PyldStrd=69632 Scrmbl=2,ionhnd = 1 
06-24 16:27:47.049 D/TintManager( 1513): statusBarIconTint=#99FFFFFF,navigationBarIconTint=#FF000000
06-24 16:27:47.051 I/GRALLOC (  679): 	 shrFd=10,fmt=0x1,intFmt=0x200000001,btStrd=4352,size=8486912,pid=679 
06-24 16:27:47.051 I/GRALLOC (  679): 	 yuv=2,w=1080,h=1920,Stride u=0 v=0,offset u=0 v=0 
06-24 16:27:47.051 I/GRALLOC (  679): 	 iova_size=8486912,conUsg=0x900,proUsg=0x900,	 strd=1088,[afbc]HdrStrd=1088 PyldStrd=69632 Scrmbl=2,ionhnd = 1 
06-24 16:27:47.052 I/GRALLOC (  679): 	 shrFd=10,fmt=0x1,intFmt=0x200000001,btStrd=4352,size=8486912,pid=679 
06-24 16:27:47.052 I/GRALLOC (  679): 	 yuv=2,w=1080,h=1920,Stride u=0 v=0,offset u=0 v=0 
06-24 16:27:47.052 I/GRALLOC (  679): 	 iova_size=8486912,conUsg=0x900,proUsg=0x900,	 strd=1088,[afbc]HdrStrd=1088 PyldStrd=69632 Scrmbl=2,ionhnd = 1 
06-24 16:27:47.055 D/MainActivity(27906): run: initPage3
06-24 16:27:47.055 V/MainActivity(27906): onWindowFocusChanged: true
06-24 16:27:47.056 W/InputMethodManager(27906): startInputReason = 1
06-24 16:27:47.057 I/OpenGLRenderer(27906): Initialized EGL, version 1.4
06-24 16:27:47.057 D/OpenGLRenderer(27906): Swap behavior 2
06-24 16:27:47.058 W/InputMethodManager(27906): startInputReason = 5
06-24 16:27:47.060 I/wangchen( 7035): SysInfo.getSysParam: orientation=1||config d=3.0,w=1080,h=1920||metrics d=3.0,w=1080,h=1920||sdk=26,bar_h=72
06-24 16:27:47.060 I/KeymapLoader( 7035): w=1080 h=1920 ori=true appScale=3.3 s1=3.0
06-24 16:27:47.062 D/mali_winsys(27906): EGLint new_window_surface(egl_winsys_display *, void *, EGLSurface, EGLConfig, egl_winsys_surface **, egl_color_buffer_format *, EGLBoolean) returns 0x3000
06-24 16:27:47.062 E/vndksupport(27906): Could not load vendor/lib/egl/libGLES_mali_v2.so from sphal namespace: dlopen failed: library "vendor/lib/egl/libGLES_mali_v2.so" not found.
06-24 16:27:47.065 D/BarTransitions.HwPhoneStatusBarView( 1513): MODE_TRANSPARENT -> MODE_TRANSLUCENT animate=false
06-24 16:27:47.065 D/BarTransitions.HwPhoneStatusBarView( 1513): applyModeBackground oldMode=MODE_TRANSPARENT newMode=MODE_TRANSLUCENT animate=false
06-24 16:27:47.066 D/StatusBarIconController( 1513): setIconVisibility icon is null or visibility not change visibility=false
06-24 16:27:47.076 D/PMS11423(  657): package:com.excelliance.dualaid, input flags:128, output hwFlags:0
06-24 16:27:47.077 I/GRALLOC (  679): 	 shrFd=10,fmt=0x1,intFmt=0x200000001,btStrd=4352,size=8486912,pid=679 
06-24 16:27:47.077 I/GRALLOC (  679): 	 yuv=2,w=1080,h=1920,Stride u=0 v=0,offset u=0 v=0 
06-24 16:27:47.077 I/GRALLOC (  679): 	 iova_size=8486912,conUsg=0xb00,proUsg=0xb00,	 strd=1088,[afbc]HdrStrd=1088 PyldStrd=69632 Scrmbl=2,ionhnd = 1 
06-24 16:27:47.083 D/PMS11423(  657): package:com.excelliance.dualaid, input flags:128, output hwFlags:0
06-24 16:27:47.084 D/WindowManager(  657): finishDrawingWindow: Window{259562 u0 com.excelliance.dualaid/com.excelliance.kxqp.swipe.NavActivity2} mDrawState=DRAW_PENDING
06-24 16:27:47.085 V/WindowManager(  657): Checking 1 opening apps (frozen=false timeout=false)...
06-24 16:27:47.086 V/WindowManager(  657): Check opening app=AppWindowToken{8b5005f token=Token{9df00fe ActivityRecord{2ea34b9 u0 com.excelliance.dualaid/com.excelliance.kxqp.swipe.NavActivity2 t16043}}}: allDrawn=true startingDisplayed=false startingMoved=false isRelaunching()=false
06-24 16:27:47.089 D/BarTransitions.HwPhoneStatusBarView( 1513): MODE_TRANSLUCENT -> MODE_TRANSPARENT animate=false
06-24 16:27:47.089 D/BarTransitions.HwPhoneStatusBarView( 1513): applyModeBackground oldMode=MODE_TRANSLUCENT newMode=MODE_TRANSPARENT animate=false
06-24 16:27:47.090 D/ImageWallpaper( 1513): onVisibilityChanged: mVisible, visible=true, false
06-24 16:27:47.090 D/ImageWallpaper( 1513): Visibility changed to visible=false
06-24 16:27:47.091 I/ActivityManager(  657): Displayed com.excelliance.dualaid/com.excelliance.kxqp.swipe.NavActivity2: +184ms (total +3s718ms)
06-24 16:27:47.100 E/BufferQueueProducer(  710): [com.huawei.android.launcher/com.huawei.android.launcher.unihome.UniHomeLauncher#0] disconnect: not connected (req=1)
06-24 16:27:47.100 W/libEGL  ( 2519): EGLNativeWindowType 0x7472910010 disconnect failed
06-24 16:27:47.100 I/WindowManager(  657): notifyAccessibilityButtonVisibilityChanged visible:false
06-24 16:27:47.114 W/dex2oat (27984): Using default instruction set features for ARM CPU variant (default) using conservative defaults
06-24 16:27:47.114 I/dex2oat (27984): /system/bin/dex2oat -j4 --dex-file=/data/data/com.excelliance.dualaid/.platformcache/main.jar --output-vdex-fd=47 --oat-fd=48 --oat-location=/data/data/com.excelliance.dualaid/.platformcache/oat/arm/main.odex --compiler-filter=quicken
06-24 16:27:47.114 I/cutils-trace(27984): atrace_init_once, trace_marker_path = /sys/kernel/debug/tracing/trace_marker
06-24 16:27:47.120 W/ActivityManager(  657): Sending non-protected broadcast huawei.action.floattasks.STATUS_BAR_STATE_CHANGED from system 1513:com.android.systemui/u0a39 pkg com.android.systemui
06-24 16:27:47.120 D/ActivityThread(27906): Remove activity client record, r= ActivityRecord{cbe2ddc token=android.os.BinderProxy@d13fa03 {com.excelliance.dualaid/com.excelliance.kxqp.ui.HelloActivity}} token= android.os.BinderProxy@d13fa03
06-24 16:27:47.122 W/HwKeyguardDragHelper( 1513): AnimationBlocked
06-24 16:27:47.123 D/BarTransitions.HwPhoneStatusBarView( 1513): MODE_TRANSPARENT -> MODE_TRANSLUCENT animate=false
06-24 16:27:47.123 D/BarTransitions.HwPhoneStatusBarView( 1513): applyModeBackground oldMode=MODE_TRANSPARENT newMode=MODE_TRANSLUCENT animate=false
06-24 16:27:47.123 D/BarTransitions.HwNavigationBarView( 1513): MODE_TRANSLUCENT -> MODE_OPAQUE animate=false
06-24 16:27:47.123 D/BarTransitions.HwNavigationBarView( 1513): applyModeBackground oldMode=MODE_TRANSLUCENT newMode=MODE_OPAQUE animate=false
06-24 16:27:47.123 V/WindowManager(  657): notifyAppStopped: AppWindowToken{d3a938b token=Token{377755a ActivityRecord{d5c9105 u0 com.huawei.android.launcher/.unihome.UniHomeLauncher t15658}}}
06-24 16:27:47.123 E/WindowManager(  657): win=Window{68d6975 u0 com.huawei.android.launcher/com.huawei.android.launcher.unihome.UniHomeLauncher} destroySurfaces: appStopped=true win.mWindowRemovalAllowed=false win.mRemoveOnExit=false
06-24 16:27:47.124 I/WindowManager(  657): Destroying surface Surface(name=com.huawei.android.launcher/com.huawei.android.launcher.unihome.UniHomeLauncher) called by com.android.server.wm.WindowStateAnimator.destroySurface:2060 com.android.server.wm.WindowStateAnimator.destroySurfaceLocked:873 com.android.server.wm.HwWindowStateAnimator.destroySurfaceLocked:1006 com.android.server.wm.WindowState.destroyOrSaveSurfaceUnchecked:2990 com.android.server.wm.WindowState.destroySurface:2951 com.android.server.wm.AppWindowToken.destroySurfaces:654 com.android.server.wm.AppWindowToken.destroySurfaces:638 com.android.server.wm.AppWindowToken.notifyAppStopped:682 
06-24 16:27:47.125 V/WindowManager(  657): removeAppToken: AppWindowToken{53c0b67 token=Token{b0eb326 ActivityRecord{22e3681 u0 com.excelliance.dualaid/com.excelliance.kxqp.ui.HelloActivity t16043}}} delayed=false Callers=com.android.server.wm.DisplayContent.removeAppToken:985 com.android.server.wm.AppWindowContainerController.removeContainer:348 com.android.server.am.ActivityRecord.removeWindowContainer:1039 com.android.server.am.ActivityStack.removeActivityFromHistoryLocked:4491 
06-24 16:27:47.126 D/HwGameAssistantController(  657): pid=2519, uid=10056, foreground=false
06-24 16:27:47.126 W/AwareLog(  657): SchedLevelBoost: onFgActivitiesChanged config not set!
06-24 16:27:47.265 E/WifiHAL (  706): enter wifi_get_link_stats
06-24 16:27:47.274 E/wificond(  765): Failed to get NL80211_STA_INFO_CNAHLOAD
06-24 16:27:47.274 E/WificondControl(  657): Noise: -91, Snr: 0, Chload: -1
06-24 16:27:47.274 D/HwWifiCHRStateManager(  657): handleMessage : 1001
06-24 16:27:47.274 D/HwWifiCHRStateManager(  657): handleUpdateChannel:5805
06-24 16:27:47.274 V/HwWifiServiceFactory(  657): get AllImpl object = com.android.server.wifi.HwWifiServiceFactoryImpl@a390a53
06-24 16:27:47.275 D/WifiScoreReport(  657): Score = 100, wifiConnectivityManagerEnabled = false, lowScoreCount = 0
06-24 16:27:47.297 I/HwNormalizedSpline(  657): getEyeProtectionBrightnessLevel lux =239.0, mDefaultBrightnessFromLux =68.645
06-24 16:27:47.509 I/dex2oat (27984): dex2oat took 396.206ms (974.646ms cpu) (threads: 4) arena alloc=137KB (141240B) java alloc=2MB (3143720B) native alloc=4MB (4691464B) free=2MB (2648568B)
06-24 16:27:47.522 D/PMS11423(  657): package:com.excelliance.dualaid, input flags:128, output hwFlags:0
06-24 16:27:47.573 W/dex2oat (28012): Using default instruction set features for ARM CPU variant (default) using conservative defaults
06-24 16:27:47.573 I/dex2oat (28012): /system/bin/dex2oat -j4 --dex-file=/data/data/com.excelliance.dualaid/.platformcache/kxqpplatform2.jar --output-vdex-fd=48 --oat-fd=49 --oat-location=/data/data/com.excelliance.dualaid/.platformcache/oat/arm/kxqpplatform2.odex --compiler-filter=quicken
06-24 16:27:47.573 I/cutils-trace(28012): atrace_init_once, trace_marker_path = /sys/kernel/debug/tracing/trace_marker
06-24 16:27:47.574 I/GRALLOC (  679): 	 shrFd=10,fmt=0x1,intFmt=0x200000001,btStrd=4352,size=8486912,pid=679 
06-24 16:27:47.574 I/GRALLOC (  679): 	 yuv=2,w=1080,h=1920,Stride u=0 v=0,offset u=0 v=0 
06-24 16:27:47.574 I/GRALLOC (  679): 	 iova_size=8486912,conUsg=0xb00,proUsg=0xb00,	 strd=1088,[afbc]HdrStrd=1088 PyldStrd=69632 Scrmbl=2,ionhnd = 1 
06-24 16:27:47.625 I/GRALLOC (  679): 	 shrFd=10,fmt=0x1,intFmt=0x200000001,btStrd=4352,size=8486912,pid=679 
06-24 16:27:47.625 I/GRALLOC (  679): 	 yuv=2,w=1080,h=1920,Stride u=0 v=0,offset u=0 v=0 
06-24 16:27:47.625 I/GRALLOC (  679): 	 iova_size=8486912,conUsg=0xb00,proUsg=0xb00,	 strd=1088,[afbc]HdrStrd=1088 PyldStrd=69632 Scrmbl=2,ionhnd = 1 
06-24 16:27:47.718 D/NetWorkUtils( 1513): mVSimCurCardType is -1
06-24 16:27:47.719 D/NetWorkUtils( 1513): mVSimCurCardType is -1
06-24 16:27:47.783 I/dex2oat (28012): dex2oat took 210.128ms (444.355ms cpu) (threads: 4) arena alloc=8KB (9160B) java alloc=2MB (2283472B) native alloc=2MB (2307088B) free=2MB (2935792B)
06-24 16:27:47.796 D/PMS11423(  657): package:com.excelliance.dualaid, input flags:0, output hwFlags:0
06-24 16:27:47.807 E/MemoryLeakMonitorManager(27935): MemoryLeakMonitor.jar is not exist!
06-24 16:27:47.807 D/CrashHandler(27935): CrashHandler
06-24 16:27:47.808 D/KXQPApplication(27935): run: initUserManager
06-24 16:27:47.809 E/Minikin (27935): Could not get cmap table size!
06-24 16:27:47.809 D/PMS11423(  657): package:com.excelliance.dualaid, input flags:128, output hwFlags:0
06-24 16:27:47.817 D/AirPushService(27935): 第一次触发
06-24 16:27:47.818 D/SmtServService(27935): MSG_LOAD_PLT GameUtil.isPtLoaded() = false
06-24 16:27:47.819 I/HwCust  (27935): Constructor found for class android.net.HwCustConnectivityManagerImpl
06-24 16:27:47.819 D/HwCust  (27935): Create obj success use class android.net.HwCustConnectivityManagerImpl
06-24 16:27:47.820 D/PMS1000 (  657): package:com.excelliance.dualaid, input flags:8192, output hwFlags:0
06-24 16:27:47.820 D/NetworkStateReceiver(27935): netWorkConnected = true
06-24 16:27:47.820 D/AirPushUtils(27935): startPushInfo
06-24 16:27:47.823 D/PMS1001 (  657): package:com.excelliance.dualaid, input flags:0, output hwFlags:0
06-24 16:27:47.824 D/AirPushService(27935): 第一次设置Alarm
06-24 16:27:47.824 D/AirPushService(27935): resetPushAlarm
06-24 16:27:47.826 D/PMS11423(  657): package:com.excelliance.dualaid, input flags:0, output hwFlags:0
06-24 16:27:47.827 D/SmtServService(27935): pull info
06-24 16:27:47.827 D/SmtServService(27935): diffTime = 1529828867827
06-24 16:27:47.827 D/SmtServService(27935): pushInfoFromServer
06-24 16:27:47.828 D/AirPushPreferences(27935): setLastPushTime
06-24 16:27:47.842 I/zygote  (27935): Do partial code cache collection, code=27KB, data=31KB
06-24 16:27:47.843 I/zygote  (27935): After code cache collection, code=11KB, data=18KB
06-24 16:27:47.843 I/zygote  (27935): Increasing code cache capacity to 128KB
06-24 16:27:47.851 D/PMS11423(  657): package:com.excelliance.dualaid, input flags:128, output hwFlags:0
06-24 16:27:47.854 I/chatty  (  657): uid=1000(system) Binder:657_5 identical 1 line
06-24 16:27:47.854 D/PMS11423(  657): package:com.excelliance.dualaid, input flags:128, output hwFlags:0
06-24 16:27:47.857 D/PMS11423(  657): package:com.excelliance.dualaid, input flags:128, output hwFlags:0
06-24 16:27:47.867 D/StatisticsManager(27935): Query time diff:1529828867867
06-24 16:27:47.868 D/launch-time-RU(27935): preload 24 classes cost 47ms
06-24 16:27:47.886 I/chatty  (  657): uid=1000(system) Binder:657_2 identical 14 lines
06-24 16:27:47.886 D/PMS11423(  657): package:com.excelliance.dualaid, input flags:128, output hwFlags:0
06-24 16:27:47.890 D/PMS11423(  657): package:com.excelliance.dualaid, input flags:128, output hwFlags:0
06-24 16:27:47.898 I/zygote  (27906): Do partial code cache collection, code=27KB, data=27KB
06-24 16:27:47.899 I/zygote  (27906): After code cache collection, code=27KB, data=27KB
06-24 16:27:47.899 I/zygote  (27906): Increasing code cache capacity to 128KB
06-24 16:27:47.906 D/AirPushDBHelper(27935): onCreate: pushitemnew
06-24 16:27:47.911 D/AirPushDBHelper(27935): selection = type=? and index_=(select max(index_) from pushitemnew where type=?) , key = vip
06-24 16:27:47.912 D/AirPushDBHelper(27935): selection = type=? and index_=(select max(index_) from pushitemnew where type=?) , key = update
06-24 16:27:47.913 D/AirPushDBHelper(27935): selection = type=? and index_=(select max(index_) from pushitemnew where type=?) , key = officalActivity
06-24 16:27:47.914 D/AirPushDBHelper(27935): selection = type=? and index_=(select max(index_) from pushitemnew where type=?) , key = news
06-24 16:27:47.915 D/AirPushDBHelper(27935): selection = type=? and index_=(select max(index_) from pushitemnew where type=?) , key = target
06-24 16:27:47.921 D/StatisticsManager(27935): Query time diff:1529828867921
06-24 16:27:47.922 D/AirPushDBHelper(27935): selection = type=? and index_=(select max(index_) from pushitemnew where type=?) , key = batch
06-24 16:27:47.923 D/AirPushDBHelper(27935): selection = type=? and index_=(select max(index_) from pushitemnew where type=?) , key = skipTarget
06-24 16:27:47.923 D/AirPushDBHelper(27935): selection = type=? and index_=(select max(index_) from pushitemnew where type=?) , key = thirdApp
06-24 16:27:47.924 D/PushItem(27935): indexJson = {}
06-24 16:27:47.924 D/AirPushService(27935): dataJson = {}
06-24 16:27:47.924 V/AirPushService(27935): ver :e30%3D%0A
06-24 16:27:47.925 D/VersionManager(27935): httpsRequest getURL = https://mto.multiopen.cn/pushmess.php?ver=466&mainver=231200&data=e30%3D%0A&wxCode=1321&subchid=1&sdkV=8.0.0&pkg=com.excelliance.dualaid&chid=10019&issl=1&compver=54302&wxVerName=6.6.7&vn=4.0.6&model=stf-al10&api=26&brand=honor&aid=f0c2426fc7560cf5
06-24 16:27:47.925 D/NetworkSecurityConfig(27935): No Network Security Config specified, using platform default
06-24 16:27:47.936 D/PMS1000 (  657): package:com.excelliance.dualaid, input flags:1024, output hwFlags:0
06-24 16:27:47.936 I/ActivityManager(  657): Need to start process com.excelliance.dualaid:lbcore for provider ContentProviderInfo{name=com.excelliance.dualaid:com.excelliance.kxqp.platform.PluginManagerProvider className=com.excelliance.kxqp.platform.PluginManagerProvider}, callerApp: ProcessRecord{3a84aac 27935:com.excelliance.dualaid/u0a1423}
06-24 16:27:47.937 V/ActivityManager(  657): startProcess: name=com.excelliance.dualaid:lbcore app=null knownToBeDead=false thread=null pid=-1
06-24 16:27:47.937 D/PMS1000 (  657): package:com.excelliance.dualaid, input flags:0, output hwFlags:0
06-24 16:27:47.942 D/GameUtil(27935): getSDKDataParam totalmem:5.60GB
06-24 16:27:47.943 D/VersionManager(27935): httpsRequest getURL = https://folder.appota.cn/genuser.php?chid=10019&subchid=1&vc=466&type=4&data=tbCbI6ooWmOSi%2BhP8At3K55rUDjOXjUCTTE1Q7OqeVGzpiL1Dx8z2UKsv%2F2w066OKzL65VOc%2FHNVNculXvpkfbOlpWKAPUf5ryVSFynVNa8UucDwm5e36rJ6e2Kpu%2B5ykc4DARTfkZV4Ad5N96d4%2BjApQCWZuWchybogtHpbAp5JGb2oE4RYpIUqF8au1pxTSmwBdD5PozvBfX2%2Bj4RIW8u13M8ksM63bQoy2eR4WdDx%2BqZexoey63Hms3xqJyQkd3PFvljbOMDFV5%2BIsI0F%2B0cTu0Poz37kp440m4BdEnDxUpl%2F2SWQiyGENywr4rII2GFixGV6F3FTP2B6Iz%2Bp9XPgTT1Q8jOobYd0%2B7qf7bpZ2AyYZuCae%2FN%2FDrbd9ARIKpXrBwZ7SdplMO1nzphjQUqGRQMAlrO9Oa0Du6EV17%2FgN7YtgBzuJRHbP0GgVSdnIEYbOUnjg9adLEk2nhpRcwGYdX7bJ5%2FC%2FGVy8QMvFO%2FVJ5uAYH82VV6bvSarVkuFeotJT4yadRHbDkYGgVZfCDPVS%2FOPcQttSZtkoN3AjIdEC3B%2BjPtytpdTQYFvI9Ol&issl=1
06-24 16:27:47.946 I/        (28088): power log dlsym ok
06-24 16:27:47.946 I/ActivityManager(  657): Start proc 28088:com.excelliance.dualaid:lbcore/u0a1423 for content provider com.excelliance.dualaid/com.excelliance.kxqp.platform.PluginManagerProvider
06-24 16:27:47.946 V/ActivityManager_MU(  657): Waiting to start provider ContentProviderRecord{48c8399 u0 com.excelliance.dualaid/com.excelliance.kxqp.platform.PluginManagerProvider} launchingApp=ProcessRecord{c4604e0 28088:com.excelliance.dualaid:lbcore/u0a1423} caller pid= 27935
06-24 16:27:47.948 I/zygote  (28088): Reinit property: dalvik.vm.checkjni= false
06-24 16:27:47.950 D/StatisticsManager(27935): Query time diff:1529828867949
06-24 16:27:47.953 D/ActivityThread(28088): ActivityThread,attachApplication
06-24 16:27:47.954 D/ActivityManager(  657): ActivityManagerService,attachApplication,callingPid = 28088
06-24 16:27:47.962 W//system/bin/hwservicemanager(  416): Cannot open /odm/manifest.xml
06-24 16:27:47.971 W//system/bin/hwservicemanager(  416): Cannot open /odm/manifest.xml
06-24 16:27:47.972 I/GRALLOC (  679): 	 shrFd=10,fmt=0x1,intFmt=0x1,btStrd=256,size=4096,pid=679 
06-24 16:27:47.972 I/GRALLOC (  679): 	 yuv=2,w=16,h=16,Stride u=0 v=0,offset u=0 v=0 
06-24 16:27:47.972 I/GRALLOC (  679): 	 iova_size=4096,conUsg=0x100,proUsg=0x100,	 strd=64,[afbc]HdrStrd=0 PyldStrd=0 Scrmbl=0,ionhnd = 1 
06-24 16:27:47.973 I/TrafficMonitor(  657): expired arrive. level:-1
06-24 16:27:47.973 I/TrafficMonitor(  657): during_ms:2000,period_ms:2000
06-24 16:27:47.973 I/TrafficMonitor(  657): count:375,rx_sum:7,tx_sum:10,rxBytes:3929,during_ms:2000,rx_speed:1964.5,tx_speed:568.0,rto:0.7
06-24 16:27:47.973 D/HuaweiWifiWatchdogStateMachine(  657): speed: rxpkt:7, rxSpd:1964B/s, txpkt:10, txSpd:568
06-24 16:27:47.974 D/HwFLClassLoader(28088): get used feature list :/feature/used-list failed!
06-24 16:27:47.974 D/HwFLClassLoader(28088): USE_FEATURE_LIST had not init! 
06-24 16:27:47.977 W/X509TrustManager(27935): checkServerTrusted: SignatureException:null
06-24 16:27:47.977 W/X509TrustManager(27935): checkServerTrusted: SignatureException:error:04000073:RSA routines:OPENSSL_internal:DATA_TOO_LARGE_FOR_MODULUS
06-24 16:27:47.983 W/X509TrustManager(27935): checkServerTrusted: SignatureException:null
06-24 16:27:47.983 W/X509TrustManager(27935): checkServerTrusted: SignatureException:error:04000073:RSA routines:OPENSSL_internal:DATA_TOO_LARGE_FOR_MODULUS
06-24 16:27:47.990 D/PMS11423(  657): package:com.excelliance.dualaid, input flags:128, output hwFlags:0
06-24 16:27:48.031 D/AirPushService(27935): result = {"period":"r","vip":{"index_":"","data":""},"update":{"index_":"","data":""},"officalActivity":{"index_":"","data":""},"news":{"index_":"","data":""},"target":{"index_":"","data":""},"batch":{"index_":"","data":""},"skipTarget":{"index_":"","data":""},"thirdApp":{"index_":"","data":""}}
06-24 16:27:48.031 D/launch-time-RU(28088): preload 24 classes cost 18ms
06-24 16:27:48.031 D/AirPushService(27935): handleCheckerSaveToDB
06-24 16:27:48.031 D/AirPushUtils(27935): startDbOver
06-24 16:27:48.034 D/SmtServService(27935): db write over
06-24 16:27:48.035 D/SmtServService(27935): gameCenterFirstStart = true
06-24 16:27:48.040 D/VersionManager(27935): uid=353
06-24 16:27:48.066 D/ActivityThread(28088): Loading provider com.excelliance.dualaid:com.excelliance.kxqp.platform.PluginManagerProvider: com.excelliance.kxqp.platform.PluginManagerProvider
06-24 16:27:48.066 D/PMS11423(  657): package:com.excelliance.dualaid, input flags:0, output hwFlags:0
06-24 16:27:48.074 D/PMS1000 (  657): package:com.excelliance.dualaid, input flags:8192, output hwFlags:0
06-24 16:27:48.076 D/PMS1001 (  657): package:com.excelliance.dualaid, input flags:0, output hwFlags:0
06-24 16:27:48.081 D/PMS11423(  657): package:com.excelliance.dualaid, input flags:0, output hwFlags:0
06-24 16:27:48.083 D/PMS11423(  657): package:com.excelliance.dualaid:lbcore, input flags:0, output is null
06-24 16:27:48.084 I/Bluetooth_framework(  657): BluetoothManagerService:Added callback: android.bluetooth.IBluetoothManagerCallback$Stub$Proxy@b68f0c:true pid = 28088
06-24 16:27:48.089 D/PMS11423(  657): package:com.excelliance.dualaid, input flags:128, output hwFlags:0
06-24 16:27:48.103 I/LBVMD-LBPMS(28088): LBVMRT: version 54302:543.02
06-24 16:27:48.104 E/zygote  (28088): Invalid capacity given to EnsureLocalCapacity: 800
06-24 16:27:48.114 I/HwCust  (28088): Constructor found for class android.net.HwCustConnectivityManagerImpl
06-24 16:27:48.114 D/HwCust  (28088): Create obj success use class android.net.HwCustConnectivityManagerImpl
06-24 16:27:48.120 D/PMS11423(  657): package:com.excelliance.dualaid, input flags:0, output hwFlags:0
06-24 16:27:48.130 V/HwWidgetFactory(28088): : successes to get AllImpl object and return....
06-24 16:27:48.130 D/PMS11423(  657): package:com.excelliance.dualaid, input flags:0, output hwFlags:0
06-24 16:27:48.131 D/PMS11423(  657): package:com.excelliance.dualaid, input flags:0, output hwFlags:0
06-24 16:27:48.132 V/ActivityManager(  657): Successfully start provider ContentProviderRecord{48c8399 u0 com.excelliance.dualaid/com.excelliance.kxqp.platform.PluginManagerProvider} launchingApp=ProcessRecord{c4604e0 28088:com.excelliance.dualaid:lbcore/u0a1423} caller pid= 27935
06-24 16:27:48.132 E/MemoryLeakMonitorManager(28088): MemoryLeakMonitor.jar is not exist!
06-24 16:27:48.133 D/KXQPApplication(28088): run: initUserManager
06-24 16:27:48.133 E/MemoryLeakMonitorManager(28088): MemoryLeakMonitor.jar is not exist!
06-24 16:27:48.136 E/Minikin (28088): Could not get cmap table size!
06-24 16:27:48.136 E/MemoryLeakMonitorManager(27935): MemoryLeakMonitor.jar is not exist!
06-24 16:27:48.136 D/PMS11423(  657): package:com.excelliance.dualaid, input flags:128, output hwFlags:0
06-24 16:27:48.137 D/SmtServService(27935): MSG_LOAD_PLT after msg.obj
06-24 16:27:48.138 W/PackageParser(28088): No actions in intent filter at /data/app/com.huawei.hwid-Sc7ADDdoDYIYREll7tj_iw==/base.apk Binary XML file line #1412
06-24 16:27:48.139 V/ActivityManager(  657): Attempted to start a foreground service (ComponentInfo{com.excelliance.dualaid/com.excelliance.kxqp.platform.TrampolineService}) with a broken notification (no icon: Notification(channel=null pri=0 contentView=null vibrate=null sound=null defaults=0x0 flags=0x40 color=0x00000000 vis=PRIVATE))
06-24 16:27:48.144 W/PackageParser(28088): No actions in intent filter at /data/app/com.huawei.hwid-Sc7ADDdoDYIYREll7tj_iw==/base.apk Binary XML file line #1680
06-24 16:27:48.144 W/PackageParser(28088): No actions in intent filter at /data/app/com.huawei.hwid-Sc7ADDdoDYIYREll7tj_iw==/base.apk Binary XML file line #1694
06-24 16:27:48.150 E/zygote  (28088): Invalid capacity given to EnsureLocalCapacity: 592
06-24 16:27:48.161 D/HwNotificationManagerService(  657): recognize: tag=null, id=268435456, user=UserHandle{0}, pkg=com.excelliance.dualaid, uid=11423, callingPid=28088
06-24 16:27:48.161 D/PMS1000 (  657): package:com.excelliance.dualaid, input flags:0, output hwFlags:0
06-24 16:27:48.162 I/[HwRecSys]HwRecSysAidlService( 2647): doNotificationCollect -> current num:1
06-24 16:27:48.162 I/[HwRecSys]-Notification-NotificationUpdateController( 2647): startNotificationUpdate start!
06-24 16:27:48.163 W/SettingsEx( 2647): SettingsEx.Systemex.getInt deprecated use Settings.System.getInt instead ;callers=com.huawei.recsys.util.SystemUtil.getNotificationUpdateMode:169 com.huawei.recsys.util.SystemUtil.isAllowUpdate:104 com.huawei.recsys.controller.notification.http.NotificationUpdateController.startNotificationUpdate:85 
06-24 16:27:48.163 I/[HwRecSys]SystemUtil( 2647): isAllowUpdate mode:1
06-24 16:27:48.164 I/[HwRecSys]SystemUtil( 2647): isAllowUpdate isAllowUpdate:true
06-24 16:27:48.164 I/[HwRecSys]-Notification-NotificationUpdateController( 2647):  -> currentYear:2018
06-24 16:27:48.164 I/[HwRecSys]-Notification-NotificationUpdateController( 2647):  -> currentMonth:5
06-24 16:27:48.164 I/[HwRecSys]-Notification-NotificationUpdateController( 2647):  -> currentDay:24
06-24 16:27:48.164 I/[HwRecSys]-Notification-NotificationUpdateController( 2647):  -> oldYear:2018
06-24 16:27:48.164 I/[HwRecSys]-Notification-NotificationUpdateController( 2647):  -> oldMonth:5
06-24 16:27:48.164 I/[HwRecSys]-Notification-NotificationUpdateController( 2647):  -> oldDay:24
06-24 16:27:48.164 E/[HwRecSys]-Notification-NotificationUpdateController( 2647): startNotificationUpdate time is valid no need request
06-24 16:27:48.164 I/[HwRecSys]-Notification-NotificationController( 2647): doNotificationCollect start!
06-24 16:27:48.165 E/[HwRecSys]-Notification-NotificationController( 2647): HwDefaultLabels returnStr:107
06-24 16:27:48.166 E/[HwRecSys]-Notification-NotificationController( 2647): getChinese paramValue is null!
06-24 16:27:48.168 E/[HwRecSys]-Notification-NotificationController( 2647): doNotificationCollect getLabelByRegRules label:107
06-24 16:27:48.168 I/[HwRecSys]HwRecSysAidlService( 2647): doNotificationCollect ->  finally remote Num - 1 !
06-24 16:27:48.169 I/HwNotificationManagerService(  657): doNotificationCollect: pkg=com.excelliance.dualaid, uid=11423, hw_type=107, hw_btw=true
06-24 16:27:48.169 D/PMS1000 (  657): package:com.excelliance.dualaid, input flags:268435456, output hwFlags:0
06-24 16:27:48.169 D/PMS1000 (  657): package:com.excelliance.dualaid, input flags:0, output hwFlags:0
06-24 16:27:48.170 W/NotificationRecord(  657): Use default channel, The importance is:2
06-24 16:27:48.170 V/ActivityManager(  657): Attempted to start a foreground service (ComponentInfo{com.excelliance.dualaid/com.excelliance.kxqp.platform.TrampolineService$EmptyService}) with a broken notification (no icon: Notification(channel=null pri=0 contentView=null vibrate=null sound=null defaults=0x0 flags=0x40 color=0x00000000 vis=PRIVATE))
06-24 16:27:48.173 D/NotificationService(  657): mGameDndStatus is:false ,isGameDndSwitchOn is:false
06-24 16:27:48.174 D/HwNotificationManagerService(  657): recognize: tag=null, id=268435456, user=UserHandle{0}, pkg=com.excelliance.dualaid, uid=11423, callingPid=28088
06-24 16:27:48.174 D/PMS1000 (  657): package:com.excelliance.dualaid, input flags:0, output hwFlags:0
06-24 16:27:48.175 I/[HwRecSys]HwRecSysAidlService( 2647): doNotificationCollect -> current num:1
06-24 16:27:48.175 I/[HwRecSys]-Notification-NotificationUpdateController( 2647): startNotificationUpdate start!
06-24 16:27:48.176 W/SettingsEx( 2647): SettingsEx.Systemex.getInt deprecated use Settings.System.getInt instead ;callers=com.huawei.recsys.util.SystemUtil.getNotificationUpdateMode:169 com.huawei.recsys.util.SystemUtil.isAllowUpdate:104 com.huawei.recsys.controller.notification.http.NotificationUpdateController.startNotificationUpdate:85 
06-24 16:27:48.176 I/[HwRecSys]SystemUtil( 2647): isAllowUpdate mode:1
06-24 16:27:48.176 I/[HwRecSys]SystemUtil( 2647): isAllowUpdate isAllowUpdate:true
06-24 16:27:48.176 I/[HwRecSys]-Notification-NotificationUpdateController( 2647):  -> currentYear:2018
06-24 16:27:48.176 I/[HwRecSys]-Notification-NotificationUpdateController( 2647):  -> currentMonth:5
06-24 16:27:48.177 I/[HwRecSys]-Notification-NotificationUpdateController( 2647):  -> currentDay:24
06-24 16:27:48.177 I/[HwRecSys]-Notification-NotificationUpdateController( 2647):  -> oldYear:2018
06-24 16:27:48.177 I/[HwRecSys]-Notification-NotificationUpdateController( 2647):  -> oldMonth:5
06-24 16:27:48.177 I/[HwRecSys]-Notification-NotificationUpdateController( 2647):  -> oldDay:24
06-24 16:27:48.177 E/[HwRecSys]-Notification-NotificationUpdateController( 2647): startNotificationUpdate time is valid no need request
06-24 16:27:48.177 I/[HwRecSys]-Notification-NotificationController( 2647): doNotificationCollect start!
06-24 16:27:48.177 I/AppManager( 1699): app:com.excelliance.dualaid Notification update time:111607026
06-24 16:27:48.177 I/AppManager( 1699): app:com.excelliance.dualaid Notification persist:true  Ids:[268435456]
06-24 16:27:48.177 E/[HwRecSys]-Notification-NotificationController( 2647): HwDefaultLabels returnStr:107
06-24 16:27:48.178 E/[HwRecSys]-Notification-NotificationController( 2647): getChinese paramValue is null!
06-24 16:27:48.181 E/[HwRecSys]-Notification-NotificationController( 2647): doNotificationCollect getLabelByRegRules label:107
06-24 16:27:48.181 I/[HwRecSys]HwRecSysAidlService( 2647): doNotificationCollect ->  finally remote Num - 1 !
06-24 16:27:48.182 I/HwNotificationManagerService(  657): doNotificationCollect: pkg=com.excelliance.dualaid, uid=11423, hw_type=107, hw_btw=true
06-24 16:27:48.182 D/PMS1000 (  657): package:com.excelliance.dualaid, input flags:268435456, output hwFlags:0
06-24 16:27:48.182 D/PMS1000 (  657): package:com.excelliance.dualaid, input flags:0, output hwFlags:0
06-24 16:27:48.182 W/NotificationRecord(  657): Use default channel, The importance is:2
06-24 16:27:48.185 D/PMS10039(  657): package:com.excelliance.dualaid, input flags:1024, output hwFlags:0
06-24 16:27:48.186 D/NotificationService(  657): mGameDndStatus is:false ,isGameDndSwitchOn is:false
06-24 16:27:48.186 D/HwCust  ( 1513): Create obj success use class com.android.systemui.statusbar.notification.HwCustNotificationInflaterImpl
06-24 16:27:48.187 I/FakeShadowView( 1513): radius18
06-24 16:27:48.188 D/PMS10039(  657): package:com.excelliance.dualaid, input flags:8704, output hwFlags:0
06-24 16:27:48.188 D/PMS10039(  657): package:com.excelliance.dualaid, input flags:8192, output hwFlags:0
06-24 16:27:48.189 W/HwPhoneLayoutInflater( 1513): onCreateView : ClassNotFoundException, In this case we want to let the base class take a crack at it
06-24 16:27:48.191 I/chatty  ( 1513): uid=10039(u0_a39) com.android.systemui identical 2 lines
06-24 16:27:48.191 W/HwPhoneLayoutInflater( 1513): onCreateView : ClassNotFoundException, In this case we want to let the base class take a crack at it
06-24 16:27:48.192 W/ResourceType( 1513): Failure getting entry for 0x01040255 (t=3 e=597) (error -75)
06-24 16:27:48.194 W/HwPhoneLayoutInflater( 1513): onCreateView : ClassNotFoundException, In this case we want to let the base class take a crack at it
06-24 16:27:48.196 I/chatty  ( 1513): uid=10039(u0_a39) com.android.systemui identical 2 lines
06-24 16:27:48.196 W/HwPhoneLayoutInflater( 1513): onCreateView : ClassNotFoundException, In this case we want to let the base class take a crack at it
06-24 16:27:48.196 W/ResourceType( 1513): Failure getting entry for 0x01040255 (t=3 e=597) (error -75)
06-24 16:27:48.200 W/HwPhoneLayoutInflater( 1513): onCreateView : ClassNotFoundException, In this case we want to let the base class take a crack at it
06-24 16:27:48.201 W/HwPhoneLayoutInflater( 1513): onCreateView : ClassNotFoundException, In this case we want to let the base class take a crack at it
06-24 16:27:48.202 W/zygote  (28088): Throwing OutOfMemoryError "EnsureLocalCapacity"
06-24 16:27:48.202 W/HwPhoneLayoutInflater( 1513): onCreateView : ClassNotFoundException, In this case we want to let the base class take a crack at it
06-24 16:27:48.202 W/HwPhoneLayoutInflater( 1513): onCreateView : ClassNotFoundException, In this case we want to let the base class take a crack at it
06-24 16:27:48.203 W/ResourceType( 1513): Failure getting entry for 0x01040255 (t=3 e=597) (error -75)
06-24 16:27:48.209 W/HwPhoneLayoutInflater( 1513): onCreateView : ClassNotFoundException, In this case we want to let the base class take a crack at it
06-24 16:27:48.209 W/HwPhoneLayoutInflater( 1513): onCreateView : ClassNotFoundException, In this case we want to let the base class take a crack at it
06-24 16:27:48.210 W/IPMSI   (28088): request permission: com.huawei.permission.sec.MDM.v2
06-24 16:27:48.210 W/IPMSI   (28088): request permission: com.huawei.authentication.HW_ACCESS_AUTH_SERVICE
