06-24 16:41:09.760 D/PMS1000 (  657): package:com.excelliance.dualaid, input flags:8192, output hwFlags:0
06-24 16:41:09.761 W/HSM     ( 1813): HoldService:toast switch is close!
06-24 16:41:09.762 D/ApplicationPackageManager( 8977): queryIntentActivitiesAsUser blocked, Intent { act=android.intent.action.MAIN cat=[android.intent.category.LAUNCHER] pkg=com.taobao.taobao }
06-24 16:41:09.762 D/HsmInterfaceImpl( 8977): List [ResolveInfo{edeb3a com.taobao.taobao/com.taobao.tao.welcome.Welcome m=0x108000}]
06-24 16:41:09.762 D/PMS11423(  657): package:com.eg.android.AlipayGphone, input flags:0, output hwFlags:0
06-24 16:41:09.767 D/PMS11423(  657): package:com.eg.android.AlipayGphone, input flags:0, output hwFlags:0
06-24 16:41:09.783 D/PMS1000 (  657): package:com.excelliance.dualaid, input flags:8192, output hwFlags:0
06-24 16:41:09.784 W/HSM     ( 1813): HoldService:toast switch is close!
06-24 16:41:09.785 D/ApplicationPackageManager( 8977): queryIntentActivitiesAsUser blocked, Intent { act=android.intent.action.MAIN cat=[android.intent.category.LAUNCHER] pkg=com.eg.android.AlipayGphone }
06-24 16:41:09.785 D/HsmInterfaceImpl( 8977): List [ResolveInfo{3a67548 com.eg.android.AlipayGphone/.AlipayLogin m=0x108000}]
06-24 16:41:09.785 D/PMS11423(  657): package:com.tencent.qqlite, input flags:0, output is null
06-24 16:41:09.785 D/PMS11423(  657): package:com.tencen2.mm, input flags:0, output is null
06-24 16:41:09.785 D/PMS11423(  657): package:com.sina.weibo, input flags:0, output hwFlags:0
06-24 16:41:09.787 D/PMS11423(  657): package:com.sina.weibo, input flags:0, output hwFlags:0
06-24 16:41:09.835 D/PMS1000 (  657): package:com.excelliance.dualaid, input flags:8192, output hwFlags:0
06-24 16:41:09.836 W/HSM     ( 1813): HoldService:toast switch is close!
06-24 16:41:09.837 D/ApplicationPackageManager( 8977): queryIntentActivitiesAsUser blocked, Intent { act=android.intent.action.MAIN cat=[android.intent.category.LAUNCHER] pkg=com.sina.weibo }
06-24 16:41:09.837 D/HsmInterfaceImpl( 8977): List [ResolveInfo{d3f8106 com.sina.weibo/.SplashActivity m=0x108000}]
06-24 16:41:09.837 D/PMS11423(  657): package:com.tencent.karaoke, input flags:0, output hwFlags:0
06-24 16:41:09.839 D/PMS11423(  657): package:com.tencent.karaoke, input flags:0, output hwFlags:0
06-24 16:41:09.846 I/zygote  ( 8977): Do partial code cache collection, code=60KB, data=58KB
06-24 16:41:09.846 I/zygote  ( 8977): After code cache collection, code=58KB, data=57KB
06-24 16:41:09.846 I/zygote  ( 8977): Increasing code cache capacity to 256KB
06-24 16:41:09.858 D/PMS1000 (  657): package:com.excelliance.dualaid, input flags:8192, output hwFlags:0
06-24 16:41:09.859 W/HSM     ( 1813): HoldService:toast switch is close!
06-24 16:41:09.860 D/ApplicationPackageManager( 8977): queryIntentActivitiesAsUser blocked, Intent { act=android.intent.action.MAIN cat=[android.intent.category.LAUNCHER] pkg=com.tencent.karaoke }
06-24 16:41:09.860 D/HsmInterfaceImpl( 8977): List [ResolveInfo{8519df4 com.tencent.karaoke/.module.splash.ui.SplashBaseActivity m=0x108000}]
06-24 16:41:09.860 D/PMS11423(  657): package:com.keramidas.TitaniumBackup, input flags:0, output is null
06-24 16:41:09.860 D/PMS11423(  657): package:com.tencen3.mm, input flags:0, output is null
06-24 16:41:09.861 D/PMS11423(  657): package:com.whatsapp, input flags:0, output hwFlags:0
06-24 16:41:09.862 D/PMS11423(  657): package:com.whatsapp, input flags:0, output hwFlags:0
06-24 16:41:09.887 D/PMS1000 (  657): package:com.excelliance.dualaid, input flags:8192, output hwFlags:0
06-24 16:41:09.888 W/HSM     ( 1813): HoldService:toast switch is close!
06-24 16:41:09.889 D/ApplicationPackageManager( 8977): queryIntentActivitiesAsUser blocked, Intent { act=android.intent.action.MAIN cat=[android.intent.category.LAUNCHER] pkg=com.whatsapp }
06-24 16:41:09.889 D/HsmInterfaceImpl( 8977): List [ResolveInfo{ce4a560 com.whatsapp/.Main m=0x108000}]
06-24 16:41:09.889 D/PMS11423(  657): package:com.taobao.fleamarket, input flags:0, output is null
06-24 16:41:09.889 D/PMS11423(  657): package:com.jiabin.xiaozhu, input flags:0, output is null
06-24 16:41:09.889 D/PMS11423(  657): package:com.soft.blued, input flags:0, output is null
06-24 16:41:09.889 D/PMS11423(  657): package:com.netease.dhxy, input flags:0, output is null
06-24 16:41:09.889 D/PMS11423(  657): package:com.gbits.atm.leiting, input flags:0, output is null
06-24 16:41:09.890 D/PMS11423(  657): package:com.tencent.Mtown, input flags:0, output is null
06-24 16:41:09.890 D/PMS11423(  657): package:com.tencent.minihd.qq, input flags:0, output is null
06-24 16:41:09.890 D/PMS11423(  657): package:com.facebook.katana, input flags:0, output hwFlags:0
06-24 16:41:09.891 D/PMS11423(  657): package:com.facebook.katana, input flags:0, output hwFlags:0
06-24 16:41:09.921 D/PMS1000 (  657): package:com.excelliance.dualaid, input flags:8192, output hwFlags:0
06-24 16:41:09.922 W/HSM     ( 1813): HoldService:toast switch is close!
06-24 16:41:09.923 D/ApplicationPackageManager( 8977): queryIntentActivitiesAsUser blocked, Intent { act=android.intent.action.MAIN cat=[android.intent.category.LAUNCHER] pkg=com.facebook.katana }
06-24 16:41:09.923 D/HsmInterfaceImpl( 8977): List [ResolveInfo{fdfaade com.facebook.katana/.LoginActivity m=0x108000}]
06-24 16:41:09.923 D/PMS11423(  657): package:com.supercell.clashofclans, input flags:0, output is null
06-24 16:41:09.923 D/PMS11423(  657): package:com.facebook.orca, input flags:0, output is null
06-24 16:41:09.923 D/PMS11423(  657): package:com.bbm, input flags:0, output is null
06-24 16:41:09.923 D/PMS11423(  657): package:jp.naver.line.android, input flags:0, output is null
06-24 16:41:09.924 D/PMS11423(  657): package:com.instagram.android, input flags:0, output is null
06-24 16:41:09.924 D/PMS11423(  657): package:kik.android, input flags:0, output is null
06-24 16:41:09.924 D/PMS11423(  657): package:com.facebook.lite, input flags:0, output is null
06-24 16:41:09.924 D/PMS11423(  657): package:com.supercell.clashroyale, input flags:0, output is null
06-24 16:41:09.924 D/PMS11423(  657): package:com.snapchat.android, input flags:0, output is null
06-24 16:41:09.924 D/PMS11423(  657): package:com.viber.voip, input flags:0, output is null
06-24 16:41:09.924 D/PMS11423(  657): package:com.zing.zalo, input flags:0, output is null
06-24 16:41:09.924 D/PMS11423(  657): package:com.cmcm.whatscall, input flags:0, output is null
06-24 16:41:09.925 D/PMS11423(  657): package:com.bsb.hike, input flags:0, output is null
06-24 16:41:09.925 D/PMS11423(  657): package:com.gbwhatsapp, input flags:0, output is null
06-24 16:41:09.925 D/PMS11423(  657): package:org.telegram.messenger, input flags:0, output is null
06-24 16:41:09.925 D/PMS11423(  657): package:com.nianticlabs.pokemongo, input flags:0, output is null
06-24 16:41:09.929 D/PMS11423(  657): package:com.excelliance.dualaid.b64, input flags:0, output hwFlags:0
06-24 16:41:09.931 D/PMS11423(  657): package:com.excelliance.dualaid.b64, input flags:0, output hwFlags:0
06-24 16:41:09.936 D/MainFragment( 8977): rid = ,initStreamAd close = true
06-24 16:41:09.936 D/PayUtil ( 8977): sRid = 
06-24 16:41:09.937 D/PayUtil ( 8977): no pay dex...
06-24 16:41:09.938 V/ChannelManager( 8977): initChannelDao
06-24 16:41:09.952 D/MainFragment( 8977): pull ActivityIcon config is empty true
06-24 16:41:09.952 D/VersionManager( 8977): pullActivityIconConfitg
06-24 16:41:09.952 D/VersionManager( 8977): network = true
06-24 16:41:09.957 D/VersionManager( 8977): activityIconUrl = https://folder.appota.cn/icon_activitynew.php?vc=466&vn=4.0.6&chid=10019&subchid=1&imei=867180035321712&imsi=460011092513889&lang=zh_CN&uid=353&isVip=false&type=20&pkg=com.excelliance.dualaid&api=26&release=8.0.0&newuser=1&abTest=0&issl=1, callBack = com.excelliance.kxqp.ui.k$45@f3796ea
06-24 16:41:09.957 E/MainFragment( 8977): firstStart
06-24 16:41:09.957 D/MainFragment( 8977): statusHeight = 72
06-24 16:41:09.957 D/MainFragment( 8977): clearFullScreen
06-24 16:41:09.959 D/MainFragment( 8977): onStart
06-24 16:41:09.959 D/MainFragment( 8977): STREAM_AD_LAST_LOCATION = 0, statusHeight = 72
06-24 16:41:09.959 D/MainFragment( 8977): onStart STREAM_AD_LAST_LOCATION
06-24 16:41:09.959 D/ActivityThread( 8977): add activity client record, r= ActivityRecord{da2bddb token=android.os.BinderProxy@821c1b3 {com.excelliance.dualaid/com.excelliance.kxqp.ui.MainActivity}} token= android.os.BinderProxy@821c1b3
06-24 16:41:09.959 D/KXQPApplication( 8977): onActivityStarted: com.excelliance.kxqp.ui.MainActivity@18036e9	
06-24 16:41:09.960 D/MainActivity( 8977): onResume
06-24 16:41:09.961 D/MainActivity( 8977): umengtj_switch:_0
06-24 16:41:09.961 D/MainActivity( 8977): onResume Umengtj is false
06-24 16:41:09.962 D/MainFragment( 8977): has_data_move = false, gridViewContainer = com.excelliance.kxqp.ui.multiple.GridviewContainerLayout{685c078 V.E...... ......I. 0,0-0,0 #7f0c0334 app:id/layout_container}
06-24 16:41:09.966 D/PayUtil ( 8977): sRid = 
06-24 16:41:09.967 D/y       ( 8977): 0:[]
06-24 16:41:09.967 D/y       ( 8977): 20:null
06-24 16:41:09.968 D/MainFragment( 8977): onResume
06-24 16:41:09.973 D/MainFragment( 8977): onResume1
06-24 16:41:09.973 V/MainFragment( 8977): resume isFromCreate>>>true,needInterceptBackKey>>>false,isHomeKeyEvent>>>false
06-24 16:41:09.973 D/PlatSdk ( 8977): current = 0
06-24 16:41:09.975 D/y       ( 8977): 41:[0]
06-24 16:41:09.980 D/OpenGLRenderer( 8977):   HWUI Binary is  enabled
06-24 16:41:09.981 D/SurfaceFlinger(  710): SurfaceFlinger: getDisplayConfigs--3.000000, 1080, 1920
06-24 16:41:09.981 I/chatty  (  710): uid=1000(system) Binder:710_3 identical 1 line
06-24 16:41:09.981 D/SurfaceFlinger(  710): SurfaceFlinger: getDisplayConfigs--3.000000, 1080, 1920
06-24 16:41:09.981 D/OpenGLRenderer( 8977): HWUI GL Pipeline
06-24 16:41:09.985 V/WindowManager(  657): Adding Window{5d4865f u0 com.excelliance.dualaid/com.excelliance.kxqp.ui.MainActivity} to AppWindowToken{d1651aa token=Token{316ec95 ActivityRecord{d5cc44c u0 com.excelliance.dualaid/com.excelliance.kxqp.ui.MainActivity t16062}}}
06-24 16:41:09.986 V/WindowManager(  657): addWindow: New client android.os.BinderProxy@d50defe: window=Window{5d4865f u0 com.excelliance.dualaid/com.excelliance.kxqp.ui.MainActivity} Callers=com.android.server.wm.HwWindowManagerService.addWindow:562 com.android.server.wm.Session.addToDisplay:199 android.view.IWindowSession$Stub.onTransact:124 com.android.server.wm.Session.onTransact:161 android.os.Binder.execTransact:675 
06-24 16:41:10.004 V/WindowManager(  657): Checking 1 opening apps (frozen=false timeout=false)...
06-24 16:41:10.004 V/WindowManager(  657): Check opening app=AppWindowToken{d1651aa token=Token{316ec95 ActivityRecord{d5cc44c u0 com.excelliance.dualaid/com.excelliance.kxqp.ui.MainActivity t16062}}}: allDrawn=false startingDisplayed=false startingMoved=false isRelaunching()=false
06-24 16:41:10.037 V/WindowManager(  657): Checking 1 opening apps (frozen=false timeout=false)...
06-24 16:41:10.037 V/WindowManager(  657): Check opening app=AppWindowToken{d1651aa token=Token{316ec95 ActivityRecord{d5cc44c u0 com.excelliance.dualaid/com.excelliance.kxqp.ui.MainActivity t16062}}}: allDrawn=false startingDisplayed=false startingMoved=false isRelaunching()=false
06-24 16:41:10.044 V/HwPhoneWindowManager(  657): updateSystemUiColorLw window=Window{5d4865f u0 com.excelliance.dualaid/com.excelliance.kxqp.ui.MainActivity},EmuiStyle=0,StatusBarColor=0x0,NavigationBarColor=0x0, mLastIsEmuiLightStyle=-1
06-24 16:41:10.048 D/HwPhoneWindowManager(  657): Transact:setSystemUIColor to status bar service
06-24 16:41:10.048 I/CommandQueue( 1513): updateBarBgColor
06-24 16:41:10.049 D/CommandQueue( 1513): CommandQueue, setBarBackgroundColor
06-24 16:41:10.054 V/WindowManager(  657): Checking 1 opening apps (frozen=false timeout=false)...
06-24 16:41:10.054 V/WindowManager(  657): Check opening app=AppWindowToken{d1651aa token=Token{316ec95 ActivityRecord{d5cc44c u0 com.excelliance.dualaid/com.excelliance.kxqp.ui.MainActivity t16062}}}: allDrawn=false startingDisplayed=false startingMoved=false isRelaunching()=false
06-24 16:41:10.066 I/GRALLOC (  679): 	 shrFd=10,fmt=0x1,intFmt=0x200000001,btStrd=4352,size=8486912,pid=679 
06-24 16:41:10.066 I/GRALLOC (  679): 	 yuv=2,w=1080,h=1920,Stride u=0 v=0,offset u=0 v=0 
06-24 16:41:10.066 I/GRALLOC (  679): 	 iova_size=8486912,conUsg=0x900,proUsg=0x900,	 strd=1088,[afbc]HdrStrd=1088 PyldStrd=69632 Scrmbl=2,ionhnd = 1 
06-24 16:41:10.072 V/WindowManager(  657): Checking 1 opening apps (frozen=false timeout=false)...
06-24 16:41:10.072 V/WindowManager(  657): Check opening app=AppWindowToken{d1651aa token=Token{316ec95 ActivityRecord{d5cc44c u0 com.excelliance.dualaid/com.excelliance.kxqp.ui.MainActivity t16062}}}: allDrawn=false startingDisplayed=false startingMoved=false isRelaunching()=false
06-24 16:41:10.070 I/GRALLOC (  679): 	 shrFd=10,fmt=0x1,intFmt=0x200000001,btStrd=4352,size=8486912,pid=679 
06-24 16:41:10.070 I/GRALLOC (  679): 	 yuv=2,w=1080,h=1920,Stride u=0 v=0,offset u=0 v=0 
06-24 16:41:10.070 I/GRALLOC (  679): 	 iova_size=8486912,conUsg=0x900,proUsg=0x900,	 strd=1088,[afbc]HdrStrd=1088 PyldStrd=69632 Scrmbl=2,ionhnd = 1 
06-24 16:41:10.075 I/OpenGLRenderer( 8977): Initialized EGL, version 1.4
06-24 16:41:10.076 D/OpenGLRenderer( 8977): Swap behavior 2
06-24 16:41:10.077 D/ImageWallpaper( 1513): onOffsetsChanged: xOffset=0.0, yOffset=0.0, xOffsetStep=0.0, yOffsetStep=0.0, xPixels=0, yPixels=0
06-24 16:41:10.078 D/ImageWallpaper( 1513): Suppressed drawFrame since redraw is not needed and offsets have not changed.sf=Rect(0, 0 - 2160, 1920)
06-24 16:41:10.079 D/TintManager( 1513): statusBarIconTint=#99FFFFFF,navigationBarIconTint=#00000000
06-24 16:41:10.087 I/GRALLOC (  679): 	 shrFd=10,fmt=0x1,intFmt=0x200000001,btStrd=4352,size=8486912,pid=679 
06-24 16:41:10.087 I/GRALLOC (  679): 	 yuv=2,w=1080,h=1920,Stride u=0 v=0,offset u=0 v=0 
06-24 16:41:10.087 I/GRALLOC (  679): 	 iova_size=8486912,conUsg=0x900,proUsg=0x900,	 strd=1088,[afbc]HdrStrd=1088 PyldStrd=69632 Scrmbl=2,ionhnd = 1 
06-24 16:41:10.093 D/mali_winsys( 8977): EGLint new_window_surface(egl_winsys_display *, void *, EGLSurface, EGLConfig, egl_winsys_surface **, egl_color_buffer_format *, EGLBoolean) returns 0x3000
06-24 16:41:10.096 E/vndksupport( 8977): Could not load vendor/lib/egl/libGLES_mali_v2.so from sphal namespace: dlopen failed: library "vendor/lib/egl/libGLES_mali_v2.so" not found.
06-24 16:41:10.142 E/WifiHAL (  706): enter wifi_get_link_stats
06-24 16:41:10.153 D/StatisticsToServer( 8977): enter::::{"vc":324,"vn":"2.6.2","chid":10019,"subchid":1,"uid":"353","mcnt":1}
06-24 16:41:10.154 E/StatisticsToServer( 8977): url=https://mto.multiopen.cn/adstatis.php?cmd=101&data=eyJ2YyI6MzI0LCJ2biI6IjIuNi4yIiwiY2hpZCI6MTAwMTksInN1YmNoaWQiOjEsInVpZCI6IjM1%0AMyIsIm1jbnQiOjF9%0A
06-24 16:41:10.154 D/StatisticsToServer( 8977): show::::[]
06-24 16:41:10.154 E/StatisticsToServer( 8977): url=https://mto.multiopen.cn/adstatis.php?cmd=3&data=eyJ2YyI6MzI0LCJ2biI6IjIuNi4yIiwiY2hpZCI6MTAwMTksInN1YmNoaWQiOjEsInVpZCI6IjM1%0AMyIsImR0IjoiW10ifQ%3D%3D%0A
06-24 16:41:10.154 D/StatisticsToServer( 8977): click::::[]
06-24 16:41:10.155 E/StatisticsToServer( 8977): url=https://mto.multiopen.cn/adstatis.php?cmd=1&data=eyJ2YyI6MzI0LCJ2biI6IjIuNi4yIiwiY2hpZCI6MTAwMTksInN1YmNoaWQiOjEsInVpZCI6IjM1%0AMyIsImR0IjoiW10ifQ%3D%3D%0A
06-24 16:41:10.155 D/StatisticsToServer( 8977): get::::[]
06-24 16:41:10.155 E/StatisticsToServer( 8977): url=https://mto.multiopen.cn/adstatis.php?cmd=4&data=eyJ2YyI6MzI0LCJ2biI6IjIuNi4yIiwiY2hpZCI6MTAwMTksInN1YmNoaWQiOjEsInVpZCI6IjM1%0AMyIsImR0IjoiW10ifQ%3D%3D%0A
06-24 16:41:10.155 E/wificond(  765): Failed to get NL80211_STA_INFO_CNAHLOAD
06-24 16:41:10.155 D/StatisticsToServer( 8977): getSuccess::::[]
06-24 16:41:10.155 E/StatisticsToServer( 8977): url=https://mto.multiopen.cn/adstatis.php?cmd=5&data=eyJ2YyI6MzI0LCJ2biI6IjIuNi4yIiwiY2hpZCI6MTAwMTksInN1YmNoaWQiOjEsInVpZCI6IjM1%0AMyIsImR0IjoiW10ifQ%3D%3D%0A
06-24 16:41:10.158 D/VersionManager( 8977): httpsRequest getURL = https://mto.multiopen.cn/adstatis.php?cmd=101&data=eyJ2YyI6MzI0LCJ2biI6IjIuNi4yIiwiY2hpZCI6MTAwMTksInN1YmNoaWQiOjEsInVpZCI6IjM1%0AMyIsIm1jbnQiOjF9%0A
06-24 16:41:10.159 E/WificondControl(  657): Noise: -92, Snr: 0, Chload: -1
06-24 16:41:10.160 D/HwWifiCHRStateManager(  657): handleMessage : 1001
06-24 16:41:10.160 D/HwWifiCHRStateManager(  657): handleUpdateChannel:5805
06-24 16:41:10.161 V/HwWifiServiceFactory(  657): get AllImpl object = com.android.server.wifi.HwWifiServiceFactoryImpl@a390a53
06-24 16:41:10.161 D/WifiScoreReport(  657): Score = 100, wifiConnectivityManagerEnabled = false, lowScoreCount = 0
06-24 16:41:10.201 I/GRALLOC (  679): 	 shrFd=10,fmt=0x1,intFmt=0x200000001,btStrd=4352,size=8486912,pid=679 
06-24 16:41:10.201 I/GRALLOC (  679): 	 yuv=2,w=1080,h=1920,Stride u=0 v=0,offset u=0 v=0 
06-24 16:41:10.201 I/GRALLOC (  679): 	 iova_size=8486912,conUsg=0xb00,proUsg=0xb00,	 strd=1088,[afbc]HdrStrd=1088 PyldStrd=69632 Scrmbl=2,ionhnd = 1 
06-24 16:41:10.205 W/X509TrustManager( 8977): checkServerTrusted: SignatureException:null
06-24 16:41:10.206 W/X509TrustManager( 8977): checkServerTrusted: SignatureException:error:04000073:RSA routines:OPENSSL_internal:DATA_TOO_LARGE_FOR_MODULUS
06-24 16:41:10.221 I/zygote  ( 8977): Do full code cache collection, code=81KB, data=99KB
06-24 16:41:10.222 I/zygote  ( 8977): After code cache collection, code=49KB, data=46KB
06-24 16:41:10.228 D/WindowManager(  657): finishDrawingWindow: Window{5d4865f u0 com.excelliance.dualaid/com.excelliance.kxqp.ui.MainActivity} mDrawState=DRAW_PENDING
06-24 16:41:10.237 D/MainFragment( 8977): handleMessage msg.what:20
06-24 16:41:10.239 D/PayUtil ( 8977): sRid = 
06-24 16:41:10.241 V/WindowManager(  657): Checking 1 opening apps (frozen=false timeout=false)...
06-24 16:41:10.241 V/WindowManager(  657): Check opening app=AppWindowToken{d1651aa token=Token{316ec95 ActivityRecord{d5cc44c u0 com.excelliance.dualaid/com.excelliance.kxqp.ui.MainActivity t16062}}}: allDrawn=true startingDisplayed=false startingMoved=false isRelaunching()=false
06-24 16:41:10.246 D/PayUtil ( 8977): no pay dex...
06-24 16:41:10.248 D/PayUtil ( 8977): sRid = 
06-24 16:41:10.249 D/CubicBezierInterpolator(  657): CubicBezierInterpolator  mControlPoint1x = 0.5, mControlPoint1y = 0.2, mControlPoint2x = 0.6, mControlPoint2y = 1.0
06-24 16:41:10.249 W/JankService(  777): processEntry, not beta version or commercial log off
06-24 16:41:10.252 D/PayUtil ( 8977): no pay dex...
06-24 16:41:10.256 D/MainFragment( 8977): handleMessage final msg.what:20, take:19
06-24 16:41:10.256 D/MainFragment( 8977): handleMessage msg.what:6
06-24 16:41:10.257 D/VersionManager( 8977): httpsRequest getURL = https://mto.multiopen.cn/adstatis.php?cmd=3&data=eyJ2YyI6MzI0LCJ2biI6IjIuNi4yIiwiY2hpZCI6MTAwMTksInN1YmNoaWQiOjEsInVpZCI6IjM1%0AMyIsImR0IjoiW10ifQ%3D%3D%0A
06-24 16:41:10.263 I/ActivityManager(  657): Displayed com.excelliance.dualaid/com.excelliance.kxqp.ui.MainActivity: +847ms
06-24 16:41:10.264 D/MainFragment( 8977): handleMessage final msg.what:6, take:8
06-24 16:41:10.267 D/SmtServService( 8977): onStartCommand: add class com.excelliance.kxqp.ui.MainActivity
06-24 16:41:10.268 D/MainFragment( 8977): handleMessage msg.what:14
06-24 16:41:10.270 D/MainFragment( 8977): handleMessage final msg.what:14, take:2
06-24 16:41:10.270 D/OpenGLRenderer( 8977):   HWUI Binary is  enabled
06-24 16:41:10.270 D/MainFragment( 8977): handleMessage msg.what:46
06-24 16:41:10.271 D/MainFragment( 8977): handleMessage final msg.what:46, take:0
06-24 16:41:10.271 D/MainFragment( 8977): handleMessage msg.what:36
06-24 16:41:10.272 D/MainFragment( 8977): handleMessage final msg.what:36, take:1
06-24 16:41:10.272 D/MainFragment( 8977): MSG_FETCH_ADS initFactory
06-24 16:41:10.272 V/AdManager( 8977): InitFactory.b_total:0
06-24 16:41:10.273 D/MainFragment( 8977): first_pop_dialog......false
06-24 16:41:10.273 V/AdManager( 8977): integers_sp:[]
06-24 16:41:10.273 D/InitFactory( 8977): getFactoryByType:_-1
06-24 16:41:10.273 V/FactoryData( 8977): ads:null
06-24 16:41:10.273 D/InitFactory( 8977): type:_-1
06-24 16:41:10.273 D/MainFragment( 8977): MSG_FETCH_ADS initFactory final
06-24 16:41:10.273 D/PayUtil ( 8977): sRid = 
06-24 16:41:10.274 I/chatty  ( 8977): uid=11423(u0_a1423) com.excelliance.dualaid identical 1 line
06-24 16:41:10.277 D/PayUtil ( 8977): sRid = 
06-24 16:41:10.279 D/MainFragment( 8977): openStreamFromMoreSetting = false
06-24 16:41:10.279 D/MainActivity( 8977): isLoaded:false
06-24 16:41:10.279 E/BufferQueueProducer(  710): [com.excelliance.dualaid/com.excelliance.kxqp.ui.HelloActivity#1] disconnect: not connected (req=1)
06-24 16:41:10.280 W/libEGL  ( 8945): EGLNativeWindowType 0xd0cf9008 disconnect failed
06-24 16:41:10.281 W/InputMethodManager( 8977): startInputReason = 1
06-24 16:41:10.284 E/Reflecting  getMessage( 8977): com.alipay.sdk.app.PayTask 
06-24 16:41:10.284 E/Reflecting   getLocalizedMessage( 8977): com.alipay.sdk.app.PayTask 
06-24 16:41:10.284 D/Reflecting( 8977): com.alipay.sdk.app.PayTask
06-24 16:41:10.287 V/InitialData( 8977): capitalize:Pay
06-24 16:41:10.287 V/GameUtil( 8977): getCurrentVersionByKey : pay	current_pay_version	PayVersion
06-24 16:41:10.287 D/PMS11423(  657): package:com.excelliance.dualaid, input flags:128, output hwFlags:0
06-24 16:41:10.288 V/GameUtil( 8977): saveVersionToFileByKey  xml_key :pay  result:1
06-24 16:41:10.295 I/zygote  ( 8977): Do partial code cache collection, code=49KB, data=61KB
06-24 16:41:10.296 I/zygote  ( 8977): After code cache collection, code=49KB, data=61KB
06-24 16:41:10.296 I/zygote  ( 8977): Increasing code cache capacity to 512KB
06-24 16:41:10.296 W/hwcomposer(  680): ScfCanHandle:294: AFBC: afbc layer height scl down larger than 1.8.(src_height:1920, dst_height:425)
06-24 16:41:10.297 I/zygote  ( 8977): Compiler allocated 5MB to compile com.excelliance.kxqp.util.aq$a com.excelliance.kxqp.platforms.StatisticsService.a(com.excelliance.kxqp.util.x)
06-24 16:41:10.299 V/GameUtil( 8977): getCurrentVersionByKey  pay:1
06-24 16:41:10.300 V/InitialData( 8977): capitalize:Pay
06-24 16:41:10.300 D/PMS11423(  657): package:com.excelliance.dualaid, input flags:128, output hwFlags:0
06-24 16:41:10.301 D/lyl     ( 8977): file:pay.jar   pay.jar
06-24 16:41:10.301 D/lyl     ( 8977): file:pay.jar   pay.jar
06-24 16:41:10.307 D/BarTransitions.HwPhoneStatusBarView( 1513): MODE_TRANSPARENT -> MODE_TRANSLUCENT animate=false
06-24 16:41:10.307 D/BarTransitions.HwPhoneStatusBarView( 1513): applyModeBackground oldMode=MODE_TRANSPARENT newMode=MODE_TRANSLUCENT animate=false
06-24 16:41:10.308 D/BarTransitions.HwNavigationBarView( 1513): MODE_TRANSPARENT -> MODE_OPAQUE animate=false
06-24 16:41:10.311 W/X509TrustManager( 8977): checkServerTrusted: SignatureException:null
06-24 16:41:10.311 W/X509TrustManager( 8977): checkServerTrusted: SignatureException:error:04000073:RSA routines:OPENSSL_internal:DATA_TOO_LARGE_FOR_MODULUS
06-24 16:41:10.308 D/BarTransitions.HwNavigationBarView( 1513): applyModeBackground oldMode=MODE_TRANSPARENT newMode=MODE_OPAQUE animate=false
06-24 16:41:10.311 W/X509TrustManager( 8977): checkServerTrusted: SignatureException:null
06-24 16:41:10.311 W/X509TrustManager( 8977): checkServerTrusted: SignatureException:error:04000073:RSA routines:OPENSSL_internal:DATA_TOO_LARGE_FOR_MODULUS
06-24 16:41:10.312 W/hwcomposer(  680): ScfCanHandle:294: AFBC: afbc layer height scl down larger than 1.8.(src_height:1920, dst_height:425)
06-24 16:41:10.313 W/X509TrustManager( 8977): checkServerTrusted: SignatureException:null
06-24 16:41:10.313 W/X509TrustManager( 8977): checkServerTrusted: SignatureException:error:04000073:RSA routines:OPENSSL_internal:DATA_TOO_LARGE_FOR_MODULUS
06-24 16:41:10.315 V/InitialData( 8977): payVersion:1    pay_version:1    current_pay_version:1
06-24 16:41:10.315 D/InitialData( 8977): identifing = pay, jarPath = /data/data/com.excelliance.dualaid/.platformcache/pay.jar
06-24 16:41:10.316 D/InitialData( 8977): mClassLoader = dalvik.system.PathClassLoader[DexPathList[[zip file "/data/app/com.excelliance.dualaid-NUoq-xzMwvntQuI3f6mb4w==/base.apk"],nativeLibraryDirectories=[/data/app/com.excelliance.dualaid-NUoq-xzMwvntQuI3f6mb4w==/lib/arm, /system/fake-libs, /data/app/com.excelliance.dualaid-NUoq-xzMwvntQuI3f6mb4w==/base.apk!/lib/armeabi, /system/lib, /vendor/lib, /product/lib]]]
06-24 16:41:10.316 D/InitialData( 8977): HackUtil = class com.excelliance.kxqp.pay.util.HackUtil
06-24 16:41:10.328 W/hwcomposer(  680): ScfCanHandle:294: AFBC: afbc layer height scl down larger than 1.8.(src_height:1920, dst_height:425)
06-24 16:41:10.338 E/BufferQueueProducer(  710): [com.excelliance.dualaid/com.excelliance.kxqp.ui.HelloActivity#0] disconnect: not connected (req=1)
06-24 16:41:10.338 W/libEGL  ( 8945): EGLNativeWindowType 0xc0821808 disconnect failed
06-24 16:41:10.345 I/wangchen( 7035): SysInfo.getSysParam: orientation=1||config d=3.0,w=1080,h=1920||metrics d=3.0,w=1080,h=1920||sdk=26,bar_h=72
06-24 16:41:10.345 I/KeymapLoader( 7035): w=1080 h=1920 ori=true appScale=3.3 s1=3.0
06-24 16:41:10.345 W/hwcomposer(  680): ScfCanHandle:294: AFBC: afbc layer height scl down larger than 1.8.(src_height:1920, dst_height:549)
06-24 16:41:10.346 V/AppShortcutGridAdapter( 8977):   parmInt:0 paramViewnull, type = 1
06-24 16:41:10.351 D/PMS11423(  657): package:com.tencent.mm, input flags:0, output hwFlags:0
06-24 16:41:10.353 V/AppShortcutGridAdapter( 8977):   parmInt:0 paramViewandroid.widget.LinearLayout{e2d9f6f V.E...... ......I. 0,0-0,0 #7f0c00ed app:id/root}, type = 1
06-24 16:41:10.355 V/AppShortcutGridAdapter( 8977):   parmInt:1 paramViewnull, type = 1
06-24 16:41:10.358 W/dex2oat ( 9816): Using default instruction set features for ARM CPU variant (default) using conservative defaults
06-24 16:41:10.358 D/PMS11423(  657): package:com.tencent.mobileqq, input flags:0, output hwFlags:0
06-24 16:41:10.359 I/dex2oat ( 9816): /system/bin/dex2oat -j4 --dex-file=/data/data/com.excelliance.dualaid/.platformcache/pay.jar --output-vdex-fd=95 --oat-fd=96 --oat-location=/data/data/com.excelliance.dualaid/.platformcache/oat/arm/pay.odex --compiler-filter=quicken
06-24 16:41:10.359 I/cutils-trace( 9816): atrace_init_once, trace_marker_path = /sys/kernel/debug/tracing/trace_marker
06-24 16:41:10.359 V/AppShortcutGridAdapter( 8977):   parmInt:2 paramViewnull, type = 1
06-24 16:41:10.360 W/hwcomposer(  680): ScfCanHandle:294: AFBC: afbc layer height scl down larger than 1.8.(src_height:1919, dst_height:851)
06-24 16:41:10.363 D/PMS11423(  657): package:com.ifreetalk.ftalk, input flags:0, output hwFlags:0
06-24 16:41:10.366 D/MainFragment( 8977): size = 0
06-24 16:41:10.367 D/VersionManager( 8977): httpsRequest getURL = https://mto.multiopen.cn/adstatis.php?cmd=1&data=eyJ2YyI6MzI0LCJ2biI6IjIuNi4yIiwiY2hpZCI6MTAwMTksInN1YmNoaWQiOjEsInVpZCI6IjM1%0AMyIsImR0IjoiW10ifQ%3D%3D%0A
06-24 16:41:10.376 I/GRALLOC (  679): 	 shrFd=10,fmt=0x1,intFmt=0x200000001,btStrd=4352,size=8486912,pid=679 
06-24 16:41:10.376 I/GRALLOC (  679): 	 yuv=2,w=1080,h=1920,Stride u=0 v=0,offset u=0 v=0 
06-24 16:41:10.376 I/GRALLOC (  679): 	 iova_size=8486912,conUsg=0xb00,proUsg=0xb00,	 strd=1088,[afbc]HdrStrd=1088 PyldStrd=69632 Scrmbl=2,ionhnd = 1 
06-24 16:41:10.378 W/hwcomposer(  680): ScfCanHandle:294: AFBC: afbc layer height scl down larger than 1.8.(src_height:1920, dst_height:984)
06-24 16:41:10.389 D/WindowManager(  657): finishDrawingWindow: Window{5d4865f u0 com.excelliance.dualaid/com.excelliance.kxqp.ui.MainActivity} mDrawState=HAS_DRAWN
06-24 16:41:10.401 W/JankService(  777): processEntry, not beta version or commercial log off
06-24 16:41:10.407 D/MainFragment( 8977): handleMessage msg.what:36
06-24 16:41:10.407 D/MainFragment( 8977): MSG_FETCH_ADS fetBannerAd
06-24 16:41:10.407 V/AdManager( 8977): htcbanners.size():0
06-24 16:41:10.407 W/X509TrustManager( 8977): checkServerTrusted: SignatureException:null
06-24 16:41:10.407 D/PayUtil ( 8977): sRid = 
06-24 16:41:10.407 W/X509TrustManager( 8977): checkServerTrusted: SignatureException:error:04000073:RSA routines:OPENSSL_internal:DATA_TOO_LARGE_FOR_MODULUS
06-24 16:41:10.408 D/PayUtil ( 8977): no pay dex...
06-24 16:41:10.409 V/AdManager( 8977): fetBannerAd of banner
06-24 16:41:10.409 D/MainFragment( 8977): MSG_FETCH_ADS fetCpuAd
06-24 16:41:10.409 V/AdManager( 8977): fetCpuAd
06-24 16:41:10.409 D/MainFragment( 8977): MSG_FETCH_ADS final
06-24 16:41:10.409 D/MainFragment( 8977): handleMessage final msg.what:36, take:2
06-24 16:41:10.409 W/InputMethodManager( 8977): startInputReason = 5
06-24 16:41:10.409 D/MainFragment( 8977): success
06-24 16:41:10.409 D/MainFragment( 8977): jsonObject = {"activityIcon":[{"iconId":"6","iconName":"数据迁移","iconPath":"http:\/\/cdn.multiopen.cn\/origicon\/3rdicon\/iconredpacket\/6\/f1c3f636c8368dc7362e30d9348ed79a.png","type":"5","url":"","browserType":"1","index":null,"subType":null}]}
06-24 16:41:10.409 D/MainFragment( 8977): appAdapter = com.excelliance.kxqp.platforms.AppShortcutGridAdapter@5308512
06-24 16:41:10.409 D/MainFragment( 8977): activityArray = [{"iconId":"6","iconName":"数据迁移","iconPath":"http:\/\/cdn.multiopen.cn\/origicon\/3rdicon\/iconredpacket\/6\/f1c3f636c8368dc7362e30d9348ed79a.png","type":"5","url":"","browserType":"1","index":null,"subType":null}]
06-24 16:41:10.409 D/MainFragment( 8977): iconObject={"iconId":"6","iconName":"数据迁移","iconPath":"http:\/\/cdn.multiopen.cn\/origicon\/3rdicon\/iconredpacket\/6\/f1c3f636c8368dc7362e30d9348ed79a.png","type":"5","url":"","browserType":"1","index":null,"subType":null}
06-24 16:41:10.409 D/MainFragment( 8977): TYPE = 5
06-24 16:41:10.409 D/MainFragment( 8977): activityList size = 0
06-24 16:41:10.410 I/GRALLOC (  679): 	 shrFd=10,fmt=0x1,intFmt=0x200000001,btStrd=4352,size=8486912,pid=679 
06-24 16:41:10.410 I/GRALLOC (  679): 	 yuv=2,w=1080,h=1920,Stride u=0 v=0,offset u=0 v=0 
06-24 16:41:10.410 I/GRALLOC (  679): 	 iova_size=8486912,conUsg=0xb00,proUsg=0xb00,	 strd=1088,[afbc]HdrStrd=1088 PyldStrd=69632 Scrmbl=2,ionhnd = 1 
06-24 16:41:10.411 D/MainFragment( 8977): handleMessage msg.what:28
06-24 16:41:10.412 D/MainFragment( 8977): handleMessage final msg.what:28, take:1
06-24 16:41:10.424 V/AppShortcutGridAdapter( 8977):   parmInt:0 paramViewnull, type = 1
06-24 16:41:10.427 D/PMS11423(  657): package:com.tencent.mm, input flags:0, output hwFlags:0
06-24 16:41:10.427 V/AppShortcutGridAdapter( 8977):   parmInt:0 paramViewandroid.widget.LinearLayout{e337ee0 V.E...... ......I. 0,0-0,0 #7f0c00ed app:id/root}, type = 1
06-24 16:41:10.429 V/AppShortcutGridAdapter( 8977):   parmInt:0 paramViewandroid.widget.LinearLayout{e2d9f6f V.E...... ......I. 0,0-360,360 #7f0c00ed app:id/root}, type = 1
06-24 16:41:10.431 V/AppShortcutGridAdapter( 8977):   parmInt:1 paramViewandroid.widget.LinearLayout{57445b2 V.E...... ......I. 360,0-720,360 #7f0c00ed app:id/root}, type = 1
06-24 16:41:10.431 D/PMS11423(  657): package:com.tencent.mobileqq, input flags:0, output hwFlags:0
06-24 16:41:10.432 V/AppShortcutGridAdapter( 8977):   parmInt:2 paramViewandroid.widget.LinearLayout{27ad90a V.E...... ......I. 720,0-1080,360 #7f0c00ed app:id/root}, type = 1
06-24 16:41:10.432 D/PMS11423(  657): package:com.ifreetalk.ftalk, input flags:0, output hwFlags:0
06-24 16:41:10.433 V/AppShortcutGridAdapter( 8977):   parmInt:3 paramViewandroid.widget.LinearLayout{e337ee0 V.E...... ......I. 0,0-0,0 #7f0c00ed app:id/root}, type = 9
06-24 16:41:10.433 D/AppShortcutGridAdapter( 8977): type TYPE_DATA_MOVE
06-24 16:41:10.439 D/MainFragment( 8977): size = 0
06-24 16:41:10.443 V/AppShortcutGridAdapter( 8977):   parmInt:0 paramViewnull, type = 1
06-24 16:41:10.446 D/PMS11423(  657): package:com.tencent.mm, input flags:0, output hwFlags:0
06-24 16:41:10.447 V/AppShortcutGridAdapter( 8977):   parmInt:0 paramViewandroid.widget.LinearLayout{b0ff70d V.E...... ......I. 0,0-0,0 #7f0c00ed app:id/root}, type = 1
06-24 16:41:10.448 I/dex2oat ( 9816): dex2oat took 90.469ms (127.514ms cpu) (threads: 4) arena alloc=5KB (5688B) java alloc=221KB (226608B) native alloc=1069KB (1094992B) free=2002KB (2050736B)
06-24 16:41:10.449 D/MainFragment( 8977): size = 0
06-24 16:41:10.453 D/VersionManager( 8977): httpsRequest getURL = https://mto.multiopen.cn/adstatis.php?cmd=4&data=eyJ2YyI6MzI0LCJ2biI6IjIuNi4yIiwiY2hpZCI6MTAwMTksInN1YmNoaWQiOjEsInVpZCI6IjM1%0AMyIsImR0IjoiW10ifQ%3D%3D%0A
06-24 16:41:10.460 E/Reflecting  getMessage( 8977): com.excelliance.packageplugin.PackagePluginCallbackImpl 
06-24 16:41:10.460 E/Reflecting   getLocalizedMessage( 8977): com.excelliance.packageplugin.PackagePluginCallbackImpl 
06-24 16:41:10.460 D/Reflecting( 8977): com.excelliance.packageplugin.PackagePluginCallbackImpl
06-24 16:41:10.463 V/InitialData( 8977): capitalize:Plugin
06-24 16:41:10.463 V/GameUtil( 8977): getCurrentVersionByKey : plugin	current_plugin_version	PluginVersion
06-24 16:41:10.463 D/PMS11423(  657): package:com.excelliance.dualaid, input flags:128, output hwFlags:0
06-24 16:41:10.464 V/GameUtil( 8977): saveVersionToFileByKey  xml_key :plugin  result:0
06-24 16:41:10.468 V/GameUtil( 8977): getCurrentVersionByKey  plugin:0
06-24 16:41:10.468 V/InitialData( 8977): capitalize:Plugin
06-24 16:41:10.468 D/PMS11423(  657): package:com.excelliance.dualaid, input flags:128, output hwFlags:0
06-24 16:41:10.469 D/lyl     ( 8977): file:plugin.jar   pay.jar
06-24 16:41:10.469 E/InitialData( 8977): plugin.jar not exist
06-24 16:41:10.469 V/InitialData( 8977): pluginVersion:0    plugin_version:0    current_plugin_version:0
06-24 16:41:10.470 D/InitialData( 8977): current not exits identifing = plugin, current_jar_version = 0
06-24 16:41:10.470 V/GameUtil( 8977): saveVersionToFileByKey  xml_key :plugin  result:0
06-24 16:41:10.470 D/InitialData( 8977): identifing = plugin, jarPath = /data/data/com.excelliance.dualaid/.platformcache/tmp/plugin/plugin.jar
06-24 16:41:10.493 D/NetWorkUtils( 1513): mVSimCurCardType is -1
06-24 16:41:10.498 V/ActivityManager(  657): startProcess: name=com.excelliance.dualaid:lebian app=null knownToBeDead=true thread=null pid=-1
06-24 16:41:10.498 D/PMS1000 (  657): package:com.excelliance.dualaid, input flags:0, output hwFlags:0
06-24 16:41:10.505 W/X509TrustManager( 8977): checkServerTrusted: SignatureException:null
06-24 16:41:10.506 W/X509TrustManager( 8977): checkServerTrusted: SignatureException:error:04000073:RSA routines:OPENSSL_internal:DATA_TOO_LARGE_FOR_MODULUS
06-24 16:41:10.510 I/        ( 9832): power log dlsym ok
06-24 16:41:10.512 I/zygote  ( 9832): Reinit property: dalvik.vm.checkjni= false
06-24 16:41:10.515 I/ActivityManager(  657): Start proc 9832:com.excelliance.dualaid:lebian/u0a1423 for service com.excelliance.dualaid/com.android.ggapsvc.LBService
06-24 16:41:10.521 D/ActivityThread( 9832): ActivityThread,attachApplication
06-24 16:41:10.521 D/ActivityManager(  657): ActivityManagerService,attachApplication,callingPid = 9832
06-24 16:41:10.529 W//system/bin/hwservicemanager(  416): Cannot open /odm/manifest.xml
06-24 16:41:10.538 W//system/bin/hwservicemanager(  416): Cannot open /odm/manifest.xml
06-24 16:41:10.539 I/GRALLOC (  679): 	 shrFd=10,fmt=0x1,intFmt=0x1,btStrd=256,size=4096,pid=679 
06-24 16:41:10.539 I/GRALLOC (  679): 	 yuv=2,w=16,h=16,Stride u=0 v=0,offset u=0 v=0 
06-24 16:41:10.539 I/GRALLOC (  679): 	 iova_size=4096,conUsg=0x100,proUsg=0x100,	 strd=64,[afbc]HdrStrd=0 PyldStrd=0 Scrmbl=0,ionhnd = 1 
06-24 16:41:10.541 D/HwFLClassLoader( 9832): get used feature list :/feature/used-list failed!
06-24 16:41:10.541 D/HwFLClassLoader( 9832): USE_FEATURE_LIST had not init! 
06-24 16:41:10.557 D/VersionManager( 8977): httpsRequest getURL = https://mto.multiopen.cn/adstatis.php?cmd=5&data=eyJ2YyI6MzI0LCJ2biI6IjIuNi4yIiwiY2hpZCI6MTAwMTksInN1YmNoaWQiOjEsInVpZCI6IjM1%0AMyIsImR0IjoiW10ifQ%3D%3D%0A
06-24 16:41:10.562 D/HwGameAssistantController(  657): pid=8945, uid=11423, foreground=false
06-24 16:41:10.565 D/PMS11423(  657): package:com.excelliance.dualaid, input flags:128, output hwFlags:0
06-24 16:41:10.566 W/AwareLog(  657): SchedLevelBoost: onFgActivitiesChanged config not set!
06-24 16:41:10.570 D/MainFragment( 8977): handleMessage msg.what:49
06-24 16:41:10.570 D/ActivityThread( 8945): Remove activity client record, r= ActivityRecord{2c2a792 token=android.os.BinderProxy@f7a1593 {com.excelliance.dualaid/com.excelliance.kxqp.ui.HelloActivity}} token= android.os.BinderProxy@f7a1593
06-24 16:41:10.571 D/MainFragment( 8977): handleMessage final msg.what:49, take:1
06-24 16:41:10.571 D/PlatSdk ( 8977): current = 0
06-24 16:41:10.572 D/PMS11423(  657): package:com.excelliance.dualaid, input flags:128, output hwFlags:0
06-24 16:41:10.572 D/PMS11423(  657): package:com.excelliance.dualaid.b64, input flags:0, output hwFlags:0
06-24 16:41:10.573 V/WindowManager(  657): removeIfPossible: Window{3c3f7c6 u0 com.excelliance.dualaid/com.excelliance.kxqp.ui.HelloActivity EXITING} callers=com.android.server.wm.WindowState.removeIfPossible:1914 com.android.server.wm.WindowManagerService.removeWindow:2022 com.android.server.wm.Session.remove:218 android.view.IWindowSession$Stub.onTransact:242 com.android.server.wm.Session.onTransact:161 
06-24 16:41:10.573 V/WindowManager(  657): Not removing Window{3c3f7c6 u0 com.excelliance.dualaid/com.excelliance.kxqp.ui.HelloActivity EXITING} due to exit animation 
06-24 16:41:10.574 D/PMS11423(  657): package:com.excelliance.dualaid, input flags:128, output hwFlags:0
06-24 16:41:10.575 D/PMS11423(  657): package:com.excelliance.dualaid, input flags:128, output hwFlags:0
06-24 16:41:10.576 D/PMS11423(  657): package:com.excelliance.dualaid.b64, input flags:0, output hwFlags:0
06-24 16:41:10.577 D/SPAESUtil( 8977): v_p_no
06-24 16:41:10.578 E/WindowManager( 8945): 
06-24 16:41:10.578 E/WindowManager( 8945): android.view.WindowLeaked: Activity com.excelliance.kxqp.ui.HelloActivity has leaked window DecorView@9bc6ef[] that was originally added here
06-24 16:41:10.578 E/WindowManager( 8945): 	at android.view.ViewRootImpl.<init>(ViewRootImpl.java:576)
06-24 16:41:10.578 E/WindowManager( 8945): 	at android.view.WindowManagerGlobal.addView(WindowManagerGlobal.java:363)
06-24 16:41:10.578 E/WindowManager( 8945): 	at android.view.WindowManagerImpl.addView(WindowManagerImpl.java:128)
06-24 16:41:10.578 E/WindowManager( 8945): 	at android.app.Dialog.show(Dialog.java:454)
06-24 16:41:10.578 E/WindowManager( 8945): 	at com.excelliance.kxqp.ui.HelloActivity.b(Unknown Source:290)
06-24 16:41:10.578 E/WindowManager( 8945): 	at com.excelliance.kxqp.ui.HelloActivity.a(Unknown Source:143)
06-24 16:41:10.578 E/WindowManager( 8945): 	at com.excelliance.kxqp.ui.HelloActivity$23.onClick(Unknown Source:3)
06-24 16:41:10.578 E/WindowManager( 8945): 	at android.view.View.performClick(View.java:6291)
06-24 16:41:10.578 E/WindowManager( 8945): 	at android.view.View$PerformClick.run(View.java:24931)
06-24 16:41:10.578 E/WindowManager( 8945): 	at android.os.Handler.handleCallback(Handler.java:808)
06-24 16:41:10.578 E/WindowManager( 8945): 	at android.os.Handler.dispatchMessage(Handler.java:101)
06-24 16:41:10.578 E/WindowManager( 8945): 	at android.os.Looper.loop(Looper.java:166)
06-24 16:41:10.578 E/WindowManager( 8945): 	at android.app.ActivityThread.main(ActivityThread.java:7425)
06-24 16:41:10.578 E/WindowManager( 8945): 	at java.lang.reflect.Method.invoke(Native Method)
06-24 16:41:10.578 E/WindowManager( 8945): 	at com.android.internal.os.Zygote$MethodAndArgsCaller.run(Zygote.java:245)
06-24 16:41:10.578 E/WindowManager( 8945): 	at com.android.internal.os.ZygoteInit.main(ZygoteInit.java:921)
06-24 16:41:10.578 D/PMS11423(  657): package:com.excelliance.dualaid, input flags:128, output hwFlags:0
06-24 16:41:10.578 D/StatisticsManager( 8977): Query time diff:1529829670578
06-24 16:41:10.578 I/chatty  (  657): uid=1000(system) Binder:657_2 identical 2 lines
06-24 16:41:10.578 D/PMS11423(  657): package:com.excelliance.dualaid, input flags:128, output hwFlags:0
06-24 16:41:10.579 V/WindowManager(  657): removeAppToken: AppWindowToken{c461669 token=Token{a91e0f0 ActivityRecord{ef1b533 u0 com.excelliance.dualaid/com.excelliance.kxqp.ui.HelloActivity t16062}}} delayed=true Callers=com.android.server.wm.DisplayContent.removeAppToken:985 com.android.server.wm.AppWindowContainerController.removeContainer:348 com.android.server.am.ActivityRecord.removeWindowContainer:1039 com.android.server.am.ActivityStack.removeActivityFromHistoryLocked:4491 
06-24 16:41:10.579 V/WindowManager(  657): removeAppToken make exiting: AppWindowToken{c461669 token=Token{a91e0f0 ActivityRecord{ef1b533 u0 com.excelliance.dualaid/com.excelliance.kxqp.ui.HelloActivity t16062}}}
06-24 16:41:10.580 V/WindowManager(  657): removeIfPossible: Window{e24399e u0 com.excelliance.dualaid/com.excelliance.kxqp.ui.HelloActivity EXITING} callers=com.android.server.wm.WindowState.removeIfPossible:1914 com.android.server.wm.WindowManagerService.removeWindow:2022 com.android.server.wm.Session.remove:218 android.view.IWindowSession$Stub.onTransact:242 com.android.server.wm.Session.onTransact:161 
06-24 16:41:10.580 V/WindowManager(  657): Not removing Window{e24399e u0 com.excelliance.dualaid/com.excelliance.kxqp.ui.HelloActivity EXITING} due to exit animation 
06-24 16:41:10.586 W/X509TrustManager( 8977): checkServerTrusted: SignatureException:null
06-24 16:41:10.586 W/X509TrustManager( 8977): checkServerTrusted: SignatureException:error:04000073:RSA routines:OPENSSL_internal:DATA_TOO_LARGE_FOR_MODULUS
06-24 16:41:10.592 D/PMS11423(  657): package:com.excelliance.dualaid, input flags:128, output hwFlags:0
06-24 16:41:10.626 I/TrafficMonitor(  657): update:rxPkts:49,txPkts:67,rxBytes:24008,txBytes:7199
06-24 16:41:10.626 I/TrafficMonitor(  657): no expired. level:2
06-24 16:41:10.626 I/TrafficMonitor(  657): gettimer:interval=2000
06-24 16:41:10.626 I/TrafficMonitor(  657): during_ms:2002,period_ms:2000
06-24 16:41:10.626 I/TrafficMonitor(  657): count:776,rx_sum:49,tx_sum:67,rxBytes:24008,during_ms:2002,rx_speed:11992.007992007993,tx_speed:3595.9040959040963,rto:0.7313432835820896
06-24 16:41:10.626 D/HuaweiWifiWatchdogStateMachine(  657): speed: rxpkt:49, rxSpd:11992B/s, txpkt:67, txSpd:3595
06-24 16:41:10.626 D/launch-time-RU( 9832): preload 24 classes cost 17ms
06-24 16:41:10.662 V/WindowManager(  657): Exit animation finished in Window{3c3f7c6 u0 com.excelliance.dualaid/com.excelliance.kxqp.ui.HelloActivity EXITING}: remove=true
06-24 16:41:10.662 E/WindowManager(  657): win=Window{3c3f7c6 u0 com.excelliance.dualaid/com.excelliance.kxqp.ui.HelloActivity EXITING} destroySurfaces: appStopped=false win.mWindowRemovalAllowed=true win.mRemoveOnExit=true
06-24 16:41:10.662 E/MemoryLeakMonitorManager( 9832): MemoryLeakMonitor.jar is not exist!
06-24 16:41:10.663 I/WindowManager(  657): Destroying surface Surface(name=com.excelliance.dualaid/com.excelliance.kxqp.ui.HelloActivity) called by com.android.server.wm.WindowStateAnimator.destroySurface:2060 com.android.server.wm.WindowStateAnimator.destroySurfaceLocked:873 com.android.server.wm.HwWindowStateAnimator.destroySurfaceLocked:1006 com.android.server.wm.WindowState.destroyOrSaveSurfaceUnchecked:2990 com.android.server.wm.WindowState.destroySurface:2951 com.android.server.wm.AppWindowToken.destroySurfaces:654 com.android.server.wm.AppWindowToken.destroySurfaces:638 com.android.server.wm.WindowState.onExitAnimationDone:4410 
06-24 16:41:10.663 V/WindowManager(  657): postWindowRemoveCleanupLocked: Window{3c3f7c6 u0 com.excelliance.dualaid/com.excelliance.kxqp.ui.HelloActivity}
06-24 16:41:10.663 V/WindowManager(  657): Removing Window{3c3f7c6 u0 com.excelliance.dualaid/com.excelliance.kxqp.ui.HelloActivity} from AppWindowToken{c461669 token=Token{a91e0f0 ActivityRecord{ef1b533 u0 com.excelliance.dualaid/com.excelliance.kxqp.ui.HelloActivity t16062}}} mIsExiting=
06-24 16:41:10.663 E/MemoryLeakMonitorManager( 9832): MemoryLeakMonitor.jar is not exist!
06-24 16:41:10.663 D/CrashHandler( 9832): CrashHandler
06-24 16:41:10.665 D/KXQPApplication( 9832): run: initUserManager
06-24 16:41:10.666 E/Minikin ( 9832): Could not get cmap table size!
06-24 16:41:10.667 D/PMS11423(  657): package:com.excelliance.dualaid, input flags:128, output hwFlags:0
06-24 16:41:10.667 V/WindowManager(  657): Exit animation finished in Window{e24399e u0 com.excelliance.dualaid/com.excelliance.kxqp.ui.HelloActivity EXITING}: remove=true
06-24 16:41:10.667 E/WindowManager(  657): win=Window{e24399e u0 com.excelliance.dualaid/com.excelliance.kxqp.ui.HelloActivity EXITING} destroySurfaces: appStopped=false win.mWindowRemovalAllowed=true win.mRemoveOnExit=true
06-24 16:41:10.667 I/WindowManager(  657): Destroying surface Surface(name=com.excelliance.dualaid/com.excelliance.kxqp.ui.HelloActivity) called by com.android.server.wm.WindowStateAnimator.destroySurface:2060 com.android.server.wm.WindowStateAnimator.destroySurfaceLocked:873 com.android.server.wm.HwWindowStateAnimator.destroySurfaceLocked:1006 com.android.server.wm.WindowState.destroyOrSaveSurfaceUnchecked:2990 com.android.server.wm.WindowState.destroySurface:2951 com.android.server.wm.AppWindowToken.destroySurfaces:654 com.android.server.wm.AppWindowToken.destroySurfaces:638 com.android.server.wm.WindowState.onExitAnimationDone:4410 
06-24 16:41:10.668 V/WindowManager(  657): postWindowRemoveCleanupLocked: Window{e24399e u0 com.excelliance.dualaid/com.excelliance.kxqp.ui.HelloActivity}
06-24 16:41:10.668 V/WindowManager(  657): Removing Window{e24399e u0 com.excelliance.dualaid/com.excelliance.kxqp.ui.HelloActivity} from AppWindowToken{c461669 token=Token{a91e0f0 ActivityRecord{ef1b533 u0 com.excelliance.dualaid/com.excelliance.kxqp.ui.HelloActivity t16062}}} mIsExiting=
06-24 16:41:10.669 I/HwCust  ( 9832): Constructor found for class android.net.HwCustConnectivityManagerImpl
06-24 16:41:10.669 D/HwCust  ( 9832): Create obj success use class android.net.HwCustConnectivityManagerImpl
06-24 16:41:10.671 D/LBService( 9832): add o=com.android.ggapsvc.LBService, busyCount=1
06-24 16:41:10.671 D/LBService( 9832): onStartCommand action=com.excelliance.dualaid.action.downloadcomp
06-24 16:41:10.671 V/WindowManager(  657): removeAppToken: AppWindowToken{c461669 token=Token{a91e0f0 ActivityRecord{ef1b533 u0 com.excelliance.dualaid/com.excelliance.kxqp.ui.HelloActivity t16062}}} delayed=false Callers=com.android.server.wm.AppWindowToken.removeImmediately:532 com.android.server.wm.AppWindowToken.removeIfPossible:540 com.android.server.wm.AppWindowToken.checkCompleteDeferredRemoval:546 com.android.server.wm.WindowContainer.checkCompleteDeferredRemoval:486 
06-24 16:41:10.672 D/MainFragment( 8977): handleMessage msg.what:29
06-24 16:41:10.672 D/LBService( 9832): add o=com.android.ggapsvc.LBService, busyCount=2
06-24 16:41:10.672 D/LBService( 9832): remove o=com.android.ggapsvc.LBService, busyCount=1
06-24 16:41:10.672 D/DownloadComponentService( 9832): gameId:null check:false gameLib:null url:null gameType:0  savePath:null dmd5:null autodl:false downloadGame:true alarmCheck:false owenShortcutfalse
06-24 16:41:10.673 D/LBService( 9832): remove o=com.android.ggapsvc.LBService, busyCount=0
06-24 16:41:10.673 D/LBService( 9832): add o=com.excelliance.kxqp.d$2, busyCount=1
06-24 16:41:10.673 D/MainFragment( 8977): checkFreeTimeOut:1529829670
06-24 16:41:10.674 D/PayUtil ( 8977): sp is empty
06-24 16:41:10.679 D/PayUtil ( 8977): 本地不存在文件
06-24 16:41:10.680 V/WindowManager(  657): Exit animation finished in Window{68d6975 u0 com.huawei.android.launcher/com.huawei.android.launcher.unihome.UniHomeLauncher EXITING}: remove=false
06-24 16:41:10.682 D/PayUtil ( 8977): sRid = 
06-24 16:41:10.683 D/ImageWallpaper( 1513): onVisibilityChanged: mVisible, visible=true, false
06-24 16:41:10.683 D/ImageWallpaper( 1513): Visibility changed to visible=false
06-24 16:41:10.684 D/MainFragment( 8977): handleMessage final msg.what:29, take:12
06-24 16:41:10.687 D/PMS11423(  657): package:com.excelliance.dualaid, input flags:0, output hwFlags:0
06-24 16:41:10.695 D/PayUtil ( 9832): sp is empty
06-24 16:41:10.699 D/PayUtil ( 9832): 本地不存在文件
06-24 16:41:10.711 D/PMS11423(  657): package:com.excelliance.dualaid, input flags:128, output hwFlags:0
06-24 16:41:10.720 I/chatty  (  657): uid=1000(system) Binder:657_16 identical 5 lines
06-24 16:41:10.720 D/PMS11423(  657): package:com.excelliance.dualaid, input flags:128, output hwFlags:0
06-24 16:41:10.725 D/PMS1000 (  657): package:com.excelliance.dualaid, input flags:8192, output hwFlags:0
06-24 16:41:10.729 D/PMS1001 (  657): package:com.excelliance.dualaid, input flags:0, output hwFlags:0
06-24 16:41:10.736 D/VersionManager( 9832): file exists /storage/emulated/0/.dygameres.apps/game_res/3rd/config/
06-24 16:41:10.738 D/VersionManager( 9832): httpsRequest getURL = https://folder.appota.cn/newofflinead.php?vc=466&vn=4.0.6&chid=10019&subchid=1&imei=867180035321712&imsi=460011092513889&lang=zh_CN&uflag=3&uid=353&type=20&pkg=com.excelliance.dualaid&api=26&release=8.0.0&abi=armeabi-v7a&abi2=armeabi&abilist=arm64-v8a%2Carmeabi-v7a%2Carmeabi&abilist32=armeabi-v7a%2Carmeabi&abilist64=arm64-v8a&brand=HONOR&manufacturer=HUAWEI&model=STF-AL10&product=STF-AL10&tp=3&feature=1&newuser=1&issl=1
06-24 16:41:10.739 D/NetworkSecurityConfig( 9832): No Network Security Config specified, using platform default
06-24 16:41:10.741 W/libc    (  493): Set property "hw.wifi.dns_stat" to "39878,34973,5028,1,53301"
06-24 16:41:10.751 D/MainFragment( 8977): handleMessage msg.what:53
06-24 16:41:10.751 D/MainFragment( 8977): MSG_INIT_OFF_STANDARD_POSITION
06-24 16:41:10.751 D/MainFragment( 8977): handleMessage final msg.what:53, take:0
06-24 16:41:10.761 D/PGGoogleServicePolicy(  657): worksource has gms, prevent hold partial wakelock
06-24 16:41:10.767 V/BroadcastQueue(  657): Finished with ordered broadcast BroadcastRecord{4f103ae u0 null}
06-24 16:41:10.782 W/X509TrustManager( 9832): checkServerTrusted: SignatureException:null
