--------- beginning of main
06-24 15:26:12.040 W/AlarmManager(  657): mIsScreenOn is: true, WAKEUP alarm talarm.operation == null,package name is: android listenerTag is: *job.delay* creator uid is: 1000
--------- beginning of system
06-24 15:26:12.042 D/PMS1000 (  657): package:com.android.email, input flags:1, output hwFlags:33554432
06-24 15:26:12.043 D/PMS1000 (  657): package:com.android.exchange, input flags:1, output hwFlags:0
06-24 15:26:12.043 D/PMS1000 (  657): package:com.google.android.gm, input flags:1, output is null
06-24 15:26:12.043 W/HwAlarmManagerService(  657): isContainsAppUidInWorksource-->happend NameNotFoundException
06-24 15:26:12.043 W/ActivityManager(  657): Unable to start service Intent { flg=0x4 hwFlg=0x900 cmp=com.huawei.systemmanager/com.trustlook.sdk.service.ServiceApkUpload (has extras) } U=0: not found
06-24 15:26:12.046 I/HwAlarmManagerService(  657): hwSetAlarm listenerTag: *job.delay*
06-24 15:26:12.046 I/JobScheduler.Time(  657): mNextDelayExpiredElapsedMillis: 108042676
06-24 15:26:12.049 D/JobServiceContext(  657): Scheduling time out for 'com.google.android.finsky.scheduler.JobSchedulerEngine$PhoneskyJobSchedulerJobService' jId: 9000, in 18 s
06-24 15:26:12.090 D/JobServiceContext(  657): handleServiceBound for febe340 #u0a93/9000 com.android.vending/com.google.android.finsky.scheduler.JobSchedulerEngine$PhoneskyJobSchedulerJobService
06-24 15:26:12.090 D/JobServiceContext(  657): Scheduling time out for 'com.google.android.finsky.scheduler.JobSchedulerEngine$PhoneskyJobSchedulerJobService' jId: 9000, in 8 s
06-24 15:26:12.104 I/Finsky  (26895): [1] com.google.android.finsky.scheduler.JobSchedulerEngine$PhoneskyJobSchedulerJobService.onStartJob(9): onJobSchedulerWakeup
06-24 15:26:12.111 I/Finsky  (26895): [1] com.google.android.finsky.scheduler.p.a(22): Scheduling fallback in 43199995 (absolute: 151110954)
06-24 15:26:12.119 I/Finsky  (26895): [1] com.google.android.finsky.scheduler.p.a(22): Scheduling fallback in 64799993 (absolute: 172710960)
06-24 15:26:12.121 D/JobServiceContext(  657): doCallback of : JobStatus{febe340 #u0a93/9000 com.android.vending/com.google.android.finsky.scheduler.JobSchedulerEngine$PhoneskyJobSchedulerJobService u=0 s=10093 TIME=-83ms:+23h59m44s917ms NET=1 READY} v:VERB_STARTING
06-24 15:26:12.122 D/JobServiceContext(  657): Scheduling time out for 'com.google.android.finsky.scheduler.JobSchedulerEngine$PhoneskyJobSchedulerJobService' jId: 9000, in 600 s
06-24 15:26:12.127 E/Thermal-daemon(  764): [charger_ic] temp_new :39  temp_old :40
06-24 15:26:12.128 I/ThermalService( 1699): Receive temperature change, type: 2, temp: 39 from thermald
06-24 15:26:12.129 D/HwThermalStateManager( 1699): Thermal type: 2 cur_temperature:39
06-24 15:26:12.130 E/Thermal-daemon(  764): Report temperature: [charger_ic] temp :39  report_threshold:1
06-24 15:26:12.132 I/Finsky  (26895): [1] com.google.android.finsky.scheduler.w.handleMessage(32): DeviceState: DeviceState{currentTime=1529825172122, isCharging=false, isIdle=false, netAny=true, netNotRoaming=true, netUnmetered=true}
06-24 15:26:12.146 I/Finsky  (26895): [1] com.google.android.finsky.scheduler.r.a(88): Running job: 1 (12)
06-24 15:26:12.147 I/Finsky  (26895): [1] com.google.android.finsky.ai.c.a(41): ContentSyncJob started
06-24 15:26:12.149 D/PMS1000 (  657): package:com.android.vending, input flags:0, output hwFlags:0
06-24 15:26:12.153 I/appium  (27449): channel read invoked!
06-24 15:26:12.153 I/appium  (27449): channel read: GET /wd/hub/status
06-24 15:26:12.153 I/Finsky  (26895): [1] com.google.android.finsky.scheduler.r.a(160): RunningQueue size: 1
06-24 15:26:12.154 I/Finsky  (26895): [1] com.google.android.finsky.scheduler.r.a(161): PendingQueue size: 0
06-24 15:26:12.156 I/appium  (27449): AppiumResponse: {"sessionId":"SESSIONID","status":0,"value":"Status Invoked"}
06-24 15:26:12.164 I/Finsky  (26895): [4099] com.google.android.finsky.n.c.a(25): Completed 0 account content syncs with 0 successful.
06-24 15:26:12.166 I/Finsky  (26895): [1] com.google.android.finsky.ai.c.a(5): Installation state replication succeeded.
06-24 15:26:12.166 I/Finsky  (26895): [1] com.google.android.finsky.scheduler.aq.b(12): jobFinished: 1 12
06-24 15:26:12.168 I/Finsky  (26895): [1] com.google.android.finsky.scheduler.r.a(185): Job 1 (12) finished
06-24 15:26:12.170 I/Finsky  (26895): [1] com.google.android.finsky.scheduler.r.a(160): RunningQueue size: 0
06-24 15:26:12.170 I/Finsky  (26895): [1] com.google.android.finsky.scheduler.r.a(161): PendingQueue size: 0
06-24 15:26:12.171 I/Finsky  (26895): [1] com.google.android.finsky.scheduler.w.handleMessage(216): Executor finished
06-24 15:26:12.161 I/chatty  (  657): uid=1000(system) Binder:657_1C identical 18 lines
06-24 15:26:12.162 D/PMS1000 (  657): package:com.android.vending, input flags:0, output hwFlags:0
06-24 15:26:12.175 D/JobServiceContext(  657): doCallback of : JobStatus{febe340 #u0a93/9000 com.android.vending/com.google.android.finsky.scheduler.JobSchedulerEngine$PhoneskyJobSchedulerJobService u=0 s=10093 TIME=-136ms:+23h59m44s864ms NET=1 READY} v:VERB_EXECUTING
06-24 15:26:12.191 I/Finsky  (26895): [1] com.google.android.finsky.scheduler.JobSchedulerEngine.a(61): Scheduling job with id: 9001
06-24 15:26:12.192 I/appium  (27449): channel read invoked!
06-24 15:26:12.192 I/appium  (27449): channel read: POST /wd/hub/session
06-24 15:26:12.194 D/appium  (27449): payload: {"desiredCapabilities":{"platform":"LINUX","webStorageEnabled":false,"takesScreenshot":true,"javascriptEnabled":true,"databaseEnabled":false,"networkConnectionEnabled":true,"locationContextEnabled":false,"warnings":{},"desired":{"platformName":"Android","platformVersion":"8.0.0\n","deviceName":"CSX0217930000442","appPackage":"com.excelliance.dualaid","appActivity":"com.excelliance.kxqp.ui.HelloActivity","newCommandTimeout":30000,"automationName":"uiautomator2"},"platformName":"Android","platformVersion":"8.0.0","deviceName":"CSX0217930000442","appPackage":"com.excelliance.dualaid","appActivity":"com.excelliance.kxqp.ui.HelloActivity","newCommandTimeout":30000,"automationName":"uiautomator2","deviceUDID":"CSX0217930000442","deviceScreenSize":"1080x1920","deviceScreenDensity":480,"deviceModel":"STF-AL10","deviceManufacturer":"HUAWEI"}}
06-24 15:26:12.198 I/appium  (27449): Session Created with SessionID:430f898e-b004-401b-98f6-7aab5063465f
06-24 15:26:12.198 I/appium  (27449): AppiumResponse: {"sessionId":"430f898e-b004-401b-98f6-7aab5063465f","status":0,"value":"Created Session"}
06-24 15:26:12.314 I/ActivityManager(  657): Force stopping com.excelliance.dualaid appid=11421 user=0: from pid 27488by app
06-24 15:26:12.323 V/AlarmManager(  657): UninstallReceiver onReceive action:android.intent.action.PACKAGE_RESTARTED
06-24 15:26:12.325 D/HwBastetService(  657): BroadcastReceiver android.intent.action.PACKAGE_RESTARTED
06-24 15:26:12.327 I/HwCoreAppHelperService( 1478): LocalReceiver receives:android.intent.action.PACKAGE_RESTARTED,pkg:com.excelliance.dualaid,uid:11421
06-24 15:26:12.329 E/NfcNci  ( 2677): NfcUtils error: APP have nfc permission
06-24 15:26:12.330 D/CarrierSvcBindHelper( 1715): No carrier app for: 0
06-24 15:26:12.331 D/CarrierSvcBindHelper( 1715): No carrier app for: 1
06-24 15:26:12.331 D/HwGpsPowerTracker(  657): LocalReceiver receives:android.intent.action.PACKAGE_RESTARTED
06-24 15:26:12.331 D/PMS1000 (  657): package:com.excelliance.dualaid, input flags:0, output hwFlags:0
06-24 15:26:12.334 D/PMS1027 (  657): package:com.google.android.apps.walletnfcrel, input flags:8192, output is null
06-24 15:26:12.337 D/ApduServiceInfo( 2677): No com.nxp.nfc.extensions meta-data
06-24 15:26:12.346 I/chatty  ( 2677): uid=1027(nfc) com.android.nfc identical 3 lines
06-24 15:26:12.349 D/ApduServiceInfo( 2677): No com.nxp.nfc.extensions meta-data
06-24 15:26:12.350 E/ApduServiceInfo( 2677): SE extension not present, Setting default offhost seID
06-24 15:26:12.360 E/NfcNci  ( 2677): NfcUtils error: APP have nfc permission
06-24 15:26:12.413 I/NetworkSpeedManagerEx( 1513): mIsStop = false
06-24 15:26:12.414 I/NetworkSpeedManagerEx( 1513):  runInThread getTetherStats
06-24 15:26:12.415 I/NetworkSpeedManagerEx( 1513):  runInUI refreshSpeed
06-24 15:26:12.417 I/NetworkSpeedManagerEx( 1513): value=243.66667speed = 244
06-24 15:26:12.417 I/NetworkSpeedManagerEx( 1513): B/smIsShowLastSpeedValuefalse
06-24 15:26:12.417 I/NetworkSpeedView( 1513): /update(), speed=244
06-24 15:26:12.417 I/NetworkSpeedView( 1513): B/s parent class:class com.android.systemui.statusbar.HwSystemIcons
06-24 15:26:12.448 I/NetworkSpeedManagerEx( 1513): mIsStop = false
06-24 15:26:12.448 I/NetworkSpeedManagerEx( 1513):  runInThread getTetherStats
06-24 15:26:12.449 I/NetworkSpeedManagerEx( 1513):  runInUI refreshSpeed
06-24 15:26:12.452 I/NetworkSpeedManagerEx( 1513): value=243.66667speed = 244
06-24 15:26:12.452 I/NetworkSpeedManagerEx( 1513): B/smIsShowLastSpeedValuefalse
06-24 15:26:12.452 I/NetworkSpeedView( 1513): /update(), speed=244
06-24 15:26:12.452 I/NetworkSpeedView( 1513): B/s parent class:class com.android.systemui.statusbar.HwSystemIcons
06-24 15:26:12.575 I/ActivityManager(  657): START u0 {act=android.intent.action.MAIN cat=[android.intent.category.LAUNCHER] flg=0x10200000 cmp=com.excelliance.dualaid/com.excelliance.kxqp.ui.HelloActivity} from uid 2000
06-24 15:26:12.582 I/ash     ( 1699): front pkg : com.excelliance.dualaid launcher: false
06-24 15:26:12.582 I/ash     ( 1699): above launcher front pkgs: [com.excelliance.dualaid]
06-24 15:26:12.583 I/ActivityManager(  657): ActivityRecord info: ActivityInfo{d226194 com.excelliance.kxqp.ui.HelloActivity}
06-24 15:26:12.584 D/PMS1000 (  657): package:com.excelliance.dualaid, input flags:268436480, output hwFlags:0
06-24 15:26:12.594 V/WindowManager(  657): addAppToken: AppWindowToken{58e0300 token=Token{53fd583 ActivityRecord{d512432 u0 com.excelliance.dualaid/com.excelliance.kxqp.ui.HelloActivity t16006}}} controller={TaskWindowContainerController taskId=16006} at 2147483647
06-24 15:26:12.596 D/MotionDetectionManager( 2519): stopMotionAppsReco motionApps: 403
06-24 15:26:12.596 D/MotionDetectionManager( 2519): stopMotionAppsReco not recognition motionApps 403
06-24 15:26:12.596 W/HwLauncher( 2519): Launcher.MotionManager stopMotionAppsReco service flg 403 is unavailable
06-24 15:26:12.596 I/ActivityManager(  657): mWaitingActivityLaunched add ComponentName = null
06-24 15:26:12.598 V/ActivityManager(  657): startProcess: name=com.excelliance.dualaid:olle app=null knownToBeDead=true thread=null pid=-1
06-24 15:26:12.598 D/PMS1000 (  657): package:com.excelliance.dualaid, input flags:0, output hwFlags:0
06-24 15:26:12.607 I/ActivityManager(  657): Start proc 27495:com.excelliance.dualaid:olle/u0a1421 for activity com.excelliance.dualaid/com.excelliance.kxqp.ui.HelloActivity
06-24 15:26:12.608 V/WindowManager(  657): No longer Stopped: AppWindowToken{58e0300 token=Token{53fd583 ActivityRecord{d512432 u0 com.excelliance.dualaid/com.excelliance.kxqp.ui.HelloActivity t16006}}}
06-24 15:26:12.608 V/ActivityManager(  657): startProcess: name=com.excelliance.dualaid:olle app=ProcessRecord{4617739 27495:com.excelliance.dualaid:olle/u0a1421} knownToBeDead=true thread=null pid=27495
06-24 15:26:12.608 I/AwareLog(  769): IAWARE_PREREAD_FILE
06-24 15:26:12.609 D/AwareLog(  769): iawared: touch_file  base.odex
06-24 15:26:12.609 D/AwareLog(  769): iawared: touch_file  base.vdex
06-24 15:26:12.609 D/AwareLog(  769): preread_pkgfile com.excelliance.dualaid took 0 ms
06-24 15:26:12.609 D/AwareLog(  769): preread_pkgfile com.excelliance.dualaid read 507904 Bytes.
06-24 15:26:12.609 I/        (27495): power log dlsym ok
06-24 15:26:12.612 I/zygote  (27495): Reinit property: dalvik.vm.checkjni= false
06-24 15:26:12.616 I/PGServer( 1699): android calls fast hibernateApps
06-24 15:26:12.616 I/AppFastHibernation( 1699): fast hibernate duration: 1500 reason: start activity
06-24 15:26:12.616 I/Pged-IPgedBinderService(  769): ****action is 1, pid num is 6***
06-24 15:26:12.616 I/Pged-Freezer(  769): freezePids
06-24 15:26:12.616 I/Pged-Freezer(  769): Freeze process: 29457
06-24 15:26:12.617 I/Pged-Freezer(  769): Freeze process: 29531
06-24 15:26:12.617 I/Pged-Freezer(  769): Freeze process: 29347
06-24 15:26:12.617 I/Pged-Freezer(  769): Freeze process: 27318
06-24 15:26:12.617 I/Pged-Freezer(  769): Freeze process: 27449
06-24 15:26:12.618 D/PgedBinderAdapter( 1699): frz ok, pid: [29457, 29531, 29347, 27318, 27449]
06-24 15:26:12.620 D/PMS1000 (  657): package:com.excelliance.dualaid, input flags:1, output hwFlags:0
06-24 15:26:12.624 D/ActivityThread(27495): ActivityThread,attachApplication
06-24 15:26:12.625 D/ActivityManager(  657): ActivityManagerService,attachApplication,callingPid = 27495
06-24 15:26:12.626 V/WindowManager(  657): No longer Stopped: AppWindowToken{58e0300 token=Token{53fd583 ActivityRecord{d512432 u0 com.excelliance.dualaid/com.excelliance.kxqp.ui.HelloActivity t16006}}}
06-24 15:26:12.641 V/WindowManager(  657): findFocusedWindow: AppWindowToken{d3a938b token=Token{377755a ActivityRecord{d5c9105 u0 com.huawei.android.launcher/.unihome.UniHomeLauncher t15658}}} below Reached focused app=AppWindowToken{58e0300 token=Token{53fd583 ActivityRecord{d512432 u0 com.excelliance.dualaid/com.excelliance.kxqp.ui.HelloActivity t16006}}}
06-24 15:26:12.643 V/WindowManager(  657): Checking 1 opening apps (frozen=false timeout=false)...
06-24 15:26:12.643 V/WindowManager(  657): Check opening app=AppWindowToken{58e0300 token=Token{53fd583 ActivityRecord{d512432 u0 com.excelliance.dualaid/com.excelliance.kxqp.ui.HelloActivity t16006}}}: allDrawn=false startingDisplayed=false startingMoved=false isRelaunching()=false
06-24 15:26:12.644 D/ScenarioService( 1699): front pkg : com.excelliance.dualaid launcher: false
06-24 15:26:12.644 D/ScenarioService( 1699): new above launcher front pkgs: [com.excelliance.dualaid]
06-24 15:26:12.644 I/AppsUsage( 1699): scnOff:false FgAPP:com.excelliance.dualaid BgAPP:com.huawei.android.launcher
06-24 15:26:12.644 D/PMS1000 (  657): package:com.excelliance.dualaid, input flags:0, output hwFlags:0
06-24 15:26:12.645 D/HwQoEUtils(  657): mForegroundAppPackageName: com.excelliance.dualaid:olle ,score: 0
06-24 15:26:12.645 D/HwQoEUtils(  657): APP type: -1 appName= com.excelliance.dualaid:olle
06-24 15:26:12.645 D/HwQoEUtils(  657): RealAppName:com.excelliance.dualaid
06-24 15:26:12.645 D/HwQoEUtils(  657): no game, APP_TYPE_GAME, appName =com.excelliance.dualaid:olle
06-24 15:26:12.645 D/HwGameAssistantController(  657): pid=27495, uid=11421, foreground=true
06-24 15:26:12.647 W/AwareLog(  657): SchedLevelBoost: onFgActivitiesChanged config not set!
06-24 15:26:12.647 I/HwNetworkPolicy(  657): onTransact, code = 203
06-24 15:26:12.647 I/HwNetworkPolicyManager( 1813): getHwUidPolicy uid = 11421 policy = 0
06-24 15:26:12.648 W//system/bin/hwservicemanager(  416): Cannot open /odm/manifest.xml
06-24 15:26:12.651 I/PGServer( 1699): checkPkgType. calling pkg: com.huawei.iaware
06-24 15:26:12.652 V/AudioManager( 1699): setParameters  keyValuePairs: updateAppLowPowerParams=167783581
06-24 15:26:12.652 D/EmcomManagerService(  657): forePackage name is com.excelliance.dualaid
06-24 15:26:12.653 D/HicomPolicyManager(  657): foreAppInfo = nullpkgName = com.excelliance.dualaid uid= 11421
06-24 15:26:12.653 E/HicomPolicyManager(  657): udp acc is not start yet!
06-24 15:26:12.653 D/HicomPolicyManager(  657): speed control is not start
06-24 15:26:12.653 E/HicomPolicyManager(  657): Network Evaluation is not start yet!
06-24 15:26:12.653 E/HicomPolicyManager(  657): foreground app info is null
06-24 15:26:12.653 D/AdBlock_AbsAdRequest(13110): doRequest
06-24 15:26:12.653 D/[HwRecSys]HwRecSysService( 2647): onEvent actionID: 10000 msg:com.excelliance.dualaid		
06-24 15:26:12.653 E/[HwRecSys]HwRecSysService( 2647): getIsRportDirectService is false!
06-24 15:26:12.656 W/libc    ( 1699): Set property "sys.aps.gameProcessName" to ""
06-24 15:26:12.657 I/PGServer( 1699): report state:10010 event type:2 pid:0 uid:0 pkg:com.huawei.android.launcher to pid: 657
06-24 15:26:12.657 I/PGServer( 1699): report state:10010 event type:2 pid:0 uid:0 pkg:com.huawei.android.launcher to pid: 1699
06-24 15:26:12.657 I/SceneReceiver( 1699): state type: 10010 eventType:2 pid:0 uid:0 pkg:com.huawei.android.launcher
06-24 15:26:12.657 I/PGServer( 1699): report state:10000 event type:1 pid:0 uid:0 pkg:com.excelliance.dualaid to pid: 657
06-24 15:26:12.657 I/PGServer( 1699): report state:10000 event type:1 pid:0 uid:0 pkg:com.excelliance.dualaid to pid: 1699
06-24 15:26:12.657 I/SceneReceiver( 1699): state type: 10000 eventType:1 pid:0 uid:0 pkg:com.excelliance.dualaid
06-24 15:26:12.657 D/HwThermalStateManager( 1699): current foreapp pkg : com.excelliance.dualaid
06-24 15:26:12.658 I/GRALLOC (  679): 	 shrFd=10,fmt=0x1,intFmt=0x200000001,btStrd=4352,size=8486912,pid=679 
06-24 15:26:12.658 I/GRALLOC (  679): 	 yuv=2,w=1080,h=1920,Stride u=0 v=0,offset u=0 v=0 
06-24 15:26:12.658 I/GRALLOC (  679): 	 iova_size=8486912,conUsg=0xb00,proUsg=0xb00,	 strd=1088,[afbc]HdrStrd=1088 PyldStrd=69632 Scrmbl=2,ionhnd = 1 
06-24 15:26:12.659 W/libc    ( 1699): Set property "sys.aps.browserProcessName" to ""
06-24 15:26:12.659 I/PGServer( 1699): checkPkgType. calling pkg: android
06-24 15:26:12.660 I/PGServer( 1699): checkPkgType. calling pkg: android
06-24 15:26:12.660 D/HwFLClassLoader(27495): get used feature list :/feature/used-list failed!
06-24 15:26:12.660 D/HwFLClassLoader(27495): USE_FEATURE_LIST had not init! 
06-24 15:26:12.663 W//system/bin/hwservicemanager(  416): Cannot open /odm/manifest.xml
06-24 15:26:12.667 I/GRALLOC (  679): 	 shrFd=10,fmt=0x1,intFmt=0x1,btStrd=256,size=4096,pid=679 
06-24 15:26:12.667 I/GRALLOC (  679): 	 yuv=2,w=16,h=16,Stride u=0 v=0,offset u=0 v=0 
06-24 15:26:12.667 I/GRALLOC (  679): 	 iova_size=4096,conUsg=0x100,proUsg=0x100,	 strd=64,[afbc]HdrStrd=0 PyldStrd=0 Scrmbl=0,ionhnd = 1 
06-24 15:26:12.670 D/AdBlock_AbsAdRequest(13110): getPostRequestParam param: apps=%5B%7B%22pkgName%22%3A%22com.excelliance.dualaid%22%2C%22versionCode%22%3A466%2C%22version%22%3A%224.0.6%22%7D%5D&buildNumber=STF-AL10+8.0.0.346%28C00%29&clientPackage=com.huawei.systemmanager&emuiVer=EmotionUI_8.0.0&firmwareVersion=8.0.0&locale=zh_CN&method=store.getControlStrategy&phoneType=STF-AL10&resolution=1080x1920&sysBits=2&ts=1529825172654&version=8.0.0.300
06-24 15:26:12.670 D/HsmJoinRequest(13110): https request.
06-24 15:26:12.671 D/HsmJoinRequest(13110): doPostRequest openConnection already!
06-24 15:26:12.671 D/HsmGzipRequest(13110): setRequestProperty jsonObject already!
06-24 15:26:12.673 D/HsmGzipRequest(13110): Get wakeLock now
06-24 15:26:12.676 E/MemoryLeakMonitorManager(27495): MemoryLeakMonitor.jar is not exist!
06-24 15:26:12.676 D/CrashHandler(27495): CrashHandler
06-24 15:26:12.677 E/Minikin (27495): Could not get cmap table size!
06-24 15:26:12.677 D/KXQPApplication(27495): run: initUserManager
06-24 15:26:12.677 D/PMS11421(  657): package:com.excelliance.dualaid, input flags:128, output hwFlags:0
06-24 15:26:12.685 D/HwArpVerifier(  657): performPollAndLog:
06-24 15:26:12.686 I/HwCust  (27495): Constructor found for class android.app.HwCustActivityImpl
06-24 15:26:12.686 D/HwCust  (27495): Create obj success use class android.app.HwCustActivityImpl
06-24 15:26:12.687 D/hw_netstat(  657): total/671/120,unknown:0/671/0,android.uid.system:1000/0/60,com.android.vending/0/60
06-24 15:26:12.688 V/HwPolicyFactory(27495): : success to get AllImpl object and return....
06-24 15:26:12.689 I/HwCust  (27495): Constructor found for class android.app.HwCustHwWallpaperManagerImpl
06-24 15:26:12.689 D/HwCust  (27495): Create obj success use class android.app.HwCustHwWallpaperManagerImpl
06-24 15:26:12.690 D/PMS11421(  657): package:com.excelliance.dualaid, input flags:0, output hwFlags:0
06-24 15:26:12.691 V/HwWidgetFactory(27495): : successes to get AllImpl object and return....
06-24 15:26:12.692 V/ActivityThread(27495): ActivityThread,callActivityOnCreate
06-24 15:26:12.693 D/HelloActivity(27495): Memory:25147M
06-24 15:26:12.694 D/HelloActivity(27495): onCreate: true
06-24 15:26:12.696 D/HelloActivity(27495): is code boot
06-24 15:26:12.699 D/HelloActivity(27495): mIsNav = false
06-24 15:26:12.712 D/HsmOpenSSLSocketFactory(13110): enter setEnableSafeCipherSuites
06-24 15:26:12.717 D/HelloActivity(27495): defDisplayStyle:5
06-24 15:26:12.719 D/HttpUtils(27495): getDownloadMode()
06-24 15:26:12.719 D/NetUtils(27495): init inited = true
06-24 15:26:12.719 D/HelloActivity(27495): enter Nav2
06-24 15:26:12.721 I/ActivityManager(  657): START u0 {pkg=com.excelliance.dualaid cmp=com.excelliance.dualaid/com.excelliance.kxqp.swipe.NavActivity2 (has extras)} from uid 11421
06-24 15:26:12.722 D/NetworkSecurityConfig(27495): No Network Security Config specified, using platform default
06-24 15:26:12.722 I/ActivityManager(  657): ActivityRecord info: ActivityInfo{46c71fb com.excelliance.kxqp.swipe.NavActivity2}
06-24 15:26:12.722 V/WindowManager(  657): findFocusedWindow: AppWindowToken{d3a938b token=Token{377755a ActivityRecord{d5c9105 u0 com.huawei.android.launcher/.unihome.UniHomeLauncher t15658}}} below Reached focused app=AppWindowToken{58e0300 token=Token{53fd583 ActivityRecord{d512432 u0 com.excelliance.dualaid/com.excelliance.kxqp.ui.HelloActivity t16006}}}
06-24 15:26:12.723 V/WindowManager(  657): addAppToken: AppWindowToken{2f41256 token=Token{7bdd471 ActivityRecord{93218 u0 com.excelliance.dualaid/com.excelliance.kxqp.swipe.NavActivity2 t16006}}} controller={TaskWindowContainerController taskId=16006} at 2147483647
06-24 15:26:12.728 V/ActivityManager(  657): startProcess: name=com.excelliance.dualaid app=null knownToBeDead=true thread=null pid=-1
06-24 15:26:12.728 D/PMS1000 (  657): package:com.excelliance.dualaid, input flags:0, output hwFlags:0
06-24 15:26:12.735 I/ActivityManager(  657): Start proc 27523:com.excelliance.dualaid/u0a1421 for service com.excelliance.dualaid/com.excelliance.kxqp.SmtServService
06-24 15:26:12.736 I/        (27523): power log dlsym ok
06-24 15:26:12.736 I/TrafficMonitor(  657): update:rxPkts:6,txPkts:6,rxBytes:783,txBytes:504
06-24 15:26:12.736 I/TrafficMonitor(  657): start expired. level:-1
06-24 15:26:12.736 I/TrafficMonitor(  657): gettimer:interval=2000
06-24 15:26:12.738 I/zygote  (27523): Reinit property: dalvik.vm.checkjni= false
06-24 15:26:12.741 D/HwNetworkManagementService(  657): code == CODE_GET_AD_KEY_LIST
06-24 15:26:12.741 D/HwNetworkManagementService(  657): appName = com.excelliance.dualaid  is not in the mAdViewMap! reply none
06-24 15:26:12.742 D/HwNetworkManagementService(  657): appName = com.excelliance.dualaid  is not in the mAdIdMap! reply none
06-24 15:26:12.744 D/ActivityThread(27495): add activity client record, r= ActivityRecord{cbe2ddc token=android.os.BinderProxy@d13fa03 {com.excelliance.dualaid/com.excelliance.kxqp.ui.HelloActivity}} token= android.os.BinderProxy@d13fa03
06-24 15:26:12.745 V/WindowManager(  657): No longer Stopped: AppWindowToken{2f41256 token=Token{7bdd471 ActivityRecord{93218 u0 com.excelliance.dualaid/com.excelliance.kxqp.swipe.NavActivity2 t16006}}}
06-24 15:26:12.745 V/WindowManager(  657): No longer Stopped: AppWindowToken{2f41256 token=Token{7bdd471 ActivityRecord{93218 u0 com.excelliance.dualaid/com.excelliance.kxqp.swipe.NavActivity2 t16006}}}
06-24 15:26:12.746 D/ActivityThread(27523): ActivityThread,attachApplication
06-24 15:26:12.750 V/WindowManager(  657): Checking 1 opening apps (frozen=false timeout=false)...
06-24 15:26:12.750 V/WindowManager(  657): Check opening app=AppWindowToken{2f41256 token=Token{7bdd471 ActivityRecord{93218 u0 com.excelliance.dualaid/com.excelliance.kxqp.swipe.NavActivity2 t16006}}}: allDrawn=false startingDisplayed=false startingMoved=false isRelaunching()=false
06-24 15:26:12.751 D/ActivityManager(  657): ActivityManagerService,attachApplication,callingPid = 27523
06-24 15:26:12.753 W/X509TrustManager(27495): checkServerTrusted: SignatureException:null
06-24 15:26:12.753 W/X509TrustManager(27495): checkServerTrusted: SignatureException:error:04000073:RSA routines:OPENSSL_internal:DATA_TOO_LARGE_FOR_MODULUS
06-24 15:26:12.755 D/HwCust  (27495): Create obj success use class android.app.HwCustActivityImpl
06-24 15:26:12.755 D/HwCust  (27495): Create obj success use class android.app.HwCustHwWallpaperManagerImpl
06-24 15:26:12.756 V/ActivityThread(27495): ActivityThread,callActivityOnCreate
06-24 15:26:12.758 W//system/bin/hwservicemanager(  416): Cannot open /odm/manifest.xml
06-24 15:26:12.759 D/PMS11421(  657): package:com.excelliance.dualaid, input flags:128, output hwFlags:0
06-24 15:26:12.764 D/NavActivity2(27495): onCreate
06-24 15:26:12.770 W/Utils   (27495): Utils_isSuperResolutionSupport [load libai_client.so failed]
06-24 15:26:12.771 W//system/bin/hwservicemanager(  416): Cannot open /odm/manifest.xml
06-24 15:26:12.772 D/CubicBezierInterpolator(27495): CubicBezierInterpolator  mControlPoint1x = 0.23, mControlPoint1y = 0.06, mControlPoint2x = 0.09, mControlPoint2y = 0.97
06-24 15:26:12.772 D/CubicBezierInterpolator(27495): CubicBezierInterpolator  mControlPoint1x = 0.6, mControlPoint1y = 0.9, mControlPoint2x = 0.8, mControlPoint2y = 1.0
06-24 15:26:12.772 D/CubicBezierInterpolator(27495): CubicBezierInterpolator  mControlPoint1x = 0.23, mControlPoint1y = 0.06, mControlPoint2x = 0.09, mControlPoint2y = 0.97
06-24 15:26:12.772 D/CubicBezierInterpolator(27495): CubicBezierInterpolator  mControlPoint1x = 0.6, mControlPoint1y = 0.9, mControlPoint2x = 0.8, mControlPoint2y = 1.0
06-24 15:26:12.773 I/GRALLOC (  679): 	 shrFd=10,fmt=0x1,intFmt=0x1,btStrd=256,size=4096,pid=679 
06-24 15:26:12.773 I/GRALLOC (  679): 	 yuv=2,w=16,h=16,Stride u=0 v=0,offset u=0 v=0 
06-24 15:26:12.773 I/GRALLOC (  679): 	 iova_size=4096,conUsg=0x100,proUsg=0x100,	 strd=64,[afbc]HdrStrd=0 PyldStrd=0 Scrmbl=0,ionhnd = 1 
06-24 15:26:12.773 D/CubicBezierInterpolator(27495): CubicBezierInterpolator  mControlPoint1x = 0.23, mControlPoint1y = 0.06, mControlPoint2x = 0.09, mControlPoint2y = 0.97
06-24 15:26:12.773 D/CubicBezierInterpolator(27495): CubicBezierInterpolator  mControlPoint1x = 0.6, mControlPoint1y = 0.9, mControlPoint2x = 0.8, mControlPoint2y = 1.0
06-24 15:26:12.773 D/CubicBezierInterpolator(27495): CubicBezierInterpolator  mControlPoint1x = 0.23, mControlPoint1y = 0.06, mControlPoint2x = 0.09, mControlPoint2y = 0.97
06-24 15:26:12.773 D/CubicBezierInterpolator(27495): CubicBezierInterpolator  mControlPoint1x = 0.6, mControlPoint1y = 0.9, mControlPoint2x = 0.8, mControlPoint2y = 1.0
06-24 15:26:12.774 D/HwFLClassLoader(27523): get used feature list :/feature/used-list failed!
06-24 15:26:12.774 D/HwFLClassLoader(27523): USE_FEATURE_LIST had not init! 
06-24 15:26:12.779 D/HwRTBlurUtils(27495): check blur style for HwPhoneWindow-, themeResId : 0x7f0e000a, context : com.excelliance.kxqp.swipe.NavActivity2@794246b, Nhwext : 0, get Blur : disable with , null
06-24 15:26:12.779 D/HwRTBlurUtils(27495): check blur style for HwPhoneWindow-, themeResId : 0x7f0e000a, context : com.excelliance.kxqp.swipe.NavActivity2@794246b, Nhwext : 0, get Blur : disable with , null
06-24 15:26:12.780 E/test    (27495): hw notch screen flag api error
06-24 15:26:12.762 D/PMS11421(  657): package:com.excelliance.dualaid, input flags:128, output hwFlags:0
06-24 15:26:12.782 D/ActivityThread(27495): add activity client record, r= ActivityRecord{414755e token=android.os.BinderProxy@31abee5 {com.excelliance.dualaid/com.excelliance.kxqp.swipe.NavActivity2}} token= android.os.BinderProxy@31abee5
06-24 15:26:12.783 E/ViewUtils(27495): setBgColor: view==null:top
06-24 15:26:12.786 D/HttpUtils(27495): getResponseCode():200
06-24 15:26:12.786 D/WHEG    (27495): {"status":"0","controls":"","skip":"0"}
06-24 15:26:12.788 D/PMS11421(  657): package:com.excelliance.dualaid, input flags:128, output hwFlags:0
06-24 15:26:12.789 D/OpenGLRenderer(27495):   HWUI Binary is  enabled
06-24 15:26:12.790 D/SurfaceFlinger(  710): SurfaceFlinger: getDisplayConfigs--3.000000, 1080, 1920
06-24 15:26:12.790 I/chatty  (  710): uid=1000(system) Binder:710_4 identical 1 line
06-24 15:26:12.790 D/SurfaceFlinger(  710): SurfaceFlinger: getDisplayConfigs--3.000000, 1080, 1920
06-24 15:26:12.790 D/OpenGLRenderer(27495): HWUI GL Pipeline
06-24 15:26:12.792 D/PMS11421(  657): package:com.excelliance.dualaid, input flags:128, output hwFlags:0
06-24 15:26:12.794 V/WindowManager(  657): Adding Window{75a9e65 u0 com.excelliance.dualaid/com.excelliance.kxqp.swipe.NavActivity2} to AppWindowToken{2f41256 token=Token{7bdd471 ActivityRecord{93218 u0 com.excelliance.dualaid/com.excelliance.kxqp.swipe.NavActivity2 t16006}}}
06-24 15:26:12.795 V/WindowManager(  657): addWindow: New client android.os.BinderProxy@f9bdb5c: window=Window{75a9e65 u0 com.excelliance.dualaid/com.excelliance.kxqp.swipe.NavActivity2} Callers=com.android.server.wm.HwWindowManagerService.addWindow:562 com.android.server.wm.Session.addToDisplay:199 android.view.IWindowSession$Stub.onTransact:124 com.android.server.wm.Session.onTransact:161 android.os.Binder.execTransact:675 
06-24 15:26:12.796 D/PMS11421(  657): package:com.excelliance.dualaid, input flags:128, output hwFlags:0
06-24 15:26:12.798 V/WindowManager(  657): Checking 1 opening apps (frozen=false timeout=false)...
06-24 15:26:12.798 V/WindowManager(  657): Check opening app=AppWindowToken{2f41256 token=Token{7bdd471 ActivityRecord{93218 u0 com.excelliance.dualaid/com.excelliance.kxqp.swipe.NavActivity2 t16006}}}: allDrawn=false startingDisplayed=false startingMoved=false isRelaunching()=false
06-24 15:26:12.802 D/HwGalleryCacheManagerImpl(27495): mIsEffect:false
06-24 15:26:12.804 D/PMS11421(  657): package:com.excelliance.dualaid, input flags:128, output hwFlags:0
06-24 15:26:12.815 D/HsmGzipRequest(13110): doPostRequest finally closeOutputStream!
06-24 15:26:12.846 D/HsmGzipRequest(13110): Release wakeLock now
06-24 15:26:12.850 D/HwRecentsLockUtils( 1513): Search
06-24 15:26:12.850 E/HsmCoreServiceImpl( 1478): onTransact in code is: 103
06-24 15:26:12.850 I/MediaProcessHandler( 1478): playingUids: 
06-24 15:26:12.822 I/chatty  (  657): uid=1000(system) Binder:657_D identical 5 lines
06-24 15:26:12.822 D/PMS11421(  657): package:com.excelliance.dualaid, input flags:128, output hwFlags:0
06-24 15:26:12.850 D/ActivityManager(  657): Skipping, home or recents stack task: TaskRecord{333215f #15658 A=com.huawei.android.launcher U=0 StackId=0 sz=1}
06-24 15:26:12.850 D/ActivityManager(  657): Skipping intent:act=android.intent.action.MAIN cat=[android.intent.category.LAUNCHER] flg=0x10a00000 cmp=io.appium.settings/.Settings
06-24 15:26:12.850 D/ActivityManager(  657): Skipping intent:flg=0x10804000 cmp=com.android.systemui/.recents.RecentsActivity bnds=[48,928][1032,2296]
06-24 15:26:12.850 D/ActivityManager(  657): Skipping intent:flg=0x18800000 cmp=com.tencent.mm/.plugin.base.stub.WXPayEntryActivity
06-24 15:26:12.850 D/ActivityManager(  657): Skipping intent:flg=0x10800000 cmp=com.huawei.systemmanager/com.huawei.permissionmanager.ui.MainActivity
06-24 15:26:12.850 D/ActivityManager(  657): Skipping intent:flg=0x18800000 cmp=com.tencent.mm/.plugin.base.stub.WXEntryActivity
06-24 15:26:12.850 D/ActivityManager(  657): Skipping intent:act=com.huawei.action.VOICE_ASSISTANT flg=0x10800000 pkg=com.huawei.vassistant cmp=com.huawei.vassistant/.ui.main.VAssistantActivity
06-24 15:26:12.850 D/ActivityManager(  657): Skipping intent:act=com.huawei.android.launcher.action.ACCESS_SPLIT_SCREEN_APP cat=[android.intent.category.DEFAULT] flg=0x10804000 cmp=com.huawei.android.launcher/.splitscreen.SplitScreenAppActivity
06-24 15:26:12.851 D/ActivityManager(  657): Skipping intent:flg=0x10800000 pkg=com.excelliance.dualaid.b64 cmp=com.excelliance.dualaid.b64/com.excelliance.kxqp.sdk.PermissionRequestActivity
06-24 15:26:12.851 D/ActivityManager(  657): Skipping intent:act=android.intent.action.VIEW dat=content://com.excelliance.dualaid.fileProvider/external_storage_root/Download/apk/Multiple_64.apk typ=application/vnd.android.package-archive flg=0x10800001 cmp=com.android.packageinstaller/.InstallStart
06-24 15:26:12.851 D/ActivityManager(  657): Skipping intent:flg=0x10800000 cmp=com.android.systemui/.usb.HwUsbDebuggingActivity
06-24 15:26:12.851 D/ActivityManager(  657): Skipping intent:act=android.deviceinfo.chooser.action.LAUNCH flg=0x10800000 hwFlg=0x100 pkg=com.android.settings cmp=com.android.settings/.deviceinfo.UsbConnModeChooserActivity
06-24 15:26:12.851 D/ActivityManager(  657): Skipping intent:flg=0x10800000 cmp=com.zol.android/.push.KeepLiveActivity
06-24 15:26:12.851 D/ActivityManager(  657): Skipping intent:act=android.intent.action.MAIN cat=[android.intent.category.HOME] flg=0x10800300 cmp=com.android.settings/.FallbackHome
06-24 15:26:12.875 D/MainActivity(27495): instantiateItem: 2	android.widget.RelativeLayout{d00e2b1 V.E...... ......I. 0,0-0,0}
06-24 15:26:12.876 D/MainActivity(27495): initPage3: 
06-24 15:26:12.880 V/WindowManager(  657): Checking 1 opening apps (frozen=false timeout=false)...
06-24 15:26:12.880 V/WindowManager(  657): Check opening app=AppWindowToken{2f41256 token=Token{7bdd471 ActivityRecord{93218 u0 com.excelliance.dualaid/com.excelliance.kxqp.swipe.NavActivity2 t16006}}}: allDrawn=false startingDisplayed=false startingMoved=false isRelaunching()=false
06-24 15:26:12.882 V/HwPhoneWindowManager(  657): updateSystemUiColorLw window=Window{75a9e65 u0 com.excelliance.dualaid/com.excelliance.kxqp.swipe.NavActivity2},EmuiStyle=0,StatusBarColor=0xff000000,NavigationBarColor=0xff000000, mLastIsEmuiLightStyle=-1
06-24 15:26:12.882 D/HwPhoneWindowManager(  657): Transact:setSystemUIColor to status bar service
06-24 15:26:12.883 I/CommandQueue( 1513): updateBarBgColor
06-24 15:26:12.883 D/CommandQueue( 1513): CommandQueue, setBarBackgroundColor
06-24 15:26:12.884 V/WindowManager(  657): Checking 1 opening apps (frozen=false timeout=false)...
06-24 15:26:12.884 V/WindowManager(  657): Check opening app=AppWindowToken{2f41256 token=Token{7bdd471 ActivityRecord{93218 u0 com.excelliance.dualaid/com.excelliance.kxqp.swipe.NavActivity2 t16006}}}: allDrawn=false startingDisplayed=false startingMoved=false isRelaunching()=false
06-24 15:26:12.887 D/MainActivity(27495): run: initPage3
06-24 15:26:12.888 D/TintManager( 1513): statusBarIconTint=#99FFFFFF,navigationBarIconTint=#FF000000
06-24 15:26:12.888 D/BarTransitions.HwPhoneStatusBarView( 1513): MODE_TRANSPARENT -> MODE_TRANSLUCENT animate=false
06-24 15:26:12.888 D/BarTransitions.HwPhoneStatusBarView( 1513): applyModeBackground oldMode=MODE_TRANSPARENT newMode=MODE_TRANSLUCENT animate=false
06-24 15:26:12.889 I/GRALLOC (  679): 	 shrFd=10,fmt=0x1,intFmt=0x200000001,btStrd=4352,size=8486912,pid=679 
06-24 15:26:12.889 I/GRALLOC (  679): 	 yuv=2,w=1080,h=1920,Stride u=0 v=0,offset u=0 v=0 
06-24 15:26:12.889 I/GRALLOC (  679): 	 iova_size=8486912,conUsg=0x900,proUsg=0x900,	 strd=1088,[afbc]HdrStrd=1088 PyldStrd=69632 Scrmbl=2,ionhnd = 1 
06-24 15:26:12.891 I/zygote  (27523): Compiler allocated 4MB to compile boolean com.excelliance.kxqp.KXQPApplication.b(int)
06-24 15:26:12.892 I/GRALLOC (  679): 	 shrFd=10,fmt=0x1,intFmt=0x200000001,btStrd=4352,size=8486912,pid=679 
06-24 15:26:12.892 I/GRALLOC (  679): 	 yuv=2,w=1080,h=1920,Stride u=0 v=0,offset u=0 v=0 
06-24 15:26:12.892 I/GRALLOC (  679): 	 iova_size=8486912,conUsg=0x900,proUsg=0x900,	 strd=1088,[afbc]HdrStrd=1088 PyldStrd=69632 Scrmbl=2,ionhnd = 1 
06-24 15:26:12.893 I/OpenGLRenderer(27495): Initialized EGL, version 1.4
06-24 15:26:12.893 D/OpenGLRenderer(27495): Swap behavior 2
06-24 15:26:12.894 I/GRALLOC (  679): 	 shrFd=10,fmt=0x1,intFmt=0x200000001,btStrd=4352,size=8486912,pid=679 
06-24 15:26:12.894 I/GRALLOC (  679): 	 yuv=2,w=1080,h=1920,Stride u=0 v=0,offset u=0 v=0 
06-24 15:26:12.894 I/GRALLOC (  679): 	 iova_size=8486912,conUsg=0x900,proUsg=0x900,	 strd=1088,[afbc]HdrStrd=1088 PyldStrd=69632 Scrmbl=2,ionhnd = 1 
06-24 15:26:12.897 D/mali_winsys(27495): EGLint new_window_surface(egl_winsys_display *, void *, EGLSurface, EGLConfig, egl_winsys_surface **, egl_color_buffer_format *, EGLBoolean) returns 0x3000
06-24 15:26:12.897 E/vndksupport(27495): Could not load vendor/lib/egl/libGLES_mali_v2.so from sphal namespace: dlopen failed: library "vendor/lib/egl/libGLES_mali_v2.so" not found.
06-24 15:26:12.901 D/StatusBarIconController( 1513): setIconVisibility icon is null or visibility not change visibility=false
06-24 15:26:12.910 I/GRALLOC (  679): 	 shrFd=10,fmt=0x1,intFmt=0x200000001,btStrd=4352,size=8486912,pid=679 
06-24 15:26:12.910 I/GRALLOC (  679): 	 yuv=2,w=1080,h=1920,Stride u=0 v=0,offset u=0 v=0 
06-24 15:26:12.910 I/GRALLOC (  679): 	 iova_size=8486912,conUsg=0xb00,proUsg=0xb00,	 strd=1088,[afbc]HdrStrd=1088 PyldStrd=69632 Scrmbl=2,ionhnd = 1 
06-24 15:26:12.917 D/WindowManager(  657): finishDrawingWindow: Window{75a9e65 u0 com.excelliance.dualaid/com.excelliance.kxqp.swipe.NavActivity2} mDrawState=DRAW_PENDING
06-24 15:26:12.918 V/MainActivity(27495): onWindowFocusChanged: true
06-24 15:26:12.918 W/InputMethodManager(27495): startInputReason = 1
06-24 15:26:12.919 V/WindowManager(  657): Checking 1 opening apps (frozen=false timeout=false)...
06-24 15:26:12.919 V/WindowManager(  657): Check opening app=AppWindowToken{2f41256 token=Token{7bdd471 ActivityRecord{93218 u0 com.excelliance.dualaid/com.excelliance.kxqp.swipe.NavActivity2 t16006}}}: allDrawn=true startingDisplayed=false startingMoved=false isRelaunching()=false
06-24 15:26:12.921 D/ImageWallpaper( 1513): onVisibilityChanged: mVisible, visible=true, false
06-24 15:26:12.921 D/ImageWallpaper( 1513): Visibility changed to visible=false
06-24 15:26:12.921 D/PMS11421(  657): package:com.excelliance.dualaid, input flags:128, output hwFlags:0
06-24 15:26:12.921 D/BarTransitions.HwPhoneStatusBarView( 1513): MODE_TRANSLUCENT -> MODE_TRANSPARENT animate=false
06-24 15:26:12.921 D/BarTransitions.HwPhoneStatusBarView( 1513): applyModeBackground oldMode=MODE_TRANSLUCENT newMode=MODE_TRANSPARENT animate=false
06-24 15:26:12.922 I/ActivityManager(  657): Displayed com.excelliance.dualaid/com.excelliance.kxqp.swipe.NavActivity2: +175ms (total +322ms)
06-24 15:26:12.923 I/ActivityManager(  657): wait Launched end, result = 0 who = ComponentInfo{com.excelliance.dualaid/com.excelliance.kxqp.swipe.NavActivity2}
06-24 15:26:12.924 D/PMS11421(  657): package:com.excelliance.dualaid, input flags:128, output hwFlags:0
06-24 15:26:12.925 W/InputMethodManager(27495): startInputReason = 5
06-24 15:26:12.927 I/wangchen( 7035): SysInfo.getSysParam: orientation=1||config d=3.0,w=1080,h=1920||metrics d=3.0,w=1080,h=1920||sdk=26,bar_h=72
06-24 15:26:12.927 I/KeymapLoader( 7035): w=1080 h=1920 ori=true appScale=3.3 s1=3.0
06-24 15:26:12.932 I/WindowManager(  657): notifyAccessibilityButtonVisibilityChanged visible:false
06-24 15:26:12.933 E/BufferQueueProducer(  710): [com.huawei.android.launcher/com.huawei.android.launcher.unihome.UniHomeLauncher#0] disconnect: not connected (req=1)
06-24 15:26:12.934 W/libEGL  ( 2519): EGLNativeWindowType 0x74abe76010 disconnect failed
06-24 15:26:12.937 I/GRALLOC (  679): 	 shrFd=10,fmt=0x1,intFmt=0x200000001,btStrd=4352,size=8486912,pid=679 
06-24 15:26:12.937 I/GRALLOC (  679): 	 yuv=2,w=1080,h=1920,Stride u=0 v=0,offset u=0 v=0 
06-24 15:26:12.937 I/GRALLOC (  679): 	 iova_size=8486912,conUsg=0xb00,proUsg=0xb00,	 strd=1088,[afbc]HdrStrd=1088 PyldStrd=69632 Scrmbl=2,ionhnd = 1 
06-24 15:26:12.957 W/ActivityManager(  657): Sending non-protected broadcast huawei.action.floattasks.STATUS_BAR_STATE_CHANGED from system 1513:com.android.systemui/u0a39 pkg com.android.systemui
06-24 15:26:12.958 W/HwKeyguardDragHelper( 1513): AnimationBlocked
06-24 15:26:12.958 V/WindowManager(  657): notifyAppStopped: AppWindowToken{d3a938b token=Token{377755a ActivityRecord{d5c9105 u0 com.huawei.android.launcher/.unihome.UniHomeLauncher t15658}}}
06-24 15:26:12.958 E/WindowManager(  657): win=Window{68d6975 u0 com.huawei.android.launcher/com.huawei.android.launcher.unihome.UniHomeLauncher} destroySurfaces: appStopped=true win.mWindowRemovalAllowed=false win.mRemoveOnExit=false
06-24 15:26:12.958 D/BarTransitions.HwPhoneStatusBarView( 1513): MODE_TRANSPARENT -> MODE_TRANSLUCENT animate=false
06-24 15:26:12.958 D/BarTransitions.HwPhoneStatusBarView( 1513): applyModeBackground oldMode=MODE_TRANSPARENT newMode=MODE_TRANSLUCENT animate=false
06-24 15:26:12.959 I/WindowManager(  657): Destroying surface Surface(name=com.huawei.android.launcher/com.huawei.android.launcher.unihome.UniHomeLauncher) called by com.android.server.wm.WindowStateAnimator.destroySurface:2060 com.android.server.wm.WindowStateAnimator.destroySurfaceLocked:873 com.android.server.wm.HwWindowStateAnimator.destroySurfaceLocked:1006 com.android.server.wm.WindowState.destroyOrSaveSurfaceUnchecked:2990 com.android.server.wm.WindowState.destroySurface:2951 com.android.server.wm.AppWindowToken.destroySurfaces:654 com.android.server.wm.AppWindowToken.destroySurfaces:638 com.android.server.wm.AppWindowToken.notifyAppStopped:682 
06-24 15:26:12.959 D/BarTransitions.HwNavigationBarView( 1513): MODE_TRANSLUCENT -> MODE_OPAQUE animate=false
06-24 15:26:12.959 D/BarTransitions.HwNavigationBarView( 1513): applyModeBackground oldMode=MODE_TRANSLUCENT newMode=MODE_OPAQUE animate=false
06-24 15:26:12.959 D/ActivityThread(27495): Remove activity client record, r= ActivityRecord{cbe2ddc token=android.os.BinderProxy@d13fa03 {com.excelliance.dualaid/com.excelliance.kxqp.ui.HelloActivity}} token= android.os.BinderProxy@d13fa03
06-24 15:26:12.960 W/dex2oat (27564): Using default instruction set features for ARM CPU variant (default) using conservative defaults
06-24 15:26:12.961 I/dex2oat (27564): /system/bin/dex2oat -j4 --dex-file=/data/data/com.excelliance.dualaid/.platformcache/main.jar --output-vdex-fd=49 --oat-fd=50 --oat-location=/data/data/com.excelliance.dualaid/.platformcache/oat/arm/main.odex --compiler-filter=quicken
06-24 15:26:12.961 I/cutils-trace(27564): atrace_init_once, trace_marker_path = /sys/kernel/debug/tracing/trace_marker
06-24 15:26:12.961 D/HwGameAssistantController(  657): pid=2519, uid=10056, foreground=false
06-24 15:26:12.961 V/WindowManager(  657): removeAppToken: AppWindowToken{58e0300 token=Token{53fd583 ActivityRecord{d512432 u0 com.excelliance.dualaid/com.excelliance.kxqp.ui.HelloActivity t16006}}} delayed=false Callers=com.android.server.wm.DisplayContent.removeAppToken:985 com.android.server.wm.AppWindowContainerController.removeContainer:348 com.android.server.am.ActivityRecord.removeWindowContainer:1039 com.android.server.am.ActivityStack.removeActivityFromHistoryLocked:4491 
06-24 15:26:12.962 W/AwareLog(  657): SchedLevelBoost: onFgActivitiesChanged config not set!
06-24 15:26:12.972 W/libc    (  493): Set property "hw.wifi.dns_stat" to "28719,24505,5028,1,51942"
06-24 15:26:12.974 E/memtrack(26506): Couldn't load memtrack module
06-24 15:26:12.974 W/android.os.Debug(26506): failed to get memory consumption info: -1
06-24 15:26:13.031 I/ActivityManager(  657): Force stopping com.excelliance.dualaid appid=11421 user=0: from pid 27571by app
06-24 15:26:13.031 I/ActivityManager(  657): Killing 27495:com.excelliance.dualaid:olle/u0a1421 (adj 0): stop com.excelliance.dualaidfrom pid 27571by app
06-24 15:26:13.032 D/ActivityManager(  657): cleanUpApplicationRecord app: ProcessRecord{4617739 27495:com.excelliance.dualaid:olle/u0a1421}, app.bad: false, restarting: false, allowRestart: true
06-24 15:26:13.032 W/ActivityManager(  657): Force removing ActivityRecord{93218 u0 com.excelliance.dualaid/com.excelliance.kxqp.swipe.NavActivity2 t16006}: app died, no saved state
06-24 15:26:13.033 W/AwareLog(  657): SchedLevelBoost: onProcessDied config not set!
06-24 15:26:13.033 E/HsmCoreServiceImpl( 1478): onTransact in code is: 102
06-24 15:26:13.033 I/MediaProcessHandler( 1478): processOp opType: 1, uid: 11421, pid: 27495
06-24 15:26:13.034 W/MediaProcessHandler( 1478): remove target not exist, maybe the UI process: uid: 11421, pid: 27495
06-24 15:26:13.034 I/MediaProcessHandler( 1478): executedCallBack opType: 1 mMediaStatusObservers.size=0
06-24 15:26:13.038 V/WindowManager(  657): removeAppToken: AppWindowToken{2f41256 token=Token{7bdd471 ActivityRecord{93218 u0 com.excelliance.dualaid/com.excelliance.kxqp.swipe.NavActivity2 t16006}}} delayed=false Callers=com.android.server.wm.DisplayContent.removeAppToken:985 com.android.server.wm.AppWindowContainerController.removeContainer:348 com.android.server.am.ActivityRecord.removeWindowContainer:1039 com.android.server.am.ActivityStack.removeActivityFromHistoryLocked:4491 
06-24 15:26:13.038 V/WindowManager(  657): removeIfPossible: Window{75a9e65 u0 com.excelliance.dualaid/com.excelliance.kxqp.swipe.NavActivity2} callers=com.android.server.wm.WindowState.removeIfPossible:1914 com.android.server.wm.WindowToken.removeAllWindowsIfPossible:139 com.android.server.wm.AppWindowToken.removeIfPossible:539 com.android.server.wm.AppWindowToken.onRemovedFromDisplay:606 com.android.server.wm.DisplayContent.removeAppToken:985 
06-24 15:26:13.038 I/WindowManager(  657): Destroying surface Surface(name=com.excelliance.dualaid/com.excelliance.kxqp.swipe.NavActivity2) called by com.android.server.wm.WindowStateAnimator.destroySurface:2060 com.android.server.wm.WindowStateAnimator.destroySurfaceLocked:873 com.android.server.wm.HwWindowStateAnimator.destroySurfaceLocked:1006 com.android.server.wm.WindowState.removeImmediately:1899 com.android.server.wm.WindowState.removeIfPossible:2051 com.android.server.wm.WindowState.removeIfPossible:1914 com.android.server.wm.WindowToken.removeAllWindowsIfPossible:139 com.android.server.wm.AppWindowToken.removeIfPossible:539 
06-24 15:26:13.039 V/WindowManager(  657): postWindowRemoveCleanupLocked: Window{75a9e65 u0 com.excelliance.dualaid/com.excelliance.kxqp.swipe.NavActivity2}
06-24 15:26:13.039 V/WindowManager(  657): Removing Window{75a9e65 u0 com.excelliance.dualaid/com.excelliance.kxqp.swipe.NavActivity2} from AppWindowToken{2f41256 token=Token{7bdd471 ActivityRecord{93218 u0 com.excelliance.dualaid/com.excelliance.kxqp.swipe.NavActivity2 t16006}}}
06-24 15:26:13.043 V/WindowManager(  657): No longer Stopped: AppWindowToken{d3a938b token=Token{377755a ActivityRecord{d5c9105 u0 com.huawei.android.launcher/.unihome.UniHomeLauncher t15658}}}
06-24 15:26:13.044 D/ScenarioService( 1699): front pkg : com.huawei.android.launcher launcher: true
06-24 15:26:13.044 I/AppsUsage( 1699): scnOff:false FgAPP:com.huawei.android.launcher BgAPP:com.excelliance.dualaid
06-24 15:26:13.045 I/ash     ( 1699): front pkg : com.huawei.android.launcher launcher: true
06-24 15:26:13.046 D/EmcomManagerService(  657): forePackage name is com.huawei.android.launcher
06-24 15:26:13.046 D/HicomPolicyManager(  657): foreAppInfo = nullpkgName = com.huawei.android.launcher uid= 10056
06-24 15:26:13.046 E/HicomPolicyManager(  657): udp acc is not start yet!
06-24 15:26:13.046 D/HicomPolicyManager(  657): speed control is not start
06-24 15:26:13.046 E/HicomPolicyManager(  657): Network Evaluation is not start yet!
06-24 15:26:13.046 E/HicomPolicyManager(  657): foreground app info is null
06-24 15:26:13.047 D/[HwRecSys]HwRecSysService( 2647): onEvent actionID: 10010 msg:com.huawei.android.launcher		
06-24 15:26:13.047 E/[HwRecSys]HwRecSysService( 2647): getIsRportDirectService is false!
06-24 15:26:13.048 I/PGServer( 1699): report state:10000 event type:2 pid:0 uid:0 pkg:com.excelliance.dualaid to pid: 657
06-24 15:26:13.048 I/PGServer( 1699): report state:10000 event type:2 pid:0 uid:0 pkg:com.excelliance.dualaid to pid: 1699
06-24 15:26:13.048 I/SceneReceiver( 1699): state type: 10000 eventType:2 pid:0 uid:0 pkg:com.excelliance.dualaid
06-24 15:26:13.048 I/PGServer( 1699): report state:10010 event type:1 pid:0 uid:0 pkg:com.huawei.android.launcher to pid: 657
06-24 15:26:13.048 I/PGServer( 1699): report state:10010 event type:1 pid:0 uid:0 pkg:com.huawei.android.launcher to pid: 1699
06-24 15:26:13.048 I/SceneReceiver( 1699): state type: 10010 eventType:1 pid:0 uid:0 pkg:com.huawei.android.launcher
06-24 15:26:13.048 D/HwThermalStateManager( 1699): current foreapp pkg : com.huawei.android.launcher
06-24 15:26:13.049 E/memtrack(26506): Couldn't load memtrack module
06-24 15:26:13.049 W/android.os.Debug(26506): failed to get memory consumption info: -1
06-24 15:26:13.050 I/PGServer( 1699): checkPkgType. calling pkg: android
06-24 15:26:13.050 I/PGServer( 1699): checkPkgType. calling pkg: android
06-24 15:26:13.051 W/libc    ( 1699): Set property "sys.aps.gameProcessName" to ""
06-24 15:26:13.052 W/libc    ( 1699): Set property "sys.aps.browserProcessName" to ""
06-24 15:26:13.058 V/WindowManager(  657): notifyAppResumed: wasStopped=true AppWindowToken{d3a938b token=Token{377755a ActivityRecord{d5c9105 u0 com.huawei.android.launcher/.unihome.UniHomeLauncher t15658}}}
06-24 15:26:13.060 V/WindowManager(  657): Checking 1 opening apps (frozen=false timeout=false)...
06-24 15:26:13.060 V/WindowManager(  657): Check opening app=AppWindowToken{d3a938b token=Token{377755a ActivityRecord{d5c9105 u0 com.huawei.android.launcher/.unihome.UniHomeLauncher t15658}}}: allDrawn=false startingDisplayed=false startingMoved=false isRelaunching()=false
06-24 15:26:13.060 I/ActivityManager(  657): Killing 27523:com.excelliance.dualaid/u0a1421 (adj 0): stop com.excelliance.dualaidfrom pid 27571by app
06-24 15:26:13.060 D/ActivityManager(  657): cleanUpApplicationRecord app: ProcessRecord{40632d7 27523:com.excelliance.dualaid/u0a1421}, app.bad: false, restarting: false, allowRestart: true
06-24 15:26:13.061 W/ActivityManager(  657): Scheduling restart of crashed service com.excelliance.dualaid/com.excelliance.kxqp.SmtServService in 1000ms
06-24 15:26:13.062 V/WindowManager(  657): Checking 1 opening apps (frozen=false timeout=false)...
