06-24 15:33:07.474 I/appium  (29532): AppiumResponse: {"sessionId":"2d604340-25b7-4bc5-874b-09ac3bd169d8","status":0,"value":"<?xml version=\"1.0\" encoding=\"UTF-8\"?><hierarchy rotation=\"0\"><android.widget.FrameLayout index=\"0\" text=\"\" class=\"android.widget.FrameLayout\" package=\"com.excelliance.dualaid\" content-desc=\"\" checkable=\"false\" checked=\"false\" clickable=\"false\" enabled=\"true\" focusable=\"false\" focused=\"false\" scrollable=\"false\" long-clickable=\"false\" password=\"false\" selected=\"false\" bounds=\"[0,0][1080,1920]\" resource-id=\"\" instance=\"0\"><android.widget.LinearLayout index=\"0\" text=\"\" class=\"android.widget.LinearLayout\" package=\"com.excelliance.dualaid\" content-desc=\"\" checkable=\"false\" checked=\"false\" clickable=\"false\" enabled=\"true\" focusable=\"false\" focused=\"false\" scrollable=\"false\" long-clickable=\"false\" password=\"false\" selected=\"false\" bounds=\"[0,0][1080,1920]\" resource-id=\"\" instance=\"0\"><android.widget.FrameLayout index=\"0\" text=\"\" class=\"android.widget.FrameLayout\" package=\"com.excelliance.dualaid\" content-desc=\"\" checkable=\"false\" checked=\"false\" clickable=\"false\" enabled=\"true\" focusable=\"false\" focused=\"false\" scrollable=\"false\" long-clickable=\"false\" password=\"false\" selected=\"false\" bounds=\"[0,0][1080,1920]\" resource-id=\"android:id\/content\" instance=\"1\"><android.widget.FrameLayout index=\"0\" text=\"\" class=\"android.widget.FrameLayout\" package=\"com.excelliance.dualaid\" content-desc=\"\" checkable=\"false\" checked=\"false\" clickable=\"false\" enabled=\"true\" focusable=\"false\" focused=\"false\" scrollable=\"false\" long-clickable=\"false\" password=\"false\" selected=\"false\" bounds=\"[0,0][1080,1920]\" resource-id=\"\" instance=\"2\"><android.widget.RelativeLayout index=\"0\" text=\"\" class=\"android.widget.RelativeLayout\" package=\"com.excelliance.dualaid\" content-desc=\"\" checkable=\"false\" checked=\"false\" clickable=\"false\" enabled=\"true\" focusable=\"false\" focused=\"false\" scrollable=\"false\" long-clickable=\"false\" password=\"false\" selected=\"false\" bounds=\"[0,0][1080,1920]\" resource-id=\"com.excelliance.dualaid:id\/rl_guide_original\" instance=\"0\"><android.support.v4.view.ViewPager index=\"0\" text=\"\" class=\"android.support.v4.view.ViewPager\" package=\"com.excelliance.dualaid\" content-desc=\"\" checkable=\"false\" checked=\"false\" clickable=\"false\" enabled=\"true\" focusable=\"true\" focused=\"false\" scrollable=\"true\" long-clickable=\"false\" password=\"false\" selected=\"false\" bounds=\"[0,0][1080,1920]\" resource-id=\"com.excelliance.dualaid:id\/vp_nav\" instance=\"0\"><android.widget.RelativeLayout index=\"2\" text=\"\" class=\"android.widget.RelativeLayout\" package=\"com.excelliance.dualaid\" content-desc=\"\" checkable=\"false\" checked=\"false\" clickable=\"false\" enabled=\"true\" focusable=\"false\" focused=\"false\" scrollable=\"false\" long-clickable=\"false\" password=\"false\" selected=\"false\" bounds=\"[0,0][1080,1920]\" resource-id=\"\" instance=\"1\"><android.view.View index=\"0\" text=\"\" class=\"android.view.View\" package=\"com.excelliance.dualaid\" content-desc=\"\" checkable=\"false\" checked=\"false\" clickable=\"false\" enabled=\"true\" focusable=\"false\" focused=\"false\" scrollable=\"false\" long-clickable=\"false\" password=\"false\" selected=\"false\" bounds=\"[0,0][1080,1920]\" resource-id=\"\" instance=\"0\"\/><android.widget.ImageView index=\"1\" text=\"\" class=\"android.widget.ImageView\" package=\"com.excelliance.dualaid\" content-desc=\"\" checkable=\"false\" checked=\"false\" clickable=\"false\" enabled=\"true\" focusable=\"false\" focused=\"false\" scrollable=\"false\" long-clickable=\"false\" password=\"false\" selected=\"false\" bounds=\"[345,318][847,1268]\" resource-id=\"\" instance=\"0\"\/><android.widget.ImageView index=\"2\" text=\"\" class=\"android.widget.ImageView\" package=\"com.excelliance.dualaid\" content-desc=\"\" checkable=\"false\" checked=\"false\" clickable=\"false\" enabled=\"true\" 
06-24 15:33:07.478 E/WifiHAL (  706): enter wifi_get_link_stats
06-24 15:33:07.479 D/hw_netstat(  657): total/2286/1409,com.excelliance.dualaid/1316/1289,unknown:0/970/0,com.google.uid.shared:10089/0/120
06-24 15:33:07.489 E/wificond(  765): Failed to get NL80211_STA_INFO_CNAHLOAD
06-24 15:33:07.489 E/WificondControl(  657): Noise: -89, Snr: 0, Chload: -1
06-24 15:33:07.490 D/HwWifiCHRStateManager(  657): handleMessage : 1001
06-24 15:33:07.490 D/HwWifiCHRStateManager(  657): handleUpdateChannel:5805
06-24 15:33:07.490 V/HwWifiServiceFactory(  657): get AllImpl object = com.android.server.wifi.HwWifiServiceFactoryImpl@a390a53
06-24 15:33:07.491 D/WifiScoreReport(  657): Score = 100, wifiConnectivityManagerEnabled = false, lowScoreCount = 0
06-24 15:33:07.508 I/appium  (29532): channel read invoked!
06-24 15:33:07.509 I/appium  (29532): channel read: POST /wd/hub/session/2d604340-25b7-4bc5-874b-09ac3bd169d8/element/f5963ac4-42dc-4a6f-b5d9-eb080ba09979/click
06-24 15:33:07.510 D/appium  (29532): payload: {"element":"f5963ac4-42dc-4a6f-b5d9-eb080ba09979"}
06-24 15:33:07.510 I/appium  (29532): Click element command
06-24 15:33:07.525 D/FingerprintActionsListener(  657): touchDownIsValid MotionEvent.ACTION_DOWN 
06-24 15:33:07.525 D/FingerprintActionsListener(  657): touchDownIsValidLazyMode = false  touchDownIsValidHiBoard = false
06-24 15:33:07.535 I/appium  (29532): AppiumResponse: {"sessionId":"2d604340-25b7-4bc5-874b-09ac3bd169d8","status":0,"value":true}
06-24 15:33:07.537 V/AudioManager( 9366): playSoundEffect   effectType: 0
06-24 15:33:07.538 D/PMS11422(  657): package:com.excelliance.dualaid, input flags:0, output hwFlags:0
06-24 15:33:07.541 V/AddGameData( 9366): Manufacturer:HUAWEI
06-24 15:33:07.573 I/appium  (29532): channel read invoked!
06-24 15:33:07.574 I/appium  (29532): channel read: GET /wd/hub/session/2d604340-25b7-4bc5-874b-09ac3bd169d8/source
06-24 15:33:07.581 E/Thermal-daemon(  764): [battery] temp_new :36  temp_old :37
06-24 15:33:07.582 I/ThermalService( 1699): Receive temperature change, type: 9, temp: 36 from thermald
06-24 15:33:07.582 I/ThermalTrace_ThermalRaise( 1699): Battery:36
06-24 15:33:07.582 E/Thermal-daemon(  764): Report temperature: [battery] temp :36  report_threshold:1
06-24 15:33:07.589 D/PMS1000 (  657): package:com.excelliance.dualaid, input flags:0, output hwFlags:0
06-24 15:33:07.590 D/PMS1000 (  657): package:com.excelliance.dualaid, input flags:8192, output hwFlags:0
06-24 15:33:07.593 D/HwBatteryService(  657): onUEvent fcpStatus = 0,scpStatus =0,ovpStatus=0
06-24 15:33:07.594 I/UsbDeviceManager(  657): water_intrused state= 0
06-24 15:33:07.597 D/PMS1000 (  657): package:com.excelliance.dualaid, input flags:8192, output hwFlags:0
06-24 15:33:07.601 W/HSM     ( 1813): HoldService:toast switch is close!
06-24 15:33:07.603 D/ApplicationPackageManager( 9366): getInstalledApplications blocked
06-24 15:33:07.605 D/HsmInterfaceImpl( 9366): List [ApplicationInfo{a218d91 com.huawei.hifolder}, ApplicationInfo{891a4f6 com.github.shadowsocks}, ApplicationInfo{28a60f7 com.excelliance.dualaid}]
06-24 15:33:07.605 V/AddGameData( 9366): appInfoList.size():3
06-24 15:33:07.605 V/AddGameData( 9366): can read pkg:com.github.shadowsocks
06-24 15:33:07.617 I/HwCust  ( 9366): Constructor found for class android.net.HwCustConnectivityManagerImpl
06-24 15:33:07.617 D/HwCust  ( 9366): Create obj success use class android.net.HwCustConnectivityManagerImpl
06-24 15:33:07.640 D/Notification2Receiver( 9392): Notification2Receiver onReceive enter
06-24 15:33:07.642 D/VersionManager( 9392): queryUpdateInfoOfResources
06-24 15:33:07.647 V/Phone_Manufacturer( 9392): Manufacturer:HUAWEI
06-24 15:33:07.647 I/MsgReceiver( 1699): intent action: android.intent.action.BATTERY_CHANGED
06-24 15:33:07.649 D/KeyguardUpdateMonitor( 1513): received broadcast android.intent.action.BATTERY_CHANGED
06-24 15:33:07.649 W/KeyguardUpdateMonitor( 1513): ACTION_BATTERY_CHANGED AMP: 500000; Volt: 4694000
06-24 15:33:07.650 D/HwInnerWifiManagerImpl(  657): SupplicantState = COMPLETED
06-24 15:33:07.650 D/HwInnerWifiManagerImpl(  657): isPhoneAP = false
06-24 15:33:07.650 D/WifiStateMachine(  657): mBcastReceiver: PluggedType = 2 mIsScanCtrlPluggedin = true
06-24 15:33:07.651 D/HwWifiService(  657): mPluggedType =2
06-24 15:33:07.651 D/WifiService(  657): onReceive, action:android.intent.action.BATTERY_CHANGED
06-24 15:33:07.651 D/WifiService(  657): ACTION_BATTERY_CHANGED pluggedType: 2
06-24 15:33:07.652 V/Phone   ( 9392): isExitstActivityInPkg:exist com.huawei.systemmanager.optimize.process.ProtectActivity
06-24 15:33:07.653 V/Phone   ( 9392): isExitAppInManufacturer: model:hi6250 manufacturer:huawei
06-24 15:33:07.654 V/BroadcastQueue(  657): Finished with ordered broadcast BroadcastRecord{cfa18f9 u0 com.excelliance.dualaid.action.phone_res_download}
06-24 15:33:07.655 D/PMS1000 (  657): package:com.excelliance.dualaid, input flags:8192, output hwFlags:0
06-24 15:33:07.660 V/Phone   ( 9392): isExitstActivityInPkg:exist com.huawei.systemmanager.optimize.process.ProtectActivity
06-24 15:33:07.660 V/Phone   ( 9392): isExitAppInManufacturer: model:hi6250 manufacturer:huawei
06-24 15:33:07.660 W/HSM     ( 1813): HoldService:toast switch is close!
06-24 15:33:07.664 D/ApplicationPackageManager( 9366): queryIntentActivitiesAsUser blocked, Intent { act=android.intent.action.MAIN cat=[android.intent.category.LAUNCHER] pkg=com.tencent.mm }
06-24 15:33:07.664 D/HsmInterfaceImpl( 9366): List [ResolveInfo{aab1a82 com.tencent.mm/.ui.LauncherUI m=0x108000}]
06-24 15:33:07.664 D/PMS11422(  657): package:com.excelliance.dualaid, input flags:128, output hwFlags:0
06-24 15:33:07.666 D/PMS11422(  657): package:com.excelliance.dualaid, input flags:128, output hwFlags:0
06-24 15:33:07.667 I/CloudAlbum[8.1.2.302]( 2775): [OperationUtil] cancelNotify
06-24 15:33:07.667 D/PMS11422(  657): package:com.excelliance.dualaid, input flags:128, output hwFlags:0
06-24 15:33:07.669 I/ActivityManager(  657): START u0 {cmp=com.excelliance.dualaid/com.excelliance.kxqp.ui.HelloActivity (has extras)} from uid 11422
06-24 15:33:07.672 I/ActivityManager(  657): ActivityRecord info: ActivityInfo{cadf3e0 com.excelliance.kxqp.ui.HelloActivity}
06-24 15:33:07.678 V/WindowManager(  657): addAppToken: AppWindowToken{fc3abec token=Token{9081e9f ActivityRecord{3aeb03e u0 com.excelliance.dualaid/com.excelliance.kxqp.ui.HelloActivity t16018}}} controller={TaskWindowContainerController taskId=16018} at 2147483647
06-24 15:33:07.683 D/PMS11422(  657): package:com.excelliance.dualaid, input flags:128, output hwFlags:0
06-24 15:33:07.683 V/KeyguardUpdateMonitor( 1513): RefreshBatteryInfo isBatteryLow: 37
06-24 15:33:07.683 W/KeyguardUpdateMonitor( 1513): ChargingSpeed  Wattage: 2347000 ST: 5000000 --> 7500000
06-24 15:33:07.683 I/KgBattery( 1513): BatteryInfo updated:  2lPc0
06-24 15:33:07.683 W/AppHandler( 1513): sendMessage with obj100
06-24 15:33:07.683 D/KeyguardUpdateMonitor( 1513): handleBatteryUpdate
06-24 15:33:07.683 V/KeyguardUpdateMonitor( 1513): RefreshBatteryInfo isBatteryLow: 37
06-24 15:33:07.684 W/HwKeyguardBottomArea( 1513): updateBatteryInfo : false  true
06-24 15:33:07.684 D/PMS11422(  657): package:com.excelliance.dualaid, input flags:128, output hwFlags:0
06-24 15:33:07.685 I/PGServer( 1699): android calls fast hibernateApps
06-24 15:33:07.685 I/AppFastHibernation( 1699): fast hibernate duration: 1500 reason: start activity
06-24 15:33:07.685 I/Pged-IPgedBinderService(  769): ****action is 1, pid num is 6***
06-24 15:33:07.686 I/Pged-Freezer(  769): freezePids
06-24 15:33:07.686 I/Pged-Freezer(  769): Freeze process: 29457
06-24 15:33:07.686 I/Pged-Freezer(  769): Freeze process: 29531
06-24 15:33:07.686 I/Pged-Freezer(  769): Freeze process: 29347
06-24 15:33:07.687 I/Pged-Freezer(  769): Freeze process: 27318
06-24 15:33:07.687 I/Pged-Freezer(  769): Freeze process: 29532
06-24 15:33:07.687 V/WindowManager(  657): No longer Stopped: AppWindowToken{fc3abec token=Token{9081e9f ActivityRecord{3aeb03e u0 com.excelliance.dualaid/com.excelliance.kxqp.ui.HelloActivity t16018}}}
06-24 15:33:07.687 D/PgedBinderAdapter( 1699): frz ok, pid: [29457, 29531, 29347, 27318, 29532]
06-24 15:33:07.687 D/PMS1000 (  657): package:com.excelliance.dualaid, input flags:1, output hwFlags:0
06-24 15:33:07.688 V/WindowManager(  657): No longer Stopped: AppWindowToken{fc3abec token=Token{9081e9f ActivityRecord{3aeb03e u0 com.excelliance.dualaid/com.excelliance.kxqp.ui.HelloActivity t16018}}}
06-24 15:33:07.689 V/WindowManager(  657): findFocusedWindow: AppWindowToken{de64462 token=Token{fe8972d ActivityRecord{b869a44 u0 com.excelliance.dualaid/com.excelliance.kxqp.swipe.NavActivity2 t16018}}} below Reached focused app=AppWindowToken{fc3abec token=Token{9081e9f ActivityRecord{3aeb03e u0 com.excelliance.dualaid/com.excelliance.kxqp.ui.HelloActivity t16018}}}
06-24 15:33:07.689 I/NetworkSpeedManagerEx( 1513): mIsStop = false
06-24 15:33:07.690 I/NetworkSpeedManagerEx( 1513):  runInThread getTetherStats
06-24 15:33:07.690 W/HwLockScreenPanel( 1513): Handle message: 100
06-24 15:33:07.690 W/HwKeyguardBottomArea( 1513): updateBatteryInfo : false  true
06-24 15:33:07.690 W/HwLockScreenPanel( 1513): refreshBatteryInfo: null
06-24 15:33:07.690 W/KgBattery( 1513): getCharge info with type: text
06-24 15:33:07.691 D/PMS11422(  657): package:com.excelliance.dualaid, input flags:128, output hwFlags:0
06-24 15:33:07.691 D/PMS11422(  657): package:com.excelliance.dualaid, input flags:128, output hwFlags:0
06-24 15:33:07.692 I/NetworkSpeedManagerEx( 1513):  runInUI refreshSpeed
06-24 15:33:07.693 V/WindowManager(  657): Checking 1 opening apps (frozen=false timeout=false)...
06-24 15:33:07.693 V/WindowManager(  657): Check opening app=AppWindowToken{fc3abec token=Token{9081e9f ActivityRecord{3aeb03e u0 com.excelliance.dualaid/com.excelliance.kxqp.ui.HelloActivity t16018}}}: allDrawn=false startingDisplayed=false startingMoved=false isRelaunching()=false
06-24 15:33:07.694 I/NetworkSpeedManagerEx( 1513): value=1130.6666speed = 1.1
06-24 15:33:07.694 I/NetworkSpeedManagerEx( 1513): K/smIsShowLastSpeedValuefalse
06-24 15:33:07.694 I/NetworkSpeedView( 1513): /update(), speed=1.1
06-24 15:33:07.694 I/NetworkSpeedView( 1513): K/s parent class:class com.android.systemui.statusbar.HwSystemIcons
06-24 15:33:07.696 D/HwCust  ( 9366): Create obj success use class android.app.HwCustActivityImpl
06-24 15:33:07.696 D/HwCust  ( 9366): Create obj success use class android.app.HwCustHwWallpaperManagerImpl
06-24 15:33:07.697 V/ActivityThread( 9366): ActivityThread,callActivityOnCreate
06-24 15:33:07.697 D/HelloActivity( 9366): Memory:25136M
06-24 15:33:07.698 D/HelloActivity( 9366): onCreate: true
06-24 15:33:07.700 D/HelloActivity( 9366): mIsNav = true
06-24 15:33:07.701 D/PMS11422(  657): package:com.excelliance.dualaid, input flags:128, output hwFlags:0
06-24 15:33:07.702 D/PMS11422(  657): package:com.excelliance.dualaid, input flags:128, output hwFlags:0
06-24 15:33:07.702 D/PMS11422(  657): package:com.excelliance.dualaid, input flags:128, output hwFlags:0
06-24 15:33:07.705 D/HelloActivity( 9366): requestShowOneKeyLoginConfig: 
06-24 15:33:07.706 D/GameUtilBuild( 9366): getCompVersion e:java.lang.NullPointerException: Attempt to invoke virtual method 'android.content.pm.PackageManager android.content.Context.getPackageManager()' on a null object reference
06-24 15:33:07.706 D/PMS11422(  657): package:com.excelliance.dualaid, input flags:0, output hwFlags:0
06-24 15:33:07.708 D/PMS11422(  657): package:com.excelliance.dualaid, input flags:128, output hwFlags:0
06-24 15:33:07.709 D/PMS11422(  657): package:com.excelliance.dualaid, input flags:128, output hwFlags:0
06-24 15:33:07.713 D/PMS1000 (  657): package:com.excelliance.dualaid, input flags:8192, output hwFlags:0
06-24 15:33:07.715 D/PMS11422(  657): package:com.excelliance.dualaid, input flags:128, output hwFlags:0
06-24 15:33:07.715 I/NetworkSpeedManagerEx( 1513): mIsStop = false
06-24 15:33:07.715 I/NetworkSpeedManagerEx( 1513):  runInThread getTetherStats
06-24 15:33:07.716 D/PMS1001 (  657): package:com.excelliance.dualaid, input flags:0, output hwFlags:0
06-24 15:33:07.716 I/NetworkSpeedManagerEx( 1513):  runInUI refreshSpeed
06-24 15:33:07.716 D/PMS11422(  657): package:com.excelliance.dualaid, input flags:128, output hwFlags:0
06-24 15:33:07.716 I/NetworkSpeedManagerEx( 1513): value=1130.6666speed = 1.1
06-24 15:33:07.716 I/NetworkSpeedManagerEx( 1513): K/smIsShowLastSpeedValuefalse
06-24 15:33:07.716 I/NetworkSpeedView( 1513): /update(), speed=1.1
06-24 15:33:07.716 I/NetworkSpeedView( 1513): K/s parent class:class com.android.systemui.statusbar.HwSystemIcons
06-24 15:33:07.717 D/PMS11422(  657): package:com.excelliance.dualaid, input flags:128, output hwFlags:0
06-24 15:33:07.725 D/CubicBezierInterpolator( 9366): CubicBezierInterpolator  mControlPoint1x = 0.23, mControlPoint1y = 0.06, mControlPoint2x = 0.09, mControlPoint2y = 0.97
06-24 15:33:07.726 D/CubicBezierInterpolator( 9366): CubicBezierInterpolator  mControlPoint1x = 0.6, mControlPoint1y = 0.9, mControlPoint2x = 0.8, mControlPoint2y = 1.0
06-24 15:33:07.726 D/CubicBezierInterpolator( 9366): CubicBezierInterpolator  mControlPoint1x = 0.23, mControlPoint1y = 0.06, mControlPoint2x = 0.09, mControlPoint2y = 0.97
06-24 15:33:07.726 D/CubicBezierInterpolator( 9366): CubicBezierInterpolator  mControlPoint1x = 0.6, mControlPoint1y = 0.9, mControlPoint2x = 0.8, mControlPoint2y = 1.0
06-24 15:33:07.726 D/PMS11422(  657): package:com.excelliance.dualaid, input flags:128, output hwFlags:0
06-24 15:33:07.727 D/HwWechatOptimizeImpl( 9366): mIsEffect:false
06-24 15:33:07.732 D/HwRTBlurUtils( 9366): check blur style for HwPhoneWindow-, themeResId : 0x7f0e001c, context : com.excelliance.kxqp.ui.HelloActivity@c4029d0, Nhwext : 0, get Blur : disable with , null
06-24 15:33:07.733 V/HelloActivity( 9366): start add appType：0
06-24 15:33:07.734 D/PMS11422(  657): package:com.tencent.mm, input flags:0, output hwFlags:0
06-24 15:33:07.734 V/InitialData( 9392): capitalize:Hi6250_launch
06-24 15:33:07.734 V/GameUtil( 9392): getCurrentVersionByKey : hi6250_launch	current_hi6250_launch_version	Hi6250_launchVersion
06-24 15:33:07.735 D/PMS11422(  657): package:com.excelliance.dualaid, input flags:128, output hwFlags:0
06-24 15:33:07.735 V/GameUtil( 9392): saveVersionToFileByKey  xml_key :hi6250_launch  result:-1
06-24 15:33:07.738 V/GameUtil( 9392): getCurrentVersionByKey  hi6250_launch:-1
06-24 15:33:07.739 V/AddGameData( 9392): _applist:hi6250
06-24 15:33:07.739 V/InitialData( 9392): capitalize:Hi6250_applist
06-24 15:33:07.739 V/GameUtil( 9392): getCurrentVersionByKey : hi6250_applist	current_hi6250_applist_version	Hi6250_applistVersion
06-24 15:33:07.740 D/PMS11422(  657): package:com.excelliance.dualaid, input flags:128, output hwFlags:0
06-24 15:33:07.740 V/GameUtil( 9392): saveVersionToFileByKey  xml_key :hi6250_applist  result:-1
06-24 15:33:07.743 V/GameUtil( 9392): getCurrentVersionByKey  hi6250_applist:-1
06-24 15:33:07.743 V/InitialData( 9392): capitalize:Hi6250_notification
06-24 15:33:07.743 V/GameUtil( 9392): getCurrentVersionByKey : hi6250_notification	current_hi6250_notification_version	Hi6250_notificationVersion
06-24 15:33:07.744 V/GameUtil( 9392): saveVersionToFileByKey  xml_key :hi6250_notification  result:-1
06-24 15:33:07.745 E/HwResourcesImpl( 9366): readDefaultConfig : FileNotFoundException
06-24 15:33:07.747 V/GameUtil( 9392): getCurrentVersionByKey  hi6250_notification:-1
06-24 15:33:07.749 I/HwCust  ( 9366): Constructor found for class android.content.res.HwCustHwResourcesImpl
06-24 15:33:07.749 D/HwCust  ( 9366): Create obj success use class android.content.res.HwCustHwResourcesImpl
06-24 15:33:07.749 V/VersionManager( 9392): ver source:{"hi6250_launch":"0","hi6250_applist":"0","hi6250_notification":"0"}
06-24 15:33:07.749 V/VersionManager( 9392): ver :eyJoaTYyNTBfbGF1bmNoIjoiMCIsImhpNjI1MF9hcHBsaXN0IjoiMCIsImhpNjI1MF9ub3RpZmlj%0AYXRpb24iOiIwIn0%3D%0A
06-24 15:33:07.753 V/UrlUtil ( 9392): https://mto.multiopen.cn/dynamicphoneres.php?sdkver=2009&apkver=466&vn=4.0.6&compver=54302&mainver=231200&ver=eyJoaTYyNTBfbGF1bmNoIjoiMCIsImhpNjI1MF9hcHBsaXN0IjoiMCIsImhpNjI1MF9ub3RpZmlj%0AYXRpb24iOiIwIn0%3D%0A&chid=10019&subchid=1&type=20&uflag=2&pkg=com.excelliance.dualaid&api=26&release=8.0.0&abi=armeabi-v7a&abi2=armeabi&abilist=arm64-v8a%2Carmeabi-v7a%2Carmeabi&abilist32=armeabi-v7a%2Carmeabi&abilist64=arm64-v8a&brand=HONOR&manufacturer=HUAWEI&model=STF-AL10&product=STF-AL10&issl=1&sign=30820271308201daa0030201020204520332c2300d06092a864886f70d0101050500307c310b300906035504061302434e3111300f060355040813085368616e
06-24 15:33:07.753 D/VersionManager( 9392): httpsRequest getURL = https://mto.multiopen.cn/dynamicphoneres.php?sdkver=2009&apkver=466&vn=4.0.6&compver=54302&mainver=231200&ver=eyJoaTYyNTBfbGF1bmNoIjoiMCIsImhpNjI1MF9hcHBsaXN0IjoiMCIsImhpNjI1MF9ub3RpZmlj%0AYXRpb24iOiIwIn0%3D%0A&chid=10019&subchid=1&type=20&uflag=2&pkg=com.excelliance.dualaid&api=26&release=8.0.0&abi=armeabi-v7a&abi2=armeabi&abilist=arm64-v8a%2Carmeabi-v7a%2Carmeabi&abilist32=armeabi-v7a%2Carmeabi&abilist64=arm64-v8a&brand=HONOR&manufacturer=HUAWEI&model=STF-AL10&product=STF-AL10&issl=1&sign=30820271308201daa0030201020204520332c2300d06092a864886f70d0101050500307c310b300906035504061302434e3111300f060355040813085368616e
06-24 15:33:07.759 W/X509TrustManager( 9366): checkServerTrusted: SignatureException:null
06-24 15:33:07.759 W/X509TrustManager( 9366): checkServerTrusted: SignatureException:error:04000073:RSA routines:OPENSSL_internal:DATA_TOO_LARGE_FOR_MODULUS
06-24 15:33:07.764 D/PMS11422(  657): package:com.tencent.mm, input flags:0, output hwFlags:0
06-24 15:33:07.766 D/PMS11422(  657): package:com.tencent.mobileqq, input flags:0, output hwFlags:0
06-24 15:33:07.781 D/PMS11422(  657): package:com.tencent.mobileqq, input flags:0, output hwFlags:0
06-24 15:33:07.782 D/PMS11422(  657): package:com.ifreetalk.ftalk, input flags:0, output hwFlags:0
06-24 15:33:07.787 W/X509TrustManager( 9392): checkServerTrusted: SignatureException:null
06-24 15:33:07.788 W/X509TrustManager( 9392): checkServerTrusted: SignatureException:error:04000073:RSA routines:OPENSSL_internal:DATA_TOO_LARGE_FOR_MODULUS
06-24 15:33:07.793 D/HwRecentsLockUtils( 1513): Search
06-24 15:33:07.793 E/HsmCoreServiceImpl( 1478): onTransact in code is: 103
06-24 15:33:07.793 I/MediaProcessHandler( 1478): playingUids: 
06-24 15:33:07.793 D/ActivityManager(  657): Skipping, home or recents stack task: TaskRecord{333215f #15658 A=com.huawei.android.launcher U=0 StackId=0 sz=1}
06-24 15:33:07.793 D/ActivityManager(  657): Skipping intent:act=android.intent.action.MAIN cat=[android.intent.category.LAUNCHER] flg=0x10a00000 cmp=io.appium.settings/.Settings
06-24 15:33:07.793 D/ActivityManager(  657): Skipping intent:flg=0x10804000 cmp=com.android.systemui/.recents.RecentsActivity bnds=[48,928][1032,2296]
06-24 15:33:07.793 D/ActivityManager(  657): Skipping intent:flg=0x18800000 cmp=com.tencent.mm/.plugin.base.stub.WXPayEntryActivity
06-24 15:33:07.793 D/ActivityManager(  657): Skipping intent:flg=0x10800000 cmp=com.huawei.systemmanager/com.huawei.permissionmanager.ui.MainActivity
06-24 15:33:07.793 D/ActivityManager(  657): Skipping intent:flg=0x18800000 cmp=com.tencent.mm/.plugin.base.stub.WXEntryActivity
06-24 15:33:07.793 D/ActivityManager(  657): Skipping intent:act=com.huawei.action.VOICE_ASSISTANT flg=0x10800000 pkg=com.huawei.vassistant cmp=com.huawei.vassistant/.ui.main.VAssistantActivity
06-24 15:33:07.794 D/ActivityManager(  657): Skipping intent:act=com.huawei.android.launcher.action.ACCESS_SPLIT_SCREEN_APP cat=[android.intent.category.DEFAULT] flg=0x10804000 cmp=com.huawei.android.launcher/.splitscreen.SplitScreenAppActivity
06-24 15:33:07.794 D/ActivityManager(  657): Skipping intent:flg=0x10800000 pkg=com.excelliance.dualaid.b64 cmp=com.excelliance.dualaid.b64/com.excelliance.kxqp.sdk.PermissionRequestActivity
06-24 15:33:07.794 D/ActivityManager(  657): Skipping intent:act=android.intent.action.VIEW dat=content://com.excelliance.dualaid.fileProvider/external_storage_root/Download/apk/Multiple_64.apk typ=application/vnd.android.package-archive flg=0x10800001 cmp=com.android.packageinstaller/.InstallStart
06-24 15:33:07.794 D/ActivityManager(  657): Skipping intent:flg=0x10800000 cmp=com.android.systemui/.usb.HwUsbDebuggingActivity
06-24 15:33:07.794 D/ActivityManager(  657): Skipping intent:act=android.deviceinfo.chooser.action.LAUNCH flg=0x10800000 hwFlg=0x100 pkg=com.android.settings cmp=com.android.settings/.deviceinfo.UsbConnModeChooserActivity
06-24 15:33:07.794 D/ActivityManager(  657): Skipping intent:flg=0x10800000 cmp=com.zol.android/.push.KeepLiveActivity
06-24 15:33:07.794 D/ActivityManager(  657): Skipping intent:act=android.intent.action.MAIN cat=[android.intent.category.HOME] flg=0x10800300 cmp=com.android.settings/.FallbackHome
06-24 15:33:07.798 D/PMS11422(  657): package:com.ifreetalk.ftalk, input flags:0, output hwFlags:0
06-24 15:33:07.799 V/HelloActivity( 9366): end add appType：0
06-24 15:33:07.805 D/HelloActivity( 9366): onSuccess: respone:{"code":1,"message":"success","data":{"switch":1},"service":"onekeyswitch"}
06-24 15:33:07.815 D/ActivityThread( 9366): add activity client record, r= ActivityRecord{2c2a792 token=android.os.BinderProxy@f7a1593 {com.excelliance.dualaid/com.excelliance.kxqp.ui.HelloActivity}} token= android.os.BinderProxy@f7a1593
06-24 15:33:07.817 D/OpenGLRenderer( 9366):   HWUI Binary is  enabled
06-24 15:33:07.818 V/WindowManager(  657): Adding Window{bd53c6d u0 com.excelliance.dualaid/com.excelliance.kxqp.ui.HelloActivity} to AppWindowToken{fc3abec token=Token{9081e9f ActivityRecord{3aeb03e u0 com.excelliance.dualaid/com.excelliance.kxqp.ui.HelloActivity t16018}}}
06-24 15:33:07.819 V/WindowManager(  657): addWindow: New client android.os.BinderProxy@6d58c84: window=Window{bd53c6d u0 com.excelliance.dualaid/com.excelliance.kxqp.ui.HelloActivity} Callers=com.android.server.wm.HwWindowManagerService.addWindow:562 com.android.server.wm.Session.addToDisplay:199 android.view.IWindowSession$Stub.onTransact:124 com.android.server.wm.Session.onTransact:161 android.os.Binder.execTransact:675 
06-24 15:33:07.820 V/MainActivity( 9366): onWindowFocusChanged: false
06-24 15:33:07.820 D/MainActivity( 9366): onWindowFocusChanged: end
06-24 15:33:07.820 D/HelloActivity( 9366): upload: com.tencent.mm,com.tencent.mobileqq,com.ifreetalk.ftalk
06-24 15:33:07.823 E/SmtServService( 9392): firststartcom.tencent.mm,com.tencent.mobileqq,com.ifreetalk.ftalk
06-24 15:33:07.823 D/OpenGLRenderer( 9366):   HWUI Binary is  enabled
06-24 15:33:07.826 D/PMS11422(  657): package:com.android.mms, input flags:0, output hwFlags:0
06-24 15:33:07.826 D/PMS11422(  657): package:com.android.settings, input flags:0, output hwFlags:0
06-24 15:33:07.827 D/PMS11422(  657): package:com.android.contacts, input flags:0, output hwFlags:0
06-24 15:33:07.838 V/WindowManager(  657): Checking 1 opening apps (frozen=false timeout=false)...
06-24 15:33:07.839 V/WindowManager(  657): Check opening app=AppWindowToken{fc3abec token=Token{9081e9f ActivityRecord{3aeb03e u0 com.excelliance.dualaid/com.excelliance.kxqp.ui.HelloActivity t16018}}}: allDrawn=false startingDisplayed=false startingMoved=false isRelaunching()=false
06-24 15:33:07.841 V/HwPhoneWindowManager(  657): updateSystemUiColorLw window=Window{bd53c6d u0 com.excelliance.dualaid/com.excelliance.kxqp.ui.HelloActivity},EmuiStyle=0,StatusBarColor=0x0,NavigationBarColor=0xff000000, mLastIsEmuiLightStyle=-1
06-24 15:33:07.842 D/PMS1000 (  657): package:com.excelliance.dualaid, input flags:8192, output hwFlags:0
06-24 15:33:07.843 V/WindowManager(  657): Checking 1 opening apps (frozen=false timeout=false)...
06-24 15:33:07.843 V/WindowManager(  657): Check opening app=AppWindowToken{fc3abec token=Token{9081e9f ActivityRecord{3aeb03e u0 com.excelliance.dualaid/com.excelliance.kxqp.ui.HelloActivity t16018}}}: allDrawn=false startingDisplayed=false startingMoved=false isRelaunching()=false
06-24 15:33:07.843 W/HSM     ( 1813): HoldService:toast switch is close!
06-24 15:33:07.843 I/WindowManager(  657): notifyAccessibilityButtonVisibilityChanged visible:false
06-24 15:33:07.844 D/HwPhoneWindowManager(  657): Transact:setSystemUIColor to status bar service
06-24 15:33:07.844 I/CommandQueue( 1513): updateBarBgColor
06-24 15:33:07.844 D/CommandQueue( 1513): CommandQueue, setBarBackgroundColor
06-24 15:33:07.844 W/ActivityManager(  657): Sending non-protected broadcast huawei.action.floattasks.STATUS_BAR_STATE_CHANGED from system 1513:com.android.systemui/u0a39 pkg com.android.systemui
06-24 15:33:07.844 D/TintManager( 1513): statusBarIconTint=#99FFFFFF,navigationBarIconTint=#FF000000
06-24 15:33:07.845 D/mali_winsys( 9366): EGLint new_window_surface(egl_winsys_display *, void *, EGLSurface, EGLConfig, egl_winsys_surface **, egl_color_buffer_format *, EGLBoolean) returns 0x3000
06-24 15:33:07.845 D/ApplicationPackageManager( 9366): getInstalledApplications blocked
06-24 15:33:07.846 V/WindowManager(  657): Checking 1 opening apps (frozen=false timeout=false)...
06-24 15:33:07.846 V/WindowManager(  657): Check opening app=AppWindowToken{fc3abec token=Token{9081e9f ActivityRecord{3aeb03e u0 com.excelliance.dualaid/com.excelliance.kxqp.ui.HelloActivity t16018}}}: allDrawn=false startingDisplayed=false startingMoved=false isRelaunching()=false
06-24 15:33:07.846 D/HsmInterfaceImpl( 9366): List [ApplicationInfo{c67b351 com.huawei.hifolder}, ApplicationInfo{27037b6 com.github.shadowsocks}, ApplicationInfo{7855cb7 com.excelliance.dualaid}]
06-24 15:33:07.846 D/VersionManager( 9392): xml=<?xml version="1.0" encoding="utf-8"?><upinfo></upinfo>
06-24 15:33:07.846 I/GRALLOC (  679): 	 shrFd=10,fmt=0x1,intFmt=0x200000001,btStrd=4352,size=8486912,pid=679 
06-24 15:33:07.846 I/GRALLOC (  679): 	 yuv=2,w=1080,h=1920,Stride u=0 v=0,offset u=0 v=0 
06-24 15:33:07.846 I/GRALLOC (  679): 	 iova_size=8486912,conUsg=0x900,proUsg=0x900,	 strd=1088,[afbc]HdrStrd=1088 PyldStrd=69632 Scrmbl=2,ionhnd = 1 
06-24 15:33:07.847 W//system/bin/hwservicemanager(  416): Cannot open /odm/manifest.xml
06-24 15:33:07.850 I/GRALLOC (  679): 	 shrFd=10,fmt=0x1,intFmt=0x200000001,btStrd=4352,size=8486912,pid=679 
06-24 15:33:07.850 I/GRALLOC (  679): 	 yuv=2,w=1080,h=1920,Stride u=0 v=0,offset u=0 v=0 
06-24 15:33:07.850 I/GRALLOC (  679): 	 iova_size=8486912,conUsg=0x900,proUsg=0x900,	 strd=1088,[afbc]HdrStrd=1088 PyldStrd=69632 Scrmbl=2,ionhnd = 1 
06-24 15:33:07.852 I/zygote  ( 9366): Do partial code cache collection, code=55KB, data=52KB
06-24 15:33:07.852 I/zygote  ( 9366): After code cache collection, code=55KB, data=52KB
06-24 15:33:07.852 I/zygote  ( 9366): Increasing code cache capacity to 256KB
06-24 15:33:07.852 I/GRALLOC (  679): 	 shrFd=10,fmt=0x1,intFmt=0x200000001,btStrd=4352,size=8486912,pid=679 
06-24 15:33:07.852 I/GRALLOC (  679): 	 yuv=2,w=1080,h=1920,Stride u=0 v=0,offset u=0 v=0 
06-24 15:33:07.852 I/GRALLOC (  679): 	 iova_size=8486912,conUsg=0x900,proUsg=0x900,	 strd=1088,[afbc]HdrStrd=1088 PyldStrd=69632 Scrmbl=2,ionhnd = 1 
06-24 15:33:07.866 W/InputMethodManager( 9366): startInputReason = 1
06-24 15:33:07.868 I/wangchen( 7035): SysInfo.getSysParam: orientation=1||config d=3.0,w=1080,h=1920||metrics d=3.0,w=1080,h=1920||sdk=26,bar_h=72
06-24 15:33:07.868 I/KeymapLoader( 7035): w=1080 h=1920 ori=true appScale=3.3 s1=3.0
06-24 15:33:07.884 I/GRALLOC (  679): 	 shrFd=10,fmt=0x1,intFmt=0x200000001,btStrd=4352,size=8486912,pid=679 
06-24 15:33:07.884 I/GRALLOC (  679): 	 yuv=2,w=1080,h=1920,Stride u=0 v=0,offset u=0 v=0 
06-24 15:33:07.884 I/GRALLOC (  679): 	 iova_size=8486912,conUsg=0xb00,proUsg=0xb00,	 strd=1088,[afbc]HdrStrd=1088 PyldStrd=69632 Scrmbl=2,ionhnd = 1 
06-24 15:33:07.891 D/WindowManager(  657): finishDrawingWindow: Window{bd53c6d u0 com.excelliance.dualaid/com.excelliance.kxqp.ui.HelloActivity} mDrawState=DRAW_PENDING
06-24 15:33:07.892 V/WindowManager(  657): Checking 1 opening apps (frozen=false timeout=false)...
06-24 15:33:07.892 V/WindowManager(  657): Check opening app=AppWindowToken{fc3abec token=Token{9081e9f ActivityRecord{3aeb03e u0 com.excelliance.dualaid/com.excelliance.kxqp.ui.HelloActivity t16018}}}: allDrawn=true startingDisplayed=false startingMoved=false isRelaunching()=false
06-24 15:33:07.895 I/ActivityManager(  657): Displayed com.excelliance.dualaid/com.excelliance.kxqp.ui.HelloActivity: +206ms
06-24 15:33:07.900 V/WindowManager(  657): Checking 0 opening apps (frozen=false timeout=false)...
06-24 15:33:07.902 D/BarTransitions.HwPhoneStatusBarView( 1513): MODE_TRANSLUCENT -> MODE_TRANSPARENT animate=false
06-24 15:33:07.902 D/BarTransitions.HwPhoneStatusBarView( 1513): applyModeBackground oldMode=MODE_TRANSLUCENT newMode=MODE_TRANSPARENT animate=false
06-24 15:33:07.905 I/GRALLOC (  679): 	 shrFd=10,fmt=0x1,intFmt=0x200000001,btStrd=4352,size=8486912,pid=679 
06-24 15:33:07.905 I/GRALLOC (  679): 	 yuv=2,w=1080,h=1920,Stride u=0 v=0,offset u=0 v=0 
06-24 15:33:07.905 I/GRALLOC (  679): 	 iova_size=8486912,conUsg=0xb00,proUsg=0xb00,	 strd=1088,[afbc]HdrStrd=1088 PyldStrd=69632 Scrmbl=2,ionhnd = 1 
06-24 15:33:07.907 D/BarTransitions.HwNavigationBarView( 1513): MODE_OPAQUE -> MODE_TRANSPARENT animate=false
06-24 15:33:07.907 D/BarTransitions.HwNavigationBarView( 1513): applyModeBackground oldMode=MODE_OPAQUE newMode=MODE_TRANSPARENT animate=false
06-24 15:33:07.909 I/GRALLOC (  679): 	 shrFd=10,fmt=0x1,intFmt=0x200000001,btStrd=4352,size=8486912,pid=679 
06-24 15:33:07.909 I/GRALLOC (  679): 	 yuv=2,w=1080,h=1920,Stride u=0 v=0,offset u=0 v=0 
06-24 15:33:07.909 I/GRALLOC (  679): 	 iova_size=8486912,conUsg=0xb00,proUsg=0xb00,	 strd=1088,[afbc]HdrStrd=1088 PyldStrd=69632 Scrmbl=2,ionhnd = 1 
06-24 15:33:07.913 E/BufferQueueProducer(  710): [com.excelliance.dualaid/com.excelliance.kxqp.swipe.NavActivity2#0] disconnect: not connected (req=1)
06-24 15:33:07.913 W/libEGL  ( 9366): EGLNativeWindowType 0xd0cec808 disconnect failed
06-24 15:33:07.940 D/PMS11422(  657): package:com.tencent.tmgp.qqx5, input flags:0, output hwFlags:0
06-24 15:33:07.940 D/PMS11422(  657): package:com.huawei.android.pushagent, input flags:0, output hwFlags:0
06-24 15:33:07.940 D/PMS11422(  657): package:com.huawei.appmarket, input flags:0, output hwFlags:0
06-24 15:33:07.941 D/PMS11422(  657): package:com.wandoujia.phoenix2, input flags:0, output hwFlags:0
06-24 15:33:07.941 D/PMS11422(  657): package:com.tencent.mm, input flags:0, output hwFlags:0
06-24 15:33:07.941 D/PMS11422(  657): package:com.android.providers.media, input flags:0, output hwFlags:0
06-24 15:33:07.941 D/PMS11422(  657): package:com.huawei.vassistant, input flags:0, output hwFlags:0
06-24 15:33:07.941 D/PMS11422(  657): package:com.android.contacts, input flags:0, output hwFlags:0
06-24 15:33:07.941 D/PMS11422(  657): package:com.facebook.katana, input flags:0, output hwFlags:0
06-24 15:33:07.941 D/PMS11422(  657): package:com.huawei.hidisk, input flags:0, output hwFlags:536870912
06-24 15:33:07.941 D/PMS11422(  657): package:com.huawei.trustcircle, input flags:0, output hwFlags:0
06-24 15:33:07.942 D/PMS11422(  657): package:com.jingdong.app.mall, input flags:0, output hwFlags:0
06-24 15:33:07.942 D/PMS11422(  657): package:com.tencent.mobileqq, input flags:0, output hwFlags:0
06-24 15:33:07.942 D/PMS11422(  657): package:com.zol.android, input flags:0, output hwFlags:0
06-24 15:33:07.942 D/PMS11422(  657): package:com.huawei.hiskytone, input flags:0, output hwFlags:603979776
06-24 15:33:07.942 D/PMS11422(  657): package:com.huawei.hwid, input flags:0, output hwFlags:0
06-24 15:33:07.942 D/PMS11422(  657): package:com.sina.weibo, input flags:0, output hwFlags:0
06-24 15:33:07.942 D/PMS11422(  657): package:com.antutu.ABenchMark, input flags:0, output hwFlags:0
06-24 15:33:07.943 D/PMS11422(  657): package:com.sankuai.meituan.takeoutnew, input flags:0, output hwFlags:0
06-24 15:33:07.943 D/PMS11422(  657): package:com.vmall.client, input flags:0, output hwFlags:67108864
06-24 15:33:07.943 D/PMS11422(  657): package:com.android.browser, input flags:0, output hwFlags:0
06-24 15:33:07.943 D/PMS11422(  657): package:com.eg.android.AlipayGphone, input flags:0, output hwFlags:0
06-24 15:33:07.943 D/PMS11422(  657): package:com.android.mediacenter, input flags:0, output hwFlags:0
06-24 15:33:07.943 D/PMS11422(  657): package:com.huawei.himovie, input flags:0, output hwFlags:0
06-24 15:33:07.943 D/PMS11422(  657): package:com.huawei.hnreader, input flags:0, output hwFlags:67108864
06-24 15:33:07.944 D/PMS11422(  657): package:com.twitter.android, input flags:0, output hwFlags:0
06-24 15:33:07.944 D/PMS11422(  657): package:com.baidu.input_huawei, input flags:0, output hwFlags:0
06-24 15:33:07.944 D/PMS11422(  657): package:com.google.android.gms, input flags:0, output hwFlags:0
06-24 15:33:07.944 D/PMS11422(  657): package:com.sankuai.meituan, input flags:0, output hwFlags:0
06-24 15:33:07.944 D/PMS11422(  657): package:com.tencent.news, input flags:0, output hwFlags:0
06-24 15:33:07.944 D/PMS11422(  657): package:com.iflytek.speechsuite, input flags:0, output hwFlags:0
06-24 15:33:07.944 D/PMS11422(  657): package:com.qzone, input flags:0, output is null
06-24 15:33:07.945 D/PMS11422(  657): package:com.tencent.android.qqdownloader, input flags:0, output hwFlags:0
06-24 15:33:07.945 D/PMS11422(  657): package:com.tencent.now, input flags:0, output is null
06-24 15:33:07.945 D/PMS11422(  657): package:com.ifreetalk.ftalk, input flags:0, output hwFlags:0
06-24 15:33:07.945 D/PMS11422(  657): package:com.taobao.taobao, input flags:0, output hwFlags:0
06-24 15:33:07.945 D/PMS11422(  657): package:com.android.gallery3d, input flags:0, output hwFlags:0
06-24 15:33:07.945 D/PMS11422(  657): package:com.pp.assistant, input flags:0, output hwFlags:0
06-24 15:33:07.945 D/PMS11422(  657): package:com.oppo.market, input flags:0, output hwFlags:0
06-24 15:33:07.945 D/PMS11422(  657): package:com.excean.wxaid, input flags:0, output hwFlags:0
06-24 15:33:07.946 D/PMS11422(  657): package:com.huawei.intelligent, input flags:0, output hwFlags:0
06-24 15:33:07.946 D/PMS11422(  657): package:com.google.android.backuptransport, input flags:0, output hwFlags:0
06-24 15:33:07.946 D/PMS11422(  657): package:com.huawei.skytone, input flags:0, output hwFlags:0
06-24 15:33:07.946 D/PMS11422(  657): package:com.estrongs.android.pop, input flags:0, output hwFlags:0
06-24 15:33:07.946 D/PMS11422(  657): package:com.redfinger.app, input flags:0, output hwFlags:0
06-24 15:33:07.946 D/PMS11422(  657): package:com.android.vending, input flags:0, output hwFlags:0
06-24 15:33:07.946 D/PMS11422(  657): package:org.hapjs.mockup, input flags:0, output hwFlags:0
06-24 15:33:07.947 D/PMS11422(  657): package:com.huawei.gamebox, input flags:0, output hwFlags:603979776
06-24 15:33:07.947 D/PMS11422(  657): package:com.tencent.tmgp.pubgmhd-ext, input flags:0, output is null
06-24 15:33:07.947 D/PMS11422(  657): package:com.stickgame.los2, input flags:0, output hwFlags:0
06-24 15:33:07.947 D/PMS11422(  657): package:com.qihoo.appstore, input flags:0, output hwFlags:0
06-24 15:33:07.947 D/PMS11422(  657): package:com.huawei.android.thememanager, input flags:0, output hwFlags:0
06-24 15:33:07.947 D/PMS11422(  657): package:com.excean.parallelspace, input flags:0, output hwFlags:0
06-24 15:33:07.947 D/PMS11422(  657): package:com.UCMobile, input flags:0, output hwFlags:0
06-24 15:33:07.947 D/PMS11422(  657): package:com.bbk.appstore, input flags:0, output hwFlags:0
06-24 15:33:07.948 D/PMS11422(  657): package:com.excean.ppaid, input flags:0, output hwFlags:0
06-24 15:33:07.948 D/PMS11422(  657): package:com.netease.blockchain, input flags:0, output hwFlags:0
06-24 15:33:07.948 D/PMS11422(  657): package:com.huawei.camera, input flags:0, output hwFlags:0
06-24 15:33:07.948 D/PMS11422(  657): package:com.sinovatech.unicom.ui, input flags:0, output hwFlags:0
06-24 15:33:07.948 D/PMS11422(  657): package:com.huawei.phoneservice, input flags:0, output hwFlags:0
06-24 15:33:07.948 D/PMS11422(  657): package:com.crisisfire.android.nearme.gamecenter, input flags:0, output hwFlags:0
06-24 15:33:07.948 D/PMS11422(  657): package:com.antutu.benchmark.full, input flags:0, output hwFlags:0
06-24 15:33:07.949 D/PMS11422(  657): package:com.xunmeng.pinduoduo, input flags:0, output hwFlags:0
06-24 15:33:07.949 D/PMS11422(  657): package:com.zhuowang.cloneapp, input flags:0, output hwFlags:0
06-24 15:33:07.949 D/PMS11422(  657): package:com.excean.parallelspace.b64, input flags:0, output hwFlags:0
06-24 15:33:07.949 D/PMS11422(  657): package:com.excelliance.multiaccounts.b64, input flags:0, output hwFlags:0
06-24 15:33:07.949 D/PMS11422(  657): package:com.xiangyou.multispace, input flags:0, output hwFlags:0
06-24 15:33:07.949 D/PMS11422(  657): package:com.youlong.multiaccount, input flags:0, output hwFlags:0
06-24 15:33:07.949 D/PMS11422(  657): package:com.gameloft.android.ANMP.GloftA9HM, input flags:0, output hwFlags:0
06-24 15:33:07.950 D/PMS11422(  657): package:com.excelliance.dualaid.b64, input flags:0, output hwFlags:0
06-24 15:33:07.950 D/AddGameData( 9366): switch_uninstall: 70
06-24 15:33:07.952 D/PMS1000 (  657): package:com.excelliance.dualaid, input flags:8192, output hwFlags:0
06-24 15:33:07.953 W/HSM     ( 1813): HoldService:toast switch is close!
06-24 15:33:07.953 D/ApplicationPackageManager( 9366): queryIntentActivitiesAsUser blocked, Intent { act=android.intent.action.MAIN cat=[android.intent.category.LAUNCHER] pkg=com.huawei.hifolder }
06-24 15:33:07.953 D/HsmInterfaceImpl( 9366): List []
06-24 15:33:07.956 W/HSM     ( 1813): HoldService:toast switch is close!
06-24 15:33:07.956 D/ApplicationPackageManager( 9366): queryIntentActivitiesAsUser blocked, Intent { act=android.intent.action.MAIN cat=[android.intent.category.LAUNCHER] pkg=com.github.shadowsocks }
06-24 15:33:07.956 D/HsmInterfaceImpl( 9366): List [ResolveInfo{57d5949 com.github.shadowsocks/.MainActivity m=0x108000}]
06-24 15:33:07.981 W/HSM     ( 1813): HoldService:toast switch is close!
06-24 15:33:07.981 D/ApplicationPackageManager( 9366): queryIntentActivitiesAsUser blocked, Intent { act=android.intent.action.MAIN cat=[android.intent.category.LAUNCHER] pkg=com.excelliance.dualaid }
06-24 15:33:07.981 D/HsmInterfaceImpl( 9366): List [ResolveInfo{e2d9f6f com.excelliance.dualaid/com.excelliance.kxqp.ui.HelloActivity m=0x108000}]
06-24 15:33:07.998 D/HwRecentsLockUtils( 1513): Search
06-24 15:33:07.999 E/HsmCoreServiceImpl( 1478): onTransact in code is: 103
06-24 15:33:07.999 I/MediaProcessHandler( 1478): playingUids: 
06-24 15:33:07.999 D/ActivityManager(  657): Skipping, home or recents stack task: TaskRecord{333215f #15658 A=com.huawei.android.launcher U=0 StackId=0 sz=1}
06-24 15:33:07.999 D/ActivityManager(  657): Skipping intent:act=android.intent.action.MAIN cat=[android.intent.category.LAUNCHER] flg=0x10a00000 cmp=io.appium.settings/.Settings
06-24 15:33:07.999 D/ActivityManager(  657): Skipping intent:flg=0x10804000 cmp=com.android.systemui/.recents.RecentsActivity bnds=[48,928][1032,2296]
06-24 15:33:07.999 D/ActivityManager(  657): Skipping intent:flg=0x18800000 cmp=com.tencent.mm/.plugin.base.stub.WXPayEntryActivity
06-24 15:33:07.999 D/ActivityManager(  657): Skipping intent:flg=0x10800000 cmp=com.huawei.systemmanager/com.huawei.permissionmanager.ui.MainActivity
06-24 15:33:07.999 D/ActivityManager(  657): Skipping intent:flg=0x18800000 cmp=com.tencent.mm/.plugin.base.stub.WXEntryActivity
06-24 15:33:07.999 D/ActivityManager(  657): Skipping intent:act=com.huawei.action.VOICE_ASSISTANT flg=0x10800000 pkg=com.huawei.vassistant cmp=com.huawei.vassistant/.ui.main.VAssistantActivity
06-24 15:33:07.999 D/ActivityManager(  657): Skipping intent:act=com.huawei.android.launcher.action.ACCESS_SPLIT_SCREEN_APP cat=[android.intent.category.DEFAULT] flg=0x10804000 cmp=com.huawei.android.launcher/.splitscreen.SplitScreenAppActivity
06-24 15:33:07.999 D/ActivityManager(  657): Skipping intent:flg=0x10800000 pkg=com.excelliance.dualaid.b64 cmp=com.excelliance.dualaid.b64/com.excelliance.kxqp.sdk.PermissionRequestActivity
06-24 15:33:07.999 D/ActivityManager(  657): Skipping intent:act=android.intent.action.VIEW dat=content://com.excelliance.dualaid.fileProvider/external_storage_root/Download/apk/Multiple_64.apk typ=application/vnd.android.package-archive flg=0x10800001 cmp=com.android.packageinstaller/.InstallStart
06-24 15:33:07.999 D/ActivityManager(  657): Skipping intent:flg=0x10800000 cmp=com.android.systemui/.usb.HwUsbDebuggingActivity
06-24 15:33:07.999 D/ActivityManager(  657): Skipping intent:act=android.deviceinfo.chooser.action.LAUNCH flg=0x10800000 hwFlg=0x100 pkg=com.android.settings cmp=com.android.settings/.deviceinfo.UsbConnModeChooserActivity
06-24 15:33:07.999 D/ActivityManager(  657): Skipping intent:flg=0x10800000 cmp=com.zol.android/.push.KeepLiveActivity
06-24 15:33:07.999 D/ActivityManager(  657): Skipping intent:act=android.intent.action.MAIN cat=[android.intent.category.HOME] flg=0x10800300 cmp=com.android.settings/.FallbackHome
06-24 15:33:08.008 D/PMS1000 (  657): package:com.excelliance.dualaid, input flags:8192, output hwFlags:0
06-24 15:33:08.009 W/HSM     ( 1813): HoldService:toast switch is close!
06-24 15:33:08.010 D/ApplicationPackageManager( 9366): queryIntentActivitiesAsUser blocked, Intent { act=android.intent.action.MAIN cat=[android.intent.category.LAUNCHER] pkg=com.tencent.tmgp.qqx5 }
06-24 15:33:08.010 D/HsmInterfaceImpl( 9366): List [ResolveInfo{8b94105 com.tencent.tmgp.qqx5/.DGMMainActivity m=0x108000}]
06-24 15:33:08.052 W/HSM     ( 1813): HoldService:toast switch is close!
06-24 15:33:08.053 D/ApplicationPackageManager( 9366): queryIntentActivitiesAsUser blocked, Intent { act=android.intent.action.MAIN cat=[android.intent.category.LAUNCHER] pkg=com.huawei.android.pushagent }
06-24 15:33:08.053 D/HsmInterfaceImpl( 9366): List []
06-24 15:33:08.056 W/HSM     ( 1813): HoldService:toast switch is close!
06-24 15:33:08.056 D/ApplicationPackageManager( 9366): queryIntentActivitiesAsUser blocked, Intent { act=android.intent.action.MAIN cat=[android.intent.category.LAUNCHER] pkg=com.huawei.appmarket }
06-24 15:33:08.056 D/HsmInterfaceImpl( 9366): List [ResolveInfo{81ec38b com.huawei.appmarket/.MainActivity m=0x108000}]
06-24 15:33:08.060 E/asset   ( 9366): createFromFile(): lock file /data/resource-cache/system@emui@base@overlay@frameworkhwexthonor@frameworkhwexthonor.apk@idmap.
06-24 15:33:08.060 E/asset   ( 9366): createFromFile(): lock file /data/resource-cache/system@emui@base@overlay@frameworkhwexthonor@frameworkhwexthonor.apk@idmap.
06-24 15:33:08.061 W/ResourceType( 9366): Found multiple library tables, ignoring...
06-24 15:33:08.089 D/PMS1000 (  657): package:com.excelliance.dualaid, input flags:8192, output hwFlags:0
06-24 15:33:08.090 W/HSM     ( 1813): HoldService:toast switch is close!
06-24 15:33:08.091 D/ApplicationPackageManager( 9366): queryIntentActivitiesAsUser blocked, Intent { act=android.intent.action.MAIN cat=[android.intent.category.LAUNCHER] pkg=com.wandoujia.phoenix2 }
06-24 15:33:08.091 D/HsmInterfaceImpl( 9366): List [ResolveInfo{73d7d26 com.wandoujia.phoenix2/com.pp.assistant.activity.PPMainActivity m=0x108000}]
06-24 15:33:08.115 V/ActivityManager(  657): Making visible and scheduling visibility: ActivityRecord{d5c9105 u0 com.huawei.android.launcher/.unihome.UniHomeLauncher t15658}
06-24 15:33:08.116 V/WindowManager(  657): No longer Stopped: AppWindowToken{d3a938b token=Token{377755a ActivityRecord{d5c9105 u0 com.huawei.android.launcher/.unihome.UniHomeLauncher t15658}}}
06-24 15:33:08.142 D/ActivityThread( 9366): Remove activity client record, r= ActivityRecord{414755e token=android.os.BinderProxy@31abee5 {com.excelliance.dualaid/com.excelliance.kxqp.swipe.NavActivity2}} token= android.os.BinderProxy@31abee5
06-24 15:33:08.143 V/ActivityThread( 2519): Handle window ActivityRecord{4719bb8 token=android.os.BinderProxy@b3fca27 {com.huawei.android.launcher/com.huawei.android.launcher.unihome.UniHomeLauncher}} visibility: true
06-24 15:33:08.143 D/HwQoEUtils(  657): mForegroundAppPackageName: com.huawei.android.launcher ,score: 0
06-24 15:33:08.143 D/PMS1000 (  657): package:com.excelliance.dualaid, input flags:8192, output hwFlags:0
06-24 15:33:08.143 D/HwQoEUtils(  657): onForegroundAppWifiSleepChange: config:false, sleeptime:-1,type: 255, appname:com.huawei.android.launcher
06-24 15:33:08.143 D/HwQoEUtils(  657): APP type: 255 appName= com.huawei.android.launcher
06-24 15:33:08.144 D/HwQoEUtils(  657): no game, APP_TYPE_GAME, appName =com.huawei.android.launcher
06-24 15:33:08.145 V/WindowManager(  657): removeIfPossible: Window{9ee8d3f u0 com.excelliance.dualaid/com.excelliance.kxqp.swipe.NavActivity2} callers=com.android.server.wm.WindowState.removeIfPossible:1914 com.android.server.wm.WindowManagerService.removeWindow:2022 com.android.server.wm.Session.remove:218 android.view.IWindowSession$Stub.onTransact:242 com.android.server.wm.Session.onTransact:161 
06-24 15:33:08.145 E/HwLauncher( 2519): SettingsEx , no such field.
06-24 15:33:08.145 W/HwLauncher( 2519): Clock getDataFormat the getSystemString failed.
06-24 15:33:08.145 I/WindowManager(  657): Destroying surface Surface(name=com.excelliance.dualaid/com.excelliance.kxqp.swipe.NavActivity2) called by com.android.server.wm.WindowStateAnimator.destroySurface:2060 com.android.server.wm.WindowStateAnimator.destroySurfaceLocked:873 com.android.server.wm.HwWindowStateAnimator.destroySurfaceLocked:1006 com.android.server.wm.WindowState.removeImmediately:1899 com.android.server.wm.WindowState.removeIfPossible:2051 com.android.server.wm.WindowState.removeIfPossible:1914 com.android.server.wm.WindowManagerService.removeWindow:2022 com.android.server.wm.Session.remove:218 
