06-24 16:20:50.745 V/HwPhoneWindowManager(  657): updateSystemUiColorLw window=Window{68d6975 u0 com.huawei.android.launcher/com.huawei.android.launcher.unihome.UniHomeLauncher},EmuiStyle=-1,StatusBarColor=0xff00acc1,NavigationBarColor=0x0, mLastIsEmuiLightStyle=-1
06-24 16:20:50.746 D/ApduServiceInfo( 2677): No com.nxp.nfc.extensions meta-data
06-24 16:20:50.746 D/CarrierSvcBindHelper( 1715): No carrier app for: 0
06-24 16:20:50.747 I/WindowManager(  657): notifyAccessibilityButtonVisibilityChanged visible:false
06-24 16:20:50.747 I/HwNetworkPolicy(  657): onTransact, code = 203
06-24 16:20:50.747 D/CarrierSvcBindHelper( 1715): No carrier app for: 1
06-24 16:20:50.747 V/WindowManager(  657): Checking 1 opening apps (frozen=false timeout=false)...
06-24 16:20:50.747 I/HwNetworkPolicyManager( 1813): getHwUidPolicy uid = 10056 policy = 0
06-24 16:20:50.747 D/ApduServiceInfo( 2677): No com.nxp.nfc.extensions meta-data
06-24 16:20:50.747 V/WindowManager(  657): Check opening app=AppWindowToken{d3a938b token=Token{377755a ActivityRecord{d5c9105 u0 com.huawei.android.launcher/.unihome.UniHomeLauncher t15658}}}: allDrawn=false startingDisplayed=false startingMoved=false isRelaunching()=false
06-24 16:20:50.748 D/ApduServiceInfo( 2677): No com.nxp.nfc.extensions meta-data
06-24 16:20:50.748 D/HwPhoneWindowManager(  657): Transact:setSystemUIColor to status bar service
06-24 16:20:50.748 W/AwareLog(  657): SchedLevelBoost: onProcessDied config not set!
06-24 16:20:50.748 D/ApduServiceInfo( 2677): No com.nxp.nfc.extensions meta-data
06-24 16:20:50.748 I/CommandQueue( 1513): updateBarBgColor
06-24 16:20:50.749 D/CommandQueue( 1513): CommandQueue, setBarBackgroundColor
06-24 16:20:50.749 D/ApduServiceInfo( 2677): No com.nxp.nfc.extensions meta-data
06-24 16:20:50.749 E/ApduServiceInfo( 2677): SE extension not present, Setting default offhost seID
06-24 16:20:50.750 D/mali_winsys( 2519): EGLint new_window_surface(egl_winsys_display *, void *, EGLSurface, EGLConfig, egl_winsys_surface **, egl_color_buffer_format *, EGLBoolean) returns 0x3000
06-24 16:20:50.750 E/HsmCoreServiceImpl( 1478): onTransact in code is: 102
06-24 16:20:50.750 I/MediaProcessHandler( 1478): processOp opType: 1, uid: 11423, pid: 19605
06-24 16:20:50.750 W/MediaProcessHandler( 1478): remove target not exist, maybe the UI process: uid: 11423, pid: 19605
06-24 16:20:50.750 I/MediaProcessHandler( 1478): executedCallBack opType: 1 mMediaStatusObservers.size=0
06-24 16:20:50.751 I/GRALLOC (  679): 	 shrFd=10,fmt=0x1,intFmt=0x200000001,btStrd=4352,size=8486912,pid=679 
06-24 16:20:50.751 I/GRALLOC (  679): 	 yuv=2,w=1080,h=1920,Stride u=0 v=0,offset u=0 v=0 
06-24 16:20:50.751 I/GRALLOC (  679): 	 iova_size=8486912,conUsg=0x900,proUsg=0x900,	 strd=1088,[afbc]HdrStrd=1088 PyldStrd=69632 Scrmbl=2,ionhnd = 1 
06-24 16:20:50.752 D/TintManager( 1513): statusBarIconTint=#99FFFFFF,navigationBarIconTint=#00000000
06-24 16:20:50.753 W/ActivityManager(  657): Sending non-protected broadcast huawei.action.floattasks.STATUS_BAR_STATE_CHANGED from system 1513:com.android.systemui/u0a39 pkg com.android.systemui
06-24 16:20:50.753 D/BarTransitions.HwPhoneStatusBarView( 1513): MODE_TRANSLUCENT -> MODE_TRANSPARENT animate=false
06-24 16:20:50.753 D/BarTransitions.HwPhoneStatusBarView( 1513): applyModeBackground oldMode=MODE_TRANSLUCENT newMode=MODE_TRANSPARENT animate=false
06-24 16:20:50.754 I/GRALLOC (  679): 	 shrFd=10,fmt=0x1,intFmt=0x200000001,btStrd=4352,size=8486912,pid=679 
06-24 16:20:50.754 I/GRALLOC (  679): 	 yuv=2,w=1080,h=1920,Stride u=0 v=0,offset u=0 v=0 
06-24 16:20:50.754 I/GRALLOC (  679): 	 iova_size=8486912,conUsg=0x900,proUsg=0x900,	 strd=1088,[afbc]HdrStrd=1088 PyldStrd=69632 Scrmbl=2,ionhnd = 1 
06-24 16:20:50.755 I/Finsky  (26895): [1] com.google.android.finsky.scheduler.w.handleMessage(32): DeviceState: DeviceState{currentTime=1529828450745, isCharging=false, isIdle=false, netAny=true, netNotRoaming=true, netUnmetered=true}
06-24 16:20:50.755 I/GRALLOC (  679): 	 shrFd=10,fmt=0x1,intFmt=0x200000001,btStrd=4352,size=8486912,pid=679 
06-24 16:20:50.755 I/GRALLOC (  679): 	 yuv=2,w=1080,h=1920,Stride u=0 v=0,offset u=0 v=0 
06-24 16:20:50.755 I/GRALLOC (  679): 	 iova_size=8486912,conUsg=0x900,proUsg=0x900,	 strd=1088,[afbc]HdrStrd=1088 PyldStrd=69632 Scrmbl=2,ionhnd = 1 
06-24 16:20:50.756 D/StatusBarIconController( 1513): setIconVisibility icon is null or visibility not change visibility=false
06-24 16:20:50.756 E/NfcNci  ( 2677): NfcUtils error: APP have nfc permission
06-24 16:20:50.761 I/Finsky  (26895): [1] com.google.android.finsky.scheduler.r.a(88): Running job: 1 (12)
06-24 16:20:50.761 I/GRALLOC (  679): 	 shrFd=10,fmt=0x1,intFmt=0x200000001,btStrd=4352,size=8486912,pid=679 
06-24 16:20:50.761 I/GRALLOC (  679): 	 yuv=2,w=1080,h=1920,Stride u=0 v=0,offset u=0 v=0 
06-24 16:20:50.761 I/GRALLOC (  679): 	 iova_size=8486912,conUsg=0xb00,proUsg=0xb00,	 strd=1088,[afbc]HdrStrd=1088 PyldStrd=69632 Scrmbl=2,ionhnd = 1 
06-24 16:20:50.761 I/Finsky  (26895): [1] com.google.android.finsky.ai.c.a(41): ContentSyncJob started
06-24 16:20:50.762 D/PMS1000 (  657): package:com.android.vending, input flags:0, output hwFlags:0
06-24 16:20:50.764 I/chatty  (  657): uid=1000(system) Binder:657_11 identical 7 lines
06-24 16:20:50.765 D/PMS1000 (  657): package:com.android.vending, input flags:0, output hwFlags:0
06-24 16:20:50.765 D/WindowManager(  657): finishDrawingWindow: Window{68d6975 u0 com.huawei.android.launcher/com.huawei.android.launcher.unihome.UniHomeLauncher} mDrawState=DRAW_PENDING
06-24 16:20:50.765 D/PMS1000 (  657): package:com.android.vending, input flags:0, output hwFlags:0
06-24 16:20:50.766 I/Finsky  (26895): [1] com.google.android.finsky.scheduler.r.a(160): RunningQueue size: 1
06-24 16:20:50.767 I/Finsky  (26895): [1] com.google.android.finsky.scheduler.r.a(161): PendingQueue size: 0
06-24 16:20:50.767 W/InputMethodManager( 2519): startInputReason = 1
06-24 16:20:50.768 D/PMS1000 (  657): package:com.android.vending, input flags:0, output hwFlags:0
06-24 16:20:50.768 D/ImageWallpaper( 1513): onOffsetsChanged: xOffset=0.0, yOffset=0.0, xOffsetStep=0.0, yOffsetStep=0.0, xPixels=0, yPixels=0
06-24 16:20:50.768 D/ImageWallpaper( 1513): Suppressed drawFrame since redraw is not needed and offsets have not changed.sf=Rect(0, 0 - 2160, 1920)
06-24 16:20:50.768 D/ImageWallpaper( 1513): onVisibilityChanged: mVisible, visible=false, true
06-24 16:20:50.768 D/ImageWallpaper( 1513): Visibility changed to visible=true
06-24 16:20:50.768 D/ImageWallpaper( 1513): Suppressed drawFrame since redraw is not needed and offsets have not changed.sf=Rect(0, 0 - 2160, 1920)
06-24 16:20:50.768 I/chatty  (  657): uid=1000(system) Binder:657_4 identical 8 lines
06-24 16:20:50.768 D/PMS1000 (  657): package:com.android.vending, input flags:0, output hwFlags:0
06-24 16:20:50.770 V/WindowManager(  657): Checking 1 opening apps (frozen=false timeout=false)...
06-24 16:20:50.770 V/WindowManager(  657): Check opening app=AppWindowToken{d3a938b token=Token{377755a ActivityRecord{d5c9105 u0 com.huawei.android.launcher/.unihome.UniHomeLauncher t15658}}}: allDrawn=true startingDisplayed=false startingMoved=false isRelaunching()=false
06-24 16:20:50.772 I/AsyncOpDispatcher( 8506): 35-GetDeviceDataUploadOptInStatusOperation
06-24 16:20:50.772 I/NetworkSpeedManagerEx( 1513): mIsStop = false
06-24 16:20:50.772 I/NetworkSpeedManagerEx( 1513):  runInThread getTetherStats
06-24 16:20:50.773 I/NetworkSpeedManagerEx( 1513):  runInUI refreshSpeed
06-24 16:20:50.773 I/NetworkSpeedManagerEx( 1513): value=1776.0speed = 1.7
06-24 16:20:50.773 I/NetworkSpeedManagerEx( 1513): K/smIsShowLastSpeedValuefalse
06-24 16:20:50.773 I/NetworkSpeedView( 1513): /update(), speed=1.7
06-24 16:20:50.773 I/NetworkSpeedView( 1513): K/s parent class:class com.android.systemui.statusbar.HwSystemIcons
06-24 16:20:50.774 I/Finsky  (26895): [4099] com.google.android.finsky.n.c.a(25): Completed 0 account content syncs with 0 successful.
06-24 16:20:50.776 I/Finsky  (26895): [1] com.google.android.finsky.ai.c.a(5): Installation state replication succeeded.
06-24 16:20:50.776 I/Finsky  (26895): [1] com.google.android.finsky.scheduler.aq.b(12): jobFinished: 1 12
06-24 16:20:50.777 I/Finsky  (26895): [1] com.google.android.finsky.scheduler.r.a(185): Job 1 (12) finished
06-24 16:20:50.777 I/wangchen( 7035): SysInfo.getSysParam: orientation=1||config d=3.0,w=1080,h=1920||metrics d=3.0,w=1080,h=1920||sdk=26,bar_h=72
06-24 16:20:50.777 I/KeymapLoader( 7035): w=1080 h=1920 ori=true appScale=3.3 s1=3.0
06-24 16:20:50.777 D/WorkSource( 8506): Insert in WorkSource{} @ 0 uid 10089 name com.google.android.gms
06-24 16:20:50.779 I/Finsky  (26895): [1] com.google.android.finsky.scheduler.r.a(160): RunningQueue size: 0
06-24 16:20:50.780 D/PGGoogleServicePolicy(  657): prevent gms/gsf hold partial wakelock
06-24 16:20:50.780 W/ActivityManager(  657): setHasOverlayUi called on unknown pid: 19580
06-24 16:20:50.781 I/Finsky  (26895): [1] com.google.android.finsky.scheduler.r.a(161): PendingQueue size: 0
06-24 16:20:50.782 D/PMS10089(  657): package:com.google.android.gms, input flags:0, output hwFlags:0
06-24 16:20:50.782 D/PMS10089(  657): package:com.google.android.gms, input flags:0, output hwFlags:0
06-24 16:20:50.782 I/Finsky  (26895): [1] com.google.android.finsky.scheduler.w.handleMessage(216): Executor finished
06-24 16:20:50.783 I/GRALLOC (  679): 	 shrFd=10,fmt=0x1,intFmt=0x200000001,btStrd=4352,size=8486912,pid=679 
06-24 16:20:50.783 I/GRALLOC (  679): 	 yuv=2,w=1080,h=1920,Stride u=0 v=0,offset u=0 v=0 
06-24 16:20:50.783 I/GRALLOC (  679): 	 iova_size=8486912,conUsg=0xb00,proUsg=0xb00,	 strd=1088,[afbc]HdrStrd=1088 PyldStrd=69632 Scrmbl=2,ionhnd = 1 
06-24 16:20:50.784 D/WorkSource( 8506): Insert in WorkSource{} @ 0 uid 10089 name com.google.android.gms
06-24 16:20:50.782 D/PMS10089(  657): package:com.google.android.gms, input flags:0, output hwFlags:0
06-24 16:20:50.784 D/PMS10089(  657): package:com.android.email, input flags:1, output hwFlags:33554432
06-24 16:20:50.784 D/PMS10089(  657): package:com.android.exchange, input flags:1, output hwFlags:0
06-24 16:20:50.784 D/PMS10089(  657): package:com.google.android.gm, input flags:1, output is null
06-24 16:20:50.784 W/HwAlarmManagerService(  657): isContainsAppUidInWorksource-->happend NameNotFoundException
06-24 16:20:50.785 D/JobServiceContext(  657): doCallback of : JobStatus{e42096b #u0a93/9001 com.android.vending/com.google.android.finsky.scheduler.JobSchedulerEngine$PhoneskyJobSchedulerJobService u=0 s=10093 TIME=-8s961ms:+18h30m55s273ms NET=1 READY} v:VERB_EXECUTING
06-24 16:20:50.785 E/AppUsageEventWatcher( 8506): wrong time range: [1530080125154, 1529828450785)
06-24 16:20:50.787 D/ImageWallpaper( 1513): onOffsetsChanged: xOffset=0.0, yOffset=0.0, xOffsetStep=0.0, yOffsetStep=0.0, xPixels=0, yPixels=0
06-24 16:20:50.787 D/ImageWallpaper( 1513): Suppressed drawFrame since redraw is not needed and offsets have not changed.sf=Rect(0, 0 - 2160, 1920)
06-24 16:20:50.788 D/WindowManager(  657): finishDrawingWindow: Window{68d6975 u0 com.huawei.android.launcher/com.huawei.android.launcher.unihome.UniHomeLauncher} mDrawState=HAS_DRAWN
06-24 16:20:50.790 D/BarTransitions.HwNavigationBarView( 1513): MODE_OPAQUE -> MODE_TRANSLUCENT animate=false
06-24 16:20:50.790 D/BarTransitions.HwNavigationBarView( 1513): applyModeBackground oldMode=MODE_OPAQUE newMode=MODE_TRANSLUCENT animate=false
06-24 16:20:50.793 D/ImageWallpaper( 1513): onOffsetsChanged: xOffset=0.0, yOffset=0.0, xOffsetStep=0.0, yOffsetStep=0.0, xPixels=0, yPixels=0
06-24 16:20:50.793 D/ImageWallpaper( 1513): Suppressed drawFrame since redraw is not needed and offsets have not changed.sf=Rect(0, 0 - 2160, 1920)
06-24 16:20:50.794 I/Finsky  (26895): [1] com.google.android.finsky.scheduler.JobSchedulerEngine.a(61): Scheduling job with id: 9000
06-24 16:20:50.798 I/NetworkSpeedManagerEx( 1513): mIsStop = false
06-24 16:20:50.798 I/NetworkSpeedManagerEx( 1513):  runInThread getTetherStats
06-24 16:20:50.799 I/NetworkSpeedManagerEx( 1513):  runInUI refreshSpeed
06-24 16:20:50.799 I/NetworkSpeedManagerEx( 1513): value=1802.6666speed = 1.8
06-24 16:20:50.799 I/NetworkSpeedManagerEx( 1513): K/smIsShowLastSpeedValuefalse
06-24 16:20:50.799 I/NetworkSpeedView( 1513): /update(), speed=1.8
06-24 16:20:50.799 I/NetworkSpeedView( 1513): K/s parent class:class com.android.systemui.statusbar.HwSystemIcons
06-24 16:20:50.804 D/HwRecentsLockUtils( 1513): Search
06-24 16:20:50.804 E/HsmCoreServiceImpl( 1478): onTransact in code is: 103
06-24 16:20:50.804 I/MediaProcessHandler( 1478): playingUids: 
06-24 16:20:50.805 D/ActivityManager(  657): Skipping, home or recents stack task: TaskRecord{333215f #15658 A=com.huawei.android.launcher U=0 StackId=0 sz=1}
06-24 16:20:50.805 D/ActivityManager(  657): Skipping intent:act=android.intent.action.MAIN cat=[android.intent.category.LAUNCHER] flg=0x10a00000 cmp=io.appium.settings/.Settings
06-24 16:20:50.805 D/ActivityManager(  657): Skipping intent:flg=0x10804000 cmp=com.android.systemui/.recents.RecentsActivity bnds=[48,928][1032,2296]
06-24 16:20:50.805 D/ActivityManager(  657): Skipping intent:flg=0x18800000 cmp=com.tencent.mm/.plugin.base.stub.WXPayEntryActivity
06-24 16:20:50.805 D/ActivityManager(  657): Skipping intent:flg=0x10800000 cmp=com.huawei.systemmanager/com.huawei.permissionmanager.ui.MainActivity
06-24 16:20:50.805 D/ActivityManager(  657): Skipping intent:flg=0x18800000 cmp=com.tencent.mm/.plugin.base.stub.WXEntryActivity
06-24 16:20:50.805 D/ActivityManager(  657): Skipping intent:act=com.huawei.action.VOICE_ASSISTANT flg=0x10800000 pkg=com.huawei.vassistant cmp=com.huawei.vassistant/.ui.main.VAssistantActivity
06-24 16:20:50.805 D/ActivityManager(  657): Skipping intent:act=com.huawei.android.launcher.action.ACCESS_SPLIT_SCREEN_APP cat=[android.intent.category.DEFAULT] flg=0x10804000 cmp=com.huawei.android.launcher/.splitscreen.SplitScreenAppActivity
06-24 16:20:50.805 D/ActivityManager(  657): Skipping intent:flg=0x10800000 pkg=com.excelliance.dualaid.b64 cmp=com.excelliance.dualaid.b64/com.excelliance.kxqp.sdk.PermissionRequestActivity
06-24 16:20:50.805 D/ActivityManager(  657): Skipping intent:act=android.intent.action.VIEW dat=content://com.excelliance.dualaid.fileProvider/external_storage_root/Download/apk/Multiple_64.apk typ=application/vnd.android.package-archive flg=0x10800001 cmp=com.android.packageinstaller/.InstallStart
06-24 16:20:50.805 D/ActivityManager(  657): Skipping intent:flg=0x10800000 cmp=com.android.systemui/.usb.HwUsbDebuggingActivity
06-24 16:20:50.805 D/ActivityManager(  657): Skipping intent:act=android.deviceinfo.chooser.action.LAUNCH flg=0x10800000 hwFlg=0x100 pkg=com.android.settings cmp=com.android.settings/.deviceinfo.UsbConnModeChooserActivity
06-24 16:20:50.805 D/ActivityManager(  657): Skipping intent:flg=0x10800000 cmp=com.zol.android/.push.KeepLiveActivity
06-24 16:20:50.805 D/ActivityManager(  657): Skipping intent:act=android.intent.action.MAIN cat=[android.intent.category.HOME] flg=0x10800300 cmp=com.android.settings/.FallbackHome
06-24 16:20:50.862 D/HwFLClassLoader( 2519): USE_FEATURE_LIST had not init! 
06-24 16:20:50.863 E/Thermal-daemon(  764): [charger_ic] temp_new :40  temp_old :41
06-24 16:20:50.863 I/ThermalService( 1699): Receive temperature change, type: 2, temp: 40 from thermald
06-24 16:20:50.863 D/HwThermalStateManager( 1699): Thermal type: 2 cur_temperature:40
06-24 16:20:50.863 E/Thermal-daemon(  764): Report temperature: [charger_ic] temp :40  report_threshold:1
06-24 16:20:50.867 E/asset   ( 2519): createFromFile(): lock file /data/resource-cache/system@emui@base@overlay@frameworkhwexthonor@frameworkhwexthonor.apk@idmap.
06-24 16:20:50.867 E/asset   ( 2519): createFromFile(): lock file /data/resource-cache/system@emui@base@overlay@frameworkhwexthonor@frameworkhwexthonor.apk@idmap.
06-24 16:20:50.867 W/ResourceType( 2519): Found multiple library tables, ignoring...
06-24 16:20:50.875 D/HwFLClassLoader( 2519): USE_FEATURE_LIST had not init! 
06-24 16:20:50.878 E/asset   ( 2519): createFromFile(): lock file /data/resource-cache/system@emui@base@overlay@frameworkhwexthonor@frameworkhwexthonor.apk@idmap.
06-24 16:20:50.878 E/asset   ( 2519): createFromFile(): lock file /data/resource-cache/system@emui@base@overlay@frameworkhwexthonor@frameworkhwexthonor.apk@idmap.
06-24 16:20:50.878 W/ResourceType( 2519): Found multiple library tables, ignoring...
06-24 16:20:50.926 D/HwFLClassLoader( 2519): USE_FEATURE_LIST had not init! 
06-24 16:20:51.203 I/audio_hw_primary(  687): usb_ext_get_parameters: check show hires (false)
06-24 16:20:51.204 I/hash_map_utils(  742): key: 'typec_need_show_hires' value: ''
06-24 16:20:51.204 I/HwAudioService(  657): check HiRes Icon false
06-24 16:20:51.205 W/ActivityManager(  657): Sending non-protected broadcast huawei.intent.action.hideHiResIcon from system uid 1000 pkg null
06-24 16:20:51.205 I/HwAudioService(  657): broadcastHiresIntent : false
06-24 16:20:51.205 W/ActivityManager(  657): Sending non-protected broadcast huawei.intent.action.hideHiResIcon from system uid 1000 pkg null
06-24 16:20:51.206 D/StatusBarIconController( 1513): setIconVisibility icon is null or visibility not change visibility=false
06-24 16:20:51.220 I/HwNormalizedSpline(  657): getEyeProtectionBrightnessLevel lux =239.0, mDefaultBrightnessFromLux =68.645
06-24 16:20:51.231 I/audio_hw_primary(  687): usb_ext_get_parameters: check show hires (false)
06-24 16:20:51.231 I/hash_map_utils(  742): key: 'typec_need_show_hires' value: ''
06-24 16:20:51.231 I/HwAudioService(  657): check HiRes Icon false
06-24 16:20:51.232 W/ActivityManager(  657): Sending non-protected broadcast huawei.intent.action.hideHiResIcon from system uid 1000 pkg null
06-24 16:20:51.232 I/HwAudioService(  657): broadcastHiresIntent : false
06-24 16:20:51.232 W/ActivityManager(  657): Sending non-protected broadcast huawei.intent.action.hideHiResIcon from system uid 1000 pkg null
06-24 16:20:51.233 D/StatusBarIconController( 1513): setIconVisibility icon is null or visibility not change visibility=false
06-24 16:20:51.269 D/TelephonyManager( 2140): getCellLocation calling app is com.huawei.android.totemweather
06-24 16:20:51.269 W/PhoneInterfaceManager( 1715): shouldBlockLocation running ...
06-24 16:20:51.270 I/PhoneInterfaceManager( 1715): shouldBlockLocation  ret:false
06-24 16:20:51.279 W/OpenGLRenderer( 2519): Incorrectly called buildLayer on View: ShortcutAndWidgetContainer, destroying layer...
06-24 16:20:51.279 W/OpenGLRenderer( 2519): Incorrectly called buildLayer on View: ShortcutAndWidgetContainer, destroying layer...
06-24 16:20:51.280 I/GRALLOC (  679): 	 shrFd=10,fmt=0x1,intFmt=0x200000001,btStrd=4352,size=8486912,pid=679 
06-24 16:20:51.280 I/GRALLOC (  679): 	 yuv=2,w=1080,h=1920,Stride u=0 v=0,offset u=0 v=0 
06-24 16:20:51.280 I/GRALLOC (  679): 	 iova_size=8486912,conUsg=0xb00,proUsg=0xb00,	 strd=1088,[afbc]HdrStrd=1088 PyldStrd=69632 Scrmbl=2,ionhnd = 1 
06-24 16:20:51.507 I/TrafficMonitor(  657): expired arrive. level:-1
06-24 16:20:51.507 I/TrafficMonitor(  657): during_ms:2001,period_ms:2000
06-24 16:20:51.507 I/TrafficMonitor(  657): count:167,rx_sum:9,tx_sum:10,rxBytes:4172,during_ms:2001,rx_speed:2084.9575212393806,tx_speed:557.7211394302849,rto:0.9
06-24 16:20:51.507 D/HuaweiWifiWatchdogStateMachine(  657): speed: rxpkt:9, rxSpd:2084B/s, txpkt:10, txSpd:557
06-24 16:20:51.753 I/Pged-IPgedBinderService(  769): ****action is 2, pid num is 6***
06-24 16:20:51.754 I/Pged-Freezer(  769): thawPids
06-24 16:20:51.757 D/PgedBinderAdapter( 1699): unfrz ok, pid: [29457, 29531, 14942, 15544, 19530]
06-24 16:20:51.775 I/appium  (19530): channel read invoked!
06-24 16:20:51.775 I/appium  (19530): channel read: GET /wd/hub/session/4dfb9834-f9e3-4bb5-8e08-7f8550328a86/source
06-24 16:20:51.798 W/ResourceType( 2519): No known package when getting name for resource number 0x9c010000
06-24 16:20:51.799 W/ResourceType( 2519): No known package when getting name for resource number 0x9c010100
06-24 16:20:51.799 W/ResourceType( 2519): No known package when getting name for resource number 0x9c010200
06-24 16:20:51.800 W/ResourceType( 2519): No known package when getting name for resource number 0x9c010300
06-24 16:20:51.800 W/ResourceType( 2519): No known package when getting name for resource number 0x9c010001
06-24 16:20:51.800 W/ResourceType( 2519): No known package when getting name for resource number 0x9c010101
06-24 16:20:51.801 W/ResourceType( 2519): No known package when getting name for resource number 0x9c010201
06-24 16:20:51.801 W/ResourceType( 2519): No known package when getting name for resource number 0x9c010301
06-24 16:20:51.802 W/ResourceType( 2519): No known package when getting name for resource number 0x9c010002
06-24 16:20:51.802 W/ResourceType( 2519): No known package when getting name for resource number 0x9c010102
06-24 16:20:51.803 W/ResourceType( 2519): No known package when getting name for resource number 0x9c010202
06-24 16:20:51.803 W/ResourceType( 2519): No known package when getting name for resource number 0x9c010302
06-24 16:20:51.804 W/ResourceType( 2519): No known package when getting name for resource number 0x9c010003
06-24 16:20:51.804 W/ResourceType( 2519): No known package when getting name for resource number 0x9c010103
06-24 16:20:51.805 W/ResourceType( 2519): No known package when getting name for resource number 0x9c010203
06-24 16:20:51.805 W/ResourceType( 2519): No known package when getting name for resource number 0x9c010303
06-24 16:20:51.805 W/ResourceType( 2519): No known package when getting name for resource number 0x9c010004
06-24 16:20:51.806 W/ResourceType( 2519): No known package when getting name for resource number 0x9c010104
06-24 16:20:51.806 W/ResourceType( 2519): No known package when getting name for resource number 0x9c010204
06-24 16:20:51.807 W/ResourceType( 2519): No known package when getting name for resource number 0x9c010304
06-24 16:20:51.841 I/zygote64(19530): Do full code cache collection, code=122KB, data=66KB
06-24 16:20:51.843 I/zygote64(19530): After code cache collection, code=89KB, data=41KB
06-24 16:20:51.853 I/appium  (19530): Skipping invisible child: android.view.accessibility.AccessibilityNodeInfo@93fe; boundsInParent: Rect(0, 0 - 1080, 1580); boundsInScreen: Rect(0, 0 - -1080, 1532); packageName: com.huawei.android.launcher; className: android.view.ViewGroup; text: null; error: null; maxTextLength: -1; contentDescription: null; viewIdResName: com.huawei.android.launcher:id/workspace_screen; checkable: false; checked: false; focusable: false; focused: false; selected: false; clickable: true; longClickable: true; contextClickable: false; enabled: true; password: false; scrollable: false; importantForAccessibility: true; actions: [AccessibilityAction: ACTION_SELECT - null, AccessibilityAction: ACTION_CLEAR_SELECTION - null, AccessibilityAction: ACTION_CLICK - null, AccessibilityAction: ACTION_LONG_CLICK - null, AccessibilityAction: ACTION_ACCESSIBILITY_FOCUS - null, AccessibilityAction: ACTION_SHOW_ON_SCREEN - null]
06-24 16:20:51.853 I/appium  (19530): Skipping invisible child: android.view.accessibility.AccessibilityNodeInfo@97bf; boundsInParent: Rect(0, 0 - 1080, 1580); boundsInScreen: Rect(0, 0 - 0, 1532); packageName: com.huawei.android.launcher; className: android.view.ViewGroup; text: null; error: null; maxTextLength: -1; contentDescription: null; viewIdResName: com.huawei.android.launcher:id/workspace_screen; checkable: false; checked: false; focusable: false; focused: false; selected: false; clickable: true; longClickable: true; contextClickable: false; enabled: true; password: false; scrollable: false; importantForAccessibility: true; actions: [AccessibilityAction: ACTION_SELECT - null, AccessibilityAction: ACTION_CLEAR_SELECTION - null, AccessibilityAction: ACTION_CLICK - null, AccessibilityAction: ACTION_LONG_CLICK - null, AccessibilityAction: ACTION_ACCESSIBILITY_FOCUS - null, AccessibilityAction: ACTION_SHOW_ON_SCREEN - null]
06-24 16:20:51.859 I/appium  (19530): Skipping invisible child: android.view.accessibility.AccessibilityNodeInfo@14fb0; boundsInParent: Rect(0, 0 - 93, 93); boundsInScreen: Rect(495, 0 - 584, 76); packageName: com.huawei.android.launcher; className: android.widget.ImageView; text: null; error: null; maxTextLength: -1; contentDescription: ; viewIdResName: com.huawei.android.launcher:id/default_screen_home_icon; checkable: false; checked: false; focusable: true; focused: false; selected: false; clickable: true; longClickable: false; contextClickable: false; enabled: true; password: false; scrollable: false; importantForAccessibility: true; actions: [AccessibilityAction: ACTION_FOCUS - null, AccessibilityAction: ACTION_SELECT - null, AccessibilityAction: ACTION_CLEAR_SELECTION - null, AccessibilityAction: ACTION_CLICK - null, AccessibilityAction: ACTION_ACCESSIBILITY_FOCUS - null, AccessibilityAction: ACTION_NEXT_AT_MOVEMENT_GRANULARITY - null, AccessibilityAction: ACTION_PREVIOUS_AT_MOVEMENT_GRANULARITY - null, AccessibilityAction: ACTION_SET_SELECTION - null, AccessibilityAction: ACTION_SHOW_ON_SCREEN - null]
06-24 16:20:51.862 I/appium  (19530): Skipping invisible child: android.view.accessibility.AccessibilityNodeInfo@15371; boundsInParent: Rect(0, 0 - 93, 93); boundsInScreen: Rect(493, 0 - 586, 78); packageName: com.huawei.android.launcher; className: android.widget.ImageView; text: null; error: null; maxTextLength: -1; contentDescription: ; viewIdResName: com.huawei.android.launcher:id/default_screen_home_icon_bg; checkable: false; checked: false; focusable: true; focused: false; selected: false; clickable: true; longClickable: false; contextClickable: false; enabled: true; password: false; scrollable: false; importantForAccessibility: true; actions: [AccessibilityAction: ACTION_FOCUS - null, AccessibilityAction: ACTION_SELECT - null, AccessibilityAction: ACTION_CLEAR_SELECTION - null, AccessibilityAction: ACTION_CLICK - null, AccessibilityAction: ACTION_ACCESSIBILITY_FOCUS - null, AccessibilityAction: ACTION_NEXT_AT_MOVEMENT_GRANULARITY - null, AccessibilityAction: ACTION_PREVIOUS_AT_MOVEMENT_GRANULARITY - null, AccessibilityAction: ACTION_SET_SELECTION - null, AccessibilityAction: ACTION_SHOW_ON_SCREEN - null]
06-24 16:20:51.864 W/ResourceType( 2519): No known package when getting name for resource number 0x9c030000
06-24 16:20:51.869 W/ResourceType( 2519): No known package when getting name for resource number 0x9c030100
06-24 16:20:51.874 W/ResourceType( 2519): No known package when getting name for resource number 0x9c030200
06-24 16:20:51.877 W/ResourceType( 2519): No known package when getting name for resource number 0x9c030300
06-24 16:20:51.880 W/ResourceType( 2519): No known package when getting name for resource number 0x9c030001
06-24 16:20:51.884 W/ResourceType( 2519): No known package when getting name for resource number 0x9c030101
06-24 16:20:51.888 W/ResourceType( 2519): No known package when getting name for resource number 0x9c030201
06-24 16:20:51.895 W/ResourceType( 2519): No known package when getting name for resource number 0x9c030301
06-24 16:20:51.900 W/ResourceType( 2519): No known package when getting name for resource number 0x9c030002
06-24 16:20:51.904 W/ResourceType( 2519): No known package when getting name for resource number 0x9c030102
06-24 16:20:51.905 D/HwWifiStatStore(  657): handleMessage : 200
06-24 16:20:51.908 W/ResourceType( 2519): No known package when getting name for resource number 0x9c030202
06-24 16:20:51.912 W/ResourceType( 2519): No known package when getting name for resource number 0x9c030302
06-24 16:20:51.916 W/ResourceType( 2519): No known package when getting name for resource number 0x9c030003
06-24 16:20:51.922 W/ResourceType( 2519): No known package when getting name for resource number 0x9c030103
06-24 16:20:51.928 W/ResourceType( 2519): No known package when getting name for resource number 0x9c030203
06-24 16:20:51.935 W/ResourceType( 2519): No known package when getting name for resource number 0x9c030303
06-24 16:20:51.942 W/ResourceType( 2519): No known package when getting name for resource number 0x9c030004
06-24 16:20:51.949 W/ResourceType( 2519): No known package when getting name for resource number 0x9c030104
06-24 16:20:51.955 W/ResourceType( 2519): No known package when getting name for resource number 0x9c030204
06-24 16:20:51.962 I/appium  (19530): Skipping invisible child: android.view.accessibility.AccessibilityNodeInfo@9f41; boundsInParent: Rect(0, 0 - 1080, 1580); boundsInScreen: Rect(1080, 0 - 1080, 1532); packageName: com.huawei.android.launcher; className: android.view.ViewGroup; text: null; error: null; maxTextLength: -1; contentDescription: null; viewIdResName: com.huawei.android.launcher:id/workspace_screen; checkable: false; checked: false; focusable: false; focused: false; selected: false; clickable: true; longClickable: true; contextClickable: false; enabled: true; password: false; scrollable: false; importantForAccessibility: true; actions: [AccessibilityAction: ACTION_SELECT - null, AccessibilityAction: ACTION_CLEAR_SELECTION - null, AccessibilityAction: ACTION_CLICK - null, AccessibilityAction: ACTION_LONG_CLICK - null, AccessibilityAction: ACTION_ACCESSIBILITY_FOCUS - null, AccessibilityAction: ACTION_SHOW_ON_SCREEN - null]
06-24 16:20:51.968 W/ResourceType( 2519): No known package when getting name for resource number 0x9b000000
06-24 16:20:51.968 W/ResourceType( 2519): No known package when getting name for resource number 0x9b010100
06-24 16:20:51.969 W/ResourceType( 2519): No known package when getting name for resource number 0x9b020200
06-24 16:20:51.969 W/ResourceType( 2519): No known package when getting name for resource number 0x9b030300
06-24 16:20:51.970 W/ResourceType( 2519): No known package when getting name for resource number 0x9b040400
06-24 16:20:51.991 I/appium  (19530): Fetch time: 145ms
06-24 16:20:52.218 E/wificond(  765): Failed to get NL80211_STA_INFO_CNAHLOAD
06-24 16:20:52.220 E/WificondControl(  657): Noise: -91, Snr: 0, Chload: -1
06-24 16:20:52.220 D/HwWifiCHRStateManager(  657): handleMessage : 1001
06-24 16:20:52.220 D/HwWifiCHRStateManager(  657): handleUpdateChannel:5805
06-24 16:20:52.220 V/HwWifiServiceFactory(  657): get AllImpl object = com.android.server.wifi.HwWifiServiceFactoryImpl@a390a53
06-24 16:20:52.225 D/HuaweiWifiWatchdogStateMachine(  657): LM mrssi=-43
06-24 16:20:52.226 D/HuaweiWifiWatchdogStateMachine(  657): f2:9f:**:**:8f:43 current loss[-45]=0%, volume=21
06-24 16:20:52.226 D/HuaweiWifiWatchdogStateMachine(  657): f2:9f:**:**:8f:43 history loss[-45]=0.02%, volume=23042019
06-24 16:20:52.226 I/HuaweiWifiWatchdogStateMachine(  657): spd good count:0, add sc:0.0, rate:1.0
06-24 16:20:52.226 I/HuaweiWifiWatchdogStateMachine(  657): current mHighDataFlowRate = 1.0
06-24 16:20:52.226 I/HuaweiWifiWatchdogStateMachine(  657): POta txb txg rxg:0, 21, 0. Lr =0% Totpkt=21
06-24 16:20:52.228 D/WiFi_PRO(  657): MSG_RETURN_AP_CURRY_RSSI rssi = -43
06-24 16:20:52.228 I/QosMonitor(  657): queryRtt: rtt_type = 3
06-24 16:20:52.228 I/HwQoEJNI(  657): send_cmd_kernel. begin
06-24 16:20:52.228 I/HwQoEJNI(  657): send_cmd_kernel. end
06-24 16:20:52.228 I/QosMonitor(  657): postEventFromNative: msg=100,arg1=4,arg2=10
06-24 16:20:52.229 D/HwUidTcpMonitor(  657): parseWlanUidTcpStatistics lastUidTcpStatInfo = [ mUid = 10093 mPacketName = com.android.vending mSendSegs = 3522 mResendSegs = 2467 mRcvSegs = 240 ]
06-24 16:20:52.229 I/HwQoEJNI(  657): send_cmd_kernel. begin
06-24 16:20:52.229 D/HwUidTcpMonitor(  657): parseWlanUidTcpStatistics rm oldestUid = 11420, current size = 19
06-24 16:20:52.229 I/HwQoEJNI(  657): send_cmd_kernel. end
06-24 16:20:52.229 I/QosMonitor(  657): postEventFromNative: msg=100,arg1=0,arg2=10
06-24 16:20:52.229 D/HwUidTcpMonitor(  657): parseWlanUidTcpStatistics newUidTcpStatInfo = [ mUid = 11423 mPacketName = com.excelliance.dualaid mSendSegs = 9 mResendSegs = 0 mRcvSegs = 7 ]
06-24 16:20:52.229 D/HuaweiWifiWatchdogStateMachine(  657): f2:9f:**:**:8f:43 current RTT[-45]=160, volume=5
06-24 16:20:52.229 D/HuaweiWifiWatchdogStateMachine(  657): f2:9f:**:**:8f:43 history RTT[-45]=237, volume=1686984
06-24 16:20:52.229 D/HuaweiWifiWatchdogStateMachine(  657): setSampleRtt: rtt=160,rtt_pkts =5,rtt_when=1
06-24 16:20:52.229 I/MQoS    (  657): rtt=208,tcp_tx_pkts=406188,tcp_rx_pkts=421570
06-24 16:20:52.229 I/QosMonitor(  657): resetRtt: rtt_type = 3
06-24 16:20:52.229 I/HwQoEJNI(  657): send_cmd_kernel. begin
06-24 16:20:52.229 I/HwQoEJNI(  657): send_cmd_kernel. end
06-24 16:20:52.230 I/MQoS    (  657): QOS_level:0(0),DataDisable;use level-0
06-24 16:20:52.230 I/MQoS    (  657): skip-low-Level:0(0),DataDisable;use level-0
06-24 16:20:52.230 D/HuaweiWifiWatchdogStateMachine(  657): dumpTcpResult: len=10,rtt=208,rttPkt=9,rttWn=1,cgt=16,cgtWn=9519304
06-24 16:20:52.230 I/HuaweiWifiWatchdogStateMachine(  657): PTcp RTT:208, rtt pkt=9, tcp_rx=8, tcp_tx=13, tcp_reTran=2, rtRate=0.15
06-24 16:20:52.230 D/HuaweiWifiWatchdogStateMachine(  657): mRssiBadCount =0, RSSI not bad.
06-24 16:20:52.231 D/HuaweiWifiWatchdogStateMachine(  657): detectNetworkAvailable:hw.wifipro.dns_fail_count = 65
06-24 16:20:52.231 D/HuaweiWifiWatchdogStateMachine(  657): detectNetworkAvailable: tcpRxPkts != 0, reset
06-24 16:20:52.231 I/HuaweiWifiWatchdogStateMachine(  657): rs ota tcp lr rttvb bad: false, false, false, false, false; rsth:-75
06-24 16:20:52.231 D/HuaweiWifiWatchdogStateMachine(  657): GSC:0, GSR:1.0, RSR:1.0, RTH:-75
06-24 16:20:52.231 I/HuaweiWifiWatchdogStateMachine(  657): judge good link######, goodLinkLevel=3
06-24 16:20:52.231 I/HuaweiWifiWatchdogStateMachine(  657): sendResultMsgToQM bssid:f2:9f:**:**:8f:43, qoslevel=3
06-24 16:20:52.231 I/HuaweiWifiWatchdogStateMachine(  657): link good reported, good base rssi:-44
06-24 16:20:52.231 D/HuaweiWifiWatchdogStateMachine(  657): goodperiod count=0, rb rttg sg =false, true, false
06-24 16:20:52.231 D/HuaweiWifiWatchdogStateMachine(  657): bqeLevel = 3 rtt=208,rtt_pkts=9 speed=2884 rssi=-43
06-24 16:20:52.231 D/HuaweiWifiWatchdogStateMachine(  657): Enter updateQoeLevel level = 3
06-24 16:20:52.231 D/HuaweiWifiWatchdogStateMachine(  657): Leave updateQoeLevel level = 3
06-24 16:20:52.231 I/HuaweiWifiWatchdogStateMachine(  657):  pkt chk not bad, reset sc to 0.
06-24 16:20:52.231 D/HuaweiWifiWatchdogStateMachine(  657): ### mPktChkBadCnt=0
06-24 16:20:52.231 D/WiFi_PRO_WifiProStateMachine(  657): onNetworkQosChange, currentWifiLevel == 3, wifiNoInternet = false, updateUiOnly = true
06-24 16:20:52.231 D/WiFi_PRO_WifiProStateMachine(  657): onWifiBqeDetectionResult =  3
06-24 16:20:52.231 D/WiFi_PRO_WifiProStateMachine(  657): "zmkjubnt"  TCPRTT  level = 3
06-24 16:20:52.234 D/WiFi_PRO_EvaluateController(  657): "zmkjubnt",crurrent Signal =  4, last  Signal = 4, isSemiAuto, last evaluate is Valid
06-24 16:20:52.234 D/WiFi_PRO_WifiProStateMachine(  657): updateWifiQosLevel, mCurrentSsid: "zmkjubnt" ,isWiFiNoInternet: false, qosLevel: 3
06-24 16:20:52.234 D/WiFi_PRO_EvaluateController(  657): internetAccessType not change, can not update
06-24 16:20:52.234 D/WiFi_PRO_EvaluateController(  657): updateEvaluate Level  succeed!.new Level = 3
06-24 16:20:52.249 D/WifiConfigStore(  657): Writing to stores completed in 10 ms.
06-24 16:20:52.252 I/zygote64(19530): Do partial code cache collection, code=123KB, data=64KB
06-24 16:20:52.252 I/zygote64(19530): After code cache collection, code=123KB, data=64KB
06-24 16:20:52.252 I/zygote64(19530): Increasing code cache capacity to 512KB
06-24 16:20:52.273 I/appium  (19530): AppiumResponse: {"sessionId":"4dfb9834-f9e3-4bb5-8e08-7f8550328a86","status":0,"value":"<?xml version=\"1.0\" encoding=\"UTF-8\"?><hierarchy rotation=\"0\"><android.widget.FrameLayout index=\"0\" text=\"\" class=\"android.widget.FrameLayout\" package=\"com.huawei.android.launcher\" content-desc=\"\" checkable=\"false\" checked=\"false\" clickable=\"false\" enabled=\"true\" focusable=\"false\" focused=\"false\" scrollable=\"false\" long-clickable=\"false\" password=\"false\" selected=\"false\" bounds=\"[0,0][1080,1920]\" resource-id=\"\" instance=\"0\"><android.widget.LinearLayout index=\"0\" text=\"\" class=\"android.widget.LinearLayout\" package=\"com.huawei.android.launcher\" content-desc=\"\" checkable=\"false\" checked=\"false\" clickable=\"false\" enabled=\"true\" focusable=\"false\" focused=\"false\" scrollable=\"false\" long-clickable=\"false\" password=\"false\" selected=\"false\" bounds=\"[0,0][1080,1920]\" resource-id=\"\" instance=\"0\"><android.widget.FrameLayout index=\"0\" text=\"\" class=\"android.widget.FrameLayout\" package=\"com.huawei.android.launcher\" content-desc=\"\" checkable=\"false\" checked=\"false\" clickable=\"false\" enabled=\"true\" focusable=\"false\" focused=\"false\" scrollable=\"false\" long-clickable=\"false\" password=\"false\" selected=\"false\" bounds=\"[0,0][1080,1920]\" resource-id=\"android:id\/content\" instance=\"1\"><android.widget.FrameLayout index=\"0\" text=\"\" class=\"android.widget.FrameLayout\" package=\"com.huawei.android.launcher\" content-desc=\"\" checkable=\"false\" checked=\"false\" clickable=\"false\" enabled=\"true\" focusable=\"false\" focused=\"false\" scrollable=\"false\" long-clickable=\"false\" password=\"false\" selected=\"false\" bounds=\"[0,0][1080,1920]\" resource-id=\"com.huawei.android.launcher:id\/drag_layer\" instance=\"2\"><android.view.ViewGroup index=\"0\" text=\"\" class=\"android.view.ViewGroup\" package=\"com.huawei.android.launcher\" content-desc=\" 3  4 \" checkable=\"false\" checked=\"false\" clickable=\"false\" enabled=\"true\" focusable=\"false\" focused=\"false\" scrollable=\"true\" long-clickable=\"false\" password=\"false\" selected=\"false\" bounds=\"[0,0][1080,1920]\" resource-id=\"com.huawei.android.launcher:id\/workspace\" instance=\"0\"><android.view.ViewGroup index=\"2\" text=\"\" class=\"android.view.ViewGroup\" package=\"com.huawei.android.launcher\" content-desc=\"\" checkable=\"false\" checked=\"false\" clickable=\"true\" enabled=\"true\" focusable=\"false\" focused=\"false\" scrollable=\"false\" long-clickable=\"true\" password=\"false\" selected=\"false\" bounds=\"[0,0][1080,1532]\" resource-id=\"com.huawei.android.launcher:id\/workspace_screen\" instance=\"1\"><android.widget.FrameLayout index=\"0\" text=\"\" class=\"android.widget.FrameLayout\" package=\"com.huawei.android.launcher\" content-desc=\"\" checkable=\"false\" checked=\"false\" clickable=\"false\" enabled=\"true\" focusable=\"false\" focused=\"false\" scrollable=\"false\" long-clickable=\"false\" password=\"false\" selected=\"false\" bounds=\"[12,0][1068,1514]\" resource-id=\"\" instance=\"3\"\/><android.view.ViewGroup index=\"1\" text=\"\" class=\"android.view.ViewGroup\" package=\"com.huawei.android.launcher\" content-desc=\"\" checkable=\"false\" checked=\"false\" clickable=\"false\" enabled=\"true\" focusable=\"false\" focused=\"false\" scrollable=\"false\" long-clickable=\"false\" password=\"false\" selected=\"false\" bounds=\"[12,0][1068,1514]\" resource-id=\"\" instance=\"2\"><android.widget.TextView index=\"0\" text=\"iTest\" class=\"android.widget.TextView\" package=\"com.huawei.android.launcher\" content-desc=\"\" checkable=\"false\" checked=\"false\" clickable=\"true\" enabled=\"true\" focusable=\"true\" focused=\"false\" scrollable=\"false\" long-clickable=\"true\" password=\"false\" selected=\"false\" bounds=\"[12,84][276,370]\" resource-id=\"\" instance=\"0\"\/><android.widget.TextView index=\"1\" text=\"WhatsApp\" class=\"android.widget.TextView\" package=\"com.huawei.android.launcher\" content-
06-24 16:20:52.333 W/libc    (  493): Set property "hw.wifi.dns_stat" to "33954,29415,5028,1,52593"
06-24 16:20:52.347 I/appium  (19530): channel read invoked!
06-24 16:20:52.347 I/appium  (19530): channel read: GET /wd/hub/session/4dfb9834-f9e3-4bb5-8e08-7f8550328a86/source
06-24 16:20:52.511 I/TrafficMonitor(  657): update:rxPkts:3,txPkts:2,rxBytes:283,txBytes:80
06-24 16:20:52.511 I/TrafficMonitor(  657): start expired. level:-1
06-24 16:20:52.511 I/TrafficMonitor(  657): gettimer:interval=2000
06-24 16:20:52.737 D/NetWorkUtils( 1513): mVSimCurCardType is -1
06-24 16:20:52.739 W/ResourceType( 1513): No package identifier when getting value for resource number 0x00000000
06-24 16:20:52.739 E/HwNotchUtils( 1513): setIconForView iconId is not found
06-24 16:20:52.742 D/NetWorkUtils( 1513): mVSimCurCardType is -1
06-24 16:20:52.744 W/ResourceType( 1513): No package identifier when getting value for resource number 0x00000000
06-24 16:20:52.745 E/HwNotchUtils( 1513): setIconForView iconId is not found
06-24 16:20:52.920 W/ResourceType( 2519): No known package when getting name for resource number 0x9c010000
06-24 16:20:52.921 W/ResourceType( 2519): No known package when getting name for resource number 0x9c010100
06-24 16:20:52.921 W/ResourceType( 2519): No known package when getting name for resource number 0x9c010200
06-24 16:20:52.921 W/ResourceType( 2519): No known package when getting name for resource number 0x9c010300
06-24 16:20:52.922 W/ResourceType( 2519): No known package when getting name for resource number 0x9c010001
06-24 16:20:52.922 W/ResourceType( 2519): No known package when getting name for resource number 0x9c010101
06-24 16:20:52.922 W/ResourceType( 2519): No known package when getting name for resource number 0x9c010201
06-24 16:20:52.922 W/ResourceType( 2519): No known package when getting name for resource number 0x9c010301
06-24 16:20:52.923 W/ResourceType( 2519): No known package when getting name for resource number 0x9c010002
06-24 16:20:52.923 W/ResourceType( 2519): No known package when getting name for resource number 0x9c010102
06-24 16:20:52.924 W/ResourceType( 2519): No known package when getting name for resource number 0x9c010202
06-24 16:20:52.925 W/ResourceType( 2519): No known package when getting name for resource number 0x9c010302
06-24 16:20:52.926 W/ResourceType( 2519): No known package when getting name for resource number 0x9c010003
06-24 16:20:52.926 W/ResourceType( 2519): No known package when getting name for resource number 0x9c010103
06-24 16:20:52.927 W/ResourceType( 2519): No known package when getting name for resource number 0x9c010203
06-24 16:20:52.928 W/ResourceType( 2519): No known package when getting name for resource number 0x9c010303
06-24 16:20:52.929 W/ResourceType( 2519): No known package when getting name for resource number 0x9c010004
06-24 16:20:52.929 W/ResourceType( 2519): No known package when getting name for resource number 0x9c010104
06-24 16:20:52.930 W/ResourceType( 2519): No known package when getting name for resource number 0x9c010204
06-24 16:20:52.931 W/ResourceType( 2519): No known package when getting name for resource number 0x9c010304
06-24 16:20:52.963 I/appium  (19530): Skipping invisible child: android.view.accessibility.AccessibilityNodeInfo@93fe; boundsInParent: Rect(0, 0 - 1080, 1580); boundsInScreen: Rect(0, 0 - -1080, 1532); packageName: com.huawei.android.launcher; className: android.view.ViewGroup; text: null; error: null; maxTextLength: -1; contentDescription: null; viewIdResName: com.huawei.android.launcher:id/workspace_screen; checkable: false; checked: false; focusable: false; focused: false; selected: false; clickable: true; longClickable: true; contextClickable: false; enabled: true; password: false; scrollable: false; importantForAccessibility: true; actions: [AccessibilityAction: ACTION_SELECT - null, AccessibilityAction: ACTION_CLEAR_SELECTION - null, AccessibilityAction: ACTION_CLICK - null, AccessibilityAction: ACTION_LONG_CLICK - null, AccessibilityAction: ACTION_ACCESSIBILITY_FOCUS - null, AccessibilityAction: ACTION_SHOW_ON_SCREEN - null]
06-24 16:20:52.964 I/appium  (19530): Skipping invisible child: android.view.accessibility.AccessibilityNodeInfo@97bf; boundsInParent: Rect(0, 0 - 1080, 1580); boundsInScreen: Rect(0, 0 - 0, 1532); packageName: com.huawei.android.launcher; className: android.view.ViewGroup; text: null; error: null; maxTextLength: -1; contentDescription: null; viewIdResName: com.huawei.android.launcher:id/workspace_screen; checkable: false; checked: false; focusable: false; focused: false; selected: false; clickable: true; longClickable: true; contextClickable: false; enabled: true; password: false; scrollable: false; importantForAccessibility: true; actions: [AccessibilityAction: ACTION_SELECT - null, AccessibilityAction: ACTION_CLEAR_SELECTION - null, AccessibilityAction: ACTION_CLICK - null, AccessibilityAction: ACTION_LONG_CLICK - null, AccessibilityAction: ACTION_ACCESSIBILITY_FOCUS - null, AccessibilityAction: ACTION_SHOW_ON_SCREEN - null]
06-24 16:20:52.972 I/appium  (19530): Skipping invisible child: android.view.accessibility.AccessibilityNodeInfo@14fb0; boundsInParent: Rect(0, 0 - 93, 93); boundsInScreen: Rect(495, 0 - 584, 76); packageName: com.huawei.android.launcher; className: android.widget.ImageView; text: null; error: null; maxTextLength: -1; contentDescription: ; viewIdResName: com.huawei.android.launcher:id/default_screen_home_icon; checkable: false; checked: false; focusable: true; focused: false; selected: false; clickable: true; longClickable: false; contextClickable: false; enabled: true; password: false; scrollable: false; importantForAccessibility: true; actions: [AccessibilityAction: ACTION_FOCUS - null, AccessibilityAction: ACTION_SELECT - null, AccessibilityAction: ACTION_CLEAR_SELECTION - null, AccessibilityAction: ACTION_CLICK - null, AccessibilityAction: ACTION_ACCESSIBILITY_FOCUS - null, AccessibilityAction: ACTION_NEXT_AT_MOVEMENT_GRANULARITY - null, AccessibilityAction: ACTION_PREVIOUS_AT_MOVEMENT_GRANULARITY - null, AccessibilityAction: ACTION_SET_SELECTION - null, AccessibilityAction: ACTION_SHOW_ON_SCREEN - null]
06-24 16:20:52.977 I/appium  (19530): Skipping invisible child: android.view.accessibility.AccessibilityNodeInfo@15371; boundsInParent: Rect(0, 0 - 93, 93); boundsInScreen: Rect(493, 0 - 586, 78); packageName: com.huawei.android.launcher; className: android.widget.ImageView; text: null; error: null; maxTextLength: -1; contentDescription: ; viewIdResName: com.huawei.android.launcher:id/default_screen_home_icon_bg; checkable: false; checked: false; focusable: true; focused: false; selected: false; clickable: true; longClickable: false; contextClickable: false; enabled: true; password: false; scrollable: false; importantForAccessibility: true; actions: [AccessibilityAction: ACTION_FOCUS - null, AccessibilityAction: ACTION_SELECT - null, AccessibilityAction: ACTION_CLEAR_SELECTION - null, AccessibilityAction: ACTION_CLICK - null, AccessibilityAction: ACTION_ACCESSIBILITY_FOCUS - null, AccessibilityAction: ACTION_NEXT_AT_MOVEMENT_GRANULARITY - null, AccessibilityAction: ACTION_PREVIOUS_AT_MOVEMENT_GRANULARITY - null, AccessibilityAction: ACTION_SET_SELECTION - null, AccessibilityAction: ACTION_SHOW_ON_SCREEN - null]
06-24 16:20:52.980 W/ResourceType( 2519): No known package when getting name for resource number 0x9c030000
06-24 16:20:52.986 W/ResourceType( 2519): No known package when getting name for resource number 0x9c030100
06-24 16:20:52.992 W/ResourceType( 2519): No known package when getting name for resource number 0x9c030200
06-24 16:20:52.998 W/ResourceType( 2519): No known package when getting name for resource number 0x9c030300
06-24 16:20:53.005 W/ResourceType( 2519): No known package when getting name for resource number 0x9c030001
06-24 16:20:53.011 W/ResourceType( 2519): No known package when getting name for resource number 0x9c030101
06-24 16:20:53.017 W/ResourceType( 2519): No known package when getting name for resource number 0x9c030201
06-24 16:20:53.025 W/ResourceType( 2519): No known package when getting name for resource number 0x9c030301
06-24 16:20:53.030 W/ResourceType( 2519): No known package when getting name for resource number 0x9c030002
06-24 16:20:53.036 W/ResourceType( 2519): No known package when getting name for resource number 0x9c030102
06-24 16:20:53.041 W/ResourceType( 2519): No known package when getting name for resource number 0x9c030202
06-24 16:20:53.047 W/ResourceType( 2519): No known package when getting name for resource number 0x9c030302
06-24 16:20:53.052 W/ResourceType( 2519): No known package when getting name for resource number 0x9c030003
06-24 16:20:53.057 W/ResourceType( 2519): No known package when getting name for resource number 0x9c030103
06-24 16:20:53.063 W/ResourceType( 2519): No known package when getting name for resource number 0x9c030203
06-24 16:20:53.068 W/ResourceType( 2519): No known package when getting name for resource number 0x9c030303
06-24 16:20:53.074 W/ResourceType( 2519): No known package when getting name for resource number 0x9c030004
06-24 16:20:53.079 W/ResourceType( 2519): No known package when getting name for resource number 0x9c030104
06-24 16:20:53.085 W/ResourceType( 2519): No known package when getting name for resource number 0x9c030204
