06-24 16:35:32.628 D/HwPhoneWindowManager(  657): Transact:setSystemUIColor to status bar service
06-24 16:35:32.629 I/CommandQueue( 1513): updateBarBgColor
06-24 16:35:32.629 D/CommandQueue( 1513): CommandQueue, setBarBackgroundColor
06-24 16:35:32.630 V/WindowManager(  657): Checking 1 opening apps (frozen=false timeout=false)...
06-24 16:35:32.630 V/WindowManager(  657): Check opening app=AppWindowToken{eda31f1 token=Token{98e9598 ActivityRecord{fe3337b u0 com.excelliance.dualaid/com.excelliance.kxqp.swipe.NavActivity2 t16056}}}: allDrawn=false startingDisplayed=false startingMoved=false isRelaunching()=false
06-24 16:35:32.633 D/MainActivity(21523): run: initPage3
06-24 16:35:32.633 D/TintManager( 1513): statusBarIconTint=#99FFFFFF,navigationBarIconTint=#FF000000
06-24 16:35:32.634 D/BarTransitions.HwPhoneStatusBarView( 1513): MODE_TRANSPARENT -> MODE_TRANSLUCENT animate=false
06-24 16:35:32.634 D/BarTransitions.HwPhoneStatusBarView( 1513): applyModeBackground oldMode=MODE_TRANSPARENT newMode=MODE_TRANSLUCENT animate=false
06-24 16:35:32.634 I/GRALLOC (  679): 	 shrFd=10,fmt=0x1,intFmt=0x200000001,btStrd=4352,size=8486912,pid=679 
06-24 16:35:32.634 I/GRALLOC (  679): 	 yuv=2,w=1080,h=1920,Stride u=0 v=0,offset u=0 v=0 
06-24 16:35:32.634 I/GRALLOC (  679): 	 iova_size=8486912,conUsg=0x900,proUsg=0x900,	 strd=1088,[afbc]HdrStrd=1088 PyldStrd=69632 Scrmbl=2,ionhnd = 1 
06-24 16:35:32.636 I/OpenGLRenderer(21523): Initialized EGL, version 1.4
06-24 16:35:32.636 D/OpenGLRenderer(21523): Swap behavior 2
06-24 16:35:32.637 I/GRALLOC (  679): 	 shrFd=10,fmt=0x1,intFmt=0x200000001,btStrd=4352,size=8486912,pid=679 
06-24 16:35:32.637 I/GRALLOC (  679): 	 yuv=2,w=1080,h=1920,Stride u=0 v=0,offset u=0 v=0 
06-24 16:35:32.637 I/GRALLOC (  679): 	 iova_size=8486912,conUsg=0x900,proUsg=0x900,	 strd=1088,[afbc]HdrStrd=1088 PyldStrd=69632 Scrmbl=2,ionhnd = 1 
06-24 16:35:32.638 I/GRALLOC (  679): 	 shrFd=10,fmt=0x1,intFmt=0x200000001,btStrd=4352,size=8486912,pid=679 
06-24 16:35:32.638 I/GRALLOC (  679): 	 yuv=2,w=1080,h=1920,Stride u=0 v=0,offset u=0 v=0 
06-24 16:35:32.638 I/GRALLOC (  679): 	 iova_size=8486912,conUsg=0x900,proUsg=0x900,	 strd=1088,[afbc]HdrStrd=1088 PyldStrd=69632 Scrmbl=2,ionhnd = 1 
06-24 16:35:32.640 D/mali_winsys(21523): EGLint new_window_surface(egl_winsys_display *, void *, EGLSurface, EGLConfig, egl_winsys_surface **, egl_color_buffer_format *, EGLBoolean) returns 0x3000
06-24 16:35:32.640 E/vndksupport(21523): Could not load vendor/lib/egl/libGLES_mali_v2.so from sphal namespace: dlopen failed: library "vendor/lib/egl/libGLES_mali_v2.so" not found.
06-24 16:35:32.650 D/StatusBarIconController( 1513): setIconVisibility icon is null or visibility not change visibility=false
06-24 16:35:32.658 D/PMS11423(  657): package:com.excelliance.dualaid, input flags:128, output hwFlags:0
06-24 16:35:32.660 I/GRALLOC (  679): 	 shrFd=10,fmt=0x1,intFmt=0x200000001,btStrd=4352,size=8486912,pid=679 
06-24 16:35:32.660 I/GRALLOC (  679): 	 yuv=2,w=1080,h=1920,Stride u=0 v=0,offset u=0 v=0 
06-24 16:35:32.660 I/GRALLOC (  679): 	 iova_size=8486912,conUsg=0xb00,proUsg=0xb00,	 strd=1088,[afbc]HdrStrd=1088 PyldStrd=69632 Scrmbl=2,ionhnd = 1 
06-24 16:35:32.661 D/PMS11423(  657): package:com.excelliance.dualaid, input flags:128, output hwFlags:0
06-24 16:35:32.667 D/WindowManager(  657): finishDrawingWindow: Window{74be6dc u0 com.excelliance.dualaid/com.excelliance.kxqp.swipe.NavActivity2} mDrawState=DRAW_PENDING
06-24 16:35:32.668 V/MainActivity(21523): onWindowFocusChanged: true
06-24 16:35:32.668 W/InputMethodManager(21523): startInputReason = 1
06-24 16:35:32.669 V/WindowManager(  657): Checking 1 opening apps (frozen=false timeout=false)...
06-24 16:35:32.669 V/WindowManager(  657): Check opening app=AppWindowToken{eda31f1 token=Token{98e9598 ActivityRecord{fe3337b u0 com.excelliance.dualaid/com.excelliance.kxqp.swipe.NavActivity2 t16056}}}: allDrawn=true startingDisplayed=false startingMoved=false isRelaunching()=false
06-24 16:35:32.671 D/ImageWallpaper( 1513): onVisibilityChanged: mVisible, visible=true, false
06-24 16:35:32.671 D/ImageWallpaper( 1513): Visibility changed to visible=false
06-24 16:35:32.672 D/BarTransitions.HwPhoneStatusBarView( 1513): MODE_TRANSLUCENT -> MODE_TRANSPARENT animate=false
06-24 16:35:32.672 D/BarTransitions.HwPhoneStatusBarView( 1513): applyModeBackground oldMode=MODE_TRANSLUCENT newMode=MODE_TRANSPARENT animate=false
06-24 16:35:32.673 I/ActivityManager(  657): Displayed com.excelliance.dualaid/com.excelliance.kxqp.swipe.NavActivity2: +181ms (total +3s907ms)
06-24 16:35:32.675 W/InputMethodManager(21523): startInputReason = 5
06-24 16:35:32.677 I/wangchen( 7035): SysInfo.getSysParam: orientation=1||config d=3.0,w=1080,h=1920||metrics d=3.0,w=1080,h=1920||sdk=26,bar_h=72
06-24 16:35:32.677 I/KeymapLoader( 7035): w=1080 h=1920 ori=true appScale=3.3 s1=3.0
06-24 16:35:32.682 E/BufferQueueProducer(  710): [com.huawei.android.launcher/com.huawei.android.launcher.unihome.UniHomeLauncher#0] disconnect: not connected (req=1)
06-24 16:35:32.682 W/libEGL  ( 2519): EGLNativeWindowType 0x74abe62010 disconnect failed
06-24 16:35:32.683 I/WindowManager(  657): notifyAccessibilityButtonVisibilityChanged visible:false
06-24 16:35:32.687 I/GRALLOC (  679): 	 shrFd=10,fmt=0x1,intFmt=0x200000001,btStrd=4352,size=8486912,pid=679 
06-24 16:35:32.687 I/GRALLOC (  679): 	 yuv=2,w=1080,h=1920,Stride u=0 v=0,offset u=0 v=0 
06-24 16:35:32.687 I/GRALLOC (  679): 	 iova_size=8486912,conUsg=0xb00,proUsg=0xb00,	 strd=1088,[afbc]HdrStrd=1088 PyldStrd=69632 Scrmbl=2,ionhnd = 1 
06-24 16:35:32.700 W/dex2oat (21593): Using default instruction set features for ARM CPU variant (default) using conservative defaults
06-24 16:35:32.702 I/dex2oat (21593): /system/bin/dex2oat -j4 --dex-file=/data/data/com.excelliance.dualaid/.platformcache/main.jar --output-vdex-fd=46 --oat-fd=47 --oat-location=/data/data/com.excelliance.dualaid/.platformcache/oat/arm/main.odex --compiler-filter=quicken
06-24 16:35:32.702 W/ActivityManager(  657): Sending non-protected broadcast huawei.action.floattasks.STATUS_BAR_STATE_CHANGED from system 1513:com.android.systemui/u0a39 pkg com.android.systemui
06-24 16:35:32.702 I/cutils-trace(21593): atrace_init_once, trace_marker_path = /sys/kernel/debug/tracing/trace_marker
06-24 16:35:32.703 D/ActivityThread(21523): Remove activity client record, r= ActivityRecord{cbe2ddc token=android.os.BinderProxy@d13fa03 {com.excelliance.dualaid/com.excelliance.kxqp.ui.HelloActivity}} token= android.os.BinderProxy@d13fa03
06-24 16:35:32.705 W/HwKeyguardDragHelper( 1513): AnimationBlocked
06-24 16:35:32.705 D/BarTransitions.HwPhoneStatusBarView( 1513): MODE_TRANSPARENT -> MODE_TRANSLUCENT animate=false
06-24 16:35:32.705 D/BarTransitions.HwPhoneStatusBarView( 1513): applyModeBackground oldMode=MODE_TRANSPARENT newMode=MODE_TRANSLUCENT animate=false
06-24 16:35:32.705 D/BarTransitions.HwNavigationBarView( 1513): MODE_TRANSLUCENT -> MODE_OPAQUE animate=false
06-24 16:35:32.705 D/BarTransitions.HwNavigationBarView( 1513): applyModeBackground oldMode=MODE_TRANSLUCENT newMode=MODE_OPAQUE animate=false
06-24 16:35:32.706 V/WindowManager(  657): notifyAppStopped: AppWindowToken{d3a938b token=Token{377755a ActivityRecord{d5c9105 u0 com.huawei.android.launcher/.unihome.UniHomeLauncher t15658}}}
06-24 16:35:32.706 E/WindowManager(  657): win=Window{68d6975 u0 com.huawei.android.launcher/com.huawei.android.launcher.unihome.UniHomeLauncher} destroySurfaces: appStopped=true win.mWindowRemovalAllowed=false win.mRemoveOnExit=false
06-24 16:35:32.706 I/WindowManager(  657): Destroying surface Surface(name=com.huawei.android.launcher/com.huawei.android.launcher.unihome.UniHomeLauncher) called by com.android.server.wm.WindowStateAnimator.destroySurface:2060 com.android.server.wm.WindowStateAnimator.destroySurfaceLocked:873 com.android.server.wm.HwWindowStateAnimator.destroySurfaceLocked:1006 com.android.server.wm.WindowState.destroyOrSaveSurfaceUnchecked:2990 com.android.server.wm.WindowState.destroySurface:2951 com.android.server.wm.AppWindowToken.destroySurfaces:654 com.android.server.wm.AppWindowToken.destroySurfaces:638 com.android.server.wm.AppWindowToken.notifyAppStopped:682 
06-24 16:35:32.707 D/HwGameAssistantController(  657): pid=2519, uid=10056, foreground=false
06-24 16:35:32.708 W/AwareLog(  657): SchedLevelBoost: onFgActivitiesChanged config not set!
06-24 16:35:32.709 V/WindowManager(  657): removeAppToken: AppWindowToken{1d5a4b9 token=Token{ba87680 ActivityRecord{d35e703 u0 com.excelliance.dualaid/com.excelliance.kxqp.ui.HelloActivity t16056}}} delayed=false Callers=com.android.server.wm.DisplayContent.removeAppToken:985 com.android.server.wm.AppWindowContainerController.removeContainer:348 com.android.server.am.ActivityRecord.removeWindowContainer:1039 com.android.server.am.ActivityStack.removeActivityFromHistoryLocked:4491 
06-24 16:35:32.747 D/NetWorkUtils( 1513): mVSimCurCardType is -1
06-24 16:35:32.891 I/HwNormalizedSpline(  657): getEyeProtectionBrightnessLevel lux =239.0, mDefaultBrightnessFromLux =68.645
06-24 16:35:33.040 E/wificond(  765): Failed to get NL80211_STA_INFO_CNAHLOAD
06-24 16:35:33.040 E/WificondControl(  657): Noise: -92, Snr: 0, Chload: -1
06-24 16:35:33.040 D/HwWifiCHRStateManager(  657): handleMessage : 1001
06-24 16:35:33.040 D/HwWifiCHRStateManager(  657): handleUpdateChannel:5805
06-24 16:35:33.040 V/HwWifiServiceFactory(  657): get AllImpl object = com.android.server.wifi.HwWifiServiceFactoryImpl@a390a53
06-24 16:35:33.043 D/HuaweiWifiWatchdogStateMachine(  657): LM mrssi=-45
06-24 16:35:33.043 D/HuaweiWifiWatchdogStateMachine(  657): f2:9f:**:**:8f:43 current loss[-45]=0%, volume=37
06-24 16:35:33.043 D/HuaweiWifiWatchdogStateMachine(  657): f2:9f:**:**:8f:43 history loss[-45]=0.02%, volume=23056118
06-24 16:35:33.043 I/HuaweiWifiWatchdogStateMachine(  657): spd good count:0, add sc:0.0, rate:1.0
06-24 16:35:33.043 I/HuaweiWifiWatchdogStateMachine(  657): current mHighDataFlowRate = 1.0
06-24 16:35:33.043 I/HuaweiWifiWatchdogStateMachine(  657): POta txb txg rxg:0, 37, 0. Lr =0% Totpkt=37
06-24 16:35:33.043 D/WiFi_PRO(  657): MSG_RETURN_AP_CURRY_RSSI rssi = -45
06-24 16:35:33.043 I/QosMonitor(  657): queryRtt: rtt_type = 3
06-24 16:35:33.043 I/HwQoEJNI(  657): send_cmd_kernel. begin
06-24 16:35:33.043 I/HwQoEJNI(  657): send_cmd_kernel. end
06-24 16:35:33.044 I/QosMonitor(  657): postEventFromNative: msg=100,arg1=4,arg2=10
06-24 16:35:33.044 I/HwQoEJNI(  657): send_cmd_kernel. begin
06-24 16:35:33.044 I/HwQoEJNI(  657): send_cmd_kernel. end
06-24 16:35:33.044 I/QosMonitor(  657): postEventFromNative: msg=100,arg1=0,arg2=10
06-24 16:35:33.044 D/HuaweiWifiWatchdogStateMachine(  657): f2:9f:**:**:8f:43 current RTT[-45]=160, volume=5
06-24 16:35:33.044 D/HwUidTcpMonitor(  657): parseWlanUidTcpStatistics lastUidTcpStatInfo = [ mUid = 10093 mPacketName = com.android.vending mSendSegs = 3781 mResendSegs = 2661 mRcvSegs = 250 ]
06-24 16:35:33.044 D/HuaweiWifiWatchdogStateMachine(  657): f2:9f:**:**:8f:43 history RTT[-45]=237, volume=1689661
06-24 16:35:33.044 D/HwWifiConnectivityMonitor(  657): ENTER: notifyTopUidTcpInfo, tx = 10, rx = 9, reTx = 0, uid = 11423, tr = 0.0
06-24 16:35:33.044 D/HuaweiWifiWatchdogStateMachine(  657): setSampleRtt: rtt=160,rtt_pkts =5,rtt_when=0
06-24 16:35:33.044 D/HwWifiConnectivityMonitor(  657): ENTER: notifyTopUidTcpInfo, rtt = 176, rttPkts = 4, aveRtt = 44.0, app = com.excelliance.dualaid
06-24 16:35:33.044 I/MQoS    (  657): rtt=160,tcp_tx_pkts=423381,tcp_rx_pkts=442814
06-24 16:35:33.044 I/QosMonitor(  657): resetRtt: rtt_type = 3
06-24 16:35:33.044 D/HwUidTcpMonitor(  657): parseWlanUidTcpStatistics lastUidTcpStatInfo = [ mUid = 11423 mPacketName = com.excelliance.dualaid mSendSegs = 15109 mResendSegs = 5 mRcvSegs = 20226 ]
06-24 16:35:33.044 D/HwWifiConnectivityMonitor(  657): handleTopUidInternetStatusChanged, uid = 11423, status = 0
06-24 16:35:33.044 D/HwUidTcpMonitor(  657): parseWlanUidTcpStatistics lastUidTcpStatInfo = [ mUid = 10089 mPacketName = com.google.uid.shared:10089 mSendSegs = 7543 mResendSegs = 0 mRcvSegs = 496 ]
06-24 16:35:33.044 I/HwQoEJNI(  657): send_cmd_kernel. begin
06-24 16:35:33.044 I/HwQoEJNI(  657): send_cmd_kernel. end
06-24 16:35:33.044 I/MQoS    (  657): QOS_level:0(0),DataDisable;use level-0
06-24 16:35:33.044 I/MQoS    (  657): skip-low-Level:0(0),DataDisable;use level-0
06-24 16:35:33.045 D/HuaweiWifiWatchdogStateMachine(  657): dumpTcpResult: len=10,rtt=160,rttPkt=5,rttWn=0,cgt=16,cgtWn=9739682
06-24 16:35:33.045 I/HuaweiWifiWatchdogStateMachine(  657): PTcp RTT:160, rtt pkt=5, tcp_rx=10, tcp_tx=24, tcp_reTran=3, rtRate=0.12
06-24 16:35:33.045 D/HuaweiWifiWatchdogStateMachine(  657): mRssiBadCount =0, RSSI not bad.
06-24 16:35:33.045 D/HuaweiWifiWatchdogStateMachine(  657): detectNetworkAvailable:hw.wifipro.dns_fail_count = 66
06-24 16:35:33.045 D/HuaweiWifiWatchdogStateMachine(  657): detectNetworkAvailable: tcpRxPkts != 0, reset
06-24 16:35:33.045 I/HuaweiWifiWatchdogStateMachine(  657): rs ota tcp lr rttvb bad: false, false, false, false, false; rsth:-75
06-24 16:35:33.046 D/HuaweiWifiWatchdogStateMachine(  657): GSC:0, GSR:1.0, RSR:1.0, RTH:-75
06-24 16:35:33.046 D/HuaweiWifiWatchdogStateMachine(  657): goodperiod count=1, rb rttg sg =false, true, false
06-24 16:35:33.046 D/HuaweiWifiWatchdogStateMachine(  657): bqeLevel = 3 rtt=160,rtt_pkts=5 speed=4905 rssi=-45
06-24 16:35:33.046 D/HuaweiWifiWatchdogStateMachine(  657): Enter updateQoeLevel level = 3
06-24 16:35:33.046 D/HuaweiWifiWatchdogStateMachine(  657): updateQoeLevel current level equal to mLastDetectLevel, return
06-24 16:35:33.046 I/HuaweiWifiWatchdogStateMachine(  657):  pkt chk not bad, reset sc to 0.
06-24 16:35:33.046 D/HuaweiWifiWatchdogStateMachine(  657): ### mPktChkBadCnt=0
06-24 16:35:33.100 I/dex2oat (21593): dex2oat took 400.360ms (975.800ms cpu) (threads: 4) arena alloc=137KB (141240B) java alloc=2MB (3127336B) native alloc=4MB (4689808B) free=2MB (2650224B)
06-24 16:35:33.112 D/PMS11423(  657): package:com.excelliance.dualaid, input flags:128, output hwFlags:0
06-24 16:35:33.160 W/dex2oat (21601): Using default instruction set features for ARM CPU variant (default) using conservative defaults
06-24 16:35:33.161 I/dex2oat (21601): /system/bin/dex2oat -j4 --dex-file=/data/data/com.excelliance.dualaid/.platformcache/kxqpplatform2.jar --output-vdex-fd=47 --oat-fd=48 --oat-location=/data/data/com.excelliance.dualaid/.platformcache/oat/arm/kxqpplatform2.odex --compiler-filter=quicken
06-24 16:35:33.161 I/cutils-trace(21601): atrace_init_once, trace_marker_path = /sys/kernel/debug/tracing/trace_marker
06-24 16:35:33.190 I/GRALLOC (  679): 	 shrFd=10,fmt=0x1,intFmt=0x200000001,btStrd=4352,size=8486912,pid=679 
06-24 16:35:33.190 I/GRALLOC (  679): 	 yuv=2,w=1080,h=1920,Stride u=0 v=0,offset u=0 v=0 
06-24 16:35:33.190 I/GRALLOC (  679): 	 iova_size=8486912,conUsg=0xb00,proUsg=0xb00,	 strd=1088,[afbc]HdrStrd=1088 PyldStrd=69632 Scrmbl=2,ionhnd = 1 
06-24 16:35:33.286 I/NetworkSpeedManagerEx( 1513): mIsStop = false
06-24 16:35:33.286 I/NetworkSpeedManagerEx( 1513):  runInThread getTetherStats
06-24 16:35:33.287 I/NetworkSpeedManagerEx( 1513):  runInUI refreshSpeed
06-24 16:35:33.288 I/NetworkSpeedManagerEx( 1513): value=1701.6666speed = 1.7
06-24 16:35:33.288 I/NetworkSpeedManagerEx( 1513): K/smIsShowLastSpeedValuefalse
06-24 16:35:33.288 I/NetworkSpeedView( 1513): /update(), speed=1.7
06-24 16:35:33.288 I/NetworkSpeedView( 1513): K/s parent class:class com.android.systemui.statusbar.HwSystemIcons
06-24 16:35:33.311 I/NetworkSpeedManagerEx( 1513): mIsStop = false
06-24 16:35:33.312 I/NetworkSpeedManagerEx( 1513):  runInThread getTetherStats
06-24 16:35:33.312 I/NetworkSpeedManagerEx( 1513):  runInUI refreshSpeed
06-24 16:35:33.313 I/NetworkSpeedManagerEx( 1513): value=1701.6666speed = 1.7
06-24 16:35:33.313 I/NetworkSpeedManagerEx( 1513): K/smIsShowLastSpeedValuefalse
06-24 16:35:33.313 I/NetworkSpeedView( 1513): /update(), speed=1.7
06-24 16:35:33.313 I/NetworkSpeedView( 1513): K/s parent class:class com.android.systemui.statusbar.HwSystemIcons
06-24 16:35:33.368 I/dex2oat (21601): dex2oat took 208.344ms (437.410ms cpu) (threads: 4) arena alloc=62KB (63816B) java alloc=2MB (2283472B) native alloc=2MB (2324096B) free=3MB (3443072B)
06-24 16:35:33.372 D/HwBatteryService(  657): onUEvent fcpStatus = 0,scpStatus =0,ovpStatus=0
06-24 16:35:33.373 I/UsbDeviceManager(  657): water_intrused state= 0
06-24 16:35:33.381 D/PMS11423(  657): package:com.excelliance.dualaid, input flags:0, output hwFlags:0
06-24 16:35:33.390 E/MemoryLeakMonitorManager(21548): MemoryLeakMonitor.jar is not exist!
06-24 16:35:33.391 D/KXQPApplication(21548): run: initUserManager
06-24 16:35:33.393 D/KeyguardUpdateMonitor( 1513): received broadcast android.intent.action.BATTERY_CHANGED
06-24 16:35:33.393 W/KeyguardUpdateMonitor( 1513): ACTION_BATTERY_CHANGED AMP: 500000; Volt: 4697000
06-24 16:35:33.394 D/CrashHandler(21548): CrashHandler
06-24 16:35:33.394 D/HwInnerWifiManagerImpl(  657): SupplicantState = COMPLETED
06-24 16:35:33.394 D/HwInnerWifiManagerImpl(  657): isPhoneAP = false
06-24 16:35:33.394 D/WifiStateMachine(  657): mBcastReceiver: PluggedType = 2 mIsScanCtrlPluggedin = true
06-24 16:35:33.395 D/HwWifiService(  657): mPluggedType =2
06-24 16:35:33.395 I/MsgReceiver( 1699): intent action: android.intent.action.BATTERY_CHANGED
06-24 16:35:33.395 D/WifiService(  657): onReceive, action:android.intent.action.BATTERY_CHANGED
06-24 16:35:33.395 D/WifiService(  657): ACTION_BATTERY_CHANGED pluggedType: 2
06-24 16:35:33.395 E/Minikin (21548): Could not get cmap table size!
06-24 16:35:33.396 D/PMS11423(  657): package:com.excelliance.dualaid, input flags:128, output hwFlags:0
06-24 16:35:33.396 I/CloudAlbum[8.1.2.302]( 2775): [OperationUtil] cancelNotify
06-24 16:35:33.405 V/KeyguardUpdateMonitor( 1513): RefreshBatteryInfo isBatteryLow: 27
06-24 16:35:33.405 W/KeyguardUpdateMonitor( 1513): ChargingSpeed  Wattage: 2348500 ST: 5000000 --> 7500000
06-24 16:35:33.405 I/KgBattery( 1513): BatteryInfo updated:  2lPc0
06-24 16:35:33.405 W/AppHandler( 1513): sendMessage with obj100
06-24 16:35:33.405 D/KeyguardUpdateMonitor( 1513): handleBatteryUpdate
06-24 16:35:33.405 V/KeyguardUpdateMonitor( 1513): RefreshBatteryInfo isBatteryLow: 27
06-24 16:35:33.406 W/HwKeyguardBottomArea( 1513): updateBatteryInfo : false  true
06-24 16:35:33.409 W/HwLockScreenPanel( 1513): Handle message: 100
06-24 16:35:33.409 W/HwKeyguardBottomArea( 1513): updateBatteryInfo : false  true
06-24 16:35:33.409 W/HwLockScreenPanel( 1513): refreshBatteryInfo: null
06-24 16:35:33.409 W/KgBattery( 1513): getCharge info with type: text
06-24 16:35:33.413 D/AirPushService(21548): 第一次触发
06-24 16:35:33.414 D/PMS1000 (  657): package:com.excelliance.dualaid, input flags:8192, output hwFlags:0
06-24 16:35:33.414 D/SmtServService(21548): MSG_LOAD_PLT GameUtil.isPtLoaded() = false
06-24 16:35:33.415 I/HwCust  (21548): Constructor found for class android.net.HwCustConnectivityManagerImpl
06-24 16:35:33.415 D/HwCust  (21548): Create obj success use class android.net.HwCustConnectivityManagerImpl
06-24 16:35:33.416 D/PMS1001 (  657): package:com.excelliance.dualaid, input flags:0, output hwFlags:0
06-24 16:35:33.416 D/NetworkStateReceiver(21548): netWorkConnected = true
06-24 16:35:33.417 D/AirPushUtils(21548): startPushInfo
06-24 16:35:33.420 D/AirPushService(21548): 第一次设置Alarm
06-24 16:35:33.420 D/AirPushService(21548): resetPushAlarm
06-24 16:35:33.421 D/PMS11423(  657): package:com.excelliance.dualaid, input flags:0, output hwFlags:0
06-24 16:35:33.421 D/SmtServService(21548): pull info
06-24 16:35:33.421 D/SmtServService(21548): diffTime = 1529829333421
06-24 16:35:33.421 D/SmtServService(21548): pushInfoFromServer
06-24 16:35:33.422 D/AirPushPreferences(21548): setLastPushTime
06-24 16:35:33.433 D/PMS11423(  657): package:com.excelliance.dualaid, input flags:128, output hwFlags:0
06-24 16:35:33.437 I/zygote  (21548): Do partial code cache collection, code=27KB, data=31KB
06-24 16:35:33.438 D/launch-time-RU(21548): preload 24 classes cost 22ms
06-24 16:35:33.441 I/zygote  (21548): After code cache collection, code=11KB, data=18KB
06-24 16:35:33.441 I/zygote  (21548): Increasing code cache capacity to 128KB
06-24 16:35:33.443 D/PMS11423(  657): package:com.excelliance.dualaid, input flags:128, output hwFlags:0
06-24 16:35:33.444 D/StatisticsManager(21548): Query time diff:1529829333444
06-24 16:35:33.466 I/TrafficMonitor(  657): update:rxPkts:8,txPkts:9,rxBytes:4007,txBytes:1056
06-24 16:35:33.466 I/TrafficMonitor(  657): start expired. level:-1
06-24 16:35:33.466 I/TrafficMonitor(  657): gettimer:interval=2000
06-24 16:35:33.471 D/StatisticsManager(21548): Query time diff:1529829333471
06-24 16:35:33.477 D/StatisticsManager(21548): Query time diff:1529829333477
06-24 16:35:33.489 D/AirPushDBHelper(21548): onCreate: pushitemnew
06-24 16:35:33.493 D/AirPushDBHelper(21548): selection = type=? and index_=(select max(index_) from pushitemnew where type=?) , key = vip
06-24 16:35:33.493 D/AirPushDBHelper(21548): selection = type=? and index_=(select max(index_) from pushitemnew where type=?) , key = update
06-24 16:35:33.494 D/AirPushDBHelper(21548): selection = type=? and index_=(select max(index_) from pushitemnew where type=?) , key = officalActivity
06-24 16:35:33.495 D/AirPushDBHelper(21548): selection = type=? and index_=(select max(index_) from pushitemnew where type=?) , key = news
06-24 16:35:33.495 D/AirPushDBHelper(21548): selection = type=? and index_=(select max(index_) from pushitemnew where type=?) , key = target
06-24 16:35:33.496 D/AirPushDBHelper(21548): selection = type=? and index_=(select max(index_) from pushitemnew where type=?) , key = batch
06-24 16:35:33.497 D/GameUtil(21548): getSDKDataParam totalmem:5.60GB
06-24 16:35:33.498 D/AirPushDBHelper(21548): selection = type=? and index_=(select max(index_) from pushitemnew where type=?) , key = skipTarget
06-24 16:35:33.498 D/AirPushDBHelper(21548): selection = type=? and index_=(select max(index_) from pushitemnew where type=?) , key = thirdApp
06-24 16:35:33.499 D/PushItem(21548): indexJson = {}
06-24 16:35:33.499 D/AirPushService(21548): dataJson = {}
06-24 16:35:33.499 V/AirPushService(21548): ver :e30%3D%0A
06-24 16:35:33.499 D/VersionManager(21548): httpsRequest getURL = https://mto.multiopen.cn/pushmess.php?ver=466&mainver=231200&data=e30%3D%0A&wxCode=1321&subchid=1&sdkV=8.0.0&pkg=com.excelliance.dualaid&chid=10019&issl=1&compver=54302&wxVerName=6.6.7&vn=4.0.6&model=stf-al10&api=26&brand=honor&aid=f0c2426fc7560cf5
06-24 16:35:33.500 D/NetworkSecurityConfig(21548): No Network Security Config specified, using platform default
06-24 16:35:33.505 D/VersionManager(21548): httpsRequest getURL = https://folder.appota.cn/genuser.php?chid=10019&subchid=1&vc=466&type=4&data=tbCbI6ooWmOSi%2BhP8At3K55rUDjOXjUCTTE1Q7OqeVGzpiL1Dx8z2UKsv%2F2w066OKzL65VOc%2FHNVNculXvpkfbOlpWKAPUf5ryVSFynVNa8UucDwm5e36rJ6e2Kpu%2B5ykc4DARTfkZV4Ad5N96d4%2BjApQCWZuWchybogtHpbAp5JGb2oE4RYpIUqF8au1pxTSmwBdD5PozvBfX2%2Bj4RIW8u13M8ksM63bQoy2eR4WdDx%2BqZexoey63Hms3xqJyQkd3PFvljbOMDFV5%2BIsI0F%2B0cTu0Poz37kp440m4BdEnDxUpl%2F2SWQiyGENywr4rII2GFixGV6F3FTP2B6Iz%2Bp9XPgTT1Q8jOobYd0%2B7qf7bpZ2AyYZuCae%2FN%2FDrbd9ARIKpXrBwZ7SdplMO1nzphjQUqGRQMAlrO9Oa0Du6EV17%2FgN7YtgBzuJRHbP0GgVSdnIEYbOUnjg9adLEk2nhpRcwGYdX7bJ5%2FC%2FGVy8QMvFO%2FVJ5uAYH82VV6bvSarVkuFeotJT4yadRHbDkYGgVZfCDPVS%2FOPcQttSZtkoN3AjIdEC3B%2BjPtytpdTQYFvI9Ol&issl=1
06-24 16:35:33.506 D/HwConnectivityManagerImpl(  657): sendIntentDnsEvent connectType 1
06-24 16:35:33.506 D/HwConnectivityManagerImpl(  657): sendIntentDnsEvent mDnsCount:100 mDnsIpv6Timeout:0 mDnsResponseTotalTime:12 mDnsFailCount:1 mDnsResponse20Count:100 mDnsResponse150Count:0 mDnsResponse500Count:0 mDnsResponse1000Count:0 mDnsResponse2000Count:0 mDnsResponseOver2000Count:0
06-24 16:35:33.507 W/ContextImpl(  657): Calling a method in the system process without a qualified user: android.app.ContextImpl.sendBroadcast:1095 com.android.server.HwConnectivityManagerImpl.sendIntentDnsEvent:726 com.android.server.HwConnectivityManagerImpl.onDnsEvent:629 com.android.server.connectivity.NetdEventListenerService.onDnsEvent:127 android.net.metrics.INetdEventListener$Stub.onTransact:69 
06-24 16:35:33.507 W/ActivityManager(  657): Sending non-protected broadcast com.intent.action.wifi_dns_statistics from system 657:system/1000 pkg android
06-24 16:35:33.507 W/ActivityManager(  657): Sending non-protected broadcast com.intent.action.wifi_dns_statistics from system 657:system/1000 pkg android
06-24 16:35:33.507 D/HwWifiStatStore(  657): handleMessage : 2012
06-24 16:35:33.507 D/HwWifiStatStore(  657): handleWifiDnsStatReport data is: Bundle[{dnsIpv6Timeout=0, dnsResponse2000Count=0, dnsResponse500Count=0, dnsResponse20Count=100, dnsFailCount=1, dnsCount=100, dnsResponse1000Count=0, dnsResponse150Count=0, dnsResponseOver2000Count=0, dnsResponseTotalTime=12}]
06-24 16:35:33.515 I/zygote  (21523): Do partial code cache collection, code=27KB, data=27KB
06-24 16:35:33.515 I/zygote  (21523): After code cache collection, code=27KB, data=27KB
06-24 16:35:33.515 I/zygote  (21523): Increasing code cache capacity to 128KB
06-24 16:35:33.540 W/X509TrustManager(21548): checkServerTrusted: SignatureException:null
06-24 16:35:33.540 W/X509TrustManager(21548): checkServerTrusted: SignatureException:null
06-24 16:35:33.540 W/X509TrustManager(21548): checkServerTrusted: SignatureException:error:04000073:RSA routines:OPENSSL_internal:DATA_TOO_LARGE_FOR_MODULUS
06-24 16:35:33.540 W/X509TrustManager(21548): checkServerTrusted: SignatureException:error:04000073:RSA routines:OPENSSL_internal:DATA_TOO_LARGE_FOR_MODULUS
06-24 16:35:33.553 D/PMS1000 (  657): package:com.excelliance.dualaid, input flags:1024, output hwFlags:0
06-24 16:35:33.553 I/ActivityManager(  657): Need to start process com.excelliance.dualaid:lbcore for provider ContentProviderInfo{name=com.excelliance.dualaid:com.excelliance.kxqp.platform.PluginManagerProvider className=com.excelliance.kxqp.platform.PluginManagerProvider}, callerApp: ProcessRecord{f84e1d6 21548:com.excelliance.dualaid/u0a1423}
06-24 16:35:33.553 V/ActivityManager(  657): startProcess: name=com.excelliance.dualaid:lbcore app=null knownToBeDead=false thread=null pid=-1
06-24 16:35:33.553 D/PMS1000 (  657): package:com.excelliance.dualaid, input flags:0, output hwFlags:0
06-24 16:35:33.564 I/ActivityManager(  657): Start proc 21649:com.excelliance.dualaid:lbcore/u0a1423 for content provider com.excelliance.dualaid/com.excelliance.kxqp.platform.PluginManagerProvider
06-24 16:35:33.564 V/ActivityManager_MU(  657): Waiting to start provider ContentProviderRecord{ec80b5b u0 com.excelliance.dualaid/com.excelliance.kxqp.platform.PluginManagerProvider} launchingApp=ProcessRecord{293aa6a 21649:com.excelliance.dualaid:lbcore/u0a1423} caller pid= 21548
06-24 16:35:33.565 I/        (21649): power log dlsym ok
06-24 16:35:33.568 I/zygote  (21649): Reinit property: dalvik.vm.checkjni= false
06-24 16:35:33.578 D/ActivityThread(21649): ActivityThread,attachApplication
06-24 16:35:33.579 D/ActivityManager(  657): ActivityManagerService,attachApplication,callingPid = 21649
06-24 16:35:33.582 D/AirPushService(21548): result = {"period":"r","vip":{"index_":"","data":""},"update":{"index_":"","data":""},"officalActivity":{"index_":"","data":""},"news":{"index_":"","data":""},"target":{"index_":"","data":""},"batch":{"index_":"","data":""},"skipTarget":{"index_":"","data":""},"thirdApp":{"index_":"","data":""}}
06-24 16:35:33.583 D/AirPushService(21548): handleCheckerSaveToDB
06-24 16:35:33.583 D/AirPushUtils(21548): startDbOver
06-24 16:35:33.585 D/SmtServService(21548): db write over
06-24 16:35:33.585 W//system/bin/hwservicemanager(  416): Cannot open /odm/manifest.xml
06-24 16:35:33.586 D/SmtServService(21548): gameCenterFirstStart = true
06-24 16:35:33.597 W//system/bin/hwservicemanager(  416): Cannot open /odm/manifest.xml
06-24 16:35:33.598 I/GRALLOC (  679): 	 shrFd=10,fmt=0x1,intFmt=0x1,btStrd=256,size=4096,pid=679 
06-24 16:35:33.598 I/GRALLOC (  679): 	 yuv=2,w=16,h=16,Stride u=0 v=0,offset u=0 v=0 
06-24 16:35:33.598 I/GRALLOC (  679): 	 iova_size=4096,conUsg=0x100,proUsg=0x100,	 strd=64,[afbc]HdrStrd=0 PyldStrd=0 Scrmbl=0,ionhnd = 1 
06-24 16:35:33.599 D/VersionManager(21548): uid=353
06-24 16:35:33.601 D/HwFLClassLoader(21649): get used feature list :/feature/used-list failed!
06-24 16:35:33.601 D/HwFLClassLoader(21649): USE_FEATURE_LIST had not init! 
06-24 16:35:33.614 D/PMS11423(  657): package:com.excelliance.dualaid, input flags:128, output hwFlags:0
06-24 16:35:33.651 D/launch-time-RU(21649): preload 24 classes cost 16ms
06-24 16:35:33.677 W/libc    (  951): Set property "ril.hw_modem0.rssi" to "-71"
06-24 16:35:33.680 W/libc    ( 1715): Set property "gsm.rssi.sim1" to "-71"
06-24 16:35:33.683 D/SmartcareProc(  657): onSignalStrengthsChanged: signalStrength is: SignalStrength: 0 1955964583 0 255 0 0 32767 -1 32767 -1 -71 -9 31 -1 0 -1 false gw|lte , on sub: 0
06-24 16:35:33.683 D/SmartcareProc(  657): SignalStrength update result, ss: SignalStrengthInfo:8749149 mGsmSignalStrength: -1 mWcdmaRscp: -1 mWcdmaEcio: 255 mLteRsrp: -71 mLteRsrq: -9 mCdmaDbm: -1 mCdmaEcio: -1 mEvdoDbm: 32767mEvdoEcio: -1mLteRssnr: 31
06-24 16:35:33.684 I/MQoS    (  657): onSignal: mSubId=0,currDataSubID=0
06-24 16:35:33.684 I/MQoS    (  657): received cell-signal:5
06-24 16:35:33.686 I/HwMobileSignalController(0)( 1513): subId:0 phoneType:1 networktype:13 targetClass:3 masterLevel:5 slaveLevel:-1
06-24 16:35:33.687 D/ActivityThread(21649): Loading provider com.excelliance.dualaid:com.excelliance.kxqp.platform.PluginManagerProvider: com.excelliance.kxqp.platform.PluginManagerProvider
06-24 16:35:33.687 D/PMS11423(  657): package:com.excelliance.dualaid, input flags:0, output hwFlags:0
06-24 16:35:33.695 D/PMS1000 (  657): package:com.excelliance.dualaid, input flags:8192, output hwFlags:0
06-24 16:35:33.698 D/PMS1001 (  657): package:com.excelliance.dualaid, input flags:0, output hwFlags:0
06-24 16:35:33.702 D/PMS11423(  657): package:com.excelliance.dualaid, input flags:0, output hwFlags:0
06-24 16:35:33.704 D/PMS11423(  657): package:com.excelliance.dualaid:lbcore, input flags:0, output is null
06-24 16:35:33.705 I/Bluetooth_framework(  657): BluetoothManagerService:Added callback: android.bluetooth.IBluetoothManagerCallback$Stub$Proxy@e3a0336:true pid = 21649
06-24 16:35:33.709 D/PMS11423(  657): package:com.excelliance.dualaid, input flags:128, output hwFlags:0
06-24 16:35:33.723 I/LBVMD-LBPMS(21649): LBVMRT: version 54302:543.02
06-24 16:35:33.723 E/zygote  (21649): Invalid capacity given to EnsureLocalCapacity: 800
06-24 16:35:33.736 I/HwCust  (21649): Constructor found for class android.net.HwCustConnectivityManagerImpl
06-24 16:35:33.736 D/HwCust  (21649): Create obj success use class android.net.HwCustConnectivityManagerImpl
06-24 16:35:33.740 D/PMS11423(  657): package:com.excelliance.dualaid, input flags:0, output hwFlags:0
06-24 16:35:33.750 V/HwWidgetFactory(21649): : successes to get AllImpl object and return....
06-24 16:35:33.751 D/PMS11423(  657): package:com.excelliance.dualaid, input flags:0, output hwFlags:0
06-24 16:35:33.752 V/ActivityManager(  657): Successfully start provider ContentProviderRecord{ec80b5b u0 com.excelliance.dualaid/com.excelliance.kxqp.platform.PluginManagerProvider} launchingApp=ProcessRecord{293aa6a 21649:com.excelliance.dualaid:lbcore/u0a1423} caller pid= 21548
06-24 16:35:33.752 E/MemoryLeakMonitorManager(21649): MemoryLeakMonitor.jar is not exist!
06-24 16:35:33.753 E/MemoryLeakMonitorManager(21649): MemoryLeakMonitor.jar is not exist!
06-24 16:35:33.753 D/KXQPApplication(21649): run: initUserManager
06-24 16:35:33.753 E/MemoryLeakMonitorManager(21649): MemoryLeakMonitor.jar is not exist!
06-24 16:35:33.755 E/MemoryLeakMonitorManager(21548): MemoryLeakMonitor.jar is not exist!
06-24 16:35:33.757 D/SmtServService(21548): MSG_LOAD_PLT after msg.obj
06-24 16:35:33.757 E/Minikin (21649): Could not get cmap table size!
06-24 16:35:33.757 D/PMS11423(  657): package:com.excelliance.dualaid, input flags:128, output hwFlags:0
06-24 16:35:33.760 V/ActivityManager(  657): Attempted to start a foreground service (ComponentInfo{com.excelliance.dualaid/com.excelliance.kxqp.platform.TrampolineService}) with a broken notification (no icon: Notification(channel=null pri=0 contentView=null vibrate=null sound=null defaults=0x0 flags=0x40 color=0x00000000 vis=PRIVATE))
06-24 16:35:33.761 W/PackageParser(21649): No actions in intent filter at /data/app/com.huawei.hwid-Sc7ADDdoDYIYREll7tj_iw==/base.apk Binary XML file line #1412
06-24 16:35:33.765 W/PackageParser(21649): No actions in intent filter at /data/app/com.huawei.hwid-Sc7ADDdoDYIYREll7tj_iw==/base.apk Binary XML file line #1680
06-24 16:35:33.765 E/zygote  (21649): Invalid capacity given to EnsureLocalCapacity: 592
06-24 16:35:33.765 W/PackageParser(21649): No actions in intent filter at /data/app/com.huawei.hwid-Sc7ADDdoDYIYREll7tj_iw==/base.apk Binary XML file line #1694
06-24 16:35:33.782 D/HwNotificationManagerService(  657): recognize: tag=null, id=268435456, user=UserHandle{0}, pkg=com.excelliance.dualaid, uid=11423, callingPid=21649
06-24 16:35:33.782 D/PMS1000 (  657): package:com.excelliance.dualaid, input flags:0, output hwFlags:0
06-24 16:35:33.783 I/[HwRecSys]HwRecSysAidlService( 2647): doNotificationCollect -> current num:1
06-24 16:35:33.783 I/[HwRecSys]-Notification-NotificationUpdateController( 2647): startNotificationUpdate start!
06-24 16:35:33.783 W/SettingsEx( 2647): SettingsEx.Systemex.getInt deprecated use Settings.System.getInt instead ;callers=com.huawei.recsys.util.SystemUtil.getNotificationUpdateMode:169 com.huawei.recsys.util.SystemUtil.isAllowUpdate:104 com.huawei.recsys.controller.notification.http.NotificationUpdateController.startNotificationUpdate:85 
06-24 16:35:33.783 I/[HwRecSys]SystemUtil( 2647): isAllowUpdate mode:1
06-24 16:35:33.783 I/[HwRecSys]SystemUtil( 2647): isAllowUpdate isAllowUpdate:true
06-24 16:35:33.783 I/[HwRecSys]-Notification-NotificationUpdateController( 2647):  -> currentYear:2018
06-24 16:35:33.783 I/[HwRecSys]-Notification-NotificationUpdateController( 2647):  -> currentMonth:5
06-24 16:35:33.783 I/[HwRecSys]-Notification-NotificationUpdateController( 2647):  -> currentDay:24
06-24 16:35:33.783 I/[HwRecSys]-Notification-NotificationUpdateController( 2647):  -> oldYear:2018
06-24 16:35:33.783 I/[HwRecSys]-Notification-NotificationUpdateController( 2647):  -> oldMonth:5
06-24 16:35:33.783 I/[HwRecSys]-Notification-NotificationUpdateController( 2647):  -> oldDay:24
06-24 16:35:33.783 E/[HwRecSys]-Notification-NotificationUpdateController( 2647): startNotificationUpdate time is valid no need request
06-24 16:35:33.783 I/[HwRecSys]-Notification-NotificationController( 2647): doNotificationCollect start!
06-24 16:35:33.784 E/[HwRecSys]-Notification-NotificationController( 2647): HwDefaultLabels returnStr:107
06-24 16:35:33.784 E/[HwRecSys]-Notification-NotificationController( 2647): getChinese paramValue is null!
06-24 16:35:33.785 E/[HwRecSys]-Notification-NotificationController( 2647): doNotificationCollect getLabelByRegRules label:107
06-24 16:35:33.785 I/[HwRecSys]HwRecSysAidlService( 2647): doNotificationCollect ->  finally remote Num - 1 !
06-24 16:35:33.785 I/HwNotificationManagerService(  657): doNotificationCollect: pkg=com.excelliance.dualaid, uid=11423, hw_type=107, hw_btw=true
06-24 16:35:33.785 D/PMS1000 (  657): package:com.excelliance.dualaid, input flags:268435456, output hwFlags:0
06-24 16:35:33.786 D/PMS1000 (  657): package:com.excelliance.dualaid, input flags:0, output hwFlags:0
06-24 16:35:33.786 W/NotificationRecord(  657): Use default channel, The importance is:2
06-24 16:35:33.786 V/ActivityManager(  657): Attempted to start a foreground service (ComponentInfo{com.excelliance.dualaid/com.excelliance.kxqp.platform.TrampolineService$EmptyService}) with a broken notification (no icon: Notification(channel=null pri=0 contentView=null vibrate=null sound=null defaults=0x0 flags=0x40 color=0x00000000 vis=PRIVATE))
06-24 16:35:33.788 D/HwNotificationManagerService(  657): recognize: tag=null, id=268435456, user=UserHandle{0}, pkg=com.excelliance.dualaid, uid=11423, callingPid=21649
06-24 16:35:33.788 D/PMS1000 (  657): package:com.excelliance.dualaid, input flags:0, output hwFlags:0
06-24 16:35:33.788 I/[HwRecSys]HwRecSysAidlService( 2647): doNotificationCollect -> current num:1
06-24 16:35:33.788 I/[HwRecSys]-Notification-NotificationUpdateController( 2647): startNotificationUpdate start!
06-24 16:35:33.788 W/SettingsEx( 2647): SettingsEx.Systemex.getInt deprecated use Settings.System.getInt instead ;callers=com.huawei.recsys.util.SystemUtil.getNotificationUpdateMode:169 com.huawei.recsys.util.SystemUtil.isAllowUpdate:104 com.huawei.recsys.controller.notification.http.NotificationUpdateController.startNotificationUpdate:85 
06-24 16:35:33.788 I/[HwRecSys]SystemUtil( 2647): isAllowUpdate mode:1
06-24 16:35:33.789 I/[HwRecSys]SystemUtil( 2647): isAllowUpdate isAllowUpdate:true
06-24 16:35:33.789 I/[HwRecSys]-Notification-NotificationUpdateController( 2647):  -> currentYear:2018
06-24 16:35:33.789 I/[HwRecSys]-Notification-NotificationUpdateController( 2647):  -> currentMonth:5
06-24 16:35:33.789 I/[HwRecSys]-Notification-NotificationUpdateController( 2647):  -> currentDay:24
06-24 16:35:33.789 I/[HwRecSys]-Notification-NotificationUpdateController( 2647):  -> oldYear:2018
06-24 16:35:33.789 I/[HwRecSys]-Notification-NotificationUpdateController( 2647):  -> oldMonth:5
06-24 16:35:33.789 I/[HwRecSys]-Notification-NotificationUpdateController( 2647):  -> oldDay:24
06-24 16:35:33.789 E/[HwRecSys]-Notification-NotificationUpdateController( 2647): startNotificationUpdate time is valid no need request
06-24 16:35:33.789 I/[HwRecSys]-Notification-NotificationController( 2647): doNotificationCollect start!
06-24 16:35:33.789 E/[HwRecSys]-Notification-NotificationController( 2647): HwDefaultLabels returnStr:107
06-24 16:35:33.789 E/[HwRecSys]-Notification-NotificationController( 2647): getChinese paramValue is null!
06-24 16:35:33.791 E/[HwRecSys]-Notification-NotificationController( 2647): doNotificationCollect getLabelByRegRules label:107
06-24 16:35:33.791 I/[HwRecSys]HwRecSysAidlService( 2647): doNotificationCollect ->  finally remote Num - 1 !
06-24 16:35:33.791 I/HwNotificationManagerService(  657): doNotificationCollect: pkg=com.excelliance.dualaid, uid=11423, hw_type=107, hw_btw=true
06-24 16:35:33.791 D/PMS1000 (  657): package:com.excelliance.dualaid, input flags:268435456, output hwFlags:0
06-24 16:35:33.791 D/PMS1000 (  657): package:com.excelliance.dualaid, input flags:0, output hwFlags:0
06-24 16:35:33.791 W/NotificationRecord(  657): Use default channel, The importance is:2
06-24 16:35:33.792 D/NotificationService(  657): mGameDndStatus is:false ,isGameDndSwitchOn is:false
06-24 16:35:33.796 I/AppManager( 1699): app:com.excelliance.dualaid Notification update time:112072644
06-24 16:35:33.796 I/AppManager( 1699): app:com.excelliance.dualaid Notification persist:true  Ids:[268435456]
06-24 16:35:33.804 D/NotificationService(  657): mGameDndStatus is:false ,isGameDndSwitchOn is:false
06-24 16:35:33.812 D/PMS10039(  657): package:com.excelliance.dualaid, input flags:1024, output hwFlags:0
06-24 16:35:33.813 W/zygote  (21649): Throwing OutOfMemoryError "EnsureLocalCapacity"
06-24 16:35:33.819 W/IPMSI   (21649): request permission: com.huawei.permission.sec.MDM.v2
06-24 16:35:33.819 W/IPMSI   (21649): request permission: com.huawei.authentication.HW_ACCESS_AUTH_SERVICE
06-24 16:35:33.819 W/IPMSI   (21649): request permission: com.huawei.appmarket.provider.readPermission
06-24 16:35:33.819 W/IPMSI   (21649): request permission: com.huawei.pushagent.permission.RICHMEDIA_PROVIDER
06-24 16:35:33.823 D/PMS10039(  657): package:com.android.systemui, input flags:268436480, output hwFlags:0
06-24 16:35:33.825 D/HwCust  ( 1513): Create obj success use class com.android.systemui.statusbar.notification.HwCustNotificationInflaterImpl
06-24 16:35:33.826 I/FakeShadowView( 1513): radius18
06-24 16:35:33.826 D/PMS10039(  657): package:com.excelliance.dualaid, input flags:8704, output hwFlags:0
06-24 16:35:33.827 D/PMS10039(  657): package:com.excelliance.dualaid, input flags:8192, output hwFlags:0
06-24 16:35:33.827 W/HwPhoneLayoutInflater( 1513): onCreateView : ClassNotFoundException, In this case we want to let the base class take a crack at it
06-24 16:35:33.829 I/chatty  ( 1513): uid=10039(u0_a39) com.android.systemui identical 2 lines
06-24 16:35:33.829 W/HwPhoneLayoutInflater( 1513): onCreateView : ClassNotFoundException, In this case we want to let the base class take a crack at it
06-24 16:35:33.830 W/ResourceType( 1513): Failure getting entry for 0x01040255 (t=3 e=597) (error -75)
06-24 16:35:33.831 W/HwPhoneLayoutInflater( 1513): onCreateView : ClassNotFoundException, In this case we want to let the base class take a crack at it
06-24 16:35:33.833 I/chatty  ( 1513): uid=10039(u0_a39) com.android.systemui identical 2 lines
06-24 16:35:33.833 W/HwPhoneLayoutInflater( 1513): onCreateView : ClassNotFoundException, In this case we want to let the base class take a crack at it
06-24 16:35:33.833 W/ResourceType( 1513): Failure getting entry for 0x01040255 (t=3 e=597) (error -75)
06-24 16:35:33.838 W/HwPhoneLayoutInflater( 1513): onCreateView : ClassNotFoundException, In this case we want to let the base class take a crack at it
06-24 16:35:33.839 I/chatty  ( 1513): uid=10039(u0_a39) com.android.systemui identical 2 lines
06-24 16:35:33.839 W/HwPhoneLayoutInflater( 1513): onCreateView : ClassNotFoundException, In this case we want to let the base class take a crack at it
06-24 16:35:33.840 W/ResourceType( 1513): Failure getting entry for 0x01040255 (t=3 e=597) (error -75)
06-24 16:35:33.842 W/HwPhoneLayoutInflater( 1513): onCreateView : ClassNotFoundException, In this case we want to let the base class take a crack at it
06-24 16:35:33.844 I/chatty  ( 1513): uid=10039(u0_a39) com.android.systemui identical 2 lines
06-24 16:35:33.844 W/HwPhoneLayoutInflater( 1513): onCreateView : ClassNotFoundException, In this case we want to let the base class take a crack at it
06-24 16:35:33.844 W/ResourceType( 1513): Failure getting entry for 0x01040255 (t=3 e=597) (error -75)
06-24 16:35:33.846 D/PMS10039(  657): package:com.excelliance.dualaid, input flags:0, output hwFlags:0
06-24 16:35:33.848 D/HwPhoneStatusBar( 1513): No peeking: not allowed notification: 0|com.excelliance.dualaid|268435456|null|11423
06-24 16:35:33.854 I/Pged-IPgedBinderService(  769): ****action is 2, pid num is 7***
06-24 16:35:33.854 I/Pged-Freezer(  769): thawPids
06-24 16:35:33.855 I/PhoneStatusBar( 1513): updateNotificationShade: total=78, active=78
06-24 16:35:33.855 W/PhoneStatusBar( 1513): updateNotificationShade hasFaceDT: false; Detected:false
06-24 16:35:33.857 V/PhoneStatusBar( 1513): mStackScroller size:11,activeCount:78, childCnt:15
06-24 16:35:33.858 I/appium  (24379): Skipping invisible child: android.view.accessibility.AccessibilityNodeInfo@14fca; boundsInParent: Rect(0, 0 - 93, 93); boundsInScreen: Rect(495, 0 - 584, 76); packageName: com.huawei.android.launcher; className: android.widget.ImageView; text: null; error: null; maxTextLength: -1; contentDescription: 设置默认主屏幕; viewIdResName: com.huawei.android.launcher:id/default_screen_home_icon; checkable: false; checked: false; focusable: true; focused: false; selected: false; clickable: true; longClickable: false; contextClickable: false; enabled: true; password: false; scrollable: false; importantForAccessibility: true; actions: [AccessibilityAction: ACTION_FOCUS - null, AccessibilityAction: ACTION_SELECT - null, AccessibilityAction: ACTION_CLEAR_SELECTION - null, AccessibilityAction: ACTION_CLICK - null, AccessibilityAction: ACTION_ACCESSIBILITY_FOCUS - null, AccessibilityAction: ACTION_NEXT_AT_MOVEMENT_GRANULARITY - null, AccessibilityAction: ACTION_PREVIOUS_AT_MOVEMENT_GRANULARITY - null, AccessibilityAction: ACTION_SET_SELECTION - null, AccessibilityAction: ACTION_SHOW_ON_SCREEN - null]
06-24 16:35:33.859 D/PgedBinderAdapter( 1699): unfrz ok, pid: [29457, 19894, 29531, 14942, 15544, 24379]
06-24 16:35:33.861 I/appium  (24379): Null child 1/2, parent: android.view.accessibility.AccessibilityNodeInfo@c124; boundsInParent: Rect(0, 0 - 1056, 1550); boundsInScreen: Rect(12, 0 - 1068, 1514); packageName: com.huawei.android.launcher; className: android.widget.FrameLayout; text: null; error: null; maxTextLength: -1; contentDescription: null; viewIdResName: null; checkable: false; checked: false; focusable: false; focused: false; selected: false; clickable: false; longClickable: false; contextClickable: false; enabled: true; password: false; scrollable: false; importantForAccessibility: false; actions: [AccessibilityAction: ACTION_SELECT - null, AccessibilityAction: ACTION_CLEAR_SELECTION - null, AccessibilityAction: ACTION_ACCESSIBILITY_FOCUS - null, AccessibilityAction: ACTION_SHOW_ON_SCREEN - null]
06-24 16:35:33.861 I/appium  (24379): Null child 1/3, parent: android.view.accessibility.AccessibilityNodeInfo@9b9a; boundsInParent: Rect(0, 0 - 1080, 1580); boundsInScreen: Rect(0, 0 - 1080, 1532); packageName: com.huawei.android.launcher; className: android.view.ViewGroup; text: null; error: null; maxTextLength: -1; contentDescription: null; viewIdResName: com.huawei.android.launcher:id/workspace_screen; checkable: false; checked: false; focusable: false; focused: false; selected: false; clickable: true; longClickable: true; contextClickable: false; enabled: true; password: false; scrollable: false; importantForAccessibility: true; actions: [AccessibilityAction: ACTION_SELECT - null, AccessibilityAction: ACTION_CLEAR_SELECTION - null, AccessibilityAction: ACTION_CLICK - null, AccessibilityAction: ACTION_LONG_CLICK - null, AccessibilityAction: ACTION_ACCESSIBILITY_FOCUS - null, AccessibilityAction: ACTION_SHOW_ON_SCREEN - null]
06-24 16:35:33.862 I/appium  (24379): Null child 2/3, parent: android.view.accessibility.AccessibilityNodeInfo@9b9a; boundsInParent: Rect(0, 0 - 1080, 1580); boundsInScreen: Rect(0, 0 - 1080, 1532); packageName: com.huawei.android.launcher; className: android.view.ViewGroup; text: null; error: null; maxTextLength: -1; contentDescription: null; viewIdResName: com.huawei.android.launcher:id/workspace_screen; checkable: false; checked: false; focusable: false; focused: false; selected: false; clickable: true; longClickable: true; contextClickable: false; enabled: true; password: false; scrollable: false; importantForAccessibility: true; actions: [AccessibilityAction: ACTION_SELECT - null, AccessibilityAction: ACTION_CLEAR_SELECTION - null, AccessibilityAction: ACTION_CLICK - null, AccessibilityAction: ACTION_LONG_CLICK - null, AccessibilityAction: ACTION_ACCESSIBILITY_FOCUS - null, AccessibilityAction: ACTION_SHOW_ON_SCREEN - null]
06-24 16:35:33.863 I/appium  (24379): Null child 3/4, parent: android.view.accessibility.AccessibilityNodeInfo@79d1; boundsInParent: Rect(2160, 0 - 3240, 1920); boundsInScreen: Rect(0, 0 - 1080, 1920); packageName: com.huawei.android.launcher; className: android.view.ViewGroup; text: null; error: null; maxTextLength: -1; contentDescription: 第 3 屏，共 4 屏; viewIdResName: com.huawei.android.launcher:id/workspace; checkable: false; checked: false; focusable: false; focused: false; selected: false; clickable: false; longClickable: false; contextClickable: false; enabled: true; password: false; scrollable: true; importantForAccessibility: true; actions: [AccessibilityAction: ACTION_SELECT - null, AccessibilityAction: ACTION_CLEAR_SELECTION - null, AccessibilityAction: ACTION_ACCESSIBILITY_FOCUS - null, AccessibilityAction: ACTION_NEXT_AT_MOVEMENT_GRANULARITY - null, AccessibilityAction: ACTION_PREVIOUS_AT_MOVEMENT_GRANULARITY - null, AccessibilityAction: ACTION_SET_SELECTION - null, AccessibilityAction: ACTION_SHOW_ON_SCREEN - null]
06-24 16:35:33.864 I/appium  (24379): Null child 1/4, parent: android.view.accessibility.AccessibilityNodeInfo@8c96; boundsInParent: Rect(0, 0 - 1080, 1920); boundsInScreen: Rect(0, 0 - 1080, 1920); packageName: com.huawei.android.launcher; className: android.widget.FrameLayout; text: null; error: null; maxTextLength: -1; contentDescription: null; viewIdResName: com.huawei.android.launcher:id/drag_layer; checkable: false; checked: false; focusable: false; focused: false; selected: false; clickable: false; longClickable: false; contextClickable: false; enabled: true; password: false; scrollable: false; importantForAccessibility: false; actions: [AccessibilityAction: ACTION_SELECT - null, AccessibilityAction: ACTION_CLEAR_SELECTION - null, AccessibilityAction: ACTION_ACCESSIBILITY_FOCUS - null, AccessibilityAction: ACTION_SHOW_ON_SCREEN - null]
06-24 16:35:33.865 I/appium  (24379): Null child 2/4, parent: android.view.accessibility.AccessibilityNodeInfo@8c96; boundsInParent: Rect(0, 0 - 1080, 1920); boundsInScreen: Rect(0, 0 - 1080, 1920); packageName: com.huawei.android.launcher; className: android.widget.FrameLayout; text: null; error: null; maxTextLength: -1; contentDescription: null; viewIdResName: com.huawei.android.launcher:id/drag_layer; checkable: false; checked: false; focusable: false; focused: false; selected: false; clickable: false; longClickable: false; contextClickable: false; enabled: true; password: false; scrollable: false; importantForAccessibility: false; actions: [AccessibilityAction: ACTION_SELECT - null, AccessibilityAction: ACTION_CLEAR_SELECTION - null, AccessibilityAction: ACTION_ACCESSIBILITY_FOCUS - null, AccessibilityAction: ACTION_SHOW_ON_SCREEN - null]
