06-24 15:37:02.132 W//system/bin/hwservicemanager(  416): Cannot open /odm/manifest.xml
06-24 15:37:02.133 I/GRALLOC (  679): 	 shrFd=10,fmt=0x1,intFmt=0x1,btStrd=256,size=4096,pid=679 
06-24 15:37:02.133 I/GRALLOC (  679): 	 yuv=2,w=16,h=16,Stride u=0 v=0,offset u=0 v=0 
06-24 15:37:02.133 I/GRALLOC (  679): 	 iova_size=4096,conUsg=0x100,proUsg=0x100,	 strd=64,[afbc]HdrStrd=0 PyldStrd=0 Scrmbl=0,ionhnd = 1 
06-24 15:37:02.145 E/MemoryLeakMonitorManager(21919): MemoryLeakMonitor.jar is not exist!
06-24 15:37:02.146 D/CrashHandler(21919): CrashHandler
06-24 15:37:02.146 D/KXQPApplication(21919): run: initUserManager
06-24 15:37:02.148 E/Minikin (21919): Could not get cmap table size!
06-24 15:37:02.148 D/PMS11422(  657): package:com.excelliance.dualaid, input flags:128, output hwFlags:0
06-24 15:37:02.157 I/HwCust  (21919): Constructor found for class android.app.HwCustActivityImpl
06-24 15:37:02.157 D/HwCust  (21919): Create obj success use class android.app.HwCustActivityImpl
06-24 15:37:02.159 V/HwPolicyFactory(21919): : success to get AllImpl object and return....
06-24 15:37:02.161 I/HwCust  (21919): Constructor found for class android.app.HwCustHwWallpaperManagerImpl
06-24 15:37:02.161 D/HwCust  (21919): Create obj success use class android.app.HwCustHwWallpaperManagerImpl
06-24 15:37:02.162 D/PMS11422(  657): package:com.excelliance.dualaid, input flags:0, output hwFlags:0
06-24 15:37:02.163 V/HwWidgetFactory(21919): : successes to get AllImpl object and return....
06-24 15:37:02.164 V/ActivityThread(21919): ActivityThread,callActivityOnCreate
06-24 15:37:02.165 D/HelloActivity(21919): Memory:25146M
06-24 15:37:02.166 D/HelloActivity(21919): onCreate: true
06-24 15:37:02.168 D/HelloActivity(21919): is code boot
06-24 15:37:02.171 D/HelloActivity(21919): mIsNav = false
06-24 15:37:02.183 D/HwRecentsLockUtils( 1513): Search
06-24 15:37:02.184 E/HsmCoreServiceImpl( 1478): onTransact in code is: 103
06-24 15:37:02.184 I/MediaProcessHandler( 1478): playingUids: 
06-24 15:37:02.184 D/ActivityManager(  657): Skipping, home or recents stack task: TaskRecord{333215f #15658 A=com.huawei.android.launcher U=0 StackId=0 sz=1}
06-24 15:37:02.184 D/ActivityManager(  657): Skipping intent:act=android.intent.action.MAIN cat=[android.intent.category.LAUNCHER] flg=0x10a00000 cmp=io.appium.settings/.Settings
06-24 15:37:02.184 D/ActivityManager(  657): Skipping intent:flg=0x10804000 cmp=com.android.systemui/.recents.RecentsActivity bnds=[48,928][1032,2296]
06-24 15:37:02.184 D/ActivityManager(  657): Skipping intent:flg=0x18800000 cmp=com.tencent.mm/.plugin.base.stub.WXPayEntryActivity
06-24 15:37:02.184 D/ActivityManager(  657): Skipping intent:flg=0x10800000 cmp=com.huawei.systemmanager/com.huawei.permissionmanager.ui.MainActivity
06-24 15:37:02.184 D/ActivityManager(  657): Skipping intent:flg=0x18800000 cmp=com.tencent.mm/.plugin.base.stub.WXEntryActivity
06-24 15:37:02.184 D/ActivityManager(  657): Skipping intent:act=com.huawei.action.VOICE_ASSISTANT flg=0x10800000 pkg=com.huawei.vassistant cmp=com.huawei.vassistant/.ui.main.VAssistantActivity
06-24 15:37:02.184 D/ActivityManager(  657): Skipping intent:act=com.huawei.android.launcher.action.ACCESS_SPLIT_SCREEN_APP cat=[android.intent.category.DEFAULT] flg=0x10804000 cmp=com.huawei.android.launcher/.splitscreen.SplitScreenAppActivity
06-24 15:37:02.184 D/ActivityManager(  657): Skipping intent:flg=0x10800000 pkg=com.excelliance.dualaid.b64 cmp=com.excelliance.dualaid.b64/com.excelliance.kxqp.sdk.PermissionRequestActivity
06-24 15:37:02.184 D/ActivityManager(  657): Skipping intent:act=android.intent.action.VIEW dat=content://com.excelliance.dualaid.fileProvider/external_storage_root/Download/apk/Multiple_64.apk typ=application/vnd.android.package-archive flg=0x10800001 cmp=com.android.packageinstaller/.InstallStart
06-24 15:37:02.184 D/ActivityManager(  657): Skipping intent:flg=0x10800000 cmp=com.android.systemui/.usb.HwUsbDebuggingActivity
06-24 15:37:02.184 D/ActivityManager(  657): Skipping intent:act=android.deviceinfo.chooser.action.LAUNCH flg=0x10800000 hwFlg=0x100 pkg=com.android.settings cmp=com.android.settings/.deviceinfo.UsbConnModeChooserActivity
06-24 15:37:02.184 D/ActivityManager(  657): Skipping intent:flg=0x10800000 cmp=com.zol.android/.push.KeepLiveActivity
06-24 15:37:02.184 D/ActivityManager(  657): Skipping intent:act=android.intent.action.MAIN cat=[android.intent.category.HOME] flg=0x10800300 cmp=com.android.settings/.FallbackHome
06-24 15:37:02.190 D/HelloActivity(21919): defDisplayStyle:5
06-24 15:37:02.194 D/HttpUtils(21919): getDownloadMode()
06-24 15:37:02.194 D/NetUtils(21919): init inited = true
06-24 15:37:02.195 D/HelloActivity(21919): enter Nav2
06-24 15:37:02.197 I/ActivityManager(  657): START u0 {pkg=com.excelliance.dualaid cmp=com.excelliance.dualaid/com.excelliance.kxqp.swipe.NavActivity2 (has extras)} from uid 11422
06-24 15:37:02.197 D/NetworkSecurityConfig(21919): No Network Security Config specified, using platform default
06-24 15:37:02.198 I/ActivityManager(  657): ActivityRecord info: ActivityInfo{ec63ea com.excelliance.kxqp.swipe.NavActivity2}
06-24 15:37:02.198 V/WindowManager(  657): findFocusedWindow: AppWindowToken{d3a938b token=Token{377755a ActivityRecord{d5c9105 u0 com.huawei.android.launcher/.unihome.UniHomeLauncher t15658}}} below Reached focused app=AppWindowToken{2451d0b token=Token{a5834da ActivityRecord{7529e85 u0 com.excelliance.dualaid/com.excelliance.kxqp.ui.HelloActivity t16024}}}
06-24 15:37:02.199 V/WindowManager(  657): addAppToken: AppWindowToken{3d22283 token=Token{eb88532 ActivityRecord{aab193d u0 com.excelliance.dualaid/com.excelliance.kxqp.swipe.NavActivity2 t16024}}} controller={TaskWindowContainerController taskId=16024} at 2147483647
06-24 15:37:02.207 V/ActivityManager(  657): startProcess: name=com.excelliance.dualaid app=null knownToBeDead=true thread=null pid=-1
06-24 15:37:02.207 D/PMS1000 (  657): package:com.excelliance.dualaid, input flags:0, output hwFlags:0
06-24 15:37:02.216 I/        (21944): power log dlsym ok
06-24 15:37:02.217 I/ActivityManager(  657): Start proc 21944:com.excelliance.dualaid/u0a1422 for service com.excelliance.dualaid/com.excelliance.kxqp.SmtServService
06-24 15:37:02.218 I/zygote  (21944): Reinit property: dalvik.vm.checkjni= false
06-24 15:37:02.224 D/HwNetworkManagementService(  657): code == CODE_GET_AD_KEY_LIST
06-24 15:37:02.225 D/HwNetworkManagementService(  657): appName = com.excelliance.dualaid  is not in the mAdViewMap! reply none
06-24 15:37:02.225 D/HwNetworkManagementService(  657): appName = com.excelliance.dualaid  is not in the mAdIdMap! reply none
06-24 15:37:02.227 D/ActivityThread(21919): add activity client record, r= ActivityRecord{cbe2ddc token=android.os.BinderProxy@d13fa03 {com.excelliance.dualaid/com.excelliance.kxqp.ui.HelloActivity}} token= android.os.BinderProxy@d13fa03
06-24 15:37:02.228 V/WindowManager(  657): No longer Stopped: AppWindowToken{3d22283 token=Token{eb88532 ActivityRecord{aab193d u0 com.excelliance.dualaid/com.excelliance.kxqp.swipe.NavActivity2 t16024}}}
06-24 15:37:02.230 D/ActivityThread(21944): ActivityThread,attachApplication
06-24 15:37:02.230 V/WindowManager(  657): No longer Stopped: AppWindowToken{3d22283 token=Token{eb88532 ActivityRecord{aab193d u0 com.excelliance.dualaid/com.excelliance.kxqp.swipe.NavActivity2 t16024}}}
06-24 15:37:02.239 V/WindowManager(  657): Checking 1 opening apps (frozen=false timeout=false)...
06-24 15:37:02.239 V/WindowManager(  657): Check opening app=AppWindowToken{3d22283 token=Token{eb88532 ActivityRecord{aab193d u0 com.excelliance.dualaid/com.excelliance.kxqp.swipe.NavActivity2 t16024}}}: allDrawn=false startingDisplayed=false startingMoved=false isRelaunching()=false
06-24 15:37:02.240 D/ActivityManager(  657): ActivityManagerService,attachApplication,callingPid = 21944
06-24 15:37:02.241 I/zygote64(  657): Background concurrent copying GC freed 339515(22MB) AllocSpace objects, 101(2MB) LOS objects, 30% free, 54MB/78MB, paused 2.135ms total 204.314ms
06-24 15:37:02.241 W/X509TrustManager(21919): checkServerTrusted: SignatureException:null
06-24 15:37:02.241 W/X509TrustManager(21919): checkServerTrusted: SignatureException:error:04000073:RSA routines:OPENSSL_internal:DATA_TOO_LARGE_FOR_MODULUS
06-24 15:37:02.245 D/HwCust  (21919): Create obj success use class android.app.HwCustActivityImpl
06-24 15:37:02.245 D/HwCust  (21919): Create obj success use class android.app.HwCustHwWallpaperManagerImpl
06-24 15:37:02.247 W//system/bin/hwservicemanager(  416): Cannot open /odm/manifest.xml
06-24 15:37:02.247 V/ActivityThread(21919): ActivityThread,callActivityOnCreate
06-24 15:37:02.248 D/PMS11422(  657): package:com.excelliance.dualaid, input flags:128, output hwFlags:0
06-24 15:37:02.252 D/PMS11422(  657): package:com.excelliance.dualaid, input flags:128, output hwFlags:0
06-24 15:37:02.252 D/NavActivity2(21919): onCreate
06-24 15:37:02.258 W/Utils   (21919): Utils_isSuperResolutionSupport [load libai_client.so failed]
06-24 15:37:02.259 W//system/bin/hwservicemanager(  416): Cannot open /odm/manifest.xml
06-24 15:37:02.260 D/HwFLClassLoader(21944): get used feature list :/feature/used-list failed!
06-24 15:37:02.260 D/HwFLClassLoader(21944): USE_FEATURE_LIST had not init! 
06-24 15:37:02.260 D/CubicBezierInterpolator(21919): CubicBezierInterpolator  mControlPoint1x = 0.23, mControlPoint1y = 0.06, mControlPoint2x = 0.09, mControlPoint2y = 0.97
06-24 15:37:02.260 D/CubicBezierInterpolator(21919): CubicBezierInterpolator  mControlPoint1x = 0.6, mControlPoint1y = 0.9, mControlPoint2x = 0.8, mControlPoint2y = 1.0
06-24 15:37:02.260 D/CubicBezierInterpolator(21919): CubicBezierInterpolator  mControlPoint1x = 0.23, mControlPoint1y = 0.06, mControlPoint2x = 0.09, mControlPoint2y = 0.97
06-24 15:37:02.260 D/CubicBezierInterpolator(21919): CubicBezierInterpolator  mControlPoint1x = 0.6, mControlPoint1y = 0.9, mControlPoint2x = 0.8, mControlPoint2y = 1.0
06-24 15:37:02.260 I/GRALLOC (  679): 	 shrFd=10,fmt=0x1,intFmt=0x1,btStrd=256,size=4096,pid=679 
06-24 15:37:02.260 I/GRALLOC (  679): 	 yuv=2,w=16,h=16,Stride u=0 v=0,offset u=0 v=0 
06-24 15:37:02.260 I/GRALLOC (  679): 	 iova_size=4096,conUsg=0x100,proUsg=0x100,	 strd=64,[afbc]HdrStrd=0 PyldStrd=0 Scrmbl=0,ionhnd = 1 
06-24 15:37:02.261 D/CubicBezierInterpolator(21919): CubicBezierInterpolator  mControlPoint1x = 0.23, mControlPoint1y = 0.06, mControlPoint2x = 0.09, mControlPoint2y = 0.97
06-24 15:37:02.261 D/CubicBezierInterpolator(21919): CubicBezierInterpolator  mControlPoint1x = 0.6, mControlPoint1y = 0.9, mControlPoint2x = 0.8, mControlPoint2y = 1.0
06-24 15:37:02.261 D/CubicBezierInterpolator(21919): CubicBezierInterpolator  mControlPoint1x = 0.23, mControlPoint1y = 0.06, mControlPoint2x = 0.09, mControlPoint2y = 0.97
06-24 15:37:02.261 D/CubicBezierInterpolator(21919): CubicBezierInterpolator  mControlPoint1x = 0.6, mControlPoint1y = 0.9, mControlPoint2x = 0.8, mControlPoint2y = 1.0
06-24 15:37:02.268 D/HwRTBlurUtils(21919): check blur style for HwPhoneWindow-, themeResId : 0x7f0e000a, context : com.excelliance.kxqp.swipe.NavActivity2@794246b, Nhwext : 0, get Blur : disable with , null
06-24 15:37:02.268 D/HwRTBlurUtils(21919): check blur style for HwPhoneWindow-, themeResId : 0x7f0e000a, context : com.excelliance.kxqp.swipe.NavActivity2@794246b, Nhwext : 0, get Blur : disable with , null
06-24 15:37:02.269 E/test    (21919): hw notch screen flag api error
06-24 15:37:02.271 D/ActivityThread(21919): add activity client record, r= ActivityRecord{414755e token=android.os.BinderProxy@31abee5 {com.excelliance.dualaid/com.excelliance.kxqp.swipe.NavActivity2}} token= android.os.BinderProxy@31abee5
06-24 15:37:02.272 E/ViewUtils(21919): setBgColor: view==null:top
06-24 15:37:02.273 D/PMS11422(  657): package:com.excelliance.dualaid, input flags:128, output hwFlags:0
06-24 15:37:02.275 D/HttpUtils(21919): getResponseCode():200
06-24 15:37:02.276 D/WHEG    (21919): {"status":"0","controls":"","skip":"0"}
06-24 15:37:02.280 D/OpenGLRenderer(21919):   HWUI Binary is  enabled
06-24 15:37:02.281 D/PMS11422(  657): package:com.excelliance.dualaid, input flags:128, output hwFlags:0
06-24 15:37:02.281 D/SurfaceFlinger(  710): SurfaceFlinger: getDisplayConfigs--3.000000, 1080, 1920
06-24 15:37:02.281 I/chatty  (  710): uid=1000(system) Binder:710_1 identical 1 line
06-24 15:37:02.281 D/SurfaceFlinger(  710): SurfaceFlinger: getDisplayConfigs--3.000000, 1080, 1920
06-24 15:37:02.282 D/OpenGLRenderer(21919): HWUI GL Pipeline
06-24 15:37:02.285 D/PMS11422(  657): package:com.excelliance.dualaid, input flags:128, output hwFlags:0
06-24 15:37:02.286 V/WindowManager(  657): Adding Window{ceda356 u0 com.excelliance.dualaid/com.excelliance.kxqp.swipe.NavActivity2} to AppWindowToken{3d22283 token=Token{eb88532 ActivityRecord{aab193d u0 com.excelliance.dualaid/com.excelliance.kxqp.swipe.NavActivity2 t16024}}}
06-24 15:37:02.287 V/WindowManager(  657): addWindow: New client android.os.BinderProxy@84f0971: window=Window{ceda356 u0 com.excelliance.dualaid/com.excelliance.kxqp.swipe.NavActivity2} Callers=com.android.server.wm.HwWindowManagerService.addWindow:562 com.android.server.wm.Session.addToDisplay:199 android.view.IWindowSession$Stub.onTransact:124 com.android.server.wm.Session.onTransact:161 android.os.Binder.execTransact:675 
06-24 15:37:02.290 D/PMS11422(  657): package:com.excelliance.dualaid, input flags:128, output hwFlags:0
06-24 15:37:02.298 D/HwGalleryCacheManagerImpl(21919): mIsEffect:false
06-24 15:37:02.299 V/WindowManager(  657): Checking 1 opening apps (frozen=false timeout=false)...
06-24 15:37:02.299 V/WindowManager(  657): Check opening app=AppWindowToken{3d22283 token=Token{eb88532 ActivityRecord{aab193d u0 com.excelliance.dualaid/com.excelliance.kxqp.swipe.NavActivity2 t16024}}}: allDrawn=false startingDisplayed=false startingMoved=false isRelaunching()=false
06-24 15:37:02.302 D/PMS11422(  657): package:com.excelliance.dualaid, input flags:128, output hwFlags:0
06-24 15:37:02.321 D/NetWorkUtils( 1513): mVSimCurCardType is -1
06-24 15:37:02.321 D/NetWorkUtils( 1513): mVSimCurCardType is -1
06-24 15:37:02.338 D/HwRecentsLockUtils( 1513): Search
06-24 15:37:02.338 E/HsmCoreServiceImpl( 1478): onTransact in code is: 103
06-24 15:37:02.338 I/MediaProcessHandler( 1478): playingUids: 
06-24 15:37:02.339 D/ActivityManager(  657): Skipping, home or recents stack task: TaskRecord{333215f #15658 A=com.huawei.android.launcher U=0 StackId=0 sz=1}
06-24 15:37:02.339 D/ActivityManager(  657): Skipping intent:act=android.intent.action.MAIN cat=[android.intent.category.LAUNCHER] flg=0x10a00000 cmp=io.appium.settings/.Settings
06-24 15:37:02.339 D/ActivityManager(  657): Skipping intent:flg=0x10804000 cmp=com.android.systemui/.recents.RecentsActivity bnds=[48,928][1032,2296]
06-24 15:37:02.339 D/ActivityManager(  657): Skipping intent:flg=0x18800000 cmp=com.tencent.mm/.plugin.base.stub.WXPayEntryActivity
06-24 15:37:02.339 D/ActivityManager(  657): Skipping intent:flg=0x10800000 cmp=com.huawei.systemmanager/com.huawei.permissionmanager.ui.MainActivity
06-24 15:37:02.339 D/ActivityManager(  657): Skipping intent:flg=0x18800000 cmp=com.tencent.mm/.plugin.base.stub.WXEntryActivity
06-24 15:37:02.339 D/ActivityManager(  657): Skipping intent:act=com.huawei.action.VOICE_ASSISTANT flg=0x10800000 pkg=com.huawei.vassistant cmp=com.huawei.vassistant/.ui.main.VAssistantActivity
06-24 15:37:02.339 D/ActivityManager(  657): Skipping intent:act=com.huawei.android.launcher.action.ACCESS_SPLIT_SCREEN_APP cat=[android.intent.category.DEFAULT] flg=0x10804000 cmp=com.huawei.android.launcher/.splitscreen.SplitScreenAppActivity
06-24 15:37:02.339 D/ActivityManager(  657): Skipping intent:flg=0x10800000 pkg=com.excelliance.dualaid.b64 cmp=com.excelliance.dualaid.b64/com.excelliance.kxqp.sdk.PermissionRequestActivity
06-24 15:37:02.339 D/ActivityManager(  657): Skipping intent:act=android.intent.action.VIEW dat=content://com.excelliance.dualaid.fileProvider/external_storage_root/Download/apk/Multiple_64.apk typ=application/vnd.android.package-archive flg=0x10800001 cmp=com.android.packageinstaller/.InstallStart
06-24 15:37:02.339 D/ActivityManager(  657): Skipping intent:flg=0x10800000 cmp=com.android.systemui/.usb.HwUsbDebuggingActivity
06-24 15:37:02.339 D/ActivityManager(  657): Skipping intent:act=android.deviceinfo.chooser.action.LAUNCH flg=0x10800000 hwFlg=0x100 pkg=com.android.settings cmp=com.android.settings/.deviceinfo.UsbConnModeChooserActivity
06-24 15:37:02.339 D/ActivityManager(  657): Skipping intent:flg=0x10800000 cmp=com.zol.android/.push.KeepLiveActivity
06-24 15:37:02.339 D/ActivityManager(  657): Skipping intent:act=android.intent.action.MAIN cat=[android.intent.category.HOME] flg=0x10800300 cmp=com.android.settings/.FallbackHome
06-24 15:37:02.374 D/MainActivity(21919): instantiateItem: 2	android.widget.RelativeLayout{d00e2b1 V.E...... ......I. 0,0-0,0}
06-24 15:37:02.374 D/MainActivity(21919): initPage3: 
06-24 15:37:02.379 V/WindowManager(  657): Checking 1 opening apps (frozen=false timeout=false)...
06-24 15:37:02.379 V/WindowManager(  657): Check opening app=AppWindowToken{3d22283 token=Token{eb88532 ActivityRecord{aab193d u0 com.excelliance.dualaid/com.excelliance.kxqp.swipe.NavActivity2 t16024}}}: allDrawn=false startingDisplayed=false startingMoved=false isRelaunching()=false
06-24 15:37:02.381 V/HwPhoneWindowManager(  657): updateSystemUiColorLw window=Window{ceda356 u0 com.excelliance.dualaid/com.excelliance.kxqp.swipe.NavActivity2},EmuiStyle=0,StatusBarColor=0xff000000,NavigationBarColor=0xff000000, mLastIsEmuiLightStyle=-1
06-24 15:37:02.381 D/HwPhoneWindowManager(  657): Transact:setSystemUIColor to status bar service
06-24 15:37:02.382 I/CommandQueue( 1513): updateBarBgColor
06-24 15:37:02.382 D/CommandQueue( 1513): CommandQueue, setBarBackgroundColor
06-24 15:37:02.383 V/WindowManager(  657): Checking 1 opening apps (frozen=false timeout=false)...
06-24 15:37:02.383 V/WindowManager(  657): Check opening app=AppWindowToken{3d22283 token=Token{eb88532 ActivityRecord{aab193d u0 com.excelliance.dualaid/com.excelliance.kxqp.swipe.NavActivity2 t16024}}}: allDrawn=false startingDisplayed=false startingMoved=false isRelaunching()=false
06-24 15:37:02.387 I/GRALLOC (  679): 	 shrFd=10,fmt=0x1,intFmt=0x200000001,btStrd=4352,size=8486912,pid=679 
06-24 15:37:02.387 I/GRALLOC (  679): 	 yuv=2,w=1080,h=1920,Stride u=0 v=0,offset u=0 v=0 
06-24 15:37:02.387 I/GRALLOC (  679): 	 iova_size=8486912,conUsg=0x900,proUsg=0x900,	 strd=1088,[afbc]HdrStrd=1088 PyldStrd=69632 Scrmbl=2,ionhnd = 1 
06-24 15:37:02.388 D/TintManager( 1513): statusBarIconTint=#99FFFFFF,navigationBarIconTint=#FF000000
06-24 15:37:02.388 D/MainActivity(21919): run: initPage3
06-24 15:37:02.388 D/BarTransitions.HwPhoneStatusBarView( 1513): MODE_TRANSPARENT -> MODE_TRANSLUCENT animate=false
06-24 15:37:02.389 D/BarTransitions.HwPhoneStatusBarView( 1513): applyModeBackground oldMode=MODE_TRANSPARENT newMode=MODE_TRANSLUCENT animate=false
06-24 15:37:02.389 V/MainActivity(21919): onWindowFocusChanged: true
06-24 15:37:02.389 I/GRALLOC (  679): 	 shrFd=10,fmt=0x1,intFmt=0x200000001,btStrd=4352,size=8486912,pid=679 
06-24 15:37:02.389 I/GRALLOC (  679): 	 yuv=2,w=1080,h=1920,Stride u=0 v=0,offset u=0 v=0 
06-24 15:37:02.389 I/GRALLOC (  679): 	 iova_size=8486912,conUsg=0x900,proUsg=0x900,	 strd=1088,[afbc]HdrStrd=1088 PyldStrd=69632 Scrmbl=2,ionhnd = 1 
06-24 15:37:02.390 I/OpenGLRenderer(21919): Initialized EGL, version 1.4
06-24 15:37:02.390 D/OpenGLRenderer(21919): Swap behavior 2
06-24 15:37:02.390 W/InputMethodManager(21919): startInputReason = 1
06-24 15:37:02.391 I/zygote  (21944): Compiler allocated 4MB to compile boolean com.excelliance.kxqp.KXQPApplication.b(int)
06-24 15:37:02.392 I/GRALLOC (  679): 	 shrFd=10,fmt=0x1,intFmt=0x200000001,btStrd=4352,size=8486912,pid=679 
06-24 15:37:02.392 I/GRALLOC (  679): 	 yuv=2,w=1080,h=1920,Stride u=0 v=0,offset u=0 v=0 
06-24 15:37:02.392 I/GRALLOC (  679): 	 iova_size=8486912,conUsg=0x900,proUsg=0x900,	 strd=1088,[afbc]HdrStrd=1088 PyldStrd=69632 Scrmbl=2,ionhnd = 1 
06-24 15:37:02.395 I/wangchen( 7035): SysInfo.getSysParam: orientation=1||config d=3.0,w=1080,h=1920||metrics d=3.0,w=1080,h=1920||sdk=26,bar_h=72
06-24 15:37:02.395 I/KeymapLoader( 7035): w=1080 h=1920 ori=true appScale=3.3 s1=3.0
06-24 15:37:02.396 I/zygote64(  657): Background concurrent copying GC freed 16020(1432KB) AllocSpace objects, 3(60KB) LOS objects, 31% free, 53MB/77MB, paused 243us total 148.476ms
06-24 15:37:02.399 D/StatusBarIconController( 1513): setIconVisibility icon is null or visibility not change visibility=false
06-24 15:37:02.401 D/mali_winsys(21919): EGLint new_window_surface(egl_winsys_display *, void *, EGLSurface, EGLConfig, egl_winsys_surface **, egl_color_buffer_format *, EGLBoolean) returns 0x3000
06-24 15:37:02.401 E/vndksupport(21919): Could not load vendor/lib/egl/libGLES_mali_v2.so from sphal namespace: dlopen failed: library "vendor/lib/egl/libGLES_mali_v2.so" not found.
06-24 15:37:02.409 I/TrafficMonitor(  657): expired arrive. level:-1
06-24 15:37:02.409 I/TrafficMonitor(  657): during_ms:2004,period_ms:2000
06-24 15:37:02.409 I/TrafficMonitor(  657): count:854,rx_sum:2,tx_sum:0,rxBytes:156,during_ms:2004,rx_speed:77.8443113772455,tx_speed:0.0,rto:0.0
06-24 15:37:02.409 D/HuaweiWifiWatchdogStateMachine(  657): speed: rxpkt:2, rxSpd:77B/s, txpkt:0, txSpd:0
06-24 15:37:02.415 I/GRALLOC (  679): 	 shrFd=10,fmt=0x1,intFmt=0x200000001,btStrd=4352,size=8486912,pid=679 
06-24 15:37:02.415 I/GRALLOC (  679): 	 yuv=2,w=1080,h=1920,Stride u=0 v=0,offset u=0 v=0 
06-24 15:37:02.415 I/GRALLOC (  679): 	 iova_size=8486912,conUsg=0xb00,proUsg=0xb00,	 strd=1088,[afbc]HdrStrd=1088 PyldStrd=69632 Scrmbl=2,ionhnd = 1 
06-24 15:37:02.422 D/WindowManager(  657): finishDrawingWindow: Window{ceda356 u0 com.excelliance.dualaid/com.excelliance.kxqp.swipe.NavActivity2} mDrawState=DRAW_PENDING
06-24 15:37:02.422 W/InputMethodManager(21919): startInputReason = 5
06-24 15:37:02.423 V/WindowManager(  657): Checking 1 opening apps (frozen=false timeout=false)...
06-24 15:37:02.423 V/WindowManager(  657): Check opening app=AppWindowToken{3d22283 token=Token{eb88532 ActivityRecord{aab193d u0 com.excelliance.dualaid/com.excelliance.kxqp.swipe.NavActivity2 t16024}}}: allDrawn=true startingDisplayed=false startingMoved=false isRelaunching()=false
06-24 15:37:02.425 D/ImageWallpaper( 1513): onVisibilityChanged: mVisible, visible=true, false
06-24 15:37:02.425 D/ImageWallpaper( 1513): Visibility changed to visible=false
06-24 15:37:02.426 D/PMS11422(  657): package:com.excelliance.dualaid, input flags:128, output hwFlags:0
06-24 15:37:02.426 D/BarTransitions.HwPhoneStatusBarView( 1513): MODE_TRANSLUCENT -> MODE_TRANSPARENT animate=false
06-24 15:37:02.426 D/BarTransitions.HwPhoneStatusBarView( 1513): applyModeBackground oldMode=MODE_TRANSLUCENT newMode=MODE_TRANSPARENT animate=false
06-24 15:37:02.427 I/ActivityManager(  657): Displayed com.excelliance.dualaid/com.excelliance.kxqp.swipe.NavActivity2: +196ms (total +3s986ms)
06-24 15:37:02.432 E/BufferQueueProducer(  710): [com.huawei.android.launcher/com.huawei.android.launcher.unihome.UniHomeLauncher#0] disconnect: not connected (req=1)
06-24 15:37:02.432 W/libEGL  ( 2519): EGLNativeWindowType 0x747f397010 disconnect failed
06-24 15:37:02.433 D/PMS11422(  657): package:com.excelliance.dualaid, input flags:128, output hwFlags:0
06-24 15:37:02.433 I/WindowManager(  657): notifyAccessibilityButtonVisibilityChanged visible:false
06-24 15:37:02.436 D/BarTransitions.HwPhoneStatusBarView( 1513): MODE_TRANSPARENT -> MODE_TRANSLUCENT animate=false
06-24 15:37:02.436 D/BarTransitions.HwPhoneStatusBarView( 1513): applyModeBackground oldMode=MODE_TRANSPARENT newMode=MODE_TRANSLUCENT animate=false
06-24 15:37:02.436 D/BarTransitions.HwNavigationBarView( 1513): MODE_TRANSLUCENT -> MODE_OPAQUE animate=false
06-24 15:37:02.436 D/BarTransitions.HwNavigationBarView( 1513): applyModeBackground oldMode=MODE_TRANSLUCENT newMode=MODE_OPAQUE animate=false
06-24 15:37:02.452 W/ActivityManager(  657): Sending non-protected broadcast huawei.action.floattasks.STATUS_BAR_STATE_CHANGED from system 1513:com.android.systemui/u0a39 pkg com.android.systemui
06-24 15:37:02.452 D/ActivityThread(21919): Remove activity client record, r= ActivityRecord{cbe2ddc token=android.os.BinderProxy@d13fa03 {com.excelliance.dualaid/com.excelliance.kxqp.ui.HelloActivity}} token= android.os.BinderProxy@d13fa03
06-24 15:37:02.453 V/WindowManager(  657): notifyAppStopped: AppWindowToken{d3a938b token=Token{377755a ActivityRecord{d5c9105 u0 com.huawei.android.launcher/.unihome.UniHomeLauncher t15658}}}
06-24 15:37:02.453 W/HwKeyguardDragHelper( 1513): AnimationBlocked
06-24 15:37:02.453 E/WindowManager(  657): win=Window{68d6975 u0 com.huawei.android.launcher/com.huawei.android.launcher.unihome.UniHomeLauncher} destroySurfaces: appStopped=true win.mWindowRemovalAllowed=false win.mRemoveOnExit=false
06-24 15:37:02.453 I/WindowManager(  657): Destroying surface Surface(name=com.huawei.android.launcher/com.huawei.android.launcher.unihome.UniHomeLauncher) called by com.android.server.wm.WindowStateAnimator.destroySurface:2060 com.android.server.wm.WindowStateAnimator.destroySurfaceLocked:873 com.android.server.wm.HwWindowStateAnimator.destroySurfaceLocked:1006 com.android.server.wm.WindowState.destroyOrSaveSurfaceUnchecked:2990 com.android.server.wm.WindowState.destroySurface:2951 com.android.server.wm.AppWindowToken.destroySurfaces:654 com.android.server.wm.AppWindowToken.destroySurfaces:638 com.android.server.wm.AppWindowToken.notifyAppStopped:682 
06-24 15:37:02.455 V/WindowManager(  657): removeAppToken: AppWindowToken{2451d0b token=Token{a5834da ActivityRecord{7529e85 u0 com.excelliance.dualaid/com.excelliance.kxqp.ui.HelloActivity t16024}}} delayed=false Callers=com.android.server.wm.DisplayContent.removeAppToken:985 com.android.server.wm.AppWindowContainerController.removeContainer:348 com.android.server.am.ActivityRecord.removeWindowContainer:1039 com.android.server.am.ActivityStack.removeActivityFromHistoryLocked:4491 
06-24 15:37:02.456 D/HwGameAssistantController(  657): pid=2519, uid=10056, foreground=false
06-24 15:37:02.456 W/AwareLog(  657): SchedLevelBoost: onFgActivitiesChanged config not set!
06-24 15:37:02.463 W/dex2oat (22013): Using default instruction set features for ARM CPU variant (default) using conservative defaults
06-24 15:37:02.464 I/dex2oat (22013): /system/bin/dex2oat -j4 --dex-file=/data/data/com.excelliance.dualaid/.platformcache/main.jar --output-vdex-fd=49 --oat-fd=50 --oat-location=/data/data/com.excelliance.dualaid/.platformcache/oat/arm/main.odex --compiler-filter=quicken
06-24 15:37:02.464 I/cutils-trace(22013): atrace_init_once, trace_marker_path = /sys/kernel/debug/tracing/trace_marker
06-24 15:37:02.618 I/HwNormalizedSpline(  657): getEyeProtectionBrightnessLevel lux =239.0, mDefaultBrightnessFromLux =68.645
06-24 15:37:02.648 E/memtrack(26506): Couldn't load memtrack module
06-24 15:37:02.648 W/android.os.Debug(26506): failed to get memory consumption info: -1
06-24 15:37:02.718 E/memtrack(26506): Couldn't load memtrack module
06-24 15:37:02.718 W/android.os.Debug(26506): failed to get memory consumption info: -1
06-24 15:37:02.763 D/HwWifiStatStore(  657): handleMessage : 200
06-24 15:37:02.772 I/NetworkSpeedManagerEx( 1513): mIsStop = false
06-24 15:37:02.772 I/NetworkSpeedManagerEx( 1513):  runInThread getTetherStats
06-24 15:37:02.773 I/NetworkSpeedManagerEx( 1513):  runInUI refreshSpeed
06-24 15:37:02.774 I/NetworkSpeedManagerEx( 1513): value=1713.6666speed = 1.7
06-24 15:37:02.774 I/NetworkSpeedManagerEx( 1513): K/smIsShowLastSpeedValuefalse
06-24 15:37:02.774 I/NetworkSpeedView( 1513): /update(), speed=1.7
06-24 15:37:02.774 I/NetworkSpeedView( 1513): K/s parent class:class com.android.systemui.statusbar.HwSystemIcons
06-24 15:37:02.809 I/NetworkSpeedManagerEx( 1513): mIsStop = false
06-24 15:37:02.810 I/NetworkSpeedManagerEx( 1513):  runInThread getTetherStats
06-24 15:37:02.810 I/NetworkSpeedManagerEx( 1513):  runInUI refreshSpeed
06-24 15:37:02.811 I/NetworkSpeedManagerEx( 1513): value=1713.6666speed = 1.7
06-24 15:37:02.811 I/NetworkSpeedManagerEx( 1513): K/smIsShowLastSpeedValuefalse
06-24 15:37:02.811 I/NetworkSpeedView( 1513): /update(), speed=1.7
06-24 15:37:02.811 I/NetworkSpeedView( 1513): K/s parent class:class com.android.systemui.statusbar.HwSystemIcons
06-24 15:37:02.858 E/Thermal-daemon(  764): [pa_0] temp_new :37  temp_old :38
06-24 15:37:02.858 I/ThermalService( 1699): Receive temperature change, type: 1, temp: 37 from thermald
06-24 15:37:02.858 D/HwThermalStateManager( 1699): Thermal type: 1 cur_temperature:37
06-24 15:37:02.859 E/Thermal-daemon(  764): Report temperature: [pa_0] temp :37  report_threshold:1
06-24 15:37:02.884 I/dex2oat (22013): dex2oat took 421.040ms (1.056s cpu) (threads: 4) arena alloc=137KB (140496B) java alloc=2MB (3143720B) native alloc=4MB (4701728B) free=2MB (2114016B)
06-24 15:37:02.896 D/PMS11422(  657): package:com.excelliance.dualaid, input flags:128, output hwFlags:0
06-24 15:37:02.901 E/WifiHAL (  706): enter wifi_get_link_stats
06-24 15:37:02.905 I/GRALLOC (  679): 	 shrFd=10,fmt=0x1,intFmt=0x200000001,btStrd=4352,size=8486912,pid=679 
06-24 15:37:02.905 I/GRALLOC (  679): 	 yuv=2,w=1080,h=1920,Stride u=0 v=0,offset u=0 v=0 
06-24 15:37:02.905 I/GRALLOC (  679): 	 iova_size=8486912,conUsg=0xb00,proUsg=0xb00,	 strd=1088,[afbc]HdrStrd=1088 PyldStrd=69632 Scrmbl=2,ionhnd = 1 
06-24 15:37:02.912 E/wificond(  765): Failed to get NL80211_STA_INFO_CNAHLOAD
06-24 15:37:02.913 E/WificondControl(  657): Noise: -92, Snr: 0, Chload: -1
06-24 15:37:02.913 D/HwWifiCHRStateManager(  657): handleMessage : 1001
06-24 15:37:02.913 D/HwWifiCHRStateManager(  657): handleUpdateChannel:5805
06-24 15:37:02.913 V/HwWifiServiceFactory(  657): get AllImpl object = com.android.server.wifi.HwWifiServiceFactoryImpl@a390a53
06-24 15:37:02.914 D/WifiScoreReport(  657): Score = 100, wifiConnectivityManagerEnabled = false, lowScoreCount = 0
06-24 15:37:02.950 W/dex2oat (22032): Using default instruction set features for ARM CPU variant (default) using conservative defaults
06-24 15:37:02.951 I/dex2oat (22032): /system/bin/dex2oat -j4 --dex-file=/data/data/com.excelliance.dualaid/.platformcache/kxqpplatform2.jar --output-vdex-fd=50 --oat-fd=51 --oat-location=/data/data/com.excelliance.dualaid/.platformcache/oat/arm/kxqpplatform2.odex --compiler-filter=quicken
06-24 15:37:02.951 I/cutils-trace(22032): atrace_init_once, trace_marker_path = /sys/kernel/debug/tracing/trace_marker
06-24 15:37:02.956 I/GRALLOC (  679): 	 shrFd=10,fmt=0x1,intFmt=0x200000001,btStrd=4352,size=8486912,pid=679 
06-24 15:37:02.956 I/GRALLOC (  679): 	 yuv=2,w=1080,h=1920,Stride u=0 v=0,offset u=0 v=0 
06-24 15:37:02.956 I/GRALLOC (  679): 	 iova_size=8486912,conUsg=0xb00,proUsg=0xb00,	 strd=1088,[afbc]HdrStrd=1088 PyldStrd=69632 Scrmbl=2,ionhnd = 1 
06-24 15:37:03.151 I/dex2oat (22032): dex2oat took 200.898ms (428.513ms cpu) (threads: 4) arena alloc=62KB (63808B) java alloc=2MB (2283472B) native alloc=2MB (2307824B) free=2MB (2935056B)
06-24 15:37:03.163 D/PMS11422(  657): package:com.excelliance.dualaid, input flags:0, output hwFlags:0
06-24 15:37:03.168 I/chatty  (  657): uid=1000(system) Binder:657_E identical 1 line
06-24 15:37:03.169 D/PMS11422(  657): package:com.excelliance.dualaid, input flags:0, output hwFlags:0
06-24 15:37:03.171 D/PMS11422(  657): package:com.excelliance.dualaid, input flags:0, output hwFlags:0
06-24 15:37:03.177 E/MemoryLeakMonitorManager(21944): MemoryLeakMonitor.jar is not exist!
06-24 15:37:03.178 D/CrashHandler(21944): CrashHandler
06-24 15:37:03.179 D/KXQPApplication(21944): run: initUserManager
06-24 15:37:03.179 E/Minikin (21944): Could not get cmap table size!
06-24 15:37:03.180 D/PMS11422(  657): package:com.excelliance.dualaid, input flags:128, output hwFlags:0
06-24 15:37:03.187 D/AirPushService(21944): 第一次触发
06-24 15:37:03.187 D/SmtServService(21944): MSG_LOAD_PLT GameUtil.isPtLoaded() = false
06-24 15:37:03.188 I/HwCust  (21944): Constructor found for class android.net.HwCustConnectivityManagerImpl
06-24 15:37:03.188 D/HwCust  (21944): Create obj success use class android.net.HwCustConnectivityManagerImpl
06-24 15:37:03.189 D/NetworkStateReceiver(21944): netWorkConnected = true
06-24 15:37:03.189 D/AirPushUtils(21944): startPushInfo
06-24 15:37:03.190 D/PMS1000 (  657): package:com.excelliance.dualaid, input flags:8192, output hwFlags:0
06-24 15:37:03.192 D/PMS1001 (  657): package:com.excelliance.dualaid, input flags:0, output hwFlags:0
06-24 15:37:03.192 D/AirPushService(21944): 第一次设置Alarm
06-24 15:37:03.192 D/AirPushService(21944): resetPushAlarm
06-24 15:37:03.194 D/SmtServService(21944): pull info
06-24 15:37:03.194 D/PMS11422(  657): package:com.excelliance.dualaid, input flags:0, output hwFlags:0
06-24 15:37:03.194 D/SmtServService(21944): diffTime = 1529825823194
06-24 15:37:03.194 D/SmtServService(21944): pushInfoFromServer
06-24 15:37:03.194 D/AirPushPreferences(21944): setLastPushTime
06-24 15:37:03.207 I/zygote  (21944): Do partial code cache collection, code=27KB, data=31KB
06-24 15:37:03.209 I/zygote  (21944): After code cache collection, code=11KB, data=18KB
06-24 15:37:03.209 I/zygote  (21944): Increasing code cache capacity to 128KB
06-24 15:37:03.224 D/StatisticsManager(21944): Query time diff:1529825823223
06-24 15:37:03.224 D/PMS11422(  657): package:com.excelliance.dualaid, input flags:128, output hwFlags:0
06-24 15:37:03.231 I/zygote  (21919): Do partial code cache collection, code=27KB, data=27KB
06-24 15:37:03.231 I/zygote  (21919): After code cache collection, code=27KB, data=27KB
06-24 15:37:03.231 I/zygote  (21919): Increasing code cache capacity to 128KB
06-24 15:37:03.234 D/launch-time-RU(21944): preload 24 classes cost 40ms
06-24 15:37:03.234 D/PMS11422(  657): package:com.excelliance.dualaid, input flags:128, output hwFlags:0
06-24 15:37:03.249 D/StatisticsManager(21944): Query time diff:1529825823249
06-24 15:37:03.255 D/StatisticsManager(21944): Query time diff:1529825823255
06-24 15:37:03.255 I/chatty  (  657): uid=1000(system) Binder:657_7 identical 14 lines
06-24 15:37:03.255 D/PMS11422(  657): package:com.excelliance.dualaid, input flags:128, output hwFlags:0
06-24 15:37:03.258 D/PMS11422(  657): package:com.excelliance.dualaid, input flags:128, output hwFlags:0
06-24 15:37:03.286 D/AirPushDBHelper(21944): onCreate: pushitemnew
06-24 15:37:03.288 D/AirPushDBHelper(21944): selection = type=? and index_=(select max(index_) from pushitemnew where type=?) , key = vip
06-24 15:37:03.289 D/AirPushDBHelper(21944): selection = type=? and index_=(select max(index_) from pushitemnew where type=?) , key = update
06-24 15:37:03.290 D/AirPushDBHelper(21944): selection = type=? and index_=(select max(index_) from pushitemnew where type=?) , key = officalActivity
06-24 15:37:03.291 D/AirPushDBHelper(21944): selection = type=? and index_=(select max(index_) from pushitemnew where type=?) , key = news
06-24 15:37:03.292 D/AirPushDBHelper(21944): selection = type=? and index_=(select max(index_) from pushitemnew where type=?) , key = target
06-24 15:37:03.292 D/AirPushDBHelper(21944): selection = type=? and index_=(select max(index_) from pushitemnew where type=?) , key = batch
06-24 15:37:03.293 D/AirPushDBHelper(21944): selection = type=? and index_=(select max(index_) from pushitemnew where type=?) , key = skipTarget
06-24 15:37:03.294 D/AirPushDBHelper(21944): selection = type=? and index_=(select max(index_) from pushitemnew where type=?) , key = thirdApp
06-24 15:37:03.295 D/PushItem(21944): indexJson = {}
06-24 15:37:03.295 D/AirPushService(21944): dataJson = {}
06-24 15:37:03.295 V/AirPushService(21944): ver :e30%3D%0A
06-24 15:37:03.296 D/VersionManager(21944): httpsRequest getURL = https://mto.multiopen.cn/pushmess.php?ver=466&mainver=231200&data=e30%3D%0A&wxCode=1321&subchid=1&sdkV=8.0.0&pkg=com.excelliance.dualaid&chid=10019&issl=1&compver=54302&wxVerName=6.6.7&vn=4.0.6&model=stf-al10&api=26&brand=honor&aid=f0c2426fc7560cf5
06-24 15:37:03.301 D/NetworkSecurityConfig(21944): No Network Security Config specified, using platform default
06-24 15:37:03.307 D/GameUtil(21944): getSDKDataParam totalmem:5.60GB
06-24 15:37:03.308 D/VersionManager(21944): httpsRequest getURL = https://folder.appota.cn/genuser.php?chid=10019&subchid=1&vc=466&type=4&data=tbCbI6ooWmOSi%2BhP8At3K55rUDjOXjUCTTE1Q7OqeVGzpiL1Dx8z2UKsv%2F2w066OKzL65VOc%2FHNVNculXvpkfbOlpWKAPUf5ryVSFynVNa8UucDwm5e36rJ6e2Kpu%2B5ykc4DARTfkZV4Ad5N96d4%2BjApQCWZuWchybogtHpbAp5JGb2oE4RYpIUqF8au1pxTSmwBdD5PozvBfX2%2Bj4RIW8u13M8ksM63bQoy2eR4WdDx%2BqZexoey63Hms3xqJyQkd3PFvljbOMDFV5%2BIsI0F%2B0cTu0Poz37kp440m4BdEnDxUpl%2F2SWQiyGENywr4rII2GFixGV6F3FTP2B6Iz%2Bp9XPgTT1Q8jOobYd0%2B7qf7bpZ2AyYZuCae%2FN%2FDrbd9ARIKpXrBwZ7SdplMO1nzphjQUqGRQMAlrO9Oa0Du6EV17%2FgN7YtgBzuJRHbP0GgVSdnIEYbOUnjg9adLEk2nhpRcwGYdX7bJ5%2FC%2FGVy8QMvFO%2FVJ5uAYH82VV6bvSarVkuFeotJT4yadRHbDkYGgVZfCDPVS%2FOPcQttSZtkoN3AjIdEC3B%2BjPtytpdTQYFvI9Ol&issl=1
06-24 15:37:03.308 D/PMS1000 (  657): package:com.excelliance.dualaid, input flags:1024, output hwFlags:0
06-24 15:37:03.308 I/ActivityManager(  657): Need to start process com.excelliance.dualaid:lbcore for provider ContentProviderInfo{name=com.excelliance.dualaid:com.excelliance.kxqp.platform.PluginManagerProvider className=com.excelliance.kxqp.platform.PluginManagerProvider}, callerApp: ProcessRecord{b4ecc00 21944:com.excelliance.dualaid/u0a1422}
06-24 15:37:03.309 V/ActivityManager(  657): startProcess: name=com.excelliance.dualaid:lbcore app=null knownToBeDead=false thread=null pid=-1
06-24 15:37:03.309 D/PMS1000 (  657): package:com.excelliance.dualaid, input flags:0, output hwFlags:0
06-24 15:37:03.319 I/ActivityManager(  657): Start proc 22083:com.excelliance.dualaid:lbcore/u0a1422 for content provider com.excelliance.dualaid/com.excelliance.kxqp.platform.PluginManagerProvider
06-24 15:37:03.319 V/ActivityManager_MU(  657): Waiting to start provider ContentProviderRecord{a51fa1d u0 com.excelliance.dualaid/com.excelliance.kxqp.platform.PluginManagerProvider} launchingApp=ProcessRecord{45cf2f4 22083:com.excelliance.dualaid:lbcore/u0a1422} caller pid= 21944
06-24 15:37:03.320 I/        (22083): power log dlsym ok
06-24 15:37:03.322 I/zygote  (22083): Reinit property: dalvik.vm.checkjni= false
06-24 15:37:03.322 D/NetWorkUtils( 1513): mVSimCurCardType is -1
06-24 15:37:03.328 D/ActivityThread(22083): ActivityThread,attachApplication
06-24 15:37:03.328 D/ActivityManager(  657): ActivityManagerService,attachApplication,callingPid = 22083
06-24 15:37:03.335 W//system/bin/hwservicemanager(  416): Cannot open /odm/manifest.xml
06-24 15:37:03.347 W//system/bin/hwservicemanager(  416): Cannot open /odm/manifest.xml
06-24 15:37:03.348 W/X509TrustManager(21944): checkServerTrusted: SignatureException:null
06-24 15:37:03.349 W/X509TrustManager(21944): checkServerTrusted: SignatureException:error:04000073:RSA routines:OPENSSL_internal:DATA_TOO_LARGE_FOR_MODULUS
06-24 15:37:03.350 I/GRALLOC (  679): 	 shrFd=10,fmt=0x1,intFmt=0x1,btStrd=256,size=4096,pid=679 
06-24 15:37:03.350 I/GRALLOC (  679): 	 yuv=2,w=16,h=16,Stride u=0 v=0,offset u=0 v=0 
06-24 15:37:03.350 I/GRALLOC (  679): 	 iova_size=4096,conUsg=0x100,proUsg=0x100,	 strd=64,[afbc]HdrStrd=0 PyldStrd=0 Scrmbl=0,ionhnd = 1 
06-24 15:37:03.350 D/HwFLClassLoader(22083): get used feature list :/feature/used-list failed!
06-24 15:37:03.350 D/HwFLClassLoader(22083): USE_FEATURE_LIST had not init! 
06-24 15:37:03.354 W/X509TrustManager(21944): checkServerTrusted: SignatureException:null
06-24 15:37:03.354 W/X509TrustManager(21944): checkServerTrusted: SignatureException:error:04000073:RSA routines:OPENSSL_internal:DATA_TOO_LARGE_FOR_MODULUS
06-24 15:37:03.363 D/PMS11422(  657): package:com.excelliance.dualaid, input flags:128, output hwFlags:0
06-24 15:37:03.406 D/launch-time-RU(22083): preload 24 classes cost 17ms
06-24 15:37:03.416 I/TrafficMonitor(  657): update:rxPkts:20,txPkts:25,rxBytes:11145,txBytes:3644
06-24 15:37:03.416 I/TrafficMonitor(  657): start expired. level:-1
06-24 15:37:03.416 I/TrafficMonitor(  657): gettimer:interval=2000
06-24 15:37:03.419 D/VersionManager(21944): uid=353
06-24 15:37:03.440 D/ActivityThread(22083): Loading provider com.excelliance.dualaid:com.excelliance.kxqp.platform.PluginManagerProvider: com.excelliance.kxqp.platform.PluginManagerProvider
06-24 15:37:03.440 D/PMS11422(  657): package:com.excelliance.dualaid, input flags:0, output hwFlags:0
06-24 15:37:03.443 D/AirPushService(21944): result = {"period":"r","vip":{"index_":"","data":""},"update":{"index_":"","data":""},"officalActivity":{"index_":"","data":""},"news":{"index_":"","data":""},"target":{"index_":"","data":""},"batch":{"index_":"","data":""},"skipTarget":{"index_":"","data":""},"thirdApp":{"index_":"","data":""}}
06-24 15:37:03.443 D/AirPushService(21944): handleCheckerSaveToDB
06-24 15:37:03.443 D/AirPushUtils(21944): startDbOver
06-24 15:37:03.445 D/SmtServService(21944): db write over
06-24 15:37:03.447 D/SmtServService(21944): gameCenterFirstStart = true
06-24 15:37:03.449 D/PMS1000 (  657): package:com.excelliance.dualaid, input flags:8192, output hwFlags:0
06-24 15:37:03.451 D/PMS1001 (  657): package:com.excelliance.dualaid, input flags:0, output hwFlags:0
06-24 15:37:03.454 D/PMS11422(  657): package:com.excelliance.dualaid, input flags:0, output hwFlags:0
06-24 15:37:03.456 D/PMS11422(  657): package:com.excelliance.dualaid:lbcore, input flags:0, output is null
06-24 15:37:03.457 I/Bluetooth_framework(  657): BluetoothManagerService:Added callback: android.bluetooth.IBluetoothManagerCallback$Stub$Proxy@6d04a60:true pid = 22083
06-24 15:37:03.462 D/PMS11422(  657): package:com.excelliance.dualaid, input flags:128, output hwFlags:0
06-24 15:37:03.464 D/PMS11422(  657): package:com.excelliance.dualaid, input flags:128, output hwFlags:0
06-24 15:37:03.482 I/LBVMD-LBPMS(22083): LBVMRT: version 54302:543.02
06-24 15:37:03.482 E/zygote  (22083): Invalid capacity given to EnsureLocalCapacity: 800
06-24 15:37:03.491 I/HwCust  (22083): Constructor found for class android.net.HwCustConnectivityManagerImpl
06-24 15:37:03.491 D/HwCust  (22083): Create obj success use class android.net.HwCustConnectivityManagerImpl
06-24 15:37:03.496 D/PMS11422(  657): package:com.excelliance.dualaid, input flags:0, output hwFlags:0
06-24 15:37:03.507 E/MemoryLeakMonitorManager(22083): MemoryLeakMonitor.jar is not exist!
06-24 15:37:03.507 V/ActivityManager(  657): Successfully start provider ContentProviderRecord{a51fa1d u0 com.excelliance.dualaid/com.excelliance.kxqp.platform.PluginManagerProvider} launchingApp=ProcessRecord{45cf2f4 22083:com.excelliance.dualaid:lbcore/u0a1422} caller pid= 21944
06-24 15:37:03.509 E/MemoryLeakMonitorManager(22083): MemoryLeakMonitor.jar is not exist!
06-24 15:37:03.510 D/KXQPApplication(22083): run: initUserManager
06-24 15:37:03.510 V/HwWidgetFactory(22083): : successes to get AllImpl object and return....
06-24 15:37:03.511 E/Minikin (22083): Could not get cmap table size!
06-24 15:37:03.511 D/PMS11422(  657): package:com.excelliance.dualaid, input flags:128, output hwFlags:0
06-24 15:37:03.513 E/MemoryLeakMonitorManager(21944): MemoryLeakMonitor.jar is not exist!
06-24 15:37:03.514 D/SmtServService(21944): MSG_LOAD_PLT after msg.obj
06-24 15:37:03.514 V/ActivityManager(  657): Attempted to start a foreground service (ComponentInfo{com.excelliance.dualaid/com.excelliance.kxqp.platform.TrampolineService}) with a broken notification (no icon: Notification(channel=null pri=0 contentView=null vibrate=null sound=null defaults=0x0 flags=0x40 color=0x00000000 vis=PRIVATE))
06-24 15:37:03.517 E/zygote  (22083): Invalid capacity given to EnsureLocalCapacity: 592
06-24 15:37:03.522 W/PackageParser(22083): No actions in intent filter at /data/app/com.huawei.hwid-Sc7ADDdoDYIYREll7tj_iw==/base.apk Binary XML file line #1412
06-24 15:37:03.524 W/PackageParser(22083): No actions in intent filter at /data/app/com.huawei.hwid-Sc7ADDdoDYIYREll7tj_iw==/base.apk Binary XML file line #1680
06-24 15:37:03.525 W/PackageParser(22083): No actions in intent filter at /data/app/com.huawei.hwid-Sc7ADDdoDYIYREll7tj_iw==/base.apk Binary XML file line #1694
06-24 15:37:03.536 D/HwNotificationManagerService(  657): recognize: tag=null, id=268435456, user=UserHandle{0}, pkg=com.excelliance.dualaid, uid=11422, callingPid=22083
06-24 15:37:03.536 D/PMS1000 (  657): package:com.excelliance.dualaid, input flags:0, output hwFlags:0
06-24 15:37:03.536 I/[HwRecSys]HwRecSysAidlService( 2647): doNotificationCollect -> current num:1
06-24 15:37:03.536 I/[HwRecSys]-Notification-NotificationUpdateController( 2647): startNotificationUpdate start!
06-24 15:37:03.536 W/SettingsEx( 2647): SettingsEx.Systemex.getInt deprecated use Settings.System.getInt instead ;callers=com.huawei.recsys.util.SystemUtil.getNotificationUpdateMode:169 com.huawei.recsys.util.SystemUtil.isAllowUpdate:104 com.huawei.recsys.controller.notification.http.NotificationUpdateController.startNotificationUpdate:85 
06-24 15:37:03.537 I/[HwRecSys]SystemUtil( 2647): isAllowUpdate mode:1
06-24 15:37:03.537 I/[HwRecSys]SystemUtil( 2647): isAllowUpdate isAllowUpdate:true
06-24 15:37:03.537 I/[HwRecSys]-Notification-NotificationUpdateController( 2647):  -> currentYear:2018
06-24 15:37:03.537 I/[HwRecSys]-Notification-NotificationUpdateController( 2647):  -> currentMonth:5
06-24 15:37:03.537 I/[HwRecSys]-Notification-NotificationUpdateController( 2647):  -> currentDay:24
06-24 15:37:03.537 I/[HwRecSys]-Notification-NotificationUpdateController( 2647):  -> oldYear:2018
06-24 15:37:03.537 I/[HwRecSys]-Notification-NotificationUpdateController( 2647):  -> oldMonth:5
06-24 15:37:03.537 I/[HwRecSys]-Notification-NotificationUpdateController( 2647):  -> oldDay:24
06-24 15:37:03.537 E/[HwRecSys]-Notification-NotificationUpdateController( 2647): startNotificationUpdate time is valid no need request
06-24 15:37:03.537 I/[HwRecSys]-Notification-NotificationController( 2647): doNotificationCollect start!
06-24 15:37:03.538 E/[HwRecSys]-Notification-NotificationController( 2647): HwDefaultLabels returnStr:107
06-24 15:37:03.538 E/[HwRecSys]-Notification-NotificationController( 2647): getChinese paramValue is null!
06-24 15:37:03.539 E/[HwRecSys]-Notification-NotificationController( 2647): doNotificationCollect getLabelByRegRules label:107
06-24 15:37:03.539 I/[HwRecSys]HwRecSysAidlService( 2647): doNotificationCollect ->  finally remote Num - 1 !
06-24 15:37:03.539 I/HwNotificationManagerService(  657): doNotificationCollect: pkg=com.excelliance.dualaid, uid=11422, hw_type=107, hw_btw=true
06-24 15:37:03.540 D/PMS1000 (  657): package:com.excelliance.dualaid, input flags:268435456, output hwFlags:0
06-24 15:37:03.540 D/PMS1000 (  657): package:com.excelliance.dualaid, input flags:0, output hwFlags:0
06-24 15:37:03.540 W/NotificationRecord(  657): Use default channel, The importance is:2
06-24 15:37:03.540 V/ActivityManager(  657): Attempted to start a foreground service (ComponentInfo{com.excelliance.dualaid/com.excelliance.kxqp.platform.TrampolineService$EmptyService}) with a broken notification (no icon: Notification(channel=null pri=0 contentView=null vibrate=null sound=null defaults=0x0 flags=0x40 color=0x00000000 vis=PRIVATE))
06-24 15:37:03.542 D/HwNotificationManagerService(  657): recognize: tag=null, id=268435456, user=UserHandle{0}, pkg=com.excelliance.dualaid, uid=11422, callingPid=22083
06-24 15:37:03.542 D/PMS1000 (  657): package:com.excelliance.dualaid, input flags:0, output hwFlags:0
06-24 15:37:03.543 I/[HwRecSys]HwRecSysAidlService( 2647): doNotificationCollect -> current num:1
06-24 15:37:03.543 I/[HwRecSys]-Notification-NotificationUpdateController( 2647): startNotificationUpdate start!
06-24 15:37:03.543 W/SettingsEx( 2647): SettingsEx.Systemex.getInt deprecated use Settings.System.getInt instead ;callers=com.huawei.recsys.util.SystemUtil.getNotificationUpdateMode:169 com.huawei.recsys.util.SystemUtil.isAllowUpdate:104 com.huawei.recsys.controller.notification.http.NotificationUpdateController.startNotificationUpdate:85 
06-24 15:37:03.543 I/[HwRecSys]SystemUtil( 2647): isAllowUpdate mode:1
06-24 15:37:03.544 I/[HwRecSys]SystemUtil( 2647): isAllowUpdate isAllowUpdate:true
06-24 15:37:03.544 I/[HwRecSys]-Notification-NotificationUpdateController( 2647):  -> currentYear:2018
06-24 15:37:03.544 I/[HwRecSys]-Notification-NotificationUpdateController( 2647):  -> currentMonth:5
06-24 15:37:03.544 I/[HwRecSys]-Notification-NotificationUpdateController( 2647):  -> currentDay:24
06-24 15:37:03.544 I/[HwRecSys]-Notification-NotificationUpdateController( 2647):  -> oldYear:2018
06-24 15:37:03.544 I/[HwRecSys]-Notification-NotificationUpdateController( 2647):  -> oldMonth:5
06-24 15:37:03.544 I/[HwRecSys]-Notification-NotificationUpdateController( 2647):  -> oldDay:24
06-24 15:37:03.544 E/[HwRecSys]-Notification-NotificationUpdateController( 2647): startNotificationUpdate time is valid no need request
06-24 15:37:03.544 I/[HwRecSys]-Notification-NotificationController( 2647): doNotificationCollect start!
06-24 15:37:03.545 E/[HwRecSys]-Notification-NotificationController( 2647): HwDefaultLabels returnStr:107
06-24 15:37:03.545 D/NotificationService(  657): mGameDndStatus is:false ,isGameDndSwitchOn is:false
06-24 15:37:03.545 E/[HwRecSys]-Notification-NotificationController( 2647): getChinese paramValue is null!
06-24 15:37:03.548 E/[HwRecSys]-Notification-NotificationController( 2647): doNotificationCollect getLabelByRegRules label:107
06-24 15:37:03.548 I/[HwRecSys]HwRecSysAidlService( 2647): doNotificationCollect ->  finally remote Num - 1 !
06-24 15:37:03.548 I/HwNotificationManagerService(  657): doNotificationCollect: pkg=com.excelliance.dualaid, uid=11422, hw_type=107, hw_btw=true
