06-24 15:30:26.300 D/HelloActivity(31000): onCreate: true
06-24 15:30:26.302 D/HelloActivity(31000): mIsNav = true
06-24 15:30:26.303 D/PMS11422(  657): package:com.excelliance.dualaid, input flags:128, output hwFlags:0
06-24 15:30:26.303 D/PMS11422(  657): package:com.excelliance.dualaid, input flags:128, output hwFlags:0
06-24 15:30:26.304 D/PMS11422(  657): package:com.excelliance.dualaid, input flags:128, output hwFlags:0
06-24 15:30:26.306 D/HelloActivity(31000): requestShowOneKeyLoginConfig: 
06-24 15:30:26.307 D/GameUtilBuild(31000): getCompVersion e:java.lang.NullPointerException: Attempt to invoke virtual method 'android.content.pm.PackageManager android.content.Context.getPackageManager()' on a null object reference
06-24 15:30:26.307 D/PMS11422(  657): package:com.excelliance.dualaid, input flags:0, output hwFlags:0
06-24 15:30:26.309 D/PMS11422(  657): package:com.excelliance.dualaid, input flags:128, output hwFlags:0
06-24 15:30:26.310 D/PMS11422(  657): package:com.excelliance.dualaid, input flags:128, output hwFlags:0
06-24 15:30:26.313 D/PMS1000 (  657): package:com.excelliance.dualaid, input flags:8192, output hwFlags:0
06-24 15:30:26.315 D/PMS1001 (  657): package:com.excelliance.dualaid, input flags:0, output hwFlags:0
06-24 15:30:26.316 D/PMS11422(  657): package:com.excelliance.dualaid, input flags:128, output hwFlags:0
06-24 15:30:26.317 I/chatty  (  657): uid=1000(system) Binder:657_13 identical 1 line
06-24 15:30:26.318 D/PMS11422(  657): package:com.excelliance.dualaid, input flags:128, output hwFlags:0
06-24 15:30:26.318 D/PMS11422(  657): package:com.excelliance.dualaid, input flags:128, output hwFlags:0
06-24 15:30:26.319 D/PMS11422(  657): package:com.excelliance.dualaid, input flags:128, output hwFlags:0
06-24 15:30:26.322 D/CubicBezierInterpolator(31000): CubicBezierInterpolator  mControlPoint1x = 0.23, mControlPoint1y = 0.06, mControlPoint2x = 0.09, mControlPoint2y = 0.97
06-24 15:30:26.322 D/CubicBezierInterpolator(31000): CubicBezierInterpolator  mControlPoint1x = 0.6, mControlPoint1y = 0.9, mControlPoint2x = 0.8, mControlPoint2y = 1.0
06-24 15:30:26.322 D/CubicBezierInterpolator(31000): CubicBezierInterpolator  mControlPoint1x = 0.23, mControlPoint1y = 0.06, mControlPoint2x = 0.09, mControlPoint2y = 0.97
06-24 15:30:26.322 D/CubicBezierInterpolator(31000): CubicBezierInterpolator  mControlPoint1x = 0.6, mControlPoint1y = 0.9, mControlPoint2x = 0.8, mControlPoint2y = 1.0
06-24 15:30:26.324 D/HwWechatOptimizeImpl(31000): mIsEffect:false
06-24 15:30:26.329 D/HwRTBlurUtils(31000): check blur style for HwPhoneWindow-, themeResId : 0x7f0e001c, context : com.excelliance.kxqp.ui.HelloActivity@c4029d0, Nhwext : 0, get Blur : disable with , null
06-24 15:30:26.330 V/HelloActivity(31000): start add appType：0
06-24 15:30:26.330 D/PMS11422(  657): package:com.tencent.mm, input flags:0, output hwFlags:0
06-24 15:30:26.331 D/PMS11422(  657): package:com.excelliance.dualaid, input flags:128, output hwFlags:0
06-24 15:30:26.333 V/InitialData(31025): capitalize:Hi6250_launch
06-24 15:30:26.333 V/GameUtil(31025): getCurrentVersionByKey : hi6250_launch	current_hi6250_launch_version	Hi6250_launchVersion
06-24 15:30:26.334 V/GameUtil(31025): saveVersionToFileByKey  xml_key :hi6250_launch  result:-1
06-24 15:30:26.337 V/GameUtil(31025): getCurrentVersionByKey  hi6250_launch:-1
06-24 15:30:26.338 V/AddGameData(31025): _applist:hi6250
06-24 15:30:26.338 V/InitialData(31025): capitalize:Hi6250_applist
06-24 15:30:26.338 V/GameUtil(31025): getCurrentVersionByKey : hi6250_applist	current_hi6250_applist_version	Hi6250_applistVersion
06-24 15:30:26.339 D/PMS11422(  657): package:com.excelliance.dualaid, input flags:128, output hwFlags:0
06-24 15:30:26.339 V/GameUtil(31025): saveVersionToFileByKey  xml_key :hi6250_applist  result:-1
06-24 15:30:26.340 E/HwResourcesImpl(31000): readDefaultConfig : FileNotFoundException
06-24 15:30:26.342 V/GameUtil(31025): getCurrentVersionByKey  hi6250_applist:-1
06-24 15:30:26.342 V/InitialData(31025): capitalize:Hi6250_notification
06-24 15:30:26.342 V/GameUtil(31025): getCurrentVersionByKey : hi6250_notification	current_hi6250_notification_version	Hi6250_notificationVersion
06-24 15:30:26.343 D/PMS11422(  657): package:com.excelliance.dualaid, input flags:128, output hwFlags:0
06-24 15:30:26.343 V/GameUtil(31025): saveVersionToFileByKey  xml_key :hi6250_notification  result:-1
06-24 15:30:26.344 I/HwCust  (31000): Constructor found for class android.content.res.HwCustHwResourcesImpl
06-24 15:30:26.344 D/HwCust  (31000): Create obj success use class android.content.res.HwCustHwResourcesImpl
06-24 15:30:26.346 V/GameUtil(31025): getCurrentVersionByKey  hi6250_notification:-1
06-24 15:30:26.348 V/VersionManager(31025): ver source:{"hi6250_launch":"0","hi6250_applist":"0","hi6250_notification":"0"}
06-24 15:30:26.348 V/VersionManager(31025): ver :eyJoaTYyNTBfbGF1bmNoIjoiMCIsImhpNjI1MF9hcHBsaXN0IjoiMCIsImhpNjI1MF9ub3RpZmlj%0AYXRpb24iOiIwIn0%3D%0A
06-24 15:30:26.352 V/UrlUtil (31025): https://mto.multiopen.cn/dynamicphoneres.php?sdkver=2009&apkver=466&vn=4.0.6&compver=54302&mainver=231200&ver=eyJoaTYyNTBfbGF1bmNoIjoiMCIsImhpNjI1MF9hcHBsaXN0IjoiMCIsImhpNjI1MF9ub3RpZmlj%0AYXRpb24iOiIwIn0%3D%0A&chid=10019&subchid=1&type=20&uflag=2&pkg=com.excelliance.dualaid&api=26&release=8.0.0&abi=armeabi-v7a&abi2=armeabi&abilist=arm64-v8a%2Carmeabi-v7a%2Carmeabi&abilist32=armeabi-v7a%2Carmeabi&abilist64=arm64-v8a&brand=HONOR&manufacturer=HUAWEI&model=STF-AL10&product=STF-AL10&issl=1&sign=30820271308201daa0030201020204520332c2300d06092a864886f70d0101050500307c310b300906035504061302434e3111300f060355040813085368616e
06-24 15:30:26.352 D/VersionManager(31025): httpsRequest getURL = https://mto.multiopen.cn/dynamicphoneres.php?sdkver=2009&apkver=466&vn=4.0.6&compver=54302&mainver=231200&ver=eyJoaTYyNTBfbGF1bmNoIjoiMCIsImhpNjI1MF9hcHBsaXN0IjoiMCIsImhpNjI1MF9ub3RpZmlj%0AYXRpb24iOiIwIn0%3D%0A&chid=10019&subchid=1&type=20&uflag=2&pkg=com.excelliance.dualaid&api=26&release=8.0.0&abi=armeabi-v7a&abi2=armeabi&abilist=arm64-v8a%2Carmeabi-v7a%2Carmeabi&abilist32=armeabi-v7a%2Carmeabi&abilist64=arm64-v8a&brand=HONOR&manufacturer=HUAWEI&model=STF-AL10&product=STF-AL10&issl=1&sign=30820271308201daa0030201020204520332c2300d06092a864886f70d0101050500307c310b300906035504061302434e3111300f060355040813085368616e
06-24 15:30:26.355 W/X509TrustManager(31000): checkServerTrusted: SignatureException:null
06-24 15:30:26.355 W/X509TrustManager(31000): checkServerTrusted: SignatureException:error:04000073:RSA routines:OPENSSL_internal:DATA_TOO_LARGE_FOR_MODULUS
06-24 15:30:26.362 D/PMS11422(  657): package:com.tencent.mm, input flags:0, output hwFlags:0
06-24 15:30:26.364 D/PMS11422(  657): package:com.tencent.mobileqq, input flags:0, output hwFlags:0
06-24 15:30:26.379 D/PMS11422(  657): package:com.tencent.mobileqq, input flags:0, output hwFlags:0
06-24 15:30:26.380 D/PMS11422(  657): package:com.ifreetalk.ftalk, input flags:0, output hwFlags:0
06-24 15:30:26.391 W/X509TrustManager(31025): checkServerTrusted: SignatureException:null
06-24 15:30:26.391 W/X509TrustManager(31025): checkServerTrusted: SignatureException:error:04000073:RSA routines:OPENSSL_internal:DATA_TOO_LARGE_FOR_MODULUS
06-24 15:30:26.393 D/HwRecentsLockUtils( 1513): Search
06-24 15:30:26.393 E/HsmCoreServiceImpl( 1478): onTransact in code is: 103
06-24 15:30:26.393 I/MediaProcessHandler( 1478): playingUids: 
06-24 15:30:26.394 D/ActivityManager(  657): Skipping, home or recents stack task: TaskRecord{333215f #15658 A=com.huawei.android.launcher U=0 StackId=0 sz=1}
06-24 15:30:26.394 D/ActivityManager(  657): Skipping intent:act=android.intent.action.MAIN cat=[android.intent.category.LAUNCHER] flg=0x10a00000 cmp=io.appium.settings/.Settings
06-24 15:30:26.394 D/ActivityManager(  657): Skipping intent:flg=0x10804000 cmp=com.android.systemui/.recents.RecentsActivity bnds=[48,928][1032,2296]
06-24 15:30:26.394 D/ActivityManager(  657): Skipping intent:flg=0x18800000 cmp=com.tencent.mm/.plugin.base.stub.WXPayEntryActivity
06-24 15:30:26.394 D/ActivityManager(  657): Skipping intent:flg=0x10800000 cmp=com.huawei.systemmanager/com.huawei.permissionmanager.ui.MainActivity
06-24 15:30:26.394 D/ActivityManager(  657): Skipping intent:flg=0x18800000 cmp=com.tencent.mm/.plugin.base.stub.WXEntryActivity
06-24 15:30:26.394 D/ActivityManager(  657): Skipping intent:act=com.huawei.action.VOICE_ASSISTANT flg=0x10800000 pkg=com.huawei.vassistant cmp=com.huawei.vassistant/.ui.main.VAssistantActivity
06-24 15:30:26.394 D/ActivityManager(  657): Skipping intent:act=com.huawei.android.launcher.action.ACCESS_SPLIT_SCREEN_APP cat=[android.intent.category.DEFAULT] flg=0x10804000 cmp=com.huawei.android.launcher/.splitscreen.SplitScreenAppActivity
06-24 15:30:26.394 D/ActivityManager(  657): Skipping intent:flg=0x10800000 pkg=com.excelliance.dualaid.b64 cmp=com.excelliance.dualaid.b64/com.excelliance.kxqp.sdk.PermissionRequestActivity
06-24 15:30:26.394 D/ActivityManager(  657): Skipping intent:act=android.intent.action.VIEW dat=content://com.excelliance.dualaid.fileProvider/external_storage_root/Download/apk/Multiple_64.apk typ=application/vnd.android.package-archive flg=0x10800001 cmp=com.android.packageinstaller/.InstallStart
06-24 15:30:26.394 D/ActivityManager(  657): Skipping intent:flg=0x10800000 cmp=com.android.systemui/.usb.HwUsbDebuggingActivity
06-24 15:30:26.394 D/ActivityManager(  657): Skipping intent:act=android.deviceinfo.chooser.action.LAUNCH flg=0x10800000 hwFlg=0x100 pkg=com.android.settings cmp=com.android.settings/.deviceinfo.UsbConnModeChooserActivity
06-24 15:30:26.394 D/ActivityManager(  657): Skipping intent:flg=0x10800000 cmp=com.zol.android/.push.KeepLiveActivity
06-24 15:30:26.394 D/ActivityManager(  657): Skipping intent:act=android.intent.action.MAIN cat=[android.intent.category.HOME] flg=0x10800300 cmp=com.android.settings/.FallbackHome
06-24 15:30:26.396 D/PMS11422(  657): package:com.ifreetalk.ftalk, input flags:0, output hwFlags:0
06-24 15:30:26.397 V/HelloActivity(31000): end add appType：0
06-24 15:30:26.400 I/zygote  (31000): Do partial code cache collection, code=63KB, data=51KB
06-24 15:30:26.400 I/zygote  (31000): After code cache collection, code=62KB, data=51KB
06-24 15:30:26.400 I/zygote  (31000): Increasing code cache capacity to 256KB
06-24 15:30:26.401 D/HelloActivity(31000): onSuccess: respone:{"code":1,"message":"success","data":{"switch":1},"service":"onekeyswitch"}
06-24 15:30:26.413 D/ActivityThread(31000): add activity client record, r= ActivityRecord{2c2a792 token=android.os.BinderProxy@f7a1593 {com.excelliance.dualaid/com.excelliance.kxqp.ui.HelloActivity}} token= android.os.BinderProxy@f7a1593
06-24 15:30:26.416 D/OpenGLRenderer(31000):   HWUI Binary is  enabled
06-24 15:30:26.417 V/WindowManager(  657): Adding Window{7290142 u0 com.excelliance.dualaid/com.excelliance.kxqp.ui.HelloActivity} to AppWindowToken{c9b86d5 token=Token{865f8c ActivityRecord{f5cdcbf u0 com.excelliance.dualaid/com.excelliance.kxqp.ui.HelloActivity t16011}}}
06-24 15:30:26.418 V/WindowManager(  657): addWindow: New client android.os.BinderProxy@87ebb8d: window=Window{7290142 u0 com.excelliance.dualaid/com.excelliance.kxqp.ui.HelloActivity} Callers=com.android.server.wm.HwWindowManagerService.addWindow:562 com.android.server.wm.Session.addToDisplay:199 android.view.IWindowSession$Stub.onTransact:124 com.android.server.wm.Session.onTransact:161 android.os.Binder.execTransact:675 
06-24 15:30:26.419 V/MainActivity(31000): onWindowFocusChanged: false
06-24 15:30:26.419 D/MainActivity(31000): onWindowFocusChanged: end
06-24 15:30:26.419 D/HelloActivity(31000): upload: com.tencent.mm,com.tencent.mobileqq,com.ifreetalk.ftalk
06-24 15:30:26.422 D/OpenGLRenderer(31000):   HWUI Binary is  enabled
06-24 15:30:26.422 E/SmtServService(31025): firststartcom.tencent.mm,com.tencent.mobileqq,com.ifreetalk.ftalk
06-24 15:30:26.424 D/PMS11422(  657): package:com.android.mms, input flags:0, output hwFlags:0
06-24 15:30:26.425 D/PMS11422(  657): package:com.android.settings, input flags:0, output hwFlags:0
06-24 15:30:26.425 D/PMS11422(  657): package:com.android.contacts, input flags:0, output hwFlags:0
06-24 15:30:26.439 D/NetWorkUtils( 1513): mVSimCurCardType is -1
06-24 15:30:26.441 D/PMS1000 (  657): package:com.excelliance.dualaid, input flags:8192, output hwFlags:0
06-24 15:30:26.442 W/HSM     ( 1813): HoldService:toast switch is close!
06-24 15:30:26.443 D/ApplicationPackageManager(31000): getInstalledApplications blocked
06-24 15:30:26.443 D/HsmInterfaceImpl(31000): List [ApplicationInfo{2926c24 com.huawei.hifolder}, ApplicationInfo{d23338d com.github.shadowsocks}, ApplicationInfo{dc01942 com.excelliance.dualaid}]
06-24 15:30:26.446 D/VersionManager(31025): xml=<?xml version="1.0" encoding="utf-8"?><upinfo></upinfo>
06-24 15:30:26.449 D/PMS11422(  657): package:com.tencent.tmgp.qqx5, input flags:0, output hwFlags:0
06-24 15:30:26.449 D/PMS11422(  657): package:com.huawei.android.pushagent, input flags:0, output hwFlags:0
06-24 15:30:26.449 D/PMS11422(  657): package:com.huawei.appmarket, input flags:0, output hwFlags:0
06-24 15:30:26.449 D/PMS11422(  657): package:com.wandoujia.phoenix2, input flags:0, output hwFlags:0
06-24 15:30:26.450 D/PMS11422(  657): package:com.tencent.mm, input flags:0, output hwFlags:0
06-24 15:30:26.450 D/PMS11422(  657): package:com.android.providers.media, input flags:0, output hwFlags:0
06-24 15:30:26.450 D/PMS11422(  657): package:com.huawei.vassistant, input flags:0, output hwFlags:0
06-24 15:30:26.450 D/PMS11422(  657): package:com.android.contacts, input flags:0, output hwFlags:0
06-24 15:30:26.450 D/PMS11422(  657): package:com.facebook.katana, input flags:0, output hwFlags:0
06-24 15:30:26.450 D/PMS11422(  657): package:com.huawei.hidisk, input flags:0, output hwFlags:536870912
06-24 15:30:26.450 D/PMS11422(  657): package:com.huawei.trustcircle, input flags:0, output hwFlags:0
06-24 15:30:26.451 D/PMS11422(  657): package:com.jingdong.app.mall, input flags:0, output hwFlags:0
06-24 15:30:26.451 D/PMS11422(  657): package:com.tencent.mobileqq, input flags:0, output hwFlags:0
06-24 15:30:26.451 D/PMS11422(  657): package:com.zol.android, input flags:0, output hwFlags:0
06-24 15:30:26.451 D/PMS11422(  657): package:com.huawei.hiskytone, input flags:0, output hwFlags:603979776
06-24 15:30:26.451 D/PMS11422(  657): package:com.huawei.hwid, input flags:0, output hwFlags:0
06-24 15:30:26.452 D/PMS11422(  657): package:com.sina.weibo, input flags:0, output hwFlags:0
06-24 15:30:26.452 D/PMS11422(  657): package:com.antutu.ABenchMark, input flags:0, output hwFlags:0
06-24 15:30:26.452 D/PMS11422(  657): package:com.sankuai.meituan.takeoutnew, input flags:0, output hwFlags:0
06-24 15:30:26.452 D/PMS11422(  657): package:com.vmall.client, input flags:0, output hwFlags:67108864
06-24 15:30:26.452 D/PMS11422(  657): package:com.android.browser, input flags:0, output hwFlags:0
06-24 15:30:26.452 D/PMS11422(  657): package:com.eg.android.AlipayGphone, input flags:0, output hwFlags:0
06-24 15:30:26.452 D/PMS11422(  657): package:com.android.mediacenter, input flags:0, output hwFlags:0
06-24 15:30:26.453 D/PMS11422(  657): package:com.huawei.himovie, input flags:0, output hwFlags:0
06-24 15:30:26.453 D/PMS11422(  657): package:com.huawei.hnreader, input flags:0, output hwFlags:67108864
06-24 15:30:26.453 D/PMS11422(  657): package:com.twitter.android, input flags:0, output hwFlags:0
06-24 15:30:26.453 D/PMS11422(  657): package:com.baidu.input_huawei, input flags:0, output hwFlags:0
06-24 15:30:26.453 D/PMS11422(  657): package:com.google.android.gms, input flags:0, output hwFlags:0
06-24 15:30:26.453 D/PMS11422(  657): package:com.sankuai.meituan, input flags:0, output hwFlags:0
06-24 15:30:26.453 D/PMS11422(  657): package:com.tencent.news, input flags:0, output hwFlags:0
06-24 15:30:26.454 D/PMS11422(  657): package:com.iflytek.speechsuite, input flags:0, output hwFlags:0
06-24 15:30:26.454 D/PMS11422(  657): package:com.qzone, input flags:0, output is null
06-24 15:30:26.454 D/PMS11422(  657): package:com.tencent.android.qqdownloader, input flags:0, output hwFlags:0
06-24 15:30:26.454 D/PMS11422(  657): package:com.tencent.now, input flags:0, output is null
06-24 15:30:26.454 D/PMS11422(  657): package:com.ifreetalk.ftalk, input flags:0, output hwFlags:0
06-24 15:30:26.454 D/PMS11422(  657): package:com.taobao.taobao, input flags:0, output hwFlags:0
06-24 15:30:26.454 D/PMS11422(  657): package:com.android.gallery3d, input flags:0, output hwFlags:0
06-24 15:30:26.454 D/PMS11422(  657): package:com.pp.assistant, input flags:0, output hwFlags:0
06-24 15:30:26.455 D/PMS11422(  657): package:com.oppo.market, input flags:0, output hwFlags:0
06-24 15:30:26.455 D/PMS11422(  657): package:com.excean.wxaid, input flags:0, output hwFlags:0
06-24 15:30:26.455 D/PMS11422(  657): package:com.huawei.intelligent, input flags:0, output hwFlags:0
06-24 15:30:26.455 D/PMS11422(  657): package:com.google.android.backuptransport, input flags:0, output hwFlags:0
06-24 15:30:26.455 D/PMS11422(  657): package:com.huawei.skytone, input flags:0, output hwFlags:0
06-24 15:30:26.455 D/PMS11422(  657): package:com.estrongs.android.pop, input flags:0, output hwFlags:0
06-24 15:30:26.455 D/PMS11422(  657): package:com.redfinger.app, input flags:0, output hwFlags:0
06-24 15:30:26.455 D/PMS11422(  657): package:com.android.vending, input flags:0, output hwFlags:0
06-24 15:30:26.456 D/PMS11422(  657): package:org.hapjs.mockup, input flags:0, output hwFlags:0
06-24 15:30:26.456 D/PMS11422(  657): package:com.huawei.gamebox, input flags:0, output hwFlags:603979776
06-24 15:30:26.456 D/PMS11422(  657): package:com.tencent.tmgp.pubgmhd-ext, input flags:0, output is null
06-24 15:30:26.456 D/PMS11422(  657): package:com.stickgame.los2, input flags:0, output hwFlags:0
06-24 15:30:26.456 D/PMS11422(  657): package:com.qihoo.appstore, input flags:0, output hwFlags:0
06-24 15:30:26.456 D/PMS11422(  657): package:com.huawei.android.thememanager, input flags:0, output hwFlags:0
06-24 15:30:26.456 D/PMS11422(  657): package:com.excean.parallelspace, input flags:0, output hwFlags:0
06-24 15:30:26.456 D/PMS11422(  657): package:com.UCMobile, input flags:0, output hwFlags:0
06-24 15:30:26.456 V/WindowManager(  657): Checking 1 opening apps (frozen=false timeout=false)...
06-24 15:30:26.456 V/WindowManager(  657): Check opening app=AppWindowToken{c9b86d5 token=Token{865f8c ActivityRecord{f5cdcbf u0 com.excelliance.dualaid/com.excelliance.kxqp.ui.HelloActivity t16011}}}: allDrawn=false startingDisplayed=false startingMoved=false isRelaunching()=false
06-24 15:30:26.457 D/PMS11422(  657): package:com.bbk.appstore, input flags:0, output hwFlags:0
06-24 15:30:26.457 D/PMS11422(  657): package:com.excean.ppaid, input flags:0, output hwFlags:0
06-24 15:30:26.457 D/PMS11422(  657): package:com.netease.blockchain, input flags:0, output hwFlags:0
06-24 15:30:26.457 D/PMS11422(  657): package:com.huawei.camera, input flags:0, output hwFlags:0
06-24 15:30:26.457 D/PMS11422(  657): package:com.sinovatech.unicom.ui, input flags:0, output hwFlags:0
06-24 15:30:26.457 D/PMS11422(  657): package:com.huawei.phoneservice, input flags:0, output hwFlags:0
06-24 15:30:26.458 D/PMS11422(  657): package:com.crisisfire.android.nearme.gamecenter, input flags:0, output hwFlags:0
06-24 15:30:26.458 D/PMS11422(  657): package:com.antutu.benchmark.full, input flags:0, output hwFlags:0
06-24 15:30:26.458 D/PMS11422(  657): package:com.xunmeng.pinduoduo, input flags:0, output hwFlags:0
06-24 15:30:26.458 D/PMS11422(  657): package:com.zhuowang.cloneapp, input flags:0, output hwFlags:0
06-24 15:30:26.458 D/PMS11422(  657): package:com.excean.parallelspace.b64, input flags:0, output hwFlags:0
06-24 15:30:26.458 D/PMS11422(  657): package:com.excelliance.multiaccounts.b64, input flags:0, output hwFlags:0
06-24 15:30:26.458 D/PMS11422(  657): package:com.xiangyou.multispace, input flags:0, output hwFlags:0
06-24 15:30:26.458 D/PMS11422(  657): package:com.youlong.multiaccount, input flags:0, output hwFlags:0
06-24 15:30:26.459 D/PMS11422(  657): package:com.gameloft.android.ANMP.GloftA9HM, input flags:0, output hwFlags:0
06-24 15:30:26.459 V/HwPhoneWindowManager(  657): updateSystemUiColorLw window=Window{7290142 u0 com.excelliance.dualaid/com.excelliance.kxqp.ui.HelloActivity},EmuiStyle=0,StatusBarColor=0x0,NavigationBarColor=0xff000000, mLastIsEmuiLightStyle=-1
06-24 15:30:26.459 D/PMS11422(  657): package:com.excelliance.dualaid.b64, input flags:0, output hwFlags:0
06-24 15:30:26.459 D/AddGameData(31000): switch_uninstall: 70
06-24 15:30:26.459 D/HwPhoneWindowManager(  657): Transact:setSystemUIColor to status bar service
06-24 15:30:26.459 I/CommandQueue( 1513): updateBarBgColor
06-24 15:30:26.459 D/CommandQueue( 1513): CommandQueue, setBarBackgroundColor
06-24 15:30:26.460 I/WindowManager(  657): notifyAccessibilityButtonVisibilityChanged visible:false
06-24 15:30:26.460 D/TintManager( 1513): statusBarIconTint=#99FFFFFF,navigationBarIconTint=#FF000000
06-24 15:30:26.460 W/ActivityManager(  657): Sending non-protected broadcast huawei.action.floattasks.STATUS_BAR_STATE_CHANGED from system 1513:com.android.systemui/u0a39 pkg com.android.systemui
06-24 15:30:26.460 V/WindowManager(  657): Checking 1 opening apps (frozen=false timeout=false)...
06-24 15:30:26.461 V/WindowManager(  657): Check opening app=AppWindowToken{c9b86d5 token=Token{865f8c ActivityRecord{f5cdcbf u0 com.excelliance.dualaid/com.excelliance.kxqp.ui.HelloActivity t16011}}}: allDrawn=false startingDisplayed=false startingMoved=false isRelaunching()=false
06-24 15:30:26.461 D/PMS1000 (  657): package:com.excelliance.dualaid, input flags:8192, output hwFlags:0
06-24 15:30:26.463 I/GRALLOC (  679): 	 shrFd=10,fmt=0x1,intFmt=0x200000001,btStrd=4352,size=8486912,pid=679 
06-24 15:30:26.463 I/GRALLOC (  679): 	 yuv=2,w=1080,h=1920,Stride u=0 v=0,offset u=0 v=0 
06-24 15:30:26.463 I/GRALLOC (  679): 	 iova_size=8486912,conUsg=0x900,proUsg=0x900,	 strd=1088,[afbc]HdrStrd=1088 PyldStrd=69632 Scrmbl=2,ionhnd = 1 
06-24 15:30:26.464 W/HSM     ( 1813): HoldService:toast switch is close!
06-24 15:30:26.465 W//system/bin/hwservicemanager(  416): Cannot open /odm/manifest.xml
06-24 15:30:26.465 D/ApplicationPackageManager(31000): queryIntentActivitiesAsUser blocked, Intent { act=android.intent.action.MAIN cat=[android.intent.category.LAUNCHER] pkg=com.huawei.hifolder }
06-24 15:30:26.465 D/HsmInterfaceImpl(31000): List []
06-24 15:30:26.466 I/GRALLOC (  679): 	 shrFd=10,fmt=0x1,intFmt=0x200000001,btStrd=4352,size=8486912,pid=679 
06-24 15:30:26.466 I/GRALLOC (  679): 	 yuv=2,w=1080,h=1920,Stride u=0 v=0,offset u=0 v=0 
06-24 15:30:26.466 I/GRALLOC (  679): 	 iova_size=8486912,conUsg=0x900,proUsg=0x900,	 strd=1088,[afbc]HdrStrd=1088 PyldStrd=69632 Scrmbl=2,ionhnd = 1 
06-24 15:30:26.468 D/PMS1000 (  657): package:com.excelliance.dualaid, input flags:8192, output hwFlags:0
06-24 15:30:26.469 W/HSM     ( 1813): HoldService:toast switch is close!
06-24 15:30:26.469 V/WindowManager(  657): Checking 1 opening apps (frozen=false timeout=false)...
06-24 15:30:26.469 V/WindowManager(  657): Check opening app=AppWindowToken{c9b86d5 token=Token{865f8c ActivityRecord{f5cdcbf u0 com.excelliance.dualaid/com.excelliance.kxqp.ui.HelloActivity t16011}}}: allDrawn=false startingDisplayed=false startingMoved=false isRelaunching()=false
06-24 15:30:26.469 D/ApplicationPackageManager(31000): queryIntentActivitiesAsUser blocked, Intent { act=android.intent.action.MAIN cat=[android.intent.category.LAUNCHER] pkg=com.github.shadowsocks }
06-24 15:30:26.469 D/HsmInterfaceImpl(31000): List [ResolveInfo{adecc84 com.github.shadowsocks/.MainActivity m=0x108000}]
06-24 15:30:26.471 D/mali_winsys(31000): EGLint new_window_surface(egl_winsys_display *, void *, EGLSurface, EGLConfig, egl_winsys_surface **, egl_color_buffer_format *, EGLBoolean) returns 0x3000
06-24 15:30:26.486 W/InputMethodManager(31000): startInputReason = 1
06-24 15:30:26.489 I/wangchen( 7035): SysInfo.getSysParam: orientation=1||config d=3.0,w=1080,h=1920||metrics d=3.0,w=1080,h=1920||sdk=26,bar_h=72
06-24 15:30:26.489 I/KeymapLoader( 7035): w=1080 h=1920 ori=true appScale=3.3 s1=3.0
06-24 15:30:26.494 D/PMS1000 (  657): package:com.excelliance.dualaid, input flags:8192, output hwFlags:0
06-24 15:30:26.495 W/HSM     ( 1813): HoldService:toast switch is close!
06-24 15:30:26.496 D/ApplicationPackageManager(31000): queryIntentActivitiesAsUser blocked, Intent { act=android.intent.action.MAIN cat=[android.intent.category.LAUNCHER] pkg=com.excelliance.dualaid }
06-24 15:30:26.496 D/HsmInterfaceImpl(31000): List [ResolveInfo{e2d9f6f com.excelliance.dualaid/com.excelliance.kxqp.ui.HelloActivity m=0x108000}]
06-24 15:30:26.520 I/GRALLOC (  679): 	 shrFd=10,fmt=0x1,intFmt=0x200000001,btStrd=4352,size=8486912,pid=679 
06-24 15:30:26.520 I/GRALLOC (  679): 	 yuv=2,w=1080,h=1920,Stride u=0 v=0,offset u=0 v=0 
06-24 15:30:26.520 I/GRALLOC (  679): 	 iova_size=8486912,conUsg=0xb00,proUsg=0xb00,	 strd=1088,[afbc]HdrStrd=1088 PyldStrd=69632 Scrmbl=2,ionhnd = 1 
06-24 15:30:26.524 W/HSM     ( 1813): HoldService:toast switch is close!
06-24 15:30:26.525 D/ApplicationPackageManager(31000): queryIntentActivitiesAsUser blocked, Intent { act=android.intent.action.MAIN cat=[android.intent.category.LAUNCHER] pkg=com.tencent.tmgp.qqx5 }
06-24 15:30:26.525 D/HsmInterfaceImpl(31000): List [ResolveInfo{e11e881 com.tencent.tmgp.qqx5/.DGMMainActivity m=0x108000}]
06-24 15:30:26.527 D/WindowManager(  657): finishDrawingWindow: Window{7290142 u0 com.excelliance.dualaid/com.excelliance.kxqp.ui.HelloActivity} mDrawState=DRAW_PENDING
06-24 15:30:26.529 V/WindowManager(  657): Checking 1 opening apps (frozen=false timeout=false)...
06-24 15:30:26.529 V/WindowManager(  657): Check opening app=AppWindowToken{c9b86d5 token=Token{865f8c ActivityRecord{f5cdcbf u0 com.excelliance.dualaid/com.excelliance.kxqp.ui.HelloActivity t16011}}}: allDrawn=true startingDisplayed=false startingMoved=false isRelaunching()=false
06-24 15:30:26.534 I/ActivityManager(  657): Displayed com.excelliance.dualaid/com.excelliance.kxqp.ui.HelloActivity: +243ms
06-24 15:30:26.536 V/WindowManager(  657): Checking 0 opening apps (frozen=false timeout=false)...
06-24 15:30:26.539 D/BarTransitions.HwPhoneStatusBarView( 1513): MODE_TRANSLUCENT -> MODE_TRANSPARENT animate=false
06-24 15:30:26.539 D/BarTransitions.HwPhoneStatusBarView( 1513): applyModeBackground oldMode=MODE_TRANSLUCENT newMode=MODE_TRANSPARENT animate=false
06-24 15:30:26.540 I/GRALLOC (  679): 	 shrFd=10,fmt=0x1,intFmt=0x200000001,btStrd=4352,size=8486912,pid=679 
06-24 15:30:26.540 I/GRALLOC (  679): 	 yuv=2,w=1080,h=1920,Stride u=0 v=0,offset u=0 v=0 
06-24 15:30:26.540 I/GRALLOC (  679): 	 iova_size=8486912,conUsg=0xb00,proUsg=0xb00,	 strd=1088,[afbc]HdrStrd=1088 PyldStrd=69632 Scrmbl=2,ionhnd = 1 
06-24 15:30:26.551 D/BarTransitions.HwNavigationBarView( 1513): MODE_OPAQUE -> MODE_TRANSPARENT animate=false
06-24 15:30:26.551 D/BarTransitions.HwNavigationBarView( 1513): applyModeBackground oldMode=MODE_OPAQUE newMode=MODE_TRANSPARENT animate=false
06-24 15:30:26.551 I/GRALLOC (  679): 	 shrFd=10,fmt=0x1,intFmt=0x200000001,btStrd=4352,size=8486912,pid=679 
06-24 15:30:26.551 I/GRALLOC (  679): 	 yuv=2,w=1080,h=1920,Stride u=0 v=0,offset u=0 v=0 
06-24 15:30:26.551 I/GRALLOC (  679): 	 iova_size=8486912,conUsg=0xb00,proUsg=0xb00,	 strd=1088,[afbc]HdrStrd=1088 PyldStrd=69632 Scrmbl=2,ionhnd = 1 
06-24 15:30:26.556 E/BufferQueueProducer(  710): [com.excelliance.dualaid/com.excelliance.kxqp.swipe.NavActivity2#0] disconnect: not connected (req=1)
06-24 15:30:26.556 W/libEGL  (31000): EGLNativeWindowType 0xd0ccd808 disconnect failed
06-24 15:30:26.569 D/PMS1000 (  657): package:com.excelliance.dualaid, input flags:8192, output hwFlags:0
06-24 15:30:26.570 W/HSM     ( 1813): HoldService:toast switch is close!
06-24 15:30:26.571 D/ApplicationPackageManager(31000): queryIntentActivitiesAsUser blocked, Intent { act=android.intent.action.MAIN cat=[android.intent.category.LAUNCHER] pkg=com.huawei.android.pushagent }
06-24 15:30:26.571 D/HsmInterfaceImpl(31000): List []
06-24 15:30:26.574 W/HSM     ( 1813): HoldService:toast switch is close!
06-24 15:30:26.574 D/ApplicationPackageManager(31000): queryIntentActivitiesAsUser blocked, Intent { act=android.intent.action.MAIN cat=[android.intent.category.LAUNCHER] pkg=com.huawei.appmarket }
06-24 15:30:26.575 D/HsmInterfaceImpl(31000): List [ResolveInfo{2b40d67 com.huawei.appmarket/.MainActivity m=0x108000}]
06-24 15:30:26.578 E/asset   (31000): createFromFile(): lock file /data/resource-cache/system@emui@base@overlay@frameworkhwexthonor@frameworkhwexthonor.apk@idmap.
06-24 15:30:26.578 E/asset   (31000): createFromFile(): lock file /data/resource-cache/system@emui@base@overlay@frameworkhwexthonor@frameworkhwexthonor.apk@idmap.
06-24 15:30:26.578 W/ResourceType(31000): Found multiple library tables, ignoring...
06-24 15:30:26.608 W/HSM     ( 1813): HoldService:toast switch is close!
06-24 15:30:26.609 D/ApplicationPackageManager(31000): queryIntentActivitiesAsUser blocked, Intent { act=android.intent.action.MAIN cat=[android.intent.category.LAUNCHER] pkg=com.wandoujia.phoenix2 }
06-24 15:30:26.609 D/HsmInterfaceImpl(31000): List [ResolveInfo{57445b2 com.wandoujia.phoenix2/com.pp.assistant.activity.PPMainActivity m=0x108000}]
06-24 15:30:26.635 D/HwRecentsLockUtils( 1513): Search
06-24 15:30:26.635 E/HsmCoreServiceImpl( 1478): onTransact in code is: 103
06-24 15:30:26.635 I/MediaProcessHandler( 1478): playingUids: 
06-24 15:30:26.635 D/ActivityManager(  657): Skipping, home or recents stack task: TaskRecord{333215f #15658 A=com.huawei.android.launcher U=0 StackId=0 sz=1}
06-24 15:30:26.636 D/ActivityManager(  657): Skipping intent:act=android.intent.action.MAIN cat=[android.intent.category.LAUNCHER] flg=0x10a00000 cmp=io.appium.settings/.Settings
06-24 15:30:26.636 D/ActivityManager(  657): Skipping intent:flg=0x10804000 cmp=com.android.systemui/.recents.RecentsActivity bnds=[48,928][1032,2296]
06-24 15:30:26.636 D/ActivityManager(  657): Skipping intent:flg=0x18800000 cmp=com.tencent.mm/.plugin.base.stub.WXPayEntryActivity
06-24 15:30:26.636 D/ActivityManager(  657): Skipping intent:flg=0x10800000 cmp=com.huawei.systemmanager/com.huawei.permissionmanager.ui.MainActivity
06-24 15:30:26.636 D/ActivityManager(  657): Skipping intent:flg=0x18800000 cmp=com.tencent.mm/.plugin.base.stub.WXEntryActivity
06-24 15:30:26.636 D/ActivityManager(  657): Skipping intent:act=com.huawei.action.VOICE_ASSISTANT flg=0x10800000 pkg=com.huawei.vassistant cmp=com.huawei.vassistant/.ui.main.VAssistantActivity
06-24 15:30:26.636 D/ActivityManager(  657): Skipping intent:act=com.huawei.android.launcher.action.ACCESS_SPLIT_SCREEN_APP cat=[android.intent.category.DEFAULT] flg=0x10804000 cmp=com.huawei.android.launcher/.splitscreen.SplitScreenAppActivity
06-24 15:30:26.636 D/ActivityManager(  657): Skipping intent:flg=0x10800000 pkg=com.excelliance.dualaid.b64 cmp=com.excelliance.dualaid.b64/com.excelliance.kxqp.sdk.PermissionRequestActivity
06-24 15:30:26.636 D/ActivityManager(  657): Skipping intent:act=android.intent.action.VIEW dat=content://com.excelliance.dualaid.fileProvider/external_storage_root/Download/apk/Multiple_64.apk typ=application/vnd.android.package-archive flg=0x10800001 cmp=com.android.packageinstaller/.InstallStart
06-24 15:30:26.636 D/ActivityManager(  657): Skipping intent:flg=0x10800000 cmp=com.android.systemui/.usb.HwUsbDebuggingActivity
06-24 15:30:26.636 D/ActivityManager(  657): Skipping intent:act=android.deviceinfo.chooser.action.LAUNCH flg=0x10800000 hwFlg=0x100 pkg=com.android.settings cmp=com.android.settings/.deviceinfo.UsbConnModeChooserActivity
06-24 15:30:26.636 D/ActivityManager(  657): Skipping intent:flg=0x10800000 cmp=com.zol.android/.push.KeepLiveActivity
06-24 15:30:26.636 D/PMS1000 (  657): package:com.excelliance.dualaid, input flags:8192, output hwFlags:0
06-24 15:30:26.636 D/ActivityManager(  657): Skipping intent:act=android.intent.action.MAIN cat=[android.intent.category.HOME] flg=0x10800300 cmp=com.android.settings/.FallbackHome
06-24 15:30:26.637 W/HSM     ( 1813): HoldService:toast switch is close!
06-24 15:30:26.637 D/ApplicationPackageManager(31000): queryIntentActivitiesAsUser blocked, Intent { act=android.intent.action.MAIN cat=[android.intent.category.LAUNCHER] pkg=com.tencent.mm }
06-24 15:30:26.638 D/HsmInterfaceImpl(31000): List [ResolveInfo{11dc080 com.tencent.mm/.ui.LauncherUI m=0x108000}]
06-24 15:30:26.648 D/PMS1000 (  657): package:com.excelliance.dualaid, input flags:8192, output hwFlags:0
06-24 15:30:26.648 W/HSM     ( 1813): HoldService:toast switch is close!
06-24 15:30:26.649 D/ApplicationPackageManager(31000): queryIntentActivitiesAsUser blocked, Intent { act=android.intent.action.MAIN cat=[android.intent.category.LAUNCHER] pkg=com.android.providers.media }
06-24 15:30:26.649 D/HsmInterfaceImpl(31000): List []
06-24 15:30:26.651 W/HSM     ( 1813): HoldService:toast switch is close!
06-24 15:30:26.652 D/ApplicationPackageManager(31000): queryIntentActivitiesAsUser blocked, Intent { act=android.intent.action.MAIN cat=[android.intent.category.LAUNCHER] pkg=com.huawei.vassistant }
06-24 15:30:26.652 D/HsmInterfaceImpl(31000): List [ResolveInfo{d5226b9 com.huawei.vassistant/.ui.main.VAssistantActivity m=0x108000}]
06-24 15:30:26.655 E/asset   (31000): createFromFile(): lock file /data/resource-cache/system@emui@base@overlay@frameworkhwexthonor@frameworkhwexthonor.apk@idmap.
06-24 15:30:26.655 E/asset   (31000): createFromFile(): lock file /data/resource-cache/system@emui@base@overlay@frameworkhwexthonor@frameworkhwexthonor.apk@idmap.
06-24 15:30:26.655 W/ResourceType(31000): Found multiple library tables, ignoring...
06-24 15:30:26.696 W/HSM     ( 1813): HoldService:toast switch is close!
06-24 15:30:26.697 D/ApplicationPackageManager(31000): queryIntentActivitiesAsUser blocked, Intent { act=android.intent.action.MAIN cat=[android.intent.category.LAUNCHER] pkg=com.facebook.katana }
06-24 15:30:26.698 D/HsmInterfaceImpl(31000): List [ResolveInfo{ede64ac com.facebook.katana/.LoginActivity m=0x108000}]
06-24 15:30:26.707 I/hisync.SyncObserverService( 3265): mCloudBackupHandler handleMessage USER_PRESENT.
06-24 15:30:26.711 I/hisync.ICBServiceProtocol( 3265): ICBService connected
06-24 15:30:26.711 I/hisync.ICBService( 2775): do abort. type = 1
06-24 15:30:26.743 V/ActivityManager(  657): Making visible and scheduling visibility: ActivityRecord{d5c9105 u0 com.huawei.android.launcher/.unihome.UniHomeLauncher t15658}
06-24 15:30:26.744 V/WindowManager(  657): No longer Stopped: AppWindowToken{d3a938b token=Token{377755a ActivityRecord{d5c9105 u0 com.huawei.android.launcher/.unihome.UniHomeLauncher t15658}}}
06-24 15:30:26.762 E/asset   (31000): createFromFile(): lock file /data/resource-cache/system@emui@base@overlay@frameworkhwexthonor@frameworkhwexthonor.apk@idmap.
06-24 15:30:26.762 E/asset   (31000): createFromFile(): lock file /data/resource-cache/system@emui@base@overlay@frameworkhwexthonor@frameworkhwexthonor.apk@idmap.
06-24 15:30:26.763 W/ResourceType(31000): Found multiple library tables, ignoring...
06-24 15:30:26.792 D/ActivityThread(31000): Remove activity client record, r= ActivityRecord{414755e token=android.os.BinderProxy@31abee5 {com.excelliance.dualaid/com.excelliance.kxqp.swipe.NavActivity2}} token= android.os.BinderProxy@31abee5
06-24 15:30:26.792 V/ActivityThread( 2519): Handle window ActivityRecord{4719bb8 token=android.os.BinderProxy@b3fca27 {com.huawei.android.launcher/com.huawei.android.launcher.unihome.UniHomeLauncher}} visibility: true
06-24 15:30:26.795 V/WindowManager(  657): removeIfPossible: Window{215c61b u0 com.excelliance.dualaid/com.excelliance.kxqp.swipe.NavActivity2} callers=com.android.server.wm.WindowState.removeIfPossible:1914 com.android.server.wm.WindowManagerService.removeWindow:2022 com.android.server.wm.Session.remove:218 android.view.IWindowSession$Stub.onTransact:242 com.android.server.wm.Session.onTransact:161 
06-24 15:30:26.796 I/WindowManager(  657): Destroying surface Surface(name=com.excelliance.dualaid/com.excelliance.kxqp.swipe.NavActivity2) called by com.android.server.wm.WindowStateAnimator.destroySurface:2060 com.android.server.wm.WindowStateAnimator.destroySurfaceLocked:873 com.android.server.wm.HwWindowStateAnimator.destroySurfaceLocked:1006 com.android.server.wm.WindowState.removeImmediately:1899 com.android.server.wm.WindowState.removeIfPossible:2051 com.android.server.wm.WindowState.removeIfPossible:1914 com.android.server.wm.WindowManagerService.removeWindow:2022 com.android.server.wm.Session.remove:218 
06-24 15:30:26.796 E/HwLauncher( 2519): SettingsEx , no such field.
06-24 15:30:26.796 V/WindowManager(  657): postWindowRemoveCleanupLocked: Window{215c61b u0 com.excelliance.dualaid/com.excelliance.kxqp.swipe.NavActivity2}
06-24 15:30:26.796 D/HwQoEUtils(  657): mForegroundAppPackageName: com.huawei.android.launcher ,score: 0
06-24 15:30:26.796 W/HwLauncher( 2519): Clock getDataFormat the getSystemString failed.
06-24 15:30:26.796 V/WindowManager(  657): Removing Window{215c61b u0 com.excelliance.dualaid/com.excelliance.kxqp.swipe.NavActivity2} from AppWindowToken{7b44534 token=Token{cb1b007 ActivityRecord{2378646 u0 com.excelliance.dualaid/com.excelliance.kxqp.swipe.NavActivity2 t16011}}}
06-24 15:30:26.796 D/HwQoEUtils(  657): onForegroundAppWifiSleepChange: config:false, sleeptime:-1,type: 255, appname:com.huawei.android.launcher
06-24 15:30:26.797 D/HwQoEUtils(  657): APP type: 255 appName= com.huawei.android.launcher
06-24 15:30:26.797 D/HwQoEUtils(  657): no game, APP_TYPE_GAME, appName =com.huawei.android.launcher
06-24 15:30:26.799 D/HwGameAssistantController(  657): pid=2519, uid=10056, foreground=true
06-24 15:30:26.807 W/AwareLog(  657): SchedLevelBoost: onFgActivitiesChanged config not set!
06-24 15:30:26.816 V/WindowManager(  657): removeAppToken: AppWindowToken{7b44534 token=Token{cb1b007 ActivityRecord{2378646 u0 com.excelliance.dualaid/com.excelliance.kxqp.swipe.NavActivity2 t16011}}} delayed=false Callers=com.android.server.wm.DisplayContent.removeAppToken:985 com.android.server.wm.AppWindowContainerController.removeContainer:348 com.android.server.am.ActivityRecord.removeWindowContainer:1039 com.android.server.am.ActivityStack.removeActivityFromHistoryLocked:4491 
06-24 15:30:26.821 D/mali_winsys( 2519): EGLint new_window_surface(egl_winsys_display *, void *, EGLSurface, EGLConfig, egl_winsys_surface **, egl_color_buffer_format *, EGLBoolean) returns 0x3000
06-24 15:30:26.826 I/HwNetworkPolicy(  657): onTransact, code = 203
06-24 15:30:26.826 I/HwNetworkPolicyManager( 1813): getHwUidPolicy uid = 10056 policy = 0
06-24 15:30:26.827 I/GRALLOC (  679): 	 shrFd=10,fmt=0x1,intFmt=0x200000001,btStrd=4352,size=8486912,pid=679 
06-24 15:30:26.827 I/GRALLOC (  679): 	 yuv=2,w=1080,h=1920,Stride u=0 v=0,offset u=0 v=0 
06-24 15:30:26.827 I/GRALLOC (  679): 	 iova_size=8486912,conUsg=0x900,proUsg=0x900,	 strd=1088,[afbc]HdrStrd=1088 PyldStrd=69632 Scrmbl=2,ionhnd = 1 
06-24 15:30:26.831 D/PMS1000 (  657): package:com.excelliance.dualaid, input flags:8192, output hwFlags:0
06-24 15:30:26.834 I/GRALLOC (  679): 	 shrFd=10,fmt=0x1,intFmt=0x200000001,btStrd=4352,size=8486912,pid=679 
06-24 15:30:26.834 I/GRALLOC (  679): 	 yuv=2,w=1080,h=1920,Stride u=0 v=0,offset u=0 v=0 
06-24 15:30:26.834 I/GRALLOC (  679): 	 iova_size=8486912,conUsg=0x900,proUsg=0x900,	 strd=1088,[afbc]HdrStrd=1088 PyldStrd=69632 Scrmbl=2,ionhnd = 1 
06-24 15:30:26.835 W/HSM     ( 1813): HoldService:toast switch is close!
06-24 15:30:26.837 D/ApplicationPackageManager(31000): queryIntentActivitiesAsUser blocked, Intent { act=android.intent.action.MAIN cat=[android.intent.category.LAUNCHER] pkg=com.huawei.trustcircle }
06-24 15:30:26.838 D/HsmInterfaceImpl(31000): List []
06-24 15:30:26.839 I/GRALLOC (  679): 	 shrFd=10,fmt=0x1,intFmt=0x200000001,btStrd=4352,size=8486912,pid=679 
06-24 15:30:26.839 I/GRALLOC (  679): 	 yuv=2,w=1080,h=1920,Stride u=0 v=0,offset u=0 v=0 
06-24 15:30:26.839 I/GRALLOC (  679): 	 iova_size=8486912,conUsg=0x900,proUsg=0x900,	 strd=1088,[afbc]HdrStrd=1088 PyldStrd=69632 Scrmbl=2,ionhnd = 1 
06-24 15:30:26.845 W/HSM     ( 1813): HoldService:toast switch is close!
06-24 15:30:26.846 D/ApplicationPackageManager(31000): queryIntentActivitiesAsUser blocked, Intent { act=android.intent.action.MAIN cat=[android.intent.category.LAUNCHER] pkg=com.jingdong.app.mall }
06-24 15:30:26.846 D/HsmInterfaceImpl(31000): List [ResolveInfo{b231f98 com.jingdong.app.mall/.main.MainActivity m=0x108000}]
06-24 15:30:26.874 I/GRALLOC (  679): 	 shrFd=10,fmt=0x1,intFmt=0x200000001,btStrd=4352,size=8486912,pid=679 
06-24 15:30:26.874 I/GRALLOC (  679): 	 yuv=2,w=1080,h=1920,Stride u=0 v=0,offset u=0 v=0 
06-24 15:30:26.874 I/GRALLOC (  679): 	 iova_size=8486912,conUsg=0xb00,proUsg=0xb00,	 strd=1088,[afbc]HdrStrd=1088 PyldStrd=69632 Scrmbl=2,ionhnd = 1 
06-24 15:30:26.892 D/WindowManager(  657): finishDrawingWindow: Window{68d6975 u0 com.huawei.android.launcher/com.huawei.android.launcher.unihome.UniHomeLauncher} mDrawState=DRAW_PENDING
06-24 15:30:26.898 D/ImageWallpaper( 1513): onOffsetsChanged: xOffset=0.0, yOffset=0.0, xOffsetStep=0.0, yOffsetStep=0.0, xPixels=0, yPixels=0
06-24 15:30:26.899 D/ImageWallpaper( 1513): Suppressed drawFrame since redraw is not needed and offsets have not changed.sf=Rect(0, 0 - 2160, 1920)
06-24 15:30:26.899 D/ImageWallpaper( 1513): onVisibilityChanged: mVisible, visible=false, true
06-24 15:30:26.899 D/ImageWallpaper( 1513): Visibility changed to visible=true
06-24 15:30:26.899 W/JankService(  777): processEntry, not beta version or commercial log off
06-24 15:30:26.899 D/ImageWallpaper( 1513): Suppressed drawFrame since redraw is not needed and offsets have not changed.sf=Rect(0, 0 - 2160, 1920)
06-24 15:30:26.922 W/JankService(  777): APP_START_WARM: JL_APP_WARMSTART_END and JL_APP_WARMSTART_BEGIN too long| span:12647 > A(6000), A
06-24 15:30:26.927 D/PMS1000 (  657): package:com.excelliance.dualaid, input flags:8192, output hwFlags:0
06-24 15:30:26.929 W/HSM     ( 1813): HoldService:toast switch is close!
06-24 15:30:26.930 D/ApplicationPackageManager(31000): queryIntentActivitiesAsUser blocked, Intent { act=android.intent.action.MAIN cat=[android.intent.category.LAUNCHER] pkg=com.tencent.mobileqq }
06-24 15:30:26.930 D/HsmInterfaceImpl(31000): List [ResolveInfo{4757bd6 com.tencent.mobileqq/.activity.SplashActivity m=0x108000}]
06-24 15:30:26.935 I/iMonitor(  777): create: 902070100
06-24 15:30:26.940 I/iMonitor(  777): send: 902070100
06-24 15:30:26.951 D/PMS1000 (  657): package:com.excelliance.dualaid, input flags:8192, output hwFlags:0
06-24 15:30:26.953 W/HSM     ( 1813): HoldService:toast switch is close!
06-24 15:30:26.955 D/ApplicationPackageManager(31000): queryIntentActivitiesAsUser blocked, Intent { act=android.intent.action.MAIN cat=[android.intent.category.LAUNCHER] pkg=com.zol.android }
06-24 15:30:26.955 D/HsmInterfaceImpl(31000): List [ResolveInfo{f451e57 com.zol.android/.ui.FirstActivity m=0x108000}]
06-24 15:30:26.955 D/HwFLClassLoader( 2519): USE_FEATURE_LIST had not init! 
06-24 15:30:26.964 I/TrafficMonitor(  657): update:rxPkts:14,txPkts:19,rxBytes:7853,txBytes:2686
06-24 15:30:26.964 I/TrafficMonitor(  657): start expired. level:-1
06-24 15:30:26.965 I/TrafficMonitor(  657): gettimer:interval=2000
06-24 15:30:26.972 E/asset   ( 2519): createFromFile(): lock file /data/resource-cache/system@emui@base@overlay@frameworkhwexthonor@frameworkhwexthonor.apk@idmap.
06-24 15:30:26.972 E/asset   ( 2519): createFromFile(): lock file /data/resource-cache/system@emui@base@overlay@frameworkhwexthonor@frameworkhwexthonor.apk@idmap.
06-24 15:30:26.972 W/ResourceType( 2519): Found multiple library tables, ignoring...
06-24 15:30:26.999 D/HwFLClassLoader( 2519): USE_FEATURE_LIST had not init! 
06-24 15:30:27.001 D/PMS1000 (  657): package:com.excelliance.dualaid, input flags:8192, output hwFlags:0
06-24 15:30:27.003 W/HSM     ( 1813): HoldService:toast switch is close!
06-24 15:30:27.004 D/ApplicationPackageManager(31000): queryIntentActivitiesAsUser blocked, Intent { act=android.intent.action.MAIN cat=[android.intent.category.LAUNCHER] pkg=com.huawei.hiskytone }
06-24 15:30:27.004 D/HsmInterfaceImpl(31000): List [ResolveInfo{c83de2d com.huawei.hiskytone/com.huawei.skytone.account.welcome.SplashActivity m=0x108000}]
06-24 15:30:27.006 E/asset   ( 2519): createFromFile(): lock file /data/resource-cache/system@emui@base@overlay@frameworkhwexthonor@frameworkhwexthonor.apk@idmap.
06-24 15:30:27.006 E/asset   ( 2519): createFromFile(): lock file /data/resource-cache/system@emui@base@overlay@frameworkhwexthonor@frameworkhwexthonor.apk@idmap.
06-24 15:30:27.006 W/ResourceType( 2519): Found multiple library tables, ignoring...
06-24 15:30:27.072 W/HSM     ( 1813): HoldService:toast switch is close!
06-24 15:30:27.073 D/ApplicationPackageManager(31000): queryIntentActivitiesAsUser blocked, Intent { act=android.intent.action.MAIN cat=[android.intent.category.LAUNCHER] pkg=com.huawei.hwid }
06-24 15:30:27.073 D/HsmInterfaceImpl(31000): List []
06-24 15:30:27.081 W/HSM     ( 1813): HoldService:toast switch is close!
06-24 15:30:27.082 D/ApplicationPackageManager(31000): queryIntentActivitiesAsUser blocked, Intent { act=android.intent.action.MAIN cat=[android.intent.category.LAUNCHER] pkg=com.sina.weibo }
06-24 15:30:27.083 D/HsmInterfaceImpl(31000): List [ResolveInfo{36249b0 com.sina.weibo/.SplashActivity m=0x108000}]
06-24 15:30:27.147 D/HwArpVerifier(  657): getGateWayARPResponses: arp rtt = 7
06-24 15:30:27.147 E/HwCHRWifiRSSIGroupSummery(  657): updatArpSummery mRSSI:-39  HwCHRWifiRSSIGroup [rssi_index=4, rtt_tcp_packets=0, rtt_tcp_duration=0, rtt_lan_duration=169, rtt_lan_failures=0, rtt_lan_succ=19, rtt_lan_max=13, rtt_lan_min=3,same_area_frequency=0,adjacent_area_frequency=0]
06-24 15:30:27.161 D/HwArpVerifier(  657): There are 1 mac address for gateway 
06-24 15:30:27.162 D/HwArpVerifier(  657): from HEART_CHECK transmit to state:HEART_CHECK
06-24 15:30:27.162 D/HwArpVerifier(  657): msg what=124 arg1(token)=6 arg2(mode)=0 delay=30000
06-24 15:30:27.162 D/HwArpVerifier(  657): performPollAndLog:
06-24 15:30:27.168 D/hw_netstat(  657): total/9241/4035,com.excelliance.dualaid/9169/3915,com.android.vending/0/120,unknown:0/72/0
06-24 15:30:27.188 D/PMS1000 (  657): package:com.excelliance.dualaid, input flags:8192, output hwFlags:0
06-24 15:30:27.190 W/HSM     ( 1813): HoldService:toast switch is close!
06-24 15:30:27.192 D/ApplicationPackageManager(31000): queryIntentActivitiesAsUser blocked, Intent { act=android.intent.action.MAIN cat=[android.intent.category.LAUNCHER] pkg=com.antutu.ABenchMark }
06-24 15:30:27.192 D/HsmInterfaceImpl(31000): List [ResolveInfo{8e02fae com.antutu.ABenchMark/.ABenchMarkStart m=0x108000}]
06-24 15:30:27.249 W/HSM     ( 1813): HoldService:toast switch is close!
06-24 15:30:27.250 D/ApplicationPackageManager(31000): queryIntentActivitiesAsUser blocked, Intent { act=android.intent.action.MAIN cat=[android.intent.category.LAUNCHER] pkg=com.sankuai.meituan.takeoutnew }
06-24 15:30:27.250 D/HsmInterfaceImpl(31000): List [ResolveInfo{87fa5e5 com.sankuai.meituan.takeoutnew/.ui.page.boot.WelcomeActivity m=0x108000}]
06-24 15:30:27.252 E/asset   ( 2519): createFromFile(): lock file /data/resource-cache/system@emui@base@overlay@frameworkhwexthonor@frameworkhwexthonor.apk@idmap.
06-24 15:30:27.252 E/asset   ( 2519): createFromFile(): lock file /data/resource-cache/system@emui@base@overlay@frameworkhwexthonor@frameworkhwexthonor.apk@idmap.
06-24 15:30:27.252 W/ResourceType( 2519): Found multiple library tables, ignoring...
06-24 15:30:27.263 D/HwFLClassLoader( 2519): USE_FEATURE_LIST had not init! 
06-24 15:30:27.304 W/HSM     ( 1813): HoldService:toast switch is close!
06-24 15:30:27.305 D/ApplicationPackageManager(31000): queryIntentActivitiesAsUser blocked, Intent { act=android.intent.action.MAIN cat=[android.intent.category.LAUNCHER] pkg=com.vmall.client }
06-24 15:30:27.305 D/HsmInterfaceImpl(31000): List [ResolveInfo{eece36b com.vmall.client/.splash.fragment.SplashActivity m=0x108000}]
06-24 15:30:27.362 W/HSM     ( 1813): HoldService:toast switch is close!
06-24 15:30:27.364 D/ApplicationPackageManager(31000): queryIntentActivitiesAsUser blocked, Intent { act=android.intent.action.MAIN cat=[android.intent.category.LAUNCHER] pkg=com.android.browser }
06-24 15:30:27.364 D/HsmInterfaceImpl(31000): List [ResolveInfo{6c28686 com.android.browser/com.tencent.mtt.SplashActivity m=0x108000}]
06-24 15:30:27.377 W/OpenGLRenderer( 2519): Incorrectly called buildLayer on View: ShortcutAndWidgetContainer, destroying layer...
06-24 15:30:27.377 W/OpenGLRenderer( 2519): Incorrectly called buildLayer on View: ShortcutAndWidgetContainer, destroying layer...
06-24 15:30:27.381 I/GRALLOC (  679): 	 shrFd=10,fmt=0x1,intFmt=0x200000001,btStrd=4352,size=8486912,pid=679 
06-24 15:30:27.381 I/GRALLOC (  679): 	 yuv=2,w=1080,h=1920,Stride u=0 v=0,offset u=0 v=0 
06-24 15:30:27.381 I/GRALLOC (  679): 	 iova_size=8486912,conUsg=0xb00,proUsg=0xb00,	 strd=1088,[afbc]HdrStrd=1088 PyldStrd=69632 Scrmbl=2,ionhnd = 1 
06-24 15:30:27.425 W/HSM     ( 1813): HoldService:toast switch is close!
06-24 15:30:27.426 D/ApplicationPackageManager(31000): queryIntentActivitiesAsUser blocked, Intent { act=android.intent.action.MAIN cat=[android.intent.category.LAUNCHER] pkg=com.eg.android.AlipayGphone }
06-24 15:30:27.426 D/HsmInterfaceImpl(31000): List [ResolveInfo{8c5ac9d com.eg.android.AlipayGphone/.AlipayLogin m=0x108000}]
06-24 15:30:27.467 W/HSM     ( 1813): HoldService:toast switch is close!
06-24 15:30:27.468 D/ApplicationPackageManager(31000): queryIntentActivitiesAsUser blocked, Intent { act=android.intent.action.MAIN cat=[android.intent.category.LAUNCHER] pkg=com.android.mediacenter }
