06-24 16:30:55.639 I/appium  (24379): Skipping invisible child: android.view.accessibility.AccessibilityNodeInfo@9418; boundsInParent: Rect(0, 0 - 1080, 1580); boundsInScreen: Rect(0, 0 - -1080, 1532); packageName: com.huawei.android.launcher; className: android.view.ViewGroup; text: null; error: null; maxTextLength: -1; contentDescription: null; viewIdResName: com.huawei.android.launcher:id/workspace_screen; checkable: false; checked: false; focusable: false; focused: false; selected: false; clickable: true; longClickable: true; contextClickable: false; enabled: true; password: false; scrollable: false; importantForAccessibility: true; actions: [AccessibilityAction: ACTION_SELECT - null, AccessibilityAction: ACTION_CLEAR_SELECTION - null, AccessibilityAction: ACTION_CLICK - null, AccessibilityAction: ACTION_LONG_CLICK - null, AccessibilityAction: ACTION_ACCESSIBILITY_FOCUS - null, AccessibilityAction: ACTION_SHOW_ON_SCREEN - null]
06-24 16:30:55.640 I/appium  (24379): Skipping invisible child: android.view.accessibility.AccessibilityNodeInfo@97d9; boundsInParent: Rect(0, 0 - 1080, 1580); boundsInScreen: Rect(0, 0 - 0, 1532); packageName: com.huawei.android.launcher; className: android.view.ViewGroup; text: null; error: null; maxTextLength: -1; contentDescription: null; viewIdResName: com.huawei.android.launcher:id/workspace_screen; checkable: false; checked: false; focusable: false; focused: false; selected: false; clickable: true; longClickable: true; contextClickable: false; enabled: true; password: false; scrollable: false; importantForAccessibility: true; actions: [AccessibilityAction: ACTION_SELECT - null, AccessibilityAction: ACTION_CLEAR_SELECTION - null, AccessibilityAction: ACTION_CLICK - null, AccessibilityAction: ACTION_LONG_CLICK - null, AccessibilityAction: ACTION_ACCESSIBILITY_FOCUS - null, AccessibilityAction: ACTION_SHOW_ON_SCREEN - null]
06-24 16:30:55.644 I/appium  (24379): Skipping invisible child: android.view.accessibility.AccessibilityNodeInfo@14fca; boundsInParent: Rect(0, 0 - 93, 93); boundsInScreen: Rect(495, 0 - 584, 76); packageName: com.huawei.android.launcher; className: android.widget.ImageView; text: null; error: null; maxTextLength: -1; contentDescription: 设置默认主屏幕; viewIdResName: com.huawei.android.launcher:id/default_screen_home_icon; checkable: false; checked: false; focusable: true; focused: false; selected: false; clickable: true; longClickable: false; contextClickable: false; enabled: true; password: false; scrollable: false; importantForAccessibility: true; actions: [AccessibilityAction: ACTION_FOCUS - null, AccessibilityAction: ACTION_SELECT - null, AccessibilityAction: ACTION_CLEAR_SELECTION - null, AccessibilityAction: ACTION_CLICK - null, AccessibilityAction: ACTION_ACCESSIBILITY_FOCUS - null, AccessibilityAction: ACTION_NEXT_AT_MOVEMENT_GRANULARITY - null, AccessibilityAction: ACTION_PREVIOUS_AT_MOVEMENT_GRANULARITY - null, AccessibilityAction: ACTION_SET_SELECTION - null, AccessibilityAction: ACTION_SHOW_ON_SCREEN - null]
06-24 16:30:55.647 I/appium  (24379): Skipping invisible child: android.view.accessibility.AccessibilityNodeInfo@1538b; boundsInParent: Rect(0, 0 - 93, 93); boundsInScreen: Rect(493, 0 - 586, 78); packageName: com.huawei.android.launcher; className: android.widget.ImageView; text: null; error: null; maxTextLength: -1; contentDescription: 设置默认主屏幕; viewIdResName: com.huawei.android.launcher:id/default_screen_home_icon_bg; checkable: false; checked: false; focusable: true; focused: false; selected: false; clickable: true; longClickable: false; contextClickable: false; enabled: true; password: false; scrollable: false; importantForAccessibility: true; actions: [AccessibilityAction: ACTION_FOCUS - null, AccessibilityAction: ACTION_SELECT - null, AccessibilityAction: ACTION_CLEAR_SELECTION - null, AccessibilityAction: ACTION_CLICK - null, AccessibilityAction: ACTION_ACCESSIBILITY_FOCUS - null, AccessibilityAction: ACTION_NEXT_AT_MOVEMENT_GRANULARITY - null, AccessibilityAction: ACTION_PREVIOUS_AT_MOVEMENT_GRANULARITY - null, AccessibilityAction: ACTION_SET_SELECTION - null, AccessibilityAction: ACTION_SHOW_ON_SCREEN - null]
06-24 16:30:55.650 W/ResourceType( 2519): No known package when getting name for resource number 0x9c030000
06-24 16:30:55.653 W/ResourceType( 2519): No known package when getting name for resource number 0x9c030100
06-24 16:30:55.656 W/ResourceType( 2519): No known package when getting name for resource number 0x9c030200
06-24 16:30:55.660 W/ResourceType( 2519): No known package when getting name for resource number 0x9c030300
06-24 16:30:55.663 W/ResourceType( 2519): No known package when getting name for resource number 0x9c030001
06-24 16:30:55.667 W/ResourceType( 2519): No known package when getting name for resource number 0x9c030101
06-24 16:30:55.670 W/ResourceType( 2519): No known package when getting name for resource number 0x9c030201
06-24 16:30:55.675 W/ResourceType( 2519): No known package when getting name for resource number 0x9c030301
06-24 16:30:55.679 W/ResourceType( 2519): No known package when getting name for resource number 0x9c030002
06-24 16:30:55.682 W/ResourceType( 2519): No known package when getting name for resource number 0x9c030102
06-24 16:30:55.685 W/ResourceType( 2519): No known package when getting name for resource number 0x9c030202
06-24 16:30:55.689 W/ResourceType( 2519): No known package when getting name for resource number 0x9c030302
06-24 16:30:55.693 W/ResourceType( 2519): No known package when getting name for resource number 0x9c030003
06-24 16:30:55.696 W/ResourceType( 2519): No known package when getting name for resource number 0x9c030103
06-24 16:30:55.700 W/ResourceType( 2519): No known package when getting name for resource number 0x9c030203
06-24 16:30:55.703 W/ResourceType( 2519): No known package when getting name for resource number 0x9c030303
06-24 16:30:55.707 W/ResourceType( 2519): No known package when getting name for resource number 0x9c030004
06-24 16:30:55.711 W/ResourceType( 2519): No known package when getting name for resource number 0x9c030104
06-24 16:30:55.714 W/ResourceType( 2519): No known package when getting name for resource number 0x9c030204
06-24 16:30:55.717 I/appium  (24379): Skipping invisible child: android.view.accessibility.AccessibilityNodeInfo@9f5b; boundsInParent: Rect(0, 0 - 1080, 1580); boundsInScreen: Rect(1080, 0 - 1080, 1532); packageName: com.huawei.android.launcher; className: android.view.ViewGroup; text: null; error: null; maxTextLength: -1; contentDescription: null; viewIdResName: com.huawei.android.launcher:id/workspace_screen; checkable: false; checked: false; focusable: false; focused: false; selected: false; clickable: true; longClickable: true; contextClickable: false; enabled: true; password: false; scrollable: false; importantForAccessibility: true; actions: [AccessibilityAction: ACTION_SELECT - null, AccessibilityAction: ACTION_CLEAR_SELECTION - null, AccessibilityAction: ACTION_CLICK - null, AccessibilityAction: ACTION_LONG_CLICK - null, AccessibilityAction: ACTION_ACCESSIBILITY_FOCUS - null, AccessibilityAction: ACTION_SHOW_ON_SCREEN - null]
06-24 16:30:55.720 W/ResourceType( 2519): No known package when getting name for resource number 0x9b000000
06-24 16:30:55.721 W/ResourceType( 2519): No known package when getting name for resource number 0x9b010100
06-24 16:30:55.721 W/ResourceType( 2519): No known package when getting name for resource number 0x9b020200
06-24 16:30:55.721 W/ResourceType( 2519): No known package when getting name for resource number 0x9b030300
06-24 16:30:55.722 W/ResourceType( 2519): No known package when getting name for resource number 0x9b040400
06-24 16:30:55.729 I/appium  (24379): Fetch time: 93ms
06-24 16:30:55.739 I/NetworkSpeedManagerEx( 1513): mIsStop = false
06-24 16:30:55.740 I/NetworkSpeedManagerEx( 1513):  runInThread getTetherStats
06-24 16:30:55.741 I/NetworkSpeedManagerEx( 1513):  runInUI refreshSpeed
06-24 16:30:55.743 I/NetworkSpeedManagerEx( 1513): value=96.333336speed = 96
06-24 16:30:55.743 I/NetworkSpeedManagerEx( 1513): B/smIsShowLastSpeedValuefalse
06-24 16:30:55.743 I/NetworkSpeedView( 1513): /update(), speed=96
06-24 16:30:55.743 I/NetworkSpeedView( 1513): B/s parent class:class com.android.systemui.statusbar.HwSystemIcons
06-24 16:30:55.771 I/appium  (24379): AppiumResponse: {"sessionId":"12d3f873-0ea4-4775-928a-9964d13dcd6c","status":0,"value":"<?xml version=\"1.0\" encoding=\"UTF-8\"?><hierarchy rotation=\"0\"><android.widget.FrameLayout index=\"0\" text=\"\" class=\"android.widget.FrameLayout\" package=\"com.huawei.android.launcher\" content-desc=\"\" checkable=\"false\" checked=\"false\" clickable=\"false\" enabled=\"true\" focusable=\"false\" focused=\"false\" scrollable=\"false\" long-clickable=\"false\" password=\"false\" selected=\"false\" bounds=\"[0,0][1080,1920]\" resource-id=\"\" instance=\"0\"><android.widget.LinearLayout index=\"0\" text=\"\" class=\"android.widget.LinearLayout\" package=\"com.huawei.android.launcher\" content-desc=\"\" checkable=\"false\" checked=\"false\" clickable=\"false\" enabled=\"true\" focusable=\"false\" focused=\"false\" scrollable=\"false\" long-clickable=\"false\" password=\"false\" selected=\"false\" bounds=\"[0,0][1080,1920]\" resource-id=\"\" instance=\"0\"><android.widget.FrameLayout index=\"0\" text=\"\" class=\"android.widget.FrameLayout\" package=\"com.huawei.android.launcher\" content-desc=\"\" checkable=\"false\" checked=\"false\" clickable=\"false\" enabled=\"true\" focusable=\"false\" focused=\"false\" scrollable=\"false\" long-clickable=\"false\" password=\"false\" selected=\"false\" bounds=\"[0,0][1080,1920]\" resource-id=\"android:id\/content\" instance=\"1\"><android.widget.FrameLayout index=\"0\" text=\"\" class=\"android.widget.FrameLayout\" package=\"com.huawei.android.launcher\" content-desc=\"\" checkable=\"false\" checked=\"false\" clickable=\"false\" enabled=\"true\" focusable=\"false\" focused=\"false\" scrollable=\"false\" long-clickable=\"false\" password=\"false\" selected=\"false\" bounds=\"[0,0][1080,1920]\" resource-id=\"com.huawei.android.launcher:id\/drag_layer\" instance=\"2\"><android.view.ViewGroup index=\"0\" text=\"\" class=\"android.view.ViewGroup\" package=\"com.huawei.android.launcher\" content-desc=\"第 3 屏，共 4 屏\" checkable=\"false\" checked=\"false\" clickable=\"false\" enabled=\"true\" focusable=\"false\" focused=\"false\" scrollable=\"true\" long-clickable=\"false\" password=\"false\" selected=\"false\" bounds=\"[0,0][1080,1920]\" resource-id=\"com.huawei.android.launcher:id\/workspace\" instance=\"0\"><android.view.ViewGroup index=\"2\" text=\"\" class=\"android.view.ViewGroup\" package=\"com.huawei.android.launcher\" content-desc=\"\" checkable=\"false\" checked=\"false\" clickable=\"true\" enabled=\"true\" focusable=\"false\" focused=\"false\" scrollable=\"false\" long-clickable=\"true\" password=\"false\" selected=\"false\" bounds=\"[0,0][1080,1532]\" resource-id=\"com.huawei.android.launcher:id\/workspace_screen\" instance=\"1\"><android.widget.FrameLayout index=\"0\" text=\"\" class=\"android.widget.FrameLayout\" package=\"com.huawei.android.launcher\" content-desc=\"\" checkable=\"false\" checked=\"false\" clickable=\"false\" enabled=\"true\" focusable=\"false\" focused=\"false\" scrollable=\"false\" long-clickable=\"false\" password=\"false\" selected=\"false\" bounds=\"[12,0][1068,1514]\" resource-id=\"\" instance=\"3\"\/><android.view.ViewGroup index=\"1\" text=\"\" class=\"android.view.ViewGroup\" package=\"com.huawei.android.launcher\" content-desc=\"\" checkable=\"false\" checked=\"false\" clickable=\"false\" enabled=\"true\" focusable=\"false\" focused=\"false\" scrollable=\"false\" long-clickable=\"false\" password=\"false\" selected=\"false\" bounds=\"[12,0][1068,1514]\" resource-id=\"\" instance=\"2\"><android.widget.TextView index=\"0\" text=\"iTest\" class=\"android.widget.TextView\" package=\"com.huawei.android.launcher\" content-desc=\"\" checkable=\"false\" checked=\"false\" clickable=\"true\" enabled=\"true\" focusable=\"true\" focused=\"false\" scrollable=\"false\" long-clickable=\"true\" password=\"false\" selected=\"false\" bounds=\"[12,84][276,370]\" resource-id=\"\" instance=\"0\"\/><android.widget.TextView index=\"1\" text=\"WhatsApp\" class=\"android.widget.TextView\" package=\"com.huawei.android.launcher\" content-
06-24 16:30:55.775 I/NetworkSpeedManagerEx( 1513): mIsStop = false
06-24 16:30:55.776 I/NetworkSpeedManagerEx( 1513):  runInThread getTetherStats
06-24 16:30:55.784 I/NetworkSpeedManagerEx( 1513):  runInUI refreshSpeed
06-24 16:30:55.784 D/HwWifiStatStore(  657): handleMessage : 200
06-24 16:30:55.786 I/NetworkSpeedManagerEx( 1513): value=96.333336speed = 96
06-24 16:30:55.786 I/NetworkSpeedManagerEx( 1513): B/smIsShowLastSpeedValuefalse
06-24 16:30:55.786 I/NetworkSpeedView( 1513): /update(), speed=96
06-24 16:30:55.786 I/NetworkSpeedView( 1513): B/s parent class:class com.android.systemui.statusbar.HwSystemIcons
06-24 16:30:55.793 W/libc    (  493): Set property "hw.wifi.dns_stat" to "35551,30852,5028,1,52901"
06-24 16:30:55.803 I/appium  (24379): channel read invoked!
06-24 16:30:55.803 I/appium  (24379): channel read: GET /wd/hub/session/12d3f873-0ea4-4775-928a-9964d13dcd6c/source
06-24 16:30:55.994 I/ActivityManager(  657): START u0 {act=android.intent.action.MAIN cat=[android.intent.category.LAUNCHER] flg=0x10000000 cmp=com.excelliance.dualaid/com.excelliance.kxqp.ui.HelloActivity} from uid 2000
06-24 16:30:55.997 I/ActivityManager(  657): ActivityRecord info: ActivityInfo{fad70dc com.excelliance.kxqp.ui.HelloActivity}
06-24 16:30:55.997 I/ash     ( 1699): front pkg : com.excelliance.dualaid launcher: false
06-24 16:30:55.998 I/ash     ( 1699): above launcher front pkgs: [com.excelliance.dualaid]
06-24 16:30:55.999 V/WindowManager(  657): addAppToken: AppWindowToken{9731247 token=Token{ff40986 ActivityRecord{2536a61 u0 com.excelliance.dualaid/com.excelliance.kxqp.ui.HelloActivity t16049}}} controller={TaskWindowContainerController taskId=16049} at 2147483647
06-24 16:30:55.999 I/PGServer( 1699): android calls fast hibernateApps
06-24 16:30:55.999 I/AppFastHibernation( 1699): fast hibernate duration: 1500 reason: start activity
06-24 16:30:56.000 I/Pged-IPgedBinderService(  769): ****action is 1, pid num is 6***
06-24 16:30:56.000 I/Pged-Freezer(  769): freezePids
06-24 16:30:56.000 I/Pged-Freezer(  769): Freeze process: 29457
06-24 16:30:56.000 I/Pged-Freezer(  769): Freeze process: 29531
06-24 16:30:56.000 I/Pged-Freezer(  769): Freeze process: 14942
06-24 16:30:56.001 I/Pged-Freezer(  769): Freeze process: 15544
06-24 16:30:56.001 I/Pged-Freezer(  769): Freeze process: 24379
06-24 16:30:56.001 D/MotionDetectionManager( 2519): stopMotionAppsReco motionApps: 403
06-24 16:30:56.001 D/MotionDetectionManager( 2519): stopMotionAppsReco not recognition motionApps 403
06-24 16:30:56.001 W/HwLauncher( 2519): Launcher.MotionManager stopMotionAppsReco service flg 403 is unavailable
06-24 16:30:56.002 D/PgedBinderAdapter( 1699): frz ok, pid: [29457, 29531, 14942, 15544, 24379]
06-24 16:30:56.003 D/PMS1000 (  657): package:com.excelliance.dualaid, input flags:1, output hwFlags:0
06-24 16:30:56.004 V/ActivityManager(  657): startProcess: name=com.excelliance.dualaid:olle app=null knownToBeDead=true thread=null pid=-1
06-24 16:30:56.005 D/PMS1000 (  657): package:com.excelliance.dualaid, input flags:0, output hwFlags:0
06-24 16:30:56.012 I/        ( 7888): power log dlsym ok
06-24 16:30:56.014 I/ActivityManager(  657): Start proc 7888:com.excelliance.dualaid:olle/u0a1423 for activity com.excelliance.dualaid/com.excelliance.kxqp.ui.HelloActivity
06-24 16:30:56.015 I/zygote  ( 7888): Reinit property: dalvik.vm.checkjni= false
06-24 16:30:56.015 V/WindowManager(  657): No longer Stopped: AppWindowToken{9731247 token=Token{ff40986 ActivityRecord{2536a61 u0 com.excelliance.dualaid/com.excelliance.kxqp.ui.HelloActivity t16049}}}
06-24 16:30:56.015 V/ActivityManager(  657): startProcess: name=com.excelliance.dualaid:olle app=ProcessRecord{f7a9a74 7888:com.excelliance.dualaid:olle/u0a1423} knownToBeDead=true thread=null pid=7888
06-24 16:30:56.024 D/ActivityThread( 7888): ActivityThread,attachApplication
06-24 16:30:56.025 D/ActivityManager(  657): ActivityManagerService,attachApplication,callingPid = 7888
06-24 16:30:56.026 V/WindowManager(  657): No longer Stopped: AppWindowToken{9731247 token=Token{ff40986 ActivityRecord{2536a61 u0 com.excelliance.dualaid/com.excelliance.kxqp.ui.HelloActivity t16049}}}
06-24 16:30:56.035 V/WindowManager(  657): findFocusedWindow: AppWindowToken{d3a938b token=Token{377755a ActivityRecord{d5c9105 u0 com.huawei.android.launcher/.unihome.UniHomeLauncher t15658}}} below Reached focused app=AppWindowToken{9731247 token=Token{ff40986 ActivityRecord{2536a61 u0 com.excelliance.dualaid/com.excelliance.kxqp.ui.HelloActivity t16049}}}
06-24 16:30:56.036 D/ScenarioService( 1699): front pkg : com.excelliance.dualaid launcher: false
06-24 16:30:56.036 D/ScenarioService( 1699): new above launcher front pkgs: [com.excelliance.dualaid]
06-24 16:30:56.036 I/AppsUsage( 1699): scnOff:false FgAPP:com.excelliance.dualaid BgAPP:com.huawei.android.launcher
06-24 16:30:56.038 D/EmcomManagerService(  657): forePackage name is com.excelliance.dualaid
06-24 16:30:56.038 D/HicomPolicyManager(  657): foreAppInfo = nullpkgName = com.excelliance.dualaid uid= 11423
06-24 16:30:56.038 E/HicomPolicyManager(  657): udp acc is not start yet!
06-24 16:30:56.038 D/HicomPolicyManager(  657): speed control is not start
06-24 16:30:56.038 E/HicomPolicyManager(  657): Network Evaluation is not start yet!
06-24 16:30:56.038 E/HicomPolicyManager(  657): foreground app info is null
06-24 16:30:56.039 D/[HwRecSys]HwRecSysService( 2647): onEvent actionID: 10000 msg:com.excelliance.dualaid		
06-24 16:30:56.040 E/[HwRecSys]HwRecSysService( 2647): getIsRportDirectService is false!
06-24 16:30:56.042 I/PGServer( 1699): report state:10010 event type:2 pid:0 uid:0 pkg:com.huawei.android.launcher to pid: 657
06-24 16:30:56.042 I/PGServer( 1699): report state:10010 event type:2 pid:0 uid:0 pkg:com.huawei.android.launcher to pid: 1699
06-24 16:30:56.042 I/SceneReceiver( 1699): state type: 10010 eventType:2 pid:0 uid:0 pkg:com.huawei.android.launcher
06-24 16:30:56.042 I/PGServer( 1699): report state:10000 event type:1 pid:0 uid:0 pkg:com.excelliance.dualaid to pid: 657
06-24 16:30:56.042 I/PGServer( 1699): report state:10000 event type:1 pid:0 uid:0 pkg:com.excelliance.dualaid to pid: 1699
06-24 16:30:56.042 I/SceneReceiver( 1699): state type: 10000 eventType:1 pid:0 uid:0 pkg:com.excelliance.dualaid
06-24 16:30:56.042 D/HwThermalStateManager( 1699): current foreapp pkg : com.excelliance.dualaid
06-24 16:30:56.042 I/PGServer( 1699): checkPkgType. calling pkg: android
06-24 16:30:56.042 W/libc    ( 1699): Set property "sys.aps.gameProcessName" to ""
06-24 16:30:56.042 I/PGServer( 1699): checkPkgType. calling pkg: android
06-24 16:30:56.042 W/libc    ( 1699): Set property "sys.aps.gameProcessName" to ""
06-24 16:30:56.043 W/libc    ( 1699): Set property "sys.aps.browserProcessName" to ""
06-24 16:30:56.044 V/WindowManager(  657): Checking 1 opening apps (frozen=false timeout=false)...
06-24 16:30:56.044 V/WindowManager(  657): Check opening app=AppWindowToken{9731247 token=Token{ff40986 ActivityRecord{2536a61 u0 com.excelliance.dualaid/com.excelliance.kxqp.ui.HelloActivity t16049}}}: allDrawn=false startingDisplayed=false startingMoved=false isRelaunching()=false
06-24 16:30:56.046 D/HwQoEUtils(  657): mForegroundAppPackageName: com.excelliance.dualaid:olle ,score: 0
06-24 16:30:56.046 D/HwQoEUtils(  657): APP type: -1 appName= com.excelliance.dualaid:olle
06-24 16:30:56.046 D/HwQoEUtils(  657): RealAppName:com.excelliance.dualaid
06-24 16:30:56.046 D/HwQoEUtils(  657): no game, APP_TYPE_GAME, appName =com.excelliance.dualaid:olle
06-24 16:30:56.046 D/HwGameAssistantController(  657): pid=7888, uid=11423, foreground=true
06-24 16:30:56.048 W//system/bin/hwservicemanager(  416): Cannot open /odm/manifest.xml
06-24 16:30:56.049 W/AwareLog(  657): SchedLevelBoost: onFgActivitiesChanged config not set!
06-24 16:30:56.050 I/HwNetworkPolicy(  657): onTransact, code = 203
06-24 16:30:56.050 I/HwNetworkPolicyManager( 1813): getHwUidPolicy uid = 11423 policy = 0
06-24 16:30:56.060 D/HwFLClassLoader( 7888): get used feature list :/feature/used-list failed!
06-24 16:30:56.060 D/HwFLClassLoader( 7888): USE_FEATURE_LIST had not init! 
06-24 16:30:56.064 W//system/bin/hwservicemanager(  416): Cannot open /odm/manifest.xml
06-24 16:30:56.066 I/GRALLOC (  679): 	 shrFd=10,fmt=0x1,intFmt=0x1,btStrd=256,size=4096,pid=679 
06-24 16:30:56.066 I/GRALLOC (  679): 	 yuv=2,w=16,h=16,Stride u=0 v=0,offset u=0 v=0 
06-24 16:30:56.066 I/GRALLOC (  679): 	 iova_size=4096,conUsg=0x100,proUsg=0x100,	 strd=64,[afbc]HdrStrd=0 PyldStrd=0 Scrmbl=0,ionhnd = 1 
06-24 16:30:56.076 E/MemoryLeakMonitorManager( 7888): MemoryLeakMonitor.jar is not exist!
06-24 16:30:56.076 D/KXQPApplication( 7888): run: initUserManager
06-24 16:30:56.076 D/CrashHandler( 7888): CrashHandler
06-24 16:30:56.077 E/Minikin ( 7888): Could not get cmap table size!
06-24 16:30:56.078 D/PMS11423(  657): package:com.excelliance.dualaid, input flags:128, output hwFlags:0
06-24 16:30:56.086 I/HwCust  ( 7888): Constructor found for class android.app.HwCustActivityImpl
06-24 16:30:56.086 D/HwCust  ( 7888): Create obj success use class android.app.HwCustActivityImpl
06-24 16:30:56.088 V/HwPolicyFactory( 7888): : success to get AllImpl object and return....
06-24 16:30:56.090 I/HwCust  ( 7888): Constructor found for class android.app.HwCustHwWallpaperManagerImpl
06-24 16:30:56.090 D/HwCust  ( 7888): Create obj success use class android.app.HwCustHwWallpaperManagerImpl
06-24 16:30:56.091 D/PMS11423(  657): package:com.excelliance.dualaid, input flags:0, output hwFlags:0
06-24 16:30:56.092 V/HwWidgetFactory( 7888): : successes to get AllImpl object and return....
06-24 16:30:56.093 V/ActivityThread( 7888): ActivityThread,callActivityOnCreate
06-24 16:30:56.094 D/HelloActivity( 7888): Memory:25146M
06-24 16:30:56.095 D/HelloActivity( 7888): onCreate: true
06-24 16:30:56.097 D/HelloActivity( 7888): is code boot
06-24 16:30:56.101 D/HelloActivity( 7888): mIsNav = false
06-24 16:30:56.116 D/HelloActivity( 7888): defDisplayStyle:5
06-24 16:30:56.117 D/HwRecentsLockUtils( 1513): Search
06-24 16:30:56.117 E/HsmCoreServiceImpl( 1478): onTransact in code is: 103
06-24 16:30:56.117 I/MediaProcessHandler( 1478): playingUids: 
06-24 16:30:56.117 D/ActivityManager(  657): Skipping, home or recents stack task: TaskRecord{333215f #15658 A=com.huawei.android.launcher U=0 StackId=0 sz=1}
06-24 16:30:56.117 D/ActivityManager(  657): Skipping intent:act=android.intent.action.MAIN cat=[android.intent.category.LAUNCHER] flg=0x10a00000 cmp=io.appium.settings/.Settings
06-24 16:30:56.117 D/ActivityManager(  657): Skipping intent:flg=0x10804000 cmp=com.android.systemui/.recents.RecentsActivity bnds=[48,928][1032,2296]
06-24 16:30:56.117 D/ActivityManager(  657): Skipping intent:flg=0x18800000 cmp=com.tencent.mm/.plugin.base.stub.WXPayEntryActivity
06-24 16:30:56.117 D/ActivityManager(  657): Skipping intent:flg=0x10800000 cmp=com.huawei.systemmanager/com.huawei.permissionmanager.ui.MainActivity
06-24 16:30:56.117 D/ActivityManager(  657): Skipping intent:flg=0x18800000 cmp=com.tencent.mm/.plugin.base.stub.WXEntryActivity
06-24 16:30:56.117 D/ActivityManager(  657): Skipping intent:act=com.huawei.action.VOICE_ASSISTANT flg=0x10800000 pkg=com.huawei.vassistant cmp=com.huawei.vassistant/.ui.main.VAssistantActivity
06-24 16:30:56.117 D/ActivityManager(  657): Skipping intent:act=com.huawei.android.launcher.action.ACCESS_SPLIT_SCREEN_APP cat=[android.intent.category.DEFAULT] flg=0x10804000 cmp=com.huawei.android.launcher/.splitscreen.SplitScreenAppActivity
06-24 16:30:56.117 D/ActivityManager(  657): Skipping intent:flg=0x10800000 pkg=com.excelliance.dualaid.b64 cmp=com.excelliance.dualaid.b64/com.excelliance.kxqp.sdk.PermissionRequestActivity
06-24 16:30:56.117 D/ActivityManager(  657): Skipping intent:act=android.intent.action.VIEW dat=content://com.excelliance.dualaid.fileProvider/external_storage_root/Download/apk/Multiple_64.apk typ=application/vnd.android.package-archive flg=0x10800001 cmp=com.android.packageinstaller/.InstallStart
06-24 16:30:56.117 D/ActivityManager(  657): Skipping intent:flg=0x10800000 cmp=com.android.systemui/.usb.HwUsbDebuggingActivity
06-24 16:30:56.117 D/ActivityManager(  657): Skipping intent:act=android.deviceinfo.chooser.action.LAUNCH flg=0x10800000 hwFlg=0x100 pkg=com.android.settings cmp=com.android.settings/.deviceinfo.UsbConnModeChooserActivity
06-24 16:30:56.117 D/ActivityManager(  657): Skipping intent:flg=0x10800000 cmp=com.zol.android/.push.KeepLiveActivity
06-24 16:30:56.117 D/ActivityManager(  657): Skipping intent:act=android.intent.action.MAIN cat=[android.intent.category.HOME] flg=0x10800300 cmp=com.android.settings/.FallbackHome
06-24 16:30:56.119 D/HttpUtils( 7888): getDownloadMode()
06-24 16:30:56.119 D/NetUtils( 7888): init inited = true
06-24 16:30:56.119 D/HelloActivity( 7888): enter Nav2
06-24 16:30:56.120 D/NetworkSecurityConfig( 7888): No Network Security Config specified, using platform default
06-24 16:30:56.121 I/ActivityManager(  657): START u0 {pkg=com.excelliance.dualaid cmp=com.excelliance.dualaid/com.excelliance.kxqp.swipe.NavActivity2 (has extras)} from uid 11423
06-24 16:30:56.122 I/ActivityManager(  657): ActivityRecord info: ActivityInfo{db9d78c com.excelliance.kxqp.swipe.NavActivity2}
06-24 16:30:56.122 V/WindowManager(  657): findFocusedWindow: AppWindowToken{d3a938b token=Token{377755a ActivityRecord{d5c9105 u0 com.huawei.android.launcher/.unihome.UniHomeLauncher t15658}}} below Reached focused app=AppWindowToken{9731247 token=Token{ff40986 ActivityRecord{2536a61 u0 com.excelliance.dualaid/com.excelliance.kxqp.ui.HelloActivity t16049}}}
06-24 16:30:56.123 V/WindowManager(  657): addAppToken: AppWindowToken{22a033f token=Token{28cc35e ActivityRecord{8460499 u0 com.excelliance.dualaid/com.excelliance.kxqp.swipe.NavActivity2 t16049}}} controller={TaskWindowContainerController taskId=16049} at 2147483647
06-24 16:30:56.128 V/ActivityManager(  657): startProcess: name=com.excelliance.dualaid app=null knownToBeDead=true thread=null pid=-1
06-24 16:30:56.128 D/PMS1000 (  657): package:com.excelliance.dualaid, input flags:0, output hwFlags:0
06-24 16:30:56.135 I/ActivityManager(  657): Start proc 7918:com.excelliance.dualaid/u0a1423 for service com.excelliance.dualaid/com.excelliance.kxqp.SmtServService
06-24 16:30:56.136 I/        ( 7918): power log dlsym ok
06-24 16:30:56.138 I/zygote  ( 7918): Reinit property: dalvik.vm.checkjni= false
06-24 16:30:56.142 D/HwNetworkManagementService(  657): code == CODE_GET_AD_KEY_LIST
06-24 16:30:56.142 D/HwNetworkManagementService(  657): appName = com.excelliance.dualaid  is not in the mAdViewMap! reply none
06-24 16:30:56.142 D/HwNetworkManagementService(  657): appName = com.excelliance.dualaid  is not in the mAdIdMap! reply none
06-24 16:30:56.144 D/ActivityThread( 7888): add activity client record, r= ActivityRecord{cbe2ddc token=android.os.BinderProxy@d13fa03 {com.excelliance.dualaid/com.excelliance.kxqp.ui.HelloActivity}} token= android.os.BinderProxy@d13fa03
06-24 16:30:56.145 V/WindowManager(  657): No longer Stopped: AppWindowToken{22a033f token=Token{28cc35e ActivityRecord{8460499 u0 com.excelliance.dualaid/com.excelliance.kxqp.swipe.NavActivity2 t16049}}}
06-24 16:30:56.146 V/WindowManager(  657): No longer Stopped: AppWindowToken{22a033f token=Token{28cc35e ActivityRecord{8460499 u0 com.excelliance.dualaid/com.excelliance.kxqp.swipe.NavActivity2 t16049}}}
06-24 16:30:56.146 D/ActivityThread( 7918): ActivityThread,attachApplication
06-24 16:30:56.150 D/NetWorkUtils( 1513): mVSimCurCardType is -1
06-24 16:30:56.150 V/WindowManager(  657): Checking 1 opening apps (frozen=false timeout=false)...
06-24 16:30:56.150 V/WindowManager(  657): Check opening app=AppWindowToken{22a033f token=Token{28cc35e ActivityRecord{8460499 u0 com.excelliance.dualaid/com.excelliance.kxqp.swipe.NavActivity2 t16049}}}: allDrawn=false startingDisplayed=false startingMoved=false isRelaunching()=false
06-24 16:30:56.152 D/ActivityManager(  657): ActivityManagerService,attachApplication,callingPid = 7918
06-24 16:30:56.152 D/HwCust  ( 7888): Create obj success use class android.app.HwCustActivityImpl
06-24 16:30:56.153 D/HwCust  ( 7888): Create obj success use class android.app.HwCustHwWallpaperManagerImpl
06-24 16:30:56.155 V/ActivityThread( 7888): ActivityThread,callActivityOnCreate
06-24 16:30:56.157 W/X509TrustManager( 7888): checkServerTrusted: SignatureException:null
06-24 16:30:56.157 W/X509TrustManager( 7888): checkServerTrusted: SignatureException:error:04000073:RSA routines:OPENSSL_internal:DATA_TOO_LARGE_FOR_MODULUS
06-24 16:30:56.158 W//system/bin/hwservicemanager(  416): Cannot open /odm/manifest.xml
06-24 16:30:56.161 D/NavActivity2( 7888): onCreate
06-24 16:30:56.163 D/PMS11423(  657): package:com.excelliance.dualaid, input flags:128, output hwFlags:0
06-24 16:30:56.166 W/Utils   ( 7888): Utils_isSuperResolutionSupport [load libai_client.so failed]
06-24 16:30:56.168 W//system/bin/hwservicemanager(  416): Cannot open /odm/manifest.xml
06-24 16:30:56.169 I/GRALLOC (  679): 	 shrFd=10,fmt=0x1,intFmt=0x1,btStrd=256,size=4096,pid=679 
06-24 16:30:56.169 I/GRALLOC (  679): 	 yuv=2,w=16,h=16,Stride u=0 v=0,offset u=0 v=0 
06-24 16:30:56.169 I/GRALLOC (  679): 	 iova_size=4096,conUsg=0x100,proUsg=0x100,	 strd=64,[afbc]HdrStrd=0 PyldStrd=0 Scrmbl=0,ionhnd = 1 
06-24 16:30:56.169 D/CubicBezierInterpolator( 7888): CubicBezierInterpolator  mControlPoint1x = 0.23, mControlPoint1y = 0.06, mControlPoint2x = 0.09, mControlPoint2y = 0.97
06-24 16:30:56.169 D/CubicBezierInterpolator( 7888): CubicBezierInterpolator  mControlPoint1x = 0.6, mControlPoint1y = 0.9, mControlPoint2x = 0.8, mControlPoint2y = 1.0
06-24 16:30:56.169 D/CubicBezierInterpolator( 7888): CubicBezierInterpolator  mControlPoint1x = 0.23, mControlPoint1y = 0.06, mControlPoint2x = 0.09, mControlPoint2y = 0.97
06-24 16:30:56.169 D/CubicBezierInterpolator( 7888): CubicBezierInterpolator  mControlPoint1x = 0.6, mControlPoint1y = 0.9, mControlPoint2x = 0.8, mControlPoint2y = 1.0
06-24 16:30:56.170 D/CubicBezierInterpolator( 7888): CubicBezierInterpolator  mControlPoint1x = 0.23, mControlPoint1y = 0.06, mControlPoint2x = 0.09, mControlPoint2y = 0.97
06-24 16:30:56.170 D/CubicBezierInterpolator( 7888): CubicBezierInterpolator  mControlPoint1x = 0.6, mControlPoint1y = 0.9, mControlPoint2x = 0.8, mControlPoint2y = 1.0
06-24 16:30:56.170 D/CubicBezierInterpolator( 7888): CubicBezierInterpolator  mControlPoint1x = 0.23, mControlPoint1y = 0.06, mControlPoint2x = 0.09, mControlPoint2y = 0.97
06-24 16:30:56.170 D/CubicBezierInterpolator( 7888): CubicBezierInterpolator  mControlPoint1x = 0.6, mControlPoint1y = 0.9, mControlPoint2x = 0.8, mControlPoint2y = 1.0
06-24 16:30:56.172 D/HwFLClassLoader( 7918): get used feature list :/feature/used-list failed!
06-24 16:30:56.172 D/HwFLClassLoader( 7918): USE_FEATURE_LIST had not init! 
06-24 16:30:56.177 D/HwRTBlurUtils( 7888): check blur style for HwPhoneWindow-, themeResId : 0x7f0e000a, context : com.excelliance.kxqp.swipe.NavActivity2@794246b, Nhwext : 0, get Blur : disable with , null
06-24 16:30:56.177 D/HwRTBlurUtils( 7888): check blur style for HwPhoneWindow-, themeResId : 0x7f0e000a, context : com.excelliance.kxqp.swipe.NavActivity2@794246b, Nhwext : 0, get Blur : disable with , null
06-24 16:30:56.177 E/test    ( 7888): hw notch screen flag api error
06-24 16:30:56.180 D/ActivityThread( 7888): add activity client record, r= ActivityRecord{414755e token=android.os.BinderProxy@31abee5 {com.excelliance.dualaid/com.excelliance.kxqp.swipe.NavActivity2}} token= android.os.BinderProxy@31abee5
06-24 16:30:56.182 E/ViewUtils( 7888): setBgColor: view==null:top
06-24 16:30:56.186 D/PMS11423(  657): package:com.excelliance.dualaid, input flags:128, output hwFlags:0
06-24 16:30:56.189 D/OpenGLRenderer( 7888):   HWUI Binary is  enabled
06-24 16:30:56.189 D/SurfaceFlinger(  710): SurfaceFlinger: getDisplayConfigs--3.000000, 1080, 1920
06-24 16:30:56.190 D/PMS11423(  657): package:com.excelliance.dualaid, input flags:128, output hwFlags:0
06-24 16:30:56.190 I/chatty  (  710): uid=1000(system) Binder:710_2 identical 1 line
06-24 16:30:56.190 D/SurfaceFlinger(  710): SurfaceFlinger: getDisplayConfigs--3.000000, 1080, 1920
06-24 16:30:56.190 D/OpenGLRenderer( 7888): HWUI GL Pipeline
06-24 16:30:56.192 D/HttpUtils( 7888): getResponseCode():200
06-24 16:30:56.192 D/WHEG    ( 7888): {"status":"0","controls":"","skip":"0"}
06-24 16:30:56.193 V/WindowManager(  657): Adding Window{6f9c9c2 u0 com.excelliance.dualaid/com.excelliance.kxqp.swipe.NavActivity2} to AppWindowToken{22a033f token=Token{28cc35e ActivityRecord{8460499 u0 com.excelliance.dualaid/com.excelliance.kxqp.swipe.NavActivity2 t16049}}}
06-24 16:30:56.193 D/PMS11423(  657): package:com.excelliance.dualaid, input flags:128, output hwFlags:0
06-24 16:30:56.193 V/WindowManager(  657): addWindow: New client android.os.BinderProxy@26b560d: window=Window{6f9c9c2 u0 com.excelliance.dualaid/com.excelliance.kxqp.swipe.NavActivity2} Callers=com.android.server.wm.HwWindowManagerService.addWindow:562 com.android.server.wm.Session.addToDisplay:199 android.view.IWindowSession$Stub.onTransact:124 com.android.server.wm.Session.onTransact:161 android.os.Binder.execTransact:675 
06-24 16:30:56.198 D/PMS11423(  657): package:com.excelliance.dualaid, input flags:128, output hwFlags:0
06-24 16:30:56.201 V/WindowManager(  657): Checking 1 opening apps (frozen=false timeout=false)...
06-24 16:30:56.201 V/WindowManager(  657): Check opening app=AppWindowToken{22a033f token=Token{28cc35e ActivityRecord{8460499 u0 com.excelliance.dualaid/com.excelliance.kxqp.swipe.NavActivity2 t16049}}}: allDrawn=false startingDisplayed=false startingMoved=false isRelaunching()=false
06-24 16:30:56.201 D/HwGalleryCacheManagerImpl( 7888): mIsEffect:false
06-24 16:30:56.209 D/PMS11423(  657): package:com.excelliance.dualaid, input flags:128, output hwFlags:0
06-24 16:30:56.250 D/HwRecentsLockUtils( 1513): Search
06-24 16:30:56.250 E/HsmCoreServiceImpl( 1478): onTransact in code is: 103
06-24 16:30:56.250 I/MediaProcessHandler( 1478): playingUids: 
06-24 16:30:56.214 I/chatty  (  657): uid=1000(system) Binder:657_19 identical 4 lines
06-24 16:30:56.214 D/PMS11423(  657): package:com.excelliance.dualaid, input flags:128, output hwFlags:0
06-24 16:30:56.250 D/ActivityManager(  657): Skipping, home or recents stack task: TaskRecord{333215f #15658 A=com.huawei.android.launcher U=0 StackId=0 sz=1}
06-24 16:30:56.250 D/ActivityManager(  657): Skipping intent:act=android.intent.action.MAIN cat=[android.intent.category.LAUNCHER] flg=0x10a00000 cmp=io.appium.settings/.Settings
06-24 16:30:56.250 D/ActivityManager(  657): Skipping intent:flg=0x10804000 cmp=com.android.systemui/.recents.RecentsActivity bnds=[48,928][1032,2296]
06-24 16:30:56.250 D/ActivityManager(  657): Skipping intent:flg=0x18800000 cmp=com.tencent.mm/.plugin.base.stub.WXPayEntryActivity
06-24 16:30:56.250 D/ActivityManager(  657): Skipping intent:flg=0x10800000 cmp=com.huawei.systemmanager/com.huawei.permissionmanager.ui.MainActivity
06-24 16:30:56.250 D/ActivityManager(  657): Skipping intent:flg=0x18800000 cmp=com.tencent.mm/.plugin.base.stub.WXEntryActivity
06-24 16:30:56.250 D/ActivityManager(  657): Skipping intent:act=com.huawei.action.VOICE_ASSISTANT flg=0x10800000 pkg=com.huawei.vassistant cmp=com.huawei.vassistant/.ui.main.VAssistantActivity
06-24 16:30:56.250 D/ActivityManager(  657): Skipping intent:act=com.huawei.android.launcher.action.ACCESS_SPLIT_SCREEN_APP cat=[android.intent.category.DEFAULT] flg=0x10804000 cmp=com.huawei.android.launcher/.splitscreen.SplitScreenAppActivity
06-24 16:30:56.250 D/ActivityManager(  657): Skipping intent:flg=0x10800000 pkg=com.excelliance.dualaid.b64 cmp=com.excelliance.dualaid.b64/com.excelliance.kxqp.sdk.PermissionRequestActivity
06-24 16:30:56.250 D/ActivityManager(  657): Skipping intent:act=android.intent.action.VIEW dat=content://com.excelliance.dualaid.fileProvider/external_storage_root/Download/apk/Multiple_64.apk typ=application/vnd.android.package-archive flg=0x10800001 cmp=com.android.packageinstaller/.InstallStart
06-24 16:30:56.250 D/ActivityManager(  657): Skipping intent:flg=0x10800000 cmp=com.android.systemui/.usb.HwUsbDebuggingActivity
06-24 16:30:56.251 D/ActivityManager(  657): Skipping intent:act=android.deviceinfo.chooser.action.LAUNCH flg=0x10800000 hwFlg=0x100 pkg=com.android.settings cmp=com.android.settings/.deviceinfo.UsbConnModeChooserActivity
06-24 16:30:56.251 D/ActivityManager(  657): Skipping intent:flg=0x10800000 cmp=com.zol.android/.push.KeepLiveActivity
06-24 16:30:56.251 D/ActivityManager(  657): Skipping intent:act=android.intent.action.MAIN cat=[android.intent.category.HOME] flg=0x10800300 cmp=com.android.settings/.FallbackHome
06-24 16:30:56.272 I/zygote  ( 7918): Compiler allocated 4MB to compile boolean com.excelliance.kxqp.KXQPApplication.b(int)
06-24 16:30:56.273 D/MainActivity( 7888): instantiateItem: 2	android.widget.RelativeLayout{d00e2b1 V.E...... ......I. 0,0-0,0}
06-24 16:30:56.274 D/MainActivity( 7888): initPage3: 
06-24 16:30:56.278 V/WindowManager(  657): Checking 1 opening apps (frozen=false timeout=false)...
06-24 16:30:56.278 V/WindowManager(  657): Check opening app=AppWindowToken{22a033f token=Token{28cc35e ActivityRecord{8460499 u0 com.excelliance.dualaid/com.excelliance.kxqp.swipe.NavActivity2 t16049}}}: allDrawn=false startingDisplayed=false startingMoved=false isRelaunching()=false
06-24 16:30:56.280 V/HwPhoneWindowManager(  657): updateSystemUiColorLw window=Window{6f9c9c2 u0 com.excelliance.dualaid/com.excelliance.kxqp.swipe.NavActivity2},EmuiStyle=0,StatusBarColor=0xff000000,NavigationBarColor=0xff000000, mLastIsEmuiLightStyle=-1
06-24 16:30:56.281 V/WindowManager(  657): Checking 1 opening apps (frozen=false timeout=false)...
06-24 16:30:56.281 V/WindowManager(  657): Check opening app=AppWindowToken{22a033f token=Token{28cc35e ActivityRecord{8460499 u0 com.excelliance.dualaid/com.excelliance.kxqp.swipe.NavActivity2 t16049}}}: allDrawn=false startingDisplayed=false startingMoved=false isRelaunching()=false
06-24 16:30:56.281 D/HwPhoneWindowManager(  657): Transact:setSystemUIColor to status bar service
06-24 16:30:56.283 I/CommandQueue( 1513): updateBarBgColor
06-24 16:30:56.283 D/CommandQueue( 1513): CommandQueue, setBarBackgroundColor
06-24 16:30:56.285 I/GRALLOC (  679): 	 shrFd=10,fmt=0x1,intFmt=0x200000001,btStrd=4352,size=8486912,pid=679 
06-24 16:30:56.285 I/GRALLOC (  679): 	 yuv=2,w=1080,h=1920,Stride u=0 v=0,offset u=0 v=0 
06-24 16:30:56.285 I/GRALLOC (  679): 	 iova_size=8486912,conUsg=0x900,proUsg=0x900,	 strd=1088,[afbc]HdrStrd=1088 PyldStrd=69632 Scrmbl=2,ionhnd = 1 
06-24 16:30:56.286 D/MainActivity( 7888): run: initPage3
06-24 16:30:56.286 V/MainActivity( 7888): onWindowFocusChanged: true
06-24 16:30:56.287 W/InputMethodManager( 7888): startInputReason = 1
06-24 16:30:56.288 D/TintManager( 1513): statusBarIconTint=#99FFFFFF,navigationBarIconTint=#FF000000
06-24 16:30:56.289 I/OpenGLRenderer( 7888): Initialized EGL, version 1.4
06-24 16:30:56.289 D/OpenGLRenderer( 7888): Swap behavior 2
06-24 16:30:56.290 W/InputMethodManager( 7888): startInputReason = 5
06-24 16:30:56.290 I/GRALLOC (  679): 	 shrFd=10,fmt=0x1,intFmt=0x200000001,btStrd=4352,size=8486912,pid=679 
06-24 16:30:56.290 I/GRALLOC (  679): 	 yuv=2,w=1080,h=1920,Stride u=0 v=0,offset u=0 v=0 
06-24 16:30:56.290 I/GRALLOC (  679): 	 iova_size=8486912,conUsg=0x900,proUsg=0x900,	 strd=1088,[afbc]HdrStrd=1088 PyldStrd=69632 Scrmbl=2,ionhnd = 1 
06-24 16:30:56.292 I/GRALLOC (  679): 	 shrFd=10,fmt=0x1,intFmt=0x200000001,btStrd=4352,size=8486912,pid=679 
06-24 16:30:56.292 I/GRALLOC (  679): 	 yuv=2,w=1080,h=1920,Stride u=0 v=0,offset u=0 v=0 
06-24 16:30:56.292 I/GRALLOC (  679): 	 iova_size=8486912,conUsg=0x900,proUsg=0x900,	 strd=1088,[afbc]HdrStrd=1088 PyldStrd=69632 Scrmbl=2,ionhnd = 1 
06-24 16:30:56.292 I/wangchen( 7035): SysInfo.getSysParam: orientation=1||config d=3.0,w=1080,h=1920||metrics d=3.0,w=1080,h=1920||sdk=26,bar_h=72
06-24 16:30:56.292 I/KeymapLoader( 7035): w=1080 h=1920 ori=true appScale=3.3 s1=3.0
06-24 16:30:56.294 D/mali_winsys( 7888): EGLint new_window_surface(egl_winsys_display *, void *, EGLSurface, EGLConfig, egl_winsys_surface **, egl_color_buffer_format *, EGLBoolean) returns 0x3000
06-24 16:30:56.295 E/vndksupport( 7888): Could not load vendor/lib/egl/libGLES_mali_v2.so from sphal namespace: dlopen failed: library "vendor/lib/egl/libGLES_mali_v2.so" not found.
06-24 16:30:56.301 D/BarTransitions.HwPhoneStatusBarView( 1513): MODE_TRANSPARENT -> MODE_TRANSLUCENT animate=false
06-24 16:30:56.301 D/BarTransitions.HwPhoneStatusBarView( 1513): applyModeBackground oldMode=MODE_TRANSPARENT newMode=MODE_TRANSLUCENT animate=false
06-24 16:30:56.302 D/StatusBarIconController( 1513): setIconVisibility icon is null or visibility not change visibility=false
06-24 16:30:56.302 D/PMS11423(  657): package:com.excelliance.dualaid, input flags:128, output hwFlags:0
06-24 16:30:56.322 I/GRALLOC (  679): 	 shrFd=10,fmt=0x1,intFmt=0x200000001,btStrd=4352,size=8486912,pid=679 
06-24 16:30:56.322 I/GRALLOC (  679): 	 yuv=2,w=1080,h=1920,Stride u=0 v=0,offset u=0 v=0 
06-24 16:30:56.322 I/GRALLOC (  679): 	 iova_size=8486912,conUsg=0xb00,proUsg=0xb00,	 strd=1088,[afbc]HdrStrd=1088 PyldStrd=69632 Scrmbl=2,ionhnd = 1 
06-24 16:30:56.329 D/WindowManager(  657): finishDrawingWindow: Window{6f9c9c2 u0 com.excelliance.dualaid/com.excelliance.kxqp.swipe.NavActivity2} mDrawState=DRAW_PENDING
06-24 16:30:56.330 V/WindowManager(  657): Checking 1 opening apps (frozen=false timeout=false)...
06-24 16:30:56.330 V/WindowManager(  657): Check opening app=AppWindowToken{22a033f token=Token{28cc35e ActivityRecord{8460499 u0 com.excelliance.dualaid/com.excelliance.kxqp.swipe.NavActivity2 t16049}}}: allDrawn=true startingDisplayed=false startingMoved=false isRelaunching()=false
06-24 16:30:56.332 D/ImageWallpaper( 1513): onVisibilityChanged: mVisible, visible=true, false
06-24 16:30:56.332 D/ImageWallpaper( 1513): Visibility changed to visible=false
06-24 16:30:56.333 D/BarTransitions.HwPhoneStatusBarView( 1513): MODE_TRANSLUCENT -> MODE_TRANSPARENT animate=false
06-24 16:30:56.333 D/BarTransitions.HwPhoneStatusBarView( 1513): applyModeBackground oldMode=MODE_TRANSLUCENT newMode=MODE_TRANSPARENT animate=false
06-24 16:30:56.334 E/BufferQueueProducer(  710): [com.huawei.android.launcher/com.huawei.android.launcher.unihome.UniHomeLauncher#0] disconnect: not connected (req=1)
06-24 16:30:56.334 W/libEGL  ( 2519): EGLNativeWindowType 0x74825f5010 disconnect failed
06-24 16:30:56.336 I/ActivityManager(  657): Displayed com.excelliance.dualaid/com.excelliance.kxqp.swipe.NavActivity2: +186ms (total +3s956ms)
06-24 16:30:56.336 I/WindowManager(  657): notifyAccessibilityButtonVisibilityChanged visible:false
06-24 16:30:56.344 W/dex2oat ( 7970): Using default instruction set features for ARM CPU variant (default) using conservative defaults
06-24 16:30:56.344 I/dex2oat ( 7970): /system/bin/dex2oat -j4 --dex-file=/data/data/com.excelliance.dualaid/.platformcache/main.jar --output-vdex-fd=47 --oat-fd=48 --oat-location=/data/data/com.excelliance.dualaid/.platformcache/oat/arm/main.odex --compiler-filter=quicken
06-24 16:30:56.344 I/cutils-trace( 7970): atrace_init_once, trace_marker_path = /sys/kernel/debug/tracing/trace_marker
06-24 16:30:56.357 D/ActivityThread( 7888): Remove activity client record, r= ActivityRecord{cbe2ddc token=android.os.BinderProxy@d13fa03 {com.excelliance.dualaid/com.excelliance.kxqp.ui.HelloActivity}} token= android.os.BinderProxy@d13fa03
06-24 16:30:56.357 V/WindowManager(  657): notifyAppStopped: AppWindowToken{d3a938b token=Token{377755a ActivityRecord{d5c9105 u0 com.huawei.android.launcher/.unihome.UniHomeLauncher t15658}}}
06-24 16:30:56.357 E/WindowManager(  657): win=Window{68d6975 u0 com.huawei.android.launcher/com.huawei.android.launcher.unihome.UniHomeLauncher} destroySurfaces: appStopped=true win.mWindowRemovalAllowed=false win.mRemoveOnExit=false
06-24 16:30:56.357 I/WindowManager(  657): Destroying surface Surface(name=com.huawei.android.launcher/com.huawei.android.launcher.unihome.UniHomeLauncher) called by com.android.server.wm.WindowStateAnimator.destroySurface:2060 com.android.server.wm.WindowStateAnimator.destroySurfaceLocked:873 com.android.server.wm.HwWindowStateAnimator.destroySurfaceLocked:1006 com.android.server.wm.WindowState.destroyOrSaveSurfaceUnchecked:2990 com.android.server.wm.WindowState.destroySurface:2951 com.android.server.wm.AppWindowToken.destroySurfaces:654 com.android.server.wm.AppWindowToken.destroySurfaces:638 com.android.server.wm.AppWindowToken.notifyAppStopped:682 
06-24 16:30:56.358 W/ActivityManager(  657): Sending non-protected broadcast huawei.action.floattasks.STATUS_BAR_STATE_CHANGED from system 1513:com.android.systemui/u0a39 pkg com.android.systemui
06-24 16:30:56.358 W/HwKeyguardDragHelper( 1513): AnimationBlocked
06-24 16:30:56.359 D/BarTransitions.HwPhoneStatusBarView( 1513): MODE_TRANSPARENT -> MODE_TRANSLUCENT animate=false
06-24 16:30:56.359 D/BarTransitions.HwPhoneStatusBarView( 1513): applyModeBackground oldMode=MODE_TRANSPARENT newMode=MODE_TRANSLUCENT animate=false
06-24 16:30:56.360 D/BarTransitions.HwNavigationBarView( 1513): MODE_TRANSLUCENT -> MODE_OPAQUE animate=false
06-24 16:30:56.360 D/BarTransitions.HwNavigationBarView( 1513): applyModeBackground oldMode=MODE_TRANSLUCENT newMode=MODE_OPAQUE animate=false
06-24 16:30:56.361 V/WindowManager(  657): removeAppToken: AppWindowToken{9731247 token=Token{ff40986 ActivityRecord{2536a61 u0 com.excelliance.dualaid/com.excelliance.kxqp.ui.HelloActivity t16049}}} delayed=false Callers=com.android.server.wm.DisplayContent.removeAppToken:985 com.android.server.wm.AppWindowContainerController.removeContainer:348 com.android.server.am.ActivityRecord.removeWindowContainer:1039 com.android.server.am.ActivityStack.removeActivityFromHistoryLocked:4491 
06-24 16:30:56.362 D/HwGameAssistantController(  657): pid=2519, uid=10056, foreground=false
06-24 16:30:56.363 W/AwareLog(  657): SchedLevelBoost: onFgActivitiesChanged config not set!
06-24 16:30:56.542 I/HwNormalizedSpline(  657): getEyeProtectionBrightnessLevel lux =239.0, mDefaultBrightnessFromLux =68.645
06-24 16:30:56.588 E/Thermal-daemon(  764): [charger_ic] temp_new :40  temp_old :39
06-24 16:30:56.588 I/ThermalService( 1699): Receive temperature change, type: 2, temp: 40 from thermald
06-24 16:30:56.589 D/HwThermalStateManager( 1699): Thermal type: 2 cur_temperature:40
06-24 16:30:56.589 E/Thermal-daemon(  764): Report temperature: [charger_ic] temp :40  report_threshold:1
06-24 16:30:56.589 E/Thermal-daemon(  764): [flash_led] temp_new :38  temp_old :39
06-24 16:30:56.589 I/ThermalService( 1699): Receive temperature change, type: 3, temp: 38 from thermald
06-24 16:30:56.590 D/HwThermalStateManager( 1699): Thermal type: 3 cur_temperature:38
06-24 16:30:56.590 W/HwThermalStateManager( 1699): warning: no config thermal type:3 temperature:38
06-24 16:30:56.590 E/Thermal-daemon(  764): Report temperature: [flash_led] temp :38  report_threshold:1
06-24 16:30:56.749 I/dex2oat ( 7970): dex2oat took 405.507ms (986.137ms cpu) (threads: 4) arena alloc=85KB (87616B) java alloc=2MB (3127336B) native alloc=4MB (4679248B) free=2MB (2660784B)
06-24 16:30:56.763 D/PMS11423(  657): package:com.excelliance.dualaid, input flags:128, output hwFlags:0
06-24 16:30:56.800 W/dex2oat ( 7997): Using default instruction set features for ARM CPU variant (default) using conservative defaults
06-24 16:30:56.801 I/dex2oat ( 7997): /system/bin/dex2oat -j4 --dex-file=/data/data/com.excelliance.dualaid/.platformcache/kxqpplatform2.jar --output-vdex-fd=48 --oat-fd=49 --oat-location=/data/data/com.excelliance.dualaid/.platformcache/oat/arm/kxqpplatform2.odex --compiler-filter=quicken
06-24 16:30:56.801 I/cutils-trace( 7997): atrace_init_once, trace_marker_path = /sys/kernel/debug/tracing/trace_marker
06-24 16:30:56.809 I/GRALLOC (  679): 	 shrFd=10,fmt=0x1,intFmt=0x200000001,btStrd=4352,size=8486912,pid=679 
06-24 16:30:56.809 I/GRALLOC (  679): 	 yuv=2,w=1080,h=1920,Stride u=0 v=0,offset u=0 v=0 
06-24 16:30:56.809 I/GRALLOC (  679): 	 iova_size=8486912,conUsg=0xb00,proUsg=0xb00,	 strd=1088,[afbc]HdrStrd=1088 PyldStrd=69632 Scrmbl=2,ionhnd = 1 
06-24 16:30:56.860 I/GRALLOC (  679): 	 shrFd=10,fmt=0x1,intFmt=0x200000001,btStrd=4352,size=8486912,pid=679 
06-24 16:30:56.860 I/GRALLOC (  679): 	 yuv=2,w=1080,h=1920,Stride u=0 v=0,offset u=0 v=0 
06-24 16:30:56.860 I/GRALLOC (  679): 	 iova_size=8486912,conUsg=0xb00,proUsg=0xb00,	 strd=1088,[afbc]HdrStrd=1088 PyldStrd=69632 Scrmbl=2,ionhnd = 1 
06-24 16:30:56.998 I/dex2oat ( 7997): dex2oat took 197.414ms (422.747ms cpu) (threads: 4) arena alloc=62KB (63808B) java alloc=2MB (2283472B) native alloc=2MB (2306248B) free=2MB (2936632B)
06-24 16:30:57.069 D/PMS11423(  657): package:com.excelliance.dualaid, input flags:0, output hwFlags:0
06-24 16:30:57.082 E/MemoryLeakMonitorManager( 7918): MemoryLeakMonitor.jar is not exist!
06-24 16:30:57.082 D/CrashHandler( 7918): CrashHandler
06-24 16:30:57.083 D/KXQPApplication( 7918): run: initUserManager
06-24 16:30:57.084 E/Minikin ( 7918): Could not get cmap table size!
06-24 16:30:57.084 D/PMS11423(  657): package:com.excelliance.dualaid, input flags:128, output hwFlags:0
06-24 16:30:57.092 D/AirPushService( 7918): 第一次触发
06-24 16:30:57.094 D/PMS1000 (  657): package:com.excelliance.dualaid, input flags:8192, output hwFlags:0
