--------- beginning of main
06-24 16:17:42.148 I/appium  (15693): channel read invoked!
06-24 16:17:42.148 I/appium  (15693): channel read: GET /wd/hub/status
06-24 16:17:42.151 I/appium  (15693): AppiumResponse: {"sessionId":"SESSIONID","status":0,"value":"Status Invoked"}
06-24 16:17:42.180 I/appium  (15693): channel read invoked!
06-24 16:17:42.180 I/appium  (15693): channel read: POST /wd/hub/session
06-24 16:17:42.181 D/appium  (15693): payload: {"desiredCapabilities":{"platform":"LINUX","webStorageEnabled":false,"takesScreenshot":true,"javascriptEnabled":true,"databaseEnabled":false,"networkConnectionEnabled":true,"locationContextEnabled":false,"warnings":{},"desired":{"platformName":"Android","platformVersion":"8.0.0\n","deviceName":"CSX0217930000442","appPackage":"com.excelliance.dualaid","appActivity":"com.excelliance.kxqp.ui.HelloActivity","newCommandTimeout":30000,"automationName":"uiautomator2"},"platformName":"Android","platformVersion":"8.0.0","deviceName":"CSX0217930000442","appPackage":"com.excelliance.dualaid","appActivity":"com.excelliance.kxqp.ui.HelloActivity","newCommandTimeout":30000,"automationName":"uiautomator2","deviceUDID":"CSX0217930000442","deviceScreenSize":"1080x1920","deviceScreenDensity":480,"deviceModel":"STF-AL10","deviceManufacturer":"HUAWEI"}}
06-24 16:17:42.185 I/appium  (15693): Session Created with SessionID:1eed4334-17c4-490d-a3a9-12315532ad6b
06-24 16:17:42.186 I/appium  (15693): AppiumResponse: {"sessionId":"1eed4334-17c4-490d-a3a9-12315532ad6b","status":0,"value":"Created Session"}
06-24 16:17:42.255 I/TrafficMonitor(  657): update:rxPkts:0,txPkts:2,rxBytes:0,txBytes:120
06-24 16:17:42.255 I/TrafficMonitor(  657): start expired. level:-1
06-24 16:17:42.256 I/TrafficMonitor(  657): gettimer:interval=2000
--------- beginning of system
06-24 16:17:42.284 I/ActivityManager(  657): Force stopping com.excelliance.dualaid appid=11422 user=0: from pid 15733by app
06-24 16:17:42.294 D/NetWorkUtils( 1513): mVSimCurCardType is -1
06-24 16:17:42.303 I/ActivityManager(  657): Killing 9161:com.google.android.partnersetup/u0a126 (adj 906): empty for 1800s
06-24 16:17:42.318 V/AlarmManager(  657): UninstallReceiver onReceive action:android.intent.action.PACKAGE_RESTARTED
06-24 16:17:42.299 D/NetWorkUtils( 1513): mVSimCurCardType is -1
06-24 16:17:42.324 D/HwBastetService(  657): BroadcastReceiver android.intent.action.PACKAGE_RESTARTED
06-24 16:17:42.324 I/HwCoreAppHelperService( 1478): LocalReceiver receives:android.intent.action.PACKAGE_RESTARTED,pkg:com.excelliance.dualaid,uid:11422
06-24 16:17:42.330 E/NfcNci  ( 2677): NfcUtils error: APP have nfc permission
06-24 16:17:42.337 D/PMS1027 (  657): package:com.google.android.apps.walletnfcrel, input flags:8192, output is null
06-24 16:17:42.337 D/HwGpsPowerTracker(  657): LocalReceiver receives:android.intent.action.PACKAGE_RESTARTED
06-24 16:17:42.338 D/PMS1000 (  657): package:com.excelliance.dualaid, input flags:0, output hwFlags:0
06-24 16:17:42.341 D/CarrierSvcBindHelper( 1715): No carrier app for: 0
06-24 16:17:42.341 D/ApduServiceInfo( 2677): No com.nxp.nfc.extensions meta-data
06-24 16:17:42.342 D/CarrierSvcBindHelper( 1715): No carrier app for: 1
06-24 16:17:42.344 D/ApduServiceInfo( 2677): No com.nxp.nfc.extensions meta-data
06-24 16:17:42.350 D/ActivityManager(  657): cleanUpApplicationRecord app: ProcessRecord{1f831eb 9161:com.google.android.partnersetup/u0a126}, app.bad: false, restarting: false, allowRestart: true
06-24 16:17:42.348 I/chatty  ( 2677): uid=1027(nfc) com.android.nfc identical 1 line
06-24 16:17:42.352 D/ApduServiceInfo( 2677): No com.nxp.nfc.extensions meta-data
06-24 16:17:42.353 E/HsmCoreServiceImpl( 1478): onTransact in code is: 102
06-24 16:17:42.354 I/MediaProcessHandler( 1478): processOp opType: 1, uid: 10126, pid: 9161
06-24 16:17:42.354 W/AwareLog(  657): SchedLevelBoost: onProcessDied config not set!
06-24 16:17:42.354 W/MediaProcessHandler( 1478): remove target not exist, maybe the UI process: uid: 10126, pid: 9161
06-24 16:17:42.354 I/MediaProcessHandler( 1478): executedCallBack opType: 1 mMediaStatusObservers.size=0
06-24 16:17:42.357 D/ApduServiceInfo( 2677): No com.nxp.nfc.extensions meta-data
06-24 16:17:42.357 E/ApduServiceInfo( 2677): SE extension not present, Setting default offhost seID
06-24 16:17:42.371 E/NfcNci  ( 2677): NfcUtils error: APP have nfc permission
06-24 16:17:42.567 I/ActivityManager(  657): START u0 {act=android.intent.action.MAIN cat=[android.intent.category.LAUNCHER] flg=0x10200000 cmp=com.excelliance.dualaid/com.excelliance.kxqp.ui.HelloActivity} from uid 2000
06-24 16:17:42.575 I/ash     ( 1699): front pkg : com.excelliance.dualaid launcher: false
06-24 16:17:42.575 I/ash     ( 1699): above launcher front pkgs: [com.excelliance.dualaid]
06-24 16:17:42.575 I/ActivityManager(  657): ActivityRecord info: ActivityInfo{fd8bd93 com.excelliance.kxqp.ui.HelloActivity}
06-24 16:17:42.576 D/PMS1000 (  657): package:com.excelliance.dualaid, input flags:268436480, output hwFlags:0
06-24 16:17:42.584 V/WindowManager(  657): addAppToken: AppWindowToken{5479fef token=Token{74124ce ActivityRecord{2d245c9 u0 com.excelliance.dualaid/com.excelliance.kxqp.ui.HelloActivity t16031}}} controller={TaskWindowContainerController taskId=16031} at 2147483647
06-24 16:17:42.587 D/MotionDetectionManager( 2519): stopMotionAppsReco motionApps: 403
06-24 16:17:42.587 D/MotionDetectionManager( 2519): stopMotionAppsReco not recognition motionApps 403
06-24 16:17:42.587 W/HwLauncher( 2519): Launcher.MotionManager stopMotionAppsReco service flg 403 is unavailable
06-24 16:17:42.588 I/ActivityManager(  657): mWaitingActivityLaunched add ComponentName = null
06-24 16:17:42.589 V/ActivityManager(  657): startProcess: name=com.excelliance.dualaid:olle app=null knownToBeDead=true thread=null pid=-1
06-24 16:17:42.590 D/PMS1000 (  657): package:com.excelliance.dualaid, input flags:0, output hwFlags:0
06-24 16:17:42.597 I/ActivityManager(  657): Start proc 15740:com.excelliance.dualaid:olle/u0a1422 for activity com.excelliance.dualaid/com.excelliance.kxqp.ui.HelloActivity
06-24 16:17:42.598 V/WindowManager(  657): No longer Stopped: AppWindowToken{5479fef token=Token{74124ce ActivityRecord{2d245c9 u0 com.excelliance.dualaid/com.excelliance.kxqp.ui.HelloActivity t16031}}}
06-24 16:17:42.598 V/ActivityManager(  657): startProcess: name=com.excelliance.dualaid:olle app=ProcessRecord{4141afc 15740:com.excelliance.dualaid:olle/u0a1422} knownToBeDead=true thread=null pid=15740
06-24 16:17:42.598 I/AwareLog(  769): IAWARE_PREREAD_FILE
06-24 16:17:42.599 D/AwareLog(  769): iawared: touch_file  base.odex
06-24 16:17:42.599 D/AwareLog(  769): iawared: touch_file  base.vdex
06-24 16:17:42.599 D/AwareLog(  769): preread_pkgfile com.excelliance.dualaid took 0 ms
06-24 16:17:42.599 D/AwareLog(  769): preread_pkgfile com.excelliance.dualaid read 507904 Bytes.
06-24 16:17:42.599 I/        (15740): power log dlsym ok
06-24 16:17:42.602 I/zygote  (15740): Reinit property: dalvik.vm.checkjni= false
06-24 16:17:42.603 I/PGServer( 1699): android calls fast hibernateApps
06-24 16:17:42.603 I/AppFastHibernation( 1699): fast hibernate duration: 1500 reason: start activity
06-24 16:17:42.604 I/Pged-IPgedBinderService(  769): ****action is 1, pid num is 6***
06-24 16:17:42.604 I/Pged-Freezer(  769): freezePids
06-24 16:17:42.604 I/Pged-Freezer(  769): Freeze process: 29457
06-24 16:17:42.604 I/Pged-Freezer(  769): Freeze process: 29531
06-24 16:17:42.604 I/Pged-Freezer(  769): Freeze process: 14942
06-24 16:17:42.605 I/Pged-Freezer(  769): Freeze process: 15544
06-24 16:17:42.605 I/Pged-Freezer(  769): Freeze process: 15693
06-24 16:17:42.605 D/PgedBinderAdapter( 1699): frz ok, pid: [29457, 29531, 14942, 15544, 15693]
06-24 16:17:42.606 D/PMS1000 (  657): package:com.excelliance.dualaid, input flags:1, output hwFlags:0
06-24 16:17:42.613 D/ActivityThread(15740): ActivityThread,attachApplication
06-24 16:17:42.614 D/ActivityManager(  657): ActivityManagerService,attachApplication,callingPid = 15740
06-24 16:17:42.616 V/WindowManager(  657): No longer Stopped: AppWindowToken{5479fef token=Token{74124ce ActivityRecord{2d245c9 u0 com.excelliance.dualaid/com.excelliance.kxqp.ui.HelloActivity t16031}}}
06-24 16:17:42.625 V/WindowManager(  657): findFocusedWindow: AppWindowToken{d3a938b token=Token{377755a ActivityRecord{d5c9105 u0 com.huawei.android.launcher/.unihome.UniHomeLauncher t15658}}} below Reached focused app=AppWindowToken{5479fef token=Token{74124ce ActivityRecord{2d245c9 u0 com.excelliance.dualaid/com.excelliance.kxqp.ui.HelloActivity t16031}}}
06-24 16:17:42.625 D/ScenarioService( 1699): front pkg : com.excelliance.dualaid launcher: false
06-24 16:17:42.626 D/ScenarioService( 1699): new above launcher front pkgs: [com.excelliance.dualaid]
06-24 16:17:42.626 I/AppsUsage( 1699): scnOff:false FgAPP:com.excelliance.dualaid BgAPP:com.huawei.android.launcher
06-24 16:17:42.627 D/EmcomManagerService(  657): forePackage name is com.excelliance.dualaid
06-24 16:17:42.627 D/HicomPolicyManager(  657): foreAppInfo = nullpkgName = com.excelliance.dualaid uid= 11422
06-24 16:17:42.627 E/HicomPolicyManager(  657): udp acc is not start yet!
06-24 16:17:42.627 D/HicomPolicyManager(  657): speed control is not start
06-24 16:17:42.627 E/HicomPolicyManager(  657): Network Evaluation is not start yet!
06-24 16:17:42.627 E/HicomPolicyManager(  657): foreground app info is null
06-24 16:17:42.628 V/WindowManager(  657): Checking 1 opening apps (frozen=false timeout=false)...
06-24 16:17:42.628 V/WindowManager(  657): Check opening app=AppWindowToken{5479fef token=Token{74124ce ActivityRecord{2d245c9 u0 com.excelliance.dualaid/com.excelliance.kxqp.ui.HelloActivity t16031}}}: allDrawn=false startingDisplayed=false startingMoved=false isRelaunching()=false
06-24 16:17:42.630 I/PGServer( 1699): report state:10010 event type:2 pid:0 uid:0 pkg:com.huawei.android.launcher to pid: 657
06-24 16:17:42.630 D/[HwRecSys]HwRecSysService( 2647): onEvent actionID: 10000 msg:com.excelliance.dualaid		
06-24 16:17:42.630 I/PGServer( 1699): report state:10010 event type:2 pid:0 uid:0 pkg:com.huawei.android.launcher to pid: 1699
06-24 16:17:42.630 E/[HwRecSys]HwRecSysService( 2647): getIsRportDirectService is false!
06-24 16:17:42.630 I/SceneReceiver( 1699): state type: 10010 eventType:2 pid:0 uid:0 pkg:com.huawei.android.launcher
06-24 16:17:42.630 I/PGServer( 1699): report state:10000 event type:1 pid:0 uid:0 pkg:com.excelliance.dualaid to pid: 657
06-24 16:17:42.630 I/PGServer( 1699): report state:10000 event type:1 pid:0 uid:0 pkg:com.excelliance.dualaid to pid: 1699
06-24 16:17:42.630 I/SceneReceiver( 1699): state type: 10000 eventType:1 pid:0 uid:0 pkg:com.excelliance.dualaid
06-24 16:17:42.630 D/HwThermalStateManager( 1699): current foreapp pkg : com.excelliance.dualaid
06-24 16:17:42.630 I/PGServer( 1699): checkPkgType. calling pkg: android
06-24 16:17:42.631 I/PGServer( 1699): checkPkgType. calling pkg: android
06-24 16:17:42.633 W/libc    ( 1699): Set property "sys.aps.gameProcessName" to ""
06-24 16:17:42.633 D/HwWifiStatStore(  657): handleMessage : 200
06-24 16:17:42.634 W/libc    ( 1699): Set property "sys.aps.browserProcessName" to ""
06-24 16:17:42.635 D/PMS1000 (  657): package:com.excelliance.dualaid, input flags:0, output hwFlags:0
06-24 16:17:42.635 D/HwQoEUtils(  657): mForegroundAppPackageName: com.excelliance.dualaid:olle ,score: 0
06-24 16:17:42.636 D/HwQoEUtils(  657): APP type: -1 appName= com.excelliance.dualaid:olle
06-24 16:17:42.636 D/HwQoEUtils(  657): RealAppName:com.excelliance.dualaid
06-24 16:17:42.637 W//system/bin/hwservicemanager(  416): Cannot open /odm/manifest.xml
06-24 16:17:42.637 D/HwQoEUtils(  657): no game, APP_TYPE_GAME, appName =com.excelliance.dualaid:olle
06-24 16:17:42.638 D/HwGameAssistantController(  657): pid=15740, uid=11422, foreground=true
06-24 16:17:42.638 W/AwareLog(  657): SchedLevelBoost: onFgActivitiesChanged config not set!
06-24 16:17:42.639 I/GRALLOC (  679): 	 shrFd=10,fmt=0x1,intFmt=0x200000001,btStrd=4352,size=8486912,pid=679 
06-24 16:17:42.639 I/GRALLOC (  679): 	 yuv=2,w=1080,h=1920,Stride u=0 v=0,offset u=0 v=0 
06-24 16:17:42.639 I/GRALLOC (  679): 	 iova_size=8486912,conUsg=0xb00,proUsg=0xb00,	 strd=1088,[afbc]HdrStrd=1088 PyldStrd=69632 Scrmbl=2,ionhnd = 1 
06-24 16:17:42.640 I/HwNetworkPolicy(  657): onTransact, code = 203
06-24 16:17:42.640 I/HwNetworkPolicyManager( 1813): getHwUidPolicy uid = 11422 policy = 0
06-24 16:17:42.641 I/PGServer( 1699): checkPkgType. calling pkg: com.huawei.iaware
06-24 16:17:42.641 V/AudioManager( 1699): setParameters  keyValuePairs: updateAppLowPowerParams=167783582
06-24 16:17:42.648 D/HwFLClassLoader(15740): get used feature list :/feature/used-list failed!
06-24 16:17:42.648 D/HwFLClassLoader(15740): USE_FEATURE_LIST had not init! 
06-24 16:17:42.649 W//system/bin/hwservicemanager(  416): Cannot open /odm/manifest.xml
06-24 16:17:42.651 I/GRALLOC (  679): 	 shrFd=10,fmt=0x1,intFmt=0x1,btStrd=256,size=4096,pid=679 
06-24 16:17:42.651 I/GRALLOC (  679): 	 yuv=2,w=16,h=16,Stride u=0 v=0,offset u=0 v=0 
06-24 16:17:42.651 I/GRALLOC (  679): 	 iova_size=4096,conUsg=0x100,proUsg=0x100,	 strd=64,[afbc]HdrStrd=0 PyldStrd=0 Scrmbl=0,ionhnd = 1 
06-24 16:17:42.663 E/MemoryLeakMonitorManager(15740): MemoryLeakMonitor.jar is not exist!
06-24 16:17:42.663 D/CrashHandler(15740): CrashHandler
06-24 16:17:42.664 D/KXQPApplication(15740): run: initUserManager
06-24 16:17:42.664 E/Minikin (15740): Could not get cmap table size!
06-24 16:17:42.665 D/PMS11422(  657): package:com.excelliance.dualaid, input flags:128, output hwFlags:0
06-24 16:17:42.673 I/HwCust  (15740): Constructor found for class android.app.HwCustActivityImpl
06-24 16:17:42.673 D/HwCust  (15740): Create obj success use class android.app.HwCustActivityImpl
06-24 16:17:42.675 V/HwPolicyFactory(15740): : success to get AllImpl object and return....
06-24 16:17:42.677 I/HwCust  (15740): Constructor found for class android.app.HwCustHwWallpaperManagerImpl
06-24 16:17:42.677 D/HwCust  (15740): Create obj success use class android.app.HwCustHwWallpaperManagerImpl
06-24 16:17:42.678 D/PMS11422(  657): package:com.excelliance.dualaid, input flags:0, output hwFlags:0
06-24 16:17:42.679 V/HwWidgetFactory(15740): : successes to get AllImpl object and return....
06-24 16:17:42.680 V/ActivityThread(15740): ActivityThread,callActivityOnCreate
06-24 16:17:42.681 D/HelloActivity(15740): Memory:25146M
06-24 16:17:42.682 D/HelloActivity(15740): onCreate: true
06-24 16:17:42.683 D/HelloActivity(15740): is code boot
06-24 16:17:42.686 D/HelloActivity(15740): mIsNav = false
06-24 16:17:42.796 D/HelloActivity(15740): defDisplayStyle:5
06-24 16:17:42.798 D/HttpUtils(15740): getDownloadMode()
06-24 16:17:42.798 D/NetUtils(15740): init inited = true
06-24 16:17:42.798 D/HelloActivity(15740): enter Nav2
06-24 16:17:42.801 D/NetworkSecurityConfig(15740): No Network Security Config specified, using platform default
06-24 16:17:42.801 I/ActivityManager(  657): START u0 {pkg=com.excelliance.dualaid cmp=com.excelliance.dualaid/com.excelliance.kxqp.swipe.NavActivity2 (has extras)} from uid 11422
06-24 16:17:42.801 I/ActivityManager(  657): ActivityRecord info: ActivityInfo{a87e501 com.excelliance.kxqp.swipe.NavActivity2}
06-24 16:17:42.802 V/WindowManager(  657): findFocusedWindow: AppWindowToken{d3a938b token=Token{377755a ActivityRecord{d5c9105 u0 com.huawei.android.launcher/.unihome.UniHomeLauncher t15658}}} below Reached focused app=AppWindowToken{5479fef token=Token{74124ce ActivityRecord{2d245c9 u0 com.excelliance.dualaid/com.excelliance.kxqp.ui.HelloActivity t16031}}}
06-24 16:17:42.803 W/libc    (  493): Set property "hw.wifi.dns_stat" to "33689,29182,5028,1,52531"
06-24 16:17:42.804 V/WindowManager(  657): addAppToken: AppWindowToken{6c2cd94 token=Token{1fd9de7 ActivityRecord{368ffa6 u0 com.excelliance.dualaid/com.excelliance.kxqp.swipe.NavActivity2 t16031}}} controller={TaskWindowContainerController taskId=16031} at 2147483647
06-24 16:17:42.809 V/ActivityManager(  657): startProcess: name=com.excelliance.dualaid app=null knownToBeDead=true thread=null pid=-1
06-24 16:17:42.810 D/PMS1000 (  657): package:com.excelliance.dualaid, input flags:0, output hwFlags:0
06-24 16:17:42.817 I/ActivityManager(  657): Start proc 15765:com.excelliance.dualaid/u0a1422 for service com.excelliance.dualaid/com.excelliance.kxqp.SmtServService
06-24 16:17:42.817 I/        (15765): power log dlsym ok
06-24 16:17:42.819 I/zygote  (15765): Reinit property: dalvik.vm.checkjni= false
06-24 16:17:42.825 D/HwNetworkManagementService(  657): code == CODE_GET_AD_KEY_LIST
06-24 16:17:42.825 D/ActivityThread(15765): ActivityThread,attachApplication
06-24 16:17:42.825 D/HwNetworkManagementService(  657): appName = com.excelliance.dualaid  is not in the mAdViewMap! reply none
06-24 16:17:42.825 D/HwNetworkManagementService(  657): appName = com.excelliance.dualaid  is not in the mAdIdMap! reply none
06-24 16:17:42.826 D/ActivityManager(  657): ActivityManagerService,attachApplication,callingPid = 15765
06-24 16:17:42.826 D/ActivityThread(15740): add activity client record, r= ActivityRecord{cbe2ddc token=android.os.BinderProxy@d13fa03 {com.excelliance.dualaid/com.excelliance.kxqp.ui.HelloActivity}} token= android.os.BinderProxy@d13fa03
06-24 16:17:42.828 V/WindowManager(  657): No longer Stopped: AppWindowToken{6c2cd94 token=Token{1fd9de7 ActivityRecord{368ffa6 u0 com.excelliance.dualaid/com.excelliance.kxqp.swipe.NavActivity2 t16031}}}
06-24 16:17:42.828 D/ActivityManager(  657): allPausedActivitiesComplete: r=ActivityRecord{2d245c9 u0 com.excelliance.dualaid/com.excelliance.kxqp.ui.HelloActivity t16031 f} state=PAUSING
06-24 16:17:42.831 V/WindowManager(  657): No longer Stopped: AppWindowToken{6c2cd94 token=Token{1fd9de7 ActivityRecord{368ffa6 u0 com.excelliance.dualaid/com.excelliance.kxqp.swipe.NavActivity2 t16031}}}
06-24 16:17:42.833 W//system/bin/hwservicemanager(  416): Cannot open /odm/manifest.xml
06-24 16:17:42.834 V/WindowManager(  657): Checking 1 opening apps (frozen=false timeout=false)...
06-24 16:17:42.834 V/WindowManager(  657): Check opening app=AppWindowToken{6c2cd94 token=Token{1fd9de7 ActivityRecord{368ffa6 u0 com.excelliance.dualaid/com.excelliance.kxqp.swipe.NavActivity2 t16031}}}: allDrawn=false startingDisplayed=false startingMoved=false isRelaunching()=false
06-24 16:17:42.836 D/HwCust  (15740): Create obj success use class android.app.HwCustActivityImpl
06-24 16:17:42.836 D/HwCust  (15740): Create obj success use class android.app.HwCustHwWallpaperManagerImpl
06-24 16:17:42.837 V/ActivityThread(15740): ActivityThread,callActivityOnCreate
06-24 16:17:42.842 D/NavActivity2(15740): onCreate
06-24 16:17:42.845 D/HwFLClassLoader(15765): get used feature list :/feature/used-list failed!
06-24 16:17:42.845 D/HwFLClassLoader(15765): USE_FEATURE_LIST had not init! 
06-24 16:17:42.847 W/Utils   (15740): Utils_isSuperResolutionSupport [load libai_client.so failed]
06-24 16:17:42.848 W//system/bin/hwservicemanager(  416): Cannot open /odm/manifest.xml
06-24 16:17:42.848 I/GRALLOC (  679): 	 shrFd=10,fmt=0x1,intFmt=0x1,btStrd=256,size=4096,pid=679 
06-24 16:17:42.848 I/GRALLOC (  679): 	 yuv=2,w=16,h=16,Stride u=0 v=0,offset u=0 v=0 
06-24 16:17:42.848 I/GRALLOC (  679): 	 iova_size=4096,conUsg=0x100,proUsg=0x100,	 strd=64,[afbc]HdrStrd=0 PyldStrd=0 Scrmbl=0,ionhnd = 1 
06-24 16:17:42.849 D/CubicBezierInterpolator(15740): CubicBezierInterpolator  mControlPoint1x = 0.23, mControlPoint1y = 0.06, mControlPoint2x = 0.09, mControlPoint2y = 0.97
06-24 16:17:42.849 D/CubicBezierInterpolator(15740): CubicBezierInterpolator  mControlPoint1x = 0.6, mControlPoint1y = 0.9, mControlPoint2x = 0.8, mControlPoint2y = 1.0
06-24 16:17:42.849 D/CubicBezierInterpolator(15740): CubicBezierInterpolator  mControlPoint1x = 0.23, mControlPoint1y = 0.06, mControlPoint2x = 0.09, mControlPoint2y = 0.97
06-24 16:17:42.849 D/CubicBezierInterpolator(15740): CubicBezierInterpolator  mControlPoint1x = 0.6, mControlPoint1y = 0.9, mControlPoint2x = 0.8, mControlPoint2y = 1.0
06-24 16:17:42.850 D/CubicBezierInterpolator(15740): CubicBezierInterpolator  mControlPoint1x = 0.23, mControlPoint1y = 0.06, mControlPoint2x = 0.09, mControlPoint2y = 0.97
06-24 16:17:42.850 D/CubicBezierInterpolator(15740): CubicBezierInterpolator  mControlPoint1x = 0.6, mControlPoint1y = 0.9, mControlPoint2x = 0.8, mControlPoint2y = 1.0
06-24 16:17:42.850 D/CubicBezierInterpolator(15740): CubicBezierInterpolator  mControlPoint1x = 0.23, mControlPoint1y = 0.06, mControlPoint2x = 0.09, mControlPoint2y = 0.97
06-24 16:17:42.850 D/CubicBezierInterpolator(15740): CubicBezierInterpolator  mControlPoint1x = 0.6, mControlPoint1y = 0.9, mControlPoint2x = 0.8, mControlPoint2y = 1.0
06-24 16:17:42.851 W/X509TrustManager(15740): checkServerTrusted: SignatureException:null
06-24 16:17:42.851 W/X509TrustManager(15740): checkServerTrusted: SignatureException:error:04000073:RSA routines:OPENSSL_internal:DATA_TOO_LARGE_FOR_MODULUS
06-24 16:17:42.852 I/audio_hw_primary(  687): usb_ext_get_parameters: check show hires (false)
06-24 16:17:42.853 I/hash_map_utils(  742): key: 'typec_need_show_hires' value: ''
06-24 16:17:42.854 I/HwAudioService(  657): check HiRes Icon false
06-24 16:17:42.855 W/ActivityManager(  657): Sending non-protected broadcast huawei.intent.action.hideHiResIcon from system uid 1000 pkg null
06-24 16:17:42.855 I/HwAudioService(  657): broadcastHiresIntent : false
06-24 16:17:42.855 W/ActivityManager(  657): Sending non-protected broadcast huawei.intent.action.hideHiResIcon from system uid 1000 pkg null
06-24 16:17:42.855 D/StatusBarIconController( 1513): setIconVisibility icon is null or visibility not change visibility=false
06-24 16:17:42.856 D/HwRTBlurUtils(15740): check blur style for HwPhoneWindow-, themeResId : 0x7f0e000a, context : com.excelliance.kxqp.swipe.NavActivity2@794246b, Nhwext : 0, get Blur : disable with , null
06-24 16:17:42.857 D/PMS11422(  657): package:com.excelliance.dualaid, input flags:128, output hwFlags:0
06-24 16:17:42.857 D/HwRTBlurUtils(15740): check blur style for HwPhoneWindow-, themeResId : 0x7f0e000a, context : com.excelliance.kxqp.swipe.NavActivity2@794246b, Nhwext : 0, get Blur : disable with , null
06-24 16:17:42.858 E/test    (15740): hw notch screen flag api error
06-24 16:17:42.860 D/ActivityThread(15740): add activity client record, r= ActivityRecord{414755e token=android.os.BinderProxy@31abee5 {com.excelliance.dualaid/com.excelliance.kxqp.swipe.NavActivity2}} token= android.os.BinderProxy@31abee5
06-24 16:17:42.861 D/PMS11422(  657): package:com.excelliance.dualaid, input flags:128, output hwFlags:0
06-24 16:17:42.862 E/ViewUtils(15740): setBgColor: view==null:top
06-24 16:17:42.865 D/PMS11422(  657): package:com.excelliance.dualaid, input flags:128, output hwFlags:0
06-24 16:17:42.871 D/OpenGLRenderer(15740):   HWUI Binary is  enabled
06-24 16:17:42.872 D/SurfaceFlinger(  710): SurfaceFlinger: getDisplayConfigs--3.000000, 1080, 1920
06-24 16:17:42.873 D/PMS11422(  657): package:com.excelliance.dualaid, input flags:128, output hwFlags:0
06-24 16:17:42.872 I/chatty  (  710): uid=1000(system) Binder:710_5 identical 1 line
06-24 16:17:42.872 D/SurfaceFlinger(  710): SurfaceFlinger: getDisplayConfigs--3.000000, 1080, 1920
06-24 16:17:42.873 D/OpenGLRenderer(15740): HWUI GL Pipeline
06-24 16:17:42.878 V/WindowManager(  657): Adding Window{5d84dfb u0 com.excelliance.dualaid/com.excelliance.kxqp.swipe.NavActivity2} to AppWindowToken{6c2cd94 token=Token{1fd9de7 ActivityRecord{368ffa6 u0 com.excelliance.dualaid/com.excelliance.kxqp.swipe.NavActivity2 t16031}}}
06-24 16:17:42.878 V/WindowManager(  657): addWindow: New client android.os.BinderProxy@ec6d38a: window=Window{5d84dfb u0 com.excelliance.dualaid/com.excelliance.kxqp.swipe.NavActivity2} Callers=com.android.server.wm.HwWindowManagerService.addWindow:562 com.android.server.wm.Session.addToDisplay:199 android.view.IWindowSession$Stub.onTransact:124 com.android.server.wm.Session.onTransact:161 android.os.Binder.execTransact:675 
06-24 16:17:42.879 D/PMS11422(  657): package:com.excelliance.dualaid, input flags:128, output hwFlags:0
06-24 16:17:42.887 D/PMS11422(  657): package:com.excelliance.dualaid, input flags:128, output hwFlags:0
06-24 16:17:42.888 D/HwGalleryCacheManagerImpl(15740): mIsEffect:false
06-24 16:17:42.889 D/HttpUtils(15740): getResponseCode():200
06-24 16:17:42.889 D/WHEG    (15740): {"status":"0","controls":"","skip":"0"}
06-24 16:17:42.889 V/WindowManager(  657): Checking 1 opening apps (frozen=false timeout=false)...
06-24 16:17:42.889 V/WindowManager(  657): Check opening app=AppWindowToken{6c2cd94 token=Token{1fd9de7 ActivityRecord{368ffa6 u0 com.excelliance.dualaid/com.excelliance.kxqp.swipe.NavActivity2 t16031}}}: allDrawn=false startingDisplayed=false startingMoved=false isRelaunching()=false
06-24 16:17:42.895 D/PMS11422(  657): package:com.excelliance.dualaid, input flags:128, output hwFlags:0
06-24 16:17:42.935 D/HwRecentsLockUtils( 1513): Search
06-24 16:17:42.935 E/HsmCoreServiceImpl( 1478): onTransact in code is: 103
06-24 16:17:42.935 I/MediaProcessHandler( 1478): playingUids: 
06-24 16:17:42.901 I/chatty  (  657): uid=1000(system) Binder:657_13 identical 4 lines
06-24 16:17:42.901 D/PMS11422(  657): package:com.excelliance.dualaid, input flags:128, output hwFlags:0
06-24 16:17:42.935 D/ActivityManager(  657): Skipping, home or recents stack task: TaskRecord{333215f #15658 A=com.huawei.android.launcher U=0 StackId=0 sz=1}
06-24 16:17:42.935 D/ActivityManager(  657): Skipping intent:act=android.intent.action.MAIN cat=[android.intent.category.LAUNCHER] flg=0x10a00000 cmp=io.appium.settings/.Settings
06-24 16:17:42.936 D/ActivityManager(  657): Skipping intent:flg=0x10804000 cmp=com.android.systemui/.recents.RecentsActivity bnds=[48,928][1032,2296]
06-24 16:17:42.936 D/ActivityManager(  657): Skipping intent:flg=0x18800000 cmp=com.tencent.mm/.plugin.base.stub.WXPayEntryActivity
06-24 16:17:42.936 D/ActivityManager(  657): Skipping intent:flg=0x10800000 cmp=com.huawei.systemmanager/com.huawei.permissionmanager.ui.MainActivity
06-24 16:17:42.936 D/ActivityManager(  657): Skipping intent:flg=0x18800000 cmp=com.tencent.mm/.plugin.base.stub.WXEntryActivity
06-24 16:17:42.936 D/ActivityManager(  657): Skipping intent:act=com.huawei.action.VOICE_ASSISTANT flg=0x10800000 pkg=com.huawei.vassistant cmp=com.huawei.vassistant/.ui.main.VAssistantActivity
06-24 16:17:42.936 D/ActivityManager(  657): Skipping intent:act=com.huawei.android.launcher.action.ACCESS_SPLIT_SCREEN_APP cat=[android.intent.category.DEFAULT] flg=0x10804000 cmp=com.huawei.android.launcher/.splitscreen.SplitScreenAppActivity
06-24 16:17:42.936 D/ActivityManager(  657): Skipping intent:flg=0x10800000 pkg=com.excelliance.dualaid.b64 cmp=com.excelliance.dualaid.b64/com.excelliance.kxqp.sdk.PermissionRequestActivity
06-24 16:17:42.936 D/ActivityManager(  657): Skipping intent:act=android.intent.action.VIEW dat=content://com.excelliance.dualaid.fileProvider/external_storage_root/Download/apk/Multiple_64.apk typ=application/vnd.android.package-archive flg=0x10800001 cmp=com.android.packageinstaller/.InstallStart
06-24 16:17:42.936 D/ActivityManager(  657): Skipping intent:flg=0x10800000 cmp=com.android.systemui/.usb.HwUsbDebuggingActivity
06-24 16:17:42.936 D/ActivityManager(  657): Skipping intent:act=android.deviceinfo.chooser.action.LAUNCH flg=0x10800000 hwFlg=0x100 pkg=com.android.settings cmp=com.android.settings/.deviceinfo.UsbConnModeChooserActivity
06-24 16:17:42.936 D/ActivityManager(  657): Skipping intent:flg=0x10800000 cmp=com.zol.android/.push.KeepLiveActivity
06-24 16:17:42.936 D/ActivityManager(  657): Skipping intent:act=android.intent.action.MAIN cat=[android.intent.category.HOME] flg=0x10800300 cmp=com.android.settings/.FallbackHome
06-24 16:17:42.956 I/zygote  (15765): Compiler allocated 4MB to compile boolean com.excelliance.kxqp.KXQPApplication.b(int)
06-24 16:17:42.960 D/MainActivity(15740): instantiateItem: 2	android.widget.RelativeLayout{d00e2b1 V.E...... ......I. 0,0-0,0}
06-24 16:17:42.961 D/MainActivity(15740): initPage3: 
06-24 16:17:42.965 V/WindowManager(  657): Checking 1 opening apps (frozen=false timeout=false)...
06-24 16:17:42.965 V/WindowManager(  657): Check opening app=AppWindowToken{6c2cd94 token=Token{1fd9de7 ActivityRecord{368ffa6 u0 com.excelliance.dualaid/com.excelliance.kxqp.swipe.NavActivity2 t16031}}}: allDrawn=false startingDisplayed=false startingMoved=false isRelaunching()=false
06-24 16:17:42.968 V/HwPhoneWindowManager(  657): updateSystemUiColorLw window=Window{5d84dfb u0 com.excelliance.dualaid/com.excelliance.kxqp.swipe.NavActivity2},EmuiStyle=0,StatusBarColor=0xff000000,NavigationBarColor=0xff000000, mLastIsEmuiLightStyle=-1
06-24 16:17:42.968 D/HwPhoneWindowManager(  657): Transact:setSystemUIColor to status bar service
06-24 16:17:42.968 I/CommandQueue( 1513): updateBarBgColor
06-24 16:17:42.968 D/CommandQueue( 1513): CommandQueue, setBarBackgroundColor
06-24 16:17:42.970 V/WindowManager(  657): Checking 1 opening apps (frozen=false timeout=false)...
06-24 16:17:42.970 V/WindowManager(  657): Check opening app=AppWindowToken{6c2cd94 token=Token{1fd9de7 ActivityRecord{368ffa6 u0 com.excelliance.dualaid/com.excelliance.kxqp.swipe.NavActivity2 t16031}}}: allDrawn=false startingDisplayed=false startingMoved=false isRelaunching()=false
06-24 16:17:42.970 D/TintManager( 1513): statusBarIconTint=#99FFFFFF,navigationBarIconTint=#FF000000
06-24 16:17:42.972 I/GRALLOC (  679): 	 shrFd=10,fmt=0x1,intFmt=0x200000001,btStrd=4352,size=8486912,pid=679 
06-24 16:17:42.972 I/GRALLOC (  679): 	 yuv=2,w=1080,h=1920,Stride u=0 v=0,offset u=0 v=0 
06-24 16:17:42.972 I/GRALLOC (  679): 	 iova_size=8486912,conUsg=0x900,proUsg=0x900,	 strd=1088,[afbc]HdrStrd=1088 PyldStrd=69632 Scrmbl=2,ionhnd = 1 
06-24 16:17:42.974 D/MainActivity(15740): run: initPage3
06-24 16:17:42.975 I/GRALLOC (  679): 	 shrFd=10,fmt=0x1,intFmt=0x200000001,btStrd=4352,size=8486912,pid=679 
06-24 16:17:42.975 I/GRALLOC (  679): 	 yuv=2,w=1080,h=1920,Stride u=0 v=0,offset u=0 v=0 
06-24 16:17:42.975 I/GRALLOC (  679): 	 iova_size=8486912,conUsg=0x900,proUsg=0x900,	 strd=1088,[afbc]HdrStrd=1088 PyldStrd=69632 Scrmbl=2,ionhnd = 1 
06-24 16:17:42.975 D/StatusBarIconController( 1513): setIconVisibility icon is null or visibility not change visibility=false
06-24 16:17:42.977 I/GRALLOC (  679): 	 shrFd=10,fmt=0x1,intFmt=0x200000001,btStrd=4352,size=8486912,pid=679 
06-24 16:17:42.977 I/GRALLOC (  679): 	 yuv=2,w=1080,h=1920,Stride u=0 v=0,offset u=0 v=0 
06-24 16:17:42.977 I/GRALLOC (  679): 	 iova_size=8486912,conUsg=0x900,proUsg=0x900,	 strd=1088,[afbc]HdrStrd=1088 PyldStrd=69632 Scrmbl=2,ionhnd = 1 
06-24 16:17:42.977 I/OpenGLRenderer(15740): Initialized EGL, version 1.4
06-24 16:17:42.977 D/OpenGLRenderer(15740): Swap behavior 2
06-24 16:17:42.978 D/BarTransitions.HwPhoneStatusBarView( 1513): MODE_TRANSPARENT -> MODE_TRANSLUCENT animate=false
06-24 16:17:42.978 D/BarTransitions.HwPhoneStatusBarView( 1513): applyModeBackground oldMode=MODE_TRANSPARENT newMode=MODE_TRANSLUCENT animate=false
06-24 16:17:42.981 D/mali_winsys(15740): EGLint new_window_surface(egl_winsys_display *, void *, EGLSurface, EGLConfig, egl_winsys_surface **, egl_color_buffer_format *, EGLBoolean) returns 0x3000
06-24 16:17:42.981 E/vndksupport(15740): Could not load vendor/lib/egl/libGLES_mali_v2.so from sphal namespace: dlopen failed: library "vendor/lib/egl/libGLES_mali_v2.so" not found.
06-24 16:17:42.993 D/PMS11422(  657): package:com.excelliance.dualaid, input flags:128, output hwFlags:0
06-24 16:17:42.999 I/GRALLOC (  679): 	 shrFd=10,fmt=0x1,intFmt=0x200000001,btStrd=4352,size=8486912,pid=679 
06-24 16:17:42.999 I/GRALLOC (  679): 	 yuv=2,w=1080,h=1920,Stride u=0 v=0,offset u=0 v=0 
06-24 16:17:42.999 I/GRALLOC (  679): 	 iova_size=8486912,conUsg=0xb00,proUsg=0xb00,	 strd=1088,[afbc]HdrStrd=1088 PyldStrd=69632 Scrmbl=2,ionhnd = 1 
06-24 16:17:43.000 D/PMS11422(  657): package:com.excelliance.dualaid, input flags:128, output hwFlags:0
06-24 16:17:43.007 D/WindowManager(  657): finishDrawingWindow: Window{5d84dfb u0 com.excelliance.dualaid/com.excelliance.kxqp.swipe.NavActivity2} mDrawState=DRAW_PENDING
06-24 16:17:43.007 V/MainActivity(15740): onWindowFocusChanged: true
06-24 16:17:43.008 W/InputMethodManager(15740): startInputReason = 1
06-24 16:17:43.008 V/WindowManager(  657): Checking 1 opening apps (frozen=false timeout=false)...
06-24 16:17:43.008 V/WindowManager(  657): Check opening app=AppWindowToken{6c2cd94 token=Token{1fd9de7 ActivityRecord{368ffa6 u0 com.excelliance.dualaid/com.excelliance.kxqp.swipe.NavActivity2 t16031}}}: allDrawn=true startingDisplayed=false startingMoved=false isRelaunching()=false
06-24 16:17:43.010 D/ImageWallpaper( 1513): onVisibilityChanged: mVisible, visible=true, false
06-24 16:17:43.010 D/ImageWallpaper( 1513): Visibility changed to visible=false
06-24 16:17:43.011 D/BarTransitions.HwPhoneStatusBarView( 1513): MODE_TRANSLUCENT -> MODE_TRANSPARENT animate=false
06-24 16:17:43.011 D/BarTransitions.HwPhoneStatusBarView( 1513): applyModeBackground oldMode=MODE_TRANSLUCENT newMode=MODE_TRANSPARENT animate=false
06-24 16:17:43.012 I/ActivityManager(  657): Displayed com.excelliance.dualaid/com.excelliance.kxqp.swipe.NavActivity2: +181ms (total +419ms)
06-24 16:17:43.013 I/ActivityManager(  657): wait Launched end, result = 0 who = ComponentInfo{com.excelliance.dualaid/com.excelliance.kxqp.swipe.NavActivity2}
06-24 16:17:43.014 W/InputMethodManager(15740): startInputReason = 5
06-24 16:17:43.017 I/wangchen( 7035): SysInfo.getSysParam: orientation=1||config d=3.0,w=1080,h=1920||metrics d=3.0,w=1080,h=1920||sdk=26,bar_h=72
06-24 16:17:43.017 I/KeymapLoader( 7035): w=1080 h=1920 ori=true appScale=3.3 s1=3.0
06-24 16:17:43.022 E/BufferQueueProducer(  710): [com.huawei.android.launcher/com.huawei.android.launcher.unihome.UniHomeLauncher#0] disconnect: not connected (req=1)
06-24 16:17:43.022 W/libEGL  ( 2519): EGLNativeWindowType 0x74abe62010 disconnect failed
06-24 16:17:43.022 I/WindowManager(  657): notifyAccessibilityButtonVisibilityChanged visible:false
06-24 16:17:43.027 I/GRALLOC (  679): 	 shrFd=10,fmt=0x1,intFmt=0x200000001,btStrd=4352,size=8486912,pid=679 
06-24 16:17:43.027 I/GRALLOC (  679): 	 yuv=2,w=1080,h=1920,Stride u=0 v=0,offset u=0 v=0 
06-24 16:17:43.027 I/GRALLOC (  679): 	 iova_size=8486912,conUsg=0xb00,proUsg=0xb00,	 strd=1088,[afbc]HdrStrd=1088 PyldStrd=69632 Scrmbl=2,ionhnd = 1 
06-24 16:17:43.032 W/dex2oat (15806): Using default instruction set features for ARM CPU variant (default) using conservative defaults
06-24 16:17:43.032 I/dex2oat (15806): /system/bin/dex2oat -j4 --dex-file=/data/data/com.excelliance.dualaid/.platformcache/main.jar --output-vdex-fd=49 --oat-fd=50 --oat-location=/data/data/com.excelliance.dualaid/.platformcache/oat/arm/main.odex --compiler-filter=quicken
06-24 16:17:43.032 I/cutils-trace(15806): atrace_init_once, trace_marker_path = /sys/kernel/debug/tracing/trace_marker
06-24 16:17:43.033 D/BarTransitions.HwPhoneStatusBarView( 1513): MODE_TRANSPARENT -> MODE_TRANSLUCENT animate=false
06-24 16:17:43.033 D/BarTransitions.HwPhoneStatusBarView( 1513): applyModeBackground oldMode=MODE_TRANSPARENT newMode=MODE_TRANSLUCENT animate=false
06-24 16:17:43.033 D/BarTransitions.HwNavigationBarView( 1513): MODE_TRANSLUCENT -> MODE_OPAQUE animate=false
06-24 16:17:43.034 D/BarTransitions.HwNavigationBarView( 1513): applyModeBackground oldMode=MODE_TRANSLUCENT newMode=MODE_OPAQUE animate=false
06-24 16:17:43.045 W/ActivityManager(  657): Sending non-protected broadcast huawei.action.floattasks.STATUS_BAR_STATE_CHANGED from system 1513:com.android.systemui/u0a39 pkg com.android.systemui
06-24 16:17:43.045 W/HwKeyguardDragHelper( 1513): AnimationBlocked
06-24 16:17:43.046 D/ActivityThread(15740): Remove activity client record, r= ActivityRecord{cbe2ddc token=android.os.BinderProxy@d13fa03 {com.excelliance.dualaid/com.excelliance.kxqp.ui.HelloActivity}} token= android.os.BinderProxy@d13fa03
06-24 16:17:43.046 V/WindowManager(  657): removeAppToken: AppWindowToken{5479fef token=Token{74124ce ActivityRecord{2d245c9 u0 com.excelliance.dualaid/com.excelliance.kxqp.ui.HelloActivity t16031}}} delayed=false Callers=com.android.server.wm.DisplayContent.removeAppToken:985 com.android.server.wm.AppWindowContainerController.removeContainer:348 com.android.server.am.ActivityRecord.removeWindowContainer:1039 com.android.server.am.ActivityStack.removeActivityFromHistoryLocked:4491 
06-24 16:17:43.055 V/WindowManager(  657): notifyAppStopped: AppWindowToken{d3a938b token=Token{377755a ActivityRecord{d5c9105 u0 com.huawei.android.launcher/.unihome.UniHomeLauncher t15658}}}
06-24 16:17:43.055 E/WindowManager(  657): win=Window{68d6975 u0 com.huawei.android.launcher/com.huawei.android.launcher.unihome.UniHomeLauncher} destroySurfaces: appStopped=true win.mWindowRemovalAllowed=false win.mRemoveOnExit=false
06-24 16:17:43.055 I/WindowManager(  657): Destroying surface Surface(name=com.huawei.android.launcher/com.huawei.android.launcher.unihome.UniHomeLauncher) called by com.android.server.wm.WindowStateAnimator.destroySurface:2060 com.android.server.wm.WindowStateAnimator.destroySurfaceLocked:873 com.android.server.wm.HwWindowStateAnimator.destroySurfaceLocked:1006 com.android.server.wm.WindowState.destroyOrSaveSurfaceUnchecked:2990 com.android.server.wm.WindowState.destroySurface:2951 com.android.server.wm.AppWindowToken.destroySurfaces:654 com.android.server.wm.AppWindowToken.destroySurfaces:638 com.android.server.wm.AppWindowToken.notifyAppStopped:682 
06-24 16:17:43.056 E/SurfaceFlinger(  710): Failed to find layer (com.huawei.android.launcher/com.huawei.android.launcher.unihome.UniHomeLauncher#0) in layer parent (no-parent).
06-24 16:17:43.057 D/HwGameAssistantController(  657): pid=2519, uid=10056, foreground=false
06-24 16:17:43.058 W/AwareLog(  657): SchedLevelBoost: onFgActivitiesChanged config not set!
06-24 16:17:43.092 I/ActivityManager(  657): Force stopping com.excelliance.dualaid appid=11422 user=0: from pid 15813by app
06-24 16:17:43.092 I/ActivityManager(  657): Killing 15740:com.excelliance.dualaid:olle/u0a1422 (adj 0): stop com.excelliance.dualaidfrom pid 15813by app
06-24 16:17:43.093 D/ActivityManager(  657): cleanUpApplicationRecord app: ProcessRecord{4141afc 15740:com.excelliance.dualaid:olle/u0a1422}, app.bad: false, restarting: false, allowRestart: true
06-24 16:17:43.094 W/ActivityManager(  657): Force removing ActivityRecord{368ffa6 u0 com.excelliance.dualaid/com.excelliance.kxqp.swipe.NavActivity2 t16031}: app died, no saved state
06-24 16:17:43.095 E/HsmCoreServiceImpl( 1478): onTransact in code is: 102
06-24 16:17:43.095 I/MediaProcessHandler( 1478): processOp opType: 1, uid: 11422, pid: 15740
06-24 16:17:43.095 W/MediaProcessHandler( 1478): remove target not exist, maybe the UI process: uid: 11422, pid: 15740
06-24 16:17:43.095 I/MediaProcessHandler( 1478): executedCallBack opType: 1 mMediaStatusObservers.size=0
06-24 16:17:43.100 V/WindowManager(  657): removeAppToken: AppWindowToken{6c2cd94 token=Token{1fd9de7 ActivityRecord{368ffa6 u0 com.excelliance.dualaid/com.excelliance.kxqp.swipe.NavActivity2 t16031}}} delayed=false Callers=com.android.server.wm.DisplayContent.removeAppToken:985 com.android.server.wm.AppWindowContainerController.removeContainer:348 com.android.server.am.ActivityRecord.removeWindowContainer:1039 com.android.server.am.ActivityStack.removeActivityFromHistoryLocked:4491 
06-24 16:17:43.100 V/WindowManager(  657): removeIfPossible: Window{5d84dfb u0 com.excelliance.dualaid/com.excelliance.kxqp.swipe.NavActivity2} callers=com.android.server.wm.WindowState.removeIfPossible:1914 com.android.server.wm.WindowToken.removeAllWindowsIfPossible:139 com.android.server.wm.AppWindowToken.removeIfPossible:539 com.android.server.wm.AppWindowToken.onRemovedFromDisplay:606 com.android.server.wm.DisplayContent.removeAppToken:985 
06-24 16:17:43.101 I/WindowManager(  657): Destroying surface Surface(name=com.excelliance.dualaid/com.excelliance.kxqp.swipe.NavActivity2) called by com.android.server.wm.WindowStateAnimator.destroySurface:2060 com.android.server.wm.WindowStateAnimator.destroySurfaceLocked:873 com.android.server.wm.HwWindowStateAnimator.destroySurfaceLocked:1006 com.android.server.wm.WindowState.removeImmediately:1899 com.android.server.wm.WindowState.removeIfPossible:2051 com.android.server.wm.WindowState.removeIfPossible:1914 com.android.server.wm.WindowToken.removeAllWindowsIfPossible:139 com.android.server.wm.AppWindowToken.removeIfPossible:539 
06-24 16:17:43.101 V/WindowManager(  657): postWindowRemoveCleanupLocked: Window{5d84dfb u0 com.excelliance.dualaid/com.excelliance.kxqp.swipe.NavActivity2}
06-24 16:17:43.101 V/WindowManager(  657): Removing Window{5d84dfb u0 com.excelliance.dualaid/com.excelliance.kxqp.swipe.NavActivity2} from AppWindowToken{6c2cd94 token=Token{1fd9de7 ActivityRecord{368ffa6 u0 com.excelliance.dualaid/com.excelliance.kxqp.swipe.NavActivity2 t16031}}}
06-24 16:17:43.103 W/AwareLog(  657): SchedLevelBoost: onProcessDied config not set!
06-24 16:17:43.105 V/WindowManager(  657): No longer Stopped: AppWindowToken{d3a938b token=Token{377755a ActivityRecord{d5c9105 u0 com.huawei.android.launcher/.unihome.UniHomeLauncher t15658}}}
06-24 16:17:43.106 D/ScenarioService( 1699): front pkg : com.huawei.android.launcher launcher: true
06-24 16:17:43.106 I/AppsUsage( 1699): scnOff:false FgAPP:com.huawei.android.launcher BgAPP:com.excelliance.dualaid
06-24 16:17:43.106 I/ash     ( 1699): front pkg : com.huawei.android.launcher launcher: true
06-24 16:17:43.107 D/EmcomManagerService(  657): forePackage name is com.huawei.android.launcher
06-24 16:17:43.107 D/HicomPolicyManager(  657): foreAppInfo = nullpkgName = com.huawei.android.launcher uid= 10056
06-24 16:17:43.107 E/HicomPolicyManager(  657): udp acc is not start yet!
06-24 16:17:43.107 D/HicomPolicyManager(  657): speed control is not start
06-24 16:17:43.107 E/HicomPolicyManager(  657): Network Evaluation is not start yet!
06-24 16:17:43.107 E/HicomPolicyManager(  657): foreground app info is null
06-24 16:17:43.108 D/[HwRecSys]HwRecSysService( 2647): onEvent actionID: 10010 msg:com.huawei.android.launcher		
06-24 16:17:43.108 E/[HwRecSys]HwRecSysService( 2647): getIsRportDirectService is false!
06-24 16:17:43.111 W/libc    ( 1699): Set property "sys.aps.gameProcessName" to ""
06-24 16:17:43.111 I/PGServer( 1699): report state:10000 event type:2 pid:0 uid:0 pkg:com.excelliance.dualaid to pid: 657
06-24 16:17:43.111 W/libc    ( 1699): Set property "sys.aps.browserProcessName" to ""
06-24 16:17:43.111 I/PGServer( 1699): report state:10000 event type:2 pid:0 uid:0 pkg:com.excelliance.dualaid to pid: 1699
06-24 16:17:43.111 I/SceneReceiver( 1699): state type: 10000 eventType:2 pid:0 uid:0 pkg:com.excelliance.dualaid
06-24 16:17:43.111 I/PGServer( 1699): report state:10010 event type:1 pid:0 uid:0 pkg:com.huawei.android.launcher to pid: 657
06-24 16:17:43.111 I/PGServer( 1699): report state:10010 event type:1 pid:0 uid:0 pkg:com.huawei.android.launcher to pid: 1699
06-24 16:17:43.111 I/SceneReceiver( 1699): state type: 10010 eventType:1 pid:0 uid:0 pkg:com.huawei.android.launcher
06-24 16:17:43.112 D/HwThermalStateManager( 1699): current foreapp pkg : com.huawei.android.launcher
06-24 16:17:43.112 I/PGServer( 1699): checkPkgType. calling pkg: android
06-24 16:17:43.124 V/WindowManager(  657): notifyAppResumed: wasStopped=true AppWindowToken{d3a938b token=Token{377755a ActivityRecord{d5c9105 u0 com.huawei.android.launcher/.unihome.UniHomeLauncher t15658}}}
06-24 16:17:43.126 V/WindowManager(  657): Checking 1 opening apps (frozen=false timeout=false)...
06-24 16:17:43.126 V/WindowManager(  657): Check opening app=AppWindowToken{d3a938b token=Token{377755a ActivityRecord{d5c9105 u0 com.huawei.android.launcher/.unihome.UniHomeLauncher t15658}}}: allDrawn=false startingDisplayed=false startingMoved=false isRelaunching()=false
06-24 16:17:43.126 I/ActivityManager(  657): Killing 15765:com.excelliance.dualaid/u0a1422 (adj 0): stop com.excelliance.dualaidfrom pid 15813by app
06-24 16:17:43.127 D/ActivityManager(  657): cleanUpApplicationRecord app: ProcessRecord{cd03d 15765:com.excelliance.dualaid/u0a1422}, app.bad: false, restarting: false, allowRestart: true
06-24 16:17:43.127 W/ActivityManager(  657): Scheduling restart of crashed service com.excelliance.dualaid/com.excelliance.kxqp.SmtServService in 1000ms
06-24 16:17:43.128 V/WindowManager(  657): Checking 1 opening apps (frozen=false timeout=false)...
06-24 16:17:43.128 V/WindowManager(  657): Check opening app=AppWindowToken{d3a938b token=Token{377755a ActivityRecord{d5c9105 u0 com.huawei.android.launcher/.unihome.UniHomeLauncher t15658}}}: allDrawn=false startingDisplayed=false startingMoved=false isRelaunching()=false
06-24 16:17:43.130 V/WindowManager(  657): Checking 1 opening apps (frozen=false timeout=false)...
06-24 16:17:43.130 V/WindowManager(  657): Check opening app=AppWindowToken{d3a938b token=Token{377755a ActivityRecord{d5c9105 u0 com.huawei.android.launcher/.unihome.UniHomeLauncher t15658}}}: allDrawn=false startingDisplayed=false startingMoved=false isRelaunching()=false
06-24 16:17:43.112 I/PGServer( 1699): checkPkgType. calling pkg: android
06-24 16:17:43.132 E/HwLauncher( 2519): SettingsEx , no such field.
06-24 16:17:43.132 W/HwLauncher( 2519): Clock getDataFormat the getSystemString failed.
06-24 16:17:43.133 V/AlarmManager(  657): UninstallReceiver onReceive action:android.intent.action.PACKAGE_RESTARTED
06-24 16:17:43.134 D/HwBastetService(  657): BroadcastReceiver android.intent.action.PACKAGE_RESTARTED
06-24 16:17:43.134 I/HwCoreAppHelperService( 1478): LocalReceiver receives:android.intent.action.PACKAGE_RESTARTED,pkg:com.excelliance.dualaid,uid:11422
06-24 16:17:43.136 D/HwQoEUtils(  657): mForegroundAppPackageName: com.huawei.android.launcher ,score: 0
06-24 16:17:43.136 D/HwQoEUtils(  657): onForegroundAppWifiSleepChange: config:false, sleeptime:-1,type: 255, appname:com.huawei.android.launcher
06-24 16:17:43.136 D/CarrierSvcBindHelper( 1715): No carrier app for: 0
06-24 16:17:43.136 D/HwGpsPowerTracker(  657): LocalReceiver receives:android.intent.action.PACKAGE_RESTARTED
06-24 16:17:43.136 D/HwQoEUtils(  657): APP type: 255 appName= com.huawei.android.launcher
06-24 16:17:43.136 D/HwQoEUtils(  657): no game, APP_TYPE_GAME, appName =com.huawei.android.launcher
06-24 16:17:43.136 D/CarrierSvcBindHelper( 1715): No carrier app for: 1
06-24 16:17:43.136 D/PMS1000 (  657): package:com.excelliance.dualaid, input flags:0, output hwFlags:0
06-24 16:17:43.137 D/HwGameAssistantController(  657): pid=2519, uid=10056, foreground=true
06-24 16:17:43.139 I/HwNetworkPolicy(  657): onTransact, code = 203
06-24 16:17:43.139 W/AwareLog(  657): SchedLevelBoost: onFgActivitiesChanged config not set!
06-24 16:17:43.140 E/NfcNci  ( 2677): NfcUtils error: APP have nfc permission
06-24 16:17:43.141 V/HwPhoneWindowManager(  657): updateSystemUiColorLw window=Window{68d6975 u0 com.huawei.android.launcher/com.huawei.android.launcher.unihome.UniHomeLauncher},EmuiStyle=-1,StatusBarColor=0xff00acc1,NavigationBarColor=0x0, mLastIsEmuiLightStyle=-1
06-24 16:17:43.141 D/PMS1027 (  657): package:com.google.android.apps.walletnfcrel, input flags:8192, output is null
06-24 16:17:43.142 I/WindowManager(  657): notifyAccessibilityButtonVisibilityChanged visible:false
06-24 16:17:43.142 D/ApduServiceInfo( 2677): No com.nxp.nfc.extensions meta-data
06-24 16:17:43.142 V/WindowManager(  657): Checking 1 opening apps (frozen=false timeout=false)...
06-24 16:17:43.142 V/WindowManager(  657): Check opening app=AppWindowToken{d3a938b token=Token{377755a ActivityRecord{d5c9105 u0 com.huawei.android.launcher/.unihome.UniHomeLauncher t15658}}}: allDrawn=false startingDisplayed=false startingMoved=false isRelaunching()=false
06-24 16:17:43.142 E/HsmCoreServiceImpl( 1478): onTransact in code is: 102
06-24 16:17:43.143 I/MediaProcessHandler( 1478): processOp opType: 1, uid: 11422, pid: 15765
06-24 16:17:43.143 W/MediaProcessHandler( 1478): remove target not exist, maybe the UI process: uid: 11422, pid: 15765
06-24 16:17:43.143 I/MediaProcessHandler( 1478): executedCallBack opType: 1 mMediaStatusObservers.size=0
06-24 16:17:43.143 D/HwPhoneWindowManager(  657): Transact:setSystemUIColor to status bar service
06-24 16:17:43.143 D/ApduServiceInfo( 2677): No com.nxp.nfc.extensions meta-data
06-24 16:17:43.143 I/CommandQueue( 1513): updateBarBgColor
06-24 16:17:43.143 D/CommandQueue( 1513): CommandQueue, setBarBackgroundColor
06-24 16:17:43.144 D/TintManager( 1513): statusBarIconTint=#99FFFFFF,navigationBarIconTint=#00000000
06-24 16:17:43.145 D/mali_winsys( 2519): EGLint new_window_surface(egl_winsys_display *, void *, EGLSurface, EGLConfig, egl_winsys_surface **, egl_color_buffer_format *, EGLBoolean) returns 0x3000
06-24 16:17:43.146 I/GRALLOC (  679): 	 shrFd=10,fmt=0x1,intFmt=0x200000001,btStrd=4352,size=8486912,pid=679 
06-24 16:17:43.146 I/GRALLOC (  679): 	 yuv=2,w=1080,h=1920,Stride u=0 v=0,offset u=0 v=0 
06-24 16:17:43.146 I/GRALLOC (  679): 	 iova_size=8486912,conUsg=0x900,proUsg=0x900,	 strd=1088,[afbc]HdrStrd=1088 PyldStrd=69632 Scrmbl=2,ionhnd = 1 
06-24 16:17:43.146 I/HwNetworkPolicyManager( 1813): getHwUidPolicy uid = 10056 policy = 0
06-24 16:17:43.147 W/AwareLog(  657): SchedLevelBoost: onProcessDied config not set!
06-24 16:17:43.148 D/ApduServiceInfo( 2677): No com.nxp.nfc.extensions meta-data
06-24 16:17:43.148 I/GRALLOC (  679): 	 shrFd=10,fmt=0x1,intFmt=0x200000001,btStrd=4352,size=8486912,pid=679 
06-24 16:17:43.148 I/GRALLOC (  679): 	 yuv=2,w=1080,h=1920,Stride u=0 v=0,offset u=0 v=0 
06-24 16:17:43.148 I/GRALLOC (  679): 	 iova_size=8486912,conUsg=0x900,proUsg=0x900,	 strd=1088,[afbc]HdrStrd=1088 PyldStrd=69632 Scrmbl=2,ionhnd = 1 
