06-24 17:08:26.184 W/ResourceType( 2519): No known package when getting name for resource number 0x9c000103
06-24 17:08:26.185 W/ResourceType( 2519): No known package when getting name for resource number 0x9c000203
06-24 17:08:26.186 W/ResourceType( 2519): No known package when getting name for resource number 0x9c000303
06-24 17:08:26.187 W/ResourceType( 2519): No known package when getting name for resource number 0x9c000004
06-24 17:08:26.187 W/ResourceType( 2519): No known package when getting name for resource number 0x9c000104
06-24 17:08:26.188 W/ResourceType( 2519): No known package when getting name for resource number 0x9c000204
06-24 17:08:26.189 W/ResourceType( 2519): No known package when getting name for resource number 0x9c000304
06-24 17:08:26.202 I/appium  (10698): Skipping invisible child: android.view.accessibility.AccessibilityNodeInfo@9929; boundsInParent: Rect(0, 0 - 1080, 1580); boundsInScreen: Rect(1080, 0 - 1080, 1532); packageName: com.huawei.android.launcher; className: android.view.ViewGroup; text: null; error: null; maxTextLength: -1; contentDescription: null; viewIdResName: com.huawei.android.launcher:id/workspace_screen; checkable: false; checked: false; focusable: false; focused: false; selected: false; clickable: true; longClickable: true; contextClickable: false; enabled: true; password: false; scrollable: false; importantForAccessibility: true; actions: [AccessibilityAction: ACTION_SELECT - null, AccessibilityAction: ACTION_CLEAR_SELECTION - null, AccessibilityAction: ACTION_CLICK - null, AccessibilityAction: ACTION_LONG_CLICK - null, AccessibilityAction: ACTION_ACCESSIBILITY_FOCUS - null, AccessibilityAction: ACTION_SHOW_ON_SCREEN - null]
06-24 17:08:26.202 I/appium  (10698): Skipping invisible child: android.view.accessibility.AccessibilityNodeInfo@9cea; boundsInParent: Rect(0, 0 - 1080, 1580); boundsInScreen: Rect(2160, 0 - 1080, 1532); packageName: com.huawei.android.launcher; className: android.view.ViewGroup; text: null; error: null; maxTextLength: -1; contentDescription: null; viewIdResName: com.huawei.android.launcher:id/workspace_screen; checkable: false; checked: false; focusable: false; focused: false; selected: false; clickable: true; longClickable: true; contextClickable: false; enabled: true; password: false; scrollable: false; importantForAccessibility: true; actions: [AccessibilityAction: ACTION_SELECT - null, AccessibilityAction: ACTION_CLEAR_SELECTION - null, AccessibilityAction: ACTION_CLICK - null, AccessibilityAction: ACTION_LONG_CLICK - null, AccessibilityAction: ACTION_ACCESSIBILITY_FOCUS - null, AccessibilityAction: ACTION_SHOW_ON_SCREEN - null]
06-24 17:08:26.202 I/appium  (10698): Skipping invisible child: android.view.accessibility.AccessibilityNodeInfo@a0ab; boundsInParent: Rect(0, 0 - 1080, 1580); boundsInScreen: Rect(3240, 0 - 1080, 1532); packageName: com.huawei.android.launcher; className: android.view.ViewGroup; text: null; error: null; maxTextLength: -1; contentDescription: null; viewIdResName: com.huawei.android.launcher:id/workspace_screen; checkable: false; checked: false; focusable: false; focused: false; selected: false; clickable: true; longClickable: true; contextClickable: false; enabled: true; password: false; scrollable: false; importantForAccessibility: true; actions: [AccessibilityAction: ACTION_SELECT - null, AccessibilityAction: ACTION_CLEAR_SELECTION - null, AccessibilityAction: ACTION_CLICK - null, AccessibilityAction: ACTION_LONG_CLICK - null, AccessibilityAction: ACTION_ACCESSIBILITY_FOCUS - null, AccessibilityAction: ACTION_SHOW_ON_SCREEN - null]
06-24 17:08:26.204 W/ResourceType( 2519): No known package when getting name for resource number 0x9b000000
06-24 17:08:26.205 W/ResourceType( 2519): No known package when getting name for resource number 0x9b010100
06-24 17:08:26.206 W/ResourceType( 2519): No known package when getting name for resource number 0x9b020200
06-24 17:08:26.206 W/ResourceType( 2519): No known package when getting name for resource number 0x9b030300
06-24 17:08:26.207 W/ResourceType( 2519): No known package when getting name for resource number 0x9b040400
06-24 17:08:26.214 I/appium  (10698): Fetch time: 40ms
06-24 17:08:26.237 I/appium  (10698): AppiumResponse: {"sessionId":"bfc32163-d29b-4bd2-a87a-19eb9523dc7a","status":0,"value":"<?xml version=\"1.0\" encoding=\"UTF-8\"?><hierarchy rotation=\"0\"><android.widget.FrameLayout index=\"0\" text=\"\" class=\"android.widget.FrameLayout\" package=\"com.huawei.android.launcher\" content-desc=\"\" checkable=\"false\" checked=\"false\" clickable=\"false\" enabled=\"true\" focusable=\"false\" focused=\"false\" scrollable=\"false\" long-clickable=\"false\" password=\"false\" selected=\"false\" bounds=\"[0,0][1080,1920]\" resource-id=\"\" instance=\"0\"><android.widget.LinearLayout index=\"0\" text=\"\" class=\"android.widget.LinearLayout\" package=\"com.huawei.android.launcher\" content-desc=\"\" checkable=\"false\" checked=\"false\" clickable=\"false\" enabled=\"true\" focusable=\"false\" focused=\"false\" scrollable=\"false\" long-clickable=\"false\" password=\"false\" selected=\"false\" bounds=\"[0,0][1080,1920]\" resource-id=\"\" instance=\"0\"><android.widget.FrameLayout index=\"0\" text=\"\" class=\"android.widget.FrameLayout\" package=\"com.huawei.android.launcher\" content-desc=\"\" checkable=\"false\" checked=\"false\" clickable=\"false\" enabled=\"true\" focusable=\"false\" focused=\"false\" scrollable=\"false\" long-clickable=\"false\" password=\"false\" selected=\"false\" bounds=\"[0,0][1080,1920]\" resource-id=\"android:id\/content\" instance=\"1\"><android.widget.FrameLayout index=\"0\" text=\"\" class=\"android.widget.FrameLayout\" package=\"com.huawei.android.launcher\" content-desc=\"\" checkable=\"false\" checked=\"false\" clickable=\"false\" enabled=\"true\" focusable=\"false\" focused=\"false\" scrollable=\"false\" long-clickable=\"false\" password=\"false\" selected=\"false\" bounds=\"[0,0][1080,1920]\" resource-id=\"com.huawei.android.launcher:id\/drag_layer\" instance=\"2\"><android.view.ViewGroup index=\"0\" text=\"\" class=\"android.view.ViewGroup\" package=\"com.huawei.android.launcher\" content-desc=\" 1  4 \" checkable=\"false\" checked=\"false\" clickable=\"false\" enabled=\"true\" focusable=\"false\" focused=\"false\" scrollable=\"true\" long-clickable=\"false\" password=\"false\" selected=\"false\" bounds=\"[0,0][1080,1920]\" resource-id=\"com.huawei.android.launcher:id\/workspace\" instance=\"0\"><android.view.ViewGroup index=\"0\" text=\"\" class=\"android.view.ViewGroup\" package=\"com.huawei.android.launcher\" content-desc=\"\" checkable=\"false\" checked=\"false\" clickable=\"true\" enabled=\"true\" focusable=\"false\" focused=\"false\" scrollable=\"false\" long-clickable=\"true\" password=\"false\" selected=\"false\" bounds=\"[0,0][1080,1532]\" resource-id=\"com.huawei.android.launcher:id\/workspace_screen\" instance=\"1\"><android.widget.FrameLayout index=\"0\" text=\"\" class=\"android.widget.FrameLayout\" package=\"com.huawei.android.launcher\" content-desc=\"\" checkable=\"false\" checked=\"false\" clickable=\"false\" enabled=\"true\" focusable=\"false\" focused=\"false\" scrollable=\"false\" long-clickable=\"false\" password=\"false\" selected=\"false\" bounds=\"[12,0][1068,1514]\" resource-id=\"\" instance=\"3\"\/><android.view.ViewGroup index=\"1\" text=\"\" class=\"android.view.ViewGroup\" package=\"com.huawei.android.launcher\" content-desc=\"\" checkable=\"false\" checked=\"false\" clickable=\"false\" enabled=\"true\" focusable=\"false\" focused=\"false\" scrollable=\"false\" long-clickable=\"false\" password=\"false\" selected=\"false\" bounds=\"[12,0][1068,1514]\" resource-id=\"\" instance=\"2\"><android.appwidget.AppWidgetHostView index=\"0\" text=\"\" class=\"android.appwidget.AppWidgetHostView\" package=\"com.huawei.android.launcher\" content-desc=\"\" checkable=\"false\" checked=\"false\" clickable=\"false\" enabled=\"true\" focusable=\"false\" focused=\"false\" scrollable=\"false\" long-clickable=\"true\" password=\"false\" selected=\"false\" bounds=\"[12,84][1068,656]\" resource-id=\"\" instance=\"0\"><android.widget.RelativeLayout index=\"0\" text=\"\" class=\"android.widget.RelativeLayout\" package=\
06-24 17:08:26.288 I/appium  (10698): channel read invoked!
06-24 17:08:26.288 I/appium  (10698): channel read: GET /wd/hub/session/bfc32163-d29b-4bd2-a87a-19eb9523dc7a/source
06-24 17:08:26.296 W/ResourceType( 2519): No known package when getting name for resource number 0x9c010000
06-24 17:08:26.297 W/ResourceType( 2519): No known package when getting name for resource number 0x9c010100
06-24 17:08:26.297 W/ResourceType( 2519): No known package when getting name for resource number 0x9c010200
06-24 17:08:26.298 W/ResourceType( 2519): No known package when getting name for resource number 0x9c010300
06-24 17:08:26.299 W/ResourceType( 2519): No known package when getting name for resource number 0x9c010001
06-24 17:08:26.299 W/ResourceType( 2519): No known package when getting name for resource number 0x9c010101
06-24 17:08:26.300 W/ResourceType( 2519): No known package when getting name for resource number 0x9c010201
06-24 17:08:26.300 W/ResourceType( 2519): No known package when getting name for resource number 0x9c010301
06-24 17:08:26.301 W/ResourceType( 2519): No known package when getting name for resource number 0x9c010002
06-24 17:08:26.301 W/ResourceType( 2519): No known package when getting name for resource number 0x9c010102
06-24 17:08:26.302 W/ResourceType( 2519): No known package when getting name for resource number 0x9c010202
06-24 17:08:26.303 W/ResourceType( 2519): No known package when getting name for resource number 0x9c010302
06-24 17:08:26.304 W/ResourceType( 2519): No known package when getting name for resource number 0x9c010003
06-24 17:08:26.305 W/ResourceType( 2519): No known package when getting name for resource number 0x9c010103
06-24 17:08:26.306 W/ResourceType( 2519): No known package when getting name for resource number 0x9c010203
06-24 17:08:26.307 W/ResourceType( 2519): No known package when getting name for resource number 0x9c010303
06-24 17:08:26.308 W/ResourceType( 2519): No known package when getting name for resource number 0x9c010004
06-24 17:08:26.309 W/ResourceType( 2519): No known package when getting name for resource number 0x9c010104
06-24 17:08:26.310 W/ResourceType( 2519): No known package when getting name for resource number 0x9c010204
06-24 17:08:26.311 W/ResourceType( 2519): No known package when getting name for resource number 0x9c010304
06-24 17:08:26.340 I/appium  (10698): Skipping invisible child: android.view.accessibility.AccessibilityNodeInfo@20ccc; boundsInParent: Rect(0, 0 - 93, 93); boundsInScreen: Rect(493, 0 - 586, 78); packageName: com.huawei.android.launcher; className: android.widget.ImageView; text: null; error: null; maxTextLength: -1; contentDescription: ; viewIdResName: com.huawei.android.launcher:id/default_screen_home_icon_bg; checkable: false; checked: false; focusable: true; focused: false; selected: false; clickable: true; longClickable: false; contextClickable: false; enabled: true; password: false; scrollable: false; importantForAccessibility: true; actions: [AccessibilityAction: ACTION_FOCUS - null, AccessibilityAction: ACTION_SELECT - null, AccessibilityAction: ACTION_CLEAR_SELECTION - null, AccessibilityAction: ACTION_CLICK - null, AccessibilityAction: ACTION_ACCESSIBILITY_FOCUS - null, AccessibilityAction: ACTION_NEXT_AT_MOVEMENT_GRANULARITY - null, AccessibilityAction: ACTION_PREVIOUS_AT_MOVEMENT_GRANULARITY - null, AccessibilityAction: ACTION_SET_SELECTION - null, AccessibilityAction: ACTION_SHOW_ON_SCREEN - null]
06-24 17:08:26.340 I/appium  (10698): Skipping invisible child: android.view.accessibility.AccessibilityNodeInfo@2108d; boundsInParent: Rect(0, 0 - 93, 93); boundsInScreen: Rect(495, 0 - 584, 76); packageName: com.huawei.android.launcher; className: android.widget.ImageView; text: null; error: null; maxTextLength: -1; contentDescription: ; viewIdResName: com.huawei.android.launcher:id/default_screen_home_icon; checkable: false; checked: false; focusable: true; focused: false; selected: false; clickable: true; longClickable: false; contextClickable: false; enabled: true; password: false; scrollable: false; importantForAccessibility: true; actions: [AccessibilityAction: ACTION_FOCUS - null, AccessibilityAction: ACTION_SELECT - null, AccessibilityAction: ACTION_CLEAR_SELECTION - null, AccessibilityAction: ACTION_CLICK - null, AccessibilityAction: ACTION_ACCESSIBILITY_FOCUS - null, AccessibilityAction: ACTION_NEXT_AT_MOVEMENT_GRANULARITY - null, AccessibilityAction: ACTION_PREVIOUS_AT_MOVEMENT_GRANULARITY - null, AccessibilityAction: ACTION_SET_SELECTION - null, AccessibilityAction: ACTION_SHOW_ON_SCREEN - null]
06-24 17:08:26.342 W/ResourceType( 2519): No known package when getting name for resource number 0x9c000000
06-24 17:08:26.343 W/ResourceType( 2519): No known package when getting name for resource number 0x9c000003
06-24 17:08:26.344 W/ResourceType( 2519): No known package when getting name for resource number 0x9c000103
06-24 17:08:26.345 W/ResourceType( 2519): No known package when getting name for resource number 0x9c000203
06-24 17:08:26.346 W/ResourceType( 2519): No known package when getting name for resource number 0x9c000303
06-24 17:08:26.346 W/ResourceType( 2519): No known package when getting name for resource number 0x9c000004
06-24 17:08:26.347 W/ResourceType( 2519): No known package when getting name for resource number 0x9c000104
06-24 17:08:26.348 W/ResourceType( 2519): No known package when getting name for resource number 0x9c000204
06-24 17:08:26.348 W/ResourceType( 2519): No known package when getting name for resource number 0x9c000304
06-24 17:08:26.363 I/appium  (10698): Skipping invisible child: android.view.accessibility.AccessibilityNodeInfo@9929; boundsInParent: Rect(0, 0 - 1080, 1580); boundsInScreen: Rect(1080, 0 - 1080, 1532); packageName: com.huawei.android.launcher; className: android.view.ViewGroup; text: null; error: null; maxTextLength: -1; contentDescription: null; viewIdResName: com.huawei.android.launcher:id/workspace_screen; checkable: false; checked: false; focusable: false; focused: false; selected: false; clickable: true; longClickable: true; contextClickable: false; enabled: true; password: false; scrollable: false; importantForAccessibility: true; actions: [AccessibilityAction: ACTION_SELECT - null, AccessibilityAction: ACTION_CLEAR_SELECTION - null, AccessibilityAction: ACTION_CLICK - null, AccessibilityAction: ACTION_LONG_CLICK - null, AccessibilityAction: ACTION_ACCESSIBILITY_FOCUS - null, AccessibilityAction: ACTION_SHOW_ON_SCREEN - null]
06-24 17:08:26.363 I/appium  (10698): Skipping invisible child: android.view.accessibility.AccessibilityNodeInfo@9cea; boundsInParent: Rect(0, 0 - 1080, 1580); boundsInScreen: Rect(2160, 0 - 1080, 1532); packageName: com.huawei.android.launcher; className: android.view.ViewGroup; text: null; error: null; maxTextLength: -1; contentDescription: null; viewIdResName: com.huawei.android.launcher:id/workspace_screen; checkable: false; checked: false; focusable: false; focused: false; selected: false; clickable: true; longClickable: true; contextClickable: false; enabled: true; password: false; scrollable: false; importantForAccessibility: true; actions: [AccessibilityAction: ACTION_SELECT - null, AccessibilityAction: ACTION_CLEAR_SELECTION - null, AccessibilityAction: ACTION_CLICK - null, AccessibilityAction: ACTION_LONG_CLICK - null, AccessibilityAction: ACTION_ACCESSIBILITY_FOCUS - null, AccessibilityAction: ACTION_SHOW_ON_SCREEN - null]
06-24 17:08:26.364 I/appium  (10698): Skipping invisible child: android.view.accessibility.AccessibilityNodeInfo@a0ab; boundsInParent: Rect(0, 0 - 1080, 1580); boundsInScreen: Rect(3240, 0 - 1080, 1532); packageName: com.huawei.android.launcher; className: android.view.ViewGroup; text: null; error: null; maxTextLength: -1; contentDescription: null; viewIdResName: com.huawei.android.launcher:id/workspace_screen; checkable: false; checked: false; focusable: false; focused: false; selected: false; clickable: true; longClickable: true; contextClickable: false; enabled: true; password: false; scrollable: false; importantForAccessibility: true; actions: [AccessibilityAction: ACTION_SELECT - null, AccessibilityAction: ACTION_CLEAR_SELECTION - null, AccessibilityAction: ACTION_CLICK - null, AccessibilityAction: ACTION_LONG_CLICK - null, AccessibilityAction: ACTION_ACCESSIBILITY_FOCUS - null, AccessibilityAction: ACTION_SHOW_ON_SCREEN - null]
06-24 17:08:26.366 W/ResourceType( 2519): No known package when getting name for resource number 0x9b000000
06-24 17:08:26.367 W/ResourceType( 2519): No known package when getting name for resource number 0x9b010100
06-24 17:08:26.368 W/ResourceType( 2519): No known package when getting name for resource number 0x9b020200
06-24 17:08:26.368 W/ResourceType( 2519): No known package when getting name for resource number 0x9b030300
06-24 17:08:26.368 W/ResourceType( 2519): No known package when getting name for resource number 0x9b040400
06-24 17:08:26.372 I/ActivityManager(  657): START u0 {act=android.intent.action.MAIN cat=[android.intent.category.LAUNCHER] flg=0x10000000 cmp=com.excelliance.dualaid/com.excelliance.kxqp.ui.HelloActivity} from uid 2000
06-24 17:08:26.375 I/appium  (10698): Fetch time: 43ms
06-24 17:08:26.376 I/ash     ( 1699): front pkg : com.excelliance.dualaid launcher: false
06-24 17:08:26.376 I/ash     ( 1699): above launcher front pkgs: [com.excelliance.dualaid]
06-24 17:08:26.378 I/ActivityManager(  657): ActivityRecord info: ActivityInfo{33dbda4 com.excelliance.kxqp.ui.HelloActivity}
06-24 17:08:26.380 I/PGServer( 1699): android calls fast hibernateApps
06-24 17:08:26.380 I/AppFastHibernation( 1699): fast hibernate duration: 1500 reason: start activity
06-24 17:08:26.381 V/WindowManager(  657): addAppToken: AppWindowToken{86b1010 token=Token{203acd3 ActivityRecord{60b86c2 u0 com.excelliance.dualaid/com.excelliance.kxqp.ui.HelloActivity t16077}}} controller={TaskWindowContainerController taskId=16077} at 2147483647
06-24 17:08:26.381 I/Pged-IPgedBinderService(  769): ****action is 1, pid num is 7***
06-24 17:08:26.381 I/Pged-Freezer(  769): freezePids
06-24 17:08:26.381 I/Pged-Freezer(  769): Freeze process: 29457
06-24 17:08:26.381 D/PMS1000 (  657): package:com.excelliance.dualaid, input flags:1, output hwFlags:0
06-24 17:08:26.382 I/Pged-Freezer(  769): Freeze process: 19894
06-24 17:08:26.382 I/Pged-Freezer(  769): Freeze process: 29531
06-24 17:08:26.383 I/Pged-Freezer(  769): Freeze process: 31476
06-24 17:08:26.385 I/Pged-Freezer(  769): Freeze process: 32085
06-24 17:08:26.385 D/MotionDetectionManager( 2519): stopMotionAppsReco motionApps: 403
06-24 17:08:26.385 D/MotionDetectionManager( 2519): stopMotionAppsReco not recognition motionApps 403
06-24 17:08:26.385 W/HwLauncher( 2519): Launcher.MotionManager stopMotionAppsReco service flg 403 is unavailable
06-24 17:08:26.386 I/Pged-Freezer(  769): Freeze process: 10698
06-24 17:08:26.387 V/ActivityManager(  657): startProcess: name=com.excelliance.dualaid:olle app=null knownToBeDead=true thread=null pid=-1
06-24 17:08:26.387 D/PMS1000 (  657): package:com.excelliance.dualaid, input flags:0, output hwFlags:0
06-24 17:08:26.388 D/PgedBinderAdapter( 1699): frz ok, pid: [29457, 19894, 29531, 31476, 32085, 10698]
06-24 17:08:26.399 I/        (11024): power log dlsym ok
06-24 17:08:26.400 I/ActivityManager(  657): Start proc 11024:com.excelliance.dualaid:olle/u0a1425 for activity com.excelliance.dualaid/com.excelliance.kxqp.ui.HelloActivity
06-24 17:08:26.401 I/zygote  (11024): Reinit property: dalvik.vm.checkjni= false
06-24 17:08:26.401 V/WindowManager(  657): No longer Stopped: AppWindowToken{86b1010 token=Token{203acd3 ActivityRecord{60b86c2 u0 com.excelliance.dualaid/com.excelliance.kxqp.ui.HelloActivity t16077}}}
06-24 17:08:26.402 V/ActivityManager(  657): startProcess: name=com.excelliance.dualaid:olle app=ProcessRecord{dae709 11024:com.excelliance.dualaid:olle/u0a1425} knownToBeDead=true thread=null pid=11024
06-24 17:08:26.410 D/ActivityThread(11024): ActivityThread,attachApplication
06-24 17:08:26.411 D/ActivityManager(  657): ActivityManagerService,attachApplication,callingPid = 11024
06-24 17:08:26.413 V/WindowManager(  657): No longer Stopped: AppWindowToken{86b1010 token=Token{203acd3 ActivityRecord{60b86c2 u0 com.excelliance.dualaid/com.excelliance.kxqp.ui.HelloActivity t16077}}}
06-24 17:08:26.422 V/WindowManager(  657): findFocusedWindow: AppWindowToken{d3a938b token=Token{377755a ActivityRecord{d5c9105 u0 com.huawei.android.launcher/.unihome.UniHomeLauncher t15658}}} below Reached focused app=AppWindowToken{86b1010 token=Token{203acd3 ActivityRecord{60b86c2 u0 com.excelliance.dualaid/com.excelliance.kxqp.ui.HelloActivity t16077}}}
06-24 17:08:26.423 D/ScenarioService( 1699): front pkg : com.excelliance.dualaid launcher: false
06-24 17:08:26.423 D/ScenarioService( 1699): new above launcher front pkgs: [com.excelliance.dualaid]
06-24 17:08:26.423 I/AppsUsage( 1699): scnOff:false FgAPP:com.excelliance.dualaid BgAPP:com.huawei.android.launcher
06-24 17:08:26.425 D/EmcomManagerService(  657): forePackage name is com.excelliance.dualaid
06-24 17:08:26.425 D/HicomPolicyManager(  657): foreAppInfo = nullpkgName = com.excelliance.dualaid uid= 11425
06-24 17:08:26.425 E/HicomPolicyManager(  657): udp acc is not start yet!
06-24 17:08:26.425 D/HicomPolicyManager(  657): speed control is not start
06-24 17:08:26.425 E/HicomPolicyManager(  657): Network Evaluation is not start yet!
06-24 17:08:26.425 E/HicomPolicyManager(  657): foreground app info is null
06-24 17:08:26.426 D/[HwRecSys]HwRecSysService( 2647): onEvent actionID: 10000 msg:com.excelliance.dualaid		
06-24 17:08:26.426 E/[HwRecSys]HwRecSysService( 2647): getIsRportDirectService is false!
06-24 17:08:26.426 I/PGServer( 1699): report state:10010 event type:2 pid:0 uid:0 pkg:com.huawei.android.launcher to pid: 657
06-24 17:08:26.426 I/PGServer( 1699): report state:10010 event type:2 pid:0 uid:0 pkg:com.huawei.android.launcher to pid: 1699
06-24 17:08:26.426 I/SceneReceiver( 1699): state type: 10010 eventType:2 pid:0 uid:0 pkg:com.huawei.android.launcher
06-24 17:08:26.426 I/PGServer( 1699): report state:10000 event type:1 pid:0 uid:0 pkg:com.excelliance.dualaid to pid: 657
06-24 17:08:26.426 I/PGServer( 1699): report state:10000 event type:1 pid:0 uid:0 pkg:com.excelliance.dualaid to pid: 1699
06-24 17:08:26.426 I/SceneReceiver( 1699): state type: 10000 eventType:1 pid:0 uid:0 pkg:com.excelliance.dualaid
06-24 17:08:26.426 D/HwThermalStateManager( 1699): current foreapp pkg : com.excelliance.dualaid
06-24 17:08:26.427 V/WindowManager(  657): Checking 1 opening apps (frozen=false timeout=false)...
06-24 17:08:26.427 V/WindowManager(  657): Check opening app=AppWindowToken{86b1010 token=Token{203acd3 ActivityRecord{60b86c2 u0 com.excelliance.dualaid/com.excelliance.kxqp.ui.HelloActivity t16077}}}: allDrawn=false startingDisplayed=false startingMoved=false isRelaunching()=false
06-24 17:08:26.430 D/HwQoEUtils(  657): mForegroundAppPackageName: com.excelliance.dualaid:olle ,score: 0
06-24 17:08:26.431 D/HwQoEUtils(  657): APP type: -1 appName= com.excelliance.dualaid:olle
06-24 17:08:26.431 D/HwQoEUtils(  657): RealAppName:com.excelliance.dualaid
06-24 17:08:26.431 D/HwQoEUtils(  657): no game, APP_TYPE_GAME, appName =com.excelliance.dualaid:olle
06-24 17:08:26.431 W//system/bin/hwservicemanager(  416): Cannot open /odm/manifest.xml
06-24 17:08:26.431 D/HwGameAssistantController(  657): pid=11024, uid=11425, foreground=true
06-24 17:08:26.432 I/HwNetworkPolicy(  657): onTransact, code = 203
06-24 17:08:26.432 W/AwareLog(  657): SchedLevelBoost: onFgActivitiesChanged config not set!
06-24 17:08:26.433 I/PGServer( 1699): checkPkgType. calling pkg: android
06-24 17:08:26.434 I/HwNetworkPolicyManager( 1813): getHwUidPolicy uid = 11425 policy = 0
06-24 17:08:26.433 I/PGServer( 1699): checkPkgType. calling pkg: android
06-24 17:08:26.434 W/libc    ( 1699): Set property "sys.aps.gameProcessName" to ""
06-24 17:08:26.435 W/libc    ( 1699): Set property "sys.aps.browserProcessName" to ""
06-24 17:08:26.444 D/HwFLClassLoader(11024): get used feature list :/feature/used-list failed!
06-24 17:08:26.444 D/HwFLClassLoader(11024): USE_FEATURE_LIST had not init! 
06-24 17:08:26.446 W//system/bin/hwservicemanager(  416): Cannot open /odm/manifest.xml
06-24 17:08:26.447 I/GRALLOC (  679): 	 shrFd=10,fmt=0x1,intFmt=0x1,btStrd=256,size=4096,pid=679 
06-24 17:08:26.447 I/GRALLOC (  679): 	 yuv=2,w=16,h=16,Stride u=0 v=0,offset u=0 v=0 
06-24 17:08:26.447 I/GRALLOC (  679): 	 iova_size=4096,conUsg=0x100,proUsg=0x100,	 strd=64,[afbc]HdrStrd=0 PyldStrd=0 Scrmbl=0,ionhnd = 1 
06-24 17:08:26.457 D/NetWorkUtils( 1513): mVSimCurCardType is -1
06-24 17:08:26.458 D/NetWorkUtils( 1513): mVSimCurCardType is -1
06-24 17:08:26.462 E/MemoryLeakMonitorManager(11024): MemoryLeakMonitor.jar is not exist!
06-24 17:08:26.462 D/CrashHandler(11024): CrashHandler
06-24 17:08:26.463 E/Minikin (11024): Could not get cmap table size!
06-24 17:08:26.463 D/PMS11425(  657): package:com.excelliance.dualaid, input flags:128, output hwFlags:0
06-24 17:08:26.466 D/KXQPApplication(11024): run: initUserManager
06-24 17:08:26.472 I/HwCust  (11024): Constructor found for class android.app.HwCustActivityImpl
06-24 17:08:26.472 D/HwCust  (11024): Create obj success use class android.app.HwCustActivityImpl
06-24 17:08:26.474 V/HwPolicyFactory(11024): : success to get AllImpl object and return....
06-24 17:08:26.476 I/HwCust  (11024): Constructor found for class android.app.HwCustHwWallpaperManagerImpl
06-24 17:08:26.476 D/HwCust  (11024): Create obj success use class android.app.HwCustHwWallpaperManagerImpl
06-24 17:08:26.477 D/PMS11425(  657): package:com.excelliance.dualaid, input flags:0, output hwFlags:0
06-24 17:08:26.478 V/HwWidgetFactory(11024): : successes to get AllImpl object and return....
06-24 17:08:26.479 V/ActivityThread(11024): ActivityThread,callActivityOnCreate
06-24 17:08:26.480 D/HelloActivity(11024): Memory:25139M
06-24 17:08:26.481 D/HelloActivity(11024): onCreate: true
06-24 17:08:26.482 D/HelloActivity(11024): is code boot
06-24 17:08:26.486 D/HelloActivity(11024): mIsNav = false
06-24 17:08:26.493 D/HttpUtils(11024): getDownloadMode()
06-24 17:08:26.493 D/NetUtils(11024): init inited = true
06-24 17:08:26.493 D/HelloActivity(11024): enter Nav2
06-24 17:08:26.494 D/NetworkSecurityConfig(11024): No Network Security Config specified, using platform default
06-24 17:08:26.496 I/ActivityManager(  657): START u0 {pkg=com.excelliance.dualaid cmp=com.excelliance.dualaid/com.excelliance.kxqp.swipe.NavActivity2 (has extras)} from uid 11425
06-24 17:08:26.496 I/ActivityManager(  657): ActivityRecord info: ActivityInfo{91400dc com.excelliance.kxqp.swipe.NavActivity2}
06-24 17:08:26.497 V/WindowManager(  657): findFocusedWindow: AppWindowToken{d3a938b token=Token{377755a ActivityRecord{d5c9105 u0 com.huawei.android.launcher/.unihome.UniHomeLauncher t15658}}} below Reached focused app=AppWindowToken{86b1010 token=Token{203acd3 ActivityRecord{60b86c2 u0 com.excelliance.dualaid/com.excelliance.kxqp.ui.HelloActivity t16077}}}
06-24 17:08:26.498 V/WindowManager(  657): addAppToken: AppWindowToken{3b8d128 token=Token{249e34b ActivityRecord{2772c1a u0 com.excelliance.dualaid/com.excelliance.kxqp.swipe.NavActivity2 t16077}}} controller={TaskWindowContainerController taskId=16077} at 2147483647
06-24 17:08:26.502 D/HwRecentsLockUtils( 1513): Search
06-24 17:08:26.502 E/HsmCoreServiceImpl( 1478): onTransact in code is: 103
06-24 17:08:26.502 I/MediaProcessHandler( 1478): playingUids: 
06-24 17:08:26.503 D/ActivityManager(  657): Skipping, home or recents stack task: TaskRecord{333215f #15658 A=com.huawei.android.launcher U=0 StackId=0 sz=1}
06-24 17:08:26.503 D/ActivityManager(  657): Skipping intent:flg=0x18800000 cmp=com.tencent.mm/.plugin.base.stub.WXPayEntryActivity
06-24 17:08:26.503 D/ActivityManager(  657): Skipping intent:act=android.intent.action.MAIN cat=[android.intent.category.LAUNCHER] flg=0x10a00000 cmp=io.appium.settings/.Settings
06-24 17:08:26.503 D/ActivityManager(  657): Skipping intent:flg=0x10804000 cmp=com.android.systemui/.recents.RecentsActivity bnds=[48,928][1032,2296]
06-24 17:08:26.503 D/ActivityManager(  657): Skipping intent:flg=0x10800000 cmp=com.huawei.systemmanager/com.huawei.permissionmanager.ui.MainActivity
06-24 17:08:26.503 D/ActivityManager(  657): Skipping intent:flg=0x18800000 cmp=com.tencent.mm/.plugin.base.stub.WXEntryActivity
06-24 17:08:26.503 D/ActivityManager(  657): Skipping intent:act=com.huawei.action.VOICE_ASSISTANT flg=0x10800000 pkg=com.huawei.vassistant cmp=com.huawei.vassistant/.ui.main.VAssistantActivity
06-24 17:08:26.503 D/ActivityManager(  657): Skipping intent:act=com.huawei.android.launcher.action.ACCESS_SPLIT_SCREEN_APP cat=[android.intent.category.DEFAULT] flg=0x10804000 cmp=com.huawei.android.launcher/.splitscreen.SplitScreenAppActivity
06-24 17:08:26.503 D/ActivityManager(  657): Skipping intent:flg=0x10800000 pkg=com.excelliance.dualaid.b64 cmp=com.excelliance.dualaid.b64/com.excelliance.kxqp.sdk.PermissionRequestActivity
06-24 17:08:26.503 D/ActivityManager(  657): Skipping intent:act=android.intent.action.VIEW dat=content://com.excelliance.dualaid.fileProvider/external_storage_root/Download/apk/Multiple_64.apk typ=application/vnd.android.package-archive flg=0x10800001 cmp=com.android.packageinstaller/.InstallStart
06-24 17:08:26.503 D/ActivityManager(  657): Skipping intent:flg=0x10800000 cmp=com.android.systemui/.usb.HwUsbDebuggingActivity
06-24 17:08:26.503 D/ActivityManager(  657): Skipping intent:act=android.deviceinfo.chooser.action.LAUNCH flg=0x10800000 hwFlg=0x100 pkg=com.android.settings cmp=com.android.settings/.deviceinfo.UsbConnModeChooserActivity
06-24 17:08:26.503 D/ActivityManager(  657): Skipping intent:flg=0x10800000 cmp=com.zol.android/.push.KeepLiveActivity
06-24 17:08:26.503 D/ActivityManager(  657): Skipping intent:act=android.intent.action.MAIN cat=[android.intent.category.HOME] flg=0x10800300 cmp=com.android.settings/.FallbackHome
06-24 17:08:26.503 V/ActivityManager(  657): startProcess: name=com.excelliance.dualaid app=null knownToBeDead=true thread=null pid=-1
06-24 17:08:26.503 D/PMS1000 (  657): package:com.excelliance.dualaid, input flags:0, output hwFlags:0
06-24 17:08:26.511 I/ActivityManager(  657): Start proc 11051:com.excelliance.dualaid/u0a1425 for service com.excelliance.dualaid/com.excelliance.kxqp.SmtServService
06-24 17:08:26.513 I/        (11051): power log dlsym ok
06-24 17:08:26.514 I/zygote  (11051): Reinit property: dalvik.vm.checkjni= false
06-24 17:08:26.518 D/HwNetworkManagementService(  657): code == CODE_GET_AD_KEY_LIST
06-24 17:08:26.518 D/HwNetworkManagementService(  657): appName = com.excelliance.dualaid  is not in the mAdViewMap! reply none
06-24 17:08:26.518 D/HwNetworkManagementService(  657): appName = com.excelliance.dualaid  is not in the mAdIdMap! reply none
06-24 17:08:26.521 D/ActivityThread(11024): add activity client record, r= ActivityRecord{cbe2ddc token=android.os.BinderProxy@d13fa03 {com.excelliance.dualaid/com.excelliance.kxqp.ui.HelloActivity}} token= android.os.BinderProxy@d13fa03
06-24 17:08:26.522 V/WindowManager(  657): No longer Stopped: AppWindowToken{3b8d128 token=Token{249e34b ActivityRecord{2772c1a u0 com.excelliance.dualaid/com.excelliance.kxqp.swipe.NavActivity2 t16077}}}
06-24 17:08:26.522 V/WindowManager(  657): No longer Stopped: AppWindowToken{3b8d128 token=Token{249e34b ActivityRecord{2772c1a u0 com.excelliance.dualaid/com.excelliance.kxqp.swipe.NavActivity2 t16077}}}
06-24 17:08:26.524 D/ActivityThread(11051): ActivityThread,attachApplication
06-24 17:08:26.528 V/WindowManager(  657): Checking 1 opening apps (frozen=false timeout=false)...
06-24 17:08:26.528 V/WindowManager(  657): Check opening app=AppWindowToken{3b8d128 token=Token{249e34b ActivityRecord{2772c1a u0 com.excelliance.dualaid/com.excelliance.kxqp.swipe.NavActivity2 t16077}}}: allDrawn=false startingDisplayed=false startingMoved=false isRelaunching()=false
06-24 17:08:26.529 D/ActivityManager(  657): ActivityManagerService,attachApplication,callingPid = 11051
06-24 17:08:26.534 D/HwCust  (11024): Create obj success use class android.app.HwCustActivityImpl
06-24 17:08:26.534 D/HwCust  (11024): Create obj success use class android.app.HwCustHwWallpaperManagerImpl
06-24 17:08:26.535 W//system/bin/hwservicemanager(  416): Cannot open /odm/manifest.xml
06-24 17:08:26.535 V/ActivityThread(11024): ActivityThread,callActivityOnCreate
06-24 17:08:26.538 D/NavActivity2(11024): onCreate
06-24 17:08:26.538 W/X509TrustManager(11024): checkServerTrusted: SignatureException:null
06-24 17:08:26.538 W/X509TrustManager(11024): checkServerTrusted: SignatureException:error:04000073:RSA routines:OPENSSL_internal:DATA_TOO_LARGE_FOR_MODULUS
06-24 17:08:26.543 W/Utils   (11024): Utils_isSuperResolutionSupport [load libai_client.so failed]
06-24 17:08:26.545 D/CubicBezierInterpolator(11024): CubicBezierInterpolator  mControlPoint1x = 0.23, mControlPoint1y = 0.06, mControlPoint2x = 0.09, mControlPoint2y = 0.97
06-24 17:08:26.545 D/CubicBezierInterpolator(11024): CubicBezierInterpolator  mControlPoint1x = 0.6, mControlPoint1y = 0.9, mControlPoint2x = 0.8, mControlPoint2y = 1.0
06-24 17:08:26.545 D/CubicBezierInterpolator(11024): CubicBezierInterpolator  mControlPoint1x = 0.23, mControlPoint1y = 0.06, mControlPoint2x = 0.09, mControlPoint2y = 0.97
06-24 17:08:26.545 D/CubicBezierInterpolator(11024): CubicBezierInterpolator  mControlPoint1x = 0.6, mControlPoint1y = 0.9, mControlPoint2x = 0.8, mControlPoint2y = 1.0
06-24 17:08:26.546 D/CubicBezierInterpolator(11024): CubicBezierInterpolator  mControlPoint1x = 0.23, mControlPoint1y = 0.06, mControlPoint2x = 0.09, mControlPoint2y = 0.97
06-24 17:08:26.546 D/CubicBezierInterpolator(11024): CubicBezierInterpolator  mControlPoint1x = 0.6, mControlPoint1y = 0.9, mControlPoint2x = 0.8, mControlPoint2y = 1.0
06-24 17:08:26.546 D/CubicBezierInterpolator(11024): CubicBezierInterpolator  mControlPoint1x = 0.23, mControlPoint1y = 0.06, mControlPoint2x = 0.09, mControlPoint2y = 0.97
06-24 17:08:26.546 D/CubicBezierInterpolator(11024): CubicBezierInterpolator  mControlPoint1x = 0.6, mControlPoint1y = 0.9, mControlPoint2x = 0.8, mControlPoint2y = 1.0
06-24 17:08:26.548 W//system/bin/hwservicemanager(  416): Cannot open /odm/manifest.xml
06-24 17:08:26.549 I/GRALLOC (  679): 	 shrFd=10,fmt=0x1,intFmt=0x1,btStrd=256,size=4096,pid=679 
06-24 17:08:26.549 I/GRALLOC (  679): 	 yuv=2,w=16,h=16,Stride u=0 v=0,offset u=0 v=0 
06-24 17:08:26.549 I/GRALLOC (  679): 	 iova_size=4096,conUsg=0x100,proUsg=0x100,	 strd=64,[afbc]HdrStrd=0 PyldStrd=0 Scrmbl=0,ionhnd = 1 
06-24 17:08:26.552 D/HwRTBlurUtils(11024): check blur style for HwPhoneWindow-, themeResId : 0x7f0e000a, context : com.excelliance.kxqp.swipe.NavActivity2@794246b, Nhwext : 0, get Blur : disable with , null
06-24 17:08:26.552 D/HwRTBlurUtils(11024): check blur style for HwPhoneWindow-, themeResId : 0x7f0e000a, context : com.excelliance.kxqp.swipe.NavActivity2@794246b, Nhwext : 0, get Blur : disable with , null
06-24 17:08:26.553 E/test    (11024): hw notch screen flag api error
06-24 17:08:26.554 D/HwFLClassLoader(11051): get used feature list :/feature/used-list failed!
06-24 17:08:26.554 D/HwFLClassLoader(11051): USE_FEATURE_LIST had not init! 
06-24 17:08:26.556 D/ActivityThread(11024): add activity client record, r= ActivityRecord{414755e token=android.os.BinderProxy@31abee5 {com.excelliance.dualaid/com.excelliance.kxqp.swipe.NavActivity2}} token= android.os.BinderProxy@31abee5
06-24 17:08:26.557 E/ViewUtils(11024): setBgColor: view==null:top
06-24 17:08:26.566 D/OpenGLRenderer(11024):   HWUI Binary is  enabled
06-24 17:08:26.567 D/SurfaceFlinger(  710): SurfaceFlinger: getDisplayConfigs--3.000000, 1080, 1920
06-24 17:08:26.567 I/chatty  (  710): uid=1000(system) Binder:710_5 identical 1 line
06-24 17:08:26.567 D/SurfaceFlinger(  710): SurfaceFlinger: getDisplayConfigs--3.000000, 1080, 1920
06-24 17:08:26.568 D/OpenGLRenderer(11024): HWUI GL Pipeline
06-24 17:08:26.569 D/PMS11425(  657): package:com.excelliance.dualaid, input flags:128, output hwFlags:0
06-24 17:08:26.572 V/WindowManager(  657): Adding Window{460561f u0 com.excelliance.dualaid/com.excelliance.kxqp.swipe.NavActivity2} to AppWindowToken{3b8d128 token=Token{249e34b ActivityRecord{2772c1a u0 com.excelliance.dualaid/com.excelliance.kxqp.swipe.NavActivity2 t16077}}}
06-24 17:08:26.572 V/WindowManager(  657): addWindow: New client android.os.BinderProxy@3ef15be: window=Window{460561f u0 com.excelliance.dualaid/com.excelliance.kxqp.swipe.NavActivity2} Callers=com.android.server.wm.HwWindowManagerService.addWindow:562 com.android.server.wm.Session.addToDisplay:199 android.view.IWindowSession$Stub.onTransact:124 com.android.server.wm.Session.onTransact:161 android.os.Binder.execTransact:675 
06-24 17:08:26.572 D/PMS11425(  657): package:com.excelliance.dualaid, input flags:128, output hwFlags:0
06-24 17:08:26.573 D/HttpUtils(11024): getResponseCode():200
06-24 17:08:26.574 D/WHEG    (11024): {"status":"0","controls":"","skip":"0"}
06-24 17:08:26.576 D/PMS11425(  657): package:com.excelliance.dualaid, input flags:128, output hwFlags:0
06-24 17:08:26.576 D/PMS11425(  657): package:com.excelliance.dualaid, input flags:128, output hwFlags:0
06-24 17:08:26.577 V/WindowManager(  657): Checking 1 opening apps (frozen=false timeout=false)...
06-24 17:08:26.578 V/WindowManager(  657): Check opening app=AppWindowToken{3b8d128 token=Token{249e34b ActivityRecord{2772c1a u0 com.excelliance.dualaid/com.excelliance.kxqp.swipe.NavActivity2 t16077}}}: allDrawn=false startingDisplayed=false startingMoved=false isRelaunching()=false
06-24 17:08:26.578 D/HwGalleryCacheManagerImpl(11024): mIsEffect:false
06-24 17:08:26.579 D/PMS11425(  657): package:com.excelliance.dualaid, input flags:128, output hwFlags:0
06-24 17:08:26.610 W/dex2oat (11074): Using default instruction set features for ARM CPU variant (default) using conservative defaults
06-24 17:08:26.611 I/dex2oat (11074): /system/bin/dex2oat -j4 --dex-file=/data/data/com.excelliance.dualaid/.platformcache/main.jar --output-vdex-fd=48 --oat-fd=49 --oat-location=/data/data/com.excelliance.dualaid/.platformcache/oat/arm/main.odex --compiler-filter=quicken
06-24 17:08:26.611 I/cutils-trace(11074): atrace_init_once, trace_marker_path = /sys/kernel/debug/tracing/trace_marker
06-24 17:08:26.627 D/HwRecentsLockUtils( 1513): Search
06-24 17:08:26.628 E/HsmCoreServiceImpl( 1478): onTransact in code is: 103
06-24 17:08:26.628 I/MediaProcessHandler( 1478): playingUids: 
06-24 17:08:26.629 D/ActivityManager(  657): Skipping, home or recents stack task: TaskRecord{333215f #15658 A=com.huawei.android.launcher U=0 StackId=0 sz=1}
06-24 17:08:26.630 D/ActivityManager(  657): Skipping intent:flg=0x18800000 cmp=com.tencent.mm/.plugin.base.stub.WXPayEntryActivity
06-24 17:08:26.630 D/ActivityManager(  657): Skipping intent:act=android.intent.action.MAIN cat=[android.intent.category.LAUNCHER] flg=0x10a00000 cmp=io.appium.settings/.Settings
06-24 17:08:26.630 D/ActivityManager(  657): Skipping intent:flg=0x10804000 cmp=com.android.systemui/.recents.RecentsActivity bnds=[48,928][1032,2296]
06-24 17:08:26.630 D/ActivityManager(  657): Skipping intent:flg=0x10800000 cmp=com.huawei.systemmanager/com.huawei.permissionmanager.ui.MainActivity
06-24 17:08:26.630 D/ActivityManager(  657): Skipping intent:flg=0x18800000 cmp=com.tencent.mm/.plugin.base.stub.WXEntryActivity
06-24 17:08:26.630 D/ActivityManager(  657): Skipping intent:act=com.huawei.action.VOICE_ASSISTANT flg=0x10800000 pkg=com.huawei.vassistant cmp=com.huawei.vassistant/.ui.main.VAssistantActivity
06-24 17:08:26.630 D/ActivityManager(  657): Skipping intent:act=com.huawei.android.launcher.action.ACCESS_SPLIT_SCREEN_APP cat=[android.intent.category.DEFAULT] flg=0x10804000 cmp=com.huawei.android.launcher/.splitscreen.SplitScreenAppActivity
06-24 17:08:26.630 D/ActivityManager(  657): Skipping intent:flg=0x10800000 pkg=com.excelliance.dualaid.b64 cmp=com.excelliance.dualaid.b64/com.excelliance.kxqp.sdk.PermissionRequestActivity
06-24 17:08:26.630 D/ActivityManager(  657): Skipping intent:act=android.intent.action.VIEW dat=content://com.excelliance.dualaid.fileProvider/external_storage_root/Download/apk/Multiple_64.apk typ=application/vnd.android.package-archive flg=0x10800001 cmp=com.android.packageinstaller/.InstallStart
06-24 17:08:26.630 D/ActivityManager(  657): Skipping intent:flg=0x10800000 cmp=com.android.systemui/.usb.HwUsbDebuggingActivity
06-24 17:08:26.630 D/ActivityManager(  657): Skipping intent:act=android.deviceinfo.chooser.action.LAUNCH flg=0x10800000 hwFlg=0x100 pkg=com.android.settings cmp=com.android.settings/.deviceinfo.UsbConnModeChooserActivity
06-24 17:08:26.630 D/ActivityManager(  657): Skipping intent:flg=0x10800000 cmp=com.zol.android/.push.KeepLiveActivity
06-24 17:08:26.630 D/ActivityManager(  657): Skipping intent:act=android.intent.action.MAIN cat=[android.intent.category.HOME] flg=0x10800300 cmp=com.android.settings/.FallbackHome
06-24 17:08:26.651 D/MainActivity(11024): instantiateItem: 2	android.widget.RelativeLayout{d00e2b1 V.E...... ......I. 0,0-0,0}
06-24 17:08:26.651 D/MainActivity(11024): initPage3: 
06-24 17:08:26.655 V/WindowManager(  657): Checking 1 opening apps (frozen=false timeout=false)...
06-24 17:08:26.655 V/WindowManager(  657): Check opening app=AppWindowToken{3b8d128 token=Token{249e34b ActivityRecord{2772c1a u0 com.excelliance.dualaid/com.excelliance.kxqp.swipe.NavActivity2 t16077}}}: allDrawn=false startingDisplayed=false startingMoved=false isRelaunching()=false
06-24 17:08:26.658 V/HwPhoneWindowManager(  657): updateSystemUiColorLw window=Window{460561f u0 com.excelliance.dualaid/com.excelliance.kxqp.swipe.NavActivity2},EmuiStyle=0,StatusBarColor=0xff000000,NavigationBarColor=0xff000000, mLastIsEmuiLightStyle=-1
06-24 17:08:26.658 D/HwPhoneWindowManager(  657): Transact:setSystemUIColor to status bar service
06-24 17:08:26.659 I/CommandQueue( 1513): updateBarBgColor
06-24 17:08:26.659 D/CommandQueue( 1513): CommandQueue, setBarBackgroundColor
06-24 17:08:26.659 V/WindowManager(  657): Checking 1 opening apps (frozen=false timeout=false)...
06-24 17:08:26.659 V/WindowManager(  657): Check opening app=AppWindowToken{3b8d128 token=Token{249e34b ActivityRecord{2772c1a u0 com.excelliance.dualaid/com.excelliance.kxqp.swipe.NavActivity2 t16077}}}: allDrawn=false startingDisplayed=false startingMoved=false isRelaunching()=false
06-24 17:08:26.662 I/GRALLOC (  679): 	 shrFd=10,fmt=0x1,intFmt=0x200000001,btStrd=4352,size=8486912,pid=679 
06-24 17:08:26.662 I/GRALLOC (  679): 	 yuv=2,w=1080,h=1920,Stride u=0 v=0,offset u=0 v=0 
06-24 17:08:26.662 I/GRALLOC (  679): 	 iova_size=8486912,conUsg=0x900,proUsg=0x900,	 strd=1088,[afbc]HdrStrd=1088 PyldStrd=69632 Scrmbl=2,ionhnd = 1 
06-24 17:08:26.663 D/TintManager( 1513): statusBarIconTint=#99FFFFFF,navigationBarIconTint=#FF000000
06-24 17:08:26.664 D/MainActivity(11024): run: initPage3
06-24 17:08:26.665 V/MainActivity(11024): onWindowFocusChanged: true
06-24 17:08:26.665 I/GRALLOC (  679): 	 shrFd=10,fmt=0x1,intFmt=0x200000001,btStrd=4352,size=8486912,pid=679 
06-24 17:08:26.665 I/GRALLOC (  679): 	 yuv=2,w=1080,h=1920,Stride u=0 v=0,offset u=0 v=0 
06-24 17:08:26.665 I/GRALLOC (  679): 	 iova_size=8486912,conUsg=0x900,proUsg=0x900,	 strd=1088,[afbc]HdrStrd=1088 PyldStrd=69632 Scrmbl=2,ionhnd = 1 
06-24 17:08:26.666 W/InputMethodManager(11024): startInputReason = 1
06-24 17:08:26.667 I/GRALLOC (  679): 	 shrFd=10,fmt=0x1,intFmt=0x200000001,btStrd=4352,size=8486912,pid=679 
06-24 17:08:26.667 I/GRALLOC (  679): 	 yuv=2,w=1080,h=1920,Stride u=0 v=0,offset u=0 v=0 
06-24 17:08:26.667 I/GRALLOC (  679): 	 iova_size=8486912,conUsg=0x900,proUsg=0x900,	 strd=1088,[afbc]HdrStrd=1088 PyldStrd=69632 Scrmbl=2,ionhnd = 1 
06-24 17:08:26.669 I/OpenGLRenderer(11024): Initialized EGL, version 1.4
06-24 17:08:26.669 D/OpenGLRenderer(11024): Swap behavior 2
06-24 17:08:26.669 W/InputMethodManager(11024): startInputReason = 5
06-24 17:08:26.671 I/wangchen( 7035): SysInfo.getSysParam: orientation=1||config d=3.0,w=1080,h=1920||metrics d=3.0,w=1080,h=1920||sdk=26,bar_h=72
06-24 17:08:26.671 I/KeymapLoader( 7035): w=1080 h=1920 ori=true appScale=3.3 s1=3.0
06-24 17:08:26.673 D/mali_winsys(11024): EGLint new_window_surface(egl_winsys_display *, void *, EGLSurface, EGLConfig, egl_winsys_surface **, egl_color_buffer_format *, EGLBoolean) returns 0x3000
06-24 17:08:26.673 E/vndksupport(11024): Could not load vendor/lib/egl/libGLES_mali_v2.so from sphal namespace: dlopen failed: library "vendor/lib/egl/libGLES_mali_v2.so" not found.
06-24 17:08:26.676 D/BarTransitions.HwPhoneStatusBarView( 1513): MODE_TRANSPARENT -> MODE_TRANSLUCENT animate=false
06-24 17:08:26.676 D/BarTransitions.HwPhoneStatusBarView( 1513): applyModeBackground oldMode=MODE_TRANSPARENT newMode=MODE_TRANSLUCENT animate=false
06-24 17:08:26.678 D/StatusBarIconController( 1513): setIconVisibility icon is null or visibility not change visibility=false
06-24 17:08:26.689 I/GRALLOC (  679): 	 shrFd=10,fmt=0x1,intFmt=0x200000001,btStrd=4352,size=8486912,pid=679 
06-24 17:08:26.689 I/GRALLOC (  679): 	 yuv=2,w=1080,h=1920,Stride u=0 v=0,offset u=0 v=0 
06-24 17:08:26.689 I/GRALLOC (  679): 	 iova_size=8486912,conUsg=0xb00,proUsg=0xb00,	 strd=1088,[afbc]HdrStrd=1088 PyldStrd=69632 Scrmbl=2,ionhnd = 1 
06-24 17:08:26.698 D/WindowManager(  657): finishDrawingWindow: Window{460561f u0 com.excelliance.dualaid/com.excelliance.kxqp.swipe.NavActivity2} mDrawState=DRAW_PENDING
06-24 17:08:26.700 V/WindowManager(  657): Checking 1 opening apps (frozen=false timeout=false)...
06-24 17:08:26.700 V/WindowManager(  657): Check opening app=AppWindowToken{3b8d128 token=Token{249e34b ActivityRecord{2772c1a u0 com.excelliance.dualaid/com.excelliance.kxqp.swipe.NavActivity2 t16077}}}: allDrawn=true startingDisplayed=false startingMoved=false isRelaunching()=false
06-24 17:08:26.702 D/ImageWallpaper( 1513): onVisibilityChanged: mVisible, visible=true, false
06-24 17:08:26.702 D/ImageWallpaper( 1513): Visibility changed to visible=false
06-24 17:08:26.703 D/BarTransitions.HwPhoneStatusBarView( 1513): MODE_TRANSLUCENT -> MODE_TRANSPARENT animate=false
06-24 17:08:26.703 D/BarTransitions.HwPhoneStatusBarView( 1513): applyModeBackground oldMode=MODE_TRANSLUCENT newMode=MODE_TRANSPARENT animate=false
06-24 17:08:26.704 I/ActivityManager(  657): Displayed com.excelliance.dualaid/com.excelliance.kxqp.swipe.NavActivity2: +179ms (total +314ms)
06-24 17:08:26.710 I/WindowManager(  657): notifyAccessibilityButtonVisibilityChanged visible:false
06-24 17:08:26.711 E/BufferQueueProducer(  710): [com.huawei.android.launcher/com.huawei.android.launcher.unihome.UniHomeLauncher#0] disconnect: not connected (req=1)
06-24 17:08:26.711 W/libEGL  ( 2519): EGLNativeWindowType 0x748cf98010 disconnect failed
06-24 17:08:26.719 D/BarTransitions.HwPhoneStatusBarView( 1513): MODE_TRANSPARENT -> MODE_TRANSLUCENT animate=false
06-24 17:08:26.719 D/BarTransitions.HwPhoneStatusBarView( 1513): applyModeBackground oldMode=MODE_TRANSPARENT newMode=MODE_TRANSLUCENT animate=false
06-24 17:08:26.719 D/BarTransitions.HwNavigationBarView( 1513): MODE_TRANSLUCENT -> MODE_OPAQUE animate=false
06-24 17:08:26.720 D/BarTransitions.HwNavigationBarView( 1513): applyModeBackground oldMode=MODE_TRANSLUCENT newMode=MODE_OPAQUE animate=false
06-24 17:08:26.730 V/WindowManager(  657): notifyAppStopped: AppWindowToken{d3a938b token=Token{377755a ActivityRecord{d5c9105 u0 com.huawei.android.launcher/.unihome.UniHomeLauncher t15658}}}
06-24 17:08:26.730 E/WindowManager(  657): win=Window{68d6975 u0 com.huawei.android.launcher/com.huawei.android.launcher.unihome.UniHomeLauncher} destroySurfaces: appStopped=true win.mWindowRemovalAllowed=false win.mRemoveOnExit=false
06-24 17:08:26.731 I/WindowManager(  657): Destroying surface Surface(name=com.huawei.android.launcher/com.huawei.android.launcher.unihome.UniHomeLauncher) called by com.android.server.wm.WindowStateAnimator.destroySurface:2060 com.android.server.wm.WindowStateAnimator.destroySurfaceLocked:873 com.android.server.wm.HwWindowStateAnimator.destroySurfaceLocked:1006 com.android.server.wm.WindowState.destroyOrSaveSurfaceUnchecked:2990 com.android.server.wm.WindowState.destroySurface:2951 com.android.server.wm.AppWindowToken.destroySurfaces:654 com.android.server.wm.AppWindowToken.destroySurfaces:638 com.android.server.wm.AppWindowToken.notifyAppStopped:682 
06-24 17:08:26.732 W/ActivityManager(  657): Sending non-protected broadcast huawei.action.floattasks.STATUS_BAR_STATE_CHANGED from system 1513:com.android.systemui/u0a39 pkg com.android.systemui
06-24 17:08:26.732 W/HwKeyguardDragHelper( 1513): AnimationBlocked
06-24 17:08:26.733 D/ActivityThread(11024): Remove activity client record, r= ActivityRecord{cbe2ddc token=android.os.BinderProxy@d13fa03 {com.excelliance.dualaid/com.excelliance.kxqp.ui.HelloActivity}} token= android.os.BinderProxy@d13fa03
06-24 17:08:26.733 D/HwGameAssistantController(  657): pid=2519, uid=10056, foreground=false
06-24 17:08:26.733 W/AwareLog(  657): SchedLevelBoost: onFgActivitiesChanged config not set!
