06-24 16:36:55.072 W/HSM     ( 1813): HoldService:toast switch is close!
06-24 16:36:55.073 D/ApplicationPackageManager(25811): queryIntentActivitiesAsUser blocked, Intent { act=android.intent.action.MAIN cat=[android.intent.category.LAUNCHER] pkg=com.excean.ppaid }
06-24 16:36:55.073 D/HsmInterfaceImpl(25811): List [ResolveInfo{75e9d6c com.excean.ppaid/com.excelliance.kxqp.ui.HelloActivity m=0x108000}]
06-24 16:36:55.098 W/HSM     ( 1813): HoldService:toast switch is close!
06-24 16:36:55.099 D/ApplicationPackageManager(25811): queryIntentActivitiesAsUser blocked, Intent { act=android.intent.action.MAIN cat=[android.intent.category.LAUNCHER] pkg=com.netease.blockchain }
06-24 16:36:55.099 D/HsmInterfaceImpl(25811): List [ResolveInfo{ab59fca com.netease.blockchain/.business.main.MainActivity m=0x108000}]
06-24 16:36:55.123 W/HSM     ( 1813): HoldService:toast switch is close!
06-24 16:36:55.124 D/ApplicationPackageManager(25811): queryIntentActivitiesAsUser blocked, Intent { act=android.intent.action.MAIN cat=[android.intent.category.LAUNCHER] pkg=com.huawei.camera }
06-24 16:36:55.124 D/HsmInterfaceImpl(25811): List [ResolveInfo{c4e2458 com.huawei.camera/com.huawei.camera m=0x108000}]
06-24 16:36:55.127 E/asset   (25811): createFromFile(): lock file /data/resource-cache/system@emui@base@overlay@frameworkhwexthonor@frameworkhwexthonor.apk@idmap.
06-24 16:36:55.127 E/asset   (25811): createFromFile(): lock file /data/resource-cache/system@emui@base@overlay@frameworkhwexthonor@frameworkhwexthonor.apk@idmap.
06-24 16:36:55.128 W/ResourceType(25811): Found multiple library tables, ignoring...
06-24 16:36:55.162 W/HSM     ( 1813): HoldService:toast switch is close!
06-24 16:36:55.162 D/ApplicationPackageManager(25811): queryIntentActivitiesAsUser blocked, Intent { act=android.intent.action.MAIN cat=[android.intent.category.LAUNCHER] pkg=com.sinovatech.unicom.ui }
06-24 16:36:55.163 D/HsmInterfaceImpl(25811): List [ResolveInfo{bec7a17 com.sinovatech.unicom.ui/.WelcomeClient m=0x108000}]
06-24 16:36:55.189 W/HSM     ( 1813): HoldService:toast switch is close!
06-24 16:36:55.190 D/ApplicationPackageManager(25811): queryIntentActivitiesAsUser blocked, Intent { act=android.intent.action.MAIN cat=[android.intent.category.LAUNCHER] pkg=com.huawei.phoneservice }
06-24 16:36:55.190 D/HsmInterfaceImpl(25811): List [ResolveInfo{9d9ffed com.huawei.phoneservice/.LaunchActivity m=0x108000}]
06-24 16:36:55.193 E/asset   (25811): createFromFile(): lock file /data/resource-cache/system@emui@base@overlay@frameworkhwexthonor@frameworkhwexthonor.apk@idmap.
06-24 16:36:55.193 E/asset   (25811): createFromFile(): lock file /data/resource-cache/system@emui@base@overlay@frameworkhwexthonor@frameworkhwexthonor.apk@idmap.
06-24 16:36:55.193 W/ResourceType(25811): Found multiple library tables, ignoring...
06-24 16:36:55.221 W/HSM     ( 1813): HoldService:toast switch is close!
06-24 16:36:55.221 D/ApplicationPackageManager(25811): queryIntentActivitiesAsUser blocked, Intent { act=android.intent.action.MAIN cat=[android.intent.category.LAUNCHER] pkg=com.crisisfire.android.nearme.gamecenter }
06-24 16:36:55.221 D/HsmInterfaceImpl(25811): List [ResolveInfo{cd12670 com.crisisfire.android.nearme.gamecenter/.UnityPlayerNativeActivity m=0x108000}]
06-24 16:36:55.264 W/HSM     ( 1813): HoldService:toast switch is close!
06-24 16:36:55.264 D/ApplicationPackageManager(25811): queryIntentActivitiesAsUser blocked, Intent { act=android.intent.action.MAIN cat=[android.intent.category.LAUNCHER] pkg=com.antutu.benchmark.full }
06-24 16:36:55.264 D/HsmInterfaceImpl(25811): List []
06-24 16:36:55.268 W/HSM     ( 1813): HoldService:toast switch is close!
06-24 16:36:55.269 D/ApplicationPackageManager(25811): queryIntentActivitiesAsUser blocked, Intent { act=android.intent.action.MAIN cat=[android.intent.category.LAUNCHER] pkg=com.xunmeng.pinduoduo }
06-24 16:36:55.269 D/HsmInterfaceImpl(25811): List [ResolveInfo{9a43a6e com.xunmeng.pinduoduo/.ui.activity.MainFrameActivity m=0x108000}]
06-24 16:36:55.305 W/HSM     ( 1813): HoldService:toast switch is close!
06-24 16:36:55.308 D/ApplicationPackageManager(25811): queryIntentActivitiesAsUser blocked, Intent { act=android.intent.action.MAIN cat=[android.intent.category.LAUNCHER] pkg=com.zhuowang.cloneapp }
06-24 16:36:55.308 D/HsmInterfaceImpl(25811): List [ResolveInfo{8fa399c com.zhuowang.cloneapp/com.excelliance.kxqp.ui.HelloActivity m=0x108000}]
06-24 16:36:55.336 W/HSM     ( 1813): HoldService:toast switch is close!
06-24 16:36:55.337 D/ApplicationPackageManager(25811): queryIntentActivitiesAsUser blocked, Intent { act=android.intent.action.MAIN cat=[android.intent.category.LAUNCHER] pkg=com.excean.parallelspace.b64 }
06-24 16:36:55.337 D/HsmInterfaceImpl(25811): List []
06-24 16:36:55.338 D/PMS1000 (  657): package:com.excelliance.dualaid, input flags:8192, output hwFlags:0
06-24 16:36:55.339 W/HSM     ( 1813): HoldService:toast switch is close!
06-24 16:36:55.340 D/ApplicationPackageManager(25811): queryIntentActivitiesAsUser blocked, Intent { act=android.intent.action.MAIN cat=[android.intent.category.LAUNCHER] pkg=com.excelliance.multiaccounts.b64 }
06-24 16:36:55.340 D/HsmInterfaceImpl(25811): List []
06-24 16:36:55.342 D/PMS1000 (  657): package:com.excelliance.dualaid, input flags:8192, output hwFlags:0
06-24 16:36:55.343 W/HSM     ( 1813): HoldService:toast switch is close!
06-24 16:36:55.343 D/ApplicationPackageManager(25811): queryIntentActivitiesAsUser blocked, Intent { act=android.intent.action.MAIN cat=[android.intent.category.LAUNCHER] pkg=com.xiangyou.multispace }
06-24 16:36:55.343 D/HsmInterfaceImpl(25811): List [ResolveInfo{5dd8f7a com.xiangyou.multispace/com.excelliance.kxqp.ui.HelloActivity m=0x108000}]
06-24 16:36:55.371 W/HSM     ( 1813): HoldService:toast switch is close!
06-24 16:36:55.372 D/ApplicationPackageManager(25811): queryIntentActivitiesAsUser blocked, Intent { act=android.intent.action.MAIN cat=[android.intent.category.LAUNCHER] pkg=com.youlong.multiaccount }
06-24 16:36:55.372 D/HsmInterfaceImpl(25811): List [ResolveInfo{33f5388 com.youlong.multiaccount/com.excelliance.kxqp.ui.HelloActivity m=0x108000}]
06-24 16:36:55.400 W/HSM     ( 1813): HoldService:toast switch is close!
06-24 16:36:55.401 D/ApplicationPackageManager(25811): queryIntentActivitiesAsUser blocked, Intent { act=android.intent.action.MAIN cat=[android.intent.category.LAUNCHER] pkg=com.gameloft.android.ANMP.GloftA9HM }
06-24 16:36:55.401 D/HsmInterfaceImpl(25811): List [ResolveInfo{d252946 com.gameloft.android.ANMP.GloftA9HM/.MainActivity m=0x108000}]
06-24 16:36:55.441 W/HSM     ( 1813): HoldService:toast switch is close!
06-24 16:36:55.441 D/ApplicationPackageManager(25811): queryIntentActivitiesAsUser blocked, Intent { act=android.intent.action.MAIN cat=[android.intent.category.LAUNCHER] pkg=com.excelliance.dualaid.b64 }
06-24 16:36:55.441 D/HsmInterfaceImpl(25811): List []
06-24 16:36:55.441 V/AddGameData(25811): Manufacturer:HUAWEI
06-24 16:36:55.456 D/PMS1000 (  657): package:com.excelliance.dualaid, input flags:8192, output hwFlags:0
06-24 16:36:55.457 W/HSM     ( 1813): HoldService:toast switch is close!
06-24 16:36:55.457 D/ApplicationPackageManager(25811): getInstalledApplications blocked
06-24 16:36:55.457 D/HsmInterfaceImpl(25811): List [ApplicationInfo{fa93d2 com.huawei.hifolder}, ApplicationInfo{a271ca3 com.github.shadowsocks}, ApplicationInfo{6730ba0 com.excelliance.dualaid}]
06-24 16:36:55.457 V/AddGameData(25811): appInfoList.size():3
06-24 16:36:55.458 V/AddGameData(25811): can read pkg:com.github.shadowsocks
06-24 16:36:55.458 D/PMS11423(  657): package:com.immomo.momo, input flags:0, output hwFlags:0
06-24 16:36:55.463 E/asset   (25811): createFromFile(): lock file /data/resource-cache/system@emui@base@overlay@frameworkhwexthonor@frameworkhwexthonor.apk@idmap.
06-24 16:36:55.463 E/asset   (25811): createFromFile(): lock file /data/resource-cache/system@emui@base@overlay@frameworkhwexthonor@frameworkhwexthonor.apk@idmap.
06-24 16:36:55.463 W/ResourceType(25811): Found multiple library tables, ignoring...
06-24 16:36:55.482 D/PMS11423(  657): package:com.tencent.qqlite, input flags:0, output is null
06-24 16:36:55.483 D/PMS11423(  657): package:com.tencen2.mm, input flags:0, output is null
06-24 16:36:55.485 D/PMS11423(  657): package:com.tencent.karaoke, input flags:0, output hwFlags:0
06-24 16:36:55.513 D/PMS11423(  657): package:com.keramidas.TitaniumBackup, 