06-24 16:35:40.234 D/TintManager( 1513): statusBarIconTint=#99FFFFFF,navigationBarIconTint=#FF000000
06-24 16:35:40.234 D/PMS11423(  657): package:com.iflytek.speechsuite, input flags:0, output hwFlags:0
06-24 16:35:40.234 D/PMS11423(  657): package:com.qzone, input flags:0, output is null
06-24 16:35:40.234 D/PMS11423(  657): package:com.tencent.android.qqdownloader, input flags:0, output hwFlags:0
06-24 16:35:40.234 D/mali_winsys(21523): EGLint new_window_surface(egl_winsys_display *, void *, EGLSurface, EGLConfig, egl_winsys_surface **, egl_color_buffer_format *, EGLBoolean) returns 0x3000
06-24 16:35:40.234 D/PMS11423(  657): package:com.tencent.now, input flags:0, output is null
06-24 16:35:40.234 D/PMS11423(  657): package:com.ifreetalk.ftalk, input flags:0, output hwFlags:0
06-24 16:35:40.234 D/PMS11423(  657): package:com.taobao.taobao, input flags:0, output hwFlags:0
06-24 16:35:40.235 D/PMS11423(  657): package:com.android.gallery3d, input flags:0, output hwFlags:0
06-24 16:35:40.235 D/PMS11423(  657): package:com.pp.assistant, input flags:0, output hwFlags:0
06-24 16:35:40.235 D/PMS11423(  657): package:com.oppo.market, input flags:0, output hwFlags:0
06-24 16:35:40.235 D/PMS11423(  657): package:com.excean.wxaid, input flags:0, output hwFlags:0
06-24 16:35:40.235 D/PMS11423(  657): package:com.huawei.intelligent, input flags:0, output hwFlags:0
06-24 16:35:40.235 I/GRALLOC (  679): 	 shrFd=10,fmt=0x1,intFmt=0x200000001,btStrd=4352,size=8486912,pid=679 
06-24 16:35:40.235 I/GRALLOC (  679): 	 yuv=2,w=1080,h=1920,Stride u=0 v=0,offset u=0 v=0 
06-24 16:35:40.235 I/GRALLOC (  679): 	 iova_size=8486912,conUsg=0x900,proUsg=0x900,	 strd=1088,[afbc]HdrStrd=1088 PyldStrd=69632 Scrmbl=2,ionhnd = 1 
06-24 16:35:40.235 D/PMS11423(  657): package:com.google.android.backuptransport, input flags:0, output hwFlags:0
06-24 16:35:40.235 D/PMS11423(  657): package:com.huawei.skytone, input flags:0, output hwFlags:0
06-24 16:35:40.236 D/PMS11423(  657): package:com.estrongs.android.pop, input flags:0, output hwFlags:0
06-24 16:35:40.236 V/WindowManager(  657): Checking 1 opening apps (frozen=false timeout=false)...
06-24 16:35:40.236 D/PMS11423(  657): package:com.redfinger.app, input flags:0, output hwFlags:0
06-24 16:35:40.236 V/WindowManager(  657): Check opening app=AppWindowToken{410606e token=Token{2f0abe9 ActivityRecord{c9b5c70 u0 com.excelliance.dualaid/com.excelliance.kxqp.ui.HelloActivity t16056}}}: allDrawn=false startingDisplayed=false startingMoved=false isRelaunching()=false
06-24 16:35:40.236 D/PMS11423(  657): package:com.android.vending, input flags:0, output hwFlags:0
06-24 16:35:40.236 D/PMS11423(  657): package:org.hapjs.mockup, input flags:0, output hwFlags:0
06-24 16:35:40.236 D/PMS11423(  657): package:com.huawei.gamebox, input flags:0, output hwFlags:603979776
06-24 16:35:40.236 D/PMS11423(  657): package:com.tencent.tmgp.pubgmhd-ext, input flags:0, output is null
06-24 16:35:40.236 D/PMS11423(  657): package:com.stickgame.los2, input flags:0, output hwFlags:0
06-24 16:35:40.237 D/PMS11423(  657): package:com.qihoo.appstore, input flags:0, output hwFlags:0
06-24 16:35:40.237 D/PMS11423(  657): package:com.huawei.android.thememanager, input flags:0, output hwFlags:0
06-24 16:35:40.237 W//system/bin/hwservicemanager(  416): Cannot open /odm/manifest.xml
06-24 16:35:40.237 D/PMS11423(  657): package:com.excean.parallelspace, input flags:0, output hwFlags:0
06-24 16:35:40.237 D/PMS11423(  657): package:com.UCMobile, input flags:0, output hwFlags:0
06-24 16:35:40.237 D/PMS11423(  657): package:com.bbk.appstore, input flags:0, output hwFlags:0
06-24 16:35:40.238 D/PMS11423(  657): package:com.excean.ppaid, input flags:0, output hwFlags:0
06-24 16:35:40.238 D/PMS11423(  657): package:com.netease.blockchain, input flags:0, output hwFlags:0
06-24 16:35:40.238 I/GRALLOC (  679): 	 shrFd=10,fmt=0x1,intFmt=0x200000001,btStrd=4352,size=8486912,pid=679 
06-24 16:35:40.238 I/GRALLOC (  679): 	 yuv=2,w=1080,h=1920,Stride u=0 v=0,offset u=0 v=0 
06-24 16:35:40.238 I/GRALLOC (  679): 	 iova_size=8486912,conUsg=0x900,proUsg=0x900,	 strd=1088,[afbc]HdrStrd=1088 PyldStrd=69632 Scrmbl=2,ionhnd = 1 
06-24 16:35:40.238 D/PMS11423(  657): package:com.huawei.camera, input flags:0, output hwFlags:0
06-24 16:35:40.238 D/PMS11423(  657): package:com.sinovatech.unicom.ui, input flags:0, output hwFlags:0
06-24 16:35:40.238 D/PMS11423(  657): package:com.huawei.phoneservice, input flags:0, output hwFlags:0
06-24 16:35:40.238 D/PMS11423(  657): package:com.crisisfire.android.nearme.gamecenter, input flags:0, output hwFlags:0
06-24 16:35:40.238 D/PMS11423(  657): package:com.antutu.benchmark.full, input flags:0, output hwFlags:0
06-24 16:35:40.238 D/PMS11423(  657): package:com.xunmeng.pinduoduo, input flags:0, output hwFlags:0
06-24 16:35:40.239 D/PMS11423(  657): package:com.zhuowang.cloneapp, input flags:0, output hwFlags:0
06-24 16:35:40.239 D/PMS11423(  657): package:com.excean.parallelspace.b64, input flags:0, output hwFlags:0
06-24 16:35:40.239 D/PMS11423(  657): package:com.excelliance.multiaccounts.b64, input flags:0, output hwFlags:0
06-24 16:35:40.239 D/PMS11423(  657): package:com.xiangyou.multispace, input flags:0, output hwFlags:0
06-24 16:35:40.239 D/PMS11423(  657): package:com.youlong.multiaccount, input flags:0, output hwFlags:0
06-24 16:35:40.240 D/PMS11423(  657): package:com.gameloft.android.ANMP.GloftA9HM, input flags:0, output hwFlags:0
06-24 16:35:40.240 D/PMS11423(  657): package:com.excelliance.dualaid.b64, input flags:0, output hwFlags:0
06-24 16:35:40.240 I/GRALLOC (  679): 	 shrFd=10,fmt=0x1,intFmt=0x200000001,btStrd=4352,size=8486912,pid=679 
06-24 16:35:40.240 I/GRALLOC (  679): 	 yuv=2,w=1080,h=1920,Stride u=0 v=0,offset u=0 v=0 
06-24 16:35:40.240 I/GRALLOC (  679): 	 iova_size=8486912,conUsg=0x900,proUsg=0x900,	 strd=1088,[afbc]HdrStrd=1088 PyldStrd=69632 Scrmbl=2,ionhnd = 1 
06-24 16:35:40.240 D/AddGameData(21523): switch_uninstall: 70
06-24 16:35:40.242 D/PMS1000 (  657): package:com.excelliance.dualaid, input flags:8192, output hwFlags:0
06-24 16:35:40.243 W/HSM     ( 1813): HoldService:toast switch is close!
06-24 16:35:40.244 D/ApplicationPackageManager(21523): queryIntentActivitiesAsUser blocked, Intent { act=android.intent.action.MAIN cat=[android.intent.category.LAUNCHER] pkg=com.huawei.hifolder }
06-24 16:35:40.244 D/HsmInterfaceImpl(21523): List []
06-24 16:35:40.247 W/HSM     ( 1813): HoldService:toast switch is close!
06-24 16:35:40.248 D/ApplicationPackageManager(21523): queryIntentActivitiesAsUser blocked, Intent { act=android.intent.action.MAIN cat=[android.intent.category.LAUNCHER] pkg=com.github.shadowsocks }
06-24 16:35:40.248 D/HsmInterfaceImpl(21523): List [ResolveInfo{deeb220 com.github.shadowsocks/.MainActivity m=0x108000}]
06-24 16:35:40.249 W/InputMethodManager(21523): startInputReason = 1
06-24 16:35:40.252 I/wangchen( 7035): SysInfo.getSysParam: orientation=1||config d=3.0,w=1080,h=1920||metrics d=3.0,w=1080,h=1920||sdk=26,bar_h=72
06-24 16:35:40.252 I/KeymapLoader( 7035): w=1080 h=1920 ori=true appScale=3.3 s1=3.0
06-24 16:35:40.272 W/HSM     ( 1813): HoldService:toast switch is close!
06-24 16:35:40.272 I/GRALLOC (  679): 	 shrFd=10,fmt=0x1,intFmt=0x200000001,btStrd=4352,size=8486912,pid=679 
06-24 16:35:40.272 I/GRALLOC (  679): 	 yuv=2,w=1080,h=1920,Stride u=0 v=0,offset u=0 v=0 
06-24 16:35:40.272 I/GRALLOC (  679): 	 iova_size=8486912,conUsg=0xb00,proUsg=0xb00,	 strd=1088,[afbc]HdrStrd=1088 PyldStrd=69632 Scrmbl=2,ionhnd = 1 
06-24 16:35:40.273 D/ApplicationPackageManager(21523): queryIntentActivitiesAsUser blocked, Intent { act=android.intent.action.MAIN cat=[android.intent.category.LAUNCHER] pkg=com.excelliance.dualaid }
06-24 16:35:40.273 D/HsmInterfaceImpl(21523): List [ResolveInfo{537987f com.excelliance.dualaid/com.excelliance.kxqp.ui.HelloActivity m=0x108000}]
06-24 16:35:40.280 D/WindowManager(  657): finishDrawingWindow: Window{7420507 u0 com.excelliance.dualaid/com.excelliance.kxqp.ui.HelloActivity} mDrawState=DRAW_PENDING
06-24 16:35:40.281 V/WindowManager(  657): Checking 1 opening apps (frozen=false timeout=false)...
06-24 16:35:40.281 V/WindowManager(  657): Check opening app=AppWindowToken{410606e token=Token{2f0abe9 ActivityRecord{c9b5c70 u0 com.excelliance.dualaid/com.excelliance.kxqp.ui.HelloActivity t16056}}}: allDrawn=true startingDisplayed=false startingMoved=false isRelaunching()=false
06-24 16:35:40.285 I/ActivityManager(  657): Displayed com.excelliance.dualaid/com.excelliance.kxqp.ui.HelloActivity: +221ms
06-24 16:35:40.291 D/BarTransitions.HwPhoneStatusBarView( 1513): MODE_TRANSLUCENT -> MODE_TRANSPARENT animate=false
06-24 16:35:40.291 D/BarTransitions.HwPhoneStatusBarView( 1513): applyModeBackground oldMode=MODE_TRANSLUCENT newMode=MODE_TRANSPARENT animate=false
06-24 16:35:40.291 V/WindowManager(  657): Checking 0 opening apps (frozen=false timeout=false)...
06-24 16:35:40.292 D/BarTransitions.HwNavigationBarView( 1513): MODE_OPAQUE -> MODE_TRANSPARENT animate=false
06-24 16:35:40.292 D/BarTransitions.HwNavigationBarView( 1513): applyModeBackground oldMode=MODE_OPAQUE newMode=MODE_TRANSPARENT animate=false
06-24 16:35:40.296 I/GRALLOC (  679): 	 shrFd=10,fmt=0x1,intFmt=0x200000001,btStrd=4352,size=8486912,pid=679 
06-24 16:35:40.296 I/GRALLOC (  679): 	 yuv=2,w=1080,h=1920,Stride u=0 v=0,offset u=0 v=0 
06-24 16:35:40.296 I/GRALLOC (  679): 	 iova_size=8486912,conUsg=0xb00,proUsg=0xb00,	 strd=1088,[afbc]HdrStrd=1088 PyldStrd=69632 Scrmbl=2,ionhnd = 1 
06-24 16:35:40.302 D/PMS1000 (  657): package:com.excelliance.dualaid, input flags:8192, output hwFlags:0
06-24 16:35:40.303 W/HSM     ( 1813): HoldService:toast switch is close!
06-24 16:35:40.304 E/BufferQueueProducer(  710): [com.excelliance.dualaid/com.excelliance.kxqp.swipe.NavActivity2#0] disconnect: not connected (req=1)
06-24 16:35:40.304 D/ApplicationPackageManager(21523): queryIntentActivitiesAsUser blocked, Intent { act=android.intent.action.MAIN cat=[android.intent.category.LAUNCHER] pkg=com.tencent.tmgp.qqx5 }
06-24 16:35:40.304 W/libEGL  (21523): EGLNativeWindowType 0xd0cb9808 disconnect failed
06-24 16:35:40.304 D/HsmInterfaceImpl(21523): List [ResolveInfo{7c40895 com.tencent.tmgp.qqx5/.DGMMainActivity m=0x108000}]
06-24 16:35:40.347 D/PMS1000 (  657): package:com.excelliance.dualaid, input flags:8192, output hwFlags:0
06-24 16:35:40.347 W/HSM     ( 1813): HoldService:toast switch is close!
06-24 16:35:40.348 D/ApplicationPackageManager(21523): queryIntentActivitiesAsUser blocked, Intent { act=android.intent.action.MAIN cat=[android.intent.category.LAUNCHER] pkg=com.huawei.android.pushagent }
06-24 16:35:40.348 D/HsmInterfaceImpl(21523): List []
06-24 16:35:40.351 W/HSM     ( 1813): HoldService:toast switch is close!
06-24 16:35:40.352 D/ApplicationPackageManager(21523): queryIntentActivitiesAsUser blocked, Intent { act=android.intent.action.MAIN cat=[android.intent.category.LAUNCHER] pkg=com.huawei.appmarket }
06-24 16:35:40.352 D/HsmInterfaceImpl(21523): List [ResolveInfo{8b73d9b com.huawei.appmarket/.MainActivity m=0x108000}]
06-24 16:35:40.356 E/asset   (21523): createFromFile(): lock file /data/resource-cache/system@emui@base@overlay@frameworkhwexthonor@frameworkhwexthonor.apk@idmap.
06-24 16:35:40.356 E/asset   (21523): createFromFile(): lock file /data/resource-cache/system@emui@base@overlay@frameworkhwexthonor@frameworkhwexthonor.apk@idmap.
06-24 16:35:40.356 W/ResourceType(21523): Found multiple library tables, ignoring...
06-24 16:35:40.385 D/PMS1000 (  657): package:com.excelliance.dualaid, input flags:8192, output hwFlags:0
06-24 16:35:40.386 W/HSM     ( 1813): HoldService:toast switch is close!
06-24 16:35:40.387 D/ApplicationPackageManager(21523): queryIntentActivitiesAsUser blocked, Intent { act=android.intent.action.MAIN cat=[android.intent.category.LAUNCHER] pkg=com.wandoujia.phoenix2 }
06-24 16:35:40.387 D/HsmInterfaceImpl(21523): List [ResolveInfo{67f8a76 com.wandoujia.phoenix2/com.pp.assistant.activity.PPMainActivity m=0x108000}]
06-24 16:35:40.389 D/HwRecentsLockUtils( 1513): Search
06-24 16:35:40.389 E/HsmCoreServiceImpl( 1478): onTransact in code is: 103
06-24 16:35:40.389 I/MediaProcessHandler( 1478): playingUids: 
06-24 16:35:40.390 D/ActivityManager(  657): Skipping, home or recents stack task: TaskRecord{333215f #15658 A=com.huawei.android.launcher U=0 StackId=0 sz=1}
06-24 16:35:40.390 D/ActivityManager(  657): Skipping intent:act=android.intent.action.MAIN cat=[android.intent.category.LAUNCHER] flg=0x10a00000 cmp=io.appium.settings/.Settings
06-24 16:35:40.390 D/ActivityManager(  657): Skipping intent:flg=0x10804000 cmp=com.android.systemui/.recents.RecentsActivity bnds=[48,928][1032,2296]
06-24 16:35:40.390 D/ActivityManager(  657): Skipping intent:flg=0x18800000 cmp=com.tencent.mm/.plugin.base.stub.WXPayEntryActivity
06-24 16:35:40.390 D/ActivityManager(  657): Skipping intent:flg=0x10800000 cmp=com.huawei.systemmanager/com.huawei.permissionmanager.ui.MainActivity
06-24 16:35:40.390 D/ActivityManager(  657): Skipping intent:flg=0x18800000 cmp=com.tencent.mm/.plugin.base.stub.WXEntryActivity
06-24 16:35:40.390 D/ActivityManager(  657): Skipping intent:act=com.huawei.action.VOICE_ASSISTANT flg=0x10800000 pkg=com.huawei.vassistant cmp=com.huawei.vassistant/.ui.main.VAssistantActivity
06-24 16:35:40.390 D/ActivityManager(  657): Skipping intent:act=com.huawei.android.launcher.action.ACCESS_SPLIT_SCREEN_APP cat=[android.intent.category.DEFAULT] flg=0x10804000 cmp=com.huawei.android.launcher/.splitscreen.SplitScreenAppActivity
06-24 16:35:40.390 D/ActivityManager(  657): Skipping intent:flg=0x10800000 pkg=com.excelliance.dualaid.b64 cmp=com.excelliance.dualaid.b64/com.excelliance.kxqp.sdk.PermissionRequestActivity
06-24 16:35:40.390 D/ActivityManager(  657): Skipping intent:act=android.intent.action.VIEW dat=content://com.excelliance.dualaid.fileProvider/external_storage_root/Download/apk/Multiple_64.apk typ=application/vnd.android.package-archive flg=0x10800001 cmp=com.android.packageinstaller/.InstallStart
06-24 16:35:40.390 D/ActivityManager(  657): Skipping intent:flg=0x10800000 cmp=com.android.systemui/.usb.HwUsbDebuggingActivity
06-24 16:35:40.390 D/ActivityManager(  657): Skipping intent:act=android.deviceinfo.chooser.action.LAUNCH flg=0x10800000 hwFlg=0x100 pkg=com.android.settings cmp=com.android.settings/.deviceinfo.UsbConnModeChooserActivity
06-24 16:35:40.390 D/ActivityManager(  657): Skipping intent:flg=0x10800000 cmp=com.zol.android/.push.KeepLiveActivity
06-24 16:35:40.390 D/ActivityManager(  657): Skipping intent:act=android.intent.action.MAIN cat=[android.intent.category.HOME] flg=0x10800300 cmp=com.android.settings/.FallbackHome
06-24 16:35:40.414 D/PMS1000 (  657): package:com.excelliance.dualaid, input flags:8192, output hwFlags:0
06-24 16:35:40.415 W/HSM     ( 1813): HoldService:toast switch is close!
06-24 16:35:40.415 D/ApplicationPackageManager(21523): queryIntentActivitiesAsUser blocked, Intent { act=android.intent.action.MAIN cat=[android.intent.category.LAUNCHER] pkg=com.tencent.mm }
06-24 16:35:40.415 D/HsmInterfaceImpl(21523): List [ResolveInfo{222dce4 com.tencent.mm/.ui.LauncherUI m=0x108000}]
06-24 16:35:40.427 W/HSM     ( 1813): HoldService:toast switch is close!
06-24 16:35:40.428 D/ApplicationPackageManager(21523): queryIntentActivitiesAsUser blocked, Intent { act=android.intent.action.MAIN cat=[android.intent.category.LAUNCHER] pkg=com.android.providers.media }
06-24 16:35:40.428 D/HsmInterfaceImpl(21523): List []
06-24 16:35:40.430 W/HSM     ( 1813): HoldService:toast switch is close!
06-24 16:35:40.431 D/ApplicationPackageManager(21523): queryIntentActivitiesAsUser blocked, Intent { act=android.intent.action.MAIN cat=[android.intent.category.LAUNCHER] pkg=com.huawei.vassistant }
06-24 16:35:40.431 D/HsmInterfaceImpl(21523): List [ResolveInfo{47db54d com.huawei.vassistant/.ui.main.VAssistantActivity m=0x108000}]
06-24 16:35:40.434 E/asset   (21523): createFromFile(): lock file /data/resource-cache/system@emui@base@overlay@frameworkhwexthonor@frameworkhwexthonor.apk@idmap.
06-24 16:35:40.434 E/asset   (21523): createFromFile(): lock file /data/resource-cache/system@emui@base@overlay@frameworkhwexthonor@frameworkhwexthonor.apk@idmap.
06-24 16:35:40.434 W/ResourceType(21523): Found multiple library tables, ignoring...
06-24 16:35:40.465 W/HSM     ( 1813): HoldService:toast switch is close!
06-24 16:35:40.466 D/ApplicationPackageManager(21523): queryIntentActivitiesAsUser blocked, Intent { act=android.intent.action.MAIN cat=[android.intent.category.LAUNCHER] pkg=com.facebook.katana }
06-24 16:35:40.466 D/HsmInterfaceImpl(21523): List [ResolveInfo{ba2e350 com.facebook.katana/.LoginActivity m=0x108000}]
06-24 16:35:40.503 V/ActivityManager(  657): Making visible and scheduling visibility: ActivityRecord{d5c9105 u0 com.huawei.android.launcher/.unihome.UniHomeLauncher t15658}
06-24 16:35:40.503 V/WindowManager(  657): No longer Stopped: AppWindowToken{d3a938b token=Token{377755a ActivityRecord{d5c9105 u0 com.huawei.android.launcher/.unihome.UniHomeLauncher t15658}}}
06-24 16:35:40.514 E/asset   (21523): createFromFile(): lock file /data/resource-cache/system@emui@base@overlay@frameworkhwexthonor@frameworkhwexthonor.apk@idmap.
06-24 16:35:40.514 E/asset   (21523): createFromFile(): lock file /data/resource-cache/system@emui@base@overlay@frameworkhwexthonor@frameworkhwexthonor.apk@idmap.
06-24 16:35:40.514 W/ResourceType(21523): Found multiple library tables, ignoring...
06-24 16:35:40.529 D/ActivityThread(21523): Remove activity client record, r= ActivityRecord{414755e token=android.os.BinderProxy@31abee5 {com.excelliance.dualaid/com.excelliance.kxqp.swipe.NavActivity2}} token= android.os.BinderProxy@31abee5
06-24 16:35:40.530 D/HwQoEUtils(  657): mForegroundAppPackageName: com.huawei.android.launcher ,score: 0
06-24 16:35:40.530 D/HwQoEUtils(  657): onForegroundAppWifiSleepChange: config:false, sleeptime:-1,type: 255, appname:com.huawei.android.launcher
06-24 16:35:40.531 D/HwQoEUtils(  657): APP type: 255 appName= com.huawei.android.launcher
06-24 16:35:40.531 D/HwQoEUtils(  657): no game, APP_TYPE_GAME, appName =com.huawei.android.launcher
06-24 16:35:40.531 V/WindowManager(  657): removeIfPossible: Window{74be6dc u0 com.excelliance.dualaid/com.excelliance.kxqp.swipe.NavActivity2} callers=com.android.server.wm.WindowState.removeIfPossible:1914 com.android.server.wm.WindowManagerService.removeWindow:2022 com.android.server.wm.Session.remove:218 android.view.IWindowSession$Stub.onTransact:242 com.android.server.wm.Session.onTransact:161 
06-24 16:35:40.531 D/HwGameAssistantController(  657): pid=2519, uid=10056, foreground=true
06-24 16:35:40.531 I/WindowManager(  657): Destroying surface Surface(name=com.excelliance.dualaid/com.excelliance.kxqp.swipe.NavActivity2) called by com.android.server.wm.WindowStateAnimator.destroySurface:2060 com.android.server.wm.WindowStateAnimator.destroySurfaceLocked:873 com.android.server.wm.HwWindowStateAnimator.destroySurfaceLocked:1006 com.android.server.wm.WindowState.removeImmediately:1899 com.android.server.wm.WindowState.removeIfPossible:2051 com.android.server.wm.WindowState.removeIfPossible:1914 com.android.server.wm.WindowManagerService.removeWindow:2022 com.android.server.wm.Session.remove:218 
06-24 16:35:40.532 V/WindowManager(  657): postWindowRemoveCleanupLocked: Window{74be6dc u0 com.excelliance.dualaid/com.excelliance.kxqp.swipe.NavActivity2}
06-24 16:35:40.532 V/WindowManager(  657): Removing Window{74be6dc u0 com.excelliance.dualaid/com.excelliance.kxqp.swipe.NavActivity2} from AppWindowToken{eda31f1 token=Token{98e9598 ActivityRecord{fe3337b u0 com.excelliance.dualaid/com.excelliance.kxqp.swipe.NavActivity2 t16056}}}
06-24 16:35:40.534 I/HwNetworkPolicy(  657): onTransact, code = 203
06-24 16:35:40.534 I/HwNetworkPolicyManager( 1813): getHwUidPolicy uid = 10056 policy = 0
06-24 16:35:40.536 W/AwareLog(  657): SchedLevelBoost: onFgActivitiesChanged config not set!
06-24 16:35:40.538 V/ActivityThread( 2519): Handle window ActivityRecord{4719bb8 token=android.os.BinderProxy@b3fca27 {com.huawei.android.launcher/com.huawei.android.launcher.unihome.UniHomeLauncher}} visibility: true
06-24 16:35:40.539 E/HwLauncher( 2519): SettingsEx , no such field.
06-24 16:35:40.539 W/HwLauncher( 2519): Clock getDataFormat the getSystemString failed.
06-24 16:35:40.540 V/WindowManager(  657): removeAppToken: AppWindowToken{eda31f1 token=Token{98e9598 ActivityRecord{fe3337b u0 com.excelliance.dualaid/com.excelliance.kxqp.swipe.NavActivity2 t16056}}} delayed=false Callers=com.android.server.wm.DisplayContent.removeAppToken:985 com.android.server.wm.AppWindowContainerController.removeContainer:348 com.android.server.am.ActivityRecord.removeWindowContainer:1039 com.android.server.am.ActivityStack.removeActivityFromHistoryLocked:4491 
06-24 16:35:40.543 D/PMS1000 (  657): package:com.excelliance.dualaid, input flags:8192, output hwFlags:0
06-24 16:35:40.544 W/HSM     ( 1813): HoldService:toast switch is close!
06-24 16:35:40.544 D/ApplicationPackageManager(21523): queryIntentActivitiesAsUser blocked, Intent { act=android.intent.action.MAIN cat=[android.intent.category.LAUNCHER] pkg=com.huawei.trustcircle }
06-24 16:35:40.544 D/HsmInterfaceImpl(21523): List []
06-24 16:35:40.548 W/HSM     ( 1813): HoldService:toast switch is close!
06-24 16:35:40.549 D/ApplicationPackageManager(21523): queryIntentActivitiesAsUser blocked, Intent { act=android.intent.action.MAIN cat=[android.intent.category.LAUNCHER] pkg=com.jingdong.app.mall }
06-24 16:35:40.549 D/HsmInterfaceImpl(21523): List [ResolveInfo{edae47c com.jingdong.app.mall/.main.MainActivity m=0x108000}]
06-24 16:35:40.553 I/GRALLOC (  679): 	 shrFd=10,fmt=0x1,intFmt=0x200000001,btStrd=4352,size=8486912,pid=679 
06-24 16:35:40.553 I/GRALLOC (  679): 	 yuv=2,w=1080,h=1920,Stride u=0 v=0,offset u=0 v=0 
06-24 16:35:40.553 I/GRALLOC (  679): 	 iova_size=8486912,conUsg=0x900,proUsg=0x900,	 strd=1088,[afbc]HdrStrd=1088 PyldStrd=69632 Scrmbl=2,ionhnd = 1 
06-24 16:35:40.557 I/chatty  (  679): uid=1000(system) allocator@2.0-s identical 1 line
06-24 16:35:40.559 I/GRALLOC (  679): 	 shrFd=10,fmt=0x1,intFmt=0x200000001,btStrd=4352,size=8486912,pid=679 
06-24 16:35:40.559 I/GRALLOC (  679): 	 yuv=2,w=1080,h=1920,Stride u=0 v=0,offset u=0 v=0 
06-24 16:35:40.559 I/GRALLOC (  679): 	 iova_size=8486912,conUsg=0x900,proUsg=0x900,	 strd=1088,[afbc]HdrStrd=1088 PyldStrd=69632 Scrmbl=2,ionhnd = 1 
06-24 16:35:40.561 D/mali_winsys( 2519): EGLint new_window_surface(egl_winsys_display *, void *, EGLSurface, EGLConfig, egl_winsys_surface **, egl_color_buffer_format *, EGLBoolean) returns 0x3000
06-24 16:35:40.580 I/GRALLOC (  679): 	 shrFd=10,fmt=0x1,intFmt=0x200000001,btStrd=4352,size=8486912,pid=679 
06-24 16:35:40.580 I/GRALLOC (  679): 	 yuv=2,w=1080,h=1920,Stride u=0 v=0,offset u=0 v=0 
06-24 16:35:40.580 I/GRALLOC (  679): 	 iova_size=8486912,conUsg=0xb00,proUsg=0xb00,	 strd=1088,[afbc]HdrStrd=1088 PyldStrd=69632 Scrmbl=2,ionhnd = 1 
06-24 16:35:40.586 D/PMS1000 (  657): package:com.excelliance.dualaid, input flags:8192, output hwFlags:0
06-24 16:35:40.587 W/HSM     ( 1813): HoldService:toast switch is close!
06-24 16:35:40.587 D/ApplicationPackageManager(21523): queryIntentActivitiesAsUser blocked, Intent { act=android.intent.action.MAIN cat=[android.intent.category.LAUNCHER] pkg=com.tencent.mobileqq }
06-24 16:35:40.588 D/HsmInterfaceImpl(21523): List [ResolveInfo{78e655a com.tencent.mobileqq/.activity.SplashActivity m=0x108000}]
06-24 16:35:40.590 D/WindowManager(  657): finishDrawingWindow: Window{68d6975 u0 com.huawei.android.launcher/com.huawei.android.launcher.unihome.UniHomeLauncher} mDrawState=DRAW_PENDING
06-24 16:35:40.591 D/ImageWallpaper( 1513): onOffsetsChanged: xOffset=0.0, yOffset=0.0, xOffsetStep=0.0, yOffsetStep=0.0, xPixels=0, yPixels=0
06-24 16:35:40.591 D/ImageWallpaper( 1513): Suppressed drawFrame since redraw is not needed and offsets have not changed.sf=Rect(0, 0 - 2160, 1920)
06-24 16:35:40.591 D/ImageWallpaper( 1513): onVisibilityChanged: mVisible, visible=false, true
06-24 16:35:40.591 D/ImageWallpaper( 1513): Visibility changed to visible=true
06-24 16:35:40.591 D/ImageWallpaper( 1513): Suppressed drawFrame since redraw is not needed and offsets have not changed.sf=Rect(0, 0 - 2160, 1920)
06-24 16:35:40.602 D/PMS1000 (  657): package:com.excelliance.dualaid, input flags:8192, output hwFlags:0
06-24 16:35:40.603 W/HSM     ( 1813): HoldService:toast switch is close!
06-24 16:35:40.604 D/ApplicationPackageManager(21523): queryIntentActivitiesAsUser blocked, Intent { act=android.intent.action.MAIN cat=[android.intent.category.LAUNCHER] pkg=com.zol.android }
06-24 16:35:40.605 D/HsmInterfaceImpl(21523): List [ResolveInfo{81ec38b com.zol.android/.ui.FirstActivity m=0x108000}]
06-24 16:35:40.622 E/asset   ( 2519): createFromFile(): lock file /data/resource-cache/system@emui@base@overlay@frameworkhwexthonor@frameworkhwexthonor.apk@idmap.
06-24 16:35:40.622 E/asset   ( 2519): createFromFile(): lock file /data/resource-cache/system@emui@base@overlay@frameworkhwexthonor@frameworkhwexthonor.apk@idmap.
06-24 16:35:40.622 W/ResourceType( 2519): Found multiple library tables, ignoring...
06-24 16:35:40.630 W/HSM     ( 1813): HoldService:toast switch is close!
06-24 16:35:40.631 D/ApplicationPackageManager(21523): queryIntentActivitiesAsUser blocked, Intent { act=android.intent.action.MAIN cat=[android.intent.category.LAUNCHER] pkg=com.huawei.hiskytone }
06-24 16:35:40.631 D/HsmInterfaceImpl(21523): List [ResolveInfo{e11e881 com.huawei.hiskytone/com.huawei.skytone.account.welcome.SplashActivity m=0x108000}]
06-24 16:35:40.634 D/HwFLClassLoader( 2519): USE_FEATURE_LIST had not init! 
06-24 16:35:40.636 E/asset   ( 2519): createFromFile(): lock file /data/resource-cache/system@emui@base@overlay@frameworkhwexthonor@frameworkhwexthonor.apk@idmap.
06-24 16:35:40.636 E/asset   ( 2519): createFromFile(): lock file /data/resource-cache/system@emui@base@overlay@frameworkhwexthonor@frameworkhwexthonor.apk@idmap.
06-24 16:35:40.636 W/ResourceType( 2519): Found multiple library tables, ignoring...
06-24 16:35:40.671 D/PMS1000 (  657): package:com.excelliance.dualaid, input flags:8192, output hwFlags:0
06-24 16:35:40.672 W/HSM     ( 1813): HoldService:toast switch is close!
06-24 16:35:40.672 D/ApplicationPackageManager(21523): queryIntentActivitiesAsUser blocked, Intent { act=android.intent.action.MAIN cat=[android.intent.category.LAUNCHER] pkg=com.huawei.hwid }
06-24 16:35:40.672 D/HsmInterfaceImpl(21523): List []
06-24 16:35:40.676 W/HSM     ( 1813): HoldService:toast switch is close!
06-24 16:35:40.677 D/ApplicationPackageManager(21523): queryIntentActivitiesAsUser blocked, Intent { act=android.intent.action.MAIN cat=[android.intent.category.LAUNCHER] pkg=com.sina.weibo }
06-24 16:35:40.677 D/HsmInterfaceImpl(21523): List [ResolveInfo{7694714 com.sina.weibo/.SplashActivity m=0x108000}]
06-24 16:35:40.733 D/PMS1000 (  657): package:com.excelliance.dualaid, input flags:8192, output hwFlags:0
06-24 16:35:40.735 W/HSM     ( 1813): HoldService:toast switch is close!
06-24 16:35:40.736 D/ApplicationPackageManager(21523): queryIntentActivitiesAsUser blocked, Intent { act=android.intent.action.MAIN cat=[android.intent.category.LAUNCHER] pkg=com.antutu.ABenchMark }
06-24 16:35:40.736 D/HsmInterfaceImpl(21523): List [ResolveInfo{57445b2 com.antutu.ABenchMark/.ABenchMarkStart m=0x108000}]
06-24 16:35:40.751 D/HwFLClassLoader( 2519): USE_FEATURE_LIST had not init! 
06-24 16:35:40.765 W/HSM     ( 1813): HoldService:toast switch is close!
06-24 16:35:40.765 D/NetWorkUtils( 1513): mVSimCurCardType is -1
06-24 16:35:40.765 D/ApplicationPackageManager(21523): queryIntentActivitiesAsUser blocked, Intent { act=android.intent.action.MAIN cat=[android.intent.category.LAUNCHER] pkg=com.sankuai.meituan.takeoutnew }
06-24 16:35:40.765 D/HsmInterfaceImpl(21523): List [ResolveInfo{d5226b9 com.sankuai.meituan.takeoutnew/.ui.page.boot.WelcomeActivity m=0x108000}]
06-24 16:35:40.767 D/NetWorkUtils( 1513): mVSimCurCardType is -1
06-24 16:35:40.769 E/asset   ( 2519): createFromFile(): lock file /data/resource-cache/system@emui@base@overlay@frameworkhwexthonor@frameworkhwexthonor.apk@idmap.
06-24 16:35:40.769 E/asset   ( 2519): createFromFile(): lock file /data/resource-cache/system@emui@base@overlay@frameworkhwexthonor@frameworkhwexthonor.apk@idmap.
06-24 16:35:40.769 W/ResourceType( 2519): Found multiple library tables, ignoring...
06-24 16:35:40.774 D/HwFLClassLoader( 2519): USE_FEATURE_LIST had not init! 
06-24 16:35:40.794 W/HSM     ( 1813): HoldService:toast switch is close!
06-24 16:35:40.795 D/ApplicationPackageManager(21523): queryIntentActivitiesAsUser blocked, Intent { act=android.intent.action.MAIN cat=[android.intent.category.LAUNCHER] pkg=com.vmall.client }
06-24 16:35:40.795 D/HsmInterfaceImpl(21523): List [ResolveInfo{8eb425f com.vmall.client/.splash.fragment.SplashActivity m=0x108000}]
06-24 16:35:40.821 D/PMS1000 (  657): package:com.excelliance.dualaid, input flags:8192, output hwFlags:0
06-24 16:35:40.822 W/HSM     ( 1813): HoldService:toast switch is close!
06-24 16:35:40.822 D/ApplicationPackageManager(21523): queryIntentActivitiesAsUser blocked, Intent { act=android.intent.action.MAIN cat=[android.intent.category.LAUNCHER] pkg=com.android.browser }
06-24 16:35:40.823 D/HsmInterfaceImpl(21523): List [ResolveInfo{27ad90a com.android.browser/com.tencent.mtt.SplashActivity m=0x108000}]
06-24 16:35:40.847 D/HwArpVerifier(  657): getGateWayARPResponses: arp rtt = 8
06-24 16:35:40.847 E/HwCHRWifiRSSIGroupSummery(  657): updatArpSummery mRSSI:-43  HwCHRWifiRSSIGroup [rssi_index=4, rtt_tcp_packets=0, rtt_tcp_duration=0, rtt_lan_duration=1232, rtt_lan_failures=0, rtt_lan_succ=145, rtt_lan_max=14, rtt_lan_min=0,same_area_frequency=0,adjacent_area_frequency=0]
06-24 16:35:40.858 W/HSM     ( 1813): HoldService:toast switch is close!
06-24 16:35:40.859 D/ApplicationPackageManager(21523): queryIntentActivitiesAsUser blocked, Intent { act=android.intent.action.MAIN cat=[android.intent.category.LAUNCHER] pkg=com.eg.android.AlipayGphone }
06-24 16:35:40.859 D/HsmInterfaceImpl(21523): List [ResolveInfo{924f3f1 com.eg.android.AlipayGphone/.AlipayLogin m=0x108000}]
06-24 16:35:40.872 D/HwArpVerifier(  657): There are 1 mac address for gateway 
06-24 16:35:40.872 D/HwArpVerifier(  657): from HEART_CHECK transmit to state:HEART_CHECK
06-24 16:35:40.872 D/HwArpVerifier(  657): msg what=124 arg1(token)=6 arg2(mode)=0 delay=30000
06-24 16:35:40.872 D/HwArpVerifier(  657): performPollAndLog:
06-24 16:35:40.875 D/hw_netstat(  657): total/10169/4243,com.excelliance.dualaid/9129/3903,unknown:0/972/0,com.android.vending/0/180,com.google.uid.shared:10089/0/120,com.eg.android.AlipayGphone/68/40
06-24 16:35:40.880 D/PMS1000 (  657): package:com.excelliance.dualaid, input flags:8192, output hwFlags:0
06-24 16:35:40.881 W/HSM     ( 1813): HoldService:toast switch is close!
06-24 16:35:40.881 D/ApplicationPackageManager(21523): queryIntentActivitiesAsUser blocked, Intent { act=android.intent.action.MAIN cat=[android.intent.category.LAUNCHER] pkg=com.android.mediacenter }
06-24 16:35:40.881 D/HsmInterfaceImpl(21523): List [ResolveInfo{f451e57 com.android.mediacenter/.PageActivity m=0x108000}]
06-24 16:35:40.887 E/asset   (21523): createFromFile(): lock file /data/resource-cache/system@emui@base@overlay@frameworkhwexthonor@frameworkhwexthonor.apk@idmap.
06-24 16:35:40.887 E/asset   (21523): createFromFile(): lock file /data/resource-cache/system@emui@base@overlay@frameworkhwexthonor@frameworkhwexthonor.apk@idmap.
06-24 16:35:40.887 W/ResourceType(21523): Found multiple library tables, ignoring...
06-24 16:35:40.920 W/HSM     ( 1813): HoldService:toast switch is close!
06-24 16:35:40.920 D/ApplicationPackageManager(21523): queryIntentActivitiesAsUser blocked, Intent { act=android.intent.action.MAIN cat=[android.intent.category.LAUNCHER] pkg=com.huawei.himovie }
06-24 16:35:40.920 D/HsmInterfaceImpl(21523): List [ResolveInfo{5a57f62 com.huawei.himovie/.ui.login.SplashScreenActivity m=0x108000}]
06-24 16:35:40.924 E/asset   (21523): createFromFile(): lock file /data/resource-cache/system@emui@base@overlay@frameworkhwexthonor@frameworkhwexthonor.apk@idmap.
06-24 16:35:40.924 E/asset   (21523): createFromFile(): lock file /data/resource-cache/system@emui@base@overlay@frameworkhwexthonor@frameworkhwexthonor.apk@idmap.
06-24 16:35:40.924 W/ResourceType(21523): Found multiple library tables, ignoring...
06-24 16:35:40.953 W/HSM     ( 1813): HoldService:toast switch is close!
06-24 16:35:40.954 D/ApplicationPackageManager(21523): queryIntentActivitiesAsUser blocked, Intent { act=android.intent.action.MAIN cat=[android.intent.category.LAUNCHER] pkg=com.huawei.hnreader }
06-24 16:35:40.954 D/HsmInterfaceImpl(21523): List [ResolveInfo{16d3029 com.huawei.hnreader/com.qq.reader.activity.SplashActivity m=0x108000}]
06-24 16:35:40.958 E/asset   (21523): createFromFile(): lock file /data/resource-cache/system@emui@base@overlay@frameworkhwexthonor@frameworkhwexthonor.apk@idmap.
06-24 16:35:40.958 E/asset   (21523): createFromFile(): lock file /data/resource-cache/system@emui@base@overlay@frameworkhwexthonor@frameworkhwexthonor.apk@idmap.
06-24 16:35:40.958 W/ResourceType(21523): Found multiple library tables, ignoring...
06-24 16:35:40.986 W/HSM     ( 1813): HoldService:toast switch is close!
06-24 16:35:40.987 D/ApplicationPackageManager(21523): queryIntentActivitiesAsUser blocked, Intent { act=android.intent.action.MAIN cat=[android.intent.category.LAUNCHER] pkg=com.twitter.android }
06-24 16:35:40.987 D/HsmInterfaceImpl(21523): List [ResolveInfo{c9a50dc com.twitter.android/.StartActivity m=0x108000}]
06-24 16:35:41.023 D/PMS1000 (  657): package:com.excelliance.dualaid, input flags:8192, output hwFlags:0
06-24 16:35:41.024 W/HSM     ( 1813): HoldService:toast switch is close!
06-24 16:35:41.024 D/ApplicationPackageManager(21523): queryIntentActivitiesAsUser blocked, Intent { act=android.intent.action.MAIN cat=[android.intent.category.LAUNCHER] pkg=com.baidu.input_huawei }
06-24 16:35:41.025 D/HsmInterfaceImpl(21523): List []
06-24 16:35:41.028 W/HSM     ( 1813): HoldService:toast switch is close!
06-24 16:35:41.028 D/ApplicationPackageManager(21523): queryIntentActivitiesAsUser blocked, Intent { act=android.intent.action.MAIN cat=[android.intent.category.LAUNCHER] pkg=com.google.android.gms }
06-24 16:35:41.028 D/HsmInterfaceImpl(21523): List []
06-24 16:35:41.032 W/HSM     ( 1813): HoldService:toast switch is close!
06-24 16:35:41.034 D/ApplicationPackageManager(21523): queryIntentActivitiesAsUser blocked, Intent { act=android.intent.action.MAIN cat=[android.intent.category.LAUNCHER] pkg=com.sankuai.meituan }
06-24 16:35:41.034 D/HsmInterfaceImpl(21523): List [ResolveInfo{eece36b com.sankuai.meituan/com.meituan.android.pt.homepage.activity.Welcome m=0x108000}]
06-24 16:35:41.048 E/wificond(  765): Failed to get NL80211_STA_INFO_CNAHLOAD
06-24 16:35:41.048 E/WificondControl(  657): Noise: -92, Snr: 0, Chload: -1
06-24 16:35:41.049 D/HwWifiCHRStateManager(  657): handleMessage : 1001
06-24 16:35:41.049 D/HwWifiCHRStateManager(  657): handleUpdateChannel:5805
06-24 16:35:41.049 V/HwWifiServiceFactory(  657): get AllImpl object = com.android.server.wifi.HwWifiServiceFactoryImpl@a390a53
06-24 16:35:41.053 D/HuaweiWifiWatchdogStateMachine(  657): LM mrssi=-42
06-24 16:35:41.053 D/HuaweiWifiWatchdogStateMachine(  657): f2:9f:**:**:8f:43 current loss[-45]=0%, volume=73
06-24 16:35:41.053 D/HuaweiWifiWatchdogStateMachine(  657): f2:9f:**:**:8f:43 history loss[-45]=0.02%, volume=23056191
06-24 16:35:41.053 I/HuaweiWifiWatchdogStateMachine(  657): spd good count:0, add sc:0.0, rate:1.0
06-24 16:35:41.053 D/HuaweiWifiWatchdogStateMachine(  657): high data flow: protection_counter = 0,  not_detect_counter = 6
06-24 16:35:41.053 D/HuaweiWifiWatchdogStateMachine(  657): high data flow scenario: 0 --> 0 rx bytes =45KB
06-24 16:35:41.053 I/HuaweiWifiWatchdogStateMachine(  657): current mHighDataFlowRate = 1.0
06-24 16:35:41.054 I/HuaweiWifiWatchdogStateMachine(  657): POta txb txg rxg:0, 73, 0. Lr =0% Totpkt=73
06-24 16:35:41.055 D/WiFi_PRO(  657): MSG_RETURN_AP_CURRY_RSSI rssi = -42
06-24 16:35:41.055 I/QosMonitor(  657): queryRtt: rtt_type = 3
06-24 16:35:41.055 D/HwWifiConnectivityMonitor(  657): ENTER: notifyTopUidTcpInfo, tx = 47, rx = 40, reTx = 0, uid = 11423, tr = 0.0
06-24 16:35:41.055 I/HwQoEJNI(  657): send_cmd_kernel. begin
06-24 16:35:41.055 D/HwWifiConnectivityMonitor(  657): ENTER: notifyTopUidTcpInfo, rtt = 744, rttPkts = 20, aveRtt = 37.2, app = com.excelliance.dualaid
06-24 16:35:41.055 I/HwQoEJNI(  657): send_cmd_kernel. end
06-24 16:35:41.055 I/QosMonitor(  657): postEventFromNative: msg=100,arg1=4,arg2=10
06-24 16:35:41.055 D/HwUidTcpMonitor(  657): parseWlanUidTcpStatistics lastUidTcpStatInfo = [ mUid = 11423 mPacketName = com.excelliance.dualaid mSendSegs = 15156 mResendSegs = 5 mRcvSegs = 20266 ]
06-24 16:35:41.055 D/HwUidTcpMonitor(  657): parseWlanUidTcpStatistics lastUidTcpStatInfo = [ mUid = 10093 mPacketName = com.android.vending mSendSegs = 3785 mResendSegs = 2664 mRcvSegs = 250 ]
06-24 16:35:41.055 I/HwQoEJNI(  657): send_cmd_kernel. begin
06-24 16:35:41.055 D/HwUidTcpMonitor(  657): parseWlanUidTcpStatistics lastUidTcpStatInfo = [ mUid = 10089 mPacketName = com.google.uid.shared:10089 mSendSegs = 7544 mResendSegs = 0 mRcvSegs = 496 ]
06-24 16:35:41.055 I/HwQoEJNI(  657): send_cmd_kernel. end
06-24 16:35:41.055 D/HwUidTcpMonitor(  657): parseWlanUidTcpStatistics lastUidTcpStatInfo = [ mUid = 10122 mPacketName = com.eg.android.AlipayGphone mSendSegs = 329 mResendSegs = 0 mRcvSegs = 347 ]
06-24 16:35:41.055 I/QosMonitor(  657): postEventFromNative: msg=100,arg1=0,arg2=10
06-24 16:35:41.055 D/HwWifiConnectivityMonitor(  657): handleTopUidInternetStatusChanged, uid = 11423, status = 0
06-24 16:35:41.055 D/HuaweiWifiWatchdogStateMachine(  657): f2:9f:**:**:8f:43 current RTT[-45]=148, volume=20
06-24 16:35:41.055 D/HuaweiWifiWatchdogStateMachine(  657): f2:9f:**:**:8f:43 history RTT[-45]=237, volume=1689681
06-24 16:35:41.055 D/HuaweiWifiWatchdogStateMachine(  657): setSampleRtt: rtt=148,rtt_pkts =20,rtt_when=0
06-24 16:35:41.055 I/MQoS    (  657): rtt=152,tcp_tx_pkts=423437,tcp_rx_pkts=442855
06-24 16:35:41.056 I/QosMonitor(  657): resetRtt: rtt_type = 3
06-24 16:35:41.056 I/HwQoEJNI(  657): send_cmd_kernel. begin
06-24 16:35:41.056 I/HwQoEJNI(  657): send_cmd_kernel. end
06-24 16:35:41.056 I/MQoS    (  657): QOS_level:0(0),DataDisable;use level-0
06-24 16:35:41.056 I/MQoS    (  657): skip-low-Level:0(0),DataDisable;use level-0
06-24 16:35:41.056 D/HuaweiWifiWatchdogStateMachine(  657): dumpTcpResult: len=10,rtt=152,rttPkt=23,rttWn=0,cgt=16,cgtWn=9741193
06-24 16:35:41.056 I/HuaweiWifiWatchdogStateMachine(  657): PTcp RTT:152, rtt pkt=23, tcp_rx=41, tcp_tx=56, tcp_reTran=3, rtRate=0.05
06-24 16:35:41.056 D/HuaweiWifiWatchdogStateMachine(  657): isRttGood is good, AvgRtt = 152, TotPkt = 23
06-24 16:35:41.056 D/HuaweiWifiWatchdogStateMachine(  657): mRssiBadCount =0, RSSI not bad.
06-24 16:35:41.056 D/HuaweiWifiWatchdogStateMachine(  657): detectNetworkAvailable:hw.wifipro.dns_fail_count = 66
06-24 16:35:41.056 D/HuaweiWifiWatchdogStateMachine(  657): detectNetworkAvailable: tcpRxPkts != 0, reset
06-24 16:35:41.056 I/HuaweiWifiWatchdogStateMachine(  657): rs ota tcp lr rttvb bad: false, false, false, false, false; rsth:-75
06-24 16:35:41.056 D/HuaweiWifiWatchdogStateMachine(  657): GSC:0, GSR:1.0, RSR:1.0, RTH:-75
06-24 16:35:41.056 I/HuaweiWifiWatchdogStateMachine(  657): judge good link######, goodLinkLevel=3
06-24 16:35:41.056 I/HuaweiWifiWatchdogStateMachine(  657): sendResultMsgToQM bssid:f2:9f:**:**:8f:43, qoslevel=3
06-24 16:35:41.056 I/HuaweiWifiWatchdogStateMachine(  657): link good reported, good base rssi:-44
06-24 16:35:41.056 D/HuaweiWifiWatchdogStateMachine(  657): goodperiod count=0, rb rttg sg =false, true, false
06-24 16:35:41.056 D/HuaweiWifiWatchdogStateMachine(  657): bqeLevel = 3 rtt=152,rtt_pkts=23 speed=0 rssi=-42
06-24 16:35:41.056 D/HuaweiWifiWatchdogStateMachine(  657): Enter updateQoeLevel level = 3
06-24 16:35:41.056 D/HuaweiWifiWatchdogStateMachine(  657): updateQoeLevel current level equal to mLastDetectLevel, return
06-24 16:35:41.056 I/HuaweiWifiWatchdogStateMachine(  657):  pkt chk not bad, reset sc to 0.
06-24 16:35:41.056 D/HuaweiWifiWatchdogStateMachine(  657): ### mPktChkBadCnt=0
06-24 16:35:41.056 D/WiFi_PRO_WifiProStateMachine(  657): onNetworkQosChange, currentWifiLevel == 3, wifiNoInternet = false, updateUiOnly = true
06-24 16:35:41.083 W/OpenGLRenderer( 2519): Incorrectly called buildLayer on View: ShortcutAndWidgetContainer, destroying layer...
06-24 16:35:41.083 W/OpenGLRenderer( 2519): Incorrectly called buildLayer on View: ShortcutAndWidgetContainer, destroying layer...
06-24 16:35:41.085 I/GRALLOC (  679): 	 shrFd=10,fmt=0x1,intFmt=0x200000001,btStrd=4352,size=8486912,pid=679 
06-24 16:35:41.085 I/GRALLOC (  679): 	 yuv=2,w=1080,h=1920,Stride u=0 v=0,offset u=0 v=0 
06-24 16:35:41.085 I/GRALLOC (  679): 	 iova_size=8486912,conUsg=0xb00,proUsg=0xb00,	 strd=1088,[afbc]HdrStrd=1088 PyldStrd=69632 Scrmbl=2,ionhnd = 1 
06-24 16:35:41.087 D/PMS1000 (  657): package:com.excelliance.dualaid, input flags:8192, output hwFlags:0
06-24 16:35:41.088 W/HSM     ( 1813): HoldService:toast switch is close!
06-24 16:35:41.088 D/ApplicationPackageManager(21523): queryIntentActivitiesAsUser blocked, Intent { act=android.intent.action.MAIN cat=[android.intent.category.LAUNCHER] pkg=com.tencent.news }
06-24 16:35:41.088 D/HsmInterfaceImpl(21523): List [ResolveInfo{389bb61 com.tencent.news/.activity.SplashActivity m=0x108000}]
06-24 16:35:41.115 W/HSM     ( 1813): HoldService:toast switch is close!
06-24 16:35:41.115 D/ApplicationPackageManager(21523): queryIntentActivitiesAsUser blocked, Intent { act=android.intent.action.MAIN cat=[android.intent.category.LAUNCHER] pkg=com.iflytek.speechsuite }
06-24 16:35:41.115 D/HsmInterfaceImpl(21523): List []
06-24 16:35:41.118 W/HSM     ( 1813): HoldService:toast switch is close!
06-24 16:35:41.119 D/ApplicationPackageManager(21523): queryIntentActivitiesAsUser blocked, Intent { act=android.intent.action.MAIN cat=[android.intent.category.LAUNCHER] pkg=com.tencent.android.qqdownloader }
06-24 16:35:41.119 D/HsmInterfaceImpl(21523): List [ResolveInfo{7744b47 com.tencent.android.qqdownloader/com.tencent.pangu.link.SplashActivity m=0x108000}]
06-24 16:35:41.152 W/HSM     ( 1813): HoldService:toast switch is close!
06-24 16:35:41.153 D/ApplicationPackageManager(21523): queryIntentActivitiesAsUser blocked, Intent { act=android.intent.action.MAIN cat=[android.intent.category.LAUNCHER] pkg=com.ifreetalk.ftalk }
06-24 16:35:41.153 D/HsmInterfaceImpl(21523): List [ResolveInfo{8c5ac9d com.ifreetalk.ftalk/.activity.DummyActivity m=0x108000}]
06-24 16:35:41.166 W/HSM     ( 1813): HoldService:toast switch is close!
06-24 16:35:41.166 D/ApplicationPackageManager(21523): queryIntentActivitiesAsUser blocked, Intent { act=android.intent.action.MAIN cat=[android.intent.category.LAUNCHER] pkg=com.taobao.taobao }
06-24 16:35:41.166 D/HsmInterfaceImpl(21523): List [ResolveInfo{5308512 com.taobao.taobao/com.taobao.tao.welcome.Welcome m=0x108000}]
06-24 16:35:41.182 D/HwWifiStatStore(  657): handleMessage : 200
06-24 16:35:41.194 W/HSM     ( 1813): HoldService:toast switch is close!
06-24 16:35:41.194 D/ApplicationPackageManager(21523): queryIntentActivitiesAsUser blocked, Intent { act=android.intent.action.MAIN cat=[android.intent.category.LAUNCHER] pkg=com.android.gallery3d }
06-24 16:35:41.195 D/HsmInterfaceImpl(21523): List [ResolveInfo{e337ee0 com.android.gallery3d/com.huawei.gallery.app.GalleryMain m=0x108000}]
06-24 16:35:41.198 E/asset   (21523): createFromFile(): lock file /data/resource-cache/system@emui@base@overlay@frameworkhwexthonor@frameworkhwexthonor.apk@idmap.
06-24 16:35:41.198 E/asset   (21523): createFromFile(): lock file /data/resource-cache/system@emui@base@overlay@frameworkhwexthonor@frameworkhwexthonor.apk@idmap.
06-24 16:35:41.199 W/ResourceType(21523): Found multiple library tables, ignoring...
06-24 16:35:41.217 E/WifiHAL (  706): enter wifi_get_link_stats
06-24 16:35:41.229 E/wificond(  765): Failed to get NL80211_STA_INFO_CNAHLOAD
06-24 16:35:41.229 E/WificondControl(  657): Noise: -92, Snr: 0, Chload: -1
06-24 16:35:41.229 D/HwWifiCHRStateManager(  657): handleMessage : 1001
06-24 16:35:41.229 D/HwWifiCHRStateManager(  657): handleUpdateChannel:5805
06-24 16:35:41.229 V/HwWifiServiceFactory(  657): get AllImpl object = com.android.server.wifi.HwWifiServiceFactoryImpl@a390a53
06-24 16:35:41.230 D/WifiScoreReport(  657): Score = 100, wifiConnectivityManagerEnabled = false, lowScoreCount = 0
06-24 16:35:41.231 D/PMS1000 (  657): package:com.excelliance.dualaid, input flags:8192, output hwFlags:0
06-24 16:35:41.232 W/HSM     ( 1813): HoldService:toast switch is close!
06-24 16:35:41.233 D/ApplicationPackageManager(21523): queryIntentActivitiesAsUser blocked, Intent { act=android.intent.action.MAIN cat=[android.intent.category.LAUNCHER] pkg=com.pp.assistant }
06-24 16:35:41.233 D/HsmInterfaceImpl(21523): List [ResolveInfo{5f95c3f com.pp.assistant/.activity.MainActivity m=0x108000}]
06-24 16:35:41.269 W/HSM     ( 1813): HoldService:toast switch is close!
06-24 16:35:41.269 D/ApplicationPackageManager(21523): queryIntentActivitiesAsUser blocked, Intent { act=android.intent.action.MAIN cat=[android.intent.category.LAUNCHER] pkg=com.oppo.market }
06-24 16:35:41.269 D/HsmInterfaceImpl(21523): List [ResolveInfo{67ed255 com.oppo.market/.activity.MainActivity m=0x108000}]
06-24 16:35:41.301 W/HSM     ( 1813): HoldService:toast switch is close!
06-24 16:35:41.301 D/ApplicationPackageManager(21523): queryIntentActivitiesAsUser blocked, Intent { act=android.intent.action.MAIN cat=[android.intent.category.LAUNCHER] pkg=com.excean.wxaid }
06-24 16:35:41.301 D/HsmInterfaceImpl(21523): List [ResolveInfo{c317d5b com.excean.wxaid/com.excelliance.kxqp.ui.HelloActivity m=0x108000}]
06-24 16:35:41.331 W/HwResourcesImpl(21523): icon in pkg com.excean.wxaid is too large.sDefaultSizeWithoutEdge = 188bmp.getWidth() = 1536
06-24 16:35:41.347 W/HSM     ( 1813): HoldService:toast switch is close!
06-24 16:35:41.348 D/ApplicationPackageManager(21523): queryIntentActivitiesAsUser blocked, Intent { act=android.intent.action.MAIN cat=[android.intent.category.LAUNCHER] pkg=com.huawei.intelligent }
06-24 16:35:41.348 D/HsmInterfaceImpl(21523): List []
06-24 16:35:41.350 W/HSM     ( 1813): HoldService:toast switch is close!
06-24 16:35:41.350 D/ApplicationPackageManager(21523): queryIntentActivitiesAsUser blocked, Intent { act=android.intent.action.MAIN cat=[android.intent.category.LAUNCHER] pkg=com.google.android.backuptransport }
06-24 16:35:41.350 D/HsmInterfaceImpl(21523): List []
06-24 16:35:41.352 W/HSM     ( 1813): HoldService:toast switch is close!
06-24 16:35:41.352 D/ApplicationPackageManager(21523): queryIntentActivitiesAsUser blocked, Intent { act=android.intent.action.MAIN cat=[android.intent.category.LAUNCHER] pkg=com.huawei.skytone }
06-24 16:35:41.352 D/HsmInterfaceImpl(21523): List []
06-24 16:35:41.354 W/HSM     ( 1813): HoldService:toast switch is close!
06-24 16:35:41.354 D/ApplicationPackageManager(21523): queryIntentActivitiesAsUser blocked, Intent { act=android.intent.action.MAIN cat=[android.intent.category.LAUNCHER] pkg=com.estrongs.android.pop }
06-24 16:35:41.355 D/HsmInterfaceImpl(21523): List [ResolveInfo{3273ed1 com.estrongs.android.pop/.app.openscreenad.NewSplashActivity m=0x108000}]
06-24 16:35:41.387 W/HSM     ( 1813): HoldService:toast switch is close!
06-24 16:35:41.388 D/ApplicationPackageManager(21523): queryIntentActivitiesAsUser blocked, Intent { act=android.intent.action.MAIN cat=[android.intent.category.LAUNCHER] pkg=com.redfinger.app }
06-24 16:35:41.388 D/HsmInterfaceImpl(21523): List [ResolveInfo{d009437 com.redfinger.app/.activity.SplashActivity m=0x108000}]
06-24 16:35:41.418 W/HSM     ( 1813): HoldService:toast switch is close!
06-24 16:35:41.418 D/ApplicationPackageManager(21523): queryIntentActivitiesAsUser blocked, Intent { act=android.intent.action.MAIN cat=[android.intent.category.LAUNCHER] pkg=com.android.vending }
06-24 16:35:41.418 D/HsmInterfaceImpl(21523): List [ResolveInfo{b0ff70d com.android.vending/.AssetBrowserActivity m=0x108000}]
06-24 16:35:41.448 W/HSM     ( 1813): HoldService:toast switch is close!
06-24 16:35:41.448 D/ApplicationPackageManager(21523): queryIntentActivitiesAsUser blocked, Intent { act=android.intent.action.MAIN cat=[android.intent.category.LAUNCHER] pkg=org.hapjs.mockup }
06-24 16:35:41.449 D/HsmInterfaceImpl(21523): List [ResolveInfo{e51f709 org.hapjs.mockup/.activity.MainActivity m=0x108000}]
06-24 16:35:41.469 I/TrafficMonitor(  657): update:rxPkts:19,txPkts:19,rxBytes:8857,txBytes:2666
06-24 16:35:41.469 I/TrafficMonitor(  657): start expired. level:-1
06-24 16:35:41.469 I/TrafficMonitor(  657): gettimer:interval=2000
06-24 16:35:41.470 W/HSM     ( 1813): HoldService:toast switch is close!
06-24 16:35:41.471 D/ApplicationPackageManager(21523): queryIntentActivitiesAsUser blocked, Intent { act=android.intent.action.MAIN cat=[android.intent.category.LAUNCHER] pkg=com.huawei.gamebox }
06-24 16:35:41.471 D/HsmInterfaceImpl(21523): List [ResolveInfo{7c7d32f com.huawei.gamebox/.GameBoxActivity m=0x108000}]
06-24 16:35:41.474 E/asset   (21523): createFromFile(): lock file /data/resource-cache/system@emui@base@overlay@frameworkhwexthonor@frameworkhwexthonor.apk@idmap.
06-24 16:35:41.474 E/asset   (21523): createFromFile(): lock file /data/resource-cache/system@emui@base@overlay@frameworkhwexthonor@frameworkhwexthonor.apk@idmap.
06-24 16:35:41.474 W/ResourceType(21523): Found multiple library tables, ignoring...
06-24 16:35:41.502 W/HSM     ( 1813): HoldService:toast switch is close!
