06-24 15:34:05.647 I/appium  (29532): Skipping invisible child: android.view.accessibility.AccessibilityNodeInfo@14eef; boundsInParent: Rect(0, 0 - 93, 93); boundsInScreen: Rect(495, 0 - 584, 76); packageName: com.huawei.android.launcher; className: android.widget.ImageView; text: null; error: null; maxTextLength: -1; contentDescription: 设置默认主屏幕; viewIdResName: com.huawei.android.launcher:id/default_screen_home_icon; checkable: false; checked: false; focusable: true; focused: false; selected: false; clickable: true; longClickable: false; contextClickable: false; enabled: true; password: false; scrollable: false; importantForAccessibility: true; actions: [AccessibilityAction: ACTION_FOCUS - null, AccessibilityAction: ACTION_SELECT - null, AccessibilityAction: ACTION_CLEAR_SELECTION - null, AccessibilityAction: ACTION_CLICK - null, AccessibilityAction: ACTION_ACCESSIBILITY_FOCUS - null, AccessibilityAction: ACTION_NEXT_AT_MOVEMENT_GRANULARITY - null, AccessibilityAction: ACTION_PREVIOUS_AT_MOVEMENT_GRANULARITY - null, AccessibilityAction: ACTION_SET_SELECTION - null, AccessibilityAction: ACTION_SHOW_ON_SCREEN - null]
06-24 15:34:05.649 I/appium  (29532): Skipping invisible child: android.view.accessibility.AccessibilityNodeInfo@152b0; boundsInParent: Rect(0, 0 - 93, 93); boundsInScreen: Rect(493, 0 - 586, 78); packageName: com.huawei.android.launcher; className: android.widget.ImageView; text: null; error: null; maxTextLength: -1; contentDescription: 设置默认主屏幕; viewIdResName: com.huawei.android.launcher:id/default_screen_home_icon_bg; checkable: false; checked: false; focusable: true; focused: false; selected: false; clickable: true; longClickable: false; contextClickable: false; enabled: true; password: false; scrollable: false; importantForAccessibility: true; actions: [AccessibilityAction: ACTION_FOCUS - null, AccessibilityAction: ACTION_SELECT - null, AccessibilityAction: ACTION_CLEAR_SELECTION - null, AccessibilityAction: ACTION_CLICK - null, AccessibilityAction: ACTION_ACCESSIBILITY_FOCUS - null, AccessibilityAction: ACTION_NEXT_AT_MOVEMENT_GRANULARITY - null, AccessibilityAction: ACTION_PREVIOUS_AT_MOVEMENT_GRANULARITY - null, AccessibilityAction: ACTION_SET_SELECTION - null, AccessibilityAction: ACTION_SHOW_ON_SCREEN - null]
06-24 15:34:05.651 W/ResourceType( 2519): No known package when getting name for resource number 0x9c030000
06-24 15:34:05.654 W/ResourceType( 2519): No known package when getting name for resource number 0x9c030100
06-24 15:34:05.656 W/ResourceType( 2519): No known package when getting name for resource number 0x9c030200
06-24 15:34:05.659 W/ResourceType( 2519): No known package when getting name for resource number 0x9c030300
06-24 15:34:05.661 W/ResourceType( 2519): No known package when getting name for resource number 0x9c030001
06-24 15:34:05.664 W/ResourceType( 2519): No known package when getting name for resource number 0x9c030101
06-24 15:34:05.666 W/ResourceType( 2519): No known package when getting name for resource number 0x9c030201
06-24 15:34:05.669 W/ResourceType( 2519): No known package when getting name for resource number 0x9c030301
06-24 15:34:05.671 W/ResourceType( 2519): No known package when getting name for resource number 0x9c030002
06-24 15:34:05.673 W/ResourceType( 2519): No known package when getting name for resource number 0x9c030102
06-24 15:34:05.676 W/ResourceType( 2519): No known package when getting name for resource number 0x9c030202
06-24 15:34:05.678 W/ResourceType( 2519): No known package when getting name for resource number 0x9c030302
06-24 15:34:05.680 W/ResourceType( 2519): No known package when getting name for resource number 0x9c030003
06-24 15:34:05.683 W/ResourceType( 2519): No known package when getting name for resource number 0x9c030103
06-24 15:34:05.685 W/ResourceType( 2519): No known package when getting name for resource number 0x9c030203
06-24 15:34:05.688 W/ResourceType( 2519): No known package when getting name for resource number 0x9c030303
06-24 15:34:05.690 W/ResourceType( 2519): No known package when getting name for resource number 0x9c030004
06-24 15:34:05.692 W/ResourceType( 2519): No known package when getting name for resource number 0x9c030104
06-24 15:34:05.695 W/ResourceType( 2519): No known package when getting name for resource number 0x9c030204
06-24 15:34:05.697 W/ResourceType( 2519): No known package when getting name for resource number 0x9c030304
06-24 15:34:05.699 I/appium  (29532): Skipping invisible child: android.view.accessibility.AccessibilityNodeInfo@9e80; boundsInParent: Rect(0, 0 - 1080, 1580); boundsInScreen: Rect(1080, 0 - 1080, 1532); packageName: com.huawei.android.launcher; className: android.view.ViewGroup; text: null; error: null; maxTextLength: -1; contentDescription: null; viewIdResName: com.huawei.android.launcher:id/workspace_screen; checkable: false; checked: false; focusable: false; focused: false; selected: false; clickable: true; longClickable: true; contextClickable: false; enabled: true; password: false; scrollable: false; importantForAccessibility: true; actions: [AccessibilityAction: ACTION_SELECT - null, AccessibilityAction: ACTION_CLEAR_SELECTION - null, AccessibilityAction: ACTION_CLICK - null, AccessibilityAction: ACTION_LONG_CLICK - null, AccessibilityAction: ACTION_ACCESSIBILITY_FOCUS - null, AccessibilityAction: ACTION_SHOW_ON_SCREEN - null]
06-24 15:34:05.701 W/ResourceType( 2519): No known package when getting name for resource number 0x9b000000
06-24 15:34:05.701 W/ResourceType( 2519): No known package when getting name for resource number 0x9b010100
06-24 15:34:05.702 W/ResourceType( 2519): No known package when getting name for resource number 0x9b020200
06-24 15:34:05.702 W/ResourceType( 2519): No known package when getting name for resource number 0x9b030300
06-24 15:34:05.702 W/ResourceType( 2519): No known package when getting name for resource number 0x9b040400
06-24 15:34:05.707 I/appium  (29532): Fetch time: 67ms
06-24 15:34:05.735 I/appium  (29532): AppiumResponse: {"sessionId":"2d604340-25b7-4bc5-874b-09ac3bd169d8","status":0,"value":"<?xml version=\"1.0\" encoding=\"UTF-8\"?><hierarchy rotation=\"0\"><android.widget.FrameLayout index=\"0\" text=\"\" class=\"android.widget.FrameLayout\" package=\"com.huawei.android.launcher\" content-desc=\"\" checkable=\"false\" checked=\"false\" clickable=\"false\" enabled=\"true\" focusable=\"false\" focused=\"false\" scrollable=\"false\" long-clickable=\"false\" password=\"false\" selected=\"false\" bounds=\"[0,0][1080,1920]\" resource-id=\"\" instance=\"0\"><android.widget.LinearLayout index=\"0\" text=\"\" class=\"android.widget.LinearLayout\" package=\"com.huawei.android.launcher\" content-desc=\"\" checkable=\"false\" checked=\"false\" clickable=\"false\" enabled=\"true\" focusable=\"false\" focused=\"false\" scrollable=\"false\" long-clickable=\"false\" password=\"false\" selected=\"false\" bounds=\"[0,0][1080,1920]\" resource-id=\"\" instance=\"0\"><android.widget.FrameLayout index=\"0\" text=\"\" class=\"android.widget.FrameLayout\" package=\"com.huawei.android.launcher\" content-desc=\"\" checkable=\"false\" checked=\"false\" clickable=\"false\" enabled=\"true\" focusable=\"false\" focused=\"false\" scrollable=\"false\" long-clickable=\"false\" password=\"false\" selected=\"false\" bounds=\"[0,0][1080,1920]\" resource-id=\"android:id\/content\" instance=\"1\"><android.widget.FrameLayout index=\"0\" text=\"\" class=\"android.widget.FrameLayout\" package=\"com.huawei.android.launcher\" content-desc=\"\" checkable=\"false\" checked=\"false\" clickable=\"false\" enabled=\"true\" focusable=\"false\" focused=\"false\" scrollable=\"false\" long-clickable=\"false\" password=\"false\" selected=\"false\" bounds=\"[0,0][1080,1920]\" resource-id=\"com.huawei.android.launcher:id\/drag_layer\" instance=\"2\"><android.view.ViewGroup index=\"0\" text=\"\" class=\"android.view.ViewGroup\" package=\"com.huawei.android.launcher\" content-desc=\"第 3 屏，共 4 屏\" checkable=\"false\" checked=\"false\" clickable=\"false\" enabled=\"true\" focusable=\"false\" focused=\"false\" scrollable=\"true\" long-clickable=\"false\" password=\"false\" selected=\"false\" bounds=\"[0,0][1080,1920]\" resource-id=\"com.huawei.android.launcher:id\/workspace\" instance=\"0\"><android.view.ViewGroup index=\"2\" text=\"\" class=\"android.view.ViewGroup\" package=\"com.huawei.android.launcher\" content-desc=\"\" checkable=\"false\" checked=\"false\" clickable=\"true\" enabled=\"true\" focusable=\"false\" focused=\"false\" scrollable=\"false\" long-clickable=\"true\" password=\"false\" selected=\"false\" bounds=\"[0,0][1080,1532]\" resource-id=\"com.huawei.android.launcher:id\/workspace_screen\" instance=\"1\"><android.widget.FrameLayout index=\"0\" text=\"\" class=\"android.widget.FrameLayout\" package=\"com.huawei.android.launcher\" content-desc=\"\" checkable=\"false\" checked=\"false\" clickable=\"false\" enabled=\"true\" focusable=\"false\" focused=\"false\" scrollable=\"false\" long-clickable=\"false\" password=\"false\" selected=\"false\" bounds=\"[12,0][1068,1514]\" resource-id=\"\" instance=\"3\"\/><android.view.ViewGroup index=\"1\" text=\"\" class=\"android.view.ViewGroup\" package=\"com.huawei.android.launcher\" content-desc=\"\" checkable=\"false\" checked=\"false\" clickable=\"false\" enabled=\"true\" focusable=\"false\" focused=\"false\" scrollable=\"false\" long-clickable=\"false\" password=\"false\" selected=\"false\" bounds=\"[12,0][1068,1514]\" resource-id=\"\" instance=\"2\"><android.widget.TextView index=\"0\" text=\"iTest\" class=\"android.widget.TextView\" package=\"com.huawei.android.launcher\" content-desc=\"\" checkable=\"false\" checked=\"false\" clickable=\"true\" enabled=\"true\" focusable=\"true\" focused=\"false\" scrollable=\"false\" long-clickable=\"true\" password=\"false\" selected=\"false\" bounds=\"[12,84][276,370]\" resource-id=\"\" instance=\"0\"\/><android.widget.TextView index=\"1\" text=\"WhatsApp\" class=\"android.widget.TextView\" package=\"com.huawei.android.launcher\" content-
06-24 15:34:05.762 I/appium  (29532): channel read invoked!
06-24 15:34:05.762 I/appium  (29532): channel read: GET /wd/hub/session/2d604340-25b7-4bc5-874b-09ac3bd169d8/source
06-24 15:34:05.767 W/ResourceType( 2519): No known package when getting name for resource number 0x9c010000
06-24 15:34:05.767 W/ResourceType( 2519): No known package when getting name for resource number 0x9c010100
06-24 15:34:05.768 W/ResourceType( 2519): No known package when getting name for resource number 0x9c010200
06-24 15:34:05.768 W/ResourceType( 2519): No known package when getting name for resource number 0x9c010300
06-24 15:34:05.768 W/ResourceType( 2519): No known package when getting name for resource number 0x9c010001
06-24 15:34:05.768 W/ResourceType( 2519): No known package when getting name for resource number 0x9c010101
06-24 15:34:05.769 W/ResourceType( 2519): No known package when getting name for resource number 0x9c010201
06-24 15:34:05.769 W/ResourceType( 2519): No known package when getting name for resource number 0x9c010301
06-24 15:34:05.769 W/ResourceType( 2519): No known package when getting name for resource number 0x9c010002
06-24 15:34:05.770 W/ResourceType( 2519): No known package when getting name for resource number 0x9c010102
06-24 15:34:05.770 W/ResourceType( 2519): No known package when getting name for resource number 0x9c010202
06-24 15:34:05.770 W/ResourceType( 2519): No known package when getting name for resource number 0x9c010302
06-24 15:34:05.770 W/ResourceType( 2519): No known package when getting name for resource number 0x9c010003
06-24 15:34:05.771 W/ResourceType( 2519): No known package when getting name for resource number 0x9c010103
06-24 15:34:05.771 W/ResourceType( 2519): No known package when getting name for resource number 0x9c010203
06-24 15:34:05.772 W/ResourceType( 2519): No known package when getting name for resource number 0x9c010303
06-24 15:34:05.773 W/ResourceType( 2519): No known package when getting name for resource number 0x9c010004
06-24 15:34:05.773 W/ResourceType( 2519): No known package when getting name for resource number 0x9c010104
06-24 15:34:05.773 W/ResourceType( 2519): No known package when getting name for resource number 0x9c010204
06-24 15:34:05.774 W/ResourceType( 2519): No known package when getting name for resource number 0x9c010304
06-24 15:34:05.782 I/appium  (29532): Skipping invisible child: android.view.accessibility.AccessibilityNodeInfo@933d; boundsInParent: Rect(0, 0 - 1080, 1580); boundsInScreen: Rect(0, 0 - -1080, 1532); packageName: com.huawei.android.launcher; className: android.view.ViewGroup; text: null; error: null; maxTextLength: -1; contentDescription: null; viewIdResName: com.huawei.android.launcher:id/workspace_screen; checkable: false; checked: false; focusable: false; focused: false; selected: false; clickable: true; longClickable: true; contextClickable: false; enabled: true; password: false; scrollable: false; importantForAccessibility: true; actions: [AccessibilityAction: ACTION_SELECT - null, AccessibilityAction: ACTION_CLEAR_SELECTION - null, AccessibilityAction: ACTION_CLICK - null, AccessibilityAction: ACTION_LONG_CLICK - null, AccessibilityAction: ACTION_ACCESSIBILITY_FOCUS - null, AccessibilityAction: ACTION_SHOW_ON_SCREEN - null]
06-24 15:34:05.783 I/appium  (29532): Skipping invisible child: android.view.accessibility.AccessibilityNodeInfo@96fe; boundsInParent: Rect(0, 0 - 1080, 1580); boundsInScreen: Rect(0, 0 - 0, 1532); packageName: com.huawei.android.launcher; className: android.view.ViewGroup; text: null; error: null; maxTextLength: -1; contentDescription: null; viewIdResName: com.huawei.android.launcher:id/workspace_screen; checkable: false; checked: false; focusable: false; focused: false; selected: false; clickable: true; longClickable: true; contextClickable: false; enabled: true; password: false; scrollable: false; importantForAccessibility: true; actions: [AccessibilityAction: ACTION_SELECT - null, AccessibilityAction: ACTION_CLEAR_SELECTION - null, AccessibilityAction: ACTION_CLICK - null, AccessibilityAction: ACTION_LONG_CLICK - null, AccessibilityAction: ACTION_ACCESSIBILITY_FOCUS - null, AccessibilityAction: ACTION_SHOW_ON_SCREEN - null]
06-24 15:34:05.787 I/appium  (29532): Skipping invisible child: android.view.accessibility.AccessibilityNodeInfo@14eef; boundsInParent: Rect(0, 0 - 93, 93); boundsInScreen: Rect(495, 0 - 584, 76); packageName: com.huawei.android.launcher; className: android.widget.ImageView; text: null; error: null; maxTextLength: -1; contentDescription: 设置默认主屏幕; viewIdResName: com.huawei.android.launcher:id/default_screen_home_icon; checkable: false; checked: false; focusable: true; focused: false; selected: false; clickable: true; longClickable: false; contextClickable: false; enabled: true; password: false; scrollable: false; importantForAccessibility: true; actions: [AccessibilityAction: ACTION_FOCUS - null, AccessibilityAction: ACTION_SELECT - null, AccessibilityAction: ACTION_CLEAR_SELECTION - null, AccessibilityAction: ACTION_CLICK - null, AccessibilityAction: ACTION_ACCESSIBILITY_FOCUS - null, AccessibilityAction: ACTION_NEXT_AT_MOVEMENT_GRANULARITY - null, AccessibilityAction: ACTION_PREVIOUS_AT_MOVEMENT_GRANULARITY - null, AccessibilityAction: ACTION_SET_SELECTION - null, AccessibilityAction: ACTION_SHOW_ON_SCREEN - null]
06-24 15:34:05.791 I/appium  (29532): Skipping invisible child: android.view.accessibility.AccessibilityNodeInfo@152b0; boundsInParent: Rect(0, 0 - 93, 93); boundsInScreen: Rect(493, 0 - 586, 78); packageName: com.huawei.android.launcher; className: android.widget.ImageView; text: null; error: null; maxTextLength: -1; contentDescription: 设置默认主屏幕; viewIdResName: com.huawei.android.launcher:id/default_screen_home_icon_bg; checkable: false; checked: false; focusable: true; focused: false; selected: false; clickable: true; longClickable: false; contextClickable: false; enabled: true; password: false; scrollable: false; importantForAccessibility: true; actions: [AccessibilityAction: ACTION_FOCUS - null, AccessibilityAction: ACTION_SELECT - null, AccessibilityAction: ACTION_CLEAR_SELECTION - null, AccessibilityAction: ACTION_CLICK - null, AccessibilityAction: ACTION_ACCESSIBILITY_FOCUS - null, AccessibilityAction: ACTION_NEXT_AT_MOVEMENT_GRANULARITY - null, AccessibilityAction: ACTION_PREVIOUS_AT_MOVEMENT_GRANULARITY - null, AccessibilityAction: ACTION_SET_SELECTION - null, AccessibilityAction: ACTION_SHOW_ON_SCREEN - null]
06-24 15:34:05.794 W/ResourceType( 2519): No known package when getting name for resource number 0x9c030000
06-24 15:34:05.798 W/ResourceType( 2519): No known package when getting name for resource number 0x9c030100
06-24 15:34:05.802 W/ResourceType( 2519): No known package when getting name for resource number 0x9c030200
06-24 15:34:05.804 I/ActivityManager(  657): START u0 {act=android.intent.action.MAIN cat=[android.intent.category.LAUNCHER] flg=0x10000000 cmp=com.excelliance.dualaid/com.excelliance.kxqp.ui.HelloActivity} from uid 2000
06-24 15:34:05.806 W/ResourceType( 2519): No known package when getting name for resource number 0x9c030300
06-24 15:34:05.806 I/ActivityManager(  657): ActivityRecord info: ActivityInfo{cadf3e0 com.excelliance.kxqp.ui.HelloActivity}
06-24 15:34:05.809 W/ResourceType( 2519): No known package when getting name for resource number 0x9c030001
06-24 15:34:05.809 I/ash     ( 1699): front pkg : com.excelliance.dualaid launcher: false
06-24 15:34:05.809 I/ash     ( 1699): above launcher front pkgs: [com.excelliance.dualaid]
06-24 15:34:05.811 I/PGServer( 1699): android calls fast hibernateApps
06-24 15:34:05.811 I/AppFastHibernation( 1699): fast hibernate duration: 1500 reason: start activity
06-24 15:34:05.811 W/ResourceType( 2519): No known package when getting name for resource number 0x9c030101
06-24 15:34:05.811 I/Pged-IPgedBinderService(  769): ****action is 1, pid num is 6***
06-24 15:34:05.811 I/Pged-Freezer(  769): freezePids
06-24 15:34:05.811 I/Pged-Freezer(  769): Freeze process: 29457
06-24 15:34:05.811 D/PMS1000 (  657): package:com.excelliance.dualaid, input flags:1, output hwFlags:0
06-24 15:34:05.811 I/Pged-Freezer(  769): Freeze process: 29531
06-24 15:34:05.812 V/WindowManager(  657): addAppToken: AppWindowToken{9b1dff0 token=Token{ca65033 ActivityRecord{48f1ba2 u0 com.excelliance.dualaid/com.excelliance.kxqp.ui.HelloActivity t16019}}} controller={TaskWindowContainerController taskId=16019} at 2147483647
06-24 15:34:05.812 I/Pged-Freezer(  769): Freeze process: 29347
06-24 15:34:05.812 I/Pged-Freezer(  769): Freeze process: 27318
06-24 15:34:05.812 I/Pged-Freezer(  769): Freeze process: 29532
06-24 15:34:05.812 D/PgedBinderAdapter( 1699): frz ok, pid: [29457, 29531, 29347, 27318, 29532]
06-24 15:34:05.813 W/ResourceType( 2519): No known package when getting name for resource number 0x9c030201
06-24 15:34:05.815 D/MotionDetectionManager( 2519): stopMotionAppsReco motionApps: 403
06-24 15:34:05.815 D/MotionDetectionManager( 2519): stopMotionAppsReco not recognition motionApps 403
06-24 15:34:05.815 W/HwLauncher( 2519): Launcher.MotionManager stopMotionAppsReco service flg 403 is unavailable
06-24 15:34:05.817 V/ActivityManager(  657): startProcess: name=com.excelliance.dualaid:olle app=null knownToBeDead=true thread=null pid=-1
06-24 15:34:05.817 D/PMS1000 (  657): package:com.excelliance.dualaid, input flags:0, output hwFlags:0
06-24 15:34:05.825 I/        (12676): power log dlsym ok
06-24 15:34:05.827 I/ActivityManager(  657): Start proc 12676:com.excelliance.dualaid:olle/u0a1422 for activity com.excelliance.dualaid/com.excelliance.kxqp.ui.HelloActivity
06-24 15:34:05.828 V/WindowManager(  657): No longer Stopped: AppWindowToken{9b1dff0 token=Token{ca65033 ActivityRecord{48f1ba2 u0 com.excelliance.dualaid/com.excelliance.kxqp.ui.HelloActivity t16019}}}
06-24 15:34:05.828 V/ActivityManager(  657): startProcess: name=com.excelliance.dualaid:olle app=ProcessRecord{697a969 12676:com.excelliance.dualaid:olle/u0a1422} knownToBeDead=true thread=null pid=12676
06-24 15:34:05.829 I/zygote  (12676): Reinit property: dalvik.vm.checkjni= false
06-24 15:34:05.835 D/ActivityThread(12676): ActivityThread,attachApplication
06-24 15:34:05.836 D/ActivityManager(  657): ActivityManagerService,attachApplication,callingPid = 12676
06-24 15:34:05.838 V/WindowManager(  657): No longer Stopped: AppWindowToken{9b1dff0 token=Token{ca65033 ActivityRecord{48f1ba2 u0 com.excelliance.dualaid/com.excelliance.kxqp.ui.HelloActivity t16019}}}
06-24 15:34:05.847 V/WindowManager(  657): findFocusedWindow: AppWindowToken{d3a938b token=Token{377755a ActivityRecord{d5c9105 u0 com.huawei.android.launcher/.unihome.UniHomeLauncher t15658}}} below Reached focused app=AppWindowToken{9b1dff0 token=Token{ca65033 ActivityRecord{48f1ba2 u0 com.excelliance.dualaid/com.excelliance.kxqp.ui.HelloActivity t16019}}}
06-24 15:34:05.848 D/ScenarioService( 1699): front pkg : com.excelliance.dualaid launcher: false
06-24 15:34:05.848 D/ScenarioService( 1699): new above launcher front pkgs: [com.excelliance.dualaid]
06-24 15:34:05.848 I/AppsUsage( 1699): scnOff:false FgAPP:com.excelliance.dualaid BgAPP:com.huawei.android.launcher
06-24 15:34:05.851 V/WindowManager(  657): Checking 1 opening apps (frozen=false timeout=false)...
06-24 15:34:05.851 V/WindowManager(  657): Check opening app=AppWindowToken{9b1dff0 token=Token{ca65033 ActivityRecord{48f1ba2 u0 com.excelliance.dualaid/com.excelliance.kxqp.ui.HelloActivity t16019}}}: allDrawn=false startingDisplayed=false startingMoved=false isRelaunching()=false
06-24 15:34:05.852 D/EmcomManagerService(  657): forePackage name is com.excelliance.dualaid
06-24 15:34:05.852 D/HicomPolicyManager(  657): foreAppInfo = nullpkgName = com.excelliance.dualaid uid= 11422
06-24 15:34:05.852 E/HicomPolicyManager(  657): udp acc is not start yet!
06-24 15:34:05.852 D/HicomPolicyManager(  657): speed control is not start
06-24 15:34:05.852 E/HicomPolicyManager(  657): Network Evaluation is not start yet!
06-24 15:34:05.852 E/HicomPolicyManager(  657): foreground app info is null
06-24 15:34:05.853 D/HwQoEUtils(  657): mForegroundAppPackageName: com.excelliance.dualaid:olle ,score: 0
06-24 15:34:05.853 D/HwQoEUtils(  657): APP type: -1 appName= com.excelliance.dualaid:olle
06-24 15:34:05.853 D/HwQoEUtils(  657): RealAppName:com.excelliance.dualaid
06-24 15:34:05.853 D/HwQoEUtils(  657): no game, APP_TYPE_GAME, appName =com.excelliance.dualaid:olle
06-24 15:34:05.854 D/HwGameAssistantController(  657): pid=12676, uid=11422, foreground=true
06-24 15:34:05.855 W//system/bin/hwservicemanager(  416): Cannot open /odm/manifest.xml
06-24 15:34:05.856 W/AwareLog(  657): SchedLevelBoost: onFgActivitiesChanged config not set!
06-24 15:34:05.856 I/HwNetworkPolicy(  657): onTransact, code = 203
06-24 15:34:05.857 D/[HwRecSys]HwRecSysService( 2647): onEvent actionID: 10000 msg:com.excelliance.dualaid		
06-24 15:34:05.857 E/[HwRecSys]HwRecSysService( 2647): getIsRportDirectService is false!
06-24 15:34:05.857 I/HwNetworkPolicyManager( 1813): getHwUidPolicy uid = 11422 policy = 0
06-24 15:34:05.860 W/libc    ( 1699): Set property "sys.aps.gameProcessName" to ""
06-24 15:34:05.860 I/PGServer( 1699): report state:10010 event type:2 pid:0 uid:0 pkg:com.huawei.android.launcher to pid: 657
06-24 15:34:05.861 I/PGServer( 1699): report state:10010 event type:2 pid:0 uid:0 pkg:com.huawei.android.launcher to pid: 1699
06-24 15:34:05.861 I/SceneReceiver( 1699): state type: 10010 eventType:2 pid:0 uid:0 pkg:com.huawei.android.launcher
06-24 15:34:05.861 I/PGServer( 1699): report state:10000 event type:1 pid:0 uid:0 pkg:com.excelliance.dualaid to pid: 657
06-24 15:34:05.861 I/PGServer( 1699): report state:10000 event type:1 pid:0 uid:0 pkg:com.excelliance.dualaid to pid: 1699
06-24 15:34:05.861 I/SceneReceiver( 1699): state type: 10000 eventType:1 pid:0 uid:0 pkg:com.excelliance.dualaid
06-24 15:34:05.861 D/HwThermalStateManager( 1699): current foreapp pkg : com.excelliance.dualaid
06-24 15:34:05.862 W/libc    ( 1699): Set property "sys.aps.browserProcessName" to ""
06-24 15:34:05.868 I/PGServer( 1699): checkPkgType. calling pkg: android
06-24 15:34:05.868 D/HwFLClassLoader(12676): get used feature list :/feature/used-list failed!
06-24 15:34:05.868 D/HwFLClassLoader(12676): USE_FEATURE_LIST had not init! 
06-24 15:34:05.868 I/PGServer( 1699): checkPkgType. calling pkg: android
06-24 15:34:05.871 W//system/bin/hwservicemanager(  416): Cannot open /odm/manifest.xml
06-24 15:34:05.873 I/GRALLOC (  679): 	 shrFd=10,fmt=0x1,intFmt=0x1,btStrd=256,size=4096,pid=679 
06-24 15:34:05.873 I/GRALLOC (  679): 	 yuv=2,w=16,h=16,Stride u=0 v=0,offset u=0 v=0 
06-24 15:34:05.873 I/GRALLOC (  679): 	 iova_size=4096,conUsg=0x100,proUsg=0x100,	 strd=64,[afbc]HdrStrd=0 PyldStrd=0 Scrmbl=0,ionhnd = 1 
06-24 15:34:05.884 E/MemoryLeakMonitorManager(12676): MemoryLeakMonitor.jar is not exist!
06-24 15:34:05.885 D/CrashHandler(12676): CrashHandler
06-24 15:34:05.885 D/KXQPApplication(12676): run: initUserManager
06-24 15:34:05.886 E/Minikin (12676): Could not get cmap table size!
06-24 15:34:05.886 D/PMS11422(  657): package:com.excelliance.dualaid, input flags:128, output hwFlags:0
06-24 15:34:05.895 I/HwCust  (12676): Constructor found for class android.app.HwCustActivityImpl
06-24 15:34:05.895 D/HwCust  (12676): Create obj success use class android.app.HwCustActivityImpl
06-24 15:34:05.897 V/HwPolicyFactory(12676): : success to get AllImpl object and return....
06-24 15:34:05.899 I/HwCust  (12676): Constructor found for class android.app.HwCustHwWallpaperManagerImpl
06-24 15:34:05.899 D/HwCust  (12676): Create obj success use class android.app.HwCustHwWallpaperManagerImpl
06-24 15:34:05.900 D/PMS11422(  657): package:com.excelliance.dualaid, input flags:0, output hwFlags:0
06-24 15:34:05.901 V/HwWidgetFactory(12676): : successes to get AllImpl object and return....
06-24 15:34:05.902 V/ActivityThread(12676): ActivityThread,callActivityOnCreate
06-24 15:34:05.903 D/HelloActivity(12676): Memory:25147M
06-24 15:34:05.904 D/HelloActivity(12676): onCreate: true
06-24 15:34:05.906 D/HelloActivity(12676): is code boot
06-24 15:34:05.908 D/HelloActivity(12676): mIsNav = false
06-24 15:34:05.922 D/NetWorkUtils( 1513): mVSimCurCardType is -1
06-24 15:34:05.922 D/NetWorkUtils( 1513): mVSimCurCardType is -1
06-24 15:34:05.924 D/HelloActivity(12676): defDisplayStyle:5
06-24 15:34:05.926 D/HttpUtils(12676): getDownloadMode()
06-24 15:34:05.926 D/NetUtils(12676): init inited = true
06-24 15:34:05.926 D/HelloActivity(12676): enter Nav2
06-24 15:34:05.928 D/NetworkSecurityConfig(12676): No Network Security Config specified, using platform default
06-24 15:34:05.929 I/ActivityManager(  657): START u0 {pkg=com.excelliance.dualaid cmp=com.excelliance.dualaid/com.excelliance.kxqp.swipe.NavActivity2 (has extras)} from uid 11422
06-24 15:34:05.929 I/ActivityManager(  657): ActivityRecord info: ActivityInfo{ec63ea com.excelliance.kxqp.swipe.NavActivity2}
06-24 15:34:05.930 V/WindowManager(  657): findFocusedWindow: AppWindowToken{d3a938b token=Token{377755a ActivityRecord{d5c9105 u0 com.huawei.android.launcher/.unihome.UniHomeLauncher t15658}}} below Reached focused app=AppWindowToken{9b1dff0 token=Token{ca65033 ActivityRecord{48f1ba2 u0 com.excelliance.dualaid/com.excelliance.kxqp.ui.HelloActivity t16019}}}
06-24 15:34:05.931 V/WindowManager(  657): addAppToken: AppWindowToken{14dbd08 token=Token{77192ab ActivityRecord{57c7cfa u0 com.excelliance.dualaid/com.excelliance.kxqp.swipe.NavActivity2 t16019}}} controller={TaskWindowContainerController taskId=16019} at 2147483647
06-24 15:34:05.933 D/HwRecentsLockUtils( 1513): Search
06-24 15:34:05.933 E/HsmCoreServiceImpl( 1478): onTransact in code is: 103
06-24 15:34:05.933 I/MediaProcessHandler( 1478): playingUids: 
06-24 15:34:05.934 D/ActivityManager(  657): Skipping, home or recents stack task: TaskRecord{333215f #15658 A=com.huawei.android.launcher U=0 StackId=0 sz=1}
06-24 15:34:05.934 D/ActivityManager(  657): Skipping intent:act=android.intent.action.MAIN cat=[android.intent.category.LAUNCHER] flg=0x10a00000 cmp=io.appium.settings/.Settings
06-24 15:34:05.934 D/ActivityManager(  657): Skipping intent:flg=0x10804000 cmp=com.android.systemui/.recents.RecentsActivity bnds=[48,928][1032,2296]
06-24 15:34:05.934 D/ActivityManager(  657): Skipping intent:flg=0x18800000 cmp=com.tencent.mm/.plugin.base.stub.WXPayEntryActivity
06-24 15:34:05.934 D/ActivityManager(  657): Skipping intent:flg=0x10800000 cmp=com.huawei.systemmanager/com.huawei.permissionmanager.ui.MainActivity
06-24 15:34:05.934 D/ActivityManager(  657): Skipping intent:flg=0x18800000 cmp=com.tencent.mm/.plugin.base.stub.WXEntryActivity
06-24 15:34:05.934 D/ActivityManager(  657): Skipping intent:act=com.huawei.action.VOICE_ASSISTANT flg=0x10800000 pkg=com.huawei.vassistant cmp=com.huawei.vassistant/.ui.main.VAssistantActivity
06-24 15:34:05.934 D/ActivityManager(  657): Skipping intent:act=com.huawei.android.launcher.action.ACCESS_SPLIT_SCREEN_APP cat=[android.intent.category.DEFAULT] flg=0x10804000 cmp=com.huawei.android.launcher/.splitscreen.SplitScreenAppActivity
06-24 15:34:05.934 D/ActivityManager(  657): Skipping intent:flg=0x10800000 pkg=com.excelliance.dualaid.b64 cmp=com.excelliance.dualaid.b64/com.excelliance.kxqp.sdk.PermissionRequestActivity
06-24 15:34:05.934 D/ActivityManager(  657): Skipping intent:act=android.intent.action.VIEW dat=content://com.excelliance.dualaid.fileProvider/external_storage_root/Download/apk/Multiple_64.apk typ=application/vnd.android.package-archive flg=0x10800001 cmp=com.android.packageinstaller/.InstallStart
06-24 15:34:05.934 D/ActivityManager(  657): Skipping intent:flg=0x10800000 cmp=com.android.systemui/.usb.HwUsbDebuggingActivity
06-24 15:34:05.934 D/ActivityManager(  657): Skipping intent:act=android.deviceinfo.chooser.action.LAUNCH flg=0x10800000 hwFlg=0x100 pkg=com.android.settings cmp=com.android.settings/.deviceinfo.UsbConnModeChooserActivity
06-24 15:34:05.934 D/ActivityManager(  657): Skipping intent:flg=0x10800000 cmp=com.zol.android/.push.KeepLiveActivity
06-24 15:34:05.934 D/ActivityManager(  657): Skipping intent:act=android.intent.action.MAIN cat=[android.intent.category.HOME] flg=0x10800300 cmp=com.android.settings/.FallbackHome
06-24 15:34:05.936 V/ActivityManager(  657): startProcess: name=com.excelliance.dualaid app=null knownToBeDead=true thread=null pid=-1
06-24 15:34:05.936 D/PMS1000 (  657): package:com.excelliance.dualaid, input flags:0, output hwFlags:0
06-24 15:34:05.943 I/ActivityManager(  657): Start proc 12701:com.excelliance.dualaid/u0a1422 for service com.excelliance.dualaid/com.excelliance.kxqp.SmtServService
06-24 15:34:05.943 I/        (12701): power log dlsym ok
06-24 15:34:05.945 I/zygote  (12701): Reinit property: dalvik.vm.checkjni= false
06-24 15:34:05.949 D/HwNetworkManagementService(  657): code == CODE_GET_AD_KEY_LIST
06-24 15:34:05.949 D/HwNetworkManagementService(  657): appName = com.excelliance.dualaid  is not in the mAdViewMap! reply none
06-24 15:34:05.949 D/HwNetworkManagementService(  657): appName = com.excelliance.dualaid  is not in the mAdIdMap! reply none
06-24 15:34:05.952 D/ActivityThread(12676): add activity client record, r= ActivityRecord{cbe2ddc token=android.os.BinderProxy@d13fa03 {com.excelliance.dualaid/com.excelliance.kxqp.ui.HelloActivity}} token= android.os.BinderProxy@d13fa03
06-24 15:34:05.953 V/WindowManager(  657): No longer Stopped: AppWindowToken{14dbd08 token=Token{77192ab ActivityRecord{57c7cfa u0 com.excelliance.dualaid/com.excelliance.kxqp.swipe.NavActivity2 t16019}}}
06-24 15:34:05.953 D/ActivityThread(12701): ActivityThread,attachApplication
06-24 15:34:05.953 V/WindowManager(  657): No longer Stopped: AppWindowToken{14dbd08 token=Token{77192ab ActivityRecord{57c7cfa u0 com.excelliance.dualaid/com.excelliance.kxqp.swipe.NavActivity2 t16019}}}
06-24 15:34:05.958 V/WindowManager(  657): Checking 1 opening apps (frozen=false timeout=false)...
06-24 15:34:05.958 V/WindowManager(  657): Check opening app=AppWindowToken{14dbd08 token=Token{77192ab ActivityRecord{57c7cfa u0 com.excelliance.dualaid/com.excelliance.kxqp.swipe.NavActivity2 t16019}}}: allDrawn=false startingDisplayed=false startingMoved=false isRelaunching()=false
06-24 15:34:05.959 D/ActivityManager(  657): ActivityManagerService,attachApplication,callingPid = 12701
06-24 15:34:05.959 D/HwCust  (12676): Create obj success use class android.app.HwCustActivityImpl
06-24 15:34:05.960 D/HwCust  (12676): Create obj success use class android.app.HwCustHwWallpaperManagerImpl
06-24 15:34:05.962 V/ActivityThread(12676): ActivityThread,callActivityOnCreate
06-24 15:34:05.964 W//system/bin/hwservicemanager(  416): Cannot open /odm/manifest.xml
06-24 15:34:05.968 D/NavActivity2(12676): onCreate
06-24 15:34:05.970 W/X509TrustManager(12676): checkServerTrusted: SignatureException:null
06-24 15:34:05.970 W/X509TrustManager(12676): checkServerTrusted: SignatureException:error:04000073:RSA routines:OPENSSL_internal:DATA_TOO_LARGE_FOR_MODULUS
06-24 15:34:05.974 W/Utils   (12676): Utils_isSuperResolutionSupport [load libai_client.so failed]
06-24 15:34:05.975 D/CubicBezierInterpolator(12676): CubicBezierInterpolator  mControlPoint1x = 0.23, mControlPoint1y = 0.06, mControlPoint2x = 0.09, mControlPoint2y = 0.97
06-24 15:34:05.975 D/CubicBezierInterpolator(12676): CubicBezierInterpolator  mControlPoint1x = 0.6, mControlPoint1y = 0.9, mControlPoint2x = 0.8, mControlPoint2y = 1.0
06-24 15:34:05.976 D/CubicBezierInterpolator(12676): CubicBezierInterpolator  mControlPoint1x = 0.23, mControlPoint1y = 0.06, mControlPoint2x = 0.09, mControlPoint2y = 0.97
06-24 15:34:05.976 D/CubicBezierInterpolator(12676): CubicBezierInterpolator  mControlPoint1x = 0.6, mControlPoint1y = 0.9, mControlPoint2x = 0.8, mControlPoint2y = 1.0
06-24 15:34:05.976 D/PMS11422(  657): package:com.excelliance.dualaid, input flags:128, output hwFlags:0
06-24 15:34:05.976 D/CubicBezierInterpolator(12676): CubicBezierInterpolator  mControlPoint1x = 0.23, mControlPoint1y = 0.06, mControlPoint2x = 0.09, mControlPoint2y = 0.97
06-24 15:34:05.976 D/CubicBezierInterpolator(12676): CubicBezierInterpolator  mControlPoint1x = 0.6, mControlPoint1y = 0.9, mControlPoint2x = 0.8, mControlPoint2y = 1.0
06-24 15:34:05.976 D/HwFLClassLoader(12701): get used feature list :/feature/used-list failed!
06-24 15:34:05.976 D/CubicBezierInterpolator(12676): CubicBezierInterpolator  mControlPoint1x = 0.23, mControlPoint1y = 0.06, mControlPoint2x = 0.09, mControlPoint2y = 0.97
06-24 15:34:05.976 D/HwFLClassLoader(12701): USE_FEATURE_LIST had not init! 
06-24 15:34:05.976 D/CubicBezierInterpolator(12676): CubicBezierInterpolator  mControlPoint1x = 0.6, mControlPoint1y = 0.9, mControlPoint2x = 0.8, mControlPoint2y = 1.0
06-24 15:34:05.980 W//system/bin/hwservicemanager(  416): Cannot open /odm/manifest.xml
06-24 15:34:05.981 I/GRALLOC (  679): 	 shrFd=10,fmt=0x1,intFmt=0x1,btStrd=256,size=4096,pid=679 
06-24 15:34:05.981 I/GRALLOC (  679): 	 yuv=2,w=16,h=16,Stride u=0 v=0,offset u=0 v=0 
06-24 15:34:05.981 I/GRALLOC (  679): 	 iova_size=4096,conUsg=0x100,proUsg=0x100,	 strd=64,[afbc]HdrStrd=0 PyldStrd=0 Scrmbl=0,ionhnd = 1 
06-24 15:34:05.986 D/HwRTBlurUtils(12676): check blur style for HwPhoneWindow-, themeResId : 0x7f0e000a, context : com.excelliance.kxqp.swipe.NavActivity2@794246b, Nhwext : 0, get Blur : disable with , null
06-24 15:34:05.986 D/HwRTBlurUtils(12676): check blur style for HwPhoneWindow-, themeResId : 0x7f0e000a, context : com.excelliance.kxqp.swipe.NavActivity2@794246b, Nhwext : 0, get Blur : disable with , null
06-24 15:34:05.986 E/test    (12676): hw notch screen flag api error
06-24 15:34:05.988 D/ActivityThread(12676): add activity client record, r= ActivityRecord{414755e token=android.os.BinderProxy@31abee5 {com.excelliance.dualaid/com.excelliance.kxqp.swipe.NavActivity2}} token= android.os.BinderProxy@31abee5
06-24 15:34:05.989 E/ViewUtils(12676): setBgColor: view==null:top
06-24 15:34:05.991 D/PMS11422(  657): package:com.excelliance.dualaid, input flags:128, output hwFlags:0
06-24 15:34:05.997 D/OpenGLRenderer(12676):   HWUI Binary is  enabled
06-24 15:34:05.997 D/SurfaceFlinger(  710): SurfaceFlinger: getDisplayConfigs--3.000000, 1080, 1920
06-24 15:34:05.997 I/chatty  (  710): uid=1000(system) Binder:710_5 identical 1 line
06-24 15:34:05.997 D/SurfaceFlinger(  710): SurfaceFlinger: getDisplayConfigs--3.000000, 1080, 1920
06-24 15:34:05.998 D/OpenGLRenderer(12676): HWUI GL Pipeline
06-24 15:34:05.998 D/PMS11422(  657): package:com.excelliance.dualaid, input flags:128, output hwFlags:0
06-24 15:34:06.000 V/WindowManager(  657): Adding Window{1fae77f u0 com.excelliance.dualaid/com.excelliance.kxqp.swipe.NavActivity2} to AppWindowToken{14dbd08 token=Token{77192ab ActivityRecord{57c7cfa u0 com.excelliance.dualaid/com.excelliance.kxqp.swipe.NavActivity2 t16019}}}
06-24 15:34:06.001 V/WindowManager(  657): addWindow: New client android.os.BinderProxy@3bd909e: window=Window{1fae77f u0 com.excelliance.dualaid/com.excelliance.kxqp.swipe.NavActivity2} Callers=com.android.server.wm.HwWindowManagerService.addWindow:562 com.android.server.wm.Session.addToDisplay:199 android.view.IWindowSession$Stub.onTransact:124 com.android.server.wm.Session.onTransact:161 android.os.Binder.execTransact:675 
06-24 15:34:06.002 D/PMS11422(  657): package:com.excelliance.dualaid, input flags:128, output hwFlags:0
06-24 15:34:06.004 D/HttpUtils(12676): getResponseCode():200
06-24 15:34:06.005 D/WHEG    (12676): {"status":"0","controls":"","skip":"0"}
06-24 15:34:06.007 D/PMS11422(  657): package:com.excelliance.dualaid, input flags:128, output hwFlags:0
06-24 15:34:06.013 D/HwGalleryCacheManagerImpl(12676): mIsEffect:false
06-24 15:34:06.014 V/WindowManager(  657): Checking 1 opening apps (frozen=false timeout=false)...
06-24 15:34:06.014 V/WindowManager(  657): Check opening app=AppWindowToken{14dbd08 token=Token{77192ab ActivityRecord{57c7cfa u0 com.excelliance.dualaid/com.excelliance.kxqp.swipe.NavActivity2 t16019}}}: allDrawn=false startingDisplayed=false startingMoved=false isRelaunching()=false
06-24 15:34:06.014 D/PMS11422(  657): package:com.excelliance.dualaid, input flags:128, output hwFlags:0
06-24 15:34:06.057 D/HwRecentsLockUtils( 1513): Search
06-24 15:34:06.057 E/HsmCoreServiceImpl( 1478): onTransact in code is: 103
06-24 15:34:06.057 I/MediaProcessHandler( 1478): playingUids: 
06-24 15:34:06.058 D/ActivityManager(  657): Skipping, home or recents stack task: TaskRecord{333215f #15658 A=com.huawei.android.launcher U=0 StackId=0 sz=1}
06-24 15:34:06.058 D/ActivityManager(  657): Skipping intent:act=android.intent.action.MAIN cat=[android.intent.category.LAUNCHER] flg=0x10a00000 cmp=io.appium.settings/.Settings
06-24 15:34:06.058 D/ActivityManager(  657): Skipping intent:flg=0x10804000 cmp=com.android.systemui/.recents.RecentsActivity bnds=[48,928][1032,2296]
06-24 15:34:06.058 D/ActivityManager(  657): Skipping intent:flg=0x18800000 cmp=com.tencent.mm/.plugin.base.stub.WXPayEntryActivity
06-24 15:34:06.058 D/ActivityManager(  657): Skipping intent:flg=0x10800000 cmp=com.huawei.systemmanager/com.huawei.permissionmanager.ui.MainActivity
06-24 15:34:06.058 D/ActivityManager(  657): Skipping intent:flg=0x18800000 cmp=com.tencent.mm/.plugin.base.stub.WXEntryActivity
06-24 15:34:06.058 D/ActivityManager(  657): Skipping intent:act=com.huawei.action.VOICE_ASSISTANT flg=0x10800000 pkg=com.huawei.vassistant cmp=com.huawei.vassistant/.ui.main.VAssistantActivity
06-24 15:34:06.058 D/ActivityManager(  657): Skipping intent:act=com.huawei.android.launcher.action.ACCESS_SPLIT_SCREEN_APP cat=[android.intent.category.DEFAULT] flg=0x10804000 cmp=com.huawei.android.launcher/.splitscreen.SplitScreenAppActivity
06-24 15:34:06.058 D/ActivityManager(  657): Skipping intent:flg=0x10800000 pkg=com.excelliance.dualaid.b64 cmp=com.excelliance.dualaid.b64/com.excelliance.kxqp.sdk.PermissionRequestActivity
06-24 15:34:06.058 D/ActivityManager(  657): Skipping intent:act=android.intent.action.VIEW dat=content://com.excelliance.dualaid.fileProvider/external_storage_root/Download/apk/Multiple_64.apk typ=application/vnd.android.package-archive flg=0x10800001 cmp=com.android.packageinstaller/.InstallStart
06-24 15:34:06.058 D/ActivityManager(  657): Skipping intent:flg=0x10800000 cmp=com.android.systemui/.usb.HwUsbDebuggingActivity
06-24 15:34:06.058 D/ActivityManager(  657): Skipping intent:act=android.deviceinfo.chooser.action.LAUNCH flg=0x10800000 hwFlg=0x100 pkg=com.android.settings cmp=com.android.settings/.deviceinfo.UsbConnModeChooserActivity
06-24 15:34:06.058 D/ActivityManager(  657): Skipping intent:flg=0x10800000 cmp=com.zol.android/.push.KeepLiveActivity
06-24 15:34:06.058 D/ActivityManager(  657): Skipping intent:act=android.intent.action.MAIN cat=[android.intent.category.HOME] flg=0x10800300 cmp=com.android.settings/.FallbackHome
06-24 15:34:06.079 I/zygote  (12701): Compiler allocated 4MB to compile boolean com.excelliance.kxqp.KXQPApplication.b(int)
06-24 15:34:06.087 D/MainActivity(12676): instantiateItem: 2	android.widget.RelativeLayout{d00e2b1 V.E...... ......I. 0,0-0,0}
06-24 15:34:06.088 D/MainActivity(12676): initPage3: 
06-24 15:34:06.091 V/WindowManager(  657): Checking 1 opening apps (frozen=false timeout=false)...
06-24 15:34:06.091 V/WindowManager(  657): Check opening app=AppWindowToken{14dbd08 token=Token{77192ab ActivityRecord{57c7cfa u0 com.excelliance.dualaid/com.excelliance.kxqp.swipe.NavActivity2 t16019}}}: allDrawn=false startingDisplayed=false startingMoved=false isRelaunching()=false
06-24 15:34:06.093 V/HwPhoneWindowManager(  657): updateSystemUiColorLw window=Window{1fae77f u0 com.excelliance.dualaid/com.excelliance.kxqp.swipe.NavActivity2},EmuiStyle=0,StatusBarColor=0xff000000,NavigationBarColor=0xff000000, mLastIsEmuiLightStyle=-1
06-24 15:34:06.094 D/HwPhoneWindowManager(  657): Transact:setSystemUIColor to status bar service
06-24 15:34:06.094 I/CommandQueue( 1513): updateBarBgColor
06-24 15:34:06.094 D/CommandQueue( 1513): CommandQueue, setBarBackgroundColor
06-24 15:34:06.095 V/WindowManager(  657): Checking 1 opening apps (frozen=false timeout=false)...
06-24 15:34:06.095 V/WindowManager(  657): Check opening app=AppWindowToken{14dbd08 token=Token{77192ab ActivityRecord{57c7cfa u0 com.excelliance.dualaid/com.excelliance.kxqp.swipe.NavActivity2 t16019}}}: allDrawn=false startingDisplayed=false startingMoved=false isRelaunching()=false
06-24 15:34:06.098 D/MainActivity(12676): run: initPage3
06-24 15:34:06.098 V/MainActivity(12676): onWindowFocusChanged: true
06-24 15:34:06.099 I/GRALLOC (  679): 	 shrFd=10,fmt=0x1,intFmt=0x200000001,btStrd=4352,size=8486912,pid=679 
06-24 15:34:06.099 I/GRALLOC (  679): 	 yuv=2,w=1080,h=1920,Stride u=0 v=0,offset u=0 v=0 
06-24 15:34:06.099 I/GRALLOC (  679): 	 iova_size=8486912,conUsg=0x900,proUsg=0x900,	 strd=1088,[afbc]HdrStrd=1088 PyldStrd=69632 Scrmbl=2,ionhnd = 1 
06-24 15:34:06.099 D/TintManager( 1513): statusBarIconTint=#99FFFFFF,navigationBarIconTint=#FF000000
06-24 15:34:06.099 W/InputMethodManager(12676): startInputReason = 1
06-24 15:34:06.099 D/BarTransitions.HwPhoneStatusBarView( 1513): MODE_TRANSPARENT -> MODE_TRANSLUCENT animate=false
06-24 15:34:06.099 D/BarTransitions.HwPhoneStatusBarView( 1513): applyModeBackground oldMode=MODE_TRANSPARENT newMode=MODE_TRANSLUCENT animate=false
06-24 15:34:06.100 I/OpenGLRenderer(12676): Initialized EGL, version 1.4
06-24 15:34:06.100 D/OpenGLRenderer(12676): Swap behavior 2
06-24 15:34:06.101 I/GRALLOC (  679): 	 shrFd=10,fmt=0x1,intFmt=0x200000001,btStrd=4352,size=8486912,pid=679 
06-24 15:34:06.101 I/GRALLOC (  679): 	 yuv=2,w=1080,h=1920,Stride u=0 v=0,offset u=0 v=0 
06-24 15:34:06.101 I/GRALLOC (  679): 	 iova_size=8486912,conUsg=0x900,proUsg=0x900,	 strd=1088,[afbc]HdrStrd=1088 PyldStrd=69632 Scrmbl=2,ionhnd = 1 
06-24 15:34:06.104 W/InputMethodManager(12676): startInputReason = 5
06-24 15:34:06.104 I/GRALLOC (  679): 	 shrFd=10,fmt=0x1,intFmt=0x200000001,btStrd=4352,size=8486912,pid=679 
06-24 15:34:06.104 I/GRALLOC (  679): 	 yuv=2,w=1080,h=1920,Stride u=0 v=0,offset u=0 v=0 
06-24 15:34:06.104 I/GRALLOC (  679): 	 iova_size=8486912,conUsg=0x900,proUsg=0x900,	 strd=1088,[afbc]HdrStrd=1088 PyldStrd=69632 Scrmbl=2,ionhnd = 1 
06-24 15:34:06.106 I/wangchen( 7035): SysInfo.getSysParam: orientation=1||config d=3.0,w=1080,h=1920||metrics d=3.0,w=1080,h=1920||sdk=26,bar_h=72
06-24 15:34:06.106 I/KeymapLoader( 7035): w=1080 h=1920 ori=true appScale=3.3 s1=3.0
06-24 15:34:06.106 D/mali_winsys(12676): EGLint new_window_surface(egl_winsys_display *, void *, EGLSurface, EGLConfig, egl_winsys_surface **, egl_color_buffer_format *, EGLBoolean) returns 0x3000
06-24 15:34:06.107 E/vndksupport(12676): Could not load vendor/lib/egl/libGLES_mali_v2.so from sphal namespace: dlopen failed: library "vendor/lib/egl/libGLES_mali_v2.so" not found.
06-24 15:34:06.109 D/PMS11422(  657): package:com.excelliance.dualaid, input flags:128, output hwFlags:0
06-24 15:34:06.116 D/StatusBarIconController( 1513): setIconVisibility icon is null or visibility not change visibility=false
06-24 15:34:06.125 I/GRALLOC (  679): 	 shrFd=10,fmt=0x1,intFmt=0x200000001,btStrd=4352,size=8486912,pid=679 
06-24 15:34:06.125 I/GRALLOC (  679): 	 yuv=2,w=1080,h=1920,Stride u=0 v=0,offset u=0 v=0 
06-24 15:34:06.125 I/GRALLOC (  679): 	 iova_size=8486912,conUsg=0xb00,proUsg=0xb00,	 strd=1088,[afbc]HdrStrd=1088 PyldStrd=69632 Scrmbl=2,ionhnd = 1 
06-24 15:34:06.132 D/WindowManager(  657): finishDrawingWindow: Window{1fae77f u0 com.excelliance.dualaid/com.excelliance.kxqp.swipe.NavActivity2} mDrawState=DRAW_PENDING
06-24 15:34:06.134 V/WindowManager(  657): Checking 1 opening apps (frozen=false timeout=false)...
06-24 15:34:06.134 V/WindowManager(  657): Check opening app=AppWindowToken{14dbd08 token=Token{77192ab ActivityRecord{57c7cfa u0 com.excelliance.dualaid/com.excelliance.kxqp.swipe.NavActivity2 t16019}}}: allDrawn=true startingDisplayed=false startingMoved=false isRelaunching()=false
06-24 15:34:06.137 D/ImageWallpaper( 1513): onVisibilityChanged: mVisible, visible=true, false
06-24 15:34:06.137 D/ImageWallpaper( 1513): Visibility changed to visible=false
06-24 15:34:06.137 D/BarTransitions.HwPhoneStatusBarView( 1513): MODE_TRANSLUCENT -> MODE_TRANSPARENT animate=false
06-24 15:34:06.137 D/BarTransitions.HwPhoneStatusBarView( 1513): applyModeBackground oldMode=MODE_TRANSLUCENT newMode=MODE_TRANSPARENT animate=false
06-24 15:34:06.139 I/ActivityManager(  657): Displayed com.excelliance.dualaid/com.excelliance.kxqp.swipe.NavActivity2: +182ms (total +3s951ms)
06-24 15:34:06.144 W/dex2oat (12742): Using default instruction set features for ARM CPU variant (default) using conservative defaults
06-24 15:34:06.145 I/dex2oat (12742): /system/bin/dex2oat -j4 --dex-file=/data/data/com.excelliance.dualaid/.platformcache/main.jar --output-vdex-fd=49 --oat-fd=51 --oat-location=/data/data/com.excelliance.dualaid/.platformcache/oat/arm/main.odex --compiler-filter=quicken
06-24 15:34:06.145 I/cutils-trace(12742): atrace_init_once, trace_marker_path = /sys/kernel/debug/tracing/trace_marker
06-24 15:34:06.147 E/BufferQueueProducer(  710): [com.huawei.android.launcher/com.huawei.android.launcher.unihome.UniHomeLauncher#0] disconnect: not connected (req=1)
06-24 15:34:06.147 W/libEGL  ( 2519): EGLNativeWindowType 0x748dc4c010 disconnect failed
06-24 15:34:06.147 I/WindowManager(  657): notifyAccessibilityButtonVisibilityChanged visible:false
06-24 15:34:06.168 V/WindowManager(  657): notifyAppStopped: AppWindowToken{d3a938b token=Token{377755a ActivityRecord{d5c9105 u0 com.huawei.android.launcher/.unihome.UniHomeLauncher t15658}}}
06-24 15:34:06.168 E/WindowManager(  657): win=Window{68d6975 u0 com.huawei.android.launcher/com.huawei.android.launcher.unihome.UniHomeLauncher} destroySurfaces: appStopped=true win.mWindowRemovalAllowed=false win.mRemoveOnExit=false
06-24 15:34:06.168 I/WindowManager(  657): Destroying surface Surface(name=com.huawei.android.launcher/com.huawei.android.launcher.unihome.UniHomeLauncher) called by com.android.server.wm.WindowStateAnimator.destroySurface:2060 com.android.server.wm.WindowStateAnimator.destroySurfaceLocked:873 com.android.server.wm.HwWindowStateAnimator.destroySurfaceLocked:1006 com.android.server.wm.WindowState.destroyOrSaveSurfaceUnchecked:2990 com.android.server.wm.WindowState.destroySurface:2951 com.android.server.wm.AppWindowToken.destroySurfaces:654 com.android.server.wm.AppWindowToken.destroySurfaces:638 com.android.server.wm.AppWindowToken.notifyAppStopped:682 
06-24 15:34:06.169 D/ActivityThread(12676): Remove activity client record, r= ActivityRecord{cbe2ddc token=android.os.BinderProxy@d13fa03 {com.excelliance.dualaid/com.excelliance.kxqp.ui.HelloActivity}} token= android.os.BinderProxy@d13fa03
06-24 15:34:06.170 V/WindowManager(  657): removeAppToken: AppWindowToken{9b1dff0 token=Token{ca65033 ActivityRecord{48f1ba2 u0 com.excelliance.dualaid/com.excelliance.kxqp.ui.HelloActivity t16019}}} delayed=false Callers=com.android.server.wm.DisplayContent.removeAppToken:985 com.android.server.wm.AppWindowContainerController.removeContainer:348 com.android.server.am.ActivityRecord.removeWindowContainer:1039 com.android.server.am.ActivityStack.removeActivityFromHistoryLocked:4491 
06-24 15:34:06.171 D/HwGameAssistantController(  657): pid=2519, uid=10056, foreground=false
06-24 15:34:06.172 W/AwareLog(  657): SchedLevelBoost: onFgActivitiesChanged config not set!
06-24 15:34:06.172 W/ActivityManager(  657): Sending non-protected broadcast huawei.action.floattasks.STATUS_BAR_STATE_CHANGED from system 1513:com.android.systemui/u0a39 pkg com.android.systemui
06-24 15:34:06.172 W/HwKeyguardDragHelper( 1513): AnimationBlocked
06-24 15:34:06.172 D/BarTransitions.HwPhoneStatusBarView( 1513): MODE_TRANSPARENT -> MODE_TRANSLUCENT animate=false
