06-24 16:39:28.640 W/ResourceType( 2519): No known package when getting name for resource number 0x9c010304
06-24 16:39:28.648 I/appium  (24379): Skipping invisible child: android.view.accessibility.AccessibilityNodeInfo@9418; boundsInParent: Rect(0, 0 - 1080, 1580); boundsInScreen: Rect(0, 0 - -1080, 1532); packageName: com.huawei.android.launcher; className: android.view.ViewGroup; text: null; error: null; maxTextLength: -1; contentDescription: null; viewIdResName: com.huawei.android.launcher:id/workspace_screen; checkable: false; checked: false; focusable: false; focused: false; selected: false; clickable: true; longClickable: true; contextClickable: false; enabled: true; password: false; scrollable: false; importantForAccessibility: true; actions: [AccessibilityAction: ACTION_SELECT - null, AccessibilityAction: ACTION_CLEAR_SELECTION - null, AccessibilityAction: ACTION_CLICK - null, AccessibilityAction: ACTION_LONG_CLICK - null, AccessibilityAction: ACTION_ACCESSIBILITY_FOCUS - null, AccessibilityAction: ACTION_SHOW_ON_SCREEN - null]
06-24 16:39:28.649 I/appium  (24379): Skipping invisible child: android.view.accessibility.AccessibilityNodeInfo@97d9; boundsInParent: Rect(0, 0 - 1080, 1580); boundsInScreen: Rect(0, 0 - 0, 1532); packageName: com.huawei.android.launcher; className: android.view.ViewGroup; text: null; error: null; maxTextLength: -1; contentDescription: null; viewIdResName: com.huawei.android.launcher:id/workspace_screen; checkable: false; checked: false; focusable: false; focused: false; selected: false; clickable: true; longClickable: true; contextClickable: false; enabled: true; password: false; scrollable: false; importantForAccessibility: true; actions: [AccessibilityAction: ACTION_SELECT - null, AccessibilityAction: ACTION_CLEAR_SELECTION - null, AccessibilityAction: ACTION_CLICK - null, AccessibilityAction: ACTION_LONG_CLICK - null, AccessibilityAction: ACTION_ACCESSIBILITY_FOCUS - null, AccessibilityAction: ACTION_SHOW_ON_SCREEN - null]
06-24 16:39:28.653 I/appium  (24379): Skipping invisible child: android.view.accessibility.AccessibilityNodeInfo@14fca; boundsInParent: Rect(0, 0 - 93, 93); boundsInScreen: Rect(495, 0 - 584, 76); packageName: com.huawei.android.launcher; className: android.widget.ImageView; text: null; error: null; maxTextLength: -1; contentDescription: 设置默认主屏幕; viewIdResName: com.huawei.android.launcher:id/default_screen_home_icon; checkable: false; checked: false; focusable: true; focused: false; selected: false; clickable: true; longClickable: false; contextClickable: false; enabled: true; password: false; scrollable: false; importantForAccessibility: true; actions: [AccessibilityAction: ACTION_FOCUS - null, AccessibilityAction: ACTION_SELECT - null, AccessibilityAction: ACTION_CLEAR_SELECTION - null, AccessibilityAction: ACTION_CLICK - null, AccessibilityAction: ACTION_ACCESSIBILITY_FOCUS - null, AccessibilityAction: ACTION_NEXT_AT_MOVEMENT_GRANULARITY - null, AccessibilityAction: ACTION_PREVIOUS_AT_MOVEMENT_GRANULARITY - null, AccessibilityAction: ACTION_SET_SELECTION - null, AccessibilityAction: ACTION_SHOW_ON_SCREEN - null]
06-24 16:39:28.656 I/appium  (24379): Skipping invisible child: android.view.accessibility.AccessibilityNodeInfo@1538b; boundsInParent: Rect(0, 0 - 93, 93); boundsInScreen: Rect(493, 0 - 586, 78); packageName: com.huawei.android.launcher; className: android.widget.ImageView; text: null; error: null; maxTextLength: -1; contentDescription: 设置默认主屏幕; viewIdResName: com.huawei.android.launcher:id/default_screen_home_icon_bg; checkable: false; checked: false; focusable: true; focused: false; selected: false; clickable: true; longClickable: false; contextClickable: false; enabled: true; password: false; scrollable: false; importantForAccessibility: true; actions: [AccessibilityAction: ACTION_FOCUS - null, AccessibilityAction: ACTION_SELECT - null, AccessibilityAction: ACTION_CLEAR_SELECTION - null, AccessibilityAction: ACTION_CLICK - null, AccessibilityAction: ACTION_ACCESSIBILITY_FOCUS - null, AccessibilityAction: ACTION_NEXT_AT_MOVEMENT_GRANULARITY - null, AccessibilityAction: ACTION_PREVIOUS_AT_MOVEMENT_GRANULARITY - null, AccessibilityAction: ACTION_SET_SELECTION - null, AccessibilityAction: ACTION_SHOW_ON_SCREEN - null]
06-24 16:39:28.658 W/ResourceType( 2519): No known package when getting name for resource number 0x9c030000
06-24 16:39:28.662 W/ResourceType( 2519): No known package when getting name for resource number 0x9c030100
06-24 16:39:28.665 W/ResourceType( 2519): No known package when getting name for resource number 0x9c030200
06-24 16:39:28.669 W/ResourceType( 2519): No known package when getting name for resource number 0x9c030300
06-24 16:39:28.673 W/ResourceType( 2519): No known package when getting name for resource number 0x9c030001
06-24 16:39:28.676 W/ResourceType( 2519): No known package when getting name for resource number 0x9c030101
06-24 16:39:28.680 W/ResourceType( 2519): No known package when getting name for resource number 0x9c030201
06-24 16:39:28.684 W/ResourceType( 2519): No known package when getting name for resource number 0x9c030301
06-24 16:39:28.688 W/ResourceType( 2519): No known package when getting name for resource number 0x9c030002
06-24 16:39:28.692 W/ResourceType( 2519): No known package when getting name for resource number 0x9c030102
06-24 16:39:28.696 W/ResourceType( 2519): No known package when getting name for resource number 0x9c030202
06-24 16:39:28.699 W/ResourceType( 2519): No known package when getting name for resource number 0x9c030302
06-24 16:39:28.703 W/ResourceType( 2519): No known package when getting name for resource number 0x9c030003
06-24 16:39:28.707 W/ResourceType( 2519): No known package when getting name for resource number 0x9c030103
06-24 16:39:28.711 W/ResourceType( 2519): No known package when getting name for resource number 0x9c030203
06-24 16:39:28.714 W/ResourceType( 2519): No known package when getting name for resource number 0x9c030303
06-24 16:39:28.718 W/ResourceType( 2519): No known package when getting name for resource number 0x9c030004
06-24 16:39:28.722 W/ResourceType( 2519): No known package when getting name for resource number 0x9c030104
06-24 16:39:28.726 W/ResourceType( 2519): No known package when getting name for resource number 0x9c030204
06-24 16:39:28.728 I/appium  (24379): Skipping invisible child: android.view.accessibility.AccessibilityNodeInfo@9f5b; boundsInParent: Rect(0, 0 - 1080, 1580); boundsInScreen: Rect(1080, 0 - 1080, 1532); packageName: com.huawei.android.launcher; className: android.view.ViewGroup; text: null; error: null; maxTextLength: -1; contentDescription: null; viewIdResName: com.huawei.android.launcher:id/workspace_screen; checkable: false; checked: false; focusable: false; focused: false; selected: false; clickable: true; longClickable: true; contextClickable: false; enabled: true; password: false; scrollable: false; importantForAccessibility: true; actions: [AccessibilityAction: ACTION_SELECT - null, AccessibilityAction: ACTION_CLEAR_SELECTION - null, AccessibilityAction: ACTION_CLICK - null, AccessibilityAction: ACTION_LONG_CLICK - null, AccessibilityAction: ACTION_ACCESSIBILITY_FOCUS - null, AccessibilityAction: ACTION_SHOW_ON_SCREEN - null]
06-24 16:39:28.731 W/ResourceType( 2519): No known package when getting name for resource number 0x9b000000
06-24 16:39:28.732 W/ResourceType( 2519): No known package when getting name for resource number 0x9b010100
06-24 16:39:28.732 W/ResourceType( 2519): No known package when getting name for resource number 0x9b020200
06-24 16:39:28.732 W/ResourceType( 2519): No known package when getting name for resource number 0x9b030300
06-24 16:39:28.733 W/ResourceType( 2519): No known package when getting name for resource number 0x9b040400
06-24 16:39:28.739 I/appium  (24379): Fetch time: 94ms
06-24 16:39:28.773 I/NetworkSpeedManagerEx( 1513): mIsStop = false
06-24 16:39:28.773 I/appium  (24379): AppiumResponse: {"sessionId":"12d3f873-0ea4-4775-928a-9964d13dcd6c","status":0,"value":"<?xml version=\"1.0\" encoding=\"UTF-8\"?><hierarchy rotation=\"0\"><android.widget.FrameLayout index=\"0\" text=\"\" class=\"android.widget.FrameLayout\" package=\"com.huawei.android.launcher\" content-desc=\"\" checkable=\"false\" checked=\"false\" clickable=\"false\" enabled=\"true\" focusable=\"false\" focused=\"false\" scrollable=\"false\" long-clickable=\"false\" password=\"false\" selected=\"false\" bounds=\"[0,0][1080,1920]\" resource-id=\"\" instance=\"0\"><android.widget.LinearLayout index=\"0\" text=\"\" class=\"android.widget.LinearLayout\" package=\"com.huawei.android.launcher\" content-desc=\"\" checkable=\"false\" checked=\"false\" clickable=\"false\" enabled=\"true\" focusable=\"false\" focused=\"false\" scrollable=\"false\" long-clickable=\"false\" password=\"false\" selected=\"false\" bounds=\"[0,0][1080,1920]\" resource-id=\"\" instance=\"0\"><android.widget.FrameLayout index=\"0\" text=\"\" class=\"android.widget.FrameLayout\" package=\"com.huawei.android.launcher\" content-desc=\"\" checkable=\"false\" checked=\"false\" clickable=\"false\" enabled=\"true\" focusable=\"false\" focused=\"false\" scrollable=\"false\" long-clickable=\"false\" password=\"false\" selected=\"false\" bounds=\"[0,0][1080,1920]\" resource-id=\"android:id\/content\" instance=\"1\"><android.widget.FrameLayout index=\"0\" text=\"\" class=\"android.widget.FrameLayout\" package=\"com.huawei.android.launcher\" content-desc=\"\" checkable=\"false\" checked=\"false\" clickable=\"false\" enabled=\"true\" focusable=\"false\" focused=\"false\" scrollable=\"false\" long-clickable=\"false\" password=\"false\" selected=\"false\" bounds=\"[0,0][1080,1920]\" resource-id=\"com.huawei.android.launcher:id\/drag_layer\" instance=\"2\"><android.view.ViewGroup index=\"0\" text=\"\" class=\"android.view.ViewGroup\" package=\"com.huawei.android.launcher\" content-desc=\"第 3 屏，共 4 屏\" checkable=\"false\" checked=\"false\" clickable=\"false\" enabled=\"true\" focusable=\"false\" focused=\"false\" scrollable=\"true\" long-clickable=\"false\" password=\"false\" selected=\"false\" bounds=\"[0,0][1080,1920]\" resource-id=\"com.huawei.android.launcher:id\/workspace\" instance=\"0\"><android.view.ViewGroup index=\"2\" text=\"\" class=\"android.view.ViewGroup\" package=\"com.huawei.android.launcher\" content-desc=\"\" checkable=\"false\" checked=\"false\" clickable=\"true\" enabled=\"true\" focusable=\"false\" focused=\"false\" scrollable=\"false\" long-clickable=\"true\" password=\"false\" selected=\"false\" bounds=\"[0,0][1080,1532]\" resource-id=\"com.huawei.android.launcher:id\/workspace_screen\" instance=\"1\"><android.widget.FrameLayout index=\"0\" text=\"\" class=\"android.widget.FrameLayout\" package=\"com.huawei.android.launcher\" content-desc=\"\" checkable=\"false\" checked=\"false\" clickable=\"false\" enabled=\"true\" focusable=\"false\" focused=\"false\" scrollable=\"false\" long-clickable=\"false\" password=\"false\" selected=\"false\" bounds=\"[12,0][1068,1514]\" resource-id=\"\" instance=\"3\"\/><android.view.ViewGroup index=\"1\" text=\"\" class=\"android.view.ViewGroup\" package=\"com.huawei.android.launcher\" content-desc=\"\" checkable=\"false\" checked=\"false\" clickable=\"false\" enabled=\"true\" focusable=\"false\" focused=\"false\" scrollable=\"false\" long-clickable=\"false\" password=\"false\" selected=\"false\" bounds=\"[12,0][1068,1514]\" resource-id=\"\" instance=\"2\"><android.widget.TextView index=\"0\" text=\"iTest\" class=\"android.widget.TextView\" package=\"com.huawei.android.launcher\" content-desc=\"\" checkable=\"false\" checked=\"false\" clickable=\"true\" enabled=\"true\" focusable=\"true\" focused=\"false\" scrollable=\"false\" long-clickable=\"true\" password=\"false\" selected=\"false\" bounds=\"[12,84][276,370]\" resource-id=\"\" instance=\"0\"\/><android.widget.TextView index=\"1\" text=\"WhatsApp\" class=\"android.widget.TextView\" package=\"com.huawei.android.launcher\" content-
06-24 16:39:28.773 I/NetworkSpeedManagerEx( 1513):  runInThread getTetherStats
06-24 16:39:28.774 I/NetworkSpeedManagerEx( 1513):  runInUI refreshSpeed
06-24 16:39:28.776 I/NetworkSpeedManagerEx( 1513): value=24.0speed = 24
06-24 16:39:28.776 I/NetworkSpeedManagerEx( 1513): B/smIsShowLastSpeedValuefalse
06-24 16:39:28.776 I/NetworkSpeedView( 1513): /update(), speed=24
06-24 16:39:28.776 I/NetworkSpeedView( 1513): B/s parent class:class com.android.systemui.statusbar.HwSystemIcons
06-24 16:39:28.795 I/NetworkSpeedManagerEx( 1513): mIsStop = false
06-24 16:39:28.795 I/NetworkSpeedManagerEx( 1513):  runInThread getTetherStats
06-24 16:39:28.797 I/NetworkSpeedManagerEx( 1513):  runInUI refreshSpeed
06-24 16:39:28.798 I/NetworkSpeedManagerEx( 1513): value=24.0speed = 24
06-24 16:39:28.798 I/NetworkSpeedManagerEx( 1513): B/smIsShowLastSpeedValuefalse
06-24 16:39:28.798 I/NetworkSpeedView( 1513): /update(), speed=24
06-24 16:39:28.798 I/NetworkSpeedView( 1513): B/s parent class:class com.android.systemui.statusbar.HwSystemIcons
06-24 16:39:28.801 I/appium  (24379): channel read invoked!
06-24 16:39:28.801 I/appium  (24379): channel read: GET /wd/hub/session/12d3f873-0ea4-4775-928a-9964d13dcd6c/source
06-24 16:39:29.111 I/ActivityManager(  657): START u0 {act=android.intent.action.MAIN cat=[android.intent.category.LAUNCHER] flg=0x10000000 cmp=com.excelliance.dualaid/com.excelliance.kxqp.ui.HelloActivity} from uid 2000
06-24 16:39:29.116 I/ash     ( 1699): front pkg : com.excelliance.dualaid launcher: false
06-24 16:39:29.116 I/ash     ( 1699): above launcher front pkgs: [com.excelliance.dualaid]
06-24 16:39:29.118 I/ActivityManager(  657): ActivityRecord info: ActivityInfo{fad70dc com.excelliance.kxqp.ui.HelloActivity}
06-24 16:39:29.120 V/WindowManager(  657): addAppToken: AppWindowToken{21cb31c token=Token{171048f ActivityRecord{a94b7ee u0 com.excelliance.dualaid/com.excelliance.kxqp.ui.HelloActivity t16060}}} controller={TaskWindowContainerController taskId=16060} at 2147483647
06-24 16:39:29.121 I/PGServer( 1699): android calls fast hibernateApps
06-24 16:39:29.121 I/AppFastHibernation( 1699): fast hibernate duration: 1500 reason: start activity
06-24 16:39:29.121 I/Pged-IPgedBinderService(  769): ****action is 1, pid num is 7***
06-24 16:39:29.121 I/Pged-Freezer(  769): freezePids
06-24 16:39:29.121 I/Pged-Freezer(  769): Freeze process: 29457
06-24 16:39:29.122 I/Pged-Freezer(  769): Freeze process: 19894
06-24 16:39:29.122 D/PMS1000 (  657): package:com.excelliance.dualaid, input flags:1, output hwFlags:0
06-24 16:39:29.122 I/Pged-Freezer(  769): Freeze process: 29531
06-24 16:39:29.122 I/Pged-Freezer(  769): Freeze process: 14942
06-24 16:39:29.122 I/Pged-Freezer(  769): Freeze process: 15544
06-24 16:39:29.122 I/Pged-Freezer(  769): Freeze process: 24379
06-24 16:39:29.123 D/PgedBinderAdapter( 1699): frz ok, pid: [29457, 19894, 29531, 14942, 15544, 24379]
06-24 16:39:29.124 D/MotionDetectionManager( 2519): stopMotionAppsReco motionApps: 403
06-24 16:39:29.124 D/MotionDetectionManager( 2519): stopMotionAppsReco not recognition motionApps 403
06-24 16:39:29.124 W/HwLauncher( 2519): Launcher.MotionManager stopMotionAppsReco service flg 403 is unavailable
06-24 16:39:29.131 V/ActivityManager(  657): startProcess: name=com.excelliance.dualaid:olle app=null knownToBeDead=true thread=null pid=-1
06-24 16:39:29.131 D/PMS1000 (  657): package:com.excelliance.dualaid, input flags:0, output hwFlags:0
06-24 16:39:29.140 I/ActivityManager(  657): Start proc 3543:com.excelliance.dualaid:olle/u0a1423 for activity com.excelliance.dualaid/com.excelliance.kxqp.ui.HelloActivity
06-24 16:39:29.141 V/WindowManager(  657): No longer Stopped: AppWindowToken{21cb31c token=Token{171048f ActivityRecord{a94b7ee u0 com.excelliance.dualaid/com.excelliance.kxqp.ui.HelloActivity t16060}}}
06-24 16:39:29.142 V/ActivityManager(  657): startProcess: name=com.excelliance.dualaid:olle app=ProcessRecord{872fb25 3543:com.excelliance.dualaid:olle/u0a1423} knownToBeDead=true thread=null pid=3543
06-24 16:39:29.142 I/        ( 3543): power log dlsym ok
06-24 16:39:29.145 I/zygote  ( 3543): Reinit property: dalvik.vm.checkjni= false
06-24 16:39:29.152 D/ActivityThread( 3543): ActivityThread,attachApplication
06-24 16:39:29.153 D/ActivityManager(  657): ActivityManagerService,attachApplication,callingPid = 3543
06-24 16:39:29.155 V/WindowManager(  657): No longer Stopped: AppWindowToken{21cb31c token=Token{171048f ActivityRecord{a94b7ee u0 com.excelliance.dualaid/com.excelliance.kxqp.ui.HelloActivity t16060}}}
06-24 16:39:29.164 V/WindowManager(  657): findFocusedWindow: AppWindowToken{d3a938b token=Token{377755a ActivityRecord{d5c9105 u0 com.huawei.android.launcher/.unihome.UniHomeLauncher t15658}}} below Reached focused app=AppWindowToken{21cb31c token=Token{171048f ActivityRecord{a94b7ee u0 com.excelliance.dualaid/com.excelliance.kxqp.ui.HelloActivity t16060}}}
06-24 16:39:29.165 D/ScenarioService( 1699): front pkg : com.excelliance.dualaid launcher: false
06-24 16:39:29.165 D/ScenarioService( 1699): new above launcher front pkgs: [com.excelliance.dualaid]
06-24 16:39:29.165 I/AppsUsage( 1699): scnOff:false FgAPP:com.excelliance.dualaid BgAPP:com.huawei.android.launcher
06-24 16:39:29.167 V/WindowManager(  657): Checking 1 opening apps (frozen=false timeout=false)...
06-24 16:39:29.167 V/WindowManager(  657): Check opening app=AppWindowToken{21cb31c token=Token{171048f ActivityRecord{a94b7ee u0 com.excelliance.dualaid/com.excelliance.kxqp.ui.HelloActivity t16060}}}: allDrawn=false startingDisplayed=false startingMoved=false isRelaunching()=false
06-24 16:39:29.168 D/HwQoEUtils(  657): mForegroundAppPackageName: com.excelliance.dualaid:olle ,score: 0
06-24 16:39:29.168 D/HwQoEUtils(  657): APP type: -1 appName= com.excelliance.dualaid:olle
06-24 16:39:29.169 D/HwQoEUtils(  657): RealAppName:com.excelliance.dualaid
06-24 16:39:29.169 D/HwQoEUtils(  657): no game, APP_TYPE_GAME, appName =com.excelliance.dualaid:olle
06-24 16:39:29.169 D/HwGameAssistantController(  657): pid=3543, uid=11423, foreground=true
06-24 16:39:29.170 I/HwNetworkPolicy(  657): onTransact, code = 203
06-24 16:39:29.170 I/HwNetworkPolicyManager( 1813): getHwUidPolicy uid = 11423 policy = 0
06-24 16:39:29.171 W//system/bin/hwservicemanager(  416): Cannot open /odm/manifest.xml
06-24 16:39:29.171 W/AwareLog(  657): SchedLevelBoost: onFgActivitiesChanged config not set!
06-24 16:39:29.178 D/EmcomManagerService(  657): forePackage name is com.excelliance.dualaid
06-24 16:39:29.178 D/HicomPolicyManager(  657): foreAppInfo = nullpkgName = com.excelliance.dualaid uid= 11423
06-24 16:39:29.178 E/HicomPolicyManager(  657): udp acc is not start yet!
06-24 16:39:29.178 D/HicomPolicyManager(  657): speed control is not start
06-24 16:39:29.178 E/HicomPolicyManager(  657): Network Evaluation is not start yet!
06-24 16:39:29.178 E/HicomPolicyManager(  657): foreground app info is null
06-24 16:39:29.179 D/[HwRecSys]HwRecSysService( 2647): onEvent actionID: 10000 msg:com.excelliance.dualaid		
06-24 16:39:29.180 E/[HwRecSys]HwRecSysService( 2647): getIsRportDirectService is false!
06-24 16:39:29.183 W/libc    ( 1699): Set property "sys.aps.gameProcessName" to ""
06-24 16:39:29.183 I/PGServer( 1699): report state:10010 event type:2 pid:0 uid:0 pkg:com.huawei.android.launcher to pid: 657
06-24 16:39:29.183 I/PGServer( 1699): report state:10010 event type:2 pid:0 uid:0 pkg:com.huawei.android.launcher to pid: 1699
06-24 16:39:29.183 I/SceneReceiver( 1699): state type: 10010 eventType:2 pid:0 uid:0 pkg:com.huawei.android.launcher
06-24 16:39:29.183 I/PGServer( 1699): report state:10000 event type:1 pid:0 uid:0 pkg:com.excelliance.dualaid to pid: 657
06-24 16:39:29.183 I/PGServer( 1699): report state:10000 event type:1 pid:0 uid:0 pkg:com.excelliance.dualaid to pid: 1699
06-24 16:39:29.183 I/SceneReceiver( 1699): state type: 10000 eventType:1 pid:0 uid:0 pkg:com.excelliance.dualaid
06-24 16:39:29.183 D/HwFLClassLoader( 3543): get used feature list :/feature/used-list failed!
06-24 16:39:29.183 D/HwThermalStateManager( 1699): current foreapp pkg : com.excelliance.dualaid
06-24 16:39:29.183 D/HwFLClassLoader( 3543): USE_FEATURE_LIST had not init! 
06-24 16:39:29.183 I/PGServer( 1699): checkPkgType. calling pkg: android
06-24 16:39:29.183 I/PGServer( 1699): checkPkgType. calling pkg: android
06-24 16:39:29.184 W/libc    ( 1699): Set property "sys.aps.browserProcessName" to ""
06-24 16:39:29.186 W//system/bin/hwservicemanager(  416): Cannot open /odm/manifest.xml
06-24 16:39:29.187 I/GRALLOC (  679): 	 shrFd=10,fmt=0x1,intFmt=0x1,btStrd=256,size=4096,pid=679 
06-24 16:39:29.187 I/GRALLOC (  679): 	 yuv=2,w=16,h=16,Stride u=0 v=0,offset u=0 v=0 
06-24 16:39:29.187 I/GRALLOC (  679): 	 iova_size=4096,conUsg=0x100,proUsg=0x100,	 strd=64,[afbc]HdrStrd=0 PyldStrd=0 Scrmbl=0,ionhnd = 1 
06-24 16:39:29.198 E/MemoryLeakMonitorManager( 3543): MemoryLeakMonitor.jar is not exist!
06-24 16:39:29.199 D/KXQPApplication( 3543): run: initUserManager
06-24 16:39:29.199 D/CrashHandler( 3543): CrashHandler
06-24 16:39:29.200 E/Minikin ( 3543): Could not get cmap table size!
06-24 16:39:29.200 D/PMS11423(  657): package:com.excelliance.dualaid, input flags:128, output hwFlags:0
06-24 16:39:29.210 I/HwCust  ( 3543): Constructor found for class android.app.HwCustActivityImpl
06-24 16:39:29.210 D/HwCust  ( 3543): Create obj success use class android.app.HwCustActivityImpl
06-24 16:39:29.212 V/HwPolicyFactory( 3543): : success to get AllImpl object and return....
06-24 16:39:29.214 I/HwCust  ( 3543): Constructor found for class android.app.HwCustHwWallpaperManagerImpl
06-24 16:39:29.214 D/HwCust  ( 3543): Create obj success use class android.app.HwCustHwWallpaperManagerImpl
06-24 16:39:29.215 D/PMS11423(  657): package:com.excelliance.dualaid, input flags:0, output hwFlags:0
06-24 16:39:29.216 V/HwWidgetFactory( 3543): : successes to get AllImpl object and return....
06-24 16:39:29.217 V/ActivityThread( 3543): ActivityThread,callActivityOnCreate
06-24 16:39:29.218 D/HelloActivity( 3543): Memory:25151M
06-24 16:39:29.219 D/HelloActivity( 3543): onCreate: true
06-24 16:39:29.220 D/HelloActivity( 3543): is code boot
06-24 16:39:29.223 D/HelloActivity( 3543): mIsNav = false
06-24 16:39:29.238 D/HelloActivity( 3543): defDisplayStyle:5
06-24 16:39:29.242 D/HttpUtils( 3543): getDownloadMode()
06-24 16:39:29.242 D/NetUtils( 3543): init inited = true
06-24 16:39:29.242 D/HelloActivity( 3543): enter Nav2
06-24 16:39:29.243 D/HwRecentsLockUtils( 1513): Search
06-24 16:39:29.243 E/HsmCoreServiceImpl( 1478): onTransact in code is: 103
06-24 16:39:29.243 I/MediaProcessHandler( 1478): playingUids: 
06-24 16:39:29.244 I/ActivityManager(  657): START u0 {pkg=com.excelliance.dualaid cmp=com.excelliance.dualaid/com.excelliance.kxqp.swipe.NavActivity2 (has extras)} from uid 11423
06-24 16:39:29.244 I/ActivityManager(  657): ActivityRecord info: ActivityInfo{db9d78c com.excelliance.kxqp.swipe.NavActivity2}
06-24 16:39:29.245 V/WindowManager(  657): findFocusedWindow: AppWindowToken{d3a938b token=Token{377755a ActivityRecord{d5c9105 u0 com.huawei.android.launcher/.unihome.UniHomeLauncher t15658}}} below Reached focused app=AppWindowToken{21cb31c token=Token{171048f ActivityRecord{a94b7ee u0 com.excelliance.dualaid/com.excelliance.kxqp.ui.HelloActivity t16060}}}
06-24 16:39:29.246 D/NetworkSecurityConfig( 3543): No Network Security Config specified, using platform default
06-24 16:39:29.246 V/WindowManager(  657): addAppToken: AppWindowToken{60249b4 token=Token{1af687 ActivityRecord{f7d6c6 u0 com.excelliance.dualaid/com.excelliance.kxqp.swipe.NavActivity2 t16060}}} controller={TaskWindowContainerController taskId=16060} at 2147483647
06-24 16:39:29.251 D/ActivityManager(  657): Skipping, home or recents stack task: TaskRecord{333215f #15658 A=com.huawei.android.launcher U=0 StackId=0 sz=1}
06-24 16:39:29.251 D/ActivityManager(  657): Skipping intent:act=android.intent.action.MAIN cat=[android.intent.category.LAUNCHER] flg=0x10a00000 cmp=io.appium.settings/.Settings
06-24 16:39:29.251 D/ActivityManager(  657): Skipping intent:flg=0x10804000 cmp=com.android.systemui/.recents.RecentsActivity bnds=[48,928][1032,2296]
06-24 16:39:29.251 D/ActivityManager(  657): Skipping intent:flg=0x18800000 cmp=com.tencent.mm/.plugin.base.stub.WXPayEntryActivity
06-24 16:39:29.251 D/ActivityManager(  657): Skipping intent:flg=0x10800000 cmp=com.huawei.systemmanager/com.huawei.permissionmanager.ui.MainActivity
06-24 16:39:29.251 D/ActivityManager(  657): Skipping intent:flg=0x18800000 cmp=com.tencent.mm/.plugin.base.stub.WXEntryActivity
06-24 16:39:29.251 D/ActivityManager(  657): Skipping intent:act=com.huawei.action.VOICE_ASSISTANT flg=0x10800000 pkg=com.huawei.vassistant cmp=com.huawei.vassistant/.ui.main.VAssistantActivity
06-24 16:39:29.251 D/ActivityManager(  657): Skipping intent:act=com.huawei.android.launcher.action.ACCESS_SPLIT_SCREEN_APP cat=[android.intent.category.DEFAULT] flg=0x10804000 cmp=com.huawei.android.launcher/.splitscreen.SplitScreenAppActivity
06-24 16:39:29.251 D/ActivityManager(  657): Skipping intent:flg=0x10800000 pkg=com.excelliance.dualaid.b64 cmp=com.excelliance.dualaid.b64/com.excelliance.kxqp.sdk.PermissionRequestActivity
06-24 16:39:29.251 D/ActivityManager(  657): Skipping intent:act=android.intent.action.VIEW dat=content://com.excelliance.dualaid.fileProvider/external_storage_root/Download/apk/Multiple_64.apk typ=application/vnd.android.package-archive flg=0x10800001 cmp=com.android.packageinstaller/.InstallStart
06-24 16:39:29.251 D/ActivityManager(  657): Skipping intent:flg=0x10800000 cmp=com.android.systemui/.usb.HwUsbDebuggingActivity
06-24 16:39:29.251 D/ActivityManager(  657): Skipping intent:act=android.deviceinfo.chooser.action.LAUNCH flg=0x10800000 hwFlg=0x100 pkg=com.android.settings cmp=com.android.settings/.deviceinfo.UsbConnModeChooserActivity
06-24 16:39:29.251 D/ActivityManager(  657): Skipping intent:flg=0x10800000 cmp=com.zol.android/.push.KeepLiveActivity
06-24 16:39:29.251 D/ActivityManager(  657): Skipping intent:act=android.intent.action.MAIN cat=[android.intent.category.HOME] flg=0x10800300 cmp=com.android.settings/.FallbackHome
06-24 16:39:29.254 V/ActivityManager(  657): startProcess: name=com.excelliance.dualaid app=null knownToBeDead=true thread=null pid=-1
06-24 16:39:29.254 D/PMS1000 (  657): package:com.excelliance.dualaid, input flags:0, output hwFlags:0
06-24 16:39:29.261 I/ActivityManager(  657): Start proc 3584:com.excelliance.dualaid/u0a1423 for service com.excelliance.dualaid/com.excelliance.kxqp.SmtServService
06-24 16:39:29.261 I/        ( 3584): power log dlsym ok
06-24 16:39:29.263 I/zygote  ( 3584): Reinit property: dalvik.vm.checkjni= false
06-24 16:39:29.267 D/HwNetworkManagementService(  657): code == CODE_GET_AD_KEY_LIST
06-24 16:39:29.267 D/HwNetworkManagementService(  657): appName = com.excelliance.dualaid  is not in the mAdViewMap! reply none
06-24 16:39:29.267 D/HwNetworkManagementService(  657): appName = com.excelliance.dualaid  is not in the mAdIdMap! reply none
06-24 16:39:29.270 D/ActivityThread( 3584): ActivityThread,attachApplication
06-24 16:39:29.271 D/ActivityManager(  657): ActivityManagerService,attachApplication,callingPid = 3584
06-24 16:39:29.272 D/ActivityThread( 3543): add activity client record, r= ActivityRecord{cbe2ddc token=android.os.BinderProxy@d13fa03 {com.excelliance.dualaid/com.excelliance.kxqp.ui.HelloActivity}} token= android.os.BinderProxy@d13fa03
06-24 16:39:29.273 V/WindowManager(  657): No longer Stopped: AppWindowToken{60249b4 token=Token{1af687 ActivityRecord{f7d6c6 u0 com.excelliance.dualaid/com.excelliance.kxqp.swipe.NavActivity2 t16060}}}
06-24 16:39:29.273 D/ActivityManager(  657): allPausedActivitiesComplete: r=ActivityRecord{a94b7ee u0 com.excelliance.dualaid/com.excelliance.kxqp.ui.HelloActivity t16060 f} state=PAUSING
06-24 16:39:29.274 D/NetWorkUtils( 1513): mVSimCurCardType is -1
06-24 16:39:29.277 V/WindowManager(  657): No longer Stopped: AppWindowToken{60249b4 token=Token{1af687 ActivityRecord{f7d6c6 u0 com.excelliance.dualaid/com.excelliance.kxqp.swipe.NavActivity2 t16060}}}
06-24 16:39:29.278 W//system/bin/hwservicemanager(  416): Cannot open /odm/manifest.xml
06-24 16:39:29.280 V/WindowManager(  657): Checking 1 opening apps (frozen=false timeout=false)...
06-24 16:39:29.280 V/WindowManager(  657): Check opening app=AppWindowToken{60249b4 token=Token{1af687 ActivityRecord{f7d6c6 u0 com.excelliance.dualaid/com.excelliance.kxqp.swipe.NavActivity2 t16060}}}: allDrawn=false startingDisplayed=false startingMoved=false isRelaunching()=false
06-24 16:39:29.282 D/HwCust  ( 3543): Create obj success use class android.app.HwCustActivityImpl
06-24 16:39:29.282 D/HwCust  ( 3543): Create obj success use class android.app.HwCustHwWallpaperManagerImpl
06-24 16:39:29.283 V/ActivityThread( 3543): ActivityThread,callActivityOnCreate
06-24 16:39:29.288 D/NavActivity2( 3543): onCreate
06-24 16:39:29.289 W//system/bin/hwservicemanager(  416): Cannot open /odm/manifest.xml
06-24 16:39:29.291 I/GRALLOC (  679): 	 shrFd=10,fmt=0x1,intFmt=0x1,btStrd=256,size=4096,pid=679 
06-24 16:39:29.291 I/GRALLOC (  679): 	 yuv=2,w=16,h=16,Stride u=0 v=0,offset u=0 v=0 
06-24 16:39:29.291 I/GRALLOC (  679): 	 iova_size=4096,conUsg=0x100,proUsg=0x100,	 strd=64,[afbc]HdrStrd=0 PyldStrd=0 Scrmbl=0,ionhnd = 1 
06-24 16:39:29.292 D/HwFLClassLoader( 3584): get used feature list :/feature/used-list failed!
06-24 16:39:29.292 D/HwFLClassLoader( 3584): USE_FEATURE_LIST had not init! 
06-24 16:39:29.294 W/Utils   ( 3543): Utils_isSuperResolutionSupport [load libai_client.so failed]
06-24 16:39:29.296 D/CubicBezierInterpolator( 3543): CubicBezierInterpolator  mControlPoint1x = 0.23, mControlPoint1y = 0.06, mControlPoint2x = 0.09, mControlPoint2y = 0.97
06-24 16:39:29.296 D/CubicBezierInterpolator( 3543): CubicBezierInterpolator  mControlPoint1x = 0.6, mControlPoint1y = 0.9, mControlPoint2x = 0.8, mControlPoint2y = 1.0
06-24 16:39:29.296 D/CubicBezierInterpolator( 3543): CubicBezierInterpolator  mControlPoint1x = 0.23, mControlPoint1y = 0.06, mControlPoint2x = 0.09, mControlPoint2y = 0.97
06-24 16:39:29.296 D/CubicBezierInterpolator( 3543): CubicBezierInterpolator  mControlPoint1x = 0.6, mControlPoint1y = 0.9, mControlPoint2x = 0.8, mControlPoint2y = 1.0
06-24 16:39:29.297 D/CubicBezierInterpolator( 3543): CubicBezierInterpolator  mControlPoint1x = 0.23, mControlPoint1y = 0.06, mControlPoint2x = 0.09, mControlPoint2y = 0.97
06-24 16:39:29.297 D/CubicBezierInterpolator( 3543): CubicBezierInterpolator  mControlPoint1x = 0.6, mControlPoint1y = 0.9, mControlPoint2x = 0.8, mControlPoint2y = 1.0
06-24 16:39:29.297 D/CubicBezierInterpolator( 3543): CubicBezierInterpolator  mControlPoint1x = 0.23, mControlPoint1y = 0.06, mControlPoint2x = 0.09, mControlPoint2y = 0.97
06-24 16:39:29.297 D/CubicBezierInterpolator( 3543): CubicBezierInterpolator  mControlPoint1x = 0.6, mControlPoint1y = 0.9, mControlPoint2x = 0.8, mControlPoint2y = 1.0
06-24 16:39:29.297 W/X509TrustManager( 3543): checkServerTrusted: SignatureException:null
06-24 16:39:29.298 W/X509TrustManager( 3543): checkServerTrusted: SignatureException:error:04000073:RSA routines:OPENSSL_internal:DATA_TOO_LARGE_FOR_MODULUS
06-24 16:39:29.303 D/HwRTBlurUtils( 3543): check blur style for HwPhoneWindow-, themeResId : 0x7f0e000a, context : com.excelliance.kxqp.swipe.NavActivity2@794246b, Nhwext : 0, get Blur : disable with , null
06-24 16:39:29.303 D/HwRTBlurUtils( 3543): check blur style for HwPhoneWindow-, themeResId : 0x7f0e000a, context : com.excelliance.kxqp.swipe.NavActivity2@794246b, Nhwext : 0, get Blur : disable with , null
06-24 16:39:29.304 E/test    ( 3543): hw notch screen flag api error
06-24 16:39:29.305 D/PMS11423(  657): package:com.excelliance.dualaid, input flags:128, output hwFlags:0
06-24 16:39:29.306 D/ActivityThread( 3543): add activity client record, r= ActivityRecord{414755e token=android.os.BinderProxy@31abee5 {com.excelliance.dualaid/com.excelliance.kxqp.swipe.NavActivity2}} token= android.os.BinderProxy@31abee5
06-24 16:39:29.307 D/PMS11423(  657): package:com.excelliance.dualaid, input flags:128, output hwFlags:0
06-24 16:39:29.307 E/ViewUtils( 3543): setBgColor: view==null:top
06-24 16:39:29.315 D/OpenGLRenderer( 3543):   HWUI Binary is  enabled
06-24 16:39:29.315 D/SurfaceFlinger(  710): SurfaceFlinger: getDisplayConfigs--3.000000, 1080, 1920
06-24 16:39:29.315 I/chatty  (  710): uid=1000(system) Binder:710_2 identical 1 line
06-24 16:39:29.315 D/SurfaceFlinger(  710): SurfaceFlinger: getDisplayConfigs--3.000000, 1080, 1920
06-24 16:39:29.316 D/OpenGLRenderer( 3543): HWUI GL Pipeline
06-24 16:39:29.316 D/PMS11423(  657): package:com.excelliance.dualaid, input flags:128, output hwFlags:0
06-24 16:39:29.319 V/WindowManager(  657): Adding Window{1f4449b u0 com.excelliance.dualaid/com.excelliance.kxqp.swipe.NavActivity2} to AppWindowToken{60249b4 token=Token{1af687 ActivityRecord{f7d6c6 u0 com.excelliance.dualaid/com.excelliance.kxqp.swipe.NavActivity2 t16060}}}
06-24 16:39:29.320 V/WindowManager(  657): addWindow: New client android.os.BinderProxy@ad400aa: window=Window{1f4449b u0 com.excelliance.dualaid/com.excelliance.kxqp.swipe.NavActivity2} Callers=com.android.server.wm.HwWindowManagerService.addWindow:562 com.android.server.wm.Session.addToDisplay:199 android.view.IWindowSession$Stub.onTransact:124 com.android.server.wm.Session.onTransact:161 android.os.Binder.execTransact:675 
06-24 16:39:29.322 D/PMS11423(  657): package:com.excelliance.dualaid, input flags:128, output hwFlags:0
06-24 16:39:29.333 D/HttpUtils( 3543): getResponseCode():200
06-24 16:39:29.334 D/HwGalleryCacheManagerImpl( 3543): mIsEffect:false
06-24 16:39:29.334 D/WHEG    ( 3543): {"status":"0","controls":"","skip":"0"}
06-24 16:39:29.334 V/WindowManager(  657): Checking 1 opening apps (frozen=false timeout=false)...
06-24 16:39:29.334 V/WindowManager(  657): Check opening app=AppWindowToken{60249b4 token=Token{1af687 ActivityRecord{f7d6c6 u0 com.excelliance.dualaid/com.excelliance.kxqp.swipe.NavActivity2 t16060}}}: allDrawn=false startingDisplayed=false startingMoved=false isRelaunching()=false
06-24 16:39:29.335 D/PMS11423(  657): package:com.excelliance.dualaid, input flags:128, output hwFlags:0
06-24 16:39:29.337 D/PMS11423(  657): package:com.excelliance.dualaid, input flags:128, output hwFlags:0
06-24 16:39:29.341 D/PMS11423(  657): package:com.excelliance.dualaid, input flags:128, output hwFlags:0
06-24 16:39:29.380 D/HwRecentsLockUtils( 1513): Search
06-24 16:39:29.380 E/HsmCoreServiceImpl( 1478): onTransact in code is: 103
06-24 16:39:29.380 I/MediaProcessHandler( 1478): playingUids: 
06-24 16:39:29.381 D/ActivityManager(  657): Skipping, home or recents stack task: TaskRecord{333215f #15658 A=com.huawei.android.launcher U=0 StackId=0 sz=1}
06-24 16:39:29.381 D/ActivityManager(  657): Skipping intent:act=android.intent.action.MAIN cat=[android.intent.category.LAUNCHER] flg=0x10a00000 cmp=io.appium.settings/.Settings
06-24 16:39:29.381 D/ActivityManager(  657): Skipping intent:flg=0x10804000 cmp=com.android.systemui/.recents.RecentsActivity bnds=[48,928][1032,2296]
06-24 16:39:29.381 D/ActivityManager(  657): Skipping intent:flg=0x18800000 cmp=com.tencent.mm/.plugin.base.stub.WXPayEntryActivity
06-24 16:39:29.381 D/ActivityManager(  657): Skipping intent:flg=0x10800000 cmp=com.huawei.systemmanager/com.huawei.permissionmanager.ui.MainActivity
06-24 16:39:29.381 D/ActivityManager(  657): Skipping intent:flg=0x18800000 cmp=com.tencent.mm/.plugin.base.stub.WXEntryActivity
06-24 16:39:29.381 D/ActivityManager(  657): Skipping intent:act=com.huawei.action.VOICE_ASSISTANT flg=0x10800000 pkg=com.huawei.vassistant cmp=com.huawei.vassistant/.ui.main.VAssistantActivity
06-24 16:39:29.381 D/ActivityManager(  657): Skipping intent:act=com.huawei.android.launcher.action.ACCESS_SPLIT_SCREEN_APP cat=[android.intent.category.DEFAULT] flg=0x10804000 cmp=com.huawei.android.launcher/.splitscreen.SplitScreenAppActivity
06-24 16:39:29.381 D/ActivityManager(  657): Skipping intent:flg=0x10800000 pkg=com.excelliance.dualaid.b64 cmp=com.excelliance.dualaid.b64/com.excelliance.kxqp.sdk.PermissionRequestActivity
06-24 16:39:29.381 D/ActivityManager(  657): Skipping intent:act=android.intent.action.VIEW dat=content://com.excelliance.dualaid.fileProvider/external_storage_root/Download/apk/Multiple_64.apk typ=application/vnd.android.package-archive flg=0x10800001 cmp=com.android.packageinstaller/.InstallStart
06-24 16:39:29.381 D/ActivityManager(  657): Skipping intent:flg=0x10800000 cmp=com.android.systemui/.usb.HwUsbDebuggingActivity
06-24 16:39:29.381 D/ActivityManager(  657): Skipping intent:act=android.deviceinfo.chooser.action.LAUNCH flg=0x10800000 hwFlg=0x100 pkg=com.android.settings cmp=com.android.settings/.deviceinfo.UsbConnModeChooserActivity
06-24 16:39:29.381 D/ActivityManager(  657): Skipping intent:flg=0x10800000 cmp=com.zol.android/.push.KeepLiveActivity
06-24 16:39:29.381 D/ActivityManager(  657): Skipping intent:act=android.intent.action.MAIN cat=[android.intent.category.HOME] flg=0x10800300 cmp=com.android.settings/.FallbackHome
06-24 16:39:29.397 I/zygote  ( 3584): Compiler allocated 4MB to compile boolean com.excelliance.kxqp.KXQPApplication.b(int)
06-24 16:39:29.411 D/MainActivity( 3543): instantiateItem: 2	android.widget.RelativeLayout{d00e2b1 V.E...... ......I. 0,0-0,0}
06-24 16:39:29.412 D/MainActivity( 3543): initPage3: 
06-24 16:39:29.415 V/WindowManager(  657): Checking 1 opening apps (frozen=false timeout=false)...
06-24 16:39:29.415 V/WindowManager(  657): Check opening app=AppWindowToken{60249b4 token=Token{1af687 ActivityRecord{f7d6c6 u0 com.excelliance.dualaid/com.excelliance.kxqp.swipe.NavActivity2 t16060}}}: allDrawn=false startingDisplayed=false startingMoved=false isRelaunching()=false
06-24 16:39:29.417 V/HwPhoneWindowManager(  657): updateSystemUiColorLw window=Window{1f4449b u0 com.excelliance.dualaid/com.excelliance.kxqp.swipe.NavActivity2},EmuiStyle=0,StatusBarColor=0xff000000,NavigationBarColor=0xff000000, mLastIsEmuiLightStyle=-1
06-24 16:39:29.418 D/HwPhoneWindowManager(  657): Transact:setSystemUIColor to status bar service
06-24 16:39:29.418 I/CommandQueue( 1513): updateBarBgColor
06-24 16:39:29.419 D/CommandQueue( 1513): CommandQueue, setBarBackgroundColor
06-24 16:39:29.419 V/WindowManager(  657): Checking 1 opening apps (frozen=false timeout=false)...
06-24 16:39:29.419 V/WindowManager(  657): Check opening app=AppWindowToken{60249b4 token=Token{1af687 ActivityRecord{f7d6c6 u0 com.excelliance.dualaid/com.excelliance.kxqp.swipe.NavActivity2 t16060}}}: allDrawn=false startingDisplayed=false startingMoved=false isRelaunching()=false
06-24 16:39:29.422 D/TintManager( 1513): statusBarIconTint=#99FFFFFF,navigationBarIconTint=#FF000000
06-24 16:39:29.422 D/BarTransitions.HwPhoneStatusBarView( 1513): MODE_TRANSPARENT -> MODE_TRANSLUCENT animate=false
06-24 16:39:29.422 D/BarTransitions.HwPhoneStatusBarView( 1513): applyModeBackground oldMode=MODE_TRANSPARENT newMode=MODE_TRANSLUCENT animate=false
06-24 16:39:29.422 D/MainActivity( 3543): run: initPage3
06-24 16:39:29.422 I/GRALLOC (  679): 	 shrFd=10,fmt=0x1,intFmt=0x200000001,btStrd=4352,size=8486912,pid=679 
06-24 16:39:29.422 I/GRALLOC (  679): 	 yuv=2,w=1080,h=1920,Stride u=0 v=0,offset u=0 v=0 
06-24 16:39:29.422 I/GRALLOC (  679): 	 iova_size=8486912,conUsg=0x900,proUsg=0x900,	 strd=1088,[afbc]HdrStrd=1088 PyldStrd=69632 Scrmbl=2,ionhnd = 1 
06-24 16:39:29.424 I/chatty  (  679): uid=1000(system) allocator@2.0-s identical 1 line
06-24 16:39:29.425 I/GRALLOC (  679): 	 shrFd=10,fmt=0x1,intFmt=0x200000001,btStrd=4352,size=8486912,pid=679 
06-24 16:39:29.425 I/GRALLOC (  679): 	 yuv=2,w=1080,h=1920,Stride u=0 v=0,offset u=0 v=0 
06-24 16:39:29.425 I/GRALLOC (  679): 	 iova_size=8486912,conUsg=0x900,proUsg=0x900,	 strd=1088,[afbc]HdrStrd=1088 PyldStrd=69632 Scrmbl=2,ionhnd = 1 
06-24 16:39:29.426 I/OpenGLRenderer( 3543): Initialized EGL, version 1.4
06-24 16:39:29.426 D/OpenGLRenderer( 3543): Swap behavior 2
06-24 16:39:29.427 D/PMS11423(  657): package:com.excelliance.dualaid, input flags:128, output hwFlags:0
06-24 16:39:29.430 D/mali_winsys( 3543): EGLint new_window_surface(egl_winsys_display *, void *, EGLSurface, EGLConfig, egl_winsys_surface **, egl_color_buffer_format *, EGLBoolean) returns 0x3000
06-24 16:39:29.430 E/vndksupport( 3543): Could not load vendor/lib/egl/libGLES_mali_v2.so from sphal namespace: dlopen failed: library "vendor/lib/egl/libGLES_mali_v2.so" not found.
06-24 16:39:29.435 D/StatusBarIconController( 1513): setIconVisibility icon is null or visibility not change visibility=false
06-24 16:39:29.445 I/GRALLOC (  679): 	 shrFd=10,fmt=0x1,intFmt=0x200000001,btStrd=4352,size=8486912,pid=679 
06-24 16:39:29.445 I/GRALLOC (  679): 	 yuv=2,w=1080,h=1920,Stride u=0 v=0,offset u=0 v=0 
06-24 16:39:29.445 I/GRALLOC (  679): 	 iova_size=8486912,conUsg=0xb00,proUsg=0xb00,	 strd=1088,[afbc]HdrStrd=1088 PyldStrd=69632 Scrmbl=2,ionhnd = 1 
06-24 16:39:29.454 D/WindowManager(  657): finishDrawingWindow: Window{1f4449b u0 com.excelliance.dualaid/com.excelliance.kxqp.swipe.NavActivity2} mDrawState=DRAW_PENDING
06-24 16:39:29.454 V/MainActivity( 3543): onWindowFocusChanged: true
06-24 16:39:29.455 W/InputMethodManager( 3543): startInputReason = 1
06-24 16:39:29.455 V/WindowManager(  657): Checking 1 opening apps (frozen=false timeout=false)...
06-24 16:39:29.455 V/WindowManager(  657): Check opening app=AppWindowToken{60249b4 token=Token{1af687 ActivityRecord{f7d6c6 u0 com.excelliance.dualaid/com.excelliance.kxqp.swipe.NavActivity2 t16060}}}: allDrawn=true startingDisplayed=false startingMoved=false isRelaunching()=false
06-24 16:39:29.457 D/ImageWallpaper( 1513): onVisibilityChanged: mVisible, visible=true, false
06-24 16:39:29.457 D/ImageWallpaper( 1513): Visibility changed to visible=false
06-24 16:39:29.458 D/BarTransitions.HwPhoneStatusBarView( 1513): MODE_TRANSLUCENT -> MODE_TRANSPARENT animate=false
06-24 16:39:29.458 D/BarTransitions.HwPhoneStatusBarView( 1513): applyModeBackground oldMode=MODE_TRANSLUCENT newMode=MODE_TRANSPARENT animate=false
06-24 16:39:29.459 I/ActivityManager(  657): Displayed com.excelliance.dualaid/com.excelliance.kxqp.swipe.NavActivity2: +183ms (total +325ms)
06-24 16:39:29.460 W/InputMethodManager( 3543): startInputReason = 5
06-24 16:39:29.462 I/wangchen( 7035): SysInfo.getSysParam: orientation=1||config d=3.0,w=1080,h=1920||metrics d=3.0,w=1080,h=1920||sdk=26,bar_h=72
06-24 16:39:29.462 I/KeymapLoader( 7035): w=1080 h=1920 ori=true appScale=3.3 s1=3.0
06-24 16:39:29.467 E/BufferQueueProducer(  710): [com.huawei.android.launcher/com.huawei.android.launcher.unihome.UniHomeLauncher#0] disconnect: not connected (req=1)
06-24 16:39:29.467 W/libEGL  ( 2519): EGLNativeWindowType 0x748c974010 disconnect failed
06-24 16:39:29.468 I/WindowManager(  657): notifyAccessibilityButtonVisibilityChanged visible:false
06-24 16:39:29.469 D/HwWifiStatStore(  657): handleMessage : 200
06-24 16:39:29.472 I/GRALLOC (  679): 	 shrFd=10,fmt=0x1,intFmt=0x200000001,btStrd=4352,size=8486912,pid=679 
06-24 16:39:29.472 I/GRALLOC (  679): 	 yuv=2,w=1080,h=1920,Stride u=0 v=0,offset u=0 v=0 
06-24 16:39:29.472 I/GRALLOC (  679): 	 iova_size=8486912,conUsg=0xb00,proUsg=0xb00,	 strd=1088,[afbc]HdrStrd=1088 PyldStrd=69632 Scrmbl=2,ionhnd = 1 
06-24 16:39:29.473 D/BarTransitions.HwPhoneStatusBarView( 1513): MODE_TRANSPARENT -> MODE_TRANSLUCENT animate=false
06-24 16:39:29.473 D/BarTransitions.HwPhoneStatusBarView( 1513): applyModeBackground oldMode=MODE_TRANSPARENT newMode=MODE_TRANSLUCENT animate=false
06-24 16:39:29.473 D/BarTransitions.HwNavigationBarView( 1513): MODE_TRANSLUCENT -> MODE_OPAQUE animate=false
06-24 16:39:29.473 D/BarTransitions.HwNavigationBarView( 1513): applyModeBackground oldMode=MODE_TRANSLUCENT newMode=MODE_OPAQUE animate=false
06-24 16:39:29.485 W/dex2oat ( 3649): Using default instruction set features for ARM CPU variant (default) using conservative defaults
06-24 16:39:29.486 V/WindowManager(  657): notifyAppStopped: AppWindowToken{d3a938b token=Token{377755a ActivityRecord{d5c9105 u0 com.huawei.android.launcher/.unihome.UniHomeLauncher t15658}}}
06-24 16:39:29.486 E/WindowManager(  657): win=Window{68d6975 u0 com.huawei.android.launcher/com.huawei.android.launcher.unihome.UniHomeLauncher} destroySurfaces: appStopped=true win.mWindowRemovalAllowed=false win.mRemoveOnExit=false
06-24 16:39:29.486 I/WindowManager(  657): Destroying surface Surface(name=com.huawei.android.launcher/com.huawei.android.launcher.unihome.UniHomeLauncher) called by com.android.server.wm.WindowStateAnimator.destroySurface:2060 com.android.server.wm.WindowStateAnimator.destroySurfaceLocked:873 com.android.server.wm.HwWindowStateAnimator.destroySurfaceLocked:1006 com.android.server.wm.WindowState.destroyOrSaveSurfaceUnchecked:2990 com.android.server.wm.WindowState.destroySurface:2951 com.android.server.wm.AppWindowToken.destroySurfaces:654 com.android.server.wm.AppWindowToken.destroySurfaces:638 com.android.server.wm.AppWindowToken.notifyAppStopped:682 
06-24 16:39:29.486 I/dex2oat ( 3649): /system/bin/dex2oat -j4 --dex-file=/data/data/com.excelliance.dualaid/.platformcache/main.jar --output-vdex-fd=46 --oat-fd=47 --oat-location=/data/data/com.excelliance.dualaid/.platformcache/oat/arm/main.odex --compiler-filter=quicken
06-24 16:39:29.487 I/cutils-trace( 3649): atrace_init_once, trace_marker_path = /sys/kernel/debug/tracing/trace_marker
06-24 16:39:29.487 D/ActivityThread( 3543): Remove activity client record, r= ActivityRecord{cbe2ddc token=android.os.BinderProxy@d13fa03 {com.excelliance.dualaid/com.excelliance.kxqp.ui.HelloActivity}} token= android.os.BinderProxy@d13fa03
06-24 16:39:29.488 V/WindowManager(  657): removeAppToken: AppWindowToken{21cb31c token=Token{171048f ActivityRecord{a94b7ee u0 com.excelliance.dualaid/com.excelliance.kxqp.ui.HelloActivity t16060}}} delayed=false Callers=com.android.server.wm.DisplayContent.removeAppToken:985 com.android.server.wm.AppWindowContainerController.removeContainer:348 com.android.server.am.ActivityRecord.removeWindowContainer:1039 com.android.server.am.ActivityStack.removeActivityFromHistoryLocked:4491 
06-24 16:39:29.489 D/HwGameAssistantController(  657): pid=2519, uid=10056, foreground=false
06-24 16:39:29.489 W/AwareLog(  657): SchedLevelBoost: onFgActivitiesChanged config not set!
06-24 16:39:29.489 W/ActivityManager(  657): Sending non-protected broadcast huawei.action.floattasks.STATUS_BAR_STATE_CHANGED from system 1513:com.android.systemui/u0a39 pkg com.android.systemui
06-24 16:39:29.490 W/HwKeyguardDragHelper( 1513): AnimationBlocked
06-24 16:39:29.620 W/Watchdog(  657): hungtask: writing kick
06-24 16:39:29.621 I/EventHub(  657): EventHub monitor: no key events in the past 4443s, no motion events in the past 1334s
06-24 16:39:29.684 I/HwNormalizedSpline(  657): getEyeProtectionBrightnessLevel lux =239.0, mDefaultBrightnessFromLux =68.645
06-24 16:39:29.898 I/dex2oat ( 3649): dex2oat took 413.373ms (986.696ms cpu) (threads: 4) arena alloc=50KB (51528B) java alloc=2MB (3143720B) native alloc=4MB (4690432B) free=2MB (2649600B)
06-24 16:39:29.910 D/PMS11423(  657): package:com.excelliance.dualaid, input flags:128, output hwFlags:0
06-24 16:39:29.948 W/dex2oat ( 3693): Using default instruction set features for ARM CPU variant (default) using conservative defaults
06-24 16:39:29.948 I/dex2oat ( 3693): /system/bin/dex2oat -j4 --dex-file=/data/data/com.excelliance.dualaid/.platformcache/kxqpplatform2.jar --output-vdex-fd=47 --oat-fd=48 --oat-location=/data/data/com.excelliance.dualaid/.platformcache/oat/arm/kxqpplatform2.odex --compiler-filter=quicken
06-24 16:39:29.949 I/cutils-trace( 3693): atrace_init_once, trace_marker_path = /sys/kernel/debug/tracing/trace_marker
06-24 16:39:29.965 W/AlarmManager(  657): mIsScreenOn is: true, WAKEUP alarm talarm.operation == null,package name is: android listenerTag is: *job.delay* creator uid is: 1000
06-24 16:39:29.965 D/PGGoogleServicePolicy(  657): worksource has gms, prevent hold partial wakelock
06-24 16:39:29.966 D/PMS1000 (  657): package:com.android.email, input flags:1, output hwFlags:33554432
06-24 16:39:29.966 D/PMS1000 (  657): package:com.android.exchange, input flags:1, output hwFlags:0
06-24 16:39:29.966 D/PMS1000 (  657): package:com.google.android.gm, input flags:1, output is null
06-24 16:39:29.966 W/HwAlarmManagerService(  657): isContainsAppUidInWorksource-->happend NameNotFoundException
06-24 16:39:29.966 I/HwAlarmManagerService(  657): hwSetAlarm listenerTag: *job.delay*
06-24 16:39:29.966 I/JobScheduler.Time(  657): mNextDelayExpiredElapsedMillis: 112614516
06-24 16:39:29.967 D/JobServiceContext(  657): Scheduling time out for 'com.android.server.content.SyncJobService' jId: 102553, in 18 s
06-24 16:39:29.967 D/PGGoogleServicePolicy(  657): worksource has gms, prevent hold partial wakelock
06-24 16:39:29.967 D/JobServiceContext(  657): handleServiceBound for 9f21724 #1000/102553 subscribedfeeds/com.google:android
06-24 16:39:29.967 D/JobServiceContext(  657): Scheduling time out for 'com.android.server.content.SyncJobService' jId: 102553, in 8 s
06-24 16:39:29.967 I/SyncManager(  657): SyncJobService->onStartJob:put job to map, jobid:102553
06-24 16:39:29.968 D/JobServiceContext(  657): doCallback of : JobStatus{9f21724 #1000/102553 subscribedfeeds/com.google:android u=0 s=10089 TIME=-2ms:none NET=1 PERSISTED READY} v:VERB_STARTING
06-24 16:39:29.968 D/JobServiceContext(  657): Scheduling time out for 'com.android.server.content.SyncJobService' jId: 102553, in 600 s
06-24 16:39:29.968 I/SyncManager(  657): SyncJobService->callJobFinished: remove job to map, jobid:102553
06-24 16:39:29.969 D/JobServiceContext(  657): Scheduling time out for 'com.android.server.content.SyncJobService' jId: 102553, in 8 s
