06-24 15:29:54.306 V/WindowManager(  657): Check opening app=AppWindowToken{d3a938b token=Token{377755a ActivityRecord{d5c9105 u0 com.huawei.android.launcher/.unihome.UniHomeLauncher t15658}}}: allDrawn=false startingDisplayed=false startingMoved=false isRelaunching()=false
06-24 15:29:54.307 V/WindowManager(  657): Checking 1 opening apps (frozen=false timeout=false)...
06-24 15:29:54.307 V/WindowManager(  657): Check opening app=AppWindowToken{d3a938b token=Token{377755a ActivityRecord{d5c9105 u0 com.huawei.android.launcher/.unihome.UniHomeLauncher t15658}}}: allDrawn=false startingDisplayed=false startingMoved=false isRelaunching()=false
06-24 15:29:54.310 V/AlarmManager(  657): UninstallReceiver onReceive action:android.intent.action.PACKAGE_RESTARTED
06-24 15:29:54.310 D/HwBastetService(  657): BroadcastReceiver android.intent.action.PACKAGE_RESTARTED
06-24 15:29:54.311 I/HwCoreAppHelperService( 1478): LocalReceiver receives:android.intent.action.PACKAGE_RESTARTED,pkg:com.excelliance.dualaid,uid:11422
06-24 15:29:54.311 E/NfcNci  ( 2677): NfcUtils error: APP have nfc permission
06-24 15:29:54.312 E/HwLauncher( 2519): SettingsEx , no such field.
06-24 15:29:54.312 W/HwLauncher( 2519): Clock getDataFormat the getSystemString failed.
06-24 15:29:54.313 D/HwQoEUtils(  657): mForegroundAppPackageName: com.huawei.android.launcher ,score: 0
06-24 15:29:54.313 D/HwQoEUtils(  657): onForegroundAppWifiSleepChange: config:false, sleeptime:-1,type: 255, appname:com.huawei.android.launcher
06-24 15:29:54.313 D/HwQoEUtils(  657): APP type: 255 appName= com.huawei.android.launcher
06-24 15:29:54.313 D/HwQoEUtils(  657): no game, APP_TYPE_GAME, appName =com.huawei.android.launcher
06-24 15:29:54.313 D/HwGameAssistantController(  657): pid=2519, uid=10056, foreground=true
06-24 15:29:54.314 D/HwGpsPowerTracker(  657): LocalReceiver receives:android.intent.action.PACKAGE_RESTARTED
06-24 15:29:54.314 D/PMS1000 (  657): package:com.excelliance.dualaid, input flags:0, output hwFlags:0
06-24 15:29:54.314 D/PMS1027 (  657): package:com.google.android.apps.walletnfcrel, input flags:8192, output is null
06-24 15:29:54.314 W/AwareLog(  657): SchedLevelBoost: onFgActivitiesChanged config not set!
06-24 15:29:54.314 D/CarrierSvcBindHelper( 1715): No carrier app for: 0
06-24 15:29:54.315 D/ApduServiceInfo( 2677): No com.nxp.nfc.extensions meta-data
06-24 15:29:54.317 V/HwPhoneWindowManager(  657): updateSystemUiColorLw window=Window{68d6975 u0 com.huawei.android.launcher/com.huawei.android.launcher.unihome.UniHomeLauncher},EmuiStyle=-1,StatusBarColor=0xff00acc1,NavigationBarColor=0x0, mLastIsEmuiLightStyle=-1
06-24 15:29:54.318 I/HwNetworkPolicy(  657): onTransact, code = 203
06-24 15:29:54.318 I/HwNetworkPolicyManager( 1813): getHwUidPolicy uid = 10056 policy = 0
06-24 15:29:54.316 I/chatty  ( 2677): uid=1027(nfc) com.android.nfc identical 2 lines
06-24 15:29:54.318 D/ApduServiceInfo( 2677): No com.nxp.nfc.extensions meta-data
06-24 15:29:54.319 D/CarrierSvcBindHelper( 1715): No carrier app for: 1
06-24 15:29:54.319 V/WindowManager(  657): Checking 1 opening apps (frozen=false timeout=false)...
06-24 15:29:54.319 V/WindowManager(  657): Check opening app=AppWindowToken{d3a938b token=Token{377755a ActivityRecord{d5c9105 u0 com.huawei.android.launcher/.unihome.UniHomeLauncher t15658}}}: allDrawn=false startingDisplayed=false startingMoved=false isRelaunching()=false
06-24 15:29:54.321 D/ApduServiceInfo( 2677): No com.nxp.nfc.extensions meta-data
06-24 15:29:54.321 E/ApduServiceInfo( 2677): SE extension not present, Setting default offhost seID
06-24 15:29:54.322 I/GRALLOC (  679): 	 shrFd=10,fmt=0x1,intFmt=0x200000001,btStrd=4352,size=8486912,pid=679 
06-24 15:29:54.322 I/GRALLOC (  679): 	 yuv=2,w=1080,h=1920,Stride u=0 v=0,offset u=0 v=0 
06-24 15:29:54.322 I/GRALLOC (  679): 	 iova_size=8486912,conUsg=0x900,proUsg=0x900,	 strd=1088,[afbc]HdrStrd=1088 PyldStrd=69632 Scrmbl=2,ionhnd = 1 
06-24 15:29:54.322 I/WindowManager(  657): notifyAccessibilityButtonVisibilityChanged visible:false
06-24 15:29:54.323 I/GRALLOC (  679): 	 shrFd=10,fmt=0x1,intFmt=0x200000001,btStrd=4352,size=8486912,pid=679 
06-24 15:29:54.323 I/GRALLOC (  679): 	 yuv=2,w=1080,h=1920,Stride u=0 v=0,offset u=0 v=0 
06-24 15:29:54.323 I/GRALLOC (  679): 	 iova_size=8486912,conUsg=0x900,proUsg=0x900,	 strd=1088,[afbc]HdrStrd=1088 PyldStrd=69632 Scrmbl=2,ionhnd = 1 
06-24 15:29:54.323 D/HwPhoneWindowManager(  657): Transact:setSystemUIColor to status bar service
06-24 15:29:54.323 W/AwareLog(  657): SchedLevelBoost: onProcessDied config not set!
06-24 15:29:54.324 I/CommandQueue( 1513): updateBarBgColor
06-24 15:29:54.324 D/CommandQueue( 1513): CommandQueue, setBarBackgroundColor
06-24 15:29:54.324 E/HsmCoreServiceImpl( 1478): onTransact in code is: 102
06-24 15:29:54.324 I/MediaProcessHandler( 1478): processOp opType: 1, uid: 11422, pid: 29629
06-24 15:29:54.324 W/MediaProcessHandler( 1478): remove target not exist, maybe the UI process: uid: 11422, pid: 29629
06-24 15:29:54.324 I/MediaProcessHandler( 1478): executedCallBack opType: 1 mMediaStatusObservers.size=0
06-24 15:29:54.324 D/TintManager( 1513): statusBarIconTint=#99FFFFFF,navigationBarIconTint=#00000000
06-24 15:29:54.324 I/GRALLOC (  679): 	 shrFd=10,fmt=0x1,intFmt=0x200000001,btStrd=4352,size=8486912,pid=679 
06-24 15:29:54.324 I/GRALLOC (  679): 	 yuv=2,w=1080,h=1920,Stride u=0 v=0,offset u=0 v=0 
06-24 15:29:54.324 I/GRALLOC (  679): 	 iova_size=8486912,conUsg=0x900,proUsg=0x900,	 strd=1088,[afbc]HdrStrd=1088 PyldStrd=69632 Scrmbl=2,ionhnd = 1 
06-24 15:29:54.325 D/mali_winsys( 2519): EGLint new_window_surface(egl_winsys_display *, void *, EGLSurface, EGLConfig, egl_winsys_surface **, egl_color_buffer_format *, EGLBoolean) returns 0x3000
06-24 15:29:54.331 E/WifiHAL (  706): enter wifi_get_link_stats
06-24 15:29:54.334 D/StatusBarIconController( 1513): setIconVisibility icon is null or visibility not change visibility=false
06-24 15:29:54.336 E/NfcNci  ( 2677): NfcUtils error: APP have nfc permission
06-24 15:29:54.341 W/ActivityManager(  657): Sending non-protected broadcast huawei.action.floattasks.STATUS_BAR_STATE_CHANGED from system 1513:com.android.systemui/u0a39 pkg com.android.systemui
06-24 15:29:54.341 D/BarTransitions.HwPhoneStatusBarView( 1513): MODE_TRANSLUCENT -> MODE_TRANSPARENT animate=false
06-24 15:29:54.341 D/BarTransitions.HwPhoneStatusBarView( 1513): applyModeBackground oldMode=MODE_TRANSLUCENT newMode=MODE_TRANSPARENT animate=false
06-24 15:29:54.342 I/GRALLOC (  679): 	 shrFd=10,fmt=0x1,intFmt=0x200000001,btStrd=4352,size=8486912,pid=679 
06-24 15:29:54.342 I/GRALLOC (  679): 	 yuv=2,w=1080,h=1920,Stride u=0 v=0,offset u=0 v=0 
06-24 15:29:54.342 I/GRALLOC (  679): 	 iova_size=8486912,conUsg=0xb00,proUsg=0xb00,	 strd=1088,[afbc]HdrStrd=1088 PyldStrd=69632 Scrmbl=2,ionhnd = 1 
06-24 15:29:54.344 E/wificond(  765): Failed to get NL80211_STA_INFO_CNAHLOAD
06-24 15:29:54.345 E/WificondControl(  657): Noise: -88, Snr: 0, Chload: -1
06-24 15:29:54.345 D/HwWifiCHRStateManager(  657): handleMessage : 1001
06-24 15:29:54.345 D/HwWifiCHRStateManager(  657): handleUpdateChannel:5805
06-24 15:29:54.345 V/HwWifiServiceFactory(  657): get AllImpl object = com.android.server.wifi.HwWifiServiceFactoryImpl@a390a53
06-24 15:29:54.346 D/WindowManager(  657): finishDrawingWindow: Window{68d6975 u0 com.huawei.android.launcher/com.huawei.android.launcher.unihome.UniHomeLauncher} mDrawState=DRAW_PENDING
06-24 15:29:54.347 D/WifiScoreReport(  657): Score = 100, wifiConnectivityManagerEnabled = false, lowScoreCount = 0
06-24 15:29:54.348 W/InputMethodManager( 2519): startInputReason = 1
06-24 15:29:54.348 V/WindowManager(  657): Checking 1 opening apps (frozen=false timeout=false)...
06-24 15:29:54.349 V/WindowManager(  657): Check opening app=AppWindowToken{d3a938b token=Token{377755a ActivityRecord{d5c9105 u0 com.huawei.android.launcher/.unihome.UniHomeLauncher t15658}}}: allDrawn=true startingDisplayed=false startingMoved=false isRelaunching()=false
06-24 15:29:54.349 D/ImageWallpaper( 1513): onOffsetsChanged: xOffset=0.0, yOffset=0.0, xOffsetStep=0.0, yOffsetStep=0.0, xPixels=0, yPixels=0
06-24 15:29:54.349 D/ImageWallpaper( 1513): Suppressed drawFrame since redraw is not needed and offsets have not changed.sf=Rect(0, 0 - 2160, 1920)
06-24 15:29:54.349 D/ImageWallpaper( 1513): onVisibilityChanged: mVisible, visible=false, true
06-24 15:29:54.349 D/ImageWallpaper( 1513): Visibility changed to visible=true
06-24 15:29:54.349 D/ImageWallpaper( 1513): Suppressed drawFrame since redraw is not needed and offsets have not changed.sf=Rect(0, 0 - 2160, 1920)
06-24 15:29:54.352 W/ActivityManager(  657): setHasOverlayUi called on unknown pid: 29599
06-24 15:29:54.355 I/wangchen( 7035): SysInfo.getSysParam: orientation=1||config d=3.0,w=1080,h=1920||metrics d=3.0,w=1080,h=1920||sdk=26,bar_h=72
06-24 15:29:54.355 I/KeymapLoader( 7035): w=1080 h=1920 ori=true appScale=3.3 s1=3.0
06-24 15:29:54.360 D/ImageWallpaper( 1513): onOffsetsChanged: xOffset=0.0, yOffset=0.0, xOffsetStep=0.0, yOffsetStep=0.0, xPixels=0, yPixels=0
06-24 15:29:54.360 D/ImageWallpaper( 1513): Suppressed drawFrame since redraw is not needed and offsets have not changed.sf=Rect(0, 0 - 2160, 1920)
06-24 15:29:54.361 I/GRALLOC (  679): 	 shrFd=10,fmt=0x1,intFmt=0x200000001,btStrd=4352,size=8486912,pid=679 
06-24 15:29:54.361 I/GRALLOC (  679): 	 yuv=2,w=1080,h=1920,Stride u=0 v=0,offset u=0 v=0 
06-24 15:29:54.361 I/GRALLOC (  679): 	 iova_size=8486912,conUsg=0xb00,proUsg=0xb00,	 strd=1088,[afbc]HdrStrd=1088 PyldStrd=69632 Scrmbl=2,ionhnd = 1 
06-24 15:29:54.362 D/ImageWallpaper( 1513): onOffsetsChanged: xOffset=0.0, yOffset=0.0, xOffsetStep=0.0, yOffsetStep=0.0, xPixels=0, yPixels=0
06-24 15:29:54.363 D/ImageWallpaper( 1513): Suppressed drawFrame since redraw is not needed and offsets have not changed.sf=Rect(0, 0 - 2160, 1920)
06-24 15:29:54.363 D/BarTransitions.HwNavigationBarView( 1513): MODE_OPAQUE -> MODE_TRANSLUCENT animate=false
06-24 15:29:54.363 D/BarTransitions.HwNavigationBarView( 1513): applyModeBackground oldMode=MODE_OPAQUE newMode=MODE_TRANSLUCENT animate=false
06-24 15:29:54.364 D/NetWorkUtils( 1513): mVSimCurCardType is -1
06-24 15:29:54.364 D/NetWorkUtils( 1513): mVSimCurCardType is -1
06-24 15:29:54.380 D/HwRecentsLockUtils( 1513): Search
06-24 15:29:54.380 E/HsmCoreServiceImpl( 1478): onTransact in code is: 103
06-24 15:29:54.380 I/MediaProcessHandler( 1478): playingUids: 
06-24 15:29:54.380 D/ActivityManager(  657): Skipping, home or recents stack task: TaskRecord{333215f #15658 A=com.huawei.android.launcher U=0 StackId=0 sz=1}
06-24 15:29:54.380 D/ActivityManager(  657): Skipping intent:act=android.intent.action.MAIN cat=[android.intent.category.LAUNCHER] flg=0x10a00000 cmp=io.appium.settings/.Settings
06-24 15:29:54.380 D/ActivityManager(  657): Skipping intent:flg=0x10804000 cmp=com.android.systemui/.recents.RecentsActivity bnds=[48,928][1032,2296]
06-24 15:29:54.380 D/ActivityManager(  657): Skipping intent:flg=0x18800000 cmp=com.tencent.mm/.plugin.base.stub.WXPayEntryActivity
06-24 15:29:54.380 D/ActivityManager(  657): Skipping intent:flg=0x10800000 cmp=com.huawei.systemmanager/com.huawei.permissionmanager.ui.MainActivity
06-24 15:29:54.380 D/ActivityManager(  657): Skipping intent:flg=0x18800000 cmp=com.tencent.mm/.plugin.base.stub.WXEntryActivity
06-24 15:29:54.380 D/ActivityManager(  657): Skipping intent:act=com.huawei.action.VOICE_ASSISTANT flg=0x10800000 pkg=com.huawei.vassistant cmp=com.huawei.vassistant/.ui.main.VAssistantActivity
06-24 15:29:54.380 D/ActivityManager(  657): Skipping intent:act=com.huawei.android.launcher.action.ACCESS_SPLIT_SCREEN_APP cat=[android.intent.category.DEFAULT] flg=0x10804000 cmp=com.huawei.android.launcher/.splitscreen.SplitScreenAppActivity
06-24 15:29:54.380 D/ActivityManager(  657): Skipping intent:flg=0x10800000 pkg=com.excelliance.dualaid.b64 cmp=com.excelliance.dualaid.b64/com.excelliance.kxqp.sdk.PermissionRequestActivity
06-24 15:29:54.380 D/ActivityManager(  657): Skipping intent:act=android.intent.action.VIEW dat=content://com.excelliance.dualaid.fileProvider/external_storage_root/Download/apk/Multiple_64.apk typ=application/vnd.android.package-archive flg=0x10800001 cmp=com.android.packageinstaller/.InstallStart
06-24 15:29:54.380 D/ActivityManager(  657): Skipping intent:flg=0x10800000 cmp=com.android.systemui/.usb.HwUsbDebuggingActivity
06-24 15:29:54.380 D/ActivityManager(  657): Skipping intent:act=android.deviceinfo.chooser.action.LAUNCH flg=0x10800000 hwFlg=0x100 pkg=com.android.settings cmp=com.android.settings/.deviceinfo.UsbConnModeChooserActivity
06-24 15:29:54.380 D/ActivityManager(  657): Skipping intent:flg=0x10800000 cmp=com.zol.android/.push.KeepLiveActivity
06-24 15:29:54.380 D/ActivityManager(  657): Skipping intent:act=android.intent.action.MAIN cat=[android.intent.category.HOME] flg=0x10800300 cmp=com.android.settings/.FallbackHome
06-24 15:29:54.740 I/NetworkSpeedManagerEx( 1513): mIsStop = false
06-24 15:29:54.740 I/NetworkSpeedManagerEx( 1513):  runInThread getTetherStats
06-24 15:29:54.741 I/NetworkSpeedManagerEx( 1513):  runInUI refreshSpeed
06-24 15:29:54.741 I/NetworkSpeedManagerEx( 1513): value=1855.0speed = 1.8
06-24 15:29:54.741 I/NetworkSpeedManagerEx( 1513): K/smIsShowLastSpeedValuefalse
06-24 15:29:54.741 I/NetworkSpeedView( 1513): /update(), speed=1.8
06-24 15:29:54.741 I/NetworkSpeedView( 1513): K/s parent class:class com.android.systemui.statusbar.HwSystemIcons
06-24 15:29:54.779 I/audio_hw_primary(  687): usb_ext_get_parameters: check show hires (false)
06-24 15:29:54.779 I/hash_map_utils(  742): key: 'typec_need_show_hires' value: ''
06-24 15:29:54.780 I/HwAudioService(  657): check HiRes Icon false
06-24 15:29:54.780 W/ActivityManager(  657): Sending non-protected broadcast huawei.intent.action.hideHiResIcon from system uid 1000 pkg null
06-24 15:29:54.780 I/HwAudioService(  657): broadcastHiresIntent : false
06-24 15:29:54.780 W/ActivityManager(  657): Sending non-protected broadcast huawei.intent.action.hideHiResIcon from system uid 1000 pkg null
06-24 15:29:54.781 D/StatusBarIconController( 1513): setIconVisibility icon is null or visibility not change visibility=false
06-24 15:29:54.794 I/HwNormalizedSpline(  657): getEyeProtectionBrightnessLevel lux =239.0, mDefaultBrightnessFromLux =68.645
06-24 15:29:54.804 I/audio_hw_primary(  687): usb_ext_get_parameters: check show hires (false)
06-24 15:29:54.804 I/hash_map_utils(  742): key: 'typec_need_show_hires' value: ''
06-24 15:29:54.804 I/HwAudioService(  657): check HiRes Icon false
06-24 15:29:54.805 W/ActivityManager(  657): Sending non-protected broadcast huawei.intent.action.hideHiResIcon from system uid 1000 pkg null
06-24 15:29:54.805 I/HwAudioService(  657): broadcastHiresIntent : false
06-24 15:29:54.805 W/ActivityManager(  657): Sending non-protected broadcast huawei.intent.action.hideHiResIcon from system uid 1000 pkg null
06-24 15:29:54.806 D/StatusBarIconController( 1513): setIconVisibility icon is null or visibility not change visibility=false
06-24 15:29:54.857 W/OpenGLRenderer( 2519): Incorrectly called buildLayer on View: ShortcutAndWidgetContainer, destroying layer...
06-24 15:29:54.857 W/OpenGLRenderer( 2519): Incorrectly called buildLayer on View: ShortcutAndWidgetContainer, destroying layer...
06-24 15:29:54.859 I/GRALLOC (  679): 	 shrFd=10,fmt=0x1,intFmt=0x200000001,btStrd=4352,size=8486912,pid=679 
06-24 15:29:54.859 I/GRALLOC (  679): 	 yuv=2,w=1080,h=1920,Stride u=0 v=0,offset u=0 v=0 
06-24 15:29:54.859 I/GRALLOC (  679): 	 iova_size=8486912,conUsg=0xb00,proUsg=0xb00,	 strd=1088,[afbc]HdrStrd=1088 PyldStrd=69632 Scrmbl=2,ionhnd = 1 
06-24 15:29:54.908 W/AlarmManager(  657): mIsScreenOn is: true, WAKEUP alarm talarm.operation == null,package name is: android listenerTag is: *job.delay* creator uid is: 1000
06-24 15:29:54.908 D/PGGoogleServicePolicy(  657): worksource has gms, prevent hold partial wakelock
06-24 15:29:54.908 D/PMS1000 (  657): package:com.android.email, input flags:1, output hwFlags:33554432
06-24 15:29:54.908 D/PMS1000 (  657): package:com.android.exchange, input flags:1, output hwFlags:0
06-24 15:29:54.908 D/PMS1000 (  657): package:com.google.android.gm, input flags:1, output is null
06-24 15:29:54.908 W/HwAlarmManagerService(  657): isContainsAppUidInWorksource-->happend NameNotFoundException
06-24 15:29:54.909 I/HwAlarmManagerService(  657): hwSetAlarm listenerTag: *job.delay*
06-24 15:29:54.909 I/JobScheduler.Time(  657): mNextDelayExpiredElapsedMillis: 108559390
06-24 15:29:54.909 D/JobServiceContext(  657): Scheduling time out for 'com.android.server.content.SyncJobService' jId: 105289, in 18 s
06-24 15:29:54.909 D/PGGoogleServicePolicy(  657): worksource has gms, prevent hold partial wakelock
06-24 15:29:54.909 D/JobServiceContext(  657): handleServiceBound for cc89615 #1000/105289 subscribedfeeds/com.google:android
06-24 15:29:54.909 D/JobServiceContext(  657): Scheduling time out for 'com.android.server.content.SyncJobService' jId: 105289, in 8 s
06-24 15:29:54.909 I/SyncManager(  657): SyncJobService->onStartJob:put job to map, jobid:105289
06-24 15:29:54.910 D/JobServiceContext(  657): doCallback of : JobStatus{cc89615 #1000/105289 subscribedfeeds/com.google:android u=0 s=10089 TIME=-1ms:none NET=1 PERSISTED READY} v:VERB_STARTING
06-24 15:29:54.910 D/JobServiceContext(  657): Scheduling time out for 'com.android.server.content.SyncJobService' jId: 105289, in 600 s
06-24 15:29:54.910 I/SyncManager(  657): SyncJobService->callJobFinished: remove job to map, jobid:105289
06-24 15:29:54.910 D/JobServiceContext(  657): doCallback of : JobStatus{cc89615 #1000/105289 subscribedfeeds/com.google:android u=0 s=10089 TIME=-2ms:none NET=1 PERSISTED READY} v:VERB_EXECUTING
06-24 15:29:54.913 D/PMS1000 (  657): package:com.android.email, input flags:1, output hwFlags:33554432
06-24 15:29:54.913 D/PMS1000 (  657): package:com.android.exchange, input flags:1, output hwFlags:0
06-24 15:29:54.913 D/PMS1000 (  657): package:com.google.android.gm, input flags:1, output is null
06-24 15:29:54.913 W/HwAlarmManagerService(  657): isContainsAppUidInWorksource-->happend NameNotFoundException
06-24 15:29:54.914 I/HwAlarmManagerService(  657): hwSetAlarm listenerTag: *job.delay*
06-24 15:29:54.914 I/JobScheduler.Time(  657): mNextDelayExpiredElapsedMillis: 108143761
06-24 15:29:54.931 I/TrafficMonitor(  657): update:rxPkts:11,txPkts:11,rxBytes:4369,txBytes:1136
06-24 15:29:54.931 I/TrafficMonitor(  657): start expired. level:-1
06-24 15:29:54.931 I/TrafficMonitor(  657): gettimer:interval=2000
06-24 15:29:54.996 I/NetworkSpeedManagerEx( 1513): mIsStop = false
06-24 15:29:54.996 I/NetworkSpeedManagerEx( 1513):  runInThread getTetherStats
06-24 15:29:54.996 I/NetworkSpeedManagerEx( 1513):  runInUI refreshSpeed
06-24 15:29:54.997 I/NetworkSpeedManagerEx( 1513): value=1855.0speed = 1.8
06-24 15:29:54.997 I/NetworkSpeedManagerEx( 1513): K/smIsShowLastSpeedValuefalse
06-24 15:29:54.997 I/NetworkSpeedView( 1513): /update(), speed=1.8
06-24 15:29:54.997 I/NetworkSpeedView( 1513): K/s parent class:class com.android.systemui.statusbar.HwSystemIcons
06-24 15:29:55.079 D/HwArpVerifier(  657): check_wifi_state_mode = 0 mCheckStateToken=6 token6
06-24 15:29:55.079 D/wifiserviceimpl(  657): netmask =16777215
06-24 15:29:55.110 D/HWMultiGW(  657): setGateWay 10.0.0.1
06-24 15:29:55.338 I/Pged-IPgedBinderService(  769): ****action is 2, pid num is 6***
06-24 15:29:55.338 I/Pged-Freezer(  769): thawPids
06-24 15:29:55.343 D/PgedBinderAdapter( 1699): unfrz ok, pid: [29457, 29531, 29347, 27318, 29532]
06-24 15:29:55.366 D/NetWorkUtils( 1513): mVSimCurCardType is -1
06-24 15:29:55.368 I/appium  (29532): channel read invoked!
06-24 15:29:55.368 I/appium  (29532): channel read: GET /wd/hub/session/2d604340-25b7-4bc5-874b-09ac3bd169d8/source
06-24 15:29:55.369 D/NetWorkUtils( 1513): mVSimCurCardType is -1
06-24 15:29:55.384 W/ResourceType( 2519): No known package when getting name for resource number 0x9c010000
06-24 15:29:55.385 W/ResourceType( 2519): No known package when getting name for resource number 0x9c010100
06-24 15:29:55.385 W/ResourceType( 2519): No known package when getting name for resource number 0x9c010200
06-24 15:29:55.385 W/ResourceType( 2519): No known package when getting name for resource number 0x9c010300
06-24 15:29:55.386 W/ResourceType( 2519): No known package when getting name for resource number 0x9c010001
06-24 15:29:55.386 W/ResourceType( 2519): No known package when getting name for resource number 0x9c010101
06-24 15:29:55.386 W/ResourceType( 2519): No known package when getting name for resource number 0x9c010201
06-24 15:29:55.387 W/ResourceType( 2519): No known package when getting name for resource number 0x9c010301
06-24 15:29:55.387 W/ResourceType( 2519): No known package when getting name for resource number 0x9c010002
06-24 15:29:55.387 W/ResourceType( 2519): No known package when getting name for resource number 0x9c010102
06-24 15:29:55.387 W/ResourceType( 2519): No known package when getting name for resource number 0x9c010202
06-24 15:29:55.388 W/ResourceType( 2519): No known package when getting name for resource number 0x9c010302
06-24 15:29:55.388 W/ResourceType( 2519): No known package when getting name for resource number 0x9c010003
06-24 15:29:55.388 W/ResourceType( 2519): No known package when getting name for resource number 0x9c010103
06-24 15:29:55.389 W/ResourceType( 2519): No known package when getting name for resource number 0x9c010203
06-24 15:29:55.389 W/ResourceType( 2519): No known package when getting name for resource number 0x9c010303
06-24 15:29:55.389 W/ResourceType( 2519): No known package when getting name for resource number 0x9c010004
06-24 15:29:55.390 W/ResourceType( 2519): No known package when getting name for resource number 0x9c010104
06-24 15:29:55.390 W/ResourceType( 2519): No known package when getting name for resource number 0x9c010204
06-24 15:29:55.391 W/ResourceType( 2519): No known package when getting name for resource number 0x9c010304
06-24 15:29:55.417 I/zygote64(29532): Do full code cache collection, code=122KB, data=66KB
06-24 15:29:55.418 I/zygote64(29532): After code cache collection, code=89KB, data=41KB
06-24 15:29:55.429 I/appium  (29532): Skipping invisible child: android.view.accessibility.AccessibilityNodeInfo@933d; boundsInParent: Rect(0, 0 - 1080, 1580); boundsInScreen: Rect(0, 0 - -1080, 1532); packageName: com.huawei.android.launcher; className: android.view.ViewGroup; text: null; error: null; maxTextLength: -1; contentDescription: null; viewIdResName: com.huawei.android.launcher:id/workspace_screen; checkable: false; checked: false; focusable: false; focused: false; selected: false; clickable: true; longClickable: true; contextClickable: false; enabled: true; password: false; scrollable: false; importantForAccessibility: true; actions: [AccessibilityAction: ACTION_SELECT - null, AccessibilityAction: ACTION_CLEAR_SELECTION - null, AccessibilityAction: ACTION_CLICK - null, AccessibilityAction: ACTION_LONG_CLICK - null, AccessibilityAction: ACTION_ACCESSIBILITY_FOCUS - null, AccessibilityAction: ACTION_SHOW_ON_SCREEN - null]
06-24 15:29:55.430 I/appium  (29532): Skipping invisible child: android.view.accessibility.AccessibilityNodeInfo@96fe; boundsInParent: Rect(0, 0 - 1080, 1580); boundsInScreen: Rect(0, 0 - 0, 1532); packageName: com.huawei.android.launcher; className: android.view.ViewGroup; text: null; error: null; maxTextLength: -1; contentDescription: null; viewIdResName: com.huawei.android.launcher:id/workspace_screen; checkable: false; checked: false; focusable: false; focused: false; selected: false; clickable: true; longClickable: true; contextClickable: false; enabled: true; password: false; scrollable: false; importantForAccessibility: true; actions: [AccessibilityAction: ACTION_SELECT - null, AccessibilityAction: ACTION_CLEAR_SELECTION - null, AccessibilityAction: ACTION_CLICK - null, AccessibilityAction: ACTION_LONG_CLICK - null, AccessibilityAction: ACTION_ACCESSIBILITY_FOCUS - null, AccessibilityAction: ACTION_SHOW_ON_SCREEN - null]
06-24 15:29:55.436 I/appium  (29532): Skipping invisible child: android.view.accessibility.AccessibilityNodeInfo@14eef; boundsInParent: Rect(0, 0 - 93, 93); boundsInScreen: Rect(495, 0 - 584, 76); packageName: com.huawei.android.launcher; className: android.widget.ImageView; text: null; error: null; maxTextLength: -1; contentDescription: ; viewIdResName: com.huawei.android.launcher:id/default_screen_home_icon; checkable: false; checked: false; focusable: true; focused: false; selected: false; clickable: true; longClickable: false; contextClickable: false; enabled: true; password: false; scrollable: false; importantForAccessibility: true; actions: [AccessibilityAction: ACTION_FOCUS - null, AccessibilityAction: ACTION_SELECT - null, AccessibilityAction: ACTION_CLEAR_SELECTION - null, AccessibilityAction: ACTION_CLICK - null, AccessibilityAction: ACTION_ACCESSIBILITY_FOCUS - null, AccessibilityAction: ACTION_NEXT_AT_MOVEMENT_GRANULARITY - null, AccessibilityAction: ACTION_PREVIOUS_AT_MOVEMENT_GRANULARITY - null, AccessibilityAction: ACTION_SET_SELECTION - null, AccessibilityAction: ACTION_SHOW_ON_SCREEN - null]
06-24 15:29:55.439 I/appium  (29532): Skipping invisible child: android.view.accessibility.AccessibilityNodeInfo@152b0; boundsInParent: Rect(0, 0 - 93, 93); boundsInScreen: Rect(493, 0 - 586, 78); packageName: com.huawei.android.launcher; className: android.widget.ImageView; text: null; error: null; maxTextLength: -1; contentDescription: ; viewIdResName: com.huawei.android.launcher:id/default_screen_home_icon_bg; checkable: false; checked: false; focusable: true; focused: false; selected: false; clickable: true; longClickable: false; contextClickable: false; enabled: true; password: false; scrollable: false; importantForAccessibility: true; actions: [AccessibilityAction: ACTION_FOCUS - null, AccessibilityAction: ACTION_SELECT - null, AccessibilityAction: ACTION_CLEAR_SELECTION - null, AccessibilityAction: ACTION_CLICK - null, AccessibilityAction: ACTION_ACCESSIBILITY_FOCUS - null, AccessibilityAction: ACTION_NEXT_AT_MOVEMENT_GRANULARITY - null, AccessibilityAction: ACTION_PREVIOUS_AT_MOVEMENT_GRANULARITY - null, AccessibilityAction: ACTION_SET_SELECTION - null, AccessibilityAction: ACTION_SHOW_ON_SCREEN - null]
06-24 15:29:55.441 W/ResourceType( 2519): No known package when getting name for resource number 0x9c030000
06-24 15:29:55.445 W/ResourceType( 2519): No known package when getting name for resource number 0x9c030100
06-24 15:29:55.449 W/ResourceType( 2519): No known package when getting name for resource number 0x9c030200
06-24 15:29:55.452 W/ResourceType( 2519): No known package when getting name for resource number 0x9c030300
06-24 15:29:55.456 W/ResourceType( 2519): No known package when getting name for resource number 0x9c030001
06-24 15:29:55.460 W/ResourceType( 2519): No known package when getting name for resource number 0x9c030101
06-24 15:29:55.465 W/ResourceType( 2519): No known package when getting name for resource number 0x9c030201
06-24 15:29:55.473 W/ResourceType( 2519): No known package when getting name for resource number 0x9c030301
06-24 15:29:55.477 W/ResourceType( 2519): No known package when getting name for resource number 0x9c030002
06-24 15:29:55.481 W/ResourceType( 2519): No known package when getting name for resource number 0x9c030102
06-24 15:29:55.485 W/ResourceType( 2519): No known package when getting name for resource number 0x9c030202
06-24 15:29:55.490 W/ResourceType( 2519): No known package when getting name for resource number 0x9c030302
06-24 15:29:55.493 W/ResourceType( 2519): No known package when getting name for resource number 0x9c030003
06-24 15:29:55.497 W/ResourceType( 2519): No known package when getting name for resource number 0x9c030103
06-24 15:29:55.501 W/ResourceType( 2519): No known package when getting name for resource number 0x9c030203
06-24 15:29:55.505 W/ResourceType( 2519): No known package when getting name for resource number 0x9c030303
06-24 15:29:55.509 W/ResourceType( 2519): No known package when getting name for resource number 0x9c030004
06-24 15:29:55.512 W/ResourceType( 2519): No known package when getting name for resource number 0x9c030104
06-24 15:29:55.515 W/ResourceType( 2519): No known package when getting name for resource number 0x9c030204
06-24 15:29:55.520 W/ResourceType( 2519): No known package when getting name for resource number 0x9c030304
06-24 15:29:55.527 I/appium  (29532): Skipping invisible child: android.view.accessibility.AccessibilityNodeInfo@9e80; boundsInParent: Rect(0, 0 - 1080, 1580); boundsInScreen: Rect(1080, 0 - 1080, 1532); packageName: com.huawei.android.launcher; className: android.view.ViewGroup; text: null; error: null; maxTextLength: -1; contentDescription: null; viewIdResName: com.huawei.android.launcher:id/workspace_screen; checkable: false; checked: false; focusable: false; focused: false; selected: false; clickable: true; longClickable: true; contextClickable: false; enabled: true; password: false; scrollable: false; importantForAccessibility: true; actions: [AccessibilityAction: ACTION_SELECT - null, AccessibilityAction: ACTION_CLEAR_SELECTION - null, AccessibilityAction: ACTION_CLICK - null, AccessibilityAction: ACTION_LONG_CLICK - null, AccessibilityAction: ACTION_ACCESSIBILITY_FOCUS - null, AccessibilityAction: ACTION_SHOW_ON_SCREEN - null]
06-24 15:29:55.532 W/ResourceType( 2519): No known package when getting name for resource number 0x9b000000
06-24 15:29:55.533 W/ResourceType( 2519): No known package when getting name for resource number 0x9b010100
06-24 15:29:55.533 W/ResourceType( 2519): No known package when getting name for resource number 0x9b020200
06-24 15:29:55.533 W/ResourceType( 2519): No known package when getting name for resource number 0x9b030300
06-24 15:29:55.533 W/ResourceType( 2519): No known package when getting name for resource number 0x9b040400
06-24 15:29:55.545 I/appium  (29532): Fetch time: 130ms
06-24 15:29:55.769 I/zygote64(29532): Do partial code cache collection, code=122KB, data=62KB
06-24 15:29:55.770 I/zygote64(29532): After code cache collection, code=122KB, data=62KB
06-24 15:29:55.770 I/zygote64(29532): Increasing code cache capacity to 512KB
06-24 15:29:55.808 I/appium  (29532): AppiumResponse: {"sessionId":"2d604340-25b7-4bc5-874b-09ac3bd169d8","status":0,"value":"<?xml version=\"1.0\" encoding=\"UTF-8\"?><hierarchy rotation=\"0\"><android.widget.FrameLayout index=\"0\" text=\"\" class=\"android.widget.FrameLayout\" package=\"com.huawei.android.launcher\" content-desc=\"\" checkable=\"false\" checked=\"false\" clickable=\"false\" enabled=\"true\" focusable=\"false\" focused=\"false\" scrollable=\"false\" long-clickable=\"false\" password=\"false\" selected=\"false\" bounds=\"[0,0][1080,1920]\" resource-id=\"\" instance=\"0\"><android.widget.LinearLayout index=\"0\" text=\"\" class=\"android.widget.LinearLayout\" package=\"com.huawei.android.launcher\" content-desc=\"\" checkable=\"false\" checked=\"false\" clickable=\"false\" enabled=\"true\" focusable=\"false\" focused=\"false\" scrollable=\"false\" long-clickable=\"false\" password=\"false\" selected=\"false\" bounds=\"[0,0][1080,1920]\" resource-id=\"\" instance=\"0\"><android.widget.FrameLayout index=\"0\" text=\"\" class=\"android.widget.FrameLayout\" package=\"com.huawei.android.launcher\" content-desc=\"\" checkable=\"false\" checked=\"false\" clickable=\"false\" enabled=\"true\" focusable=\"false\" focused=\"false\" scrollable=\"false\" long-clickable=\"false\" password=\"false\" selected=\"false\" bounds=\"[0,0][1080,1920]\" resource-id=\"android:id\/content\" instance=\"1\"><android.widget.FrameLayout index=\"0\" text=\"\" class=\"android.widget.FrameLayout\" package=\"com.huawei.android.launcher\" content-desc=\"\" checkable=\"false\" checked=\"false\" clickable=\"false\" enabled=\"true\" focusable=\"false\" focused=\"false\" scrollable=\"false\" long-clickable=\"false\" password=\"false\" selected=\"false\" bounds=\"[0,0][1080,1920]\" resource-id=\"com.huawei.android.launcher:id\/drag_layer\" instance=\"2\"><android.view.ViewGroup index=\"0\" text=\"\" class=\"android.view.ViewGroup\" package=\"com.huawei.android.launcher\" content-desc=\" 3  4 \" checkable=\"false\" checked=\"false\" clickable=\"false\" enabled=\"true\" focusable=\"false\" focused=\"false\" scrollable=\"true\" long-clickable=\"false\" password=\"false\" selected=\"false\" bounds=\"[0,0][1080,1920]\" resource-id=\"com.huawei.android.launcher:id\/workspace\" instance=\"0\"><android.view.ViewGroup index=\"2\" text=\"\" class=\"android.view.ViewGroup\" package=\"com.huawei.android.launcher\" content-desc=\"\" checkable=\"false\" checked=\"false\" clickable=\"true\" enabled=\"true\" focusable=\"false\" focused=\"false\" scrollable=\"false\" long-clickable=\"true\" password=\"false\" selected=\"false\" bounds=\"[0,0][1080,1532]\" resource-id=\"com.huawei.android.launcher:id\/workspace_screen\" instance=\"1\"><android.widget.FrameLayout index=\"0\" text=\"\" class=\"android.widget.FrameLayout\" package=\"com.huawei.android.launcher\" content-desc=\"\" checkable=\"false\" checked=\"false\" clickable=\"false\" enabled=\"true\" focusable=\"false\" focused=\"false\" scrollable=\"false\" long-clickable=\"false\" password=\"false\" selected=\"false\" bounds=\"[12,0][1068,1514]\" resource-id=\"\" instance=\"3\"\/><android.view.ViewGroup index=\"1\" text=\"\" class=\"android.view.ViewGroup\" package=\"com.huawei.android.launcher\" content-desc=\"\" checkable=\"false\" checked=\"false\" clickable=\"false\" enabled=\"true\" focusable=\"false\" focused=\"false\" scrollable=\"false\" long-clickable=\"false\" password=\"false\" selected=\"false\" bounds=\"[12,0][1068,1514]\" resource-id=\"\" instance=\"2\"><android.widget.TextView index=\"0\" text=\"iTest\" class=\"android.widget.TextView\" package=\"com.huawei.android.launcher\" content-desc=\"\" checkable=\"false\" checked=\"false\" clickable=\"true\" enabled=\"true\" focusable=\"true\" focused=\"false\" scrollable=\"false\" long-clickable=\"true\" password=\"false\" selected=\"false\" bounds=\"[12,84][276,370]\" resource-id=\"\" instance=\"0\"\/><android.widget.TextView index=\"1\" text=\"WhatsApp\" class=\"android.widget.TextView\" package=\"com.huawei.android.launcher\" content-
06-24 15:29:55.876 W/libc    (  493): Set property "hw.wifi.dns_stat" to "28823,24601,5028,1,51951"
06-24 15:29:55.891 I/appium  (29532): channel read invoked!
06-24 15:29:55.891 I/appium  (29532): channel read: GET /wd/hub/session/2d604340-25b7-4bc5-874b-09ac3bd169d8/source
06-24 15:29:56.111 D/HwArpVerifier(  657): getGateWayARPResponses: arp rtt = 8
06-24 15:29:56.112 E/HwCHRWifiRSSIGroupSummery(  657): updatArpSummery mRSSI:-41  HwCHRWifiRSSIGroup [rssi_index=4, rtt_tcp_packets=0, rtt_tcp_duration=0, rtt_lan_duration=162, rtt_lan_failures=0, rtt_lan_succ=18, rtt_lan_max=13, rtt_lan_min=3,same_area_frequency=0,adjacent_area_frequency=0]
06-24 15:29:56.125 D/HwArpVerifier(  657): There are 1 mac address for gateway 
06-24 15:29:56.126 D/HwArpVerifier(  657): from HEART_CHECK transmit to state:HEART_CHECK
06-24 15:29:56.126 D/HwArpVerifier(  657): msg what=124 arg1(token)=6 arg2(mode)=0 delay=30000
06-24 15:29:56.126 D/HwArpVerifier(  657): performPollAndLog:
06-24 15:29:56.136 D/hw_netstat(  657): total/10114/2713,android.uid.system:1000/5745/1457,com.excelliance.dualaid/3929/1096,unknown:0/440/40,com.android.vending/0/120
06-24 15:29:56.176 D/HwWifiStatStore(  657): handleMessage : 200
06-24 15:29:56.370 D/NetWorkUtils( 1513): mVSimCurCardType is -1
06-24 15:29:56.373 D/NetWorkUtils( 1513): mVSimCurCardType is -1
06-24 15:29:56.498 W/ResourceType( 2519): No known package when getting name for resource number 0x9c010000
06-24 15:29:56.499 W/ResourceType( 2519): No known package when getting name for resource number 0x9c010100
06-24 15:29:56.499 W/ResourceType( 2519): No known package when getting name for resource number 0x9c010200
06-24 15:29:56.499 W/ResourceType( 2519): No known package when getting name for resource number 0x9c010300
06-24 15:29:56.499 W/ResourceType( 2519): No known package when getting name for resource number 0x9c010001
06-24 15:29:56.500 W/ResourceType( 2519): No known package when getting name for resource number 0x9c010101
06-24 15:29:56.500 W/ResourceType( 2519): No known package when getting name for resource number 0x9c010201
06-24 15:29:56.500 W/ResourceType( 2519): No known package when getting name for resource number 0x9c010301
06-24 15:29:56.500 W/ResourceType( 2519): No known package when getting name for resource number 0x9c010002
06-24 15:29:56.500 W/ResourceType( 2519): No known package when getting name for resource number 0x9c010102
06-24 15:29:56.501 W/ResourceType( 2519): No known package when getting name for resource number 0x9c010202
06-24 15:29:56.501 W/ResourceType( 2519): No known package when getting name for resource number 0x9c010302
06-24 15:29:56.501 W/ResourceType( 2519): No known package when getting name for resource number 0x9c010003
06-24 15:29:56.501 W/ResourceType( 2519): No known package when getting name for resource number 0x9c010103
06-24 15:29:56.501 W/ResourceType( 2519): No known package when getting name for resource number 0x9c010203
06-24 15:29:56.502 W/ResourceType( 2519): No known package when getting name for resource number 0x9c010303
06-24 15:29:56.502 W/ResourceType( 2519): No known package when getting name for resource number 0x9c010004
06-24 15:29:56.502 W/ResourceType( 2519): No known package when getting name for resource number 0x9c010104
06-24 15:29:56.502 W/ResourceType( 2519): No known package when getting name for resource number 0x9c010204
06-24 15:29:56.503 W/ResourceType( 2519): No known package when getting name for resource number 0x9c010304
06-24 15:29:56.543 I/appium  (29532): Skipping invisible child: android.view.accessibility.AccessibilityNodeInfo@933d; boundsInParent: Rect(0, 0 - 1080, 1580); boundsInScreen: Rect(0, 0 - -1080, 1532); packageName: com.huawei.android.launcher; className: android.view.ViewGroup; text: null; error: null; maxTextLength: -1; contentDescription: null; viewIdResName: com.huawei.android.launcher:id/workspace_screen; checkable: false; checked: false; focusable: false; focused: false; selected: false; clickable: true; longClickable: true; contextClickable: false; enabled: true; password: false; scrollable: false; importantForAccessibility: true; actions: [AccessibilityAction: ACTION_SELECT - null, AccessibilityAction: ACTION_CLEAR_SELECTION - null, AccessibilityAction: ACTION_CLICK - null, AccessibilityAction: ACTION_LONG_CLICK - null, AccessibilityAction: ACTION_ACCESSIBILITY_FOCUS - null, AccessibilityAction: ACTION_SHOW_ON_SCREEN - null]
06-24 15:29:56.544 I/appium  (29532): Skipping invisible child: android.view.accessibility.AccessibilityNodeInfo@96fe; boundsInParent: Rect(0, 0 - 1080, 1580); boundsInScreen: Rect(0, 0 - 0, 1532); packageName: com.huawei.android.launcher; className: android.view.ViewGroup; text: null; error: null; maxTextLength: -1; contentDescription: null; viewIdResName: com.huawei.android.launcher:id/workspace_screen; checkable: false; checked: false; focusable: false; focused: false; selected: false; clickable: true; longClickable: true; contextClickable: false; enabled: true; password: false; scrollable: false; importantForAccessibility: true; actions: [AccessibilityAction: ACTION_SELECT - null, AccessibilityAction: ACTION_CLEAR_SELECTION - null, AccessibilityAction: ACTION_CLICK - null, AccessibilityAction: ACTION_LONG_CLICK - null, AccessibilityAction: ACTION_ACCESSIBILITY_FOCUS - null, AccessibilityAction: ACTION_SHOW_ON_SCREEN - null]
06-24 15:29:56.549 I/appium  (29532): Skipping invisible child: android.view.accessibility.AccessibilityNodeInfo@14eef; boundsInParent: Rect(0, 0 - 93, 93); boundsInScreen: Rect(495, 0 - 584, 76); packageName: com.huawei.android.launcher; className: android.widget.ImageView; text: null; error: null; maxTextLength: -1; contentDescription: ; viewIdResName: com.huawei.android.launcher:id/default_screen_home_icon; checkable: false; checked: false; focusable: true; focused: false; selected: false; clickable: true; longClickable: false; contextClickable: false; enabled: true; password: false; scrollable: false; importantForAccessibility: true; actions: [AccessibilityAction: ACTION_FOCUS - null, AccessibilityAction: ACTION_SELECT - null, AccessibilityAction: ACTION_CLEAR_SELECTION - null, AccessibilityAction: ACTION_CLICK - null, AccessibilityAction: ACTION_ACCESSIBILITY_FOCUS - null, AccessibilityAction: ACTION_NEXT_AT_MOVEMENT_GRANULARITY - null, AccessibilityAction: ACTION_PREVIOUS_AT_MOVEMENT_GRANULARITY - null, AccessibilityAction: ACTION_SET_SELECTION - null, AccessibilityAction: ACTION_SHOW_ON_SCREEN - null]
06-24 15:29:56.553 I/appium  (29532): Skipping invisible child: android.view.accessibility.AccessibilityNodeInfo@152b0; boundsInParent: Rect(0, 0 - 93, 93); boundsInScreen: Rect(493, 0 - 586, 78); packageName: com.huawei.android.launcher; className: android.widget.ImageView; text: null; error: null; maxTextLength: -1; contentDescription: ; viewIdResName: com.huawei.android.launcher:id/default_screen_home_icon_bg; checkable: false; checked: false; focusable: true; focused: false; selected: false; clickable: true; longClickable: false; contextClickable: false; enabled: true; password: false; scrollable: false; importantForAccessibility: true; actions: [AccessibilityAction: ACTION_FOCUS - null, AccessibilityAction: ACTION_SELECT - null, AccessibilityAction: ACTION_CLEAR_SELECTION - null, AccessibilityAction: ACTION_CLICK - null, AccessibilityAction: ACTION_ACCESSIBILITY_FOCUS - null, AccessibilityAction: ACTION_NEXT_AT_MOVEMENT_GRANULARITY - null, AccessibilityAction: ACTION_PREVIOUS_AT_MOVEMENT_GRANULARITY - null, AccessibilityAction: ACTION_SET_SELECTION - null, AccessibilityAction: ACTION_SHOW_ON_SCREEN - null]
06-24 15:29:56.557 W/ResourceType( 2519): No known package when getting name for resource number 0x9c030000
06-24 15:29:56.563 W/ResourceType( 2519): No known package when getting name for resource number 0x9c030100
06-24 15:29:56.567 W/ResourceType( 2519): No known package when getting name for resource number 0x9c030200
06-24 15:29:56.573 W/ResourceType( 2519): No known package when getting name for resource number 0x9c030300
06-24 15:29:56.578 W/ResourceType( 2519): No known package when getting name for resource number 0x9c030001
06-24 15:29:56.583 W/ResourceType( 2519): No known package when getting name for resource number 0x9c030101
06-24 15:29:56.588 W/ResourceType( 2519): No known package when getting name for resource number 0x9c030201
06-24 15:29:56.596 W/ResourceType( 2519): No known package when getting name for resource number 0x9c030301
06-24 15:29:56.601 W/ResourceType( 2519): No known package when getting name for resource number 0x9c030002
06-24 15:29:56.607 W/ResourceType( 2519): No known package when getting name for resource number 0x9c030102
06-24 15:29:56.612 W/ResourceType( 2519): No known package when getting name for resource number 0x9c030202
06-24 15:29:56.617 W/ResourceType( 2519): No known package when getting name for resource number 0x9c030302
06-24 15:29:56.621 E/memtrack(26506): Couldn't load memtrack module
06-24 15:29:56.621 W/android.os.Debug(26506): failed to get memory consumption info: -1
06-24 15:29:56.623 W/ResourceType( 2519): No known package when getting name for resource number 0x9c030003
06-24 15:29:56.628 W/ResourceType( 2519): No known package when getting name for resource number 0x9c030103
06-24 15:29:56.634 W/ResourceType( 2519): No known package when getting name for resource number 0x9c030203
06-24 15:29:56.640 W/ResourceType( 2519): No known package when getting name for resource number 0x9c030303
06-24 15:29:56.647 W/ResourceType( 2519): No known package when getting name for resource number 0x9c030004
06-24 15:29:56.652 W/ResourceType( 2519): No known package when getting name for resource number 0x9c030104
06-24 15:29:56.655 W/ResourceType( 2519): No known package when getting name for resource number 0x9c030204
06-24 15:29:56.658 W/ResourceType( 2519): No known package when getting name for resource number 0x9c030304
06-24 15:29:56.662 I/appium  (29532): Skipping invisible child: android.view.accessibility.AccessibilityNodeInfo@9e80; boundsInParent: Rect(0, 0 - 1080, 1580); boundsInScreen: Rect(1080, 0 - 1080, 1532); packageName: com.huawei.android.launcher; className: android.view.ViewGroup; text: null; error: null; maxTextLength: -1; contentDescription: null; viewIdResName: com.huawei.android.launcher:id/workspace_screen; checkable: false; checked: false; focusable: false; focused: false; selected: false; clickable: true; longClickable: true; contextClickable: false; enabled: true; password: false; scrollable: false; importantForAccessibility: true; actions: [AccessibilityAction: ACTION_SELECT - null, AccessibilityAction: ACTION_CLEAR_SELECTION - null, AccessibilityAction: ACTION_CLICK - null, AccessibilityAction: ACTION_LONG_CLICK - null, AccessibilityAction: ACTION_ACCESSIBILITY_FOCUS - null, AccessibilityAction: ACTION_SHOW_ON_SCREEN - null]
06-24 15:29:56.664 W/ResourceType( 2519): No known package when getting name for resource number 0x9b000000
06-24 15:29:56.665 W/ResourceType( 2519): No known package when getting name for resource number 0x9b010100
06-24 15:29:56.665 W/ResourceType( 2519): No known package when getting name for resource number 0x9b020200
06-24 15:29:56.666 W/ResourceType( 2519): No known package when getting name for resource number 0x9b030300
06-24 15:29:56.666 W/ResourceType( 2519): No known package when getting name for resource number 0x9b040400
06-24 15:29:56.681 I/appium  (29532): Fetch time: 153ms
