06-24 15:30:59.757 V/WindowManager(  657): Check opening app=AppWindowToken{f840e78 token=Token{99183db ActivityRecord{a2db4ea u0 com.excelliance.dualaid/com.excelliance.kxqp.ui.HelloActivity t16013}}}: allDrawn=false startingDisplayed=false startingMoved=false isRelaunching()=false
06-24 15:30:59.760 D/PMS11422(  657): package:com.excelliance.dualaid, input flags:128, output hwFlags:0
06-24 15:30:59.765 D/HwCust  ( 1145): Create obj success use class android.app.HwCustActivityImpl
06-24 15:30:59.765 D/HwCust  ( 1145): Create obj success use class android.app.HwCustHwWallpaperManagerImpl
06-24 15:30:59.766 V/ActivityThread( 1145): ActivityThread,callActivityOnCreate
06-24 15:30:59.767 D/HelloActivity( 1145): Memory:25136M
06-24 15:30:59.768 D/HelloActivity( 1145): onCreate: true
06-24 15:30:59.770 D/HelloActivity( 1145): mIsNav = true
06-24 15:30:59.774 D/PMS11422(  657): package:com.excelliance.dualaid, input flags:128, output hwFlags:0
06-24 15:30:59.775 D/HelloActivity( 1145): requestShowOneKeyLoginConfig: 
06-24 15:30:59.775 D/PMS11422(  657): package:com.excelliance.dualaid, input flags:128, output hwFlags:0
06-24 15:30:59.775 D/PMS11422(  657): package:com.excelliance.dualaid, input flags:128, output hwFlags:0
06-24 15:30:59.775 D/GameUtilBuild( 1145): getCompVersion e:java.lang.NullPointerException: Attempt to invoke virtual method 'android.content.pm.PackageManager android.content.Context.getPackageManager()' on a null object reference
06-24 15:30:59.776 D/PMS11422(  657): package:com.excelliance.dualaid, input flags:0, output hwFlags:0
06-24 15:30:59.781 D/PMS11422(  657): package:com.excelliance.dualaid, input flags:128, output hwFlags:0
06-24 15:30:59.781 D/PMS11422(  657): package:com.excelliance.dualaid, input flags:128, output hwFlags:0
06-24 15:30:59.782 D/PMS1000 (  657): package:com.excelliance.dualaid, input flags:8192, output hwFlags:0
06-24 15:30:59.784 D/PMS1001 (  657): package:com.excelliance.dualaid, input flags:0, output hwFlags:0
06-24 15:30:59.787 D/PMS11422(  657): package:com.excelliance.dualaid, input flags:128, output hwFlags:0
06-24 15:30:59.787 I/chatty  (  657): uid=1000(system) Binder:657_14 identical 1 line
06-24 15:30:59.788 D/PMS11422(  657): package:com.excelliance.dualaid, input flags:128, output hwFlags:0
06-24 15:30:59.788 D/PMS11422(  657): package:com.excelliance.dualaid, input flags:128, output hwFlags:0
06-24 15:30:59.792 D/CubicBezierInterpolator( 1145): CubicBezierInterpolator  mControlPoint1x = 0.23, mControlPoint1y = 0.06, mControlPoint2x = 0.09, mControlPoint2y = 0.97
06-24 15:30:59.792 D/CubicBezierInterpolator( 1145): CubicBezierInterpolator  mControlPoint1x = 0.6, mControlPoint1y = 0.9, mControlPoint2x = 0.8, mControlPoint2y = 1.0
06-24 15:30:59.793 D/CubicBezierInterpolator( 1145): CubicBezierInterpolator  mControlPoint1x = 0.23, mControlPoint1y = 0.06, mControlPoint2x = 0.09, mControlPoint2y = 0.97
06-24 15:30:59.793 D/CubicBezierInterpolator( 1145): CubicBezierInterpolator  mControlPoint1x = 0.6, mControlPoint1y = 0.9, mControlPoint2x = 0.8, mControlPoint2y = 1.0
06-24 15:30:59.794 D/PMS11422(  657): package:com.excelliance.dualaid, input flags:128, output hwFlags:0
06-24 15:30:59.794 D/HwWechatOptimizeImpl( 1145): mIsEffect:false
06-24 15:30:59.799 D/HwRTBlurUtils( 1145): check blur style for HwPhoneWindow-, themeResId : 0x7f0e001c, context : com.excelliance.kxqp.ui.HelloActivity@c4029d0, Nhwext : 0, get Blur : disable with , null
06-24 15:30:59.801 V/HelloActivity( 1145): start add appType：0
06-24 15:30:59.800 D/PMS11422(  657): package:com.excelliance.dualaid, input flags:128, output hwFlags:0
06-24 15:30:59.801 D/PMS11422(  657): package:com.tencent.mm, input flags:0, output hwFlags:0
06-24 15:30:59.801 D/PMS11422(  657): package:com.excelliance.dualaid, input flags:128, output hwFlags:0
06-24 15:30:59.802 V/InitialData( 1206): capitalize:Hi6250_launch
06-24 15:30:59.802 V/GameUtil( 1206): getCurrentVersionByKey : hi6250_launch	current_hi6250_launch_version	Hi6250_launchVersion
06-24 15:30:59.803 V/GameUtil( 1206): saveVersionToFileByKey  xml_key :hi6250_launch  result:-1
06-24 15:30:59.806 V/GameUtil( 1206): getCurrentVersionByKey  hi6250_launch:-1
06-24 15:30:59.807 V/AddGameData( 1206): _applist:hi6250
06-24 15:30:59.807 V/InitialData( 1206): capitalize:Hi6250_applist
06-24 15:30:59.807 V/GameUtil( 1206): getCurrentVersionByKey : hi6250_applist	current_hi6250_applist_version	Hi6250_applistVersion
06-24 15:30:59.807 D/PMS11422(  657): package:com.excelliance.dualaid, input flags:128, output hwFlags:0
06-24 15:30:59.808 V/GameUtil( 1206): saveVersionToFileByKey  xml_key :hi6250_applist  result:-1
06-24 15:30:59.810 V/GameUtil( 1206): getCurrentVersionByKey  hi6250_applist:-1
06-24 15:30:59.810 V/InitialData( 1206): capitalize:Hi6250_notification
06-24 15:30:59.810 V/GameUtil( 1206): getCurrentVersionByKey : hi6250_notification	current_hi6250_notification_version	Hi6250_notificationVersion
06-24 15:30:59.811 D/PMS11422(  657): package:com.excelliance.dualaid, input flags:128, output hwFlags:0
06-24 15:30:59.811 V/GameUtil( 1206): saveVersionToFileByKey  xml_key :hi6250_notification  result:-1
06-24 15:30:59.811 E/HwResourcesImpl( 1145): readDefaultConfig : FileNotFoundException
06-24 15:30:59.813 V/GameUtil( 1206): getCurrentVersionByKey  hi6250_notification:-1
06-24 15:30:59.815 I/HwCust  ( 1145): Constructor found for class android.content.res.HwCustHwResourcesImpl
06-24 15:30:59.815 D/HwCust  ( 1145): Create obj success use class android.content.res.HwCustHwResourcesImpl
06-24 15:30:59.816 V/VersionManager( 1206): ver source:{"hi6250_launch":"0","hi6250_applist":"0","hi6250_notification":"0"}
06-24 15:30:59.816 V/VersionManager( 1206): ver :eyJoaTYyNTBfbGF1bmNoIjoiMCIsImhpNjI1MF9hcHBsaXN0IjoiMCIsImhpNjI1MF9ub3RpZmlj%0AYXRpb24iOiIwIn0%3D%0A
06-24 15:30:59.819 V/UrlUtil ( 1206): https://mto.multiopen.cn/dynamicphoneres.php?sdkver=2009&apkver=466&vn=4.0.6&compver=54302&mainver=231200&ver=eyJoaTYyNTBfbGF1bmNoIjoiMCIsImhpNjI1MF9hcHBsaXN0IjoiMCIsImhpNjI1MF9ub3RpZmlj%0AYXRpb24iOiIwIn0%3D%0A&chid=10019&subchid=1&type=20&uflag=2&pkg=com.excelliance.dualaid&api=26&release=8.0.0&abi=armeabi-v7a&abi2=armeabi&abilist=arm64-v8a%2Carmeabi-v7a%2Carmeabi&abilist32=armeabi-v7a%2Carmeabi&abilist64=arm64-v8a&brand=HONOR&manufacturer=HUAWEI&model=STF-AL10&product=STF-AL10&issl=1&sign=30820271308201daa0030201020204520332c2300d06092a864886f70d0101050500307c310b300906035504061302434e3111300f060355040813085368616e
06-24 15:30:59.820 D/VersionManager( 1206): httpsRequest getURL = https://mto.multiopen.cn/dynamicphoneres.php?sdkver=2009&apkver=466&vn=4.0.6&compver=54302&mainver=231200&ver=eyJoaTYyNTBfbGF1bmNoIjoiMCIsImhpNjI1MF9hcHBsaXN0IjoiMCIsImhpNjI1MF9ub3RpZmlj%0AYXRpb24iOiIwIn0%3D%0A&chid=10019&subchid=1&type=20&uflag=2&pkg=com.excelliance.dualaid&api=26&release=8.0.0&abi=armeabi-v7a&abi2=armeabi&abilist=arm64-v8a%2Carmeabi-v7a%2Carmeabi&abilist32=armeabi-v7a%2Carmeabi&abilist64=arm64-v8a&brand=HONOR&manufacturer=HUAWEI&model=STF-AL10&product=STF-AL10&issl=1&sign=30820271308201daa0030201020204520332c2300d06092a864886f70d0101050500307c310b300906035504061302434e3111300f060355040813085368616e
06-24 15:30:59.828 W/X509TrustManager( 1145): checkServerTrusted: SignatureException:null
06-24 15:30:59.828 W/X509TrustManager( 1145): checkServerTrusted: SignatureException:error:04000073:RSA routines:OPENSSL_internal:DATA_TOO_LARGE_FOR_MODULUS
06-24 15:30:59.832 D/PMS11422(  657): package:com.tencent.mm, input flags:0, output hwFlags:0
06-24 15:30:59.834 D/PMS11422(  657): package:com.tencent.mobileqq, input flags:0, output hwFlags:0
06-24 15:30:59.851 D/PMS11422(  657): package:com.tencent.mobileqq, input flags:0, output hwFlags:0
06-24 15:30:59.852 D/PMS11422(  657): package:com.ifreetalk.ftalk, input flags:0, output hwFlags:0
06-24 15:30:59.857 D/HwRecentsLockUtils( 1513): Search
06-24 15:30:59.857 E/HsmCoreServiceImpl( 1478): onTransact in code is: 103
06-24 15:30:59.857 I/MediaProcessHandler( 1478): playingUids: 
06-24 15:30:59.857 D/ActivityManager(  657): Skipping, home or recents stack task: TaskRecord{333215f #15658 A=com.huawei.android.launcher U=0 StackId=0 sz=1}
06-24 15:30:59.857 D/ActivityManager(  657): Skipping intent:act=android.intent.action.MAIN cat=[android.intent.category.LAUNCHER] flg=0x10a00000 cmp=io.appium.settings/.Settings
06-24 15:30:59.857 D/ActivityManager(  657): Skipping intent:flg=0x10804000 cmp=com.android.systemui/.recents.RecentsActivity bnds=[48,928][1032,2296]
06-24 15:30:59.857 D/ActivityManager(  657): Skipping intent:flg=0x18800000 cmp=com.tencent.mm/.plugin.base.stub.WXPayEntryActivity
06-24 15:30:59.857 D/ActivityManager(  657): Skipping intent:flg=0x10800000 cmp=com.huawei.systemmanager/com.huawei.permissionmanager.ui.MainActivity
06-24 15:30:59.857 D/ActivityManager(  657): Skipping intent:flg=0x18800000 cmp=com.tencent.mm/.plugin.base.stub.WXEntryActivity
06-24 15:30:59.857 D/ActivityManager(  657): Skipping intent:act=com.huawei.action.VOICE_ASSISTANT flg=0x10800000 pkg=com.huawei.vassistant cmp=com.huawei.vassistant/.ui.main.VAssistantActivity
06-24 15:30:59.857 D/ActivityManager(  657): Skipping intent:act=com.huawei.android.launcher.action.ACCESS_SPLIT_SCREEN_APP cat=[android.intent.category.DEFAULT] flg=0x10804000 cmp=com.huawei.android.launcher/.splitscreen.SplitScreenAppActivity
06-24 15:30:59.857 D/ActivityManager(  657): Skipping intent:flg=0x10800000 pkg=com.excelliance.dualaid.b64 cmp=com.excelliance.dualaid.b64/com.excelliance.kxqp.sdk.PermissionRequestActivity
06-24 15:30:59.857 D/ActivityManager(  657): Skipping intent:act=android.intent.action.VIEW dat=content://com.excelliance.dualaid.fileProvider/external_storage_root/Download/apk/Multiple_64.apk typ=application/vnd.android.package-archive flg=0x10800001 cmp=com.android.packageinstaller/.InstallStart
06-24 15:30:59.857 D/ActivityManager(  657): Skipping intent:flg=0x10800000 cmp=com.android.systemui/.usb.HwUsbDebuggingActivity
06-24 15:30:59.857 D/ActivityManager(  657): Skipping intent:act=android.deviceinfo.chooser.action.LAUNCH flg=0x10800000 hwFlg=0x100 pkg=com.android.settings cmp=com.android.settings/.deviceinfo.UsbConnModeChooserActivity
06-24 15:30:59.857 D/ActivityManager(  657): Skipping intent:flg=0x10800000 cmp=com.zol.android/.push.KeepLiveActivity
06-24 15:30:59.857 D/ActivityManager(  657): Skipping intent:act=android.intent.action.MAIN cat=[android.intent.category.HOME] flg=0x10800300 cmp=com.android.settings/.FallbackHome
06-24 15:30:59.859 W/X509TrustManager( 1206): checkServerTrusted: SignatureException:null
06-24 15:30:59.859 W/X509TrustManager( 1206): checkServerTrusted: SignatureException:error:04000073:RSA routines:OPENSSL_internal:DATA_TOO_LARGE_FOR_MODULUS
06-24 15:30:59.867 D/PMS11422(  657): package:com.ifreetalk.ftalk, input flags:0, output hwFlags:0
06-24 15:30:59.868 V/HelloActivity( 1145): end add appType：0
06-24 15:30:59.872 I/zygote  ( 1145): Do partial code cache collection, code=63KB, data=51KB
06-24 15:30:59.872 I/zygote  ( 1145): After code cache collection, code=62KB, data=51KB
06-24 15:30:59.872 I/zygote  ( 1145): Increasing code cache capacity to 256KB
06-24 15:30:59.880 D/HelloActivity( 1145): onSuccess: respone:{"code":1,"message":"success","data":{"switch":1},"service":"onekeyswitch"}
06-24 15:30:59.885 D/ActivityThread( 1145): add activity client record, r= ActivityRecord{2c2a792 token=android.os.BinderProxy@f7a1593 {com.excelliance.dualaid/com.excelliance.kxqp.ui.HelloActivity}} token= android.os.BinderProxy@f7a1593
06-24 15:30:59.887 D/OpenGLRenderer( 1145):   HWUI Binary is  enabled
06-24 15:30:59.889 V/WindowManager(  657): Adding Window{f187189 u0 com.excelliance.dualaid/com.excelliance.kxqp.ui.HelloActivity} to AppWindowToken{f840e78 token=Token{99183db ActivityRecord{a2db4ea u0 com.excelliance.dualaid/com.excelliance.kxqp.ui.HelloActivity t16013}}}
06-24 15:30:59.889 V/WindowManager(  657): addWindow: New client android.os.BinderProxy@b563490: window=Window{f187189 u0 com.excelliance.dualaid/com.excelliance.kxqp.ui.HelloActivity} Callers=com.android.server.wm.HwWindowManagerService.addWindow:562 com.android.server.wm.Session.addToDisplay:199 android.view.IWindowSession$Stub.onTransact:124 com.android.server.wm.Session.onTransact:161 android.os.Binder.execTransact:675 
06-24 15:30:59.891 V/MainActivity( 1145): onWindowFocusChanged: false
06-24 15:30:59.891 D/MainActivity( 1145): onWindowFocusChanged: end
06-24 15:30:59.891 D/HelloActivity( 1145): upload: com.tencent.mm,com.tencent.mobileqq,com.ifreetalk.ftalk
06-24 15:30:59.893 E/SmtServService( 1206): firststartcom.tencent.mm,com.tencent.mobileqq,com.ifreetalk.ftalk
06-24 15:30:59.893 D/OpenGLRenderer( 1145):   HWUI Binary is  enabled
06-24 15:30:59.895 D/PMS11422(  657): package:com.android.mms, input flags:0, output hwFlags:0
06-24 15:30:59.895 D/PMS11422(  657): package:com.android.settings, input flags:0, output hwFlags:0
06-24 15:30:59.896 D/PMS11422(  657): package:com.android.contacts, input flags:0, output hwFlags:0
06-24 15:30:59.909 D/PMS1000 (  657): package:com.excelliance.dualaid, input flags:8192, output hwFlags:0
06-24 15:30:59.910 W/HSM     ( 1813): HoldService:toast switch is close!
06-24 15:30:59.911 D/ApplicationPackageManager( 1145): getInstalledApplications blocked
06-24 15:30:59.911 D/HsmInterfaceImpl( 1145): List [ApplicationInfo{c67b351 com.huawei.hifolder}, ApplicationInfo{27037b6 com.github.shadowsocks}, ApplicationInfo{7855cb7 com.excelliance.dualaid}]
06-24 15:30:59.915 V/WindowManager(  657): Checking 1 opening apps (frozen=false timeout=false)...
06-24 15:30:59.915 V/WindowManager(  657): Check opening app=AppWindowToken{f840e78 token=Token{99183db ActivityRecord{a2db4ea u0 com.excelliance.dualaid/com.excelliance.kxqp.ui.HelloActivity t16013}}}: allDrawn=false startingDisplayed=false startingMoved=false isRelaunching()=false
06-24 15:30:59.916 D/VersionManager( 1206): xml=<?xml version="1.0" encoding="utf-8"?><upinfo></upinfo>
06-24 15:30:59.917 D/PMS11422(  657): package:com.tencent.tmgp.qqx5, input flags:0, output hwFlags:0
06-24 15:30:59.917 D/PMS11422(  657): package:com.huawei.android.pushagent, input flags:0, output hwFlags:0
06-24 15:30:59.918 D/PMS11422(  657): package:com.huawei.appmarket, input flags:0, output hwFlags:0
06-24 15:30:59.918 D/PMS11422(  657): package:com.wandoujia.phoenix2, input flags:0, output hwFlags:0
06-24 15:30:59.918 D/PMS11422(  657): package:com.tencent.mm, input flags:0, output hwFlags:0
06-24 15:30:59.918 D/PMS11422(  657): package:com.android.providers.media, input flags:0, output hwFlags:0
06-24 15:30:59.918 D/PMS11422(  657): package:com.huawei.vassistant, input flags:0, output hwFlags:0
06-24 15:30:59.918 D/PMS11422(  657): package:com.android.contacts, input flags:0, output hwFlags:0
06-24 15:30:59.918 D/PMS11422(  657): package:com.facebook.katana, input flags:0, output hwFlags:0
06-24 15:30:59.918 D/PMS11422(  657): package:com.huawei.hidisk, input flags:0, output hwFlags:536870912
06-24 15:30:59.919 D/PMS11422(  657): package:com.huawei.trustcircle, input flags:0, output hwFlags:0
06-24 15:30:59.919 D/PMS11422(  657): package:com.jingdong.app.mall, input flags:0, output hwFlags:0
06-24 15:30:59.919 D/PMS11422(  657): package:com.tencent.mobileqq, input flags:0, output hwFlags:0
06-24 15:30:59.919 D/PMS11422(  657): package:com.zol.android, input flags:0, output hwFlags:0
06-24 15:30:59.919 V/HwPhoneWindowManager(  657): updateSystemUiColorLw window=Window{f187189 u0 com.excelliance.dualaid/com.excelliance.kxqp.ui.HelloActivity},EmuiStyle=0,StatusBarColor=0x0,NavigationBarColor=0xff000000, mLastIsEmuiLightStyle=-1
06-24 15:30:59.919 D/PMS11422(  657): package:com.huawei.hiskytone, input flags:0, output hwFlags:603979776
06-24 15:30:59.919 D/HwPhoneWindowManager(  657): Transact:setSystemUIColor to status bar service
06-24 15:30:59.919 D/PMS11422(  657): package:com.huawei.hwid, input flags:0, output hwFlags:0
06-24 15:30:59.919 I/CommandQueue( 1513): updateBarBgColor
06-24 15:30:59.919 D/CommandQueue( 1513): CommandQueue, setBarBackgroundColor
06-24 15:30:59.919 D/PMS11422(  657): package:com.sina.weibo, input flags:0, output hwFlags:0
06-24 15:30:59.920 D/PMS11422(  657): package:com.antutu.ABenchMark, input flags:0, output hwFlags:0
06-24 15:30:59.920 D/TintManager( 1513): statusBarIconTint=#99FFFFFF,navigationBarIconTint=#FF000000
06-24 15:30:59.920 D/PMS11422(  657): package:com.sankuai.meituan.takeoutnew, input flags:0, output hwFlags:0
06-24 15:30:59.920 I/WindowManager(  657): notifyAccessibilityButtonVisibilityChanged visible:false
06-24 15:30:59.920 D/PMS11422(  657): package:com.vmall.client, input flags:0, output hwFlags:67108864
06-24 15:30:59.920 D/PMS11422(  657): package:com.android.browser, input flags:0, output hwFlags:0
06-24 15:30:59.920 D/PMS11422(  657): package:com.eg.android.AlipayGphone, input flags:0, output hwFlags:0
06-24 15:30:59.920 D/PMS11422(  657): package:com.android.mediacenter, input flags:0, output hwFlags:0
06-24 15:30:59.920 W/ActivityManager(  657): Sending non-protected broadcast huawei.action.floattasks.STATUS_BAR_STATE_CHANGED from system 1513:com.android.systemui/u0a39 pkg com.android.systemui
06-24 15:30:59.920 D/PMS11422(  657): package:com.huawei.himovie, input flags:0, output hwFlags:0
06-24 15:30:59.920 D/PMS11422(  657): package:com.huawei.hnreader, input flags:0, output hwFlags:67108864
06-24 15:30:59.921 D/PMS11422(  657): package:com.twitter.android, input flags:0, output hwFlags:0
06-24 15:30:59.921 D/PMS11422(  657): package:com.baidu.input_huawei, input flags:0, output hwFlags:0
06-24 15:30:59.921 D/PMS11422(  657): package:com.google.android.gms, input flags:0, output hwFlags:0
06-24 15:30:59.921 V/WindowManager(  657): Checking 1 opening apps (frozen=false timeout=false)...
06-24 15:30:59.921 V/WindowManager(  657): Check opening app=AppWindowToken{f840e78 token=Token{99183db ActivityRecord{a2db4ea u0 com.excelliance.dualaid/com.excelliance.kxqp.ui.HelloActivity t16013}}}: allDrawn=false startingDisplayed=false startingMoved=false isRelaunching()=false
06-24 15:30:59.921 D/PMS11422(  657): package:com.sankuai.meituan, input flags:0, output hwFlags:0
06-24 15:30:59.921 D/PMS11422(  657): package:com.tencent.news, input flags:0, output hwFlags:0
06-24 15:30:59.921 D/PMS11422(  657): package:com.iflytek.speechsuite, input flags:0, output hwFlags:0
06-24 15:30:59.921 D/PMS11422(  657): package:com.qzone, input flags:0, output is null
06-24 15:30:59.922 D/PMS11422(  657): package:com.tencent.android.qqdownloader, input flags:0, output hwFlags:0
06-24 15:30:59.922 D/PMS11422(  657): package:com.tencent.now, input flags:0, output is null
06-24 15:30:59.922 D/PMS11422(  657): package:com.ifreetalk.ftalk, input flags:0, output hwFlags:0
06-24 15:30:59.922 D/PMS11422(  657): package:com.taobao.taobao, input flags:0, output hwFlags:0
06-24 15:30:59.923 D/PMS11422(  657): package:com.android.gallery3d, input flags:0, output hwFlags:0
06-24 15:30:59.923 D/PMS11422(  657): package:com.pp.assistant, input flags:0, output hwFlags:0
06-24 15:30:59.923 D/PMS11422(  657): package:com.oppo.market, input flags:0, output hwFlags:0
06-24 15:30:59.923 D/PMS11422(  657): package:com.excean.wxaid, input flags:0, output hwFlags:0
06-24 15:30:59.923 D/PMS11422(  657): package:com.huawei.intelligent, input flags:0, output hwFlags:0
06-24 15:30:59.924 V/WindowManager(  657): Checking 1 opening apps (frozen=false timeout=false)...
06-24 15:30:59.924 D/PMS11422(  657): package:com.google.android.backuptransport, input flags:0, output hwFlags:0
06-24 15:30:59.924 V/WindowManager(  657): Check opening app=AppWindowToken{f840e78 token=Token{99183db ActivityRecord{a2db4ea u0 com.excelliance.dualaid/com.excelliance.kxqp.ui.HelloActivity t16013}}}: allDrawn=false startingDisplayed=false startingMoved=false isRelaunching()=false
06-24 15:30:59.924 D/PMS11422(  657): package:com.huawei.skytone, input flags:0, output hwFlags:0
06-24 15:30:59.924 D/PMS11422(  657): package:com.estrongs.android.pop, input flags:0, output hwFlags:0
06-24 15:30:59.924 D/PMS11422(  657): package:com.redfinger.app, input flags:0, output hwFlags:0
06-24 15:30:59.924 D/PMS11422(  657): package:com.android.vending, input flags:0, output hwFlags:0
06-24 15:30:59.924 D/PMS11422(  657): package:org.hapjs.mockup, input flags:0, output hwFlags:0
06-24 15:30:59.924 I/GRALLOC (  679): 	 shrFd=10,fmt=0x1,intFmt=0x200000001,btStrd=4352,size=8486912,pid=679 
06-24 15:30:59.924 I/GRALLOC (  679): 	 yuv=2,w=1080,h=1920,Stride u=0 v=0,offset u=0 v=0 
06-24 15:30:59.924 I/GRALLOC (  679): 	 iova_size=8486912,conUsg=0x900,proUsg=0x900,	 strd=1088,[afbc]HdrStrd=1088 PyldStrd=69632 Scrmbl=2,ionhnd = 1 
06-24 15:30:59.924 D/PMS11422(  657): package:com.huawei.gamebox, input flags:0, output hwFlags:603979776
06-24 15:30:59.924 D/PMS11422(  657): package:com.tencent.tmgp.pubgmhd-ext, input flags:0, output is null
06-24 15:30:59.925 D/PMS11422(  657): package:com.stickgame.los2, input flags:0, output hwFlags:0
06-24 15:30:59.925 D/PMS11422(  657): package:com.qihoo.appstore, input flags:0, output hwFlags:0
06-24 15:30:59.925 D/PMS11422(  657): package:com.huawei.android.thememanager, input flags:0, output hwFlags:0
06-24 15:30:59.925 D/PMS11422(  657): package:com.excean.parallelspace, input flags:0, output hwFlags:0
06-24 15:30:59.925 D/PMS11422(  657): package:com.UCMobile, input flags:0, output hwFlags:0
06-24 15:30:59.925 D/PMS11422(  657): package:com.bbk.appstore, input flags:0, output hwFlags:0
06-24 15:30:59.925 W//system/bin/hwservicemanager(  416): Cannot open /odm/manifest.xml
06-24 15:30:59.925 D/PMS11422(  657): package:com.excean.ppaid, input flags:0, output hwFlags:0
06-24 15:30:59.926 D/PMS11422(  657): package:com.netease.blockchain, input flags:0, output hwFlags:0
06-24 15:30:59.926 D/PMS11422(  657): package:com.huawei.camera, input flags:0, output hwFlags:0
06-24 15:30:59.926 D/PMS11422(  657): package:com.sinovatech.unicom.ui, input flags:0, output hwFlags:0
06-24 15:30:59.926 D/PMS11422(  657): package:com.huawei.phoneservice, input flags:0, output hwFlags:0
06-24 15:30:59.926 D/PMS11422(  657): package:com.crisisfire.android.nearme.gamecenter, input flags:0, output hwFlags:0
06-24 15:30:59.926 D/PMS11422(  657): package:com.antutu.benchmark.full, input flags:0, output hwFlags:0
06-24 15:30:59.926 D/PMS11422(  657): package:com.xunmeng.pinduoduo, input flags:0, output hwFlags:0
06-24 15:30:59.926 D/PMS11422(  657): package:com.zhuowang.cloneapp, input flags:0, output hwFlags:0
06-24 15:30:59.927 D/PMS11422(  657): package:com.excean.parallelspace.b64, input flags:0, output hwFlags:0
06-24 15:30:59.927 D/PMS11422(  657): package:com.excelliance.multiaccounts.b64, input flags:0, output hwFlags:0
06-24 15:30:59.927 D/PMS11422(  657): package:com.xiangyou.multispace, input flags:0, output hwFlags:0
06-24 15:30:59.927 I/GRALLOC (  679): 	 shrFd=10,fmt=0x1,intFmt=0x200000001,btStrd=4352,size=8486912,pid=679 
06-24 15:30:59.927 I/GRALLOC (  679): 	 yuv=2,w=1080,h=1920,Stride u=0 v=0,offset u=0 v=0 
06-24 15:30:59.927 I/GRALLOC (  679): 	 iova_size=8486912,conUsg=0x900,proUsg=0x900,	 strd=1088,[afbc]HdrStrd=1088 PyldStrd=69632 Scrmbl=2,ionhnd = 1 
06-24 15:30:59.927 D/PMS11422(  657): package:com.youlong.multiaccount, input flags:0, output hwFlags:0
06-24 15:30:59.927 D/PMS11422(  657): package:com.gameloft.android.ANMP.GloftA9HM, input flags:0, output hwFlags:0
06-24 15:30:59.927 D/PMS11422(  657): package:com.excelliance.dualaid.b64, input flags:0, output hwFlags:0
06-24 15:30:59.927 D/AddGameData( 1145): switch_uninstall: 70
06-24 15:30:59.929 I/GRALLOC (  679): 	 shrFd=10,fmt=0x1,intFmt=0x200000001,btStrd=4352,size=8486912,pid=679 
06-24 15:30:59.929 I/GRALLOC (  679): 	 yuv=2,w=1080,h=1920,Stride u=0 v=0,offset u=0 v=0 
06-24 15:30:59.929 I/GRALLOC (  679): 	 iova_size=8486912,conUsg=0x900,proUsg=0x900,	 strd=1088,[afbc]HdrStrd=1088 PyldStrd=69632 Scrmbl=2,ionhnd = 1 
06-24 15:30:59.929 D/mali_winsys( 1145): EGLint new_window_surface(egl_winsys_display *, void *, EGLSurface, EGLConfig, egl_winsys_surface **, egl_color_buffer_format *, EGLBoolean) returns 0x3000
06-24 15:30:59.929 D/PMS1000 (  657): package:com.excelliance.dualaid, input flags:8192, output hwFlags:0
06-24 15:30:59.931 W/HSM     ( 1813): HoldService:toast switch is close!
06-24 15:30:59.931 D/ApplicationPackageManager( 1145): queryIntentActivitiesAsUser blocked, Intent { act=android.intent.action.MAIN cat=[android.intent.category.LAUNCHER] pkg=com.huawei.hifolder }
06-24 15:30:59.931 D/HsmInterfaceImpl( 1145): List []
06-24 15:30:59.935 W/HSM     ( 1813): HoldService:toast switch is close!
06-24 15:30:59.936 D/ApplicationPackageManager( 1145): queryIntentActivitiesAsUser blocked, Intent { act=android.intent.action.MAIN cat=[android.intent.category.LAUNCHER] pkg=com.github.shadowsocks }
06-24 15:30:59.936 D/HsmInterfaceImpl( 1145): List [ResolveInfo{da7c7d9 com.github.shadowsocks/.MainActivity m=0x108000}]
06-24 15:30:59.937 W/InputMethodManager( 1145): startInputReason = 1
06-24 15:30:59.939 I/wangchen( 7035): SysInfo.getSysParam: orientation=1||config d=3.0,w=1080,h=1920||metrics d=3.0,w=1080,h=1920||sdk=26,bar_h=72
06-24 15:30:59.939 I/KeymapLoader( 7035): w=1080 h=1920 ori=true appScale=3.3 s1=3.0
06-24 15:30:59.959 D/PMS1000 (  657): package:com.excelliance.dualaid, input flags:8192, output hwFlags:0
06-24 15:30:59.960 W/HSM     ( 1813): HoldService:toast switch is close!
06-24 15:30:59.960 I/GRALLOC (  679): 	 shrFd=10,fmt=0x1,intFmt=0x200000001,btStrd=4352,size=8486912,pid=679 
06-24 15:30:59.960 I/GRALLOC (  679): 	 yuv=2,w=1080,h=1920,Stride u=0 v=0,offset u=0 v=0 
06-24 15:30:59.960 I/GRALLOC (  679): 	 iova_size=8486912,conUsg=0xb00,proUsg=0xb00,	 strd=1088,[afbc]HdrStrd=1088 PyldStrd=69632 Scrmbl=2,ionhnd = 1 
06-24 15:30:59.961 D/ApplicationPackageManager( 1145): queryIntentActivitiesAsUser blocked, Intent { act=android.intent.action.MAIN cat=[android.intent.category.LAUNCHER] pkg=com.excelliance.dualaid }
06-24 15:30:59.961 D/HsmInterfaceImpl( 1145): List [ResolveInfo{537987f com.excelliance.dualaid/com.excelliance.kxqp.ui.HelloActivity m=0x108000}]
06-24 15:30:59.967 D/WindowManager(  657): finishDrawingWindow: Window{f187189 u0 com.excelliance.dualaid/com.excelliance.kxqp.ui.HelloActivity} mDrawState=DRAW_PENDING
06-24 15:30:59.968 V/WindowManager(  657): Checking 1 opening apps (frozen=false timeout=false)...
06-24 15:30:59.968 V/WindowManager(  657): Check opening app=AppWindowToken{f840e78 token=Token{99183db ActivityRecord{a2db4ea u0 com.excelliance.dualaid/com.excelliance.kxqp.ui.HelloActivity t16013}}}: allDrawn=true startingDisplayed=false startingMoved=false isRelaunching()=false
06-24 15:30:59.974 I/ActivityManager(  657): Displayed com.excelliance.dualaid/com.excelliance.kxqp.ui.HelloActivity: +217ms
06-24 15:30:59.976 V/WindowManager(  657): Checking 0 opening apps (frozen=false timeout=false)...
06-24 15:30:59.981 I/GRALLOC (  679): 	 shrFd=10,fmt=0x1,intFmt=0x200000001,btStrd=4352,size=8486912,pid=679 
06-24 15:30:59.981 I/GRALLOC (  679): 	 yuv=2,w=1080,h=1920,Stride u=0 v=0,offset u=0 v=0 
06-24 15:30:59.981 I/GRALLOC (  679): 	 iova_size=8486912,conUsg=0xb00,proUsg=0xb00,	 strd=1088,[afbc]HdrStrd=1088 PyldStrd=69632 Scrmbl=2,ionhnd = 1 
06-24 15:30:59.981 D/BarTransitions.HwPhoneStatusBarView( 1513): MODE_TRANSLUCENT -> MODE_TRANSPARENT animate=false
06-24 15:30:59.982 D/BarTransitions.HwPhoneStatusBarView( 1513): applyModeBackground oldMode=MODE_TRANSLUCENT newMode=MODE_TRANSPARENT animate=false
06-24 15:30:59.986 I/GRALLOC (  679): 	 shrFd=10,fmt=0x1,intFmt=0x200000001,btStrd=4352,size=8486912,pid=679 
06-24 15:30:59.986 I/GRALLOC (  679): 	 yuv=2,w=1080,h=1920,Stride u=0 v=0,offset u=0 v=0 
06-24 15:30:59.986 I/GRALLOC (  679): 	 iova_size=8486912,conUsg=0xb00,proUsg=0xb00,	 strd=1088,[afbc]HdrStrd=1088 PyldStrd=69632 Scrmbl=2,ionhnd = 1 
06-24 15:30:59.988 D/PMS1000 (  657): package:com.excelliance.dualaid, input flags:8192, output hwFlags:0
06-24 15:30:59.989 W/HSM     ( 1813): HoldService:toast switch is close!
06-24 15:30:59.990 E/BufferQueueProducer(  710): [com.excelliance.dualaid/com.excelliance.kxqp.swipe.NavActivity2#0] disconnect: not connected (req=1)
06-24 15:30:59.990 W/libEGL  ( 1145): EGLNativeWindowType 0xd0cc1808 disconnect failed
06-24 15:30:59.990 D/ApplicationPackageManager( 1145): queryIntentActivitiesAsUser blocked, Intent { act=android.intent.action.MAIN cat=[android.intent.category.LAUNCHER] pkg=com.tencent.tmgp.qqx5 }
06-24 15:30:59.990 D/HsmInterfaceImpl( 1145): List [ResolveInfo{7c40895 com.tencent.tmgp.qqx5/.DGMMainActivity m=0x108000}]
06-24 15:31:00.001 D/BarTransitions.HwNavigationBarView( 1513): MODE_OPAQUE -> MODE_TRANSPARENT animate=false
06-24 15:31:00.001 D/BarTransitions.HwNavigationBarView( 1513): applyModeBackground oldMode=MODE_OPAQUE newMode=MODE_TRANSPARENT animate=false
06-24 15:31:00.003 V/AlarmManager(  657): Received TIME_TICK alarm; rescheduling
06-24 15:31:00.003 I/HwAlarmManagerService(  657): hwSetAlarm listenerTag: time_tick
06-24 15:31:00.004 E/DateView( 1513): DateView,mCurrentTime: 1529825460004
06-24 15:31:00.019 W/HwKeyguardDragHelper( 1513): AnimationBlocked
06-24 15:31:00.023 I/EventCenter( 1513): EventCenter Get :android.intent.action.TIME_TICK
06-24 15:31:00.025 W/ResourceType( 1513): No known package when getting value for resource number 0xffffffff
06-24 15:31:00.025 E/DateLunarView( 1513): mDateString is: 6月24日星期日
06-24 15:31:00.025 W/ResourceType( 1513): No known package when getting value for resource number 0xffffffff
06-24 15:31:00.025 E/DateLunarView( 1513): mDateString is: 6月24日星期日
06-24 15:31:00.026 D/KeyguardUpdateMonitor( 1513): received broadcast android.intent.action.TIME_TICK
06-24 15:31:00.026 D/KeyguardUpdateMonitor( 1513): handleTimeUpdate
06-24 15:31:00.026 I/KeyguardStatusView( 1513): Runnable for refresh
06-24 15:31:00.030 I/HwLauncher( 2519): Model  onReceive intent=Intent { act=android.intent.action.TIME_TICK flg=0x50200014 hwFlg=0x900 (has extras) }
06-24 15:31:00.030 I/HwLauncher( 2519): Model  onReceive user=UserHandle{0}
06-24 15:31:00.035 I/Step_LSC( 3140): 80002326|processHandleBroadcastAction action:android.intent.action.TIME_TICK
06-24 15:31:00.042 I/Step_SPUtils( 3140): 80002326|setAliveRecord  success: timestampArg=1529825460035 elapsedRealtimeArg=108198884
06-24 15:31:00.044 D/PMS1000 (  657): package:com.excelliance.dualaid, input flags:8192, output hwFlags:0
06-24 15:31:00.045 W/HSM     ( 1813): HoldService:toast switch is close!
06-24 15:31:00.046 D/ApplicationPackageManager( 1145): queryIntentActivitiesAsUser blocked, Intent { act=android.intent.action.MAIN cat=[android.intent.category.LAUNCHER] pkg=com.huawei.android.pushagent }
06-24 15:31:00.046 D/HsmInterfaceImpl( 1145): List []
06-24 15:31:00.050 W/HSM     ( 1813): HoldService:toast switch is close!
06-24 15:31:00.051 D/ApplicationPackageManager( 1145): queryIntentActivitiesAsUser blocked, Intent { act=android.intent.action.MAIN cat=[android.intent.category.LAUNCHER] pkg=com.huawei.appmarket }
06-24 15:31:00.051 D/HsmInterfaceImpl( 1145): List [ResolveInfo{8b73d9b com.huawei.appmarket/.MainActivity m=0x108000}]
06-24 15:31:00.055 E/asset   ( 1145): createFromFile(): lock file /data/resource-cache/system@emui@base@overlay@frameworkhwexthonor@frameworkhwexthonor.apk@idmap.
06-24 15:31:00.055 E/asset   ( 1145): createFromFile(): lock file /data/resource-cache/system@emui@base@overlay@frameworkhwexthonor@frameworkhwexthonor.apk@idmap.
06-24 15:31:00.055 W/ResourceType( 1145): Found multiple library tables, ignoring...
06-24 15:31:00.056 W/ExpandableNotificationRow( 1513): setActionsBackground,null == view,mPublicLayout
06-24 15:31:00.056 W/ExpandableNotificationRow( 1513): setActionsBackground,null == view,mPrivateLayout
06-24 15:31:00.057 W/ExpandableNotificationRow( 1513): setActionsBackground,null == view,mPublicLayout
06-24 15:31:00.057 W/ExpandableNotificationRow( 1513): setActionsBackground,null == view,mPrivateLayout
06-24 15:31:00.057 W/ExpandableNotificationRow( 1513): setActionsBackground,null == view,mPublicLayout
06-24 15:31:00.057 W/ExpandableNotificationRow( 1513): setActionsBackground,null == view,mPrivateLayout
06-24 15:31:00.057 W/ExpandableNotificationRow( 1513): setActionsBackground,null == view,mPublicLayout
06-24 15:31:00.057 W/ExpandableNotificationRow( 1513): setActionsBackground,null == view,mPrivateLayout
06-24 15:31:00.058 W/ExpandableNotificationRow( 1513): setActionsBackground,null == view,mPublicLayout
06-24 15:31:00.058 W/ExpandableNotificationRow( 1513): setActionsBackground,null == view,mPrivateLayout
06-24 15:31:00.058 W/ExpandableNotificationRow( 1513): setActionsBackground,null == view,mPublicLayout
06-24 15:31:00.058 W/ExpandableNotificationRow( 1513): setActionsBackground,null == view,mPrivateLayout
06-24 15:31:00.058 W/ExpandableNotificationRow( 1513): setActionsBackground,null == view,mPublicLayout
06-24 15:31:00.058 W/ExpandableNotificationRow( 1513): setActionsBackground,null == view,mPrivateLayout
06-24 15:31:00.058 W/ExpandableNotificationRow( 1513): setActionsBackground,null == view,mPublicLayout
06-24 15:31:00.058 W/ExpandableNotificationRow( 1513): setActionsBackground,null == view,mPrivateLayout
06-24 15:31:00.059 W/ExpandableNotificationRow( 1513): setActionsBackground,null == view,mPublicLayout
06-24 15:31:00.059 W/ExpandableNotificationRow( 1513): setActionsBackground,null == view,mPrivateLayout
06-24 15:31:00.059 W/ExpandableNotificationRow( 1513): setActionsBackground,null == view,mPublicLayout
06-24 15:31:00.059 W/ExpandableNotificationRow( 1513): setActionsBackground,null == view,mPrivateLayout
06-24 15:31:00.059 W/ExpandableNotificationRow( 1513): setActionsBackground,null == view,mPublicLayout
06-24 15:31:00.059 W/ExpandableNotificationRow( 1513): setActionsBackground,null == view,mPrivateLayout
06-24 15:31:00.059 W/ExpandableNotificationRow( 1513): setActionsBackground,null == view,mPublicLayout
06-24 15:31:00.059 W/ExpandableNotificationRow( 1513): setActionsBackground,null == view,mPrivateLayout
06-24 15:31:00.059 W/ExpandableNotificationRow( 1513): setActionsBackground,null == view,mPublicLayout
06-24 15:31:00.059 W/ExpandableNotificationRow( 1513): setActionsBackground,null == view,mPrivateLayout
06-24 15:31:00.060 W/ExpandableNotificationRow( 1513): setActionsBackground,null == view,mPublicLayout
06-24 15:31:00.060 W/ExpandableNotificationRow( 1513): setActionsBackground,null == view,mPrivateLayout
06-24 15:31:00.060 W/ExpandableNotificationRow( 1513): setActionsBackground,null == view,mPublicLayout
06-24 15:31:00.060 W/ExpandableNotificationRow( 1513): setActionsBackground,null == view,mPrivateLayout
06-24 15:31:00.060 W/ExpandableNotificationRow( 1513): setActionsBackground,null == view,mPublicLayout
06-24 15:31:00.060 W/ExpandableNotificationRow( 1513): setActionsBackground,null == view,mPrivateLayout
06-24 15:31:00.060 W/ExpandableNotificationRow( 1513): setActionsBackground,null == view,mPublicLayout
06-24 15:31:00.060 W/ExpandableNotificationRow( 1513): setActionsBackground,null == view,mPrivateLayout
06-24 15:31:00.060 W/ExpandableNotificationRow( 1513): setActionsBackground,null == view,mPublicLayout
06-24 15:31:00.060 W/ExpandableNotificationRow( 1513): setActionsBackground,null == view,mPrivateLayout
06-24 15:31:00.061 W/ExpandableNotificationRow( 1513): setActionsBackground,null == view,mPublicLayout
06-24 15:31:00.061 W/ExpandableNotificationRow( 1513): setActionsBackground,null == view,mPrivateLayout
06-24 15:31:00.061 W/ExpandableNotificationRow( 1513): setActionsBackground,null == view,mPublicLayout
06-24 15:31:00.061 W/ExpandableNotificationRow( 1513): setActionsBackground,null == view,mPrivateLayout
06-24 15:31:00.061 W/ExpandableNotificationRow( 1513): setActionsBackground,null == view,mPublicLayout
06-24 15:31:00.061 W/ExpandableNotificationRow( 1513): setActionsBackground,null == view,mPrivateLayout
06-24 15:31:00.061 W/ExpandableNotificationRow( 1513): setActionsBackground,null == view,mPublicLayout
06-24 15:31:00.061 W/ExpandableNotificationRow( 1513): setActionsBackground,null == view,mPrivateLayout
06-24 15:31:00.061 W/ExpandableNotificationRow( 1513): setActionsBackground,null == view,mPublicLayout
06-24 15:31:00.061 W/ExpandableNotificationRow( 1513): setActionsBackground,null == view,mPrivateLayout
06-24 15:31:00.062 W/ExpandableNotificationRow( 1513): setActionsBackground,null == view,mPublicLayout
06-24 15:31:00.062 W/ExpandableNotificationRow( 1513): setActionsBackground,null == view,mPrivateLayout
06-24 15:31:00.062 W/ExpandableNotificationRow( 1513): setActionsBackground,null == view,mPublicLayout
06-24 15:31:00.062 W/ExpandableNotificationRow( 1513): setActionsBackground,null == view,mPrivateLayout
06-24 15:31:00.062 W/ExpandableNotificationRow( 1513): setActionsBackground,null == view,mPublicLayout
06-24 15:31:00.062 W/ExpandableNotificationRow( 1513): setActionsBackground,null == view,mPrivateLayout
06-24 15:31:00.062 W/ExpandableNotificationRow( 1513): setActionsBackground,null == view,mPublicLayout
06-24 15:31:00.062 W/ExpandableNotificationRow( 1513): setActionsBackground,null == view,mPrivateLayout
06-24 15:31:00.062 W/ExpandableNotificationRow( 1513): setActionsBackground,null == view,mPublicLayout
06-24 15:31:00.062 W/ExpandableNotificationRow( 1513): setActionsBackground,null == view,mPrivateLayout
06-24 15:31:00.063 W/ExpandableNotificationRow( 1513): setActionsBackground,null == view,mPublicLayout
06-24 15:31:00.063 W/ExpandableNotificationRow( 1513): setActionsBackground,null == view,mPrivateLayout
06-24 15:31:00.063 W/ExpandableNotificationRow( 1513): setActionsBackground,null == view,mPublicLayout
06-24 15:31:00.063 W/ExpandableNotificationRow( 1513): setActionsBackground,null == view,mPrivateLayout
06-24 15:31:00.063 W/ExpandableNotificationRow( 1513): setActionsBackground,null == view,mPublicLayout
06-24 15:31:00.063 W/ExpandableNotificationRow( 1513): setActionsBackground,null == view,mPrivateLayout
06-24 15:31:00.063 W/HwKeyguardDragHelper( 1513): AnimationBlocked
06-24 15:31:00.083 D/HwRecentsLockUtils( 1513): Search
06-24 15:31:00.083 E/HsmCoreServiceImpl( 1478): onTransact in code is: 103
06-24 15:31:00.083 I/MediaProcessHandler( 1478): playingUids: 
06-24 15:31:00.084 D/ActivityManager(  657): Skipping, home or recents stack task: TaskRecord{333215f #15658 A=com.huawei.android.launcher U=0 StackId=0 sz=1}
06-24 15:31:00.084 D/ActivityManager(  657): Skipping intent:act=android.intent.action.MAIN cat=[android.intent.category.LAUNCHER] flg=0x10a00000 cmp=io.appium.settings/.Settings
06-24 15:31:00.084 D/ActivityManager(  657): Skipping intent:flg=0x10804000 cmp=com.android.systemui/.recents.RecentsActivity bnds=[48,928][1032,2296]
06-24 15:31:00.084 D/ActivityManager(  657): Skipping intent:flg=0x18800000 cmp=com.tencent.mm/.plugin.base.stub.WXPayEntryActivity
06-24 15:31:00.084 D/ActivityManager(  657): Skipping intent:flg=0x10800000 cmp=com.huawei.systemmanager/com.huawei.permissionmanager.ui.MainActivity
06-24 15:31:00.084 D/ActivityManager(  657): Skipping intent:flg=0x18800000 cmp=com.tencent.mm/.plugin.base.stub.WXEntryActivity
06-24 15:31:00.084 D/ActivityManager(  657): Skipping intent:act=com.huawei.action.VOICE_ASSISTANT flg=0x10800000 pkg=com.huawei.vassistant cmp=com.huawei.vassistant/.ui.main.VAssistantActivity
06-24 15:31:00.084 D/ActivityManager(  657): Skipping intent:act=com.huawei.android.launcher.action.ACCESS_SPLIT_SCREEN_APP cat=[android.intent.category.DEFAULT] flg=0x10804000 cmp=com.huawei.android.launcher/.splitscreen.SplitScreenAppActivity
06-24 15:31:00.084 D/ActivityManager(  657): Skipping intent:flg=0x10800000 pkg=com.excelliance.dualaid.b64 cmp=com.excelliance.dualaid.b64/com.excelliance.kxqp.sdk.PermissionRequestActivity
06-24 15:31:00.084 D/ActivityManager(  657): Skipping intent:act=android.intent.action.VIEW dat=content://com.excelliance.dualaid.fileProvider/external_storage_root/Download/apk/Multiple_64.apk typ=application/vnd.android.package-archive flg=0x10800001 cmp=com.android.packageinstaller/.InstallStart
06-24 15:31:00.084 D/ActivityManager(  657): Skipping intent:flg=0x10800000 cmp=com.android.systemui/.usb.HwUsbDebuggingActivity
06-24 15:31:00.084 D/ActivityManager(  657): Skipping intent:act=android.deviceinfo.chooser.action.LAUNCH flg=0x10800000 hwFlg=0x100 pkg=com.android.settings cmp=com.android.settings/.deviceinfo.UsbConnModeChooserActivity
06-24 15:31:00.084 D/ActivityManager(  657): Skipping intent:flg=0x10800000 cmp=com.zol.android/.push.KeepLiveActivity
06-24 15:31:00.084 D/ActivityManager(  657): Skipping intent:act=android.intent.action.MAIN cat=[android.intent.category.HOME] flg=0x10800300 cmp=com.android.settings/.FallbackHome
06-24 15:31:00.085 I/[HwRecSys]TimerController( 2647): onMinuteChange requestWeather
06-24 15:31:00.104 D/PMS1000 (  657): package:com.excelliance.dualaid, input flags:8192, output hwFlags:0
06-24 15:31:00.105 W/HSM     ( 1813): HoldService:toast switch is close!
06-24 15:31:00.106 D/ApplicationPackageManager( 1145): queryIntentActivitiesAsUser blocked, Intent { act=android.intent.action.MAIN cat=[android.intent.category.LAUNCHER] pkg=com.wandoujia.phoenix2 }
06-24 15:31:00.106 D/HsmInterfaceImpl( 1145): List [ResolveInfo{67f8a76 com.wandoujia.phoenix2/com.pp.assistant.activity.PPMainActivity m=0x108000}]
06-24 15:31:00.125 D/DateTimeView( 1513): Change to single clock mode!
06-24 15:31:00.125 V/BroadcastQueue(  657): Finished with ordered broadcast BroadcastRecord{952c9a u-1 android.intent.action.TIME_TICK}
06-24 15:31:00.149 D/PMS1000 (  657): package:com.excelliance.dualaid, input flags:8192, output hwFlags:0
06-24 15:31:00.126 D/DateTimeView( 1513): Change to single clock mode!
06-24 15:31:00.153 W/HSM     ( 1813): HoldService:toast switch is close!
06-24 15:31:00.154 D/ApplicationPackageManager( 1145): queryIntentActivitiesAsUser blocked, Intent { act=android.intent.action.MAIN cat=[android.intent.category.LAUNCHER] pkg=com.tencent.mm }
06-24 15:31:00.154 D/HsmInterfaceImpl( 1145): List [ResolveInfo{222dce4 com.tencent.mm/.ui.LauncherUI m=0x108000}]
06-24 15:31:00.174 W/HSM     ( 1813): HoldService:toast switch is close!
06-24 15:31:00.174 D/ApplicationPackageManager( 1145): queryIntentActivitiesAsUser blocked, Intent { act=android.intent.action.MAIN cat=[android.intent.category.LAUNCHER] pkg=com.android.providers.media }
06-24 15:31:00.174 D/HsmInterfaceImpl( 1145): List []
06-24 15:31:00.178 W/HSM     ( 1813): HoldService:toast switch is close!
06-24 15:31:00.179 D/ApplicationPackageManager( 1145): queryIntentActivitiesAsUser blocked, Intent { act=android.intent.action.MAIN cat=[android.intent.category.LAUNCHER] pkg=com.huawei.vassistant }
06-24 15:31:00.179 D/HsmInterfaceImpl( 1145): List [ResolveInfo{47db54d com.huawei.vassistant/.ui.main.VAssistantActivity m=0x108000}]
06-24 15:31:00.184 E/asset   ( 1145): createFromFile(): lock file /data/resource-cache/system@emui@base@overlay@frameworkhwexthonor@frameworkhwexthonor.apk@idmap.
06-24 15:31:00.184 E/asset   ( 1145): createFromFile(): lock file /data/resource-cache/system@emui@base@overlay@frameworkhwexthonor@frameworkhwexthonor.apk@idmap.
06-24 15:31:00.184 W/ResourceType( 1145): Found multiple library tables, ignoring...
06-24 15:31:00.193 V/ActivityManager(  657): Making visible and scheduling visibility: ActivityRecord{d5c9105 u0 com.huawei.android.launcher/.unihome.UniHomeLauncher t15658}
06-24 15:31:00.194 V/WindowManager(  657): No longer Stopped: AppWindowToken{d3a938b token=Token{377755a ActivityRecord{d5c9105 u0 com.huawei.android.launcher/.unihome.UniHomeLauncher t15658}}}
06-24 15:31:00.241 D/ActivityThread( 1145): Remove activity client record, r= ActivityRecord{414755e token=android.os.BinderProxy@31abee5 {com.excelliance.dualaid/com.excelliance.kxqp.swipe.NavActivity2}} token= android.os.BinderProxy@31abee5
06-24 15:31:00.242 V/ActivityThread( 2519): Handle window ActivityRecord{4719bb8 token=android.os.BinderProxy@b3fca27 {com.huawei.android.launcher/com.huawei.android.launcher.unihome.UniHomeLauncher}} visibility: true
06-24 15:31:00.242 D/HwQoEUtils(  657): mForegroundAppPackageName: com.huawei.android.launcher ,score: 0
06-24 15:31:00.242 D/HwQoEUtils(  657): onForegroundAppWifiSleepChange: config:false, sleeptime:-1,type: 255, appname:com.huawei.android.launcher
06-24 15:31:00.242 E/HwLauncher( 2519): SettingsEx , no such field.
06-24 15:31:00.242 W/HwLauncher( 2519): Clock getDataFormat the getSystemString failed.
06-24 15:31:00.243 D/HwQoEUtils(  657): APP type: 255 appName= com.huawei.android.launcher
06-24 15:31:00.243 V/WindowManager(  657): removeIfPossible: Window{d71e9b8 u0 com.excelliance.dualaid/com.excelliance.kxqp.swipe.NavActivity2} callers=com.android.server.wm.WindowState.removeIfPossible:1914 com.android.server.wm.WindowManagerService.removeWindow:2022 com.android.server.wm.Session.remove:218 android.view.IWindowSession$Stub.onTransact:242 com.android.server.wm.Session.onTransact:161 
06-24 15:31:00.244 I/WindowManager(  657): Destroying surface Surface(name=com.excelliance.dualaid/com.excelliance.kxqp.swipe.NavActivity2) called by com.android.server.wm.WindowStateAnimator.destroySurface:2060 com.android.server.wm.WindowStateAnimator.destroySurfaceLocked:873 com.android.server.wm.HwWindowStateAnimator.destroySurfaceLocked:1006 com.android.server.wm.WindowState.removeImmediately:1899 com.android.server.wm.WindowState.removeIfPossible:2051 com.android.server.wm.WindowState.removeIfPossible:1914 com.android.server.wm.WindowManagerService.removeWindow:2022 com.android.server.wm.Session.remove:218 
06-24 15:31:00.245 V/WindowManager(  657): postWindowRemoveCleanupLocked: Window{d71e9b8 u0 com.excelliance.dualaid/com.excelliance.kxqp.swipe.NavActivity2}
06-24 15:31:00.245 V/WindowManager(  657): Removing Window{d71e9b8 u0 com.excelliance.dualaid/com.excelliance.kxqp.swipe.NavActivity2} from AppWindowToken{57f0d5d token=Token{7114b34 ActivityRecord{6e70e07 u0 com.excelliance.dualaid/com.excelliance.kxqp.swipe.NavActivity2 t16013}}}
06-24 15:31:00.245 D/HwQoEUtils(  657): no game, APP_TYPE_GAME, appName =com.huawei.android.launcher
06-24 15:31:00.246 D/HwGameAssistantController(  657): pid=2519, uid=10056, foreground=true
06-24 15:31:00.250 W/AwareLog(  657): SchedLevelBoost: onFgActivitiesChanged config not set!
06-24 15:31:00.252 D/PMS1000 (  657): package:com.excelliance.dualaid, input flags:8192, output hwFlags:0
06-24 15:31:00.254 I/HwNetworkPolicy(  657): onTransact, code = 203
06-24 15:31:00.254 I/HwNetworkPolicyManager( 1813): getHwUidPolicy uid = 10056 policy = 0
06-24 15:31:00.255 V/WindowManager(  657): removeAppToken: AppWindowToken{57f0d5d token=Token{7114b34 ActivityRecord{6e70e07 u0 com.excelliance.dualaid/com.excelliance.kxqp.swipe.NavActivity2 t16013}}} delayed=false Callers=com.android.server.wm.DisplayContent.removeAppToken:985 com.android.server.wm.AppWindowContainerController.removeContainer:348 com.android.server.am.ActivityRecord.removeWindowContainer:1039 com.android.server.am.ActivityStack.removeActivityFromHistoryLocked:4491 
06-24 15:31:00.256 W/HSM     ( 1813): HoldService:toast switch is close!
06-24 15:31:00.259 D/ApplicationPackageManager( 1145): queryIntentActivitiesAsUser blocked, Intent { act=android.intent.action.MAIN cat=[android.intent.category.LAUNCHER] pkg=com.facebook.katana }
06-24 15:31:00.259 D/HsmInterfaceImpl( 1145): List [ResolveInfo{ba2e350 com.facebook.katana/.LoginActivity m=0x108000}]
06-24 15:31:00.276 D/mali_winsys( 2519): EGLint new_window_surface(egl_winsys_display *, void *, EGLSurface, EGLConfig, egl_winsys_surface **, egl_color_buffer_format *, EGLBoolean) returns 0x3000
06-24 15:31:00.278 I/GRALLOC (  679): 	 shrFd=10,fmt=0x1,intFmt=0x200000001,btStrd=4352,size=8486912,pid=679 
06-24 15:31:00.278 I/GRALLOC (  679): 	 yuv=2,w=1080,h=1920,Stride u=0 v=0,offset u=0 v=0 
06-24 15:31:00.278 I/GRALLOC (  679): 	 iova_size=8486912,conUsg=0x900,proUsg=0x900,	 strd=1088,[afbc]HdrStrd=1088 PyldStrd=69632 Scrmbl=2,ionhnd = 1 
06-24 15:31:00.283 I/chatty  (  679): uid=1000(system) allocator@2.0-s identical 1 line
06-24 15:31:00.289 I/GRALLOC (  679): 	 shrFd=10,fmt=0x1,intFmt=0x200000001,btStrd=4352,size=8486912,pid=679 
06-24 15:31:00.289 I/GRALLOC (  679): 	 yuv=2,w=1080,h=1920,Stride u=0 v=0,offset u=0 v=0 
06-24 15:31:00.289 I/GRALLOC (  679): 	 iova_size=8486912,conUsg=0x900,proUsg=0x900,	 strd=1088,[afbc]HdrStrd=1088 PyldStrd=69632 Scrmbl=2,ionhnd = 1 
06-24 15:31:00.319 I/GRALLOC (  679): 	 shrFd=10,fmt=0x1,intFmt=0x200000001,btStrd=4352,size=8486912,pid=679 
06-24 15:31:00.319 I/GRALLOC (  679): 	 yuv=2,w=1080,h=1920,Stride u=0 v=0,offset u=0 v=0 
06-24 15:31:00.319 I/GRALLOC (  679): 	 iova_size=8486912,conUsg=0xb00,proUsg=0xb00,	 strd=1088,[afbc]HdrStrd=1088 PyldStrd=69632 Scrmbl=2,ionhnd = 1 
06-24 15:31:00.331 E/asset   ( 1145): createFromFile(): lock file /data/resource-cache/system@emui@base@overlay@frameworkhwexthonor@frameworkhwexthonor.apk@idmap.
06-24 15:31:00.331 E/asset   ( 1145): createFromFile(): lock file /data/resource-cache/system@emui@base@overlay@frameworkhwexthonor@frameworkhwexthonor.apk@idmap.
06-24 15:31:00.331 W/ResourceType( 1145): Found multiple library tables, ignoring...
06-24 15:31:00.339 D/WindowManager(  657): finishDrawingWindow: Window{68d6975 u0 com.huawei.android.launcher/com.huawei.android.launcher.unihome.UniHomeLauncher} mDrawState=DRAW_PENDING
06-24 15:31:00.340 D/ImageWallpaper( 1513): onOffsetsChanged: xOffset=0.0, yOffset=0.0, xOffsetStep=0.0, yOffsetStep=0.0, xPixels=0, yPixels=0
06-24 15:31:00.341 D/ImageWallpaper( 1513): Suppressed drawFrame since redraw is not needed and offsets have not changed.sf=Rect(0, 0 - 2160, 1920)
06-24 15:31:00.341 D/ImageWallpaper( 1513): onVisibilityChanged: mVisible, visible=false, true
06-24 15:31:00.341 D/ImageWallpaper( 1513): Visibility changed to visible=true
