06-24 16:28:32.649 D/ActivityManager(  657): Skipping intent:act=android.deviceinfo.chooser.action.LAUNCH flg=0x10800000 hwFlg=0x100 pkg=com.android.settings cmp=com.android.settings/.deviceinfo.UsbConnModeChooserActivity
06-24 16:28:32.649 D/ActivityManager(  657): Skipping intent:flg=0x10800000 cmp=com.zol.android/.push.KeepLiveActivity
06-24 16:28:32.649 D/ActivityManager(  657): Skipping intent:act=android.intent.action.MAIN cat=[android.intent.category.HOME] flg=0x10800300 cmp=com.android.settings/.FallbackHome
06-24 16:28:32.656 D/HwWechatOptimizeImpl(30442): mIsEffect:false
06-24 16:28:32.663 D/PayUtil (30442): sp is empty
06-24 16:28:32.665 D/PayUtil (30442): 本地不存在文件
06-24 16:28:32.667 D/PayUtil (30442): sRid = 
06-24 16:28:32.670 D/PMS1000 (  657): package:com.excelliance.dualaid, input flags:8192, output hwFlags:0
06-24 16:28:32.671 W/HSM     ( 1813): HoldService:toast switch is close!
06-24 16:28:32.671 D/PayUtil (30442): sRid = 
06-24 16:28:32.672 D/ApplicationPackageManager(30411): queryIntentActivitiesAsUser blocked, Intent { act=android.intent.action.MAIN cat=[android.intent.category.LAUNCHER] pkg=com.bbk.appstore }
06-24 16:28:32.672 D/HsmInterfaceImpl(30411): List [ResolveInfo{e78cb2a com.bbk.appstore/.ui.AppStore m=0x108000}]
06-24 16:28:32.673 D/lyl     (30442): GridviewContainerLayout:createList:-2147483646
06-24 16:28:32.673 D/PayUtil (30442): sRid = 
06-24 16:28:32.674 D/PlatSdk (30442): max:0
06-24 16:28:32.677 D/PlatSdk (30442): max:0
06-24 16:28:32.677 D/PlatSdk (30442): current = 0
06-24 16:28:32.696 W/HSM     ( 1813): HoldService:toast switch is close!
06-24 16:28:32.697 D/ApplicationPackageManager(30411): queryIntentActivitiesAsUser blocked, Intent { act=android.intent.action.MAIN cat=[android.intent.category.LAUNCHER] pkg=com.excean.ppaid }
06-24 16:28:32.697 D/HsmInterfaceImpl(30411): List [ResolveInfo{232aeb8 com.excean.ppaid/com.excelliance.kxqp.ui.HelloActivity m=0x108000}]
06-24 16:28:32.697 D/MainFragment(30442): onActivityCreated
06-24 16:28:32.699 D/MainFragment(30442): initial
06-24 16:28:32.700 E/ViewUtils(30442): setBgDrawable: view==null:top
06-24 16:28:32.701 E/ViewUtils(30442): setBgColor: view==null:streamMainGap
06-24 16:28:32.702 E/ViewUtils(30442): setTextColor: view==null:tv_news
06-24 16:28:32.702 E/ViewUtils(30442): setBgColor: view==null:tv_news_left
06-24 16:28:32.702 E/ViewUtils(30442): setBgColor: view==null:tv_news_right
06-24 16:28:32.709 D/MainFragment(30442): iv_iconId:_2131493019
06-24 16:28:32.710 D/PayUtil (30442): sRid = 
06-24 16:28:32.711 D/PayUtil (30442): sRid = 
06-24 16:28:32.712 D/PayUtil (30442): no pay dex...
06-24 16:28:32.719 D/PayUtil (30442): sRid = 
06-24 16:28:32.720 D/PayUtil (30442): no pay dex...
06-24 16:28:32.721 V/AdManager(30442): clSharebanner.i:1
06-24 16:28:32.723 D/PayUtil (30442): sRid = 
06-24 16:28:32.724 D/PayUtil (30442): no pay dex...
06-24 16:28:32.726 W/HSM     ( 1813): HoldService:toast switch is close!
06-24 16:28:32.727 D/ApplicationPackageManager(30411): queryIntentActivitiesAsUser blocked, Intent { act=android.intent.action.MAIN cat=[android.intent.category.LAUNCHER] pkg=com.netease.blockchain }
06-24 16:28:32.727 D/HsmInterfaceImpl(30411): List [ResolveInfo{8306ff6 com.netease.blockchain/.business.main.MainActivity m=0x108000}]
06-24 16:28:32.733 D/AdManager(30442): initAdvNew
06-24 16:28:32.736 D/PayUtil (30442): sRid = 
06-24 16:28:32.737 D/PayUtil (30442): no pay dex...
06-24 16:28:32.738 D/PayUtil (30442): sRid = 
06-24 16:28:32.738 D/PayUtil (30442): no pay dex...
06-24 16:28:32.744 D/PayUtil (30442): sRid = 
06-24 16:28:32.745 D/PayUtil (30442): sRid = 
06-24 16:28:32.747 D/PayUtil (30442): no pay dex...
06-24 16:28:32.750 D/AppShortcutGridAdapter(30442): screen:1080 X 1920
06-24 16:28:32.750 D/PayUtil (30442): sRid = 
06-24 16:28:32.752 D/PayUtil (30442): no pay dex...
06-24 16:28:32.753 D/PMS1000 (  657): package:com.excelliance.dualaid, input flags:8192, output hwFlags:0
06-24 16:28:32.754 W/HSM     ( 1813): HoldService:toast switch is close!
06-24 16:28:32.755 D/ApplicationPackageManager(30411): queryIntentActivitiesAsUser blocked, Intent { act=android.intent.action.MAIN cat=[android.intent.category.LAUNCHER] pkg=com.huawei.camera }
06-24 16:28:32.755 D/HsmInterfaceImpl(30411): List [ResolveInfo{8bffe64 com.huawei.camera/com.huawei.camera m=0x108000}]
06-24 16:28:32.755 D/PayUtil (30442): sRid = 
06-24 16:28:32.757 D/PayUtil (30442): no pay dex...
06-24 16:28:32.758 D/PayUtil (30442): sRid = 
06-24 16:28:32.759 E/asset   (30411): createFromFile(): lock file /data/resource-cache/system@emui@base@overlay@frameworkhwexthonor@frameworkhwexthonor.apk@idmap.
06-24 16:28:32.759 E/asset   (30411): createFromFile(): lock file /data/resource-cache/system@emui@base@overlay@frameworkhwexthonor@frameworkhwexthonor.apk@idmap.
06-24 16:28:32.760 W/ResourceType(30411): Found multiple library tables, ignoring...
06-24 16:28:32.763 D/PMS11423(  657): package:com.excelliance.dualaid.b64, input flags:0, output hwFlags:0
06-24 16:28:32.765 D/PMS11423(  657): package:com.excelliance.dualaid.b64, input flags:0, output hwFlags:0
06-24 16:28:32.766 D/PlatSdk (30442): current = 0
06-24 16:28:32.769 D/GameUtil(30442): start ...
06-24 16:28:32.769 D/GameUtil(30442): end ...
06-24 16:28:32.769 D/PMS11423(  657): package:com.tencent.mm, input flags:0, output hwFlags:0
06-24 16:28:32.772 D/PMS11423(  657): package:com.tencent.mm, input flags:0, output hwFlags:0
06-24 16:28:32.781 E/HwResourcesImpl(30442): readDefaultConfig : FileNotFoundException
06-24 16:28:32.785 I/HwCust  (30442): Constructor found for class android.content.res.HwCustHwResourcesImpl
06-24 16:28:32.785 D/HwCust  (30442): Create obj success use class android.content.res.HwCustHwResourcesImpl
06-24 16:28:32.794 D/PMS1000 (  657): package:com.excelliance.dualaid, input flags:8192, output hwFlags:0
06-24 16:28:32.795 W/HSM     ( 1813): HoldService:toast switch is close!
06-24 16:28:32.796 D/ApplicationPackageManager(30411): queryIntentActivitiesAsUser blocked, Intent { act=android.intent.action.MAIN cat=[android.intent.category.LAUNCHER] pkg=com.sinovatech.unicom.ui }
06-24 16:28:32.796 D/HsmInterfaceImpl(30411): List [ResolveInfo{c687493 com.sinovatech.unicom.ui/.WelcomeClient m=0x108000}]
06-24 16:28:32.801 D/PMS1000 (  657): package:com.excelliance.dualaid, input flags:0, output hwFlags:0
06-24 16:28:32.801 D/PMS1000 (  657): package:com.excelliance.dualaid, input flags:8192, output hwFlags:0
06-24 16:28:32.803 D/PMS1000 (  657): package:com.excelliance.dualaid, input flags:8192, output hwFlags:0
06-24 16:28:32.804 W/HSM     ( 1813): HoldService:toast switch is close!
06-24 16:28:32.805 D/ApplicationPackageManager(30442): queryIntentActivitiesAsUser blocked, Intent { act=android.intent.action.MAIN cat=[android.intent.category.LAUNCHER] pkg=com.tencent.mm }
06-24 16:28:32.805 D/HsmInterfaceImpl(30442): List [ResolveInfo{bd201e2 com.tencent.mm/.ui.LauncherUI m=0x108000}]
06-24 16:28:32.805 D/PMS11423(  657): package:com.tencent.mobileqq, input flags:0, output hwFlags:0
06-24 16:28:32.807 D/PMS11423(  657): package:com.tencent.mobileqq, input flags:0, output hwFlags:0
06-24 16:28:32.824 D/PMS1000 (  657): package:com.excelliance.dualaid, input flags:8192, output hwFlags:0
06-24 16:28:32.825 W/HSM     ( 1813): HoldService:toast switch is close!
06-24 16:28:32.825 W/HSM     ( 1813): HoldService:toast switch is close!
06-24 16:28:32.825 D/ApplicationPackageManager(30411): queryIntentActivitiesAsUser blocked, Intent { act=android.intent.action.MAIN cat=[android.intent.category.LAUNCHER] pkg=com.huawei.phoneservice }
06-24 16:28:32.825 D/HsmInterfaceImpl(30411): List [ResolveInfo{bda54c9 com.huawei.phoneservice/.LaunchActivity m=0x108000}]
06-24 16:28:32.826 D/ApplicationPackageManager(30442): queryIntentActivitiesAsUser blocked, Intent { act=android.intent.action.MAIN cat=[android.intent.category.LAUNCHER] pkg=com.tencent.mobileqq }
06-24 16:28:32.826 D/HsmInterfaceImpl(30442): List [ResolveInfo{724d030 com.tencent.mobileqq/.activity.SplashActivity m=0x108000}]
06-24 16:28:32.826 D/PMS11423(  657): package:com.ifreetalk.ftalk, input flags:0, output hwFlags:0
06-24 16:28:32.827 D/PMS11423(  657): package:com.ifreetalk.ftalk, input flags:0, output hwFlags:0
06-24 16:28:32.829 E/asset   (30411): createFromFile(): lock file /data/resource-cache/system@emui@base@overlay@frameworkhwexthonor@frameworkhwexthonor.apk@idmap.
06-24 16:28:32.829 E/asset   (30411): createFrom