06-24 16:29:53.616 I/dex2oat ( 4540): dex2oat took 212.671ms (439.647ms cpu) (threads: 4) arena alloc=62KB (63816B) java alloc=2MB (2283472B) native alloc=2MB (2305488B) free=3MB (3461680B)
06-24 16:29:53.616 E/NfcNci  ( 2677): NfcUtils error: APP have nfc permission
06-24 16:29:53.622 D/CarrierSvcBindHelper( 1715): No carrier app for: 0
06-24 16:29:53.623 D/CarrierSvcBindHelper( 1715): No carrier app for: 1
06-24 16:29:53.628 D/PMS11423(  657): package:com.excelliance.dualaid, input flags:0, output hwFlags:0
06-24 16:29:53.631 D/PMS11423(  657): package:com.excelliance.dualaid, input flags:0, output hwFlags:0
06-24 16:29:53.634 E/asset   (  657): createFromFile(): lock file /data/resource-cache/system@emui@base@overlay@frameworkhwexthonor@frameworkhwexthonor.apk@idmap.
06-24 16:29:53.634 E/asset   (  657): createFromFile(): lock file /data/resource-cache/system@emui@base@overlay@frameworkhwexthonor@frameworkhwexthonor.apk@idmap.
06-24 16:29:53.634 W/ResourceType(  657): Found multiple library tables, ignoring...
06-24 16:29:53.636 E/MemoryLeakMonitorManager( 4464): MemoryLeakMonitor.jar is not exist!
06-24 16:29:53.637 D/KXQPApplication( 4464): run: initUserManager
06-24 16:29:53.637 D/CrashHandler( 4464): CrashHandler
06-24 16:29:53.637 D/PMS1000 (  657): package:com.android.calendar, input flags:268436480, output hwFlags:0
06-24 16:29:53.640 E/Minikin ( 4464): Could not get cmap table size!
06-24 16:29:53.640 D/PMS11423(  657): package:com.excelliance.dualaid, input flags:128, output hwFlags:0
06-24 16:29:53.641 E/asset   (  657): createFromFile(): lock file /data/resource-cache/system@emui@base@overlay@frameworkhwexthonor@frameworkhwexthonor.apk@idmap.
06-24 16:29:53.641 E/asset   (  657): createFromFile(): lock file /data/resource-cache/system@emui@base@overlay@frameworkhwexthonor@frameworkhwexthonor.apk@idmap.
06-24 16:29:53.641 E/asset   (  657): createFromFile(): lock file /data/resource-cache/system@emui@base@overlay@frameworkhwexthonor@frameworkhwexthonor.apk@idmap.
06-24 16:29:53.641 E/asset   (  657): createFromFile(): lock file /data/resource-cache/system@emui@base@overlay@frameworkhwexthonor@frameworkhwexthonor.apk@idmap.
06-24 16:29:53.641 W/ResourceType(  657): Found multiple library tables, ignoring...
06-24 16:29:53.641 W/ResourceType(  657): Found multiple library tables, ignoring...
06-24 16:29:53.649 D/PMS1000 (  657): package:com.android.contacts, input flags:268436480, output hwFlags:0
06-24 16:29:53.651 D/AirPushService( 4464): 第一次触发
06-24 16:29:53.651 D/PMS1000 (  657): package:com.excelliance.dualaid, input flags:8192, output hwFlags:0
06-24 16:29:53.651 E/asset   (  657): createFromFile(): lock file /data/resource-cache/system@emui@base@overlay@frameworkhwexthonor@frameworkhwexthonor.apk@idmap.
06-24 16:29:53.651 E/asset   (  657): createFromFile(): lock file /data/resource-cache/system@emui@base@overlay@frameworkhwexthonor@frameworkhwexthonor.apk@idmap.
06-24 16:29:53.651 D/SmtServService( 4464): MSG_LOAD_PLT GameUtil.isPtLoaded() = false
06-24 16:29:53.651 W/ResourceType(  657): Found multiple library tables, ignoring...
06-24 16:29:53.653 I/HwCust  ( 4464): Constructor found for class android.net.HwCustConnectivityManagerImpl
06-24 16:29:53.653 D/HwCust  ( 4464): Create obj success use class android.net.HwCustConnectivityManagerImpl
06-24 16:29:53.653 D/PMS1001 (  657): package:com.excelliance.dualaid, input flags:0, output hwFlags:0
06-24 16:29:53.653 E/asset   (  657): createFromFile(): lock file /data/resource-cache/system@emui@base@overlay@frameworkhwexthonor@frameworkhwexthonor.apk@idmap.
06-24 16:29:53.653 E/asset   (  657): createFromFile(): lock file /data/resource-cache/system@emui@base@overlay@frameworkhwexthonor@frameworkhwexthonor.apk@idmap.
06-24 16:29:53.653 W/ResourceType(  657): Found multiple library tables, ignoring...
06-24 16:29:53.654 D/NetworkStateReceiver( 4464): netWorkConnected = true
06-24 16:29:53.654 D/AirPushUtils( 4464): startPushInfo
06-24 16:29:53.659 D/PMS1000 (  657): package:com.android.email, input flags:268436480, output hwFlags:33554432
06-24 16:29:53.660 D/PMS11423(  657): package:com.excelliance.dualaid, input flags:0, output hwFlags:0
06-24 16:29:53.661 D/AirPushService( 4464): 第一次设置Alarm
06-24 16:29:53.661 D/AirPushService( 4464): resetPushAlarm
06-24 16:29:53.663 D/SmtServService( 4464): pull info
06-24 16:29:53.663 D/SmtServService( 4464): diffTime = 1529828993663
06-24 16:29:53.663 D/SmtServService( 4464): pushInfoFromServer
06-24 16:29:53.663 E/asset   (  657): createFromFile(): lock file /data/resource-cache/system@emui@base@overlay@frameworkhwexthonor@frameworkhwexthonor.apk@idmap.
06-24 16:29:53.663 E/asset   (  657): createFromFile(): lock file /data/resource-cache/system@emui@base@overlay@frameworkhwexthonor@frameworkhwexthonor.apk@idmap.
06-24 16:29:53.663 W/ResourceType(  657): Found multiple library tables, ignoring...
06-24 16:29:53.664 D/AirPushPreferences( 4464): setLastPushTime
06-24 16:29:53.667 D/PMS1000 (  657): package:com.android.mediacenter, input flags:268436480, output hwFlags:0
06-24 16:29:53.676 D/PMS11423(  657): package:com.excelliance.dualaid, input flags:128, output hwFlags:0
06-24 16:29:53.677 E/asset   (  657): createFromFile(): lock file /data/resource-cache/system@emui@base@overlay@frameworkhwexthonor@frameworkhwexthonor.apk@idmap.
06-24 16:29:53.678 E/asset   (  657): createFromFile(): lock file /data/resource-cache/system@emui@base@overlay@frameworkhwexthonor@frameworkhwexthonor.apk@idmap.
06-24 16:29:53.678 W/ResourceType(  657): Found multiple library tables, ignoring...
06-24 16:29:53.680 D/StatisticsManager( 4464): Query time diff:1529828993679
06-24 16:29:53.681 D/PMS1000 (  657): package:com.android.mms, input flags:268436480, output hwFlags:0
06-24 16:29:53.684 E/asset   (  657): createFromFile(): lock file /data/resource-cache/system@emui@base@overlay@frameworkhwexthonor@frameworkhwexthonor.apk@idmap.
06-24 16:29:53.685 D/PMS11423(  657): package:com.excelliance.dualaid, input flags:128, output hwFlags:0
06-24 16:29:53.687 I/zygote  ( 4464): Do partial code cache collection, code=27KB, data=31KB
06-24 16:29:53.687 I/zygote  ( 4464): After code cache collection, code=11KB, data=18KB
06-24 16:29:53.687 I/zygote  ( 4464): Increasing code cache capacity to 128KB
06-24 16:29:53.688 D/launch-time-RU( 4464): preload 24 classes cost 34ms
06-24 16:29:53.694 W/ResourceType(  657): Found multiple library tables, ignoring...
06-24 16:29:53.695 I/chatty  (  657): uid=1000(system) Binder:657_15 identical 7 lines
06-24 16:29:53.695 D/PMS11423(  657): package:com.excelliance.dualaid, input flags:128, output hwFlags:0
06-24 16:29:53.703 D/PMS11423(  657): package:com.excelliance.dualaid, input flags:128, output hwFlags:0
06-24 16:29:53.703 E/asset   (  657): createFromFile(): lock file /data/resource-cache/system@emui@base@overlay@frameworkhwexthonor@frameworkhwexthonor.apk@idmap.
06-24 16:29:53.704 E/asset   (  657): createFromFile(): lock file /data/resource-cache/system@emui@base@overlay@frameworkhwexthonor@frameworkhwexthonor.apk@idmap.
06-24 16:29:53.704 W/ResourceType(  657): Found multiple library tables, ignoring...
06-24 16:29:53.714 E/asset   (  657): createFromFile(): lock file /data/resource-cache/system@emui@base@overlay@frameworkhwexthonor@frameworkhwexthonor.apk@idmap.
06-24 16:29:53.714 E/asset   (  657): createFromFile(): lock file /data/resource-cache/system@emui@base@overlay@frameworkhwexthonor@frameworkhwexthonor.apk@idmap.
06-24 16:29:53.714 W/ResourceType(  657): Found multiple library tables, ignoring...
06-24 16:29:53.715 I/chatty  (  657): uid=1000(system) Binder:657_4 identical 9 lines
06-24 16:29:53.715 D/PMS11423(  657): package:com.excelliance.dualaid, input flags:128, output hwFlags:0
06-24 16:29:53.717 D/PMS1000 (  657): package:com.example.android.notepad, input flags:268436480, output hwFlags:33554432
06-24 16:29:53.721 D/StatisticsManager( 4464): Query time diff:1529828993721
06-24 16:29:53.724 D/AirPushDBHelper( 4464): onCreate: pushitemnew
06-24 16:29:53.727 D/AirPushDBHelper( 4464): selection = type=? and index_=(select max(index_) from pushitemnew where type=?) , key = vip
06-24 16:29:53.727 D/AirPushDBHelper( 4464): selection = type=? and index_=(select max(index_) from pushitemnew where type=?) , key = update
06-24 16:29:53.728 D/AirPushDBHelper( 4464): selection = type=? and index_=(select max(index_) from pushitemnew where type=?) , key = officalActivity
06-24 16:29:53.730 D/AirPushDBHelper( 4464): selection = type=? and index_=(select max(index_) from pushitemnew where type=?) , key = news
06-24 16:29:53.730 D/StatisticsManager( 4464): Query time diff:1529828993730
06-24 16:29:53.731 D/AirPushDBHelper( 4464): selection = type=? and index_=(select max(index_) from pushitemnew where type=?) , key = target
06-24 16:29:53.731 D/AirPushDBHelper( 4464): selection = type=? and index_=(select max(index_) from pushitemnew where type=?) , key = batch
06-24 16:29:53.732 D/AirPushDBHelper( 4464): selection = type=? and index_=(select max(index_) from pushitemnew where type=?) , key = skipTarget
06-24 16:29:53.733 D/AirPushDBHelper( 4464): selection = type=? and index_=(select max(index_) from pushitemnew where type=?) , key = thirdApp
06-24 16:29:53.733 D/PushItem( 4464): indexJson = {}
06-24 16:29:53.733 D/AirPushService( 4464): dataJson = {}
06-24 16:29:53.733 V/AirPushService( 4464): ver :e30%3D%0A
06-24 16:29:53.734 D/VersionManager( 4464): httpsRequest getURL = https://mto.multiopen.cn/pushmess.php?ver=466&mainver=231200&data=e30%3D%0A&wxCode=1321&subchid=1&sdkV=8.0.0&pkg=com.excelliance.dualaid&chid=10019&issl=1&compver=54302&wxVerName=6.6.7&vn=4.0.6&model=stf-al10&api=26&brand=honor&aid=f0c2426fc7560cf5
06-24 16:29:53.735 D/NetworkSecurityConfig( 4464): No Network Security Config specified, using platform default
06-24 16:29:53.743 W/libc    (  493): Set property "hw.wifi.dns_stat" to "35111,30447,5028,1,52848"
06-24 16:29:53.751 D/GameUtil( 4464): getSDKDataParam totalmem:5.60GB
06-24 16:29:53.754 D/VersionManager( 4464): httpsRequest getURL = https://folder.appota.cn/genuser.php?chid=10019&subchid=1&vc=466&type=4&data=tbCbI6ooWmOSi%2BhP8At3K55rUDjOXjUCTTE1Q7OqeVGzpiL1Dx8z2UKsv%2F2w066OKzL65VOc%2FHNVNculXvpkfbOlpWKAPUf5ryVSFynVNa8UucDwm5e36rJ6e2Kpu%2B5ykc4DARTfkZV4Ad5N96d4%2BjApQCWZuWchybogtHpbAp5JGb2oE4RYpIUqF8au1pxTSmwBdD5PozvBfX2%2Bj4RIW8u13M8ksM63bQoy2eR4WdDx%2BqZexoey63Hms3xqJyQkd3PFvljbOMDFV5%2BIsI0F%2B0cTu0Poz37kp440m4BdEnDxUpl%2F2SWQiyGENywr4rII2GFixGV6F3FTP2B6Iz%2Bp9XPgTT1Q8jOobYd0%2B7qf7bpZ2AyYZuCae%2FN%2FDrbd9ARIKpXrBwZ7SdplMO1nzphjQUqGRQMAlrO9Oa0Du6EV17%2FgN7YtgBzuJRHbP0GgVSdnIEYbOUnjg9adLEk2nhpRcwGYdX7bJ5%2FC%2FGVy8QMvFO%2FVJ5uAYH82VV6bvSarVkuFeotJT4yadRHbDkYGgVZfCDPVS%2FOPcQttSZtkoN3AjIdEC3B%2BjPtytpdTQYFvI9Ol&issl=1
06-24 16:29:53.755 D/PMS1000 (  657): package:com.huawei.indexsearch, input flags:268436480, output hwFlags:0
06-24 16:29:53.767 D/PMS1000 (  657): package:com.twitter.android, input flags:268436480, output hwFlags:0
06-24 16:29:53.768 D/PMS1000 (  657): package:com.google.android.gms, input flags:268436480, output hwFlags:0
06-24 16:29:53.780 I/zygote  ( 4425): Do partial code cache collection, code=27KB, data=27KB
06-24 16:29:53.780 I/zygote  ( 4425): After code cache collection, code=27KB, data=27KB
06-24 16:29:53.780 I/zygote  ( 4425): Increasing code cache capacity to 128KB
06-24 16:29:53.783 W/X509TrustManager( 4464): checkServerTrusted: SignatureException:null
06-24 16:29:53.783 W/X509TrustManager( 4464): checkServerTrusted: SignatureException:error:04000073:RSA routines:OPENSSL_internal:DATA_TOO_LARGE_FOR_MODULUS
06-24 16:29:53.789 W/X509TrustManager( 4464): checkServerTrusted: SignatureException:null
06-24 16:29:53.789 W/X509TrustManager( 4464): checkServerTrusted: SignatureException:error:04000073:RSA routines:OPENSSL_internal:DATA_TOO_LARGE_FOR_MODULUS
06-24 16:29:53.806 D/PMS1000 (  657): package:com.excelliance.dualaid, input flags:1024, output hwFlags:0
06-24 16:29:53.806 I/ActivityManager(  657): Need to start process com.excelliance.dualaid:lbcore for provider ContentProviderInfo{name=com.excelliance.dualaid:com.excelliance.kxqp.platform.PluginManagerProvider className=com.excelliance.kxqp.platform.PluginManagerProvider}, callerApp: ProcessRecord{36b4e56 4464:com.excelliance.dualaid/u0a1423}
06-24 16:29:53.806 V/ActivityManager(  657): startProcess: name=com.excelliance.dualaid:lbcore app=null knownToBeDead=false thread=null pid=-1
06-24 16:29:53.806 D/PMS1000 (  657): package:com.excelliance.dualaid, input flags:0, output hwFlags:0
06-24 16:29:53.807 D/PMS1000 (  657): package:com.sankuai.meituan, input flags:268436480, output hwFlags:0
06-24 16:29:53.815 I/ActivityManager(  657): Start proc 4599:com.excelliance.dualaid:lbcore/u0a1423 for content provider com.excelliance.dualaid/com.excelliance.kxqp.platform.PluginManagerProvider
06-24 16:29:53.815 V/ActivityManager_MU(  657): Waiting to start provider ContentProviderRecord{3c24116 u0 com.excelliance.dualaid/com.excelliance.kxqp.platform.PluginManagerProvider} launchingApp=ProcessRecord{da9ca4a 4599:com.excelliance.dualaid:lbcore/u0a1423} caller pid= 4464
06-24 16:29:53.816 W/Searchables(  657): No global search activity found
06-24 16:29:53.817 I/        ( 4599): power log dlsym ok
06-24 16:29:53.819 I/zygote  ( 4599): Reinit property: dalvik.vm.checkjni= false
06-24 16:29:53.820 E/asset   (  657): createFromFile(): lock file /data/resource-cache/system@emui@base@overlay@frameworkhwexthonor@frameworkhwexthonor.apk@idmap.
06-24 16:29:53.820 E/asset   (  657): createFromFile(): lock file /data/resource-cache/system@emui@base@overlay@frameworkhwexthonor@frameworkhwexthonor.apk@idmap.
06-24 16:29:53.820 W/ResourceType(  657): Found multiple library tables, ignoring...
06-24 16:29:53.823 D/PMS1000 (  657): package:com.huawei.android.thememanager, input flags:268436480, output hwFlags:0
06-24 16:29:53.825 D/ActivityThread( 4599): ActivityThread,attachApplication
06-24 16:29:53.825 E/asset   (  657): createFromFile(): lock file /data/resource-cache/system@emui@base@overlay@frameworkhwexthonor@frameworkhwexthonor.apk@idmap.
06-24 16:29:53.825 D/ActivityManager(  657): ActivityManagerService,attachApplication,callingPid = 4599
06-24 16:29:53.825 E/asset   (  657): createFromFile(): lock file /data/resource-cache/system@emui@base@overlay@frameworkhwexthonor@frameworkhwexthonor.apk@idmap.
06-24 16:29:53.825 W/ResourceType(  657): Found multiple library tables, ignoring...
06-24 16:29:53.828 D/AirPushService( 4464): result = {"period":"r","vip":{"index_":"","data":""},"update":{"index_":"","data":""},"officalActivity":{"index_":"","data":""},"news":{"index_":"","data":""},"target":{"index_":"","data":""},"batch":{"index_":"","data":""},"skipTarget":{"index_":"","data":""},"thirdApp":{"index_":"","data":""}}
06-24 16:29:53.829 D/AirPushService( 4464): handleCheckerSaveToDB
06-24 16:29:53.829 D/AirPushUtils( 4464): startDbOver
06-24 16:29:53.831 W//system/bin/hwservicemanager(  416): Cannot open /odm/manifest.xml
06-24 16:29:53.831 D/SmtServService( 4464): db write over
06-24 16:29:53.832 D/SmtServService( 4464): gameCenterFirstStart = true
06-24 16:29:53.835 E/asset   (  657): createFromFile(): lock file /data/resource-cache/system@emui@base@overlay@frameworkhwexthonor@frameworkhwexthonor.apk@idmap.
06-24 16:29:53.835 E/asset   (  657): createFromFile(): lock file /data/resource-cache/system@emui@base@overlay@frameworkhwexthonor@frameworkhwexthonor.apk@idmap.
06-24 16:29:53.835 W/ResourceType(  657): Found multiple library tables, ignoring...
06-24 16:29:53.838 D/RMS.ContentOberverResource(  657): clear ObserverResource in contentService
06-24 16:29:53.838 D/HwBastetService(  657): BroadcastReceiver android.intent.action.PACKAGE_CHANGED
06-24 16:29:53.838 D/EmcomManagerService(  657): EmcomManagerReceiver actionandroid.intent.action.PACKAGE_CHANGED
06-24 16:29:53.839 D/EmcomManagerService(  657): doBroadcastMessage  action id: 2
06-24 16:29:53.839 D/EmcomManagerService(  657): handlerPackageChanged  type = 2 packageName = com.excelliance.dualaid
06-24 16:29:53.839 D/PMS1000 (  657): package:com.huawei.appmarket, input flags:268436480, output hwFlags:0
06-24 16:29:53.839 D/XEngineProcessor(  657): handlerPackageChanged  type = 2 packageName = com.excelliance.dualaid
06-24 16:29:53.839 D/GrabService(  657): receive package change msg:com.excelliance.dualaid
06-24 16:29:53.842 E/asset   (  657): createFromFile(): lock file /data/resource-cache/system@emui@base@overlay@frameworkhwexthonor@frameworkhwexthonor.apk@idmap.
06-24 16:29:53.842 W//system/bin/hwservicemanager(  416): Cannot open /odm/manifest.xml
06-24 16:29:53.842 E/asset   (  657): createFromFile(): lock file /data/resource-cache/system@emui@base@overlay@frameworkhwexthonor@frameworkhwexthonor.apk@idmap.
06-24 16:29:53.842 W/ResourceType(  657): Found multiple library tables, ignoring...
06-24 16:29:53.842 D/VersionManager( 4464): uid=353
06-24 16:29:53.845 D/PMS1000 (  657): package:com.huawei.himovie, input flags:268436480, output hwFlags:0
06-24 16:29:53.847 D/HwFLClassLoader( 4599): get used feature list :/feature/used-list failed!
06-24 16:29:53.847 D/HwFLClassLoader( 4599): USE_FEATURE_LIST had not init! 
06-24 16:29:53.847 I/GRALLOC (  679): 	 shrFd=10,fmt=0x1,intFmt=0x1,btStrd=256,size=4096,pid=679 
06-24 16:29:53.847 I/GRALLOC (  679): 	 yuv=2,w=16,h=16,Stride u=0 v=0,offset u=0 v=0 
06-24 16:29:53.847 I/GRALLOC (  679): 	 iova_size=4096,conUsg=0x100,proUsg=0x100,	 strd=64,[afbc]HdrStrd=0 PyldStrd=0 Scrmbl=0,ionhnd = 1 
06-24 16:29:53.849 E/asset   (  657): createFromFile(): lock file /data/resource-cache/system@emui@base@overlay@frameworkhwexthonor@frameworkhwexthonor.apk@idmap.
06-24 16:29:53.850 E/asset   (  657): createFromFile(): lock file /data/resource-cache/system@emui@base@overlay@frameworkhwexthonor@frameworkhwexthonor.apk@idmap.
06-24 16:29:53.850 W/ResourceType(  657): Found multiple library tables, ignoring...
06-24 16:29:53.852 D/PMS1000 (  657): package:com.huawei.hnreader, input flags:268436480, output hwFlags:67108864
06-24 16:29:53.855 E/asset   (  657): createFromFile(): lock file /data/resource-cache/system@emui@base@overlay@frameworkhwexthonor@frameworkhwexthonor.apk@idmap.
06-24 16:29:53.855 E/asset   (  657): createFromFile(): lock file /data/resource-cache/system@emui@base@overlay@frameworkhwexthonor@frameworkhwexthonor.apk@idmap.
06-24 16:29:53.855 W/ResourceType(  657): Found multiple library tables, ignoring...
06-24 16:29:53.856 I/Telecom-DefaultDialerCache(  657): Refreshing default dialer for user 0: now com.android.contacts
06-24 16:29:53.858 D/PMS1000 (  657): package:com.huawei.lives, input flags:268436480, output hwFlags:67108864
06-24 16:29:53.864 D/PMS11423(  657): package:com.excelliance.dualaid, input flags:128, output hwFlags:0
06-24 16:29:53.864 E/asset   (  657): createFromFile(): lock file /data/resource-cache/system@emui@base@overlay@frameworkhwexthonor@frameworkhwexthonor.apk@idmap.
06-24 16:29:53.864 E/asset   (  657): createFromFile(): lock file /data/resource-cache/system@emui@base@overlay@frameworkhwexthonor@frameworkhwexthonor.apk@idmap.
06-24 16:29:53.864 W/ResourceType(  657): Found multiple library tables, ignoring...
06-24 16:29:53.867 D/PMS11423(  657): package:com.excelliance.dualaid, input flags:128, output hwFlags:0
06-24 16:29:53.868 D/PMS1000 (  657): package:com.huawei.wallet, input flags:268436480, output hwFlags:0
06-24 16:29:53.871 E/asset   (  657): createFromFile(): lock file /data/resource-cache/system@emui@base@overlay@frameworkhwexthonor@frameworkhwexthonor.apk@idmap.
06-24 16:29:53.871 E/asset   (  657): createFromFile(): lock file /data/resource-cache/system@emui@base@overlay@frameworkhwexthonor@frameworkhwexthonor.apk@idmap.
06-24 16:29:53.871 W/ResourceType(  657): Found multiple library tables, ignoring...
06-24 16:29:53.881 D/PMS1000 (  657): package:com.vmall.client, input flags:268436480, output hwFlags:67108864
06-24 16:29:53.886 D/PMS10075(  657): package:com.android.printspooler, input flags:0, output hwFlags:0
06-24 16:29:53.886 D/PMS10075(  657): package:com.android.printspooler, input flags:0, output hwFlags:0
06-24 16:29:53.887 D/PMS1000 (  657): package:com.android.printspooler, input flags:8192, output hwFlags:0
06-24 16:29:53.900 D/PMS1000 (  657): package:com.android.printspooler, input flags:8192, output hwFlags:0
06-24 16:29:53.903 I/HwLauncher( 2519): Model onPackageChanged packageName = com.excelliance.dualaid user = UserHandle{0}
06-24 16:29:53.903 D/launch-time-RU( 4599): preload 24 classes cost 18ms
06-24 16:29:53.904 I/HwLauncher( 2519): PowerSaveLauncherModel onPackageChanged packageName = com.excelliance.dualaid user = UserHandle{0}
06-24 16:29:53.904 E/HwLauncher( 2519): PowerSaveLauncherModel onPackageChanged:  not inPowerSaveLauncher 
06-24 16:29:53.904 I/HwLauncher( 2519): StreetModeLauncherModel onPackageChanged packageName = com.excelliance.dualaid user = UserHandle{0}
06-24 16:29:53.904 E/HwLauncher( 2519): StreetModeLauncherModel onPackageChanged:  not inStreetModeLauncher 
06-24 16:29:53.906 I/HwLauncher( 2519): AllIdleAppsList  updatePackage : package[com.excelliance.dualaid] matched activity's size is 1 and data List size is 107
06-24 16:29:53.938 D/ActivityThread( 4599): Loading provider com.excelliance.dualaid:com.excelliance.kxqp.platform.PluginManagerProvider: com.excelliance.kxqp.platform.PluginManagerProvider
06-24 16:29:53.938 D/PMS11423(  657): package:com.excelliance.dualaid, input flags:0, output hwFlags:0
06-24 16:29:53.946 D/PMS1000 (  657): package:com.excelliance.dualaid, input flags:8192, output hwFlags:0
06-24 16:29:53.950 D/PMS1001 (  657): package:com.excelliance.dualaid, input flags:0, output hwFlags:0
06-24 16:29:53.956 D/PMS11423(  657): package:com.excelliance.dualaid, input flags:0, output hwFlags:0
06-24 16:29:53.959 D/PMS11423(  657): package:com.excelliance.dualaid:lbcore, input flags:0, output is null
06-24 16:29:53.960 I/Bluetooth_framework(  657): BluetoothManagerService:Added callback: android.bluetooth.IBluetoothManagerCallback$Stub$Proxy@e049cac:true pid = 4599
06-24 16:29:53.962 D/PMS11423(  657): package:com.excelliance.dualaid, input flags:128, output hwFlags:0
06-24 16:29:53.976 I/LBVMD-LBPMS( 4599): LBVMRT: version 54302:543.02
06-24 16:29:53.977 E/zygote  ( 4599): Invalid capacity given to EnsureLocalCapacity: 800
06-24 16:29:53.989 I/HwCust  ( 4599): Constructor found for class android.net.HwCustConnectivityManagerImpl
06-24 16:29:53.989 D/HwCust  ( 4599): Create obj success use class android.net.HwCustConnectivityManagerImpl
06-24 16:29:53.994 D/PMS11423(  657): package:com.excelliance.dualaid, input flags:0, output hwFlags:0
06-24 16:29:54.005 V/HwWidgetFactory( 4599): : successes to get AllImpl object and return....
06-24 16:29:54.006 V/ActivityManager(  657): Successfully start provider ContentProviderRecord{3c24116 u0 com.excelliance.dualaid/com.excelliance.kxqp.platform.PluginManagerProvider} launchingApp=ProcessRecord{da9ca4a 4599:com.excelliance.dualaid:lbcore/u0a1423} caller pid= 4464
06-24 16:29:54.007 E/MemoryLeakMonitorManager( 4599): MemoryLeakMonitor.jar is not exist!
06-24 16:29:54.007 D/KXQPApplication( 4599): run: initUserManager
06-24 16:29:54.008 E/MemoryLeakMonitorManager( 4599): MemoryLeakMonitor.jar is not exist!
06-24 16:29:54.010 E/Minikin ( 4599): Could not get cmap table size!
06-24 16:29:54.010 D/PMS11423(  657): package:com.excelliance.dualaid, input flags:128, output hwFlags:0
06-24 16:29:54.011 E/MemoryLeakMonitorManager( 4464): MemoryLeakMonitor.jar is not exist!
06-24 16:29:54.012 D/SmtServService( 4464): MSG_LOAD_PLT after msg.obj
06-24 16:29:54.013 V/ActivityManager(  657): Attempted to start a foreground service (ComponentInfo{com.excelliance.dualaid/com.excelliance.kxqp.platform.TrampolineService}) with a broken notification (no icon: Notification(channel=null pri=0 contentView=null vibrate=null sound=null defaults=0x0 flags=0x40 color=0x00000000 vis=PRIVATE))
06-24 16:29:54.015 W/PackageParser( 4599): No actions in intent filter at /data/app/com.huawei.hwid-Sc7ADDdoDYIYREll7tj_iw==/base.apk Binary XML file line #1412
06-24 16:29:54.020 E/zygote  ( 4599): Invalid capacity given to EnsureLocalCapacity: 592
06-24 16:29:54.020 W/PackageParser( 4599): No actions in intent filter at /data/app/com.huawei.hwid-Sc7ADDdoDYIYREll7tj_iw==/base.apk Binary XML file line #1680
06-24 16:29:54.021 W/PackageParser( 4599): No actions in intent filter at /data/app/com.huawei.hwid-Sc7ADDdoDYIYREll7tj_iw==/base.apk Binary XML file line #1694
06-24 16:29:54.033 D/HwNotificationManagerService(  657): recognize: tag=null, id=268435456, user=UserHandle{0}, pkg=com.excelliance.dualaid, uid=11423, callingPid=4599
06-24 16:29:54.033 D/PMS1000 (  657): package:com.excelliance.dualaid, input flags:0, output hwFlags:0
06-24 16:29:54.033 I/[HwRecSys]HwRecSysAidlService( 2647): doNotificationCollect -> current num:1
06-24 16:29:54.033 I/[HwRecSys]-Notification-NotificationUpdateController( 2647): startNotificationUpdate start!
06-24 16:29:54.034 W/SettingsEx( 2647): SettingsEx.Systemex.getInt deprecated use Settings.System.getInt instead ;callers=com.huawei.recsys.util.SystemUtil.getNotificationUpdateMode:169 com.huawei.recsys.util.SystemUtil.isAllowUpdate:104 com.huawei.recsys.controller.notification.http.NotificationUpdateController.startNotificationUpdate:85 
06-24 16:29:54.034 I/[HwRecSys]SystemUtil( 2647): isAllowUpdate mode:1
06-24 16:29:54.034 I/[HwRecSys]SystemUtil( 2647): isAllowUpdate isAllowUpdate:true
06-24 16:29:54.034 I/[HwRecSys]-Notification-NotificationUpdateController( 2647):  -> currentYear:2018
06-24 16:29:54.034 I/[HwRecSys]-Notification-NotificationUpdateController( 2647):  -> currentMonth:5
06-24 16:29:54.034 I/[HwRecSys]-Notification-NotificationUpdateController( 2647):  -> currentDay:24
06-24 16:29:54.034 I/[HwRecSys]-Notification-NotificationUpdateController( 2647):  -> oldYear:2018
06-24 16:29:54.034 I/[HwRecSys]-Notification-NotificationUpdateController( 2647):  -> oldMonth:5
06-24 16:29:54.034 I/[HwRecSys]-Notification-NotificationUpdateController( 2647):  -> oldDay:24
06-24 16:29:54.034 E/[HwRecSys]-Notification-NotificationUpdateController( 2647): startNotificationUpdate time is valid no need request
06-24 16:29:54.034 I/[HwRecSys]-Notification-NotificationController( 2647): doNotificationCollect start!
06-24 16:29:54.035 E/[HwRecSys]-Notification-NotificationController( 2647): HwDefaultLabels returnStr:107
06-24 16:29:54.035 E/[HwRecSys]-Notification-NotificationController( 2647): getChinese paramValue is null!
06-24 16:29:54.036 E/[HwRecSys]-Notification-NotificationController( 2647): doNotificationCollect getLabelByRegRules label:107
06-24 16:29:54.036 I/[HwRecSys]HwRecSysAidlService( 2647): doNotificationCollect ->  finally remote Num - 1 !
06-24 16:29:54.036 I/HwNotificationManagerService(  657): doNotificationCollect: pkg=com.excelliance.dualaid, uid=11423, hw_type=107, hw_btw=true
06-24 16:29:54.037 D/PMS1000 (  657): package:com.excelliance.dualaid, input flags:268435456, output hwFlags:0
06-24 16:29:54.037 D/PMS1000 (  657): package:com.excelliance.dualaid, input flags:0, output hwFlags:0
06-24 16:29:54.037 W/NotificationRecord(  657): Use default channel, The importance is:2
06-24 16:29:54.037 V/ActivityManager(  657): Attempted to start a foreground service (ComponentInfo{com.excelliance.dualaid/com.excelliance.kxqp.platform.TrampolineService$EmptyService}) with a broken notification (no icon: Notification(channel=null pri=0 contentView=null vibrate=null sound=null defaults=0x0 flags=0x40 color=0x00000000 vis=PRIVATE))
06-24 16:29:54.039 D/HwNotificationManagerService(  657): recognize: tag=null, id=268435456, user=UserHandle{0}, pkg=com.excelliance.dualaid, uid=11423, callingPid=4599
06-24 16:29:54.039 D/PMS1000 (  657): package:com.excelliance.dualaid, input flags:0, output hwFlags:0
06-24 16:29:54.040 I/[HwRecSys]HwRecSysAidlService( 2647): doNotificationCollect -> current num:1
06-24 16:29:54.040 I/[HwRecSys]-Notification-NotificationUpdateController( 2647): startNotificationUpdate start!
06-24 16:29:54.040 W/SettingsEx( 2647): SettingsEx.Systemex.getInt deprecated use Settings.System.getInt instead ;callers=com.huawei.recsys.util.SystemUtil.getNotificationUpdateMode:169 com.huawei.recsys.util.SystemUtil.isAllowUpdate:104 com.huawei.recsys.controller.notification.http.NotificationUpdateController.startNotificationUpdate:85 
06-24 16:29:54.040 I/[HwRecSys]SystemUtil( 2647): isAllowUpdate mode:1
06-24 16:29:54.040 I/[HwRecSys]SystemUtil( 2647): isAllowUpdate isAllowUpdate:true
06-24 16:29:54.040 I/[HwRecSys]-Notification-NotificationUpdateController( 2647):  -> currentYear:2018
06-24 16:29:54.040 I/[HwRecSys]-Notification-NotificationUpdateController( 2647):  -> currentMonth:5
06-24 16:29:54.040 I/[HwRecSys]-Notification-NotificationUpdateController( 2647):  -> currentDay:24
06-24 16:29:54.040 I/[HwRecSys]-Notification-NotificationUpdateController( 2647):  -> oldYear:2018
06-24 16:29:54.040 I/[HwRecSys]-Notification-NotificationUpdateController( 2647):  -> oldMonth:5
06-24 16:29:54.040 I/[HwRecSys]-Notification-NotificationUpdateController( 2647):  -> oldDay:24
06-24 16:29:54.040 E/[HwRecSys]-Notification-NotificationUpdateController( 2647): startNotificationUpdate time is valid no need request
06-24 16:29:54.040 I/[HwRecSys]-Notification-NotificationController( 2647): doNotificationCollect start!
06-24 16:29:54.041 E/[HwRecSys]-Notification-NotificationController( 2647): HwDefaultLabels returnStr:107
06-24 16:29:54.041 E/[HwRecSys]-Notification-NotificationController( 2647): getChinese paramValue is null!
06-24 16:29:54.042 E/[HwRecSys]-Notification-NotificationController( 2647): doNotificationCollect getLabelByRegRules label:107
06-24 16:29:54.042 I/[HwRecSys]HwRecSysAidlService( 2647): doNotificationCollect ->  finally remote Num - 1 !
06-24 16:29:54.042 I/HwNotificationManagerService(  657): doNotificationCollect: pkg=com.excelliance.dualaid, uid=11423, hw_type=107, hw_btw=true
06-24 16:29:54.042 D/NotificationService(  657): mGameDndStatus is:false ,isGameDndSwitchOn is:false
06-24 16:29:54.042 D/PMS1000 (  657): package:com.excelliance.dualaid, input flags:268435456, output hwFlags:0
06-24 16:29:54.042 D/PMS1000 (  657): package:com.excelliance.dualaid, input flags:0, output hwFlags:0
06-24 16:29:54.043 W/NotificationRecord(  657): Use default channel, The importance is:2
06-24 16:29:54.050 I/AppManager( 1699): app:com.excelliance.dualaid Notification update time:111732898
06-24 16:29:54.050 I/AppManager( 1699): app:com.excelliance.dualaid Notification persist:true  Ids:[268435456]
06-24 16:29:54.052 D/NotificationService(  657): mGameDndStatus is:false ,isGameDndSwitchOn is:false
06-24 16:29:54.062 D/PMS10039(  657): package:com.excelliance.dualaid, input flags:1024, output hwFlags:0
06-24 16:29:54.072 W/zygote  ( 4599): Throwing OutOfMemoryError "EnsureLocalCapacity"
06-24 16:29:54.072 D/PMS10039(  657): package:com.android.systemui, input flags:268436480, output hwFlags:0
06-24 16:29:54.074 D/HwCust  ( 1513): Create obj success use class com.android.systemui.statusbar.notification.HwCustNotificationInflaterImpl
06-24 16:29:54.075 I/FakeShadowView( 1513): radius18
06-24 16:29:54.076 D/PMS10039(  657): package:com.excelliance.dualaid, input flags:8704, output hwFlags:0
06-24 16:29:54.076 D/PMS10039(  657): package:com.excelliance.dualaid, input flags:8192, output hwFlags:0
06-24 16:29:54.077 D/HwFLClassLoader( 1513): USE_FEATURE_LIST had not init! 
06-24 16:29:54.077 W/HwPhoneLayoutInflater( 1513): onCreateView : ClassNotFoundException, In this case we want to let the base class take a crack at it
06-24 16:29:54.077 W/HwPhoneLayoutInflater( 1513): onCreateView : ClassNotFoundException, In this case we want to let the base class take a crack at it
06-24 16:29:54.078 E/WifiHAL (  706): enter wifi_get_link_stats
06-24 16:29:54.079 W/HwPhoneLayoutInflater( 1513): onCreateView : ClassNotFoundException, In this case we want to let the base class take a crack at it
06-24 16:29:54.079 W/HwPhoneLayoutInflater( 1513): onCreateView : ClassNotFoundException, In this case we want to let the base class take a crack at it
06-24 16:29:54.079 W/ResourceType( 1513): Failure getting entry for 0x01040255 (t=3 e=597) (error -75)
06-24 16:29:54.081 W/HwPhoneLayoutInflater( 1513): onCreateView : ClassNotFoundException, In this case we want to let the base class take a crack at it
06-24 16:29:54.083 I/chatty  ( 1513): uid=10039(u0_a39) com.android.systemui identical 2 lines
06-24 16:29:54.083 W/HwPhoneLayoutInflater( 1513): onCreateView : ClassNotFoundException, In this case we want to let the base class take a crack at it
06-24 16:29:54.084 W/ResourceType( 1513): Failure getting entry for 0x01040255 (t=3 e=597) (error -75)
06-24 16:29:54.086 D/PMS10039(  657): package:com.excelliance.dualaid, input flags:8192, output hwFlags:0
06-24 16:29:54.088 E/wificond(  765): Failed to get NL80211_STA_INFO_CNAHLOAD
06-24 16:29:54.088 E/WificondControl(  657): Noise: -92, Snr: 0, Chload: -1
06-24 16:29:54.088 W/IPMSI   ( 4599): request permission: com.huawei.permission.sec.MDM.v2
06-24 16:29:54.088 W/IPMSI   ( 4599): request permission: com.huawei.authentication.HW_ACCESS_AUTH_SERVICE
06-24 16:29:54.088 W/IPMSI   ( 4599): request permission: com.huawei.appmarket.provider.readPermission
06-24 16:29:54.088 W/IPMSI   ( 4599): request permission: com.huawei.pushagent.permission.RICHMEDIA_PROVIDER
06-24 16:29:54.088 D/HwWifiCHRStateManager(  657): handleMessage : 1001
06-24 16:29:54.088 D/HwWifiCHRStateManager(  657): handleUpdateChannel:5805
06-24 16:29:54.088 V/HwWifiServiceFactory(  657): get AllImpl object = com.android.server.wifi.HwWifiServiceFactoryImpl@a390a53
06-24 16:29:54.089 D/WifiScoreReport(  657): Score = 100, wifiConnectivityManagerEnabled = false, lowScoreCount = 0
06-24 16:29:54.089 W/HwPhoneLayoutInflater( 1513): onCreateView : ClassNotFoundException, In this case we want to let the base class take a crack at it
06-24 16:29:54.091 I/chatty  ( 1513): uid=10039(u0_a39) com.android.systemui identical 2 lines
06-24 16:29:54.091 W/HwPhoneLayoutInflater( 1513): onCreateView : ClassNotFoundException, In this case we want to let the base class take a crack at it
06-24 16:29:54.091 W/ResourceType( 1513): Failure getting entry for 0x01040255 (t=3 e=597) (error -75)
06-24 16:29:54.094 W/HwPhoneLayoutInflater( 1513): onCreateView : ClassNotFoundException, In this case we want to let the base class take a crack at it
06-24 16:29:54.096 I/chatty  ( 1513): uid=10039(u0_a39) com.android.systemui identical 2 lines
06-24 16:29:54.096 W/HwPhoneLayoutInflater( 1513): onCreateView : ClassNotFoundException, In this case we want to let the base class take a crack at it
06-24 16:29:54.097 W/ResourceType( 1513): Failure getting entry for 0x01040255 (t=3 e=597) (error -75)
06-24 16:29:54.099 D/PMS10039(  657): package:com.excelliance.dualaid, input flags:0, output hwFlags:0
06-24 16:29:54.101 I/TrafficMonitor(  657): expired arrive. level:-1
06-24 16:29:54.101 I/TrafficMonitor(  657): during_ms:2001,period_ms:2000
06-24 16:29:54.101 I/TrafficMonitor(  657): count:438,rx_sum:8,tx_sum:11,rxBytes:3965,during_ms:2001,rx_speed:1981.5092453773113,tx_speed:567.7161419290355,rto:0.7272727272727273
06-24 16:29:54.101 D/HuaweiWifiWatchdogStateMachine(  657): speed: rxpkt:8, rxSpd:1981B/s, txpkt:11, txSpd:567
06-24 16:29:54.101 D/HwPhoneStatusBar( 1513): No peeking: not allowed notification: 0|com.excelliance.dualaid|268435456|null|11423
06-24 16:29:54.109 I/PhoneStatusBar( 1513): updateNotificationShade: total=76, active=76
06-24 16:29:54.109 W/PhoneStatusBar( 1513): updateNotificationShade hasFaceDT: false; Detected:false
06-24 16:29:54.112 V/PhoneStatusBar( 1513): mStackScroller size:11,activeCount:76, childCnt:15
06-24 16:29:54.114 I/Pged-IPgedBinderService(  769): ****action is 2, pid num is 6***
06-24 16:29:54.114 I/Pged-Freezer(  769): thawPids
06-24 16:29:54.118 D/PgedBinderAdapter( 1699): unfrz ok, pid: [29457, 29531, 14942, 15544, 24379]
06-24 16:29:54.121 W/HwLauncher( 2519): get getBundleExtra with downloadtask all return null!
06-24 16:29:54.133 I/appium  (24379): Skipping invisible child: android.view.accessibility.AccessibilityNodeInfo@b254; boundsInParent: Rect(0, 0 - 252, 276); boundsInScreen: Rect(369, 873 - 621, 1149); packageName: com.excelliance.dualaid; className: android.widget.ImageView; text: null; error: null; maxTextLength: -1; contentDescription: null; viewIdResName: com.excelliance.dualaid:id/nav_add_prom; checkable: false; checked: false; focusable: false; focused: false; selected: false; clickable: false; longClickable: false; contextClickable: false; enabled: true; password: false; scrollable: false; importantForAccessibility: false; actions: [AccessibilityAction: ACTION_SELECT - null, AccessibilityAction: ACTION_CLEAR_SELECTION - null, AccessibilityAction: ACTION_ACCESSIBILITY_FOCUS - null, AccessibilityAction: ACTION_SHOW_ON_SCREEN - null]
06-24 16:29:54.134 I/appium  (24379): Skipping invisible child: android.view.accessibility.AccessibilityNodeInfo@9f8f; boundsInParent: Rect(0, 0 - 1080, 1920); boundsInScreen: Rect(1080, 0 - 1080, 1920); packageName: com.excelliance.dualaid; className: android.widget.RelativeLayout; text: null; error: null; maxTextLength: -1; contentDescription: null; viewIdResName: null; checkable: false; checked: false; focusable: false; focused: false; selected: false; clickable: false; longClickable: false; contextClickable: false; enabled: true; password: false; scrollable: false; importantForAccessibility: false; actions: [AccessibilityAction: ACTION_SELECT - null, AccessibilityAction: ACTION_CLEAR_SELECTION - null, AccessibilityAction: ACTION_ACCESSIBILITY_FOCUS - null, AccessibilityAction: ACTION_SHOW_ON_SCREEN - null]
06-24 16:29:54.134 I/appium  (24379): Skipping invisible child: android.view.accessibility.AccessibilityNodeInfo@a350; boundsInParent: Rect(0, 0 - 1080, 1920); boundsInScreen: Rect(2160, 0 - 1080, 1920); packageName: com.excelliance.dualaid; className: android.widget.RelativeLayout; text: null; error: null; maxTextLength: -1; contentDescription: null; viewIdResName: null; checkable: false; checked: false; focusable: false; focused: false; selected: false; clickable: false; longClickable: false; contextClickable: false; enabled: true; password: false; scrollable: false; importantForAccessibility: false; actions: [AccessibilityAction: ACTION_SELECT - null, AccessibilityAction: ACTION_CLEAR_SELECTION - null, AccessibilityAction: ACTION_ACCESSIBILITY_FOCUS - null, AccessibilityAction: ACTION_SHOW_ON_SCREEN - null]
06-24 16:29:54.135 I/appium  (24379): Fetch time: 6ms
06-24 16:29:54.140 D/ReporterUtil( 1513):  e id:344 type:{pkg:com.excelliance.dualaid,hw_type:107,hw_btw:true,onGoing:true,importance:2}
06-24 16:29:54.141 E/BDLog   ( 1686): BD.FilterImpl:com.android.systemui 344 times= 200 over threshold
06-24 16:29:54.141 E/BDLog   ( 1686): BD.FilterImpl:com.android.systemui344 is illLegal
06-24 16:29:54.142 W/HwKeyguardDragHelper( 1513): AnimationBlocked
06-24 16:29:54.150 I/appium  (24379): AppiumResponse: {"sessionId":"12d3f873-0ea4-4775-928a-9964d13dcd6c","status":0,"value":"<?xml version=\"1.0\" encoding=\"UTF-8\"?><hierarchy rotation=\"0\"><android.widget.FrameLayout index=\"0\" text=\"\" class=\"android.widget.FrameLayout\" package=\"com.excelliance.dualaid\" content-desc=\"\" checkable=\"false\" checked=\"false\" clickable=\"false\" enabled=\"true\" focusable=\"false\" focused=\"false\" scrollable=\"false\" long-clickable=\"false\" password=\"false\" selected=\"false\" bounds=\"[0,0][1080,1920]\" resource-id=\"\" instance=\"0\"><android.widget.LinearLayout index=\"0\" text=\"\" class=\"android.widget.LinearLayout\" package=\"com.excelliance.dualaid\" content-desc=\"\" checkable=\"false\" checked=\"false\" clickable=\"false\" enabled=\"true\" focusable=\"false\" focused=\"false\" scrollable=\"false\" long-clickable=\"false\" password=\"false\" selected=\"false\" bounds=\"[0,0][1080,1920]\" resource-id=\"\" instance=\"0\"><android.widget.FrameLayout index=\"0\" text=\"\" class=\"android.widget.FrameLayout\" package=\"com.excelliance.dualaid\" content-desc=\"\" checkable=\"false\" checked=\"false\" clickable=\"false\" enabled=\"true\" focusable=\"false\" focused=\"false\" scrollable=\"false\" long-clickable=\"false\" password=\"false\" selected=\"false\" bounds=\"[0,0][1080,1920]\" resource-id=\"android:id\/content\" instance=\"1\"><android.widget.FrameLayout index=\"0\" text=\"\" class=\"android.widget.FrameLayout\" package=\"com.excelliance.dualaid\" content-desc=\"\" checkable=\"false\" checked=\"false\" clickable=\"false\" enabled=\"true\" focusable=\"false\" focused=\"false\" scrollable=\"false\" long-clickable=\"false\" password=\"false\" selected=\"false\" bounds=\"[0,0][1080,1920]\" resource-id=\"\" instance=\"2\"><android.widget.RelativeLayout index=\"0\" text=\"\" class=\"android.widget.RelativeLayout\" package=\"com.excelliance.dualaid\" content-desc=\"\" checkable=\"false\" checked=\"false\" clickable=\"false\" enabled=\"true\" focusable=\"false\" focused=\"false\" scrollable=\"false\" long-clickable=\"false\" password=\"false\" selected=\"false\" bounds=\"[0,0][1080,1920]\" resource-id=\"com.excelliance.dualaid:id\/rl_guide_original\" instance=\"0\"><android.support.v4.view.ViewPager index=\"0\" text=\"\" class=\"android.support.v4.view.ViewPager\" package=\"com.excelliance.dualaid\" content-desc=\"\" checkable=\"false\" checked=\"false\" clickable=\"false\" enabled=\"true\" focusable=\"true\" focused=\"false\" scrollable=\"true\" long-clickable=\"false\" password=\"false\" selected=\"false\" bounds=\"[0,0][1080,1920]\" resource-id=\"com.excelliance.dualaid:id\/vp_nav\" instance=\"0\"><android.widget.RelativeLayout index=\"0\" text=\"\" class=\"android.widget.RelativeLayout\" package=\"com.excelliance.dualaid\" content-desc=\"\" checkable=\"false\" checked=\"false\" clickable=\"false\" enabled=\"true\" focusable=\"false\" focused=\"false\" scrollable=\"false\" long-clickable=\"false\" password=\"false\" selected=\"false\" bounds=\"[0,0][1080,1920]\" resource-id=\"\" instance=\"1\"><android.view.View index=\"0\" text=\"\" class=\"android.view.View\" package=\"com.excelliance.dualaid\" content-desc=\"\" checkable=\"false\" checked=\"false\" clickable=\"false\" enabled=\"true\" focusable=\"false\" focused=\"false\" scrollable=\"false\" long-clickable=\"false\" password=\"false\" selected=\"false\" bounds=\"[0,0][1080,1920]\" resource-id=\"\" instance=\"0\"\/><android.widget.ImageView index=\"1\" text=\"\" class=\"android.widget.ImageView\" package=\"com.excelliance.dualaid\" content-desc=\"\" checkable=\"false\" checked=\"false\" clickable=\"false\" enabled=\"true\" focusable=\"false\" focused=\"false\" scrollable=\"false\" long-clickable=\"false\" password=\"false\" selected=\"false\" bounds=\"[345,303][990,1185]\" resource-id=\"com.excelliance.dualaid:id\/nav_chat\" instance=\"0\"\/><android.widget.ImageView index=\"2\" text=\"\" class=\"android.widget.ImageView\" package=\"com.excelliance.dualaid\" content-desc=\"\" checkable=\"false\" checked=\"false\" c
06-24 16:29:54.152 D/SmtServService( 4464): MSG_LOAD_PLT GameUtil.isPtLoaded() = true
06-24 16:29:54.155 D/StatusBar( 1513): updateNotification(StatusBarNotification(pkg=com.excelliance.dualaid user=UserHandle{0} id=268435456 tag=null key=0|com.excelliance.dualaid|268435456|null|11423: Notification(channel=null pri=0 contentView=com.excelliance.dualaid/0x1090090 vibrate=null sound=null defaults=0x0 flags=0x62 color=0xff607d8b vis=PRIVATE)))
06-24 16:29:54.163 D/HwPhoneStatusBar( 1513): No peeking: not allowed notification: 0|com.excelliance.dualaid|268435456|null|11423
06-24 16:29:54.163 D/StatusBar( 1513): applyInPlace=true shouldPeek=false alertAgain=true
06-24 16:29:54.163 D/StatusBar( 1513): reusing notification for key: 0|com.excelliance.dualaid|268435456|null|11423
06-24 16:29:54.164 D/PMS10039(  657): package:com.excelliance.dualaid, input flags:8192, output hwFlags:0
06-24 16:29:54.171 I/appium  (24379): channel read invoked!
06-24 16:29:54.171 I/appium  (24379): channel read: GET /wd/hub/session/12d3f873-0ea4-4775-928a-9964d13dcd6c/source
06-24 16:29:54.176 I/PhoneStatusBar( 1513): updateNotificationShade: total=76, active=76
06-24 16:29:54.176 W/PhoneStatusBar( 1513): updateNotificationShade hasFaceDT: false; Detected:false
06-24 16:29:54.177 V/PhoneStatusBar( 1513): mStackScroller size:11,activeCount:76, childCnt:15
06-24 16:29:54.214 W/HwKeyguardDragHelper( 1513): AnimationBlocked
06-24 16:29:54.993 D/NetWorkUtils( 1513): mVSimCurCardType is -1
06-24 16:29:54.994 W/ResourceType( 1513): No package identifier when getting value for resource number 0x00000000
06-24 16:29:54.995 E/HwNotchUtils( 1513): setIconForView iconId is not found
06-24 16:29:54.997 D/NetWorkUtils( 1513): mVSimCurCardType is -1
06-24 16:29:54.999 W/ResourceType( 1513): No package identifier when getting value for resource number 0x00000000
06-24 16:29:54.999 E/HwNotchUtils( 1513): setIconForView iconId is not found
06-24 16:29:55.053 I/zygote64(  657): Background concurrent copying GC freed 388615(21MB) AllocSpace objects, 82(2MB) LOS objects, 30% free, 53MB/77MB, paused 1.561ms total 321.279ms
06-24 16:29:55.074 I/appium  (24379): Skipping invisible child: android.view.accessibility.AccessibilityNodeInfo@9f8f; boundsInParent: Rect(0, 0 - 1080, 1920); boundsInScreen: Rect(1080, 0 - 1080, 1920); packageName: com.excelliance.dualaid; className: android.widget.RelativeLayout; text: null; error: null; maxTextLength: -1; contentDescription: null; viewIdResName: null; checkable: false; checked: false; focusable: false; focused: false; selected: false; clickable: false; longClickable: false; contextClickable: false; enabled: true; password: false; scrollable: false; importantForAccessibility: false; actions: [AccessibilityAction: ACTION_SELECT - null, AccessibilityAction: ACTION_CLEAR_SELECTION - null, AccessibilityAction: ACTION_ACCESSIBILITY_FOCUS - null, AccessibilityAction: ACTION_SHOW_ON_SCREEN - null]
06-24 16:29:55.075 I/appium  (24379): Skipping invisible child: android.view.accessibility.AccessibilityNodeInfo@a350; boundsInParent: Rect(0, 0 - 1080, 1920); boundsInScreen: Rect(2160, 0 - 1080, 1920); packageName: com.excelliance.dualaid; className: android.widget.RelativeLayout; text: null; error: null; maxTextLength: -1; contentDescription: null; viewIdResName: null; checkable: false; checked: false; focusable: false; focused: false; selected: false; clickable: false; longClickable: false; contextClickable: false; enabled: true; password: false; scrollable: false; importantForAccessibility: false; actions: [AccessibilityAction: ACTION_SELECT - null, AccessibilityAction: ACTION_CLEAR_SELECTION - null, AccessibilityAction: ACTION_ACCESSIBILITY_FOCUS - null, AccessibilityAction: ACTION_SHOW_ON_SCREEN - null]
06-24 16:29:55.075 I/appium  (24379): Fetch time: 12ms
