06-24 16:29:12.005 D/ActivityThread(  515): add activity client record, r= ActivityRecord{2c2a792 token=android.os.BinderProxy@f7a1593 {com.excelliance.dualaid/com.excelliance.kxqp.ui.HelloActivity}} token= android.os.BinderProxy@f7a1593
06-24 16:29:12.007 D/OpenGLRenderer(  515):   HWUI Binary is  enabled
06-24 16:29:12.008 V/WindowManager(  657): Adding Window{7f23cb5 u0 com.excelliance.dualaid/com.excelliance.kxqp.ui.HelloActivity} to AppWindowToken{fb55b54 token=Token{18ecaa7 ActivityRecord{283e766 u0 com.excelliance.dualaid/com.excelliance.kxqp.ui.HelloActivity t16047}}}
06-24 16:29:12.008 V/WindowManager(  657): addWindow: New client android.os.BinderProxy@190c0ec: window=Window{7f23cb5 u0 com.excelliance.dualaid/com.excelliance.kxqp.ui.HelloActivity} Callers=com.android.server.wm.HwWindowManagerService.addWindow:562 com.android.server.wm.Session.addToDisplay:199 android.view.IWindowSession$Stub.onTransact:124 com.android.server.wm.Session.onTransact:161 android.os.Binder.execTransact:675 
06-24 16:29:12.009 V/MainActivity(  515): onWindowFocusChanged: false
06-24 16:29:12.009 D/MainActivity(  515): onWindowFocusChanged: end
06-24 16:29:12.009 D/HelloActivity(  515): upload: com.tencent.mm,com.tencent.mobileqq,com.ifreetalk.ftalk
06-24 16:29:12.012 D/OpenGLRenderer(  515):   HWUI Binary is  enabled
06-24 16:29:12.012 E/SmtServService(  548): firststartcom.tencent.mm,com.tencent.mobileqq,com.ifreetalk.ftalk
06-24 16:29:12.015 D/PMS11423(  657): package:com.android.mms, input flags:0, output hwFlags:0
06-24 16:29:12.016 D/PMS11423(  657): package:com.android.settings, input flags:0, output hwFlags:0
06-24 16:29:12.017 D/PMS11423(  657): package:com.android.contacts, input flags:0, output hwFlags:0
06-24 16:29:12.030 V/WindowManager(  657): Checking 1 opening apps (frozen=false timeout=false)...
06-24 16:29:12.030 V/WindowManager(  657): Check opening app=AppWindowToken{fb55b54 token=Token{18ecaa7 ActivityRecord{283e766 u0 com.excelliance.dualaid/com.excelliance.kxqp.ui.HelloActivity t16047}}}: allDrawn=false startingDisplayed=false startingMoved=false isRelaunching()=false
06-24 16:29:12.031 D/PMS1000 (  657): package:com.excelliance.dualaid, input flags:8192, output hwFlags:0
06-24 16:29:12.032 W/HSM     ( 1813): HoldService:toast switch is close!
06-24 16:29:12.032 V/HwPhoneWindowManager(  657): updateSystemUiColorLw window=Window{7f23cb5 u0 com.excelliance.dualaid/com.excelliance.kxqp.ui.HelloActivity},EmuiStyle=0,StatusBarColor=0x0,NavigationBarColor=0xff000000, mLastIsEmuiLightStyle=-1
06-24 16:29:12.032 D/HwPhoneWindowManager(  657): Transact:setSystemUIColor to status bar service
06-24 16:29:12.032 D/ApplicationPackageManager(  515): getInstalledApplications blocked
06-24 16:29:12.032 D/HsmInterfaceImpl(  515): List [ApplicationInfo{c67b351 com.huawei.hifolder}, ApplicationInfo{27037b6 com.github.shadowsocks}, ApplicationInfo{7855cb7 com.excelliance.dualaid}]
06-24 16:29:12.032 I/CommandQueue( 1513): updateBarBgColor
06-24 16:29:12.032 D/CommandQueue( 1513): CommandQueue, setBarBackgroundColor
06-24 16:29:12.033 D/TintManager( 1513): statusBarIconTint=#99FFFFFF,navigationBarIconTint=#FF000000
06-24 16:29:12.033 I/WindowManager(  657): notifyAccessibilityButtonVisibilityChanged visible:false
06-24 16:29:12.034 W/ActivityManager(  657): Sending non-protected broadcast huawei.action.floattasks.STATUS_BAR_STATE_CHANGED from system 1513:com.android.systemui/u0a39 pkg com.android.systemui
06-24 16:29:12.034 V/WindowManager(  657): Checking 1 opening apps (frozen=false timeout=false)...
06-24 16:29:12.034 V/WindowManager(  657): Check opening app=AppWindowToken{fb55b54 token=Token{18ecaa7 ActivityRecord{283e766 u0 com.excelliance.dualaid/com.excelliance.kxqp.ui.HelloActivity t16047}}}: allDrawn=false startingDisplayed=false startingMoved=false isRelaunching()=false
06-24 16:29:12.037 V/WindowManager(  657): Checking 1 opening apps (frozen=false timeout=false)...
06-24 16:29:12.037 V/WindowManager(  657): Check opening app=AppWindowToken{fb55b54 token=Token{18ecaa7 ActivityRecord{283e766 u0 com.excelliance.dualaid/com.excelliance.kxqp.ui.HelloActivity t16047}}}: allDrawn=false startingDisplayed=false startingMoved=false isRelaunching()=false
06-24 16:29:12.038 I/GRALLOC (  679): 	 shrFd=10,fmt=0x1,intFmt=0x200000001,btStrd=4352,size=8486912,pid=679 
06-24 16:29:12.038 I/GRALLOC (  679): 	 yuv=2,w=1080,h=1920,Stride u=0 v=0,offset u=0 v=0 
06-24 16:29:12.038 I/GRALLOC (  679): 	 iova_size=8486912,conUsg=0x900,proUsg=0x900,	 strd=1088,[afbc]HdrStrd=1088 PyldStrd=69632 Scrmbl=2,ionhnd = 1 
06-24 16:29:12.038 D/HelloActivity(  515): onSuccess: respone:{"code":1,"message":"success","data":{"switch":1},"service":"onekeyswitch"}
06-24 16:29:12.039 W//system/bin/hwservicemanager(  416): Cannot open /odm/manifest.xml
06-24 16:29:12.040 I/GRALLOC (  679): 	 shrFd=10,fmt=0x1,intFmt=0x200000001,btStrd=4352,size=8486912,pid=679 
06-24 16:29:12.040 I/GRALLOC (  679): 	 yuv=2,w=1080,h=1920,Stride u=0 v=0,offset u=0 v=0 
06-24 16:29:12.040 I/GRALLOC (  679): 	 iova_size=8486912,conUsg=0x900,proUsg=0x900,	 strd=1088,[afbc]HdrStrd=1088 PyldStrd=69632 Scrmbl=2,ionhnd = 1 
06-24 16:29:12.040 D/PMS11423(  657): package:com.tencent.tmgp.qqx5, input flags:0, output hwFlags:0
06-24 16:29:12.041 D/PMS11423(  657): package:com.huawei.android.pushagent, input flags:0, output hwFlags:0
06-24 16:29:12.041 D/PMS11423(  657): package:com.huawei.appmarket, input flags:0, output hwFlags:0
06-24 16:29:12.041 D/PMS11423(  657): package:com.wandoujia.phoenix2, input flags:0, output hwFlags:0
06-24 16:29:12.042 D/PMS11423(  657): package:com.tencent.mm, input flags:0, output hwFlags:0
06-24 16:29:12.042 D/mali_winsys(  515): EGLint new_window_surface(egl_winsys_display *, void *, EGLSurface, EGLConfig, egl_winsys_surface **, egl_color_buffer_format *, EGLBoolean) returns 0x3000
06-24 16:29:12.042 D/PMS11423(  657): package:com.android.providers.media, input flags:0, output hwFlags:0
06-24 16:29:12.042 D/PMS11423(  657): package:com.huawei.vassistant, input flags:0, output hwFlags:0
06-24 16:29:12.042 D/PMS11423(  657): package:com.android.contacts, input flags:0, output hwFlags:0
06-24 16:29:12.042 D/PMS11423(  657): package:com.facebook.katana, input flags:0, output hwFlags:0
06-24 16:29:12.042 D/PMS11423(  657): package:com.huawei.hidisk, input flags:0, output hwFlags:536870912
06-24 16:29:12.042 D/PMS11423(  657): package:com.huawei.trustcircle, input flags:0, output hwFlags:0
06-24 16:29:12.043 D/PMS11423(  657): package:com.jingdong.app.mall, input flags:0, output hwFlags:0
06-24 16:29:12.043 D/PMS11423(  657): package:com.tencent.mobileqq, input flags:0, output hwFlags:0
06-24 16:29:12.043 D/PMS11423(  657): package:com.zol.android, input flags:0, output hwFlags:0
06-24 16:29:12.043 D/PMS11423(  657): package:com.huawei.hiskytone, input flags:0, output hwFlags:603979776
06-24 16:29:12.043 D/PMS11423(  657): package:com.huawei.hwid, input flags:0, output hwFlags:0
06-24 16:29:12.043 D/PMS11423(  657): package:com.sina.weibo, input flags:0, output hwFlags:0
06-24 16:29:12.043 D/PMS11423(  657): package:com.antutu.ABenchMark, input flags:0, output hwFlags:0
06-24 16:29:12.043 D/PMS11423(  657): package:com.sankuai.meituan.takeoutnew, input flags:0, output hwFlags:0
06-24 16:29:12.044 D/PMS11423(  657): package:com.vmall.client, input flags:0, output hwFlags:67108864
06-24 16:29:12.044 D/PMS11423(  657): package:com.android.browser, input flags:0, output hwFlags:0
06-24 16:29:12.044 D/PMS11423(  657): package:com.eg.android.AlipayGphone, input flags:0, output hwFlags:0
06-24 16:29:12.044 D/PMS11423(  657): package:com.android.mediacenter, input flags:0, output hwFlags:0
06-24 16:29:12.044 D/PMS11423(  657): package:com.huawei.himovie, input flags:0, output hwFlags:0
06-24 16:29:12.044 D/PMS11423(  657): package:com.huawei.hnreader, input flags:0, output hwFlags:67108864
06-24 16:29:12.044 D/PMS11423(  657): package:com.twitter.android, input flags:0, output hwFlags:0
06-24 16:29:12.045 D/PMS11423(  657): package:com.baidu.input_huawei, input flags:0, output hwFlags:0
06-24 16:29:12.045 D/PMS11423(  657): package:com.google.android.gms, input flags:0, output hwFlags:0
06-24 16:29:12.045 D/PMS11423(  657): package:com.sankuai.meituan, input flags:0, output hwFlags:0
06-24 16:29:12.045 D/PMS11423(  657): package:com.tencent.news, input flags:0, output hwFlags:0
06-24 16:29:12.045 D/PMS11423(  657): package:com.iflytek.speechsuite, input flags:0, output hwFlags:0
06-24 16:29:12.045 D/PMS11423(  657): package:com.qzone, input flags:0, output is null
06-24 16:29:12.045 D/PMS11423(  657): package:com.tencent.android.qqdownloader, input flags:0, output hwFlags:0
06-24 16:29:12.046 D/PMS11423(  657): package:com.tencent.now, input flags:0, output is null
06-24 16:29:12.046 D/PMS11423(  657): package:com.ifreetalk.ftalk, input flags:0, output hwFlags:0
06-24 16:29:12.046 D/PMS11423(  657): package:com.taobao.taobao, input flags:0, output hwFlags:0
06-24 16:29:12.046 D/PMS11423(  657): package:com.android.gallery3d, input flags:0, output hwFlags:0
06-24 16:29:12.046 D/PMS11423(  657): package:com.pp.assistant, input flags:0, output hwFlags:0
06-24 16:29:12.047 D/PMS11423(  657): package:com.oppo.market, input flags:0, output hwFlags:0
06-24 16:29:12.047 D/PMS11423(  657): package:com.excean.wxaid, input flags:0, output hwFlags:0
06-24 16:29:12.047 D/PMS11423(  657): package:com.huawei.intelligent, input flags:0, output hwFlags:0
06-24 16:29:12.047 D/PMS11423(  657): package:com.google.android.backuptransport, input flags:0, output hwFlags:0
06-24 16:29:12.047 D/PMS11423(  657): package:com.huawei.skytone, input flags:0, output hwFlags:0
06-24 16:29:12.047 D/PMS11423(  657): package:com.estrongs.android.pop, input flags:0, output hwFlags:0
06-24 16:29:12.047 D/PMS11423(  657): package:com.redfinger.app, input flags:0, output hwFlags:0
06-24 16:29:12.047 D/PMS11423(  657): package:com.android.vending, input flags:0, output hwFlags:0
06-24 16:29:12.048 D/PMS11423(  657): package:org.hapjs.mockup, input flags:0, output hwFlags:0
06-24 16:29:12.048 D/PMS11423(  657): package:com.huawei.gamebox, input flags:0, output hwFlags:603979776
06-24 16:29:12.048 D/PMS11423(  657): package:com.tencent.tmgp.pubgmhd-ext, input flags:0, output is null
06-24 16:29:12.048 D/PMS11423(  657): package:com.stickgame.los2, input flags:0, output hwFlags:0
06-24 16:29:12.048 D/PMS11423(  657): package:com.qihoo.appstore, input flags:0, output hwFlags:0
06-24 16:29:12.048 D/PMS11423(  657): package:com.huawei.android.thememanager, input flags:0, output hwFlags:0
06-24 16:29:12.048 D/PMS11423(  657): package:com.excean.parallelspace, input flags:0, output hwFlags:0
06-24 16:29:12.048 D/PMS11423(  657): package:com.UCMobile, input flags:0, output hwFlags:0
06-24 16:29:12.049 D/PMS11423(  657): package:com.bbk.appstore, input flags:0, output hwFlags:0
06-24 16:29:12.049 D/PMS11423(  657): package:com.excean.ppaid, input flags:0, output hwFlags:0
06-24 16:29:12.049 D/PMS11423(  657): package:com.netease.blockchain, input flags:0, output hwFlags:0
06-24 16:29:12.049 D/PMS11423(  657): package:com.huawei.camera, input flags:0, output hwFlags:0
06-24 16:29:12.049 D/PMS11423(  657): package:com.sinovatech.unicom.ui, input flags:0, output hwFlags:0
06-24 16:29:12.050 D/PMS11423(  657): package:com.huawei.phoneservice, input flags:0, output hwFlags:0
06-24 16:29:12.050 D/PMS11423(  657): package:com.crisisfire.android.nearme.gamecenter, input flags:0, output hwFlags:0
06-24 16:29:12.050 D/PMS11423(  657): package:com.antutu.benchmark.full, input flags:0, output hwFlags:0
06-24 16:29:12.050 D/PMS11423(  657): package:com.xunmeng.pinduoduo, input flags:0, output hwFlags:0
06-24 16:29:12.050 D/PMS11423(  657): package:com.zhuowang.cloneapp, input flags:0, output hwFlags:0
06-24 16:29:12.050 D/PMS11423(  657): package:com.excean.parallelspace.b64, input flags:0, output hwFlags:0
06-24 16:29:12.050 D/PMS11423(  657): package:com.excelliance.multiaccounts.b64, input flags:0, output hwFlags:0
06-24 16:29:12.050 D/PMS11423(  657): package:com.xiangyou.multispace, input flags:0, output hwFlags:0
06-24 16:29:12.051 D/PMS11423(  657): package:com.youlong.multiaccount, input flags:0, output hwFlags:0
06-24 16:29:12.051 D/PMS11423(  657): package:com.gameloft.android.ANMP.GloftA9HM, input flags:0, output hwFlags:0
06-24 16:29:12.051 D/PMS11423(  657): package:com.excelliance.dualaid.b64, input flags:0, output hwFlags:0
06-24 16:29:12.051 D/AddGameData(  515): switch_uninstall: 70
06-24 16:29:12.053 D/PMS1000 (  657): package:com.excelliance.dualaid, input flags:8192, output hwFlags:0
06-24 16:29:12.054 W/HSM     ( 1813): HoldService:toast switch is close!
06-24 16:29:12.055 D/ApplicationPackageManager(  515): queryIntentActivitiesAsUser blocked, Intent { act=android.intent.action.MAIN cat=[android.intent.category.LAUNCHER] pkg=com.huawei.hifolder }
06-24 16:29:12.055 D/HsmInterfaceImpl(  515): List []
06-24 16:29:12.056 D/VersionManager(  548): xml=<?xml version="1.0" encoding="utf-8"?><upinfo></upinfo>
06-24 16:29:12.058 W/HSM     ( 1813): HoldService:toast switch is close!
06-24 16:29:12.058 D/ApplicationPackageManager(  515): queryIntentActivitiesAsUser blocked, Intent { act=android.intent.action.MAIN cat=[android.intent.category.LAUNCHER] pkg=com.github.shadowsocks }
06-24 16:29:12.058 D/HsmInterfaceImpl(  515): List [ResolveInfo{57d5949 com.github.shadowsocks/.MainActivity m=0x108000}]
06-24 16:29:12.059 W/InputMethodManager(  515): startInputReason = 1
06-24 16:29:12.062 I/wangchen( 7035): SysInfo.getSysParam: orientation=1||config d=3.0,w=1080,h=1920||metrics d=3.0,w=1080,h=1920||sdk=26,bar_h=72
06-24 16:29:12.062 I/KeymapLoader( 7035): w=1080 h=1920 ori=true appScale=3.3 s1=3.0
06-24 16:29:12.079 I/GRALLOC (  679): 	 shrFd=10,fmt=0x1,intFmt=0x200000001,btStrd=4352,size=8486912,pid=679 
06-24 16:29:12.079 I/GRALLOC (  679): 	 yuv=2,w=1080,h=1920,Stride u=0 v=0,offset u=0 v=0 
06-24 16:29:12.079 I/GRALLOC (  679): 	 iova_size=8486912,conUsg=0xb00,proUsg=0xb00,	 strd=1088,[afbc]HdrStrd=1088 PyldStrd=69632 Scrmbl=2,ionhnd = 1 
06-24 16:29:12.081 D/PMS1000 (  657): package:com.excelliance.dualaid, input flags:8192, output hwFlags:0
06-24 16:29:12.082 W/HSM     ( 1813): HoldService:toast switch is close!
06-24 16:29:12.083 D/ApplicationPackageManager(  515): queryIntentActivitiesAsUser blocked, Intent { act=android.intent.action.MAIN cat=[android.intent.category.LAUNCHER] pkg=com.excelliance.dualaid }
06-24 16:29:12.083 D/HsmInterfaceImpl(  515): List [ResolveInfo{e2d9f6f com.excelliance.dualaid/com.excelliance.kxqp.ui.HelloActivity m=0x108000}]
06-24 16:29:12.086 D/WindowManager(  657): finishDrawingWindow: Window{7f23cb5 u0 com.excelliance.dualaid/com.excelliance.kxqp.ui.HelloActivity} mDrawState=DRAW_PENDING
06-24 16:29:12.088 V/WindowManager(  657): Checking 1 opening apps (frozen=false timeout=false)...
06-24 16:29:12.088 V/WindowManager(  657): Check opening app=AppWindowToken{fb55b54 token=Token{18ecaa7 ActivityRecord{283e766 u0 com.excelliance.dualaid/com.excelliance.kxqp.ui.HelloActivity t16047}}}: allDrawn=true startingDisplayed=false startingMoved=false isRelaunching()=false
06-24 16:29:12.094 I/ActivityManager(  657): Displayed com.excelliance.dualaid/com.excelliance.kxqp.ui.HelloActivity: +211ms
06-24 16:29:12.098 V/WindowManager(  657): Checking 0 opening apps (frozen=false timeout=false)...
06-24 16:29:12.100 D/BarTransitions.HwPhoneStatusBarView( 1513): MODE_TRANSLUCENT -> MODE_TRANSPARENT animate=false
06-24 16:29:12.100 D/BarTransitions.HwPhoneStatusBarView( 1513): applyModeBackground oldMode=MODE_TRANSLUCENT newMode=MODE_TRANSPARENT animate=false
06-24 16:29:12.102 I/GRALLOC (  679): 	 shrFd=10,fmt=0x1,intFmt=0x200000001,btStrd=4352,size=8486912,pid=679 
06-24 16:29:12.102 I/GRALLOC (  679): 	 yuv=2,w=1080,h=1920,Stride u=0 v=0,offset u=0 v=0 
06-24 16:29:12.102 I/GRALLOC (  679): 	 iova_size=8486912,conUsg=0xb00,proUsg=0xb00,	 strd=1088,[afbc]HdrStrd=1088 PyldStrd=69632 Scrmbl=2,ionhnd = 1 
06-24 16:29:12.111 D/PMS1000 (  657): package:com.excelliance.dualaid, input flags:8192, output hwFlags:0
06-24 16:29:12.112 W/HSM     ( 1813): HoldService:toast switch is close!
06-24 16:29:12.113 D/ApplicationPackageManager(  515): queryIntentActivitiesAsUser blocked, Intent { act=android.intent.action.MAIN cat=[android.intent.category.LAUNCHER] pkg=com.tencent.tmgp.qqx5 }
06-24 16:29:12.113 D/HsmInterfaceImpl(  515): List [ResolveInfo{8b94105 com.tencent.tmgp.qqx5/.DGMMainActivity m=0x108000}]
06-24 16:29:12.117 D/BarTransitions.HwNavigationBarView( 1513): MODE_OPAQUE -> MODE_TRANSPARENT animate=false
06-24 16:29:12.117 D/BarTransitions.HwNavigationBarView( 1513): applyModeBackground oldMode=MODE_OPAQUE newMode=MODE_TRANSPARENT animate=false
06-24 16:29:12.118 I/GRALLOC (  679): 	 shrFd=10,fmt=0x1,intFmt=0x200000001,btStrd=4352,size=8486912,pid=679 
06-24 16:29:12.118 I/GRALLOC (  679): 	 yuv=2,w=1080,h=1920,Stride u=0 v=0,offset u=0 v=0 
06-24 16:29:12.118 I/GRALLOC (  679): 	 iova_size=8486912,conUsg=0xb00,proUsg=0xb00,	 strd=1088,[afbc]HdrStrd=1088 PyldStrd=69632 Scrmbl=2,ionhnd = 1 
06-24 16:29:12.122 E/BufferQueueProducer(  710): [com.excelliance.dualaid/com.excelliance.kxqp.swipe.NavActivity2#0] disconnect: not connected (req=1)
06-24 16:29:12.122 W/libEGL  (  515): EGLNativeWindowType 0xd0cb9808 disconnect failed
06-24 16:29:12.157 D/PMS1000 (  657): package:com.excelliance.dualaid, input flags:8192, output hwFlags:0
06-24 16:29:12.158 W/HSM     ( 1813): HoldService:toast switch is close!
06-24 16:29:12.158 D/ApplicationPackageManager(  515): queryIntentActivitiesAsUser blocked, Intent { act=android.intent.action.MAIN cat=[android.intent.category.LAUNCHER] pkg=com.huawei.android.pushagent }
06-24 16:29:12.159 D/HsmInterfaceImpl(  515): List []
06-24 16:29:12.161 D/PMS1000 (  657): package:com.excelliance.dualaid, input flags:8192, output hwFlags:0
06-24 16:29:12.162 W/HSM     ( 1813): HoldService:toast switch is close!
06-24 16:29:12.162 D/ApplicationPackageManager(  515): queryIntentActivitiesAsUser blocked, Intent { act=android.intent.action.MAIN cat=[android.intent.category.LAUNCHER] pkg=com.huawei.appmarket }
06-24 16:29:12.162 D/HsmInterfaceImpl(  515): List [ResolveInfo{81ec38b com.huawei.appmarket/.MainActivity m=0x108000}]
06-24 16:29:12.166 E/asset   (  515): createFromFile(): lock file /data/resource-cache/system@emui@base@overlay@frameworkhwexthonor@frameworkhwexthonor.apk@idmap.
06-24 16:29:12.166 E/asset   (  515): createFromFile(): lock file /data/resource-cache/system@emui@base@overlay@frameworkhwexthonor@frameworkhwexthonor.apk@idmap.
06-24 16:29:12.167 W/ResourceType(  515): Found multiple library tables, ignoring...
06-24 16:29:12.196 W/HSM     ( 1813): HoldService:toast switch is close!
06-24 16:29:12.197 D/ApplicationPackageManager(  515): queryIntentActivitiesAsUser blocked, Intent { act=android.intent.action.MAIN cat=[android.intent.category.LAUNCHER] pkg=com.wandoujia.phoenix2 }
06-24 16:29:12.197 D/HsmInterfaceImpl(  515): List [ResolveInfo{73d7d26 com.wandoujia.phoenix2/com.pp.assistant.activity.PPMainActivity m=0x108000}]
06-24 16:29:12.197 D/HwRecentsLockUtils( 1513): Search
06-24 16:29:12.197 E/HsmCoreServiceImpl( 1478): onTransact in code is: 103
06-24 16:29:12.197 I/MediaProcessHandler( 1478): playingUids: 
06-24 16:29:12.198 D/ActivityManager(  657): Skipping, home or recents stack task: TaskRecord{333215f #15658 A=com.huawei.android.launcher U=0 StackId=0 sz=1}
06-24 16:29:12.198 D/ActivityManager(  657): Skipping intent:act=android.intent.action.MAIN cat=[android.intent.category.LAUNCHER] flg=0x10a00000 cmp=io.appium.settings/.Settings
06-24 16:29:12.198 D/ActivityManager(  657): Skipping intent:flg=0x10804000 cmp=com.android.systemui/.recents.RecentsActivity bnds=[48,928][1032,2296]
06-24 16:29:12.198 D/ActivityManager(  657): Skipping intent:flg=0x18800000 cmp=com.tencent.mm/.plugin.base.stub.WXPayEntryActivity
06-24 16:29:12.198 D/ActivityManager(  657): Skipping intent:flg=0x10800000 cmp=com.huawei.systemmanager/com.huawei.permissionmanager.ui.MainActivity
06-24 16:29:12.198 D/ActivityManager(  657): Skipping intent:flg=0x18800000 cmp=com.tencent.mm/.plugin.base.stub.WXEntryActivity
06-24 16:29:12.198 D/ActivityManager(  657): Skipping intent:act=com.huawei.action.VOICE_ASSISTANT flg=0x10800000 pkg=com.huawei.vassistant cmp=com.huawei.vassistant/.ui.main.VAssistantActivity
06-24 16:29:12.198 D/ActivityManager(  657): Skipping intent:act=com.huawei.android.launcher.action.ACCESS_SPLIT_SCREEN_APP cat=[android.intent.category.DEFAULT] flg=0x10804000 cmp=com.huawei.android.launcher/.splitscreen.SplitScreenAppActivity
06-24 16:29:12.198 D/ActivityManager(  657): Skipping intent:flg=0x10800000 pkg=com.excelliance.dualaid.b64 cmp=com.excelliance.dualaid.b64/com.excelliance.kxqp.sdk.PermissionRequestActivity
06-24 16:29:12.198 D/ActivityManager(  657): Skipping intent:act=android.intent.action.VIEW dat=content://com.excelliance.dualaid.fileProvider/external_storage_root/Download/apk/Multiple_64.apk typ=application/vnd.android.package-archive flg=0x10800001 cmp=com.android.packageinstaller/.InstallStart
06-24 16:29:12.198 D/ActivityManager(  657): Skipping intent:flg=0x10800000 cmp=com.android.systemui/.usb.HwUsbDebuggingActivity
06-24 16:29:12.198 D/ActivityManager(  657): Skipping intent:act=android.deviceinfo.chooser.action.LAUNCH flg=0x10800000 hwFlg=0x100 pkg=com.android.settings cmp=com.android.settings/.deviceinfo.UsbConnModeChooserActivity
06-24 16:29:12.198 D/ActivityManager(  657): Skipping intent:flg=0x10800000 cmp=com.zol.android/.push.KeepLiveActivity
06-24 16:29:12.198 D/ActivityManager(  657): Skipping intent:act=android.intent.action.MAIN cat=[android.intent.category.HOME] flg=0x10800300 cmp=com.android.settings/.FallbackHome
06-24 16:29:12.224 D/PMS1000 (  657): package:com.excelliance.dualaid, input flags:8192, output hwFlags:0
06-24 16:29:12.227 W/HSM     ( 1813): HoldService:toast switch is close!
06-24 16:29:12.228 D/ApplicationPackageManager(  515): queryIntentActivitiesAsUser blocked, Intent { act=android.intent.action.MAIN cat=[android.intent.category.LAUNCHER] pkg=com.tencent.mm }
06-24 16:29:12.228 D/HsmInterfaceImpl(  515): List [ResolveInfo{7694714 com.tencent.mm/.ui.LauncherUI m=0x108000}]
06-24 16:29:12.240 W/HSM     ( 1813): HoldService:toast switch is close!
06-24 16:29:12.241 D/ApplicationPackageManager(  515): queryIntentActivitiesAsUser blocked, Intent { act=android.intent.action.MAIN cat=[android.intent.category.LAUNCHER] pkg=com.android.providers.media }
06-24 16:29:12.241 D/HsmInterfaceImpl(  515): List []
06-24 16:29:12.243 W/HSM     ( 1813): HoldService:toast switch is close!
06-24 16:29:12.244 D/ApplicationPackageManager(  515): queryIntentActivitiesAsUser blocked, Intent { act=android.intent.action.MAIN cat=[android.intent.category.LAUNCHER] pkg=com.huawei.vassistant }
06-24 16:29:12.244 D/HsmInterfaceImpl(  515): List [ResolveInfo{8f38bbd com.huawei.vassistant/.ui.main.VAssistantActivity m=0x108000}]
06-24 16:29:12.247 E/asset   (  515): createFromFile(): lock file /data/resource-cache/system@emui@base@overlay@frameworkhwexthonor@frameworkhwexthonor.apk@idmap.
06-24 16:29:12.247 E/asset   (  515): createFromFile(): lock file /data/resource-cache/system@emui@base@overlay@frameworkhwexthonor@frameworkhwexthonor.apk@idmap.
06-24 16:29:12.247 W/ResourceType(  515): Found multiple library tables, ignoring...
06-24 16:29:12.265 D/HwArpVerifier(  657): performPollAndLog:
06-24 16:29:12.269 D/hw_netstat(  657): total/9479/4215,com.excelliance.dualaid/9209/3915,unknown:0/270/0,com.google.uid.shared:10089/0/240,com.android.vending/0/60
06-24 16:29:12.289 D/PMS1000 (  657): package:com.excelliance.dualaid, input flags:8192, output hwFlags:0
06-24 16:29:12.290 W/HSM     ( 1813): HoldService:toast switch is close!
06-24 16:29:12.291 D/ApplicationPackageManager(  515): queryIntentActivitiesAsUser blocked, Intent { act=android.intent.action.MAIN cat=[android.intent.category.LAUNCHER] pkg=com.facebook.katana }
06-24 16:29:12.291 D/HsmInterfaceImpl(  515): List [ResolveInfo{11dc080 com.facebook.katana/.LoginActivity m=0x108000}]
06-24 16:29:12.306 V/ActivityManager(  657): Making visible and scheduling visibility: ActivityRecord{d5c9105 u0 com.huawei.android.launcher/.unihome.UniHomeLauncher t15658}
06-24 16:29:12.306 V/WindowManager(  657): No longer Stopped: AppWindowToken{d3a938b token=Token{377755a ActivityRecord{d5c9105 u0 com.huawei.android.launcher/.unihome.UniHomeLauncher t15658}}}
06-24 16:29:12.353 D/ActivityThread(  515): Remove activity client record, r= ActivityRecord{414755e token=android.os.BinderProxy@31abee5 {com.excelliance.dualaid/com.excelliance.kxqp.swipe.NavActivity2}} token= android.os.BinderProxy@31abee5
06-24 16:29:12.353 V/ActivityThread( 2519): Handle window ActivityRecord{4719bb8 token=android.os.BinderProxy@b3fca27 {com.huawei.android.launcher/com.huawei.android.launcher.unihome.UniHomeLauncher}} visibility: true
06-24 16:29:12.355 E/HwLauncher( 2519): SettingsEx , no such field.
06-24 16:29:12.355 W/HwLauncher( 2519): Clock getDataFormat the getSystemString failed.
06-24 16:29:12.356 E/asset   (  515): createFromFile(): lock file /data/resource-cache/system@emui@base@overlay@frameworkhwexthonor@frameworkhwexthonor.apk@idmap.
06-24 16:29:12.356 V/WindowManager(  657): removeIfPossible: Window{7160283 u0 com.excelliance.dualaid/com.excelliance.kxqp.swipe.NavActivity2} callers=com.android.server.wm.WindowState.removeIfPossible:1914 com.android.server.wm.WindowManagerService.removeWindow:2022 com.android.server.wm.Session.remove:218 android.view.IWindowSession$Stub.onTransact:242 com.android.server.wm.Session.onTransact:161 
06-24 16:29:12.356 E/asset   (  515): createFromFile(): lock file /data/resource-cache/system@emui@base@overlay@frameworkhwexthonor@frameworkhwexthonor.apk@idmap.
06-24 16:29:12.356 W/ResourceType(  515): Found multiple library tables, ignoring...
06-24 16:29:12.356 I/WindowManager(  657): Destroying surface Surface(name=com.excelliance.dualaid/com.excelliance.kxqp.swipe.NavActivity2) called by com.android.server.wm.WindowStateAnimator.destroySurface:2060 com.android.server.wm.WindowStateAnimator.destroySurfaceLocked:873 com.android.server.wm.HwWindowStateAnimator.destroySurfaceLocked:1006 com.android.server.wm.WindowState.removeImmediately:1899 com.android.server.wm.WindowState.removeIfPossible:2051 com.android.server.wm.WindowState.removeIfPossible:1914 com.android.server.wm.WindowManagerService.removeWindow:2022 com.android.server.wm.Session.remove:218 
06-24 16:29:12.357 D/HwQoEUtils(  657): mForegroundAppPackageName: com.huawei.android.launcher ,score: 0
06-24 16:29:12.357 V/WindowManager(  657): postWindowRemoveCleanupLocked: Window{7160283 u0 com.excelliance.dualaid/com.excelliance.kxqp.swipe.NavActivity2}
06-24 16:29:12.357 V/WindowManager(  657): Removing Window{7160283 u0 com.excelliance.dualaid/com.excelliance.kxqp.swipe.NavActivity2} from AppWindowToken{c05a7fc token=Token{90340ef ActivityRecord{612a9ce u0 com.excelliance.dualaid/com.excelliance.kxqp.swipe.NavActivity2 t16047}}}
06-24 16:29:12.357 D/HwQoEUtils(  657): onForegroundAppWifiSleepChange: config:false, sleeptime:-1,type: 255, appname:com.huawei.android.launcher
06-24 16:29:12.357 D/HwQoEUtils(  657): APP type: 255 appName= com.huawei.android.launcher
06-24 16:29:12.358 D/HwQoEUtils(  657): no game, APP_TYPE_GAME, appName =com.huawei.android.launcher
06-24 16:29:12.358 D/HwGameAssistantController(  657): pid=2519, uid=10056, foreground=true
06-24 16:29:12.363 V/WindowManager(  657): removeAppToken: AppWindowToken{c05a7fc token=Token{90340ef ActivityRecord{612a9ce u0 com.excelliance.dualaid/com.excelliance.kxqp.swipe.NavActivity2 t16047}}} delayed=false Callers=com.android.server.wm.DisplayContent.removeAppToken:985 com.android.server.wm.AppWindowContainerController.removeContainer:348 com.android.server.am.ActivityRecord.removeWindowContainer:1039 com.android.server.am.ActivityStack.removeActivityFromHistoryLocked:4491 
06-24 16:29:12.364 I/HwNetworkPolicy(  657): onTransact, code = 203
06-24 16:29:12.365 I/HwNetworkPolicyManager( 1813): getHwUidPolicy uid = 10056 policy = 0
06-24 16:29:12.366 W/AwareLog(  657): SchedLevelBoost: onFgActivitiesChanged config not set!
06-24 16:29:12.383 I/GRALLOC (  679): 	 shrFd=10,fmt=0x1,intFmt=0x200000001,btStrd=4352,size=8486912,pid=679 
06-24 16:29:12.383 I/GRALLOC (  679): 	 yuv=2,w=1080,h=1920,Stride u=0 v=0,offset u=0 v=0 
06-24 16:29:12.383 I/GRALLOC (  679): 	 iova_size=8486912,conUsg=0x900,proUsg=0x900,	 strd=1088,[afbc]HdrStrd=1088 PyldStrd=69632 Scrmbl=2,ionhnd = 1 
06-24 16:29:12.386 I/chatty  (  679): uid=1000(system) allocator@2.0-s identical 1 line
06-24 16:29:12.390 I/GRALLOC (  679): 	 shrFd=10,fmt=0x1,intFmt=0x200000001,btStrd=4352,size=8486912,pid=679 
06-24 16:29:12.390 I/GRALLOC (  679): 	 yuv=2,w=1080,h=1920,Stride u=0 v=0,offset u=0 v=0 
06-24 16:29:12.390 I/GRALLOC (  679): 	 iova_size=8486912,conUsg=0x900,proUsg=0x900,	 strd=1088,[afbc]HdrStrd=1088 PyldStrd=69632 Scrmbl=2,ionhnd = 1 
06-24 16:29:12.392 D/mali_winsys( 2519): EGLint new_window_surface(egl_winsys_display *, void *, EGLSurface, EGLConfig, egl_winsys_surface **, egl_color_buffer_format *, EGLBoolean) returns 0x3000
06-24 16:29:12.404 D/PMS1000 (  657): package:com.excelliance.dualaid, input flags:8192, output hwFlags:0
06-24 16:29:12.406 W/HSM     ( 1813): HoldService:toast switch is close!
06-24 16:29:12.407 D/ApplicationPackageManager(  515): queryIntentActivitiesAsUser blocked, Intent { act=android.intent.action.MAIN cat=[android.intent.category.LAUNCHER] pkg=com.huawei.trustcircle }
06-24 16:29:12.407 D/HsmInterfaceImpl(  515): List []
06-24 16:29:12.412 W/HSM     ( 1813): HoldService:toast switch is close!
06-24 16:29:12.413 D/ApplicationPackageManager(  515): queryIntentActivitiesAsUser blocked, Intent { act=android.intent.action.MAIN cat=[android.intent.category.LAUNCHER] pkg=com.jingdong.app.mall }
06-24 16:29:12.413 D/HsmInterfaceImpl(  515): List [ResolveInfo{ede64ac com.jingdong.app.mall/.main.MainActivity m=0x108000}]
06-24 16:29:12.435 I/GRALLOC (  679): 	 shrFd=10,fmt=0x1,intFmt=0x200000001,btStrd=4352,size=8486912,pid=679 
06-24 16:29:12.435 I/GRALLOC (  679): 	 yuv=2,w=1080,h=1920,Stride u=0 v=0,offset u=0 v=0 
06-24 16:29:12.435 I/GRALLOC (  679): 	 iova_size=8486912,conUsg=0xb00,proUsg=0xb00,	 strd=1088,[afbc]HdrStrd=1088 PyldStrd=69632 Scrmbl=2,ionhnd = 1 
06-24 16:29:12.453 D/WindowManager(  657): finishDrawingWindow: Window{68d6975 u0 com.huawei.android.launcher/com.huawei.android.launcher.unihome.UniHomeLauncher} mDrawState=DRAW_PENDING
06-24 16:29:12.455 D/ImageWallpaper( 1513): onOffsetsChanged: xOffset=0.0, yOffset=0.0, xOffsetStep=0.0, yOffsetStep=0.0, xPixels=0, yPixels=0
06-24 16:29:12.455 D/ImageWallpaper( 1513): Suppressed drawFrame since redraw is not needed and offsets have not changed.sf=Rect(0, 0 - 2160, 1920)
06-24 16:29:12.455 D/ImageWallpaper( 1513): onVisibilityChanged: mVisible, visible=false, true
06-24 16:29:12.455 D/ImageWallpaper( 1513): Visibility changed to visible=true
06-24 16:29:12.456 D/ImageWallpaper( 1513): Suppressed drawFrame since redraw is not needed and offsets have not changed.sf=Rect(0, 0 - 2160, 1920)
06-24 16:29:12.461 W/JankService(  777): processEntry, not beta version or commercial log off
06-24 16:29:12.487 D/PMS1000 (  657): package:com.excelliance.dualaid, input flags:8192, output hwFlags:0
06-24 16:29:12.493 W/HSM     ( 1813): HoldService:toast switch is close!
06-24 16:29:12.495 D/ApplicationPackageManager(  515): queryIntentActivitiesAsUser blocked, Intent { act=android.intent.action.MAIN cat=[android.intent.category.LAUNCHER] pkg=com.tencent.mobileqq }
06-24 16:29:12.495 D/HsmInterfaceImpl(  515): List [ResolveInfo{27ad90a com.tencent.mobileqq/.activity.SplashActivity m=0x108000}]
06-24 16:29:12.511 D/HwFLClassLoader( 2519): USE_FEATURE_LIST had not init! 
06-24 16:29:12.519 W/HSM     ( 1813): HoldService:toast switch is close!
06-24 16:29:12.520 D/ApplicationPackageManager(  515): queryIntentActivitiesAsUser blocked, Intent { act=android.intent.action.MAIN cat=[android.intent.category.LAUNCHER] pkg=com.zol.android }
06-24 16:29:12.520 E/asset   ( 2519): createFromFile(): lock file /data/resource-cache/system@emui@base@overlay@frameworkhwexthonor@frameworkhwexthonor.apk@idmap.
06-24 16:29:12.521 E/asset   ( 2519): createFromFile(): lock file /data/resource-cache/system@emui@base@overlay@frameworkhwexthonor@frameworkhwexthonor.apk@idmap.
06-24 16:29:12.521 D/HsmInterfaceImpl(  515): List [ResolveInfo{42ba57b com.zol.android/.ui.FirstActivity m=0x108000}]
06-24 16:29:12.521 W/ResourceType( 2519): Found multiple library tables, ignoring...
06-24 16:29:12.535 D/HwFLClassLoader( 2519): USE_FEATURE_LIST had not init! 
06-24 16:29:12.541 E/asset   ( 2519): createFromFile(): lock file /data/resource-cache/system@emui@base@overlay@frameworkhwexthonor@frameworkhwexthonor.apk@idmap.
06-24 16:29:12.542 E/asset   ( 2519): createFromFile(): lock file /data/resource-cache/system@emui@base@overlay@frameworkhwexthonor@frameworkhwexthonor.apk@idmap.
06-24 16:29:12.542 W/ResourceType( 2519): Found multiple library tables, ignoring...
06-24 16:29:12.573 W/HSM     ( 1813): HoldService:toast switch is close!
06-24 16:29:12.575 D/ApplicationPackageManager(  515): queryIntentActivitiesAsUser blocked, Intent { act=android.intent.action.MAIN cat=[android.intent.category.LAUNCHER] pkg=com.huawei.hiskytone }
06-24 16:29:12.575 D/HsmInterfaceImpl(  515): List [ResolveInfo{924f3f1 com.huawei.hiskytone/com.huawei.skytone.account.welcome.SplashActivity m=0x108000}]
06-24 16:29:12.642 D/PMS1000 (  657): package:com.excelliance.dualaid, input flags:8192, output hwFlags:0
06-24 16:29:12.644 W/HSM     ( 1813): HoldService:toast switch is close!
06-24 16:29:12.645 D/ApplicationPackageManager(  515): queryIntentActivitiesAsUser blocked, Intent { act=android.intent.action.MAIN cat=[android.intent.category.LAUNCHER] pkg=com.huawei.hwid }
06-24 16:29:12.645 D/HsmInterfaceImpl(  515): List []
06-24 16:29:12.651 D/PMS1000 (  657): package:com.excelliance.dualaid, input flags:8192, output hwFlags:0
06-24 16:29:12.653 W/HSM     ( 1813): HoldService:toast switch is close!
06-24 16:29:12.654 D/ApplicationPackageManager(  515): queryIntentActivitiesAsUser blocked, Intent { act=android.intent.action.MAIN cat=[android.intent.category.LAUNCHER] pkg=com.sina.weibo }
06-24 16:29:12.655 D/HsmInterfaceImpl(  515): List [ResolveInfo{df69d44 com.sina.weibo/.SplashActivity m=0x108000}]
06-24 16:29:12.761 W/HSM     ( 1813): HoldService:toast switch is close!
06-24 16:29:12.763 D/ApplicationPackageManager(  515): queryIntentActivitiesAsUser blocked, Intent { act=android.intent.action.MAIN cat=[android.intent.category.LAUNCHER] pkg=com.antutu.ABenchMark }
06-24 16:29:12.763 D/HsmInterfaceImpl(  515): List [ResolveInfo{5a57f62 com.antutu.ABenchMark/.ABenchMarkStart m=0x108000}]
06-24 16:29:12.790 E/asset   ( 2519): createFromFile(): lock file /data/resource-cache/system@emui@base@overlay@frameworkhwexthonor@frameworkhwexthonor.apk@idmap.
06-24 16:29:12.790 E/asset   ( 2519): createFromFile(): lock file /data/resource-cache/system@emui@base@overlay@frameworkhwexthonor@frameworkhwexthonor.apk@idmap.
06-24 16:29:12.790 W/ResourceType( 2519): Found multiple library tables, ignoring...
06-24 16:29:12.801 D/HwFLClassLoader( 2519): USE_FEATURE_LIST had not init! 
06-24 16:29:12.816 W/HSM     ( 1813): HoldService:toast switch is close!
06-24 16:29:12.817 D/ApplicationPackageManager(  515): queryIntentActivitiesAsUser blocked, Intent { act=android.intent.action.MAIN cat=[android.intent.category.LAUNCHER] pkg=com.sankuai.meituan.takeoutnew }
06-24 16:29:12.818 D/HsmInterfaceImpl(  515): List [ResolveInfo{16d3029 com.sankuai.meituan.takeoutnew/.ui.page.boot.WelcomeActivity m=0x108000}]
06-24 16:29:12.870 W/HSM     ( 1813): HoldService:toast switch is close!
06-24 16:29:12.871 D/ApplicationPackageManager(  515): queryIntentActivitiesAsUser blocked, Intent { act=android.intent.action.MAIN cat=[android.intent.category.LAUNCHER] pkg=com.vmall.client }
06-24 16:29:12.871 D/HsmInterfaceImpl(  515): List [ResolveInfo{48f814f com.vmall.client/.splash.fragment.SplashActivity m=0x108000}]
06-24 16:29:12.896 D/NetWorkUtils( 1513): mVSimCurCardType is -1
06-24 16:29:12.898 D/NetWorkUtils( 1513): mVSimCurCardType is -1
06-24 16:29:12.929 W/OpenGLRenderer( 2519): Incorrectly called buildLayer on View: ShortcutAndWidgetContainer, destroying layer...
06-24 16:29:12.929 W/OpenGLRenderer( 2519): Incorrectly called buildLayer on View: ShortcutAndWidgetContainer, destroying layer...
06-24 16:29:12.932 I/GRALLOC (  679): 	 shrFd=10,fmt=0x1,intFmt=0x200000001,btStrd=4352,size=8486912,pid=679 
06-24 16:29:12.932 I/GRALLOC (  679): 	 yuv=2,w=1080,h=1920,Stride u=0 v=0,offset u=0 v=0 
06-24 16:29:12.932 I/GRALLOC (  679): 	 iova_size=8486912,conUsg=0xb00,proUsg=0xb00,	 strd=1088,[afbc]HdrStrd=1088 PyldStrd=69632 Scrmbl=2,ionhnd = 1 
06-24 16:29:12.935 W/HSM     ( 1813): HoldService:toast switch is close!
06-24 16:29:12.936 D/ApplicationPackageManager(  515): queryIntentActivitiesAsUser blocked, Intent { act=android.intent.action.MAIN cat=[android.intent.category.LAUNCHER] pkg=com.android.browser }
06-24 16:29:12.936 D/HsmInterfaceImpl(  515): List [ResolveInfo{70398ba com.android.browser/com.tencent.mtt.SplashActivity m=0x108000}]
06-24 16:29:12.985 D/PMS1000 (  657): package:com.excelliance.dualaid, input flags:8192, output hwFlags:0
06-24 16:29:12.986 W/HSM     ( 1813): HoldService:toast switch is close!
06-24 16:29:12.987 D/ApplicationPackageManager(  515): queryIntentActivitiesAsUser blocked, Intent { act=android.intent.action.MAIN cat=[android.intent.category.LAUNCHER] pkg=com.eg.android.AlipayGphone }
06-24 16:29:12.987 D/HsmInterfaceImpl(  515): List [ResolveInfo{389bb61 com.eg.android.AlipayGphone/.AlipayLogin m=0x108000}]
06-24 16:29:13.021 W/HSM     ( 1813): HoldService:toast switch is close!
06-24 16:29:13.022 D/ApplicationPackageManager(  515): queryIntentActivitiesAsUser blocked, Intent { act=android.intent.action.MAIN cat=[android.intent.category.LAUNCHER] pkg=com.android.mediacenter }
06-24 16:29:13.022 D/HsmInterfaceImpl(  515): List [ResolveInfo{7744b47 com.android.mediacenter/.PageActivity m=0x108000}]
06-24 16:29:13.030 E/asset   (  515): createFromFile(): lock file /data/resource-cache/system@emui@base@overlay@frameworkhwexthonor@frameworkhwexthonor.apk@idmap.
06-24 16:29:13.030 E/asset   (  515): createFromFile(): lock file /data/resource-cache/system@emui@base@overlay@frameworkhwexthonor@frameworkhwexthonor.apk@idmap.
06-24 16:29:13.030 W/ResourceType(  515): Found multiple library tables, ignoring...
06-24 16:29:13.065 I/TrafficMonitor(  657): update:rxPkts:15,txPkts:18,rxBytes:7893,txBytes:2626
06-24 16:29:13.065 I/TrafficMonitor(  657): start expired. level:-1
06-24 16:29:13.065 I/TrafficMonitor(  657): gettimer:interval=2000
06-24 16:29:13.089 D/PMS1000 (  657): package:com.excelliance.dualaid, input flags:8192, output hwFlags:0
06-24 16:29:13.094 W/HSM     ( 1813): HoldService:toast switch is close!
06-24 16:29:13.096 D/ApplicationPackageManager(  515): queryIntentActivitiesAsUser blocked, Intent { act=android.intent.action.MAIN cat=[android.intent.category.LAUNCHER] pkg=com.huawei.himovie }
06-24 16:29:13.096 D/HsmInterfaceImpl(  515): List [ResolveInfo{5308512 com.huawei.himovie/.ui.login.SplashScreenActivity m=0x108000}]
06-24 16:29:13.103 E/asset   (  515): createFromFile(): lock file /data/resource-cache/system@emui@base@overlay@frameworkhwexthonor@frameworkhwexthonor.apk@idmap.
06-24 16:29:13.103 E/asset   (  515): createFromFile(): lock file /data/resource-cache/system@emui@base@overlay@frameworkhwexthonor@frameworkhwexthonor.apk@idmap.
06-24 16:29:13.103 W/ResourceType(  515): Found multiple library tables, ignoring...
06-24 16:29:13.155 D/PMS1000 (  657): package:com.excelliance.dualaid, input flags:8192, output hwFlags:0
06-24 16:29:13.158 W/HSM     ( 1813): HoldService:toast switch is close!
06-24 16:29:13.159 D/ApplicationPackageManager(  515): queryIntentActivitiesAsUser blocked, Intent { act=android.intent.action.MAIN cat=[android.intent.category.LAUNCHER] pkg=com.huawei.hnreader }
06-24 16:29:13.159 D/HsmInterfaceImpl(  515): List [ResolveInfo{dd57599 com.huawei.hnreader/com.qq.reader.activity.SplashActivity m=0x108000}]
06-24 16:29:13.167 E/asset   (  515): createFromFile(): lock file /data/resource-cache/system@emui@base@overlay@frameworkhwexthonor@frameworkhwexthonor.apk@idmap.
06-24 16:29:13.167 E/asset   (  515): createFromFile(): lock file /data/resource-cache/system@emui@base@overlay@frameworkhwexthonor@frameworkhwexthonor.apk@idmap.
06-24 16:29:13.167 W/ResourceType(  515): Found multiple library tables, ignoring...
06-24 16:29:13.217 W/HSM     ( 1813): HoldService:toast switch is close!
06-24 16:29:13.218 D/ApplicationPackageManager(  515): queryIntentActivitiesAsUser blocked, Intent { act=android.intent.action.MAIN cat=[android.intent.category.LAUNCHER] pkg=com.twitter.android }
06-24 16:29:13.218 D/HsmInterfaceImpl(  515): List [ResolveInfo{d01a90c com.twitter.android/.StartActivity m=0x108000}]
06-24 16:29:13.269 W/HSM     ( 1813): HoldService:toast switch is close!
06-24 16:29:13.270 D/ApplicationPackageManager(  515): queryIntentActivitiesAsUser blocked, Intent { act=android.intent.action.MAIN cat=[android.intent.category.LAUNCHER] pkg=com.baidu.input_huawei }
06-24 16:29:13.270 D/HsmInterfaceImpl(  515): List []
06-24 16:29:13.277 W/HSM     ( 1813): HoldService:toast switch is close!
06-24 16:29:13.278 D/ApplicationPackageManager(  515): queryIntentActivitiesAsUser blocked, Intent { act=android.intent.action.MAIN cat=[android.intent.category.LAUNCHER] pkg=com.google.android.gms }
06-24 16:29:13.278 D/HsmInterfaceImpl(  515): List []
06-24 16:29:13.287 W/HSM     ( 1813): HoldService:toast switch is close!
06-24 16:29:13.288 D/ApplicationPackageManager(  515): queryIntentActivitiesAsUser blocked, Intent { act=android.intent.action.MAIN cat=[android.intent.category.LAUNCHER] pkg=com.sankuai.meituan }
06-24 16:29:13.289 D/HsmInterfaceImpl(  515): List [ResolveInfo{c317d5b com.sankuai.meituan/com.meituan.android.pt.homepage.activity.Welcome m=0x108000}]
06-24 16:29:13.296 I/NetworkSpeedManagerEx( 1513): mIsStop = false
06-24 16:29:13.296 I/NetworkSpeedManagerEx( 1513):  runInThread getTetherStats
06-24 16:29:13.297 I/NetworkSpeedManagerEx( 1513):  runInUI refreshSpeed
06-24 16:29:13.299 I/NetworkSpeedManagerEx( 1513): value=3539.6667speed = 3.5
06-24 16:29:13.299 I/NetworkSpeedManagerEx( 1513): K/smIsShowLastSpeedValuefalse
06-24 16:29:13.299 I/NetworkSpeedView( 1513): /update(), speed=3.5
06-24 16:29:13.299 I/NetworkSpeedView( 1513): K/s parent class:class com.android.systemui.statusbar.HwSystemIcons
06-24 16:29:13.330 I/NetworkSpeedManagerEx( 1513): mIsStop = false
06-24 16:29:13.330 I/NetworkSpeedManagerEx( 1513):  runInThread getTetherStats
06-24 16:29:13.337 I/NetworkSpeedManagerEx( 1513):  runInUI refreshSpeed
06-24 16:29:13.339 I/NetworkSpeedManagerEx( 1513): value=3526.3333speed = 3.4
06-24 16:29:13.339 I/NetworkSpeedManagerEx( 1513): K/smIsShowLastSpeedValuefalse
06-24 16:29:13.339 I/NetworkSpeedView( 1513): /update(), speed=3.4
06-24 16:29:13.339 I/NetworkSpeedView( 1513): K/s parent class:class com.android.systemui.statusbar.HwSystemIcons
06-24 16:29:13.375 I/Pged-IPgedBinderService(  769): ****action is 2, pid num is 6***
06-24 16:29:13.375 I/Pged-Freezer(  769): thawPids
06-24 16:29:13.377 W/HSM     ( 1813): HoldService:toast switch is close!
06-24 16:29:13.378 D/ApplicationPackageManager(  515): queryIntentActivitiesAsUser blocked, Intent { act=android.intent.action.MAIN cat=[android.intent.category.LAUNCHER] pkg=com.tencent.news }
06-24 16:29:13.379 D/HsmInterfaceImpl(  515): List [ResolveInfo{3273ed1 com.tencent.news/.activity.SplashActivity m=0x108000}]
06-24 16:29:13.382 D/PgedBinderAdapter( 1699): unfrz ok, pid: [29457, 29531, 14942, 15544, 24379]
06-24 16:29:13.389 I/appium  (24379): Null child 0/1, parent: android.view.accessibility.AccessibilityNodeInfo@9082; boundsInParent: Rect(0, 0 - 1080, 1920); boundsInScreen: Rect(0, 0 - 1080, 1920); packageName: com.excelliance.dualaid; className: android.widget.LinearLayout; text: null; error: null; maxTextLength: -1; contentDescription: null; viewIdResName: null; checkable: false; checked: false; focusable: false; focused: false; selected: false; clickable: false; longClickable: false; contextClickable: false; enabled: true; password: false; scrollable: false; importantForAccessibility: false; actions: [AccessibilityAction: ACTION_SELECT - null, AccessibilityAction: ACTION_CLEAR_SELECTION - null, AccessibilityAction: ACTION_ACCESSIBILITY_FOCUS - null, AccessibilityAction: ACTION_SHOW_ON_SCREEN - null]
06-24 16:29:13.390 I/appium  (24379): Fetch time: 6ms
06-24 16:29:13.403 I/appium  (24379): AppiumResponse: {"sessionId":"12d3f873-0ea4-4775-928a-9964d13dcd6c","status":0,"value":"<?xml version=\"1.0\" encoding=\"UTF-8\"?><hierarchy rotation=\"0\"><android.widget.FrameLayout index=\"0\" text=\"\" class=\"android.widget.FrameLayout\" package=\"com.excelliance.dualaid\" content-desc=\"\" checkable=\"false\" checked=\"false\" clickable=\"false\" enabled=\"true\" focusable=\"false\" focused=\"false\" scrollable=\"false\" long-clickable=\"false\" password=\"false\" selected=\"false\" bounds=\"[0,0][1080,1920]\" resource-id=\"\" instance=\"0\"><android.widget.LinearLayout index=\"0\" text=\"\" class=\"android.widget.LinearLayout\" package=\"com.excelliance.dualaid\" content-desc=\"\" checkable=\"false\" checked=\"false\" clickable=\"false\" enabled=\"true\" focusable=\"false\" focused=\"false\" scrollable=\"false\" long-clickable=\"false\" password=\"false\" selected=\"false\" bounds=\"[0,0][1080,1920]\" resource-id=\"\" instance=\"0\"\/><\/android.widget.FrameLayout><\/hierarchy>"}
06-24 16:29:13.424 W/libc    (  493): Set property "hw.wifi.dns_stat" to "34867,30230,5028,1,52791"
06-24 16:29:13.425 D/PMS1000 (  657): package:com.excelliance.dualaid, input flags:8192, output hwFlags:0
06-24 16:29:13.427 W/HSM     ( 1813): HoldService:toast switch is close!
06-24 16:29:13.429 D/ApplicationPackageManager(  515): queryIntentActivitiesAsUser blocked, Intent { act=android.intent.action.MAIN cat=[android.intent.category.LAUNCHER] pkg=com.iflytek.speechsuite }
06-24 16:29:13.429 D/HsmInterfaceImpl(  515): List []
06-24 16:29:13.435 W/HSM     ( 1813): HoldService:toast switch is close!
06-24 16:29:13.436 D/ApplicationPackageManager(  515): queryIntentActivitiesAsUser blocked, Intent { act=android.intent.action.MAIN cat=[android.intent.category.LAUNCHER] pkg=com.tencent.android.qqdownloader }
06-24 16:29:13.437 I/appium  (24379): channel read invoked!
06-24 16:29:13.437 D/HsmInterfaceImpl(  515): List [ResolveInfo{d009437 com.tencent.android.qqdownloader/com.tencent.pangu.link.SplashActivity m=0x108000}]
06-24 16:29:13.437 I/appium  (24379): channel read: GET /wd/hub/session/12d3f873-0ea4-4775-928a-9964d13dcd6c/source
06-24 16:29:13.497 D/PMS1000 (  657): package:com.excelliance.dualaid, input flags:8192, output hwFlags:0
06-24 16:29:13.498 W/HSM     ( 1813): HoldService:toast switch is close!
06-24 16:29:13.499 D/ApplicationPackageManager(  515): queryIntentActivitiesAsUser blocked, Intent { act=android.intent.action.MAIN cat=[android.intent.category.LAUNCHER] pkg=com.ifreetalk.ftalk }
06-24 16:29:13.499 D/HsmInterfaceImpl(  515): List [ResolveInfo{b0ff70d com.ifreetalk.ftalk/.activity.DummyActivity m=0x108000}]
06-24 16:29:13.521 W/HSM     ( 1813): HoldService:toast switch is close!
06-24 16:29:13.523 D/ApplicationPackageManager(  515): queryIntentActivitiesAsUser blocked, Intent { act=android.intent.action.MAIN cat=[android.intent.category.LAUNCHER] pkg=com.taobao.taobao }
06-24 16:29:13.523 D/HsmInterfaceImpl(  515): List [ResolveInfo{42056c2 com.taobao.taobao/com.taobao.tao.welcome.Welcome m=0x108000}]
06-24 16:29:13.574 W/HSM     ( 1813): HoldService:toast switch is close!
06-24 16:29:13.575 D/ApplicationPackageManager(  515): queryIntentActivitiesAsUser blocked, Intent { act=android.intent.action.MAIN cat=[android.intent.category.LAUNCHER] pkg=com.android.gallery3d }
06-24 16:29:13.575 D/HsmInterfaceImpl(  515): List [ResolveInfo{4146010 com.android.gallery3d/com.huawei.gallery.app.GalleryMain m=0x108000}]
06-24 16:29:13.583 E/asset   (  515): createFromFile(): lock file /data/resource-cache/system@emui@base@overlay@frameworkhwexthonor@frameworkhwexthonor.apk@idmap.
06-24 16:29:13.583 E/asset   (  515): createFromFile(): lock file /data/resource-cache/system@emui@base@overlay@frameworkhwexthonor@frameworkhwexthonor.apk@idmap.
06-24 16:29:13.583 W/ResourceType(  515): Found multiple library tables, ignoring...
06-24 16:29:13.638 D/HwWifiStatStore(  657): handleMessage : 200
06-24 16:29:13.645 W/HSM     ( 1813): HoldService:toast switch is close!
06-24 16:29:13.645 D/ApplicationPackageManager(  515): queryIntentActivitiesAsUser blocked, Intent { act=android.intent.action.MAIN cat=[android.intent.category.LAUNCHER] pkg=com.pp.assistant }
06-24 16:29:13.645 D/HsmInterfaceImpl(  515): List [ResolveInfo{7c7d32f com.pp.assistant/.activity.MainActivity m=0x108000}]
06-24 16:29:13.695 W/HSM     ( 1813): HoldService:toast switch is close!
06-24 16:29:13.697 D/ApplicationPackageManager(  515): queryIntentActivitiesAsUser blocked, Intent { act=android.intent.action.MAIN cat=[android.intent.category.LAUNCHER] pkg=com.oppo.market }
06-24 16:29:13.697 D/HsmInterfaceImpl(  515): List [ResolveInfo{b99fac5 com.oppo.market/.activity.MainActivity m=0x108000}]
06-24 16:29:13.759 W/HSM     ( 1813): HoldService:toast switch is close!
06-24 16:29:13.760 D/ApplicationPackageManager(  515): queryIntentActivitiesAsUser blocked, Intent { act=android.intent.action.MAIN cat=[android.intent.category.LAUNCHER] pkg=com.excean.wxaid }
