--------- beginning of main
06-24 17:40:44.080 I/appium  (20880): channel read invoked!
06-24 17:40:44.080 I/appium  (20880): channel read: GET /wd/hub/status
06-24 17:40:44.083 I/appium  (20880): AppiumResponse: {"sessionId":"SESSIONID","status":0,"value":"Status Invoked"}
06-24 17:40:44.116 I/appium  (20880): channel read invoked!
06-24 17:40:44.116 I/appium  (20880): channel read: POST /wd/hub/session
06-24 17:40:44.118 D/appium  (20880): payload: {"desiredCapabilities":{"platform":"LINUX","webStorageEnabled":false,"takesScreenshot":true,"javascriptEnabled":true,"databaseEnabled":false,"networkConnectionEnabled":true,"locationContextEnabled":false,"warnings":{},"desired":{"platformName":"Android","platformVersion":"8.0.0\n","deviceName":"CSX0217930000442","appPackage":"com.excelliance.dualaid","appActivity":"com.excelliance.kxqp.ui.HelloActivity","newCommandTimeout":30000,"automationName":"uiautomator2"},"platformName":"Android","platformVersion":"8.0.0","deviceName":"CSX0217930000442","appPackage":"com.excelliance.dualaid","appActivity":"com.excelliance.kxqp.ui.HelloActivity","newCommandTimeout":30000,"automationName":"uiautomator2","deviceUDID":"CSX0217930000442","deviceScreenSize":"1080x1920","deviceScreenDensity":480,"deviceModel":"STF-AL10","deviceManufacturer":"HUAWEI"}}
06-24 17:40:44.121 I/appium  (20880): Session Created with SessionID:24b7fc5a-f73c-4f1b-8e08-1f4cc608c6ba
06-24 17:40:44.122 I/appium  (20880): AppiumResponse: {"sessionId":"24b7fc5a-f73c-4f1b-8e08-1f4cc608c6ba","status":0,"value":"Created Session"}
06-24 17:40:44.125 D/HwWifiStatStore(  657): handleMessage : 200
06-24 17:40:44.170 I/TrafficMonitor(  657): update:rxPkts:2,txPkts:1,rxBytes:108,txBytes:72
06-24 17:40:44.170 I/TrafficMonitor(  657): start expired. level:-1
06-24 17:40:44.170 I/TrafficMonitor(  657): gettimer:interval=2000
--------- beginning of system
06-24 17:40:44.246 I/ActivityManager(  657): Force stopping com.excelliance.dualaid appid=11425 user=0: from pid 20923by app
06-24 17:40:44.269 V/AlarmManager(  657): UninstallReceiver onReceive action:android.intent.action.PACKAGE_RESTARTED
06-24 17:40:44.270 D/HwBastetService(  657): BroadcastReceiver android.intent.action.PACKAGE_RESTARTED
06-24 17:40:44.273 I/HwCoreAppHelperService( 1478): LocalReceiver receives:android.intent.action.PACKAGE_RESTARTED,pkg:com.excelliance.dualaid,uid:11425
06-24 17:40:44.274 D/NetWorkUtils( 1513): mVSimCurCardType is -1
06-24 17:40:44.277 E/NfcNci  ( 2677): NfcUtils error: APP have nfc permission
06-24 17:40:44.277 D/HwGpsPowerTracker(  657): LocalReceiver receives:android.intent.action.PACKAGE_RESTARTED
06-24 17:40:44.278 D/PMS1000 (  657): package:com.excelliance.dualaid, input flags:0, output hwFlags:0
06-24 17:40:44.283 D/NetWorkUtils( 1513): mVSimCurCardType is -1
06-24 17:40:44.286 D/PMS1027 (  657): package:com.google.android.apps.walletnfcrel, input flags:8192, output is null
06-24 17:40:44.289 D/CarrierSvcBindHelper( 1715): No carrier app for: 0
06-24 17:40:44.290 D/CarrierSvcBindHelper( 1715): No carrier app for: 1
06-24 17:40:44.291 D/ApduServiceInfo( 2677): No com.nxp.nfc.extensions meta-data
06-24 17:40:44.302 I/chatty  ( 2677): uid=1027(nfc) com.android.nfc identical 3 lines
06-24 17:40:44.307 D/ApduServiceInfo( 2677): No com.nxp.nfc.extensions meta-data
06-24 17:40:44.307 E/ApduServiceInfo( 2677): SE extension not present, Setting default offhost seID
06-24 17:40:44.317 E/NfcNci  ( 2677): NfcUtils error: APP have nfc permission
06-24 17:40:44.517 I/ActivityManager(  657): START u0 {act=android.intent.action.MAIN cat=[android.intent.category.LAUNCHER] flg=0x10200000 cmp=com.excelliance.dualaid/com.excelliance.kxqp.ui.HelloActivity} from uid 2000
06-24 17:40:44.523 I/ash     ( 1699): front pkg : com.excelliance.dualaid launcher: false
06-24 17:40:44.523 I/ash     ( 1699): above launcher front pkgs: [com.excelliance.dualaid]
06-24 17:40:44.527 I/ActivityManager(  657): ActivityRecord info: ActivityInfo{68ba87a com.excelliance.kxqp.ui.HelloActivity}
06-24 17:40:44.527 D/PMS1000 (  657): package:com.excelliance.dualaid, input flags:268436480, output hwFlags:0
06-24 17:40:44.535 V/WindowManager(  657): addAppToken: AppWindowToken{d1bd246 token=Token{b0dde21 ActivityRecord{7b19488 u0 com.excelliance.dualaid/com.excelliance.kxqp.ui.HelloActivity t16085}}} controller={TaskWindowContainerController taskId=16085} at 2147483647
06-24 17:40:44.538 D/MotionDetectionManager( 2519): stopMotionAppsReco motionApps: 403
06-24 17:40:44.538 D/MotionDetectionManager( 2519): stopMotionAppsReco not recognition motionApps 403
06-24 17:40:44.538 W/HwLauncher( 2519): Launcher.MotionManager stopMotionAppsReco service flg 403 is unavailable
06-24 17:40:44.539 I/ActivityManager(  657): mWaitingActivityLaunched add ComponentName = null
06-24 17:40:44.540 V/ActivityManager(  657): startProcess: name=com.excelliance.dualaid:olle app=null knownToBeDead=true thread=null pid=-1
06-24 17:40:44.541 D/PMS1000 (  657): package:com.excelliance.dualaid, input flags:0, output hwFlags:0
06-24 17:40:44.549 I/ActivityManager(  657): Start proc 20927:com.excelliance.dualaid:olle/u0a1425 for activity com.excelliance.dualaid/com.excelliance.kxqp.ui.HelloActivity
06-24 17:40:44.550 V/WindowManager(  657): No longer Stopped: AppWindowToken{d1bd246 token=Token{b0dde21 ActivityRecord{7b19488 u0 com.excelliance.dualaid/com.excelliance.kxqp.ui.HelloActivity t16085}}}
06-24 17:40:44.551 V/ActivityManager(  657): startProcess: name=com.excelliance.dualaid:olle app=ProcessRecord{70e0c07 20927:com.excelliance.dualaid:olle/u0a1425} knownToBeDead=true thread=null pid=20927
06-24 17:40:44.551 I/AwareLog(  769): IAWARE_PREREAD_FILE
06-24 17:40:44.551 D/AwareLog(  769): iawared: touch_file  base.odex
06-24 17:40:44.551 I/        (20927): power log dlsym ok
06-24 17:40:44.551 D/AwareLog(  769): iawared: touch_file  base.vdex
06-24 17:40:44.552 D/AwareLog(  769): preread_pkgfile com.excelliance.dualaid took 0 ms
06-24 17:40:44.552 D/AwareLog(  769): preread_pkgfile com.excelliance.dualaid read 507904 Bytes.
06-24 17:40:44.554 I/zygote  (20927): Reinit property: dalvik.vm.checkjni= false
06-24 17:40:44.557 I/PGServer( 1699): android calls fast hibernateApps
06-24 17:40:44.557 I/AppFastHibernation( 1699): fast hibernate duration: 1500 reason: start activity
06-24 17:40:44.557 I/Pged-IPgedBinderService(  769): ****action is 1, pid num is 6***
06-24 17:40:44.557 I/Pged-Freezer(  769): freezePids
06-24 17:40:44.557 I/Pged-Freezer(  769): Freeze process: 29457
06-24 17:40:44.558 D/PMS1000 (  657): package:com.excelliance.dualaid, input flags:1, output hwFlags:0
06-24 17:40:44.558 I/Pged-Freezer(  769): Freeze process: 29531
06-24 17:40:44.558 I/Pged-Freezer(  769): Freeze process: 31476
06-24 17:40:44.558 I/Pged-Freezer(  769): Freeze process: 20734
06-24 17:40:44.558 I/Pged-Freezer(  769): Freeze process: 20880
06-24 17:40:44.559 D/PgedBinderAdapter( 1699): frz ok, pid: [29457, 29531, 31476, 20734, 20880]
06-24 17:40:44.564 D/ActivityThread(20927): ActivityThread,attachApplication
06-24 17:40:44.565 D/ActivityManager(  657): ActivityManagerService,attachApplication,callingPid = 20927
06-24 17:40:44.567 V/WindowManager(  657): No longer Stopped: AppWindowToken{d1bd246 token=Token{b0dde21 ActivityRecord{7b19488 u0 com.excelliance.dualaid/com.excelliance.kxqp.ui.HelloActivity t16085}}}
06-24 17:40:44.578 V/WindowManager(  657): findFocusedWindow: AppWindowToken{d3a938b token=Token{377755a ActivityRecord{d5c9105 u0 com.huawei.android.launcher/.unihome.UniHomeLauncher t15658}}} below Reached focused app=AppWindowToken{d1bd246 token=Token{b0dde21 ActivityRecord{7b19488 u0 com.excelliance.dualaid/com.excelliance.kxqp.ui.HelloActivity t16085}}}
06-24 17:40:44.579 D/ScenarioService( 1699): front pkg : com.excelliance.dualaid launcher: false
06-24 17:40:44.579 D/ScenarioService( 1699): new above launcher front pkgs: [com.excelliance.dualaid]
06-24 17:40:44.579 I/AppsUsage( 1699): scnOff:false FgAPP:com.excelliance.dualaid BgAPP:com.huawei.android.launcher
06-24 17:40:44.581 V/WindowManager(  657): Checking 1 opening apps (frozen=false timeout=false)...
06-24 17:40:44.581 V/WindowManager(  657): Check opening app=AppWindowToken{d1bd246 token=Token{b0dde21 ActivityRecord{7b19488 u0 com.excelliance.dualaid/com.excelliance.kxqp.ui.HelloActivity t16085}}}: allDrawn=false startingDisplayed=false startingMoved=false isRelaunching()=false
06-24 17:40:44.581 D/EmcomManagerService(  657): forePackage name is com.excelliance.dualaid
06-24 17:40:44.582 D/HicomPolicyManager(  657): foreAppInfo = nullpkgName = com.excelliance.dualaid uid= 11425
06-24 17:40:44.582 E/HicomPolicyManager(  657): udp acc is not start yet!
06-24 17:40:44.582 D/HicomPolicyManager(  657): speed control is not start
06-24 17:40:44.582 E/HicomPolicyManager(  657): Network Evaluation is not start yet!
06-24 17:40:44.582 E/HicomPolicyManager(  657): foreground app info is null
06-24 17:40:44.582 D/PMS1000 (  657): package:com.excelliance.dualaid, input flags:0, output hwFlags:0
06-24 17:40:44.583 D/HwQoEUtils(  657): mForegroundAppPackageName: com.excelliance.dualaid:olle ,score: 0
06-24 17:40:44.583 D/HwQoEUtils(  657): APP type: -1 appName= com.excelliance.dualaid:olle
06-24 17:40:44.583 D/HwQoEUtils(  657): RealAppName:com.excelliance.dualaid
06-24 17:40:44.583 D/HwQoEUtils(  657): no game, APP_TYPE_GAME, appName =com.excelliance.dualaid:olle
06-24 17:40:44.583 D/HwGameAssistantController(  657): pid=20927, uid=11425, foreground=true
06-24 17:40:44.584 W//system/bin/hwservicemanager(  416): Cannot open /odm/manifest.xml
06-24 17:40:44.586 W/AwareLog(  657): SchedLevelBoost: onFgActivitiesChanged config not set!
06-24 17:40:44.586 I/HwNetworkPolicy(  657): onTransact, code = 203
06-24 17:40:44.587 I/HwNetworkPolicyManager( 1813): getHwUidPolicy uid = 11425 policy = 0
06-24 17:40:44.591 D/[HwRecSys]HwRecSysService( 2647): onEvent actionID: 10000 msg:com.excelliance.dualaid		
06-24 17:40:44.591 E/[HwRecSys]HwRecSysService( 2647): getIsRportDirectService is false!
06-24 17:40:44.594 I/PGServer( 1699): report state:10010 event type:2 pid:0 uid:0 pkg:com.huawei.android.launcher to pid: 657
06-24 17:40:44.594 W/libc    ( 1699): Set property "sys.aps.gameProcessName" to ""
06-24 17:40:44.594 I/PGServer( 1699): report state:10010 event type:2 pid:0 uid:0 pkg:com.huawei.android.launcher to pid: 1699
06-24 17:40:44.594 I/SceneReceiver( 1699): state type: 10010 eventType:2 pid:0 uid:0 pkg:com.huawei.android.launcher
06-24 17:40:44.594 I/PGServer( 1699): report state:10000 event type:1 pid:0 uid:0 pkg:com.excelliance.dualaid to pid: 657
06-24 17:40:44.594 I/PGServer( 1699): report state:10000 event type:1 pid:0 uid:0 pkg:com.excelliance.dualaid to pid: 1699
06-24 17:40:44.594 I/SceneReceiver( 1699): state type: 10000 eventType:1 pid:0 uid:0 pkg:com.excelliance.dualaid
06-24 17:40:44.595 D/HwThermalStateManager( 1699): current foreapp pkg : com.excelliance.dualaid
06-24 17:40:44.596 W/libc    ( 1699): Set property "sys.aps.browserProcessName" to ""
06-24 17:40:44.596 I/PGServer( 1699): checkPkgType. calling pkg: android
06-24 17:40:44.596 I/PGServer( 1699): checkPkgType. calling pkg: android
06-24 17:40:44.601 I/PGServer( 1699): checkPkgType. calling pkg: com.huawei.iaware
06-24 17:40:44.602 D/HwFLClassLoader(20927): get used feature list :/feature/used-list failed!
06-24 17:40:44.602 D/HwFLClassLoader(20927): USE_FEATURE_LIST had not init! 
06-24 17:40:44.602 V/AudioManager( 1699): setParameters  keyValuePairs: updateAppLowPowerParams=167783585
06-24 17:40:44.608 W//system/bin/hwservicemanager(  416): Cannot open /odm/manifest.xml
06-24 17:40:44.609 I/GRALLOC (  679): 	 shrFd=10,fmt=0x1,intFmt=0x1,btStrd=256,size=4096,pid=679 
06-24 17:40:44.609 I/GRALLOC (  679): 	 yuv=2,w=16,h=16,Stride u=0 v=0,offset u=0 v=0 
06-24 17:40:44.609 I/GRALLOC (  679): 	 iova_size=4096,conUsg=0x100,proUsg=0x100,	 strd=64,[afbc]HdrStrd=0 PyldStrd=0 Scrmbl=0,ionhnd = 1 
06-24 17:40:44.620 E/MemoryLeakMonitorManager(20927): MemoryLeakMonitor.jar is not exist!
06-24 17:40:44.621 D/CrashHandler(20927): CrashHandler
06-24 17:40:44.621 D/KXQPApplication(20927): run: initUserManager
06-24 17:40:44.621 E/Minikin (20927): Could not get cmap table size!
06-24 17:40:44.622 D/PMS11425(  657): package:com.excelliance.dualaid, input flags:128, output hwFlags:0
06-24 17:40:44.630 I/HwCust  (20927): Constructor found for class android.app.HwCustActivityImpl
06-24 17:40:44.630 D/HwCust  (20927): Create obj success use class android.app.HwCustActivityImpl
06-24 17:40:44.632 V/HwPolicyFactory(20927): : success to get AllImpl object and return....
06-24 17:40:44.634 I/HwCust  (20927): Constructor found for class android.app.HwCustHwWallpaperManagerImpl
06-24 17:40:44.634 D/HwCust  (20927): Create obj success use class android.app.HwCustHwWallpaperManagerImpl
06-24 17:40:44.635 D/PMS11425(  657): package:com.excelliance.dualaid, input flags:0, output hwFlags:0
06-24 17:40:44.636 V/HwWidgetFactory(20927): : successes to get AllImpl object and return....
06-24 17:40:44.637 V/ActivityThread(20927): ActivityThread,callActivityOnCreate
06-24 17:40:44.638 D/HelloActivity(20927): Memory:25144M
06-24 17:40:44.639 D/HelloActivity(20927): onCreate: true
06-24 17:40:44.640 D/HelloActivity(20927): is code boot
06-24 17:40:44.643 D/HelloActivity(20927): mIsNav = false
06-24 17:40:44.663 D/HelloActivity(20927): defDisplayStyle:5
06-24 17:40:44.665 D/HttpUtils(20927): getDownloadMode()
06-24 17:40:44.666 D/NetUtils(20927): init inited = true
06-24 17:40:44.666 D/HelloActivity(20927): enter Nav2
06-24 17:40:44.668 D/NetworkSecurityConfig(20927): No Network Security Config specified, using platform default
06-24 17:40:44.669 I/ActivityManager(  657): START u0 {pkg=com.excelliance.dualaid cmp=com.excelliance.dualaid/com.excelliance.kxqp.swipe.NavActivity2 (has extras)} from uid 11425
06-24 17:40:44.669 I/ActivityManager(  657): ActivityRecord info: ActivityInfo{ccc6ca0 com.excelliance.kxqp.swipe.NavActivity2}
06-24 17:40:44.670 V/WindowManager(  657): findFocusedWindow: AppWindowToken{d3a938b token=Token{377755a ActivityRecord{d5c9105 u0 com.huawei.android.launcher/.unihome.UniHomeLauncher t15658}}} below Reached focused app=AppWindowToken{d1bd246 token=Token{b0dde21 ActivityRecord{7b19488 u0 com.excelliance.dualaid/com.excelliance.kxqp.ui.HelloActivity t16085}}}
06-24 17:40:44.671 V/WindowManager(  657): addAppToken: AppWindowToken{d7274ff token=Token{a4ce41e ActivityRecord{fe33059 u0 com.excelliance.dualaid/com.excelliance.kxqp.swipe.NavActivity2 t16085}}} controller={TaskWindowContainerController taskId=16085} at 2147483647
06-24 17:40:44.677 V/ActivityManager(  657): startProcess: name=com.excelliance.dualaid app=null knownToBeDead=true thread=null pid=-1
06-24 17:40:44.677 D/PMS1000 (  657): package:com.excelliance.dualaid, input flags:0, output hwFlags:0
06-24 17:40:44.685 I/ActivityManager(  657): Start proc 20955:com.excelliance.dualaid/u0a1425 for service com.excelliance.dualaid/com.excelliance.kxqp.SmtServService
06-24 17:40:44.686 I/        (20955): power log dlsym ok
06-24 17:40:44.688 I/zygote  (20955): Reinit property: dalvik.vm.checkjni= false
06-24 17:40:44.693 D/HwNetworkManagementService(  657): code == CODE_GET_AD_KEY_LIST
06-24 17:40:44.693 D/HwNetworkManagementService(  657): appName = com.excelliance.dualaid  is not in the mAdViewMap! reply none
06-24 17:40:44.693 D/HwNetworkManagementService(  657): appName = com.excelliance.dualaid  is not in the mAdIdMap! reply none
06-24 17:40:44.695 D/ActivityThread(20955): ActivityThread,attachApplication
06-24 17:40:44.695 D/ActivityThread(20927): add activity client record, r= ActivityRecord{cbe2ddc token=android.os.BinderProxy@d13fa03 {com.excelliance.dualaid/com.excelliance.kxqp.ui.HelloActivity}} token= android.os.BinderProxy@d13fa03
06-24 17:40:44.696 D/ActivityManager(  657): ActivityManagerService,attachApplication,callingPid = 20955
06-24 17:40:44.698 V/WindowManager(  657): No longer Stopped: AppWindowToken{d7274ff token=Token{a4ce41e ActivityRecord{fe33059 u0 com.excelliance.dualaid/com.excelliance.kxqp.swipe.NavActivity2 t16085}}}
06-24 17:40:44.698 D/ActivityManager(  657): allPausedActivitiesComplete: r=ActivityRecord{7b19488 u0 com.excelliance.dualaid/com.excelliance.kxqp.ui.HelloActivity t16085 f} state=PAUSING
06-24 17:40:44.701 V/WindowManager(  657): No longer Stopped: AppWindowToken{d7274ff token=Token{a4ce41e ActivityRecord{fe33059 u0 com.excelliance.dualaid/com.excelliance.kxqp.swipe.NavActivity2 t16085}}}
06-24 17:40:44.703 W//system/bin/hwservicemanager(  416): Cannot open /odm/manifest.xml
06-24 17:40:44.705 V/WindowManager(  657): Checking 1 opening apps (frozen=false timeout=false)...
06-24 17:40:44.705 V/WindowManager(  657): Check opening app=AppWindowToken{d7274ff token=Token{a4ce41e ActivityRecord{fe33059 u0 com.excelliance.dualaid/com.excelliance.kxqp.swipe.NavActivity2 t16085}}}: allDrawn=false startingDisplayed=false startingMoved=false isRelaunching()=false
06-24 17:40:44.707 D/HwCust  (20927): Create obj success use class android.app.HwCustActivityImpl
06-24 17:40:44.707 D/HwCust  (20927): Create obj success use class android.app.HwCustHwWallpaperManagerImpl
06-24 17:40:44.708 V/ActivityThread(20927): ActivityThread,callActivityOnCreate
06-24 17:40:44.710 W/X509TrustManager(20927): checkServerTrusted: SignatureException:null
06-24 17:40:44.710 W/X509TrustManager(20927): checkServerTrusted: SignatureException:error:04000073:RSA routines:OPENSSL_internal:DATA_TOO_LARGE_FOR_MODULUS
06-24 17:40:44.714 D/NavActivity2(20927): onCreate
06-24 17:40:44.716 D/PMS11425(  657): package:com.excelliance.dualaid, input flags:128, output hwFlags:0
06-24 17:40:44.720 W//system/bin/hwservicemanager(  416): Cannot open /odm/manifest.xml
06-24 17:40:44.720 W/Utils   (20927): Utils_isSuperResolutionSupport [load libai_client.so failed]
06-24 17:40:44.721 I/GRALLOC (  679): 	 shrFd=10,fmt=0x1,intFmt=0x1,btStrd=256,size=4096,pid=679 
06-24 17:40:44.721 I/GRALLOC (  679): 	 yuv=2,w=16,h=16,Stride u=0 v=0,offset u=0 v=0 
06-24 17:40:44.721 I/GRALLOC (  679): 	 iova_size=4096,conUsg=0x100,proUsg=0x100,	 strd=64,[afbc]HdrStrd=0 PyldStrd=0 Scrmbl=0,ionhnd = 1 
06-24 17:40:44.722 D/CubicBezierInterpolator(20927): CubicBezierInterpolator  mControlPoint1x = 0.23, mControlPoint1y = 0.06, mControlPoint2x = 0.09, mControlPoint2y = 0.97
06-24 17:40:44.722 D/CubicBezierInterpolator(20927): CubicBezierInterpolator  mControlPoint1x = 0.6, mControlPoint1y = 0.9, mControlPoint2x = 0.8, mControlPoint2y = 1.0
06-24 17:40:44.722 D/CubicBezierInterpolator(20927): CubicBezierInterpolator  mControlPoint1x = 0.23, mControlPoint1y = 0.06, mControlPoint2x = 0.09, mControlPoint2y = 0.97
06-24 17:40:44.722 D/CubicBezierInterpolator(20927): CubicBezierInterpolator  mControlPoint1x = 0.6, mControlPoint1y = 0.9, mControlPoint2x = 0.8, mControlPoint2y = 1.0
06-24 17:40:44.723 D/CubicBezierInterpolator(20927): CubicBezierInterpolator  mControlPoint1x = 0.23, mControlPoint1y = 0.06, mControlPoint2x = 0.09, mControlPoint2y = 0.97
06-24 17:40:44.723 D/CubicBezierInterpolator(20927): CubicBezierInterpolator  mControlPoint1x = 0.6, mControlPoint1y = 0.9, mControlPoint2x = 0.8, mControlPoint2y = 1.0
06-24 17:40:44.723 D/CubicBezierInterpolator(20927): CubicBezierInterpolator  mControlPoint1x = 0.23, mControlPoint1y = 0.06, mControlPoint2x = 0.09, mControlPoint2y = 0.97
06-24 17:40:44.723 D/CubicBezierInterpolator(20927): CubicBezierInterpolator  mControlPoint1x = 0.6, mControlPoint1y = 0.9, mControlPoint2x = 0.8, mControlPoint2y = 1.0
06-24 17:40:44.724 D/HwFLClassLoader(20955): get used feature list :/feature/used-list failed!
06-24 17:40:44.724 D/HwFLClassLoader(20955): USE_FEATURE_LIST had not init! 
06-24 17:40:44.729 D/HwRTBlurUtils(20927): check blur style for HwPhoneWindow-, themeResId : 0x7f0e000a, context : com.excelliance.kxqp.swipe.NavActivity2@794246b, Nhwext : 0, get Blur : disable with , null
06-24 17:40:44.729 D/HwRTBlurUtils(20927): check blur style for HwPhoneWindow-, themeResId : 0x7f0e000a, context : com.excelliance.kxqp.swipe.NavActivity2@794246b, Nhwext : 0, get Blur : disable with , null
06-24 17:40:44.730 E/test    (20927): hw notch screen flag api error
06-24 17:40:44.719 D/PMS11425(  657): package:com.excelliance.dualaid, input flags:128, output hwFlags:0
06-24 17:40:44.732 D/ActivityThread(20927): add activity client record, r= ActivityRecord{414755e token=android.os.BinderProxy@31abee5 {com.excelliance.dualaid/com.excelliance.kxqp.swipe.NavActivity2}} token= android.os.BinderProxy@31abee5
06-24 17:40:44.734 E/ViewUtils(20927): setBgColor: view==null:top
06-24 17:40:44.741 D/OpenGLRenderer(20927):   HWUI Binary is  enabled
06-24 17:40:44.742 D/SurfaceFlinger(  710): SurfaceFlinger: getDisplayConfigs--3.000000, 1080, 1920
06-24 17:40:44.743 D/PMS11425(  657): package:com.excelliance.dualaid, input flags:128, output hwFlags:0
06-24 17:40:44.742 I/chatty  (  710): uid=1000(system) Binder:710_5 identical 1 line
06-24 17:40:44.742 D/SurfaceFlinger(  710): SurfaceFlinger: getDisplayConfigs--3.000000, 1080, 1920
06-24 17:40:44.744 D/OpenGLRenderer(20927): HWUI GL Pipeline
06-24 17:40:44.748 V/WindowManager(  657): Adding Window{f240e82 u0 com.excelliance.dualaid/com.excelliance.kxqp.swipe.NavActivity2} to AppWindowToken{d7274ff token=Token{a4ce41e ActivityRecord{fe33059 u0 com.excelliance.dualaid/com.excelliance.kxqp.swipe.NavActivity2 t16085}}}
06-24 17:40:44.749 V/WindowManager(  657): addWindow: New client android.os.BinderProxy@6f4b5cd: window=Window{f240e82 u0 com.excelliance.dualaid/com.excelliance.kxqp.swipe.NavActivity2} Callers=com.android.server.wm.HwWindowManagerService.addWindow:562 com.android.server.wm.Session.addToDisplay:199 android.view.IWindowSession$Stub.onTransact:124 com.android.server.wm.Session.onTransact:161 android.os.Binder.execTransact:675 
06-24 17:40:44.749 D/PMS11425(  657): package:com.excelliance.dualaid, input flags:128, output hwFlags:0
06-24 17:40:44.758 D/HwGalleryCacheManagerImpl(20927): mIsEffect:false
06-24 17:40:44.754 D/PMS11425(  657): package:com.excelliance.dualaid, input flags:128, output hwFlags:0
06-24 17:40:44.759 V/WindowManager(  657): Checking 1 opening apps (frozen=false timeout=false)...
06-24 17:40:44.759 V/WindowManager(  657): Check opening app=AppWindowToken{d7274ff token=Token{a4ce41e ActivityRecord{fe33059 u0 com.excelliance.dualaid/com.excelliance.kxqp.swipe.NavActivity2 t16085}}}: allDrawn=false startingDisplayed=false startingMoved=false isRelaunching()=false
06-24 17:40:44.762 D/PMS11425(  657): package:com.excelliance.dualaid, input flags:128, output hwFlags:0
06-24 17:40:44.772 D/HttpUtils(20927): getResponseCode():200
06-24 17:40:44.772 D/WHEG    (20927): {"status":"0","controls":"","skip":"0"}
06-24 17:40:44.805 D/HwRecentsLockUtils( 1513): Search
06-24 17:40:44.805 E/HsmCoreServiceImpl( 1478): onTransact in code is: 103
06-24 17:40:44.805 I/MediaProcessHandler( 1478): playingUids: 
06-24 17:40:44.780 I/chatty  (  657): uid=1000(system) Binder:657_14 identical 5 lines
06-24 17:40:44.780 D/PMS11425(  657): package:com.excelliance.dualaid, input flags:128, output hwFlags:0
06-24 17:40:44.805 D/ActivityManager(  657): Skipping, home or recents stack task: TaskRecord{333215f #15658 A=com.huawei.android.launcher U=0 StackId=0 sz=1}
06-24 17:40:44.805 D/ActivityManager(  657): Skipping intent:act=android.intent.action.MAIN cat=[android.intent.category.LAUNCHER] flg=0x10a00000 cmp=io.appium.settings/.Settings
06-24 17:40:44.805 D/ActivityManager(  657): Skipping intent:flg=0x18800000 cmp=com.tencent.mm/.plugin.base.stub.WXPayEntryActivity
06-24 17:40:44.805 D/ActivityManager(  657): Skipping intent:flg=0x10804000 cmp=com.android.systemui/.recents.RecentsActivity bnds=[48,928][1032,2296]
06-24 17:40:44.805 D/ActivityManager(  657): Skipping intent:flg=0x10800000 cmp=com.huawei.systemmanager/com.huawei.permissionmanager.ui.MainActivity
06-24 17:40:44.805 D/ActivityManager(  657): Skipping intent:flg=0x18800000 cmp=com.tencent.mm/.plugin.base.stub.WXEntryActivity
06-24 17:40:44.805 D/ActivityManager(  657): Skipping intent:act=com.huawei.action.VOICE_ASSISTANT flg=0x10800000 pkg=com.huawei.vassistant cmp=com.huawei.vassistant/.ui.main.VAssistantActivity
06-24 17:40:44.805 D/ActivityManager(  657): Skipping intent:act=com.huawei.android.launcher.action.ACCESS_SPLIT_SCREEN_APP cat=[android.intent.category.DEFAULT] flg=0x10804000 cmp=com.huawei.android.launcher/.splitscreen.SplitScreenAppActivity
06-24 17:40:44.805 D/ActivityManager(  657): Skipping intent:flg=0x10800000 pkg=com.excelliance.dualaid.b64 cmp=com.excelliance.dualaid.b64/com.excelliance.kxqp.sdk.PermissionRequestActivity
06-24 17:40:44.805 D/ActivityManager(  657): Skipping intent:act=android.intent.action.VIEW dat=content://com.excelliance.dualaid.fileProvider/external_storage_root/Download/apk/Multiple_64.apk typ=application/vnd.android.package-archive flg=0x10800001 cmp=com.android.packageinstaller/.InstallStart
06-24 17:40:44.805 D/ActivityManager(  657): Skipping intent:flg=0x10800000 cmp=com.android.systemui/.usb.HwUsbDebuggingActivity
06-24 17:40:44.805 D/ActivityManager(  657): Skipping intent:act=android.deviceinfo.chooser.action.LAUNCH flg=0x10800000 hwFlg=0x100 pkg=com.android.settings cmp=com.android.settings/.deviceinfo.UsbConnModeChooserActivity
06-24 17:40:44.805 D/ActivityManager(  657): Skipping intent:flg=0x10800000 cmp=com.zol.android/.push.KeepLiveActivity
06-24 17:40:44.805 D/ActivityManager(  657): Skipping intent:act=android.intent.action.MAIN cat=[android.intent.category.HOME] flg=0x10800300 cmp=com.android.settings/.FallbackHome
06-24 17:40:44.833 D/MainActivity(20927): instantiateItem: 2	android.widget.RelativeLayout{d00e2b1 V.E...... ......I. 0,0-0,0}
06-24 17:40:44.833 D/MainActivity(20927): initPage3: 
06-24 17:40:44.834 I/zygote  (20955): Compiler allocated 4MB to compile boolean com.excelliance.kxqp.KXQPApplication.b(int)
06-24 17:40:44.837 V/WindowManager(  657): Checking 1 opening apps (frozen=false timeout=false)...
06-24 17:40:44.837 V/WindowManager(  657): Check opening app=AppWindowToken{d7274ff token=Token{a4ce41e ActivityRecord{fe33059 u0 com.excelliance.dualaid/com.excelliance.kxqp.swipe.NavActivity2 t16085}}}: allDrawn=false startingDisplayed=false startingMoved=false isRelaunching()=false
06-24 17:40:44.840 V/HwPhoneWindowManager(  657): updateSystemUiColorLw window=Window{f240e82 u0 com.excelliance.dualaid/com.excelliance.kxqp.swipe.NavActivity2},EmuiStyle=0,StatusBarColor=0xff000000,NavigationBarColor=0xff000000, mLastIsEmuiLightStyle=-1
06-24 17:40:44.841 D/HwPhoneWindowManager(  657): Transact:setSystemUIColor to status bar service
06-24 17:40:44.841 I/CommandQueue( 1513): updateBarBgColor
06-24 17:40:44.841 D/CommandQueue( 1513): CommandQueue, setBarBackgroundColor
06-24 17:40:44.842 V/WindowManager(  657): Checking 1 opening apps (frozen=false timeout=false)...
06-24 17:40:44.842 V/WindowManager(  657): Check opening app=AppWindowToken{d7274ff token=Token{a4ce41e ActivityRecord{fe33059 u0 com.excelliance.dualaid/com.excelliance.kxqp.swipe.NavActivity2 t16085}}}: allDrawn=false startingDisplayed=false startingMoved=false isRelaunching()=false
06-24 17:40:44.843 D/TintManager( 1513): statusBarIconTint=#99FFFFFF,navigationBarIconTint=#FF000000
06-24 17:40:44.846 I/GRALLOC (  679): 	 shrFd=10,fmt=0x1,intFmt=0x200000001,btStrd=4352,size=8486912,pid=679 
06-24 17:40:44.846 I/GRALLOC (  679): 	 yuv=2,w=1080,h=1920,Stride u=0 v=0,offset u=0 v=0 
06-24 17:40:44.846 I/GRALLOC (  679): 	 iova_size=8486912,conUsg=0x900,proUsg=0x900,	 strd=1088,[afbc]HdrStrd=1088 PyldStrd=69632 Scrmbl=2,ionhnd = 1 
06-24 17:40:44.847 D/MainActivity(20927): run: initPage3
06-24 17:40:44.847 V/MainActivity(20927): onWindowFocusChanged: true
06-24 17:40:44.848 W/InputMethodManager(20927): startInputReason = 1
06-24 17:40:44.848 I/OpenGLRenderer(20927): Initialized EGL, version 1.4
06-24 17:40:44.848 D/OpenGLRenderer(20927): Swap behavior 2
06-24 17:40:44.848 I/GRALLOC (  679): 	 shrFd=10,fmt=0x1,intFmt=0x200000001,btStrd=4352,size=8486912,pid=679 
06-24 17:40:44.848 I/GRALLOC (  679): 	 yuv=2,w=1080,h=1920,Stride u=0 v=0,offset u=0 v=0 
06-24 17:40:44.848 I/GRALLOC (  679): 	 iova_size=8486912,conUsg=0x900,proUsg=0x900,	 strd=1088,[afbc]HdrStrd=1088 PyldStrd=69632 Scrmbl=2,ionhnd = 1 
06-24 17:40:44.851 W/InputMethodManager(20927): startInputReason = 5
06-24 17:40:44.854 I/wangchen( 7035): SysInfo.getSysParam: orientation=1||config d=3.0,w=1080,h=1920||metrics d=3.0,w=1080,h=1920||sdk=26,bar_h=72
06-24 17:40:44.854 I/KeymapLoader( 7035): w=1080 h=1920 ori=true appScale=3.3 s1=3.0
06-24 17:40:44.854 I/GRALLOC (  679): 	 shrFd=10,fmt=0x1,intFmt=0x200000001,btStrd=4352,size=8486912,pid=679 
06-24 17:40:44.854 I/GRALLOC (  679): 	 yuv=2,w=1080,h=1920,Stride u=0 v=0,offset u=0 v=0 
06-24 17:40:44.854 I/GRALLOC (  679): 	 iova_size=8486912,conUsg=0x900,proUsg=0x900,	 strd=1088,[afbc]HdrStrd=1088 PyldStrd=69632 Scrmbl=2,ionhnd = 1 
06-24 17:40:44.855 D/mali_winsys(20927): EGLint new_window_surface(egl_winsys_display *, void *, EGLSurface, EGLConfig, egl_winsys_surface **, egl_color_buffer_format *, EGLBoolean) returns 0x3000
06-24 17:40:44.855 E/vndksupport(20927): Could not load vendor/lib/egl/libGLES_mali_v2.so from sphal namespace: dlopen failed: library "vendor/lib/egl/libGLES_mali_v2.so" not found.
06-24 17:40:44.864 D/BarTransitions.HwPhoneStatusBarView( 1513): MODE_TRANSPARENT -> MODE_TRANSLUCENT animate=false
06-24 17:40:44.864 D/BarTransitions.HwPhoneStatusBarView( 1513): applyModeBackground oldMode=MODE_TRANSPARENT newMode=MODE_TRANSLUCENT animate=false
06-24 17:40:44.866 D/PMS11425(  657): package:com.excelliance.dualaid, input flags:128, output hwFlags:0
06-24 17:40:44.867 D/StatusBarIconController( 1513): setIconVisibility icon is null or visibility not change visibility=false
06-24 17:40:44.869 I/GRALLOC (  679): 	 shrFd=10,fmt=0x1,intFmt=0x200000001,btStrd=4352,size=8486912,pid=679 
06-24 17:40:44.869 I/GRALLOC (  679): 	 yuv=2,w=1080,h=1920,Stride u=0 v=0,offset u=0 v=0 
06-24 17:40:44.869 I/GRALLOC (  679): 	 iova_size=8486912,conUsg=0xb00,proUsg=0xb00,	 strd=1088,[afbc]HdrStrd=1088 PyldStrd=69632 Scrmbl=2,ionhnd = 1 
06-24 17:40:44.869 D/PMS11425(  657): package:com.excelliance.dualaid, input flags:128, output hwFlags:0
06-24 17:40:44.877 D/WindowManager(  657): finishDrawingWindow: Window{f240e82 u0 com.excelliance.dualaid/com.excelliance.kxqp.swipe.NavActivity2} mDrawState=DRAW_PENDING
06-24 17:40:44.879 V/WindowManager(  657): Checking 1 opening apps (frozen=false timeout=false)...
06-24 17:40:44.879 V/WindowManager(  657): Check opening app=AppWindowToken{d7274ff token=Token{a4ce41e ActivityRecord{fe33059 u0 com.excelliance.dualaid/com.excelliance.kxqp.swipe.NavActivity2 t16085}}}: allDrawn=true startingDisplayed=false startingMoved=false isRelaunching()=false
06-24 17:40:44.881 D/ImageWallpaper( 1513): onVisibilityChanged: mVisible, visible=true, false
06-24 17:40:44.881 D/ImageWallpaper( 1513): Visibility changed to visible=false
06-24 17:40:44.882 D/BarTransitions.HwPhoneStatusBarView( 1513): MODE_TRANSLUCENT -> MODE_TRANSPARENT animate=false
06-24 17:40:44.882 D/BarTransitions.HwPhoneStatusBarView( 1513): applyModeBackground oldMode=MODE_TRANSLUCENT newMode=MODE_TRANSPARENT animate=false
06-24 17:40:44.883 I/ActivityManager(  657): Displayed com.excelliance.dualaid/com.excelliance.kxqp.swipe.NavActivity2: +182ms (total +339ms)
06-24 17:40:44.883 I/ActivityManager(  657): wait Launched end, result = 0 who = ComponentInfo{com.excelliance.dualaid/com.excelliance.kxqp.swipe.NavActivity2}
06-24 17:40:44.892 E/BufferQueueProducer(  710): [com.huawei.android.launcher/com.huawei.android.launcher.unihome.UniHomeLauncher#0] disconnect: not connected (req=1)
06-24 17:40:44.892 W/libEGL  ( 2519): EGLNativeWindowType 0x747597e010 disconnect failed
06-24 17:40:44.892 I/WindowManager(  657): notifyAccessibilityButtonVisibilityChanged visible:false
06-24 17:40:44.901 W/dex2oat (20996): Using default instruction set features for ARM CPU variant (default) using conservative defaults
06-24 17:40:44.902 I/dex2oat (20996): /system/bin/dex2oat -j4 --dex-file=/data/data/com.excelliance.dualaid/.platformcache/main.jar --output-vdex-fd=47 --oat-fd=48 --oat-location=/data/data/com.excelliance.dualaid/.platformcache/oat/arm/main.odex --compiler-filter=quicken
06-24 17:40:44.902 I/cutils-trace(20996): atrace_init_once, trace_marker_path = /sys/kernel/debug/tracing/trace_marker
06-24 17:40:44.903 D/BarTransitions.HwPhoneStatusBarView( 1513): MODE_TRANSPARENT -> MODE_TRANSLUCENT animate=false
06-24 17:40:44.903 D/BarTransitions.HwPhoneStatusBarView( 1513): applyModeBackground oldMode=MODE_TRANSPARENT newMode=MODE_TRANSLUCENT animate=false
06-24 17:40:44.904 D/BarTransitions.HwNavigationBarView( 1513): MODE_TRANSLUCENT -> MODE_OPAQUE animate=false
06-24 17:40:44.904 D/BarTransitions.HwNavigationBarView( 1513): applyModeBackground oldMode=MODE_TRANSLUCENT newMode=MODE_OPAQUE animate=false
06-24 17:40:44.917 W/ActivityManager(  657): Sending non-protected broadcast huawei.action.floattasks.STATUS_BAR_STATE_CHANGED from system 1513:com.android.systemui/u0a39 pkg com.android.systemui
06-24 17:40:44.917 W/HwKeyguardDragHelper( 1513): AnimationBlocked
06-24 17:40:44.917 D/ActivityThread(20927): Remove activity client record, r= ActivityRecord{cbe2ddc token=android.os.BinderProxy@d13fa03 {com.excelliance.dualaid/com.excelliance.kxqp.ui.HelloActivity}} token= android.os.BinderProxy@d13fa03
06-24 17:40:44.918 V/WindowManager(  657): removeAppToken: AppWindowToken{d1bd246 token=Token{b0dde21 ActivityRecord{7b19488 u0 com.excelliance.dualaid/com.excelliance.kxqp.ui.HelloActivity t16085}}} delayed=false Callers=com.android.server.wm.DisplayContent.removeAppToken:985 com.android.server.wm.AppWindowContainerController.removeContainer:348 com.android.server.am.ActivityRecord.removeWindowContainer:1039 com.android.server.am.ActivityStack.removeActivityFromHistoryLocked:4491 
06-24 17:40:44.925 V/WindowManager(  657): notifyAppStopped: AppWindowToken{d3a938b token=Token{377755a ActivityRecord{d5c9105 u0 com.huawei.android.launcher/.unihome.UniHomeLauncher t15658}}}
06-24 17:40:44.925 E/WindowManager(  657): win=Window{68d6975 u0 com.huawei.android.launcher/com.huawei.android.launcher.unihome.UniHomeLauncher} destroySurfaces: appStopped=true win.mWindowRemovalAllowed=false win.mRemoveOnExit=false
06-24 17:40:44.925 I/WindowManager(  657): Destroying surface Surface(name=com.huawei.android.launcher/com.huawei.android.launcher.unihome.UniHomeLauncher) called by com.android.server.wm.WindowStateAnimator.destroySurface:2060 com.android.server.wm.WindowStateAnimator.destroySurfaceLocked:873 com.android.server.wm.HwWindowStateAnimator.destroySurfaceLocked:1006 com.android.server.wm.WindowState.destroyOrSaveSurfaceUnchecked:2990 com.android.server.wm.WindowState.destroySurface:2951 com.android.server.wm.AppWindowToken.destroySurfaces:654 com.android.server.wm.AppWindowToken.destroySurfaces:638 com.android.server.wm.AppWindowToken.notifyAppStopped:682 
06-24 17:40:44.927 W/libc    (  493): Set property "hw.wifi.dns_stat" to "43110,37910,5028,1,53950"
06-24 17:40:44.927 D/HwGameAssistantController(  657): pid=2519, uid=10056, foreground=false
06-24 17:40:44.928 W/AwareLog(  657): SchedLevelBoost: onFgActivitiesChanged config not set!
06-24 17:40:44.976 I/ActivityManager(  657): Force stopping com.excelliance.dualaid appid=11425 user=0: from pid 21004by app
06-24 17:40:44.976 I/ActivityManager(  657): Killing 20927:com.excelliance.dualaid:olle/u0a1425 (adj 0): stop com.excelliance.dualaidfrom pid 21004by app
06-24 17:40:44.977 D/ActivityManager(  657): cleanUpApplicationRecord app: ProcessRecord{70e0c07 20927:com.excelliance.dualaid:olle/u0a1425}, app.bad: false, restarting: false, allowRestart: true
06-24 17:40:44.977 W/ActivityManager(  657): Force removing ActivityRecord{fe33059 u0 com.excelliance.dualaid/com.excelliance.kxqp.swipe.NavActivity2 t16085}: app died, no saved state
06-24 17:40:44.978 E/HsmCoreServiceImpl( 1478): onTransact in code is: 102
06-24 17:40:44.978 I/MediaProcessHandler( 1478): processOp opType: 1, uid: 11425, pid: 20927
06-24 17:40:44.978 W/MediaProcessHandler( 1478): remove target not exist, maybe the UI process: uid: 11425, pid: 20927
06-24 17:40:44.978 I/MediaProcessHandler( 1478): executedCallBack opType: 1 mMediaStatusObservers.size=0
06-24 17:40:44.978 W/AwareLog(  657): SchedLevelBoost: onProcessDied config not set!
06-24 17:40:44.981 V/WindowManager(  657): removeAppToken: AppWindowToken{d7274ff token=Token{a4ce41e ActivityRecord{fe33059 u0 com.excelliance.dualaid/com.excelliance.kxqp.swipe.NavActivity2 t16085}}} delayed=false Callers=com.android.server.wm.DisplayContent.removeAppToken:985 com.android.server.wm.AppWindowContainerController.removeContainer:348 com.android.server.am.ActivityRecord.removeWindowContainer:1039 com.android.server.am.ActivityStack.removeActivityFromHistoryLocked:4491 
06-24 17:40:44.981 V/WindowManager(  657): removeIfPossible: Window{f240e82 u0 com.excelliance.dualaid/com.excelliance.kxqp.swipe.NavActivity2} callers=com.android.server.wm.WindowState.removeIfPossible:1914 com.android.server.wm.WindowToken.removeAllWindowsIfPossible:139 com.android.server.wm.AppWindowToken.removeIfPossible:539 com.android.server.wm.AppWindowToken.onRemovedFromDisplay:606 com.android.server.wm.DisplayContent.removeAppToken:985 
06-24 17:40:44.981 I/WindowManager(  657): Destroying surface Surface(name=com.excelliance.dualaid/com.excelliance.kxqp.swipe.NavActivity2) called by com.android.server.wm.WindowStateAnimator.destroySurface:2060 com.android.server.wm.WindowStateAnimator.destroySurfaceLocked:873 com.android.server.wm.HwWindowStateAnimator.destroySurfaceLocked:1006 com.android.server.wm.WindowState.removeImmediately:1899 com.android.server.wm.WindowState.removeIfPossible:2051 com.android.server.wm.WindowState.removeIfPossible:1914 com.android.server.wm.WindowToken.removeAllWindowsIfPossible:139 com.android.server.wm.AppWindowToken.removeIfPossible:539 
06-24 17:40:44.981 V/WindowManager(  657): postWindowRemoveCleanupLocked: Window{f240e82 u0 com.excelliance.dualaid/com.excelliance.kxqp.swipe.NavActivity2}
06-24 17:40:44.981 V/WindowManager(  657): Removing Window{f240e82 u0 com.excelliance.dualaid/com.excelliance.kxqp.swipe.NavActivity2} from AppWindowToken{d7274ff token=Token{a4ce41e ActivityRecord{fe33059 u0 com.excelliance.dualaid/com.excelliance.kxqp.swipe.NavActivity2 t16085}}}
06-24 17:40:44.986 V/WindowManager(  657): No longer Stopped: AppWindowToken{d3a938b token=Token{377755a ActivityRecord{d5c9105 u0 com.huawei.android.launcher/.unihome.UniHomeLauncher t15658}}}
06-24 17:40:44.988 D/ScenarioService( 1699): front pkg : com.huawei.android.launcher launcher: true
06-24 17:40:44.988 I/AppsUsage( 1699): scnOff:false FgAPP:com.huawei.android.launcher BgAPP:com.excelliance.dualaid
06-24 17:40:44.988 I/ash     ( 1699): front pkg : com.huawei.android.launcher launcher: true
06-24 17:40:44.989 D/EmcomManagerService(  657): forePackage name is com.huawei.android.launcher
06-24 17:40:44.989 D/HicomPolicyManager(  657): foreAppInfo = nullpkgName = com.huawei.android.launcher uid= 10056
06-24 17:40:44.989 E/HicomPolicyManager(  657): udp acc is not start yet!
06-24 17:40:44.989 D/HicomPolicyManager(  657): speed control is not start
06-24 17:40:44.989 E/HicomPolicyManager(  657): Network Evaluation is not start yet!
06-24 17:40:44.989 E/HicomPolicyManager(  657): foreground app info is null
06-24 17:40:44.990 D/[HwRecSys]HwRecSysService( 2647): onEvent actionID: 10010 msg:com.huawei.android.launcher		
06-24 17:40:44.991 E/[HwRecSys]HwRecSysService( 2647): getIsRportDirectService is false!
06-24 17:40:44.991 I/PGServer( 1699): report state:10000 event type:2 pid:0 uid:0 pkg:com.excelliance.dualaid to pid: 657
06-24 17:40:44.991 I/PGServer( 1699): report state:10000 event type:2 pid:0 uid:0 pkg:com.excelliance.dualaid to pid: 1699
06-24 17:40:44.991 I/SceneReceiver( 1699): state type: 10000 eventType:2 pid:0 uid:0 pkg:com.excelliance.dualaid
06-24 17:40:44.991 I/PGServer( 1699): report state:10010 event type:1 pid:0 uid:0 pkg:com.huawei.android.launcher to pid: 657
06-24 17:40:44.991 I/PGServer( 1699): report state:10010 event type:1 pid:0 uid:0 pkg:com.huawei.android.launcher to pid: 1699
06-24 17:40:44.991 I/SceneReceiver( 1699): state type: 10010 eventType:1 pid:0 uid:0 pkg:com.huawei.android.launcher
06-24 17:40:44.992 D/HwThermalStateManager( 1699): current foreapp pkg : com.huawei.android.launcher
06-24 17:40:44.993 W/libc    ( 1699): Set property "sys.aps.gameProcessName" to ""
06-24 17:40:44.993 I/PGServer( 1699): checkPkgType. calling pkg: android
06-24 17:40:44.994 I/PGServer( 1699): checkPkgType. calling pkg: android
06-24 17:40:44.995 W/libc    ( 1699): Set property "sys.aps.browserProcessName" to ""
06-24 17:40:44.996 V/WindowManager(  657): notifyAppResumed: wasStopped=true AppWindowToken{d3a938b token=Token{377755a ActivityRecord{d5c9105 u0 com.huawei.android.launcher/.unihome.UniHomeLauncher t15658}}}
06-24 17:40:44.998 V/WindowManager(  657): Checking 1 opening apps (frozen=false timeout=false)...
06-24 17:40:44.998 V/WindowManager(  657): Check opening app=AppWindowToken{d3a938b token=Token{377755a ActivityRecord{d5c9105 u0 com.huawei.android.launcher/.unihome.UniHomeLauncher t15658}}}: allDrawn=false startingDisplayed=false startingMoved=false isRelaunching()=false
06-24 17:40:44.999 I/ActivityManager(  657): Killing 20955:com.excelliance.dualaid/u0a1425 (adj 0): stop com.excelliance.dualaidfrom pid 21004by app
06-24 17:40:44.999 D/ActivityManager(  657): cleanUpApplicationRecord app: ProcessRecord{59bb2cc 20955:com.excelliance.dualaid/u0a1425}, app.bad: false, restarting: false, allowRestart: true
06-24 17:40:45.000 W/ActivityManager(  657): Scheduling restart of crashed service com.excelliance.dualaid/com.excelliance.kxqp.SmtServService in 1000ms
06-24 17:40:45.001 V/WindowManager(  657): Checking 1 opening apps (frozen=false timeout=false)...
06-24 17:40:45.001 V/WindowManager(  657): Check opening app=AppWindowToken{d3a938b token=Token{377755a ActivityRecord{d5c9105 u0 com.huawei.android.launcher/.unihome.UniHomeLauncher t15658}}}: allDrawn=false startingDisplayed=false startingMoved=false isRelaunching()=false
06-24 17:40:45.003 V/WindowManager(  657): Checking 1 opening apps (frozen=false timeout=false)...
06-24 17:40:45.003 V/WindowManager(  657): Check opening app=AppWindowToken{d3a938b token=Token{377755a ActivityRecord{d5c9105 u0 com.huawei.android.launcher/.unihome.UniHomeLauncher t15658}}}: allDrawn=false startingDisplayed=false startingMoved=false isRelaunching()=false
06-24 17:40:45.006 V/AlarmManager(  657): UninstallReceiver onReceive action:android.intent.action.PACKAGE_RESTARTED
06-24 17:40:45.006 D/HwBastetService(  657): BroadcastReceiver android.intent.action.PACKAGE_RESTARTED
06-24 17:40:45.007 I/HwCoreAppHelperService( 1478): LocalReceiver receives:android.intent.action.PACKAGE_RESTARTED,pkg:com.excelliance.dualaid,uid:11425
06-24 17:40:45.008 E/HwLauncher( 2519): SettingsEx , no such field.
06-24 17:40:45.008 W/HwLauncher( 2519): Clock getDataFormat the getSystemString failed.
06-24 17:40:45.008 D/HwQoEUtils(  657): mForegroundAppPackageName: com.huawei.android.launcher ,score: 0
06-24 17:40:45.008 D/HwQoEUtils(  657): onForegroundAppWifiSleepChange: config:false, sleeptime:-1,type: 255, appname:com.huawei.android.launcher
06-24 17:40:45.009 D/HwQoEUtils(  657): APP type: 255 appName= com.huawei.android.launcher
06-24 17:40:45.009 E/NfcNci  ( 2677): NfcUtils error: APP have nfc permission
06-24 17:40:45.009 D/CarrierSvcBindHelper( 1715): No carrier app for: 0
06-24 17:40:45.009 D/HwGpsPowerTracker(  657): LocalReceiver receives:android.intent.action.PACKAGE_RESTARTED
06-24 17:40:45.010 D/PMS1000 (  657): package:com.excelliance.dualaid, input flags:0, output hwFlags:0
06-24 17:40:45.010 D/HwQoEUtils(  657): no game, APP_TYPE_GAME, appName =com.huawei.android.launcher
06-24 17:40:45.010 D/CarrierSvcBindHelper( 1715): No carrier app for: 1
06-24 17:40:45.011 D/HwGameAssistantController(  657): pid=2519, uid=10056, foreground=true
06-24 17:40:45.011 V/HwPhoneWindowManager(  657): updateSystemUiColorLw window=Window{68d6975 u0 com.huawei.android.launcher/com.huawei.android.launcher.unihome.UniHomeLauncher},EmuiStyle=-1,StatusBarColor=0xff00acc1,NavigationBarColor=0x0, mLastIsEmuiLightStyle=-1
06-24 17:40:45.012 W/AwareLog(  657): SchedLevelBoost: onFgActivitiesChanged config not set!
06-24 17:40:45.013 I/WindowManager(  657): notifyAccessibilityButtonVisibilityChanged visible:false
06-24 17:40:45.013 V/WindowManager(  657): Checking 1 opening apps (frozen=false timeout=false)...
06-24 17:40:45.013 V/WindowManager(  657): Check opening app=AppWindowToken{d3a938b token=Token{377755a ActivityRecord{d5c9105 u0 com.huawei.android.launcher/.unihome.UniHomeLauncher t15658}}}: allDrawn=false startingDisplayed=false startingMoved=false isRelaunching()=false
06-24 17:40:45.016 I/GRALLOC (  679): 	 shrFd=10,fmt=0x1,intFmt=0x200000001,btStrd=4352,size=8486912,pid=679 
06-24 17:40:45.016 I/GRALLOC (  679): 	 yuv=2,w=1080,h=1920,Stride u=0 v=0,offset u=0 v=0 
06-24 17:40:45.016 I/GRALLOC (  679): 	 iova_size=8486912,conUsg=0x900,proUsg=0x900,	 strd=1088,[afbc]HdrStrd=1088 PyldStrd=69632 Scrmbl=2,ionhnd = 1 
06-24 17:40:45.017 D/PMS1027 (  657): package:com.google.android.apps.walletnfcrel, input flags:8192, output is null
06-24 17:40:45.017 I/GRALLOC (  679): 	 shrFd=10,fmt=0x1,intFmt=0x200000001,btStrd=4352,size=8486912,pid=679 
06-24 17:40:45.017 I/GRALLOC (  679): 	 yuv=2,w=1080,h=1920,Stride u=0 v=0,offset u=0 v=0 
06-24 17:40:45.017 I/GRALLOC (  679): 	 iova_size=8486912,conUsg=0x900,proUsg=0x900,	 strd=1088,[afbc]HdrStrd=1088 PyldStrd=69632 Scrmbl=2,ionhnd = 1 
06-24 17:40:45.018 D/ApduServiceInfo( 2677): No com.nxp.nfc.extensions meta-data
06-24 17:40:45.018 I/GRALLOC (  679): 	 shrFd=10,fmt=0x1,intFmt=0x200000001,btStrd=4352,size=8486912,pid=679 
06-24 17:40:45.018 I/GRALLOC (  679): 	 yuv=2,w=1080,h=1920,Stride u=0 v=0,offset u=0 v=0 
06-24 17:40:45.018 I/GRALLOC (  679): 	 iova_size=8486912,conUsg=0x900,proUsg=0x900,	 strd=1088,[afbc]HdrStrd=1088 PyldStrd=69632 Scrmbl=2,ionhnd = 1 
06-24 17:40:45.018 D/ApduServiceInfo( 2677): No com.nxp.nfc.extensions meta-data
06-24 17:40:45.019 D/mali_winsys( 2519): EGLint new_window_surface(egl_winsys_display *, void *, EGLSurface, EGLConfig, egl_winsys_surface **, egl_color_buffer_format *, EGLBoolean) returns 0x3000
06-24 17:40:45.019 D/ApduServiceInfo( 2677): No com.nxp.nfc.extensions meta-data
06-24 17:40:45.019 D/ApduServiceInfo( 2677): No com.nxp.nfc.extensions meta-data
06-24 17:40:45.020 D/HwPhoneWindowManager(  657): Transact:setSystemUIColor to status bar service
06-24 17:40:45.020 I/CommandQueue( 1513): updateBarBgColor
06-24 17:40:45.020 D/CommandQueue( 1513): CommandQueue, setBarBackgroundColor
06-24 17:40:45.020 W/AwareLog(  657): SchedLevelBoost: onProcessDied config not set!
06-24 17:40:45.020 E/HsmCoreServiceImpl( 1478): onTransact in code is: 102
06-24 17:40:45.020 I/MediaProcessHandler( 1478): processOp opType: 1, uid: 11425, pid: 20955
06-24 17:40:45.020 W/MediaProcessHandler( 1478): remove target not exist, maybe the UI process: uid: 11425, pid: 20955
06-24 17:40:45.020 I/MediaProcessHandler( 1478): executedCallBack opType: 1 mMediaStatusObservers.size=0
06-24 17:40:45.021 D/TintManager( 1513): statusBarIconTint=#99FFFFFF,navigationBarIconTint=#00000000
06-24 17:40:45.021 D/ApduServiceInfo( 2677): No com.nxp.nfc.extensions meta-data
06-24 17:40:45.021 E/ApduServiceInfo( 2677): SE extension not present, Setting default offhost seID
06-24 17:40:45.022 I/HwNetworkPolicy(  657): onTransact, code = 203
06-24 17:40:45.022 I/HwNetworkPolicyManager( 1813): getHwUidPolicy uid = 10056 policy = 0
06-24 17:40:45.024 E/NfcNci  ( 2677): NfcUtils error: APP have nfc permission
06-24 17:40:45.027 D/StatusBarIconController( 1513): setIconVisibility icon is null or visibility not change visibility=false
06-24 17:40:45.031 W/ActivityManager(  657): Sending non-protected broadcast huawei.action.floattasks.STATUS_BAR_STATE_CHANGED from system 1513:com.android.systemui/u0a39 pkg com.android.systemui
06-24 17:40:45.031 D/BarTransitions.HwPhoneStatusBarView( 1513): MODE_TRANSLUCENT -> MODE_TRANSPARENT animate=false
06-24 17:40:45.031 D/BarTransitions.HwPhoneStatusBarView( 1513): applyModeBackground oldMode=MODE_TRANSLUCENT newMode=MODE_TRANSPARENT animate=false
06-24 17:40:45.036 I/GRALLOC (  679): 	 shrFd=10,fmt=0x1,intFmt=0x200000001,btStrd=4352,size=8486912,pid=679 
06-24 17:40:45.036 I/GRALLOC (  679): 	 yuv=2,w=1080,h=1920,Stride u=0 v=0,offset u=0 v=0 
06-24 17:40:45.036 I/GRALLOC (  679): 	 iova_size=8486912,conUsg=0xb00,proUsg=0xb00,	 strd=1088,[afbc]HdrStrd=1088 PyldStrd=69632 Scrmbl=2,ionhnd = 1 
06-24 17:40:45.038 W/ActivityManager(  657): setHasOverlayUi called on unknown pid: 20927
06-24 17:40:45.040 D/WindowManager(  657): finishDrawingWindow: Window{68d6975 u0 com.huawei.android.launcher/com.huawei.android.launcher.unihome.UniHomeLauncher} mDrawState=DRAW_PENDING
06-24 17:40:45.041 W/InputMethodManager( 2519): startInputReason = 1
06-24 17:40:45.042 V/WindowManager(  657): Checking 1 opening apps (frozen=false timeout=false)...
06-24 17:40:45.042 V/WindowManager(  657): Check opening app=AppWindowToken{d3a938b token=Token{377755a ActivityRecord{d5c9105 u0 com.huawei.android.launcher/.unihome.UniHomeLauncher t15658}}}: allDrawn=true startingDisplayed=false startingMoved=false isRelaunching()=false
06-24 17:40:45.042 D/ImageWallpaper( 1513): onOffsetsChanged: xOffset=0.0, yOffset=0.0, xOffsetStep=0.0, yOffsetStep=0.0, xPixels=0, yPixels=0
06-24 17:40:45.042 D/ImageWallpaper( 1513): Suppressed drawFrame since redraw is not needed and offsets have not changed.sf=Rect(0, 0 - 2160, 1920)
