06-24 16:39:39.511 D/ApplicationPackageManager( 3584): queryIntentActivitiesAsUser blocked, Intent { act=android.intent.action.MAIN cat=[android.intent.category.LAUNCHER] pkg=com.sina.weibo }
06-24 16:39:39.511 D/HsmInterfaceImpl( 3584): List [ResolveInfo{d3f8106 com.sina.weibo/.SplashActivity m=0x108000}]
06-24 16:39:39.511 D/PMS11423(  657): package:com.tencent.karaoke, input flags:0, output hwFlags:0
06-24 16:39:39.513 D/PMS11423(  657): package:com.tencent.karaoke, input flags:0, output hwFlags:0
06-24 16:39:39.522 I/zygote  ( 3584): Do partial code cache collection, code=60KB, data=58KB
06-24 16:39:39.522 I/zygote  ( 3584): After code cache collection, code=58KB, data=57KB
06-24 16:39:39.522 I/zygote  ( 3584): Increasing code cache capacity to 256KB
06-24 16:39:39.533 D/PMS1000 (  657): package:com.excelliance.dualaid, input flags:8192, output hwFlags:0
06-24 16:39:39.534 W/HSM     ( 1813): HoldService:toast switch is close!
06-24 16:39:39.534 D/ApplicationPackageManager( 3584): queryIntentActivitiesAsUser blocked, Intent { act=android.intent.action.MAIN cat=[android.intent.category.LAUNCHER] pkg=com.tencent.karaoke }
06-24 16:39:39.534 D/HsmInterfaceImpl( 3584): List [ResolveInfo{8519df4 com.tencent.karaoke/.module.splash.ui.SplashBaseActivity m=0x108000}]
06-24 16:39:39.535 D/PMS11423(  657): package:com.keramidas.TitaniumBackup, input flags:0, output is null
06-24 16:39:39.535 D/PMS11423(  657): package:com.tencen3.mm, input flags:0, output is null
06-24 16:39:39.535 D/PMS11423(  657): package:com.whatsapp, input flags:0, output hwFlags:0
06-24 16:39:39.537 D/PMS11423(  657): package:com.whatsapp, input flags:0, output hwFlags:0
06-24 16:39:39.566 D/PMS1000 (  657): package:com.excelliance.dualaid, input flags:8192, output hwFlags:0
06-24 16:39:39.566 W/HSM     ( 1813): HoldService:toast switch is close!
06-24 16:39:39.567 D/ApplicationPackageManager( 3584): queryIntentActivitiesAsUser blocked, Intent { act=android.intent.action.MAIN cat=[android.intent.category.LAUNCHER] pkg=com.whatsapp }
06-24 16:39:39.567 D/HsmInterfaceImpl( 3584): List [ResolveInfo{ce4a560 com.whatsapp/.Main m=0x108000}]
06-24 16:39:39.567 D/PMS11423(  657): package:com.taobao.fleamarket, input flags:0, output is null
06-24 16:39:39.568 D/PMS11423(  657): package:com.jiabin.xiaozhu, input flags:0, output is null
06-24 16:39:39.568 D/PMS11423(  657): package:com.soft.blued, input flags:0, output is null
06-24 16:39:39.568 D/PMS11423(  657): package:com.netease.dhxy, input flags:0, output is null
06-24 16:39:39.568 D/PMS11423(  657): package:com.gbits.atm.leiting, input flags:0, output is null
06-24 16:39:39.568 D/PMS11423(  657): package:com.tencent.Mtown, input flags:0, output is null
06-24 16:39:39.568 D/PMS11423(  657): package:com.tencent.minihd.qq, input flags:0, output is null
06-24 16:39:39.568 D/PMS11423(  657): package:com.facebook.katana, input flags:0, output hwFlags:0
06-24 16:39:39.570 D/PMS11423(  657): package:com.facebook.katana, input flags:0, output hwFlags:0
06-24 16:39:39.598 D/PMS1000 (  657): package:com.excelliance.dualaid, input flags:8192, output hwFlags:0
06-24 16:39:39.599 W/HSM     ( 1813): HoldService:toast switch is close!
06-24 16:39:39.599 D/ApplicationPackageManager( 3584): queryIntentActivitiesAsUser blocked, Intent { act=android.intent.action.MAIN cat=[android.intent.category.LAUNCHER] pkg=com.facebook.katana }
06-24 16:39:39.599 D/HsmInterfaceImpl( 3584): List [ResolveInfo{fdfaade com.facebook.katana/.LoginActivity m=0x108000}]
06-24 16:39:39.599 D/PMS11423(  657): package:com.supercell.clashofclans, input flags:0, output is null
06-24 16:39:39.600 D/PMS11423(  657): package:com.facebook.orca, input flags:0, output is null
06-24 16:39:39.600 D/PMS11423(  657): package:com.bbm, input flags:0, output is null
06-24 16:39:39.600 D/PMS11423(  657): package:jp.naver.line.android, input flags:0, output is null
06-24 16:39:39.600 D/PMS11423(  657): package:com.instagram.android, input flags:0, output is null
06-24 16:39:39.600 D/PMS11423(  657): package:kik.android, input flags:0, output is null
06-24 16:39:39.600 D/PMS11423(  657): package:com.facebook.lite, input flags:0, output is null
06-24 16:39:39.600 D/PMS11423(  657): package:com.supercell.clashroyale, input flags:0, output is null
06-24 16:39:39.600 D/PMS11423(  657): package:com.snapchat.android, input flags:0, output is null
06-24 16:39:39.600 D/PMS11423(  657): package:com.viber.voip, input flags:0, output is null
06-24 16:39:39.601 D/PMS11423(  657): package:com.zing.zalo, input flags:0, output is null
06-24 16:39:39.601 D/PMS11423(  657): package:com.cmcm.whatscall, input flags:0, output is null
06-24 16:39:39.601 D/PMS11423(  657): package:com.bsb.hike, input flags:0, output is null
06-24 16:39:39.601 D/PMS11423(  657): package:com.gbwhatsapp, input flags:0, output is null
06-24 16:39:39.601 D/PMS11423(  657): package:org.telegram.messenger, input flags:0, output is null
06-24 16:39:39.601 D/PMS11423(  657): package:com.nianticlabs.pokemongo, input flags:0, output is null
06-24 16:39:39.604 D/PMS11423(  657): package:com.excelliance.dualaid.b64, input flags:0, output hwFlags:0
06-24 16:39:39.606 D/PMS11423(  657): package:com.excelliance.dualaid.b64, input flags:0, output hwFlags:0
06-24 16:39:39.611 D/MainFragment( 3584): rid = ,initStreamAd close = true
06-24 16:39:39.612 D/PayUtil ( 3584): sRid = 
06-24 16:39:39.614 D/PayUtil ( 3584): no pay dex...
06-24 16:39:39.615 V/ChannelManager( 3584): initChannelDao
06-24 16:39:39.615 E/WifiHAL (  706): enter wifi_get_link_stats
06-24 16:39:39.615 V/ChannelManager( 3584): initChannelDao
06-24 16:39:39.626 E/wificond(  765): Failed to get NL80211_STA_INFO_CNAHLOAD
06-24 16:39:39.626 E/WificondControl(  657): Noise: -92, Snr: 0, Chload: -1
06-24 16:39:39.627 D/HwWifiCHRStateManager(  657): handleMessage : 1001
06-24 16:39:39.627 D/HwWifiCHRStateManager(  657): handleUpdateChannel:5805
06-24 16:39:39.627 V/HwWifiSer