06-24 16:26:52.801 V/WindowManager(  657): Checking 1 opening apps (frozen=false timeout=false)...
06-24 16:26:52.801 V/WindowManager(  657): Check opening app=AppWindowToken{d3a938b token=Token{377755a ActivityRecord{d5c9105 u0 com.huawei.android.launcher/.unihome.UniHomeLauncher t15658}}}: allDrawn=false startingDisplayed=false startingMoved=false isRelaunching()=false
06-24 16:26:52.803 V/AlarmManager(  657): UninstallReceiver onReceive action:android.intent.action.PACKAGE_RESTARTED
06-24 16:26:52.804 D/HwBastetService(  657): BroadcastReceiver android.intent.action.PACKAGE_RESTARTED
06-24 16:26:52.804 I/HwCoreAppHelperService( 1478): LocalReceiver receives:android.intent.action.PACKAGE_RESTARTED,pkg:com.excelliance.dualaid,uid:11423
06-24 16:26:52.805 E/HwLauncher( 2519): SettingsEx , no such field.
06-24 16:26:52.805 W/HwLauncher( 2519): Clock getDataFormat the getSystemString failed.
06-24 16:26:52.805 D/HwGpsPowerTracker(  657): LocalReceiver receives:android.intent.action.PACKAGE_RESTARTED
06-24 16:26:52.805 D/PMS1000 (  657): package:com.excelliance.dualaid, input flags:0, output hwFlags:0
06-24 16:26:52.808 D/HwQoEUtils(  657): mForegroundAppPackageName: com.huawei.android.launcher ,score: 0
06-24 16:26:52.808 D/HwQoEUtils(  657): onForegroundAppWifiSleepChange: config:false, sleeptime:-1,type: 255, appname:com.huawei.android.launcher
06-24 16:26:52.808 E/NfcNci  ( 2677): NfcUtils error: APP have nfc permission
06-24 16:26:52.808 D/HwQoEUtils(  657): APP type: 255 appName= com.huawei.android.launcher
06-24 16:26:52.808 D/HwQoEUtils(  657): no game, APP_TYPE_GAME, appName =com.huawei.android.launcher
06-24 16:26:52.808 D/HwGameAssistantController(  657): pid=2519, uid=10056, foreground=true
06-24 16:26:52.809 W/AwareLog(  657): SchedLevelBoost: onFgActivitiesChanged config not set!
06-24 16:26:52.810 I/HwNetworkPolicy(  657): onTransact, code = 203
06-24 16:26:52.810 I/HwNetworkPolicyManager( 1813): getHwUidPolicy uid = 10056 policy = 0
06-24 16:26:52.811 D/CarrierSvcBindHelper( 1715): No carrier app for: 0
06-24 16:26:52.811 E/HsmCoreServiceImpl( 1478): onTransact in code is: 102
06-24 16:26:52.811 I/MediaProcessHandler( 1478): processOp opType: 1, uid: 11423, pid: 24452
06-24 16:26:52.811 W/MediaProcessHandler( 1478): remove target not exist, maybe the UI process: uid: 11423, pid: 24452
06-24 16:26:52.811 I/MediaProcessHandler( 1478): executedCallBack opType: 1 mMediaStatusObservers.size=0
06-24 16:26:52.812 W/AwareLog(  657): SchedLevelBoost: onProcessDied config not set!
06-24 16:26:52.812 D/CarrierSvcBindHelper( 1715): No carrier app for: 1
06-24 16:26:52.813 D/PMS1027 (  657): package:com.google.android.apps.walletnfcrel, input flags:8192, output is null
06-24 16:26:52.813 V/HwPhoneWindowManager(  657): updateSystemUiColorLw window=Window{68d6975 u0 com.huawei.android.launcher/com.huawei.android.launcher.unihome.UniHomeLauncher},EmuiStyle=-1,StatusBarColor=0xff00acc1,NavigationBarColor=0x0, mLastIsEmuiLightStyle=-1
06-24 16:26:52.813 D/HwPhoneWindowManager(  657): Transact:setSystemUIColor to status bar service
06-24 16:26:52.813 I/CommandQueue( 1513): updateBarBgColor
06-24 16:26:52.813 D/CommandQueue( 1513): CommandQueue, setBarBackgroundColor
06-24 16:26:52.813 D/ApduServiceInfo( 2677): No com.nxp.nfc.extensions meta-data
06-24 16:26:52.814 I/WindowManager(  657): notifyAccessibilityButtonVisibilityChanged visible:false
06-24 16:26:52.814 D/ApduServiceInfo( 2677): No com.nxp.nfc.extensions meta-data
06-24 16:26:52.814 D/TintManager( 1513): statusBarIconTint=#99FFFFFF,navigationBarIconTint=#00000000
06-24 16:26:52.814 V/WindowManager(  657): Checking 1 opening apps (frozen=false timeout=false)...
06-24 16:26:52.814 V/WindowManager(  657): Check opening app=AppWindowToken{d3a938b token=Token{377755a ActivityRecord{d5c9105 u0 com.huawei.android.launcher/.unihome.UniHomeLauncher t15658}}}: allDrawn=false startingDisplayed=false startingMoved=false isRelaunching()=false
06-24 16:26:52.814 D/ApduServiceInfo( 2677): No com.nxp.nfc.extensions meta-data
06-24 16:26:52.815 I/chatty  ( 2677): uid=1027(nfc) com.android.nfc identical 1 line
06-24 16:26:52.815 D/ApduServiceInfo( 2677): No com.nxp.nfc.extensions meta-data
06-24 16:26:52.815 E/ApduServiceInfo( 2677): SE extension not present, Setting default offhost seID
06-24 16:26:52.816 D/mali_winsys( 2519): EGLint new_window_surface(egl_winsys_display *, void *, EGLSurface, EGLConfig, egl_winsys_surface **, egl_color_buffer_format *, EGLBoolean) returns 0x3000
06-24 16:26:52.817 I/GRALLOC (  679): 	 shrFd=10,fmt=0x1,intFmt=0x200000001,btStrd=4352,size=8486912,pid=679 
06-24 16:26:52.817 I/GRALLOC (  679): 	 yuv=2,w=1080,h=1920,Stride u=0 v=0,offset u=0 v=0 
06-24 16:26:52.817 I/GRALLOC (  679): 	 iova_size=8486912,conUsg=0x900,proUsg=0x900,	 strd=1088,[afbc]HdrStrd=1088 PyldStrd=69632 Scrmbl=2,ionhnd = 1 
06-24 16:26:52.818 I/chatty  (  679): uid=1000(system) allocator@2.0-s identical 1 line
06-24 16:26:52.820 I/GRALLOC (  679): 	 shrFd=10,fmt=0x1,intFmt=0x200000001,btStrd=4352,size=8486912,pid=679 
06-24 16:26:52.820 I/GRALLOC (  679): 	 yuv=2,w=1080,h=1920,Stride u=0 v=0,offset u=0 v=0 
06-24 16:26:52.820 I/GRALLOC (  679): 	 iova_size=8486912,conUsg=0x900,proUsg=0x900,	 strd=1088,[afbc]HdrStrd=1088 PyldStrd=69632 Scrmbl=2,ionhnd = 1 
06-24 16:26:52.829 W/ActivityManager(  657): Sending non-protected broadcast huawei.action.floattasks.STATUS_BAR_STATE_CHANGED from system 1513:com.android.systemui/u0a39 pkg com.android.systemui
06-24 16:26:52.830 D/BarTransitions.HwPhoneStatusBarView( 1513): MODE_TRANSLUCENT -> MODE_TRANSPARENT animate=false
06-24 16:26:52.830 D/BarTransitions.HwPhoneStatusBarView( 1513): applyModeBackground oldMode=MODE_TRANSLUCENT newMode=MODE_TRANSPARENT animate=false
06-24 16:26:52.831 D/StatusBarIconController( 1513): setIconVisibility icon is null or visibility not change visibility=false
06-24 16:26:52.832 E/NfcNci  ( 2677): NfcUtils error: APP have nfc permission
06-24 16:26:52.836 I/GRALLOC (  679): 	 shrFd=10,fmt=0x1,intFmt=0x200000001,btStrd=4352,size=8486912,pid=679 
06-24 16:26:52.836 I/GRALLOC (  679): 	 yuv=2,w=1080,h=1920,Stride u=0 v=0,offset u=0 v=0 
06-24 16:26:52.836 I/GRALLOC (  679): 	 iova_size=8486912,conUsg=0xb00,proUsg=0xb00,	 strd=1088,[afbc]HdrStrd=1088 PyldStrd=69632 Scrmbl=2,ionhnd = 1 
06-24 16:26:52.841 D/WindowManager(  657): finishDrawingWindow: Window{68d6975 u0 com.huawei.android.launcher/com.huawei.android.launcher.unihome.UniHomeLauncher} mDrawState=DRAW_PENDING
06-24 16:26:52.842 W/InputMethodManager( 2519): startInputReason = 1
06-24 16:26:52.843 D/ImageWallpaper( 1513): onOffsetsChanged: xOffset=0.0, yOffset=0.0, xOffsetStep=0.0, yOffsetStep=0.0, xPixels=0, yPixels=0
06-24 16:26:52.843 D/ImageWallpaper( 1513): Suppressed drawFrame since redraw is not needed and offsets have not changed.sf=Rect(0, 0 - 2160, 1920)
06-24 16:26:52.843 D/ImageWallpaper( 1513): onVisibilityChanged: mVisible, visible=false, true
06-24 16:26:52.843 D/ImageWallpaper( 1513): Visibility changed to visible=true
06-24 16:26:52.844 D/ImageWallpaper( 1513): Suppressed drawFrame since redraw is not needed and offsets have not changed.sf=Rect(0, 0 - 2160, 1920)
06-24 16:26:52.844 V/WindowManager(  657): Checking 1 opening apps (frozen=false timeout=false)...
06-24 16:26:52.844 V/WindowManager(  657): Check opening app=AppWindowToken{d3a938b token=Token{377755a ActivityRecord{d5c9105 u0 com.huawei.android.launcher/.unihome.UniHomeLauncher t15658}}}: allDrawn=true startingDisplayed=false startingMoved=false isRelaunching()=false
06-24 16:26:52.850 I/wangchen( 7035): SysInfo.getSysParam: orientation=1||config d=3.0,w=1080,h=1920||metrics d=3.0,w=1080,h=1920||sdk=26,bar_h=72
06-24 16:26:52.850 I/KeymapLoader( 7035): w=1080 h=1920 ori=true appScale=3.3 s1=3.0
06-24 16:26:52.855 D/ImageWallpaper( 1513): onOffsetsChanged: xOffset=0.0, yOffset=0.0, xOffsetStep=0.0, yOffsetStep=0.0, xPixels=0, yPixels=0
06-24 16:26:52.855 D/ImageWallpaper( 1513): Suppressed drawFrame since redraw is not needed and offsets have not changed.sf=Rect(0, 0 - 2160, 1920)
06-24 16:26:52.856 D/BarTransitions.HwNavigationBarView( 1513): MODE_OPAQUE -> MODE_TRANSLUCENT animate=false
06-24 16:26:52.856 D/BarTransitions.HwNavigationBarView( 1513): applyModeBackground oldMode=MODE_OPAQUE newMode=MODE_TRANSLUCENT animate=false
06-24 16:26:52.856 I/GRALLOC (  679): 	 shrFd=10,fmt=0x1,intFmt=0x200000001,btStrd=4352,size=8486912,pid=679 
06-24 16:26:52.856 I/GRALLOC (  679): 	 yuv=2,w=1080,h=1920,Stride u=0 v=0,offset u=0 v=0 
06-24 16:26:52.856 I/GRALLOC (  679): 	 iova_size=8486912,conUsg=0xb00,proUsg=0xb00,	 strd=1088,[afbc]HdrStrd=1088 PyldStrd=69632 Scrmbl=2,ionhnd = 1 
06-24 16:26:52.856 W/ActivityManager(  657): setHasOverlayUi called on unknown pid: 24427
06-24 16:26:52.858 D/ImageWallpaper( 1513): onOffsetsChanged: xOffset=0.0, yOffset=0.0, xOffsetStep=0.0, yOffsetStep=0.0, xPixels=0, yPixels=0
06-24 16:26:52.859 D/ImageWallpaper( 1513): Suppressed drawFrame since redraw is not needed and offsets have not changed.sf=Rect(0, 0 - 2160, 1920)
06-24 16:26:52.870 D/HwRecentsLockUtils( 1513): Search
06-24 16:26:52.870 E/HsmCoreServiceImpl( 1478): onTransact in code is: 103
06-24 16:26:52.870 I/MediaProcessHandler( 1478): playingUids: 
06-24 16:26:52.871 D/ActivityManager(  657): Skipping, home or recents stack task: TaskRecord{333215f #15658 A=com.huawei.android.launcher U=0 StackId=0 sz=1}
06-24 16:26:52.871 D/ActivityManager(  657): Skipping intent:act=android.intent.action.MAIN cat=[android.intent.category.LAUNCHER] flg=0x10a00000 cmp=io.appium.settings/.Settings
06-24 16:26:52.871 D/ActivityManager(  657): Skipping intent:flg=0x10804000 cmp=com.android.systemui/.recents.RecentsActivity bnds=[48,928][1032,2296]
06-24 16:26:52.871 D/ActivityManager(  657): Skipping intent:flg=0x18800000 cmp=com.tencent.mm/.plugin.base.stub.WXPayEntryActivity
06-24 16:26:52.871 D/ActivityManager(  657): Skipping intent:flg=0x10800000 cmp=com.huawei.systemmanager/com.huawei.permissionmanager.ui.MainActivity
06-24 16:26:52.871 D/ActivityManager(  657): Skipping intent:flg=0x18800000 cmp=com.tencent.mm/.plugin.base.stub.WXEntryActivity
06-24 16:26:52.871 D/ActivityManager(  657): Skipping intent:act=com.huawei.action.VOICE_ASSISTANT flg=0x10800000 pkg=com.huawei.vassistant cmp=com.huawei.vassistant/.ui.main.VAssistantActivity
06-24 16:26:52.871 D/ActivityManager(  657): Skipping intent:act=com.huawei.android.launcher.action.ACCESS_SPLIT_SCREEN_APP cat=[android.intent.category.DEFAULT] flg=0x10804000 cmp=com.huawei.android.launcher/.splitscreen.SplitScreenAppActivity
06-24 16:26:52.871 D/ActivityManager(  657): Skipping intent:flg=0x10800000 pkg=com.excelliance.dualaid.b64 cmp=com.excelliance.dualaid.b64/com.excelliance.kxqp.sdk.PermissionRequestActivity
06-24 16:26:52.871 D/ActivityManager(  657): Skipping intent:act=android.intent.action.VIEW dat=content://com.excelliance.dualaid.fileProvider/external_storage_root/Download/apk/Multiple_64.apk typ=application/vnd.android.package-archive flg=0x10800001 cmp=com.android.packageinstaller/.InstallStart
06-24 16:26:52.871 D/ActivityManager(  657): Skipping intent:flg=0x10800000 cmp=com.android.systemui/.usb.HwUsbDebuggingActivity
06-24 16:26:52.871 D/ActivityManager(  657): Skipping intent:act=android.deviceinfo.chooser.action.LAUNCH flg=0x10800000 hwFlg=0x100 pkg=com.android.settings cmp=com.android.settings/.deviceinfo.UsbConnModeChooserActivity
06-24 16:26:52.871 D/ActivityManager(  657): Skipping intent:flg=0x10800000 cmp=com.zol.android/.push.KeepLiveActivity
06-24 16:26:52.871 D/ActivityManager(  657): Skipping intent:act=android.intent.action.MAIN cat=[android.intent.category.HOME] flg=0x10800300 cmp=com.android.settings/.FallbackHome
06-24 16:26:52.885 E/WifiHAL (  706): enter wifi_get_link_stats
06-24 16:26:52.890 E/wificond(  765): Failed to get NL80211_STA_INFO_CNAHLOAD
06-24 16:26:52.890 E/WificondControl(  657): Noise: -92, Snr: 0, Chload: -1
06-24 16:26:52.890 D/HwWifiCHRStateManager(  657): handleMessage : 1001
06-24 16:26:52.890 D/HwWifiCHRStateManager(  657): handleUpdateChannel:5805
06-24 16:26:52.890 V/HwWifiServiceFactory(  657): get AllImpl object = com.android.server.wifi.HwWifiServiceFactoryImpl@a390a53
06-24 16:26:52.891 D/WifiScoreReport(  657): Score = 100, wifiConnectivityManagerEnabled = false, lowScoreCount = 0
06-24 16:26:52.926 D/HwFLClassLoader( 2519): USE_FEATURE_LIST had not init! 
06-24 16:26:52.927 I/TrafficMonitor(  657): update:rxPkts:9,txPkts:12,rxBytes:4005,txBytes:1345
06-24 16:26:52.927 I/TrafficMonitor(  657): start expired. level:-1
06-24 16:26:52.927 I/TrafficMonitor(  657): gettimer:interval=2000
06-24 16:26:52.931 E/asset   ( 2519): createFromFile(): lock file /data/resource-cache/system@emui@base@overlay@frameworkhwexthonor@frameworkhwexthonor.apk@idmap.
06-24 16:26:52.931 E/asset   ( 2519): createFromFile(): lock file /data/resource-cache/system@emui@base@overlay@frameworkhwexthonor@frameworkhwexthonor.apk@idmap.
06-24 16:26:52.931 W/ResourceType( 2519): Found multiple library tables, ignoring...
06-24 16:26:52.938 D/HwFLClassLoader( 2519): USE_FEATURE_LIST had not init! 
06-24 16:26:52.941 E/asset   ( 2519): createFromFile(): lock file /data/resource-cache/system@emui@base@overlay@frameworkhwexthonor@frameworkhwexthonor.apk@idmap.
06-24 16:26:52.941 E/asset   ( 2519): createFromFile(): lock file /data/resource-cache/system@emui@base@overlay@frameworkhwexthonor@frameworkhwexthonor.apk@idmap.
06-24 16:26:52.941 W/ResourceType( 2519): Found multiple library tables, ignoring...
06-24 16:26:52.986 D/HwFLClassLoader( 2519): USE_FEATURE_LIST had not init! 
06-24 16:26:53.041 D/HwArpVerifier(  657): getGateWayARPResponses: arp rtt = 12
06-24 16:26:53.041 E/HwCHRWifiRSSIGroupSummery(  657): updatArpSummery mRSSI:-45  HwCHRWifiRSSIGroup [rssi_index=4, rtt_tcp_packets=0, rtt_tcp_duration=0, rtt_lan_duration=1095, rtt_lan_failures=0, rtt_lan_succ=128, rtt_lan_max=14, rtt_lan_min=3,same_area_frequency=0,adjacent_area_frequency=0]
06-24 16:26:53.062 D/HwArpVerifier(  657): There are 1 mac address for gateway 
06-24 16:26:53.062 D/HwArpVerifier(  657): from HEART_CHECK transmit to state:HEART_CHECK
06-24 16:26:53.062 D/HwArpVerifier(  657): msg what=124 arg1(token)=6 arg2(mode)=0 delay=30000
06-24 16:26:53.062 D/HwArpVerifier(  657): performPollAndLog:
06-24 16:26:53.063 D/hw_netstat(  657): total/4041/1674,com.excelliance.dualaid/3929/1096,unknown:0/112/458,com.google.uid.shared:10089/0/120
06-24 16:26:53.270 I/audio_hw_primary(  687): usb_ext_get_parameters: check show hires (false)
06-24 16:26:53.270 I/hash_map_utils(  742): key: 'typec_need_show_hires' value: ''
06-24 16:26:53.270 I/HwAudioService(  657): check HiRes Icon false
06-24 16:26:53.271 W/ActivityManager(  657): Sending non-protected broadcast huawei.intent.action.hideHiResIcon from system uid 1000 pkg null
06-24 16:26:53.271 I/HwAudioService(  657): broadcastHiresIntent : false
06-24 16:26:53.271 W/ActivityManager(  657): Sending non-protected broadcast huawei.intent.action.hideHiResIcon from system uid 1000 pkg null
06-24 16:26:53.272 D/StatusBarIconController( 1513): setIconVisibility icon is null or visibility not change visibility=false
06-24 16:26:53.283 I/HwNormalizedSpline(  657): getEyeProtectionBrightnessLevel lux =239.0, mDefaultBrightnessFromLux =68.645
06-24 16:26:53.298 I/audio_hw_primary(  687): usb_ext_get_parameters: check show hires (false)
06-24 16:26:53.299 I/hash_map_utils(  742): key: 'typec_need_show_hires' value: ''
06-24 16:26:53.299 I/HwAudioService(  657): check HiRes Icon false
06-24 16:26:53.299 W/ActivityManager(  657): Sending non-protected broadcast huawei.intent.action.hideHiResIcon from system uid 1000 pkg null
06-24 16:26:53.300 I/HwAudioService(  657): broadcastHiresIntent : false
06-24 16:26:53.300 W/ActivityManager(  657): Sending non-protected broadcast huawei.intent.action.hideHiResIcon from system uid 1000 pkg null
06-24 16:26:53.302 D/StatusBarIconController( 1513): setIconVisibility icon is null or visibility not change visibility=false
06-24 16:26:53.355 W/OpenGLRenderer( 2519): Incorrectly called buildLayer on View: ShortcutAndWidgetContainer, destroying layer...
06-24 16:26:53.355 W/OpenGLRenderer( 2519): Incorrectly called buildLayer on View: ShortcutAndWidgetContainer, destroying layer...
06-24 16:26:53.357 I/GRALLOC (  679): 	 shrFd=10,fmt=0x1,intFmt=0x200000001,btStrd=4352,size=8486912,pid=679 
06-24 16:26:53.357 I/GRALLOC (  679): 	 yuv=2,w=1080,h=1920,Stride u=0 v=0,offset u=0 v=0 
06-24 16:26:53.357 I/GRALLOC (  679): 	 iova_size=8486912,conUsg=0xb00,proUsg=0xb00,	 strd=1088,[afbc]HdrStrd=1088 PyldStrd=69632 Scrmbl=2,ionhnd = 1 
06-24 16:26:53.374 V/ActivityManager(  657): startProcess: name=com.huawei.android.totemweather:remote app=null knownToBeDead=true thread=null pid=-1
06-24 16:26:53.374 D/PMS1000 (  657): package:com.huawei.android.totemweather, input flags:0, output hwFlags:0
06-24 16:26:53.382 I/ActivityManager(  657): Start proc 24520:com.huawei.android.totemweather:remote/u0a130 for service com.huawei.android.totemweather/com.baidu.location.f
06-24 16:26:53.383 D/PMS10130(  657): package:com.huawei.android.totemweather, input flags:0, output hwFlags:0
06-24 16:26:53.383 I/        (24520): power log dlsym ok
06-24 16:26:53.384 D/TelephonyManager( 2140): getCellLocation calling app is com.huawei.android.totemweather
06-24 16:26:53.385 W/PhoneInterfaceManager( 1715): shouldBlockLocation running ...
06-24 16:26:53.385 I/PhoneInterfaceManager( 1715): shouldBlockLocation  ret:false
06-24 16:26:53.385 I/zygote64(24520): Reinit property: dalvik.vm.checkjni= false
06-24 16:26:53.388 D/WifiPermissionsUtil(  657): Denied: no location permission
06-24 16:26:53.390 W/libc    (  493): Set property "hw.wifi.dns_stat" to "34191,29620,5028,1,52673"
06-24 16:26:53.392 D/ActivityThread(24520): ActivityThread,attachApplication
06-24 16:26:53.392 D/ActivityManager(  657): ActivityManagerService,attachApplication,callingPid = 24520
06-24 16:26:53.397 W//system/bin/hwservicemanager(  416): Cannot open /odm/manifest.xml
06-24 16:26:53.436 W//system/bin/hwservicemanager(  416): Cannot open /odm/manifest.xml
06-24 16:26:53.438 I/GRALLOC (  679): 	 shrFd=10,fmt=0x1,intFmt=0x1,btStrd=256,size=4096,pid=679 
06-24 16:26:53.438 I/GRALLOC (  679): 	 yuv=2,w=16,h=16,Stride u=0 v=0,offset u=0 v=0 
06-24 16:26:53.438 I/GRALLOC (  679): 	 iova_size=4096,conUsg=0x100,proUsg=0x100,	 strd=64,[afbc]HdrStrd=0 PyldStrd=0 Scrmbl=0,ionhnd = 1 
06-24 16:26:53.440 D/HwFLClassLoader(24520): get used feature list :/feature/used-list failed!
06-24 16:26:53.440 D/HwFLClassLoader(24520): USE_FEATURE_LIST had not init! 
06-24 16:26:53.443 W/zygote64(24520): JIT profile information will not be recorded: profile file does not exits.
06-24 16:26:53.451 E/MemoryLeakMonitorManager(24520): MemoryLeakMonitor.jar is not exist!
06-24 16:26:53.452 W/TotemWeather(24520): ServiceAPP: this is baidu locate process,do not need next step
06-24 16:26:53.453 E/Minikin (24520): Could not get cmap table size!
06-24 16:26:53.453 D/PMS10130(  657): package:com.huawei.android.totemweather, input flags:128, output hwFlags:0
06-24 16:26:53.455 D/baidu_location_service(24520): baidu location service start1 ...20171027...24520
06-24 16:26:53.456 D/baidu_location_client( 2140): baidu location connected ...
06-24 16:26:53.458 W/zygote64(24520): Class com.baidu.lbsapi.auth.LBSAuthManager failed lock verification and will run slower.
06-24 16:26:53.458 W/zygote64(24520): Common causes for lock verification issues are non-optimized dex code
06-24 16:26:53.458 W/zygote64(24520): and incorrect proguard optimizations.
06-24 16:26:53.458 I/BaiduApiAuth(24520): BaiduApiAuth SDK Version:1.0.20
06-24 16:26:53.465 I/baidu_location_service(24520): LocationAuthManager Authentication AUTHENTICATE_SUCC
06-24 16:26:53.476 I/LocationManagerService(  657):  PID: 24520 , uid : 10130 , packageName :com.huawei.android.totemweather , allowedResolutionLevel : 2 , permission : true
06-24 16:26:53.476 I/LocationManagerService(  657): requestingHighPowerLocation =false
06-24 16:26:53.476 D/HwLocationManagerService(  657): lbsService mLBSServiceStart:true
06-24 16:26:53.476 I/LocationManagerService(  657): request d0c103e passive Request[POWER_NONE passive fastest=+9s0ms] from com.huawei.android.totemweather(10130)
06-24 16:26:53.477 I/LocationManagerService(  657): applyRequirementsLocked to passive
06-24 16:26:53.477 D/WorkSource(  657): Insert in WorkSource{} @ 0 uid 1000 name android
06-24 16:26:53.477 D/WorkSource(  657): Insert in WorkSource{1000 android} @ 1 uid 10089 name com.google.android.gms
06-24 16:26:53.477 I/LocationManagerService(  657): provider request: passive ProviderRequest[ON interval=0] mCHRFirstReqFlag:true
06-24 16:26:53.477 I/LocationManagerService(  657): network chr update
06-24 16:26:53.462 I/chatty  (  657): uid=1000(system) Binder:657_D identical 1 line
06-24 16:26:53.464 D/PMS10130(  657): package:com.huawei.android.totemweather, input flags:128, output hwFlags:0
06-24 16:26:53.477 D/PMS1000 (  657): package:com.huawei.android.totemweather, input flags:0, output hwFlags:0
06-24 16:26:53.482 I/LocationManagerService(  657): mPackageName=com.huawei.android.totemweather, interval=9000,provider:passive
06-24 16:26:53.482 I/LocationManagerService(  657): requestingHighPowerLocation =false
06-24 16:26:53.482 D/HwGpsPowerTracker(  657): recordRequest AppName:com.huawei.android.totemweather quality:200
06-24 16:26:53.485 D/StubTelephonyRegistry(  657): uid:10130 pid:24520 PhoneStateListener.LISTEN_CELL_LOCATION:16 events:272
06-24 16:26:53.485 D/StubTelephonyRegistry(  657): LISTEN_CELL_LOCATION uid:10130
06-24 16:26:53.482 D/PMS1000 (  657): package:com.huawei.android.totemweather, input flags:0, output hwFlags:0
06-24 16:26:53.489 D/PMS1001 (  657): package:com.huawei.android.totemweather, input flags:0, output hwFlags:0
06-24 16:26:53.490 D/baidu_location_service(24520): baidu location service stop ...
06-24 16:26:53.493 W/zygote64(24520): Class com.baidu.android.bbalbs.common.util.b failed lock verification and will run slower.
06-24 16:26:53.495 D/PMS1000 (  657): package:com.huawei.android.totemweather, input flags:0, output hwFlags:0
06-24 16:26:53.495 W/DeviceId(24520): galaxy lib host missing meta-data,make sure you know the right way to integrate galaxy
06-24 16:26:53.498 D/PMS10130(  657): package:com.huawei.android.totemweather, input flags:0, output hwFlags:0
06-24 16:26:53.495 I/chatty  (24520): uid=10130(u0_a130) identical 1 line
06-24 16:26:53.495 W/DeviceId(24520): galaxy lib host missing meta-data,make sure you know the right way to integrate galaxy
06-24 16:26:53.508 D/TelephonyManager(24520): getAllCellInfo calling app is com.huawei.android.totemweather
06-24 16:26:53.508 W/PhoneInterfaceManager( 1715): shouldBlockLocation running ...
06-24 16:26:53.508 I/PhoneInterfaceManager( 1715): shouldBlockLocation  ret:false
06-24 16:26:53.522 I/LocationManagerService(  657): remove d0c103e
06-24 16:26:53.522 I/LocationManagerService(  657): requestingHighPowerLocation =false
06-24 16:26:53.522 E/HwReportTool(  657): This is not beta user build
06-24 16:26:53.522 D/HwGpsPowerTracker(  657): removeRequest:com.huawei.android.totemweather
06-24 16:26:53.523 I/LocationManagerService(  657): isAllowedByCurrentUserSettingsLocked started: passive
06-24 16:26:53.523 I/LocationManagerService(  657): applyRequirementsLocked to passive
06-24 16:26:53.523 D/WorkSource(  657): Insert in WorkSource{} @ 0 uid 1000 name android
06-24 16:26:53.523 D/WorkSource(  657): Insert in WorkSource{1000 android} @ 1 uid 10089 name com.google.android.gms
06-24 16:26:53.523 I/LocationManagerService(  657): provider request: passive ProviderRequest[ON interval=0] mCHRFirstReqFlag:false
06-24 16:26:53.523 D/DeviceMonitor( 1699): GPS request stop:com.huawei.android.totemweather pid:24520 interval(s): -1 reqId:d0c103e
06-24 16:26:53.524 D/StubTelephonyRegistry(  657): uid:10130 pid:24520 PhoneStateListener.LISTEN_CELL_LOCATION:16 events:0
06-24 16:26:53.525 W/System.err(24520): Cannot load indoor lib
06-24 16:26:53.525 W/System.err(24520): java.lang.UnsatisfiedLinkError: dalvik.system.PathClassLoader[DexPathList[[zip file "/system/framework/com.huawei.theme.stat.jar", zip file "/system/priv-app/HwWeatherClock/HwWeatherClock.apk"],nativeLibraryDirectories=[/system/priv-app/HwWeatherClock/lib/arm64, /system/fake-libs64, /system/priv-app/HwWeatherClock/HwWeatherClock.apk!/lib/arm64-v8a, /system/lib64, /vendor/lib64, /product/lib64, /system/lib64, /vendor/lib64, /product/lib64]]] couldn't find "libindoor.so"
06-24 16:26:53.526 W/System.err(24520): 	at java.lang.Runtime.loadLibrary0(Runtime.java:1011)
06-24 16:26:53.526 W/System.err(24520): 	at java.lang.System.loadLibrary(System.java:1660)
06-24 16:26:53.526 W/System.err(24520): 	at com.baidu.location.indoor.mapversion.IndoorJni.<clinit>(Unknown Source:6)
06-24 16:26:53.526 W/System.err(24520): 	at com.baidu.location.indoor.mapversion.a.b(Unknown Source:6)
06-24 16:26:53.526 W/System.err(24520): 	at com.baidu.location.indoor.o.<init>(Unknown Source:181)
06-24 16:26:53.526 W/System.err(24520): 	at com.baidu.location.indoor.o.<init>(Unknown Source:1)
06-24 16:26:53.526 W/System.err(24520): 	at com.baidu.location.indoor.g.<init>(Unknown Source:214)
06-24 16:26:53.526 W/System.err(24520): 	at com.baidu.location.indoor.g.a(Unknown Source:13)
06-24 16:26:53.526 W/System.err(24520): 	at com.baidu.location.e.a.c(Unknown Source:70)
06-24 16:26:53.526 W/System.err(24520): 	at com.baidu.location.e.a.a(Unknown Source:0)
06-24 16:26:53.526 W/System.err(24520): 	at com.baidu.location.e.a$a.handleMessage(Unknown Source:129)
06-24 16:26:53.526 W/System.err(24520): 	at android.os.Handler.dispatchMessage(Handler.java:108)
06-24 16:26:53.526 W/System.err(24520): 	at android.os.Looper.loop(Looper.java:166)
06-24 16:26:53.526 W/System.err(24520): 	at android.os.HandlerThread.run(HandlerThread.java:65)
06-24 16:26:53.528 W/zygote64(24520): Class com.baidu.location.a.v failed lock verification and will run slower.
06-24 16:26:53.528 D/baidu_location_service(24520): baidu location service has stoped ...
06-24 16:26:53.528 I/Process (24520): Sending signal. PID: 24520 SIG: 9
06-24 16:26:53.566 I/ActivityManager(  657): Process com.huawei.android.totemweather:remote (pid 24520) has died: cch  CEM 
06-24 16:26:53.567 D/ActivityManager(  657): cleanUpApplicationRecord app: ProcessRecord{67db9fd 24520:com.huawei.android.totemweather:remote/u0a130}, app.bad: false, restarting: false, allowRestart: true
06-24 16:26:53.567 W/AwareLog(  657): SchedLevelBoost: onProcessDied config not set!
06-24 16:26:53.567 E/HsmCoreServiceImpl( 1478): onTransact in code is: 102
06-24 16:26:53.567 I/MediaProcessHandler( 1478): processOp opType: 1, uid: 10130, pid: 24520
06-24 16:26:53.568 W/MediaProcessHandler( 1478): remove target not exist, maybe the UI process: uid: 10130, pid: 24520
06-24 16:26:53.568 I/MediaProcessHandler( 1478): executedCallBack opType: 1 mMediaStatusObservers.size=0
06-24 16:26:53.832 I/Pged-IPgedBinderService(  769): ****action is 2, pid num is 6***
06-24 16:26:53.832 I/Pged-Freezer(  769): thawPids
06-24 16:26:53.836 D/PgedBinderAdapter( 1699): unfrz ok, pid: [29457, 29531, 14942, 15544, 24379]
06-24 16:26:53.853 I/appium  (24379): channel read invoked!
06-24 16:26:53.853 I/appium  (24379): channel read: GET /wd/hub/session/12d3f873-0ea4-4775-928a-9964d13dcd6c/source
06-24 16:26:53.863 W/ResourceType( 2519): No known package when getting name for resource number 0x9c010000
06-24 16:26:53.864 W/ResourceType( 2519): No known package when getting name for resource number 0x9c010100
06-24 16:26:53.864 W/ResourceType( 2519): No known package when getting name for resource number 0x9c010200
06-24 16:26:53.864 W/ResourceType( 2519): No known package when getting name for resource number 0x9c010300
06-24 16:26:53.864 W/ResourceType( 2519): No known package when getting name for resource number 0x9c010001
06-24 16:26:53.864 W/ResourceType( 2519): No known package when getting name for resource number 0x9c010101
06-24 16:26:53.864 W/ResourceType( 2519): No known package when getting name for resource number 0x9c010201
06-24 16:26:53.864 W/ResourceType( 2519): No known package when getting name for resource number 0x9c010301
06-24 16:26:53.865 W/ResourceType( 2519): No known package when getting name for resource number 0x9c010002
06-24 16:26:53.865 W/ResourceType( 2519): No known package when getting name for resource number 0x9c010102
06-24 16:26:53.865 W/ResourceType( 2519): No known package when getting name for resource number 0x9c010202
06-24 16:26:53.865 W/ResourceType( 2519): No known package when getting name for resource number 0x9c010302
06-24 16:26:53.866 W/ResourceType( 2519): No known package when getting name for resource number 0x9c010003
06-24 16:26:53.866 W/ResourceType( 2519): No known package when getting name for resource number 0x9c010103
06-24 16:26:53.866 W/ResourceType( 2519): No known package when getting name for resource number 0x9c010203
06-24 16:26:53.866 W/ResourceType( 2519): No known package when getting name for resource number 0x9c010303
06-24 16:26:53.866 W/ResourceType( 2519): No known package when getting name for resource number 0x9c010004
06-24 16:26:53.866 W/ResourceType( 2519): No known package when getting name for resource number 0x9c010104
06-24 16:26:53.867 W/ResourceType( 2519): No known package when getting name for resource number 0x9c010204
06-24 16:26:53.867 W/ResourceType( 2519): No known package when getting name for resource number 0x9c010304
06-24 16:26:53.883 I/zygote64(24379): Do full code cache collection, code=122KB, data=66KB
06-24 16:26:53.884 I/zygote64(24379): After code cache collection, code=89KB, data=41KB
06-24 16:26:53.886 I/appium  (24379): Skipping invisible child: android.view.accessibility.AccessibilityNodeInfo@9418; boundsInParent: Rect(0, 0 - 1080, 1580); boundsInScreen: Rect(0, 0 - -1080, 1532); packageName: com.huawei.android.launcher; className: android.view.ViewGroup; text: null; error: null; maxTextLength: -1; contentDescription: null; viewIdResName: com.huawei.android.launcher:id/workspace_screen; checkable: false; checked: false; focusable: false; focused: false; selected: false; clickable: true; longClickable: true; contextClickable: false; enabled: true; password: false; scrollable: false; importantForAccessibility: true; actions: [AccessibilityAction: ACTION_SELECT - null, AccessibilityAction: ACTION_CLEAR_SELECTION - null, AccessibilityAction: ACTION_CLICK - null, AccessibilityAction: ACTION_LONG_CLICK - null, AccessibilityAction: ACTION_ACCESSIBILITY_FOCUS - null, AccessibilityAction: ACTION_SHOW_ON_SCREEN - null]
06-24 16:26:53.886 I/appium  (24379): Skipping invisible child: android.view.accessibility.AccessibilityNodeInfo@97d9; boundsInParent: Rect(0, 0 - 1080, 1580); boundsInScreen: Rect(0, 0 - 0, 1532); packageName: com.huawei.android.launcher; className: android.view.ViewGroup; text: null; error: null; maxTextLength: -1; contentDescription: null; viewIdResName: com.huawei.android.launcher:id/workspace_screen; checkable: false; checked: false; focusable: false; focused: false; selected: false; clickable: true; longClickable: true; contextClickable: false; enabled: true; password: false; scrollable: false; importantForAccessibility: true; actions: [AccessibilityAction: ACTION_SELECT - null, AccessibilityAction: ACTION_CLEAR_SELECTION - null, AccessibilityAction: ACTION_CLICK - null, AccessibilityAction: ACTION_LONG_CLICK - null, AccessibilityAction: ACTION_ACCESSIBILITY_FOCUS - null, AccessibilityAction: ACTION_SHOW_ON_SCREEN - null]
06-24 16:26:53.889 I/appium  (24379): Skipping invisible child: android.view.accessibility.AccessibilityNodeInfo@14fca; boundsInParent: Rect(0, 0 - 93, 93); boundsInScreen: Rect(495, 0 - 584, 76); packageName: com.huawei.android.launcher; className: android.widget.ImageView; text: null; error: null; maxTextLength: -1; contentDescription: ; viewIdResName: com.huawei.android.launcher:id/default_screen_home_icon; checkable: false; checked: false; focusable: true; focused: false; selected: false; clickable: true; longClickable: false; contextClickable: false; enabled: true; password: false; scrollable: false; importantForAccessibility: true; actions: [AccessibilityAction: ACTION_FOCUS - null, AccessibilityAction: ACTION_SELECT - null, AccessibilityAction: ACTION_CLEAR_SELECTION - null, AccessibilityAction: ACTION_CLICK - null, AccessibilityAction: ACTION_ACCESSIBILITY_FOCUS - null, AccessibilityAction: ACTION_NEXT_AT_MOVEMENT_GRANULARITY - null, AccessibilityAction: ACTION_PREVIOUS_AT_MOVEMENT_GRANULARITY - null, AccessibilityAction: ACTION_SET_SELECTION - null, AccessibilityAction: ACTION_SHOW_ON_SCREEN - null]
06-24 16:26:53.891 I/appium  (24379): Skipping invisible child: android.view.accessibility.AccessibilityNodeInfo@1538b; boundsInParent: Rect(0, 0 - 93, 93); boundsInScreen: Rect(493, 0 - 586, 78); packageName: com.huawei.android.launcher; className: android.widget.ImageView; text: null; error: null; maxTextLength: -1; contentDescription: ; viewIdResName: com.huawei.android.launcher:id/default_screen_home_icon_bg; checkable: false; checked: false; focusable: true; focused: false; selected: false; clickable: true; longClickable: false; contextClickable: false; enabled: true; password: false; scrollable: false; importantForAccessibility: true; actions: [AccessibilityAction: ACTION_FOCUS - null, AccessibilityAction: ACTION_SELECT - null, AccessibilityAction: ACTION_CLEAR_SELECTION - null, AccessibilityAction: ACTION_CLICK - null, AccessibilityAction: ACTION_ACCESSIBILITY_FOCUS - null, AccessibilityAction: ACTION_NEXT_AT_MOVEMENT_GRANULARITY - null, AccessibilityAction: ACTION_PREVIOUS_AT_MOVEMENT_GRANULARITY - null, AccessibilityAction: ACTION_SET_SELECTION - null, AccessibilityAction: ACTION_SHOW_ON_SCREEN - null]
06-24 16:26:53.892 W/ResourceType( 2519): No known package when getting name for resource number 0x9c030000
06-24 16:26:53.897 W/ResourceType( 2519): No known package when getting name for resource number 0x9c030100
06-24 16:26:53.901 W/ResourceType( 2519): No known package when getting name for resource number 0x9c030200
06-24 16:26:53.903 W/ResourceType( 2519): No known package when getting name for resource number 0x9c030300
06-24 16:26:53.905 W/ResourceType( 2519): No known package when getting name for resource number 0x9c030001
06-24 16:26:53.907 W/ResourceType( 2519): No known package when getting name for resource number 0x9c030101
06-24 16:26:53.912 W/ResourceType( 2519): No known package when getting name for resource number 0x9c030201
06-24 16:26:53.917 W/ResourceType( 2519): No known package when getting name for resource number 0x9c030301
06-24 16:26:53.922 W/ResourceType( 2519): No known package when getting name for resource number 0x9c030002
06-24 16:26:53.924 I/TrafficMonitor(  657): expired arrive. level:-1
06-24 16:26:53.924 I/TrafficMonitor(  657): during_ms:2001,period_ms:2000
06-24 16:26:53.924 I/TrafficMonitor(  657): count:348,rx_sum:9,tx_sum:12,rxBytes:4005,during_ms:2001,rx_speed:2001.4992503748126,tx_speed:672.1639180409795,rto:0.75
06-24 16:26:53.924 D/HuaweiWifiWatchdogStateMachine(  657): speed: rxpkt:9, rxSpd:2001B/s, txpkt:12, txSpd:672
06-24 16:26:53.927 W/ResourceType( 2519): No known package when getting name for resource number 0x9c030102
06-24 16:26:53.932 W/ResourceType( 2519): No known package when getting name for resource number 0x9c030202
06-24 16:26:53.936 W/ResourceType( 2519): No known package when getting name for resource number 0x9c030302
06-24 16:26:53.941 W/ResourceType( 2519): No known package when getting name for resource number 0x9c030003
06-24 16:26:53.944 W/ResourceType( 2519): No known package when getting name for resource number 0x9c030103
06-24 16:26:53.946 W/ResourceType( 2519): No known package when getting name for resource number 0x9c030203
06-24 16:26:53.948 W/ResourceType( 2519): No known package when getting name for resource number 0x9c030303
06-24 16:26:53.951 W/ResourceType( 2519): No known package when getting name for resource number 0x9c030004
06-24 16:26:53.953 W/ResourceType( 2519): No known package when getting name for resource number 0x9c030104
06-24 16:26:53.956 W/ResourceType( 2519): No known package when getting name for resource number 0x9c030204
06-24 16:26:53.958 I/appium  (24379): Skipping invisible child: android.view.accessibility.AccessibilityNodeInfo@9f5b; boundsInParent: Rect(0, 0 - 1080, 1580); boundsInScreen: Rect(1080, 0 - 1080, 1532); packageName: com.huawei.android.launcher; className: android.view.ViewGroup; text: null; error: null; maxTextLength: -1; contentDescription: null; viewIdResName: com.huawei.android.launcher:id/workspace_screen; checkable: false; checked: false; focusable: false; focused: false; selected: false; clickable: true; longClickable: true; contextClickable: false; enabled: true; password: false; scrollable: false; importantForAccessibility: true; actions: [AccessibilityAction: ACTION_SELECT - null, AccessibilityAction: ACTION_CLEAR_SELECTION - null, AccessibilityAction: ACTION_CLICK - null, AccessibilityAction: ACTION_LONG_CLICK - null, AccessibilityAction: ACTION_ACCESSIBILITY_FOCUS - null, AccessibilityAction: ACTION_SHOW_ON_SCREEN - null]
06-24 16:26:53.960 W/ResourceType( 2519): No known package when getting name for resource number 0x9b000000
06-24 16:26:53.961 W/ResourceType( 2519): No known package when getting name for resource number 0x9b010100
06-24 16:26:53.961 W/ResourceType( 2519): No known package when getting name for resource number 0x9b020200
06-24 16:26:53.961 W/ResourceType( 2519): No known package when getting name for resource number 0x9b030300
06-24 16:26:53.961 W/ResourceType( 2519): No known package when getting name for resource number 0x9b040400
06-24 16:26:53.969 I/appium  (24379): Fetch time: 88ms
06-24 16:26:54.067 I/audio_hw_primary(  687): usb_ext_get_parameters: check show hires (false)
06-24 16:26:54.068 I/hash_map_utils(  742): key: 'typec_need_show_hires' value: ''
06-24 16:26:54.069 I/HwAudioService(  657): check HiRes Icon false
06-24 16:26:54.070 W/ActivityManager(  657): Sending non-protected broadcast huawei.intent.action.hideHiResIcon from system uid 1000 pkg null
06-24 16:26:54.070 I/HwAudioService(  657): broadcastHiresIntent : false
06-24 16:26:54.070 W/ActivityManager(  657): Sending non-protected broadcast huawei.intent.action.hideHiResIcon from system uid 1000 pkg null
06-24 16:26:54.071 D/StatusBarIconController( 1513): setIconVisibility icon is null or visibility not change visibility=false
06-24 16:26:54.112 I/zygote64(24379): Do partial code cache collection, code=123KB, data=62KB
06-24 16:26:54.112 I/zygote64(24379): After code cache collection, code=123KB, data=62KB
06-24 16:26:54.112 I/zygote64(24379): Increasing code cache capacity to 512KB
06-24 16:26:54.131 I/appium  (24379): AppiumResponse: {"sessionId":"12d3f873-0ea4-4775-928a-9964d13dcd6c","status":0,"value":"<?xml version=\"1.0\" encoding=\"UTF-8\"?><hierarchy rotation=\"0\"><android.widget.FrameLayout index=\"0\" text=\"\" class=\"android.widget.FrameLayout\" package=\"com.huawei.android.launcher\" content-desc=\"\" checkable=\"false\" checked=\"false\" clickable=\"false\" enabled=\"true\" focusable=\"false\" focused=\"false\" scrollable=\"false\" long-clickable=\"false\" password=\"false\" selected=\"false\" bounds=\"[0,0][1080,1920]\" resource-id=\"\" instance=\"0\"><android.widget.LinearLayout index=\"0\" text=\"\" class=\"android.widget.LinearLayout\" package=\"com.huawei.android.launcher\" content-desc=\"\" checkable=\"false\" checked=\"false\" clickable=\"false\" enabled=\"true\" focusable=\"false\" focused=\"false\" scrollable=\"false\" long-clickable=\"false\" password=\"false\" selected=\"false\" bounds=\"[0,0][1080,1920]\" resource-id=\"\" instance=\"0\"><android.widget.FrameLayout index=\"0\" text=\"\" class=\"android.widget.FrameLayout\" package=\"com.huawei.android.launcher\" content-desc=\"\" checkable=\"false\" checked=\"false\" clickable=\"false\" enabled=\"true\" focusable=\"false\" focused=\"false\" scrollable=\"false\" long-clickable=\"false\" password=\"false\" selected=\"false\" bounds=\"[0,0][1080,1920]\" resource-id=\"android:id\/content\" instance=\"1\"><android.widget.FrameLayout index=\"0\" text=\"\" class=\"android.widget.FrameLayout\" package=\"com.huawei.android.launcher\" content-desc=\"\" checkable=\"false\" checked=\"false\" clickable=\"false\" enabled=\"true\" focusable=\"false\" focused=\"false\" scrollable=\"false\" long-clickable=\"false\" password=\"false\" selected=\"false\" bounds=\"[0,0][1080,1920]\" resource-id=\"com.huawei.android.launcher:id\/drag_layer\" instance=\"2\"><android.view.ViewGroup index=\"0\" text=\"\" class=\"android.view.ViewGroup\" package=\"com.huawei.android.launcher\" content-desc=\" 3  4 \" checkable=\"false\" checked=\"false\" clickable=\"false\" enabled=\"true\" focusable=\"false\" focused=\"false\" scrollable=\"true\" long-clickable=\"false\" password=\"false\" selected=\"false\" bounds=\"[0,0][1080,1920]\" resource-id=\"com.huawei.android.launcher:id\/workspace\" instance=\"0\"><android.view.ViewGroup index=\"2\" text=\"\" class=\"android.view.ViewGroup\" package=\"com.huawei.android.launcher\" content-desc=\"\" checkable=\"false\" checked=\"false\" clickable=\"true\" enabled=\"true\" focusable=\"false\" focused=\"false\" scrollable=\"false\" long-clickable=\"true\" password=\"false\" selected=\"false\" bounds=\"[0,0][1080,1532]\" resource-id=\"com.huawei.android.launcher:id\/workspace_screen\" instance=\"1\"><android.widget.FrameLayout index=\"0\" text=\"\" class=\"android.widget.FrameLayout\" package=\"com.huawei.android.launcher\" content-desc=\"\" checkable=\"false\" checked=\"false\" clickable=\"false\" enabled=\"true\" focusable=\"false\" focused=\"false\" scrollable=\"false\" long-clickable=\"false\" password=\"false\" selected=\"false\" bounds=\"[12,0][1068,1514]\" resource-id=\"\" instance=\"3\"\/><android.view.ViewGroup index=\"1\" text=\"\" class=\"android.view.ViewGroup\" package=\"com.huawei.android.launcher\" content-desc=\"\" checkable=\"false\" checked=\"false\" clickable=\"false\" enabled=\"true\" focusable=\"false\" focused=\"false\" scrollable=\"false\" long-clickable=\"false\" password=\"false\" selected=\"false\" bounds=\"[12,0][1068,1514]\" resource-id=\"\" instance=\"2\"><android.widget.TextView index=\"0\" text=\"iTest\" class=\"android.widget.TextView\" package=\"com.huawei.android.launcher\" content-desc=\"\" checkable=\"false\" checked=\"false\" clickable=\"true\" enabled=\"true\" focusable=\"true\" focused=\"false\" scrollable=\"false\" long-clickable=\"true\" password=\"false\" selected=\"false\" bounds=\"[12,84][276,370]\" resource-id=\"\" instance=\"0\"\/><android.widget.TextView index=\"1\" text=\"WhatsApp\" class=\"android.widget.TextView\" package=\"com.huawei.android.launcher\" content-
06-24 16:26:54.170 I/appium  (24379): channel read invoked!
06-24 16:26:54.171 I/appium  (24379): channel read: GET /wd/hub/session/12d3f873-0ea4-4775-928a-9964d13dcd6c/source
06-24 16:26:54.175 W/ResourceType( 2519): No known package when getting name for resource number 0x9c010000
06-24 16:26:54.176 W/ResourceType( 2519): No known package when getting name for resource number 0x9c010100
06-24 16:26:54.176 W/ResourceType( 2519): No known package when getting name for resource number 0x9c010200
06-24 16:26:54.176 W/ResourceType( 2519): No known package when getting name for resource number 0x9c010300
06-24 16:26:54.176 W/ResourceType( 2519): No known package when getting name for resource number 0x9c010001
06-24 16:26:54.176 W/ResourceType( 2519): No known package when getting name for resource number 0x9c010101
06-24 16:26:54.176 W/ResourceType( 2519): No known package when getting name for resource number 0x9c010201
06-24 16:26:54.176 W/ResourceType( 2519): No known package when getting name for resource number 0x9c010301
06-24 16:26:54.177 W/ResourceType( 2519): No known package when getting name for resource number 0x9c010002
06-24 16:26:54.177 W/ResourceType( 2519): No known package when getting name for resource number 0x9c010102
06-24 16:26:54.177 W/ResourceType( 2519): No known package when getting name for resource number 0x9c010202
06-24 16:26:54.177 W/ResourceType( 2519): No known package when getting name for resource number 0x9c010302
06-24 16:26:54.177 W/ResourceType( 2519): No known package when getting name for resource number 0x9c010003
06-24 16:26:54.178 W/ResourceType( 2519): No known package when getting name for resource number 0x9c010103
06-24 16:26:54.178 W/ResourceType( 2519): No known package when getting name for resource number 0x9c010203
06-24 16:26:54.178 W/ResourceType( 2519): No known package when getting name for resource number 0x9c010303
06-24 16:26:54.178 W/ResourceType( 2519): No known package when getting name for resource number 0x9c010004
06-24 16:26:54.179 W/ResourceType( 2519): No known package when getting name for resource number 0x9c010104
06-24 16:26:54.179 W/ResourceType( 2519): No known package when getting name for resource number 0x9c010204
06-24 16:26:54.179 W/ResourceType( 2519): No known package when getting name for resource number 0x9c010304
06-24 16:26:54.199 I/appium  (24379): Skipping invisible child: android.view.accessibility.AccessibilityNodeInfo@9418; boundsInParent: Rect(0, 0 - 1080, 1580); boundsInScreen: Rect(0, 0 - -1080, 1532); packageName: com.huawei.android.launcher; className: android.view.ViewGroup; text: null; error: null; maxTextLength: -1; contentDescription: null; viewIdResName: com.huawei.android.launcher:id/workspace_screen; checkable: false; checked: false; focusable: false; focused: false; selected: false; clickable: true; longClickable: true; contextClickable: false; enabled: true; password: false; scrollable: false; importantForAccessibility: true; actions: [AccessibilityAction: ACTION_SELECT - null, AccessibilityAction: ACTION_CLEAR_SELECTION - null, AccessibilityAction: ACTION_CLICK - null, AccessibilityAction: ACTION_LONG_CLICK - null, AccessibilityAction: ACTION_ACCESSIBILITY_FOCUS - null, AccessibilityAction: ACTION_SHOW_ON_SCREEN - null]
06-24 16:26:54.200 I/appium  (24379): Skipping invisible child: android.view.accessibility.AccessibilityNodeInfo@97d9; boundsInParent: Rect(0, 0 - 1080, 1580); boundsInScreen: Rect(0, 0 - 0, 1532); packageName: com.huawei.android.launcher; className: android.view.ViewGroup; text: null; error: null; maxTextLength: -1; contentDescription: null; viewIdResName: com.huawei.android.launcher:id/workspace_screen; checkable: false; checked: false; focusable: false; focused: false; selected: false; clickable: true; longClickable: true; contextClickable: false; enabled: true; password: false; scrollable: false; importantForAccessibility: true; actions: [AccessibilityAction: ACTION_SELECT - null, AccessibilityAction: ACTION_CLEAR_SELECTION - null, AccessibilityAction: ACTION_CLICK - null, AccessibilityAction: ACTION_LONG_CLICK - null, AccessibilityAction: ACTION_ACCESSIBILITY_FOCUS - null, AccessibilityAction: ACTION_SHOW_ON_SCREEN - null]
06-24 16:26:54.202 I/appium  (24379): Skipping invisible child: android.view.accessibility.AccessibilityNodeInfo@14fca; boundsInParent: Rect(0, 0 - 93, 93); boundsInScreen: Rect(495, 0 - 584, 76); packageName: com.huawei.android.launcher; className: android.widget.ImageView; text: null; error: null; maxTextLength: -1; contentDescription: ; viewIdResName: com.huawei.android.launcher:id/default_screen_home_icon; checkable: false; checked: false; focusable: true; focused: false; selected: false; clickable: true; longClickable: false; contextClickable: false; enabled: true; password: false; scrollable: false; importantForAccessibility: true; actions: [AccessibilityAction: ACTION_FOCUS - null, AccessibilityAction: ACTION_SELECT - null, AccessibilityAction: ACTION_CLEAR_SELECTION - null, AccessibilityAction: ACTION_CLICK - null, AccessibilityAction: ACTION_ACCESSIBILITY_FOCUS - null, AccessibilityAction: ACTION_NEXT_AT_MOVEMENT_GRANULARITY - null, AccessibilityAction: ACTION_PREVIOUS_AT_MOVEMENT_GRANULARITY - null, AccessibilityAction: ACTION_SET_SELECTION - null, AccessibilityAction: ACTION_SHOW_ON_SCREEN - null]
06-24 16:26:54.204 I/appium  (24379): Skipping invisible child: android.view.accessibility.AccessibilityNodeInfo@1538b; boundsInParent: Rect(0, 0 - 93, 93); boundsInScreen: Rect(493, 0 - 586, 78); packageName: com.huawei.android.launcher; className: android.widget.ImageView; text: null; error: null; maxTextLength: -1; contentDescription: ; viewIdResName: com.huawei.android.launcher:id/default_screen_home_icon_bg; checkable: false; checked: false; focusable: true; focused: false; selected: false; clickable: true; longClickable: false; contextClickable: false; enabled: true; password: false; scrollable: false; importantForAccessibility: true; actions: [AccessibilityAction: ACTION_FOCUS - null, AccessibilityAction: ACTION_SELECT - null, AccessibilityAction: ACTION_CLEAR_SELECTION - null, AccessibilityAction: ACTION_CLICK - null, AccessibilityAction: ACTION_ACCESSIBILITY_FOCUS - null, AccessibilityAction: ACTION_NEXT_AT_MOVEMENT_GRANULARITY - null, AccessibilityAction: ACTION_PREVIOUS_AT_MOVEMENT_GRANULARITY - null, AccessibilityAction: ACTION_SET_SELECTION - null, AccessibilityAction: ACTION_SHOW_ON_SCREEN - null]
06-24 16:26:54.204 W/ResourceType( 2519): No known package when getting name for resource number 0x9c030000
06-24 16:26:54.206 W/ResourceType( 2519): No known package when getting name for resource number 0x9c030100
06-24 16:26:54.208 W/ResourceType( 2519): No known package when getting name for resource number 0x9c030200
06-24 16:26:54.210 W/ResourceType( 2519): No known package when getting name for resource number 0x9c030300
