06-24 16:41:07.058 V/WindowManager(  657): findFocusedWindow: AppWindowToken{b2c39e7 token=Token{8008ba6 ActivityRecord{3d62101 u0 com.excelliance.dualaid/com.excelliance.kxqp.swipe.NavActivity2 t16062}}} below Reached focused app=AppWindowToken{c461669 token=Token{a91e0f0 ActivityRecord{ef1b533 u0 com.excelliance.dualaid/com.excelliance.kxqp.ui.HelloActivity t16062}}}
06-24 16:41:07.059 D/PMS11423(  657): package:com.excelliance.dualaid, input flags:128, output hwFlags:0
06-24 16:41:07.059 D/PMS11423(  657): package:com.excelliance.dualaid, input flags:128, output hwFlags:0
06-24 16:41:07.061 V/WindowManager(  657): Checking 1 opening apps (frozen=false timeout=false)...
06-24 16:41:07.061 V/WindowManager(  657): Check opening app=AppWindowToken{c461669 token=Token{a91e0f0 ActivityRecord{ef1b533 u0 com.excelliance.dualaid/com.excelliance.kxqp.ui.HelloActivity t16062}}}: allDrawn=false startingDisplayed=false startingMoved=false isRelaunching()=false
06-24 16:41:07.063 D/PMS11423(  657): package:com.excelliance.dualaid, input flags:128, output hwFlags:0
06-24 16:41:07.065 D/HwCust  ( 8945): Create obj success use class android.app.HwCustActivityImpl
06-24 16:41:07.065 D/HwCust  ( 8945): Create obj success use class android.app.HwCustHwWallpaperManagerImpl
06-24 16:41:07.064 D/PMS11423(  657): package:com.excelliance.dualaid, input flags:128, output hwFlags:0
06-24 16:41:07.066 V/ActivityThread( 8945): ActivityThread,callActivityOnCreate
06-24 16:41:07.066 D/HelloActivity( 8945): Memory:25140M
06-24 16:41:07.068 D/HelloActivity( 8945): onCreate: true
06-24 16:41:07.069 D/HelloActivity( 8945): mIsNav = true
06-24 16:41:07.074 D/PMS11423(  657): package:com.excelliance.dualaid, input flags:128, output hwFlags:0
06-24 16:41:07.075 D/HelloActivity( 8945): requestShowOneKeyLoginConfig: 
06-24 16:41:07.075 D/PMS11423(  657): package:com.excelliance.dualaid, input flags:128, output hwFlags:0
06-24 16:41:07.076 D/GameUtilBuild( 8945): getCompVersion e:java.lang.NullPointerException: Attempt to invoke virtual method 'android.content.pm.PackageManager android.content.Context.getPackageManager()' on a null object reference
06-24 16:41:07.076 D/PMS11423(  657): package:com.excelliance.dualaid, input flags:0, output hwFlags:0
06-24 16:41:07.080 D/PMS11423(  657): package:com.excelliance.dualaid, input flags:128, output hwFlags:0
06-24 16:41:07.081 D/PMS11423(  657): package:com.excelliance.dualaid, input flags:128, output hwFlags:0
06-24 16:41:07.082 D/PMS1000 (  657): package:com.excelliance.dualaid, input flags:8192, output hwFlags:0
06-24 16:41:07.084 D/PMS1001 (  657): package:com.excelliance.dualaid, input flags:0, output hwFlags:0
06-24 16:41:07.088 D/PMS11423(  657): package:com.excelliance.dualaid, input flags:128, output hwFlags:0
06-24 16:41:07.089 D/PMS11423(  657): package:com.excelliance.dualaid, input flags:128, output hwFlags:0
06-24 16:41:07.090 D/PMS11423(  657): package:com.excelliance.dualaid, input flags:128, output hwFlags:0
06-24 16:41:07.092 D/CubicBezierInterpolator( 8945): CubicBezierInterpolator  mControlPoint1x = 0.23, mControlPoint1y = 0.06, mControlPoint2x = 0.09, mControlPoint2y = 0.97
06-24 16:41:07.093 D/CubicBezierInterpolator( 8945): CubicBezierInterpolator  mControlPoint1x = 0.6, mControlPoint1y = 0.9, mControlPoint2x = 0.8, mControlPoint2y = 1.0
06-24 16:41:07.093 D/CubicBezierInterpolator( 8945): CubicBezierInterpolator  mControlPoint1x = 0.23, mControlPoint1y = 0.06, mControlPoint2x = 0.09, mControlPoint2y = 0.97
06-24 16:41:07.093 D/CubicBezierInterpolator( 8945): CubicBezierInterpolator  mControlPoint1x = 0.6, mControlPoint1y = 0.9, mControlPoint2x = 0.8, mControlPoint2y = 1.0
06-24 16:41:07.094 D/HwWechatOptimizeImpl( 8945): mIsEffect:false
06-24 16:41:07.099 D/HwRTBlurUtils( 8945): check blur style for HwPhoneWindow-, themeResId : 0x7f0e001c, context : com.excelliance.kxqp.ui.HelloActivity@c4029d0, Nhwext : 0, get Blur : disable with , null
06-24 16:41:07.100 V/HelloActivity( 8945): start add appType：0
06-24 16:41:07.101 D/PMS11423(  657): package:com.tencent.mm, input flags:0, output hwFlags:0
06-24 16:41:07.102 D/PMS11423(  657): package:com.excelliance.dualaid, input flags:128, output hwFlags:0
06-24 16:41:07.104 V/InitialData( 8977): capitalize:Hi6250_launch
06-24 16:41:07.104 V/GameUtil( 8977): getCurrentVersionByKey : hi6250_launch	current_hi6250_launch_version	Hi6250_launchVersion
06-24 16:41:07.105 V/GameUtil( 8977): saveVersionToFileByKey  xml_key :hi6250_launch  result:-1
06-24 16:41:07.108 V/GameUtil( 8977): getCurrentVersionByKey  hi6250_launch:-1
06-24 16:41:07.109 V/AddGameData( 8977): _applist:hi6250
06-24 16:41:07.109 V/InitialData( 8977): capitalize:Hi6250_applist
06-24 16:41:07.109 V/GameUtil( 8977): getCurrentVersionByKey : hi6250_applist	current_hi6250_applist_version	Hi6250_applistVersion
06-24 16:41:07.110 D/PMS11423(  657): package:com.excelliance.dualaid, input flags:128, output hwFlags:0
06-24 16:41:07.110 V/GameUtil( 8977): saveVersionToFileByKey  xml_key :hi6250_applist  result:-1
06-24 16:41:07.111 E/HwResourcesImpl( 8945): readDefaultConfig : FileNotFoundException
06-24 16:41:07.113 V/GameUtil( 8977): getCurrentVersionByKey  hi6250_applist:-1
06-24 16:41:07.113 V/InitialData( 8977): capitalize:Hi6250_notification
06-24 16:41:07.113 V/GameUtil( 8977): getCurrentVersionByKey : hi6250_notification	current_hi6250_notification_version	Hi6250_notificationVersion
06-24 16:41:07.113 D/PMS11423(  657): package:com.excelliance.dualaid, input flags:128, output hwFlags:0
06-24 16:41:07.114 V/GameUtil( 8977): saveVersionToFileByKey  xml_key :hi6250_notification  result:-1
06-24 16:41:07.115 I/HwCust  ( 8945): Constructor found for class android.content.res.HwCustHwResourcesImpl
06-24 16:41:07.115 D/HwCust  ( 8945): Create obj success use class android.content.res.HwCustHwResourcesImpl
06-24 16:41:07.116 V/GameUtil( 8977): getCurrentVersionByKey  hi6250_notification:-1
06-24 16:41:07.119 V/VersionManager( 8977): ver source:{"hi6250_launch":"0","hi6250_applist":"0","hi6250_notification":"0"}
06-24 16:41:07.119 V/VersionManager( 8977): ver :eyJoaTYyNTBfbGF1bmNoIjoiMCIsImhpNjI1MF9hcHBsaXN0IjoiMCIsImhpNjI1MF9ub3RpZmlj%0AYXRpb24iOiIwIn0%3D%0A
06-24 16:41:07.123 V/UrlUtil ( 8977): https://mto.multiopen.cn/dynamicphoneres.php?sdkver=2009&apkver=466&vn=4.0.6&compver=54302&mainver=231200&ver=eyJoaTYyNTBfbGF1bmNoIjoiMCIsImhpNjI1MF9hcHBsaXN0IjoiMCIsImhpNjI1MF9ub3RpZmlj%0AYXRpb24iOiIwIn0%3D%0A&chid=10019&subchid=1&type=20&uflag=2&pkg=com.excelliance.dualaid&api=26&release=8.0.0&abi=armeabi-v7a&abi2=armeabi&abilist=arm64-v8a%2Carmeabi-v7a%2Carmeabi&abilist32=armeabi-v7a%2Carmeabi&abilist64=arm64-v8a&brand=HONOR&manufacturer=HUAWEI&model=STF-AL10&product=STF-AL10&issl=1&sign=30820271308201daa0030201020204520332c2300d06092a864886f70d0101050500307c310b300906035504061302434e3111300f060355040813085368616e
06-24 16:41:07.124 D/VersionManager( 8977): httpsRequest getURL = https://mto.multiopen.cn/dynamicphoneres.php?sdkver=2009&apkver=466&vn=4.0.6&compver=54302&mainver=231200&ver=eyJoaTYyNTBfbGF1bmNoIjoiMCIsImhpNjI1MF9hcHBsaXN0IjoiMCIsImhpNjI1MF9ub3RpZmlj%0AYXRpb24iOiIwIn0%3D%0A&chid=10019&subchid=1&type=20&uflag=2&pkg=com.excelliance.dualaid&api=26&release=8.0.0&abi=armeabi-v7a&abi2=armeabi&abilist=arm64-v8a%2Carmeabi-v7a%2Carmeabi&abilist32=armeabi-v7a%2Carmeabi&abilist64=arm64-v8a&brand=HONOR&manufacturer=HUAWEI&model=STF-AL10&product=STF-AL10&issl=1&sign=30820271308201daa0030201020204520332c2300d06092a864886f70d0101050500307c310b300906035504061302434e3111300f060355040813085368616e
06-24 16:41:07.128 I/zygote  ( 8945): Do partial code cache collection, code=62KB, data=47KB
06-24 16:41:07.128 I/zygote  ( 8945): After code cache collection, code=62KB, data=47KB
06-24 16:41:07.128 I/zygote  ( 8945): Increasing code cache capacity to 256KB
06-24 16:41:07.129 W/X509TrustManager( 8945): checkServerTrusted: SignatureException:null
06-24 16:41:07.130 W/X509TrustManager( 8945): checkServerTrusted: SignatureException:error:04000073:RSA routines:OPENSSL_internal:DATA_TOO_LARGE_FOR_MODULUS
06-24 16:41:07.131 D/PMS11423(  657): package:com.tencent.mm, input flags:0, output hwFlags:0
06-24 16:41:07.132 D/PMS11423(  657): package:com.tencent.mobileqq, input flags:0, output hwFlags:0
06-24 16:41:07.135 E/WifiHAL (  706): enter wifi_get_link_stats
06-24 16:41:07.139 E/wificond(  765): Failed to get NL80211_STA_INFO_CNAHLOAD
06-24 16:41:07.140 E/WificondControl(  657): Noise: -92, Snr: 0, Chload: -1
06-24 16:41:07.140 D/HwWifiCHRStateManager(  657): handleMessage : 1001
06-24 16:41:07.140 D/HwWifiCHRStateManager(  657): handleUpdateChannel:5805
06-24 16:41:07.140 V/HwWifiServiceFactory(  657): get AllImpl object = com.android.server.wifi.HwWifiServiceFactoryImpl@a390a53
06-24 16:41:07.140 D/WifiScoreReport(  657): Score = 100, wifiConnectivityManagerEnabled = false, lowScoreCount = 0
06-24 16:41:07.148 D/PMS11423(  657): package:com.tencent.mobileqq, input flags:0, output hwFlags:0
06-24 16:41:07.149 D/PMS11423(  657): package:com.ifreetalk.ftalk, input flags:0, output hwFlags:0
06-24 16:41:07.160 D/HwRecentsLockUtils( 1513): Search
06-24 16:41:07.160 E/HsmCoreServiceImpl( 1478): onTransact in code is: 103
06-24 16:41:07.160 I/MediaProcessHandler( 1478): playingUids: 
06-24 16:41:07.161 D/ActivityManager(  657): Skipping, home or recents stack task: TaskRecord{333215f #15658 A=com.huawei.android.launcher U=0 StackId=0 sz=1}
06-24 16:41:07.161 D/ActivityManager(  657): Skipping intent:act=android.intent.action.MAIN cat=[android.intent.category.LAUNCHER] flg=0x10a00000 cmp=io.appium.settings/.Settings
06-24 16:41:07.161 D/ActivityManager(  657): Skipping intent:flg=0x10804000 cmp=com.android.systemui/.recents.RecentsActivity bnds=[48,928][1032,2296]
06-24 16:41:07.161 D/ActivityManager(  657): Skipping intent:flg=0x18800000 cmp=com.tencent.mm/.plugin.base.stub.WXPayEntryActivity
06-24 16:41:07.161 D/ActivityManager(  657): Skipping intent:flg=0x10800000 cmp=com.huawei.systemmanager/com.huawei.permissionmanager.ui.MainActivity
06-24 16:41:07.161 D/ActivityManager(  657): Skipping intent:flg=0x18800000 cmp=com.tencent.mm/.plugin.base.stub.WXEntryActivity
06-24 16:41:07.161 D/ActivityManager(  657): Skipping intent:act=com.huawei.action.VOICE_ASSISTANT flg=0x10800000 pkg=com.huawei.vassistant cmp=com.huawei.vassistant/.ui.main.VAssistantActivity
06-24 16:41:07.161 D/ActivityManager(  657): Skipping intent:act=com.huawei.android.launcher.action.ACCESS_SPLIT_SCREEN_APP cat=[android.intent.category.DEFAULT] flg=0x10804000 cmp=com.huawei.android.launcher/.splitscreen.SplitScreenAppActivity
06-24 16:41:07.161 D/ActivityManager(  657): Skipping intent:flg=0x10800000 pkg=com.excelliance.dualaid.b64 cmp=com.excelliance.dualaid.b64/com.excelliance.kxqp.sdk.PermissionRequestActivity
06-24 16:41:07.161 D/ActivityManager(  657): Skipping intent:act=android.intent.action.VIEW dat=content://com.excelliance.dualaid.fileProvider/external_storage_root/Download/apk/Multiple_64.apk typ=application/vnd.android.package-archive flg=0x10800001 cmp=com.android.packageinstaller/.InstallStart
06-24 16:41:07.161 D/ActivityManager(  657): Skipping intent:flg=0x10800000 cmp=com.android.systemui/.usb.HwUsbDebuggingActivity
06-24 16:41:07.161 D/ActivityManager(  657): Skipping intent:act=android.deviceinfo.chooser.action.LAUNCH flg=0x10800000 hwFlg=0x100 pkg=com.android.settings cmp=com.android.settings/.deviceinfo.UsbConnModeChooserActivity
06-24 16:41:07.161 D/ActivityManager(  657): Skipping intent:flg=0x10800000 cmp=com.zol.android/.push.KeepLiveActivity
06-24 16:41:07.161 D/ActivityManager(  657): Skipping intent:act=android.intent.action.MAIN cat=[android.intent.category.HOME] flg=0x10800300 cmp=com.android.settings/.FallbackHome
06-24 16:41:07.165 D/PMS11423(  657): package:com.ifreetalk.ftalk, input flags:0, output hwFlags:0
06-24 16:41:07.166 V/HelloActivity( 8945): end add appType：0
06-24 16:41:07.172 W/X509TrustManager( 8977): checkServerTrusted: SignatureException:null
06-24 16:41:07.172 W/X509TrustManager( 8977): checkServerTrusted: SignatureException:error:04000073:RSA routines:OPENSSL_internal:DATA_TOO_LARGE_FOR_MODULUS
06-24 16:41:07.183 D/ActivityThread( 8945): add activity client record, r= ActivityRecord{2c2a792 token=android.os.BinderProxy@f7a1593 {com.excelliance.dualaid/com.excelliance.kxqp.ui.HelloActivity}} token= android.os.BinderProxy@f7a1593
06-24 16:41:07.183 D/HelloActivity( 8945): onSuccess: respone:{"code":1,"message":"success","data":{"switch":1},"service":"onekeyswitch"}
06-24 16:41:07.186 D/OpenGLRenderer( 8945):   HWUI Binary is  enabled
06-24 16:41:07.187 V/WindowManager(  657): Adding Window{3c3f7c6 u0 com.excelliance.dualaid/com.excelliance.kxqp.ui.HelloActivity} to AppWindowToken{c461669 token=Token{a91e0f0 ActivityRecord{ef1b533 u0 com.excelliance.dualaid/com.excelliance.kxqp.ui.HelloActivity t16062}}}
06-24 16:41:07.188 V/WindowManager(  657): addWindow: New client android.os.BinderProxy@f5129a1: window=Window{3c3f7c6 u0 com.excelliance.dualaid/com.excelliance.kxqp.ui.HelloActivity} Callers=com.android.server.wm.HwWindowManagerService.addWindow:562 com.android.server.wm.Session.addToDisplay:199 android.view.IWindowSession$Stub.onTransact:124 com.android.server.wm.Session.onTransact:161 android.os.Binder.execTransact:675 
06-24 16:41:07.189 V/MainActivity( 8945): onWindowFocusChanged: false
06-24 16:41:07.189 D/MainActivity( 8945): onWindowFocusChanged: end
06-24 16:41:07.190 D/HelloActivity( 8945): upload: com.tencent.mm,com.tencent.mobileqq,com.ifreetalk.ftalk
06-24 16:41:07.192 D/OpenGLRenderer( 8945):   HWUI Binary is  enabled
06-24 16:41:07.192 E/SmtServService( 8977): firststartcom.tencent.mm,com.tencent.mobileqq,com.ifreetalk.ftalk
06-24 16:41:07.195 D/PMS11423(  657): package:com.android.mms, input flags:0, output hwFlags:0
06-24 16:41:07.195 D/PMS11423(  657): package:com.android.settings, input flags:0, output hwFlags:0
06-24 16:41:07.195 D/PMS11423(  657): package:com.android.contacts, input flags:0, output hwFlags:0
06-24 16:41:07.210 D/PMS1000 (  657): package:com.excelliance.dualaid, input flags:8192, output hwFlags:0
06-24 16:41:07.211 W/HSM     ( 1813): HoldService:toast switch is close!
06-24 16:41:07.212 D/ApplicationPackageManager( 8945): getInstalledApplications blocked
06-24 16:41:07.212 D/HsmInterfaceImpl( 8945): List [ApplicationInfo{c67b351 com.huawei.hifolder}, ApplicationInfo{27037b6 com.github.shadowsocks}, ApplicationInfo{7855cb7 com.excelliance.dualaid}]
06-24 16:41:07.214 V/WindowManager(  657): Checking 1 opening apps (frozen=false timeout=false)...
06-24 16:41:07.214 V/WindowManager(  657): Check opening app=AppWindowToken{c461669 token=Token{a91e0f0 ActivityRecord{ef1b533 u0 com.excelliance.dualaid/com.excelliance.kxqp.ui.HelloActivity t16062}}}: allDrawn=false startingDisplayed=false startingMoved=false isRelaunching()=false
06-24 16:41:07.217 V/HwPhoneWindowManager(  657): updateSystemUiColorLw window=Window{3c3f7c6 u0 com.excelliance.dualaid/com.excelliance.kxqp.ui.HelloActivity},EmuiStyle=0,StatusBarColor=0x0,NavigationBarColor=0xff000000, mLastIsEmuiLightStyle=-1
06-24 16:41:07.217 D/HwPhoneWindowManager(  657): Transact:setSystemUIColor to status bar service
06-24 16:41:07.217 I/CommandQueue( 1513): updateBarBgColor
06-24 16:41:07.217 D/CommandQueue( 1513): CommandQueue, setBarBackgroundColor
06-24 16:41:07.217 D/TintManager( 1513): statusBarIconTint=#99FFFFFF,navigationBarIconTint=#FF000000
06-24 16:41:07.218 I/WindowManager(  657): notifyAccessibilityButtonVisibilityChanged visible:false
06-24 16:41:07.219 W/ActivityManager(  657): Sending non-protected broadcast huawei.action.floattasks.STATUS_BAR_STATE_CHANGED from system 1513:com.android.systemui/u0a39 pkg com.android.systemui
06-24 16:41:07.219 V/WindowManager(  657): Checking 1 opening apps (frozen=false timeout=false)...
06-24 16:41:07.219 V/WindowManager(  657): Check opening app=AppWindowToken{c461669 token=Token{a91e0f0 ActivityRecord{ef1b533 u0 com.excelliance.dualaid/com.excelliance.kxqp.ui.HelloActivity t16062}}}: allDrawn=false startingDisplayed=false startingMoved=false isRelaunching()=false
06-24 16:41:07.220 D/PMS11423(  657): package:com.tencent.tmgp.qqx5, input flags:0, output hwFlags:0
06-24 16:41:07.220 D/PMS11423(  657): package:com.huawei.android.pushagent, input flags:0, output hwFlags:0
06-24 16:41:07.221 D/mali_winsys( 8945): EGLint new_window_surface(egl_winsys_display *, void *, EGLSurface, EGLConfig, egl_winsys_surface **, egl_color_buffer_format *, EGLBoolean) returns 0x3000
06-24 16:41:07.223 V/WindowManager(  657): Checking 1 opening apps (frozen=false timeout=false)...
06-24 16:41:07.223 V/WindowManager(  657): Check opening app=AppWindowToken{c461669 token=Token{a91e0f0 ActivityRecord{ef1b533 u0 com.excelliance.dualaid/com.excelliance.kxqp.ui.HelloActivity t16062}}}: allDrawn=false startingDisplayed=false startingMoved=false isRelaunching()=false
06-24 16:41:07.223 I/GRALLOC (  679): 	 shrFd=10,fmt=0x1,intFmt=0x200000001,btStrd=4352,size=8486912,pid=679 
06-24 16:41:07.223 I/GRALLOC (  679): 	 yuv=2,w=1080,h=1920,Stride u=0 v=0,offset u=0 v=0 
06-24 16:41:07.223 I/GRALLOC (  679): 	 iova_size=8486912,conUsg=0xb00,proUsg=0xb00,	 strd=1088,[afbc]HdrStrd=1088 PyldStrd=69632 Scrmbl=2,ionhnd = 1 
06-24 16:41:07.224 D/PMS11423(  657): package:com.huawei.appmarket, input flags:0, output hwFlags:0
06-24 16:41:07.224 D/PMS11423(  657): package:com.wandoujia.phoenix2, input flags:0, output hwFlags:0
06-24 16:41:07.224 D/PMS11423(  657): package:com.tencent.mm, input flags:0, output hwFlags:0
06-24 16:41:07.224 D/PMS11423(  657): package:com.android.providers.media, input flags:0, output hwFlags:0
06-24 16:41:07.224 D/PMS11423(  657): package:com.huawei.vassistant, input flags:0, output hwFlags:0
06-24 16:41:07.225 D/PMS11423(  657): package:com.android.contacts, input flags:0, output hwFlags:0
06-24 16:41:07.225 D/PMS11423(  657): package:com.facebook.katana, input flags:0, output hwFlags:0
06-24 16:41:07.225 D/PMS11423(  657): package:com.huawei.hidisk, input flags:0, output hwFlags:536870912
06-24 16:41:07.225 W//system/bin/hwservicemanager(  416): Cannot open /odm/manifest.xml
06-24 16:41:07.225 D/PMS11423(  657): package:com.huawei.trustcircle, input flags:0, output hwFlags:0
06-24 16:41:07.225 D/PMS11423(  657): package:com.jingdong.app.mall, input flags:0, output hwFlags:0
06-24 16:41:07.225 D/PMS11423(  657): package:com.tencent.mobileqq, input flags:0, output hwFlags:0
06-24 16:41:07.225 D/PMS11423(  657): package:com.zol.android, input flags:0, output hwFlags:0
06-24 16:41:07.226 D/PMS11423(  657): package:com.huawei.hiskytone, input flags:0, output hwFlags:603979776
06-24 16:41:07.226 D/PMS11423(  657): package:com.huawei.hwid, input flags:0, output hwFlags:0
06-24 16:41:07.226 D/PMS11423(  657): package:com.sina.weibo, input flags:0, output hwFlags:0
06-24 16:41:07.226 D/PMS11423(  657): package:com.antutu.ABenchMark, input flags:0, output hwFlags:0
06-24 16:41:07.226 I/GRALLOC (  679): 	 shrFd=10,fmt=0x1,intFmt=0x200000001,btStrd=4352,size=8486912,pid=679 
06-24 16:41:07.226 I/GRALLOC (  679): 	 yuv=2,w=1080,h=1920,Stride u=0 v=0,offset u=0 v=0 
06-24 16:41:07.226 I/GRALLOC (  679): 	 iova_size=8486912,conUsg=0xb00,proUsg=0xb00,	 strd=1088,[afbc]HdrStrd=1088 PyldStrd=69632 Scrmbl=2,ionhnd = 1 
06-24 16:41:07.226 D/PMS11423(  657): package:com.sankuai.meituan.takeoutnew, input flags:0, output hwFlags:0
06-24 16:41:07.226 D/PMS11423(  657): package:com.vmall.client, input flags:0, output hwFlags:67108864
06-24 16:41:07.226 D/PMS11423(  657): package:com.android.browser, input flags:0, output hwFlags:0
06-24 16:41:07.226 D/PMS11423(  657): package:com.eg.android.AlipayGphone, input flags:0, output hwFlags:0
06-24 16:41:07.227 D/PMS11423(  657): package:com.android.mediacenter, input flags:0, output hwFlags:0
06-24 16:41:07.227 D/PMS11423(  657): package:com.huawei.himovie, input flags:0, output hwFlags:0
06-24 16:41:07.227 D/PMS11423(  657): package:com.huawei.hnreader, input flags:0, output hwFlags:67108864
06-24 16:41:07.227 D/PMS11423(  657): package:com.twitter.android, input flags:0, output hwFlags:0
06-24 16:41:07.227 D/PMS11423(  657): package:com.baidu.input_huawei, input flags:0, output hwFlags:0
06-24 16:41:07.227 D/PMS11423(  657): package:com.google.android.gms, input flags:0, output hwFlags:0
06-24 16:41:07.227 D/PMS11423(  657): package:com.sankuai.meituan, input flags:0, output hwFlags:0
06-24 16:41:07.228 D/PMS11423(  657): package:com.tencent.news, input flags:0, output hwFlags:0
06-24 16:41:07.228 D/PMS11423(  657): package:com.iflytek.speechsuite, input flags:0, output hwFlags:0
06-24 16:41:07.228 D/PMS11423(  657): package:com.qzone, input flags:0, output is null
06-24 16:41:07.228 D/PMS11423(  657): package:com.tencent.android.qqdownloader, input flags:0, output hwFlags:0
06-24 16:41:07.228 D/PMS11423(  657): package:com.tencent.now, input flags:0, output is null
06-24 16:41:07.228 D/PMS11423(  657): package:com.ifreetalk.ftalk, input flags:0, output hwFlags:0
06-24 16:41:07.228 D/PMS11423(  657): package:com.taobao.taobao, input flags:0, output hwFlags:0
06-24 16:41:07.228 D/PMS11423(  657): package:com.android.gallery3d, input flags:0, output hwFlags:0
06-24 16:41:07.229 D/PMS11423(  657): package:com.pp.assistant, input flags:0, output hwFlags:0
06-24 16:41:07.229 D/PMS11423(  657): package:com.oppo.market, input flags:0, output hwFlags:0
06-24 16:41:07.229 D/PMS11423(  657): package:com.excean.wxaid, input flags:0, output hwFlags:0
06-24 16:41:07.229 D/PMS11423(  657): package:com.huawei.intelligent, input flags:0, output hwFlags:0
06-24 16:41:07.229 D/PMS11423(  657): package:com.google.android.backuptransport, input flags:0, output hwFlags:0
06-24 16:41:07.229 D/PMS11423(  657): package:com.huawei.skytone, input flags:0, output hwFlags:0
06-24 16:41:07.230 D/PMS11423(  657): package:com.estrongs.android.pop, input flags:0, output hwFlags:0
06-24 16:41:07.230 D/PMS11423(  657): package:com.redfinger.app, input flags:0, output hwFlags:0
06-24 16:41:07.230 D/PMS11423(  657): package:com.android.vending, input flags:0, output hwFlags:0
06-24 16:41:07.230 D/PMS11423(  657): package:org.hapjs.mockup, input flags:0, output hwFlags:0
06-24 16:41:07.230 D/PMS11423(  657): package:com.huawei.gamebox, input flags:0, output hwFlags:603979776
06-24 16:41:07.230 D/PMS11423(  657): package:com.tencent.tmgp.pubgmhd-ext, input flags:0, output is null
06-24 16:41:07.230 D/PMS11423(  657): package:com.stickgame.los2, input flags:0, output hwFlags:0
06-24 16:41:07.230 D/PMS11423(  657): package:com.qihoo.appstore, input flags:0, output hwFlags:0
06-24 16:41:07.231 D/PMS11423(  657): package:com.huawei.android.thememanager, input flags:0, output hwFlags:0
06-24 16:41:07.231 D/PMS11423(  657): package:com.excean.parallelspace, input flags:0, output hwFlags:0
06-24 16:41:07.231 D/PMS11423(  657): package:com.UCMobile, input flags:0, output hwFlags:0
06-24 16:41:07.231 D/PMS11423(  657): package:com.bbk.appstore, input flags:0, output hwFlags:0
06-24 16:41:07.231 D/PMS11423(  657): package:com.excean.ppaid, input flags:0, output hwFlags:0
06-24 16:41:07.232 D/PMS11423(  657): package:com.netease.blockchain, input flags:0, output hwFlags:0
06-24 16:41:07.232 D/PMS11423(  657): package:com.huawei.camera, input flags:0, output hwFlags:0
06-24 16:41:07.232 D/PMS11423(  657): package:com.sinovatech.unicom.ui, input flags:0, output hwFlags:0
06-24 16:41:07.232 D/PMS11423(  657): package:com.huawei.phoneservice, input flags:0, output hwFlags:0
06-24 16:41:07.232 D/PMS11423(  657): package:com.crisisfire.android.nearme.gamecenter, input flags:0, output hwFlags:0
06-24 16:41:07.233 D/PMS11423(  657): package:com.antutu.benchmark.full, input flags:0, output hwFlags:0
06-24 16:41:07.233 D/PMS11423(  657): package:com.xunmeng.pinduoduo, input flags:0, output hwFlags:0
06-24 16:41:07.233 D/PMS11423(  657): package:com.zhuowang.cloneapp, input flags:0, output hwFlags:0
06-24 16:41:07.233 D/PMS11423(  657): package:com.excean.parallelspace.b64, input flags:0, output hwFlags:0
06-24 16:41:07.233 D/PMS11423(  657): package:com.excelliance.multiaccounts.b64, input flags:0, output hwFlags:0
06-24 16:41:07.234 D/PMS11423(  657): package:com.xiangyou.multispace, input flags:0, output hwFlags:0
06-24 16:41:07.234 D/PMS11423(  657): package:com.youlong.multiaccount, input flags:0, output hwFlags:0
06-24 16:41:07.234 D/PMS11423(  657): package:com.gameloft.android.ANMP.GloftA9HM, input flags:0, output hwFlags:0
06-24 16:41:07.234 D/PMS11423(  657): package:com.excelliance.dualaid.b64, input flags:0, output hwFlags:0
06-24 16:41:07.234 D/AddGameData( 8945): switch_uninstall: 70
06-24 16:41:07.236 D/VersionManager( 8977): xml=<?xml version="1.0" encoding="utf-8"?><upinfo></upinfo>
06-24 16:41:07.237 D/PMS1000 (  657): package:com.excelliance.dualaid, input flags:8192, output hwFlags:0
06-24 16:41:07.237 W/InputMethodManager( 8945): startInputReason = 1
06-24 16:41:07.238 W/HSM     ( 1813): HoldService:toast switch is close!
06-24 16:41:07.238 D/ApplicationPackageManager( 8945): queryIntentActivitiesAsUser blocked, Intent { act=android.intent.action.MAIN cat=[android.intent.category.LAUNCHER] pkg=com.huawei.hifolder }
06-24 16:41:07.239 D/HsmInterfaceImpl( 8945): List []
06-24 16:41:07.241 I/wangchen( 7035): SysInfo.getSysParam: orientation=1||config d=3.0,w=1080,h=1920||metrics d=3.0,w=1080,h=1920||sdk=26,bar_h=72
06-24 16:41:07.242 I/KeymapLoader( 7035): w=1080 h=1920 ori=true appScale=3.3 s1=3.0
06-24 16:41:07.242 W/HSM     ( 1813): HoldService:toast switch is close!
06-24 16:41:07.243 D/ApplicationPackageManager( 8945): queryIntentActivitiesAsUser blocked, Intent { act=android.intent.action.MAIN cat=[android.intent.category.LAUNCHER] pkg=com.github.shadowsocks }
06-24 16:41:07.243 D/HsmInterfaceImpl( 8945): List [ResolveInfo{da7c7d9 com.github.shadowsocks/.MainActivity m=0x108000}]
06-24 16:41:07.268 D/PMS1000 (  657): package:com.excelliance.dualaid, input flags:8192, output hwFlags:0
06-24 16:41:07.269 D/WindowManager(  657): finishDrawingWindow: Window{3c3f7c6 u0 com.excelliance.dualaid/com.excelliance.kxqp.ui.HelloActivity} mDrawState=DRAW_PENDING
06-24 16:41:07.269 W/HSM     ( 1813): HoldService:toast switch is close!
06-24 16:41:07.270 D/ApplicationPackageManager( 8945): queryIntentActivitiesAsUser blocked, Intent { act=android.intent.action.MAIN cat=[android.intent.category.LAUNCHER] pkg=com.excelliance.dualaid }
06-24 16:41:07.270 D/HsmInterfaceImpl( 8945): List [ResolveInfo{537987f com.excelliance.dualaid/com.excelliance.kxqp.ui.HelloActivity m=0x108000}]
06-24 16:41:07.271 V/WindowManager(  657): Checking 1 opening apps (frozen=false timeout=false)...
06-24 16:41:07.271 V/WindowManager(  657): Check opening app=AppWindowToken{c461669 token=Token{a91e0f0 ActivityRecord{ef1b533 u0 com.excelliance.dualaid/com.excelliance.kxqp.ui.HelloActivity t16062}}}: allDrawn=true startingDisplayed=false startingMoved=false isRelaunching()=false
06-24 16:41:07.278 V/WindowManager(  657): Checking 0 opening apps (frozen=false timeout=false)...
06-24 16:41:07.280 D/BarTransitions.HwPhoneStatusBarView( 1513): MODE_TRANSLUCENT -> MODE_TRANSPARENT animate=false
06-24 16:41:07.280 D/BarTransitions.HwPhoneStatusBarView( 1513): applyModeBackground oldMode=MODE_TRANSLUCENT newMode=MODE_TRANSPARENT animate=false
06-24 16:41:07.281 I/ActivityManager(  657): Displayed com.excelliance.dualaid/com.excelliance.kxqp.ui.HelloActivity: +216ms
06-24 16:41:07.288 D/BarTransitions.HwNavigationBarView( 1513): MODE_OPAQUE -> MODE_TRANSPARENT animate=false
06-24 16:41:07.288 E/BufferQueueProducer(  710): [com.excelliance.dualaid/com.excelliance.kxqp.swipe.NavActivity2#0] disconnect: not connected (req=1)
06-24 16:41:07.288 D/BarTransitions.HwNavigationBarView( 1513): applyModeBackground oldMode=MODE_OPAQUE newMode=MODE_TRANSPARENT animate=false
06-24 16:41:07.288 W/libEGL  ( 8945): EGLNativeWindowType 0xd0cbc808 disconnect failed
06-24 16:41:07.299 D/PMS1000 (  657): package:com.excelliance.dualaid, input flags:8192, output hwFlags:0
06-24 16:41:07.300 W/HSM     ( 1813): HoldService:toast switch is close!
06-24 16:41:07.301 D/ApplicationPackageManager( 8945): queryIntentActivitiesAsUser blocked, Intent { act=android.intent.action.MAIN cat=[android.intent.category.LAUNCHER] pkg=com.tencent.tmgp.qqx5 }
06-24 16:41:07.301 D/HsmInterfaceImpl( 8945): List [ResolveInfo{7c40895 com.tencent.tmgp.qqx5/.DGMMainActivity m=0x108000}]
06-24 16:41:07.344 D/PMS1000 (  657): package:com.excelliance.dualaid, input flags:8192, output hwFlags:0
06-24 16:41:07.345 W/HSM     ( 1813): HoldService:toast switch is close!
06-24 16:41:07.346 D/ApplicationPackageManager( 8945): queryIntentActivitiesAsUser blocked, Intent { act=android.intent.action.MAIN cat=[android.intent.category.LAUNCHER] pkg=com.huawei.android.pushagent }
06-24 16:41:07.346 D/HsmInterfaceImpl( 8945): List []
06-24 16:41:07.348 W/HSM     ( 1813): HoldService:toast switch is close!
06-24 16:41:07.349 D/ApplicationPackageManager( 8945): queryIntentActivitiesAsUser blocked, Intent { act=android.intent.action.MAIN cat=[android.intent.category.LAUNCHER] pkg=com.huawei.appmarket }
06-24 16:41:07.349 D/HsmInterfaceImpl( 8945): List [ResolveInfo{8b73d9b com.huawei.appmarket/.MainActivity m=0x108000}]
06-24 16:41:07.352 E/asset   ( 8945): createFromFile(): lock file /data/resource-cache/system@emui@base@overlay@frameworkhwexthonor@frameworkhwexthonor.apk@idmap.
06-24 16:41:07.353 E/asset   ( 8945): createFromFile(): lock file /data/resource-cache/system@emui@base@overlay@frameworkhwexthonor@frameworkhwexthonor.apk@idmap.
06-24 16:41:07.353 W/ResourceType( 8945): Found multiple library tables, ignoring...
06-24 16:41:07.377 D/HwRecentsLockUtils( 1513): Search
06-24 16:41:07.377 E/HsmCoreServiceImpl( 1478): onTransact in code is: 103
06-24 16:41:07.377 I/MediaProcessHandler( 1478): playingUids: 
06-24 16:41:07.377 D/ActivityManager(  657): Skipping, home or recents stack task: TaskRecord{333215f #15658 A=com.huawei.android.launcher U=0 StackId=0 sz=1}
06-24 16:41:07.377 D/ActivityManager(  657): Skipping intent:act=android.intent.action.MAIN cat=[android.intent.category.LAUNCHER] flg=0x10a00000 cmp=io.appium.settings/.Settings
06-24 16:41:07.378 D/ActivityManager(  657): Skipping intent:flg=0x10804000 cmp=com.android.systemui/.recents.RecentsActivity bnds=[48,928][1032,2296]
06-24 16:41:07.378 D/ActivityManager(  657): Skipping intent:flg=0x18800000 cmp=com.tencent.mm/.plugin.base.stub.WXPayEntryActivity
06-24 16:41:07.378 D/ActivityManager(  657): Skipping intent:flg=0x10800000 cmp=com.huawei.systemmanager/com.huawei.permissionmanager.ui.MainActivity
06-24 16:41:07.378 D/ActivityManager(  657): Skipping intent:flg=0x18800000 cmp=com.tencent.mm/.plugin.base.stub.WXEntryActivity
06-24 16:41:07.378 D/ActivityManager(  657): Skipping intent:act=com.huawei.action.VOICE_ASSISTANT flg=0x10800000 pkg=com.huawei.vassistant cmp=com.huawei.vassistant/.ui.main.VAssistantActivity
06-24 16:41:07.378 D/ActivityManager(  657): Skipping intent:act=com.huawei.android.launcher.action.ACCESS_SPLIT_SCREEN_APP cat=[android.intent.category.DEFAULT] flg=0x10804000 cmp=com.huawei.android.launcher/.splitscreen.SplitScreenAppActivity
06-24 16:41:07.378 D/ActivityManager(  657): Skipping intent:flg=0x10800000 pkg=com.excelliance.dualaid.b64 cmp=com.excelliance.dualaid.b64/com.excelliance.kxqp.sdk.PermissionRequestActivity
06-24 16:41:07.378 D/ActivityManager(  657): Skipping intent:act=android.intent.action.VIEW dat=content://com.excelliance.dualaid.fileProvider/external_storage_root/Download/apk/Multiple_64.apk typ=application/vnd.android.package-archive flg=0x10800001 cmp=com.android.packageinstaller/.InstallStart
06-24 16:41:07.378 D/ActivityManager(  657): Skipping intent:flg=0x10800000 cmp=com.android.systemui/.usb.HwUsbDebuggingActivity
06-24 16:41:07.378 D/ActivityManager(  657): Skipping intent:act=android.deviceinfo.chooser.action.LAUNCH flg=0x10800000 hwFlg=0x100 pkg=com.android.settings cmp=com.android.settings/.deviceinfo.UsbConnModeChooserActivity
06-24 16:41:07.378 D/ActivityManager(  657): Skipping intent:flg=0x10800000 cmp=com.zol.android/.push.KeepLiveActivity
06-24 16:41:07.378 D/ActivityManager(  657): Skipping intent:act=android.intent.action.MAIN cat=[android.intent.category.HOME] flg=0x10800300 cmp=com.android.settings/.FallbackHome
06-24 16:41:07.382 D/PMS1000 (  657): package:com.excelliance.dualaid, input flags:8192, output hwFlags:0
06-24 16:41:07.383 W/HSM     ( 1813): HoldService:toast switch is close!
06-24 16:41:07.383 D/ApplicationPackageManager( 8945): queryIntentActivitiesAsUser blocked, Intent { act=android.intent.action.MAIN cat=[android.intent.category.LAUNCHER] pkg=com.wandoujia.phoenix2 }
06-24 16:41:07.384 D/HsmInterfaceImpl( 8945): List [ResolveInfo{67f8a76 com.wandoujia.phoenix2/com.pp.assistant.activity.PPMainActivity m=0x108000}]
06-24 16:41:07.411 W/HSM     ( 1813): HoldService:toast switch is close!
06-24 16:41:07.411 D/ApplicationPackageManager( 8945): queryIntentActivitiesAsUser blocked, Intent { act=android.intent.action.MAIN cat=[android.intent.category.LAUNCHER] pkg=com.tencent.mm }
06-24 16:41:07.411 D/HsmInterfaceImpl( 8945): List [ResolveInfo{222dce4 com.tencent.mm/.ui.LauncherUI m=0x108000}]
06-24 16:41:07.423 W/HSM     ( 1813): HoldService:toast switch is close!
06-24 16:41:07.423 D/ApplicationPackageManager( 8945): queryIntentActivitiesAsUser blocked, Intent { act=android.intent.action.MAIN cat=[android.intent.category.LAUNCHER] pkg=com.android.providers.media }
06-24 16:41:07.423 D/HsmInterfaceImpl( 8945): List []
06-24 16:41:07.426 W/HSM     ( 1813): HoldService:toast switch is close!
06-24 16:41:07.427 D/ApplicationPackageManager( 8945): queryIntentActivitiesAsUser blocked, Intent { act=android.intent.action.MAIN cat=[android.intent.category.LAUNCHER] pkg=com.huawei.vassistant }
06-24 16:41:07.427 D/HsmInterfaceImpl( 8945): List [ResolveInfo{47db54d com.huawei.vassistant/.ui.main.VAssistantActivity m=0x108000}]
06-24 16:41:07.430 E/asset   ( 8945): createFromFile(): lock file /data/resource-cache/system@emui@base@overlay@frameworkhwexthonor@frameworkhwexthonor.apk@idmap.
06-24 16:41:07.430 E/asset   ( 8945): createFromFile(): lock file /data/resource-cache/system@emui@base@overlay@frameworkhwexthonor@frameworkhwexthonor.apk@idmap.
06-24 16:41:07.430 W/ResourceType( 8945): Found multiple library tables, ignoring...
06-24 16:41:07.462 W/HSM     ( 1813): HoldService:toast switch is close!
06-24 16:41:07.463 D/ApplicationPackageManager( 8945): queryIntentActivitiesAsUser blocked, Intent { act=android.intent.action.MAIN cat=[android.intent.category.LAUNCHER] pkg=com.facebook.katana }
06-24 16:41:07.463 D/HsmInterfaceImpl( 8945): List [ResolveInfo{ba2e350 com.facebook.katana/.LoginActivity m=0x108000}]
06-24 16:41:07.488 V/ActivityManager(  657): Making visible and scheduling visibility: ActivityRecord{d5c9105 u0 com.huawei.android.launcher/.unihome.UniHomeLauncher t15658}
06-24 16:41:07.488 V/WindowManager(  657): No longer Stopped: AppWindowToken{d3a938b token=Token{377755a ActivityRecord{d5c9105 u0 com.huawei.android.launcher/.unihome.UniHomeLauncher t15658}}}
06-24 16:41:07.493 D/NetWorkUtils( 1513): mVSimCurCardType is -1
06-24 16:41:07.498 D/NetWorkUtils( 1513): mVSimCurCardType is -1
06-24 16:41:07.504 E/asset   ( 8945): createFromFile(): lock file /data/resource-cache/system@emui@base@overlay@frameworkhwexthonor@frameworkhwexthonor.apk@idmap.
06-24 16:41:07.504 E/asset   ( 8945): createFromFile(): lock file /data/resource-cache/system@emui@base@overlay@frameworkhwexthonor@frameworkhwexthonor.apk@idmap.
06-24 16:41:07.504 W/ResourceType( 8945): Found multiple library tables, ignoring...
06-24 16:41:07.520 D/ActivityThread( 8945): Remove activity client record, r= ActivityRecord{414755e token=android.os.BinderProxy@31abee5 {com.excelliance.dualaid/com.excelliance.kxqp.swipe.NavActivity2}} token= android.os.BinderProxy@31abee5
06-24 16:41:07.521 D/HwQoEUtils(  657): mForegroundAppPackageName: com.huawei.android.launcher ,score: 0
06-24 16:41:07.521 D/HwQoEUtils(  657): onForegroundAppWifiSleepChange: config:false, sleeptime:-1,type: 255, appname:com.huawei.android.launcher
06-24 16:41:07.521 V/ActivityThread( 2519): Handle window ActivityRecord{4719bb8 token=android.os.BinderProxy@b3fca27 {com.huawei.android.launcher/com.huawei.android.launcher.unihome.UniHomeLauncher}} visibility: true
06-24 16:41:07.521 D/HwQoEUtils(  657): APP type: 255 appName= com.huawei.android.launcher
06-24 16:41:07.521 D/HwQoEUtils(  657): no game, APP_TYPE_GAME, appName =com.huawei.android.launcher
06-24 16:41:07.522 E/HwLauncher( 2519): SettingsEx , no such field.
06-24 16:41:07.522 W/HwLauncher( 2519): Clock getDataFormat the getSystemString failed.
06-24 16:41:07.522 D/HwGameAssistantController(  657): pid=2519, uid=10056, foreground=true
06-24 16:41:07.523 W/AwareLog(  657): SchedLevelBoost: onFgActivitiesChanged config not set!
06-24 16:41:07.529 I/HwNetworkPolicy(  657): onTransact, code = 203
06-24 16:41:07.529 I/HwNetworkPolicyManager( 1813): getHwUidPolicy uid = 10056 policy = 0
06-24 16:41:07.530 V/WindowManager(  657): removeIfPossible: Window{e089f8a u0 com.excelliance.dualaid/com.excelliance.kxqp.swipe.NavActivity2} callers=com.android.server.wm.WindowState.removeIfPossible:1914 com.android.server.wm.WindowManagerService.removeWindow:2022 com.android.server.wm.Session.remove:218 android.view.IWindowSession$Stub.onTransact:242 com.android.server.wm.Session.onTransact:161 
06-24 16:41:07.530 I/WindowManager(  657): Destroying surface Surface(name=com.excelliance.dualaid/com.excelliance.kxqp.swipe.NavActivity2) called by com.android.server.wm.WindowStateAnimator.destroySurface:2060 com.android.server.wm.WindowStateAnimator.destroySurfaceLocked:873 com.android.server.wm.HwWindowStateAnimator.destroySurfaceLocked:1006 com.android.server.wm.WindowState.removeImmediately:1899 com.android.server.wm.WindowState.removeIfPossible:2051 com.android.server.wm.WindowState.removeIfPossible:1914 com.android.server.wm.WindowManagerService.removeWindow:2022 com.android.server.wm.Session.remove:218 
06-24 16:41:07.531 V/WindowManager(  657): postWindowRemoveCleanupLocked: Window{e089f8a u0 com.excelliance.dualaid/com.excelliance.kxqp.swipe.NavActivity2}
06-24 16:41:07.531 V/WindowManager(  657): Removing Window{e089f8a u0 com.excelliance.dualaid/com.excelliance.kxqp.swipe.NavActivity2} from AppWindowToken{b2c39e7 token=Token{8008ba6 ActivityRecord{3d62101 u0 com.excelliance.dualaid/com.excelliance.kxqp.swipe.NavActivity2 t16062}}}
06-24 16:41:07.532 D/PMS1000 (  657): package:com.excelliance.dualaid, input flags:8192, output hwFlags:0
06-24 16:41:07.533 W/HSM     ( 1813): HoldService:toast switch is close!
06-24 16:41:07.534 D/ApplicationPackageManager( 8945): queryIntentActivitiesAsUser blocked, Intent { act=android.intent.action.MAIN cat=[android.intent.category.LAUNCHER] pkg=com.huawei.trustcircle }
06-24 16:41:07.534 D/HsmInterfaceImpl( 8945): List []
06-24 16:41:07.541 I/GRALLOC (  679): 	 shrFd=10,fmt=0x1,intFmt=0x200000001,btStrd=4352,size=8486912,pid=679 
06-24 16:41:07.541 I/GRALLOC (  679): 	 yuv=2,w=1080,h=1920,Stride u=0 v=0,offset u=0 v=0 
06-24 16:41:07.541 I/GRALLOC (  679): 	 iova_size=8486912,conUsg=0x900,proUsg=0x900,	 strd=1088,[afbc]HdrStrd=1088 PyldStrd=69632 Scrmbl=2,ionhnd = 1 
06-24 16:41:07.542 V/WindowManager(  657): removeAppToken: AppWindowToken{b2c39e7 token=Token{8008ba6 ActivityRecord{3d62101 u0 com.excelliance.dualaid/com.excelliance.kxqp.swipe.NavActivity2 t16062}}} delayed=false Callers=com.android.server.wm.DisplayContent.removeAppToken:985 com.android.server.wm.AppWindowContainerController.removeContainer:348 com.android.server.am.ActivityRecord.removeWindowContainer:1039 com.android.server.am.ActivityStack.removeActivityFromHistoryLocked:4491 
06-24 16:41:07.544 D/PMS1000 (  657): package:com.excelliance.dualaid, input flags:8192, output hwFlags:0
06-24 16:41:07.544 I/GRALLOC (  679): 	 shrFd=10,fmt=0x1,intFmt=0x200000001,btStrd=4352,size=8486912,pid=679 
06-24 16:41:07.544 I/GRALLOC (  679): 	 yuv=2,w=1080,h=1920,Stride u=0 v=0,offset u=0 v=0 
06-24 16:41:07.544 I/GRALLOC (  679): 	 iova_size=8486912,conUsg=0x900,proUsg=0x900,	 strd=1088,[afbc]HdrStrd=1088 PyldStrd=69632 Scrmbl=2,ionhnd = 1 
06-24 16:41:07.546 W/HSM     ( 1813): HoldService:toast switch is close!
06-24 16:41:07.546 D/ApplicationPackageManager( 8945): queryIntentActivitiesAsUser blocked, Intent { act=android.intent.action.MAIN cat=[android.intent.category.LAUNCHER] pkg=com.jingdong.app.mall }
06-24 16:41:07.547 D/HsmInterfaceImpl( 8945): List [ResolveInfo{edae47c com.jingdong.app.mall/.main.MainActivity m=0x108000}]
06-24 16:41:07.548 I/GRALLOC (  679): 	 shrFd=10,fmt=0x1,intFmt=0x200000001,btStrd=4352,size=8486912,pid=679 
06-24 16:41:07.548 I/GRALLOC (  679): 	 yuv=2,w=1080,h=1920,Stride u=0 v=0,offset u=0 v=0 
06-24 16:41:07.548 I/GRALLOC (  679): 	 iova_size=8486912,conUsg=0x900,proUsg=0x900,	 strd=1088,[afbc]HdrStrd=1088 PyldStrd=69632 Scrmbl=2,ionhnd = 1 
06-24 16:41:07.549 D/mali_winsys( 2519): EGLint new_window_surface(egl_winsys_display *, void *, EGLSurface, EGLConfig, egl_winsys_surface **, egl_color_buffer_format *, EGLBoolean) returns 0x3000
06-24 16:41:07.573 I/GRALLOC (  679): 	 shrFd=10,fmt=0x1,intFmt=0x200000001,btStrd=4352,size=8486912,pid=679 
06-24 16:41:07.573 I/GRALLOC (  679): 	 yuv=2,w=1080,h=1920,Stride u=0 v=0,offset u=0 v=0 
06-24 16:41:07.573 I/GRALLOC (  679): 	 iova_size=8486912,conUsg=0xb00,proUsg=0xb00,	 strd=1088,[afbc]HdrStrd=1088 PyldStrd=69632 Scrmbl=2,ionhnd = 1 
06-24 16:41:07.576 E/asset   ( 2519): createFromFile(): lock file /data/resource-cache/system@emui@base@overlay@frameworkhwexthonor@frameworkhwexthonor.apk@idmap.
06-24 16:41:07.576 E/asset   ( 2519): createFromFile(): lock file /data/resource-cache/system@emui@base@overlay@frameworkhwexthonor@frameworkhwexthonor.apk@idmap.
06-24 16:41:07.576 W/ResourceType( 2519): Found multiple library tables, ignoring...
06-24 16:41:07.584 D/PMS1000 (  657): package:com.excelliance.dualaid, input flags:8192, output hwFlags:0
06-24 16:41:07.584 D/WindowManager(  657): finishDrawingWindow: Window{68d6975 u0 com.huawei.android.launcher/com.huawei.android.launcher.unihome.UniHomeLauncher} mDrawState=DRAW_PENDING
06-24 16:41:07.585 W/HSM     ( 1813): HoldService:toast switch is close!
06-24 16:41:07.586 D/ApplicationPackageManager( 8945): queryIntentActivitiesAsUser blocked, Intent { act=android.intent.action.MAIN cat=[android.intent.category.LAUNCHER] pkg=com.tencent.mobileqq }
06-24 16:41:07.586 D/HsmInterfaceImpl( 8945): List [ResolveInfo{78e655a com.tencent.mobileqq/.activity.SplashActivity m=0x108000}]
06-24 16:41:07.588 D/ImageWallpaper( 1513): onOffsetsChanged: xOffset=0.0, yOffset=0.0, xOffsetStep=0.0, yOffsetStep=0.0, xPixels=0, yPixels=0
06-24 16:41:07.590 D/ImageWallpaper( 1513): Suppressed drawFrame since redraw is not needed and offsets have not changed.sf=Rect(0, 0 - 2160, 1920)
06-24 16:41:07.590 D/ImageWallpaper( 1513): onVisibilityChanged: mVisible, visible=false, true
06-24 16:41:07.590 D/ImageWallpaper( 1513): Visibility changed to visible=true
06-24 16:41:07.591 D/ImageWallpaper( 1513): Suppressed drawFrame since redraw is not needed and offsets have not changed.sf=Rect(0, 0 - 2160, 1920)
06-24 16:41:07.593 D/HwFLClassLoader( 2519): USE_FEATURE_LIST had not init! 
06-24 16:41:07.598 D/PMS1000 (  657): package:com.excelliance.dualaid, input flags:8192, output hwFlags:0
06-24 16:41:07.598 E/asset   ( 2519): createFromFile(): lock file /data/resource-cache/system@emui@base@overlay@frameworkhwexthonor@frameworkhwexthonor.apk@idmap.
06-24 16:41:07.598 E/asset   ( 2519): createFromFile(): lock file /data/resource-cache/system@emui@base@overlay@frameworkhwexthonor@frameworkhwexthonor.apk@idmap.
06-24 16:41:07.599 W/HSM     ( 1813): HoldService:toast switch is close!
06-24 16:41:07.599 W/ResourceType( 2519): Found multiple library tables, ignoring...
06-24 16:41:07.599 D/ApplicationPackageManager( 8945): queryIntentActivitiesAsUser blocked, Intent { act=android.intent.action.MAIN cat=[android.intent.category.LAUNCHER] pkg=com.zol.android }
06-24 16:41:07.599 D/HsmInterfaceImpl( 8945): List [ResolveInfo{81ec38b com.zol.android/.ui.FirstActivity m=0x108000}]
06-24 16:41:07.619 I/TrafficMonitor(  657): expired arrive. level:-1
06-24 16:41:07.619 I/TrafficMonitor(  657): during_ms:2003,period_ms:2000
06-24 16:41:07.619 I/TrafficMonitor(  657): count:774,rx_sum:7,tx_sum:10,rxBytes:342,during_ms:2003,rx_speed:170.7438841737394,tx_speed:245.6315526709935,rto:0.7
06-24 16:41:07.619 D/HuaweiWifiWatchdogStateMachine(  657): speed: rxpkt:7, rxSpd:170B/s, txpkt:10, txSpd:245
06-24 16:41:07.625 W/HSM     ( 1813): HoldService:toast switch is close!
06-24 16:41:07.626 D/ApplicationPackageManager( 8945): queryIntentActivitiesAsUser blocked, Intent { act=android.intent.action.MAIN cat=[android.intent.category.LAUNCHER] pkg=com.huawei.hiskytone }
06-24 16:41:07.626 D/HsmInterfaceImpl( 8945): List [ResolveInfo{e11e881 com.huawei.hiskytone/com.huawei.skytone.account.welcome.SplashActivity m=0x108000}]
06-24 16:41:07.662 W/HSM     ( 1813): HoldService:toast switch is close!
06-24 16:41:07.663 D/ApplicationPackageManager( 8945): queryIntentActivitiesAsUser blocked, Intent { act=android.intent.action.MAIN cat=[android.intent.category.LAUNCHER] pkg=com.huawei.hwid }
06-24 16:41:07.663 D/HsmInterfaceImpl( 8945): List []
06-24 16:41:07.666 W/HSM     ( 1813): HoldService:toast switch is close!
06-24 16:41:07.667 D/ApplicationPackageManager( 8945): queryIntentActivitiesAsUser blocked, Intent { act=android.intent.action.MAIN cat=[android.intent.category.LAUNCHER] pkg=com.sina.weibo }
06-24 16:41:07.667 D/HsmInterfaceImpl( 8945): List [ResolveInfo{7694714 com.sina.weibo/.SplashActivity m=0x108000}]
06-24 16:41:07.723 D/PMS1000 (  657): package:com.excelliance.dualaid, input flags:8192, output hwFlags:0
06-24 16:41:07.725 W/HSM     ( 1813): HoldService:toast switch is close!
06-24 16:41:07.726 D/HwFLClassLoader( 2519): USE_FEATURE_LIST had not init! 
06-24 16:41:07.726 D/ApplicationPackageManager( 8945): queryIntentActivitiesAsUser blocked, Intent { act=android.intent.action.MAIN cat=[android.intent.category.LAUNCHER] pkg=com.antutu.ABenchMark }
06-24 16:41:07.726 D/HsmInterfaceImpl( 8945): List [ResolveInfo{57445b2 com.antutu.ABenchMark/.ABenchMarkStart m=0x108000}]
06-24 16:41:07.742 E/asset   ( 2519): createFromFile(): lock file /data/resource-cache/system@emui@base@overlay@frameworkhwexthonor@frameworkhwexthonor.apk@idmap.
06-24 16:41:07.742 E/asset   ( 2519): createFromFile(): lock file /data/resource-cache/system@emui@base@overlay@frameworkhwexthonor@frameworkhwexthonor.apk@idmap.
06-24 16:41:07.742 W/ResourceType( 2519): Found multiple library tables, ignoring...
06-24 16:41:07.747 D/HwFLClassLoader( 2519): USE_FEATURE_LIST had not init! 
06-24 16:41:07.759 D/PMS1000 (  657): package:com.excelliance.dualaid, input flags:8192, output hwFlags:0
06-24 16:41:07.764 W/HSM     ( 1813): HoldService:toast switch is close!
06-24 16:41:07.765 D/ApplicationPackageManager( 8945): queryIntentActivitiesAsUser blocked, Intent { act=android.intent.action.MAIN cat=[android.intent.category.LAUNCHER] pkg=com.sankuai.meituan.takeoutnew }
06-24 16:41:07.765 D/HsmInterfaceImpl( 8945): List [ResolveInfo{d5226b9 com.sankuai.meituan.takeoutnew/.ui.page.boot.WelcomeActivity m=0x108000}]
06-24 16:41:07.791 D/PMS1000 (  657): package:com.excelliance.dualaid, input flags:8192, output hwFlags:0
06-24 16:41:07.792 W/HSM     ( 1813): HoldService:toast switch is close!
06-24 16:41:07.793 D/ApplicationPackageManager( 8945): queryIntentActivitiesAsUser blocked, Intent { act=android.intent.action.MAIN cat=[android.intent.category.LAUNCHER] pkg=com.vmall.client }
06-24 16:41:07.793 D/HsmInterfaceImpl( 8945): List [ResolveInfo{8eb425f com.vmall.client/.splash.fragment.SplashActivity m=0x108000}]
06-24 16:41:07.821 W/HSM     ( 1813): HoldService:toast switch is close!
06-24 16:41:07.822 D/ApplicationPackageManager( 8945): queryIntentActivitiesAsUser blocked, Intent { act=android.intent.action.MAIN cat=[android.intent.category.LAUNCHER] pkg=com.android.browser }
06-24 16:41:07.822 D/HsmInterfaceImpl( 8945): List [ResolveInfo{27ad90a com.android.browser/com.tencent.mtt.SplashActivity m=0x108000}]
06-24 16:41:07.857 W/HSM     ( 1813): HoldService:toast switch is close!
06-24 16:41:07.858 D/ApplicationPackageManager( 8945): queryIntentActivitiesAsUser blocked, Intent { act=android.intent.action.MAIN cat=[android.intent.category.LAUNCHER] pkg=com.eg.android.AlipayGphone }
06-24 16:41:07.858 D/HsmInterfaceImpl( 8945): List [ResolveInfo{924f3f1 com.eg.android.AlipayGphone/.AlipayLogin m=0x108000}]
06-24 16:41:07.879 W/HSM     ( 1813): HoldService:toast switch is close!
06-24 16:41:07.880 D/ApplicationPackageManager( 8945): queryIntentActivitiesAsUser blocked, Intent { act=android.intent.action.MAIN cat=[android.intent.category.LAUNCHER] pkg=com.android.mediacenter }
06-24 16:41:07.880 D/HsmInterfaceImpl( 8945): List [ResolveInfo{f451e57 com.android.mediacenter/.PageActivity m=0x108000}]
06-24 16:41:07.885 E/asset   ( 8945): createFromFile(): lock file /data/resource-cache/system@emui@base@overlay@frameworkhwexthonor@frameworkhwexthonor.apk@idmap.
06-24 16:41:07.885 E/asset   ( 8945): createFromFile(): lock file /data/resource-cache/system@emui@base@overlay@frameworkhwexthonor@frameworkhwexthonor.apk@idmap.
06-24 16:41:07.885 W/ResourceType( 8945): Found multiple library tables, ignoring...
06-24 16:41:07.917 W/HSM     ( 1813): HoldService:toast switch is close!
06-24 16:41:07.917 D/ApplicationPackageManager( 8945): queryIntentActivitiesAsUser blocked, Intent { act=android.intent.action.MAIN cat=[android.intent.category.LAUNCHER] pkg=com.huawei.himovie }
06-24 16:41:07.917 D/HsmInterfaceImpl( 8945): List [ResolveInfo{5a57f62 com.huawei.himovie/.ui.login.SplashScreenActivity m=0x108000}]
