06-24 16:33:03.878 I/ActivityManager(  657): START u0 {cmp=com.excelliance.dualaid/com.excelliance.kxqp.ui.HelloActivity (has extras)} from uid 11423
06-24 16:33:03.879 I/ActivityManager(  657): ActivityRecord info: ActivityInfo{fad70dc com.excelliance.kxqp.ui.HelloActivity}
06-24 16:33:03.879 V/Phone   (12474): isExitstActivityInPkg:exist com.huawei.systemmanager.optimize.process.ProtectActivity
06-24 16:33:03.879 V/Phone   (12474): isExitAppInManufacturer: model:hi6250 manufacturer:huawei
06-24 16:33:03.884 D/PMS11423(  657): package:com.excelliance.dualaid, input flags:128, output hwFlags:0
06-24 16:33:03.885 V/WindowManager(  657): addAppToken: AppWindowToken{748c19f token=Token{3cfff3e ActivityRecord{4a343f9 u0 com.excelliance.dualaid/com.excelliance.kxqp.ui.HelloActivity t16052}}} controller={TaskWindowContainerController taskId=16052} at 2147483647
06-24 16:33:03.885 D/PMS11423(  657): package:com.excelliance.dualaid, input flags:128, output hwFlags:0
06-24 16:33:03.888 I/PGServer( 1699): android calls fast hibernateApps
06-24 16:33:03.888 I/AppFastHibernation( 1699): fast hibernate duration: 1500 reason: start activity
06-24 16:33:03.888 I/Pged-IPgedBinderService(  769): ****action is 1, pid num is 6***
06-24 16:33:03.888 I/Pged-Freezer(  769): freezePids
06-24 16:33:03.888 I/Pged-Freezer(  769): Freeze process: 29457
06-24 16:33:03.889 I/Pged-Freezer(  769): Freeze process: 29531
06-24 16:33:03.889 I/Pged-Freezer(  769): Freeze process: 14942
06-24 16:33:03.889 I/Pged-Freezer(  769): Freeze process: 15544
06-24 16:33:03.890 I/Pged-Freezer(  769): Freeze process: 24379
06-24 16:33:03.890 D/PgedBinderAdapter( 1699): frz ok, pid: [29457, 29531, 14942, 15544, 24379]
06-24 16:33:03.890 D/PMS1000 (  657): package:com.excelliance.dualaid, input flags:1, output hwFlags:0
06-24 16:33:03.892 D/PMS11423(  657): package:com.excelliance.dualaid, input flags:128, output hwFlags:0
06-24 16:33:03.893 D/PMS11423(  657): package:com.excelliance.dualaid, input flags:128, output hwFlags:0
06-24 16:33:03.894 V/WindowManager(  657): No longer Stopped: AppWindowToken{748c19f token=Token{3cfff3e ActivityRecord{4a343f9 u0 com.excelliance.dualaid/com.excelliance.kxqp.ui.HelloActivity t16052}}}
06-24 16:33:03.894 V/WindowManager(  657): No longer Stopped: AppWindowToken{748c19f token=Token{3cfff3e ActivityRecord{4a343f9 u0 com.excelliance.dualaid/com.excelliance.kxqp.ui.HelloActivity t16052}}}
06-24 16:33:03.896 V/WindowManager(  657): findFocusedWindow: AppWindowToken{65f66a6 token=Token{54b8801 ActivityRecord{fd639e8 u0 com.excelliance.dualaid/com.excelliance.kxqp.swipe.NavActivity2 t16052}}} below Reached focused app=AppWindowToken{748c19f token=Token{3cfff3e ActivityRecord{4a343f9 u0 com.excelliance.dualaid/com.excelliance.kxqp.ui.HelloActivity t16052}}}
06-24 16:33:03.897 D/PMS11423(  657): package:com.excelliance.dualaid, input flags:128, output hwFlags:0
06-24 16:33:03.897 D/PMS11423(  657): package:com.excelliance.dualaid, input flags:128, output hwFlags:0
06-24 16:33:03.899 V/WindowManager(  657): Checking 1 opening apps (frozen=false timeout=false)...
06-24 16:33:03.899 V/WindowManager(  657): Check opening app=AppWindowToken{748c19f token=Token{3cfff3e ActivityRecord{4a343f9 u0 com.excelliance.dualaid/com.excelliance.kxqp.ui.HelloActivity t16052}}}: allDrawn=false startingDisplayed=false startingMoved=false isRelaunching()=false
06-24 16:33:03.904 D/PMS11423(  657): package:com.excelliance.dualaid, input flags:128, output hwFlags:0
06-24 16:33:03.904 D/HwCust  (12449): Create obj success use class android.app.HwCustActivityImpl
06-24 16:33:03.904 D/HwCust  (12449): Create obj success use class android.app.HwCustHwWallpaperManagerImpl
06-24 16:33:03.905 V/ActivityThread(12449): ActivityThread,callActivityOnCreate
06-24 16:33:03.906 D/PMS11423(  657): package:com.excelliance.dualaid, input flags:128, output hwFlags:0
06-24 16:33:03.906 D/HelloActivity(12449): Memory:25141M
06-24 16:33:03.907 D/HelloActivity(12449): onCreate: true
06-24 16:33:03.909 D/HelloActivity(12449): mIsNav = true
06-24 16:33:03.912 D/PMS11423(  657): package:com.excelliance.dualaid, input flags:128, output hwFlags:0
06-24 16:33:03.913 D/HelloActivity(12449): requestShowOneKeyLoginConfig: 
06-24 16:33:03.913 D/GameUtilBuild(12449): getCompVersion e:java.lang.NullPointerException: Attempt to invoke virtual method 'android.content.pm.PackageManager android.content.Context.getPackageManager()' on a null object reference
06-24 16:33:03.913 D/PMS11423(  657): package:com.excelliance.dualaid, input flags:128, output hwFlags:0
06-24 16:33:03.914 D/PMS11423(  657): package:com.excelliance.dualaid, input flags:0, output hwFlags:0
06-24 16:33:03.918 D/PMS11423(  657): package:com.excelliance.dualaid, input flags:128, output hwFlags:0
06-24 16:33:03.919 D/PMS11423(  657): package:com.excelliance.dualaid, input flags:128, output hwFlags:0
06-24 16:33:03.920 D/PMS11423(  657): package:com.excelliance.dualaid, input flags:128, output hwFlags:0
06-24 16:33:03.920 D/PMS1000 (  657): package:com.excelliance.dualaid, input flags:8192, output hwFlags:0
06-24 16:33:03.921 D/PMS11423(  657): package:com.excelliance.dualaid, input flags:128, output hwFlags:0
06-24 16:33:03.922 D/PMS11423(  657): package:com.excelliance.dualaid, input flags:128, output hwFlags:0
06-24 16:33:03.922 D/PMS1001 (  657): package:com.excelliance.dualaid, input flags:0, output hwFlags:0
06-24 16:33:03.927 D/PMS11423(  657): package:com.excelliance.dualaid, input flags:128, output hwFlags:0
06-24 16:33:03.930 D/CubicBezierInterpolator(12449): CubicBezierInterpolator  mControlPoint1x = 0.23, mControlPoint1y = 0.06, mControlPoint2x = 0.09, mControlPoint2y = 0.97
06-24 16:33:03.930 D/CubicBezierInterpolator(12449): CubicBezierInterpolator  mControlPoint1x = 0.6, mControlPoint1y = 0.9, mControlPoint2x = 0.8, mControlPoint2y = 1.0
06-24 16:33:03.930 D/CubicBezierInterpolator(12449): CubicBezierInterpolator  mControlPoint1x = 0.23, mControlPoint1y = 0.06, mControlPoint2x = 0.09, mControlPoint2y = 0.97
06-24 16:33:03.930 D/CubicBezierInterpolator(12449): CubicBezierInterpolator  mControlPoint1x = 0.6, mControlPoint1y = 0.9, mControlPoint2x = 0.8, mControlPoint2y = 1.0
06-24 16:33:03.932 D/HwWechatOptimizeImpl(12449): mIsEffect:false
06-24 16:33:03.934 V/InitialData(12474): capitalize:Hi6250_launch
06-24 16:33:03.934 V/GameUtil(12474): getCurrentVersionByKey : hi6250_launch	current_hi6250_launch_version	Hi6250_launchVersion
06-24 16:33:03.935 V/GameUtil(12474): saveVersionToFileByKey  xml_key :hi6250_launch  result:-1
06-24 16:33:03.937 D/HwRTBlurUtils(12449): check blur style for HwPhoneWindow-, themeResId : 0x7f0e001c, context : com.excelliance.kxqp.ui.HelloActivity@c4029d0, Nhwext : 0, get Blur : disable with , null
06-24 16:33:03.938 V/GameUtil(12474): getCurrentVersionByKey  hi6250_launch:-1
06-24 16:33:03.938 V/HelloActivity(12449): start add appType：0
06-24 16:33:03.939 D/PMS11423(  657): package:com.tencent.mm, input flags:0, output hwFlags:0
06-24 16:33:03.939 V/AddGameData(12474): _applist:hi6250
06-24 16:33:03.939 V/InitialData(12474): capitalize:Hi6250_applist
06-24 16:33:03.939 V/GameUtil(12474): getCurrentVersionByKey : hi6250_applist	current_hi6250_applist_version	Hi6250_applistVersion
06-24 16:33:03.940 D/PMS11423(  657): package:com.excelliance.dualaid, input flags:128, output hwFlags:0
06-24 16:33:03.940 V/GameUtil(12474): saveVersionToFileByKey  xml_key :hi6250_applist  result:-1
06-24 16:33:03.942 V/GameUtil(12474): getCurrentVersionByKey  hi6250_applist:-1
06-24 16:33:03.943 V/InitialData(12474): capitalize:Hi6250_notification
06-24 16:33:03.943 V/GameUtil(12474): getCurrentVersionByKey : hi6250_notification	current_hi6250_notification_version	Hi6250_notificationVersion
06-24 16:33:03.944 V/GameUtil(12474): saveVersionToFileByKey  xml_key :hi6250_notification  result:-1
06-24 16:33:03.946 V/GameUtil(12474): getCurrentVersionByKey  hi6250_notification:-1
06-24 16:33:03.947 V/VersionManager(12474): ver source:{"hi6250_launch":"0","hi6250_applist":"0","hi6250_notification":"0"}
06-24 16:33:03.948 V/VersionManager(12474): ver :eyJoaTYyNTBfbGF1bmNoIjoiMCIsImhpNjI1MF9hcHBsaXN0IjoiMCIsImhpNjI1MF9ub3RpZmlj%0AYXRpb24iOiIwIn0%3D%0A
06-24 16:33:03.949 E/HwResourcesImpl(12449): readDefaultConfig : FileNotFoundException
06-24 16:33:03.951 V/UrlUtil (12474): https://mto.multiopen.cn/dynamicphoneres.php?sdkver=2009&apkver=466&vn=4.0.6&compver=54302&mainver=231200&ver=eyJoaTYyNTBfbGF1bmNoIjoiMCIsImhpNjI1MF9hcHBsaXN0IjoiMCIsImhpNjI1MF9ub3RpZmlj%0AYXRpb24iOiIwIn0%3D%0A&chid=10019&subchid=1&type=20&uflag=2&pkg=com.excelliance.dualaid&api=26&release=8.0.0&abi=armeabi-v7a&abi2=armeabi&abilist=arm64-v8a%2Carmeabi-v7a%2Carmeabi&abilist32=armeabi-v7a%2Carmeabi&abilist64=arm64-v8a&brand=HONOR&manufacturer=HUAWEI&model=STF-AL10&product=STF-AL10&issl=1&sign=30820271308201daa0030201020204520332c2300d06092a864886f70d0101050500307c310b300906035504061302434e3111300f060355040813085368616e
06-24 16:33:03.951 D/VersionManager(12474): httpsRequest getURL = https://mto.multiopen.cn/dynamicphoneres.php?sdkver=2009&apkver=466&vn=4.0.6&compver=54302&mainver=231200&ver=eyJoaTYyNTBfbGF1bmNoIjoiMCIsImhpNjI1MF9hcHBsaXN0IjoiMCIsImhpNjI1MF9ub3RpZmlj%0AYXRpb24iOiIwIn0%3D%0A&chid=10019&subchid=1&type=20&uflag=2&pkg=com.excelliance.dualaid&api=26&release=8.0.0&abi=armeabi-v7a&abi2=armeabi&abilist=arm64-v8a%2Carmeabi-v7a%2Carmeabi&abilist32=armeabi-v7a%2Carmeabi&abilist64=arm64-v8a&brand=HONOR&manufacturer=HUAWEI&model=STF-AL10&product=STF-AL10&issl=1&sign=30820271308201daa0030201020204520332c2300d06092a864886f70d0101050500307c310b300906035504061302434e3111300f060355040813085368616e
06-24 16:33:03.953 I/HwCust  (12449): Constructor found for class android.content.res.HwCustHwResourcesImpl
06-24 16:33:03.953 D/HwCust  (12449): Create obj success use class android.content.res.HwCustHwResourcesImpl
06-24 16:33:03.958 W/X509TrustManager(12449): checkServerTrusted: SignatureException:null
06-24 16:33:03.958 W/X509TrustManager(12449): checkServerTrusted: SignatureException:error:04000073:RSA routines:OPENSSL_internal:DATA_TOO_LARGE_FOR_MODULUS
06-24 16:33:03.967 D/PMS11423(  657): package:com.tencent.mm, input flags:0, output hwFlags:0
06-24 16:33:03.969 D/PMS11423(  657): package:com.tencent.mobileqq, input flags:0, output hwFlags:0
06-24 16:33:03.984 D/PMS11423(  657): package:com.tencent.mobileqq, input flags:0, output hwFlags:0
06-24 16:33:03.985 D/PMS11423(  657): package:com.ifreetalk.ftalk, input flags:0, output hwFlags:0
06-24 16:33:03.989 W/X509TrustManager(12474): checkServerTrusted: SignatureException:null
06-24 16:33:03.989 W/X509TrustManager(12474): checkServerTrusted: SignatureException:error:04000073:RSA routines:OPENSSL_internal:DATA_TOO_LARGE_FOR_MODULUS
06-24 16:33:04.001 D/PMS11423(  657): package:com.ifreetalk.ftalk, input flags:0, output hwFlags:0
06-24 16:33:04.001 D/HwRecentsLockUtils( 1513): Search
06-24 16:33:04.001 E/HsmCoreServiceImpl( 1478): onTransact in code is: 103
06-24 16:33:04.002 I/MediaProcessHandler( 1478): playingUids: 
06-24 16:33:04.002 V/HelloActivity(12449): end add appType：0
06-24 16:33:04.002 D/ActivityManager(  657): Skipping, home or recents stack task: TaskRecord{333215f #15658 A=com.huawei.android.launcher U=0 StackId=0 sz=1}
06-24 16:33:04.002 D/ActivityManager(  657): Skipping intent:act=android.intent.action.MAIN cat=[android.intent.category.LAUNCHER] flg=0x10a00000 cmp=io.appium.settings/.Settings
06-24 16:33:04.002 D/ActivityManager(  657): Skipping intent:flg=0x10804000 cmp=com.android.systemui/.recents.RecentsActivity bnds=[48,928][1032,2296]
06-24 16:33:04.002 D/ActivityManager(  657): Skipping intent:flg=0x18800000 cmp=com.tencent.mm/.plugin.base.stub.WXPayEntryActivity
06-24 16:33:04.002 D/ActivityManager(  657): Skipping intent:flg=0x10800000 cmp=com.huawei.systemmanager/com.huawei.permissionmanager.ui.MainActivity
06-24 16:33:04.002 D/ActivityManager(  657): Skipping intent:flg=0x18800000 cmp=com.tencent.mm/.plugin.base.stub.WXEntryActivity
06-24 16:33:04.002 D/ActivityManager(  657): Skipping intent:act=com.huawei.action.VOICE_ASSISTANT flg=0x10800000 pkg=com.huawei.vassistant cmp=com.huawei.vassistant/.ui.main.VAssistantActivity
06-24 16:33:04.002 D/ActivityManager(  657): Skipping intent:act=com.huawei.android.launcher.action.ACCESS_SPLIT_SCREEN_APP cat=[android.intent.category.DEFAULT] flg=0x10804000 cmp=com.huawei.android.launcher/.splitscreen.SplitScreenAppActivity
06-24 16:33:04.002 D/ActivityManager(  657): Skipping intent:flg=0x10800000 pkg=com.excelliance.dualaid.b64 cmp=com.excelliance.dualaid.b64/com.excelliance.kxqp.sdk.PermissionRequestActivity
06-24 16:33:04.002 D/ActivityManager(  657): Skipping intent:act=android.intent.action.VIEW dat=content://com.excelliance.dualaid.fileProvider/external_storage_root/Download/apk/Multiple_64.apk typ=application/vnd.android.package-archive flg=0x10800001 cmp=com.android.packageinstaller/.InstallStart
06-24 16:33:04.002 D/ActivityManager(  657): Skipping intent:flg=0x10800000 cmp=com.android.systemui/.usb.HwUsbDebuggingActivity
06-24 16:33:04.002 D/ActivityManager(  657): Skipping intent:act=android.deviceinfo.chooser.action.LAUNCH flg=0x10800000 hwFlg=0x100 pkg=com.android.settings cmp=com.android.settings/.deviceinfo.UsbConnModeChooserActivity
06-24 16:33:04.002 D/ActivityManager(  657): Skipping intent:flg=0x10800000 cmp=com.zol.android/.push.KeepLiveActivity
06-24 16:33:04.002 D/ActivityManager(  657): Skipping intent:act=android.intent.action.MAIN cat=[android.intent.category.HOME] flg=0x10800300 cmp=com.android.settings/.FallbackHome
06-24 16:33:04.002 D/HelloActivity(12449): onSuccess: respone:{"code":1,"message":"success","data":{"switch":1},"service":"onekeyswitch"}
06-24 16:33:04.005 I/zygote  (12449): Do partial code cache collection, code=63KB, data=51KB
06-24 16:33:04.006 I/zygote  (12449): After code cache collection, code=62KB, data=51KB
06-24 16:33:04.006 I/zygote  (12449): Increasing code cache capacity to 256KB
06-24 16:33:04.019 D/ActivityThread(12449): add activity client record, r= ActivityRecord{2c2a792 token=android.os.BinderProxy@f7a1593 {com.excelliance.dualaid/com.excelliance.kxqp.ui.HelloActivity}} token= android.os.BinderProxy@f7a1593
06-24 16:33:04.019 I/PhoneStatusBar( 1513): updateNotificationShade: total=78, active=78
06-24 16:33:04.019 W/PhoneStatusBar( 1513): updateNotificationShade hasFaceDT: false; Detected:false
06-24 16:33:04.019 V/PhoneStatusBar( 1513): mStackScroller size:11,activeCount:78, childCnt:15
06-24 16:33:04.021 D/OpenGLRenderer(12449):   HWUI Binary is  enabled
06-24 16:33:04.022 V/WindowManager(  657): Adding Window{7aad384 u0 com.excelliance.dualaid/com.excelliance.kxqp.ui.HelloActivity} to AppWindowToken{748c19f token=Token{3cfff3e ActivityRecord{4a343f9 u0 com.excelliance.dualaid/com.excelliance.kxqp.ui.HelloActivity t16052}}}
06-24 16:33:04.023 V/WindowManager(  657): addWindow: New client android.os.BinderProxy@56b4597: window=Window{7aad384 u0 com.excelliance.dualaid/com.excelliance.kxqp.ui.HelloActivity} Callers=com.android.server.wm.HwWindowManagerService.addWindow:562 com.android.server.wm.Session.addToDisplay:199 android.view.IWindowSession$Stub.onTransact:124 com.android.server.wm.Session.onTransact:161 android.os.Binder.execTransact:675 
06-24 16:33:04.024 V/MainActivity(12449): onWindowFocusChanged: false
06-24 16:33:04.024 D/MainActivity(12449): onWindowFocusChanged: end
06-24 16:33:04.024 D/HelloActivity(12449): upload: com.tencent.mm,com.tencent.mobileqq,com.ifreetalk.ftalk
06-24 16:33:04.026 D/OpenGLRenderer(12449):   HWUI Binary is  enabled
06-24 16:33:04.030 E/SmtServService(12474): firststartcom.tencent.mm,com.tencent.mobileqq,com.ifreetalk.ftalk
06-24 16:33:04.034 D/VersionManager(12474): xml=<?xml version="1.0" encoding="utf-8"?><upinfo></upinfo>
06-24 16:33:04.040 W/HwKeyguardDragHelper( 1513): AnimationBlocked
06-24 16:33:04.051 V/WindowManager(  657): Checking 1 opening apps (frozen=false timeout=false)...
06-24 16:33:04.052 V/WindowManager(  657): Check opening app=AppWindowToken{748c19f token=Token{3cfff3e ActivityRecord{4a343f9 u0 com.excelliance.dualaid/com.excelliance.kxqp.ui.HelloActivity t16052}}}: allDrawn=false startingDisplayed=false startingMoved=false isRelaunching()=false
06-24 16:33:04.053 I/PhoneStatusBar( 1513): updateNotificationShade: total=78, active=78
06-24 16:33:04.053 W/PhoneStatusBar( 1513): updateNotificationShade hasFaceDT: false; Detected:false
06-24 16:33:04.053 V/PhoneStatusBar( 1513): mStackScroller size:11,activeCount:78, childCnt:15
06-24 16:33:04.054 V/HwPhoneWindowManager(  657): updateSystemUiColorLw window=Window{7aad384 u0 com.excelliance.dualaid/com.excelliance.kxqp.ui.HelloActivity},EmuiStyle=0,StatusBarColor=0x0,NavigationBarColor=0xff000000, mLastIsEmuiLightStyle=-1
06-24 16:33:04.054 D/HwPhoneWindowManager(  657): Transact:setSystemUIColor to status bar service
06-24 16:33:04.054 I/CommandQueue( 1513): updateBarBgColor
06-24 16:33:04.054 D/CommandQueue( 1513): CommandQueue, setBarBackgroundColor
06-24 16:33:04.056 V/WindowManager(  657): Checking 1 opening apps (frozen=false timeout=false)...
06-24 16:33:04.056 V/WindowManager(  657): Check opening app=AppWindowToken{748c19f token=Token{3cfff3e ActivityRecord{4a343f9 u0 com.excelliance.dualaid/com.excelliance.kxqp.ui.HelloActivity t16052}}}: allDrawn=false startingDisplayed=false startingMoved=false isRelaunching()=false
06-24 16:33:04.059 V/WindowManager(  657): Checking 1 opening apps (frozen=false timeout=false)...
06-24 16:33:04.059 V/WindowManager(  657): Check opening app=AppWindowToken{748c19f token=Token{3cfff3e ActivityRecord{4a343f9 u0 com.excelliance.dualaid/com.excelliance.kxqp.ui.HelloActivity t16052}}}: allDrawn=false startingDisplayed=false startingMoved=false isRelaunching()=false
06-24 16:33:04.059 I/GRALLOC (  679): 	 shrFd=10,fmt=0x1,intFmt=0x200000001,btStrd=4352,size=8486912,pid=679 
06-24 16:33:04.059 I/GRALLOC (  679): 	 yuv=2,w=1080,h=1920,Stride u=0 v=0,offset u=0 v=0 
06-24 16:33:04.059 I/GRALLOC (  679): 	 iova_size=8486912,conUsg=0x900,proUsg=0x900,	 strd=1088,[afbc]HdrStrd=1088 PyldStrd=69632 Scrmbl=2,ionhnd = 1 
06-24 16:33:04.060 I/WindowManager(  657): notifyAccessibilityButtonVisibilityChanged visible:false
06-24 16:33:04.061 W//system/bin/hwservicemanager(  416): Cannot open /odm/manifest.xml
06-24 16:33:04.061 I/GRALLOC (  679): 	 shrFd=10,fmt=0x1,intFmt=0x200000001,btStrd=4352,size=8486912,pid=679 
06-24 16:33:04.061 I/GRALLOC (  679): 	 yuv=2,w=1080,h=1920,Stride u=0 v=0,offset u=0 v=0 
06-24 16:33:04.061 I/GRALLOC (  679): 	 iova_size=8486912,conUsg=0x900,proUsg=0x900,	 strd=1088,[afbc]HdrStrd=1088 PyldStrd=69632 Scrmbl=2,ionhnd = 1 
06-24 16:33:04.062 I/GRALLOC (  679): 	 shrFd=10,fmt=0x1,intFmt=0x200000001,btStrd=4352,size=8486912,pid=679 
06-24 16:33:04.062 I/GRALLOC (  679): 	 yuv=2,w=1080,h=1920,Stride u=0 v=0,offset u=0 v=0 
06-24 16:33:04.062 I/GRALLOC (  679): 	 iova_size=8486912,conUsg=0x900,proUsg=0x900,	 strd=1088,[afbc]HdrStrd=1088 PyldStrd=69632 Scrmbl=2,ionhnd = 1 
06-24 16:33:04.063 D/mali_winsys(12449): EGLint new_window_surface(egl_winsys_display *, void *, EGLSurface, EGLConfig, egl_winsys_surface **, egl_color_buffer_format *, EGLBoolean) returns 0x3000
06-24 16:33:04.076 W/InputMethodManager(12449): startInputReason = 1
06-24 16:33:04.078 I/wangchen( 7035): SysInfo.getSysParam: orientation=1||config d=3.0,w=1080,h=1920||metrics d=3.0,w=1080,h=1920||sdk=26,bar_h=72
06-24 16:33:04.078 I/KeymapLoader( 7035): w=1080 h=1920 ori=true appScale=3.3 s1=3.0
06-24 16:33:04.079 D/PMS11423(  657): package:com.android.mms, input flags:0, output hwFlags:0
06-24 16:33:04.080 D/PMS11423(  657): package:com.android.settings, input flags:0, output hwFlags:0
06-24 16:33:04.081 D/PMS11423(  657): package:com.android.contacts, input flags:0, output hwFlags:0
06-24 16:33:04.087 I/PhoneStatusBar( 1513): updateNotificationShade: total=78, active=78
06-24 16:33:04.087 W/PhoneStatusBar( 1513): updateNotificationShade hasFaceDT: false; Detected:false
06-24 16:33:04.088 V/PhoneStatusBar( 1513): mStackScroller size:11,activeCount:78, childCnt:15
06-24 16:33:04.097 D/PMS1000 (  657): package:com.excelliance.dualaid, input flags:8192, output hwFlags:0
06-24 16:33:04.100 W/HSM     ( 1813): HoldService:toast switch is close!
06-24 16:33:04.100 I/GRALLOC (  679): 	 shrFd=10,fmt=0x1,intFmt=0x200000001,btStrd=4352,size=8486912,pid=679 
06-24 16:33:04.100 I/GRALLOC (  679): 	 yuv=2,w=1080,h=1920,Stride u=0 v=0,offset u=0 v=0 
06-24 16:33:04.100 I/GRALLOC (  679): 	 iova_size=8486912,conUsg=0xb00,proUsg=0xb00,	 strd=1088,[afbc]HdrStrd=1088 PyldStrd=69632 Scrmbl=2,ionhnd = 1 
06-24 16:33:04.101 D/ApplicationPackageManager(12449): getInstalledApplications blocked
06-24 16:33:04.101 D/HsmInterfaceImpl(12449): List [ApplicationInfo{eb33652 com.huawei.hifolder}, ApplicationInfo{2474d23 com.github.shadowsocks}, ApplicationInfo{deeb220 com.excelliance.dualaid}]
06-24 16:33:04.107 D/WindowManager(  657): finishDrawingWindow: Window{7aad384 u0 com.excelliance.dualaid/com.excelliance.kxqp.ui.HelloActivity} mDrawState=DRAW_PENDING
06-24 16:33:04.108 D/PMS11423(  657): package:com.tencent.tmgp.qqx5, input flags:0, output hwFlags:0
06-24 16:33:04.108 V/WindowManager(  657): Checking 1 opening apps (frozen=false timeout=false)...
06-24 16:33:04.108 V/WindowManager(  657): Check opening app=AppWindowToken{748c19f token=Token{3cfff3e ActivityRecord{4a343f9 u0 com.excelliance.dualaid/com.excelliance.kxqp.ui.HelloActivity t16052}}}: allDrawn=true startingDisplayed=false startingMoved=false isRelaunching()=false
06-24 16:33:04.108 D/PMS11423(  657): package:com.huawei.android.pushagent, input flags:0, output hwFlags:0
06-24 16:33:04.109 D/PMS11423(  657): package:com.huawei.appmarket, input flags:0, output hwFlags:0
06-24 16:33:04.109 D/PMS11423(  657): package:com.wandoujia.phoenix2, input flags:0, output hwFlags:0
06-24 16:33:04.109 D/PMS11423(  657): package:com.tencent.mm, input flags:0, output hwFlags:0
06-24 16:33:04.110 D/PMS11423(  657): package:com.android.providers.media, input flags:0, output hwFlags:0
06-24 16:33:04.110 D/PMS11423(  657): package:com.huawei.vassistant, input flags:0, output hwFlags:0
06-24 16:33:04.110 D/PMS11423(  657): package:com.android.contacts, input flags:0, output hwFlags:0
06-24 16:33:04.110 D/PMS11423(  657): package:com.facebook.katana, input flags:0, output hwFlags:0
06-24 16:33:04.110 D/PMS11423(  657): package:com.huawei.hidisk, input flags:0, output hwFlags:536870912
06-24 16:33:04.110 D/PMS11423(  657): package:com.huawei.trustcircle, input flags:0, output hwFlags:0
06-24 16:33:04.111 D/PMS11423(  657): package:com.jingdong.app.mall, input flags:0, output hwFlags:0
06-24 16:33:04.111 D/PMS11423(  657): package:com.tencent.mobileqq, input flags:0, output hwFlags:0
06-24 16:33:04.111 D/PMS11423(  657): package:com.zol.android, input flags:0, output hwFlags:0
06-24 16:33:04.111 D/PMS11423(  657): package:com.huawei.hiskytone, input flags:0, output hwFlags:603979776
06-24 16:33:04.111 D/PMS11423(  657): package:com.huawei.hwid, input flags:0, output hwFlags:0
06-24 16:33:04.111 D/PMS11423(  657): package:com.sina.weibo, input flags:0, output hwFlags:0
06-24 16:33:04.112 D/PMS11423(  657): package:com.antutu.ABenchMark, input flags:0, output hwFlags:0
06-24 16:33:04.112 D/PMS11423(  657): package:com.sankuai.meituan.takeoutnew, input flags:0, output hwFlags:0
06-24 16:33:04.112 D/PMS11423(  657): package:com.vmall.client, input flags:0, output hwFlags:67108864
06-24 16:33:04.112 D/PMS11423(  657): package:com.android.browser, input flags:0, output hwFlags:0
06-24 16:33:04.112 D/PMS11423(  657): package:com.eg.android.AlipayGphone, input flags:0, output hwFlags:0
06-24 16:33:04.113 D/PMS11423(  657): package:com.android.mediacenter, input flags:0, output hwFlags:0
06-24 16:33:04.113 D/PMS11423(  657): package:com.huawei.himovie, input flags:0, output hwFlags:0
06-24 16:33:04.113 D/PMS11423(  657): package:com.huawei.hnreader, input flags:0, output hwFlags:67108864
06-24 16:33:04.113 V/WindowManager(  657): Checking 0 opening apps (frozen=false timeout=false)...
06-24 16:33:04.114 D/PMS11423(  657): package:com.twitter.android, input flags:0, output hwFlags:0
06-24 16:33:04.114 D/PMS11423(  657): package:com.baidu.input_huawei, input flags:0, output hwFlags:0
06-24 16:33:04.114 D/PMS11423(  657): package:com.google.android.gms, input flags:0, output hwFlags:0
06-24 16:33:04.114 D/PMS11423(  657): package:com.sankuai.meituan, input flags:0, output hwFlags:0
06-24 16:33:04.114 D/PMS11423(  657): package:com.tencent.news, input flags:0, output hwFlags:0
06-24 16:33:04.114 D/PMS11423(  657): package:com.iflytek.speechsuite, input flags:0, output hwFlags:0
06-24 16:33:04.115 D/PMS11423(  657): package:com.qzone, input flags:0, output is null
06-24 16:33:04.115 D/PMS11423(  657): package:com.tencent.android.qqdownloader, input flags:0, output hwFlags:0
06-24 16:33:04.115 D/PMS11423(  657): package:com.tencent.now, input flags:0, output is null
06-24 16:33:04.115 D/PMS11423(  657): package:com.ifreetalk.ftalk, input flags:0, output hwFlags:0
06-24 16:33:04.115 D/PMS11423(  657): package:com.taobao.taobao, input flags:0, output hwFlags:0
06-24 16:33:04.115 D/PMS11423(  657): package:com.android.gallery3d, input flags:0, output hwFlags:0
06-24 16:33:04.116 D/PMS11423(  657): package:com.pp.assistant, input flags:0, output hwFlags:0
06-24 16:33:04.116 D/PMS11423(  657): package:com.oppo.market, input flags:0, output hwFlags:0
06-24 16:33:04.116 D/PMS11423(  657): package:com.excean.wxaid, input flags:0, output hwFlags:0
06-24 16:33:04.116 D/PMS11423(  657): package:com.huawei.intelligent, input flags:0, output hwFlags:0
06-24 16:33:04.116 D/PMS11423(  657): package:com.google.android.backuptransport, input flags:0, output hwFlags:0
06-24 16:33:04.116 D/PMS11423(  657): package:com.huawei.skytone, input flags:0, output hwFlags:0
06-24 16:33:04.117 D/PMS11423(  657): package:com.estrongs.android.pop, input flags:0, output hwFlags:0
06-24 16:33:04.117 D/PMS11423(  657): package:com.redfinger.app, input flags:0, output hwFlags:0
06-24 16:33:04.117 D/PMS11423(  657): package:com.android.vending, input flags:0, output hwFlags:0
06-24 16:33:04.117 D/PMS11423(  657): package:org.hapjs.mockup, input flags:0, output hwFlags:0
06-24 16:33:04.117 D/PMS11423(  657): package:com.huawei.gamebox, input flags:0, output hwFlags:603979776
06-24 16:33:04.117 D/PMS11423(  657): package:com.tencent.tmgp.pubgmhd-ext, input flags:0, output is null
06-24 16:33:04.117 I/ActivityManager(  657): Displayed com.excelliance.dualaid/com.excelliance.kxqp.ui.HelloActivity: +215ms
06-24 16:33:04.117 D/PMS11423(  657): package:com.stickgame.los2, input flags:0, output hwFlags:0
06-24 16:33:04.118 D/PMS11423(  657): package:com.qihoo.appstore, input flags:0, output hwFlags:0
06-24 16:33:04.118 I/GRALLOC (  679): 	 shrFd=10,fmt=0x1,intFmt=0x200000001,btStrd=4352,size=8486912,pid=679 
06-24 16:33:04.118 I/GRALLOC (  679): 	 yuv=2,w=1080,h=1920,Stride u=0 v=0,offset u=0 v=0 
06-24 16:33:04.118 I/GRALLOC (  679): 	 iova_size=8486912,conUsg=0xb00,proUsg=0xb00,	 strd=1088,[afbc]HdrStrd=1088 PyldStrd=69632 Scrmbl=2,ionhnd = 1 
06-24 16:33:04.118 D/PMS11423(  657): package:com.huawei.android.thememanager, input flags:0, output hwFlags:0
06-24 16:33:04.118 D/PMS11423(  657): package:com.excean.parallelspace, input flags:0, output hwFlags:0
06-24 16:33:04.118 D/PMS11423(  657): package:com.UCMobile, input flags:0, output hwFlags:0
06-24 16:33:04.118 D/PMS11423(  657): package:com.bbk.appstore, input flags:0, output hwFlags:0
06-24 16:33:04.118 D/PMS11423(  657): package:com.excean.ppaid, input flags:0, output hwFlags:0
06-24 16:33:04.119 D/PMS11423(  657): package:com.netease.blockchain, input flags:0, output hwFlags:0
06-24 16:33:04.119 D/PMS11423(  657): package:com.huawei.camera, input flags:0, output hwFlags:0
06-24 16:33:04.119 D/PMS11423(  657): package:com.sinovatech.unicom.ui, input flags:0, output hwFlags:0
06-24 16:33:04.119 D/PMS11423(  657): package:com.huawei.phoneservice, input flags:0, output hwFlags:0
06-24 16:33:04.119 D/PMS11423(  657): package:com.crisisfire.android.nearme.gamecenter, input flags:0, output hwFlags:0
06-24 16:33:04.119 D/PMS11423(  657): package:com.antutu.benchmark.full, input flags:0, output hwFlags:0
06-24 16:33:04.119 D/PMS11423(  657): package:com.xunmeng.pinduoduo, input flags:0, output hwFlags:0
06-24 16:33:04.120 D/PMS11423(  657): package:com.zhuowang.cloneapp, input flags:0, output hwFlags:0
06-24 16:33:04.120 D/TintManager( 1513): statusBarIconTint=#99FFFFFF,navigationBarIconTint=#FF000000
06-24 16:33:04.120 D/PMS11423(  657): package:com.excean.parallelspace.b64, input flags:0, output hwFlags:0
06-24 16:33:04.120 D/PMS11423(  657): package:com.excelliance.multiaccounts.b64, input flags:0, output hwFlags:0
06-24 16:33:04.120 D/PMS11423(  657): package:com.xiangyou.multispace, input flags:0, output hwFlags:0
06-24 16:33:04.120 W/ActivityManager(  657): Sending non-protected broadcast huawei.action.floattasks.STATUS_BAR_STATE_CHANGED from system 1513:com.android.systemui/u0a39 pkg com.android.systemui
06-24 16:33:04.120 D/PMS11423(  657): package:com.youlong.multiaccount, input flags:0, output hwFlags:0
06-24 16:33:04.120 D/PMS11423(  657): package:com.gameloft.android.ANMP.GloftA9HM, input flags:0, output hwFlags:0
06-24 16:33:04.120 D/PMS11423(  657): package:com.excelliance.dualaid.b64, input flags:0, output hwFlags:0
06-24 16:33:04.121 D/AddGameData(12449): switch_uninstall: 70
06-24 16:33:04.121 W/HwKeyguardDragHelper( 1513): AnimationBlocked
06-24 16:33:04.123 D/PMS1000 (  657): package:com.excelliance.dualaid, input flags:8192, output hwFlags:0
06-24 16:33:04.124 W/HSM     ( 1813): HoldService:toast switch is close!
06-24 16:33:04.124 I/GRALLOC (  679): 	 shrFd=10,fmt=0x1,intFmt=0x200000001,btStrd=4352,size=8486912,pid=679 
06-24 16:33:04.124 I/GRALLOC (  679): 	 yuv=2,w=1080,h=1920,Stride u=0 v=0,offset u=0 v=0 
06-24 16:33:04.124 I/GRALLOC (  679): 	 iova_size=8486912,conUsg=0xb00,proUsg=0xb00,	 strd=1088,[afbc]HdrStrd=1088 PyldStrd=69632 Scrmbl=2,ionhnd = 1 
06-24 16:33:04.125 D/ApplicationPackageManager(12449): queryIntentActivitiesAsUser blocked, Intent { act=android.intent.action.MAIN cat=[android.intent.category.LAUNCHER] pkg=com.huawei.hifolder }
06-24 16:33:04.125 D/HsmInterfaceImpl(12449): List []
06-24 16:33:04.129 W/HSM     ( 1813): HoldService:toast switch is close!
06-24 16:33:04.130 D/ApplicationPackageManager(12449): queryIntentActivitiesAsUser blocked, Intent { act=android.intent.action.MAIN cat=[android.intent.category.LAUNCHER] pkg=com.github.shadowsocks }
06-24 16:33:04.130 D/HsmInterfaceImpl(12449): List [ResolveInfo{da7c7d9 com.github.shadowsocks/.MainActivity m=0x108000}]
06-24 16:33:04.136 I/PhoneStatusBar( 1513): updateNotificationShade: total=78, active=78
06-24 16:33:04.136 W/PhoneStatusBar( 1513): updateNotificationShade hasFaceDT: false; Detected:false
06-24 16:33:04.136 V/PhoneStatusBar( 1513): mStackScroller size:11,activeCount:78, childCnt:15
06-24 16:33:04.143 E/BufferQueueProducer(  710): [com.excelliance.dualaid/com.excelliance.kxqp.swipe.NavActivity2#0] disconnect: not connected (req=1)
06-24 16:33:04.143 W/libEGL  (12449): EGLNativeWindowType 0xd0cbc808 disconnect failed
06-24 16:33:04.157 W/HSM     ( 1813): HoldService:toast switch is close!
06-24 16:33:04.158 D/ApplicationPackageManager(12449): queryIntentActivitiesAsUser blocked, Intent { act=android.intent.action.MAIN cat=[android.intent.category.LAUNCHER] pkg=com.excelliance.dualaid }
06-24 16:33:04.158 D/HsmInterfaceImpl(12449): List [ResolveInfo{537987f com.excelliance.dualaid/com.excelliance.kxqp.ui.HelloActivity m=0x108000}]
06-24 16:33:04.170 I/PhoneStatusBar( 1513): updateNotificationShade: total=78, active=78
06-24 16:33:04.170 W/PhoneStatusBar( 1513): updateNotificationShade hasFaceDT: false; Detected:false
06-24 16:33:04.171 V/PhoneStatusBar( 1513): mStackScroller size:11,activeCount:78, childCnt:15
06-24 16:33:04.187 D/PMS1000 (  657): package:com.excelliance.dualaid, input flags:8192, output hwFlags:0
06-24 16:33:04.188 W/HSM     ( 1813): HoldService:toast switch is close!
06-24 16:33:04.188 W/HwKeyguardDragHelper( 1513): AnimationBlocked
06-24 16:33:04.189 D/ApplicationPackageManager(12449): queryIntentActivitiesAsUser blocked, Intent { act=android.intent.action.MAIN cat=[android.intent.category.LAUNCHER] pkg=com.tencent.tmgp.qqx5 }
06-24 16:33:04.189 D/HsmInterfaceImpl(12449): List [ResolveInfo{7c40895 com.tencent.tmgp.qqx5/.DGMMainActivity m=0x108000}]
06-24 16:33:04.201 I/PhoneStatusBar( 1513): updateNotificationShade: total=78, active=78
06-24 16:33:04.201 W/PhoneStatusBar( 1513): updateNotificationShade hasFaceDT: false; Detected:false
06-24 16:33:04.201 V/PhoneStatusBar( 1513): mStackScroller size:11,activeCount:78, childCnt:15
06-24 16:33:04.211 D/HwRecentsLockUtils( 1513): Search
06-24 16:33:04.211 E/HsmCoreServiceImpl( 1478): onTransact in code is: 103
06-24 16:33:04.211 I/MediaProcessHandler( 1478): playingUids: 
06-24 16:33:04.211 D/ActivityManager(  657): Skipping, home or recents stack task: TaskRecord{333215f #15658 A=com.huawei.android.launcher U=0 StackId=0 sz=1}
06-24 16:33:04.211 D/ActivityManager(  657): Skipping intent:act=android.intent.action.MAIN cat=[android.intent.category.LAUNCHER] flg=0x10a00000 cmp=io.appium.settings/.Settings
06-24 16:33:04.212 D/ActivityManager(  657): Skipping intent:flg=0x10804000 cmp=com.android.systemui/.recents.RecentsActivity bnds=[48,928][1032,2296]
06-24 16:33:04.212 D/ActivityManager(  657): Skipping intent:flg=0x18800000 cmp=com.tencent.mm/.plugin.base.stub.WXPayEntryActivity
06-24 16:33:04.212 D/ActivityManager(  657): Skipping intent:flg=0x10800000 cmp=com.huawei.systemmanager/com.huawei.permissionmanager.ui.MainActivity
06-24 16:33:04.212 D/ActivityManager(  657): Skipping intent:flg=0x18800000 cmp=com.tencent.mm/.plugin.base.stub.WXEntryActivity
06-24 16:33:04.212 D/ActivityManager(  657): Skipping intent:act=com.huawei.action.VOICE_ASSISTANT flg=0x10800000 pkg=com.huawei.vassistant cmp=com.huawei.vassistant/.ui.main.VAssistantActivity
06-24 16:33:04.212 D/ActivityManager(  657): Skipping intent:act=com.huawei.android.launcher.action.ACCESS_SPLIT_SCREEN_APP cat=[android.intent.category.DEFAULT] flg=0x10804000 cmp=com.huawei.android.launcher/.splitscreen.SplitScreenAppActivity
06-24 16:33:04.212 D/ActivityManager(  657): Skipping intent:flg=0x10800000 pkg=com.excelliance.dualaid.b64 cmp=com.excelliance.dualaid.b64/com.excelliance.kxqp.sdk.PermissionRequestActivity
06-24 16:33:04.212 D/ActivityManager(  657): Skipping intent:act=android.intent.action.VIEW dat=content://com.excelliance.dualaid.fileProvider/external_storage_root/Download/apk/Multiple_64.apk typ=application/vnd.android.package-archive flg=0x10800001 cmp=com.android.packageinstaller/.InstallStart
06-24 16:33:04.212 D/ActivityManager(  657): Skipping intent:flg=0x10800000 cmp=com.android.systemui/.usb.HwUsbDebuggingActivity
06-24 16:33:04.212 D/ActivityManager(  657): Skipping intent:act=android.deviceinfo.chooser.action.LAUNCH flg=0x10800000 hwFlg=0x100 pkg=com.android.settings cmp=com.android.settings/.deviceinfo.UsbConnModeChooserActivity
06-24 16:33:04.212 D/ActivityManager(  657): Skipping intent:flg=0x10800000 cmp=com.zol.android/.push.KeepLiveActivity
06-24 16:33:04.212 D/ActivityManager(  657): Skipping intent:act=android.intent.action.MAIN cat=[android.intent.category.HOME] flg=0x10800300 cmp=com.android.settings/.FallbackHome
06-24 16:33:04.235 I/PhoneStatusBar( 1513): updateNotificationShade: total=78, active=78
06-24 16:33:04.235 W/PhoneStatusBar( 1513): updateNotificationShade hasFaceDT: false; Detected:false
06-24 16:33:04.235 D/PMS1000 (  657): package:com.excelliance.dualaid, input flags:8192, output hwFlags:0
06-24 16:33:04.236 V/PhoneStatusBar( 1513): mStackScroller size:11,activeCount:78, childCnt:15
06-24 16:33:04.237 W/HSM     ( 1813): HoldService:toast switch is close!
06-24 16:33:04.238 D/ApplicationPackageManager(12449): queryIntentActivitiesAsUser blocked, Intent { act=android.intent.action.MAIN cat=[android.intent.category.LAUNCHER] pkg=com.huawei.android.pushagent }
06-24 16:33:04.238 D/HsmInterfaceImpl(12449): List []
06-24 16:33:04.245 W/HSM     ( 1813): HoldService:toast switch is close!
06-24 16:33:04.246 D/ApplicationPackageManager(12449): queryIntentActivitiesAsUser blocked, Intent { act=android.intent.action.MAIN cat=[android.intent.category.LAUNCHER] pkg=com.huawei.appmarket }
06-24 16:33:04.246 D/HsmInterfaceImpl(12449): List [ResolveInfo{8b73d9b com.huawei.appmarket/.MainActivity m=0x108000}]
06-24 16:33:04.251 E/asset   (12449): createFromFile(): lock file /data/resource-cache/system@emui@base@overlay@frameworkhwexthonor@frameworkhwexthonor.apk@idmap.
06-24 16:33:04.251 E/asset   (12449): createFromFile(): lock file /data/resource-cache/system@emui@base@overlay@frameworkhwexthonor@frameworkhwexthonor.apk@idmap.
06-24 16:33:04.252 W/ResourceType(12449): Found multiple library tables, ignoring...
06-24 16:33:04.257 W/HwKeyguardDragHelper( 1513): AnimationBlocked
06-24 16:33:04.269 I/PhoneStatusBar( 1513): updateNotificationShade: total=78, active=78
06-24 16:33:04.270 W/PhoneStatusBar( 1513): updateNotificationShade hasFaceDT: false; Detected:false
06-24 16:33:04.270 V/PhoneStatusBar( 1513): mStackScroller size:11,activeCount:78, childCnt:15
06-24 16:33:04.286 W/HSM     ( 1813): HoldService:toast switch is close!
06-24 16:33:04.288 D/ApplicationPackageManager(12449): queryIntentActivitiesAsUser blocked, Intent { act=android.intent.action.MAIN cat=[android.intent.category.LAUNCHER] pkg=com.wandoujia.phoenix2 }
06-24 16:33:04.288 D/HsmInterfaceImpl(12449): List [ResolveInfo{67f8a76 com.wandoujia.phoenix2/com.pp.assistant.activity.PPMainActivity m=0x108000}]
06-24 16:33:04.304 I/TrafficMonitor(  657): expired arrive. level:-1
06-24 16:33:04.304 I/TrafficMonitor(  657): during_ms:2001,period_ms:2000
06-24 16:33:04.304 I/TrafficMonitor(  657): count:533,rx_sum:12,tx_sum:12,rxBytes:1472,during_ms:2001,rx_speed:735.632183908046,tx_speed:598.2008995502249,rto:1.0
06-24 16:33:04.304 D/HuaweiWifiWatchdogStateMachine(  657): speed: rxpkt:12, rxSpd:735B/s, txpkt:12, txSpd:598
06-24 16:33:04.308 I/PhoneStatusBar( 1513): updateNotificationShade: total=78, active=78
06-24 16:33:04.308 W/PhoneStatusBar( 1513): updateNotificationShade hasFaceDT: false; Detected:false
06-24 16:33:04.309 V/PhoneStatusBar( 1513): mStackScroller size:11,activeCount:78, childCnt:15
06-24 16:33:04.330 E/WifiHAL (  706): enter wifi_get_link_stats
06-24 16:33:04.341 D/BarTransitions.HwPhoneStatusBarView( 1513): MODE_TRANSLUCENT -> MODE_TRANSPARENT animate=false
06-24 16:33:04.341 D/BarTransitions.HwPhoneStatusBarView( 1513): applyModeBackground oldMode=MODE_TRANSLUCENT newMode=MODE_TRANSPARENT animate=false
06-24 16:33:04.342 D/BarTransitions.HwNavigationBarView( 1513): MODE_OPAQUE -> MODE_TRANSPARENT animate=false
06-24 16:33:04.342 D/BarTransitions.HwNavigationBarView( 1513): applyModeBackground oldMode=MODE_OPAQUE newMode=MODE_TRANSPARENT animate=false
06-24 16:33:04.344 W/HwKeyguardDragHelper( 1513): AnimationBlocked
06-24 16:33:04.347 E/wificond(  765): Failed to get NL80211_STA_INFO_CNAHLOAD
06-24 16:33:04.347 E/WificondControl(  657): Noise: -90, Snr: 0, Chload: -1
06-24 16:33:04.348 D/HwWifiCHRStateManager(  657): handleMessage : 1001
06-24 16:33:04.348 D/HwWifiCHRStateManager(  657): handleUpdateChannel:5805
06-24 16:33:04.348 V/HwWifiServiceFactory(  657): get AllImpl object = com.android.server.wifi.HwWifiServiceFactoryImpl@a390a53
06-24 16:33:04.349 V/ActivityManager(  657): Making visible and scheduling visibility: ActivityRecord{d5c9105 u0 com.huawei.android.launcher/.unihome.UniHomeLauncher t15658}
06-24 16:33:04.349 V/WindowManager(  657): No longer Stopped: AppWindowToken{d3a938b token=Token{377755a ActivityRecord{d5c9105 u0 com.huawei.android.launcher/.unihome.UniHomeLauncher t15658}}}
06-24 16:33:04.349 D/WifiScoreReport(  657): Score = 100, wifiConnectivityManagerEnabled = false, lowScoreCount = 0
06-24 16:33:04.370 I/PhoneStatusBar( 1513): updateNotificationShade: total=78, active=78
06-24 16:33:04.370 W/PhoneStatusBar( 1513): updateNotificationShade hasFaceDT: false; Detected:false
06-24 16:33:04.371 V/PhoneStatusBar( 1513): mStackScroller size:11,activeCount:78, childCnt:15
06-24 16:33:04.397 D/ActivityThread(12449): Remove activity client record, r= ActivityRecord{414755e token=android.os.BinderProxy@31abee5 {com.excelliance.dualaid/com.excelliance.kxqp.swipe.NavActivity2}} token= android.os.BinderProxy@31abee5
06-24 16:33:04.399 D/PMS1000 (  657): package:com.excelliance.dualaid, input flags:8192, output hwFlags:0
06-24 16:33:04.400 V/ActivityThread( 2519): Handle window ActivityRecord{4719bb8 token=android.os.BinderProxy@b3fca27 {com.huawei.android.launcher/com.huawei.android.launcher.unihome.UniHomeLauncher}} visibility: true
06-24 16:33:04.402 E/HwLauncher( 2519): SettingsEx , no such field.
06-24 16:33:04.403 W/HwLauncher( 2519): Clock getDataFormat the getSystemString failed.
06-24 16:33:04.403 V/WindowManager(  657): removeIfPossible: Window{6d4fcf5 u0 com.excelliance.dualaid/com.excelliance.kxqp.swipe.NavActivity2} callers=com.android.server.wm.WindowState.removeIfPossible:1914 com.android.server.wm.WindowManagerService.removeWindow:2022 com.android.server.wm.Session.remove:218 android.view.IWindowSession$Stub.onTransact:242 com.android.server.wm.Session.onTransact:161 
06-24 16:33:04.404 I/WindowManager(  657): Destroying surface Surface(name=com.excelliance.dualaid/com.excelliance.kxqp.swipe.NavActivity2) called by com.android.server.wm.WindowStateAnimator.destroySurface:2060 com.android.server.wm.WindowStateAnimator.destroySurfaceLocked:873 com.android.server.wm.HwWindowStateAnimator.destroySurfaceLocked:1006 com.android.server.wm.WindowState.removeImmediately:1899 com.android.server.wm.WindowState.removeIfPossible:2051 com.android.server.wm.WindowState.removeIfPossible:1914 com.android.server.wm.WindowManagerService.removeWindow:2022 com.android.server.wm.Session.remove:218 
06-24 16:33:04.404 D/HwQoEUtils(  657): mForegroundAppPackageName: com.huawei.android.launcher ,score: 0
06-24 16:33:04.404 V/WindowManager(  657): postWindowRemoveCleanupLocked: Window{6d4fcf5 u0 com.excelliance.dualaid/com.excelliance.kxqp.swipe.NavActivity2}
06-24 16:33:04.405 D/HwQoEUtils(  657): onForegroundAppWifiSleepChange: config:false, sleeptime:-1,type: 255, appname:com.huawei.android.launcher
06-24 16:33:04.405 V/WindowManager(  657): Removing Window{6d4fcf5 u0 com.excelliance.dualaid/com.excelliance.kxqp.swipe.NavActivity2} from AppWindowToken{65f66a6 token=Token{54b8801 ActivityRecord{fd639e8 u0 com.excelliance.dualaid/com.excelliance.kxqp.swipe.NavActivity2 t16052}}}
06-24 16:33:04.406 W/HSM     ( 1813): HoldService:toast switch is close!
06-24 16:33:04.407 D/HwQoEUtils(  657): APP type: 255 appName= com.huawei.android.launcher
06-24 16:33:04.408 D/HwQoEUtils(  657): no game, APP_TYPE_GAME, appName =com.huawei.android.launcher
06-24 16:33:04.408 D/HwGameAssistantController(  657): pid=2519, uid=10056, foreground=true
06-24 16:33:04.410 D/ApplicationPackageManager(12449): queryIntentActivitiesAsUser blocked, Intent { act=android.intent.action.MAIN cat=[android.intent.category.LAUNCHER] pkg=com.tencent.mm }
06-24 16:33:04.410 D/HsmInterfaceImpl(12449): List [ResolveInfo{222dce4 com.tencent.mm/.ui.LauncherUI m=0x108000}]
06-24 16:33:04.411 I/HwNetworkPolicy(  657): onTransact, code = 203
06-24 16:33:04.416 I/HwNetworkPolicyManager( 1813): getHwUidPolicy uid = 10056 policy = 0
06-24 16:33:04.418 W/AwareLog(  657): SchedLevelBoost: onFgActivitiesChanged config not set!
06-24 16:33:04.421 I/PhoneStatusBar( 1513): updateNotificationShade: total=78, active=78
06-24 16:33:04.421 W/PhoneStatusBar( 1513): updateNotificationShade hasFaceDT: false; Detected:false
06-24 16:33:04.422 V/PhoneStatusBar( 1513): mStackScroller size:11,activeCount:78, childCnt:15
06-24 16:33:04.436 I/GRALLOC (  679): 	 shrFd=10,fmt=0x1,intFmt=0x200000001,btStrd=4352,size=8486912,pid=679 
06-24 16:33:04.436 I/GRALLOC (  679): 	 yuv=2,w=1080,h=1920,Stride u=0 v=0,offset u=0 v=0 
06-24 16:33:04.436 I/GRALLOC (  679): 	 iova_size=8486912,conUsg=0x900,proUsg=0x900,	 strd=1088,[afbc]HdrStrd=1088 PyldStrd=69632 Scrmbl=2,ionhnd = 1 
06-24 16:33:04.439 I/chatty  (  679): uid=1000(system) allocator@2.0-s identical 1 line
06-24 16:33:04.446 I/GRALLOC (  679): 	 shrFd=10,fmt=0x1,intFmt=0x200000001,btStrd=4352,size=8486912,pid=679 
06-24 16:33:04.446 I/GRALLOC (  679): 	 yuv=2,w=1080,h=1920,Stride u=0 v=0,offset u=0 v=0 
06-24 16:33:04.446 I/GRALLOC (  679): 	 iova_size=8486912,conUsg=0x900,proUsg=0x900,	 strd=1088,[afbc]HdrStrd=1088 PyldStrd=69632 Scrmbl=2,ionhnd = 1 
06-24 16:33:04.448 D/mali_winsys( 2519): EGLint new_window_surface(egl_winsys_display *, void *, EGLSurface, EGLConfig, egl_winsys_surface **, egl_color_buffer_format *, EGLBoolean) returns 0x3000
06-24 16:33:04.450 V/WindowManager(  657): removeAppToken: AppWindowToken{65f66a6 token=Token{54b8801 ActivityRecord{fd639e8 u0 com.excelliance.dualaid/com.excelliance.kxqp.swipe.NavActivity2 t16052}}} delayed=false Callers=com.android.server.wm.DisplayContent.removeAppToken:985 com.android.server.wm.AppWindowContainerController.removeContainer:348 com.android.server.am.ActivityRecord.removeWindowContainer:1039 com.android.server.am.ActivityStack.removeActivityFromHistoryLocked:4491 
06-24 16:33:04.457 I/zygote64(  657): Background concurrent copying GC freed 1154982(35MB) AllocSpace objects, 19(380KB) LOS objects, 26% free, 67MB/91MB, paused 469us total 237.836ms
06-24 16:33:04.458 D/PMS1000 (  657): package:com.excelliance.dualaid, input flags:8192, output hwFlags:0
06-24 16:33:04.461 W/HSM     ( 1813): HoldService:toast switch is close!
06-24 16:33:04.462 D/ApplicationPackageManager(12449): queryIntentActivitiesAsUser blocked, Intent { act=android.intent.action.MAIN cat=[android.intent.category.LAUNCHER] pkg=com.android.providers.media }
06-24 16:33:04.462 D/HsmInterfaceImpl(12449): List []
06-24 16:33:04.473 W/HwKeyguardDragHelper( 1513): AnimationBlocked
06-24 16:33:04.473 W/HSM     ( 1813): HoldService:toast switch is close!
06-24 16:33:04.474 D/ApplicationPackageManager(12449): queryIntentActivitiesAsUser blocked, Intent { act=android.intent.action.MAIN cat=[android.intent.category.LAUNCHER] pkg=com.huawei.vassistant }
06-24 16:33:04.474 D/HsmInterfaceImpl(12449): List [ResolveInfo{47db54d com.huawei.vassistant/.ui.main.VAssistantActivity m=0x108000}]
06-24 16:33:04.483 E/asset   (12449): createFromFile(): lock file /data/resource-cache/system@emui@base@overlay@frameworkhwexthonor@frameworkhwexthonor.apk@idmap.
06-24 16:33:04.484 E/asset   (12449): createFromFile(): lock file /data/resource-cache/system@emui@base@overlay@frameworkhwexthonor@frameworkhwexthonor.apk@idmap.
06-24 16:33:04.484 W/ResourceType(12449): Found multiple library tables, ignoring...
06-24 16:33:04.488 I/GRALLOC (  679): 	 shrFd=10,fmt=0x1,intFmt=0x200000001,btStrd=4352,size=8486912,pid=679 
06-24 16:33:04.488 I/GRALLOC (  679): 	 yuv=2,w=1080,h=1920,Stride u=0 v=0,offset u=0 v=0 
06-24 16:33:04.488 I/GRALLOC (  679): 	 iova_size=8486912,conUsg=0xb00,proUsg=0xb00,	 strd=1088,[afbc]HdrStrd=1088 PyldStrd=69632 Scrmbl=2,ionhnd = 1 
06-24 16:33:04.499 I/PhoneStatusBar( 1513): updateNotificationShade: total=78, active=78
06-24 16:33:04.499 W/PhoneStatusBar( 1513): updateNotificationShade hasFaceDT: false; Detected:false
06-24 16:33:04.500 V/PhoneStatusBar( 1513): mStackScroller size:11,activeCount:78, childCnt:15
06-24 16:33:04.507 D/WindowManager(  657): finishDrawingWindow: Window{68d6975 u0 com.huawei.android.launcher/com.huawei.android.launcher.unihome.UniHomeLauncher} mDrawState=DRAW_PENDING
06-24 16:33:04.517 W/JankService(  777): processEntry, not beta version or commercial log off
06-24 16:33:04.547 D/ImageWallpaper( 1513): onOffsetsChanged: xOffset=0.0, yOffset=0.0, xOffsetStep=0.0, yOffsetStep=0.0, xPixels=0, yPixels=0
06-24 16:33:04.548 D/ImageWallpaper( 1513): Suppressed drawFrame since redraw is not needed and offsets have not changed.sf=Rect(0, 0 - 2160, 1920)
06-24 16:33:04.548 D/ImageWallpaper( 1513): onVisibilityChanged: mVisible, visible=false, true
06-24 16:33:04.548 D/ImageWallpaper( 1513): Visibility changed to visible=true
06-24 16:33:04.548 D/ImageWallpaper( 1513): Suppressed drawFrame since redraw is not needed and offsets have not changed.sf=Rect(0, 0 - 2160, 1920)
06-24 16:33:04.548 W/HwKeyguardDragHelper( 1513): AnimationBlocked
06-24 16:33:04.550 D/PMS1000 (  657): package:com.excelliance.dualaid, input flags:8192, output hwFlags:0
06-24 16:33:04.551 W/HSM     ( 1813): HoldService:toast switch is close!
06-24 16:33:04.552 D/ApplicationPackageManager(12449): queryIntentActivitiesAsUser blocked, Intent { act=android.intent.action.MAIN cat=[android.intent.category.LAUNCHER] pkg=com.facebook.katana }
06-24 16:33:04.553 D/HsmInterfaceImpl(12449): List [ResolveInfo{ba2e350 com.facebook.katana/.LoginActivity m=0x108000}]
06-24 16:33:04.558 E/asset   ( 2519): createFromFile(): lock file /data/resource-cache/system@emui@base@overlay@frameworkhwexthonor@frameworkhwexthonor.apk@idmap.
06-24 16:33:04.559 E/asset   ( 2519): createFromFile(): lock file /data/resource-cache/system@emui@base@overlay@frameworkhwexthonor@frameworkhwexthonor.apk@idmap.
06-24 16:33:04.559 W/ResourceType( 2519): Found multiple library tables, ignoring...
06-24 16:33:04.562 D/NetWorkUtils( 1513): mVSimCurCardType is -1
06-24 16:33:04.576 D/NetWorkUtils( 1513): mVSimCurCardType is -1
06-24 16:33:04.580 I/zygote64( 1513): Background concurrent copying GC freed 507383(22MB) AllocSpace objects, 5(1516KB) LOS objects, 50% free, 22MB/45MB, paused 508us total 156.942ms
06-24 16:33:04.584 D/HwFLClassLoader( 2519): USE_FEATURE_LIST had not init! 
