--------- beginning of system
06-24 17:02:38.297 I/[SPMN]  (  657): insert SECURE -- name = accessibility_enabled, package = android, user = 0, value = 1
--------- beginning of main
06-24 17:02:38.302 I/appium  ( 6296): Started UiAutomator2 io.appium.uiautomator2.http io.appium.uiautomator2.server on port 6790
06-24 17:02:38.303 D/PMS10039(  657): package:com.android.systemui, input flags:0, output hwFlags:0
06-24 17:02:38.304 E/PhoneStatusBar( 1513): Setting not found exception : accessibility_display_magnification_navbar_enabled
06-24 17:02:38.305 E/PhoneStatusBar( 1513): Setting not found exception : accessibility_display_magnification_navbar_enabled
06-24 17:02:38.528 I/appium  ( 6296): channel read invoked!
06-24 17:02:38.529 I/appium  ( 6296): channel read: GET /wd/hub/status
06-24 17:02:38.531 I/appium  ( 6296): AppiumResponse: {"sessionId":"SESSIONID","status":0,"value":"Status Invoked"}
06-24 17:02:38.564 I/appium  ( 6296): channel read invoked!
06-24 17:02:38.565 I/appium  ( 6296): channel read: POST /wd/hub/session
06-24 17:02:38.566 D/appium  ( 6296): payload: {"desiredCapabilities":{"platform":"LINUX","webStorageEnabled":false,"takesScreenshot":true,"javascriptEnabled":true,"databaseEnabled":false,"networkConnectionEnabled":true,"locationContextEnabled":false,"warnings":{},"desired":{"platformName":"Android","platformVersion":"8.0.0\n","deviceName":"CSX0217930000442","appPackage":"com.excelliance.dualaid","appActivity":"com.excelliance.kxqp.ui.HelloActivity","newCommandTimeout":30000,"automationName":"uiautomator2"},"platformName":"Android","platformVersion":"8.0.0","deviceName":"CSX0217930000442","appPackage":"com.excelliance.dualaid","appActivity":"com.excelliance.kxqp.ui.HelloActivity","newCommandTimeout":30000,"automationName":"uiautomator2","deviceUDID":"CSX0217930000442","deviceScreenSize":"1080x1920","deviceScreenDensity":480,"deviceModel":"STF-AL10","deviceManufacturer":"HUAWEI"}}
06-24 17:02:38.570 I/appium  ( 6296): Session Created with SessionID:fb5a36a6-0e97-43c3-8414-cc79dba8a8e6
06-24 17:02:38.570 I/appium  ( 6296): AppiumResponse: {"sessionId":"fb5a36a6-0e97-43c3-8414-cc79dba8a8e6","status":0,"value":"Created Session"}
06-24 17:02:38.305 D/PMS10039(  657): package:com.android.systemui, input flags:0, output hwFlags:0
06-24 17:02:38.592 E/wificond(  765): Failed to get NL80211_STA_INFO_CNAHLOAD
06-24 17:02:38.592 E/WificondControl(  657): Noise: -89, Snr: 0, Chload: -1
06-24 17:02:38.593 D/HwWifiCHRStateManager(  657): handleMessage : 1001
06-24 17:02:38.593 D/HwWifiCHRStateManager(  657): handleUpdateChannel:5805
06-24 17:02:38.593 V/HwWifiServiceFactory(  657): get AllImpl object = com.android.server.wifi.HwWifiServiceFactoryImpl@a390a53
06-24 17:02:38.600 D/HuaweiWifiWatchdogStateMachine(  657): LM mrssi=-43
06-24 17:02:38.600 D/HuaweiWifiWatchdogStateMachine(  657): f2:9f:**:**:8f:43 current loss[-45]=0%, volume=43
06-24 17:02:38.601 D/HuaweiWifiWatchdogStateMachine(  657): f2:9f:**:**:8f:43 history loss[-45]=0.02%, volume=23071314
06-24 17:02:38.601 I/HuaweiWifiWatchdogStateMachine(  657): spd good count:0, add sc:0.0, rate:1.0
06-24 17:02:38.601 I/HuaweiWifiWatchdogStateMachine(  657): current mHighDataFlowRate = 1.0
06-24 17:02:38.601 I/HuaweiWifiWatchdogStateMachine(  657): POta txb txg rxg:0, 43, 0. Lr =0% Totpkt=43
06-24 17:02:38.603 D/WiFi_PRO(  657): MSG_RETURN_AP_CURRY_RSSI rssi = -43
06-24 17:02:38.604 I/QosMonitor(  657): queryRtt: rtt_type = 3
06-24 17:02:38.604 I/HwQoEJNI(  657): send_cmd_kernel. begin
06-24 17:02:38.604 I/HwQoEJNI(  657): send_cmd_kernel. end
06-24 17:02:38.604 I/QosMonitor(  657): postEventFromNative: msg=100,arg1=4,arg2=10
06-24 17:02:38.605 I/HwQoEJNI(  657): send_cmd_kernel. begin
06-24 17:02:38.605 I/HwQoEJNI(  657): send_cmd_kernel. end
06-24 17:02:38.605 I/QosMonitor(  657): postEventFromNative: msg=100,arg1=0,arg2=10
06-24 17:02:38.605 D/HuaweiWifiWatchdogStateMachine(  657): f2:9f:**:**:8f:43 current RTT[-45]=740, volume=6
06-24 17:02:38.605 D/HuaweiWifiWatchdogStateMachine(  657): f2:9f:**:**:8f:43 history RTT[-45]=237, volume=1692036
06-24 17:02:38.605 D/HuaweiWifiWatchdogStateMachine(  657): setSampleRtt: rtt=740,rtt_pkts =6,rtt_when=0
06-24 17:02:38.605 I/MQoS    (  657): rtt=740,tcp_tx_pkts=443056,tcp_rx_pkts=466218
06-24 17:02:38.605 I/QosMonitor(  657): resetRtt: rtt_type = 3
06-24 17:02:38.605 I/HwQoEJNI(  657): send_cmd_kernel. begin
06-24 17:02:38.606 I/HwQoEJNI(  657): send_cmd_kernel. end
06-24 17:02:38.607 I/MQoS    (  657): QOS_level:0(0),DataDisable;use level-0
06-24 17:02:38.607 I/MQoS    (  657): skip-low-Level:0(0),DataDisable;use level-0
06-24 17:02:38.607 D/HuaweiWifiWatchdogStateMachine(  657): dumpTcpResult: len=10,rtt=740,rttPkt=6,rttWn=0,cgt=16,cgtWn=10145626
06-24 17:02:38.607 I/HuaweiWifiWatchdogStateMachine(  657): PTcp RTT:740, rtt pkt=6, tcp_rx=13, tcp_tx=22, tcp_reTran=2, rtRate=0.09
06-24 17:02:38.607 D/HuaweiWifiWatchdogStateMachine(  657): isRttGood is good, AvgRtt = 740, TotPkt = 6
06-24 17:02:38.607 D/HuaweiWifiWatchdogStateMachine(  657): mRssiBadCount =0, RSSI not bad.
06-24 17:02:38.607 D/HuaweiWifiWatchdogStateMachine(  657): detectNetworkAvailable:hw.wifipro.dns_fail_count = 66
06-24 17:02:38.608 D/HuaweiWifiWatchdogStateMachine(  657): detectNetworkAvailable: tcpRxPkts != 0, reset
06-24 17:02:38.608 I/HuaweiWifiWatchdogStateMachine(  657): rs ota tcp lr rttvb bad: false, false, false, false, false; rsth:-75
06-24 17:02:38.608 D/HuaweiWifiWatchdogStateMachine(  657): GSC:0, GSR:1.0, RSR:1.0, RTH:-75
06-24 17:02:38.608 D/HuaweiWifiWatchdogStateMachine(  657): goodperiod count=1, rb rttg sg =false, true, false
06-24 17:02:38.608 D/HuaweiWifiWatchdogStateMachine(  657): bqeLevel = 3 rtt=740,rtt_pkts=6 speed=0 rssi=-43
06-24 17:02:38.608 D/HuaweiWifiWatchdogStateMachine(  657): Enter updateQoeLevel level = 3
06-24 17:02:38.608 D/HuaweiWifiWatchdogStateMachine(  657): Leave updateQoeLevel level = 3
06-24 17:02:38.608 I/HuaweiWifiWatchdogStateMachine(  657):  pkt chk not bad, reset sc to 0.
06-24 17:02:38.608 D/HuaweiWifiWatchdogStateMachine(  657): ### mPktChkBadCnt=0
06-24 17:02:38.608 D/WiFi_PRO_WifiProStateMachine(  657): onWifiBqeDetectionResult =  3
06-24 17:02:38.609 D/WiFi_PRO_WifiProStateMachine(  657): "zmkjubnt"  TCPRTT  level = 3
06-24 17:02:38.609 D/HwUidTcpMonitor(  657): parseWlanUidTcpStatistics lastUidTcpStatInfo = [ mUid = 10300 mPacketName = com.tencent.mm mSendSegs = 2164 mResendSegs = 0 mRcvSegs = 1993 ]
06-24 17:02:38.609 D/HwUidTcpMonitor(  657): parseWlanUidTcpStatistics lastUidTcpStatInfo = [ mUid = 10093 mPacketName = com.android.vending mSendSegs = 4253 mResendSegs = 2980 mRcvSegs = 295 ]
06-24 17:02:38.610 D/HwUidTcpMonitor(  657): parseWlanUidTcpStatistics lastUidTcpStatInfo = [ mUid = 10089 mPacketName = com.google.uid.shared:10089 mSendSegs = 7744 mResendSegs = 0 mRcvSegs = 515 ]
06-24 17:02:38.612 D/WiFi_PRO_EvaluateController(  657): "zmkjubnt",crurrent Signal =  4, last  Signal = 4, isSemiAuto, last evaluate is Valid
06-24 17:02:38.612 D/WiFi_PRO_WifiProStateMachine(  657): updateWifiQosLevel, mCurrentSsid: "zmkjubnt" ,isWiFiNoInternet: false, qosLevel: 3
06-24 17:02:38.612 D/WiFi_PRO_EvaluateController(  657): internetAccessType not change, can not update
06-24 17:02:38.613 D/WiFi_PRO_EvaluateController(  657): updateEvaluate Level  succeed!.new Level = 3
06-24 17:02:38.633 D/WifiConfigStore(  657): Writing to stores completed in 13 ms.
06-24 17:02:38.599 E/wificond(  765): Failed to get NL80211_STA_INFO_CNAHLOAD
06-24 17:02:38.685 I/ActivityManager(  657): Force stopping com.excelliance.dualaid appid=11425 user=0: from pid 6339by app
06-24 17:02:38.694 V/AlarmManager(  657): UninstallReceiver onReceive action:android.intent.action.PACKAGE_RESTARTED
06-24 17:02:38.694 D/HwBastetService(  657): BroadcastReceiver android.intent.action.PACKAGE_RESTARTED
06-24 17:02:38.696 I/HwCoreAppHelperService( 1478): LocalReceiver receives:android.intent.action.PACKAGE_RESTARTED,pkg:com.excelliance.dualaid,uid:11425
06-24 17:02:38.699 E/NfcNci  ( 2677): NfcUtils error: APP have nfc permission
06-24 17:02:38.701 D/HwGpsPowerTracker(  657): LocalReceiver receives:android.intent.action.PACKAGE_RESTARTED
06-24 17:02:38.701 D/PMS1000 (  657): package:com.excelliance.dualaid, input flags:0, output hwFlags:0
06-24 17:02:38.705 D/CarrierSvcBindHelper( 1715): No carrier app for: 0
06-24 17:02:38.706 D/CarrierSvcBindHelper( 1715): No carrier app for: 1
06-24 17:02:38.711 D/PMS1027 (  657): package:com.google.android.apps.walletnfcrel, input flags:8192, output is null
06-24 17:02:38.715 D/ApduServiceInfo( 2677): No com.nxp.nfc.extensions meta-data
06-24 17:02:38.724 I/chatty  ( 2677): uid=1027(nfc) com.android.nfc identical 3 lines
06-24 17:02:38.726 D/ApduServiceInfo( 2677): No com.nxp.nfc.extensions meta-data
06-24 17:02:38.727 E/ApduServiceInfo( 2677): SE extension not present, Setting default offhost seID
06-24 17:02:38.736 E/NfcNci  ( 2677): NfcUtils error: APP have nfc permission
06-24 17:02:38.799 E/Thermal-daemon(  764): [shell_temp] temp_new :37  temp_old :36
06-24 17:02:38.800 I/ThermalService( 1699): Receive temperature change, type: 22, temp: 37 from thermald
06-24 17:02:38.800 I/ThermalTrace_ThermalRaise( 1699): Shell:-100,36,37,currentBatteryTemp:38
06-24 17:02:38.801 E/Thermal-daemon(  764): Report temperature: [shell_temp] temp :37  report_threshold:1
06-24 17:02:38.801 D/HwThermalStateManager( 1699): Thermal type: 22 cur_temperature:37
06-24 17:02:38.949 I/ActivityManager(  657): START u0 {act=android.intent.action.MAIN cat=[android.intent.category.LAUNCHER] flg=0x10200000 cmp=com.excelliance.dualaid/com.excelliance.kxqp.ui.HelloActivity} from uid 2000
06-24 17:02:38.957 I/ActivityManager(  657): ActivityRecord info: ActivityInfo{bdfcb07 com.excelliance.kxqp.ui.HelloActivity}
06-24 17:02:38.957 D/PMS1000 (  657): package:com.excelliance.dualaid, input flags:268436480, output hwFlags:0
06-24 17:02:38.958 I/ash     ( 1699): front pkg : com.excelliance.dualaid launcher: false
06-24 17:02:38.958 I/ash     ( 1699): above launcher front pkgs: [com.excelliance.dualaid]
06-24 17:02:38.966 V/WindowManager(  657): addAppToken: AppWindowToken{a2410a3 token=Token{7c2d7d2 ActivityRecord{b36925d u0 com.excelliance.dualaid/com.excelliance.kxqp.ui.HelloActivity t16073}}} controller={TaskWindowContainerController taskId=16073} at 2147483647
06-24 17:02:38.969 D/MotionDetectionManager( 2519): stopMotionAppsReco motionApps: 403
06-24 17:02:38.969 D/MotionDetectionManager( 2519): stopMotionAppsReco not recognition motionApps 403
06-24 17:02:38.969 W/HwLauncher( 2519): Launcher.MotionManager stopMotionAppsReco service flg 403 is unavailable
06-24 17:02:38.970 I/ActivityManager(  657): mWaitingActivityLaunched add ComponentName = null
06-24 17:02:38.971 V/ActivityManager(  657): startProcess: name=com.excelliance.dualaid:olle app=null knownToBeDead=true thread=null pid=-1
06-24 17:02:38.972 D/PMS1000 (  657): package:com.excelliance.dualaid, input flags:0, output hwFlags:0
06-24 17:02:38.979 I/ActivityManager(  657): Start proc 6343:com.excelliance.dualaid:olle/u0a1425 for activity com.excelliance.dualaid/com.excelliance.kxqp.ui.HelloActivity
06-24 17:02:38.980 V/WindowManager(  657): No longer Stopped: AppWindowToken{a2410a3 token=Token{7c2d7d2 ActivityRecord{b36925d u0 com.excelliance.dualaid/com.excelliance.kxqp.ui.HelloActivity t16073}}}
06-24 17:02:38.981 V/ActivityManager(  657): startProcess: name=com.excelliance.dualaid:olle app=ProcessRecord{bcef759 6343:com.excelliance.dualaid:olle/u0a1425} knownToBeDead=true thread=null pid=6343
06-24 17:02:38.982 I/        ( 6343): power log dlsym ok
06-24 17:02:38.983 I/AwareLog(  769): IAWARE_PREREAD_FILE
06-24 17:02:38.984 D/AwareLog(  769): iawared: touch_file  base.odex
06-24 17:02:38.984 I/zygote  ( 6343): Reinit property: dalvik.vm.checkjni= false
06-24 17:02:38.984 D/AwareLog(  769): iawared: touch_file  base.vdex
06-24 17:02:38.984 D/AwareLog(  769): preread_pkgfile com.excelliance.dualaid took 0 ms
06-24 17:02:38.984 D/AwareLog(  769): preread_pkgfile com.excelliance.dualaid read 507904 Bytes.
06-24 17:02:38.988 I/PGServer( 1699): android calls fast hibernateApps
06-24 17:02:38.988 I/AppFastHibernation( 1699): fast hibernate duration: 1500 reason: start activity
06-24 17:02:38.989 I/Pged-IPgedBinderService(  769): ****action is 1, pid num is 7***
06-24 17:02:38.989 I/Pged-Freezer(  769): freezePids
06-24 17:02:38.989 I/Pged-Freezer(  769): Freeze process: 29457
06-24 17:02:38.989 I/Pged-Freezer(  769): Freeze process: 19894
06-24 17:02:38.989 I/Pged-Freezer(  769): Freeze process: 29531
06-24 17:02:38.990 I/Pged-Freezer(  769): Freeze process: 31476
06-24 17:02:38.990 I/Pged-Freezer(  769): Freeze process: 32085
06-24 17:02:38.991 I/Pged-Freezer(  769): Freeze process: 6296
06-24 17:02:38.991 D/PMS1000 (  657): package:com.excelliance.dualaid, input flags:1, output hwFlags:0
06-24 17:02:38.991 D/PgedBinderAdapter( 1699): frz ok, pid: [29457, 19894, 29531, 31476, 32085, 6296]
06-24 17:02:38.993 D/ActivityThread( 6343): ActivityThread,attachApplication
06-24 17:02:38.994 D/ActivityManager(  657): ActivityManagerService,attachApplication,callingPid = 6343
06-24 17:02:38.996 V/WindowManager(  657): No longer Stopped: AppWindowToken{a2410a3 token=Token{7c2d7d2 ActivityRecord{b36925d u0 com.excelliance.dualaid/com.excelliance.kxqp.ui.HelloActivity t16073}}}
06-24 17:02:39.008 V/WindowManager(  657): findFocusedWindow: AppWindowToken{d3a938b token=Token{377755a ActivityRecord{d5c9105 u0 com.huawei.android.launcher/.unihome.UniHomeLauncher t15658}}} below Reached focused app=AppWindowToken{a2410a3 token=Token{7c2d7d2 ActivityRecord{b36925d u0 com.excelliance.dualaid/com.excelliance.kxqp.ui.HelloActivity t16073}}}
06-24 17:02:39.009 D/ScenarioService( 1699): front pkg : com.excelliance.dualaid launcher: false
06-24 17:02:39.009 D/ScenarioService( 1699): new above launcher front pkgs: [com.excelliance.dualaid]
06-24 17:02:39.009 I/AppsUsage( 1699): scnOff:false FgAPP:com.excelliance.dualaid BgAPP:com.huawei.android.launcher
06-24 17:02:39.012 V/WindowManager(  657): Checking 1 opening apps (frozen=false timeout=false)...
06-24 17:02:39.012 V/WindowManager(  657): Check opening app=AppWindowToken{a2410a3 token=Token{7c2d7d2 ActivityRecord{b36925d u0 com.excelliance.dualaid/com.excelliance.kxqp.ui.HelloActivity t16073}}}: allDrawn=false startingDisplayed=false startingMoved=false isRelaunching()=false
06-24 17:02:39.012 D/EmcomManagerService(  657): forePackage name is com.excelliance.dualaid
06-24 17:02:39.013 D/HicomPolicyManager(  657): foreAppInfo = nullpkgName = com.excelliance.dualaid uid= 11425
06-24 17:02:39.013 E/HicomPolicyManager(  657): udp acc is not start yet!
06-24 17:02:39.013 D/HicomPolicyManager(  657): speed control is not start
06-24 17:02:39.013 E/HicomPolicyManager(  657): Network Evaluation is not start yet!
06-24 17:02:39.013 E/HicomPolicyManager(  657): foreground app info is null
06-24 17:02:39.013 D/[HwRecSys]HwRecSysService( 2647): onEvent actionID: 10000 msg:com.excelliance.dualaid		
06-24 17:02:39.013 E/[HwRecSys]HwRecSysService( 2647): getIsRportDirectService is false!
06-24 17:02:39.013 I/PGServer( 1699): report state:10010 event type:2 pid:0 uid:0 pkg:com.huawei.android.launcher to pid: 657
06-24 17:02:39.013 I/PGServer( 1699): report state:10010 event type:2 pid:0 uid:0 pkg:com.huawei.android.launcher to pid: 1699
06-24 17:02:39.013 I/SceneReceiver( 1699): state type: 10010 eventType:2 pid:0 uid:0 pkg:com.huawei.android.launcher
06-24 17:02:39.013 I/PGServer( 1699): report state:10000 event type:1 pid:0 uid:0 pkg:com.excelliance.dualaid to pid: 657
06-24 17:02:39.013 I/PGServer( 1699): report state:10000 event type:1 pid:0 uid:0 pkg:com.excelliance.dualaid to pid: 1699
06-24 17:02:39.013 I/SceneReceiver( 1699): state type: 10000 eventType:1 pid:0 uid:0 pkg:com.excelliance.dualaid
06-24 17:02:39.013 D/HwThermalStateManager( 1699): current foreapp pkg : com.excelliance.dualaid
06-24 17:02:39.014 I/PGServer( 1699): checkPkgType. calling pkg: android
06-24 17:02:39.014 I/PGServer( 1699): checkPkgType. calling pkg: android
06-24 17:02:39.014 D/HwQoEUtils(  657): mForegroundAppPackageName: com.excelliance.dualaid:olle ,score: 0
06-24 17:02:39.014 D/PMS1000 (  657): package:com.excelliance.dualaid, input flags:0, output hwFlags:0
06-24 17:02:39.014 D/HwQoEUtils(  657): APP type: -1 appName= com.excelliance.dualaid:olle
06-24 17:02:39.014 D/HwQoEUtils(  657): RealAppName:com.excelliance.dualaid
06-24 17:02:39.014 D/HwQoEUtils(  657): no game, APP_TYPE_GAME, appName =com.excelliance.dualaid:olle
06-24 17:02:39.015 D/HwGameAssistantController(  657): pid=6343, uid=11425, foreground=true
06-24 17:02:39.015 W/AwareLog(  657): SchedLevelBoost: onFgActivitiesChanged config not set!
06-24 17:02:39.016 W//system/bin/hwservicemanager(  416): Cannot open /odm/manifest.xml
06-24 17:02:39.017 I/HwNetworkPolicy(  657): onTransact, code = 203
06-24 17:02:39.017 I/HwNetworkPolicyManager( 1813): getHwUidPolicy uid = 11425 policy = 0
06-24 17:02:39.019 W/libc    ( 1699): Set property "sys.aps.gameProcessName" to ""
06-24 17:02:39.020 W/libc    ( 1699): Set property "sys.aps.browserProcessName" to ""
06-24 17:02:39.021 I/PGServer( 1699): checkPkgType. calling pkg: com.huawei.iaware
06-24 17:02:39.021 V/AudioManager( 1699): setParameters  keyValuePairs: updateAppLowPowerParams=167783585
06-24 17:02:39.027 D/HwFLClassLoader( 6343): get used feature list :/feature/used-list failed!
06-24 17:02:39.027 D/HwFLClassLoader( 6343): USE_FEATURE_LIST had not init! 
06-24 17:02:39.028 W//system/bin/hwservicemanager(  416): Cannot open /odm/manifest.xml
06-24 17:02:39.030 I/GRALLOC (  679): 	 shrFd=10,fmt=0x1,intFmt=0x1,btStrd=256,size=4096,pid=679 
06-24 17:02:39.030 I/GRALLOC (  679): 	 yuv=2,w=16,h=16,Stride u=0 v=0,offset u=0 v=0 
06-24 17:02:39.030 I/GRALLOC (  679): 	 iova_size=4096,conUsg=0x100,proUsg=0x100,	 strd=64,[afbc]HdrStrd=0 PyldStrd=0 Scrmbl=0,ionhnd = 1 
06-24 17:02:39.041 E/MemoryLeakMonitorManager( 6343): MemoryLeakMonitor.jar is not exist!
06-24 17:02:39.042 D/KXQPApplication( 6343): run: initUserManager
06-24 17:02:39.042 D/CrashHandler( 6343): CrashHandler
06-24 17:02:39.043 E/Minikin ( 6343): Could not get cmap table size!
06-24 17:02:39.044 D/PMS11425(  657): package:com.excelliance.dualaid, input flags:128, output hwFlags:0
06-24 17:02:39.052 I/HwCust  ( 6343): Constructor found for class android.app.HwCustActivityImpl
06-24 17:02:39.052 D/HwCust  ( 6343): Create obj success use class android.app.HwCustActivityImpl
06-24 17:02:39.054 V/HwPolicyFactory( 6343): : success to get AllImpl object and return....
06-24 17:02:39.056 I/HwCust  ( 6343): Constructor found for class android.app.HwCustHwWallpaperManagerImpl
06-24 17:02:39.056 D/HwCust  ( 6343): Create obj success use class android.app.HwCustHwWallpaperManagerImpl
06-24 17:02:39.057 D/PMS11425(  657): package:com.excelliance.dualaid, input flags:0, output hwFlags:0
06-24 17:02:39.058 V/HwWidgetFactory( 6343): : successes to get AllImpl object and return....
06-24 17:02:39.059 V/ActivityThread( 6343): ActivityThread,callActivityOnCreate
06-24 17:02:39.059 D/HelloActivity( 6343): Memory:25145M
06-24 17:02:39.061 D/HelloActivity( 6343): onCreate: true
06-24 17:02:39.062 D/HelloActivity( 6343): is code boot
06-24 17:02:39.065 D/HelloActivity( 6343): mIsNav = false
06-24 17:02:39.081 D/HelloActivity( 6343): defDisplayStyle:5
06-24 17:02:39.082 D/HwRecentsLockUtils( 1513): Search
06-24 17:02:39.082 E/HsmCoreServiceImpl( 1478): onTransact in code is: 103
06-24 17:02:39.082 I/MediaProcessHandler( 1478): playingUids: 
06-24 17:02:39.082 D/ActivityManager(  657): Skipping, home or recents stack task: TaskRecord{333215f #15658 A=com.huawei.android.launcher U=0 StackId=0 sz=1}
06-24 17:02:39.083 D/ActivityManager(  657): Skipping intent:flg=0x18800000 cmp=com.tencent.mm/.plugin.base.stub.WXPayEntryActivity
06-24 17:02:39.083 D/ActivityManager(  657): Skipping intent:act=android.intent.action.MAIN cat=[android.intent.category.LAUNCHER] flg=0x10a00000 cmp=io.appium.settings/.Settings
06-24 17:02:39.083 D/ActivityManager(  657): Skipping intent:flg=0x10804000 cmp=com.android.systemui/.recents.RecentsActivity bnds=[48,928][1032,2296]
06-24 17:02:39.083 D/ActivityManager(  657): Skipping intent:flg=0x10800000 cmp=com.huawei.systemmanager/com.huawei.permissionmanager.ui.MainActivity
06-24 17:02:39.083 D/ActivityManager(  657): Skipping intent:flg=0x18800000 cmp=com.tencent.mm/.plugin.base.stub.WXEntryActivity
06-24 17:02:39.083 D/ActivityManager(  657): Skipping intent:act=com.huawei.action.VOICE_ASSISTANT flg=0x10800000 pkg=com.huawei.vassistant cmp=com.huawei.vassistant/.ui.main.VAssistantActivity
06-24 17:02:39.083 D/ActivityManager(  657): Skipping intent:act=com.huawei.android.launcher.action.ACCESS_SPLIT_SCREEN_APP cat=[android.intent.category.DEFAULT] flg=0x10804000 cmp=com.huawei.android.launcher/.splitscreen.SplitScreenAppActivity
06-24 17:02:39.083 D/ActivityManager(  657): Skipping intent:flg=0x10800000 pkg=com.excelliance.dualaid.b64 cmp=com.excelliance.dualaid.b64/com.excelliance.kxqp.sdk.PermissionRequestActivity
06-24 17:02:39.083 D/ActivityManager(  657): Skipping intent:act=android.intent.action.VIEW dat=content://com.excelliance.dualaid.fileProvider/external_storage_root/Download/apk/Multiple_64.apk typ=application/vnd.android.package-archive flg=0x10800001 cmp=com.android.packageinstaller/.InstallStart
06-24 17:02:39.083 D/ActivityManager(  657): Skipping intent:flg=0x10800000 cmp=com.android.systemui/.usb.HwUsbDebuggingActivity
06-24 17:02:39.083 D/ActivityManager(  657): Skipping intent:act=android.deviceinfo.chooser.action.LAUNCH flg=0x10800000 hwFlg=0x100 pkg=com.android.settings cmp=com.android.settings/.deviceinfo.UsbConnModeChooserActivity
06-24 17:02:39.083 D/ActivityManager(  657): Skipping intent:flg=0x10800000 cmp=com.zol.android/.push.KeepLiveActivity
06-24 17:02:39.083 D/ActivityManager(  657): Skipping intent:act=android.intent.action.MAIN cat=[android.intent.category.HOME] flg=0x10800300 cmp=com.android.settings/.FallbackHome
06-24 17:02:39.086 D/HttpUtils( 6343): getDownloadMode()
06-24 17:02:39.086 D/NetUtils( 6343): init inited = true
06-24 17:02:39.088 D/HelloActivity( 6343): enter Nav2
06-24 17:02:39.089 D/NetworkSecurityConfig( 6343): No Network Security Config specified, using platform default
06-24 17:02:39.090 I/ActivityManager(  657): START u0 {pkg=com.excelliance.dualaid cmp=com.excelliance.dualaid/com.excelliance.kxqp.swipe.NavActivity2 (has extras)} from uid 11425
06-24 17:02:39.091 I/ActivityManager(  657): ActivityRecord info: ActivityInfo{5858f2a com.excelliance.kxqp.swipe.NavActivity2}
06-24 17:02:39.091 V/WindowManager(  657): findFocusedWindow: AppWindowToken{d3a938b token=Token{377755a ActivityRecord{d5c9105 u0 com.huawei.android.launcher/.unihome.UniHomeLauncher t15658}}} below Reached focused app=AppWindowToken{a2410a3 token=Token{7c2d7d2 ActivityRecord{b36925d u0 com.excelliance.dualaid/com.excelliance.kxqp.ui.HelloActivity t16073}}}
06-24 17:02:39.092 W/libc    (  493): Set property "hw.wifi.dns_stat" to "42403,37315,5028,1,53658"
06-24 17:02:39.092 V/WindowManager(  657): addAppToken: AppWindowToken{b173891 token=Token{c5712b8 ActivityRecord{ff8f11b u0 com.excelliance.dualaid/com.excelliance.kxqp.swipe.NavActivity2 t16073}}} controller={TaskWindowContainerController taskId=16073} at 2147483647
06-24 17:02:39.100 V/ActivityManager(  657): startProcess: name=com.excelliance.dualaid app=null knownToBeDead=true thread=null pid=-1
06-24 17:02:39.100 D/PMS1000 (  657): package:com.excelliance.dualaid, input flags:0, output hwFlags:0
06-24 17:02:39.107 I/ActivityManager(  657): Start proc 6370:com.excelliance.dualaid/u0a1425 for service com.excelliance.dualaid/com.excelliance.kxqp.SmtServService
06-24 17:02:39.108 I/        ( 6370): power log dlsym ok
06-24 17:02:39.110 I/zygote  ( 6370): Reinit property: dalvik.vm.checkjni= false
06-24 17:02:39.116 D/HwNetworkManagementService(  657): code == CODE_GET_AD_KEY_LIST
06-24 17:02:39.116 D/HwNetworkManagementService(  657): appName = com.excelliance.dualaid  is not in the mAdViewMap! reply none
06-24 17:02:39.116 D/HwNetworkManagementService(  657): appName = com.excelliance.dualaid  is not in the mAdIdMap! reply none
06-24 17:02:39.116 D/ActivityThread( 6370): ActivityThread,attachApplication
06-24 17:02:39.117 D/ActivityManager(  657): ActivityManagerService,attachApplication,callingPid = 6370
06-24 17:02:39.118 D/ActivityThread( 6343): add activity client record, r= ActivityRecord{cbe2ddc token=android.os.BinderProxy@d13fa03 {com.excelliance.dualaid/com.excelliance.kxqp.ui.HelloActivity}} token= android.os.BinderProxy@d13fa03
06-24 17:02:39.119 V/WindowManager(  657): No longer Stopped: AppWindowToken{b173891 token=Token{c5712b8 ActivityRecord{ff8f11b u0 com.excelliance.dualaid/com.excelliance.kxqp.swipe.NavActivity2 t16073}}}
06-24 17:02:39.119 D/ActivityManager(  657): allPausedActivitiesComplete: r=ActivityRecord{b36925d u0 com.excelliance.dualaid/com.excelliance.kxqp.ui.HelloActivity t16073 f} state=PAUSING
06-24 17:02:39.123 V/WindowManager(  657): No longer Stopped: AppWindowToken{b173891 token=Token{c5712b8 ActivityRecord{ff8f11b u0 com.excelliance.dualaid/com.excelliance.kxqp.swipe.NavActivity2 t16073}}}
06-24 17:02:39.124 I/NetworkSpeedManagerEx( 1513): mIsStop = false
06-24 17:02:39.124 I/NetworkSpeedManagerEx( 1513):  runInThread getTetherStats
06-24 17:02:39.125 I/NetworkSpeedManagerEx( 1513):  runInUI refreshSpeed
06-24 17:02:39.125 I/NetworkSpeedManagerEx( 1513): value=2899.0speed = 2.8
06-24 17:02:39.125 I/NetworkSpeedManagerEx( 1513): K/smIsShowLastSpeedValuefalse
06-24 17:02:39.125 I/NetworkSpeedView( 1513): /update(), speed=2.8
06-24 17:02:39.125 I/NetworkSpeedView( 1513): K/s parent class:class com.android.systemui.statusbar.HwSystemIcons
06-24 17:02:39.127 W//system/bin/hwservicemanager(  416): Cannot open /odm/manifest.xml
06-24 17:02:39.127 V/WindowManager(  657): Checking 1 opening apps (frozen=false timeout=false)...
06-24 17:02:39.127 V/WindowManager(  657): Check opening app=AppWindowToken{b173891 token=Token{c5712b8 ActivityRecord{ff8f11b u0 com.excelliance.dualaid/com.excelliance.kxqp.swipe.NavActivity2 t16073}}}: allDrawn=false startingDisplayed=false startingMoved=false isRelaunching()=false
06-24 17:02:39.129 D/HwCust  ( 6343): Create obj success use class android.app.HwCustActivityImpl
06-24 17:02:39.129 D/HwCust  ( 6343): Create obj success use class android.app.HwCustHwWallpaperManagerImpl
06-24 17:02:39.129 W/X509TrustManager( 6343): checkServerTrusted: SignatureException:null
06-24 17:02:39.130 V/ActivityThread( 6343): ActivityThread,callActivityOnCreate
06-24 17:02:39.130 W/X509TrustManager( 6343): checkServerTrusted: SignatureException:error:04000073:RSA routines:OPENSSL_internal:DATA_TOO_LARGE_FOR_MODULUS
06-24 17:02:39.135 D/NavActivity2( 6343): onCreate
06-24 17:02:39.140 W/Utils   ( 6343): Utils_isSuperResolutionSupport [load libai_client.so failed]
06-24 17:02:39.141 D/PMS11425(  657): package:com.excelliance.dualaid, input flags:128, output hwFlags:0
06-24 17:02:39.142 D/CubicBezierInterpolator( 6343): CubicBezierInterpolator  mControlPoint1x = 0.23, mControlPoint1y = 0.06, mControlPoint2x = 0.09, mControlPoint2y = 0.97
06-24 17:02:39.142 D/CubicBezierInterpolator( 6343): CubicBezierInterpolator  mControlPoint1x = 0.6, mControlPoint1y = 0.9, mControlPoint2x = 0.8, mControlPoint2y = 1.0
06-24 17:02:39.142 D/CubicBezierInterpolator( 6343): CubicBezierInterpolator  mControlPoint1x = 0.23, mControlPoint1y = 0.06, mControlPoint2x = 0.09, mControlPoint2y = 0.97
06-24 17:02:39.143 D/CubicBezierInterpolator( 6343): CubicBezierInterpolator  mControlPoint1x = 0.6, mControlPoint1y = 0.9, mControlPoint2x = 0.8, mControlPoint2y = 1.0
06-24 17:02:39.143 D/CubicBezierInterpolator( 6343): CubicBezierInterpolator  mControlPoint1x = 0.23, mControlPoint1y = 0.06, mControlPoint2x = 0.09, mControlPoint2y = 0.97
06-24 17:02:39.143 D/CubicBezierInterpolator( 6343): CubicBezierInterpolator  mControlPoint1x = 0.6, mControlPoint1y = 0.9, mControlPoint2x = 0.8, mControlPoint2y = 1.0
06-24 17:02:39.143 D/CubicBezierInterpolator( 6343): CubicBezierInterpolator  mControlPoint1x = 0.23, mControlPoint1y = 0.06, mControlPoint2x = 0.09, mControlPoint2y = 0.97
06-24 17:02:39.143 D/CubicBezierInterpolator( 6343): CubicBezierInterpolator  mControlPoint1x = 0.6, mControlPoint1y = 0.9, mControlPoint2x = 0.8, mControlPoint2y = 1.0
06-24 17:02:39.145 D/HwFLClassLoader( 6370): get used feature list :/feature/used-list failed!
06-24 17:02:39.145 D/HwFLClassLoader( 6370): USE_FEATURE_LIST had not init! 
06-24 17:02:39.147 W//system/bin/hwservicemanager(  416): Cannot open /odm/manifest.xml
06-24 17:02:39.149 I/GRALLOC (  679): 	 shrFd=10,fmt=0x1,intFmt=0x1,btStrd=256,size=4096,pid=679 
06-24 17:02:39.149 I/GRALLOC (  679): 	 yuv=2,w=16,h=16,Stride u=0 v=0,offset u=0 v=0 
06-24 17:02:39.149 I/GRALLOC (  679): 	 iova_size=4096,conUsg=0x100,proUsg=0x100,	 strd=64,[afbc]HdrStrd=0 PyldStrd=0 Scrmbl=0,ionhnd = 1 
06-24 17:02:39.151 D/HwRTBlurUtils( 6343): check blur style for HwPhoneWindow-, themeResId : 0x7f0e000a, context : com.excelliance.kxqp.swipe.NavActivity2@794246b, Nhwext : 0, get Blur : disable with , null
06-24 17:02:39.151 D/HwRTBlurUtils( 6343): check blur style for HwPhoneWindow-, themeResId : 0x7f0e000a, context : com.excelliance.kxqp.swipe.NavActivity2@794246b, Nhwext : 0, get Blur : disable with , null
06-24 17:02:39.152 E/test    ( 6343): hw notch screen flag api error
06-24 17:02:39.145 D/PMS11425(  657): package:com.excelliance.dualaid, input flags:128, output hwFlags:0
06-24 17:02:39.155 D/ActivityThread( 6343): add activity client record, r= ActivityRecord{414755e token=android.os.BinderProxy@31abee5 {com.excelliance.dualaid/com.excelliance.kxqp.swipe.NavActivity2}} token= android.os.BinderProxy@31abee5
06-24 17:02:39.157 E/ViewUtils( 6343): setBgColor: view==null:top
06-24 17:02:39.161 D/PMS11425(  657): package:com.excelliance.dualaid, input flags:128, output hwFlags:0
06-24 17:02:39.166 D/OpenGLRenderer( 6343):   HWUI Binary is  enabled
06-24 17:02:39.168 D/SurfaceFlinger(  710): SurfaceFlinger: getDisplayConfigs--3.000000, 1080, 1920
06-24 17:02:39.168 I/chatty  (  710): uid=1000(system) Binder:710_1 identical 1 line
06-24 17:02:39.168 D/SurfaceFlinger(  710): SurfaceFlinger: getDisplayConfigs--3.000000, 1080, 1920
06-24 17:02:39.169 D/OpenGLRenderer( 6343): HWUI GL Pipeline
06-24 17:02:39.167 D/PMS11425(  657): package:com.excelliance.dualaid, input flags:128, output hwFlags:0
06-24 17:02:39.172 D/PMS11425(  657): package:com.excelliance.dualaid, input flags:128, output hwFlags:0
06-24 17:02:39.173 V/WindowManager(  657): Adding Window{481d9fc u0 com.excelliance.dualaid/com.excelliance.kxqp.swipe.NavActivity2} to AppWindowToken{b173891 token=Token{c5712b8 ActivityRecord{ff8f11b u0 com.excelliance.dualaid/com.excelliance.kxqp.swipe.NavActivity2 t16073}}}
06-24 17:02:39.173 V/WindowManager(  657): addWindow: New client android.os.BinderProxy@5e8faef: window=Window{481d9fc u0 com.excelliance.dualaid/com.excelliance.kxqp.swipe.NavActivity2} Callers=com.android.server.wm.HwWindowManagerService.addWindow:562 com.android.server.wm.Session.addToDisplay:199 android.view.IWindowSession$Stub.onTransact:124 com.android.server.wm.Session.onTransact:161 android.os.Binder.execTransact:675 
06-24 17:02:39.177 V/WindowManager(  657): Checking 1 opening apps (frozen=false timeout=false)...
06-24 17:02:39.177 V/WindowManager(  657): Check opening app=AppWindowToken{b173891 token=Token{c5712b8 ActivityRecord{ff8f11b u0 com.excelliance.dualaid/com.excelliance.kxqp.swipe.NavActivity2 t16073}}}: allDrawn=false startingDisplayed=false startingMoved=false isRelaunching()=false
06-24 17:02:39.181 D/HttpUtils( 6343): getResponseCode():200
06-24 17:02:39.181 D/PMS11425(  657): package:com.excelliance.dualaid, input flags:128, output hwFlags:0
06-24 17:02:39.181 D/WHEG    ( 6343): {"status":"0","controls":"","skip":"0"}
06-24 17:02:39.183 D/HwGalleryCacheManagerImpl( 6343): mIsEffect:false
06-24 17:02:39.203 I/NetworkSpeedManagerEx( 1513): mIsStop = false
06-24 17:02:39.203 I/NetworkSpeedManagerEx( 1513):  runInThread getTetherStats
06-24 17:02:39.204 I/NetworkSpeedManagerEx( 1513):  runInUI refreshSpeed
06-24 17:02:39.204 I/NetworkSpeedManagerEx( 1513): value=4410.6665speed = 4.3
06-24 17:02:39.204 I/NetworkSpeedManagerEx( 1513): K/smIsShowLastSpeedValuefalse
06-24 17:02:39.204 I/NetworkSpeedView( 1513): /update(), speed=4.3
06-24 17:02:39.204 I/NetworkSpeedView( 1513): K/s parent class:class com.android.systemui.statusbar.HwSystemIcons
06-24 17:02:39.227 D/HwRecentsLockUtils( 1513): Search
06-24 17:02:39.227 E/HsmCoreServiceImpl( 1478): onTransact in code is: 103
06-24 17:02:39.227 I/MediaProcessHandler( 1478): playingUids: 
06-24 17:02:39.198 I/chatty  (  657): uid=1000(system) Binder:657_1C identical 5 lines
06-24 17:02:39.198 D/PMS11425(  657): package:com.excelliance.dualaid, input flags:128, output hwFlags:0
06-24 17:02:39.227 D/ActivityManager(  657): Skipping, home or recents stack task: TaskRecord{333215f #15658 A=com.huawei.android.launcher U=0 StackId=0 sz=1}
06-24 17:02:39.227 D/ActivityManager(  657): Skipping intent:flg=0x18800000 cmp=com.tencent.mm/.plugin.base.stub.WXPayEntryActivity
06-24 17:02:39.227 D/ActivityManager(  657): Skipping intent:act=android.intent.action.MAIN cat=[android.intent.category.LAUNCHER] flg=0x10a00000 cmp=io.appium.settings/.Settings
06-24 17:02:39.227 D/ActivityManager(  657): Skipping intent:flg=0x10804000 cmp=com.android.systemui/.recents.RecentsActivity bnds=[48,928][1032,2296]
06-24 17:02:39.227 D/ActivityManager(  657): Skipping intent:flg=0x10800000 cmp=com.huawei.systemmanager/com.huawei.permissionmanager.ui.MainActivity
06-24 17:02:39.227 D/ActivityManager(  657): Skipping intent:flg=0x18800000 cmp=com.tencent.mm/.plugin.base.stub.WXEntryActivity
06-24 17:02:39.227 D/ActivityManager(  657): Skipping intent:act=com.huawei.action.VOICE_ASSISTANT flg=0x10800000 pkg=com.huawei.vassistant cmp=com.huawei.vassistant/.ui.main.VAssistantActivity
06-24 17:02:39.227 D/ActivityManager(  657): Skipping intent:act=com.huawei.android.launcher.action.ACCESS_SPLIT_SCREEN_APP cat=[android.intent.category.DEFAULT] flg=0x10804000 cmp=com.huawei.android.launcher/.splitscreen.SplitScreenAppActivity
06-24 17:02:39.227 D/ActivityManager(  657): Skipping intent:flg=0x10800000 pkg=com.excelliance.dualaid.b64 cmp=com.excelliance.dualaid.b64/com.excelliance.kxqp.sdk.PermissionRequestActivity
06-24 17:02:39.227 D/ActivityManager(  657): Skipping intent:act=android.intent.action.VIEW dat=content://com.excelliance.dualaid.fileProvider/external_storage_root/Download/apk/Multiple_64.apk typ=application/vnd.android.package-archive flg=0x10800001 cmp=com.android.packageinstaller/.InstallStart
06-24 17:02:39.227 D/ActivityManager(  657): Skipping intent:flg=0x10800000 cmp=com.android.systemui/.usb.HwUsbDebuggingActivity
06-24 17:02:39.227 D/ActivityManager(  657): Skipping intent:act=android.deviceinfo.chooser.action.LAUNCH flg=0x10800000 hwFlg=0x100 pkg=com.android.settings cmp=com.android.settings/.deviceinfo.UsbConnModeChooserActivity
06-24 17:02:39.227 D/ActivityManager(  657): Skipping intent:flg=0x10800000 cmp=com.zol.android/.push.KeepLiveActivity
06-24 17:02:39.228 D/ActivityManager(  657): Skipping intent:act=android.intent.action.MAIN cat=[android.intent.category.HOME] flg=0x10800300 cmp=com.android.settings/.FallbackHome
06-24 17:02:39.255 D/MainActivity( 6343): instantiateItem: 2	android.widget.RelativeLayout{d00e2b1 V.E...... ......I. 0,0-0,0}
06-24 17:02:39.256 D/MainActivity( 6343): initPage3: 
06-24 17:02:39.256 I/zygote  ( 6370): Compiler allocated 4MB to compile boolean com.excelliance.kxqp.KXQPApplication.b(int)
06-24 17:02:39.259 V/WindowManager(  657): Checking 1 opening apps (frozen=false timeout=false)...
06-24 17:02:39.259 V/WindowManager(  657): Check opening app=AppWindowToken{b173891 token=Token{c5712b8 ActivityRecord{ff8f11b u0 com.excelliance.dualaid/com.excelliance.kxqp.swipe.NavActivity2 t16073}}}: allDrawn=false startingDisplayed=false startingMoved=false isRelaunching()=false
06-24 17:02:39.263 V/HwPhoneWindowManager(  657): updateSystemUiColorLw window=Window{481d9fc u0 com.excelliance.dualaid/com.excelliance.kxqp.swipe.NavActivity2},EmuiStyle=0,StatusBarColor=0xff000000,NavigationBarColor=0xff000000, mLastIsEmuiLightStyle=-1
06-24 17:02:39.263 D/HwPhoneWindowManager(  657): Transact:setSystemUIColor to status bar service
06-24 17:02:39.264 I/CommandQueue( 1513): updateBarBgColor
06-24 17:02:39.264 D/CommandQueue( 1513): CommandQueue, setBarBackgroundColor
06-24 17:02:39.264 D/TintManager( 1513): statusBarIconTint=#99FFFFFF,navigationBarIconTint=#FF000000
06-24 17:02:39.265 D/BarTransitions.HwPhoneStatusBarView( 1513): MODE_TRANSPARENT -> MODE_TRANSLUCENT animate=false
06-24 17:02:39.265 D/BarTransitions.HwPhoneStatusBarView( 1513): applyModeBackground oldMode=MODE_TRANSPARENT newMode=MODE_TRANSLUCENT animate=false
06-24 17:02:39.265 V/WindowManager(  657): Checking 1 opening apps (frozen=false timeout=false)...
06-24 17:02:39.266 V/WindowManager(  657): Check opening app=AppWindowToken{b173891 token=Token{c5712b8 ActivityRecord{ff8f11b u0 com.excelliance.dualaid/com.excelliance.kxqp.swipe.NavActivity2 t16073}}}: allDrawn=false startingDisplayed=false startingMoved=false isRelaunching()=false
06-24 17:02:39.269 D/MainActivity( 6343): run: initPage3
06-24 17:02:39.269 I/GRALLOC (  679): 	 shrFd=10,fmt=0x1,intFmt=0x200000001,btStrd=4352,size=8486912,pid=679 
06-24 17:02:39.269 I/GRALLOC (  679): 	 yuv=2,w=1080,h=1920,Stride u=0 v=0,offset u=0 v=0 
06-24 17:02:39.269 I/GRALLOC (  679): 	 iova_size=8486912,conUsg=0x900,proUsg=0x900,	 strd=1088,[afbc]HdrStrd=1088 PyldStrd=69632 Scrmbl=2,ionhnd = 1 
06-24 17:02:39.271 I/GRALLOC (  679): 	 shrFd=10,fmt=0x1,intFmt=0x200000001,btStrd=4352,size=8486912,pid=679 
06-24 17:02:39.271 I/GRALLOC (  679): 	 yuv=2,w=1080,h=1920,Stride u=0 v=0,offset u=0 v=0 
06-24 17:02:39.271 I/GRALLOC (  679): 	 iova_size=8486912,conUsg=0x900,proUsg=0x900,	 strd=1088,[afbc]HdrStrd=1088 PyldStrd=69632 Scrmbl=2,ionhnd = 1 
06-24 17:02:39.272 I/OpenGLRenderer( 6343): Initialized EGL, version 1.4
06-24 17:02:39.272 D/OpenGLRenderer( 6343): Swap behavior 2
06-24 17:02:39.273 I/GRALLOC (  679): 	 shrFd=10,fmt=0x1,intFmt=0x200000001,btStrd=4352,size=8486912,pid=679 
06-24 17:02:39.273 I/GRALLOC (  679): 	 yuv=2,w=1080,h=1920,Stride u=0 v=0,offset u=0 v=0 
06-24 17:02:39.273 I/GRALLOC (  679): 	 iova_size=8486912,conUsg=0x900,proUsg=0x900,	 strd=1088,[afbc]HdrStrd=1088 PyldStrd=69632 Scrmbl=2,ionhnd = 1 
06-24 17:02:39.276 D/StatusBarIconController( 1513): setIconVisibility icon is null or visibility not change visibility=false
06-24 17:02:39.276 D/mali_winsys( 6343): EGLint new_window_surface(egl_winsys_display *, void *, EGLSurface, EGLConfig, egl_winsys_surface **, egl_color_buffer_format *, EGLBoolean) returns 0x3000
06-24 17:02:39.277 E/vndksupport( 6343): Could not load vendor/lib/egl/libGLES_mali_v2.so from sphal namespace: dlopen failed: library "vendor/lib/egl/libGLES_mali_v2.so" not found.
06-24 17:02:39.285 I/TrafficMonitor(  657): update:rxPkts:21,txPkts:22,rxBytes:10410,txBytes:2633
06-24 17:02:39.285 I/TrafficMonitor(  657): start expired. level:-1
06-24 17:02:39.285 I/TrafficMonitor(  657): gettimer:interval=2000
06-24 17:02:39.287 D/PMS11425(  657): package:com.excelliance.dualaid, input flags:128, output hwFlags:0
06-24 17:02:39.289 I/GRALLOC (  679): 	 shrFd=10,fmt=0x1,intFmt=0x200000001,btStrd=4352,size=8486912,pid=679 
06-24 17:02:39.289 I/GRALLOC (  679): 	 yuv=2,w=1080,h=1920,Stride u=0 v=0,offset u=0 v=0 
06-24 17:02:39.289 I/GRALLOC (  679): 	 iova_size=8486912,conUsg=0xb00,proUsg=0xb00,	 strd=1088,[afbc]HdrStrd=1088 PyldStrd=69632 Scrmbl=2,ionhnd = 1 
06-24 17:02:39.290 D/PMS11425(  657): package:com.excelliance.dualaid, input flags:128, output hwFlags:0
06-24 17:02:39.296 D/WindowManager(  657): finishDrawingWindow: Window{481d9fc u0 com.excelliance.dualaid/com.excelliance.kxqp.swipe.NavActivity2} mDrawState=DRAW_PENDING
06-24 17:02:39.296 V/MainActivity( 6343): onWindowFocusChanged: true
06-24 17:02:39.297 W/InputMethodManager( 6343): startInputReason = 1
06-24 17:02:39.298 V/WindowManager(  657): Checking 1 opening apps (frozen=false timeout=false)...
06-24 17:02:39.298 V/WindowManager(  657): Check opening app=AppWindowToken{b173891 token=Token{c5712b8 ActivityRecord{ff8f11b u0 com.excelliance.dualaid/com.excelliance.kxqp.swipe.NavActivity2 t16073}}}: allDrawn=true startingDisplayed=false startingMoved=false isRelaunching()=false
06-24 17:02:39.300 D/ImageWallpaper( 1513): onVisibilityChanged: mVisible, visible=true, false
06-24 17:02:39.300 D/ImageWallpaper( 1513): Visibility changed to visible=false
06-24 17:02:39.301 D/BarTransitions.HwPhoneStatusBarView( 1513): MODE_TRANSLUCENT -> MODE_TRANSPARENT animate=false
06-24 17:02:39.301 D/BarTransitions.HwPhoneStatusBarView( 1513): applyModeBackground oldMode=MODE_TRANSLUCENT newMode=MODE_TRANSPARENT animate=false
06-24 17:02:39.303 I/ActivityManager(  657): Displayed com.excelliance.dualaid/com.excelliance.kxqp.swipe.NavActivity2: +180ms (total +3m55s340ms)
06-24 17:02:39.303 I/ActivityManager(  657): wait Launched end, result = 0 who = ComponentInfo{com.excelliance.dualaid/com.excelliance.kxqp.swipe.NavActivity2}
06-24 17:02:39.305 W/InputMethodManager( 6343): startInputReason = 5
06-24 17:02:39.307 I/wangchen( 7035): SysInfo.getSysParam: orientation=1||config d=3.0,w=1080,h=1920||metrics d=3.0,w=1080,h=1920||sdk=26,bar_h=72
06-24 17:02:39.307 I/KeymapLoader( 7035): w=1080 h=1920 ori=true appScale=3.3 s1=3.0
06-24 17:02:39.310 E/BufferQueueProducer(  710): [com.huawei.android.launcher/com.huawei.android.launcher.unihome.UniHomeLauncher#0] disconnect: not connected (req=1)
06-24 17:02:39.310 W/libEGL  ( 2519): EGLNativeWindowType 0x74abe76010 disconnect failed
06-24 17:02:39.312 I/WindowManager(  657): notifyAccessibilityButtonVisibilityChanged visible:false
06-24 17:02:39.319 I/GRALLOC (  679): 	 shrFd=10,fmt=0x1,intFmt=0x200000001,btStrd=4352,size=8486912,pid=679 
06-24 17:02:39.319 I/GRALLOC (  679): 	 yuv=2,w=1080,h=1920,Stride u=0 v=0,offset u=0 v=0 
06-24 17:02:39.319 I/GRALLOC (  679): 	 iova_size=8486912,conUsg=0xb00,proUsg=0xb00,	 strd=1088,[afbc]HdrStrd=1088 PyldStrd=69632 Scrmbl=2,ionhnd = 1 
06-24 17:02:39.323 W/dex2oat ( 6416): Using default instruction set features for ARM CPU variant (default) using conservative defaults
06-24 17:02:39.323 I/dex2oat ( 6416): /system/bin/dex2oat -j4 --dex-file=/data/data/com.excelliance.dualaid/.platformcache/main.jar --output-vdex-fd=46 --oat-fd=47 --oat-location=/data/data/com.excelliance.dualaid/.platformcache/oat/arm/main.odex --compiler-filter=quicken
06-24 17:02:39.323 I/cutils-trace( 6416): atrace_init_once, trace_marker_path = /sys/kernel/debug/tracing/trace_marker
06-24 17:02:39.333 W/ActivityManager(  657): Sending non-protected broadcast huawei.action.floattasks.STATUS_BAR_STATE_CHANGED from system 1513:com.android.systemui/u0a39 pkg com.android.systemui
06-24 17:02:39.333 W/HwKeyguardDragHelper( 1513): AnimationBlocked
06-24 17:02:39.333 D/ActivityThread( 6343): Remove activity client record, r= ActivityRecord{cbe2ddc token=android.os.BinderProxy@d13fa03 {com.excelliance.dualaid/com.excelliance.kxqp.ui.HelloActivity}} token= android.os.BinderProxy@d13fa03
06-24 17:02:39.333 V/WindowManager(  657): notifyAppStopped: AppWindowToken{d3a938b token=Token{377755a ActivityRecord{d5c9105 u0 com.huawei.android.launcher/.unihome.UniHomeLauncher t15658}}}
06-24 17:02:39.333 E/WindowManager(  657): win=Window{68d6975 u0 com.huawei.android.launcher/com.huawei.android.launcher.unihome.UniHomeLauncher} destroySurfaces: appStopped=true win.mWindowRemovalAllowed=false win.mRemoveOnExit=false
06-24 17:02:39.333 D/BarTransitions.HwPhoneStatusBarView( 1513): MODE_TRANSPARENT -> MODE_TRANSLUCENT animate=false
06-24 17:02:39.333 D/BarTransitions.HwPhoneStatusBarView( 1513): applyModeBackground oldMode=MODE_TRANSPARENT newMode=MODE_TRANSLUCENT animate=false
06-24 17:02:39.334 I/WindowManager(  657): Destroying surface Surface(name=com.huawei.android.launcher/com.huawei.android.launcher.unihome.UniHomeLauncher) called by com.android.server.wm.WindowStateAnimator.destroySurface:2060 com.android.server.wm.WindowStateAnimator.destroySurfaceLocked:873 com.android.server.wm.HwWindowStateAnimator.destroySurfaceLocked:1006 com.android.server.wm.WindowState.destroyOrSaveSurfaceUnchecked:2990 com.android.server.wm.WindowState.destroySurface:2951 com.android.server.wm.AppWindowToken.destroySurfaces:654 com.android.server.wm.AppWindowToken.destroySurfaces:638 com.android.server.wm.AppWindowToken.notifyAppStopped:682 
06-24 17:02:39.334 D/BarTransitions.HwNavigationBarView( 1513): MODE_TRANSLUCENT -> MODE_OPAQUE animate=false
06-24 17:02:39.334 D/BarTransitions.HwNavigationBarView( 1513): applyModeBackground oldMode=MODE_TRANSLUCENT newMode=MODE_OPAQUE animate=false
06-24 17:02:39.335 V/WindowManager(  657): removeAppToken: AppWindowToken{a2410a3 token=Token{7c2d7d2 ActivityRecord{b36925d u0 com.excelliance.dualaid/com.excelliance.kxqp.ui.HelloActivity t16073}}} delayed=false Callers=com.android.server.wm.DisplayContent.removeAppToken:985 com.android.server.wm.AppWindowContainerController.removeContainer:348 com.android.server.am.ActivityRecord.removeWindowContainer:1039 com.android.server.am.ActivityStack.removeActivityFromHistoryLocked:4491 
06-24 17:02:39.337 D/HwGameAssistantController(  657): pid=2519, uid=10056, foreground=false
06-24 17:02:39.338 W/AwareLog(  657): SchedLevelBoost: onFgActivitiesChanged config not set!
06-24 17:02:39.394 I/ActivityManager(  657): Force stopping com.excelliance.dualaid appid=11425 user=0: from pid 6424by app
06-24 17:02:39.395 I/ActivityManager(  657): Killing 6343:com.excelliance.dualaid:olle/u0a1425 (adj 0): stop com.excelliance.dualaidfrom pid 6424by app
06-24 17:02:39.395 D/ActivityManager(  657): cleanUpApplicationRecord app: ProcessRecord{bcef759 6343:com.excelliance.dualaid:olle/u0a1425}, app.bad: false, restarting: false, allowRestart: true
06-24 17:02:39.395 W/ActivityManager(  657): Force removing ActivityRecord{ff8f11b u0 com.excelliance.dualaid/com.excelliance.kxqp.swipe.NavActivity2 t16073}: app died, no saved state
06-24 17:02:39.396 W/AwareLog(  657): SchedLevelBoost: onProcessDied config not set!
06-24 17:02:39.396 E/HsmCoreServiceImpl( 1478): onTransact in code is: 102
06-24 17:02:39.396 I/MediaProcessHandler( 1478): processOp opType: 1, uid: 11425, pid: 6343
06-24 17:02:39.396 W/MediaProcessHandler( 1478): remove target not exist, maybe the UI process: uid: 11425, pid: 6343
06-24 17:02:39.396 I/MediaProcessHandler( 1478): executedCallBack opType: 1 mMediaStatusObservers.size=0
06-24 17:02:39.401 V/WindowManager(  657): removeAppToken: AppWindowToken{b173891 token=Token{c5712b8 ActivityRecord{ff8f11b u0 com.excelliance.dualaid/com.excelliance.kxqp.swipe.NavActivity2 t16073}}} delayed=false Callers=com.android.server.wm.DisplayContent.removeAppToken:985 com.android.server.wm.AppWindowContainerController.removeContainer:348 com.android.server.am.ActivityRecord.removeWindowContainer:1039 com.android.server.am.ActivityStack.removeActivityFromHistoryLocked:4491 
06-24 17:02:39.402 V/WindowManager(  657): removeIfPossible: Window{481d9fc u0 com.excelliance.dualaid/com.excelliance.kxqp.swipe.NavActivity2} callers=com.android.server.wm.WindowState.removeIfPossible:1914 com.android.server.wm.WindowToken.removeAllWindowsIfPossible:139 com.android.server.wm.AppWindowToken.removeIfPossible:539 com.android.server.wm.AppWindowToken.onRemovedFromDisplay:606 com.android.server.wm.DisplayContent.removeAppToken:985 
06-24 17:02:39.402 I/WindowManager(  657): Destroying surface Surface(name=com.excelliance.dualaid/com.excelliance.kxqp.swipe.NavActivity2) called by com.android.server.wm.WindowStateAnimator.destroySurface:2060 com.android.server.wm.WindowStateAnimator.destroySurfaceLocked:873 com.android.server.wm.HwWindowStateAnimator.destroySurfaceLocked:1006 com.android.server.wm.WindowState.removeImmediately:1899 com.android.server.wm.WindowState.removeIfPossible:2051 com.android.server.wm.WindowState.removeIfPossible:1914 com.android.server.wm.WindowToken.removeAllWindowsIfPossible:139 com.android.server.wm.AppWindowToken.removeIfPossible:539 
06-24 17:02:39.402 V/WindowManager(  657): postWindowRemoveCleanupLocked: Window{481d9fc u0 com.excelliance.dualaid/com.excelliance.kxqp.swipe.NavActivity2}
06-24 17:02:39.402 V/WindowManager(  657): Removing Window{481d9fc u0 com.excelliance.dualaid/com.excelliance.kxqp.swipe.NavActivity2} from AppWindowToken{b173891 token=Token{c5712b8 ActivityRecord{ff8f11b u0 com.excelliance.dualaid/com.excelliance.kxqp.swipe.NavActivity2 t16073}}}
06-24 17:02:39.407 V/WindowManager(  657): No longer Stopped: AppWindowToken{d3a938b token=Token{377755a ActivityRecord{d5c9105 u0 com.huawei.android.launcher/.unihome.UniHomeLauncher t15658}}}
06-24 17:02:39.408 D/ScenarioService( 1699): front pkg : com.huawei.android.launcher launcher: true
06-24 17:02:39.408 I/AppsUsage( 1699): scnOff:false FgAPP:com.huawei.android.launcher BgAPP:com.excelliance.dualaid
06-24 17:02:39.408 I/ash     ( 1699): front pkg : com.huawei.android.launcher launcher: true
06-24 17:02:39.409 D/EmcomManagerService(  657): forePackage name is com.huawei.android.launcher
06-24 17:02:39.409 D/HicomPolicyManager(  657): foreAppInfo = nullpkgName = com.huawei.android.launcher uid= 10056
06-24 17:02:39.409 E/HicomPolicyManager(  657): udp acc is not start yet!
06-24 17:02:39.409 D/HicomPolicyManager(  657): speed control is not start
06-24 17:02:39.409 E/HicomPolicyManager(  657): Network Evaluation is not start yet!
06-24 17:02:39.409 E/HicomPolicyManager(  657): foreground app info is null
