06-24 16:32:56.082 I/GRALLOC (  679): 	 iova_size=4096,conUsg=0x100,proUsg=0x100,	 strd=64,[afbc]HdrStrd=0 PyldStrd=0 Scrmbl=0,ionhnd = 1 
06-24 16:32:56.092 E/MemoryLeakMonitorManager(12449): MemoryLeakMonitor.jar is not exist!
06-24 16:32:56.093 D/CrashHandler(12449): CrashHandler
06-24 16:32:56.093 D/KXQPApplication(12449): run: initUserManager
06-24 16:32:56.093 E/Minikin (12449): Could not get cmap table size!
06-24 16:32:56.094 D/PMS11423(  657): package:com.excelliance.dualaid, input flags:128, output hwFlags:0
06-24 16:32:56.102 I/HwCust  (12449): Constructor found for class android.app.HwCustActivityImpl
06-24 16:32:56.102 D/HwCust  (12449): Create obj success use class android.app.HwCustActivityImpl
06-24 16:32:56.105 V/HwPolicyFactory(12449): : success to get AllImpl object and return....
06-24 16:32:56.106 I/HwCust  (12449): Constructor found for class android.app.HwCustHwWallpaperManagerImpl
06-24 16:32:56.106 D/HwCust  (12449): Create obj success use class android.app.HwCustHwWallpaperManagerImpl
06-24 16:32:56.107 D/PMS11423(  657): package:com.excelliance.dualaid, input flags:0, output hwFlags:0
06-24 16:32:56.108 V/HwWidgetFactory(12449): : successes to get AllImpl object and return....
06-24 16:32:56.109 V/ActivityThread(12449): ActivityThread,callActivityOnCreate
06-24 16:32:56.110 D/HelloActivity(12449): Memory:25151M
06-24 16:32:56.111 D/HelloActivity(12449): onCreate: true
06-24 16:32:56.113 D/HelloActivity(12449): is code boot
06-24 16:32:56.115 D/HelloActivity(12449): mIsNav = false
06-24 16:32:56.126 D/HwRecentsLockUtils( 1513): Search
06-24 16:32:56.126 E/HsmCoreServiceImpl( 1478): onTransact in code is: 103
06-24 16:32:56.126 I/MediaProcessHandler( 1478): playingUids: 
06-24 16:32:56.127 D/ActivityManager(  657): Skipping, home or recents stack task: TaskRecord{333215f #15658 A=com.huawei.android.launcher U=0 StackId=0 sz=1}
06-24 16:32:56.127 D/ActivityManager(  657): Skipping intent:act=android.intent.action.MAIN cat=[android.intent.category.LAUNCHER] flg=0x10a00000 cmp=io.appium.settings/.Settings
06-24 16:32:56.127 D/ActivityManager(  657): Skipping intent:flg=0x10804000 cmp=com.android.systemui/.recents.RecentsActivity bnds=[48,928][1032,2296]
06-24 16:32:56.127 D/ActivityManager(  657): Skipping intent:flg=0x18800000 cmp=com.tencent.mm/.plugin.base.stub.WXPayEntryActivity
06-24 16:32:56.127 D/ActivityManager(  657): Skipping intent:flg=0x10800000 cmp=com.huawei.systemmanager/com.huawei.permissionmanager.ui.MainActivity
06-24 16:32:56.127 D/ActivityManager(  657): Skipping intent:flg=0x18800000 cmp=com.tencent.mm/.plugin.base.stub.WXEntryActivity
06-24 16:32:56.127 D/ActivityManager(  657): Skipping intent:act=com.huawei.action.VOICE_ASSISTANT flg=0x10800000 pkg=com.huawei.vassistant cmp=com.huawei.vassistant/.ui.main.VAssistantActivity
06-24 16:32:56.127 D/ActivityManager(  657): Skipping intent:act=com.huawei.android.launcher.action.ACCESS_SPLIT_SCREEN_APP cat=[android.intent.category.DEFAULT] flg=0x10804000 cmp=com.huawei.android.launcher/.splitscreen.SplitScreenAppActivity
06-24 16:32:56.127 D/ActivityManager(  657): Skipping intent:flg=0x10800000 pkg=com.excelliance.dualaid.b64 cmp=com.excelliance.dualaid.b64/com.excelliance.kxqp.sdk.PermissionRequestActivity
06-24 16:32:56.127 D/ActivityManager(  657): Skipping intent:act=android.intent.action.VIEW dat=content://com.excelliance.dualaid.fileProvider/external_storage_root/Download/apk/Multiple_64.apk typ=application/vnd.android.package-archive flg=0x10800001 cmp=com.android.packageinstaller/.InstallStart
06-24 16:32:56.127 D/ActivityManager(  657): Skipping intent:flg=0x10800000 cmp=com.android.systemui/.usb.HwUsbDebuggingActivity
06-24 16:32:56.127 D/ActivityManager(  657): Skipping intent:act=android.deviceinfo.chooser.action.LAUNCH flg=0x10800000 hwFlg=0x100 pkg=com.android.settings cmp=com.android.settings/.deviceinfo.UsbConnModeChooserActivity
06-24 16:32:56.127 D/ActivityManager(  657): Skipping intent:flg=0x10800000 cmp=com.zol.android/.push.KeepLiveActivity
06-24 16:32:56.127 D/ActivityManager(  657): Skipping intent:act=android.intent.action.MAIN cat=[android.intent.category.HOME] flg=0x10800300 cmp=com.android.settings/.FallbackHome
06-24 16:32:56.136 D/HelloActivity(12449): defDisplayStyle:5
06-24 16:32:56.138 D/HttpUtils(12449): getDownloadMode()
06-24 16:32:56.138 D/NetUtils(12449): init inited = true
06-24 16:32:56.138 D/HelloActivity(12449): enter Nav2
06-24 16:32:56.141 D/NetworkSecurityConfig(12449): No Network Security Config specified, using platform default
06-24 16:32:56.141 I/ActivityManager(  657): START u0 {pkg=com.excelliance.dualaid cmp=com.excelliance.dualaid/com.excelliance.kxqp.swipe.NavActivity2 (has extras)} from uid 11423
06-24 16:32:56.141 I/ActivityManager(  657): ActivityRecord info: ActivityInfo{db9d78c com.excelliance.kxqp.swipe.NavActivity2}
06-24 16:32:56.142 V/WindowManager(  657): findFocusedWindow: AppWindowToken{d3a938b token=Token{377755a ActivityRecord{d5c9105 u0 com.huawei.android.launcher/.unihome.UniHomeLauncher t15658}}} below Reached focused app=AppWindowToken{c0dabce token=Token{67088c9 ActivityRecord{baf20d0 u0 com.excelliance.dualaid/com.excelliance.kxqp.ui.HelloActivity t16052}}}
06-24 16:32:56.143 V/WindowManager(  657): addAppToken: AppWindowToken{65f66a6 token=Token{54b8801 ActivityRecord{fd639e8 u0 com.excelliance.dualaid/com.excelliance.kxqp.swipe.NavActivity2 t16052}}} controller={TaskWindowContainerController taskId=16052} at 2147483647
06-24 16:32:56.147 V/ActivityManager(  657): startProcess: name=com.excelliance.dualaid app=null knownToBeDead=true thread=null pid=-1
06-24 16:32:56.148 D/PMS1000 (  657): package:com.excelliance.dualaid, input flags:0, output hwFlags:0
06-24 16:32:56.154 I/ActivityManager(  657): Start proc 12474:com.excelliance.dualaid/u0a1423 for service com.excelliance.dualaid/com.excelliance.kxqp.SmtServService
06-24 16:32:56.155 I/        (12474): power log dlsym ok
06-24 16:32:56.157 I/zygote  (12474): Reinit property: dalvik.vm.checkjni= false
06-24 16:32:56.162 D/HwNetworkManagementService(  657): code == CODE_GET_AD_KEY_LIST
06-24 16:32:56.162 D/HwNetworkManagementService(  657): appName = com.excelliance.dualaid  is not in the mAdViewMap! reply none
06-24 16:32:56.162 D/HwNetworkManagementService(  657): appName = com.excelliance.dualaid  is not in the mAdIdMap! reply none
06-24 16:32:56.165 D/ActivityThread(12474): ActivityThread,attachApplication
06-24 16:32:56.167 D/ActivityManager(  657): ActivityManagerService,attachApplication,callingPid = 12474
06-24 16:32:56.168 D/ActivityThread(12449): add activity client record, r= ActivityRecord{cbe2ddc token=android.os.BinderProxy@d13fa03 {com.excelliance.dualaid/com.excelliance.kxqp.ui.HelloActivity}} token= android.os.BinderProxy@d13fa03
06-24 16:32:56.170 V/WindowManager(  657): No longer Stopped: AppWindowToken{65f66a6 token=Token{54b8801 ActivityRecord{fd639e8 u0 com.excelliance.dualaid/com.excelliance.kxqp.swipe.NavActivity2 t16052}}}
06-24 16:32:56.170 D/ActivityManager(  657): allPausedActivitiesComplete: r=ActivityRecord{baf20d0 u0 com.excelliance.dualaid/com.excelliance.kxqp.ui.HelloActivity t16052 f} state=PAUSING
06-24 16:32:56.176 W//system/bin/hwservicemanager(  416): Cannot open /odm/manifest.xml
06-24 16:32:56.178 V/WindowManager(  657): No longer Stopped: AppWindowToken{65f66a6 token=Token{54b8801 ActivityRecord{fd639e8 u0 com.excelliance.dualaid/com.excelliance.kxqp.swipe.NavActivity2 t16052}}}
06-24 16:32:56.182 W/X509TrustManager(12449): checkServerTrusted: SignatureException:null
06-24 16:32:56.182 W/X509TrustManager(12449): checkServerTrusted: SignatureException:error:04000073:RSA routines:OPENSSL_internal:DATA_TOO_LARGE_FOR_MODULUS
06-24 16:32:56.183 V/WindowManager(  657): Checking 1 opening apps (frozen=false timeout=false)...
06-24 16:32:56.183 V/WindowManager(  657): Check opening app=AppWindowToken{65f66a6 token=Token{54b8801 ActivityRecord{fd639e8 u0 com.excelliance.dualaid/com.excelliance.kxqp.swipe.NavActivity2 t16052}}}: allDrawn=false startingDisplayed=false startingMoved=false isRelaunching()=false
06-24 16:32:56.185 D/HwCust  (12449): Create obj success use class android.app.HwCustActivityImpl
06-24 16:32:56.185 D/HwCust  (12449): Create obj success use class android.app.HwCustHwWallpaperManagerImpl
06-24 16:32:56.186 V/ActivityThread(12449): ActivityThread,callActivityOnCreate
06-24 16:32:56.190 D/PMS11423(  657): package:com.excelliance.dualaid, input flags:128, output hwFlags:0
06-24 16:32:56.191 W//system/bin/hwservicemanager(  416): Cannot open /odm/manifest.xml
06-24 16:32:56.192 D/NavActivity2(12449): onCreate
06-24 16:32:56.193 I/GRALLOC (  679): 	 shrFd=10,fmt=0x1,intFmt=0x1,btStrd=256,size=4096,pid=679 
06-24 16:32:56.193 I/GRALLOC (  679): 	 yuv=2,w=16,h=16,Stride u=0 v=0,offset u=0 v=0 
06-24 16:32:56.193 I/GRALLOC (  679): 	 iova_size=4096,conUsg=0x100,proUsg=0x100,	 strd=64,[afbc]HdrStrd=0 PyldStrd=0 Scrmbl=0,ionhnd = 1 
06-24 16:32:56.197 D/HwFLClassLoader(12474): get used feature list :/feature/used-list failed!
06-24 16:32:56.197 D/HwFLClassLoader(12474): USE_FEATURE_LIST had not init! 
06-24 16:32:56.199 W/Utils   (12449): Utils_isSuperResolutionSupport [load libai_client.so failed]
06-24 16:32:56.201 D/CubicBezierInterpolator(12449): CubicBezierInterpolator  mControlPoint1x = 0.23, mControlPoint1y = 0.06, mControlPoint2x = 0.09, mControlPoint2y = 0.97
06-24 16:32:56.201 D/CubicBezierInterpolator(12449): CubicBezierInterpolator  mControlPoint1x = 0.6, mControlPoint1y = 0.9, mControlPoint2x = 0.8, mControlPoint2y = 1.0
06-24 16:32:56.201 D/CubicBezierInterpolator(12449): CubicBezierInterpolator  mControlPoint1x = 0.23, mControlPoint1y = 0.06, mControlPoint2x = 0.09, mControlPoint2y = 0.97
06-24 16:32:56.201 D/CubicBezierInterpolator(12449): CubicBezierInterpolator  mControlPoint1x = 0.6, mControlPoint1y = 0.9, mControlPoint2x = 0.8, mControlPoint2y = 1.0
06-24 16:32:56.202 D/CubicBezierInterpolator(12449): CubicBezierInterpolator  mControlPoint1x = 0.23, mControlPoint1y = 0.06, mControlPoint2x = 0.09, mControlPoint2y = 0.97
06-24 16:32:56.202 D/CubicBezierInterpolator(12449): CubicBezierInterpolator  mControlPoint1x = 0.6, mControlPoint1y = 0.9, mControlPoint2x = 0.8, mControlPoint2y = 1.0
06-24 16:32:56.202 D/CubicBezierInterpolator(12449): CubicBezierInterpolator  mControlPoint1x = 0.23, mControlPoint1y = 0.06, mControlPoint2x = 0.09, mControlPoint2y = 0.97
06-24 16:32:56.202 D/CubicBezierInterpolator(12449): CubicBezierInterpolator  mControlPoint1x = 0.6, mControlPoint1y = 0.9, mControlPoint2x = 0.8, mControlPoint2y = 1.0
06-24 16:32:56.212 D/HwRTBlurUtils(12449): check blur style for HwPhoneWindow-, themeResId : 0x7f0e000a, context : com.excelliance.kxqp.swipe.NavActivity2@794246b, Nhwext : 0, get Blur : disable with , null
06-24 16:32:56.212 D/HwRTBlurUtils(12449): check blur style for HwPhoneWindow-, themeResId : 0x7f0e000a, context : com.excelliance.kxqp.swipe.NavActivity2@794246b, Nhwext : 0, get Blur : disable with , null
06-24 16:32:56.213 E/test    (12449): hw notch screen flag api error
06-24 16:32:56.215 D/PMS11423(  657): package:com.excelliance.dualaid, input flags:128, output hwFlags:0
06-24 16:32:56.215 D/ActivityThread(12449): add activity client record, r= ActivityRecord{414755e token=android.os.BinderProxy@31abee5 {com.excelliance.dualaid/com.excelliance.kxqp.swipe.NavActivity2}} token= android.os.BinderProxy@31abee5
06-24 16:32:56.217 E/ViewUtils(12449): setBgColor: view==null:top
06-24 16:32:56.224 D/HttpUtils(12449): getResponseCode():200
06-24 16:32:56.224 D/OpenGLRenderer(12449):   HWUI Binary is  enabled
06-24 16:32:56.225 D/WHEG    (12449): {"status":"0","controls":"","skip":"0"}
06-24 16:32:56.225 D/PMS11423(  657): package:com.excelliance.dualaid, input flags:128, output hwFlags:0
06-24 16:32:56.226 D/SurfaceFlinger(  710): SurfaceFlinger: getDisplayConfigs--3.000000, 1080, 1920
06-24 16:32:56.226 I/chatty  (  710): uid=1000(system) Binder:710_3 identical 1 line
06-24 16:32:56.226 D/SurfaceFlinger(  710): SurfaceFlinger: getDisplayConfigs--3.000000, 1080, 1920
06-24 16:32:56.227 D/OpenGLRenderer(12449): HWUI GL Pipeline
06-24 16:32:56.230 D/PMS11423(  657): package:com.excelliance.dualaid, input flags:128, output hwFlags:0
06-24 16:32:56.231 V/WindowManager(  657): Adding Window{6d4fcf5 u0 com.excelliance.dualaid/com.excelliance.kxqp.swipe.NavActivity2} to AppWindowToken{65f66a6 token=Token{54b8801 ActivityRecord{fd639e8 u0 com.excelliance.dualaid/com.excelliance.kxqp.swipe.NavActivity2 t16052}}}
06-24 16:32:56.231 V/WindowManager(  657): addWindow: New client android.os.BinderProxy@5c15a2c: window=Window{6d4fcf5 u0 com.excelliance.dualaid/com.excelliance.kxqp.swipe.NavActivity2} Callers=com.android.server.wm.HwWindowManagerService.addWindow:562 com.android.server.wm.Session.addToDisplay:199 android.view.IWindowSession$Stub.onTransact:124 com.android.server.wm.Session.onTransact:161 android.os.Binder.execTransact:675 
06-24 16:32:56.236 D/PMS11423(  657): package:com.excelliance.dualaid, input flags:128, output hwFlags:0
06-24 16:32:56.237 W/libc    (  951): Set property "ril.hw_modem0.rssi" to "-71"
06-24 16:32:56.240 W/libc    ( 1715): Set property "gsm.rssi.sim1" to "-71"
06-24 16:32:56.241 D/HwGalleryCacheManagerImpl(12449): mIsEffect:false
06-24 16:32:56.241 V/WindowManager(  657): Checking 1 opening apps (frozen=false timeout=false)...
06-24 16:32:56.241 V/WindowManager(  657): Check opening app=AppWindowToken{65f66a6 token=Token{54b8801 ActivityRecord{fd639e8 u0 com.excelliance.dualaid/com.excelliance.kxqp.swipe.NavActivity2 t16052}}}: allDrawn=false startingDisplayed=false startingMoved=false isRelaunching()=false
06-24 16:32:56.242 D/SmartcareProc(  657): onSignalStrengthsChanged: signalStrength is: SignalStrength: 0 1955964583 0 255 0 0 32767 -1 32767 -1 -71 -4 17 -1 0 -1 false gw|lte , on sub: 0
06-24 16:32:56.242 D/SmartcareProc(  657): SignalStrength update result, ss: SignalStrengthInfo:8749149 mGsmSignalStrength: -1 mWcdmaRscp: -1 mWcdmaEcio: 255 mLteRsrp: -71 mLteRsrq: -4 mCdmaDbm: -1 mCdmaEcio: -1 mEvdoDbm: 32767mEvdoEcio: -1mLteRssnr: 17
06-24 16:32:56.243 I/MQoS    (  657): onSignal: mSubId=0,currDataSubID=0
06-24 16:32:56.243 I/MQoS    (  657): received cell-signal:5
06-24 16:32:56.245 I/HwMobileSignalController(0)( 1513): subId:0 phoneType:1 networktype:13 targetClass:3 masterLevel:5 slaveLevel:-1
06-24 16:32:56.253 D/PMS11423(  657): package:com.excelliance.dualaid, input flags:128, output hwFlags:0
06-24 16:32:56.265 I/chatty  (  657): uid=1000(system) Binder:657_12 identical 2 lines
06-24 16:32:56.265 D/PMS11423(  657): package:com.excelliance.dualaid, input flags:128, output hwFlags:0
06-24 16:32:56.265 D/PMS11423(  657): package:com.excelliance.dualaid, input flags:128, output hwFlags:0
06-24 16:32:56.283 D/HwRecentsLockUtils( 1513): Search
06-24 16:32:56.283 E/HsmCoreServiceImpl( 1478): onTransact in code is: 103
06-24 16:32:56.283 I/MediaProcessHandler( 1478): playingUids: 
06-24 16:32:56.266 D/PMS11423(  657): package:com.excelliance.dualaid, input flags:128, output hwFlags:0
06-24 16:32:56.283 D/ActivityManager(  657): Skipping, home or recents stack task: TaskRecord{333215f #15658 A=com.huawei.android.launcher U=0 StackId=0 sz=1}
06-24 16:32:56.283 D/ActivityManager(  657): Skipping intent:act=android.intent.action.MAIN cat=[android.intent.category.LAUNCHER] flg=0x10a00000 cmp=io.appium.settings/.Settings
06-24 16:32:56.284 D/ActivityManager(  657): Skipping intent:flg=0x10804000 cmp=com.android.systemui/.recents.RecentsActivity bnds=[48,928][1032,2296]
06-24 16:32:56.284 D/ActivityManager(  657): Skipping intent:flg=0x18800000 cmp=com.tencent.mm/.plugin.base.stub.WXPayEntryActivity
06-24 16:32:56.284 D/ActivityManager(  657): Skipping intent:flg=0x10800000 cmp=com.huawei.systemmanager/com.huawei.permissionmanager.ui.MainActivity
06-24 16:32:56.284 D/ActivityManager(  657): Skipping intent:flg=0x18800000 cmp=com.tencent.mm/.plugin.base.stub.WXEntryActivity
06-24 16:32:56.284 D/ActivityManager(  657): Skipping intent:act=com.huawei.action.VOICE_ASSISTANT flg=0x10800000 pkg=com.huawei.vassistant cmp=com.huawei.vassistant/.ui.main.VAssistantActivity
06-24 16:32:56.284 D/ActivityManager(  657): Skipping intent:act=com.huawei.android.launcher.action.ACCESS_SPLIT_SCREEN_APP cat=[android.intent.category.DEFAULT] flg=0x10804000 cmp=com.huawei.android.launcher/.splitscreen.SplitScreenAppActivity
06-24 16:32:56.284 D/ActivityManager(  657): Skipping intent:flg=0x10800000 pkg=com.excelliance.dualaid.b64 cmp=com.excelliance.dualaid.b64/com.excelliance.kxqp.sdk.PermissionRequestActivity
06-24 16:32:56.284 D/ActivityManager(  657): Skipping intent:act=android.intent.action.VIEW dat=content://com.excelliance.dualaid.fileProvider/external_storage_root/Download/apk/Multiple_64.apk typ=application/vnd.android.package-archive flg=0x10800001 cmp=com.android.packageinstaller/.InstallStart
06-24 16:32:56.284 D/ActivityManager(  657): Skipping intent:flg=0x10800000 cmp=com.android.systemui/.usb.HwUsbDebuggingActivity
06-24 16:32:56.284 D/ActivityManager(  657): Skipping intent:act=android.deviceinfo.chooser.action.LAUNCH flg=0x10800000 hwFlg=0x100 pkg=com.android.settings cmp=com.android.settings/.deviceinfo.UsbConnModeChooserActivity
06-24 16:32:56.284 D/ActivityManager(  657): Skipping intent:flg=0x10800000 cmp=com.zol.android/.push.KeepLiveActivity
06-24 16:32:56.284 D/ActivityManager(  657): Skipping intent:act=android.intent.action.MAIN cat=[android.intent.category.HOME] flg=0x10800300 cmp=com.android.settings/.FallbackHome
06-24 16:32:56.316 D/MainActivity(12449): instantiateItem: 2	android.widget.RelativeLayout{d00e2b1 V.E...... ......I. 0,0-0,0}
06-24 16:32:56.317 D/MainActivity(12449): initPage3: 
06-24 16:32:56.321 V/WindowManager(  657): Checking 1 opening apps (frozen=false timeout=false)...
06-24 16:32:56.321 V/WindowManager(  657): Check opening app=AppWindowToken{65f66a6 token=Token{54b8801 ActivityRecord{fd639e8 u0 com.excelliance.dualaid/com.excelliance.kxqp.swipe.NavActivity2 t16052}}}: allDrawn=false startingDisplayed=false startingMoved=false isRelaunching()=false
06-24 16:32:56.323 I/zygote  (12474): Compiler allocated 4MB to compile boolean com.excelliance.kxqp.KXQPApplication.b(int)
06-24 16:32:56.328 V/HwPhoneWindowManager(  657): updateSystemUiColorLw window=Window{6d4fcf5 u0 com.excelliance.dualaid/com.excelliance.kxqp.swipe.NavActivity2},EmuiStyle=0,StatusBarColor=0xff000000,NavigationBarColor=0xff000000, mLastIsEmuiLightStyle=-1
06-24 16:32:56.329 D/HwPhoneWindowManager(  657): Transact:setSystemUIColor to status bar service
06-24 16:32:56.329 I/CommandQueue( 1513): updateBarBgColor
06-24 16:32:56.329 D/CommandQueue( 1513): CommandQueue, setBarBackgroundColor
06-24 16:32:56.330 V/WindowManager(  657): Checking 1 opening apps (frozen=false timeout=false)...
06-24 16:32:56.330 I/zygote64(  657): Background concurrent copying GC freed 405105(22MB) AllocSpace objects, 81(1688KB) LOS objects, 30% free, 53MB/77MB, paused 455us total 168.133ms
06-24 16:32:56.330 V/WindowManager(  657): Check opening app=AppWindowToken{65f66a6 token=Token{54b8801 ActivityRecord{fd639e8 u0 com.excelliance.dualaid/com.excelliance.kxqp.swipe.NavActivity2 t16052}}}: allDrawn=false startingDisplayed=false startingMoved=false isRelaunching()=false
06-24 16:32:56.333 I/GRALLOC (  679): 	 shrFd=10,fmt=0x1,intFmt=0x200000001,btStrd=4352,size=8486912,pid=679 
06-24 16:32:56.333 I/GRALLOC (  679): 	 yuv=2,w=1080,h=1920,Stride u=0 v=0,offset u=0 v=0 
06-24 16:32:56.333 I/GRALLOC (  679): 	 iova_size=8486912,conUsg=0x900,proUsg=0x900,	 strd=1088,[afbc]HdrStrd=1088 PyldStrd=69632 Scrmbl=2,ionhnd = 1 
06-24 16:32:56.334 D/MainActivity(12449): run: initPage3
06-24 16:32:56.336 D/TintManager( 1513): statusBarIconTint=#99FFFFFF,navigationBarIconTint=#FF000000
06-24 16:32:56.336 I/OpenGLRenderer(12449): Initialized EGL, version 1.4
06-24 16:32:56.336 D/OpenGLRenderer(12449): Swap behavior 2
06-24 16:32:56.337 I/GRALLOC (  679): 	 shrFd=10,fmt=0x1,intFmt=0x200000001,btStrd=4352,size=8486912,pid=679 
06-24 16:32:56.337 I/GRALLOC (  679): 	 yuv=2,w=1080,h=1920,Stride u=0 v=0,offset u=0 v=0 
06-24 16:32:56.337 I/GRALLOC (  679): 	 iova_size=8486912,conUsg=0x900,proUsg=0x900,	 strd=1088,[afbc]HdrStrd=1088 PyldStrd=69632 Scrmbl=2,ionhnd = 1 
06-24 16:32:56.338 I/GRALLOC (  679): 	 shrFd=10,fmt=0x1,intFmt=0x200000001,btStrd=4352,size=8486912,pid=679 
06-24 16:32:56.338 I/GRALLOC (  679): 	 yuv=2,w=1080,h=1920,Stride u=0 v=0,offset u=0 v=0 
06-24 16:32:56.338 I/GRALLOC (  679): 	 iova_size=8486912,conUsg=0x900,proUsg=0x900,	 strd=1088,[afbc]HdrStrd=1088 PyldStrd=69632 Scrmbl=2,ionhnd = 1 
06-24 16:32:56.340 D/mali_winsys(12449): EGLint new_window_surface(egl_winsys_display *, void *, EGLSurface, EGLConfig, egl_winsys_surface **, egl_color_buffer_format *, EGLBoolean) returns 0x3000
06-24 16:32:56.341 E/vndksupport(12449): Could not load vendor/lib/egl/libGLES_mali_v2.so from sphal namespace: dlopen failed: library "vendor/lib/egl/libGLES_mali_v2.so" not found.
06-24 16:32:56.342 D/BarTransitions.HwPhoneStatusBarView( 1513): MODE_TRANSPARENT -> MODE_TRANSLUCENT animate=false
06-24 16:32:56.342 D/BarTransitions.HwPhoneStatusBarView( 1513): applyModeBackground oldMode=MODE_TRANSPARENT newMode=MODE_TRANSLUCENT animate=false
06-24 16:32:56.344 D/StatusBarIconController( 1513): setIconVisibility icon is null or visibility not change visibility=false
06-24 16:32:56.354 I/GRALLOC (  679): 	 shrFd=10,fmt=0x1,intFmt=0x200000001,btStrd=4352,size=8486912,pid=679 
06-24 16:32:56.354 I/GRALLOC (  679): 	 yuv=2,w=1080,h=1920,Stride u=0 v=0,offset u=0 v=0 
06-24 16:32:56.354 I/GRALLOC (  679): 	 iova_size=8486912,conUsg=0xb00,proUsg=0xb00,	 strd=1088,[afbc]HdrStrd=1088 PyldStrd=69632 Scrmbl=2,ionhnd = 1 
06-24 16:32:56.360 D/PMS11423(  657): package:com.excelliance.dualaid, input flags:128, output hwFlags:0
06-24 16:32:56.362 D/WindowManager(  657): finishDrawingWindow: Window{6d4fcf5 u0 com.excelliance.dualaid/com.excelliance.kxqp.swipe.NavActivity2} mDrawState=DRAW_PENDING
06-24 16:32:56.362 V/MainActivity(12449): onWindowFocusChanged: true
06-24 16:32:56.363 W/InputMethodManager(12449): startInputReason = 1
06-24 16:32:56.363 V/WindowManager(  657): Checking 1 opening apps (frozen=false timeout=false)...
06-24 16:32:56.363 V/WindowManager(  657): Check opening app=AppWindowToken{65f66a6 token=Token{54b8801 ActivityRecord{fd639e8 u0 com.excelliance.dualaid/com.excelliance.kxqp.swipe.NavActivity2 t16052}}}: allDrawn=true startingDisplayed=false startingMoved=false isRelaunching()=false
06-24 16:32:56.367 I/ActivityManager(  657): Displayed com.excelliance.dualaid/com.excelliance.kxqp.swipe.NavActivity2: +194ms (total +3s973ms)
06-24 16:32:56.368 D/PMS11423(  657): package:com.excelliance.dualaid, input flags:128, output hwFlags:0
06-24 16:32:56.368 D/BarTransitions.HwPhoneStatusBarView( 1513): MODE_TRANSLUCENT -> MODE_TRANSPARENT animate=false
06-24 16:32:56.368 D/BarTransitions.HwPhoneStatusBarView( 1513): applyModeBackground oldMode=MODE_TRANSLUCENT newMode=MODE_TRANSPARENT animate=false
06-24 16:32:56.369 W/InputMethodManager(12449): startInputReason = 5
06-24 16:32:56.369 D/ImageWallpaper( 1513): onVisibilityChanged: mVisible, visible=true, false
06-24 16:32:56.369 D/ImageWallpaper( 1513): Visibility changed to visible=false
06-24 16:32:56.370 I/wangchen( 7035): SysInfo.getSysParam: orientation=1||config d=3.0,w=1080,h=1920||metrics d=3.0,w=1080,h=1920||sdk=26,bar_h=72
06-24 16:32:56.370 I/KeymapLoader( 7035): w=1080 h=1920 ori=true appScale=3.3 s1=3.0
06-24 16:32:56.374 E/BufferQueueProducer(  710): [com.huawei.android.launcher/com.huawei.android.launcher.unihome.UniHomeLauncher#0] disconnect: not connected (req=1)
06-24 16:32:56.374 I/WindowManager(  657): notifyAccessibilityButtonVisibilityChanged visible:false
06-24 16:32:56.374 W/libEGL  ( 2519): EGLNativeWindowType 0x74825f5010 disconnect failed
06-24 16:32:56.378 I/GRALLOC (  679): 	 shrFd=10,fmt=0x1,intFmt=0x200000001,btStrd=4352,size=8486912,pid=679 
06-24 16:32:56.378 I/GRALLOC (  679): 	 yuv=2,w=1080,h=1920,Stride u=0 v=0,offset u=0 v=0 
06-24 16:32:56.378 I/GRALLOC (  679): 	 iova_size=8486912,conUsg=0xb00,proUsg=0xb00,	 strd=1088,[afbc]HdrStrd=1088 PyldStrd=69632 Scrmbl=2,ionhnd = 1 
06-24 16:32:56.381 D/BarTransitions.HwPhoneStatusBarView( 1513): MODE_TRANSPARENT -> MODE_TRANSLUCENT animate=false
06-24 16:32:56.381 D/BarTransitions.HwPhoneStatusBarView( 1513): applyModeBackground oldMode=MODE_TRANSPARENT newMode=MODE_TRANSLUCENT animate=false
06-24 16:32:56.381 D/BarTransitions.HwNavigationBarView( 1513): MODE_TRANSLUCENT -> MODE_OPAQUE animate=false
06-24 16:32:56.381 D/BarTransitions.HwNavigationBarView( 1513): applyModeBackground oldMode=MODE_TRANSLUCENT newMode=MODE_OPAQUE animate=false
06-24 16:32:56.393 W/ActivityManager(  657): Sending non-protected broadcast huawei.action.floattasks.STATUS_BAR_STATE_CHANGED from system 1513:com.android.systemui/u0a39 pkg com.android.systemui
06-24 16:32:56.394 D/ActivityThread(12449): Remove activity client record, r= ActivityRecord{cbe2ddc token=android.os.BinderProxy@d13fa03 {com.excelliance.dualaid/com.excelliance.kxqp.ui.HelloActivity}} token= android.os.BinderProxy@d13fa03
06-24 16:32:56.395 W/HwKeyguardDragHelper( 1513): AnimationBlocked
06-24 16:32:56.396 V/WindowManager(  657): notifyAppStopped: AppWindowToken{d3a938b token=Token{377755a ActivityRecord{d5c9105 u0 com.huawei.android.launcher/.unihome.UniHomeLauncher t15658}}}
06-24 16:32:56.396 E/WindowManager(  657): win=Window{68d6975 u0 com.huawei.android.launcher/com.huawei.android.launcher.unihome.UniHomeLauncher} destroySurfaces: appStopped=true win.mWindowRemovalAllowed=false win.mRemoveOnExit=false
06-24 16:32:56.396 I/WindowManager(  657): Destroying surface Surface(name=com.huawei.android.launcher/com.huawei.android.launcher.unihome.UniHomeLauncher) called by com.android.server.wm.WindowStateAnimator.destroySurface:2060 com.android.server.wm.WindowStateAnimator.destroySurfaceLocked:873 com.android.server.wm.HwWindowStateAnimator.destroySurfaceLocked:1006 com.android.server.wm.WindowState.destroyOrSaveSurfaceUnchecked:2990 com.android.server.wm.WindowState.destroySurface:2951 com.android.server.wm.AppWindowToken.destroySurfaces:654 com.android.server.wm.AppWindowToken.destroySurfaces:638 com.android.server.wm.AppWindowToken.notifyAppStopped:682 
06-24 16:32:56.397 V/WindowManager(  657): removeAppToken: AppWindowToken{c0dabce token=Token{67088c9 ActivityRecord{baf20d0 u0 com.excelliance.dualaid/com.excelliance.kxqp.ui.HelloActivity t16052}}} delayed=false Callers=com.android.server.wm.DisplayContent.removeAppToken:985 com.android.server.wm.AppWindowContainerController.removeContainer:348 com.android.server.am.ActivityRecord.removeWindowContainer:1039 com.android.server.am.ActivityStack.removeActivityFromHistoryLocked:4491 
06-24 16:32:56.398 D/HwGameAssistantController(  657): pid=2519, uid=10056, foreground=false
06-24 16:32:56.398 W/AwareLog(  657): SchedLevelBoost: onFgActivitiesChanged config not set!
06-24 16:32:56.403 W/dex2oat (12516): Using default instruction set features for ARM CPU variant (default) using conservative defaults
06-24 16:32:56.404 I/dex2oat (12516): /system/bin/dex2oat -j4 --dex-file=/data/data/com.excelliance.dualaid/.platformcache/main.jar --output-vdex-fd=49 --oat-fd=50 --oat-location=/data/data/com.excelliance.dualaid/.platformcache/oat/arm/main.odex --compiler-filter=quicken
06-24 16:32:56.404 I/cutils-trace(12516): atrace_init_once, trace_marker_path = /sys/kernel/debug/tracing/trace_marker
06-24 16:32:56.488 I/NetworkSpeedManagerEx( 1513): mIsStop = false
06-24 16:32:56.488 I/NetworkSpeedManagerEx( 1513):  runInThread getTetherStats
06-24 16:32:56.488 I/NetworkSpeedManagerEx( 1513):  runInUI refreshSpeed
06-24 16:32:56.489 I/NetworkSpeedManagerEx( 1513): value=1819.0speed = 1.8
06-24 16:32:56.489 I/NetworkSpeedManagerEx( 1513): K/smIsShowLastSpeedValuefalse
06-24 16:32:56.489 I/NetworkSpeedView( 1513): /update(), speed=1.8
06-24 16:32:56.489 I/NetworkSpeedView( 1513): K/s parent class:class com.android.systemui.statusbar.HwSystemIcons
06-24 16:32:56.512 I/NetworkSpeedManagerEx( 1513): mIsStop = false
06-24 16:32:56.512 I/NetworkSpeedManagerEx( 1513):  runInThread getTetherStats
06-24 16:32:56.513 I/NetworkSpeedManagerEx( 1513):  runInUI refreshSpeed
06-24 16:32:56.513 I/NetworkSpeedManagerEx( 1513): value=1819.0speed = 1.8
06-24 16:32:56.513 I/NetworkSpeedManagerEx( 1513): K/smIsShowLastSpeedValuefalse
06-24 16:32:56.513 I/NetworkSpeedView( 1513): /update(), speed=1.8
06-24 16:32:56.513 I/NetworkSpeedView( 1513): K/s parent class:class com.android.systemui.statusbar.HwSystemIcons
06-24 16:32:56.554 I/HwNormalizedSpline(  657): getEyeProtectionBrightnessLevel lux =239.0, mDefaultBrightnessFromLux =68.645
06-24 16:32:56.584 D/PMS10056(  657): package:cn.wps.moffice_eng, input flags:8192, output hwFlags:67108864
06-24 16:32:56.585 D/PMS10056(  657): package:com.android.browser, input flags:8192, output hwFlags:0
06-24 16:32:56.586 D/PMS10056(  657): package:com.android.calendar, input flags:8192, output hwFlags:0
06-24 16:32:56.588 D/PMS10056(  657): package:com.android.calendar, input flags:8192, output hwFlags:0
06-24 16:32:56.589 D/PMS10056(  657): package:com.android.deskclock, input flags:8192, output hwFlags:0
06-24 16:32:56.590 I/chatty  (  657): uid=1000(system) Binder:657_4 identical 1 line
06-24 16:32:56.590 D/PMS10056(  657): package:com.android.deskclock, input flags:8192, output hwFlags:0
06-24 16:32:56.591 D/PMS10056(  657): package:com.android.email, input flags:8192, output hwFlags:33554432
06-24 16:32:56.592 D/PMS10056(  657): package:com.android.gallery3d, input flags:8192, output hwFlags:0
06-24 16:32:56.593 D/PMS10056(  657): package:com.android.mediacenter, input flags:8192, output hwFlags:0
06-24 16:32:56.594 D/PMS10056(  657): package:com.android.settings, input flags:8192, output hwFlags:0
06-24 16:32:56.595 D/PMS10056(  657): package:com.example.android.notepad, input flags:8192, output hwFlags:33554432
06-24 16:32:56.596 D/PMS10056(  657): package:com.huawei.android.launcher, input flags:8192, output hwFlags:0
06-24 16:32:56.596 D/PMS10056(  657): package:com.huawei.systemmanager, input flags:0, output hwFlags:0
06-24 16:32:56.597 D/PMS10056(  657): package:com.huawei.android.totemweatherwidget, input flags:8192, output hwFlags:33554432
06-24 16:32:56.598 D/PMS10056(  657): package:com.huawei.android.totemweatherwidget, input flags:8192, output hwFlags:33554432
06-24 16:32:56.599 D/PMS10056(  657): package:com.huawei.health, input flags:8192, output hwFlags:67108864
06-24 16:32:56.600 D/PMS10056(  657): package:com.UCMobile, input flags:8192, output hwFlags:0
06-24 16:32:56.601 D/PMS10056(  657): package:com.jingdong.app.mall, input flags:8192, output hwFlags:0
06-24 16:32:56.601 D/PMS10056(  657): package:com.sina.weibo, input flags:8192, output hwFlags:0
06-24 16:32:56.603 D/PMS10056(  657): package:com.whatsapp, input flags:8192, output hwFlags:0
06-24 16:32:56.612 E/asset   ( 2519): createFromFile(): lock file /data/resource-cache/system@emui@base@overlay@frameworkhwexthonor@frameworkhwexthonor.apk@idmap.
06-24 16:32:56.612 E/asset   ( 2519): createFromFile(): lock file /data/resource-cache/system@emui@base@overlay@frameworkhwexthonor@frameworkhwexthonor.apk@idmap.
06-24 16:32:56.612 W/ResourceType( 2519): Found multiple library tables, ignoring...
06-24 16:32:56.632 E/asset   ( 2519): createFromFile(): lock file /data/resource-cache/system@emui@base@overlay@frameworkhwexthonor@frameworkhwexthonor.apk@idmap.
06-24 16:32:56.632 E/asset   ( 2519): createFromFile(): lock file /data/resource-cache/system@emui@base@overlay@frameworkhwexthonor@frameworkhwexthonor.apk@idmap.
06-24 16:32:56.632 W/ResourceType( 2519): Found multiple library tables, ignoring...
06-24 16:32:56.720 E/Thermal-daemon(  764): [pa_0] temp_new :38  temp_old :37
06-24 16:32:56.720 I/ThermalService( 1699): Receive temperature change, type: 1, temp: 38 from thermald
06-24 16:32:56.720 E/Thermal-daemon(  764): Report temperature: [pa_0] temp :38  report_threshold:1
06-24 16:32:56.721 D/HwThermalStateManager( 1699): Thermal type: 1 cur_temperature:38
06-24 16:32:56.722 E/Thermal-daemon(  764): [flash_led] temp_new :39  temp_old :38
06-24 16:32:56.722 I/ThermalService( 1699): Receive temperature change, type: 3, temp: 39 from thermald
06-24 16:32:56.722 E/Thermal-daemon(  764): Report temperature: [flash_led] temp :39  report_threshold:1
06-24 16:32:56.723 D/HwThermalStateManager( 1699): Thermal type: 3 cur_temperature:39
06-24 16:32:56.723 W/HwThermalStateManager( 1699): warning: no config thermal type:3 temperature:39
06-24 16:32:56.808 I/dex2oat (12516): dex2oat took 405.414ms (997.597ms cpu) (threads: 4) arena alloc=48KB (49472B) java alloc=2MB (3127336B) native alloc=4MB (4695984B) free=2MB (2644048B)
06-24 16:32:56.820 D/PMS11423(  657): package:com.excelliance.dualaid, input flags:128, output hwFlags:0
06-24 16:32:56.871 W/dex2oat (12524): Using default instruction set features for ARM CPU variant (default) using conservative defaults
06-24 16:32:56.871 I/dex2oat (12524): /system/bin/dex2oat -j4 --dex-file=/data/data/com.excelliance.dualaid/.platformcache/kxqpplatform2.jar --output-vdex-fd=50 --oat-fd=51 --oat-location=/data/data/com.excelliance.dualaid/.platformcache/oat/arm/kxqpplatform2.odex --compiler-filter=quicken
06-24 16:32:56.871 I/cutils-trace(12524): atrace_init_once, trace_marker_path = /sys/kernel/debug/tracing/trace_marker
06-24 16:32:56.882 I/GRALLOC (  679): 	 shrFd=10,fmt=0x1,intFmt=0x200000001,btStrd=4352,size=8486912,pid=679 
06-24 16:32:56.882 I/GRALLOC (  679): 	 yuv=2,w=1080,h=1920,Stride u=0 v=0,offset u=0 v=0 
06-24 16:32:56.882 I/GRALLOC (  679): 	 iova_size=8486912,conUsg=0xb00,proUsg=0xb00,	 strd=1088,[afbc]HdrStrd=1088 PyldStrd=69632 Scrmbl=2,ionhnd = 1 
06-24 16:32:57.071 I/dex2oat (12524): dex2oat took 200.245ms (426.086ms cpu) (threads: 4) arena alloc=62KB (63816B) java alloc=2MB (2283480B) native alloc=2MB (2320280B) free=2MB (2922600B)
06-24 16:32:57.082 D/PMS11423(  657): package:com.excelliance.dualaid, input flags:0, output hwFlags:0
06-24 16:32:57.097 E/MemoryLeakMonitorManager(12474): MemoryLeakMonitor.jar is not exist!
06-24 16:32:57.098 D/CrashHandler(12474): CrashHandler
06-24 16:32:57.099 D/KXQPApplication(12474): run: initUserManager
06-24 16:32:57.100 E/Minikin (12474): Could not get cmap table size!
06-24 16:32:57.100 D/PMS11423(  657): package:com.excelliance.dualaid, input flags:128, output hwFlags:0
06-24 16:32:57.112 D/AirPushService(12474): 第一次触发
06-24 16:32:57.113 D/SmtServService(12474): MSG_LOAD_PLT GameUtil.isPtLoaded() = false
06-24 16:32:57.113 D/PMS1000 (  657): package:com.excelliance.dualaid, input flags:8192, output hwFlags:0
06-24 16:32:57.114 I/HwCust  (12474): Constructor found for class android.net.HwCustConnectivityManagerImpl
06-24 16:32:57.114 D/HwCust  (12474): Create obj success use class android.net.HwCustConnectivityManagerImpl
06-24 16:32:57.115 D/NetworkStateReceiver(12474): netWorkConnected = true
06-24 16:32:57.116 D/AirPushUtils(12474): startPushInfo
06-24 16:32:57.119 D/PMS1001 (  657): package:com.excelliance.dualaid, input flags:0, output hwFlags:0
06-24 16:32:57.119 D/AirPushService(12474): 第一次设置Alarm
06-24 16:32:57.119 D/AirPushService(12474): resetPushAlarm
06-24 16:32:57.120 D/SmtServService(12474): pull info
06-24 16:32:57.120 D/SmtServService(12474): diffTime = 1529829177120
06-24 16:32:57.120 D/SmtServService(12474): pushInfoFromServer
06-24 16:32:57.122 D/PMS11423(  657): package:com.excelliance.dualaid, input flags:0, output hwFlags:0
06-24 16:32:57.122 D/AirPushPreferences(12474): setLastPushTime
06-24 16:32:57.133 I/zygote  (12474): Do partial code cache collection, code=27KB, data=31KB
06-24 16:32:57.135 D/PMS11423(  657): package:com.excelliance.dualaid, input flags:128, output hwFlags:0
06-24 16:32:57.137 I/zygote  (12474): After code cache collection, code=11KB, data=18KB
06-24 16:32:57.137 I/zygote  (12474): Increasing code cache capacity to 128KB
06-24 16:32:57.139 D/PMS11423(  657): package:com.excelliance.dualaid, input flags:128, output hwFlags:0
06-24 16:32:57.143 D/StatisticsManager(12474): Query time diff:1529829177143
06-24 16:32:57.145 I/chatty  (  657): uid=1000(system) Binder:657_4 identical 2 lines
06-24 16:32:57.146 D/PMS11423(  657): package:com.excelliance.dualaid, input flags:128, output hwFlags:0
06-24 16:32:57.152 D/PMS11423(  657): package:com.excelliance.dualaid, input flags:128, output hwFlags:0
06-24 16:32:57.153 D/launch-time-RU(12474): preload 24 classes cost 39ms
06-24 16:32:57.160 I/chatty  (  657): uid=1000(system) Binder:657_1B identical 5 lines
06-24 16:32:57.160 D/PMS11423(  657): package:com.excelliance.dualaid, input flags:128, output hwFlags:0
06-24 16:32:57.165 D/PMS11423(  657): package:com.excelliance.dualaid, input flags:128, output hwFlags:0
06-24 16:32:57.179 D/StatisticsManager(12474): Query time diff:1529829177179
06-24 16:32:57.197 D/StatisticsManager(12474): Query time diff:1529829177197
06-24 16:32:57.203 D/AirPushDBHelper(12474): onCreate: pushitemnew
06-24 16:32:57.206 I/zygote  (12449): Do partial code cache collection, code=27KB, data=27KB
06-24 16:32:57.206 I/zygote  (12449): After code cache collection, code=27KB, data=27KB
06-24 16:32:57.206 I/zygote  (12449): Increasing code cache capacity to 128KB
06-24 16:32:57.207 D/AirPushDBHelper(12474): selection = type=? and index_=(select max(index_) from pushitemnew where type=?) , key = vip
06-24 16:32:57.208 D/AirPushDBHelper(12474): selection = type=? and index_=(select max(index_) from pushitemnew where type=?) , key = update
06-24 16:32:57.208 D/AirPushDBHelper(12474): selection = type=? and index_=(select max(index_) from pushitemnew where type=?) , key = officalActivity
06-24 16:32:57.209 D/AirPushDBHelper(12474): selection = type=? and index_=(select max(index_) from pushitemnew where type=?) , key = news
06-24 16:32:57.209 D/AirPushDBHelper(12474): selection = type=? and index_=(select max(index_) from pushitemnew where type=?) , key = target
06-24 16:32:57.210 D/AirPushDBHelper(12474): selection = type=? and index_=(select max(index_) from pushitemnew where type=?) , key = batch
06-24 16:32:57.211 D/AirPushDBHelper(12474): selection = type=? and index_=(select max(index_) from pushitemnew where type=?) , key = skipTarget
06-24 16:32:57.211 D/AirPushDBHelper(12474): selection = type=? and index_=(select max(index_) from pushitemnew where type=?) , key = thirdApp
06-24 16:32:57.212 D/PushItem(12474): indexJson = {}
06-24 16:32:57.212 D/AirPushService(12474): dataJson = {}
06-24 16:32:57.212 V/AirPushService(12474): ver :e30%3D%0A
06-24 16:32:57.213 D/VersionManager(12474): httpsRequest getURL = https://mto.multiopen.cn/pushmess.php?ver=466&mainver=231200&data=e30%3D%0A&wxCode=1321&subchid=1&sdkV=8.0.0&pkg=com.excelliance.dualaid&chid=10019&issl=1&compver=54302&wxVerName=6.6.7&vn=4.0.6&model=stf-al10&api=26&brand=honor&aid=f0c2426fc7560cf5
06-24 16:32:57.216 D/NetworkSecurityConfig(12474): No Network Security Config specified, using platform default
06-24 16:32:57.221 W/libc    (  493): Set property "hw.wifi.dns_stat" to "36383,31631,5028,1,53003"
06-24 16:32:57.223 D/GameUtil(12474): getSDKDataParam totalmem:5.60GB
06-24 16:32:57.224 D/VersionManager(12474): httpsRequest getURL = https://folder.appota.cn/genuser.php?chid=10019&subchid=1&vc=466&type=4&data=tbCbI6ooWmOSi%2BhP8At3K55rUDjOXjUCTTE1Q7OqeVGzpiL1Dx8z2UKsv%2F2w066OKzL65VOc%2FHNVNculXvpkfbOlpWKAPUf5ryVSFynVNa8UucDwm5e36rJ6e2Kpu%2B5ykc4DARTfkZV4Ad5N96d4%2BjApQCWZuWchybogtHpbAp5JGb2oE4RYpIUqF8au1pxTSmwBdD5PozvBfX2%2Bj4RIW8u13M8ksM63bQoy2eR4WdDx%2BqZexoey63Hms3xqJyQkd3PFvljbOMDFV5%2BIsI0F%2B0cTu0Poz37kp440m4BdEnDxUpl%2F2SWQiyGENywr4rII2GFixGV6F3FTP2B6Iz%2Bp9XPgTT1Q8jOobYd0%2B7qf7bpZ2AyYZuCae%2FN%2FDrbd9ARIKpXrBwZ7SdplMO1nzphjQUqGRQMAlrO9Oa0Du6EV17%2FgN7YtgBzuJRHbP0GgVSdnIEYbOUnjg9adLEk2nhpRcwGYdX7bJ5%2FC%2FGVy8QMvFO%2FVJ5uAYH82VV6bvSarVkuFeotJT4yadRHbDkYGgVZfCDPVS%2FOPcQttSZtkoN3AjIdEC3B%2BjPtytpdTQYFvI9Ol&issl=1
06-24 16:32:57.245 D/PMS1000 (  657): package:com.excelliance.dualaid, input flags:1024, output hwFlags:0
06-24 16:32:57.245 I/ActivityManager(  657): Need to start process com.excelliance.dualaid:lbcore for provider ContentProviderInfo{name=com.excelliance.dualaid:com.excelliance.kxqp.platform.PluginManagerProvider className=com.excelliance.kxqp.platform.PluginManagerProvider}, callerApp: ProcessRecord{24978e7 12474:com.excelliance.dualaid/u0a1423}
06-24 16:32:57.245 V/ActivityManager(  657): startProcess: name=com.excelliance.dualaid:lbcore app=null knownToBeDead=false thread=null pid=-1
06-24 16:32:57.245 D/PMS1000 (  657): package:com.excelliance.dualaid, input flags:0, output hwFlags:0
06-24 16:32:57.253 I/        (12567): power log dlsym ok
06-24 16:32:57.253 I/ActivityManager(  657): Start proc 12567:com.excelliance.dualaid:lbcore/u0a1423 for content provider com.excelliance.dualaid/com.excelliance.kxqp.platform.PluginManagerProvider
06-24 16:32:57.253 V/ActivityManager_MU(  657): Waiting to start provider ContentProviderRecord{b54cc48 u0 com.excelliance.dualaid/com.excelliance.kxqp.platform.PluginManagerProvider} launchingApp=ProcessRecord{c7a56eb 12567:com.excelliance.dualaid:lbcore/u0a1423} caller pid= 12474
06-24 16:32:57.255 I/zygote  (12567): Reinit property: dalvik.vm.checkjni= false
06-24 16:32:57.260 W/X509TrustManager(12474): checkServerTrusted: SignatureException:null
06-24 16:32:57.260 W/X509TrustManager(12474): checkServerTrusted: SignatureException:error:04000073:RSA routines:OPENSSL_internal:DATA_TOO_LARGE_FOR_MODULUS
06-24 16:32:57.261 W/X509TrustManager(12474): checkServerTrusted: SignatureException:null
06-24 16:32:57.261 W/X509TrustManager(12474): checkServerTrusted: SignatureException:error:04000073:RSA routines:OPENSSL_internal:DATA_TOO_LARGE_FOR_MODULUS
06-24 16:32:57.262 D/ActivityThread(12567): ActivityThread,attachApplication
06-24 16:32:57.262 D/ActivityManager(  657): ActivityManagerService,attachApplication,callingPid = 12567
06-24 16:32:57.271 W//system/bin/hwservicemanager(  416): Cannot open /odm/manifest.xml
06-24 16:32:57.285 W//system/bin/hwservicemanager(  416): Cannot open /odm/manifest.xml
06-24 16:32:57.286 I/GRALLOC (  679): 	 shrFd=10,fmt=0x1,intFmt=0x1,btStrd=256,size=4096,pid=679 
06-24 16:32:57.286 I/GRALLOC (  679): 	 yuv=2,w=16,h=16,Stride u=0 v=0,offset u=0 v=0 
06-24 16:32:57.286 I/GRALLOC (  679): 	 iova_size=4096,conUsg=0x100,proUsg=0x100,	 strd=64,[afbc]HdrStrd=0 PyldStrd=0 Scrmbl=0,ionhnd = 1 
06-24 16:32:57.288 D/HwFLClassLoader(12567): get used feature list :/feature/used-list failed!
06-24 16:32:57.288 D/HwFLClassLoader(12567): USE_FEATURE_LIST had not init! 
06-24 16:32:57.302 I/TrafficMonitor(  657): update:rxPkts:22,txPkts:25,rxBytes:11210,txBytes:3644
06-24 16:32:57.302 I/TrafficMonitor(  657): start expired. level:-1
06-24 16:32:57.302 I/TrafficMonitor(  657): gettimer:interval=2000
06-24 16:32:57.304 D/PMS11423(  657): package:com.excelliance.dualaid, input flags:128, output hwFlags:0
06-24 16:32:57.305 D/AirPushService(12474): result = {"period":"r","vip":{"index_":"","data":""},"update":{"index_":"","data":""},"officalActivity":{"index_":"","data":""},"news":{"index_":"","data":""},"target":{"index_":"","data":""},"batch":{"index_":"","data":""},"skipTarget":{"index_":"","data":""},"thirdApp":{"index_":"","data":""}}
06-24 16:32:57.305 D/AirPushService(12474): handleCheckerSaveToDB
06-24 16:32:57.305 D/AirPushUtils(12474): startDbOver
06-24 16:32:57.309 D/SmtServService(12474): db write over
06-24 16:32:57.310 D/SmtServService(12474): gameCenterFirstStart = true
06-24 16:32:57.323 D/VersionManager(12474): uid=353
06-24 16:32:57.348 D/launch-time-RU(12567): preload 24 classes cost 14ms
06-24 16:32:57.383 D/ActivityThread(12567): Loading provider com.excelliance.dualaid:com.excelliance.kxqp.platform.PluginManagerProvider: com.excelliance.kxqp.platform.PluginManagerProvider
06-24 16:32:57.383 D/PMS11423(  657): package:com.excelliance.dualaid, input flags:0, output hwFlags:0
06-24 16:32:57.392 D/PMS1000 (  657): package:com.excelliance.dualaid, input flags:8192, output hwFlags:0
06-24 16:32:57.396 D/PMS1001 (  657): package:com.excelliance.dualaid, input flags:0, output hwFlags:0
06-24 16:32:57.401 D/PMS11423(  657): package:com.excelliance.dualaid, input flags:0, output hwFlags:0
06-24 16:32:57.403 D/PMS11423(  657): package:com.excelliance.dualaid:lbcore, input flags:0, output is null
06-24 16:32:57.405 I/Bluetooth_framework(  657): BluetoothManagerService:Added callback: android.bluetooth.IBluetoothManagerCallback$Stub$Proxy@f2576c7:true pid = 12567
06-24 16:32:57.408 D/PMS11423(  657): package:com.excelliance.dualaid, input flags:128, output hwFlags:0
06-24 16:32:57.421 I/LBVMD-LBPMS(12567): LBVMRT: version 54302:543.02
06-24 16:32:57.422 E/zygote  (12567): Invalid capacity given to EnsureLocalCapacity: 800
06-24 16:32:57.434 I/HwCust  (12567): Constructor found for class android.net.HwCustConnectivityManagerImpl
06-24 16:32:57.434 D/HwCust  (12567): Create obj success use class android.net.HwCustConnectivityManagerImpl
06-24 16:32:57.439 D/PMS11423(  657): package:com.excelliance.dualaid, input flags:0, output hwFlags:0
06-24 16:32:57.448 V/HwWidgetFactory(12567): : successes to get AllImpl object and return....
06-24 16:32:57.449 D/PMS11423(  657): package:com.excelliance.dualaid, input flags:0, output hwFlags:0
06-24 16:32:57.449 D/PMS11423(  657): package:com.excelliance.dualaid, input flags:0, output hwFlags:0
06-24 16:32:57.450 V/ActivityManager(  657): Successfully start provider ContentProviderRecord{b54cc48 u0 com.excelliance.dualaid/com.excelliance.kxqp.platform.PluginManagerProvider} launchingApp=ProcessRecord{c7a56eb 12567:com.excelliance.dualaid:lbcore/u0a1423} caller pid= 12474
06-24 16:32:57.450 E/MemoryLeakMonitorManager(12567): MemoryLeakMonitor.jar is not exist!
06-24 16:32:57.451 D/KXQPApplication(12567): run: initUserManager
06-24 16:32:57.451 E/MemoryLeakMonitorManager(12567): MemoryLeakMonitor.jar is not exist!
06-24 16:32:57.455 E/Minikin (12567): Could not get cmap table size!
06-24 16:32:57.455 E/MemoryLeakMonitorManager(12474): MemoryLeakMonitor.jar is not exist!
06-24 16:32:57.455 D/PMS11423(  657): package:com.excelliance.dualaid, input flags:128, output hwFlags:0
06-24 16:32:57.456 D/SmtServService(12474): MSG_LOAD_PLT after msg.obj
06-24 16:32:57.459 V/ActivityManager(  657): Attempted to start a foreground service (ComponentInfo{com.excelliance.dualaid/com.excelliance.kxqp.platform.TrampolineService}) with a broken notification (no icon: Notification(channel=null pri=0 contentView=null vibrate=null sound=null defaults=0x0 flags=0x40 color=0x00000000 vis=PRIVATE))
06-24 16:32:57.461 W/PackageParser(12567): No actions in intent filter at /data/app/com.huawei.hwid-Sc7ADDdoDYIYREll7tj_iw==/base.apk Binary XML file line #1412
06-24 16:32:57.463 W/PackageParser(12567): No actions in intent filter at /data/app/com.huawei.hwid-Sc7ADDdoDYIYREll7tj_iw==/base.apk Binary XML file line #1680
06-24 16:32:57.463 W/PackageParser(12567): No actions in intent filter at /data/app/com.huawei.hwid-Sc7ADDdoDYIYREll7tj_iw==/base.apk Binary XML file line #1694
06-24 16:32:57.466 E/zygote  (12567): Invalid capacity given to EnsureLocalCapacity: 592
06-24 16:32:57.495 D/HwNotificationManagerService(  657): recognize: tag=null, id=268435456, user=UserHandle{0}, pkg=com.excelliance.dualaid, uid=11423, callingPid=12567
06-24 16:32:57.496 D/PMS1000 (  657): package:com.excelliance.dualaid, input flags:0, output hwFlags:0
06-24 16:32:57.496 I/[HwRecSys]HwRecSysAidlService( 2647): doNotificationCollect -> current num:1
06-24 16:32:57.496 I/[HwRecSys]-Notification-NotificationUpdateController( 2647): startNotificationUpdate start!
06-24 16:32:57.496 W/SettingsEx( 2647): SettingsEx.Systemex.getInt deprecated use Settings.System.getInt instead ;callers=com.huawei.recsys.util.SystemUtil.getNotificationUpdateMode:169 com.huawei.recsys.util.SystemUtil.isAllowUpdate:104 com.huawei.recsys.controller.notification.http.NotificationUpdateController.startNotificationUpdate:85 
06-24 16:32:57.496 I/[HwRecSys]SystemUtil( 2647): isAllowUpdate mode:1
06-24 16:32:57.497 I/[HwRecSys]SystemUtil( 2647): isAllowUpdate isAllowUpdate:true
06-24 16:32:57.497 I/[HwRecSys]-Notification-NotificationUpdateController( 2647):  -> currentYear:2018
06-24 16:32:57.497 I/[HwRecSys]-Notification-NotificationUpdateController( 2647):  -> currentMonth:5
06-24 16:32:57.497 I/[HwRecSys]-Notification-NotificationUpdateController( 2647):  -> currentDay:24
06-24 16:32:57.497 I/[HwRecSys]-Notification-NotificationUpdateController( 2647):  -> oldYear:2018
06-24 16:32:57.497 I/[HwRecSys]-Notification-NotificationUpdateController( 2647):  -> oldMonth:5
06-24 16:32:57.497 I/[HwRecSys]-Notification-NotificationUpdateController( 2647):  -> oldDay:24
06-24 16:32:57.497 E/[HwRecSys]-Notification-NotificationUpdateController( 2647): startNotificationUpdate time is valid no need request
06-24 16:32:57.497 I/[HwRecSys]-Notification-NotificationController( 2647): doNotificationCollect start!
06-24 16:32:57.498 E/[HwRecSys]-Notification-NotificationController( 2647): HwDefaultLabels returnStr:107
06-24 16:32:57.498 E/[HwRecSys]-Notification-NotificationController( 2647): getChinese paramValue is null!
06-24 16:32:57.499 E/[HwRecSys]-Notification-NotificationController( 2647): doNotificationCollect getLabelByRegRules label:107
06-24 16:32:57.499 I/[HwRecSys]HwRecSysAidlService( 2647): doNotificationCollect ->  finally remote Num - 1 !
06-24 16:32:57.499 I/HwNotificationManagerService(  657): doNotificationCollect: pkg=com.excelliance.dualaid, uid=11423, hw_type=107, hw_btw=true
06-24 16:32:57.499 D/PMS1000 (  657): package:com.excelliance.dualaid, input flags:268435456, output hwFlags:0
06-24 16:32:57.499 D/PMS1000 (  657): package:com.excelliance.dualaid, input flags:0, output hwFlags:0
