06-24 15:30:07.122 D/ActivityManager(  657): Skipping intent:act=android.deviceinfo.chooser.action.LAUNCH flg=0x10800000 hwFlg=0x100 pkg=com.android.settings cmp=com.android.settings/.deviceinfo.UsbConnModeChooserActivity
06-24 15:30:07.122 D/ActivityManager(  657): Skipping intent:flg=0x10800000 cmp=com.zol.android/.push.KeepLiveActivity
06-24 15:30:07.122 D/ActivityManager(  657): Skipping intent:act=android.intent.action.MAIN cat=[android.intent.category.HOME] flg=0x10800300 cmp=com.android.settings/.FallbackHome
06-24 15:30:07.125 D/PMS11422(  657): package:com.ifreetalk.ftalk, input flags:0, output hwFlags:0
06-24 15:30:07.126 V/HelloActivity(30021): end add appType0
06-24 15:30:07.129 I/zygote  (30021): Do partial code cache collection, code=62KB, data=48KB
06-24 15:30:07.129 I/zygote  (30021): After code cache collection, code=61KB, data=48KB
06-24 15:30:07.129 I/zygote  (30021): Increasing code cache capacity to 256KB
06-24 15:30:07.131 D/HelloActivity(30021): onSuccess: respone:{"code":1,"message":"success","data":{"switch":1},"service":"onekeyswitch"}
06-24 15:30:07.142 D/ActivityThread(30021): add activity client record, r= ActivityRecord{2c2a792 token=android.os.BinderProxy@f7a1593 {com.excelliance.dualaid/com.excelliance.kxqp.ui.HelloActivity}} token= android.os.BinderProxy@f7a1593
06-24 15:30:07.145 D/OpenGLRenderer(30021):   HWUI Binary is  enabled
06-24 15:30:07.147 V/WindowManager(  657): Adding Window{a5272a4 u0 com.excelliance.dualaid/com.excelliance.kxqp.ui.HelloActivity} to AppWindowToken{17a153f token=Token{fa9dd5e ActivityRecord{59f4699 u0 com.excelliance.dualaid/com.excelliance.kxqp.ui.HelloActivity t16010}}}
06-24 15:30:07.147 V/WindowManager(  657): addWindow: New client android.os.BinderProxy@ebf6d37: window=Window{a5272a4 u0 com.excelliance.dualaid/com.excelliance.kxqp.ui.HelloActivity} Callers=com.android.server.wm.HwWindowManagerService.addWindow:562 com.android.server.wm.Session.addToDisplay:199 android.view.IWindowSession$Stub.onTransact:124 com.android.server.wm.Session.onTransact:161 android.os.Binder.execTransact:675 
06-24 15:30:07.148 V/MainActivity(30021): onWindowFocusChanged: false
06-24 15:30:07.149 D/MainActivity(30021): onWindowFocusChanged: end
06-24 15:30:07.149 D/HelloActivity(30021): upload: com.tencent.mm,com.tencent.mobileqq,com.ifreetalk.ftalk
06-24 15:30:07.150 D/OpenGLRenderer(30021):   HWUI Binary is  enabled
06-24 15:30:07.151 E/SmtServService(30056): firststartcom.tencent.mm,com.tencent.mobileqq,com.ifreetalk.ftalk
06-24 15:30:07.158 D/VersionManager(30056): xml=<?xml version="1.0" encoding="utf-8"?><upinfo></upinfo>
06-24 15:30:07.164 V/WindowManager(  657): Checking 1 opening apps (frozen=false timeout=false)...
06-24 15:30:07.164 V/WindowManager(  657): Check opening app=AppWindowToken{17a153f token=Token{fa9dd5e ActivityRecord{59f4699 u0 com.excelliance.dualaid/com.excelliance.kxqp.ui.HelloActivity t16010}}}: allDrawn=false startingDisplayed=false startingMoved=false isRelaunching()=false
06-24 15:30:07.166 V/HwPhoneWindowManager(  657): updateSystemUiColorLw window=Window{a5272a4 u0 com.excelliance.dualaid/com.excelliance.kxqp.ui.HelloActivity},EmuiStyle=0,StatusBarColor=0x0,NavigationBarColor=0xff000000, mLastIsEmuiLightStyle=-1
06-24 15:30:07.166 D/HwPhoneWindowManager(  657): Transact:setSystemUIColor to status bar service
06-24 15:30:07.166 I/CommandQueue( 1513): updateBarBgColor
06-24 15:30:07.166 D/CommandQueue( 1513): CommandQueue, setBarBackgroundColor
06-24 15:30:07.167 D/TintManager( 1513): statusBarIconTint=#99FFFFFF,navigationBarIconTint=#FF000000
06-24 15:30:07.167 I/WindowManager(  657): notifyAccessibilityButtonVisibilityChanged visible:false
06-24 15:30:07.167 W/ActivityManager(  657): Sending non-protected broadcast huawei.action.floattasks.STATUS_BAR_STATE_CHANGED from system 1513:com.android.systemui/u0a39 pkg com.android.systemui
06-24 15:30:07.168 V/WindowManager(  657): Checking 1 opening apps (frozen=false timeout=false)...
06-24 15:30:07.168 V/WindowManager(  657): Check opening app=AppWindowToken{17a153f token=Token{fa9dd5e ActivityRecord{59f4699 u0 com.excelliance.dualaid/com.excelliance.kxqp.ui.HelloActivity t16010}}}: allDrawn=false startingDisplayed=false startingMoved=false isRelaunching()=false
06-24 15:30:07.170 I/GRALLOC (  679): 	 shrFd=10,fmt=0x1,intFmt=0x200000001,btStrd=4352,size=8486912,pid=679 
06-24 15:30:07.170 I/GRALLOC (  679): 	 yuv=2,w=1080,h=1920,Stride u=0 v=0,offset u=0 v=0 
06-24 15:30:07.170 I/GRALLOC (  679): 	 iova_size=8486912,conUsg=0x900,proUsg=0x900,	 strd=1088,[afbc]HdrStrd=1088 PyldStrd=69632 Scrmbl=2,ionhnd = 1 
06-24 15:30:07.171 V/WindowManager(  657): Checking 1 opening apps (frozen=false timeout=false)...
06-24 15:30:07.171 V/WindowManager(  657): Check opening app=AppWindowToken{17a153f token=Token{fa9dd5e ActivityRecord{59f4699 u0 com.excelliance.dualaid/com.excelliance.kxqp.ui.HelloActivity t16010}}}: allDrawn=false startingDisplayed=false startingMoved=false isRelaunching()=false
06-24 15:30:07.172 I/GRALLOC (  679): 	 shrFd=10,fmt=0x1,intFmt=0x200000001,btStrd=4352,size=8486912,pid=679 
06-24 15:30:07.172 I/GRALLOC (  679): 	 yuv=2,w=1080,h=1920,Stride u=0 v=0,offset u=0 v=0 
06-24 15:30:07.172 I/GRALLOC (  679): 	 iova_size=8486912,conUsg=0x900,proUsg=0x900,	 strd=1088,[afbc]HdrStrd=1088 PyldStrd=69632 Scrmbl=2,ionhnd = 1 
06-24 15:30:07.172 W//system/bin/hwservicemanager(  416): Cannot open /odm/manifest.xml
06-24 15:30:07.173 I/GRALLOC (  679): 	 shrFd=10,fmt=0x1,intFmt=0x200000001,btStrd=4352,size=8486912,pid=679 
06-24 15:30:07.173 I/GRALLOC (  679): 	 yuv=2,w=1080,h=1920,Stride u=0 v=0,offset u=0 v=0 
06-24 15:30:07.173 I/GRALLOC (  679): 	 iova_size=8486912,conUsg=0x900,proUsg=0x900,	 strd=1088,[afbc]HdrStrd=1088 PyldStrd=69632 Scrmbl=2,ionhnd = 1 
06-24 15:30:07.174 D/mali_winsys(30021): EGLint new_window_surface(egl_winsys_display *, void *, EGLSurface, EGLConfig, egl_winsys_surface **, egl_color_buffer_format *, EGLBoolean) returns 0x3000
06-24 15:30:07.185 W/InputMethodManager(30021): startInputReason = 1
06-24 15:30:07.188 I/wangchen( 7035): SysInfo.getSysParam: orientation=1||config d=3.0,w=1080,h=1920||metrics d=3.0,w=1080,h=1920||sdk=26,bar_h=72
06-24 15:30:07.188 I/KeymapLoader( 7035): w=1080 h=1920 ori=true appScale=3.3 s1=3.0
06-24 15:30:07.190 D/PMS11422(  657): package:com.android.mms, input flags:0, output hwFlags:0
06-24 15:30:07.190 D/PMS11422(  657): package:com.android.settings, input flags:0, output hwFlags:0
06-24 15:30:07.190 D/PMS11422(  657): package:com.android.contacts, input flags:0, output hwFlags:0
06-24 15:30:07.207 D/PMS1000 (  657): package:com.excelliance.dualaid, input flags:8192, output hwFlags:0
06-24 15:30:07.208 W/HSM     ( 1813): HoldService:toast switch is close!
06-24 15:30:07.209 D/ApplicationPackageManager(30021): getInstalledApplications blocked
06-24 15:30:07.209 D/HsmInterfaceImpl(30021): List [ApplicationInfo{eb33652 com.huawei.hifolder}, ApplicationInfo{2474d23 com.github.shadowsocks}, ApplicationInfo{deeb220 com.excelliance.dualaid}]
06-24 15:30:07.211 I/GRALLOC (  679): 	 shrFd=10,fmt=0x1,intFmt=0x200000001,btStrd=4352,size=8486912,pid=679 
06-24 15:30:07.211 I/GRALLOC (  679): 	 yuv=2,w=1080,h=1920,Stride u=0 v=0,offset u=0 v=0 
06-24 15:30:07.211 I/GRALLOC (  679): 	 iova_size=8486912,conUsg=0xb00,proUsg=0xb00,	 strd=1088,[afbc]HdrStrd=1088 PyldStrd=69632 Scrmbl=2,ionhnd = 1 
06-24 15:30:07.215 D/PMS11422(  657): package:com.tencent.tmgp.qqx5, input flags:0, output hwFlags:0
06-24 15:30:07.216 D/PMS11422(  657): package:com.huawei.android.pushagent, input flags:0, output hwFlags:0
06-24 15:30:07.216 D/PMS11422(  657): package:com.huawei.appmarket, input flags:0, output hwFlags:0
06-24 15:30:07.216 D/PMS11422(  657): package:com.wandoujia.phoenix2, input flags:0, output hwFlags:0
06-24 15:30:07.216 D/PMS11422(  657): package:com.tencent.mm, input flags:0, output hwFlags:0
06-24 15:30:07.216 D/PMS11422(  657): package:com.android.providers.media, input flags:0, output hwFlags:0
06-24 15:30:07.216 D/PMS11422(  657): package:com.huawei.vassistant, input flags:0, output hwFlags:0
06-24 15:30:07.216 D/PMS11422(  657): package:com.android.contacts, input flags:0, output hwFlags:0
06-24 15:30:07.217 D/PMS11422(  657): package:com.facebook.katana, input flags:0, output hwFlags:0
06-24 15:30:07.217 D/PMS11422(  657): package:com.huawei.hidisk, input flags:0, output hwFlags:536870912
06-24 15:30:07.217 D/WindowManager(  657): finishDrawingWindow: Window{a5272a4 u0 com.excelliance.dualaid/com.excelliance.kxqp.ui.HelloActivity} mDrawState=DRAW_PENDING
06-24 15:30:07.217 D/PMS11422(  657): package:com.huawei.trustcircle, input flags:0, output hwFlags:0
06-24 15:30:07.217 D/PMS11422(  657): package:com.jingdong.app.mall, input flags:0, output hwFlags:0
06-24 15:30:07.218 D/PMS11422(  657): package:com.tencent.mobileqq, input flags:0, output hwFlags:0
06-24 15:30:07.218 D/PMS11422(  657): package:com.zol.android, input flags:0, output hwFlags:0
06-24 15:30:07.218 D/PMS11422(  657): package:com.huawei.hiskytone, input flags:0, output hwFlags:603979776
06-24 15:30:07.218 D/PMS11422(  657): package:com.huawei.hwid, input flags:0, output hwFlags:0
06-24 15:30:07.218 D/PMS11422(  657): package:com.sina.weibo, input flags:0, output hwFlags:0
06-24 15:30:07.218 D/PMS11422(  657): package:com.antutu.ABenchMark, input flags:0, output hwFlags:0
06-24 15:30:07.218 D/PMS11422(  657): package:com.sankuai.meituan.takeoutnew, input flags:0, output hwFlags:0
06-24 15:30:07.218 D/PMS11422(  657): package:com.vmall.client, input flags:0, output hwFlags:67108864
06-24 15:30:07.219 D/PMS11422(  657): package:com.android.browser, input flags:0, output hwFlags:0
06-24 15:30:07.219 D/PMS11422(  657): package:com.eg.android.AlipayGphone, input flags:0, output hwFlags:0
06-24 15:30:07.219 D/PMS11422(  657): package:com.android.mediacenter, input flags:0, output hwFlags:0
06-24 15:30:07.219 D/PMS11422(  657): package:com.huawei.himovie, input flags:0, output hwFlags:0
06-24 15:30:07.219 V/WindowManager(  657): Checking 1 opening apps (frozen=false timeout=false)...
06-24 15:30:07.219 V/WindowManager(  657): Check opening app=AppWindowToken{17a153f token=Token{fa9dd5e ActivityRecord{59f4699 u0 com.excelliance.dualaid/com.excelliance.kxqp.ui.HelloActivity t16010}}}: allDrawn=true startingDisplayed=false startingMoved=false isRelaunching()=false
06-24 15:30:07.219 D/PMS11422(  657): package:com.huawei.hnreader, input flags:0, output hwFlags:67108864
06-24 15:30:07.220 D/PMS11422(  657): package:com.twitter.android, input flags:0, output hwFlags:0
06-24 15:30:07.220 D/PMS11422(  657): package:com.baidu.input_huawei, input flags:0, output hwFlags:0
06-24 15:30:07.220 D/PMS11422(  657): package:com.google.android.gms, input flags:0, output hwFlags:0
06-24 15:30:07.220 D/PMS11422(  657): package:com.sankuai.meituan, input flags:0, output hwFlags:0
06-24 15:30:07.220 D/PMS11422(  657): package:com.tencent.news, input flags:0, output hwFlags:0
06-24 15:30:07.221 D/PMS11422(  657): package:com.iflytek.speechsuite, input flags:0, output hwFlags:0
06-24 15:30:07.221 D/PMS11422(  657): package:com.qzone, input flags:0, output is null
06-24 15:30:07.221 D/PMS11422(  657): package:com.tencent.android.qqdownloader, input flags:0, output hwFlags:0
06-24 15:30:07.221 D/PMS11422(  657): package:com.tencent.now, input flags:0, output is null
06-24 15:30:07.221 D/PMS11422(  657): package:com.ifreetalk.ftalk, input flags:0, output hwFlags:0
06-24 15:30:07.221 D/PMS11422(  657): package:com.taobao.taobao, input flags:0, output hwFlags:0
06-24 15:30:07.221 D/PMS11422(  657): package:com.android.gallery3d, input flags:0, output hwFlags:0
06-24 15:30:07.221 D/PMS11422(  657): package:com.pp.assistant, input flags:0, output hwFlags:0
06-24 15:30:07.222 D/PMS11422(  657): package:com.oppo.market, input flags:0, output hwFlags:0
06-24 15:30:07.222 D/PMS11422(  657): package:com.excean.wxaid, input flags:0, output hwFlags:0
06-24 15:30:07.222 D/PMS11422(  657): package:com.huawei.intelligent, input flags:0, output hwFlags:0
06-24 15:30:07.223 D/PMS11422(  657): package:com.google.android.backuptransport, input flags:0, output hwFlags:0
06-24 15:30:07.223 D/PMS11422(  657): package:com.huawei.skytone, input flags:0, output hwFlags:0
06-24 15:30:07.223 D/PMS11422(  657): package:com.estrongs.android.pop, input flags:0, output hwFlags:0
06-24 15:30:07.223 D/PMS11422(  657): package:com.redfinger.app, input flags:0, output hwFlags:0
06-24 15:30:07.223 D/PMS11422(  657): package:com.android.vending, input flags:0, output hwFlags:0
06-24 15:30:07.223 D/PMS11422(  657): package:org.hapjs.mockup, input flags:0, output hwFlags:0
06-24 15:30:07.223 D/PMS11422(  657): package:com.huawei.gamebox, input flags:0, output hwFlags:603979776
06-24 15:30:07.224 D/PMS11422(  657): package:com.tencent.tmgp.pubgmhd-ext, input flags:0, output is null
06-24 15:30:07.224 D/PMS11422(  657): package:com.stickgame.los2, input flags:0, output hwFlags:0
06-24 15:30:07.224 D/PMS11422(  657): package:com.qihoo.appstore, input flags:0, output hwFlags:0
06-24 15:30:07.224 D/PMS11422(  657): package:com.huawei.android.thememanager, input flags:0, output hwFlags:0
06-24 15:30:07.224 D/PMS11422(  657): package:com.excean.parallelspace, input flags:0, output hwFlags:0
06-24 15:30:07