--------- beginning of main
06-24 16:57:29.408 E/memtrack(11655): Couldn't load memtrack module
06-24 16:57:29.408 W/android.os.Debug(11655): failed to get memory consumption info: -1
06-24 16:57:29.482 I/appium  (32213): channel read invoked!
06-24 16:57:29.482 I/appium  (32213): channel read: GET /wd/hub/status
06-24 16:57:29.485 I/appium  (32213): AppiumResponse: {"sessionId":"SESSIONID","status":0,"value":"Status Invoked"}
06-24 16:57:29.519 I/appium  (32213): channel read invoked!
06-24 16:57:29.519 I/appium  (32213): channel read: POST /wd/hub/session
06-24 16:57:29.520 D/appium  (32213): payload: {"desiredCapabilities":{"platform":"LINUX","webStorageEnabled":false,"takesScreenshot":true,"javascriptEnabled":true,"databaseEnabled":false,"networkConnectionEnabled":true,"locationContextEnabled":false,"warnings":{},"desired":{"platformName":"Android","platformVersion":"8.0.0\n","deviceName":"CSX0217930000442","appPackage":"com.excelliance.dualaid","appActivity":"com.excelliance.kxqp.ui.HelloActivity","newCommandTimeout":30000,"automationName":"uiautomator2"},"platformName":"Android","platformVersion":"8.0.0","deviceName":"CSX0217930000442","appPackage":"com.excelliance.dualaid","appActivity":"com.excelliance.kxqp.ui.HelloActivity","newCommandTimeout":30000,"automationName":"uiautomator2","deviceUDID":"CSX0217930000442","deviceScreenSize":"1080x1920","deviceScreenDensity":480,"deviceModel":"STF-AL10","deviceManufacturer":"HUAWEI"}}
06-24 16:57:29.524 I/appium  (32213): Session Created with SessionID:c072d834-22e9-437c-a27b-150073d6a231
06-24 16:57:29.525 I/appium  (32213): AppiumResponse: {"sessionId":"c072d834-22e9-437c-a27b-150073d6a231","status":0,"value":"Created Session"}
--------- beginning of system
06-24 16:57:29.639 I/ActivityManager(  657): Force stopping com.excelliance.dualaid appid=11424 user=0: from pid 32257by app
06-24 16:57:29.656 V/AlarmManager(  657): UninstallReceiver onReceive action:android.intent.action.PACKAGE_RESTARTED
06-24 16:57:29.657 D/HwBastetService(  657): BroadcastReceiver android.intent.action.PACKAGE_RESTARTED
06-24 16:57:29.660 I/HwCoreAppHelperService( 1478): LocalReceiver receives:android.intent.action.PACKAGE_RESTARTED,pkg:com.excelliance.dualaid,uid:11424
06-24 16:57:29.665 D/HwGpsPowerTracker(  657): LocalReceiver receives:android.intent.action.PACKAGE_RESTARTED
06-24 16:57:29.666 D/PMS1000 (  657): package:com.excelliance.dualaid, input flags:0, output hwFlags:0
06-24 16:57:29.666 E/NfcNci  ( 2677): NfcUtils error: APP have nfc permission
06-24 16:57:29.675 D/CarrierSvcBindHelper( 1715): No carrier app for: 0
06-24 16:57:29.677 D/CarrierSvcBindHelper( 1715): No carrier app for: 1
06-24 16:57:29.677 D/PMS1027 (  657): package:com.google.android.apps.walletnfcrel, input flags:8192, output is null
06-24 16:57:29.680 D/ApduServiceInfo( 2677): No com.nxp.nfc.extensions meta-data
06-24 16:57:29.681 W/Watchdog(  657): hungtask: writing kick
06-24 16:57:29.683 I/EventHub(  657): EventHub monitor: no key events in the past 5523s, no motion events in the past 2414s
06-24 16:57:29.685 D/ApduServiceInfo( 2677): No com.nxp.nfc.extensions meta-data
06-24 16:57:29.691 I/chatty  ( 2677): uid=1027(nfc) com.android.nfc identical 2 lines
06-24 16:57:29.694 D/ApduServiceInfo( 2677): No com.nxp.nfc.extensions meta-data
06-24 16:57:29.695 E/ApduServiceInfo( 2677): SE extension not present, Setting default offhost seID
06-24 16:57:29.706 E/NfcNci  ( 2677): NfcUtils error: APP have nfc permission
06-24 16:57:29.846 D/NetWorkUtils( 1513): mVSimCurCardType is -1
06-24 16:57:29.904 I/ActivityManager(  657): START u0 {act=android.intent.action.MAIN cat=[android.intent.category.LAUNCHER] flg=0x10200000 cmp=com.excelliance.dualaid/com.excelliance.kxqp.ui.HelloActivity} from uid 2000
06-24 16:57:29.850 D/NetWorkUtils( 1513): mVSimCurCardType is -1
06-24 16:57:29.911 I/ash     ( 1699): front pkg : com.excelliance.dualaid launcher: false
06-24 16:57:29.911 I/ash     ( 1699): above launcher front pkgs: [com.excelliance.dualaid]
06-24 16:57:29.912 I/ActivityManager(  657): ActivityRecord info: ActivityInfo{cc97217 com.excelliance.kxqp.ui.HelloActivity}
06-24 16:57:29.913 D/PMS1000 (  657): package:com.excelliance.dualaid, input flags:268436480, output hwFlags:0
06-24 16:57:29.938 V/WindowManager(  657): addAppToken: AppWindowToken{de918b3 token=Token{675b622 ActivityRecord{1abb7ed u0 com.excelliance.dualaid/com.excelliance.kxqp.ui.HelloActivity t16070}}} controller={TaskWindowContainerController taskId=16070} at 2147483647
06-24 16:57:29.940 D/MotionDetectionManager( 2519): stopMotionAppsReco motionApps: 403
06-24 16:57:29.940 D/MotionDetectionManager( 2519): stopMotionAppsReco not recognition motionApps 403
06-24 16:57:29.940 W/HwLauncher( 2519): Launcher.MotionManager stopMotionAppsReco service flg 403 is unavailable
06-24 16:57:29.941 I/ActivityManager(  657): mWaitingActivityLaunched add ComponentName = null
06-24 16:57:29.943 V/ActivityManager(  657): startProcess: name=com.excelliance.dualaid:olle app=null knownToBeDead=true thread=null pid=-1
06-24 16:57:29.943 D/PMS1000 (  657): package:com.excelliance.dualaid, input flags:0, output hwFlags:0
06-24 16:57:29.944 I/AwareLog(  769): IAWARE_PREREAD_FILE
06-24 16:57:29.944 D/AwareLog(  769): iawared: touch_file  base.odex
06-24 16:57:29.944 D/AwareLog(  769): iawared: touch_file  base.vdex
06-24 16:57:29.944 D/AwareLog(  769): preread_pkgfile com.excelliance.dualaid took 0 ms
06-24 16:57:29.944 D/AwareLog(  769): preread_pkgfile com.excelliance.dualaid read 507904 Bytes.
06-24 16:57:29.948 I/PGServer( 1699): android calls fast hibernateApps
06-24 16:57:29.948 I/AppFastHibernation( 1699): fast hibernate duration: 1500 reason: start activity
06-24 16:57:29.948 I/Pged-IPgedBinderService(  769): ****action is 1, pid num is 7***
06-24 16:57:29.948 I/Pged-Freezer(  769): freezePids
06-24 16:57:29.948 I/Pged-Freezer(  769): Freeze process: 29457
06-24 16:57:29.949 I/Pged-Freezer(  769): Freeze process: 19894
06-24 16:57:29.949 I/Pged-Freezer(  769): Freeze process: 29531
06-24 16:57:29.949 I/Pged-Freezer(  769): Freeze process: 31476
06-24 16:57:29.949 I/Pged-Freezer(  769): Freeze process: 32085
06-24 16:57:29.949 I/Pged-Freezer(  769): Freeze process: 32213
06-24 16:57:29.950 D/PgedBinderAdapter( 1699): frz ok, pid: [29457, 19894, 29531, 31476, 32085, 32213]
06-24 16:57:29.952 D/PMS1000 (  657): package:com.excelliance.dualaid, input flags:1, output hwFlags:0
06-24 16:57:29.956 I/        (32261): power log dlsym ok
06-24 16:57:29.959 I/ActivityManager(  657): Start proc 32261:com.excelliance.dualaid:olle/u0a1424 for activity com.excelliance.dualaid/com.excelliance.kxqp.ui.HelloActivity
06-24 16:57:29.960 I/zygote  (32261): Reinit property: dalvik.vm.checkjni= false
06-24 16:57:29.961 V/WindowManager(  657): No longer Stopped: AppWindowToken{de918b3 token=Token{675b622 ActivityRecord{1abb7ed u0 com.excelliance.dualaid/com.excelliance.kxqp.ui.HelloActivity t16070}}}
06-24 16:57:29.961 V/ActivityManager(  657): startProcess: name=com.excelliance.dualaid:olle app=ProcessRecord{f383e70 32261:com.excelliance.dualaid:olle/u0a1424} knownToBeDead=true thread=null pid=32261
06-24 16:57:29.973 D/ActivityThread(32261): ActivityThread,attachApplication
06-24 16:57:29.974 D/ActivityManager(  657): ActivityManagerService,attachApplication,callingPid = 32261
06-24 16:57:29.976 V/WindowManager(  657): No longer Stopped: AppWindowToken{de918b3 token=Token{675b622 ActivityRecord{1abb7ed u0 com.excelliance.dualaid/com.excelliance.kxqp.ui.HelloActivity t16070}}}
06-24 16:57:29.987 V/WindowManager(  657): findFocusedWindow: AppWindowToken{d3a938b token=Token{377755a ActivityRecord{d5c9105 u0 com.huawei.android.launcher/.unihome.UniHomeLauncher t15658}}} below Reached focused app=AppWindowToken{de918b3 token=Token{675b622 ActivityRecord{1abb7ed u0 com.excelliance.dualaid/com.excelliance.kxqp.ui.HelloActivity t16070}}}
06-24 16:57:29.988 D/ScenarioService( 1699): front pkg : com.excelliance.dualaid launcher: false
06-24 16:57:29.988 D/ScenarioService( 1699): new above launcher front pkgs: [com.excelliance.dualaid]
06-24 16:57:29.988 I/AppsUsage( 1699): scnOff:false FgAPP:com.excelliance.dualaid BgAPP:com.huawei.android.launcher
06-24 16:57:29.993 D/EmcomManagerService(  657): forePackage name is com.excelliance.dualaid
06-24 16:57:29.993 D/HicomPolicyManager(  657): foreAppInfo = nullpkgName = com.excelliance.dualaid uid= 11424
06-24 16:57:29.993 E/HicomPolicyManager(  657): udp acc is not start yet!
06-24 16:57:29.993 D/HicomPolicyManager(  657): speed control is not start
06-24 16:57:29.993 E/HicomPolicyManager(  657): Network Evaluation is not start yet!
06-24 16:57:29.993 E/HicomPolicyManager(  657): foreground app info is null
06-24 16:57:29.994 V/WindowManager(  657): Checking 1 opening apps (frozen=false timeout=false)...
06-24 16:57:29.994 V/WindowManager(  657): Check opening app=AppWindowToken{de918b3 token=Token{675b622 ActivityRecord{1abb7ed u0 com.excelliance.dualaid/com.excelliance.kxqp.ui.HelloActivity t16070}}}: allDrawn=false startingDisplayed=false startingMoved=false isRelaunching()=false
06-24 16:57:29.994 D/[HwRecSys]HwRecSysService( 2647): onEvent actionID: 10000 msg:com.excelliance.dualaid		
06-24 16:57:29.994 E/[HwRecSys]HwRecSysService( 2647): getIsRportDirectService is false!
06-24 16:57:29.996 D/HwQoEUtils(  657): mForegroundAppPackageName: com.excelliance.dualaid:olle ,score: 0
06-24 16:57:29.996 D/HwQoEUtils(  657): APP type: -1 appName= com.excelliance.dualaid:olle
06-24 16:57:29.996 D/HwQoEUtils(  657): RealAppName:com.excelliance.dualaid
06-24 16:57:29.996 D/HwQoEUtils(  657): no game, APP_TYPE_GAME, appName =com.excelliance.dualaid:olle
06-24 16:57:29.996 D/HwGameAssistantController(  657): pid=32261, uid=11424, foreground=true
06-24 16:57:29.998 I/HwNetworkPolicy(  657): onTransact, code = 203
06-24 16:57:29.998 W//system/bin/hwservicemanager(  416): Cannot open /odm/manifest.xml
06-24 16:57:29.998 I/HwNetworkPolicyManager( 1813): getHwUidPolicy uid = 11424 policy = 0
06-24 16:57:29.998 W/AwareLog(  657): SchedLevelBoost: onFgActivitiesChanged config not set!
06-24 16:57:29.999 D/PMS1000 (  657): package:com.excelliance.dualaid, input flags:0, output hwFlags:0
06-24 16:57:29.999 I/PGServer( 1699): report state:10010 event type:2 pid:0 uid:0 pkg:com.huawei.android.launcher to pid: 657
06-24 16:57:29.999 I/PGServer( 1699): report state:10010 event type:2 pid:0 uid:0 pkg:com.huawei.android.launcher to pid: 1699
06-24 16:57:29.999 I/SceneReceiver( 1699): state type: 10010 eventType:2 pid:0 uid:0 pkg:com.huawei.android.launcher
06-24 16:57:29.999 I/PGServer( 1699): report state:10000 event type:1 pid:0 uid:0 pkg:com.excelliance.dualaid to pid: 657
06-24 16:57:29.999 I/PGServer( 1699): report state:10000 event type:1 pid:0 uid:0 pkg:com.excelliance.dualaid to pid: 1699
06-24 16:57:29.999 I/SceneReceiver( 1699): state type: 10000 eventType:1 pid:0 uid:0 pkg:com.excelliance.dualaid
06-24 16:57:30.000 D/HwThermalStateManager( 1699): current foreapp pkg : com.excelliance.dualaid
06-24 16:57:30.000 I/PGServer( 1699): checkPkgType. calling pkg: android
06-24 16:57:30.000 I/PGServer( 1699): checkPkgType. calling pkg: android
06-24 16:57:30.001 W/libc    ( 1699): Set property "sys.aps.gameProcessName" to ""
06-24 16:57:30.003 W/libc    ( 1699): Set property "sys.aps.browserProcessName" to ""
06-24 16:57:30.005 I/PGServer( 1699): checkPkgType. calling pkg: com.huawei.iaware
06-24 16:57:30.005 V/AudioManager( 1699): setParameters  keyValuePairs: updateAppLowPowerParams=167783584
06-24 16:57:30.009 D/HwFLClassLoader(32261): get used feature list :/feature/used-list failed!
06-24 16:57:30.009 D/HwFLClassLoader(32261): USE_FEATURE_LIST had not init! 
06-24 16:57:30.010 W//system/bin/hwservicemanager(  416): Cannot open /odm/manifest.xml
06-24 16:57:30.011 I/GRALLOC (  679): 	 shrFd=10,fmt=0x1,intFmt=0x1,btStrd=256,size=4096,pid=679 
06-24 16:57:30.011 I/GRALLOC (  679): 	 yuv=2,w=16,h=16,Stride u=0 v=0,offset u=0 v=0 
06-24 16:57:30.011 I/GRALLOC (  679): 	 iova_size=4096,conUsg=0x100,proUsg=0x100,	 strd=64,[afbc]HdrStrd=0 PyldStrd=0 Scrmbl=0,ionhnd = 1 
06-24 16:57:30.024 E/MemoryLeakMonitorManager(32261): MemoryLeakMonitor.jar is not exist!
06-24 16:57:30.025 D/CrashHandler(32261): CrashHandler
06-24 16:57:30.025 E/Minikin (32261): Could not get cmap table size!
06-24 16:57:30.025 D/PMS11424(  657): package:com.excelliance.dualaid, input flags:128, output hwFlags:0
06-24 16:57:30.026 D/KXQPApplication(32261): run: initUserManager
06-24 16:57:30.034 I/HwCust  (32261): Constructor found for class android.app.HwCustActivityImpl
06-24 16:57:30.034 D/HwCust  (32261): Create obj success use class android.app.HwCustActivityImpl
06-24 16:57:30.036 V/HwPolicyFactory(32261): : success to get AllImpl object and return....
06-24 16:57:30.037 I/HwCust  (32261): Constructor found for class android.app.HwCustHwWallpaperManagerImpl
06-24 16:57:30.037 D/HwCust  (32261): Create obj success use class android.app.HwCustHwWallpaperManagerImpl
06-24 16:57:30.038 D/PMS11424(  657): package:com.excelliance.dualaid, input flags:0, output hwFlags:0
06-24 16:57:30.040 V/HwWidgetFactory(32261): : successes to get AllImpl object and return....
06-24 16:57:30.040 V/ActivityThread(32261): ActivityThread,callActivityOnCreate
06-24 16:57:30.041 D/HelloActivity(32261): Memory:25145M
06-24 16:57:30.042 D/HelloActivity(32261): onCreate: true
06-24 16:57:30.044 D/HelloActivity(32261): is code boot
06-24 16:57:30.046 D/HelloActivity(32261): mIsNav = false
06-24 16:57:30.064 D/HelloActivity(32261): defDisplayStyle:5
06-24 16:57:30.066 D/HttpUtils(32261): getDownloadMode()
06-24 16:57:30.066 D/NetUtils(32261): init inited = true
06-24 16:57:30.067 D/HelloActivity(32261): enter Nav2
06-24 16:57:30.069 I/ActivityManager(  657): START u0 {pkg=com.excelliance.dualaid cmp=com.excelliance.dualaid/com.excelliance.kxqp.swipe.NavActivity2 (has extras)} from uid 11424
06-24 16:57:30.069 D/NetworkSecurityConfig(32261): No Network Security Config specified, using platform default
06-24 16:57:30.070 I/ActivityManager(  657): ActivityRecord info: ActivityInfo{410f7a5 com.excelliance.kxqp.swipe.NavActivity2}
06-24 16:57:30.070 V/WindowManager(  657): findFocusedWindow: AppWindowToken{d3a938b token=Token{377755a ActivityRecord{d5c9105 u0 com.huawei.android.launcher/.unihome.UniHomeLauncher t15658}}} below Reached focused app=AppWindowToken{de918b3 token=Token{675b622 ActivityRecord{1abb7ed u0 com.excelliance.dualaid/com.excelliance.kxqp.ui.HelloActivity t16070}}}
06-24 16:57:30.072 W/libc    (  493): Set property "hw.wifi.dns_stat" to "42068,37019,5028,1,53574"
06-24 16:57:30.072 V/WindowManager(  657): addAppToken: AppWindowToken{8716b88 token=Token{434eb2b ActivityRecord{54be77a u0 com.excelliance.dualaid/com.excelliance.kxqp.swipe.NavActivity2 t16070}}} controller={TaskWindowContainerController taskId=16070} at 2147483647
06-24 16:57:30.078 V/ActivityManager(  657): startProcess: name=com.excelliance.dualaid app=null knownToBeDead=true thread=null pid=-1
06-24 16:57:30.078 D/PMS1000 (  657): package:com.excelliance.dualaid, input flags:0, output hwFlags:0
06-24 16:57:30.086 I/ActivityManager(  657): Start proc 32286:com.excelliance.dualaid/u0a1424 for service com.excelliance.dualaid/com.excelliance.kxqp.SmtServService
06-24 16:57:30.086 I/        (32286): power log dlsym ok
06-24 16:57:30.088 I/zygote  (32286): Reinit property: dalvik.vm.checkjni= false
06-24 16:57:30.091 D/HwNetworkManagementService(  657): code == CODE_GET_AD_KEY_LIST
06-24 16:57:30.091 D/HwNetworkManagementService(  657): appName = com.excelliance.dualaid  is not in the mAdViewMap! reply none
06-24 16:57:30.091 D/HwNetworkManagementService(  657): appName = com.excelliance.dualaid  is not in the mAdIdMap! reply none
06-24 16:57:30.093 D/ActivityThread(32261): add activity client record, r= ActivityRecord{cbe2ddc token=android.os.BinderProxy@d13fa03 {com.excelliance.dualaid/com.excelliance.kxqp.ui.HelloActivity}} token= android.os.BinderProxy@d13fa03
06-24 16:57:30.094 V/WindowManager(  657): No longer Stopped: AppWindowToken{8716b88 token=Token{434eb2b ActivityRecord{54be77a u0 com.excelliance.dualaid/com.excelliance.kxqp.swipe.NavActivity2 t16070}}}
06-24 16:57:30.095 V/WindowManager(  657): No longer Stopped: AppWindowToken{8716b88 token=Token{434eb2b ActivityRecord{54be77a u0 com.excelliance.dualaid/com.excelliance.kxqp.swipe.NavActivity2 t16070}}}
06-24 16:57:30.099 D/ActivityThread(32286): ActivityThread,attachApplication
06-24 16:57:30.100 V/WindowManager(  657): Checking 1 opening apps (frozen=false timeout=false)...
06-24 16:57:30.100 V/WindowManager(  657): Check opening app=AppWindowToken{8716b88 token=Token{434eb2b ActivityRecord{54be77a u0 com.excelliance.dualaid/com.excelliance.kxqp.swipe.NavActivity2 t16070}}}: allDrawn=false startingDisplayed=false startingMoved=false isRelaunching()=false
06-24 16:57:30.101 D/HwCust  (32261): Create obj success use class android.app.HwCustActivityImpl
06-24 16:57:30.102 D/HwCust  (32261): Create obj success use class android.app.HwCustHwWallpaperManagerImpl
06-24 16:57:30.102 D/ActivityManager(  657): ActivityManagerService,attachApplication,callingPid = 32286
06-24 16:57:30.105 V/ActivityThread(32261): ActivityThread,callActivityOnCreate
06-24 16:57:30.108 W//system/bin/hwservicemanager(  416): Cannot open /odm/manifest.xml
06-24 16:57:30.112 D/NavActivity2(32261): onCreate
06-24 16:57:30.117 W/X509TrustManager(32261): checkServerTrusted: SignatureException:null
06-24 16:57:30.117 W/Utils   (32261): Utils_isSuperResolutionSupport [load libai_client.so failed]
06-24 16:57:30.117 W/X509TrustManager(32261): checkServerTrusted: SignatureException:error:04000073:RSA routines:OPENSSL_internal:DATA_TOO_LARGE_FOR_MODULUS
06-24 16:57:30.119 D/CubicBezierInterpolator(32261): CubicBezierInterpolator  mControlPoint1x = 0.23, mControlPoint1y = 0.06, mControlPoint2x = 0.09, mControlPoint2y = 0.97
06-24 16:57:30.119 D/CubicBezierInterpolator(32261): CubicBezierInterpolator  mControlPoint1x = 0.6, mControlPoint1y = 0.9, mControlPoint2x = 0.8, mControlPoint2y = 1.0
06-24 16:57:30.119 D/CubicBezierInterpolator(32261): CubicBezierInterpolator  mControlPoint1x = 0.23, mControlPoint1y = 0.06, mControlPoint2x = 0.09, mControlPoint2y = 0.97
06-24 16:57:30.119 D/CubicBezierInterpolator(32261): CubicBezierInterpolator  mControlPoint1x = 0.6, mControlPoint1y = 0.9, mControlPoint2x = 0.8, mControlPoint2y = 1.0
06-24 16:57:30.120 D/CubicBezierInterpolator(32261): CubicBezierInterpolator  mControlPoint1x = 0.23, mControlPoint1y = 0.06, mControlPoint2x = 0.09, mControlPoint2y = 0.97
06-24 16:57:30.120 D/CubicBezierInterpolator(32261): CubicBezierInterpolator  mControlPoint1x = 0.6, mControlPoint1y = 0.9, mControlPoint2x = 0.8, mControlPoint2y = 1.0
06-24 16:57:30.120 D/CubicBezierInterpolator(32261): CubicBezierInterpolator  mControlPoint1x = 0.23, mControlPoint1y = 0.06, mControlPoint2x = 0.09, mControlPoint2y = 0.97
06-24 16:57:30.120 D/CubicBezierInterpolator(32261): CubicBezierInterpolator  mControlPoint1x = 0.6, mControlPoint1y = 0.9, mControlPoint2x = 0.8, mControlPoint2y = 1.0
06-24 16:57:30.122 D/HwFLClassLoader(32286): get used feature list :/feature/used-list failed!
06-24 16:57:30.122 D/HwFLClassLoader(32286): USE_FEATURE_LIST had not init! 
06-24 16:57:30.122 W//system/bin/hwservicemanager(  416): Cannot open /odm/manifest.xml
06-24 16:57:30.123 I/GRALLOC (  679): 	 shrFd=10,fmt=0x1,intFmt=0x1,btStrd=256,size=4096,pid=679 
06-24 16:57:30.123 I/GRALLOC (  679): 	 yuv=2,w=16,h=16,Stride u=0 v=0,offset u=0 v=0 
06-24 16:57:30.123 I/GRALLOC (  679): 	 iova_size=4096,conUsg=0x100,proUsg=0x100,	 strd=64,[afbc]HdrStrd=0 PyldStrd=0 Scrmbl=0,ionhnd = 1 
06-24 16:57:30.126 D/PMS11424(  657): package:com.excelliance.dualaid, input flags:128, output hwFlags:0
06-24 16:57:30.129 D/HwRTBlurUtils(32261): check blur style for HwPhoneWindow-, themeResId : 0x7f0e000a, context : com.excelliance.kxqp.swipe.NavActivity2@794246b, Nhwext : 0, get Blur : disable with , null
06-24 16:57:30.129 D/HwRTBlurUtils(32261): check blur style for HwPhoneWindow-, themeResId : 0x7f0e000a, context : com.excelliance.kxqp.swipe.NavActivity2@794246b, Nhwext : 0, get Blur : disable with , null
06-24 16:57:30.129 E/test    (32261): hw notch screen flag api error
06-24 16:57:30.129 D/PMS11424(  657): package:com.excelliance.dualaid, input flags:128, output hwFlags:0
06-24 16:57:30.133 D/ActivityThread(32261): add activity client record, r= ActivityRecord{414755e token=android.os.BinderProxy@31abee5 {com.excelliance.dualaid/com.excelliance.kxqp.swipe.NavActivity2}} token= android.os.BinderProxy@31abee5
06-24 16:57:30.135 E/ViewUtils(32261): setBgColor: view==null:top
06-24 16:57:30.141 D/OpenGLRenderer(32261):   HWUI Binary is  enabled
06-24 16:57:30.142 D/SurfaceFlinger(  710): SurfaceFlinger: getDisplayConfigs--3.000000, 1080, 1920
06-24 16:57:30.142 I/chatty  (  710): uid=1000(system) Binder:710_1 identical 1 line
06-24 16:57:30.142 D/SurfaceFlinger(  710): SurfaceFlinger: getDisplayConfigs--3.000000, 1080, 1920
06-24 16:57:30.144 D/OpenGLRenderer(32261): HWUI GL Pipeline
06-24 16:57:30.144 D/PMS11424(  657): package:com.excelliance.dualaid, input flags:128, output hwFlags:0
06-24 16:57:30.149 V/WindowManager(  657): Adding Window{576d7ff u0 com.excelliance.dualaid/com.excelliance.kxqp.swipe.NavActivity2} to AppWindowToken{8716b88 token=Token{434eb2b ActivityRecord{54be77a u0 com.excelliance.dualaid/com.excelliance.kxqp.swipe.NavActivity2 t16070}}}
06-24 16:57:30.149 V/WindowManager(  657): addWindow: New client android.os.BinderProxy@5e8f31e: window=Window{576d7ff u0 com.excelliance.dualaid/com.excelliance.kxqp.swipe.NavActivity2} Callers=com.android.server.wm.HwWindowManagerService.addWindow:562 com.android.server.wm.Session.addToDisplay:199 android.view.IWindowSession$Stub.onTransact:124 com.android.server.wm.Session.onTransact:161 android.os.Binder.execTransact:675 
06-24 16:57:30.151 D/PMS11424(  657): package:com.excelliance.dualaid, input flags:128, output hwFlags:0
06-24 16:57:30.154 D/HttpUtils(32261): getResponseCode():200
06-24 16:57:30.154 D/WHEG    (32261): {"status":"0","controls":"","skip":"0"}
06-24 16:57:30.156 D/PMS11424(  657): package:com.excelliance.dualaid, input flags:128, output hwFlags:0
06-24 16:57:30.156 V/WindowManager(  657): Checking 1 opening apps (frozen=false timeout=false)...
06-24 16:57:30.156 V/WindowManager(  657): Check opening app=AppWindowToken{8716b88 token=Token{434eb2b ActivityRecord{54be77a u0 com.excelliance.dualaid/com.excelliance.kxqp.swipe.NavActivity2 t16070}}}: allDrawn=false startingDisplayed=false startingMoved=false isRelaunching()=false
06-24 16:57:30.158 D/HwGalleryCacheManagerImpl(32261): mIsEffect:false
06-24 16:57:30.161 D/PMS11424(  657): package:com.excelliance.dualaid, input flags:128, output hwFlags:0
06-24 16:57:30.199 D/HwRecentsLockUtils( 1513): Search
06-24 16:57:30.201 E/HsmCoreServiceImpl( 1478): onTransact in code is: 103
06-24 16:57:30.201 I/MediaProcessHandler( 1478): playingUids: 
06-24 16:57:30.176 I/chatty  (  657): uid=1000(system) Binder:657_6 identical 5 lines
06-24 16:57:30.176 D/PMS11424(  657): package:com.excelliance.dualaid, input flags:128, output hwFlags:0
06-24 16:57:30.201 D/ActivityManager(  657): Skipping, home or recents stack task: TaskRecord{333215f #15658 A=com.huawei.android.launcher U=0 StackId=0 sz=1}
06-24 16:57:30.202 D/ActivityManager(  657): Skipping intent:act=android.intent.action.MAIN cat=[android.intent.category.LAUNCHER] flg=0x10a00000 cmp=io.appium.settings/.Settings
06-24 16:57:30.202 D/ActivityManager(  657): Skipping intent:flg=0x18800000 cmp=com.tencent.mm/.plugin.base.stub.WXPayEntryActivity
06-24 16:57:30.202 D/ActivityManager(  657): Skipping intent:flg=0x10804000 cmp=com.android.systemui/.recents.RecentsActivity bnds=[48,928][1032,2296]
06-24 16:57:30.202 D/ActivityManager(  657): Skipping intent:flg=0x10800000 cmp=com.huawei.systemmanager/com.huawei.permissionmanager.ui.MainActivity
06-24 16:57:30.202 D/ActivityManager(  657): Skipping intent:flg=0x18800000 cmp=com.tencent.mm/.plugin.base.stub.WXEntryActivity
06-24 16:57:30.202 D/ActivityManager(  657): Skipping intent:act=com.huawei.action.VOICE_ASSISTANT flg=0x10800000 pkg=com.huawei.vassistant cmp=com.huawei.vassistant/.ui.main.VAssistantActivity
06-24 16:57:30.202 D/ActivityManager(  657): Skipping intent:act=com.huawei.android.launcher.action.ACCESS_SPLIT_SCREEN_APP cat=[android.intent.category.DEFAULT] flg=0x10804000 cmp=com.huawei.android.launcher/.splitscreen.SplitScreenAppActivity
06-24 16:57:30.202 D/ActivityManager(  657): Skipping intent:flg=0x10800000 pkg=com.excelliance.dualaid.b64 cmp=com.excelliance.dualaid.b64/com.excelliance.kxqp.sdk.PermissionRequestActivity
06-24 16:57:30.202 D/ActivityManager(  657): Skipping intent:act=android.intent.action.VIEW dat=content://com.excelliance.dualaid.fileProvider/external_storage_root/Download/apk/Multiple_64.apk typ=application/vnd.android.package-archive flg=0x10800001 cmp=com.android.packageinstaller/.InstallStart
06-24 16:57:30.202 D/ActivityManager(  657): Skipping intent:flg=0x10800000 cmp=com.android.systemui/.usb.HwUsbDebuggingActivity
06-24 16:57:30.202 D/ActivityManager(  657): Skipping intent:act=android.deviceinfo.chooser.action.LAUNCH flg=0x10800000 hwFlg=0x100 pkg=com.android.settings cmp=com.android.settings/.deviceinfo.UsbConnModeChooserActivity
06-24 16:57:30.202 D/ActivityManager(  657): Skipping intent:flg=0x10800000 cmp=com.zol.android/.push.KeepLiveActivity
06-24 16:57:30.202 D/ActivityManager(  657): Skipping intent:act=android.intent.action.MAIN cat=[android.intent.category.HOME] flg=0x10800300 cmp=com.android.settings/.FallbackHome
06-24 16:57:30.230 D/MainActivity(32261): instantiateItem: 2	android.widget.RelativeLayout{d00e2b1 V.E...... ......I. 0,0-0,0}
06-24 16:57:30.231 D/MainActivity(32261): initPage3: 
06-24 16:57:30.231 I/zygote  (32286): Compiler allocated 4MB to compile boolean com.excelliance.kxqp.KXQPApplication.b(int)
06-24 16:57:30.235 V/WindowManager(  657): Checking 1 opening apps (frozen=false timeout=false)...
06-24 16:57:30.235 V/WindowManager(  657): Check opening app=AppWindowToken{8716b88 token=Token{434eb2b ActivityRecord{54be77a u0 com.excelliance.dualaid/com.excelliance.kxqp.swipe.NavActivity2 t16070}}}: allDrawn=false startingDisplayed=false startingMoved=false isRelaunching()=false
06-24 16:57:30.238 V/HwPhoneWindowManager(  657): updateSystemUiColorLw window=Window{576d7ff u0 com.excelliance.dualaid/com.excelliance.kxqp.swipe.NavActivity2},EmuiStyle=0,StatusBarColor=0xff000000,NavigationBarColor=0xff000000, mLastIsEmuiLightStyle=-1
06-24 16:57:30.238 D/HwPhoneWindowManager(  657): Transact:setSystemUIColor to status bar service
06-24 16:57:30.238 I/CommandQueue( 1513): updateBarBgColor
06-24 16:57:30.238 D/CommandQueue( 1513): CommandQueue, setBarBackgroundColor
06-24 16:57:30.240 V/WindowManager(  657): Checking 1 opening apps (frozen=false timeout=false)...
06-24 16:57:30.240 V/WindowManager(  657): Check opening app=AppWindowToken{8716b88 token=Token{434eb2b ActivityRecord{54be77a u0 com.excelliance.dualaid/com.excelliance.kxqp.swipe.NavActivity2 t16070}}}: allDrawn=false startingDisplayed=false startingMoved=false isRelaunching()=false
06-24 16:57:30.240 D/TintManager( 1513): statusBarIconTint=#99FFFFFF,navigationBarIconTint=#FF000000
06-24 16:57:30.240 D/BarTransitions.HwPhoneStatusBarView( 1513): MODE_TRANSPARENT -> MODE_TRANSLUCENT animate=false
06-24 16:57:30.240 D/BarTransitions.HwPhoneStatusBarView( 1513): applyModeBackground oldMode=MODE_TRANSPARENT newMode=MODE_TRANSLUCENT animate=false
06-24 16:57:30.243 I/GRALLOC (  679): 	 shrFd=10,fmt=0x1,intFmt=0x200000001,btStrd=4352,size=8486912,pid=679 
06-24 16:57:30.243 I/GRALLOC (  679): 	 yuv=2,w=1080,h=1920,Stride u=0 v=0,offset u=0 v=0 
06-24 16:57:30.243 I/GRALLOC (  679): 	 iova_size=8486912,conUsg=0x900,proUsg=0x900,	 strd=1088,[afbc]HdrStrd=1088 PyldStrd=69632 Scrmbl=2,ionhnd = 1 
06-24 16:57:30.243 D/MainActivity(32261): run: initPage3
06-24 16:57:30.245 I/GRALLOC (  679): 	 shrFd=10,fmt=0x1,intFmt=0x200000001,btStrd=4352,size=8486912,pid=679 
06-24 16:57:30.245 I/GRALLOC (  679): 	 yuv=2,w=1080,h=1920,Stride u=0 v=0,offset u=0 v=0 
06-24 16:57:30.245 I/GRALLOC (  679): 	 iova_size=8486912,conUsg=0x900,proUsg=0x900,	 strd=1088,[afbc]HdrStrd=1088 PyldStrd=69632 Scrmbl=2,ionhnd = 1 
06-24 16:57:30.246 V/MainActivity(32261): onWindowFocusChanged: true
06-24 16:57:30.247 I/GRALLOC (  679): 	 shrFd=10,fmt=0x1,intFmt=0x200000001,btStrd=4352,size=8486912,pid=679 
06-24 16:57:30.247 I/GRALLOC (  679): 	 yuv=2,w=1080,h=1920,Stride u=0 v=0,offset u=0 v=0 
06-24 16:57:30.247 I/GRALLOC (  679): 	 iova_size=8486912,conUsg=0x900,proUsg=0x900,	 strd=1088,[afbc]HdrStrd=1088 PyldStrd=69632 Scrmbl=2,ionhnd = 1 
06-24 16:57:30.247 W/InputMethodManager(32261): startInputReason = 1
06-24 16:57:30.249 D/HwArpVerifier(  657): performPollAndLog:
06-24 16:57:30.250 I/OpenGLRenderer(32261): Initialized EGL, version 1.4
06-24 16:57:30.250 D/OpenGLRenderer(32261): Swap behavior 2
06-24 16:57:30.251 D/hw_netstat(  657): total/4134/1641,com.excelliance.dualaid/3929/1056,com.android.vending/100/465,com.google.uid.shared:10089/0/120,unknown:0/105/0
06-24 16:57:30.253 I/wangchen( 7035): SysInfo.getSysParam: orientation=1||config d=3.0,w=1080,h=1920||metrics d=3.0,w=1080,h=1920||sdk=26,bar_h=72
06-24 16:57:30.254 I/KeymapLoader( 7035): w=1080 h=1920 ori=true appScale=3.3 s1=3.0
06-24 16:57:30.256 D/StatusBarIconController( 1513): setIconVisibility icon is null or visibility not change visibility=false
06-24 16:57:30.259 D/mali_winsys(32261): EGLint new_window_surface(egl_winsys_display *, void *, EGLSurface, EGLConfig, egl_winsys_surface **, egl_color_buffer_format *, EGLBoolean) returns 0x3000
06-24 16:57:30.259 E/vndksupport(32261): Could not load vendor/lib/egl/libGLES_mali_v2.so from sphal namespace: dlopen failed: library "vendor/lib/egl/libGLES_mali_v2.so" not found.
06-24 16:57:30.267 D/PMS11424(  657): package:com.excelliance.dualaid, input flags:128, output hwFlags:0
06-24 16:57:30.272 I/GRALLOC (  679): 	 shrFd=10,fmt=0x1,intFmt=0x200000001,btStrd=4352,size=8486912,pid=679 
06-24 16:57:30.272 I/GRALLOC (  679): 	 yuv=2,w=1080,h=1920,Stride u=0 v=0,offset u=0 v=0 
06-24 16:57:30.272 I/GRALLOC (  679): 	 iova_size=8486912,conUsg=0xb00,proUsg=0xb00,	 strd=1088,[afbc]HdrStrd=1088 PyldStrd=69632 Scrmbl=2,ionhnd = 1 
06-24 16:57:30.276 D/PMS11424(  657): package:com.excelliance.dualaid, input flags:128, output hwFlags:0
06-24 16:57:30.280 D/WindowManager(  657): finishDrawingWindow: Window{576d7ff u0 com.excelliance.dualaid/com.excelliance.kxqp.swipe.NavActivity2} mDrawState=DRAW_PENDING
06-24 16:57:30.280 W/InputMethodManager(32261): startInputReason = 5
06-24 16:57:30.281 V/WindowManager(  657): Checking 1 opening apps (frozen=false timeout=false)...
06-24 16:57:30.281 V/WindowManager(  657): Check opening app=AppWindowToken{8716b88 token=Token{434eb2b ActivityRecord{54be77a u0 com.excelliance.dualaid/com.excelliance.kxqp.swipe.NavActivity2 t16070}}}: allDrawn=true startingDisplayed=false startingMoved=false isRelaunching()=false
06-24 16:57:30.284 D/ImageWallpaper( 1513): onVisibilityChanged: mVisible, visible=true, false
06-24 16:57:30.284 D/ImageWallpaper( 1513): Visibility changed to visible=false
06-24 16:57:30.284 D/BarTransitions.HwPhoneStatusBarView( 1513): MODE_TRANSLUCENT -> MODE_TRANSPARENT animate=false
06-24 16:57:30.284 D/BarTransitions.HwPhoneStatusBarView( 1513): applyModeBackground oldMode=MODE_TRANSLUCENT newMode=MODE_TRANSPARENT animate=false
06-24 16:57:30.286 I/ActivityManager(  657): Displayed com.excelliance.dualaid/com.excelliance.kxqp.swipe.NavActivity2: +188ms (total +340ms)
06-24 16:57:30.286 I/ActivityManager(  657): wait Launched end, result = 0 who = ComponentInfo{com.excelliance.dualaid/com.excelliance.kxqp.swipe.NavActivity2}
06-24 16:57:30.289 E/BufferQueueProducer(  710): [com.huawei.android.launcher/com.huawei.android.launcher.unihome.UniHomeLauncher#0] disconnect: not connected (req=1)
06-24 16:57:30.289 W/libEGL  ( 2519): EGLNativeWindowType 0x74abe62010 disconnect failed
06-24 16:57:30.290 I/WindowManager(  657): notifyAccessibilityButtonVisibilityChanged visible:false
06-24 16:57:30.310 W/ActivityManager(  657): Sending non-protected broadcast huawei.action.floattasks.STATUS_BAR_STATE_CHANGED from system 1513:com.android.systemui/u0a39 pkg com.android.systemui
06-24 16:57:30.310 W/HwKeyguardDragHelper( 1513): AnimationBlocked
06-24 16:57:30.310 D/BarTransitions.HwPhoneStatusBarView( 1513): MODE_TRANSPARENT -> MODE_TRANSLUCENT animate=false
06-24 16:57:30.310 D/BarTransitions.HwPhoneStatusBarView( 1513): applyModeBackground oldMode=MODE_TRANSPARENT newMode=MODE_TRANSLUCENT animate=false
06-24 16:57:30.310 D/ActivityThread(32261): Remove activity client record, r= ActivityRecord{cbe2ddc token=android.os.BinderProxy@d13fa03 {com.excelliance.dualaid/com.excelliance.kxqp.ui.HelloActivity}} token= android.os.BinderProxy@d13fa03
06-24 16:57:30.310 D/BarTransitions.HwNavigationBarView( 1513): MODE_TRANSLUCENT -> MODE_OPAQUE animate=false
06-24 16:57:30.310 D/BarTransitions.HwNavigationBarView( 1513): applyModeBackground oldMode=MODE_TRANSLUCENT newMode=MODE_OPAQUE animate=false
06-24 16:57:30.311 V/WindowManager(  657): notifyAppStopped: AppWindowToken{d3a938b token=Token{377755a ActivityRecord{d5c9105 u0 com.huawei.android.launcher/.unihome.UniHomeLauncher t15658}}}
06-24 16:57:30.311 E/WindowManager(  657): win=Window{68d6975 u0 com.huawei.android.launcher/com.huawei.android.launcher.unihome.UniHomeLauncher} destroySurfaces: appStopped=true win.mWindowRemovalAllowed=false win.mRemoveOnExit=false
06-24 16:57:30.311 I/WindowManager(  657): Destroying surface Surface(name=com.huawei.android.launcher/com.huawei.android.launcher.unihome.UniHomeLauncher) called by com.android.server.wm.WindowStateAnimator.destroySurface:2060 com.android.server.wm.WindowStateAnimator.destroySurfaceLocked:873 com.android.server.wm.HwWindowStateAnimator.destroySurfaceLocked:1006 com.android.server.wm.WindowState.destroyOrSaveSurfaceUnchecked:2990 com.android.server.wm.WindowState.destroySurface:2951 com.android.server.wm.AppWindowToken.destroySurfaces:654 com.android.server.wm.AppWindowToken.destroySurfaces:638 com.android.server.wm.AppWindowToken.notifyAppStopped:682 
06-24 16:57:30.313 D/HwGameAssistantController(  657): pid=2519, uid=10056, foreground=false
06-24 16:57:30.313 V/WindowManager(  657): removeAppToken: AppWindowToken{de918b3 token=Token{675b622 ActivityRecord{1abb7ed u0 com.excelliance.dualaid/com.excelliance.kxqp.ui.HelloActivity t16070}}} delayed=false Callers=com.android.server.wm.DisplayContent.removeAppToken:985 com.android.server.wm.AppWindowContainerController.removeContainer:348 com.android.server.am.ActivityRecord.removeWindowContainer:1039 com.android.server.am.ActivityStack.removeActivityFromHistoryLocked:4491 
06-24 16:57:30.313 W/AwareLog(  657): SchedLevelBoost: onFgActivitiesChanged config not set!
06-24 16:57:30.316 W/dex2oat (32332): Using default instruction set features for ARM CPU variant (default) using conservative defaults
06-24 16:57:30.317 I/dex2oat (32332): /system/bin/dex2oat -j4 --dex-file=/data/data/com.excelliance.dualaid/.platformcache/main.jar --output-vdex-fd=49 --oat-fd=50 --oat-location=/data/data/com.excelliance.dualaid/.platformcache/oat/arm/main.odex --compiler-filter=quicken
06-24 16:57:30.317 I/cutils-trace(32332): atrace_init_once, trace_marker_path = /sys/kernel/debug/tracing/trace_marker
06-24 16:57:30.376 I/ActivityManager(  657): Force stopping com.excelliance.dualaid appid=11424 user=0: from pid 32337by app
06-24 16:57:30.376 I/ActivityManager(  657): Killing 32261:com.excelliance.dualaid:olle/u0a1424 (adj 0): stop com.excelliance.dualaidfrom pid 32337by app
06-24 16:57:30.377 D/ActivityManager(  657): cleanUpApplicationRecord app: ProcessRecord{f383e70 32261:com.excelliance.dualaid:olle/u0a1424}, app.bad: false, restarting: false, allowRestart: true
06-24 16:57:30.377 W/ActivityManager(  657): Force removing ActivityRecord{54be77a u0 com.excelliance.dualaid/com.excelliance.kxqp.swipe.NavActivity2 t16070}: app died, no saved state
06-24 16:57:30.378 W/AwareLog(  657): SchedLevelBoost: onProcessDied config not set!
06-24 16:57:30.378 E/HsmCoreServiceImpl( 1478): onTransact in code is: 102
06-24 16:57:30.378 I/MediaProcessHandler( 1478): processOp opType: 1, uid: 11424, pid: 32261
06-24 16:57:30.378 W/MediaProcessHandler( 1478): remove target not exist, maybe the UI process: uid: 11424, pid: 32261
06-24 16:57:30.378 I/MediaProcessHandler( 1478): executedCallBack opType: 1 mMediaStatusObservers.size=0
06-24 16:57:30.380 V/WindowManager(  657): removeAppToken: AppWindowToken{8716b88 token=Token{434eb2b ActivityRecord{54be77a u0 com.excelliance.dualaid/com.excelliance.kxqp.swipe.NavActivity2 t16070}}} delayed=false Callers=com.android.server.wm.DisplayContent.removeAppToken:985 com.android.server.wm.AppWindowContainerController.removeContainer:348 com.android.server.am.ActivityRecord.removeWindowContainer:1039 com.android.server.am.ActivityStack.removeActivityFromHistoryLocked:4491 
06-24 16:57:30.380 V/WindowManager(  657): removeIfPossible: Window{576d7ff u0 com.excelliance.dualaid/com.excelliance.kxqp.swipe.NavActivity2} callers=com.android.server.wm.WindowState.removeIfPossible:1914 com.android.server.wm.WindowToken.removeAllWindowsIfPossible:139 com.android.server.wm.AppWindowToken.removeIfPossible:539 com.android.server.wm.AppWindowToken.onRemovedFromDisplay:606 com.android.server.wm.DisplayContent.removeAppToken:985 
06-24 16:57:30.380 I/WindowManager(  657): Destroying surface Surface(name=com.excelliance.dualaid/com.excelliance.kxqp.swipe.NavActivity2) called by com.android.server.wm.WindowStateAnimator.destroySurface:2060 com.android.server.wm.WindowStateAnimator.destroySurfaceLocked:873 com.android.server.wm.HwWindowStateAnimator.destroySurfaceLocked:1006 com.android.server.wm.WindowState.removeImmediately:1899 com.android.server.wm.WindowState.removeIfPossible:2051 com.android.server.wm.WindowState.removeIfPossible:1914 com.android.server.wm.WindowToken.removeAllWindowsIfPossible:139 com.android.server.wm.AppWindowToken.removeIfPossible:539 
06-24 16:57:30.380 V/WindowManager(  657): postWindowRemoveCleanupLocked: Window{576d7ff u0 com.excelliance.dualaid/com.excelliance.kxqp.swipe.NavActivity2}
06-24 16:57:30.380 V/WindowManager(  657): Removing Window{576d7ff u0 com.excelliance.dualaid/com.excelliance.kxqp.swipe.NavActivity2} from AppWindowToken{8716b88 token=Token{434eb2b ActivityRecord{54be77a u0 com.excelliance.dualaid/com.excelliance.kxqp.swipe.NavActivity2 t16070}}}
06-24 16:57:30.389 V/WindowManager(  657): No longer Stopped: AppWindowToken{d3a938b token=Token{377755a ActivityRecord{d5c9105 u0 com.huawei.android.launcher/.unihome.UniHomeLauncher t15658}}}
06-24 16:57:30.390 D/ScenarioService( 1699): front pkg : com.huawei.android.launcher launcher: true
06-24 16:57:30.390 I/AppsUsage( 1699): scnOff:false FgAPP:com.huawei.android.launcher BgAPP:com.excelliance.dualaid
06-24 16:57:30.391 I/ash     ( 1699): front pkg : com.huawei.android.launcher launcher: true
06-24 16:57:30.391 D/EmcomManagerService(  657): forePackage name is com.huawei.android.launcher
06-24 16:57:30.391 D/HicomPolicyManager(  657): foreAppInfo = nullpkgName = com.huawei.android.launcher uid= 10056
06-24 16:57:30.391 E/HicomPolicyManager(  657): udp acc is not start yet!
06-24 16:57:30.391 D/HicomPolicyManager(  657): speed control is not start
06-24 16:57:30.391 E/HicomPolicyManager(  657): Network Evaluation is not start yet!
06-24 16:57:30.391 E/HicomPolicyManager(  657): foreground app info is null
06-24 16:57:30.392 D/[HwRecSys]HwRecSysService( 2647): onEvent actionID: 10010 msg:com.huawei.android.launcher		
06-24 16:57:30.392 E/[HwRecSys]HwRecSysService( 2647): getIsRportDirectService is false!
06-24 16:57:30.393 I/PGServer( 1699): report state:10000 event type:2 pid:0 uid:0 pkg:com.excelliance.dualaid to pid: 657
06-24 16:57:30.393 I/PGServer( 1699): report state:10000 event type:2 pid:0 uid:0 pkg:com.excelliance.dualaid to pid: 1699
06-24 16:57:30.393 I/SceneReceiver( 1699): state type: 10000 eventType:2 pid:0 uid:0 pkg:com.excelliance.dualaid
06-24 16:57:30.393 I/PGServer( 1699): report state:10010 event type:1 pid:0 uid:0 pkg:com.huawei.android.launcher to pid: 657
06-24 16:57:30.393 I/PGServer( 1699): report state:10010 event type:1 pid:0 uid:0 pkg:com.huawei.android.launcher to pid: 1699
06-24 16:57:30.393 I/SceneReceiver( 1699): state type: 10010 eventType:1 pid:0 uid:0 pkg:com.huawei.android.launcher
06-24 16:57:30.393 I/PGServer( 1699): checkPkgType. calling pkg: android
06-24 16:57:30.393 D/HwThermalStateManager( 1699): current foreapp pkg : com.huawei.android.launcher
06-24 16:57:30.393 I/PGServer( 1699): checkPkgType. calling pkg: android
06-24 16:57:30.395 W/libc    ( 1699): Set property "sys.aps.gameProcessName" to ""
06-24 16:57:30.396 W/libc    ( 1699): Set property "sys.aps.browserProcessName" to ""
06-24 16:57:30.403 V/WindowManager(  657): notifyAppResumed: wasStopped=true AppWindowToken{d3a938b token=Token{377755a ActivityRecord{d5c9105 u0 com.huawei.android.launcher/.unihome.UniHomeLauncher t15658}}}
06-24 16:57:30.405 V/WindowManager(  657): Checking 1 opening apps (frozen=false timeout=false)...
06-24 16:57:30.405 V/WindowManager(  657): Check opening app=AppWindowToken{d3a938b token=Token{377755a ActivityRecord{d5c9105 u0 com.huawei.android.launcher/.unihome.UniHomeLauncher t15658}}}: allDrawn=false startingDisplayed=false startingMoved=false isRelaunching()=false
06-24 16:57:30.405 I/ActivityManager(  657): Killing 32286:com.excelliance.dualaid/u0a1424 (adj 0): stop com.excelliance.dualaidfrom pid 32337by app
06-24 16:57:30.406 D/ActivityManager(  657): cleanUpApplicationRecord app: ProcessRecord{a3e6921 32286:com.excelliance.dualaid/u0a1424}, app.bad: false, restarting: false, allowRestart: true
06-24 16:57:30.406 W/ActivityManager(  657): Scheduling restart of crashed service com.excelliance.dualaid/com.excelliance.kxqp.SmtServService in 1000ms
06-24 16:57:30.407 V/WindowManager(  657): Checking 1 opening apps (frozen=false timeout=false)...
06-24 16:57:30.407 V/WindowManager(  657): Check opening app=AppWindowToken{d3a938b token=Token{377755a ActivityRecord{d5c9105 u0 com.huawei.android.launcher/.unihome.UniHomeLauncher t15658}}}: allDrawn=false startingDisplayed=false startingMoved=false isRelaunching()=false
06-24 16:57:30.413 V/WindowManager(  657): Checking 1 opening apps (frozen=false timeout=false)...
06-24 16:57:30.413 V/WindowManager(  657): Check opening app=AppWindowToken{d3a938b token=Token{377755a ActivityRecord{d5c9105 u0 com.huawei.android.launcher/.unihome.UniHomeLauncher t15658}}}: allDrawn=false startingDisplayed=false startingMoved=false isRelaunching()=false
06-24 16:57:30.415 V/WindowManager(  657): Checking 1 opening apps (frozen=false timeout=false)...
06-24 16:57:30.415 V/WindowManager(  657): Check opening app=AppWindowToken{d3a938b token=Token{377755a ActivityRecord{d5c9105 u0 com.huawei.android.launcher/.unihome.UniHomeLauncher t15658}}}: allDrawn=false startingDisplayed=false startingMoved=false isRelaunching()=false
06-24 16:57:30.417 V/AlarmManager(  657): UninstallReceiver onReceive action:android.intent.action.PACKAGE_RESTARTED
06-24 16:57:30.417 D/HwBastetService(  657): BroadcastReceiver android.intent.action.PACKAGE_RESTARTED
06-24 16:57:30.419 I/HwCoreAppHelperService( 1478): LocalReceiver receives:android.intent.action.PACKAGE_RESTARTED,pkg:com.excelliance.dualaid,uid:11424
06-24 16:57:30.420 E/NfcNci  ( 2677): NfcUtils error: APP have nfc permission
06-24 16:57:30.421 D/HwGpsPowerTracker(  657): LocalReceiver receives:android.intent.action.PACKAGE_RESTARTED
06-24 16:57:30.421 E/HwLauncher( 2519): SettingsEx , no such field.
06-24 16:57:30.421 W/HwLauncher( 2519): Clock getDataFormat the getSystemString failed.
06-24 16:57:30.422 D/HwQoEUtils(  657): mForegroundAppPackageName: com.huawei.android.launcher ,score: 0
06-24 16:57:30.422 D/HwQoEUtils(  657): onForegroundAppWifiSleepChange: config:false, sleeptime:-1,type: 255, appname:com.huawei.android.launcher
06-24 16:57:30.422 D/HwQoEUtils(  657): APP type: 255 appName= com.huawei.android.launcher
06-24 16:57:30.422 D/HwQoEUtils(  657): no game, APP_TYPE_GAME, appName =com.huawei.android.launcher
06-24 16:57:30.422 D/HwGameAssistantController(  657): pid=2519, uid=10056, foreground=true
06-24 16:57:30.424 W/AwareLog(  657): SchedLevelBoost: onFgActivitiesChanged config not set!
06-24 16:57:30.424 V/HwPhoneWindowManager(  657): updateSystemUiColorLw window=Window{68d6975 u0 com.huawei.android.launcher/com.huawei.android.launcher.unihome.UniHomeLauncher},EmuiStyle=-1,StatusBarColor=0xff00acc1,NavigationBarColor=0x0, mLastIsEmuiLightStyle=-1
06-24 16:57:30.426 V/WindowManager(  657): Checking 1 opening apps (frozen=false timeout=false)...
06-24 16:57:30.426 V/WindowManager(  657): Check opening app=AppWindowToken{d3a938b token=Token{377755a ActivityRecord{d5c9105 u0 com.huawei.android.launcher/.unihome.UniHomeLauncher t15658}}}: allDrawn=false startingDisplayed=false startingMoved=false isRelaunching()=false
06-24 16:57:30.427 D/PMS1000 (  657): package:com.excelliance.dualaid, input flags:0, output hwFlags:0
06-24 16:57:30.427 I/WindowManager(  657): notifyAccessibilityButtonVisibilityChanged visible:false
06-24 16:57:30.428 I/GRALLOC (  679): 	 shrFd=10,fmt=0x1,intFmt=0x200000001,btStrd=4352,size=8486912,pid=679 
06-24 16:57:30.428 I/GRALLOC (  679): 	 yuv=2,w=1080,h=1920,Stride u=0 v=0,offset u=0 v=0 
06-24 16:57:30.428 I/GRALLOC (  679): 	 iova_size=8486912,conUsg=0x900,proUsg=0x900,	 strd=1088,[afbc]HdrStrd=1088 PyldStrd=69632 Scrmbl=2,ionhnd = 1 
06-24 16:57:30.430 D/PMS1027 (  657): package:com.google.android.apps.walletnfcrel, input flags:8192, output is null
06-24 16:57:30.430 I/HwNetworkPolicy(  657): onTransact, code = 203
06-24 16:57:30.430 I/HwNetworkPolicyManager( 1813): getHwUidPolicy uid = 10056 policy = 0
06-24 16:57:30.430 I/GRALLOC (  679): 	 shrFd=10,fmt=0x1,intFmt=0x200000001,btStrd=4352,size=8486912,pid=679 
06-24 16:57:30.430 I/GRALLOC (  679): 	 yuv=2,w=1080,h=1920,Stride u=0 v=0,offset u=0 v=0 
06-24 16:57:30.430 I/GRALLOC (  679): 	 iova_size=8486912,conUsg=0x900,proUsg=0x900,	 strd=1088,[afbc]HdrStrd=1088 PyldStrd=69632 Scrmbl=2,ionhnd = 1 
06-24 16:57:30.431 D/ApduServiceInfo( 2677): No com.nxp.nfc.extensions meta-data
06-24 16:57:30.432 D/HwPhoneWindowManager(  657): Transact:setSystemUIColor to status bar service
06-24 16:57:30.432 D/ApduServiceInfo( 2677): No com.nxp.nfc.extensions meta-data
06-24 16:57:30.432 I/CommandQueue( 1513): updateBarBgColor
06-24 16:57:30.432 D/CommandQueue( 1513): CommandQueue, setBarBackgroundColor
06-24 16:57:30.432 W/AwareLog(  657): SchedLevelBoost: onProcessDied config not set!
06-24 16:57:30.432 D/ApduServiceInfo( 2677): No com.nxp.nfc.extensions meta-data
06-24 16:57:30.433 D/TintManager( 1513): statusBarIconTint=#99FFFFFF,navigationBarIconTint=#00000000
06-24 16:57:30.433 D/ApduServiceInfo( 2677): No com.nxp.nfc.extensions meta-data
06-24 16:57:30.433 E/HsmCoreServiceImpl( 1478): onTransact in code is: 102
06-24 16:57:30.433 D/CarrierSvcBindHelper( 1715): No carrier app for: 0
06-24 16:57:30.433 I/MediaProcessHandler( 1478): processOp opType: 1, uid: 11424, pid: 32286
06-24 16:57:30.433 W/MediaProcessHandler( 1478): remove target not exist, maybe the UI process: uid: 11424, pid: 32286
06-24 16:57:30.433 I/MediaProcessHandler( 1478): executedCallBack opType: 1 mMediaStatusObservers.size=0
06-24 16:57:30.433 I/GRALLOC (  679): 	 shrFd=10,fmt=0x1,intFmt=0x200000001,btStrd=4352,size=8486912,pid=679 
06-24 16:57:30.433 I/GRALLOC (  679): 	 yuv=2,w=1080,h=1920,Stride u=0 v=0,offset u=0 v=0 
06-24 16:57:30.433 I/GRALLOC (  679): 	 iova_size=8486912,conUsg=0x900,proUsg=0x900,	 strd=1088,[afbc]HdrStrd=1088 PyldStrd=69632 Scrmbl=2,ionhnd = 1 
06-24 16:57:30.434 D/ApduServiceInfo( 2677): No com.nxp.nfc.extensions meta-data
06-24 16:57:30.434 E/ApduServiceInfo( 2677): SE extension not present, Setting default offhost seID
06-24 16:57:30.435 D/mali_winsys( 2519): EGLint new_window_surface(egl_winsys_display *, void *, EGLSurface, EGLConfig, egl_winsys_surface **, egl_color_buffer_format *, EGLBoolean) returns 0x3000
06-24 16:57:30.436 D/CarrierSvcBindHelper( 1715): No carrier app for: 1
06-24 16:57:30.438 W/ActivityManager(  657): setHasOverlayUi called on unknown pid: 32261
06-24 16:57:30.438 E/NfcNci  ( 2677): NfcUtils error: APP have nfc permission
06-24 16:57:30.440 D/StatusBarIconController( 1513): setIconVisibility icon is null or visibility not change visibility=false
06-24 16:57:30.444 W/ActivityManager(  657): Sending non-protected broadcast huawei.action.floattasks.STATUS_BAR_STATE_CHANGED from system 1513:com.android.systemui/u0a39 pkg com.android.systemui
06-24 16:57:30.444 D/BarTransitions.HwPhoneStatusBarView( 1513): MODE_TRANSLUCENT -> MODE_TRANSPARENT animate=false
06-24 16:57:30.444 D/BarTransitions.HwPhoneStatusBarView( 1513): applyModeBackground oldMode=MODE_TRANSLUCENT newMode=MODE_TRANSPARENT animate=false
06-24 16:57:30.444 I/GRALLOC (  679): 	 shrFd=10,fmt=0x1,intFmt=0x200000001,btStrd=4352,size=8486912,pid=679 
06-24 16:57:30.444 I/GRALLOC (  679): 	 yuv=2,w=1080,h=1920,Stride u=0 v=0,offset u=0 v=0 
06-24 16:57:30.444 I/GRALLOC (  679): 	 iova_size=8486912,conUsg=0xb00,proUsg=0xb00,	 strd=1088,[afbc]HdrStrd=1088 PyldStrd=69632 Scrmbl=2,ionhnd = 1 
06-24 16:57:30.448 D/WindowManager(  657): finishDrawingWindow: Window{68d6975 u0 com.huawei.android.launcher/com.huawei.android.launcher.unihome.UniHomeLauncher} mDrawState=DRAW_PENDING
06-24 16:57:30.448 D/ImageWallpaper( 1513): onOffsetsChanged: xOffset=0.0, yOffset=0.0, xOffsetStep=0.0, yOffsetStep=0.0, xPixels=0, yPixels=0
