06-24 15:38:49.127 D/PMS11422(  657): package:com.taobao.taobao, input flags:0, output hwFlags:0
06-24 15:38:49.128 D/PMS11422(  657): package:com.android.gallery3d, input flags:0, output hwFlags:0
06-24 15:38:49.128 D/PMS11422(  657): package:com.pp.assistant, input flags:0, output hwFlags:0
06-24 15:38:49.128 D/PMS11422(  657): package:com.oppo.market, input flags:0, output hwFlags:0
06-24 15:38:49.128 D/PMS11422(  657): package:com.excean.wxaid, input flags:0, output hwFlags:0
06-24 15:38:49.128 D/PMS11422(  657): package:com.huawei.intelligent, input flags:0, output hwFlags:0
06-24 15:38:49.128 D/PMS11422(  657): package:com.google.android.backuptransport, input flags:0, output hwFlags:0
06-24 15:38:49.128 D/PMS11422(  657): package:com.huawei.skytone, input flags:0, output hwFlags:0
06-24 15:38:49.129 D/PMS11422(  657): package:com.estrongs.android.pop, input flags:0, output hwFlags:0
06-24 15:38:49.129 D/PMS11422(  657): package:com.redfinger.app, input flags:0, output hwFlags:0
06-24 15:38:49.129 D/PMS11422(  657): package:com.android.vending, input flags:0, output hwFlags:0
06-24 15:38:49.129 D/PMS11422(  657): package:org.hapjs.mockup, input flags:0, output hwFlags:0
06-24 15:38:49.129 D/PMS11422(  657): package:com.huawei.gamebox, input flags:0, output hwFlags:603979776
06-24 15:38:49.129 D/PMS11422(  657): package:com.tencent.tmgp.pubgmhd-ext, input flags:0, output is null
06-24 15:38:49.129 D/PMS11422(  657): package:com.stickgame.los2, input flags:0, output hwFlags:0
06-24 15:38:49.130 D/PMS11422(  657): package:com.qihoo.appstore, input flags:0, output hwFlags:0
06-24 15:38:49.130 D/WindowManager(  657): finishDrawingWindow: Window{298aa37 u0 com.excelliance.dualaid/com.excelliance.kxqp.ui.HelloActivity} mDrawState=DRAW_PENDING
06-24 15:38:49.130 D/PMS11422(  657): package:com.huawei.android.thememanager, input flags:0, output hwFlags:0
06-24 15:38:49.130 D/PMS11422(  657): package:com.excean.parallelspace, input flags:0, output hwFlags:0
06-24 15:38:49.130 D/PMS11422(  657): package:com.UCMobile, input flags:0, output hwFlags:0
06-24 15:38:49.130 D/PMS11422(  657): package:com.bbk.appstore, input flags:0, output hwFlags:0
06-24 15:38:49.130 D/PMS11422(  657): package:com.excean.ppaid, input flags:0, output hwFlags:0
06-24 15:38:49.131 D/PMS11422(  657): package:com.netease.blockchain, input flags:0, output hwFlags:0
06-24 15:38:49.131 D/PMS11422(  657): package:com.huawei.camera, input flags:0, output hwFlags:0
06-24 15:38:49.131 D/PMS11422(  657): package:com.sinovatech.unicom.ui, input flags:0, output hwFlags:0
06-24 15:38:49.131 D/PMS11422(  657): package:com.huawei.phoneservice, input flags:0, output hwFlags:0
06-24 15:38:49.131 V/WindowManager(  657): Checking 1 opening apps (frozen=false timeout=false)...
06-24 15:38:49.131 V/WindowManager(  657): Check opening app=AppWindowToken{e90ce5e token=Token{ef75b99 ActivityRecord{4b53ce0 u0 com.excelliance.dualaid/com.excelliance.kxqp.ui.HelloActivity t16026}}}: allDrawn=true startingDisplayed=false startingMoved=false isRelaunching()=false
06-24 15:38:49.131 D/PMS11422(  657): package:com.crisisfire.android.nearme.gamecenter, input flags:0, output hwFlags:0
06-24 15:38:49.131 D/PMS11422(  657): package:com.antutu.benchmark.full, input flags:0, output hwFlags:0
06-24 15:38:49.131 D/PMS11422(  657): package:com.xunmeng.pinduoduo, input flags:0, output hwFlags:0
06-24 15:38:49.132 D/PMS11422(  657): package:com.zhuowang.cloneapp, input flags:0, output hwFlags:0
06-24 15:38:49.132 D/PMS11422(  657): package:com.excean.parallelspace.b64, input flags:0, output hwFlags:0
06-24 15:38:49.132 D/PMS11422(  657): package:com.excelliance.multiaccounts.b64, input flags:0, output hwFlags:0
06-24 15:38:49.132 D/PMS11422(  657): package:com.xiangyou.multispace, input flags:0, output hwFlags:0
06-24 15:38:49.132 D/PMS11422(  657): package:com.youlong.multiaccount, input flags:0, output hwFlags:0
06-24 15:38:49.132 D/PMS11422(  657): package:com.gameloft.android.ANMP.GloftA9HM, input flags:0, output hwFlags:0
06-24 15:38:49.132 D/PMS11422(  657): package:com.excelliance.dualaid.b64, input flags:0, output hwFlags:0
06-24 15:38:49.132 D/AddGameData(27144): switch_uninstall: 70
06-24 15:38:49.135 D/PMS1000 (  657): package:com.excelliance.dualaid, input flags:8192, output hwFlags:0
06-24 15:38:49.136 I/ActivityManager(  657): Displayed com.excelliance.dualaid/com.excelliance.kxqp.ui.HelloActivity: +220ms
06-24 15:38:49.137 W/HSM     ( 1813): HoldService:toast switch is close!
06-24 15:38:49.137 D/ApplicationPackageManager(27144): queryIntentActivitiesAsUser blocked, Intent { act=android.intent.action.MAIN cat=[android.intent.category.LAUNCHER] pkg=com.huawei.hifolder }
06-24 15:38:49.137 D/HsmInterfaceImpl(27144): List []
06-24 15:38:49.138 D/BarTransitions.HwPhoneStatusBarView( 1513): MODE_TRANSLUCENT -> MODE_TRANSPARENT animate=false
06-24 15:38:49.138 D/BarTransitions.HwPhoneStatusBarView( 1513): applyModeBackground oldMode=MODE_TRANSLUCENT newMode=MODE_TRANSPARENT animate=false
06-24 15:38:49.138 D/BarTransitions.HwNavigationBarView( 1513): MODE_OPAQUE -> MODE_TRANSPARENT animate=false
06-24 15:38:49.138 D/BarTransitions.HwNavigationBarView( 1513): applyModeBackground oldMode=MODE_OPAQUE newMode=MODE_TRANSPARENT animate=false
06-24 15:38:49.138 V/WindowManager(  657): Checking 0 opening apps (frozen=false timeout=false)...
06-24 15:38:49.142 D/PMS1000 (  657): package:com.excelliance.dualaid, input flags:8192, output hwFlags:0
06-24 15:38:49.142 I/GRALLOC (  679): 	 shrFd=10,fmt=0x1,intFmt=0x200000001,btStrd=4352,size=8486912,pid=679 
06-24 15:38:49.142 I/GRALLOC (  679): 	 yuv=2,w=1080,h=1920,Stride u=0 v=0,offset u=0 v=0 
06-24 15:38:49.142 I/GRALLOC (  679): 	 iova_size=8486912,conUsg=0xb00,proUsg=0xb00,	 strd=1088,[afbc]HdrStrd=1088 PyldStrd=69632 Scrmbl=2,ionhnd = 1 
06-24 15:38:49.143 W/HSM     ( 1813): HoldService:toast switch is close!
06-24 15:38:49.144 D/ApplicationPackageManager(27144): queryIntentActivitiesAsUser blocked, Intent { act=android.intent.action.MAIN cat=[android.intent.category.LAUNCHER] pkg=com.github.shadowsocks }
06-24 15:38:49.144 D/HsmInterfaceImpl(27144): List [ResolveInfo{da7c7d9 com.github.shadowsocks/.MainActivity m=0x108000}]
06-24 15:38:49.147 I/GRALLOC (  679): 	 shrFd=10,fmt=0x1,intFmt=0x200000001,btStrd=4352,size=8486912,pid=679 
06-24 15:38:49.147 I/GRALLOC (  679): 	 yuv=2,w=1080,h=1920,Stride u=0 v=0,offset u=0 v=0 
06-24 15:38:49.147 I/GRALLOC (  679): 	 iova_size=8486912,conUsg=0xb00,proUsg=0xb00,	 strd=1088,[afbc]HdrStrd=1088 PyldStrd=69632 Scrmbl=2,ionhnd = 1 
06-24 15:38:49.151 E/BufferQueueProducer(  710): [com.excelliance.dualaid/com.excelliance.kxqp.swipe.NavActivity2#0] disconnect: not connected (req=1)
06-24 15:38:49.151 W/libEGL  (27144): EGLNativeWindowType 0xd0cbb808 disconnect failed
06-24 15:38:49.168 W/HSM     ( 1813): HoldService:toast switch is close!
06-24 15:38:49.169 D/ApplicationPackageManager(27144): queryIntentActivitiesAsUser blocked, Intent { act=android.intent.action.MAIN cat=[android.intent.category.LAUNCHER] pkg=com.excelliance.dualaid }
06-24 15:38:49.169 D/HsmInterfaceImpl(27144): List [ResolveInfo{537987f com.excelliance.dualaid/com.excelliance.kxqp.ui.HelloActivity m=0x108000}]
06-24 15:38:49.198 W/HSM     ( 1813): HoldService:toast switch is close!
06-24 15:38:49.199 D/ApplicationPackageManager(27144): queryIntentActivitiesAsUser blocked, Intent { act=android.intent.action.MAIN cat=[android.intent.category.LAUNCHER] pkg=com.tencent.tmgp.qqx5 }
06-24 15:38:49.199 D/HsmInterfaceImpl(27144): List [ResolveInfo{7c40895 com.tencent.tmgp.qqx5/.DGMMainActivity m=0x108000}]
06-24 15:38:49.238 D/HwRecentsLockUtils( 1513): Search
06-24 15:38:49.238 E/HsmCoreServiceImpl( 1478): onTransact in code is: 103
06-24 15:38:49.238 I/MediaProcessHandler( 1478): playingUids: 
06-24 15:38:49.238 D/ActivityManager(  657): Skipping, home or recents stack task: TaskRecord{333215f #15658 A=com.huawei.android.launcher U=0 StackId=0 sz=1}
06-24 15:38:49.238 D/ActivityManager(  657): Skipping intent:act=android.intent.action.MAIN cat=[android.intent.category.LAUNCHER] flg=0x10a00000 cmp=io.appium.settings/.Settings
06-24 15:38:49.238 D/ActivityManager(  657): Skipping intent:flg=0x10804000 cmp=com.android.systemui/.recents.RecentsActivity bnds=[48,928][1032,2296]
06-24 15:38:49.238 D/ActivityManager(  657): Skipping intent:flg=0x18800000 cmp=com.tencent.mm/.plugin.base.stub.WXPayEntryActivity
06-24 15:38:49.238 D/ActivityManager(  657): Skipping intent:flg=0x10800000 cmp=com.huawei.systemmanager/com.huawei.permissionmanager.ui.MainActivity
06-24 15:38:49.238 D/ActivityManager(  657): Skipping intent:flg=0x18800000 cmp=com.tencent.mm/.plugin.base.stub.WXEntryActivity
06-24 15:38:49.238 D/ActivityManager(  657): Skipping intent:act=com.huawei.action.VOICE_ASSISTANT flg=0x10800000 pkg=com.huawei.vassistant cmp=com.huawei.vassistant/.ui.main.VAssistantActivity
06-24 15:38:49.238 D/ActivityManager(  657): Skipping intent:act=com.huawei.android.launcher.action.ACCESS_SPLIT_SCREEN_APP cat=[android.intent.category.DEFAULT] flg=0x10804000 cmp=com.huawei.android.launcher/.splitscreen.SplitScreenAppActivity
06-24 15:38:49.238 D/ActivityManager(  657): Skipping intent:flg=0x10800000 pkg=com.excelliance.dualaid.b64 cmp=com.excelliance.dualaid.b64/com.excelliance.kxqp.sdk.PermissionRequestActivity
06-24 15:38:49.238 D/ActivityManager(  657): Skipping intent:act=android.intent.action.VIEW dat=content://com.excelliance.dualaid.fileProvider/external_storage_root/Download/apk/Multiple_64.apk typ=application/vnd.android.package-archive flg=0x10800001 cmp=com.android.packageinstaller/.InstallStart
06-24 15:38:49.238 D/ActivityManager(  657): Skipping intent:flg=0x10800000 cmp=com.android.systemui/.usb.HwUsbDebuggingActivity
06-24 15:38:49.238 D/ActivityManager(  657): Skipping intent:act=android.deviceinfo.chooser.action.LAUNCH flg=0x10800000 hwFlg=0x100 pkg=com.android.settings cmp=com.android.settings/.deviceinfo.UsbConnModeChooserActivity
06-24 15:38:49.238 D/ActivityManager(  657): Skipping intent:flg=0x10800000 cmp=com.zol.android/.push.KeepLiveActivity
06-24 15:38:49.238 D/ActivityManager(  657): Skipping intent:act=android.intent.action.MAIN cat=[android.intent.category.HOME] flg=0x10800300 cmp=com.android.settings/.FallbackHome
06-24 15:38:49.241 D/PMS1000 (  657): package:com.excelliance.dualaid, input flags:8192, output hwFlags:0
06-24 15:38:49.241 W/HSM     ( 1813): HoldService:toast switch is close!
06-24 15:38:49.242 D/ApplicationPackageManager(27144): queryIntentActivitiesAsUser blocked, Intent { act=android.intent.action.MAIN cat=[android.intent.category.LAUNCHER] pkg=com.huawei.android.pushagent }
06-24 15:38:49.242 D/HsmInterfaceImpl(27144): List []
06-24 15:38:49.244 W/HSM     ( 1813): HoldService:toast switch is close!
06-24 15:38:49.245 D/ApplicationPackageManager(27144): queryIntentActivitiesAsUser blocked, Intent { act=android.intent.action.MAIN cat=[android.intent.category.LAUNCHER] pkg=com.huawei.appmarket }
06-24 15:38:49.245 D/HsmInterfaceImpl(27144): List [ResolveInfo{8b73d9b com.huawei.appmarket/.MainActivity m=0x108000}]
06-24 15:38:49.249 E/asset   (27144): createFromFile(): lock file /data/resource-cache/system@emui@base@overlay@frameworkhwexthonor@frameworkhwexthonor.apk@idmap.
06-24 15:38:49.249 E/asset   (27144): createFromFile(): lock file /data/resource-cache/system@emui@base@overlay@frameworkhwexthonor@frameworkhwexthonor.apk@idmap.
06-24 15:38:49.249 W/ResourceType(27144): Found multiple library tables, ignoring...
06-24 15:38:49.279 W/HSM     ( 1813): HoldService:toast switch is close!
06-24 15:38:49.279 D/ApplicationPackageManager(27144): queryIntentActivitiesAsUser blocked, Intent { act=android.intent.action.MAIN cat=[android.intent.category.LAUNCHER] pkg=com.wandoujia.phoenix2 }
06-24 15:38:49.279 D/HsmInterfaceImpl(27144): List [ResolveInfo{67f8a76 com.wandoujia.phoenix2/com.pp.assistant.activity.PPMainActivity m=0x108000}]
06-24 15:38:49.309 W/HSM     ( 1813): HoldService:toast switch is close!
06-24 15:38:49.310 D/ApplicationPackageManager(27144): queryIntentActivitiesAsUser blocked, Intent { act=android.intent.action.MAIN cat=[android.intent.category.LAUNCHER] pkg=com.tencent.mm }
06-24 15:38:49.310 D/HsmInterfaceImpl(27144): List [ResolveInfo{222dce4 com.tencent.mm/.ui.LauncherUI m=0x108000}]
06-24 15:38:49.321 D/PMS1000 (  657): package:com.excelliance.dualaid, input flags:8192, output hwFlags:0
06-24 15:38:49.322 W/HSM     ( 1813): HoldService:toast switch is close!
06-24 15:38:49.323 D/ApplicationPackageManager(27144): queryIntentActivitiesAsUser blocked, Intent { act=android.intent.action.MAIN cat=[android.intent.category.LAUNCHER] pkg=com.android.providers.media }
06-24 15:38:49.323 D/HsmInterfaceImpl(27144): List []
06-24 15:38:49.326 W/HSM     ( 1813): HoldService:toast switch is close!
06-24 15:38:49.326 D/ApplicationPackageManager(27144): queryIntentActivitiesAsUser blocked, Intent { act=android.intent.action.MAIN cat=[android.intent.category.LAUNCHER] pkg=com.huawei.vassistant }
06-24 15:38:49.326 D/HsmInterfaceImpl(27144): List [ResolveInfo{47db54d com.huawei.vassistant/.ui.main.VAssistantActivity m=0x108000}]
06-24 15:38:49.330 E/asset   (27144): createFromFile(): lock file /data/resource-cache/system@emui@base@overlay@frameworkhwexthonor@frameworkhwexthonor.apk@idmap.
06-24 15:38:49.330 E/asset   (27144): createFromFile(): lock file /data/resource-cache/system@emui@base@overlay@frameworkhwexthonor@frameworkhwexthonor.apk@idmap.
06-24 15:38:49.330 W/ResourceType(27144): Found multiple library tables, ignoring...
06-24 15:38:49.354 V/ActivityManager(  657): Making visible and scheduling visibility: ActivityRecord{d5c9105 u0 com.huawei.android.launcher/.unihome.UniHomeLauncher t15658}
06-24 15:38:49.355 V/WindowManager(  657): No longer Stopped: AppWindowToken{d3a938b token=Token{377755a ActivityRecord{d5c9105 u0 com.huawei.android.launcher/.unihome.UniHomeLauncher t15658}}}
06-24 15:38:49.381 D/ActivityThread(27144): Remove activity client record, r= ActivityRecord{414755e token=android.os.BinderProxy@31abee5 {com.excelliance.dualaid/com.excelliance.kxqp.swipe.NavActivity2}} token= android.os.BinderProxy@31abee5
06-24 15:38:49.382 V/ActivityThread( 2519): Handle window ActivityRecord{4719bb8 token=android.os.BinderProxy@b3fca27 {com.huawei.android.launcher/com.huawei.android.launcher.unihome.UniHomeLauncher}} visibility: true
06-24 15:38:49.382 E/HwLauncher( 2519): SettingsEx , no such field.
06-24 15:38:49.382 W/HwLauncher( 2519): Clock getDataFormat the getSystemString failed.
06-24 15:38:49.383 V/WindowManager(  657): removeIfPossible: Window{3990baa u0 com.excelliance.dualaid/com.excelliance.kxqp.swipe.NavActivity2} callers=com.android.server.wm.WindowState.removeIfPossible:1914 com.android.server.wm.WindowManagerService.removeWindow:2022 com.android.server.wm.Session.remove:218 android.view.IWindowSession$Stub.onTransact:242 com.android.server.wm.Session.onTransact:161 
06-24 15:38:49.383 D/HwQoEUtils(  657): mForegroundAppPackageName: com.huawei.android.launcher ,score: 0
06-24 15:38:49.383 D/HwQoEUtils(  657): onForegroundAppWifiSleepChange: config:false, sleeptime:-1,type: 255, appname:com.huawei.android.launcher
06-24 15:38:49.383 D/HwQoEUtils(  657): APP type: 255 appName= com.huawei.android.launcher
06-24 15:38:49.383 I/WindowManager(  657): Destroying surface Surface(name=com.excelliance.dualaid/com.excelliance.kxqp.swipe.NavActivity2) called by com.android.server.wm.WindowStateAnimator.destroySurface:2060 com.android.server.wm.WindowStateAnimator.destroySurfaceLocked:873 com.android.server.wm.HwWindowStateAnimator.destroySurfaceLocked:1006 com.android.server.wm.WindowState.removeImmediately:1899 com.android.server.wm.WindowState.removeIfPossible:2051 com.android.server.wm.WindowState.removeIfPossible:1914 com.android.server.wm.WindowManagerService.removeWindow:2022 com.android.server.wm.Session.remove:218 
06-24 15:38:49.383 D/HwQoEUtils(  657): no game, APP_TYPE_GAME, appName =com.huawei.android.launcher
06-24 15:38:49.384 V/WindowManager(  657): postWindowRemoveCleanupLocked: Window{3990baa u0 com.excelliance.dualaid/com.excelliance.kxqp.swipe.NavActivity2}
06-24 15:38:49.384 V/WindowManager(  657): Removing Window{3990baa u0 com.excelliance.dualaid/com.excelliance.kxqp.swipe.NavActivity2} from AppWindowToken{70d587 token=Token{d8dd1c6 ActivityRecord{1122ba1 u0 com.excelliance.dualaid/com.excelliance.kxqp.swipe.NavActivity2 t16026}}}
06-24 15:38:49.384 E/SurfaceFlinger(  710): Failed to find layer (com.excelliance.dualaid/com.excelliance.kxqp.swipe.NavActivity2#0) in layer parent (no-parent).
06-24 15:38:49.386 D/HwGameAssistantController(  657): pid=2519, uid=10056, foreground=true
06-24 15:38:49.390 W/AwareLog(  657): SchedLevelBoost: onFgActivitiesChanged config not set!
06-24 15:38:49.391 D/PMS1000 (  657): package:com.excelliance.dualaid, input flags:8192, output hwFlags:0
06-24 15:38:49.393 W/HSM     ( 1813): HoldService:toast switch is close!
06-24 15:38:49.395 D/ApplicationPackageManager(27144): queryIntentActivitiesAsUser blocked, Intent { act=android.intent.action.MAIN cat=[android.intent.category.LAUNCHER] pkg=com.facebook.katana }
06-24 15:38:49.395 D/HsmInterfaceImpl(27144): List [ResolveInfo{ba2e350 com.facebook.katana/.LoginActivity m=0x108000}]
06-24 15:38:49.395 V/WindowManager(  657): removeAppToken: AppWindowToken{70d587 token=Token{d8dd1c6 ActivityRecord{1122ba1 u0 com.excelliance.dualaid/com.excelliance.kxqp.swipe.NavActivity2 t16026}}} delayed=false Callers=com.android.server.wm.DisplayContent.removeAppToken:985 com.android.server.wm.AppWindowContainerController.removeContainer:348 com.android.server.am.ActivityRecord.removeWindowContainer:1039 com.android.server.am.ActivityStack.removeActivityFromHistoryLocked:4491 
06-24 15:38:49.398 I/HwNetworkPolicy(  657): onTransact, code = 203
06-24 15:38:49.398 I/HwNetworkPolicyManager( 1813): getHwUidPolicy uid = 10056 policy = 0
06-24 15:38:49.400 I/GRALLOC (  679): 	 shrFd=10,fmt=0x1,intFmt=0x200000001,btStrd=4352,size=8486912,pid=679 
06-24 15:38:49.400 I/GRALLOC (  679): 	 yuv=2,w=1080,h=1920,Stride u=0 v=0,offset u=0 v=0 
06-24 15:38:49.400 I/GRALLOC (  679): 	 iova_size=8486912,conUsg=0x900,proUsg=0x900,	 strd=1088,[afbc]HdrStrd=1088 PyldStrd=69632 Scrmbl=2,ionhnd = 1 
06-24 15:38:49.402 D/mali_winsys( 2519): EGLint new_window_surface(egl_winsys_display *, void *, EGLSurface, EGLConfig, egl_winsys_surface **, egl_color_buffer_format *, EGLBoolean) returns 0x3000
06-24 15:38:49.406 I/GRALLOC (  679): 	 shrFd=10,fmt=0x1,intFmt=0x200000001,btStrd=4352,size=8486912,pid=679 
06-24 15:38:49.406 I/GRALLOC (  679): 	 yuv=2,w=1080,h=1920,Stride u=0 v=0,offset u=0 v=0 
06-24 15:38:49.406 I/GRALLOC (  679): 	 iova_size=8486912,conUsg=0x900,proUsg=0x900,	 strd=1088,[afbc]HdrStrd=1088 PyldStrd=69632 Scrmbl=2,ionhnd = 1 
06-24 15:38:49.409 I/GRALLOC (  679): 	 shrFd=10,fmt=0x1,intFmt=0x200000001,btStrd=4352,size=8486912,pid=679 
06-24 15:38:49.409 I/GRALLOC (  679): 	 yuv=2,w=1080,h=1920,Stride u=0 v=0,offset u=0 v=0 
06-24 15:38:49.409 I/GRALLOC (  679): 	 iova_size=8486912,conUsg=0x900,proUsg=0x900,	 strd=1088,[afbc]HdrStrd=1088 PyldStrd=69632 Scrmbl=2,ionhnd = 1 
06-24 15:38:49.425 D/HwFLClassLoader( 2519): USE_FEATURE_LIST had not init! 
06-24 15:38:49.426 I/GRALLOC (  679): 	 shrFd=10,fmt=0x1,intFmt=0x200000001,btStrd=4352,size=8486912,pid=679 
06-24 15:38:49.426 I/GRALLOC (  679): 	 yuv=2,w=1080,h=1920,Stride u=0 v=0,offset u=0 v=0 
06-24 15:38:49.426 I/GRALLOC (  679): 	 iova_size=8486912,conUsg=0xb00,proUsg=0xb00,	 strd=1088,[afbc]HdrStrd=1088 PyldStrd=69632 Scrmbl=2,ionhnd = 1 
06-24 15:38:49.436 E/asset   ( 2519): createFromFile(): lock file /data/resource-cache/system@emui@base@overlay@frameworkhwexthonor@frameworkhwexthonor.apk@idmap.
06-24 15:38:49.436 E/asset   ( 2519): createFromFile(): lock file /data/resource-cache/system@emui@base@overlay@frameworkhwexthonor@frameworkhwexthonor.apk@idmap.
06-24 15:38:49.436 W/ResourceType( 2519): Found multiple library tables, ignoring...
06-24 15:38:49.436 D/WindowManager(  657): finishDrawingWindow: Window{68d6975 u0 com.huawei.android.launcher/com.huawei.android.launcher.unihome.UniHomeLauncher} mDrawState=DRAW_PENDING
06-24 15:38:49.437 E/asset   (27144): createFromFile(): lock file /data/resource-cache/system@emui@base@overlay@frameworkhwexthonor@frameworkhwexthonor.apk@idmap.
06-24 15:38:49.437 E/asset   (27144): createFromFile(): lock file /data/resource-cache/system@emui@base@overlay@frameworkhwexthonor@frameworkhwexthonor.apk@idmap.
06-24 15:38:49.437 W/ResourceType(27144): Found multiple library tables, ignoring...
06-24 15:38:49.437 D/ImageWallpaper( 1513): onOffsetsChanged: xOffset=0.0, yOffset=0.0, xOffsetStep=0.0, yOffsetStep=0.0, xPixels=0, yPixels=0
06-24 15:38:49.438 D/ImageWallpaper( 1513): Suppressed drawFrame since redraw is not needed and offsets have not changed.sf=Rect(0, 0 - 2160, 1920)
06-24 15:38:49.438 D/ImageWallpaper( 1513): onVisibilityChanged: mVisible, visible=false, true
06-24 15:38:49.438 D/ImageWallpaper( 1513): Visibility changed to visible=true
06-24 15:38:49.438 D/ImageWallpaper( 1513): Suppressed drawFrame since redraw is not needed and offsets have not changed.sf=Rect(0, 0 - 2160, 1920)
06-24 15:38:49.450 D/HwFLClassLoader( 2519): USE_FEATURE_LIST had not init! 
06-24 15:38:49.456 E/asset   ( 2519): createFromFile(): lock file /data/resource-cache/system@emui@base@overlay@frameworkhwexthonor@frameworkhwexthonor.apk@idmap.
06-24 15:38:49.456 E/asset   ( 2519): createFromFile(): lock file /data/resource-cache/system@emui@base@overlay@frameworkhwexthonor@frameworkhwexthonor.apk@idmap.
06-24 15:38:49.456 W/ResourceType( 2519): Found multiple library tables, ignoring...
06-24 15:38:49.466 D/PMS1000 (  657): package:com.excelliance.dualaid, input flags:8192, output hwFlags:0
06-24 15:38:49.467 W/HSM     ( 1813): HoldService:toast switch is close!
06-24 15:38:49.467 D/ApplicationPackageManager(27144): queryIntentActivitiesAsUser blocked, Intent { act=android.intent.action.MAIN cat=[android.intent.category.LAUNCHER] pkg=com.huawei.trustcircle }
06-24 15:38:49.467 D/HsmInterfaceImpl(27144): List []
06-24 15:38:49.471 W/HSM     ( 1813): HoldService:toast switch is close!
06-24 15:38:49.471 D/ApplicationPackageManager(27144): queryIntentActivitiesAsUser blocked, Intent { act=android.intent.action.MAIN cat=[android.intent.category.LAUNCHER] pkg=com.jingdong.app.mall }
06-24 15:38:49.471 D/HsmInterfaceImpl(27144): List [ResolveInfo{edae47c com.jingdong.app.mall/.main.MainActivity m=0x108000}]
06-24 15:38:49.510 W/HSM     ( 1813): HoldService:toast switch is close!
06-24 15:38:49.511 D/ApplicationPackageManager(27144): queryIntentActivitiesAsUser blocked, Intent { act=android.intent.action.MAIN cat=[android.intent.category.LAUNCHER] pkg=com.tencent.mobileqq }
06-24 15:38:49.511 D/HsmInterfaceImpl(27144): List [ResolveInfo{78e655a com.tencent.mobileqq/.activity.SplashActivity m=0x108000}]
06-24 15:38:49.517 I/TrafficMonitor(  657): update:rxPkts:17,txPkts:22,rxBytes:8000,txBytes:2806
06-24 15:38:49.517 I/TrafficMonitor(  657): start expired. level:-1
06-24 15:38:49.517 I/TrafficMonitor(  657): gettimer:interval=2000
06-24 15:38:49.524 W/HSM     ( 1813): HoldService:toast switch is close!
06-24 15:38:49.525 D/ApplicationPackageManager(27144): queryIntentActivitiesAsUser blocked, Intent { act=android.intent.action.MAIN cat=[android.intent.category.LAUNCHER] pkg=com.zol.android }
06-24 15:38:49.525 D/HsmInterfaceImpl(27144): List [ResolveInfo{81ec38b com.zol.android/.ui.FirstActivity m=0x108000}]
06-24 15:38:49.550 D/PMS1000 (  657): package:com.excelliance.dualaid, input flags:8192, output hwFlags:0
06-24 15:38:49.551 W/HSM     ( 1813): HoldService:toast switch is close!
06-24 15:38:49.552 D/ApplicationPackageManager(27144): queryIntentActivitiesAsUser blocked, Intent { act=android.intent.action.MAIN cat=[android.intent.category.LAUNCHER] pkg=com.huawei.hiskytone }
06-24 15:38:49.552 D/HsmInterfaceImpl(27144): List [ResolveInfo{e11e881 com.huawei.hiskytone/com.huawei.skytone.account.welcome.SplashActivity m=0x108000}]
06-24 15:38:49.588 W/HSM     ( 1813): HoldService:toast switch is close!
06-24 15:38:49.590 D/ApplicationPackageManager(27144): queryIntentActivitiesAsUser blocked, Intent { act=android.intent.action.MAIN cat=[android.intent.category.LAUNCHER] pkg=com.huawei.hwid }
06-24 15:38:49.590 D/HsmInterfaceImpl(27144): List []
06-24 15:38:49.594 W/HSM     ( 1813): HoldService:toast switch is close!
06-24 15:38:49.594 D/ApplicationPackageManager(27144): queryIntentActivitiesAsUser blocked, Intent { act=android.intent.action.MAIN cat=[android.intent.category.LAUNCHER] pkg=com.sina.weibo }
06-24 15:38:49.595 D/HsmInterfaceImpl(27144): List [ResolveInfo{7694714 com.sina.weibo/.SplashActivity m=0x108000}]
06-24 15:38:49.597 E/asset   ( 2519): createFromFile(): lock file /data/resource-cache/system@emui@base@overlay@frameworkhwexthonor@frameworkhwexthonor.apk@idmap.
06-24 15:38:49.597 E/asset   ( 2519): createFromFile(): lock file /data/resource-cache/system@emui@base@overlay@frameworkhwexthonor@frameworkhwexthonor.apk@idmap.
06-24 15:38:49.597 W/ResourceType( 2519): Found multiple library tables, ignoring...
06-24 15:38:49.602 D/HwFLClassLoader( 2519): USE_FEATURE_LIST had not init! 
06-24 15:38:49.651 W/HSM     ( 1813): HoldService:toast switch is close!
06-24 15:38:49.651 D/ApplicationPackageManager(27144): queryIntentActivitiesAsUser blocked, Intent { act=android.intent.action.MAIN cat=[android.intent.category.LAUNCHER] pkg=com.antutu.ABenchMark }
06-24 15:38:49.651 D/HsmInterfaceImpl(27144): List [ResolveInfo{57445b2 com.antutu.ABenchMark/.ABenchMarkStart m=0x108000}]
06-24 15:38:49.679 W/HSM     ( 1813): HoldService:toast switch is close!
06-24 15:38:49.679 D/ApplicationPackageManager(27144): queryIntentActivitiesAsUser blocked, Intent { act=android.intent.action.MAIN cat=[android.intent.category.LAUNCHER] pkg=com.sankuai.meituan.takeoutnew }
06-24 15:38:49.679 D/HsmInterfaceImpl(27144): List [ResolveInfo{d5226b9 com.sankuai.meituan.takeoutnew/.ui.page.boot.WelcomeActivity m=0x108000}]
06-24 15:38:49.707 W/HSM     ( 1813): HoldService:toast switch is close!
06-24 15:38:49.707 D/ApplicationPackageManager(27144): queryIntentActivitiesAsUser blocked, Intent { act=android.intent.action.MAIN cat=[android.intent.category.LAUNCHER] pkg=com.vmall.client }
06-24 15:38:49.708 D/HsmInterfaceImpl(27144): List [ResolveInfo{8eb425f com.vmall.client/.splash.fragment.SplashActivity m=0x108000}]
06-24 15:38:49.735 W/HSM     ( 1813): HoldService:toast switch is close!
06-24 15:38:49.736 D/ApplicationPackageManager(27144): queryIntentActivitiesAsUser blocked, Intent { act=android.intent.action.MAIN cat=[android.intent.category.LAUNCHER] pkg=com.android.browser }
06-24 15:38:49.736 D/HsmInterfaceImpl(27144): List [ResolveInfo{27ad90a com.android.browser/com.tencent.mtt.SplashActivity m=0x108000}]
06-24 15:38:49.772 W/HSM     ( 1813): HoldService:toast switch is close!
06-24 15:38:49.772 D/ApplicationPackageManager(27144): queryIntentActivitiesAsUser blocked, Intent { act=android.intent.action.MAIN cat=[android.intent.category.LAUNCHER] pkg=com.eg.android.AlipayGphone }
06-24 15:38:49.772 D/HsmInterfaceImpl(27144): List [ResolveInfo{924f3f1 com.eg.android.AlipayGphone/.AlipayLogin m=0x108000}]
06-24 15:38:49.793 D/PMS1000 (  657): package:com.excelliance.dualaid, input flags:8192, output hwFlags:0
06-24 15:38:49.794 W/HSM     ( 1813): HoldService:toast switch is close!
06-24 15:38:49.794 D/ApplicationPackageManager(27144): queryIntentActivitiesAsUser blocked, Intent { act=android.intent.action.MAIN cat=[android.intent.category.LAUNCHER] pkg=com.android.mediacenter }
06-24 15:38:49.794 D/HsmInterfaceImpl(27144): List [ResolveInfo{f451e57 com.android.mediacenter/.PageActivity m=0x108000}]
06-24 15:38:49.802 E/asset   (27144): createFromFile(): lock file /data/resource-cache/system@emui@base@overlay@frameworkhwexthonor@frameworkhwexthonor.apk@idmap.
06-24 15:38:49.802 E/asset   (27144): createFromFile(): lock file /data/resource-cache/system@emui@base@overlay@frameworkhwexthonor@frameworkhwexthonor.apk@idmap.
06-24 15:38:49.802 W/ResourceType(27144): Found multiple library tables, ignoring...
06-24 15:38:49.835 W/HSM     ( 1813): HoldService:toast switch is close!
06-24 15:38:49.835 D/ApplicationPackageManager(27144): queryIntentActivitiesAsUser blocked, Intent { act=android.intent.action.MAIN cat=[android.intent.category.LAUNCHER] pkg=com.huawei.himovie }
06-24 15:38:49.835 D/HsmInterfaceImpl(27144): List [ResolveInfo{5a57f62 com.huawei.himovie/.ui.login.SplashScreenActivity m=0x108000}]
06-24 15:38:49.839 E/asset   (27144): createFromFile(): lock file /data/resource-cache/system@emui@base@overlay@frameworkhwexthonor@frameworkhwexthonor.apk@idmap.
06-24 15:38:49.839 E/asset   (27144): createFromFile(): lock file /data/resource-cache/system@emui@base@overlay@frameworkhwexthonor@frameworkhwexthonor.apk@idmap.
06-24 15:38:49.839 W/ResourceType(27144): Found multiple library tables, ignoring...
06-24 15:38:49.868 W/HSM     ( 1813): HoldService:toast switch is close!
06-24 15:38:49.868 D/ApplicationPackageManager(27144): queryIntentActivitiesAsUser blocked, Intent { act=android.intent.action.MAIN cat=[android.intent.category.LAUNCHER] pkg=com.huawei.hnreader }
06-24 15:38:49.868 D/HsmInterfaceImpl(27144): List [ResolveInfo{16d3029 com.huawei.hnreader/com.qq.reader.activity.SplashActivity m=0x108000}]
06-24 15:38:49.872 E/asset   (27144): createFromFile(): lock file /data/resource-cache/system@emui@base@overlay@frameworkhwexthonor@frameworkhwexthonor.apk@idmap.
06-24 15:38:49.872 E/asset   (27144): createFromFile(): lock file /data/resource-cache/system@emui@base@overlay@frameworkhwexthonor@frameworkhwexthonor.apk@idmap.
06-24 15:38:49.872 W/ResourceType(27144): Found multiple library tables, ignoring...
06-24 15:38:49.894 E/wificond(  765): Failed to get NL80211_STA_INFO_CNAHLOAD
06-24 15:38:49.894 E/WificondControl(  657): Noise: -91, Snr: 0, Chload: -1
06-24 15:38:49.894 D/HwWifiCHRStateManager(  657): handleMessage : 1001
06-24 15:38:49.894 D/HwWifiCHRStateManager(  657): handleUpdateChannel:5805
06-24 15:38:49.894 V/HwWifiServiceFactory(  657): get AllImpl object = com.android.server.wifi.HwWifiServiceFactoryImpl@a390a53
06-24 15:38:49.897 D/WiFi_PRO(  657): MSG_RETURN_AP_CURRY_RSSI rssi = -41
06-24 15:38:49.897 D/HuaweiWifiWatchdogStateMachine(  657): LM mrssi=-41
06-24 15:38:49.897 D/HuaweiWifiWatchdogStateMachine(  657): f2:9f:**:**:8f:43 current loss[-45]=0%, volume=65
06-24 15:38:49.897 I/QosMonitor(  657): queryRtt: rtt_type = 3
06-24 15:38:49.897 D/HuaweiWifiWatchdogStateMachine(  657): f2:9f:**:**:8f:43 history loss[-45]=0.02%, volume=23031533
06-24 15:38:49.897 I/HwQoEJNI(  657): send_cmd_kernel. begin
06-24 15:38:49.897 I/HuaweiWifiWatchdogStateMachine(  657): spd good count:0, add sc:0.0, rate:1.0
06-24 15:38:49.897 I/HuaweiWifiWatchdogStateMachine(  657): current mHighDataFlowRate = 1.0
06-24 15:38:49.897 I/HwQoEJNI(  657): send_cmd_kernel. end
06-24 15:38:49.897 I/HuaweiWifiWatchdogStateMachine(  657): POta txb txg rxg:0, 65, 0. Lr =0% Totpkt=65
06-24 15:38:49.897 I/QosMonitor(  657): postEventFromNative: msg=100,arg1=4,arg2=10
06-24 15:38:49.897 I/HwQoEJNI(  657): send_cmd_kernel. begin
06-24 15:38:49.897 I/HwQoEJNI(  657): send_cmd_kernel. end
06-24 15:38:49.897 I/QosMonitor(  657): postEventFromNative: msg=100,arg1=0,arg2=10
06-24 15:38:49.897 D/HuaweiWifiWatchdogStateMachine(  657): f2:9f:**:**:8f:43 current RTT[-45]=156, volume=20
06-24 15:38:49.897 D/HuaweiWifiWatchdogStateMachine(  657): f2:9f:**:**:8f:43 history RTT[-45]=237, volume=1685641
06-24 15:38:49.897 D/HuaweiWifiWatchdogStateMachine(  657): setSampleRtt: rtt=156,rtt_pkts =20,rtt_when=0
06-24 15:38:49.898 I/MQoS    (  657): rtt=156,tcp_tx_pkts=397692,tcp_rx_pkts=413356
06-24 15:38:49.898 I/QosMonitor(  657): resetRtt: rtt_type = 3
06-24 15:38:49.898 I/HwQoEJNI(  657): send_cmd_kernel. begin
06-24 15:38:49.898 I/HwQoEJNI(  657): send_cmd_kernel. end
06-24 15:38:49.898 I/MQoS    (  657): QOS_level:0(0),DataDisable;use level-0
06-24 15:38:49.898 I/MQoS    (  657): skip-low-Level:0(0),DataDisable;use level-0
06-24 15:38:49.899 D/HwWifiConnectivityMonitor(  657): ENTER: notifyTopUidTcpInfo, tx = 47, rx = 40, reTx = 0, uid = 11422, tr = 0.0
06-24 15:38:49.899 D/HwWifiConnectivityMonitor(  657): ENTER: notifyTopUidTcpInfo, rtt = 792, rttPkts = 20, aveRtt = 39.6, app = com.excelliance.dualaid
06-24 15:38:49.899 D/HwUidTcpMonitor(  657): parseWlanUidTcpStatistics lastUidTcpStatInfo = [ mUid = 11422 mPacketName = com.excelliance.dualaid mSendSegs = 14480 mResendSegs = 3 mRcvSegs = 18010 ]
06-24 15:38:49.899 D/HwUidTcpMonitor(  657): parseWlanUidTcpStatistics lastUidTcpStatInfo = [ mUid = 10093 mPacketName = com.android.vending mSendSegs = 2722 mResendSegs = 1909 mRcvSegs = 204 ]
06-24 15:38:49.899 D/HwUidTcpMonitor(  657): parseWlanUidTcpStatistics lastUidTcpStatInfo = [ mUid = 10089 mPacketName = com.google.uid.shared:10089 mSendSegs = 7062 mResendSegs = 0 mRcvSegs = 460 ]
06-24 15:38:49.899 D/HwWifiConnectivityMonitor(  657): handleTopUidInternetStatusChanged, uid = 11422, status = 0
06-24 15:38:49.899 D/HuaweiWifiWatchdogStateMachine(  657): dumpTcpResult: len=10,rtt=156,rttPkt=24,rttWn=0,cgt=16,cgtWn=8888188
06-24 15:38:49.899 I/HuaweiWifiWatchdogStateMachine(  657): PTcp RTT:156, rtt pkt=24, tcp_rx=41, tcp_tx=52, tcp_reTran=1, rtRate=0.02
06-24 15:38:49.899 D/HuaweiWifiWatchdogStateMachine(  657): isRttGood is good, AvgRtt = 156, TotPkt = 24
06-24 15:38:49.899 D/HuaweiWifiWatchdogStateMachine(  657): mRssiBadCount =0, RSSI not bad.
06-24 15:38:49.899 D/HuaweiWifiWatchdogStateMachine(  657): detectNetworkAvailable:hw.wifipro.dns_fail_count = 64
06-24 15:38:49.899 D/HuaweiWifiWatchdogStateMachine(  657): detectNetworkAvailable: tcpRxPkts != 0, reset
06-24 15:38:49.899 I/HuaweiWifiWatchdogStateMachine(  657): rs ota tcp lr rttvb bad: false, false, false, false, false; rsth:-75
06-24 15:38:49.899 D/HuaweiWifiWatchdogStateMachine(  657): GSC:0, GSR:1.0, RSR:1.0, RTH:-75
06-24 15:38:49.899 I/HuaweiWifiWatchdogStateMachine(  657): judge good link######, goodLinkLevel=3
06-24 15:38:49.899 I/HuaweiWifiWatchdogStateMachine(  657): sendResultMsgToQM bssid:f2:9f:**:**:8f:43, qoslevel=3
06-24 15:38:49.900 I/HuaweiWifiWatchdogStateMachine(  657): link good reported, good base rssi:-38
06-24 15:38:49.900 D/HuaweiWifiWatchdogStateMachine(  657): goodperiod count=0, rb rttg sg =false, true, false
06-24 15:38:49.900 D/HuaweiWifiWatchdogStateMachine(  657): bqeLevel = 3 rtt=156,rtt_pkts=24 speed=0 rssi=-41
06-24 15:38:49.900 D/HuaweiWifiWatchdogStateMachine(  657): Enter updateQoeLevel level = 3
06-24 15:38:49.900 D/HuaweiWifiWatchdogStateMachine(  657): updateQoeLevel current level equal to mLastDetectLevel, return
06-24 15:38:49.900 I/HuaweiWifiWatchdogStateMachine(  657):  pkt chk not bad, reset sc to 0.
06-24 15:38:49.900 D/HuaweiWifiWatchdogStateMachine(  657): ### mPktChkBadCnt=0
06-24 15:38:49.900 D/WiFi_PRO_WifiProStateMachine(  657): onNetworkQosChange, currentWifiLevel == 3, wifiNoInternet = false, updateUiOnly = true
06-24 15:38:49.901 D/PMS1000 (  657): package:com.excelliance.dualaid, input flags:8192, output hwFlags:0
06-24 15:38:49.902 W/HSM     ( 1813): HoldService:toast switch is close!
06-24 15:38:49.903 D/ApplicationPackageManager(27144): queryIntentActivitiesAsUser blocked, Intent { act=android.intent.action.MAIN cat=[android.intent.category.LAUNCHER] pkg=com.twitter.android }
06-24 15:38:49.903 D/HsmInterfaceImpl(27144): List [ResolveInfo{c9a50dc com.twitter.android/.StartActivity m=0x108000}]
06-24 15:38:49.931 W/HSM     ( 1813): HoldService:toast switch is close!
06-24 15:38:49.932 D/ApplicationPackageManager(27144): queryIntentActivitiesAsUser blocked, Intent { act=android.intent.action.MAIN cat=[android.intent.category.LAUNCHER] pkg=com.baidu.input_huawei }
06-24 15:38:49.932 D/HsmInterfaceImpl(27144): List []
06-24 15:38:49.935 W/HSM     ( 1813): HoldService:toast switch is close!
06-24 15:38:49.936 D/ApplicationPackageManager(27144): queryIntentActivitiesAsUser blocked, Intent { act=android.intent.action.MAIN cat=[android.intent.category.LAUNCHER] pkg=com.google.android.gms }
06-24 15:38:49.936 D/HsmInterfaceImpl(27144): List []
06-24 15:38:49.942 D/PMS1000 (  657): package:com.excelliance.dualaid, input flags:8192, output hwFlags:0
06-24 15:38:49.942 W/OpenGLRenderer( 2519): Incorrectly called buildLayer on View: ShortcutAndWidgetContainer, destroying layer...
06-24 15:38:49.943 W/OpenGLRenderer( 2519): Incorrectly called buildLayer on View: ShortcutAndWidgetContainer, destroying layer...
06-24 15:38:49.943 W/HSM     ( 1813): HoldService:toast switch is close!
06-24 15:38:49.944 D/ApplicationPackageManager(27144): queryIntentActivitiesAsUser blocked, Intent { act=android.intent.action.MAIN cat=[android.intent.category.LAUNCHER] pkg=com.sankuai.meituan }
06-24 15:38:49.944 D/HsmInterfaceImpl(27144): List [ResolveInfo{eece36b com.sankuai.meituan/com.meituan.android.pt.homepage.activity.Welcome m=0x108000}]
06-24 15:38:49.944 I/GRALLOC (  679): 	 shrFd=10,fmt=0x1,intFmt=0x200000001,btStrd=4352,size=8486912,pid=679 
06-24 15:38:49.944 I/GRALLOC (  679): 	 yuv=2,w=1080,h=1920,Stride u=0 v=0,offset u=0 v=0 
06-24 15:38:49.944 I/GRALLOC (  679): 	 iova_size=8486912,conUsg=0xb00,proUsg=0xb00,	 strd=1088,[afbc]HdrStrd=1088 PyldStrd=69632 Scrmbl=2,ionhnd = 1 
06-24 15:38:49.989 I/zygote64(  657): Background concurrent copying GC freed 661802(24MB) AllocSpace objects, 33(660KB) LOS objects, 30% free, 53MB/77MB, paused 517us total 191.496ms
06-24 15:38:49.998 D/PMS1000 (  657): package:com.excelliance.dualaid, input flags:8192, output hwFlags:0
06-24 15:38:49.998 W/HSM     ( 1813): HoldService:toast switch is close!
06-24 15:38:49.999 D/ApplicationPackageManager(27144): queryIntentActivitiesAsUser blocked, Intent { act=android.intent.action.MAIN cat=[android.intent.category.LAUNCHER] pkg=com.tencent.news }
06-24 15:38:49.999 D/HsmInterfaceImpl(27144): List [ResolveInfo{389bb61 com.tencent.news/.activity.SplashActivity m=0x108000}]
06-24 15:38:50.025 W/HSM     ( 1813): HoldService:toast switch is close!
06-24 15:38:50.025 D/ApplicationPackageManager(27144): queryIntentActivitiesAsUser blocked, Intent { act=android.intent.action.MAIN cat=[android.intent.category.LAUNCHER] pkg=com.iflytek.speechsuite }
06-24 15:38:50.025 D/HsmInterfaceImpl(27144): List []
06-24 15:38:50.027 W/HSM     ( 1813): HoldService:toast switch is close!
06-24 15:38:50.028 D/ApplicationPackageManager(27144): queryIntentActivitiesAsUser blocked, Intent { act=android.intent.action.MAIN cat=[android.intent.category.LAUNCHER] pkg=com.tencent.android.qqdownloader }
06-24 15:38:50.028 D/HsmInterfaceImpl(27144): List [ResolveInfo{7744b47 com.tencent.android.qqdownloader/com.tencent.pangu.link.SplashActivity m=0x108000}]
06-24 15:38:50.058 W/HSM     ( 1813): HoldService:toast switch is close!
06-24 15:38:50.058 D/ApplicationPackageManager(27144): queryIntentActivitiesAsUser blocked, Intent { act=android.intent.action.MAIN cat=[android.intent.category.LAUNCHER] pkg=com.ifreetalk.ftalk }
06-24 15:38:50.059 D/HsmInterfaceImpl(27144): List [ResolveInfo{8c5ac9d com.ifreetalk.ftalk/.activity.DummyActivity m=0x108000}]
06-24 15:38:50.072 W/HSM     ( 1813): HoldService:toast switch is close!
06-24 15:38:50.072 D/ApplicationPackageManager(27144): queryIntentActivitiesAsUser blocked, Intent { act=android.intent.action.MAIN cat=[android.intent.category.LAUNCHER] pkg=com.taobao.taobao }
06-24 15:38:50.072 D/HsmInterfaceImpl(27144): List [ResolveInfo{5308512 com.taobao.taobao/com.taobao.tao.welcome.Welcome m=0x108000}]
06-24 15:38:50.097 D/PMS1000 (  657): package:com.excelliance.dualaid, input flags:8192, output hwFlags:0
06-24 15:38:50.098 W/HSM     ( 1813): HoldService:toast switch is close!
06-24 15:38:50.099 D/ApplicationPackageManager(27144): queryIntentActivitiesAsUser blocked, Intent { act=android.intent.action.MAIN cat=[android.intent.category.LAUNCHER] pkg=com.android.gallery3d }
06-24 15:38:50.099 D/HsmInterfaceImpl(27144): List [ResolveInfo{e337ee0 com.android.gallery3d/com.huawei.gallery.app.GalleryMain m=0x108000}]
06-24 15:38:50.102 E/asset   (27144): createFromFile(): lock file /data/resource-cache/system@emui@base@overlay@frameworkhwexthonor@frameworkhwexthonor.apk@idmap.
06-24 15:38:50.103 E/asset   (27144): createFromFile(): lock file /data/resource-cache/system@emui@base@overlay@frameworkhwexthonor@frameworkhwexthonor.apk@idmap.
06-24 15:38:50.103 W/ResourceType(27144): Found multiple library tables, ignoring...
06-24 15:38:50.136 W/HSM     ( 1813): HoldService:toast switch is close!
06-24 15:38:50.137 D/ApplicationPackageManager(27144): queryIntentActivitiesAsUser blocked, Intent { act=android.intent.action.MAIN cat=[android.intent.category.LAUNCHER] pkg=com.pp.assistant }
06-24 15:38:50.137 D/HsmInterfaceImpl(27144): List [ResolveInfo{5f95c3f com.pp.assistant/.activity.MainActivity m=0x108000}]
06-24 15:38:50.162 W/HSM     ( 1813): HoldService:toast switch is close!
06-24 15:38:50.163 D/ApplicationPackageManager(27144): queryIntentActivitiesAsUser blocked, Intent { act=android.intent.action.MAIN cat=[android.intent.category.LAUNCHER] pkg=com.oppo.market }
06-24 15:38:50.163 D/HsmInterfaceImpl(27144): List [ResolveInfo{67ed255 com.oppo.market/.activity.MainActivity m=0x108000}]
06-24 15:38:50.194 W/HSM     ( 1813): HoldService:toast switch is close!
06-24 15:38:50.195 D/ApplicationPackageManager(27144): queryIntentActivitiesAsUser blocked, Intent { act=android.intent.action.MAIN cat=[android.intent.category.LAUNCHER] pkg=com.excean.wxaid }
06-24 15:38:50.195 D/HsmInterfaceImpl(27144): List [ResolveInfo{c317d5b com.excean.wxaid/com.excelliance.kxqp.ui.HelloActivity m=0x108000}]
06-24 15:38:50.225 W/HwResourcesImpl(27144): icon in pkg com.excean.wxaid is too large.sDefaultSizeWithoutEdge = 188bmp.getWidth() = 1536
06-24 15:38:50.242 W/HSM     ( 1813): HoldService:toast switch is close!
06-24 15:38:50.242 D/ApplicationPackageManager(27144): queryIntentActivitiesAsUser blocked, Intent { act=android.intent.action.MAIN cat=[android.intent.category.LAUNCHER] pkg=com.huawei.intelligent }
06-24 15:38:50.242 D/HsmInterfaceImpl(27144): List []
06-24 15:38:50.244 W/HSM     ( 1813): HoldService:toast switch is close!
06-24 15:38:50.245 D/ApplicationPackageManager(27144): queryIntentActivitiesAsUser blocked, Intent { act=android.intent.action.MAIN cat=[android.intent.category.LAUNCHER] pkg=com.google.android.backuptransport }
06-24 15:38:50.245 D/HsmInterfaceImpl(27144): List []
06-24 15:38:50.246 W/HSM     ( 1813): HoldService:toast switch is close!
06-24 15:38:50.247 D/ApplicationPackageManager(27144): queryIntentActivitiesAsUser blocked, Intent { act=android.intent.action.MAIN cat=[android.intent.category.LAUNCHER] pkg=com.huawei.skytone }
06-24 15:38:50.247 D/HsmInterfaceImpl(27144): List []
06-24 15:38:50.249 D/PMS1000 (  657): package:com.excelliance.dualaid, input flags:8192, output hwFlags:0
06-24 15:38:50.249 W/HSM     ( 1813): HoldService:toast switch is close!
06-24 15:38:50.250 D/ApplicationPackageManager(27144): queryIntentActivitiesAsUser blocked, Intent { act=android.intent.action.MAIN cat=[android.intent.category.LAUNCHER] pkg=com.estrongs.android.pop }
06-24 15:38:50.250 D/HsmInterfaceImpl(27144): List [ResolveInfo{3273ed1 com.estrongs.android.pop/.app.openscreenad.NewSplashActivity m=0x108000}]
06-24 15:38:50.283 W/HSM     ( 1813): HoldService:toast switch is close!
06-24 15:38:50.283 D/ApplicationPackageManager(27144): queryIntentActivitiesAsUser blocked, Intent { act=android.intent.action.MAIN cat=[android.intent.category.LAUNCHER] pkg=com.redfinger.app }
06-24 15:38:50.283 D/HsmInterfaceImpl(27144): List [ResolveInfo{d009437 com.redfinger.app/.activity.SplashActivity m=0x108000}]
06-24 15:38:50.319 W/HSM     ( 1813): HoldService:toast switch is close!
06-24 15:38:50.319 D/ApplicationPackageManager(27144): queryIntentActivitiesAsUser blocked, Intent { act=android.intent.action.MAIN cat=[android.intent.category.LAUNCHER] pkg=com.android.vending }
06-24 15:38:50.319 D/HsmInterfaceImpl(27144): List [ResolveInfo{b0ff70d com.android.vending/.AssetBrowserActivity m=0x108000}]
06-24 15:38:50.350 W/HSM     ( 1813): HoldService:toast switch is close!
06-24 15:38:50.351 D/ApplicationPackageManager(27144): queryIntentActivitiesAsUser blocked, Intent { act=android.intent.action.MAIN cat=[android.intent.category.LAUNCHER] pkg=org.hapjs.mockup }
06-24 15:38:50.351 D/HsmInterfaceImpl(27144): List [ResolveInfo{e51f709 org.hapjs.mockup/.activity.MainActivity m=0x108000}]
06-24 15:38:50.372 W/HSM     ( 1813): HoldService:toast switch is close!
06-24 15:38:50.373 D/ApplicationPackageManager(27144): queryIntentActivitiesAsUser blocked, Intent { act=android.intent.action.MAIN cat=[android.intent.category.LAUNCHER] pkg=com.huawei.gamebox }
06-24 15:38:50.373 D/HsmInterfaceImpl(27144): List [ResolveInfo{7c7d32f com.huawei.gamebox/.GameBoxActivity m=0x108000}]
06-24 15:38:50.376 E/asset   (27144): createFromFile(): lock file /data/resource-cache/system@emui@base@overlay@frameworkhwexthonor@frameworkhwexthonor.apk@idmap.
06-24 15:38:50.376 E/asset   (27144): createFromFile(): lock file /data/resource-cache/system@emui@base@overlay@frameworkhwexthonor@frameworkhwexthonor.apk@idmap.
06-24 15:38:50.377 W/ResourceType(27144): Found multiple library tables, ignoring...
06-24 15:38:50.405 W/HSM     ( 1813): HoldService:toast switch is close!
06-24 15:38:50.405 D/ApplicationPackageManager(27144): queryIntentActivitiesAsUser blocked, Intent { act=android.intent.action.MAIN cat=[android.intent.category.LAUNCHER] pkg=com.stickgame.los2 }
06-24 15:38:50.405 D/HsmInterfaceImpl(27144): List [ResolveInfo{455fc1a com.stickgame.los2/com.DBGame.DiabloLOL.DiabloLOL m=0x108000}]
06-24 15:38:50.412 I/Pged-IPgedBinderService(  769): ****action is 2, pid num is 6***
06-24 15:38:50.412 I/Pged-Freezer(  769): thawPids
06-24 15:38:50.416 D/PgedBinderAdapter( 1699): unfrz ok, pid: [29457, 29531, 29347, 27318, 29532]
06-24 15:38:50.419 I/appium  (29532): Null child 0/1, parent: android.view.accessibility.AccessibilityNodeInfo@800071ed; boundsInParent: Rect(0, 0 - 1080, 1920); boundsInScreen: Rect(0, 0 - 1080, 1920); packageName: com.excelliance.dualaid; className: android.widget.FrameLayout; text: null; error: null; maxTextLength: -1; contentDescription: null; viewIdResName: null; checkable: false; checked: false; focusable: false; focused: false; selected: false; clickable: false; longClickable: false; contextClickable: false; enabled: true; password: false; scrollable: false; importantForAccessibility: true; actions: [AccessibilityAction: ACTION_SELECT - null, AccessibilityAction: ACTION_CLEAR_SELECTION - null, AccessibilityAction: ACTION_ACCESSIBILITY_FOCUS - null, AccessibilityAction: ACTION_SHOW_ON_SCREEN - null]
06-24 15:38:50.419 I/appium  (29532): Fetch time: 2ms
06-24 15:38:50.425 I/appium  (29532): AppiumResponse: {"sessionId":"2d604340-25b7-4bc5-874b-09ac3bd169d8","status":0,"value":"<?xml version=\"1.0\" encoding=\"UTF-8\"?><hierarchy rotation=\"0\"><android.widget.FrameLayout index=\"0\" text=\"\" class=\"android.widget.FrameLayout\" package=\"com.excelliance.dualaid\" content-desc=\"\" checkable=\"false\" checked=\"false\" clickable=\"false\" enabled=\"true\" focusable=\"false\" focused=\"false\" scrollable=\"false\" long-clickable=\"false\" password=\"false\" selected=\"false\" bounds=\"[0,0][1080,1920]\" resource-id=\"\" instance=\"0\"\/><\/hierarchy>"}
06-24 15:38:50.436 W/libc    (  493): Set property "hw.wifi.dns_stat" to "32090,27676,5028,1,52376"
06-24 15:38:50.440 I/appium  (29532): channel read invoked!
06-24 15:38:50.441 I/appium  (29532): channel read: GET /wd/hub/session/2d604340-25b7-4bc5-874b-09ac3bd169d8/source
06-24 15:38:50.445 W/HSM     ( 1813): HoldService:toast switch is close!
06-24 15:38:50.445 D/ApplicationPackageManager(27144): queryIntentActivitiesAsUser blocked, Intent { act=android.intent.action.MAIN cat=[android.intent.category.LAUNCHER] pkg=com.qihoo.appstore }
06-24 15:38:50.445 D/HsmInterfaceImpl(27144): List [ResolveInfo{5a47e41 com.qihoo.appstore/.home.LauncherActivity m=0x108000}]
06-24 15:38:50.462 I/appium  (29532): Skipping invisible child: android.view.accessibility.AccessibilityNodeInfo@129df; boundsInParent: Rect(0, 0 - 1080, 186); boundsInScreen: Rect(0, 1920 - 1080, 1920); packageName: com.excelliance.dualaid; className: android.view.View; text: null; error: null; maxTextLength: -1; contentDescription: null; viewIdResName: com.excelliance.dualaid:id/first_start_ok_after; checkable: false; checked: false; focusable: false; focused: false; selected: false; clickable: false; longClickable: false; contextClickable: false; enabled: true; password: false; scrollable: false; importantForAccessibility: false; actions: [AccessibilityAction: ACTION_SELECT - null, AccessibilityAction: ACTION_CLEAR_SELECTION - null, AccessibilityAction: ACTION_ACCESSIBILITY_FOCUS - null, AccessibilityAction: ACTION_SHOW_ON_SCREEN - null]
06-24 15:38:50.462 I/appium  (29532): Skipping invisible child: android.view.accessibility.AccessibilityNodeInfo@13161; boundsInParent: Rect(0, 0 - 1080, 72); boundsInScreen: Rect(0, 0 - 1080, 72); packageName: com.excelliance.dualaid; className: android.view.View; text: null; error: null; maxTextLength: -1; contentDescription: null; viewIdResName: null; checkable: false; checked: false; focusable: false; focused: false; selected: false; clickable: false; longClickable: false; contextClickable: false; enabled: true; password: false; scrollable: false; importantForAccessibility: false; actions: [AccessibilityAction: ACTION_SELECT - null, AccessibilityAction: ACTION_CLEAR_SELECTION - null, AccessibilityAction: ACTION_ACCESSIBILITY_FOCUS - null, AccessibilityAction: ACTION_SHOW_ON_SCREEN - null]
