06-24 15:33:08.147 V/WindowManager(  657): postWindowRemoveCleanupLocked: Window{9ee8d3f u0 com.excelliance.dualaid/com.excelliance.kxqp.swipe.NavActivity2}
06-24 15:33:08.147 V/WindowManager(  657): Removing Window{9ee8d3f u0 com.excelliance.dualaid/com.excelliance.kxqp.swipe.NavActivity2} from AppWindowToken{de64462 token=Token{fe8972d ActivityRecord{b869a44 u0 com.excelliance.dualaid/com.excelliance.kxqp.swipe.NavActivity2 t16018}}}
06-24 15:33:08.147 W/HSM     ( 1813): HoldService:toast switch is close!
06-24 15:33:08.147 D/HwGameAssistantController(  657): pid=2519, uid=10056, foreground=true
06-24 15:33:08.148 D/ApplicationPackageManager( 9366): queryIntentActivitiesAsUser blocked, Intent { act=android.intent.action.MAIN cat=[android.intent.category.LAUNCHER] pkg=com.tencent.mm }
06-24 15:33:08.148 D/HsmInterfaceImpl( 9366): List [ResolveInfo{7694714 com.tencent.mm/.ui.LauncherUI m=0x108000}]
06-24 15:33:08.151 V/WindowManager(  657): removeAppToken: AppWindowToken{de64462 token=Token{fe8972d ActivityRecord{b869a44 u0 com.excelliance.dualaid/com.excelliance.kxqp.swipe.NavActivity2 t16018}}} delayed=false Callers=com.android.server.wm.DisplayContent.removeAppToken:985 com.android.server.wm.AppWindowContainerController.removeContainer:348 com.android.server.am.ActivityRecord.removeWindowContainer:1039 com.android.server.am.ActivityStack.removeActivityFromHistoryLocked:4491 
06-24 15:33:08.154 W/AwareLog(  657): SchedLevelBoost: onFgActivitiesChanged config not set!
06-24 15:33:08.155 I/HwNetworkPolicy(  657): onTransact, code = 203
06-24 15:33:08.155 I/HwNetworkPolicyManager( 1813): getHwUidPolicy uid = 10056 policy = 0
06-24 15:33:08.166 D/mali_winsys( 2519): EGLint new_window_surface(egl_winsys_display *, void *, EGLSurface, EGLConfig, egl_winsys_surface **, egl_color_buffer_format *, EGLBoolean) returns 0x3000
06-24 15:33:08.167 I/GRALLOC (  679): 	 shrFd=10,fmt=0x1,intFmt=0x200000001,btStrd=4352,size=8486912,pid=679 
06-24 15:33:08.167 I/GRALLOC (  679): 	 yuv=2,w=1080,h=1920,Stride u=0 v=0,offset u=0 v=0 
06-24 15:33:08.167 I/GRALLOC (  679): 	 iova_size=8486912,conUsg=0x900,proUsg=0x900,	 strd=1088,[afbc]HdrStrd=1088 PyldStrd=69632 Scrmbl=2,ionhnd = 1 
06-24 15:33:08.169 D/PMS1000 (  657): package:com.excelliance.dualaid, input flags:8192, output hwFlags:0
06-24 15:33:08.170 I/GRALLOC (  679): 	 shrFd=10,fmt=0x1,intFmt=0x200000001,btStrd=4352,size=8486912,pid=679 
06-24 15:33:08.170 I/GRALLOC (  679): 	 yuv=2,w=1080,h=1920,Stride u=0 v=0,offset u=0 v=0 
06-24 15:33:08.170 I/GRALLOC (  679): 	 iova_size=8486912,conUsg=0x900,proUsg=0x900,	 strd=1088,[afbc]HdrStrd=1088 PyldStrd=69632 Scrmbl=2,ionhnd = 1 
06-24 15:33:08.171 W/HSM     ( 1813): HoldService:toast switch is close!
06-24 15:33:08.173 I/GRALLOC (  679): 	 shrFd=10,fmt=0x1,intFmt=0x200000001,btStrd=4352,size=8486912,pid=679 
06-24 15:33:08.173 I/GRALLOC (  679): 	 yuv=2,w=1080,h=1920,Stride u=0 v=0,offset u=0 v=0 
06-24 15:33:08.173 I/GRALLOC (  679): 	 iova_size=8486912,conUsg=0x900,proUsg=0x900,	 strd=1088,[afbc]HdrStrd=1088 PyldStrd=69632 Scrmbl=2,ionhnd = 1 
06-24 15:33:08.173 D/ApplicationPackageManager( 9366): queryIntentActivitiesAsUser blocked, Intent { act=android.intent.action.MAIN cat=[android.intent.category.LAUNCHER] pkg=com.android.providers.media }
06-24 15:33:08.173 D/HsmInterfaceImpl( 9366): List []
06-24 15:33:08.176 W/HSM     ( 1813): HoldService:toast switch is close!
06-24 15:33:08.177 D/ApplicationPackageManager( 9366): queryIntentActivitiesAsUser blocked, Intent { act=android.intent.action.MAIN cat=[android.intent.category.LAUNCHER] pkg=com.huawei.vassistant }
06-24 15:33:08.177 D/HsmInterfaceImpl( 9366): List [ResolveInfo{8f38bbd com.huawei.vassistant/.ui.main.VAssistantActivity m=0x108000}]
06-24 15:33:08.180 E/asset   ( 9366): createFromFile(): lock file /data/resource-cache/system@emui@base@overlay@frameworkhwexthonor@frameworkhwexthonor.apk@idmap.
06-24 15:33:08.180 E/asset   ( 9366): createFromFile(): lock file /data/resource-cache/system@emui@base@overlay@frameworkhwexthonor@frameworkhwexthonor.apk@idmap.
06-24 15:33:08.180 W/ResourceType( 9366): Found multiple library tables, ignoring...
06-24 15:33:08.193 I/GRALLOC (  679): 	 shrFd=10,fmt=0x1,intFmt=0x200000001,btStrd=4352,size=8486912,pid=679 
06-24 15:33:08.193 I/GRALLOC (  679): 	 yuv=2,w=1080,h=1920,Stride u=0 v=0,offset u=0 v=0 
06-24 15:33:08.193 I/GRALLOC (  679): 	 iova_size=8486912,conUsg=0xb00,proUsg=0xb00,	 strd=1088,[afbc]HdrStrd=1088 PyldStrd=69632 Scrmbl=2,ionhnd = 1 
06-24 15:33:08.203 D/WindowManager(  657): finishDrawingWindow: Window{68d6975 u0 com.huawei.android.launcher/com.huawei.android.launcher.unihome.UniHomeLauncher} mDrawState=DRAW_PENDING
06-24 15:33:08.205 D/ImageWallpaper( 1513): onOffsetsChanged: xOffset=0.0, yOffset=0.0, xOffsetStep=0.0, yOffsetStep=0.0, xPixels=0, yPixels=0
06-24 15:33:08.205 D/ImageWallpaper( 1513): Suppressed drawFrame since redraw is not needed and offsets have not changed.sf=Rect(0, 0 - 2160, 1920)
06-24 15:33:08.205 D/ImageWallpaper( 1513): onVisibilityChanged: mVisible, visible=false, true
06-24 15:33:08.205 D/ImageWallpaper( 1513): Visibility changed to visible=true
06-24 15:33:08.206 D/ImageWallpaper( 1513): Suppressed drawFrame since redraw is not needed and offsets have not changed.sf=Rect(0, 0 - 2160, 1920)
06-24 15:33:08.212 D/PMS1000 (  657): package:com.excelliance.dualaid, input flags:8192, output hwFlags:0
06-24 15:33:08.212 W/HSM     ( 1813): HoldService:toast switch is close!
06-24 15:33:08.214 D/ApplicationPackageManager( 9366): queryIntentActivitiesAsUser blocked, Intent { act=android.intent.action.MAIN cat=[android.intent.category.LAUNCHER] pkg=com.facebook.katana }
06-24 15:33:08.214 D/HsmInterfaceImpl( 9366): List [ResolveInfo{11dc080 com.facebook.katana/.LoginActivity m=0x108000}]
06-24 15:33:08.255 D/DhcpClient(  657): Dhcpoffer count is 271
06-24 15:33:08.256 D/DhcpClient(  657): removeDhcpResultsInfoCache remove record for f2:**:**:3f:8f:43
06-24 15:33:08.256 D/DhcpClient(  657): multi gates, not save dhcpResultsInfo
06-24 15:33:08.256 E/asset   ( 9366): createFromFile(): lock file /data/resource-cache/system@emui@base@overlay@frameworkhwexthonor@frameworkhwexthonor.apk@idmap.
06-24 15:33:08.256 E/asset   ( 9366): createFromFile(): lock file /data/resource-cache/system@emui@base@overlay@frameworkhwexthonor@frameworkhwexthonor.apk@idmap.
06-24 15:33:08.256 W/ResourceType( 9366): Found multiple library tables, ignoring...
06-24 15:33:08.283 D/HwFLClassLoader( 2519): USE_FEATURE_LIST had not init! 
06-24 15:33:08.286 W/HSM     ( 1813): HoldService:toast switch is close!
06-24 15:33:08.287 D/ApplicationPackageManager( 9366): queryIntentActivitiesAsUser blocked, Intent { act=android.intent.action.MAIN cat=[android.intent.category.LAUNCHER] pkg=com.huawei.trustcircle }
06-24 15:33:08.287 D/HsmInterfaceImpl( 9366): List []
06-24 15:33:08.288 E/asset   ( 2519): createFromFile(): lock file /data/resource-cache/system@emui@base@overlay@frameworkhwexthonor@frameworkhwexthonor.apk@idmap.
06-24 15:33:08.289 E/asset   ( 2519): createFromFile(): lock file /data/resource-cache/system@emui@base@overlay@frameworkhwexthonor@frameworkhwexthonor.apk@idmap.
06-24 15:33:08.289 W/ResourceType( 2519): Found multiple library tables, ignoring...
06-24 15:33:08.290 D/PMS1000 (  657): package:com.excelliance.dualaid, input flags:8192, output hwFlags:0
06-24 15:33:08.291 W/HSM     ( 1813): HoldService:toast switch is close!
06-24 15:33:08.292 D/ApplicationPackageManager( 9366): queryIntentActivitiesAsUser blocked, Intent { act=android.intent.action.MAIN cat=[android.intent.category.LAUNCHER] pkg=com.jingdong.app.mall }
06-24 15:33:08.292 D/HsmInterfaceImpl( 9366): List [ResolveInfo{ede64ac com.jingdong.app.mall/.main.MainActivity m=0x108000}]
06-24 15:33:08.296 D/HwFLClassLoader( 2519): USE_FEATURE_LIST had not init! 
06-24 15:33:08.299 E/asset   ( 2519): createFromFile(): lock file /data/resource-cache/system@emui@base@overlay@frameworkhwexthonor@frameworkhwexthonor.apk@idmap.
06-24 15:33:08.299 E/asset   ( 2519): createFromFile(): lock file /data/resource-cache/system@emui@base@overlay@frameworkhwexthonor@frameworkhwexthonor.apk@idmap.
06-24 15:33:08.299 W/ResourceType( 2519): Found multiple library tables, ignoring...
06-24 15:33:08.330 D/PMS1000 (  657): package:com.excelliance.dualaid, input flags:8192, output hwFlags:0
06-24 15:33:08.331 W/HSM     ( 1813): HoldService:toast switch is close!
06-24 15:33:08.332 D/ApplicationPackageManager( 9366): queryIntentActivitiesAsUser blocked, Intent { act=android.intent.action.MAIN cat=[android.intent.category.LAUNCHER] pkg=com.tencent.mobileqq }
06-24 15:33:08.332 D/HsmInterfaceImpl( 9366): List [ResolveInfo{27ad90a com.tencent.mobileqq/.activity.SplashActivity m=0x108000}]
06-24 15:33:08.345 W/HSM     ( 1813): HoldService:toast switch is close!
06-24 15:33:08.346 D/ApplicationPackageManager( 9366): queryIntentActivitiesAsUser blocked, Intent { act=android.intent.action.MAIN cat=[android.intent.category.LAUNCHER] pkg=com.zol.android }
06-24 15:33:08.346 D/HsmInterfaceImpl( 9366): List [ResolveInfo{42ba57b com.zol.android/.ui.FirstActivity m=0x108000}]
06-24 15:33:08.361 E/asset   ( 2519): createFromFile(): lock file /data/resource-cache/system@emui@base@overlay@frameworkhwexthonor@frameworkhwexthonor.apk@idmap.
06-24 15:33:08.361 E/asset   ( 2519): createFromFile(): lock file /data/resource-cache/system@emui@base@overlay@frameworkhwexthonor@frameworkhwexthonor.apk@idmap.
06-24 15:33:08.361 W/ResourceType( 2519): Found multiple library tables, ignoring...
06-24 15:33:08.366 D/HwFLClassLoader( 2519): USE_FEATURE_LIST had not init! 
06-24 15:33:08.372 W/HSM     ( 1813): HoldService:toast switch is close!
06-24 15:33:08.373 D/ApplicationPackageManager( 9366): queryIntentActivitiesAsUser blocked, Intent { act=android.intent.action.MAIN cat=[android.intent.category.LAUNCHER] pkg=com.huawei.hiskytone }
06-24 15:33:08.373 D/HsmInterfaceImpl( 9366): List [ResolveInfo{924f3f1 com.huawei.hiskytone/com.huawei.skytone.account.welcome.SplashActivity m=0x108000}]
06-24 15:33:08.412 W/HSM     ( 1813): HoldService:toast switch is close!
06-24 15:33:08.413 D/ApplicationPackageManager( 9366): queryIntentActivitiesAsUser blocked, Intent { act=android.intent.action.MAIN cat=[android.intent.category.LAUNCHER] pkg=com.huawei.hwid }
06-24 15:33:08.413 D/HsmInterfaceImpl( 9366): List []
06-24 15:33:08.416 W/HSM     ( 1813): HoldService:toast switch is close!
06-24 15:33:08.416 D/ApplicationPackageManager( 9366): queryIntentActivitiesAsUser blocked, Intent { act=android.intent.action.MAIN cat=[android.intent.category.LAUNCHER] pkg=com.sina.weibo }
06-24 15:33:08.417 D/HsmInterfaceImpl( 9366): List [ResolveInfo{df69d44 com.sina.weibo/.SplashActivity m=0x108000}]
06-24 15:33:08.441 D/HwWifiStatStore(  657): handleMessage : 200
06-24 15:33:08.473 W/HSM     ( 1813): HoldService:toast switch is close!
06-24 15:33:08.474 D/ApplicationPackageManager( 9366): queryIntentActivitiesAsUser blocked, Intent { act=android.intent.action.MAIN cat=[android.intent.category.LAUNCHER] pkg=com.antutu.ABenchMark }
06-24 15:33:08.474 D/HsmInterfaceImpl( 9366): List [ResolveInfo{5a57f62 com.antutu.ABenchMark/.ABenchMarkStart m=0x108000}]
06-24 15:33:08.502 W/HSM     ( 1813): HoldService:toast switch is close!
06-24 15:33:08.503 D/ApplicationPackageManager( 9366): queryIntentActivitiesAsUser blocked, Intent { act=android.intent.action.MAIN cat=[android.intent.category.LAUNCHER] pkg=com.sankuai.meituan.takeoutnew }
06-24 15:33:08.503 D/HsmInterfaceImpl( 9366): List [ResolveInfo{16d3029 com.sankuai.meituan.takeoutnew/.ui.page.boot.WelcomeActivity m=0x108000}]
06-24 15:33:08.530 W/HSM     ( 1813): HoldService:toast switch is close!
06-24 15:33:08.531 D/ApplicationPackageManager( 9366): queryIntentActivitiesAsUser blocked, Intent { act=android.intent.action.MAIN cat=[android.intent.category.LAUNCHER] pkg=com.vmall.client }
06-24 15:33:08.531 D/HsmInterfaceImpl( 9366): List [ResolveInfo{48f814f com.vmall.client/.splash.fragment.SplashActivity m=0x108000}]
06-24 15:33:08.559 W/HSM     ( 1813): HoldService:toast switch is close!
06-24 15:33:08.560 D/ApplicationPackageManager( 9366): queryIntentActivitiesAsUser blocked, Intent { act=android.intent.action.MAIN cat=[android.intent.category.LAUNCHER] pkg=com.android.browser }
06-24 15:33:08.560 D/HsmInterfaceImpl( 9366): List [ResolveInfo{70398ba com.android.browser/com.tencent.mtt.SplashActivity m=0x108000}]
06-24 15:33:08.595 D/PMS1000 (  657): package:com.excelliance.dualaid, input flags:8192, output hwFlags:0
06-24 15:33:08.596 W/HSM     ( 1813): HoldService:toast switch is close!
06-24 15:33:08.596 D/ApplicationPackageManager( 9366): queryIntentActivitiesAsUser blocked, Intent { act=android.intent.action.MAIN cat=[android.intent.category.LAUNCHER] pkg=com.eg.android.AlipayGphone }
06-24 15:33:08.596 D/HsmInterfaceImpl( 9366): List [ResolveInfo{389bb61 com.eg.android.AlipayGphone/.AlipayLogin m=0x108000}]
06-24 15:33:08.618 W/HSM     ( 1813): HoldService:toast switch is close!
06-24 15:33:08.619 D/ApplicationPackageManager( 9366): queryIntentActivitiesAsUser blocked, Intent { act=android.intent.action.MAIN cat=[android.intent.category.LAUNCHER] pkg=com.android.mediacenter }
06-24 15:33:08.619 D/HsmInterfaceImpl( 9366): List [ResolveInfo{7744b47 com.android.mediacenter/.PageActivity m=0x108000}]
06-24 15:33:08.624 E/asset   ( 9366): createFromFile(): lock file /data/resource-cache/system@emui@base@overlay@frameworkhwexthonor@frameworkhwexthonor.apk@idmap.
06-24 15:33:08.624 E/asset   ( 9366): createFromFile(): lock file /data/resource-cache/system@emui@base@overlay@frameworkhwexthonor@frameworkhwexthonor.apk@idmap.
06-24 15:33:08.624 W/ResourceType( 9366): Found multiple library tables, ignoring...
06-24 15:33:08.655 D/PMS1000 (  657): package:com.excelliance.dualaid, input flags:8192, output hwFlags:0
06-24 15:33:08.656 W/HSM     ( 1813): HoldService:toast switch is close!
06-24 15:33:08.656 D/ApplicationPackageManager( 9366): queryIntentActivitiesAsUser blocked, Intent { act=android.intent.action.MAIN cat=[android.intent.category.LAUNCHER] pkg=com.huawei.himovie }
06-24 15:33:08.656 D/HsmInterfaceImpl( 9366): List [ResolveInfo{5308512 com.huawei.himovie/.ui.login.SplashScreenActivity m=0x108000}]
06-24 15:33:08.659 E/asset   ( 9366): createFromFile(): lock file /data/resource-cache/system@emui@base@overlay@frameworkhwexthonor@frameworkhwexthonor.apk@idmap.
06-24 15:33:08.660 E/asset   ( 9366): createFromFile(): lock file /data/resource-cache/system@emui@base@overlay@frameworkhwexthonor@frameworkhwexthonor.apk@idmap.
06-24 15:33:08.660 W/ResourceType( 9366): Found multiple library tables, ignoring...
06-24 15:33:08.688 W/HSM     ( 1813): HoldService:toast switch is close!
06-24 15:33:08.689 D/ApplicationPackageManager( 9366): queryIntentActivitiesAsUser blocked, Intent { act=android.intent.action.MAIN cat=[android.intent.category.LAUNCHER] pkg=com.huawei.hnreader }
06-24 15:33:08.689 D/HsmInterfaceImpl( 9366): List [ResolveInfo{dd57599 com.huawei.hnreader/com.qq.reader.activity.SplashActivity m=0x108000}]
06-24 15:33:08.693 W/OpenGLRenderer( 2519): Incorrectly called buildLayer on View: ShortcutAndWidgetContainer, destroying layer...
06-24 15:33:08.693 W/OpenGLRenderer( 2519): Incorrectly called buildLayer on View: ShortcutAndWidgetContainer, destroying layer...
06-24 15:33:08.694 E/asset   ( 9366): createFromFile(): lock file /data/resource-cache/system@emui@base@overlay@frameworkhwexthonor@frameworkhwexthonor.apk@idmap.
06-24 15:33:08.694 E/asset   ( 9366): createFromFile(): lock file /data/resource-cache/system@emui@base@overlay@frameworkhwexthonor@frameworkhwexthonor.apk@idmap.
06-24 15:33:08.694 W/ResourceType( 9366): Found multiple library tables, ignoring...
06-24 15:33:08.695 I/GRALLOC (  679): 	 shrFd=10,fmt=0x1,intFmt=0x200000001,btStrd=4352,size=8486912,pid=679 
06-24 15:33:08.695 I/GRALLOC (  679): 	 yuv=2,w=1080,h=1920,Stride u=0 v=0,offset u=0 v=0 
06-24 15:33:08.695 I/GRALLOC (  679): 	 iova_size=8486912,conUsg=0xb00,proUsg=0xb00,	 strd=1088,[afbc]HdrStrd=1088 PyldStrd=69632 Scrmbl=2,ionhnd = 1 
06-24 15:33:08.721 D/PMS1000 (  657): package:com.excelliance.dualaid, input flags:8192, output hwFlags:0
06-24 15:33:08.722 W/HSM     ( 1813): HoldService:toast switch is close!
06-24 15:33:08.722 D/ApplicationPackageManager( 9366): queryIntentActivitiesAsUser blocked, Intent { act=android.intent.action.MAIN cat=[android.intent.category.LAUNCHER] pkg=com.twitter.android }
06-24 15:33:08.722 D/HsmInterfaceImpl( 9366): List [ResolveInfo{d01a90c com.twitter.android/.StartActivity m=0x108000}]
06-24 15:33:08.751 D/PMS1000 (  657): package:com.excelliance.dualaid, input flags:8192, output hwFlags:0
06-24 15:33:08.752 W/HSM     ( 1813): HoldService:toast switch is close!
06-24 15:33:08.752 D/ApplicationPackageManager( 9366): queryIntentActivitiesAsUser blocked, Intent { act=android.intent.action.MAIN cat=[android.intent.category.LAUNCHER] pkg=com.baidu.input_huawei }
06-24 15:33:08.752 D/HsmInterfaceImpl( 9366): List []
06-24 15:33:08.755 W/HSM     ( 1813): HoldService:toast switch is close!
06-24 15:33:08.756 D/ApplicationPackageManager( 9366): queryIntentActivitiesAsUser blocked, Intent { act=android.intent.action.MAIN cat=[android.intent.category.LAUNCHER] pkg=com.google.android.gms }
06-24 15:33:08.756 D/HsmInterfaceImpl( 9366): List []
06-24 15:33:08.759 D/PMS1000 (  657): package:com.excelliance.dualaid, input flags:8192, output hwFlags:0
06-24 15:33:08.760 W/HSM     ( 1813): HoldService:toast switch is close!
06-24 15:33:08.760 D/ApplicationPackageManager( 9366): queryIntentActivitiesAsUser blocked, Intent { act=android.intent.action.MAIN cat=[android.intent.category.LAUNCHER] pkg=com.sankuai.meituan }
06-24 15:33:08.760 D/HsmInterfaceImpl( 9366): List [ResolveInfo{c317d5b com.sankuai.meituan/com.meituan.android.pt.homepage.activity.Welcome m=0x108000}]
06-24 15:33:08.775 E/memtrack(26506): Couldn't load memtrack module
06-24 15:33:08.775 W/android.os.Debug(26506): failed to get memory consumption info: -1
06-24 15:33:08.809 W/HSM     ( 1813): HoldService:toast switch is close!
06-24 15:33:08.810 D/ApplicationPackageManager( 9366): queryIntentActivitiesAsUser blocked, Intent { act=android.intent.action.MAIN cat=[android.intent.category.LAUNCHER] pkg=com.tencent.news }
06-24 15:33:08.810 D/HsmInterfaceImpl( 9366): List [ResolveInfo{3273ed1 com.tencent.news/.activity.SplashActivity m=0x108000}]
06-24 15:33:08.837 W/HSM     ( 1813): HoldService:toast switch is close!
06-24 15:33:08.837 D/ApplicationPackageManager( 9366): queryIntentActivitiesAsUser blocked, Intent { act=android.intent.action.MAIN cat=[android.intent.category.LAUNCHER] pkg=com.iflytek.speechsuite }
06-24 15:33:08.837 D/HsmInterfaceImpl( 9366): List []
06-24 15:33:08.839 W/HSM     ( 1813): HoldService:toast switch is close!
06-24 15:33:08.840 D/ApplicationPackageManager( 9366): queryIntentActivitiesAsUser blocked, Intent { act=android.intent.action.MAIN cat=[android.intent.category.LAUNCHER] pkg=com.tencent.android.qqdownloader }
06-24 15:33:08.840 D/HsmInterfaceImpl( 9366): List [ResolveInfo{d009437 com.tencent.android.qqdownloader/com.tencent.pangu.link.SplashActivity m=0x108000}]
06-24 15:33:08.846 E/memtrack(26506): Couldn't load memtrack module
06-24 15:33:08.846 W/android.os.Debug(26506): failed to get memory consumption info: -1
06-24 15:33:08.870 W/HSM     ( 1813): HoldService:toast switch is close!
06-24 15:33:08.870 D/ApplicationPackageManager( 9366): queryIntentActivitiesAsUser blocked, Intent { act=android.intent.action.MAIN cat=[android.intent.category.LAUNCHER] pkg=com.ifreetalk.ftalk }
06-24 15:33:08.870 D/HsmInterfaceImpl( 9366): List [ResolveInfo{b0ff70d com.ifreetalk.ftalk/.activity.DummyActivity m=0x108000}]
06-24 15:33:08.884 D/PMS1000 (  657): package:com.excelliance.dualaid, input flags:8192, output hwFlags:0
06-24 15:33:08.885 W/HSM     ( 1813): HoldService:toast switch is close!
06-24 15:33:08.885 D/ApplicationPackageManager( 9366): queryIntentActivitiesAsUser blocked, Intent { act=android.intent.action.MAIN cat=[android.intent.category.LAUNCHER] pkg=com.taobao.taobao }
06-24 15:33:08.885 D/HsmInterfaceImpl( 9366): List [ResolveInfo{42056c2 com.taobao.taobao/com.taobao.tao.welcome.Welcome m=0x108000}]
06-24 15:33:08.911 D/PMS1000 (  657): package:com.excelliance.dualaid, input flags:8192, output hwFlags:0
06-24 15:33:08.912 W/HSM     ( 1813): HoldService:toast switch is close!
06-24 15:33:08.912 D/ApplicationPackageManager( 9366): queryIntentActivitiesAsUser blocked, Intent { act=android.intent.action.MAIN cat=[android.intent.category.LAUNCHER] pkg=com.android.gallery3d }
06-24 15:33:08.912 D/HsmInterfaceImpl( 9366): List [ResolveInfo{4146010 com.android.gallery3d/com.huawei.gallery.app.GalleryMain m=0x108000}]
06-24 15:33:08.916 E/asset   ( 9366): createFromFile(): lock file /data/resource-cache/system@emui@base@overlay@frameworkhwexthonor@frameworkhwexthonor.apk@idmap.
06-24 15:33:08.916 E/asset   ( 9366): createFromFile(): lock file /data/resource-cache/system@emui@base@overlay@frameworkhwexthonor@frameworkhwexthonor.apk@idmap.
06-24 15:33:08.916 W/ResourceType( 9366): Found multiple library tables, ignoring...
06-24 15:33:08.949 D/PMS1000 (  657): package:com.excelliance.dualaid, input flags:8192, output hwFlags:0
06-24 15:33:08.950 W/HSM     ( 1813): HoldService:toast switch is close!
06-24 15:33:08.950 D/ApplicationPackageManager( 9366): queryIntentActivitiesAsUser blocked, Intent { act=android.intent.action.MAIN cat=[android.intent.category.LAUNCHER] pkg=com.pp.assistant }
06-24 15:33:08.950 D/HsmInterfaceImpl( 9366): List [ResolveInfo{7c7d32f com.pp.assistant/.activity.MainActivity m=0x108000}]
06-24 15:33:08.975 W/HSM     ( 1813): HoldService:toast switch is close!
06-24 15:33:08.975 D/ApplicationPackageManager( 9366): queryIntentActivitiesAsUser blocked, Intent { act=android.intent.action.MAIN cat=[android.intent.category.LAUNCHER] pkg=com.oppo.market }
06-24 15:33:08.975 D/HsmInterfaceImpl( 9366): List [ResolveInfo{b99fac5 com.oppo.market/.activity.MainActivity m=0x108000}]
06-24 15:33:09.007 W/HSM     ( 1813): HoldService:toast switch is close!
06-24 15:33:09.008 D/ApplicationPackageManager( 9366): queryIntentActivitiesAsUser blocked, Intent { act=android.intent.action.MAIN cat=[android.intent.category.LAUNCHER] pkg=com.excean.wxaid }
06-24 15:33:09.008 D/HsmInterfaceImpl( 9366): List [ResolveInfo{188734b com.excean.wxaid/com.excelliance.kxqp.ui.HelloActivity m=0x108000}]
06-24 15:33:09.037 W/HwResourcesImpl( 9366): icon in pkg com.excean.wxaid is too large.sDefaultSizeWithoutEdge = 188bmp.getWidth() = 1536
06-24 15:33:09.052 D/PMS1000 (  657): package:com.excelliance.dualaid, input flags:8192, output hwFlags:0
06-24 15:33:09.053 W/HSM     ( 1813): HoldService:toast switch is close!
06-24 15:33:09.053 D/ApplicationPackageManager( 9366): queryIntentActivitiesAsUser blocked, Intent { act=android.intent.action.MAIN cat=[android.intent.category.LAUNCHER] pkg=com.huawei.intelligent }
06-24 15:33:09.054 D/HsmInterfaceImpl( 9366): List []
06-24 15:33:09.055 W/HSM     ( 1813): HoldService:toast switch is close!
06-24 15:33:09.056 D/ApplicationPackageManager( 9366): queryIntentActivitiesAsUser blocked, Intent { act=android.intent.action.MAIN cat=[android.intent.category.LAUNCHER] pkg=com.google.android.backuptransport }
06-24 15:33:09.056 D/HsmInterfaceImpl( 9366): List []
06-24 15:33:09.058 W/HSM     ( 1813): HoldService:toast switch is close!
06-24 15:33:09.058 D/ApplicationPackageManager( 9366): queryIntentActivitiesAsUser blocked, Intent { act=android.intent.action.MAIN cat=[android.intent.category.LAUNCHER] pkg=com.huawei.skytone }
06-24 15:33:09.058 D/HsmInterfaceImpl( 9366): List []
06-24 15:33:09.061 W/HSM     ( 1813): HoldService:toast switch is close!
06-24 15:33:09.061 D/ApplicationPackageManager( 9366): queryIntentActivitiesAsUser blocked, Intent { act=android.intent.action.MAIN cat=[android.intent.category.LAUNCHER] pkg=com.estrongs.android.pop }
06-24 15:33:09.061 D/HsmInterfaceImpl( 9366): List [ResolveInfo{5a47e41 com.estrongs.android.pop/.app.openscreenad.NewSplashActivity m=0x108000}]
06-24 15:33:09.096 W/HSM     ( 1813): HoldService:toast switch is close!
06-24 15:33:09.096 D/ApplicationPackageManager( 9366): queryIntentActivitiesAsUser blocked, Intent { act=android.intent.action.MAIN cat=[android.intent.category.LAUNCHER] pkg=com.redfinger.app }
06-24 15:33:09.096 D/HsmInterfaceImpl( 9366): List [ResolveInfo{f68f927 com.redfinger.app/.activity.SplashActivity m=0x108000}]
06-24 15:33:09.128 W/HSM     ( 1813): HoldService:toast switch is close!
06-24 15:33:09.129 D/ApplicationPackageManager( 9366): queryIntentActivitiesAsUser blocked, Intent { act=android.intent.action.MAIN cat=[android.intent.category.LAUNCHER] pkg=com.android.vending }
06-24 15:33:09.129 D/HsmInterfaceImpl( 9366): List [ResolveInfo{479bd7d com.android.vending/.AssetBrowserActivity m=0x108000}]
06-24 15:33:09.162 W/HSM     ( 1813): HoldService:toast switch is close!
06-24 15:33:09.162 D/ApplicationPackageManager( 9366): queryIntentActivitiesAsUser blocked, Intent { act=android.intent.action.MAIN cat=[android.intent.category.LAUNCHER] pkg=org.hapjs.mockup }
06-24 15:33:09.162 D/HsmInterfaceImpl( 9366): List [ResolveInfo{e69b479 org.hapjs.mockup/.activity.MainActivity m=0x108000}]
06-24 15:33:09.183 W/HSM     ( 1813): HoldService:toast switch is close!
06-24 15:33:09.184 D/ApplicationPackageManager( 9366): queryIntentActivitiesAsUser blocked, Intent { act=android.intent.action.MAIN cat=[android.intent.category.LAUNCHER] pkg=com.huawei.gamebox }
06-24 15:33:09.184 D/HsmInterfaceImpl( 9366): List [ResolveInfo{a59e61f com.huawei.gamebox/.GameBoxActivity m=0x108000}]
06-24 15:33:09.187 E/asset   ( 9366): createFromFile(): lock file /data/resource-cache/system@emui@base@overlay@frameworkhwexthonor@frameworkhwexthonor.apk@idmap.
06-24 15:33:09.187 E/asset   ( 9366): createFromFile(): lock file /data/resource-cache/system@emui@base@overlay@frameworkhwexthonor@frameworkhwexthonor.apk@idmap.
06-24 15:33:09.188 W/ResourceType( 9366): Found multiple library tables, ignoring...
06-24 15:33:09.189 I/Pged-IPgedBinderService(  769): ****action is 2, pid num is 6***
06-24 15:33:09.189 I/Pged-Freezer(  769): thawPids
06-24 15:33:09.194 D/PgedBinderAdapter( 1699): unfrz ok, pid: [29457, 29531, 29347, 27318, 29532]
06-24 15:33:09.195 I/appium  (29532): Skipping invisible child: android.view.accessibility.AccessibilityNodeInfo@846c; boundsInParent: Rect(0, 0 - 1080, 1920); boundsInScreen: Rect(0, 0 - -1080, 1920); packageName: com.excelliance.dualaid; className: android.widget.RelativeLayout; text: null; error: null; maxTextLength: -1; contentDescription: null; viewIdResName: null; checkable: false; checked: false; focusable: false; focused: false; selected: false; clickable: false; longClickable: false; contextClickable: false; enabled: true; password: false; scrollable: false; importantForAccessibility: false; actions: [AccessibilityAction: ACTION_SELECT - null, AccessibilityAction: ACTION_CLEAR_SELECTION - null, AccessibilityAction: ACTION_ACCESSIBILITY_FOCUS - null, AccessibilityAction: ACTION_SHOW_ON_SCREEN - null]
06-24 15:33:09.196 I/appium  (29532): Skipping invisible child: android.view.accessibility.AccessibilityNodeInfo@9eb3; boundsInParent: Rect(0, 0 - 1080, 1920); boundsInScreen: Rect(0, 0 - 0, 1920); packageName: com.excelliance.dualaid; className: android.widget.RelativeLayout; text: null; error: null; maxTextLength: -1; contentDescription: null; viewIdResName: null; checkable: false; checked: false; focusable: false; focused: false; selected: false; clickable: false; longClickable: false; contextClickable: false; enabled: true; password: false; scrollable: false; importantForAccessibility: false; actions: [AccessibilityAction: ACTION_SELECT - null, AccessibilityAction: ACTION_CLEAR_SELECTION - null, AccessibilityAction: ACTION_ACCESSIBILITY_FOCUS - null, AccessibilityAction: ACTION_SHOW_ON_SCREEN - null]
06-24 15:33:09.197 I/appium  (29532): Null child 5/9, parent: android.view.accessibility.AccessibilityNodeInfo@a274; boundsInParent: Rect(0, 0 - 1080, 1920); boundsInScreen: Rect(0, 0 - 1080, 1920); packageName: com.excelliance.dualaid; className: android.widget.RelativeLayout; text: null; error: null; maxTextLength: -1; contentDescription: null; viewIdResName: null; checkable: false; checked: false; focusable: false; focused: false; selected: false; clickable: false; longClickable: false; contextClickable: false; enabled: true; password: false; scrollable: false; importantForAccessibility: false; actions: [AccessibilityAction: ACTION_SELECT - null, AccessibilityAction: ACTION_CLEAR_SELECTION - null, AccessibilityAction: ACTION_ACCESSIBILITY_FOCUS - null, AccessibilityAction: ACTION_SHOW_ON_SCREEN - null]
06-24 15:33:09.199 I/appium  (29532): Null child 6/9, parent: android.view.accessibility.AccessibilityNodeInfo@a274; boundsInParent: Rect(0, 0 - 1080, 1920); boundsInScreen: Rect(0, 0 - 1080, 1920); packageName: com.excelliance.dualaid; className: android.widget.RelativeLayout; text: null; error: null; maxTextLength: -1; contentDescription: null; viewIdResName: null; checkable: false; checked: false; focusable: false; focused: false; selected: false; clickable: false; longClickable: false; contextClickable: false; enabled: true; password: false; scrollable: false; importantForAccessibility: false; actions: [AccessibilityAction: ACTION_SELECT - null, AccessibilityAction: ACTION_CLEAR_SELECTION - null, AccessibilityAction: ACTION_ACCESSIBILITY_FOCUS - null, AccessibilityAction: ACTION_SHOW_ON_SCREEN - null]
06-24 15:33:09.200 I/appium  (29532): Null child 7/9, parent: android.view.accessibility.AccessibilityNodeInfo@a274; boundsInParent: Rect(0, 0 - 1080, 1920); boundsInScreen: Rect(0, 0 - 1080, 1920); packageName: com.excelliance.dualaid; className: android.widget.RelativeLayout; text: null; error: null; maxTextLength: -1; contentDescription: null; viewIdResName: null; checkable: false; checked: false; focusable: false; focused: false; selected: false; clickable: false; longClickable: false; contextClickable: false; enabled: true; password: false; scrollable: false; importantForAccessibility: false; actions: [AccessibilityAction: ACTION_SELECT - null, AccessibilityAction: ACTION_CLEAR_SELECTION - null, AccessibilityAction: ACTION_ACCESSIBILITY_FOCUS - null, AccessibilityAction: ACTION_SHOW_ON_SCREEN - null]
06-24 15:33:09.201 I/appium  (29532): Null child 8/9, parent: android.view.accessibility.AccessibilityNodeInfo@a274; boundsInParent: Rect(0, 0 - 1080, 1920); boundsInScreen: Rect(0, 0 - 1080, 1920); packageName: com.excelliance.dualaid; className: android.widget.RelativeLayout; text: null; error: null; maxTextLength: -1; contentDescription: null; viewIdResName: null; checkable: false; checked: false; focusable: false; focused: false; selected: false; clickable: false; longClickable: false; contextClickable: false; enabled: true; password: false; scrollable: false; importantForAccessibility: false; actions: [AccessibilityAction: ACTION_SELECT - null, AccessibilityAction: ACTION_CLEAR_SELECTION - null, AccessibilityAction: ACTION_ACCESSIBILITY_FOCUS - null, AccessibilityAction: ACTION_SHOW_ON_SCREEN - null]
06-24 15:33:09.202 I/appium  (29532): Fetch time: 1515ms
06-24 15:33:09.205 I/TrafficMonitor(  657): update:rxPkts:22,txPkts:19,rxBytes:9573,txBytes:2686
06-24 15:33:09.205 I/TrafficMonitor(  657): start expired. level:-1
06-24 15:33:09.205 I/TrafficMonitor(  657): gettimer:interval=2000
06-24 15:33:09.214 I/appium  (29532): AppiumResponse: {"sessionId":"2d604340-25b7-4bc5-874b-09ac3bd169d8","status":0,"value":"<?xml version=\"1.0\" encoding=\"UTF-8\"?><hierarchy rotation=\"0\"><android.widget.FrameLayout index=\"0\" text=\"\" class=\"android.widget.FrameLayout\" package=\"com.excelliance.dualaid\" content-desc=\"\" checkable=\"false\" checked=\"false\" clickable=\"false\" enabled=\"true\" focusable=\"false\" focused=\"false\" scrollable=\"false\" long-clickable=\"false\" password=\"false\" selected=\"false\" bounds=\"[0,0][1080,1920]\" resource-id=\"\" instance=\"0\"><android.widget.LinearLayout index=\"0\" text=\"\" class=\"android.widget.LinearLayout\" package=\"com.excelliance.dualaid\" content-desc=\"\" checkable=\"false\" checked=\"false\" clickable=\"false\" enabled=\"true\" focusable=\"false\" focused=\"false\" scrollable=\"false\" long-clickable=\"false\" password=\"false\" selected=\"false\" bounds=\"[0,0][1080,1920]\" resource-id=\"\" instance=\"0\"><android.widget.FrameLayout index=\"0\" text=\"\" class=\"android.widget.FrameLayout\" package=\"com.excelliance.dualaid\" content-desc=\"\" checkable=\"false\" checked=\"false\" clickable=\"false\" enabled=\"true\" focusable=\"false\" focused=\"false\" scrollable=\"false\" long-clickable=\"false\" password=\"false\" selected=\"false\" bounds=\"[0,0][1080,1920]\" resource-id=\"android:id\/content\" instance=\"1\"><android.widget.FrameLayout index=\"0\" text=\"\" class=\"android.widget.FrameLayout\" package=\"com.excelliance.dualaid\" content-desc=\"\" checkable=\"false\" checked=\"false\" clickable=\"false\" enabled=\"true\" focusable=\"false\" focused=\"false\" scrollable=\"false\" long-clickable=\"false\" password=\"false\" selected=\"false\" bounds=\"[0,0][1080,1920]\" resource-id=\"\" instance=\"2\"><android.widget.RelativeLayout index=\"0\" text=\"\" class=\"android.widget.RelativeLayout\" package=\"com.excelliance.dualaid\" content-desc=\"\" checkable=\"false\" checked=\"false\" clickable=\"false\" enabled=\"true\" focusable=\"false\" focused=\"false\" scrollable=\"false\" long-clickable=\"false\" password=\"false\" selected=\"false\" bounds=\"[0,0][1080,1920]\" resource-id=\"com.excelliance.dualaid:id\/rl_guide_original\" instance=\"0\"><android.support.v4.view.ViewPager index=\"0\" text=\"\" class=\"android.support.v4.view.ViewPager\" package=\"com.excelliance.dualaid\" content-desc=\"\" checkable=\"false\" checked=\"false\" clickable=\"false\" enabled=\"true\" focusable=\"true\" focused=\"false\" scrollable=\"true\" long-clickable=\"false\" password=\"false\" selected=\"false\" bounds=\"[0,0][1080,1920]\" resource-id=\"com.excelliance.dualaid:id\/vp_nav\" instance=\"0\"><android.widget.RelativeLayout index=\"2\" text=\"\" class=\"android.widget.RelativeLayout\" package=\"com.excelliance.dualaid\" content-desc=\"\" checkable=\"false\" checked=\"false\" clickable=\"false\" enabled=\"true\" focusable=\"false\" focused=\"false\" scrollable=\"false\" long-clickable=\"false\" password=\"false\" selected=\"false\" bounds=\"[0,0][1080,1920]\" resource-id=\"\" instance=\"1\"><android.view.View index=\"0\" text=\"\" class=\"android.view.View\" package=\"com.excelliance.dualaid\" content-desc=\"\" checkable=\"false\" checked=\"false\" clickable=\"false\" enabled=\"true\" focusable=\"false\" focused=\"false\" scrollable=\"false\" long-clickable=\"false\" password=\"false\" selected=\"false\" bounds=\"[0,0][1080,1920]\" resource-id=\"\" instance=\"0\"\/><android.widget.ImageView index=\"1\" text=\"\" class=\"android.widget.ImageView\" package=\"com.excelliance.dualaid\" content-desc=\"\" checkable=\"false\" checked=\"false\" clickable=\"false\" enabled=\"true\" focusable=\"false\" focused=\"false\" scrollable=\"false\" long-clickable=\"false\" password=\"false\" selected=\"false\" bounds=\"[345,318][847,1268]\" resource-id=\"\" instance=\"0\"\/><android.widget.ImageView index=\"2\" text=\"\" class=\"android.widget.ImageView\" package=\"com.excelliance.dualaid\" content-desc=\"\" checkable=\"false\" checked=\"false\" clickable=\"false\" enabled=\"true\" 
06-24 15:33:09.219 W/HSM     ( 1813): HoldService:toast switch is close!
06-24 15:33:09.219 D/ApplicationPackageManager( 9366): queryIntentActivitiesAsUser blocked, Intent { act=android.intent.action.MAIN cat=[android.intent.category.LAUNCHER] pkg=com.stickgame.los2 }
06-24 15:33:09.219 D/HsmInterfaceImpl( 9366): List [ResolveInfo{ab59fca com.stickgame.los2/com.DBGame.DiabloLOL.DiabloLOL m=0x108000}]
06-24 15:33:09.241 W/libc    (  493): Set property "hw.wifi.dns_stat" to "29755,25462,5028,1,52116"
06-24 15:33:09.247 I/appium  (29532): channel read invoked!
06-24 15:33:09.247 I/appium  (29532): channel read: GET /wd/hub/session/2d604340-25b7-4bc5-874b-09ac3bd169d8/source
06-24 15:33:09.256 D/PMS1000 (  657): package:com.excelliance.dualaid, input flags:8192, output hwFlags:0
06-24 15:33:09.257 W/HSM     ( 1813): HoldService:toast switch is close!
06-24 15:33:09.258 D/ApplicationPackageManager( 9366): queryIntentActivitiesAsUser blocked, Intent { act=android.intent.action.MAIN cat=[android.intent.category.LAUNCHER] pkg=com.qihoo.appstore }
06-24 15:33:09.258 D/HsmInterfaceImpl( 9366): List [ResolveInfo{6879b1 com.qihoo.appstore/.home.LauncherActivity m=0x108000}]
06-24 15:33:09.271 I/appium  (29532): Skipping invisible child: android.view.accessibility.AccessibilityNodeInfo@12999; boundsInParent: Rect(0, 0 - 1080, 186); boundsInScreen: Rect(0, 1920 - 1080, 1920); packageName: com.excelliance.dualaid; className: android.view.View; text: null; error: null; maxTextLength: -1; contentDescription: null; viewIdResName: com.excelliance.dualaid:id/first_start_ok_after; checkable: false; checked: false; focusable: false; focused: false; selected: false; clickable: false; longClickable: false; contextClickable: false; enabled: true; password: false; scrollable: false; importantForAccessibility: false; actions: [AccessibilityAction: ACTION_SELECT - null, AccessibilityAction: ACTION_CLEAR_SELECTION - null, AccessibilityAction: ACTION_ACCESSIBILITY_FOCUS - null, AccessibilityAction: ACTION_SHOW_ON_SCREEN - null]
06-24 15:33:09.271 I/appium  (29532): Skipping invisible child: android.view.accessibility.AccessibilityNodeInfo@1311b; boundsInParent: Rect(0, 0 - 1080, 72); boundsInScreen: Rect(0, 0 - 1080, 72); packageName: com.excelliance.dualaid; className: android.view.View; text: null; error: null; maxTextLength: -1; contentDescription: null; viewIdResName: null; checkable: false; checked: false; focusable: false; focused: false; selected: false; clickable: false; longClickable: false; contextClickable: false; enabled: true; password: false; scrollable: false; importantForAccessibility: false; actions: [AccessibilityAction: ACTION_SELECT - null, AccessibilityAction: ACTION_CLEAR_SELECTION - null, AccessibilityAction: ACTION_ACCESSIBILITY_FOCUS - null, AccessibilityAction: ACTION_SHOW_ON_SCREEN - null]
06-24 15:33:09.271 I/appium  (29532): Fetch time: 16ms
06-24 15:33:09.285 D/PMS1000 (  657): package:com.excelliance.dualaid, input flags:8192, output hwFlags:0
06-24 15:33:09.286 W/HSM     ( 1813): HoldService:toast switch is close!
06-24 15:33:09.287 D/ApplicationPackageManager( 9366): queryIntentActivitiesAsUser blocked, Intent { act=android.intent.action.MAIN cat=[android.intent.category.LAUNCHER] pkg=com.huawei.android.thememanager }
06-24 15:33:09.287 D/HsmInterfaceImpl( 9366): List [ResolveInfo{bec7a17 com.huawei.android.thememanager/.HwThemeManagerActivity m=0x108000}]
06-24 15:33:09.290 E/asset   ( 9366): createFromFile(): lock file /data/resource-cache/system@emui@base@overlay@frameworkhwexthonor@frameworkhwexthonor.apk@idmap.
06-24 15:33:09.290 E/asset   ( 9366): createFromFile(): lock file /data/resource-cache/system@emui@base@overlay@frameworkhwexthonor@frameworkhwexthonor.apk@idmap.
06-24 15:33:09.290 W/ResourceType( 9366): Found multiple library tables, ignoring...
06-24 15:33:09.300 I/appium  (29532): AppiumResponse: {"sessionId":"2d604340-25b7-4bc5-874b-09ac3bd169d8","status":0,"value":"<?xml version=\"1.0\" encoding=\"UTF-8\"?><hierarchy rotation=\"0\"><android.widget.FrameLayout index=\"0\" text=\"\" class=\"android.widget.FrameLayout\" package=\"com.excelliance.dualaid\" content-desc=\"\" checkable=\"false\" checked=\"false\" clickable=\"false\" enabled=\"true\" focusable=\"false\" focused=\"false\" scrollable=\"false\" long-clickable=\"false\" password=\"false\" selected=\"false\" bounds=\"[0,0][1080,1920]\" resource-id=\"\" instance=\"0\"><android.widget.LinearLayout index=\"0\" text=\"\" class=\"android.widget.LinearLayout\" package=\"com.excelliance.dualaid\" content-desc=\"\" checkable=\"false\" checked=\"false\" clickable=\"false\" enabled=\"true\" focusable=\"false\" focused=\"false\" scrollable=\"false\" long-clickable=\"false\" password=\"false\" selected=\"false\" bounds=\"[0,0][1080,1920]\" resource-id=\"\" instance=\"0\"><android.widget.FrameLayout index=\"0\" text=\"\" class=\"android.widget.FrameLayout\" package=\"com.excelliance.dualaid\" content-desc=\"\" checkable=\"false\" checked=\"false\" clickable=\"false\" enabled=\"true\" focusable=\"false\" focused=\"false\" scrollable=\"false\" long-clickable=\"false\" password=\"false\" selected=\"false\" bounds=\"[0,72][1080,1920]\" resource-id=\"android:id\/content\" instance=\"1\"><android.widget.LinearLayout index=\"0\" text=\"\" class=\"android.widget.LinearLayout\" package=\"com.excelliance.dualaid\" content-desc=\"\" checkable=\"false\" checked=\"false\" clickable=\"false\" enabled=\"true\" focusable=\"false\" focused=\"false\" scrollable=\"false\" long-clickable=\"false\" password=\"false\" selected=\"false\" bounds=\"[0,72][1080,1920]\" resource-id=\"\" instance=\"1\"><android.widget.RelativeLayout index=\"0\" text=\"\" class=\"android.widget.RelativeLayout\" package=\"com.excelliance.dualaid\" content-desc=\"\" checkable=\"false\" checked=\"false\" clickable=\"false\" enabled=\"true\" focusable=\"false\" focused=\"false\" scrollable=\"false\" long-clickable=\"false\" password=\"false\" selected=\"false\" bounds=\"[0,72][1080,240]\" resource-id=\"com.excelliance.dualaid:id\/top\" instance=\"0\"><android.widget.TextView index=\"0\" text=\"登录\/注册\" class=\"android.widget.TextView\" package=\"com.excelliance.dualaid\" content-desc=\"\" checkable=\"false\" checked=\"false\" clickable=\"true\" enabled=\"true\" focusable=\"true\" focused=\"false\" scrollable=\"false\" long-clickable=\"false\" password=\"false\" selected=\"false\" bounds=\"[36,111][221,201]\" resource-id=\"com.excelliance.dualaid:id\/tv_login_in\" instance=\"0\"\/><android.widget.TextView index=\"1\" text=\"双开助手\" class=\"android.widget.TextView\" package=\"com.excelliance.dualaid\" content-desc=\"\" checkable=\"false\" checked=\"false\" clickable=\"false\" enabled=\"true\" focusable=\"false\" focused=\"false\" scrollable=\"false\" long-clickable=\"false\" password=\"false\" selected=\"false\" bounds=\"[420,115][660,196]\" resource-id=\"com.excelliance.dualaid:id\/first_tv_back\" instance=\"1\"\/><android.widget.TextView index=\"2\" text=\"跳过\" class=\"android.widget.TextView\" package=\"com.excelliance.dualaid\" content-desc=\"\" checkable=\"false\" checked=\"false\" clickable=\"true\" enabled=\"true\" focusable=\"true\" focused=\"false\" scrollable=\"false\" long-clickable=\"false\" password=\"false\" selected=\"false\" bounds=\"[960,111][1044,201]\" resource-id=\"com.excelliance.dualaid:id\/jump_to\" instance=\"2\"\/><\/android.widget.RelativeLayout><android.widget.RelativeLayout index=\"1\" text=\"\" class=\"android.widget.RelativeLayout\" package=\"com.excelliance.dualaid\" content-desc=\"\" checkable=\"false\" checked=\"false\" clickable=\"false\" enabled=\"true\" focusable=\"false\" focused=\"false\" scrollable=\"false\" long-clickable=\"false\" password=\"false\" selected=\"false\" bounds=\"[0,240][1080,454]\" resource-id=\"com.excelliance.dualaid:id\/rl_note\" instance=\"1\"><android.widget.ImageView index=\"0\" text=\"\"
06-24 15:33:09.323 W/HSM     ( 1813): HoldService:toast switch is close!
06-24 15:33:09.323 D/ApplicationPackageManager( 9366): queryIntentActivitiesAsUser blocked, Intent { act=android.intent.action.MAIN cat=[android.intent.category.LAUNCHER] pkg=com.excean.parallelspace }
06-24 15:33:09.323 D/HsmInterfaceImpl( 9366): List [ResolveInfo{c1a5e22 com.excean.parallelspace/com.excelliance.kxqp.ui.HelloActivity m=0x108000}]
06-24 15:33:09.341 I/appium  (29532): channel read invoked!
06-24 15:33:09.341 I/appium  (29532): channel read: POST /wd/hub/session/2d604340-25b7-4bc5-874b-09ac3bd169d8/element
06-24 15:33:09.342 I/appium  (29532): Find element command
06-24 15:33:09.342 D/appium  (29532): payload: {"strategy":"id","selector":"com.excelliance.dualaid:id/first_start_ok","context":"","multiple":false}
06-24 15:33:09.342 I/appium  (29532): find element command using 'id' with selector 'com.excelliance.dualaid:id/first_start_ok'.
06-24 15:33:09.353 I/appium  (29532): AppiumResponse: {"sessionId":"2d604340-25b7-4bc5-874b-09ac3bd169d8","status":0,"value":{"ELEMENT":"5819f04f-cd4b-43b4-b8f4-33e4554f371e"}}
06-24 15:33:09.353 W/HSM     ( 1813): HoldService:toast switch is close!
06-24 15:33:09.354 D/ApplicationPackageManager( 9366): queryIntentActivitiesAsUser blocked, Intent { act=android.intent.action.MAIN cat=[android.intent.category.LAUNCHER] pkg=com.UCMobile }
06-24 15:33:09.354 D/HsmInterfaceImpl( 9366): List [ResolveInfo{cd12670 com.UCMobile/.main.UCMobile m=0x108000}]
06-24 15:33:09.378 I/appium  (29532): channel read invoked!
06-24 15:33:09.378 I/appium  (29532): channel read: GET /wd/hub/session/2d604340-25b7-4bc5-874b-09ac3bd169d8/source
06-24 15:33:09.389 D/PMS1000 (  657): package:com.excelliance.dualaid, input flags:8192, output hwFlags:0
06-24 15:33:09.390 W/HSM     ( 1813): HoldService:toast switch is close!
06-24 15:33:09.390 D/ApplicationPackageManager( 9366): queryIntentActivitiesAsUser blocked, Intent { act=android.intent.action.MAIN cat=[android.intent.category.LAUNCHER] pkg=com.bbk.appstore }
06-24 15:33:09.391 D/HsmInterfaceImpl( 9366): List [ResolveInfo{9a43a6e com.bbk.appstore/.ui.AppStore m=0x108000}]
06-24 15:33:09.401 I/appium  (29532): Skipping invisible child: android.view.accessibility.AccessibilityNodeInfo@12999; boundsInParent: Rect(0, 0 - 1080, 186); boundsInScreen: Rect(0, 1920 - 1080, 1920); packageName: com.excelliance.dualaid; className: android.view.View; text: null; error: null; maxTextLength: -1; contentDescription: null; viewIdResName: com.excelliance.dualaid:id/first_start_ok_after; checkable: false; checked: false; focusable: false; focused: false; selected: false; clickable: false; longClickable: false; contextClickable: false; enabled: true; password: false; scrollable: false; importantForAccessibility: false; actions: [AccessibilityAction: ACTION_SELECT - null, AccessibilityAction: ACTION_CLEAR_SELECTION - null, AccessibilityAction: ACTION_ACCESSIBILITY_FOCUS - null, AccessibilityAction: ACTION_SHOW_ON_SCREEN - null]
06-24 15:33:09.402 I/appium  (29532): Skipping invisible child: android.view.accessibility.AccessibilityNodeInfo@1311b; boundsInParent: Rect(0, 0 - 1080, 72); boundsInScreen: Rect(0, 0 - 1080, 72); packageName: com.excelliance.dualaid; className: android.view.View; text: null; error: null; maxTextLength: -1; contentDescription: null; viewIdResName: null; checkable: false; checked: false; focusable: false; focused: false; selected: false; clickable: false; longClickable: false; contextClickable: false; enabled: true; password: false; scrollable: false; importantForAccessibility: false; actions: [AccessibilityAction: ACTION_SELECT - null, AccessibilityAction: ACTION_CLEAR_SELECTION - null, AccessibilityAction: ACTION_ACCESSIBILITY_FOCUS - null, AccessibilityAction: ACTION_SHOW_ON_SCREEN - null]
06-24 15:33:09.402 I/appium  (29532): Fetch time: 16ms
06-24 15:33:09.412 D/PMS1000 (  657): package:com.excelliance.dualaid, input flags:8192, output hwFlags:0
06-24 15:33:09.413 W/HSM     ( 1813): HoldService:toast switch is close!
06-24 15:33:09.413 D/ApplicationPackageManager( 9366): queryIntentActivitiesAsUser blocked, Intent { act=android.intent.action.MAIN cat=[android.intent.category.LAUNCHER] pkg=com.excean.ppaid }
06-24 15:33:09.413 D/HsmInterfaceImpl( 9366): List [ResolveInfo{8fa399c com.excean.ppaid/com.excelliance.kxqp.ui.HelloActivity m=0x108000}]
