06-24 15:36:00.822 D/ActivityManager(  657): Skipping intent:act=android.intent.action.MAIN cat=[android.intent.category.LAUNCHER] flg=0x10a00000 cmp=io.appium.settings/.Settings
06-24 15:36:00.822 D/ActivityManager(  657): Skipping intent:flg=0x10804000 cmp=com.android.systemui/.recents.RecentsActivity bnds=[48,928][1032,2296]
06-24 15:36:00.822 D/ActivityManager(  657): Skipping intent:flg=0x18800000 cmp=com.tencent.mm/.plugin.base.stub.WXPayEntryActivity
06-24 15:36:00.822 D/ActivityManager(  657): Skipping intent:flg=0x10800000 cmp=com.huawei.systemmanager/com.huawei.permissionmanager.ui.MainActivity
06-24 15:36:00.822 D/ActivityManager(  657): Skipping intent:flg=0x18800000 cmp=com.tencent.mm/.plugin.base.stub.WXEntryActivity
06-24 15:36:00.822 D/ActivityManager(  657): Skipping intent:act=com.huawei.action.VOICE_ASSISTANT flg=0x10800000 pkg=com.huawei.vassistant cmp=com.huawei.vassistant/.ui.main.VAssistantActivity
06-24 15:36:00.822 D/ActivityManager(  657): Skipping intent:act=com.huawei.android.launcher.action.ACCESS_SPLIT_SCREEN_APP cat=[android.intent.category.DEFAULT] flg=0x10804000 cmp=com.huawei.android.launcher/.splitscreen.SplitScreenAppActivity
06-24 15:36:00.822 D/ActivityManager(  657): Skipping intent:flg=0x10800000 pkg=com.excelliance.dualaid.b64 cmp=com.excelliance.dualaid.b64/com.excelliance.kxqp.sdk.PermissionRequestActivity
06-24 15:36:00.822 D/ActivityManager(  657): Skipping intent:act=android.intent.action.VIEW dat=content://com.excelliance.dualaid.fileProvider/external_storage_root/Download/apk/Multiple_64.apk typ=application/vnd.android.package-archive flg=0x10800001 cmp=com.android.packageinstaller/.InstallStart
06-24 15:36:00.822 D/ActivityManager(  657): Skipping intent:flg=0x10800000 cmp=com.android.systemui/.usb.HwUsbDebuggingActivity
06-24 15:36:00.822 D/ActivityManager(  657): Skipping intent:act=android.deviceinfo.chooser.action.LAUNCH flg=0x10800000 hwFlg=0x100 pkg=com.android.settings cmp=com.android.settings/.deviceinfo.UsbConnModeChooserActivity
06-24 15:36:00.822 D/ActivityManager(  657): Skipping intent:flg=0x10800000 cmp=com.zol.android/.push.KeepLiveActivity
06-24 15:36:00.822 D/ActivityManager(  657): Skipping intent:act=android.intent.action.MAIN cat=[android.intent.category.HOME] flg=0x10800300 cmp=com.android.settings/.FallbackHome
06-24 15:36:00.822 D/NetworkSecurityConfig(18272): No Network Security Config specified, using platform default
06-24 15:36:00.823 I/ActivityManager(  657): START u0 {pkg=com.excelliance.dualaid cmp=com.excelliance.dualaid/com.excelliance.kxqp.swipe.NavActivity2 (has extras)} from uid 11422
06-24 15:36:00.824 I/ActivityManager(  657): ActivityRecord info: ActivityInfo{ec63ea com.excelliance.kxqp.swipe.NavActivity2}
06-24 15:36:00.824 V/WindowManager(  657): findFocusedWindow: AppWindowToken{d3a938b token=Token{377755a ActivityRecord{d5c9105 u0 com.huawei.android.launcher/.unihome.UniHomeLauncher t15658}}} below Reached focused app=AppWindowToken{fc7d4cd token=Token{4cbca64 ActivityRecord{dec4bf7 u0 com.excelliance.dualaid/com.excelliance.kxqp.ui.HelloActivity t16022}}}
06-24 15:36:00.825 W/libc    (  493): Set property "hw.wifi.dns_stat" to "30907,26546,5028,1,52256"
06-24 15:36:00.825 V/WindowManager(  657): addAppToken: AppWindowToken{37d085 token=Token{50401fc ActivityRecord{bfac2ef u0 com.excelliance.dualaid/com.excelliance.kxqp.swipe.NavActivity2 t16022}}} controller={TaskWindowContainerController taskId=16022} at 2147483647
06-24 15:36:00.831 V/ActivityManager(  657): startProcess: name=com.excelliance.dualaid app=null knownToBeDead=true thread=null pid=-1
06-24 15:36:00.831 D/PMS1000 (  657): package:com.excelliance.dualaid, input flags:0, output hwFlags:0
06-24 15:36:00.838 I/ActivityManager(  657): Start proc 18297:com.excelliance.dualaid/u0a1422 for service com.excelliance.dualaid/com.excelliance.kxqp.SmtServService
06-24 15:36:00.838 I/        (18297): power log dlsym ok
06-24 15:36:00.840 I/zygote  (18297): Reinit property: dalvik.vm.checkjni= false
06-24 15:36:00.845 D/HwNetworkManagementService(  657): code == CODE_GET_AD_KEY_LIST
06-24 15:36:00.845 D/HwNetworkManagementService(  657): appName = com.excelliance.dualaid  is not in the mAdViewMap! reply none
06-24 15:36:00.845 D/HwNetworkManagementService(  657): appName = com.excelliance.dualaid  is not in the mAdIdMap! reply none
06-24 15:36:00.847 D/ActivityThread(18272): add activity client record, r= ActivityRecord{cbe2ddc token=android.os.BinderProxy@d13fa03 {com.excelliance.dualaid/com.excelliance.kxqp.ui.HelloActivity}} token= android.os.BinderProxy@d13fa03
06-24 15:36:00.848 V/WindowManager(  657): No longer Stopped: AppWindowToken{37d085 token=Token{50401fc ActivityRecord{bfac2ef u0 com.excelliance.dualaid/com.excelliance.kxqp.swipe.NavActivity2 t16022}}}
06-24 15:36:00.848 V/WindowManager(  657): No longer Stopped: AppWindowToken{37d085 token=Token{50401fc ActivityRecord{bfac2ef u0 com.excelliance.dualaid/com.excelliance.kxqp.swipe.NavActivity2 t16022}}}
06-24 15:36:00.850 D/ActivityThread(18297): ActivityThread,attachApplication
06-24 15:36:00.853 V/WindowManager(  657): Checking 1 opening apps (frozen=false timeout=false)...
06-24 15:36:00.853 V/WindowManager(  657): Check opening app=AppWindowToken{37d085 token=Token{50401fc ActivityRecord{bfac2ef u0 com.excelliance.dualaid/com.excelliance.kxqp.swipe.NavActivity2 t16022}}}: allDrawn=false startingDisplayed=false startingMoved=false isRelaunching()=false
06-24 15:36:00.854 D/HwCust  (18272): Create obj success use class android.app.HwCustActivityImpl
06-24 15:36:00.855 D/ActivityManager(  657): ActivityManagerService,attachApplication,callingPid = 18297
06-24 15:36:00.855 D/HwCust  (18272): Create obj success use class android.app.HwCustHwWallpaperManagerImpl
06-24 15:36:00.858 V/ActivityThread(18272): ActivityThread,callActivityOnCreate
06-24 15:36:00.860 W//system/bin/hwservicemanager(  416): Cannot open /odm/manifest.xml
06-24 15:36:00.861 W/X509TrustManager(18272): checkServerTrusted: SignatureException:null
06-24 15:36:00.861 W/X509TrustManager(18272): checkServerTrusted: SignatureException:error:04000073:RSA routines:OPENSSL_internal:DATA_TOO_LARGE_FOR_MODULUS
06-24 15:36:00.863 D/NavActivity2(18272): onCreate
06-24 15:36:00.868 D/PMS11422(  657): package:com.excelliance.dualaid, input flags:128, output hwFlags:0
06-24 15:36:00.869 W/Utils   (18272): Utils_isSuperResolutionSupport [load libai_client.so failed]
06-24 15:36:00.871 D/CubicBezierInterpolator(18272): CubicBezierInterpolator  mControlPoint1x = 0.23, mControlPoint1y = 0.06, mControlPoint2x = 0.09, mControlPoint2y = 0.97
06-24 15:36:00.871 D/CubicBezierInterpolator(18272): CubicBezierInterpolator  mControlPoint1x = 0.6, mControlPoint1y = 0.9, mControlPoint2x = 0.8, mControlPoint2y = 1.0
06-24 15:36:00.872 D/CubicBezierInterpolator(18272): CubicBezierInterpolator  mControlPoint1x = 0.23, mControlPoint1y = 0.06, mControlPoint2x = 0.09, mControlPoint2y = 0.97
06-24 15:36:00.872 D/CubicBezierInterpolator(18272): CubicBezierInterpolator  mControlPoint1x = 0.6, mControlPoint1y = 0.9, mControlPoint2x = 0.8, mControlPoint2y = 1.0
06-24 15:36:00.872 D/CubicBezierInterpolator(18272): CubicBezierInterpolator  mControlPoint1x = 0.23, mControlPoint1y = 0.06, mControlPoint2x = 0.09, mControlPoint2y = 0.97
06-24 15:36:00.872 D/CubicBezierInterpolator(18272): CubicBezierInterpolator  mControlPoint1x = 0.6, mControlPoint1y = 0.9, mControlPoint2x = 0.8, mControlPoint2y = 1.0
06-24 15:36:00.872 D/CubicBezierInterpolator(18272): CubicBezierInterpolator  mControlPoint1x = 0.23, mControlPoint1y = 0.06, mControlPoint2x = 0.09, mControlPoint2y = 0.97
06-24 15:36:00.872 D/CubicBezierInterpolator(18272): CubicBezierInterpolator  mControlPoint1x = 0.6, mControlPoint1y = 0.9, mControlPoint2x = 0.8, mControlPoint2y = 1.0
06-24 15:36:00.879 D/HwRTBlurUtils(18272): check blur style for HwPhoneWindow-, themeResId : 0x7f0e000a, context : com.excelliance.kxqp.swipe.NavActivity2@794246b, Nhwext : 0, get Blur : disable with , null
06-24 15:36:00.879 D/HwRTBlurUtils(18272): check blur style for HwPhoneWindow-, themeResId : 0x7f0e000a, context : com.excelliance.kxqp.swipe.NavActivity2@794246b, Nhwext : 0, get Blur : disable with , null
06-24 15:36:00.879 E/test    (18272): hw notch screen flag api error
06-24 15:36:00.881 W//system/bin/hwservicemanager(  416): Cannot open /odm/manifest.xml
06-24 15:36:00.881 D/ActivityThread(18272): add activity client record, r= ActivityRecord{414755e token=android.os.BinderProxy@31abee5 {com.excelliance.dualaid/com.excelliance.kxqp.swipe.NavActivity2}} token= android.os.BinderProxy@31abee5
06-24 15:36:00.882 I/GRALLOC (  679): 	 shrFd=10,fmt=0x1,intFmt=0x1,btStrd=256,size=4096,pid=679 
06-24 15:36:00.882 I/GRALLOC (  679): 	 yuv=2,w=16,h=16,Stride u=0 v=0,offset u=0 v=0 
06-24 15:36:00.882 I/GRALLOC (  679): 	 iova_size=4096,conUsg=0x100,proUsg=0x100,	 strd=64,[afbc]HdrStrd=0 PyldStrd=0 Scrmbl=0,ionhnd = 1 
06-24 15:36:00.882 E/ViewUtils(18272): setBgColor: view==null:top
06-24 15:36:00.883 D/HwFLClassLoader(18297): get used feature list :/feature/used-list failed!
06-24 15:36:00.883 D/HwFLClassLoader(18297): USE_FEATURE_LIST had not init! 
06-24 15:36:00.889 D/OpenGLRenderer(18272):   HWUI Binary is  enabled
06-24 15:36:00.890 D/SurfaceFlinger(  710): SurfaceFlinger: getDisplayConfigs--3.000000, 1080, 1920
06-24 15:36:00.890 I/chatty  (  710): uid=1000(system) Binder:710_4 identical 1 line
06-24 15:36:00.890 D/SurfaceFlinger(  710): SurfaceFlinger: getDisplayConfigs--3.000000, 1080, 1920
06-24 15:36:00.892 D/OpenGLRenderer(18272): HWUI GL Pipeline
06-24 15:36:00.896 V/WindowManager(  657): Adding Window{5046600 u0 com.excelliance.dualaid/com.excelliance.kxqp.swipe.NavActivity2} to AppWindowToken{37d085 token=Token{50401fc ActivityRecord{bfac2ef u0 com.excelliance.dualaid/com.excelliance.kxqp.swipe.NavActivity2 t16022}}}
06-24 15:36:00.897 V/WindowManager(  657): addWindow: New client android.os.BinderProxy@6d5e483: window=Window{5046600 u0 com.excelliance.dualaid/com.excelliance.kxqp.swipe.NavActivity2} Callers=com.android.server.wm.HwWindowManagerService.addWindow:562 com.android.server.wm.Session.addToDisplay:199 android.view.IWindowSession$Stub.onTransact:124 com.android.server.wm.Session.onTransact:161 android.os.Binder.execTransact:675 
06-24 15:36:00.897 D/PMS11422(  657): package:com.excelliance.dualaid, input flags:128, output hwFlags:0
06-24 15:36:00.901 D/HttpUtils(18272): getResponseCode():200
06-24 15:36:00.901 V/WindowManager(  657): Checking 1 opening apps (frozen=false timeout=false)...
06-24 15:36:00.901 V/WindowManager(  657): Check opening app=AppWindowToken{37d085 token=Token{50401fc ActivityRecord{bfac2ef u0 com.excelliance.dualaid/com.excelliance.kxqp.swipe.NavActivity2 t16022}}}: allDrawn=false startingDisplayed=false startingMoved=false isRelaunching()=false
06-24 15:36:00.902 D/WHEG    (18272): {"status":"0","controls":"","skip":"0"}
06-24 15:36:00.904 D/HwGalleryCacheManagerImpl(18272): mIsEffect:false
06-24 15:36:00.905 D/PMS11422(  657): package:com.excelliance.dualaid, input flags:128, output hwFlags:0
06-24 15:36:00.952 D/HwRecentsLockUtils( 1513): Search
06-24 15:36:00.952 E/HsmCoreServiceImpl( 1478): onTransact in code is: 103
06-24 15:36:00.952 I/MediaProcessHandler( 1478): playingUids: 
06-24 15:36:00.933 I/chatty  (  657): uid=1000(system) Binder:657_17 identical 7 lines
06-24 15:36:00.933 D/PMS11422(  657): package:com.excelliance.dualaid, input flags:128, output hwFlags:0
06-24 15:36:00.953 D/ActivityManager(  657): Skipping, home or recents stack task: TaskRecord{333215f #15658 A=com.huawei.android.launcher U=0 StackId=0 sz=1}
06-24 15:36:00.953 D/ActivityManager(  657): Skipping intent:act=android.intent.action.MAIN cat=[android.intent.category.LAUNCHER] flg=0x10a00000 cmp=io.appium.settings/.Settings
06-24 15:36:00.953 D/ActivityManager(  657): Skipping intent:flg=0x10804000 cmp=com.android.systemui/.recents.RecentsActivity bnds=[48,928][1032,2296]
06-24 15:36:00.953 D/ActivityManager(  657): Skipping intent:flg=0x18800000 cmp=com.tencent.mm/.plugin.base.stub.WXPayEntryActivity
06-24 15:36:00.953 D/ActivityManager(  657): Skipping intent:flg=0x10800000 cmp=com.huawei.systemmanager/com.huawei.permissionmanager.ui.MainActivity
06-24 15:36:00.953 D/ActivityManager(  657): Skipping intent:flg=0x18800000 cmp=com.tencent.mm/.plugin.base.stub.WXEntryActivity
06-24 15:36:00.953 D/ActivityManager(  657): Skipping intent:act=com.huawei.action.VOICE_ASSISTANT flg=0x10800000 pkg=com.huawei.vassistant cmp=com.huawei.vassistant/.ui.main.VAssistantActivity
06-24 15:36:00.953 D/ActivityManager(  657): Skipping intent:act=com.huawei.android.launcher.action.ACCESS_SPLIT_SCREEN_APP cat=[android.intent.category.DEFAULT] flg=0x10804000 cmp=com.huawei.android.launcher/.splitscreen.SplitScreenAppActivity
06-24 15:36:00.953 D/ActivityManager(  657): Skipping intent:flg=0x10800000 pkg=com.excelliance.dualaid.b64 cmp=com.excelliance.dualaid.b64/com.excelliance.kxqp.sdk.PermissionRequestActivity
06-24 15:36:00.953 D/ActivityManager(  657): Skipping intent:act=android.intent.action.VIEW dat=content://com.excelliance.dualaid.fileProvider/external_storage_root/Download/apk/Multiple_64.apk typ=application/vnd.android.package-archive flg=0x10800001 cmp=com.android.packageinstaller/.InstallStart
06-24 15:36:00.953 D/ActivityManager(  657): Skipping intent:flg=0x10800000 cmp=com.android.systemui/.usb.HwUsbDebuggingActivity
06-24 15:36:00.953 D/ActivityManager(  657): Skipping intent:act=android.deviceinfo.chooser.action.LAUNCH flg=0x10800000 hwFlg=0x100 pkg=com.android.settings cmp=com.android.settings/.deviceinfo.UsbConnModeChooserActivity
06-24 15:36:00.953 D/ActivityManager(  657): Skipping intent:flg=0x10800000 cmp=com.zol.android/.push.KeepLiveActivity
06-24 15:36:00.953 D/ActivityManager(  657): Skipping intent:act=android.intent.action.MAIN cat=[android.intent.category.HOME] flg=0x10800300 cmp=com.android.settings/.FallbackHome
06-24 15:36:00.977 D/MainActivity(18272): instantiateItem: 2	android.widget.RelativeLayout{d00e2b1 V.E...... ......I. 0,0-0,0}
06-24 15:36:00.978 D/MainActivity(18272): initPage3: 
06-24 15:36:00.982 V/WindowManager(  657): Checking 1 opening apps (frozen=false timeout=false)...
06-24 15:36:00.982 V/WindowManager(  657): Check opening app=AppWindowToken{37d085 token=Token{50401fc ActivityRecord{bfac2ef u0 com.excelliance.dualaid/com.excelliance.kxqp.swipe.NavActivity2 t16022}}}: allDrawn=false startingDisplayed=false startingMoved=false isRelaunching()=false
06-24 15:36:00.984 V/HwPhoneWindowManager(  657): updateSystemUiColorLw window=Window{5046600 u0 com.excelliance.dualaid/com.excelliance.kxqp.swipe.NavActivity2},EmuiStyle=0,StatusBarColor=0xff000000,NavigationBarColor=0xff000000, mLastIsEmuiLightStyle=-1
06-24 15:36:00.984 D/HwPhoneWindowManager(  657): Transact:setSystemUIColor to status bar service
06-24 15:36:00.985 I/CommandQueue( 1513): updateBarBgColor
06-24 15:36:00.985 D/CommandQueue( 1513): CommandQueue, setBarBackgroundColor
06-24 15:36:00.985 V/WindowManager(  657): Checking 1 opening apps (frozen=false timeout=false)...
06-24 15:36:00.985 V/WindowManager(  657): Check opening app=AppWindowToken{37d085 token=Token{50401fc ActivityRecord{bfac2ef u0 com.excelliance.dualaid/com.excelliance.kxqp.swipe.NavActivity2 t16022}}}: allDrawn=false startingDisplayed=false startingMoved=false isRelaunching()=false
06-24 15:36:00.989 D/TintManager( 1513): statusBarIconTint=#99FFFFFF,navigationBarIconTint=#FF000000
06-24 15:36:00.990 D/BarTransitions.HwPhoneStatusBarView( 1513): MODE_TRANSPARENT -> MODE_TRANSLUCENT animate=false
06-24 15:36:00.990 D/BarTransitions.HwPhoneStatusBarView( 1513): applyModeBackground oldMode=MODE_TRANSPARENT newMode=MODE_TRANSLUCENT animate=false
06-24 15:36:00.990 D/MainActivity(18272): run: initPage3
06-24 15:36:00.991 V/MainActivity(18272): onWindowFocusChanged: true
06-24 15:36:00.992 I/GRALLOC (  679): 	 shrFd=10,fmt=0x1,intFmt=0x200000001,btStrd=4352,size=8486912,pid=679 
06-24 15:36:00.992 I/GRALLOC (  679): 	 yuv=2,w=1080,h=1920,Stride u=0 v=0,offset u=0 v=0 
06-24 15:36:00.992 I/GRALLOC (  679): 	 iova_size=8486912,conUsg=0x900,proUsg=0x900,	 strd=1088,[afbc]HdrStrd=1088 PyldStrd=69632 Scrmbl=2,ionhnd = 1 
06-24 15:36:00.992 W/InputMethodManager(18272): startInputReason = 1
06-24 15:36:00.994 I/GRALLOC (  679): 	 shrFd=10,fmt=0x1,intFmt=0x200000001,btStrd=4352,size=8486912,pid=679 
06-24 15:36:00.994 I/GRALLOC (  679): 	 yuv=2,w=1080,h=1920,Stride u=0 v=0,offset u=0 v=0 
06-24 15:36:00.994 I/GRALLOC (  679): 	 iova_size=8486912,conUsg=0x900,proUsg=0x900,	 strd=1088,[afbc]HdrStrd=1088 PyldStrd=69632 Scrmbl=2,ionhnd = 1 
06-24 15:36:00.994 I/zygote  (18297): Compiler allocated 4MB to compile boolean com.excelliance.kxqp.KXQPApplication.b(int)
06-24 15:36:00.995 W/InputMethodManager(18272): startInputReason = 5
06-24 15:36:00.995 I/OpenGLRenderer(18272): Initialized EGL, version 1.4
06-24 15:36:00.995 D/OpenGLRenderer(18272): Swap behavior 2
06-24 15:36:00.996 I/GRALLOC (  679): 	 shrFd=10,fmt=0x1,intFmt=0x200000001,btStrd=4352,size=8486912,pid=679 
06-24 15:36:00.996 I/GRALLOC (  679): 	 yuv=2,w=1080,h=1920,Stride u=0 v=0,offset u=0 v=0 
06-24 15:36:00.996 I/GRALLOC (  679): 	 iova_size=8486912,conUsg=0x900,proUsg=0x900,	 strd=1088,[afbc]HdrStrd=1088 PyldStrd=69632 Scrmbl=2,ionhnd = 1 
06-24 15:36:00.999 D/mali_winsys(18272): EGLint new_window_surface(egl_winsys_display *, void *, EGLSurface, EGLConfig, egl_winsys_surface **, egl_color_buffer_format *, EGLBoolean) returns 0x3000
06-24 15:36:01.000 E/vndksupport(18272): Could not load vendor/lib/egl/libGLES_mali_v2.so from sphal namespace: dlopen failed: library "vendor/lib/egl/libGLES_mali_v2.so" not found.
06-24 15:36:01.001 I/wangchen( 7035): SysInfo.getSysParam: orientation=1||config d=3.0,w=1080,h=1920||metrics d=3.0,w=1080,h=1920||sdk=26,bar_h=72
06-24 15:36:01.001 I/KeymapLoader( 7035): w=1080 h=1920 ori=true appScale=3.3 s1=3.0
06-24 15:36:01.005 D/StatusBarIconController( 1513): setIconVisibility icon is null or visibility not change visibility=false
06-24 15:36:01.013 I/GRALLOC (  679): 	 shrFd=10,fmt=0x1,intFmt=0x200000001,btStrd=4352,size=8486912,pid=679 
06-24 15:36:01.013 I/GRALLOC (  679): 	 yuv=2,w=1080,h=1920,Stride u=0 v=0,offset u=0 v=0 
06-24 15:36:01.013 I/GRALLOC (  679): 	 iova_size=8486912,conUsg=0xb00,proUsg=0xb00,	 strd=1088,[afbc]HdrStrd=1088 PyldStrd=69632 Scrmbl=2,ionhnd = 1 
06-24 15:36:01.020 D/WindowManager(  657): finishDrawingWindow: Window{5046600 u0 com.excelliance.dualaid/com.excelliance.kxqp.swipe.NavActivity2} mDrawState=DRAW_PENDING
06-24 15:36:01.022 V/WindowManager(  657): Checking 1 opening apps (frozen=false timeout=false)...
06-24 15:36:01.022 V/WindowManager(  657): Check opening app=AppWindowToken{37d085 token=Token{50401fc ActivityRecord{bfac2ef u0 com.excelliance.dualaid/com.excelliance.kxqp.swipe.NavActivity2 t16022}}}: allDrawn=true startingDisplayed=false startingMoved=false isRelaunching()=false
06-24 15:36:01.024 D/ImageWallpaper( 1513): onVisibilityChanged: mVisible, visible=true, false
06-24 15:36:01.024 D/ImageWallpaper( 1513): Visibility changed to visible=false
06-24 15:36:01.026 D/PMS11422(  657): package:com.excelliance.dualaid, input flags:128, output hwFlags:0
06-24 15:36:01.026 I/ActivityManager(  657): Displayed com.excelliance.dualaid/com.excelliance.kxqp.swipe.NavActivity2: +175ms (total +3s914ms)
06-24 15:36:01.027 D/BarTransitions.HwPhoneStatusBarView( 1513): MODE_TRANSLUCENT -> MODE_TRANSPARENT animate=false
06-24 15:36:01.027 D/BarTransitions.HwPhoneStatusBarView( 1513): applyModeBackground oldMode=MODE_TRANSLUCENT newMode=MODE_TRANSPARENT animate=false
06-24 15:36:01.028 D/PMS11422(  657): package:com.excelliance.dualaid, input flags:128, output hwFlags:0
06-24 15:36:01.035 I/WindowManager(  657): notifyAccessibilityButtonVisibilityChanged visible:false
06-24 15:36:01.036 E/BufferQueueProducer(  710): [com.huawei.android.launcher/com.huawei.android.launcher.unihome.UniHomeLauncher#0] disconnect: not connected (req=1)
06-24 15:36:01.036 W/libEGL  ( 2519): EGLNativeWindowType 0x748dc4c010 disconnect failed
06-24 15:36:01.043 D/BarTransitions.HwPhoneStatusBarView( 1513): MODE_TRANSPARENT -> MODE_TRANSLUCENT animate=false
06-24 15:36:01.044 D/BarTransitions.HwPhoneStatusBarView( 1513): applyModeBackground oldMode=MODE_TRANSPARENT newMode=MODE_TRANSLUCENT animate=false
06-24 15:36:01.044 D/BarTransitions.HwNavigationBarView( 1513): MODE_TRANSLUCENT -> MODE_OPAQUE animate=false
06-24 15:36:01.044 D/BarTransitions.HwNavigationBarView( 1513): applyModeBackground oldMode=MODE_TRANSLUCENT newMode=MODE_OPAQUE animate=false
06-24 15:36:01.054 W/ActivityManager(  657): Sending non-protected broadcast huawei.action.floattasks.STATUS_BAR_STATE_CHANGED from system 1513:com.android.systemui/u0a39 pkg com.android.systemui
06-24 15:36:01.055 W/HwKeyguardDragHelper( 1513): AnimationBlocked
06-24 15:36:01.055 V/WindowManager(  657): notifyAppStopped: AppWindowToken{d3a938b token=Token{377755a ActivityRecord{d5c9105 u0 com.huawei.android.launcher/.unihome.UniHomeLauncher t15658}}}
06-24 15:36:01.055 E/WindowManager(  657): win=Window{68d6975 u0 com.huawei.android.launcher/com.huawei.android.launcher.unihome.UniHomeLauncher} destroySurfaces: appStopped=true win.mWindowRemovalAllowed=false win.mRemoveOnExit=false
06-24 15:36:01.055 I/WindowManager(  657): Destroying surface Surface(name=com.huawei.android.launcher/com.huawei.android.launcher.unihome.UniHomeLauncher) called by com.android.server.wm.WindowStateAnimator.destroySurface:2060 com.android.server.wm.WindowStateAnimator.destroySurfaceLocked:873 com.android.server.wm.HwWindowStateAnimator.destroySurfaceLocked:1006 com.android.server.wm.WindowState.destroyOrSaveSurfaceUnchecked:2990 com.android.server.wm.WindowState.destroySurface:2951 com.android.server.wm.AppWindowToken.destroySurfaces:654 com.android.server.wm.AppWindowToken.destroySurfaces:638 com.android.server.wm.AppWindowToken.notifyAppStopped:682 
06-24 15:36:01.056 D/ActivityThread(18272): Remove activity client record, r= ActivityRecord{cbe2ddc token=android.os.BinderProxy@d13fa03 {com.excelliance.dualaid/com.excelliance.kxqp.ui.HelloActivity}} token= android.os.BinderProxy@d13fa03
06-24 15:36:01.057 V/WindowManager(  657): removeAppToken: AppWindowToken{fc7d4cd token=Token{4cbca64 ActivityRecord{dec4bf7 u0 com.excelliance.dualaid/com.excelliance.kxqp.ui.HelloActivity t16022}}} delayed=false Callers=com.android.server.wm.DisplayContent.removeAppToken:985 com.android.server.wm.AppWindowContainerController.removeContainer:348 com.android.server.am.ActivityRecord.removeWindowContainer:1039 com.android.server.am.ActivityStack.removeActivityFromHistoryLocked:4491 
06-24 15:36:01.060 D/HwGameAssistantController(  657): pid=2519, uid=10056, foreground=false
06-24 15:36:01.060 W/AwareLog(  657): SchedLevelBoost: onFgActivitiesChanged config not set!
06-24 15:36:01.062 W/dex2oat (18340): Using default instruction set features for ARM CPU variant (default) using conservative defaults
06-24 15:36:01.063 I/dex2oat (18340): /system/bin/dex2oat -j4 --dex-file=/data/data/com.excelliance.dualaid/.platformcache/main.jar --output-vdex-fd=44 --oat-fd=47 --oat-location=/data/data/com.excelliance.dualaid/.platformcache/oat/arm/main.odex --compiler-filter=quicken
06-24 15:36:01.063 I/cutils-trace(18340): atrace_init_once, trace_marker_path = /sys/kernel/debug/tracing/trace_marker
06-24 15:36:01.195 D/NetWorkUtils( 1513): mVSimCurCardType is -1
06-24 15:36:01.260 I/HwNormalizedSpline(  657): getEyeProtectionBrightnessLevel lux =239.0, mDefaultBrightnessFromLux =68.645
06-24 15:36:01.356 I/TrafficMonitor(  657): update:rxPkts:10,txPkts:10,rxBytes:4163,txBytes:1116
06-24 15:36:01.356 I/TrafficMonitor(  657): start expired. level:-1
06-24 15:36:01.356 I/TrafficMonitor(  657): gettimer:interval=2000
06-24 15:36:01.463 I/dex2oat (18340): dex2oat took 401.134ms (978.893ms cpu) (threads: 4) arena alloc=130KB (133440B) java alloc=2MB (3127336B) native alloc=4MB (4684112B) free=2MB (2131632B)
06-24 15:36:01.509 I/GRALLOC (  679): 	 shrFd=10,fmt=0x1,intFmt=0x200000001,btStrd=4352,size=8486912,pid=679 
06-24 15:36:01.509 I/GRALLOC (  679): 	 yuv=2,w=1080,h=1920,Stride u=0 v=0,offset u=0 v=0 
06-24 15:36:01.509 I/GRALLOC (  679): 	 iova_size=8486912,conUsg=0xb00,proUsg=0xb00,	 strd=1088,[afbc]HdrStrd=1088 PyldStrd=69632 Scrmbl=2,ionhnd = 1 
06-24 15:36:01.529 D/PMS11422(  657): package:com.excelliance.dualaid, input flags:128, output hwFlags:0
06-24 15:36:01.561 I/GRALLOC (  679): 	 shrFd=10,fmt=0x1,intFmt=0x200000001,btStrd=4352,size=8486912,pid=679 
06-24 15:36:01.561 I/GRALLOC (  679): 	 yuv=2,w=1080,h=1920,Stride u=0 v=0,offset u=0 v=0 
06-24 15:36:01.561 I/GRALLOC (  679): 	 iova_size=8486912,conUsg=0xb00,proUsg=0xb00,	 strd=1088,[afbc]HdrStrd=1088 PyldStrd=69632 Scrmbl=2,ionhnd = 1 
06-24 15:36:01.578 W/dex2oat (18366): Using default instruction set features for ARM CPU variant (default) using conservative defaults
06-24 15:36:01.579 I/dex2oat (18366): /system/bin/dex2oat -j4 --dex-file=/data/data/com.excelliance.dualaid/.platformcache/kxqpplatform2.jar --output-vdex-fd=47 --oat-fd=48 --oat-location=/data/data/com.excelliance.dualaid/.platformcache/oat/arm/kxqpplatform2.odex --compiler-filter=quicken
06-24 15:36:01.579 I/cutils-trace(18366): atrace_init_once, trace_marker_path = /sys/kernel/debug/tracing/trace_marker
06-24 15:36:01.747 E/wificond(  765): Failed to get NL80211_STA_INFO_CNAHLOAD
06-24 15:36:01.747 E/WificondControl(  657): Noise: -89, Snr: 0, Chload: -1
06-24 15:36:01.748 D/HwWifiCHRStateManager(  657): handleMessage : 1001
06-24 15:36:01.748 D/HwWifiCHRStateManager(  657): handleUpdateChannel:5805
06-24 15:36:01.748 V/HwWifiServiceFactory(  657): get AllImpl object = com.android.server.wifi.HwWifiServiceFactoryImpl@a390a53
06-24 15:36:01.753 D/HuaweiWifiWatchdogStateMachine(  657): LM mrssi=-40
06-24 15:36:01.754 D/HuaweiWifiWatchdogStateMachine(  657): f2:9f:**:**:8f:43 current loss[-45]=0%, volume=67
06-24 15:36:01.754 D/HuaweiWifiWatchdogStateMachine(  657): f2:9f:**:**:8f:43 history loss[-45]=0.02%, volume=23027905
06-24 15:36:01.754 I/HuaweiWifiWatchdogStateMachine(  657): spd good count:0, add sc:0.0, rate:1.0
06-24 15:36:01.754 I/HuaweiWifiWatchdogStateMachine(  657): current mHighDataFlowRate = 1.0
06-24 15:36:01.754 I/HuaweiWifiWatchdogStateMachine(  657): POta txb txg rxg:0, 67, 0. Lr =0% Totpkt=67
06-24 15:36:01.754 D/WiFi_PRO(  657): MSG_RETURN_AP_CURRY_RSSI rssi = -40
06-24 15:36:01.754 I/QosMonitor(  657): queryRtt: rtt_type = 3
06-24 15:36:01.754 D/HwWifiConnectivityMonitor(  657): ENTER: notifyTopUidTcpInfo, tx = 31, rx = 23, reTx = 1, uid = 11422, tr = 0.032258064
06-24 15:36:01.754 D/HwWifiConnectivityMonitor(  657): ENTER: notifyTopUidTcpInfo, rtt = 424, rttPkts = 11, aveRtt = 38.545456, app = com.excelliance.dualaid
06-24 15:36:01.754 I/HwQoEJNI(  657): send_cmd_kernel. begin
06-24 15:36:01.754 I/HwQoEJNI(  657): send_cmd_kernel. end
06-24 15:36:01.754 D/HwUidTcpMonitor(  657): parseWlanUidTcpStatistics lastUidTcpStatInfo = [ mUid = 11422 mPacketName = com.excelliance.dualaid mSendSegs = 11121 mResendSegs = 2 mRcvSegs = 14044 ]
06-24 15:36:01.755 D/HwUidTcpMonitor(  657): parseWlanUidTcpStatistics lastUidTcpStatInfo = [ mUid = 10093 mPacketName = com.android.vending mSendSegs = 2697 mResendSegs = 1888 mRcvSegs = 204 ]
06-24 15:36:01.755 I/QosMonitor(  657): postEventFromNative: msg=100,arg1=4,arg2=10
06-24 15:36:01.755 I/HwQoEJNI(  657): send_cmd_kernel. begin
06-24 15:36:01.755 I/HwQoEJNI(  657): send_cmd_kernel. end
06-24 15:36:01.755 I/QosMonitor(  657): postEventFromNative: msg=100,arg1=0,arg2=10
06-24 15:36:01.755 D/HuaweiWifiWatchdogStateMachine(  657): f2:9f:**:**:8f:43 current RTT[-45]=152, volume=15
06-24 15:36:01.755 D/HuaweiWifiWatchdogStateMachine(  657): f2:9f:**:**:8f:43 history RTT[-45]=237, volume=1684938
06-24 15:36:01.755 D/HuaweiWifiWatchdogStateMachine(  657): setSampleRtt: rtt=152,rtt_pkts =15,rtt_when=0
06-24 15:36:01.755 I/MQoS    (  657): rtt=152,tcp_tx_pkts=393937,tcp_rx_pkts=409200
06-24 15:36:01.755 I/QosMonitor(  657): resetRtt: rtt_type = 3
06-24 15:36:01.755 I/HwQoEJNI(  657): send_cmd_kernel. begin
06-24 15:36:01.755 I/HwQoEJNI(  657): send_cmd_kernel. end
06-24 15:36:01.755 D/HwWifiConnectivityMonitor(  657): handleTopUidInternetStatusChanged, uid = 11422, status = 0
06-24 15:36:01.755 I/MQoS    (  657): QOS_level:0(0),DataDisable;use level-0
06-24 15:36:01.755 I/MQoS    (  657): skip-low-Level:0(0),DataDisable;use level-0
06-24 15:36:01.756 D/HuaweiWifiWatchdogStateMachine(  657): dumpTcpResult: len=10,rtt=152,rttPkt=19,rttWn=0,cgt=16,cgtWn=8847103
06-24 15:36:01.756 I/HuaweiWifiWatchdogStateMachine(  657): PTcp RTT:152, rtt pkt=19, tcp_rx=27, tcp_tx=47, tcp_reTran=3, rtRate=0.06
06-24 15:36:01.756 D/HuaweiWifiWatchdogStateMachine(  657): isRttGood is good, AvgRtt = 152, TotPkt = 19
06-24 15:36:01.756 D/HuaweiWifiWatchdogStateMachine(  657): mRssiBadCount =0, RSSI not bad.
06-24 15:36:01.756 D/HuaweiWifiWatchdogStateMachine(  657): detectNetworkAvailable:hw.wifipro.dns_fail_count = 64
06-24 15:36:01.756 D/HuaweiWifiWatchdogStateMachine(  657): detectNetworkAvailable: tcpRxPkts != 0, reset
06-24 15:36:01.756 I/HuaweiWifiWatchdogStateMachine(  657): rs ota tcp lr rttvb bad: false, false, false, false, false; rsth:-75
06-24 15:36:01.756 D/HuaweiWifiWatchdogStateMachine(  657): GSC:0, GSR:1.0, RSR:1.0, RTH:-75
06-24 15:36:01.756 D/HuaweiWifiWatchdogStateMachine(  657): goodperiod count=1, rb rttg sg =false, true, false
06-24 15:36:01.756 D/HuaweiWifiWatchdogStateMachine(  657): bqeLevel = 3 rtt=152,rtt_pkts=19 speed=77 rssi=-40
06-24 15:36:01.756 D/HuaweiWifiWatchdogStateMachine(  657): Enter updateQoeLevel level = 3
06-24 15:36:01.756 D/HuaweiWifiWatchdogStateMachine(  657): updateQoeLevel current level equal to mLastDetectLevel, return
06-24 15:36:01.756 I/HuaweiWifiWatchdogStateMachine(  657):  pkt chk not bad, reset sc to 0.
06-24 15:36:01.756 D/HuaweiWifiWatchdogStateMachine(  657): ### mPktChkBadCnt=0
06-24 15:36:01.787 I/dex2oat (18366): dex2oat took 208.738ms (445.001ms cpu) (threads: 4) arena alloc=3KB (4080B) java alloc=2MB (2283472B) native alloc=2MB (2314360B) free=2MB (2928520B)
06-24 15:36:01.800 D/PMS11422(  657): package:com.excelliance.dualaid, input flags:0, output hwFlags:0
06-24 15:36:01.813 E/MemoryLeakMonitorManager(18297): MemoryLeakMonitor.jar is not exist!
06-24 15:36:01.814 D/CrashHandler(18297): CrashHandler
06-24 15:36:01.814 D/KXQPApplication(18297): run: initUserManager
06-24 15:36:01.816 E/Minikin (18297): Could not get cmap table size!
06-24 15:36:01.816 D/PMS11422(  657): package:com.excelliance.dualaid, input flags:128, output hwFlags:0
06-24 15:36:01.829 D/AirPushService(18297): 第一次触发
06-24 15:36:01.831 D/SmtServService(18297): MSG_LOAD_PLT GameUtil.isPtLoaded() = false
06-24 15:36:01.833 I/HwCust  (18297): Constructor found for class android.net.HwCustConnectivityManagerImpl
06-24 15:36:01.833 D/HwCust  (18297): Create obj success use class android.net.HwCustConnectivityManagerImpl
06-24 15:36:01.834 D/NetworkStateReceiver(18297): netWorkConnected = true
06-24 15:36:01.834 D/AirPushUtils(18297): startPushInfo
06-24 15:36:01.835 D/PMS1000 (  657): package:com.excelliance.dualaid, input flags:8192, output hwFlags:0
06-24 15:36:01.835 I/zygote  (18272): Do partial code cache collection, code=27KB, data=27KB
06-24 15:36:01.835 I/zygote  (18272): After code cache collection, code=27KB, data=27KB
06-24 15:36:01.835 I/zygote  (18272): Increasing code cache capacity to 128KB
06-24 15:36:01.835 D/PMS1000 (  657): package:com.excelliance.dualaid, input flags:8192, output hwFlags:0
06-24 15:36:01.837 D/PMS1001 (  657): package:com.excelliance.dualaid, input flags:0, output hwFlags:0
06-24 15:36:01.837 D/AirPushService(18297): 第一次设置Alarm
06-24 15:36:01.837 D/AirPushService(18297): resetPushAlarm
06-24 15:36:01.839 D/SmtServService(18297): pull info
06-24 15:36:01.839 D/SmtServService(18297): diffTime = 1529825761839
06-24 15:36:01.839 D/SmtServService(18297): pushInfoFromServer
06-24 15:36:01.840 D/PMS11422(  657): package:com.excelliance.dualaid, input flags:0, output hwFlags:0
06-24 15:36:01.841 D/AirPushPreferences(18297): setLastPushTime
06-24 15:36:01.855 D/launch-time-RU(18297): preload 24 classes cost 18ms
06-24 15:36:01.856 I/zygote  (18297): Do partial code cache collection, code=27KB, data=31KB
06-24 15:36:01.856 I/zygote  (18297): After code cache collection, code=11KB, data=18KB
06-24 15:36:01.856 I/zygote  (18297): Increasing code cache capacity to 128KB
06-24 15:36:01.856 D/PMS11422(  657): package:com.excelliance.dualaid, input flags:128, output hwFlags:0
06-24 15:36:01.863 D/StatisticsManager(18297): Query time diff:1529825761863
06-24 15:36:01.864 D/PMS11422(  657): package:com.excelliance.dualaid, input flags:128, output hwFlags:0
06-24 15:36:01.865 D/PMS11422(  657): package:com.excelliance.dualaid, input flags:128, output hwFlags:0
06-24 15:36:01.881 D/StatisticsManager(18297): Query time diff:1529825761881
06-24 15:36:01.887 D/StatisticsManager(18297): Query time diff:1529825761887
06-24 15:36:01.904 D/AirPushDBHelper(18297): onCreate: pushitemnew
06-24 15:36:01.909 D/AirPushDBHelper(18297): selection = type=? and index_=(select max(index_) from pushitemnew where type=?) , key = vip
06-24 15:36:01.910 D/AirPushDBHelper(18297): selection = type=? and index_=(select max(index_) from pushitemnew where type=?) , key = update
06-24 15:36:01.911 D/AirPushDBHelper(18297): selection = type=? and index_=(select max(index_) from pushitemnew where type=?) , key = officalActivity
06-24 15:36:01.912 D/AirPushDBHelper(18297): selection = type=? and index_=(select max(index_) from pushitemnew where type=?) , key = news
06-24 15:36:01.913 D/AirPushDBHelper(18297): selection = type=? and index_=(select max(index_) from pushitemnew where type=?) , key = target
06-24 15:36:01.913 D/AirPushDBHelper(18297): selection = type=? and index_=(select max(index_) from pushitemnew where type=?) , key = batch
06-24 15:36:01.914 D/AirPushDBHelper(18297): selection = type=? and index_=(select max(index_) from pushitemnew where type=?) , key = skipTarget
06-24 15:36:01.914 D/AirPushDBHelper(18297): selection = type=? and index_=(select max(index_) from pushitemnew where type=?) , key = thirdApp
06-24 15:36:01.915 D/PushItem(18297): indexJson = {}
06-24 15:36:01.915 D/AirPushService(18297): dataJson = {}
06-24 15:36:01.915 V/AirPushService(18297): ver :e30%3D%0A
06-24 15:36:01.915 D/VersionManager(18297): httpsRequest getURL = https://mto.multiopen.cn/pushmess.php?ver=466&mainver=231200&data=e30%3D%0A&wxCode=1321&subchid=1&sdkV=8.0.0&pkg=com.excelliance.dualaid&chid=10019&issl=1&compver=54302&wxVerName=6.6.7&vn=4.0.6&model=stf-al10&api=26&brand=honor&aid=f0c2426fc7560cf5
06-24 15:36:01.916 D/NetworkSecurityConfig(18297): No Network Security Config specified, using platform default
06-24 15:36:01.933 D/GameUtil(18297): getSDKDataParam totalmem:5.60GB
06-24 15:36:01.936 D/VersionManager(18297): httpsRequest getURL = https://folder.appota.cn/genuser.php?chid=10019&subchid=1&vc=466&type=4&data=tbCbI6ooWmOSi%2BhP8At3K55rUDjOXjUCTTE1Q7OqeVGzpiL1Dx8z2UKsv%2F2w066OKzL65VOc%2FHNVNculXvpkfbOlpWKAPUf5ryVSFynVNa8UucDwm5e36rJ6e2Kpu%2B5ykc4DARTfkZV4Ad5N96d4%2BjApQCWZuWchybogtHpbAp5JGb2oE4RYpIUqF8au1pxTSmwBdD5PozvBfX2%2Bj4RIW8u13M8ksM63bQoy2eR4WdDx%2BqZexoey63Hms3xqJyQkd3PFvljbOMDFV5%2BIsI0F%2B0cTu0Poz37kp440m4BdEnDxUpl%2F2SWQiyGENywr4rII2GFixGV6F3FTP2B6Iz%2Bp9XPgTT1Q8jOobYd0%2B7qf7bpZ2AyYZuCae%2FN%2FDrbd9ARIKpXrBwZ7SdplMO1nzphjQUqGRQMAlrO9Oa0Du6EV17%2FgN7YtgBzuJRHbP0GgVSdnIEYbOUnjg9adLEk2nhpRcwGYdX7bJ5%2FC%2FGVy8QMvFO%2FVJ5uAYH82VV6bvSarVkuFeotJT4yadRHbDkYGgVZfCDPVS%2FOPcQttSZtkoN3AjIdEC3B%2BjPtytpdTQYFvI9Ol&issl=1
06-24 15:36:01.952 D/PMS1000 (  657): package:com.excelliance.dualaid, input flags:1024, output hwFlags:0
06-24 15:36:01.952 I/ActivityManager(  657): Need to start process com.excelliance.dualaid:lbcore for provider ContentProviderInfo{name=com.excelliance.dualaid:com.excelliance.kxqp.platform.PluginManagerProvider className=com.excelliance.kxqp.platform.PluginManagerProvider}, callerApp: ProcessRecord{52a7eda 18297:com.excelliance.dualaid/u0a1422}
06-24 15:36:01.952 V/ActivityManager(  657): startProcess: name=com.excelliance.dualaid:lbcore app=null knownToBeDead=false thread=null pid=-1
06-24 15:36:01.952 D/PMS1000 (  657): package:com.excelliance.dualaid, input flags:0, output hwFlags:0
06-24 15:36:01.961 I/        (18417): power log dlsym ok
06-24 15:36:01.961 I/ActivityManager(  657): Start proc 18417:com.excelliance.dualaid:lbcore/u0a1422 for content provider com.excelliance.dualaid/com.excelliance.kxqp.platform.PluginManagerProvider
06-24 15:36:01.962 V/ActivityManager_MU(  657): Waiting to start provider ContentProviderRecord{b464cf u0 com.excelliance.dualaid/com.excelliance.kxqp.platform.PluginManagerProvider} launchingApp=ProcessRecord{7c4712e 18417:com.excelliance.dualaid:lbcore/u0a1422} caller pid= 18297
06-24 15:36:01.963 I/zygote  (18417): Reinit property: dalvik.vm.checkjni= false
06-24 15:36:01.964 W/X509TrustManager(18297): checkServerTrusted: SignatureException:null
06-24 15:36:01.965 W/X509TrustManager(18297): checkServerTrusted: SignatureException:error:04000073:RSA routines:OPENSSL_internal:DATA_TOO_LARGE_FOR_MODULUS
06-24 15:36:01.968 D/ActivityThread(18417): ActivityThread,attachApplication
06-24 15:36:01.969 D/ActivityManager(  657): ActivityManagerService,attachApplication,callingPid = 18417
06-24 15:36:01.974 W//system/bin/hwservicemanager(  416): Cannot open /odm/manifest.xml
06-24 15:36:01.982 W/X509TrustManager(18297): checkServerTrusted: SignatureException:null
06-24 15:36:01.982 W/X509TrustManager(18297): checkServerTrusted: SignatureException:error:04000073:RSA routines:OPENSSL_internal:DATA_TOO_LARGE_FOR_MODULUS
06-24 15:36:01.986 W//system/bin/hwservicemanager(  416): Cannot open /odm/manifest.xml
06-24 15:36:01.986 D/HwFLClassLoader(18417): get used feature list :/feature/used-list failed!
06-24 15:36:01.986 D/HwFLClassLoader(18417): USE_FEATURE_LIST had not init! 
06-24 15:36:01.988 I/GRALLOC (  679): 	 shrFd=10,fmt=0x1,intFmt=0x1,btStrd=256,size=4096,pid=679 
06-24 15:36:01.988 I/GRALLOC (  679): 	 yuv=2,w=16,h=16,Stride u=0 v=0,offset u=0 v=0 
06-24 15:36:01.988 I/GRALLOC (  679): 	 iova_size=4096,conUsg=0x100,proUsg=0x100,	 strd=64,[afbc]HdrStrd=0 PyldStrd=0 Scrmbl=0,ionhnd = 1 
06-24 15:36:01.992 D/LogUtil_LogConfig( 3140): obtainSavePath(): path = 1
06-24 15:36:01.992 D/LogUtil_LogConfig( 3140): getLogFile(): logFilePath = /data/data/com.huawei.health/files/com.huawei.health/com.huawei.health_DaemonService/
06-24 15:36:01.992 D/LogUtil_LogConfig( 3140): obtainSavePath(): path = 1
06-24 15:36:01.992 D/LogUtil_LogConfig( 3140): acquireMaxLogFileLengthContainsOffset describe: com.huawei.health:DaemonService result:5242880
06-24 15:36:01.992 D/LogUtil_LogConfig( 3140): obtainSavePath(): path = 1
06-24 15:36:01.993 D/LogUtil_LogConfig( 3140): getLogFileRoot(): logFilePath = /data/data/com.huawei.health/files/com.huawei.health/com.huawei.health_DaemonService/
06-24 15:36:02.000 D/PMS11422(  657): package:com.excelliance.dualaid, input flags:128, output hwFlags:0
06-24 15:36:02.014 D/AirPushService(18297): result = {"period":"r","vip":{"index_":"","data":""},"update":{"index_":"","data":""},"officalActivity":{"index_":"","data":""},"news":{"index_":"","data":""},"target":{"index_":"","data":""},"batch":{"index_":"","data":""},"skipTarget":{"index_":"","data":""},"thirdApp":{"index_":"","data":""}}
06-24 15:36:02.015 D/AirPushService(18297): handleCheckerSaveToDB
06-24 15:36:02.015 D/AirPushUtils(18297): startDbOver
06-24 15:36:02.018 D/SmtServService(18297): db write over
06-24 15:36:02.019 D/SmtServService(18297): gameCenterFirstStart = true
06-24 15:36:02.046 D/launch-time-RU(18417): preload 24 classes cost 17ms
06-24 15:36:02.049 D/VersionManager(18297): uid=353
06-24 15:36:02.079 D/ActivityThread(18417): Loading provider com.excelliance.dualaid:com.excelliance.kxqp.platform.PluginManagerProvider: com.excelliance.kxqp.platform.PluginManagerProvider
06-24 15:36:02.079 D/PMS11422(  657): package:com.excelliance.dualaid, input flags:0, output hwFlags:0
06-24 15:36:02.089 D/PMS1000 (  657): package:com.excelliance.dualaid, input flags:8192, output hwFlags:0
06-24 15:36:02.091 D/PMS1001 (  657): package:com.excelliance.dualaid, input flags:0, output hwFlags:0
06-24 15:36:02.096 D/PMS11422(  657): package:com.excelliance.dualaid, input flags:0, output hwFlags:0
06-24 15:36:02.097 D/PMS11422(  657): package:com.excelliance.dualaid:lbcore, input flags:0, output is null
06-24 15:36:02.099 I/Bluetooth_framework(  657): BluetoothManagerService:Added callback: android.bluetooth.IBluetoothManagerCallback$Stub$Proxy@9aa723a:true pid = 18417
06-24 15:36:02.103 D/PMS11422(  657): package:com.excelliance.dualaid, input flags:128, output hwFlags:0
06-24 15:36:02.117 I/LBVMD-LBPMS(18417): LBVMRT: version 54302:543.02
06-24 15:36:02.118 E/zygote  (18417): Invalid capacity given to EnsureLocalCapacity: 800
06-24 15:36:02.130 I/HwCust  (18417): Constructor found for class android.net.HwCustConnectivityManagerImpl
06-24 15:36:02.130 D/HwCust  (18417): Create obj success use class android.net.HwCustConnectivityManagerImpl
06-24 15:36:02.139 D/PMS11422(  657): package:com.excelliance.dualaid, input flags:0, output hwFlags:0
06-24 15:36:02.147 V/HwWidgetFactory(18417): : successes to get AllImpl object and return....
06-24 15:36:02.148 D/PMS11422(  657): package:com.excelliance.dualaid, input flags:0, output hwFlags:0
06-24 15:36:02.151 E/MemoryLeakMonitorManager(18417): MemoryLeakMonitor.jar is not exist!
06-24 15:36:02.149 D/PMS11422(  657): package:com.excelliance.dualaid, input flags:0, output hwFlags:0
06-24 15:36:02.151 V/ActivityManager(  657): Successfully start provider ContentProviderRecord{b464cf u0 com.excelliance.dualaid/com.excelliance.kxqp.platform.PluginManagerProvider} launchingApp=ProcessRecord{7c4712e 18417:com.excelliance.dualaid:lbcore/u0a1422} caller pid= 18297
06-24 15:36:02.153 E/MemoryLeakMonitorManager(18417): MemoryLeakMonitor.jar is not exist!
06-24 15:36:02.153 D/KXQPApplication(18417): run: initUserManager
06-24 15:36:02.156 E/Minikin (18417): Could not get cmap table size!
06-24 15:36:02.156 D/PMS11422(  657): package:com.excelliance.dualaid, input flags:128, output hwFlags:0
06-24 15:36:02.156 E/MemoryLeakMonitorManager(18297): MemoryLeakMonitor.jar is not exist!
06-24 15:36:02.158 D/SmtServService(18297): MSG_LOAD_PLT after msg.obj
06-24 15:36:02.159 V/ActivityManager(  657): Attempted to start a foreground service (ComponentInfo{com.excelliance.dualaid/com.excelliance.kxqp.platform.TrampolineService}) with a broken notification (no icon: Notification(channel=null pri=0 contentView=null vibrate=null sound=null defaults=0x0 flags=0x40 color=0x00000000 vis=PRIVATE))
06-24 15:36:02.161 W/PackageParser(18417): No actions in intent filter at /data/app/com.huawei.hwid-Sc7ADDdoDYIYREll7tj_iw==/base.apk Binary XML file line #1412
06-24 15:36:02.162 E/zygote  (18417): Invalid capacity given to EnsureLocalCapacity: 592
06-24 15:36:02.163 W/PackageParser(18417): No actions in intent filter at /data/app/com.huawei.hwid-Sc7ADDdoDYIYREll7tj_iw==/base.apk Binary XML file line #1680
06-24 15:36:02.163 W/PackageParser(18417): No actions in intent filter at /data/app/com.huawei.hwid-Sc7ADDdoDYIYREll7tj_iw==/base.apk Binary XML file line #1694
06-24 15:36:02.197 D/HwNotificationManagerService(  657): recognize: tag=null, id=268435456, user=UserHandle{0}, pkg=com.excelliance.dualaid, uid=11422, callingPid=18417
06-24 15:36:02.197 D/PMS1000 (  657): package:com.excelliance.dualaid, input flags:0, output hwFlags:0
06-24 15:36:02.197 I/[HwRecSys]HwRecSysAidlService( 2647): doNotificationCollect -> current num:1
06-24 15:36:02.198 I/[HwRecSys]-Notification-NotificationUpdateController( 2647): startNotificationUpdate start!
06-24 15:36:02.198 W/SettingsEx( 2647): SettingsEx.Systemex.getInt deprecated use Settings.System.getInt instead ;callers=com.huawei.recsys.util.SystemUtil.getNotificationUpdateMode:169 com.huawei.recsys.util.SystemUtil.isAllowUpdate:104 com.huawei.recsys.controller.notification.http.NotificationUpdateController.startNotificationUpdate:85 
06-24 15:36:02.198 I/[HwRecSys]SystemUtil( 2647): isAllowUpdate mode:1
06-24 15:36:02.198 I/[HwRecSys]SystemUtil( 2647): isAllowUpdate isAllowUpdate:true
06-24 15:36:02.198 I/[HwRecSys]-Notification-NotificationUpdateController( 2647):  -> currentYear:2018
06-24 15:36:02.198 I/[HwRecSys]-Notification-NotificationUpdateController( 2647):  -> currentMonth:5
06-24 15:36:02.198 I/[HwRecSys]-Notification-NotificationUpdateController( 2647):  -> currentDay:24
06-24 15:36:02.198 I/[HwRecSys]-Notification-NotificationUpdateController( 2647):  -> oldYear:2018
06-24 15:36:02.198 I/[HwRecSys]-Notification-NotificationUpdateController( 2647):  -> oldMonth:5
06-24 15:36:02.198 I/[HwRecSys]-Notification-NotificationUpdateController( 2647):  -> oldDay:24
06-24 15:36:02.198 E/[HwRecSys]-Notification-NotificationUpdateController( 2647): startNotificationUpdate time is valid no need request
06-24 15:36:02.198 I/[HwRecSys]-Notification-NotificationController( 2647): doNotificationCollect start!
06-24 15:36:02.199 E/[HwRecSys]-Notification-NotificationController( 2647): HwDefaultLabels returnStr:107
06-24 15:36:02.199 E/[HwRecSys]-Notification-NotificationController( 2647): getChinese paramValue is null!
06-24 15:36:02.200 E/[HwRecSys]-Notification-NotificationController( 2647): doNotificationCollect getLabelByRegRules label:107
06-24 15:36:02.200 I/[HwRecSys]HwRecSysAidlService( 2647): doNotificationCollect ->  finally remote Num - 1 !
06-24 15:36:02.200 I/HwNotificationManagerService(  657): doNotificationCollect: pkg=com.excelliance.dualaid, uid=11422, hw_type=107, hw_btw=true
06-24 15:36:02.200 D/PMS1000 (  657): package:com.excelliance.dualaid, input flags:268435456, output hwFlags:0
06-24 15:36:02.200 D/PMS1000 (  657): package:com.excelliance.dualaid, input flags:0, output hwFlags:0
06-24 15:36:02.200 W/NotificationRecord(  657): Use default channel, The importance is:2
06-24 15:36:02.200 D/PMS1000 (  657): package:com.excelliance.dualaid, input flags:0, output hwFlags:0
06-24 15:36:02.201 V/ActivityManager(  657): Attempted to start a foreground service (ComponentInfo{com.excelliance.dualaid/com.excelliance.kxqp.platform.TrampolineService$EmptyService}) with a broken notification (no icon: Notification(channel=null pri=0 contentView=null vibrate=null sound=null defaults=0x0 flags=0x40 color=0x00000000 vis=PRIVATE))
06-24 15:36:02.204 D/HwNotificationManagerService(  657): recognize: tag=null, id=268435456, user=UserHandle{0}, pkg=com.excelliance.dualaid, uid=11422, callingPid=18417
06-24 15:36:02.204 D/PMS1000 (  657): package:com.excelliance.dualaid, input flags:0, output hwFlags:0
06-24 15:36:02.205 I/[HwRecSys]HwRecSysAidlService( 2647): doNotificationCollect -> current num:1
06-24 15:36:02.205 I/[HwRecSys]-Notification-NotificationUpdateController( 2647): startNotificationUpdate start!
06-24 15:36:02.205 W/SettingsEx( 2647): SettingsEx.Systemex.getInt deprecated use Settings.System.getInt instead ;callers=com.huawei.recsys.util.SystemUtil.getNotificationUpdateMode:169 com.huawei.recsys.util.SystemUtil.isAllowUpdate:104 com.huawei.recsys.controller.notification.http.NotificationUpdateController.startNotificationUpdate:85 
06-24 15:36:02.205 I/[HwRecSys]SystemUtil( 2647): isAllowUpdate mode:1
06-24 15:36:02.206 D/NotificationService(  657): mGameDndStatus is:false ,isGameDndSwitchOn is:false
06-24 15:36:02.206 I/[HwRecSys]SystemUtil( 2647): isAllowUpdate isAllowUpdate:true
06-24 15:36:02.206 I/[HwRecSys]-Notification-NotificationUpdateController( 2647):  -> currentYear:2018
06-24 15:36:02.206 I/[HwRecSys]-Notification-NotificationUpdateController( 2647):  -> currentMonth:5
06-24 15:36:02.206 I/[HwRecSys]-Notification-NotificationUpdateController( 2647):  -> currentDay:24
06-24 15:36:02.206 I/[HwRecSys]-Notification-NotificationUpdateController( 2647):  -> oldYear:2018
06-24 15:36:02.206 I/[HwRecSys]-Notification-NotificationUpdateController( 2647):  -> oldMonth:5
06-24 15:36:02.206 I/[HwRecSys]-Notification-NotificationUpdateController( 2647):  -> oldDay:24
06-24 15:36:02.206 E/[HwRecSys]-Notification-NotificationUpdateController( 2647): startNotificationUpdate time is valid no need request
06-24 15:36:02.206 I/[HwRecSys]-Notification-NotificationController( 2647): doNotificationCollect start!
06-24 15:36:02.207 I/Pged-IPgedBinderService(  769): ****action is 2, pid num is 6***
06-24 15:36:02.207 I/Pged-Freezer(  769): thawPids
06-24 15:36:02.208 E/[HwRecSys]-Notification-NotificationController( 2647): HwDefaultLabels returnStr:107
06-24 15:36:02.209 E/[HwRecSys]-Notification-NotificationController( 2647): getChinese paramValue is null!
06-24 15:36:02.211 D/PgedBinderAdapter( 1699): unfrz ok, pid: [29457, 29531, 29347, 27318, 29532]
06-24 15:36:02.213 W/zygote  (18417): Throwing OutOfMemoryError "EnsureLocalCapacity"
06-24 15:36:02.213 I/AppManager( 1699): app:com.excelliance.dualaid Notification update time:108501062
06-24 15:36:02.213 I/AppManager( 1699): app:com.excelliance.dualaid Notification persist:true  Ids:[268435456]
06-24 15:36:02.214 E/[HwRecSys]-Notification-NotificationController( 2647): doNotificationCollect getLabelByRegRules label:107
06-24 15:36:02.214 I/[HwRecSys]HwRecSysAidlService( 2647): doNotificationCollect ->  finally remote Num - 1 !
06-24 15:36:02.215 I/HwNotificationManagerService(  657): doNotificationCollect: pkg=com.excelliance.dualaid, uid=11422, hw_type=107, hw_btw=true
06-24 15:36:02.215 D/PMS1000 (  657): package:com.excelliance.dualaid, input flags:268435456, output hwFlags:0
06-24 15:36:02.215 D/PMS1000 (  657): package:com.excelliance.dualaid, input flags:0, output hwFlags:0
