06-24 16:18:14.385 V/VersionManager(16948): ver :eyJoaTYyNTBfbGF1bmNoIjoiMCIsImhpNjI1MF9hcHBsaXN0IjoiMCIsImhpNjI1MF9ub3RpZmlj%0AYXRpb24iOiIwIn0%3D%0A
06-24 16:18:14.390 W/X509TrustManager(16923): checkServerTrusted: SignatureException:null
06-24 16:18:14.390 V/UrlUtil (16948): https://mto.multiopen.cn/dynamicphoneres.php?sdkver=2009&apkver=466&vn=4.0.6&compver=54302&mainver=231200&ver=eyJoaTYyNTBfbGF1bmNoIjoiMCIsImhpNjI1MF9hcHBsaXN0IjoiMCIsImhpNjI1MF9ub3RpZmlj%0AYXRpb24iOiIwIn0%3D%0A&chid=10019&subchid=1&type=20&uflag=2&pkg=com.excelliance.dualaid&api=26&release=8.0.0&abi=armeabi-v7a&abi2=armeabi&abilist=arm64-v8a%2Carmeabi-v7a%2Carmeabi&abilist32=armeabi-v7a%2Carmeabi&abilist64=arm64-v8a&brand=HONOR&manufacturer=HUAWEI&model=STF-AL10&product=STF-AL10&issl=1&sign=30820271308201daa0030201020204520332c2300d06092a864886f70d0101050500307c310b300906035504061302434e3111300f060355040813085368616e
06-24 16:18:14.390 W/X509TrustManager(16923): checkServerTrusted: SignatureException:error:04000073:RSA routines:OPENSSL_internal:DATA_TOO_LARGE_FOR_MODULUS
06-24 16:18:14.390 D/VersionManager(16948): httpsRequest getURL = https://mto.multiopen.cn/dynamicphoneres.php?sdkver=2009&apkver=466&vn=4.0.6&compver=54302&mainver=231200&ver=eyJoaTYyNTBfbGF1bmNoIjoiMCIsImhpNjI1MF9hcHBsaXN0IjoiMCIsImhpNjI1MF9ub3RpZmlj%0AYXRpb24iOiIwIn0%3D%0A&chid=10019&subchid=1&type=20&uflag=2&pkg=com.excelliance.dualaid&api=26&release=8.0.0&abi=armeabi-v7a&abi2=armeabi&abilist=arm64-v8a%2Carmeabi-v7a%2Carmeabi&abilist32=armeabi-v7a%2Carmeabi&abilist64=arm64-v8a&brand=HONOR&manufacturer=HUAWEI&model=STF-AL10&product=STF-AL10&issl=1&sign=30820271308201daa0030201020204520332c2300d06092a864886f70d0101050500307c310b300906035504061302434e3111300f060355040813085368616e
06-24 16:18:14.399 D/PMS11422(  657): package:com.tencent.mm, input flags:0, output hwFlags:0
06-24 16:18:14.402 D/PMS11422(  657): package:com.tencent.mobileqq, input flags:0, output hwFlags:0
06-24 16:18:14.418 D/PMS11422(  657): package:com.tencent.mobileqq, input flags:0, output hwFlags:0
06-24 16:18:14.419 D/PMS11422(  657): package:com.ifreetalk.ftalk, input flags:0, output hwFlags:0
06-24 16:18:14.426 D/HwRecentsLockUtils( 1513): Search
06-24 16:18:14.426 E/HsmCoreServiceImpl( 1478): onTransact in code is: 103
06-24 16:18:14.426 I/MediaProcessHandler( 1478): playingUids: 
06-24 16:18:14.427 D/ActivityManager(  657): Skipping, home or recents stack task: TaskRecord{333215f #15658 A=com.huawei.android.launcher U=0 StackId=0 sz=1}
06-24 16:18:14.427 D/ActivityManager(  657): Skipping intent:act=android.intent.action.MAIN cat=[android.intent.category.LAUNCHER] flg=0x10a00000 cmp=io.appium.settings/.Settings
06-24 16:18:14.427 D/ActivityManager(  657): Skipping intent:flg=0x10804000 cmp=com.android.systemui/.recents.RecentsActivity bnds=[48,928][1032,2296]
06-24 16:18:14.427 D/ActivityManager(  657): Skipping intent:flg=0x18800000 cmp=com.tencent.mm/.plugin.base.stub.WXPayEntryActivity
06-24 16:18:14.427 D/ActivityManager(  657): Skipping intent:flg=0x10800000 cmp=com.huawei.systemmanager/com.huawei.permissionmanager.ui.MainActivity
06-24 16:18:14.427 D/ActivityManager(  657): Skipping intent:flg=0x18800000 cmp=com.tencent.mm/.plugin.base.stub.WXEntryActivity
06-24 16:18:14.427 D/ActivityManager(  657): Skipping intent:act=com.huawei.action.VOICE_ASSISTANT flg=0x10800000 pkg=com.huawei.vassistant cmp=com.huawei.vassistant/.ui.main.VAssistantActivity
06-24 16:18:14.427 D/ActivityManager(  657): Skipping intent:act=com.huawei.android.launcher.action.ACCESS_SPLIT_SCREEN_APP cat=[android.intent.category.DEFAULT] flg=0x10804000 cmp=com.huawei.android.launcher/.splitscreen.SplitScreenAppActivity
06-24 16:18:14.427 D/ActivityManager(  657): Skipping intent:flg=0x10800000 pkg=com.excelliance.dualaid.b64 cmp=com.excelliance.dualaid.b64/com.excelliance.kxqp.sdk.PermissionRequestActivity
06-24 16:18:14.427 D/ActivityManager(  657): Skipping intent:act=android.intent.action.VIEW dat=content://com.excelliance.dualaid.fileProvider/external_storage_root/Download/apk/Multiple_64.apk typ=application/vnd.android.package-archive flg=0x10800001 cmp=com.android.packageinstaller/.InstallStart
06-24 16:18:14.427 D/ActivityManager(  657): Skipping intent:flg=0x10800000 cmp=com.android.systemui/.usb.HwUsbDebuggingActivity
06-24 16:18:14.427 D/ActivityManager(  657): Skipping intent:act=android.deviceinfo.chooser.action.LAUNCH flg=0x10800000 hwFlg=0x100 pkg=com.android.settings cmp=com.android.settings/.deviceinfo.UsbConnModeChooserActivity
06-24 16:18:14.427 D/ActivityManager(  657): Skipping intent:flg=0x10800000 cmp=com.zol.android/.push.KeepLiveActivity
06-24 16:18:14.427 D/ActivityManager(  657): Skipping intent:act=android.intent.action.MAIN cat=[android.intent.category.HOME] flg=0x10800300 cmp=com.android.settings/.FallbackHome
06-24 16:18:14.432 W/X509TrustManager(16948): checkServerTrusted: SignatureException:null
06-24 16:18:14.432 W/X509TrustManager(16948): checkServerTrusted: SignatureException:error:04000073:RSA routines:OPENSSL_internal:DATA_TOO_LARGE_FOR_MODULUS
06-24 16:18:14.435 D/HelloActivity(16923): onSuccess: respone:{"code":1,"message":"success","data":{"switch":1},"service":"onekeyswitch"}
06-24 16:18:14.435 D/PMS11422(  657): package:com.ifreetalk.ftalk, input flags:0, output hwFlags:0
06-24 16:18:14.436 V/HelloActivity(16923): end add appType：0
06-24 16:18:14.440 I/zygote  (16923): Do partial code cache collection, code=63KB, data=51KB
06-24 16:18:14.440 I/zygote  (16923): After code cache collection, code=62KB, data=51KB
06-24 16:18:14.440 I/zygote  (16923): Increasing code cache capacity to 256KB
06-24 16:18:14.453 I/NetworkSpeedManagerEx( 1513): mIsStop = false
06-24 16:18:14.453 I/NetworkSpeedManagerEx( 1513):  runInThread getTetherStats
06-24 16:18:14.453 I/NetworkSpeedManagerEx( 1513):  runInUI refreshSpeed
06-24 16:18:14.454 I/NetworkSpeedManagerEx( 1513): value=4424.6665speed = 4.3
06-24 16:18:14.454 I/NetworkSpeedManagerEx( 1513): K/smIsShowLastSpeedValuefalse
06-24 16:18:14.454 I/NetworkSpeedView( 1513): /update(), speed=4.3
06-24 16:18:14.454 I/NetworkSpeedView( 1513): K/s parent class:class com.android.systemui.statusbar.HwSystemIcons
06-24 16:18:14.455 D/ActivityThread(16923): add activity client record, r= ActivityRecord{2c2a792 token=android.os.BinderProxy@f7a1593 {com.excelliance.dualaid/com.excelliance.kxqp.ui.HelloActivity}} token= android.os.BinderProxy@f7a1593
06-24 16:18:14.458 D/OpenGLRenderer(16923):   HWUI Binary is  enabled
06-24 16:18:14.459 I/zygote64(  657): Background concurrent copying GC freed 669098(24MB) AllocSpace objects, 38(760KB) LOS objects, 31% free, 53MB/77MB, paused 376us total 152.001ms
06-24 16:18:14.459 V/WindowManager(  657): Adding Window{2f6173d u0 com.excelliance.dualaid/com.excelliance.kxqp.ui.HelloActivity} to AppWindowToken{1dceeef token=Token{4ae4fce ActivityRecord{85d3cc9 u0 com.excelliance.dualaid/com.excelliance.kxqp.ui.HelloActivity t16033}}}
06-24 16:18:14.459 V/WindowManager(  657): addWindow: New client android.os.BinderProxy@40dcce7: window=Window{2f6173d u0 com.excelliance.dualaid/com.excelliance.kxqp.ui.HelloActivity} Callers=com.android.server.wm.HwWindowManagerService.addWindow:562 com.android.server.wm.Session.addToDisplay:199 android.view.IWindowSession$Stub.onTransact:124 com.android.server.wm.Session.onTransact:161 android.os.Binder.execTransact:675 
06-24 16:18:14.461 V/MainActivity(16923): onWindowFocusChanged: false
06-24 16:18:14.461 D/MainActivity(16923): onWindowFocusChanged: end
06-24 16:18:14.461 D/HelloActivity(16923): upload: com.tencent.mm,com.tencent.mobileqq,com.ifreetalk.ftalk
06-24 16:18:14.463 E/SmtServService(16948): firststartcom.tencent.mm,com.tencent.mobileqq,com.ifreetalk.ftalk
06-24 16:18:14.463 D/OpenGLRenderer(16923):   HWUI Binary is  enabled
06-24 16:18:14.466 D/PMS11422(  657): package:com.android.mms, input flags:0, output hwFlags:0
06-24 16:18:14.466 D/PMS11422(  657): package:com.android.settings, input flags:0, output hwFlags:0
06-24 16:18:14.467 D/PMS11422(  657): package:com.android.contacts, input flags:0, output hwFlags:0
06-24 16:18:14.471 I/NetworkSpeedManagerEx( 1513): mIsStop = false
06-24 16:18:14.471 I/NetworkSpeedManagerEx( 1513):  runInThread getTetherStats
06-24 16:18:14.472 I/NetworkSpeedManagerEx( 1513):  runInUI refreshSpeed
06-24 16:18:14.473 I/NetworkSpeedManagerEx( 1513): value=4424.6665speed = 4.3
06-24 16:18:14.473 I/NetworkSpeedManagerEx( 1513): K/smIsShowLastSpeedValuefalse
06-24 16:18:14.473 I/NetworkSpeedView( 1513): /update(), speed=4.3
06-24 16:18:14.473 I/NetworkSpeedView( 1513): K/s parent class:class com.android.systemui.statusbar.HwSystemIcons
06-24 16:18:14.478 V/WindowManager(  657): Checking 1 opening apps (frozen=false timeout=false)...
06-24 16:18:14.478 V/WindowManager(  657): Check opening app=AppWindowToken{1dceeef token=Token{4ae4fce ActivityRecord{85d3cc9 u0 com.excelliance.dualaid/com.excelliance.kxqp.ui.HelloActivity t16033}}}: allDrawn=false startingDisplayed=false startingMoved=false isRelaunching()=false
06-24 16:18:14.480 V/HwPhoneWindowManager(  657): updateSystemUiColorLw window=Window{2f6173d u0 com.excelliance.dualaid/com.excelliance.kxqp.ui.HelloActivity},EmuiStyle=0,StatusBarColor=0x0,NavigationBarColor=0xff000000, mLastIsEmuiLightStyle=-1
06-24 16:18:14.481 D/HwPhoneWindowManager(  657): Transact:setSystemUIColor to status bar service
06-24 16:18:14.481 I/CommandQueue( 1513): updateBarBgColor
06-24 16:18:14.481 D/CommandQueue( 1513): CommandQueue, setBarBackgroundColor
06-24 16:18:14.481 I/WindowManager(  657): notifyAccessibilityButtonVisibilityChanged visible:false
06-24 16:18:14.482 D/TintManager( 1513): statusBarIconTint=#99FFFFFF,navigationBarIconTint=#FF000000
06-24 16:18:14.482 W/ActivityManager(  657): Sending non-protected broadcast huawei.action.floattasks.STATUS_BAR_STATE_CHANGED from system 1513:com.android.systemui/u0a39 pkg com.android.systemui
06-24 16:18:14.482 V/WindowManager(  657): Checking 1 opening apps (frozen=false timeout=false)...
06-24 16:18:14.482 V/WindowManager(  657): Check opening app=AppWindowToken{1dceeef token=Token{4ae4fce ActivityRecord{85d3cc9 u0 com.excelliance.dualaid/com.excelliance.kxqp.ui.HelloActivity t16033}}}: allDrawn=false startingDisplayed=false startingMoved=false isRelaunching()=false
06-24 16:18:14.483 D/PMS1000 (  657): package:com.excelliance.dualaid, input flags:8192, output hwFlags:0
06-24 16:18:14.484 W/HSM     ( 1813): HoldService:toast switch is close!
06-24 16:18:14.484 D/mali_winsys(16923): EGLint new_window_surface(egl_winsys_display *, void *, EGLSurface, EGLConfig, egl_winsys_surface **, egl_color_buffer_format *, EGLBoolean) returns 0x3000
06-24 16:18:14.485 D/ApplicationPackageManager(16923): getInstalledApplications blocked
06-24 16:18:14.485 D/HsmInterfaceImpl(16923): List [ApplicationInfo{c67b351 com.huawei.hifolder}, ApplicationInfo{27037b6 com.github.shadowsocks}, ApplicationInfo{7855cb7 com.excelliance.dualaid}]
06-24 16:18:14.486 I/GRALLOC (  679): 	 shrFd=10,fmt=0x1,intFmt=0x200000001,btStrd=4352,size=8486912,pid=679 
06-24 16:18:14.486 I/GRALLOC (  679): 	 yuv=2,w=1080,h=1920,Stride u=0 v=0,offset u=0 v=0 
06-24 16:18:14.486 I/GRALLOC (  679): 	 iova_size=8486912,conUsg=0x900,proUsg=0x900,	 strd=1088,[afbc]HdrStrd=1088 PyldStrd=69632 Scrmbl=2,ionhnd = 1 
06-24 16:18:14.486 D/VersionManager(16948): xml=<?xml version="1.0" encoding="utf-8"?><upinfo></upinfo>
06-24 16:18:14.487 W//system/bin/hwservicemanager(  416): Cannot open /odm/manifest.xml
06-24 16:18:14.488 V/WindowManager(  657): Checking 1 opening apps (frozen=false timeout=false)...
06-24 16:18:14.488 V/WindowManager(  657): Check opening app=AppWindowToken{1dceeef token=Token{4ae4fce ActivityRecord{85d3cc9 u0 com.excelliance.dualaid/com.excelliance.kxqp.ui.HelloActivity t16033}}}: allDrawn=false startingDisplayed=false startingMoved=false isRelaunching()=false
06-24 16:18:14.488 I/GRALLOC (  679): 	 shrFd=10,fmt=0x1,intFmt=0x200000001,btStrd=4352,size=8486912,pid=679 
06-24 16:18:14.488 I/GRALLOC (  679): 	 yuv=2,w=1080,h=1920,Stride u=0 v=0,offset u=0 v=0 
06-24 16:18:14.488 I/GRALLOC (  679): 	 iova_size=8486912,conUsg=0x900,proUsg=0x900,	 strd=1088,[afbc]HdrStrd=1088 PyldStrd=69632 Scrmbl=2,ionhnd = 1 
06-24 16:18:14.498 D/PMS11422(  657): package:com.tencent.tmgp.qqx5, input flags:0, output hwFlags:0
06-24 16:18:14.498 D/PMS11422(  657): package:com.huawei.android.pushagent, input flags:0, output hwFlags:0
06-24 16:18:14.499 D/PMS11422(  657): package:com.huawei.appmarket, input flags:0, output hwFlags:0
06-24 16:18:14.499 D/PMS11422(  657): package:com.wandoujia.phoenix2, input flags:0, output hwFlags:0
06-24 16:18:14.499 D/PMS11422(  657): package:com.tencent.mm, input flags:0, output hwFlags:0
06-24 16:18:14.499 D/PMS11422(  657): package:com.android.providers.media, input flags:0, output hwFlags:0
06-24 16:18:14.499 D/PMS11422(  657): package:com.huawei.vassistant, input flags:0, output hwFlags:0
06-24 16:18:14.499 D/PMS11422(  657): package:com.android.contacts, input flags:0, output hwFlags:0
06-24 16:18:14.499 D/PMS11422(  657): package:com.facebook.katana, input flags:0, output hwFlags:0
06-24 16:18:14.500 D/PMS11422(  657): package:com.huawei.hidisk, input flags:0, output hwFlags:536870912
06-24 16:18:14.500 D/PMS11422(  657): package:com.huawei.trustcircle, input flags:0, output hwFlags:0
06-24 16:18:14.500 D/PMS11422(  657): package:com.jingdong.app.mall, input flags:0, output hwFlags:0
06-24 16:18:14.500 D/PMS11422(  657): package:com.tencent.mobileqq, input flags:0, output hwFlags:0
06-24 16:18:14.500 D/PMS11422(  657): package:com.zol.android, input flags:0, output hwFlags:0
06-24 16:18:14.500 D/PMS11422(  657): package:com.huawei.hiskytone, input flags:0, output hwFlags:603979776
06-24 16:18:14.500 D/PMS11422(  657): package:com.huawei.hwid, input flags:0, output hwFlags:0
06-24 16:18:14.501 D/PMS11422(  657): package:com.sina.weibo, input flags:0, output hwFlags:0
06-24 16:18:14.501 D/PMS11422(  657): package:com.antutu.ABenchMark, input flags:0, output hwFlags:0
06-24 16:18:14.501 D/PMS11422(  657): package:com.sankuai.meituan.takeoutnew, input flags:0, output hwFlags:0
06-24 16:18:14.501 D/PMS11422(  657): package:com.vmall.client, input flags:0, output hwFlags:67108864
06-24 16:18:14.501 D/PMS11422(  657): package:com.android.browser, input flags:0, output hwFlags:0
06-24 16:18:14.501 D/PMS11422(  657): package:com.eg.android.AlipayGphone, input flags:0, output hwFlags:0
06-24 16:18:14.501 D/PMS11422(  657): package:com.android.mediacenter, input flags:0, output hwFlags:0
06-24 16:18:14.502 D/PMS11422(  657): package:com.huawei.himovie, input flags:0, output hwFlags:0
06-24 16:18:14.502 D/PMS11422(  657): package:com.huawei.hnreader, input flags:0, output hwFlags:67108864
06-24 16:18:14.502 D/PMS11422(  657): package:com.twitter.android, input flags:0, output hwFlags:0
06-24 16:18:14.502 D/PMS11422(  657): package:com.baidu.input_huawei, input flags:0, output hwFlags:0
06-24 16:18:14.502 D/PMS11422(  657): package:com.google.android.gms, input flags:0, output hwFlags:0
06-24 16:18:14.502 D/PMS11422(  657): package:com.sankuai.meituan, input flags:0, output hwFlags:0
06-24 16:18:14.502 D/PMS11422(  657): package:com.tencent.news, input flags:0, output hwFlags:0
06-24 16:18:14.502 D/PMS11422(  657): package:com.iflytek.speechsuite, input flags:0, output hwFlags:0
06-24 16:18:14.503 D/PMS11422(  657): package:com.qzone, input flags:0, output is null
06-24 16:18:14.503 D/PMS11422(  657): package:com.tencent.android.qqdownloader, input flags:0, output hwFlags:0
06-24 16:18:14.503 D/PMS11422(  657): package:com.tencent.now, input flags:0, output is null
06-24 16:18:14.503 D/PMS11422(  657): package:com.ifreetalk.ftalk, input flags:0, output hwFlags:0
06-24 16:18:14.503 D/PMS11422(  657): package:com.taobao.taobao, input flags:0, output hwFlags:0
06-24 16:18:14.503 D/PMS11422(  657): package:com.android.gallery3d, input flags:0, output hwFlags:0
06-24 16:18:14.503 D/PMS11422(  657): package:com.pp.assistant, input flags:0, output hwFlags:0
06-24 16:18:14.504 D/PMS11422(  657): package:com.oppo.market, input flags:0, output hwFlags:0
06-24 16:18:14.504 D/PMS11422(  657): package:com.excean.wxaid, input flags:0, output hwFlags:0
06-24 16:18:14.504 D/PMS11422(  657): package:com.huawei.intelligent, input flags:0, output hwFlags:0
06-24 16:18:14.504 D/PMS11422(  657): package:com.google.android.backuptransport, input flags:0, output hwFlags:0
06-24 16:18:14.504 D/PMS11422(  657): package:com.huawei.skytone, input flags:0, output hwFlags:0
06-24 16:18:14.504 D/PMS11422(  657): package:com.estrongs.android.pop, input flags:0, output hwFlags:0
06-24 16:18:14.504 D/PMS11422(  657): package:com.redfinger.app, input flags:0, output hwFlags:0
06-24 16:18:14.504 D/PMS11422(  657): package:com.android.vending, input flags:0, output hwFlags:0
06-24 16:18:14.505 D/PMS11422(  657): package:org.hapjs.mockup, input flags:0, output hwFlags:0
06-24 16:18:14.505 D/PMS11422(  657): package:com.huawei.gamebox, input flags:0, output hwFlags:603979776
06-24 16:18:14.505 D/PMS11422(  657): package:com.tencent.tmgp.pubgmhd-ext, input flags:0, output is null
06-24 16:18:14.505 D/PMS11422(  657): package:com.stickgame.los2, input flags:0, output hwFlags:0
06-24 16:18:14.505 D/PMS11422(  657): package:com.qihoo.appstore, input flags:0, output hwFlags:0
06-24 16:18:14.505 D/PMS11422(  657): package:com.huawei.android.thememanager, input flags:0, output hwFlags:0
06-24 16:18:14.506 D/PMS11422(  657): package:com.excean.parallelspace, input flags:0, output hwFlags:0
06-24 16:18:14.506 D/PMS11422(  657): package:com.UCMobile, input flags:0, output hwFlags:0
06-24 16:18:14.506 D/PMS11422(  657): package:com.bbk.appstore, input flags:0, output hwFlags:0
06-24 16:18:14.506 D/PMS11422(  657): package:com.excean.ppaid, input flags:0, output hwFlags:0
06-24 16:18:14.506 D/PMS11422(  657): package:com.netease.blockchain, input flags:0, output hwFlags:0
06-24 16:18:14.506 D/PMS11422(  657): package:com.huawei.camera, input flags:0, output hwFlags:0
06-24 16:18:14.506 D/PMS11422(  657): package:com.sinovatech.unicom.ui, input flags:0, output hwFlags:0
06-24 16:18:14.507 D/PMS11422(  657): package:com.huawei.phoneservice, input flags:0, output hwFlags:0
06-24 16:18:14.507 D/PMS11422(  657): package:com.crisisfire.android.nearme.gamecenter, input flags:0, output hwFlags:0
06-24 16:18:14.507 D/PMS11422(  657): package:com.antutu.benchmark.full, input flags:0, output hwFlags:0
06-24 16:18:14.507 D/PMS11422(  657): package:com.xunmeng.pinduoduo, input flags:0, output hwFlags:0
06-24 16:18:14.507 D/PMS11422(  657): package:com.zhuowang.cloneapp, input flags:0, output hwFlags:0
06-24 16:18:14.507 D/PMS11422(  657): package:com.excean.parallelspace.b64, input flags:0, output hwFlags:0
06-24 16:18:14.507 D/PMS11422(  657): package:com.excelliance.multiaccounts.b64, input flags:0, output hwFlags:0
06-24 16:18:14.507 D/PMS11422(  657): package:com.xiangyou.multispace, input flags:0, output hwFlags:0
06-24 16:18:14.508 D/PMS11422(  657): package:com.youlong.multiaccount, input flags:0, output hwFlags:0
06-24 16:18:14.509 D/PMS11422(  657): package:com.gameloft.android.ANMP.GloftA9HM, input flags:0, output hwFlags:0
06-24 16:18:14.509 W/InputMethodManager(16923): startInputReason = 1
06-24 16:18:14.509 D/PMS11422(  657): package:com.excelliance.dualaid.b64, input flags:0, output hwFlags:0
06-24 16:18:14.509 D/AddGameData(16923): switch_uninstall: 70
06-24 16:18:14.511 D/PMS1000 (  657): package:com.excelliance.dualaid, input flags:8192, output hwFlags:0
06-24 16:18:14.512 W/HSM     ( 1813): HoldService:toast switch is close!
06-24 16:18:14.512 I/wangchen( 7035): SysInfo.getSysParam: orientation=1||config d=3.0,w=1080,h=1920||metrics d=3.0,w=1080,h=1920||sdk=26,bar_h=72
06-24 16:18:14.512 I/KeymapLoader( 7035): w=1080 h=1920 ori=true appScale=3.3 s1=3.0
06-24 16:18:14.512 D/ApplicationPackageManager(16923): queryIntentActivitiesAsUser blocked, Intent { act=android.intent.action.MAIN cat=[android.intent.category.LAUNCHER] pkg=com.huawei.hifolder }
06-24 16:18:14.513 D/HsmInterfaceImpl(16923): List []
06-24 16:18:14.516 D/PMS1000 (  657): package:com.excelliance.dualaid, input flags:8192, output hwFlags:0
06-24 16:18:14.517 W/HSM     ( 1813): HoldService:toast switch is close!
06-24 16:18:14.518 D/ApplicationPackageManager(16923): queryIntentActivitiesAsUser blocked, Intent { act=android.intent.action.MAIN cat=[android.intent.category.LAUNCHER] pkg=com.github.shadowsocks }
06-24 16:18:14.518 D/HsmInterfaceImpl(16923): List [ResolveInfo{57d5949 com.github.shadowsocks/.MainActivity m=0x108000}]
06-24 16:18:14.523 I/GRALLOC (  679): 	 shrFd=10,fmt=0x1,intFmt=0x200000001,btStrd=4352,size=8486912,pid=679 
06-24 16:18:14.523 I/GRALLOC (  679): 	 yuv=2,w=1080,h=1920,Stride u=0 v=0,offset u=0 v=0 
06-24 16:18:14.523 I/GRALLOC (  679): 	 iova_size=8486912,conUsg=0xb00,proUsg=0xb00,	 strd=1088,[afbc]HdrStrd=1088 PyldStrd=69632 Scrmbl=2,ionhnd = 1 
06-24 16:18:14.531 D/WindowManager(  657): finishDrawingWindow: Window{2f6173d u0 com.excelliance.dualaid/com.excelliance.kxqp.ui.HelloActivity} mDrawState=DRAW_PENDING
06-24 16:18:14.533 V/WindowManager(  657): Checking 1 opening apps (frozen=false timeout=false)...
06-24 16:18:14.533 V/WindowManager(  657): Check opening app=AppWindowToken{1dceeef token=Token{4ae4fce ActivityRecord{85d3cc9 u0 com.excelliance.dualaid/com.excelliance.kxqp.ui.HelloActivity t16033}}}: allDrawn=true startingDisplayed=false startingMoved=false isRelaunching()=false
06-24 16:18:14.540 V/WindowManager(  657): Checking 0 opening apps (frozen=false timeout=false)...
06-24 16:18:14.543 D/BarTransitions.HwPhoneStatusBarView( 1513): MODE_TRANSLUCENT -> MODE_TRANSPARENT animate=false
06-24 16:18:14.543 D/BarTransitions.HwPhoneStatusBarView( 1513): applyModeBackground oldMode=MODE_TRANSLUCENT newMode=MODE_TRANSPARENT animate=false
06-24 16:18:14.544 I/ActivityManager(  657): Displayed com.excelliance.dualaid/com.excelliance.kxqp.ui.HelloActivity: +214ms
06-24 16:18:14.545 D/PMS1000 (  657): package:com.excelliance.dualaid, input flags:8192, output hwFlags:0
06-24 16:18:14.545 I/GRALLOC (  679): 	 shrFd=10,fmt=0x1,intFmt=0x200000001,btStrd=4352,size=8486912,pid=679 
06-24 16:18:14.545 I/GRALLOC (  679): 	 yuv=2,w=1080,h=1920,Stride u=0 v=0,offset u=0 v=0 
06-24 16:18:14.545 I/GRALLOC (  679): 	 iova_size=8486912,conUsg=0xb00,proUsg=0xb00,	 strd=1088,[afbc]HdrStrd=1088 PyldStrd=69632 Scrmbl=2,ionhnd = 1 
06-24 16:18:14.546 W/HSM     ( 1813): HoldService:toast switch is close!
06-24 16:18:14.548 D/ApplicationPackageManager(16923): queryIntentActivitiesAsUser blocked, Intent { act=android.intent.action.MAIN cat=[android.intent.category.LAUNCHER] pkg=com.excelliance.dualaid }
06-24 16:18:14.548 D/HsmInterfaceImpl(16923): List [ResolveInfo{e2d9f6f com.excelliance.dualaid/com.excelliance.kxqp.ui.HelloActivity m=0x108000}]
06-24 16:18:14.549 I/GRALLOC (  679): 	 shrFd=10,fmt=0x1,intFmt=0x200000001,btStrd=4352,size=8486912,pid=679 
06-24 16:18:14.549 I/GRALLOC (  679): 	 yuv=2,w=1080,h=1920,Stride u=0 v=0,offset u=0 v=0 
06-24 16:18:14.549 I/GRALLOC (  679): 	 iova_size=8486912,conUsg=0xb00,proUsg=0xb00,	 strd=1088,[afbc]HdrStrd=1088 PyldStrd=69632 Scrmbl=2,ionhnd = 1 
06-24 16:18:14.553 D/BarTransitions.HwNavigationBarView( 1513): MODE_OPAQUE -> MODE_TRANSPARENT animate=false
06-24 16:18:14.553 D/BarTransitions.HwNavigationBarView( 1513): applyModeBackground oldMode=MODE_OPAQUE newMode=MODE_TRANSPARENT animate=false
06-24 16:18:14.553 E/BufferQueueProducer(  710): [com.excelliance.dualaid/com.excelliance.kxqp.swipe.NavActivity2#0] disconnect: not connected (req=1)
06-24 16:18:14.554 W/libEGL  (16923): EGLNativeWindowType 0xd0cb6808 disconnect failed
06-24 16:18:14.582 W/HSM     ( 1813): HoldService:toast switch is close!
06-24 16:18:14.583 D/ApplicationPackageManager(16923): queryIntentActivitiesAsUser blocked, Intent { act=android.intent.action.MAIN cat=[android.intent.category.LAUNCHER] pkg=com.tencent.tmgp.qqx5 }
06-24 16:18:14.583 D/HsmInterfaceImpl(16923): List [ResolveInfo{8b94105 com.tencent.tmgp.qqx5/.DGMMainActivity m=0x108000}]
06-24 16:18:14.625 D/PMS1000 (  657): package:com.excelliance.dualaid, input flags:8192, output hwFlags:0
06-24 16:18:14.626 W/HSM     ( 1813): HoldService:toast switch is close!
06-24 16:18:14.627 D/ApplicationPackageManager(16923): queryIntentActivitiesAsUser blocked, Intent { act=android.intent.action.MAIN cat=[android.intent.category.LAUNCHER] pkg=com.huawei.android.pushagent }
06-24 16:18:14.627 D/HsmInterfaceImpl(16923): List []
06-24 16:18:14.630 W/HSM     ( 1813): HoldService:toast switch is close!
06-24 16:18:14.631 D/ApplicationPackageManager(16923): queryIntentActivitiesAsUser blocked, Intent { act=android.intent.action.MAIN cat=[android.intent.category.LAUNCHER] pkg=com.huawei.appmarket }
06-24 16:18:14.631 D/HsmInterfaceImpl(16923): List [ResolveInfo{81ec38b com.huawei.appmarket/.MainActivity m=0x108000}]
06-24 16:18:14.635 E/asset   (16923): createFromFile(): lock file /data/resource-cache/system@emui@base@overlay@frameworkhwexthonor@frameworkhwexthonor.apk@idmap.
06-24 16:18:14.635 E/asset   (16923): createFromFile(): lock file /data/resource-cache/system@emui@base@overlay@frameworkhwexthonor@frameworkhwexthonor.apk@idmap.
06-24 16:18:14.635 W/ResourceType(16923): Found multiple library tables, ignoring...
06-24 16:18:14.639 D/HwRecentsLockUtils( 1513): Search
06-24 16:18:14.639 E/HsmCoreServiceImpl( 1478): onTransact in code is: 103
06-24 16:18:14.639 I/MediaProcessHandler( 1478): playingUids: 
06-24 16:18:14.640 D/ActivityManager(  657): Skipping, home or recents stack task: TaskRecord{333215f #15658 A=com.huawei.android.launcher U=0 StackId=0 sz=1}
06-24 16:18:14.640 D/ActivityManager(  657): Skipping intent:act=android.intent.action.MAIN cat=[android.intent.category.LAUNCHER] flg=0x10a00000 cmp=io.appium.settings/.Settings
06-24 16:18:14.640 D/ActivityManager(  657): Skipping intent:flg=0x10804000 cmp=com.android.systemui/.recents.RecentsActivity bnds=[48,928][1032,2296]
06-24 16:18:14.640 D/ActivityManager(  657): Skipping intent:flg=0x18800000 cmp=com.tencent.mm/.plugin.base.stub.WXPayEntryActivity
06-24 16:18:14.640 D/ActivityManager(  657): Skipping intent:flg=0x10800000 cmp=com.huawei.systemmanager/com.huawei.permissionmanager.ui.MainActivity
06-24 16:18:14.640 D/ActivityManager(  657): Skipping intent:flg=0x18800000 cmp=com.tencent.mm/.plugin.base.stub.WXEntryActivity
06-24 16:18:14.640 D/ActivityManager(  657): Skipping intent:act=com.huawei.action.VOICE_ASSISTANT flg=0x10800000 pkg=com.huawei.vassistant cmp=com.huawei.vassistant/.ui.main.VAssistantActivity
06-24 16:18:14.640 D/ActivityManager(  657): Skipping intent:act=com.huawei.android.launcher.action.ACCESS_SPLIT_SCREEN_APP cat=[android.intent.category.DEFAULT] flg=0x10804000 cmp=com.huawei.android.launcher/.splitscreen.SplitScreenAppActivity
06-24 16:18:14.640 D/ActivityManager(  657): Skipping intent:flg=0x10800000 pkg=com.excelliance.dualaid.b64 cmp=com.excelliance.dualaid.b64/com.excelliance.kxqp.sdk.PermissionRequestActivity
06-24 16:18:14.640 D/ActivityManager(  657): Skipping intent:act=android.intent.action.VIEW dat=content://com.excelliance.dualaid.fileProvider/external_storage_root/Download/apk/Multiple_64.apk typ=application/vnd.android.package-archive flg=0x10800001 cmp=com.android.packageinstaller/.InstallStart
06-24 16:18:14.640 D/ActivityManager(  657): Skipping intent:flg=0x10800000 cmp=com.android.systemui/.usb.HwUsbDebuggingActivity
06-24 16:18:14.640 D/ActivityManager(  657): Skipping intent:act=android.deviceinfo.chooser.action.LAUNCH flg=0x10800000 hwFlg=0x100 pkg=com.android.settings cmp=com.android.settings/.deviceinfo.UsbConnModeChooserActivity
06-24 16:18:14.640 D/ActivityManager(  657): Skipping intent:flg=0x10800000 cmp=com.zol.android/.push.KeepLiveActivity
06-24 16:18:14.640 D/ActivityManager(  657): Skipping intent:act=android.intent.action.MAIN cat=[android.intent.category.HOME] flg=0x10800300 cmp=com.android.settings/.FallbackHome
06-24 16:18:14.664 D/PMS1000 (  657): package:com.excelliance.dualaid, input flags:8192, output hwFlags:0
06-24 16:18:14.665 W/HSM     ( 1813): HoldService:toast switch is close!
06-24 16:18:14.665 D/ApplicationPackageManager(16923): queryIntentActivitiesAsUser blocked, Intent { act=android.intent.action.MAIN cat=[android.intent.category.LAUNCHER] pkg=com.wandoujia.phoenix2 }
06-24 16:18:14.666 D/HsmInterfaceImpl(16923): List [ResolveInfo{73d7d26 com.wandoujia.phoenix2/com.pp.assistant.activity.PPMainActivity m=0x108000}]
06-24 16:18:14.694 D/PMS1000 (  657): package:com.excelliance.dualaid, input flags:8192, output hwFlags:0
06-24 16:18:14.695 W/HSM     ( 1813): HoldService:toast switch is close!
06-24 16:18:14.696 D/ApplicationPackageManager(16923): queryIntentActivitiesAsUser blocked, Intent { act=android.intent.action.MAIN cat=[android.intent.category.LAUNCHER] pkg=com.tencent.mm }
06-24 16:18:14.696 D/HsmInterfaceImpl(16923): List [ResolveInfo{7694714 com.tencent.mm/.ui.LauncherUI m=0x108000}]
06-24 16:18:14.710 W/HSM     ( 1813): HoldService:toast switch is close!
06-24 16:18:14.711 D/ApplicationPackageManager(16923): queryIntentActivitiesAsUser blocked, Intent { act=android.intent.action.MAIN cat=[android.intent.category.LAUNCHER] pkg=com.android.providers.media }
06-24 16:18:14.711 D/HsmInterfaceImpl(16923): List []
06-24 16:18:14.715 W/HSM     ( 1813): HoldService:toast switch is close!
06-24 16:18:14.715 D/ApplicationPackageManager(16923): queryIntentActivitiesAsUser blocked, Intent { act=android.intent.action.MAIN cat=[android.intent.category.LAUNCHER] pkg=com.huawei.vassistant }
06-24 16:18:14.715 D/HsmInterfaceImpl(16923): List [ResolveInfo{8f38bbd com.huawei.vassistant/.ui.main.VAssistantActivity m=0x108000}]
06-24 16:18:14.719 E/asset   (16923): createFromFile(): lock file /data/resource-cache/system@emui@base@overlay@frameworkhwexthonor@frameworkhwexthonor.apk@idmap.
06-24 16:18:14.719 E/asset   (16923): createFromFile(): lock file /data/resource-cache/system@emui@base@overlay@frameworkhwexthonor@frameworkhwexthonor.apk@idmap.
06-24 16:18:14.719 W/ResourceType(16923): Found multiple library tables, ignoring...
06-24 16:18:14.755 V/ActivityManager(  657): Making visible and scheduling visibility: ActivityRecord{d5c9105 u0 com.huawei.android.launcher/.unihome.UniHomeLauncher t15658}
06-24 16:18:14.755 V/WindowManager(  657): No longer Stopped: AppWindowToken{d3a938b token=Token{377755a ActivityRecord{d5c9105 u0 com.huawei.android.launcher/.unihome.UniHomeLauncher t15658}}}
06-24 16:18:14.798 D/ActivityThread(16923): Remove activity client record, r= ActivityRecord{414755e token=android.os.BinderProxy@31abee5 {com.excelliance.dualaid/com.excelliance.kxqp.swipe.NavActivity2}} token= android.os.BinderProxy@31abee5
06-24 16:18:14.799 D/HwQoEUtils(  657): mForegroundAppPackageName: com.huawei.android.launcher ,score: 0
06-24 16:18:14.799 D/PMS1000 (  657): package:com.excelliance.dualaid, input flags:8192, output hwFlags:0
06-24 16:18:14.799 D/HwQoEUtils(  657): onForegroundAppWifiSleepChange: config:false, sleeptime:-1,type: 255, appname:com.huawei.android.launcher
06-24 16:18:14.800 D/HwQoEUtils(  657): APP type: 255 appName= com.huawei.android.launcher
06-24 16:18:14.800 D/HwQoEUtils(  657): no game, APP_TYPE_GAME, appName =com.huawei.android.launcher
06-24 16:18:14.801 V/WindowManager(  657): removeIfPossible: Window{c746641 u0 com.excelliance.dualaid/com.excelliance.kxqp.swipe.NavActivity2} callers=com.android.server.wm.WindowState.removeIfPossible:1914 com.android.server.wm.WindowManagerService.removeWindow:2022 com.android.server.wm.Session.remove:218 android.view.IWindowSession$Stub.onTransact:242 com.android.server.wm.Session.onTransact:161 
06-24 16:18:14.801 D/HwGameAssistantController(  657): pid=2519, uid=10056, foreground=true
06-24 16:18:14.801 V/ActivityThread( 2519): Handle window ActivityRecord{4719bb8 token=android.os.BinderProxy@b3fca27 {com.huawei.android.launcher/com.huawei.android.launcher.unihome.UniHomeLauncher}} visibility: true
06-24 16:18:14.802 I/WindowManager(  657): Destroying surface Surface(name=com.excelliance.dualaid/com.excelliance.kxqp.swipe.NavActivity2) called by com.android.server.wm.WindowStateAnimator.destroySurface:2060 com.android.server.wm.WindowStateAnimator.destroySurfaceLocked:873 com.android.server.wm.HwWindowStateAnimator.destroySurfaceLocked:1006 com.android.server.wm.WindowState.removeImmediately:1899 com.android.server.wm.WindowState.removeIfPossible:2051 com.android.server.wm.WindowState.removeIfPossible:1914 com.android.server.wm.WindowManagerService.removeWindow:2022 com.android.server.wm.Session.remove:218 
06-24 16:18:14.802 V/WindowManager(  657): postWindowRemoveCleanupLocked: Window{c746641 u0 com.excelliance.dualaid/com.excelliance.kxqp.swipe.NavActivity2}
06-24 16:18:14.802 V/WindowManager(  657): Removing Window{c746641 u0 com.excelliance.dualaid/com.excelliance.kxqp.swipe.NavActivity2} from AppWindowToken{6489ec2 token=Token{70c5f0d ActivityRecord{5ff15a4 u0 com.excelliance.dualaid/com.excelliance.kxqp.swipe.NavActivity2 t16033}}}
06-24 16:18:14.804 E/HwLauncher( 2519): SettingsEx , no such field.
06-24 16:18:14.804 W/HwLauncher( 2519): Clock getDataFormat the getSystemString failed.
06-24 16:18:14.807 W/HSM     ( 1813): HoldService:toast switch is close!
06-24 16:18:14.809 W/AwareLog(  657): SchedLevelBoost: onFgActivitiesChanged config not set!
06-24 16:18:14.809 V/WindowManager(  657): removeAppToken: AppWindowToken{6489ec2 token=Token{70c5f0d ActivityRecord{5ff15a4 u0 com.excelliance.dualaid/com.excelliance.kxqp.swipe.NavActivity2 t16033}}} delayed=false Callers=com.android.server.wm.DisplayContent.removeAppToken:985 com.android.server.wm.AppWindowContainerController.removeContainer:348 com.android.server.am.ActivityRecord.removeWindowContainer:1039 com.android.server.am.ActivityStack.removeActivityFromHistoryLocked:4491 
06-24 16:18:14.810 I/HwNetworkPolicy(  657): onTransact, code = 203
06-24 16:18:14.810 I/HwNetworkPolicyManager( 1813): getHwUidPolicy uid = 10056 policy = 0
06-24 16:18:14.811 D/ApplicationPackageManager(16923): queryIntentActivitiesAsUser blocked, Intent { act=android.intent.action.MAIN cat=[android.intent.category.LAUNCHER] pkg=com.facebook.katana }
06-24 16:18:14.811 D/HsmInterfaceImpl(16923): List [ResolveInfo{11dc080 com.facebook.katana/.LoginActivity m=0x108000}]
06-24 16:18:14.826 I/GRALLOC (  679): 	 shrFd=10,fmt=0x1,intFmt=0x200000001,btStrd=4352,size=8486912,pid=679 
06-24 16:18:14.826 I/GRALLOC (  679): 	 yuv=2,w=1080,h=1920,Stride u=0 v=0,offset u=0 v=0 
06-24 16:18:14.826 I/GRALLOC (  679): 	 iova_size=8486912,conUsg=0x900,proUsg=0x900,	 strd=1088,[afbc]HdrStrd=1088 PyldStrd=69632 Scrmbl=2,ionhnd = 1 
06-24 16:18:14.830 I/chatty  (  679): uid=1000(system) allocator@2.0-s identical 1 line
06-24 16:18:14.834 I/GRALLOC (  679): 	 shrFd=10,fmt=0x1,intFmt=0x200000001,btStrd=4352,size=8486912,pid=679 
06-24 16:18:14.834 I/GRALLOC (  679): 	 yuv=2,w=1080,h=1920,Stride u=0 v=0,offset u=0 v=0 
06-24 16:18:14.834 I/GRALLOC (  679): 	 iova_size=8486912,conUsg=0x900,proUsg=0x900,	 strd=1088,[afbc]HdrStrd=1088 PyldStrd=69632 Scrmbl=2,ionhnd = 1 
06-24 16:18:14.837 D/mali_winsys( 2519): EGLint new_window_surface(egl_winsys_display *, void *, EGLSurface, EGLConfig, egl_winsys_surface **, egl_color_buffer_format *, EGLBoolean) returns 0x3000
06-24 16:18:14.885 I/GRALLOC (  679): 	 shrFd=10,fmt=0x1,intFmt=0x200000001,btStrd=4352,size=8486912,pid=679 
06-24 16:18:14.885 I/GRALLOC (  679): 	 yuv=2,w=1080,h=1920,Stride u=0 v=0,offset u=0 v=0 
06-24 16:18:14.885 I/GRALLOC (  679): 	 iova_size=8486912,conUsg=0xb00,proUsg=0xb00,	 strd=1088,[afbc]HdrStrd=1088 PyldStrd=69632 Scrmbl=2,ionhnd = 1 
06-24 16:18:14.902 E/asset   (16923): createFromFile(): lock file /data/resource-cache/system@emui@base@overlay@frameworkhwexthonor@frameworkhwexthonor.apk@idmap.
06-24 16:18:14.903 D/WindowManager(  657): finishDrawingWindow: Window{68d6975 u0 com.huawei.android.launcher/com.huawei.android.launcher.unihome.UniHomeLauncher} mDrawState=DRAW_PENDING
06-24 16:18:14.903 E/asset   (16923): createFromFile(): lock file /data/resource-cache/system@emui@base@overlay@frameworkhwexthonor@frameworkhwexthonor.apk@idmap.
06-24 16:18:14.903 W/ResourceType(16923): Found multiple library tables, ignoring...
06-24 16:18:14.908 D/ImageWallpaper( 1513): onOffsetsChanged: xOffset=0.0, yOffset=0.0, xOffsetStep=0.0, yOffsetStep=0.0, xPixels=0, yPixels=0
06-24 16:18:14.909 D/ImageWallpaper( 1513): Suppressed drawFrame since redraw is not needed and offsets have not changed.sf=Rect(0, 0 - 2160, 1920)
06-24 16:18:14.909 D/ImageWallpaper( 1513): onVisibilityChanged: mVisible, visible=false, true
06-24 16:18:14.909 D/ImageWallpaper( 1513): Visibility changed to visible=true
06-24 16:18:14.909 D/ImageWallpaper( 1513): Suppressed drawFrame since redraw is not needed and offsets have not changed.sf=Rect(0, 0 - 2160, 1920)
06-24 16:18:14.914 W/JankService(  777): processEntry, not beta version or commercial log off
06-24 16:18:14.943 W/JankService(  777): APP_START_WARM: JL_APP_WARMSTART_END and JL_APP_WARMSTART_BEGIN too long| span:12336 > A(6000), A
06-24 16:18:14.954 D/PMS1000 (  657): package:com.excelliance.dualaid, input flags:8192, output hwFlags:0
06-24 16:18:14.955 W/HSM     ( 1813): HoldService:toast switch is close!
06-24 16:18:14.957 D/ApplicationPackageManager(16923): queryIntentActivitiesAsUser blocked, Intent { act=android.intent.action.MAIN cat=[android.intent.category.LAUNCHER] pkg=com.huawei.trustcircle }
06-24 16:18:14.957 D/HsmInterfaceImpl(16923): List []
06-24 16:18:14.962 I/iMonitor(  777): create: 902070100
06-24 16:18:14.962 D/PMS1000 (  657): package:com.excelliance.dualaid, input flags:8192, output hwFlags:0
06-24 16:18:14.964 W/HSM     ( 1813): HoldService:toast switch is close!
06-24 16:18:14.966 D/ApplicationPackageManager(16923): queryIntentActivitiesAsUser blocked, Intent { act=android.intent.action.MAIN cat=[android.intent.category.LAUNCHER] pkg=com.jingdong.app.mall }
06-24 16:18:14.967 D/HsmInterfaceImpl(16923): List [ResolveInfo{ede64ac com.jingdong.app.mall/.main.MainActivity m=0x108000}]
06-24 16:18:14.968 D/HwFLClassLoader( 2519): USE_FEATURE_LIST had not init! 
06-24 16:18:14.975 I/iMonitor(  777): send: 902070100
06-24 16:18:14.977 E/asset   ( 2519): createFromFile(): lock file /data/resource-cache/system@emui@base@overlay@frameworkhwexthonor@frameworkhwexthonor.apk@idmap.
06-24 16:18:14.977 E/asset   ( 2519): createFromFile(): lock file /data/resource-cache/system@emui@base@overlay@frameworkhwexthonor@frameworkhwexthonor.apk@idmap.
06-24 16:18:14.977 W/ResourceType( 2519): Found multiple library tables, ignoring...
06-24 16:18:14.992 D/HwFLClassLoader( 2519): USE_FEATURE_LIST had not init! 
06-24 16:18:14.997 E/asset   ( 2519): createFromFile(): lock file /data/resource-cache/system@emui@base@overlay@frameworkhwexthonor@frameworkhwexthonor.apk@idmap.
06-24 16:18:14.998 E/asset   ( 2519): createFromFile(): lock file /data/resource-cache/system@emui@base@overlay@frameworkhwexthonor@frameworkhwexthonor.apk@idmap.
06-24 16:18:14.998 W/ResourceType( 2519): Found multiple library tables, ignoring...
06-24 16:18:15.035 D/PMS1000 (  657): package:com.excelliance.dualaid, input flags:8192, output hwFlags:0
06-24 16:18:15.037 W/HSM     ( 1813): HoldService:toast switch is close!
06-24 16:18:15.038 D/ApplicationPackageManager(16923): queryIntentActivitiesAsUser blocked, Intent { act=android.intent.action.MAIN cat=[android.intent.category.LAUNCHER] pkg=com.tencent.mobileqq }
06-24 16:18:15.038 D/HsmInterfaceImpl(16923): List [ResolveInfo{27ad90a com.tencent.mobileqq/.activity.SplashActivity m=0x108000}]
06-24 16:18:15.063 W/HSM     ( 1813): HoldService:toast switch is close!
06-24 16:18:15.064 D/ApplicationPackageManager(16923): queryIntentActivitiesAsUser blocked, Intent { act=android.intent.action.MAIN cat=[android.intent.category.LAUNCHER] pkg=com.zol.android }
06-24 16:18:15.064 D/HsmInterfaceImpl(16923): List [ResolveInfo{42ba57b com.zol.android/.ui.FirstActivity m=0x108000}]
06-24 16:18:15.105 D/HwArpVerifier(  657): performPollAndLog:
06-24 16:18:15.110 D/hw_netstat(  657): total/9821/4532,com.excelliance.dualaid/9129/3903,unknown:0/692/209,com.google.uid.shared:10089/0/360,com.android.vending/0/60
06-24 16:18:15.118 D/PMS1000 (  657): package:com.excelliance.dualaid, input flags:8192, output hwFlags:0
06-24 16:18:15.120 W/HSM     ( 1813): HoldService:toast switch is close!
06-24 16:18:15.122 D/ApplicationPackageManager(16923): queryIntentActivitiesAsUser blocked, Intent { act=android.intent.action.MAIN cat=[android.intent.category.LAUNCHER] pkg=com.huawei.hiskytone }
06-24 16:18:15.122 D/HsmInterfaceImpl(16923): List [ResolveInfo{924f3f1 com.huawei.hiskytone/com.huawei.skytone.account.welcome.SplashActivity m=0x108000}]
06-24 16:18:15.191 D/PMS1000 (  657): package:com.excelliance.dualaid, input flags:8192, output hwFlags:0
06-24 16:18:15.194 W/HSM     ( 1813): HoldService:toast switch is close!
06-24 16:18:15.195 D/ApplicationPackageManager(16923): queryIntentActivitiesAsUser blocked, Intent { act=android.intent.action.MAIN cat=[android.intent.category.LAUNCHER] pkg=com.huawei.hwid }
06-24 16:18:15.195 D/HsmInterfaceImpl(16923): List []
06-24 16:18:15.203 W/HSM     ( 1813): HoldService:toast switch is close!
06-24 16:18:15.205 D/ApplicationPackageManager(16923): queryIntentActivitiesAsUser blocked, Intent { act=android.intent.action.MAIN cat=[android.intent.category.LAUNCHER] pkg=com.sina.weibo }
06-24 16:18:15.205 D/HsmInterfaceImpl(16923): List [ResolveInfo{df69d44 com.sina.weibo/.SplashActivity m=0x108000}]
06-24 16:18:15.247 E/asset   ( 2519): createFromFile(): lock file /data/resource-cache/system@emui@base@overlay@frameworkhwexthonor@frameworkhwexthonor.apk@idmap.
06-24 16:18:15.247 E/asset   ( 2519): createFromFile(): lock file /data/resource-cache/system@emui@base@overlay@frameworkhwexthonor@frameworkhwexthonor.apk@idmap.
06-24 16:18:15.247 W/ResourceType( 2519): Found multiple library tables, ignoring...
06-24 16:18:15.258 D/HwFLClassLoader( 2519): USE_FEATURE_LIST had not init! 
06-24 16:18:15.285 I/TrafficMonitor(  657): expired arrive. level:-1
06-24 16:18:15.285 I/TrafficMonitor(  657): during_ms:2005,period_ms:2000
06-24 16:18:15.285 I/TrafficMonitor(  657): count:89,rx_sum:1,tx_sum:4,rxBytes:36,during_ms:2005,rx_speed:17.955112219451372,tx_speed:79.80049875311721,rto:0.25
06-24 16:18:15.285 D/HuaweiWifiWatchdogStateMachine(  657): speed: rxpkt:1, rxSpd:17B/s, txpkt:4, txSpd:79
06-24 16:18:15.307 W/HSM     ( 1813): HoldService:toast switch is close!
06-24 16:18:15.308 D/ApplicationPackageManager(16923): queryIntentActivitiesAsUser blocked, Intent { act=android.intent.action.MAIN cat=[android.intent.category.LAUNCHER] pkg=com.antutu.ABenchMark }
06-24 16:18:15.308 D/HsmInterfaceImpl(16923): List [ResolveInfo{5a57f62 com.antutu.ABenchMark/.ABenchMarkStart m=0x108000}]
06-24 16:18:15.361 W/HSM     ( 1813): HoldService:toast switch is close!
06-24 16:18:15.362 D/ApplicationPackageManager(16923): queryIntentActivitiesAsUser blocked, Intent { act=android.intent.action.MAIN cat=[android.intent.category.LAUNCHER] pkg=com.sankuai.meituan.takeoutnew }
06-24 16:18:15.362 D/HsmInterfaceImpl(16923): List [ResolveInfo{16d3029 com.sankuai.meituan.takeoutnew/.ui.page.boot.WelcomeActivity m=0x108000}]
06-24 16:18:15.373 W/OpenGLRenderer( 2519): Incorrectly called buildLayer on View: ShortcutAndWidgetContainer, destroying layer...
06-24 16:18:15.373 W/OpenGLRenderer( 2519): Incorrectly called buildLayer on View: ShortcutAndWidgetContainer, destroying layer...
06-24 16:18:15.375 I/GRALLOC (  679): 	 shrFd=10,fmt=0x1,intFmt=0x200000001,btStrd=4352,size=8486912,pid=679 
06-24 16:18:15.375 I/GRALLOC (  679): 	 yuv=2,w=1080,h=1920,Stride u=0 v=0,offset u=0 v=0 
06-24 16:18:15.375 I/GRALLOC (  679): 	 iova_size=8486912,conUsg=0xb00,proUsg=0xb00,	 strd=1088,[afbc]HdrStrd=1088 PyldStrd=69632 Scrmbl=2,ionhnd = 1 
06-24 16:18:15.399 W/HSM     ( 1813): HoldService:toast switch is close!
06-24 16:18:15.400 D/ApplicationPackageManager(16923): queryIntentActivitiesAsUser blocked, Intent { act=android.intent.action.MAIN cat=[android.intent.category.LAUNCHER] pkg=com.vmall.client }
06-24 16:18:15.400 D/HsmInterfaceImpl(16923): List [ResolveInfo{48f814f com.vmall.client/.splash.fragment.SplashActivity m=0x108000}]
06-24 16:18:15.441 W/HSM     ( 1813): HoldService:toast switch is close!
06-24 16:18:15.442 D/ApplicationPackageManager(16923): queryIntentActivitiesAsUser blocked, Intent { act=android.intent.action.MAIN cat=[android.intent.category.LAUNCHER] pkg=com.android.browser }
06-24 16:18:15.442 D/HsmInterfaceImpl(16923): List [ResolveInfo{70398ba com.android.browser/com.tencent.mtt.SplashActivity m=0x108000}]
06-24 16:18:15.500 W/HSM     ( 1813): HoldService:toast switch is close!
06-24 16:18:15.501 D/ApplicationPackageManager(16923): queryIntentActivitiesAsUser blocked, Intent { act=android.intent.action.MAIN cat=[android.intent.category.LAUNCHER] pkg=com.eg.android.AlipayGphone }
06-24 16:18:15.501 D/HsmInterfaceImpl(16923): List [ResolveInfo{389bb61 com.eg.android.AlipayGphone/.AlipayLogin m=0x108000}]
06-24 16:18:15.541 W/HSM     ( 1813): HoldService:toast switch is close!
06-24 16:18:15.542 D/ApplicationPackageManager(16923): queryIntentActivitiesAsUser blocked, Intent { act=android.intent.action.MAIN cat=[android.intent.category.LAUNCHER] pkg=com.android.mediacenter }
06-24 16:18:15.542 D/HsmInterfaceImpl(16923): List [ResolveInfo{7744b47 com.android.mediacenter/.PageActivity m=0x108000}]
06-24 16:18:15.553 E/asset   (16923): createFromFile(): lock file /data/resource-cache/system@emui@base@overlay@frameworkhwexthonor@frameworkhwexthonor.apk@idmap.
06-24 16:18:15.553 E/asset   (16923): createFromFile(): lock file /data/resource-cache/system@emui@base@overlay@frameworkhwexthonor@frameworkhwexthonor.apk@idmap.
06-24 16:18:15.554 W/ResourceType(16923): Found multiple library tables, ignoring...
06-24 16:18:15.611 W/HSM     ( 1813): HoldService:toast switch is close!
06-24 16:18:15.612 D/ApplicationPackageManager(16923): queryIntentActivitiesAsUser blocked, Intent { act=android.intent.action.MAIN cat=[android.intent.category.LAUNCHER] pkg=com.huawei.himovie }
06-24 16:18:15.612 D/HsmInterfaceImpl(16923): List [ResolveInfo{5308512 com.huawei.himovie/.ui.login.SplashScreenActivity m=0x108000}]
06-24 16:18:15.619 E/asset   (16923): createFromFile(): lock file /data/resource-cache/system@emui@base@overlay@frameworkhwexthonor@frameworkhwexthonor.apk@idmap.
06-24 16:18:15.619 E/asset   (16923): createFromFile(): lock file /data/resource-cache/system@emui@base@overlay@frameworkhwexthonor@frameworkhwexthonor.apk@idmap.
06-24 16:18:15.619 W/ResourceType(16923): Found multiple library tables, ignoring...
06-24 16:18:15.671 W/HSM     ( 1813): HoldService:toast switch is close!
06-24 16:18:15.672 D/HwWifiStatStore(  657): handleMessage : 200
06-24 16:18:15.672 D/ApplicationPackageManager(16923): queryIntentActivitiesAsUser blocked, Intent { act=android.intent.action.MAIN cat=[android.intent.category.LAUNCHER] pkg=com.huawei.hnreader }
06-24 16:18:15.673 D/HsmInterfaceImpl(16923): List [ResolveInfo{dd57599 com.huawei.hnreader/com.qq.reader.activity.SplashActivity m=0x108000}]
06-24 16:18:15.681 E/asset   (16923): createFromFile(): lock file /data/resource-cache/system@emui@base@overlay@frameworkhwexthonor@frameworkhwexthonor.apk@idmap.
06-24 16:18:15.681 E/asset   (16923): createFromFile(): lock file /data/resource-cache/system@emui@base@overlay@frameworkhwexthonor@frameworkhwexthonor.apk@idmap.
06-24 16:18:15.682 W/ResourceType(16923): Found multiple library tables, ignoring...
06-24 16:18:15.733 W/HSM     ( 1813): HoldService:toast switch is close!
06-24 16:18:15.733 D/ApplicationPackageManager(16923): queryIntentActivitiesAsUser blocked, Intent { act=android.intent.action.MAIN cat=[android.intent.category.LAUNCHER] pkg=com.twitter.android }
06-24 16:18:15.734 D/HsmInterfaceImpl(16923): List [ResolveInfo{d01a90c com.twitter.android/.StartActivity m=0x108000}]
06-24 16:18:15.785 W/HSM     ( 1813): HoldService:toast switch is close!
06-24 16:18:15.786 D/ApplicationPackageManager(16923): queryIntentActivitiesAsUser blocked, Intent { act=android.intent.action.MAIN cat=[android.intent.category.LAUNCHER] pkg=com.baidu.input_huawei }
06-24 16:18:15.786 D/HsmInterfaceImpl(16923): List []
06-24 16:18:15.791 W/HSM     ( 1813): HoldService:toast switch is close!
06-24 16:18:15.792 D/ApplicationPackageManager(16923): queryIntentActivitiesAsUser blocked, Intent { act=android.intent.action.MAIN cat=[android.intent.category.LAUNCHER] pkg=com.google.android.gms }
06-24 16:18:15.792 D/HsmInterfaceImpl(16923): List []
06-24 16:18:15.799 W/HSM     ( 1813): HoldService:toast switch is close!
06-24 16:18:15.800 D/ApplicationPackageManager(16923): queryIntentActivitiesAsUser blocked, Intent { act=android.intent.action.MAIN cat=[android.intent.category.LAUNCHER] pkg=com.sankuai.meituan }
06-24 16:18:15.800 D/HsmInterfaceImpl(16923): List [ResolveInfo{c317d5b com.sankuai.meituan/com.meituan.android.pt.homepage.activity.Welcome m=0x108000}]
06-24 16:18:15.818 I/Pged-IPgedBinderService(  769): ****action is 2, pid num is 6***
06-24 16:18:15.818 I/Pged-Freezer(  769): thawPids
06-24 16:18:15.824 D/PgedBinderAdapter( 1699): unfrz ok, pid: [29457, 29531, 14942, 15544, 15693]
