07-29 16:38:51.119 D/DownloadService(12854): publishProgress entered progress:70
07-29 16:38:51.119 D/DownloadService(12854): publishProgress entered progress:59
07-29 16:38:51.119 D/DownloadService(12854): publishProgress entered progress:10
07-29 16:38:51.119 D/DownloadService(12854): publishProgress entered progress:68
07-29 16:38:51.119 D/DownloadService(12854): publishProgress entered progress:85
07-29 16:38:51.119 D/DownloadService(12854): publishProgress entered progress:11
07-29 16:38:51.119 D/DownloadService(12854): publishProgress entered progress:61
07-29 16:38:51.119 D/DownloadService(12854): publishProgress entered progress:11
07-29 16:38:51.119 D/DownloadService(12854): publishProgress entered progress:60
07-29 16:38:51.119 D/DownloadService(12854): publishProgress entered progress:20
07-29 16:38:51.119 D/DownloadService(12854): publishProgress entered progress:86
07-29 16:38:51.129 D/DownloadService(12854): publishProgress entered progress:61
07-29 16:38:51.129 D/DownloadService(12854): publishProgress entered progress:62
07-29 16:38:51.129 D/DownloadService(12854): publishProgress entered progress:30
07-29 16:38:51.129 D/DownloadService(12854): publishProgress entered progress:12
07-29 16:38:51.129 D/DownloadService(12854): publishProgress entered progress:20
07-29 16:38:51.129 D/DownloadService(12854): publishProgress entered progress:12
07-29 16:38:51.129 D/DownloadService(12854): publishProgress entered progress:87
07-29 16:38:51.129 D/DownloadService(12854): publishProgress entered progress:75
07-29 16:38:51.129 D/DownloadService(12854): publishProgress entered progress:71
07-29 16:38:51.129 D/DownloadService(12854): publishProgress entered progress:40
07-29 16:38:51.129 D/DownloadService(12854): publishProgress entered progress:63
07-29 16:38:51.129 D/DownloadService(12854): publishProgress entered progress:83
07-29 16:38:51.129 D/DownloadService(12854): publishProgress entered progress:13
07-29 16:38:51.129 D/DownloadService(12854): publishProgress entered progress:21
07-29 16:38:51.129 D/DownloadService(12854): publishProgress entered progress:91
07-29 16:38:51.129 D/DownloadService(12854): publishProgress entered progress:50
07-29 16:38:51.129 D/DownloadService(12854): publishProgress entered progress:88
07-29 16:38:51.129 D/DownloadService(12854): publishProgress entered progress:62
07-29 16:38:51.129 D/DownloadService(12854): publishProgress entered progress:71
07-29 16:38:51.129 D/DownloadService(12854): publishProgress entered progress:60
07-29 16:38:51.129 D/DownloadService(12854): publishProgress entered progress:22
07-29 16:38:51.129 D/DownloadService(12854): publishProgress entered progress:64
07-29 16:38:51.129 D/DownloadService(12854): publishProgress entered progress:63
07-29 16:38:51.129 D/DownloadService(12854): publishProgress entered progress:70
07-29 16:38:51.129 D/DownloadService(12854): publishProgress entered progress:14
07-29 16:38:51.129 D/DownloadService(12854): publishProgress entered progress:72
07-29 16:38:51.129 D/DownloadService(12854): publishProgress entered progress:72
07-29 16:38:51.129 D/DownloadService(12854): publishProgress entered progress:74
07-29 16:38:51.129 D/DownloadService(12854): publishProgress entered progress:80
07-29 16:38:51.129 D/DownloadService(12854): publishProgress entered progress:15
07-29 16:38:51.129 D/DownloadService(12854): publishProgress entered progress:23
07-29 16:38:51.129 D/DownloadService(12854): publishProgress entered progress:98
07-29 16:38:51.139 D/DownloadService(12854): publishProgress entered progress:65
07-29 16:38:51.139 D/DownloadService(12854): publishProgress entered progress:64
07-29 16:38:51.139 D/DownloadService(12854): publishProgress entered progress:24
07-29 16:38:51.139 D/DownloadService(12854): publishProgress entered progress:76
07-29 16:38:51.139 D/DownloadService(12854): publishProgress entered progress:66
07-29 16:38:51.139 D/DownloadService(12854): publishProgress entered progress:65
07-29 16:38:51.139 D/DownloadService(12854): publishProgress entered progress:25
07-29 16:38:51.139 D/DownloadService(12854): publishProgress entered progress:67
07-29 16:38:51.139 D/DownloadService(12854): publishProgress entered progress:66
07-29 16:38:51.139 D/DownloadService(12854): publishProgress entered progress:68
07-29 16:38:51.139 D/DownloadService(12854): publishProgress entered progress:26
07-29 16:38:51.139 D/DownloadService(12854): publishProgress entered progress:16
07-29 16:38:51.139 D/DownloadService(12854): publishProgress entered progress:89
07-29 16:38:51.139 D/DownloadService(12854): publishProgress entered progress:78
07-29 16:38:51.139 D/DownloadService(12854): publishProgress entered progress:90
07-29 16:38:51.139 D/DownloadService(12854): publishProgress entered progress:69
07-29 16:38:51.139 D/DownloadService(12854): publishProgress entered progress:67
07-29 16:38:51.139 D/DownloadService(12854): publishProgress entered progress:73
07-29 16:38:51.139 D/DownloadService(12854): publishProgress entered progress:27
07-29 16:38:51.139 D/DownloadService(12854): publishProgress entered progress:17
07-29 16:38:51.139 D/DownloadService(12854): publishProgress entered progress:80
07-29 16:38:51.139 D/DownloadService(12854): publishProgress entered progress:100
07-29 16:38:51.139 D/DownloadService(12854): publishProgress entered progress:91
07-29 16:38:51.139 D/DownloadService(12854): publishProgress entered progress:74
07-29 16:38:51.139 D/DownloadService(12854): publishProgress entered progress:28
07-29 16:38:51.149 D/DownloadService(12854): publishProgress entered progress:91
07-29 16:38:51.149 D/DownloadService(12854): publishProgress entered progress:92
07-29 16:38:51.149 D/DownloadService(12854): publishProgress entered progress:82
07-29 16:38:51.149 D/DownloadService(12854): publishProgress entered progress:18
07-29 16:38:51.149 D/DownloadService(12854): publishProgress entered progress:68
07-29 16:38:51.149 D/DownloadService(12854): publishProgress entered progress:75
07-29 16:38:51.149 D/DownloadService(12854): publishProgress entered progress:70
07-29 16:38:51.149 D/DownloadService(12854): publishProgress entered progress:83
07-29 16:38:51.149 D/DownloadService(12854): publishProgress entered progress:29
07-29 16:38:51.149 D/DownloadService(12854): publishProgress entered progress:19
07-29 16:38:51.149 D/DownloadService(12854): publishProgress entered progress:85
07-29 16:38:51.149 D/DownloadService(12854): publishProgress entered progress:100
07-29 16:38:51.149 D/DownloadService(12854): publishProgress entered progress:87
07-29 16:38:51.149 D/DownloadService(12854): publishProgress entered progress:20
07-29 16:38:51.149 D/DownloadService(12854): publishProgress entered progress:69
07-29 16:38:51.149 D/DownloadService(12854): publishProgress entered progress:93
07-29 16:38:51.149 D/DownloadService(12854): publishProgress entered progress:30
07-29 16:38:51.149 D/DownloadService(12854): publishProgress entered progress:89
07-29 16:38:51.149 D/DownloadService(12854): publishProgress entered progress:76
07-29 16:38:51.149 D/DownloadService(12854): publishProgress entered progress:31
07-29 16:38:51.149 D/DownloadService(12854): publishProgress entered progress:91
07-29 16:38:51.159 D/DownloadService(12854): publishProgress entered progress:32
07-29 16:38:51.159 D/DownloadService(12854): publishProgress entered progress:77
07-29 16:38:51.159 D/DownloadService(12854): publishProgress entered progress:70
07-29 16:38:51.159 D/DownloadService(12854): publishProgress entered progress:71
07-29 16:38:51.159 D/DownloadService(12854): publishProgress entered progress:94
07-29 16:38:51.159 D/DownloadService(12854): publishProgress entered progress:93
07-29 16:38:51.159 D/DownloadService(12854): publishProgress entered progress:21
07-29 16:38:51.159 D/DownloadService(12854): publishProgress entered progress:72
07-29 16:38:51.159 D/DownloadService(12854): publishProgress entered progress:71
07-29 16:38:51.159 D/DownloadService(12854): publishProgress entered progress:95
07-29 16:38:51.159 D/DownloadService(12854): publishProgress entered progress:72
07-29 16:38:51.159 D/DownloadService(12854): publishProgress entered progress:33
07-29 16:38:51.159 D/DownloadService(12854): publishProgress entered progress:96
07-29 16:38:51.159 V/DownloadService(12854): unzipDir:lm
07-29 16:38:51.159 D/DownloadService(12854): publishProgress entered progress:78
07-29 16:38:51.159 D/DownloadService(12854): publishProgress entered progress:73
07-29 16:38:51.159 D/DownloadService(12854): publishProgress entered progress:94
07-29 16:38:51.169 D/DownloadService(12854): publishProgress entered progress:73
07-29 16:38:51.169 D/DownloadService(12854): publishProgress entered progress:97
07-29 16:38:51.169 D/DownloadService(12854): publishProgress entered progress:34
07-29 16:38:51.169 D/DownloadService(12854): publishProgress entered progress:22
07-29 16:38:51.169 D/DownloadService(12854): publishProgress entered progress:74
07-29 16:38:51.169 D/DownloadService(12854): publishProgress entered progress:79
07-29 16:38:51.169 D/DownloadService(12854): publishProgress entered progress:96
07-29 16:38:51.169 D/DownloadService(12854): publishProgress entered progress:75
07-29 16:38:51.169 D/DownloadService(12854): publishProgress entered progress:98
07-29 16:38:51.169 D/DownloadService(12854): publishProgress entered progress:80
07-29 16:38:51.169 D/DownloadService(12854): publishProgress entered progress:35
07-29 16:38:51.169 D/DownloadService(12854): publishProgress entered progress:74
07-29 16:38:51.169 D/DownloadService(12854): publishProgress entered progress:23
07-29 16:38:51.169 D/DownloadService(12854): publishProgress entered progress:76
07-29 16:38:51.169 D/DownloadService(12854): publishProgress entered progress:99
07-29 16:38:51.169 D/DownloadService(12854): publishProgress entered progress:98
07-29 16:38:51.169 D/DownloadService(12854): publishProgress entered progress:77
07-29 16:38:51.169 D/DownloadService(12854): publishProgress entered progress:81
07-29 16:38:51.169 D/DownloadService(12854): publishProgress entered progress:100
07-29 16:38:51.169 D/DownloadService(12854): publishProgress entered progress:36
07-29 16:38:51.169 D/DownloadService(12854): publishProgress entered progress:24
07-29 16:38:51.169 D/DownloadService(12854): publishProgress entered progress:37
07-29 16:38:51.169 D/DownloadService(12854): publishProgress entered progress:100
07-29 16:38:51.169 D/DownloadService(12854): publishProgress entered progress:82
07-29 16:38:51.169 D/DownloadService(12854): publishProgress entered progress:78
07-29 16:38:51.169 V/InitialData(12854): capitalize:Pay
07-29 16:38:51.169 V/GameUtil(12854): getCurrentVersionByKey : pay	current_pay_version	PayVersion
07-29 16:38:51.179 D/DownloadService(12854): publishProgress entered progress:25
07-29 16:38:51.179 D/DownloadService(12854): publishProgress entered progress:75
07-29 16:38:51.179 D/DownloadService(12854): publishProgress entered progress:79
07-29 16:38:51.179 V/GameUtil(12854): getCurrentVersionByKey  pay:1
07-29 16:38:51.179 D/DownloadService(12854): publishProgress entered progress:83
07-29 16:38:51.179 D/DownloadService(12854): publishProgress entered progress:38
07-29 16:38:51.179 D/DownloadService(12854): publishProgress entered progress:26
07-29 16:38:51.179 D/DownloadService(12854): publishProgress entered progress:39
07-29 16:38:51.179 D/DownloadService(12854): publishProgress entered progress:76
07-29 16:38:51.179 D/DownloadService(12854): publishProgress entered progress:40
07-29 16:38:51.179 D/DownloadService(12854): publishProgress entered progress:80
07-29 16:38:51.179 D/DownloadService(12854): publishProgress entered progress:41
07-29 16:38:51.179 D/DownloadService(12854): publishProgress entered progress:27
07-29 16:38:51.179 D/DownloadService(12854): publishProgress entered progress:13
07-29 16:38:51.179 D/DownloadService(12854): publishProgress entered progress:42
07-29 16:38:51.179 V/DownloadService(12854): unzipDir:it
07-29 16:38:51.179 D/DownloadService(12854): publishProgress entered progress:28
07-29 16:38:51.179 D/DownloadService(12854): publishProgress entered progress:43
07-29 16:38:51.189 D/DownloadService(12854): publishProgress entered progress:14
07-29 16:38:51.189 D/DownloadService(12854): publishProgress entered progress:5
07-29 16:38:51.189 D/DownloadService(12854): publishProgress entered progress:29
07-29 16:38:51.189 D/DownloadService(12854): publishProgress entered progress:10
07-29 16:38:51.189 D/DownloadService(12854): publishProgress entered progress:84
07-29 16:38:51.189 D/DownloadService(12854): publishProgress entered progress:44
07-29 16:38:51.189 D/DownloadService(12854): publishProgress entered progress:15
07-29 16:38:51.189 D/DownloadService(12854): publishProgress entered progress:30
07-29 16:38:51.189 D/VersionManager(12854): imeis = 860270034674273
07-29 16:38:51.189 D/DownloadService(12854): publishProgress entered progress:20
07-29 16:38:51.189 D/DownloadService(12854): publishProgress entered progress:85
07-29 16:38:51.189 D/DownloadService(12854): publishProgress entered progress:45
07-29 16:38:51.189 D/DownloadService(12854): publishProgress entered progress:46
07-29 16:38:51.189 D/DownloadService(12854): publishProgress entered progress:31
07-29 16:38:51.189 D/DownloadService(12854): publishProgress entered progress:86
07-29 16:38:51.199 D/DownloadService(12854): publishProgress entered progress:25
07-29 16:38:51.199 D/DownloadService(12854): publishProgress entered progress:15
07-29 16:38:51.199 D/VersionManager(12854): url：http://mto.multiopen.cn/functionswitch.php?sdkver=2009&vc=472&vn=4.1.2&compver=55302&mainver=231800&chid=10022&subchid=1&uid=10338333&aid=cd7885452bcb39af&im=860270034674273&type=2&payver=1&imeis=860270034674273&issl=0
07-29 16:38:51.199 D/VersionManager(12854): httpsRequest getURL = http://mto.multiopen.cn/functionswitch.php?sdkver=2009&vc=472&vn=4.1.2&compver=55302&mainver=231800&chid=10022&subchid=1&uid=10338333&aid=cd7885452bcb39af&im=860270034674273&type=2&payver=1&imeis=860270034674273&issl=0
07-29 16:38:51.199 D/DownloadService(12854): publishProgress entered progress:31
07-29 16:38:51.199 V/DownloadService(12854): unzipDir:jrtt
07-29 16:38:51.199 D/DownloadService(12854): publishProgress entered progress:36
07-29 16:38:51.199 D/DownloadService(12854): publishProgress entered progress:1
07-29 16:38:51.199 D/DownloadService(12854): publishProgress entered progress:47
07-29 16:38:51.199 D/DownloadService(12854): publishProgress entered progress:3
07-29 16:38:51.199 D/DownloadService(12854): publishProgress entered progress:87
07-29 16:38:51.199 D/DownloadService(12854): publishProgress entered progress:77
07-29 16:38:51.209 D/DownloadService(12854): publishProgress entered progress:41
07-29 16:38:51.209 D/DownloadService(12854): publishProgress entered progress:5
07-29 16:38:51.209 D/DownloadService(12854): publishProgress entered progress:88
07-29 16:38:51.209 D/DownloadService(12854): publishProgress entered progress:32
07-29 16:38:51.209 D/DownloadService(12854): publishProgress entered progress:78
07-29 16:38:51.209 D/DownloadService(12854): publishProgress entered progress:16
07-29 16:38:51.209 D/DownloadService(12854): publishProgress entered progress:7
07-29 16:38:51.209 D/DownloadService(12854): publishProgress entered progress:89
07-29 16:38:51.209 D/DownloadService(12854): publishProgress entered progress:79
07-29 16:38:51.209 D/DownloadService(12854): publishProgress entered progress:17
07-29 16:38:51.209 D/DownloadService(12854): publishProgress entered progress:33
07-29 16:38:51.209 D/DownloadService(12854): publishProgress entered progress:46
07-29 16:38:51.209 D/DownloadService(12854): publishProgress entered progress:90
07-29 16:38:51.209 D/DownloadService(12854): publishProgress entered progress:9
07-29 16:38:51.209 D/DownloadService(12854): publishProgress entered progress:80
07-29 16:38:51.209 D/DownloadService(12854): publishProgress entered progress:81
07-29 16:38:51.209 D/DownloadService(12854): publishProgress entered progress:91
07-29 16:38:51.209 D/DownloadService(12854): publishProgress entered progress:48
07-29 16:38:51.209 D/DownloadService(12854): publishProgress entered progress:34
07-29 16:38:51.209 D/DownloadService(12854): publishProgress entered progress:82
07-29 16:38:51.209 D/DownloadService(12854): publishProgress entered progress:51
07-29 16:38:51.209 D/DownloadService(12854): publishProgress entered progress:18
07-29 16:38:51.209 D/DownloadService(12854): publishProgress entered progress:11
07-29 16:38:51.209 D/DownloadService(12854): publishProgress entered progress:83
07-29 16:38:51.209 D/DownloadService(12854): publishProgress entered progress:56
07-29 16:38:51.209 D/DownloadService(12854): publishProgress entered progress:92
07-29 16:38:51.219 D/DownloadService(12854): publishProgress entered progress:35
07-29 16:38:51.219 D/DownloadService(12854): publishProgress entered progress:84
07-29 16:38:51.219 D/DownloadService(12854): publishProgress entered progress:19
07-29 16:38:51.219 D/DownloadService(12854): publishProgress entered progress:49
07-29 16:38:51.219 D/DownloadService(12854): publishProgress entered progress:36
07-29 16:38:51.219 D/DownloadService(12854): publishProgress entered progress:93
07-29 16:38:51.219 D/DownloadService(12854): publishProgress entered progress:13
07-29 16:38:51.219 D/DownloadService(12854): publishProgress entered progress:62
07-29 16:38:51.219 D/DownloadService(12854): publishProgress entered progress:37
07-29 16:38:51.219 D/DownloadService(12854): publishProgress entered progress:85
07-29 16:38:51.219 D/DownloadService(12854): publishProgress entered progress:50
07-29 16:38:51.219 D/DownloadService(12854): publishProgress entered progress:51
07-29 16:38:51.219 D/DownloadService(12854): publishProgress entered progress:15
07-29 16:38:51.219 D/DownloadService(12854): publishProgress entered progress:20
07-29 16:38:51.219 D/DownloadService(12854): publishProgress entered progress:38
07-29 16:38:51.219 D/DownloadService(12854): publishProgress entered progress:17
07-29 16:38:51.219 D/DownloadService(12854): publishProgress entered progress:67
07-29 16:38:51.219 D/DownloadService(12854): publishProgress entered progress:86
07-29 16:38:51.219 D/DownloadService(12854): publishProgress entered progress:72
07-29 16:38:51.219 D/DownloadService(12854): publishProgress entered progress:52
07-29 16:38:51.219 D/DownloadService(12854): publishProgress entered progress:21
07-29 16:38:51.219 D/DownloadService(12854): publishProgress entered progress:87
07-29 16:38:51.219 D/DownloadService(12854): publishProgress entered progress:53
07-29 16:38:51.219 D/DownloadService(12854): publishProgress entered progress:77
07-29 16:38:51.219 D/DownloadService(12854): publishProgress entered progress:19
07-29 16:38:51.219 D/DownloadService(12854): publishProgress entered progress:88
07-29 16:38:51.229 D/DownloadService(12854): publishProgress entered progress:94
07-29 16:38:51.229 V/DownloadService(12854): unzipDir:wx
07-29 16:38:51.229 D/DownloadService(12854): publishProgress entered progress:54
07-29 16:38:51.229 D/DownloadService(12854): publishProgress entered progress:82
07-29 16:38:51.229 D/DownloadService(12854): publishProgress entered progress:22
07-29 16:38:51.229 D/DownloadService(12854): publishProgress entered progress:39
07-29 16:38:51.229 D/DownloadService(12854): publishProgress entered progress:21
07-29 16:38:51.229 D/DownloadService(12854): publishProgress entered progress:55
07-29 16:38:51.229 D/DownloadService(12854): publishProgress entered progress:95
07-29 16:38:51.229 D/DownloadService(12854): publishProgress entered progress:88
07-29 16:38:51.229 D/DownloadService(12854): publishProgress entered progress:40
07-29 16:38:51.229 D/DownloadService(12854): publishProgress entered progress:96
07-29 16:38:51.229 D/DownloadService(12854): publishProgress entered progress:23
07-29 16:38:51.229 D/DownloadService(12854): publishProgress entered progress:56
07-29 16:38:51.229 D/DownloadService(12854): publishProgress entered progress:41
07-29 16:38:51.239 D/DownloadService(12854): publishProgress entered progress:89
07-29 16:38:51.239 D/DownloadService(12854): publishProgress entered progress:93
07-29 16:38:51.239 D/DownloadService(12854): publishProgress entered progress:42
07-29 16:38:51.239 D/DownloadService(12854): publishProgress entered progress:97
07-29 16:38:51.239 D/DownloadService(12854): publishProgress entered progress:57
07-29 16:38:51.239 D/DownloadService(12854): publishProgress entered progress:98
07-29 16:38:51.239 D/DownloadService(12854): publishProgress entered progress:23
07-29 16:38:51.239 D/DownloadService(12854): publishProgress entered progress:90
07-29 16:38:51.239 D/DownloadService(12854): publishProgress entered progress:24
07-29 16:38:51.239 D/DownloadService(12854): publishProgress entered progress:58
07-29 16:38:51.239 D/DownloadService(12854): publishProgress entered progress:43
07-29 16:38:51.239 D/DownloadService(12854): publishProgress entered progress:100
07-29 16:38:51.239 D/DownloadService(12854): publishProgress entered progress:91
07-29 16:38:51.239 D/DownloadService(12854): publishProgress entered progress:98
07-29 16:38:51.239 D/DownloadService(12854): publishProgress entered progress:44
07-29 16:38:51.239 D/DownloadService(12854): publishProgress entered progress:25
07-29 16:38:51.239 D/DownloadService(12854): publishProgress entered progress:92
07-29 16:38:51.239 D/DownloadService(12854): publishProgress entered progress:25
07-29 16:38:51.239 D/DownloadService(12854): publishProgress entered progress:99
07-29 16:38:51.239 D/DownloadService(12854): publishProgress entered progress:45
07-29 16:38:51.239 D/DownloadService(12854): publishProgress entered progress:59
07-29 16:38:51.239 D/DownloadService(12854): publishProgress entered progress:93
07-29 16:38:51.239 D/DownloadService(12854): publishProgress entered progress:100
07-29 16:38:51.239 D/DownloadService(12854): publishProgress entered progress:27
07-29 16:38:51.239 D/DownloadService(12854): publishProgress entered progress:60
07-29 16:38:51.239 D/DownloadService(12854): publishProgress entered progress:94
07-29 16:38:51.239 D/DownloadService(12854): publishProgress entered progress:46
07-29 16:38:51.249 D/DownloadService(12854): publishProgress entered progress:61
07-29 16:38:51.249 V/GameUtil(12854): saveVersionToFileByKey  xml_key :lm  result:2
07-29 16:38:51.249 D/DownloadService(12854): publishProgress entered progress:95
07-29 16:38:51.249 D/DownloadService(12854): publishProgress entered progress:62
07-29 16:38:51.249 D/DownloadService(12854): publishProgress entered progress:26
07-29 16:38:51.249 D/DownloadService(12854): publishProgress entered progress:47
07-29 16:38:51.249 D/DownloadService(12854): publishProgress entered progress:63
07-29 16:38:51.249 D/DownloadService(12854): publishProgress entered progress:27
07-29 16:38:51.249 D/DownloadService(12854): publishProgress entered progress:48
07-29 16:38:51.249 D/DownloadService(12854): publishProgress entered progress:64
07-29 16:38:51.249 D/DownloadService(12854): publishProgress entered progress:29
07-29 16:38:51.259 D/DownloadService(12854): publishProgress entered progress:8
07-29 16:38:51.259 D/DownloadService(12854): publishProgress entered progress:28
07-29 16:38:51.259 D/DownloadService(12854): publishProgress entered progress:65
07-29 16:38:51.259 D/DownloadService(12854): publishProgress entered progress:31
07-29 16:38:51.259 D/DownloadService(12854): publishProgress entered progress:29
07-29 16:38:51.259 D/DownloadService(12854): publishProgress entered progress:16
07-29 16:38:51.259 D/DownloadService(12854): publishProgress entered progress:66
07-29 16:38:51.259 D/DownloadService(12854): publishProgress entered progress:33
07-29 16:38:51.259 D/DownloadService(12854): publishProgress entered progress:81
07-29 16:38:51.259 D/DownloadService(12854): publishProgress entered progress:67
07-29 16:38:51.259 D/DownloadService(12854): publishProgress entered progress:82
07-29 16:38:51.259 D/DownloadService(12854): publishProgress entered progress:68
07-29 16:38:51.259 D/DownloadService(12854): publishProgress entered progress:35
07-29 16:38:51.259 D/DownloadService(12854): publishProgress entered progress:25
07-29 16:38:51.259 D/DownloadService(12854): publishProgress entered progress:49
07-29 16:38:51.259 D/DownloadService(12854): publishProgress entered progress:33
07-29 16:38:51.259 D/DownloadService(12854): publishProgress entered progress:83
07-29 16:38:51.259 D/DownloadService(12854): publishProgress entered progress:37
07-29 16:38:51.259 D/DownloadService(12854): publishProgress entered progress:50
07-29 16:38:51.259 D/DownloadService(12854): publishProgress entered progress:69
07-29 16:38:51.259 V/GameUtil(12854): saveVersionToFileByKey  xml_key :it  result:2
07-29 16:38:51.259 D/DownloadService(12854): publishProgress entered progress:39
07-29 16:38:51.259 D/DownloadService(12854): publishProgress entered progress:84
07-29 16:38:51.269 D/SmtCntService(11848): handleMessage: msg = 2
07-29 16:38:51.269 I/appium  ( 9879): Skipping invisible child: android.view.accessibility.AccessibilityNodeInfo@8000bba5; boundsInParent: Rect(0, 0 - 1080, 75); boundsInScreen: Rect(0, 0 - 1080, 75); packageName: com.excelliance.dualaid; className: android.view.View; text: null; error: null; maxTextLength: -1; contentDescription: null; viewIdResName: com.excelliance.dualaid:id/custom_status_bar; checkable: false; checked: false; focusable: false; focused: false; selected: false; clickable: false; longClickable: false; enabled: true; password: false; scrollable: false; actions: [AccessibilityAction: ACTION_SELECT - null, AccessibilityAction: ACTION_CLEAR_SELECTION - null, AccessibilityAction: ACTION_ACCESSIBILITY_FOCUS - null]
07-29 16:38:51.269 D/DownloadService(12854): publishProgress entered progress:85
07-29 16:38:51.269 D/DownloadService(12854): publishProgress entered progress:51
07-29 16:38:51.269 D/DownloadService(12854): publishProgress entered progress:1
07-29 16:38:51.269 D/DownloadService(12854): publishProgress entered progress:70
07-29 16:38:51.269 D/DownloadService(12854): publishProgress entered progress:41
07-29 16:38:51.269 D/DownloadService(12854): publishProgress entered progress:52
07-29 16:38:51.269 D/DownloadService(12854): publishProgress entered progress:86
07-29 16:38:51.269 D/DownloadService(12854): publishProgress entered progress:2
07-29 16:38:51.269 D/DownloadService(12854): publishProgress entered progress:43
07-29 16:38:51.269 D/DownloadService(12854): publishProgress entered progress:42
07-29 16:38:51.279 I/appium  ( 9879): Skipping invisible child: android.view.accessibility.AccessibilityNodeInfo@80010a7a; boundsInParent: Rect(0, 0 - 1080, 0); boundsInScreen: Rect(0, 1369 - 1080, 1369); packageName: com.excelliance.dualaid; className: android.widget.LinearLayout; text: null; error: null; maxTextLength: -1; contentDescription: null; viewIdResName: com.excelliance.dualaid:id/layout_container; checkable: false; checked: false; focusable: false; focused: false; selected: false; clickable: false; longClickable: false; enabled: true; password: false; scrollable: false; actions: [AccessibilityAction: ACTION_SELECT - null, AccessibilityAction: ACTION_CLEAR_SELECTION - null, AccessibilityAction: ACTION_ACCESSIBILITY_FOCUS - null]
07-29 16:38:51.279 I/appium  ( 9879): Skipping invisible child: android.view.accessibility.AccessibilityNodeInfo@8000f7b5; boundsInParent: Rect(0, 0 - 1080, 0); boundsInScreen: Rect(0, 1369 - 1080, 1369); packageName: com.excelliance.dualaid; className: android.widget.FrameLayout; text: null; error: null; maxTextLength: -1; contentDescription: null; viewIdResName: com.excelliance.dualaid:id/fl_off_standard_position; checkable: false; checked: false; focusable: false; focused: false; selected: false; clickable: false; longClickable: false; enabled: true; password: false; scrollable: false; actions: [AccessibilityAction: ACTION_SELECT - null, AccessibilityAction: ACTION_CLEAR_SELECTION - null, AccessibilityAction: ACTION_ACCESSIBILITY_FOCUS - null]
07-29 16:38:51.279 I/appium  ( 9879): Skipping invisible child: android.view.accessibility.AccessibilityNodeInfo@8000e8b1; boundsInParent: Rect(0, 0 - 1080, 0); boundsInScreen: Rect(0, 1800 - 1080, 1800); packageName: com.excelliance.dualaid; className: android.widget.FrameLayout; text: null; error: null; maxTextLength: -1; contentDescription: null; viewIdResName: com.excelliance.dualaid:id/fl_stream_new; checkable: false; checked: false; focusable: false; focused: false; selected: false; clickable: false; longClickable: false; enabled: true; password: false; scrollable: false; actions: [AccessibilityAction: ACTION_SELECT - null, AccessibilityAction: ACTION_CLEAR_SELECTION - null, AccessibilityAction: ACTION_ACCESSIBILITY_FOCUS - null]
07-29 16:38:51.279 D/PowerSaveService( 2572): PowerSaveReceiver EXTRA_STATUS: status = 2, lastCharging = true
07-29 16:38:51.279 D/DownloadService(12854): publishProgress entered progress:50
07-29 16:38:51.279 D/DownloadService(12854): publishProgress entered progress:45
07-29 16:38:51.279 D/DownloadService(12854): publishProgress entered progress:3
07-29 16:38:51.279 D/DownloadService(12854): publishProgress entered progress:30
07-29 16:38:51.279 D/DownloadService(12854): publishProgress entered progress:87
07-29 16:38:51.279 D/DownloadService(12854): publishProgress entered progress:59
07-29 16:38:51.279 D/DownloadService(12854): publishProgress entered progress:71
07-29 16:38:51.279 D/DownloadService(12854): publishProgress entered progress:47
07-29 16:38:51.279 D/DownloadService(12854): publishProgress entered progress:53
07-29 16:38:51.279 D/DownloadService(12854): publishProgress entered progress:4
07-29 16:38:51.279 D/DownloadService(12854): publishProgress entered progress:88
07-29 16:38:51.289 D/DownloadService(12854): publishProgress entered progress:49
07-29 16:38:51.289 D/DownloadService(12854): publishProgress entered progress:89
07-29 16:38:51.289 D/DownloadService(12854): publishProgress entered progress:72
07-29 16:38:51.289 D/DownloadService(12854): publishProgress entered progress:51
07-29 16:38:51.289 D/DownloadService(12854): publishProgress entered progress:31
07-29 16:38:51.289 I/appium  ( 9879): Skipping invisible child: android.view.accessibility.AccessibilityNodeInfo@8000c327; boundsInParent: Rect(0, 0 - 1080, 0); boundsInScreen: Rect(0, 243 - 1080, 243); packageName: com.excelliance.dualaid; className: android.view.View; text: null; error: null; maxTextLength: -1; contentDescription: null; viewIdResName: com.excelliance.dualaid:id/view_bottom; checkable: false; checked: false; focusable: false; focused: false; selected: false; clickable: false; longClickable: false; enabled: true; password: false; scrollable: false; actions: [AccessibilityAction: ACTION_SELECT - null, AccessibilityAction: ACTION_CLEAR_SELECTION - null, AccessibilityAction: ACTION_ACCESSIBILITY_FOCUS - null]
07-29 16:38:51.289 D/DownloadService(12854): publishProgress entered progress:53
07-29 16:38:51.289 I/appium  ( 9879): Fetch time: 24ms
07-29 16:38:51.289 D/DownloadService(12854): publishProgress entered progress:73
07-29 16:38:51.289 D/DownloadService(12854): publishProgress entered progress:55
07-29 16:38:51.289 D/DownloadService(12854): publishProgress entered progress:67
07-29 16:38:51.289 D/DownloadService(12854): publishProgress entered progress:74
07-29 16:38:51.289 D/DownloadService(12854): publishProgress entered progress:56
07-29 16:38:51.289 D/DownloadService(12854): publishProgress entered progress:90
07-29 16:38:51.289 D/DownloadService(12854): publishProgress entered progress:75
07-29 16:38:51.289 D/DownloadService(12854): publishProgress entered progress:91
07-29 16:38:51.289 D/DownloadService(12854): publishProgress entered progress:32
07-29 16:38:51.289 D/DownloadService(12854): publishProgress entered progress:76
07-29 16:38:51.289 D/DownloadService(12854): publishProgress entered progress:77
07-29 16:38:51.289 D/DownloadService(12854): publishProgress entered progress:76
07-29 16:38:51.289 D/DownloadService(12854): publishProgress entered progress:54
07-29 16:38:51.289 D/DownloadService(12854): publishProgress entered progress:33
07-29 16:38:51.289 D/DownloadService(12854): publishProgress entered progress:78
07-29 16:38:51.289 D/DownloadService(12854): publishProgress entered progress:92
07-29 16:38:51.299 D/DownloadService(12854): publishProgress entered progress:93
07-29 16:38:51.299 D/DownloadService(12854): publishProgress entered progress:55
07-29 16:38:51.299 D/DownloadService(12854): publishProgress entered progress:94
07-29 16:38:51.299 D/DownloadService(12854): publishProgress entered progress:56
07-29 16:38:51.299 D/DownloadService(12854): publishProgress entered progress:95
07-29 16:38:51.299 V/GameUtil(12854): saveVersionToFileByKey  xml_key :jrtt  result:10
07-29 16:38:51.299 D/DownloadService(12854): publishProgress entered progress:34
07-29 16:38:51.299 D/DownloadService(12854): publishProgress entered progress:79
07-29 16:38:51.299 D/DownloadService(12854): publishProgress entered progress:57
07-29 16:38:51.309 D/DownloadService(12854): publishProgress entered progress:5
07-29 16:38:51.309 D/DownloadService(12854): publishProgress entered progress:6
07-29 16:38:51.309 D/DownloadService(12854): publishProgress entered progress:7
07-29 16:38:51.309 D/DownloadService(12854): publishProgress entered progress:80
07-29 16:38:51.309 D/DownloadService(12854): publishProgress entered progress:84
07-29 16:38:51.309 D/DownloadService(12854): publishProgress entered progress:58
07-29 16:38:51.309 D/DownloadService(12854): publishProgress entered progress:81
07-29 16:38:51.309 D/DownloadService(12854): publishProgress entered progress:8
07-29 16:38:51.309 V/GameUtil(12854): saveVersionToFileByKey  xml_key :wx  result:2
07-29 16:38:51.309 D/DownloadService(12854): publishProgress entered progress:6
07-29 16:38:51.309 D/DownloadService(12854): publishProgress entered progress:58
07-29 16:38:51.309 D/DownloadService(12854): publishProgress entered progress:93
07-29 16:38:51.309 D/DownloadService(12854): publishProgress entered progress:96
07-29 16:38:51.319 D/DownloadService(12854): publishProgress entered progress:60
07-29 16:38:51.319 D/DownloadService(12854): publishProgress entered progress:100
07-29 16:38:51.319 D/DownloadService(12854): publishProgress entered progress:35
07-29 16:38:51.319 D/DownloadService(12854): publishProgress entered progress:59
07-29 16:38:51.319 D/DownloadService(12854): publishProgress entered progress:82
07-29 16:38:51.319 D/DownloadService(12854): publishProgress entered progress:36
07-29 16:38:51.319 D/DownloadService(12854): publishProgress entered progress:62
07-29 16:38:51.319 D/DownloadService(12854): publishProgress entered progress:97
07-29 16:38:51.319 D/DownloadService(12854): publishProgress entered progress:83
07-29 16:38:51.319 D/DownloadService(12854): publishProgress entered progress:9
07-29 16:38:51.319 D/DownloadService(12854): publishProgress entered progress:37
07-29 16:38:51.319 I/appium  ( 9879): AppiumResponse: {"sessionId":"dfbf3083-c5d8-4fdf-9522-7a886ccdaa53","status":0,"value":"<?xml version=\"1.0\" encoding=\"UTF-8\"?><hierarchy rotation=\"0\"><android.widget.FrameLayout index=\"0\" text=\"\" class=\"android.widget.FrameLayout\" package=\"com.excelliance.dualaid\" content-desc=\"\" checkable=\"false\" checked=\"false\" clickable=\"false\" enabled=\"true\" focusable=\"false\" focused=\"false\" scrollable=\"false\" long-clickable=\"false\" password=\"false\" selected=\"false\" bounds=\"[0,0][1080,1800]\" resource-id=\"\" instance=\"0\"><android.widget.LinearLayout index=\"0\" text=\"\" class=\"android.widget.LinearLayout\" package=\"com.excelliance.dualaid\" content-desc=\"\" checkable=\"false\" checked=\"false\" clickable=\"false\" enabled=\"true\" focusable=\"false\" focused=\"false\" scrollable=\"false\" long-clickable=\"false\" password=\"false\" selected=\"false\" bounds=\"[0,0][1080,1800]\" resource-id=\"\" instance=\"0\"><android.widget.FrameLayout index=\"0\" text=\"\" class=\"android.widget.FrameLayout\" package=\"com.excelliance.dualaid\" content-desc=\"\" checkable=\"false\" checked=\"false\" clickable=\"false\" enabled=\"true\" focusable=\"false\" focused=\"false\" scrollable=\"false\" long-clickable=\"false\" password=\"false\" selected=\"false\" bounds=\"[0,0][1080,1800]\" resource-id=\"android:id\/content\" instance=\"1\"><android.widget.FrameLayout index=\"0\" text=\"\" class=\"android.widget.FrameLayout\" package=\"com.excelliance.dualaid\" content-desc=\"\" checkable=\"false\" checked=\"false\" clickable=\"false\" enabled=\"true\" focusable=\"false\" focused=\"false\" scrollable=\"false\" long-clickable=\"false\" password=\"false\" selected=\"false\" bounds=\"[0,0][1080,1800]\" resource-id=\"com.excelliance.dualaid:id\/mainactivity\" instance=\"2\"><android.widget.FrameLayout index=\"0\" text=\"\" class=\"android.widget.FrameLayout\" package=\"com.excelliance.dualaid\" content-desc=\"\" checkable=\"false\" checked=\"false\" clickable=\"false\" enabled=\"true\" focusable=\"false\" focused=\"false\" scrollable=\"false\" long-clickable=\"false\" password=\"false\" selected=\"false\" bounds=\"[0,0][1080,1800]\" resource-id=\"\" instance=\"3\"><android.widget.RelativeLayout index=\"0\" text=\"\" class=\"android.widget.RelativeLayout\" package=\"com.excelliance.dualaid\" content-desc=\"\" checkable=\"false\" checked=\"false\" clickable=\"true\" enabled=\"true\" focusable=\"false\" focused=\"false\" scrollable=\"false\" long-clickable=\"false\" password=\"false\" selected=\"false\" bounds=\"[0,0][1080,1800]\" resource-id=\"com.excelliance.dualaid:id\/full_layout\" instance=\"0\"><android.widget.FrameLayout index=\"1\" text=\"\" class=\"android.widget.FrameLayout\" package=\"com.excelliance.dualaid\" content-desc=\"\" checkable=\"false\" checked=\"false\" clickable=\"true\" enabled=\"true\" focusable=\"false\" focused=\"false\" scrollable=\"false\" long-clickable=\"false\" password=\"false\" selected=\"false\" bounds=\"[0,75][1080,1800]\" resource-id=\"com.excelliance.dualaid:id\/rl_guide\" instance=\"4\"><android.widget.RelativeLayout index=\"0\" text=\"\" class=\"android.widget.RelativeLayout\" package=\"com.excelliance.dualaid\" content-desc=\"\" checkable=\"false\" checked=\"false\" clickable=\"false\" enabled=\"true\" focusable=\"false\" focused=\"false\" scrollable=\"false\" long-clickable=\"false\" password=\"false\" selected=\"false\" bounds=\"[0,75][1080,1800]\" resource-id=\"com.excelliance.dualaid:id\/rl_content\" instance=\"1\"><android.widget.TextView index=\"0\" text=\"点击登录第二个账号\" class=\"android.widget.TextView\" package=\"com.excelliance.dualaid\" content-desc=\"\" checkable=\"false\" checked=\"false\" clickable=\"false\" enabled=\"true\" focusable=\"false\" focused=\"false\" scrollable=\"false\" long-clickable=\"false\" password=\"false\" selected=\"false\" bounds=\"[0,1324][513,1507]\" resource-id=\"com.excelliance.dualaid:id\/tv_app_add\" instance=\"0\"\/><\/android.widget.RelativeLayout><android.widget.FrameLayout index=\"1\" text=\"
07-29 16:38:51.319 D/DownloadService(12854): publishProgress entered progress:64
07-29 16:38:51.319 D/DownloadService(12854): publishProgress entered progress:98
07-29 16:38:51.319 D/DownloadService(12854): publishProgress entered progress:84
07-29 16:38:51.319 D/DownloadService(12854): publishProgress entered progress:13
07-29 16:38:51.319 D/DownloadService(12854): publishProgress entered progress:60
07-29 16:38:51.319 D/DownloadService(12854): publishProgress entered progress:10
07-29 16:38:51.319 D/DownloadService(12854): publishProgress entered progress:99
07-29 16:38:51.329 D/DownloadService(12854): publishProgress entered progress:85
07-29 16:38:51.329 V/DownloadService(12854): unzipDir:av
07-29 16:38:51.329 D/DownloadService(12854): publishProgress entered progress:11
07-29 16:38:51.329 D/DownloadService(12854): publishProgress entered progress:96
07-29 16:38:51.329 D/DownloadService(12854): publishProgress entered progress:61
07-29 16:38:51.329 D/DownloadService(12854): publishProgress entered progress:100
07-29 16:38:51.329 D/DownloadService(12854): publishProgress entered progress:20
07-29 16:38:51.329 D/DownloadService(12854): publishProgress entered progress:12
07-29 16:38:51.329 D/DownloadService(12854): publishProgress entered progress:62
07-29 16:38:51.329 D/DownloadService(12854): publishProgress entered progress:86
07-29 16:38:51.329 D/DownloadService(12854): publishProgress entered progress:13
07-29 16:38:51.329 D/DownloadService(12854): publishProgress entered progress:27
07-29 16:38:51.339 D/LBService(12854): remove o=com.excelliance.kxqp.e$1, busyCount=15
07-29 16:38:51.339 D/DownloadService(12854): publishProgress entered progress:63
07-29 16:38:51.339 D/DownloadService(12854): publishProgress entered progress:97
07-29 16:38:51.339 D/DownloadService(12854): publishProgress entered progress:34
07-29 16:38:51.339 D/DownloadService(12854): publishProgress entered progress:14
07-29 16:38:51.339 D/DownloadService(12854): publishProgress entered progress:15
07-29 16:38:51.339 D/DownloadService(12854): publishProgress entered progress:40
07-29 16:38:51.339 V/DownloadService(12854): unzipDir:bd
07-29 16:38:51.339 D/DownloadService(12854): publishProgress entered progress:16
07-29 16:38:51.339 D/LBService(12854): remove o=com.excelliance.kxqp.e$1, busyCount=14
07-29 16:38:51.349 D/DownloadService(12854): publishProgress entered progress:87
07-29 16:38:51.349 D/LBService(12854): remove o=com.excelliance.kxqp.e$1, busyCount=13
07-29 16:38:51.349 D/DownloadService(12854): publishProgress entered progress:47
07-29 16:38:51.349 D/LBService(12854): remove o=com.excelliance.kxqp.e$1, busyCount=12
07-29 16:38:51.349 D/DownloadService(12854): publishProgress entered progress:38
07-29 16:38:51.349 D/DownloadService(12854): publishProgress entered progress:64
07-29 16:38:51.349 D/DownloadService(12854): publishProgress entered progress:17
07-29 16:38:51.349 D/DownloadService(12854): publishProgress entered progress:54
07-29 16:38:51.349 D/DownloadService(12854): publishProgress entered progress:88
07-29 16:38:51.349 D/DownloadService(12854): publishProgress entered progress:18
07-29 16:38:51.349 D/DownloadService(12854): publishProgress entered progress:39
07-29 16:38:51.349 D/DownloadService(12854): publishProgress entered progress:65
07-29 16:38:51.349 D/DownloadService(12854): publishProgress entered progress:61
07-29 16:38:51.349 D/DownloadService(12854): publishProgress entered progress:89
07-29 16:38:51.349 D/DownloadService(12854): publishProgress entered progress:20
07-29 16:38:51.349 D/DownloadService(12854): publishProgress entered progress:68
07-29 16:38:51.349 D/DownloadService(12854): publishProgress entered progress:40
07-29 16:38:51.349 D/DownloadService(12854): publishProgress entered progress:98
07-29 16:38:51.349 D/DownloadService(12854): publishProgress entered progress:90
07-29 16:38:51.349 D/DownloadService(12854): publishProgress entered progress:21
07-29 16:38:51.349 D/DownloadService(12854): publishProgress entered progress:99
07-29 16:38:51.349 D/DownloadService(12854): publishProgress entered progress:74
07-29 16:38:51.359 I/appium  ( 9879): channel read invoked!
07-29 16:38:51.359 I/appium  ( 9879): channel read: GET /wd/hub/session/dfbf3083-c5d8-4fdf-9522-7a886ccdaa53/source
07-29 16:38:51.359 V/DownloadService(12854): unzipDir:ht
07-29 16:38:51.359 D/DownloadService(12854): publishProgress entered progress:22
07-29 16:38:51.359 D/DownloadService(12854): publishProgress entered progress:100
07-29 16:38:51.359 D/DownloadService(12854): publishProgress entered progress:41
07-29 16:38:51.359 D/DownloadService(12854): publishProgress entered progress:66
07-29 16:38:51.359 D/DownloadService(12854): publishProgress entered progress:91
07-29 16:38:51.359 D/DownloadService(12854): publishProgress entered progress:81
07-29 16:38:51.359 D/DownloadService(12854): publishProgress entered progress:92
07-29 16:38:51.359 D/DownloadService(12854): publishProgress entered progress:67
07-29 16:38:51.359 D/DownloadService(12854): publishProgress entered progress:88
07-29 16:38:51.359 D/DownloadService(12854): publishProgress entered progress:68
07-29 16:38:51.359 D/DownloadService(12854): publishProgress entered progress:93
07-29 16:38:51.359 D/DownloadService(12854): publishProgress entered progress:94
07-29 16:38:51.359 D/DownloadService(12854): publishProgress entered progress:95
07-29 16:38:51.359 D/DownloadService(12854): publishProgress entered progress:69
07-29 16:38:51.359 D/DownloadService(12854): publishProgress entered progress:95
07-29 16:38:51.369 D/DownloadService(12854): publishProgress entered progress:23
07-29 16:38:51.369 D/DownloadService(12854): publishProgress entered progress:96
07-29 16:38:51.369 D/DownloadService(12854): publishProgress entered progress:70
07-29 16:38:51.369 D/DownloadService(12854): publishProgress entered progress:100
07-29 16:38:51.369 D/DownloadService(12854): publishProgress entered progress:97
07-29 16:38:51.369 D/DownloadService(12854): publishProgress entered progress:42
07-29 16:38:51.369 D/DownloadService(12854): publishProgress entered progress:24
07-29 16:38:51.369 D/DownloadService(12854): publishProgress entered progress:98
07-29 16:38:51.369 D/DownloadService(12854): publishProgress entered progress:25
07-29 16:38:51.369 V/DownloadService(12854): unzipDir:xf
07-29 16:38:51.369 D/DownloadService(12854): publishProgress entered progress:43
07-29 16:38:51.369 D/DownloadService(12854): publishProgress entered progress:26
07-29 16:38:51.379 D/DownloadService(12854): publishProgress entered progress:99
07-29 16:38:51.379 D/DownloadService(12854): publishProgress entered progress:100
07-29 16:38:51.379 D/DownloadService(12854): publishProgress entered progress:44
07-29 16:38:51.379 D/DownloadService(12854): publishProgress entered progress:45
07-29 16:38:51.379 V/GameUtil(12854): saveVersionToFileByKey  xml_key :av  result:1
07-29 16:38:51.389 D/DownloadService(12854): publishProgress entered progress:27
07-29 16:38:51.389 D/DownloadService(12854): publishProgress entered progress:46
07-29 16:38:51.389 V/DownloadService(12854): unzipDir:gdtnew
07-29 16:38:51.399 D/DownloadService(12854): publishProgress entered progress:71
07-29 16:38:51.399 D/DownloadService(12854): publishProgress entered progress:28
07-29 16:38:51.399 D/DownloadService(12854): publishProgress entered progress:47
07-29 16:38:51.399 D/DownloadService(12854): publishProgress entered progress:48
07-29 16:38:51.399 D/LBService(12854): remove o=com.excelliance.kxqp.e$1, busyCount=11
07-29 16:38:51.399 D/DownloadService(12854): publishProgress entered progress:49
07-29 16:38:51.409 D/DownloadService(12854): publishProgress entered progress:50
07-29 16:38:51.409 D/DownloadService(12854): publishProgress entered progress:51
07-29 16:38:51.409 D/DownloadService(12854): publishProgress entered progress:52
07-29 16:38:51.409 D/DownloadService(12854): publishProgress entered progress:29
07-29 16:38:51.409 D/DownloadService(12854): publishProgress entered progress:53
07-29 16:38:51.409 D/DownloadService(12854): publishProgress entered progress:72
07-29 16:38:51.409 D/DownloadService(12854): publishProgress entered progress:54
07-29 16:38:51.409 D/DownloadService(12854): publishProgress entered progress:73
07-29 16:38:51.409 D/DownloadService(12854): publishProgress entered progress:74
07-29 16:38:51.409 D/DownloadService(12854): publishProgress entered progress:30
07-29 16:38:51.409 D/DownloadService(12854): publishProgress entered progress:55
07-29 16:38:51.409 D/DownloadService(12854): publishProgress entered progress:75
07-29 16:38:51.409 D/DownloadService(12854): publishProgress entered progress:31
07-29 16:38:51.409 V/GameUtil(12854): saveVersionToFileByKey  xml_key :ht  result:1
07-29 16:38:51.419 D/DownloadService(12854): publishProgress entered progress:32
07-29 16:38:51.419 D/DownloadService(12854): publishProgress entered progress:56
07-29 16:38:51.419 D/DownloadService(12854): publishProgress entered progress:33
07-29 16:38:51.419 D/DownloadService(12854): publishProgress entered progress:76
07-29 16:38:51.419 D/DownloadService(12854): publishProgress entered progress:34
07-29 16:38:51.419 D/DownloadService(12854): publishProgress entered progress:57
07-29 16:38:51.419 D/DownloadService(12854): publishProgress entered progress:35
07-29 16:38:51.419 D/DownloadService(12854): publishProgress entered progress:77
07-29 16:38:51.419 D/DownloadService(12854): publishProgress entered progress:36
07-29 16:38:51.419 D/DownloadService(12854): publishProgress entered progress:58
07-29 16:38:51.419 D/DownloadService(12854): publishProgress entered progress:78
07-29 16:38:51.429 D/DownloadService(12854): publishProgress entered progress:79
07-29 16:38:51.429 D/DownloadService(12854): publishProgress entered progress:37
07-29 16:38:51.429 D/DownloadService(12854): publishProgress entered progress:80
07-29 16:38:51.429 D/DownloadService(12854): publishProgress entered progress:38
07-29 16:38:51.429 D/DownloadService(12854): publishProgress entered progress:40
07-29 16:38:51.429 D/DownloadService(12854): publishProgress entered progress:66
07-29 16:38:51.429 D/DownloadService(12854): publishProgress entered progress:81
