06-24 16:40:58.825 I/AppFastHibernation( 1699): fast hibernate duration: 1500 reason: start activity
06-24 16:40:58.825 I/Pged-IPgedBinderService(  769): ****action is 1, pid num is 7***
06-24 16:40:58.825 I/Pged-Freezer(  769): freezePids
06-24 16:40:58.825 I/Pged-Freezer(  769): Freeze process: 29457
06-24 16:40:58.826 I/Pged-Freezer(  769): Freeze process: 19894
06-24 16:40:58.826 I/Pged-Freezer(  769): Freeze process: 29531
06-24 16:40:58.826 I/Pged-Freezer(  769): Freeze process: 14942
06-24 16:40:58.828 I/Pged-Freezer(  769): Freeze process: 15544
06-24 16:40:58.828 I/Pged-Freezer(  769): Freeze process: 24379
06-24 16:40:58.828 D/PgedBinderAdapter( 1699): frz ok, pid: [29457, 19894, 29531, 14942, 15544, 24379]
06-24 16:40:58.829 D/ActivityThread( 8945): ActivityThread,attachApplication
06-24 16:40:58.829 D/ActivityManager(  657): ActivityManagerService,attachApplication,callingPid = 8945
06-24 16:40:58.832 V/WindowManager(  657): No longer Stopped: AppWindowToken{42ebbef token=Token{b2330ce ActivityRecord{80501c9 u0 com.excelliance.dualaid/com.excelliance.kxqp.ui.HelloActivity t16062}}}
06-24 16:40:58.844 V/WindowManager(  657): findFocusedWindow: AppWindowToken{d3a938b token=Token{377755a ActivityRecord{d5c9105 u0 com.huawei.android.launcher/.unihome.UniHomeLauncher t15658}}} below Reached focused app=AppWindowToken{42ebbef token=Token{b2330ce ActivityRecord{80501c9 u0 com.excelliance.dualaid/com.excelliance.kxqp.ui.HelloActivity t16062}}}
06-24 16:40:58.845 D/ScenarioService( 1699): front pkg : com.excelliance.dualaid launcher: false
06-24 16:40:58.845 D/ScenarioService( 1699): new above launcher front pkgs: [com.excelliance.dualaid]
06-24 16:40:58.845 I/AppsUsage( 1699): scnOff:false FgAPP:com.excelliance.dualaid BgAPP:com.huawei.android.launcher
06-24 16:40:58.846 V/WindowManager(  657): Checking 1 opening apps (frozen=false timeout=false)...
06-24 16:40:58.846 V/WindowManager(  657): Check opening app=AppWindowToken{42ebbef token=Token{b2330ce ActivityRecord{80501c9 u0 com.excelliance.dualaid/com.excelliance.kxqp.ui.HelloActivity t16062}}}: allDrawn=false startingDisplayed=false startingMoved=false isRelaunching()=false
06-24 16:40:58.847 D/EmcomManagerService(  657): forePackage name is com.excelliance.dualaid
06-24 16:40:58.847 D/HicomPolicyManager(  657): foreAppInfo = nullpkgName = com.excelliance.dualaid uid= 11423
06-24 16:40:58.847 E/HicomPolicyManager(  657): udp acc is not start yet!
06-24 16:40:58.848 D/HicomPolicyManager(  657): speed control is not start
06-24 16:40:58.848 E/HicomPolicyManager(  657): Network Evaluation is not start yet!
06-24 16:40:58.848 E/HicomPolicyManager(  657): foreground app info is null
06-24 16:40:58.848 D/HwQoEUtils(  657): mForegroundAppPackageName: com.excelliance.dualaid:olle ,score: 0
06-24 16:40:58.848 D/HwQoEUtils(  657): APP type: -1 appName= com.excelliance.dualaid:olle
06-24 16:40:58.848 D/HwQoEUtils(  657): RealAppName:com.excelliance.dualaid
06-24 16:40:58.848 D/HwQoEUtils(  657): no game, APP_TYPE_GAME, appName =com.excelliance.dualaid:olle
06-24 16:40:58.849 D/HwGameAssistantController(  657): pid=8945, uid=11423, foreground=true
06-24 16:40:58.849 I/HwNetworkPolicy(  657): onTransact, code = 203
06-24 16:40:58.849 I/HwNetworkPolicyManager( 1813): getHwUidPolicy uid = 11423 policy = 0
06-24 16:40:58.850 W/AwareLog(  657): SchedLevelBoost: onFgActivitiesChanged config not set!
06-24 16:40:58.850 W//system/bin/hwservicemanager(  416): Cannot open /odm/manifest.xml
06-24 16:40:58.851 D/[HwRecSys]HwRecSysService( 2647): onEvent actionID: 10000 msg:com.excelliance.dualaid		
06-24 16:40:58.851 E/[HwRecSys]HwRecSysService( 2647): getIsRportDirectService is false!
06-24 16:40:58.851 I/PGServer( 1699): report state:10010 event type:2 pid:0 uid:0 pkg:com.huawei.android.launcher to pid: 657
06-24 16:40:58.851 I/PGServer( 1699): report state:10010 event type:2 pid:0 uid:0 pkg:com.huawei.android.launcher to pid: 1699
06-24 16:40:58.851 I/SceneReceiver( 1699): state type: 10010 eventType:2 pid:0 uid:0 pkg:com.huawei.android.launcher
06-24 16:40:58.851 I/PGServer( 1699): report state:10000 event type:1 pid:0 uid:0 pkg:com.excelliance.dualaid to pid: 657
06-24 16:40:58.851 I/PGServer( 1699): report state:10000 event type:1 pid:0 uid:0 pkg:com.excelliance.dualaid to pid: 1699
06-24 16:40:58.851 I/SceneReceiver( 1699): state type: 10000 eventType:1 pid:0 uid:0 pkg:com.excelliance.dualaid
06-24 16:40:58.851 D/HwThermalStateManager( 1699): current foreapp pkg : com.excelliance.dualaid
06-24 16:40:58.852 I/PGServer( 1699): checkPkgType. calling pkg: android
06-24 16:40:58.852 I/PGServer( 1699): checkPkgType. calling pkg: android
06-24 16:40:58.856 W/libc    ( 1699): Set property "sys.aps.gameProcessName" to ""
06-24 16:40:58.857 W/libc    ( 1699): Set property "sys.aps.browserProcessName" to ""
06-24 16:40:58.860 D/HwFLClassLoader( 8945): get used feature list :/feature/used-list failed!
06-24 16:40:58.860 D/HwFLClassLoader( 8945): USE_FEATURE_LIST had not init! 
06-24 16:40:58.865 W//system/bin/hwservicemanager(  416): Cannot open /odm/manifest.xml
06-24 16:40:58.869 I/GRALLOC (  679): 	 shrFd=10,fmt=0x1,intFmt=0x1,btStrd=256,size=4096,pid=679 
06-24 16:40:58.869 I/GRALLOC (  679): 	 yuv=2,w=16,h=16,Stride u=0 v=0,offset u=0 v=0 
06-24 16:40:58.869 I/GRALLOC (  679): 	 iova_size=4096,conUsg=0x100,proUsg=0x100,	 strd=64,[afbc]HdrStrd=0 PyldStrd=0 Scrmbl=0,ionhnd = 1 
06-24 16:40:58.876 I/DisplayPowerController(  657): mPowerRequest.useSmartBacklight : false
06-24 16:40:58.883 E/MemoryLeakMonitorManager( 8945): MemoryLeakMonitor.jar is not exist!
06-24 16:40:58.884 D/KXQPApplication( 8945): run: initUserManager
06-24 16:40:58.884 D/CrashHandler( 8945): CrashHandler
06-24 16:40:58.885 E/Minikin ( 8945): Could not get cmap table size!
06-24 16:40:58.885 D/PMS11423(  657): package:com.excelliance.dualaid, input flags:128, output hwFlags:0
06-24 16:40:58.895 I/HwCust  ( 8945): Constructor found for class android.app.HwCustActivityImpl
06-24 16:40:58.895 D/HwCust  ( 8945): Create obj success use class android.app.HwCustActivityImpl
06-24 16:40:58.897 V/HwPolicyFactory( 8945): : success to get AllImpl object and return....
06-24 16:40:58.898 I/HwCust  ( 8945): Constructor found for class android.app.HwCustHwWallpaperManagerImpl
06-24 16:40:58.899 D/HwCust  ( 8945): Create obj success use class android.app.HwCustHwWallpaperManagerImpl
06-24 16:40:58.900 D/PMS11423(  657): package:com.excelliance.dualaid, input flags:0, output hwFlags:0
06-24 16:40:58.901 V/HwWidgetFactory( 8945): : successes to get AllImpl object and return....
06-24 16:40:58.902 V/ActivityThread( 8945): ActivityThread,callActivityOnCreate
06-24 16:40:58.903 D/HelloActivity( 8945): Memory:25151M
06-24 16:40:58.905 D/HelloActivity( 8945): onCreate: true
06-24 16:40:58.906 D/HelloActivity( 8945): is code boot
06-24 16:40:58.909 D/HelloActivity( 8945): mIsNav = false
06-24 16:40:58.930 D/DateTimeView( 1513): Change to single clock mode!
06-24 16:40:58.931 D/DateTimeView( 1513): Change to single clock mode!
06-24 16:40:58.943 D/HelloActivity( 8945): defDisplayStyle:5
06-24 16:40:58.946 D/HttpUtils( 8945): getDownloadMode()
06-24 16:40:58.946 D/NetUtils( 8945): init inited = true
06-24 16:40:58.946 D/HelloActivity( 8945): enter Nav2
06-24 16:40:58.948 D/NetworkSecurityConfig( 8945): No Network Security Config specified, using platform default
06-24 16:40:58.950 I/ActivityManager(  657): START u0 {pkg=com.excelliance.dualaid cmp=com.excelliance.dualaid/com.excelliance.kxqp.swipe.NavActivity2 (has extras)} from uid 11423
06-24 16:40:58.950 W/libc    (  493): Set property "hw.wifi.dns_stat" to "39830,34927,5028,1,53299"
06-24 16:40:58.950 I/ActivityManager(  657): ActivityRecord info: ActivityInfo{db9d78c com.excelliance.kxqp.swipe.NavActivity2}
06-24 16:40:58.951 V/WindowManager(  657): findFocusedWindow: AppWindowToken{d3a938b token=Token{377755a ActivityRecord{d5c9105 u0 com.huawei.android.launcher/.unihome.UniHomeLauncher t15658}}} below Reached focused app=AppWindowToken{42ebbef token=Token{b2330ce ActivityRecord{80501c9 u0 com.excelliance.dualaid/com.excelliance.kxqp.ui.HelloActivity t16062}}}
06-24 16:40:58.953 V/WindowManager(  657): addAppToken: AppWindowToken{b2c39e7 token=Token{8008ba6 ActivityRecord{3d62101 u0 com.excelliance.dualaid/com.excelliance.kxqp.swipe.NavActivity2 t16062}}} controller={TaskWindowContainerController taskId=16062} at 2147483647
06-24 16:40:58.959 V/ActivityManager(  657): startProcess: name=com.excelliance.dualaid app=null knownToBeDead=true thread=null pid=-1
06-24 16:40:58.959 D/PMS1000 (  657): package:com.excelliance.dualaid, input flags:0, output hwFlags:0
06-24 16:40:58.966 I/ActivityManager(  657): Start proc 8977:com.excelliance.dualaid/u0a1423 for service com.excelliance.dualaid/com.excelliance.kxqp.SmtServService
06-24 16:40:58.967 I/        ( 8977): power log dlsym ok
06-24 16:40:58.969 I/zygote  ( 8977): Reinit property: dalvik.vm.checkjni= false
06-24 16:40:58.974 D/HwNetworkManagementService(  657): code == CODE_GET_AD_KEY_LIST
06-24 16:40:58.974 D/HwNetworkManagementService(  657): appName = com.excelliance.dualaid  is not in the mAdViewMap! reply none
06-24 16:40:58.974 D/HwNetworkManagementService(  657): appName = com.excelliance.dualaid  is not in the mAdIdMap! reply none
06-24 16:40:58.978 D/ActivityThread( 8945): add activity client record, r= ActivityRecord{cbe2ddc token=android.os.BinderProxy@d13fa03 {com.excelliance.dualaid/com.excelliance.kxqp.ui.HelloActivity}} token= android.os.BinderProxy@d13fa03
06-24 16:40:58.982 V/WindowManager(  657): No longer Stopped: AppWindowToken{b2c39e7 token=Token{8008ba6 ActivityRecord{3d62101 u0 com.excelliance.dualaid/com.excelliance.kxqp.swipe.NavActivity2 t16062}}}
06-24 16:40:58.982 V/WindowManager(  657): No longer Stopped: AppWindowToken{b2c39e7 token=Token{8008ba6 ActivityRecord{3d62101 u0 com.excelliance.dualaid/com.excelliance.kxqp.swipe.NavActivity2 t16062}}}
06-24 16:40:58.983 D/ActivityThread( 8977): ActivityThread,attachApplication
06-24 16:40:58.987 V/WindowManager(  657): Checking 1 opening apps (frozen=false timeout=false)...
06-24 16:40:58.987 V/WindowManager(  657): Check opening app=AppWindowToken{b2c39e7 token=Token{8008ba6 ActivityRecord{3d62101 u0 com.excelliance.dualaid/com.excelliance.kxqp.swipe.NavActivity2 t16062}}}: allDrawn=false startingDisplayed=false startingMoved=false isRelaunching()=false
06-24 16:40:58.989 D/ActivityManager(  657): ActivityManagerService,attachApplication,callingPid = 8977
06-24 16:40:58.989 I/zygote64(  657): Background concurrent copying GC freed 19692(1579KB) AllocSpace objects, 158(72MB) LOS objects, 26% free, 67MB/91MB, paused 432us total 178.043ms
06-24 16:40:58.993 D/HwCust  ( 8945): Create obj success use class android.app.HwCustActivityImpl
06-24 16:40:58.993 D/HwCust  ( 8945): Create obj success use class android.app.HwCustHwWallpaperManagerImpl
06-24 16:40:58.994 V/ActivityThread( 8945): ActivityThread,callActivityOnCreate
06-24 16:40:58.997 W//system/bin/hwservicemanager(  416): Cannot open /odm/manifest.xml
06-24 16:40:59.000 D/NavActivity2( 8945): onCreate
06-24 16:40:59.005 W/Utils   ( 8945): Utils_isSuperResolutionSupport [load libai_client.so failed]
06-24 16:40:59.007 D/CubicBezierInterpolator( 8945): CubicBezierInterpolator  mControlPoint1x = 0.23, mControlPoint1y = 0.06, mControlPoint2x = 0.09, mControlPoint2y = 0.97
06-24 16:40:59.007 D/CubicBezierInterpolator( 8945): CubicBezierInterpolator  mControlPoint1x = 0.6, mControlPoint1y = 0.9, mControlPoint2x = 0.8, mControlPoint2y = 1.0
06-24 16:40:59.007 D/CubicBezierInterpolator( 8945): CubicBezierInterpolator  mControlPoint1x = 0.23, mControlPoint1y = 0.06, mControlPoint2x = 0.09, mControlPoint2y = 0.97
06-24 16:40:59.007 D/CubicBezierInterpolator( 8945): CubicBezierInterpolator  mControlPoint1x = 0.6, mControlPoint1y = 0.9, mControlPoint2x = 0.8, mControlPoint2y = 1.0
06-24 16:40:59.008 D/CubicBezierInterpolator( 8945): CubicBezierInterpolator  mControlPoint1x = 0.23, mControlPoint1y = 0.06, mControlPoint2x = 0.09, mControlPoint2y = 0.97
06-24 16:40:59.008 D/CubicBezierInterpolator( 8945): CubicBezierInterpolator  mControlPoint1x = 0.6, mControlPoint1y = 0.9, mControlPoint2x = 0.8, mControlPoint2y = 1.0
06-24 16:40:59.008 D/CubicBezierInterpolator( 8945): CubicBezierInterpolator  mControlPoint1x = 0.23, mControlPoint1y = 0.06, mControlPoint2x = 0.09, mControlPoint2y = 0.97
06-24 16:40:59.008 D/CubicBezierInterpolator( 8945): CubicBezierInterpolator  mControlPoint1x = 0.6, mControlPoint1y = 0.9, mControlPoint2x = 0.8, mControlPoint2y = 1.0
06-24 16:40:59.008 W/X509TrustManager( 8945): checkServerTrusted: SignatureException:null
06-24 16:40:59.008 W/X509TrustManager( 8945): checkServerTrusted: SignatureException:error:04000073:RSA routines:OPENSSL_internal:DATA_TOO_LARGE_FOR_MODULUS
06-24 16:40:59.014 D/HwRTBlurUtils( 8945): check blur style for HwPhoneWindow-, themeResId : 0x7f0e000a, context : com.excelliance.kxqp.swipe.NavActivity2@794246b, Nhwext : 0, get Blur : disable with , null
06-24 16:40:59.014 D/PMS11423(  657): package:com.excelliance.dualaid, input flags:128, output hwFlags:0
06-24 16:40:59.014 D/HwRTBlurUtils( 8945): check blur style for HwPhoneWindow-, themeResId : 0x7f0e000a, context : com.excelliance.kxqp.swipe.NavActivity2@794246b, Nhwext : 0, get Blur : disable with , null
06-24 16:40:59.014 E/test    ( 8945): hw notch screen flag api error
06-24 16:40:59.016 D/ActivityThread( 8945): add activity client record, r= ActivityRecord{414755e token=android.os.BinderProxy@31abee5 {com.excelliance.dualaid/com.excelliance.kxqp.swipe.NavActivity2}} token= android.os.BinderProxy@31abee5
06-24 16:40:59.016 D/PMS11423(  657): package:com.excelliance.dualaid, input flags:128, output hwFlags:0
06-24 16:40:59.018 E/ViewUtils( 8945): setBgColor: view==null:top
06-24 16:40:59.023 D/HwFLClassLoader( 8977): get used feature list :/feature/used-list failed!
06-24 16:40:59.023 D/HwFLClassLoader( 8977): USE_FEATURE_LIST had not init! 
06-24 16:40:59.024 D/OpenGLRenderer( 8945):   HWUI Binary is  enabled
06-24 16:40:59.025 D/SurfaceFlinger(  710): SurfaceFlinger: getDisplayConfigs--3.000000, 1080, 1920
06-24 16:40:59.025 I/chatty  (  710): uid=1000(system) Binder:710_2 identical 1 line
06-24 16:40:59.025 D/SurfaceFlinger(  710): SurfaceFlinger: getDisplayConfigs--3.000000, 1080, 1920
06-24 16:40:59.025 D/OpenGLRenderer( 8945): HWUI GL Pipeline
06-24 16:40:59.027 W//system/bin/hwservicemanager(  416): Cannot open /odm/manifest.xml
06-24 16:40:59.028 V/WindowManager(  657): Adding Window{e089f8a u0 com.excelliance.dualaid/com.excelliance.kxqp.swipe.NavActivity2} to AppWindowToken{b2c39e7 token=Token{8008ba6 ActivityRecord{3d62101 u0 com.excelliance.dualaid/com.excelliance.kxqp.swipe.NavActivity2 t16062}}}
06-24 16:40:59.029 V/WindowManager(  657): addWindow: New client android.os.BinderProxy@70c45f5: window=Window{e089f8a u0 com.excelliance.dualaid/com.excelliance.kxqp.swipe.NavActivity2} Callers=com.android.server.wm.HwWindowManagerService.addWindow:562 com.android.server.wm.Session.addToDisplay:199 android.view.IWindowSession$Stub.onTransact:124 com.android.server.wm.Session.onTransact:161 android.os.Binder.execTransact:675 
06-24 16:40:59.030 I/GRALLOC (  679): 	 shrFd=10,fmt=0x1,intFmt=0x1,btStrd=256,size=4096,pid=679 
06-24 16:40:59.030 I/GRALLOC (  679): 	 yuv=2,w=16,h=16,Stride u=0 v=0,offset u=0 v=0 
06-24 16:40:59.030 I/GRALLOC (  679): 	 iova_size=4096,conUsg=0x100,proUsg=0x100,	 strd=64,[afbc]HdrStrd=0 PyldStrd=0 Scrmbl=0,ionhnd = 1 
06-24 16:40:59.030 V/WindowManager(  657): Checking 1 opening apps (frozen=false timeout=false)...
06-24 16:40:59.030 V/WindowManager(  657): Check opening app=AppWindowToken{b2c39e7 token=Token{8008ba6 ActivityRecord{3d62101 u0 com.excelliance.dualaid/com.excelliance.kxqp.swipe.NavActivity2 t16062}}}: allDrawn=false startingDisplayed=false startingMoved=false isRelaunching()=false
06-24 16:40:59.039 D/PMS11423(  657): package:com.excelliance.dualaid, input flags:128, output hwFlags:0
06-24 16:40:59.046 D/HwGalleryCacheManagerImpl( 8945): mIsEffect:false
06-24 16:40:59.061 I/chatty  (  657): uid=1000(system) Binder:657_12 identical 4 lines
06-24 16:40:59.064 D/PMS11423(  657): package:com.excelliance.dualaid, input flags:128, output hwFlags:0
06-24 16:40:59.068 D/PMS11423(  657): package:com.excelliance.dualaid, input flags:128, output hwFlags:0
06-24 16:40:59.086 D/HwRecentsLockUtils( 1513): Search
06-24 16:40:59.086 E/HsmCoreServiceImpl( 1478): onTransact in code is: 103
06-24 16:40:59.086 I/MediaProcessHandler( 1478): playingUids: 
06-24 16:40:59.069 I/chatty  (  657): uid=1000(system) Binder:657_18 identical 2 lines
06-24 16:40:59.070 D/PMS11423(  657): package:com.excelliance.dualaid, input flags:128, output hwFlags:0
06-24 16:40:59.087 D/ActivityManager(  657): Skipping, home or recents stack task: TaskRecord{333215f #15658 A=com.huawei.android.launcher U=0 StackId=0 sz=1}
06-24 16:40:59.087 D/ActivityManager(  657): Skipping intent:act=android.intent.action.MAIN cat=[android.intent.category.LAUNCHER] flg=0x10a00000 cmp=io.appium.settings/.Settings
06-24 16:40:59.087 D/ActivityManager(  657): Skipping intent:flg=0x10804000 cmp=com.android.systemui/.recents.RecentsActivity bnds=[48,928][1032,2296]
06-24 16:40:59.087 D/ActivityManager(  657): Skipping intent:flg=0x18800000 cmp=com.tencent.mm/.plugin.base.stub.WXPayEntryActivity
06-24 16:40:59.087 D/ActivityManager(  657): Skipping intent:flg=0x10800000 cmp=com.huawei.systemmanager/com.huawei.permissionmanager.ui.MainActivity
06-24 16:40:59.087 D/ActivityManager(  657): Skipping intent:flg=0x18800000 cmp=com.tencent.mm/.plugin.base.stub.WXEntryActivity
06-24 16:40:59.087 D/ActivityManager(  657): Skipping intent:act=com.huawei.action.VOICE_ASSISTANT flg=0x10800000 pkg=com.huawei.vassistant cmp=com.huawei.vassistant/.ui.main.VAssistantActivity
06-24 16:40:59.087 D/ActivityManager(  657): Skipping intent:act=com.huawei.android.launcher.action.ACCESS_SPLIT_SCREEN_APP cat=[android.intent.category.DEFAULT] flg=0x10804000 cmp=com.huawei.android.launcher/.splitscreen.SplitScreenAppActivity
06-24 16:40:59.087 D/ActivityManager(  657): Skipping intent:flg=0x10800000 pkg=com.excelliance.dualaid.b64 cmp=com.excelliance.dualaid.b64/com.excelliance.kxqp.sdk.PermissionRequestActivity
06-24 16:40:59.087 D/ActivityManager(  657): Skipping intent:act=android.intent.action.VIEW dat=content://com.excelliance.dualaid.fileProvider/external_storage_root/Download/apk/Multiple_64.apk typ=application/vnd.android.package-archive flg=0x10800001 cmp=com.android.packageinstaller/.InstallStart
06-24 16:40:59.087 D/ActivityManager(  657): Skipping intent:flg=0x10800000 cmp=com.android.systemui/.usb.HwUsbDebuggingActivity
06-24 16:40:59.087 D/ActivityManager(  657): Skipping intent:act=android.deviceinfo.chooser.action.LAUNCH flg=0x10800000 hwFlg=0x100 pkg=com.android.settings cmp=com.android.settings/.deviceinfo.UsbConnModeChooserActivity
06-24 16:40:59.087 D/ActivityManager(  657): Skipping intent:flg=0x10800000 cmp=com.zol.android/.push.KeepLiveActivity
06-24 16:40:59.087 D/ActivityManager(  657): Skipping intent:act=android.intent.action.MAIN cat=[android.intent.category.HOME] flg=0x10800300 cmp=com.android.settings/.FallbackHome
06-24 16:40:59.093 D/HttpUtils( 8945): getResponseCode():200
06-24 16:40:59.094 D/WHEG    ( 8945): {"status":"0","controls":"","skip":"0"}
06-24 16:40:59.121 D/MainActivity( 8945): instantiateItem: 2	android.widget.RelativeLayout{d00e2b1 V.E...... ......I. 0,0-0,0}
06-24 16:40:59.121 D/MainActivity( 8945): initPage3: 
06-24 16:40:59.124 I/zygote  ( 8977): Compiler allocated 4MB to compile boolean com.excelliance.kxqp.KXQPApplication.b(int)
06-24 16:40:59.125 V/WindowManager(  657): Checking 1 opening apps (frozen=false timeout=false)...
06-24 16:40:59.125 V/WindowManager(  657): Check opening app=AppWindowToken{b2c39e7 token=Token{8008ba6 ActivityRecord{3d62101 u0 com.excelliance.dualaid/com.excelliance.kxqp.swipe.NavActivity2 t16062}}}: allDrawn=false startingDisplayed=false startingMoved=false isRelaunching()=false
06-24 16:40:59.127 V/HwPhoneWindowManager(  657): updateSystemUiColorLw window=Window{e089f8a u0 com.excelliance.dualaid/com.excelliance.kxqp.swipe.NavActivity2},EmuiStyle=0,StatusBarColor=0xff000000,NavigationBarColor=0xff000000, mLastIsEmuiLightStyle=-1
06-24 16:40:59.127 D/HwPhoneWindowManager(  657): Transact:setSystemUIColor to status bar service
06-24 16:40:59.127 I/CommandQueue( 1513): updateBarBgColor
06-24 16:40:59.127 D/CommandQueue( 1513): CommandQueue, setBarBackgroundColor
06-24 16:40:59.128 V/WindowManager(  657): Checking 1 opening apps (frozen=false timeout=false)...
06-24 16:40:59.128 V/WindowManager(  657): Check opening app=AppWindowToken{b2c39e7 token=Token{8008ba6 ActivityRecord{3d62101 u0 com.excelliance.dualaid/com.excelliance.kxqp.swipe.NavActivity2 t16062}}}: allDrawn=false startingDisplayed=false startingMoved=false isRelaunching()=false
06-24 16:40:59.132 D/MainActivity( 8945): run: initPage3
06-24 16:40:59.132 I/GRALLOC (  679): 	 shrFd=10,fmt=0x1,intFmt=0x200000001,btStrd=4352,size=8486912,pid=679 
06-24 16:40:59.132 I/GRALLOC (  679): 	 yuv=2,w=1080,h=1920,Stride u=0 v=0,offset u=0 v=0 
06-24 16:40:59.132 I/GRALLOC (  679): 	 iova_size=8486912,conUsg=0x900,proUsg=0x900,	 strd=1088,[afbc]HdrStrd=1088 PyldStrd=69632 Scrmbl=2,ionhnd = 1 
06-24 16:40:59.133 D/TintManager( 1513): statusBarIconTint=#99FFFFFF,navigationBarIconTint=#FF000000
06-24 16:40:59.134 D/BarTransitions.HwPhoneStatusBarView( 1513): MODE_TRANSPARENT -> MODE_TRANSLUCENT animate=false
06-24 16:40:59.134 D/BarTransitions.HwPhoneStatusBarView( 1513): applyModeBackground oldMode=MODE_TRANSPARENT newMode=MODE_TRANSLUCENT animate=false
06-24 16:40:59.136 I/OpenGLRenderer( 8945): Initialized EGL, version 1.4
06-24 16:40:59.136 D/OpenGLRenderer( 8945): Swap behavior 2
06-24 16:40:59.136 I/GRALLOC (  679): 	 shrFd=10,fmt=0x1,intFmt=0x200000001,btStrd=4352,size=8486912,pid=679 
06-24 16:40:59.136 I/GRALLOC (  679): 	 yuv=2,w=1080,h=1920,Stride u=0 v=0,offset u=0 v=0 
06-24 16:40:59.136 I/GRALLOC (  679): 	 iova_size=8486912,conUsg=0x900,proUsg=0x900,	 strd=1088,[afbc]HdrStrd=1088 PyldStrd=69632 Scrmbl=2,ionhnd = 1 
06-24 16:40:59.139 I/GRALLOC (  679): 	 shrFd=10,fmt=0x1,intFmt=0x200000001,btStrd=4352,size=8486912,pid=679 
06-24 16:40:59.139 I/GRALLOC (  679): 	 yuv=2,w=1080,h=1920,Stride u=0 v=0,offset u=0 v=0 
06-24 16:40:59.139 I/GRALLOC (  679): 	 iova_size=8486912,conUsg=0x900,proUsg=0x900,	 strd=1088,[afbc]HdrStrd=1088 PyldStrd=69632 Scrmbl=2,ionhnd = 1 
06-24 16:40:59.140 D/mali_winsys( 8945): EGLint new_window_surface(egl_winsys_display *, void *, EGLSurface, EGLConfig, egl_winsys_surface **, egl_color_buffer_format *, EGLBoolean) returns 0x3000
06-24 16:40:59.140 E/vndksupport( 8945): Could not load vendor/lib/egl/libGLES_mali_v2.so from sphal namespace: dlopen failed: library "vendor/lib/egl/libGLES_mali_v2.so" not found.
06-24 16:40:59.150 D/StatusBarIconController( 1513): setIconVisibility icon is null or visibility not change visibility=false
06-24 16:40:59.157 I/GRALLOC (  679): 	 shrFd=10,fmt=0x1,intFmt=0x200000001,btStrd=4352,size=8486912,pid=679 
06-24 16:40:59.157 I/GRALLOC (  679): 	 yuv=2,w=1080,h=1920,Stride u=0 v=0,offset u=0 v=0 
06-24 16:40:59.157 I/GRALLOC (  679): 	 iova_size=8486912,conUsg=0xb00,proUsg=0xb00,	 strd=1088,[afbc]HdrStrd=1088 PyldStrd=69632 Scrmbl=2,ionhnd = 1 
06-24 16:40:59.158 D/PMS11423(  657): package:com.excelliance.dualaid, input flags:128, output hwFlags:0
06-24 16:40:59.164 D/WindowManager(  657): finishDrawingWindow: Window{e089f8a u0 com.excelliance.dualaid/com.excelliance.kxqp.swipe.NavActivity2} mDrawState=DRAW_PENDING
06-24 16:40:59.164 D/PMS11423(  657): package:com.excelliance.dualaid, input flags:128, output hwFlags:0
06-24 16:40:59.164 V/MainActivity( 8945): onWindowFocusChanged: true
06-24 16:40:59.165 W/InputMethodManager( 8945): startInputReason = 1
06-24 16:40:59.165 V/WindowManager(  657): Checking 1 opening apps (frozen=false timeout=false)...
06-24 16:40:59.166 V/WindowManager(  657): Check opening app=AppWindowToken{b2c39e7 token=Token{8008ba6 ActivityRecord{3d62101 u0 com.excelliance.dualaid/com.excelliance.kxqp.swipe.NavActivity2 t16062}}}: allDrawn=true startingDisplayed=false startingMoved=false isRelaunching()=false
06-24 16:40:59.168 D/ImageWallpaper( 1513): onVisibilityChanged: mVisible, visible=true, false
06-24 16:40:59.168 D/ImageWallpaper( 1513): Visibility changed to visible=false
06-24 16:40:59.168 D/BarTransitions.HwPhoneStatusBarView( 1513): MODE_TRANSLUCENT -> MODE_TRANSPARENT animate=false
06-24 16:40:59.168 D/BarTransitions.HwPhoneStatusBarView( 1513): applyModeBackground oldMode=MODE_TRANSLUCENT newMode=MODE_TRANSPARENT animate=false
06-24 16:40:59.170 I/ActivityManager(  657): Displayed com.excelliance.dualaid/com.excelliance.kxqp.swipe.NavActivity2: +185ms (total +3s928ms)
06-24 16:40:59.171 W/InputMethodManager( 8945): startInputReason = 5
06-24 16:40:59.172 I/wangchen( 7035): SysInfo.getSysParam: orientation=1||config d=3.0,w=1080,h=1920||metrics d=3.0,w=1080,h=1920||sdk=26,bar_h=72
06-24 16:40:59.173 I/KeymapLoader( 7035): w=1080 h=1920 ori=true appScale=3.3 s1=3.0
06-24 16:40:59.179 E/BufferQueueProducer(  710): [com.huawei.android.launcher/com.huawei.android.launcher.unihome.UniHomeLauncher#0] disconnect: not connected (req=1)
06-24 16:40:59.179 W/libEGL  ( 2519): EGLNativeWindowType 0x74abe62010 disconnect failed
06-24 16:40:59.180 I/WindowManager(  657): notifyAccessibilityButtonVisibilityChanged visible:false
06-24 16:40:59.184 I/GRALLOC (  679): 	 shrFd=10,fmt=0x1,intFmt=0x200000001,btStrd=4352,size=8486912,pid=679 
06-24 16:40:59.184 I/GRALLOC (  679): 	 yuv=2,w=1080,h=1920,Stride u=0 v=0,offset u=0 v=0 
06-24 16:40:59.184 I/GRALLOC (  679): 	 iova_size=8486912,conUsg=0xb00,proUsg=0xb00,	 strd=1088,[afbc]HdrStrd=1088 PyldStrd=69632 Scrmbl=2,ionhnd = 1 
06-24 16:40:59.195 W/dex2oat ( 9028): Using default instruction set features for ARM CPU variant (default) using conservative defaults
06-24 16:40:59.196 I/dex2oat ( 9028): /system/bin/dex2oat -j4 --dex-file=/data/data/com.excelliance.dualaid/.platformcache/main.jar --output-vdex-fd=47 --oat-fd=48 --oat-location=/data/data/com.excelliance.dualaid/.platformcache/oat/arm/main.odex --compiler-filter=quicken
06-24 16:40:59.196 I/cutils-trace( 9028): atrace_init_once, trace_marker_path = /sys/kernel/debug/tracing/trace_marker
06-24 16:40:59.207 W/ActivityManager(  657): Sending non-protected broadcast huawei.action.floattasks.STATUS_BAR_STATE_CHANGED from system 1513:com.android.systemui/u0a39 pkg com.android.systemui
06-24 16:40:59.207 W/HwKeyguardDragHelper( 1513): AnimationBlocked
06-24 16:40:59.207 D/ActivityThread( 8945): Remove activity client record, r= ActivityRecord{cbe2ddc token=android.os.BinderProxy@d13fa03 {com.excelliance.dualaid/com.excelliance.kxqp.ui.HelloActivity}} token= android.os.BinderProxy@d13fa03
06-24 16:40:59.207 D/BarTransitions.HwPhoneStatusBarView( 1513): MODE_TRANSPARENT -> MODE_TRANSLUCENT animate=false
06-24 16:40:59.207 D/BarTransitions.HwPhoneStatusBarView( 1513): applyModeBackground oldMode=MODE_TRANSPARENT newMode=MODE_TRANSLUCENT animate=false
06-24 16:40:59.207 D/BarTransitions.HwNavigationBarView( 1513): MODE_TRANSLUCENT -> MODE_OPAQUE animate=false
06-24 16:40:59.207 D/BarTransitions.HwNavigationBarView( 1513): applyModeBackground oldMode=MODE_TRANSLUCENT newMode=MODE_OPAQUE animate=false
06-24 16:40:59.207 I/NetworkSpeedManagerEx( 1513): mIsStop = false
06-24 16:40:59.207 I/NetworkSpeedManagerEx( 1513):  runInThread getTetherStats
06-24 16:40:59.208 V/WindowManager(  657): notifyAppStopped: AppWindowToken{d3a938b token=Token{377755a ActivityRecord{d5c9105 u0 com.huawei.android.launcher/.unihome.UniHomeLauncher t15658}}}
06-24 16:40:59.208 E/WindowManager(  657): win=Window{68d6975 u0 com.huawei.android.launcher/com.huawei.android.launcher.unihome.UniHomeLauncher} destroySurfaces: appStopped=true win.mWindowRemovalAllowed=false win.mRemoveOnExit=false
06-24 16:40:59.208 I/WindowManager(  657): Destroying surface Surface(name=com.huawei.android.launcher/com.huawei.android.launcher.unihome.UniHomeLauncher) called by com.android.server.wm.WindowStateAnimator.destroySurface:2060 com.android.server.wm.WindowStateAnimator.destroySurfaceLocked:873 com.android.server.wm.HwWindowStateAnimator.destroySurfaceLocked:1006 com.android.server.wm.WindowState.destroyOrSaveSurfaceUnchecked:2990 com.android.server.wm.WindowState.destroySurface:2951 com.android.server.wm.AppWindowToken.destroySurfaces:654 com.android.server.wm.AppWindowToken.destroySurfaces:638 com.android.server.wm.AppWindowToken.notifyAppStopped:682 
06-24 16:40:59.210 V/WindowManager(  657): removeAppToken: AppWindowToken{42ebbef token=Token{b2330ce ActivityRecord{80501c9 u0 com.excelliance.dualaid/com.excelliance.kxqp.ui.HelloActivity t16062}}} delayed=false Callers=com.android.server.wm.DisplayContent.removeAppToken:985 com.android.server.wm.AppWindowContainerController.removeContainer:348 com.android.server.am.ActivityRecord.removeWindowContainer:1039 com.android.server.am.ActivityStack.removeActivityFromHistoryLocked:4491 
06-24 16:40:59.210 D/HwGameAssistantController(  657): pid=2519, uid=10056, foreground=false
06-24 16:40:59.210 W/AwareLog(  657): SchedLevelBoost: onFgActivitiesChanged config not set!
06-24 16:40:59.214 I/NetworkSpeedManagerEx( 1513):  runInUI refreshSpeed
06-24 16:40:59.214 I/NetworkSpeedManagerEx( 1513): value=4925.3335speed = 4.8
06-24 16:40:59.214 I/NetworkSpeedManagerEx( 1513): K/smIsShowLastSpeedValuefalse
06-24 16:40:59.214 I/NetworkSpeedView( 1513): /update(), speed=4.8
06-24 16:40:59.214 I/NetworkSpeedView( 1513): K/s parent class:class com.android.systemui.statusbar.HwSystemIcons
06-24 16:40:59.230 I/NetworkSpeedManagerEx( 1513): mIsStop = false
06-24 16:40:59.230 I/NetworkSpeedManagerEx( 1513):  runInThread getTetherStats
06-24 16:40:59.232 I/NetworkSpeedManagerEx( 1513):  runInUI refreshSpeed
06-24 16:40:59.232 I/NetworkSpeedManagerEx( 1513): value=3466.6667speed = 3.4
06-24 16:40:59.232 I/NetworkSpeedManagerEx( 1513): K/smIsShowLastSpeedValuefalse
06-24 16:40:59.232 I/NetworkSpeedView( 1513): /update(), speed=3.4
06-24 16:40:59.232 I/NetworkSpeedView( 1513): K/s parent class:class com.android.systemui.statusbar.HwSystemIcons
06-24 16:40:59.352 I/HwNormalizedSpline(  657): getEyeProtectionBrightnessLevel lux =239.0, mDefaultBrightnessFromLux =68.645
06-24 16:40:59.577 D/HwWifiStatStore(  657): handleMessage : 200
06-24 16:40:59.598 I/dex2oat ( 9028): dex2oat took 402.561ms (969.820ms cpu) (threads: 4) arena alloc=129KB (132336B) java alloc=2MB (3127336B) native alloc=4MB (4688664B) free=2MB (2651368B)
06-24 16:40:59.610 D/PMS11423(  657): package:com.excelliance.dualaid, input flags:128, output hwFlags:0
06-24 16:40:59.616 D/PMS11423(  657): package:com.excelliance.dualaid, input flags:128, output hwFlags:0
06-24 16:40:59.624 W/Watchdog(  657): hungtask: writing kick
06-24 16:40:59.626 I/EventHub(  657): EventHub monitor: no key events in the past 4533s, no motion events in the past 1424s
06-24 16:40:59.660 W/dex2oat ( 9054): Using default instruction set features for ARM CPU variant (default) using conservative defaults
06-24 16:40:59.660 I/dex2oat ( 9054): /system/bin/dex2oat -j4 --dex-file=/data/data/com.excelliance.dualaid/.platformcache/kxqpplatform2.jar --output-vdex-fd=48 --oat-fd=49 --oat-location=/data/data/com.excelliance.dualaid/.platformcache/oat/arm/kxqpplatform2.odex --compiler-filter=quicken
06-24 16:40:59.660 I/cutils-trace( 9054): atrace_init_once, trace_marker_path = /sys/kernel/debug/tracing/trace_marker
06-24 16:40:59.670 I/GRALLOC (  679): 	 shrFd=10,fmt=0x1,intFmt=0x200000001,btStrd=4352,size=8486912,pid=679 
06-24 16:40:59.670 I/GRALLOC (  679): 	 yuv=2,w=1080,h=1920,Stride u=0 v=0,offset u=0 v=0 
06-24 16:40:59.670 I/GRALLOC (  679): 	 iova_size=8486912,conUsg=0xb00,proUsg=0xb00,	 strd=1088,[afbc]HdrStrd=1088 PyldStrd=69632 Scrmbl=2,ionhnd = 1 
06-24 16:40:59.867 I/dex2oat ( 9054): dex2oat took 207.465ms (437.307ms cpu) (threads: 4) arena alloc=3KB (3720B) java alloc=2MB (2283472B) native alloc=2MB (2309616B) free=2MB (2933264B)
06-24 16:40:59.879 D/PMS11423(  657): package:com.excelliance.dualaid, input flags:0, output hwFlags:0
06-24 16:40:59.890 E/MemoryLeakMonitorManager( 8977): MemoryLeakMonitor.jar is not exist!
06-24 16:40:59.891 D/CrashHandler( 8977): CrashHandler
06-24 16:40:59.892 D/KXQPApplication( 8977): run: initUserManager
06-24 16:40:59.893 E/Minikin ( 8977): Could not get cmap table size!
06-24 16:40:59.894 D/PMS11423(  657): package:com.excelliance.dualaid, input flags:128, output hwFlags:0
06-24 16:40:59.908 D/PMS1000 (  657): package:com.excelliance.dualaid, input flags:8192, output hwFlags:0
06-24 16:40:59.910 D/PMS1001 (  657): package:com.excelliance.dualaid, input flags:0, output hwFlags:0
06-24 16:40:59.911 D/PMS11423(  657): package:com.excelliance.dualaid, input flags:0, output hwFlags:0
06-24 16:40:59.915 D/AirPushService( 8977): 第一次触发
06-24 16:40:59.916 D/SmtServService( 8977): MSG_LOAD_PLT GameUtil.isPtLoaded() = false
06-24 16:40:59.917 I/HwCust  ( 8977): Constructor found for class android.net.HwCustConnectivityManagerImpl
06-24 16:40:59.917 D/HwCust  ( 8977): Create obj success use class android.net.HwCustConnectivityManagerImpl
06-24 16:40:59.918 D/NetworkStateReceiver( 8977): netWorkConnected = true
06-24 16:40:59.918 D/AirPushUtils( 8977): startPushInfo
06-24 16:40:59.920 D/StatisticsManager( 8977): Query time diff:1529829659920
06-24 16:40:59.920 D/AirPushService( 8977): 第一次设置Alarm
06-24 16:40:59.920 D/AirPushService( 8977): resetPushAlarm
06-24 16:40:59.923 D/SmtServService( 8977): pull info
06-24 16:40:59.923 D/SmtServService( 8977): diffTime = 1529829659923
06-24 16:40:59.923 D/SmtServService( 8977): pushInfoFromServer
06-24 16:40:59.925 D/AirPushPreferences( 8977): setLastPushTime
06-24 16:40:59.938 I/zygote  ( 8977): Do partial code cache collection, code=27KB, data=31KB
06-24 16:40:59.940 I/zygote  ( 8977): After code cache collection, code=11KB, data=18KB
06-24 16:40:59.940 I/zygote  ( 8977): Increasing code cache capacity to 128KB
06-24 16:40:59.941 D/launch-time-RU( 8977): preload 24 classes cost 24ms
06-24 16:40:59.947 D/PMS11423(  657): package:com.excelliance.dualaid, input flags:128, output hwFlags:0
06-24 16:40:59.964 D/StatisticsManager( 8977): Query time diff:1529829659964
06-24 16:40:59.971 W/GDataClient( 2925): Unable to execute HTTP request.java.net.SocketTimeoutException: failed to connect to android.clients.google.com/74.125.23.113 (port 443) from /10.0.0.51 (port 56348) after 60000ms
06-24 16:40:59.971 W/SubscribedFeeds( 2925): Soft failure: java.net.SocketTimeoutException: failed to connect to android.clients.google.com/74.125.23.113 (port 443) from /10.0.0.51 (port 56348) after 60000ms
06-24 16:40:59.974 D/StatisticsManager( 8977): Query time diff:1529829659974
06-24 16:40:59.975 I/SyncManager(  657): SyncJobService->callJobFinished: remove job to map, jobid:105289
06-24 16:40:59.976 D/JobServiceContext(  657): doCallback of : JobStatus{16a312f #1000/105289 subscribedfeeds/com.google:android u=0 s=10089 TIME=-6m0s751ms:none NET=1 PERSISTED READY} v:VERB_EXECUTING
06-24 16:40:59.980 D/AirPushDBHelper( 8977): onCreate: pushitemnew
06-24 16:40:59.981 D/SyncManager(  657): failed sync operation 
06-24 16:40:59.982 D/PMS1000 (  657): package:com.android.email, input flags:1, output hwFlags:33554432
06-24 16:40:59.982 D/PMS1000 (  657): package:com.android.exchange, input flags:1, output hwFlags:0
06-24 16:40:59.982 D/PMS1000 (  657): package:com.google.android.gm, input flags:1, output is null
06-24 16:40:59.982 W/HwAlarmManagerService(  657): isContainsAppUidInWorksource-->happend NameNotFoundException
06-24 16:40:59.983 I/HwAlarmManagerService(  657): hwSetAlarm listenerTag: *job.delay*
06-24 16:40:59.983 I/JobScheduler.Time(  657): mNextDelayExpiredElapsedMillis: 112614516
06-24 16:40:59.985 D/AirPushDBHelper( 8977): selection = type=? and index_=(select max(index_) from pushitemnew where type=?) , key = vip
06-24 16:40:59.986 D/AirPushDBHelper( 8977): selection = type=? and index_=(select max(index_) from pushitemnew where type=?) , key = update
06-24 16:40:59.986 D/AirPushDBHelper( 8977): selection = type=? and index_=(select max(index_) from pushitemnew where type=?) , key = officalActivity
06-24 16:40:59.986 D/AirPushDBHelper( 8977): selection = type=? and index_=(select max(index_) from pushitemnew where type=?) , key = news
06-24 16:40:59.986 D/AirPushDBHelper( 8977): selection = type=? and index_=(select max(index_) from pushitemnew where type=?) , key = target
06-24 16:40:59.987 D/AirPushDBHelper( 8977): selection = type=? and index_=(select max(index_) from pushitemnew where type=?) , key = batch
06-24 16:40:59.987 D/AirPushDBHelper( 8977): selection = type=? and index_=(select max(index_) from pushitemnew where type=?) , key = skipTarget
06-24 16:40:59.987 D/AirPushDBHelper( 8977): selection = type=? and index_=(select max(index_) from pushitemnew where type=?) , key = thirdApp
06-24 16:40:59.987 D/PushItem( 8977): indexJson = {}
06-24 16:40:59.987 D/AirPushService( 8977): dataJson = {}
06-24 16:40:59.987 V/AirPushService( 8977): ver :e30%3D%0A
06-24 16:40:59.988 D/VersionManager( 8977): httpsRequest getURL = https://mto.multiopen.cn/pushmess.php?ver=466&mainver=231200&data=e30%3D%0A&wxCode=1321&subchid=1&sdkV=8.0.0&pkg=com.excelliance.dualaid&chid=10019&issl=1&compver=54302&wxVerName=6.6.7&vn=4.0.6&model=stf-al10&api=26&brand=honor&aid=f0c2426fc7560cf5
06-24 16:40:59.988 D/NetworkSecurityConfig( 8977): No Network Security Config specified, using platform default
06-24 16:40:59.991 D/PMS1000 (  657): package:com.android.contacts, input flags:8192, output hwFlags:0
06-24 16:40:59.992 D/PMS1000 (  657): package:com.huawei.contactscamcard, input flags:8192, output hwFlags:33554432
06-24 16:40:59.995 V/BroadcastQueue(  657): Finished with ordered broadcast BroadcastRecord{60311f4 u0 com.action.broadreceiver.schedulermanager}
06-24 16:40:59.999 D/GetCtrlInfoTask( 8977): debugMode = false
06-24 16:40:59.999 V/BroadcastQueue(  657): Finished with ordered broadcast BroadcastRecord{fe57ede u0 com.action.broadreceiver.schedulermanager}
06-24 16:41:00.002 D/PMS1000 (  657): package:com.whatsapp, input flags:0, output hwFlags:0
06-24 16:41:00.002 D/PMS1000 (  657): package:com.google.android.gms, input flags:0, output hwFlags:0
06-24 16:41:00.002 D/PMS1000 (  657): package:com.qihoo.appstore, input flags:0, output hwFlags:0
06-24 16:41:00.002 D/PMS1000 (  657): package:com.sina.weibo, input flags:0, output hwFlags:0
06-24 16:41:00.002 D/PMS1000 (  657): package:com.wandoujia.phoenix2, input flags:0, output hwFlags:0
06-24 16:41:00.002 D/PMS1000 (  657): package:com.android.email, input flags:0, output hwFlags:33554432
06-24 16:41:00.002 D/PMS1000 (  657): package:com.android.email, input flags:0, output hwFlags:33554432
06-24 16:41:00.002 D/PMS1000 (  657): package:com.eg.android.AlipayGphone, input flags:0, output hwFlags:0
06-24 16:41:00.002 D/PMS1000 (  657): package:com.pp.assistant, input flags:0, output hwFlags:0
06-24 16:41:00.002 D/PMS1000 (  657): package:com.twitter.android, input flags:0, output hwFlags:0
06-24 16:41:00.002 D/PMS1000 (  657): package:com.tencent.mobileqq, input flags:0, output hwFlags:0
06-24 16:41:00.002 D/PMS1000 (  657): package:com.xunmeng.pinduoduo, input flags:0, output hwFlags:0
06-24 16:41:00.002 D/PMS1000 (  657): package:com.huawei.hwid, input flags:0, output hwFlags:0
06-24 16:41:00.002 V/AlarmManager(  657): Received TIME_TICK alarm; rescheduling
06-24 16:41:00.002 D/PMS1000 (  657): package:cn.wps.moffice_eng, input flags:0, output hwFlags:67108864
06-24 16:41:00.002 D/PMS1000 (  657): package:com.google.android.gms, input flags:0, output hwFlags:0
06-24 16:41:00.002 D/PMS1000 (  657): package:com.stupeflix.replay, input flags:0, output hwFlags:67108864
06-24 16:41:00.002 D/PMS1000 (  657): package:com.tencent.android.qqdownloader, input flags:0, output hwFlags:0
06-24 16:41:00.002 D/PMS1000 (  657): package:com.facebook.katana, input flags:0, output hwFlags:0
06-24 16:41:00.002 D/PMS1000 (  657): package:com.tencent.mm, input flags:0, output hwFlags:0
06-24 16:41:00.002 D/PMS1000 (  657): package:com.tencent.news, input flags:0, output hwFlags:0
06-24 16:41:00.002 D/PMS1000 (  657): package:com.UCMobile, input flags:0, output hwFlags:0
06-24 16:41:00.002 I/HwAlarmManagerService(  657): hwSetAlarm listenerTag: time_tick
06-24 16:41:00.004 E/DateView( 1513): DateView,mCurrentTime: 1529829660004
06-24 16:41:00.007 I/zygote  ( 8945): Do partial code cache collection, code=27KB, data=27KB
06-24 16:41:00.007 I/zygote  ( 8945): After code cache collection, code=27KB, data=27KB
06-24 16:41:00.007 I/zygote  ( 8945): Increasing code cache capacity to 128KB
06-24 16:41:00.008 W/ResourceType(11513): For resource 0x7f02135a, entry index(4954) is beyond type entryCount(591)
06-24 16:41:00.008 W/ResourceType(11513): Failure getting entry for 0x7f02135a (t=1 e=4954) (error -75)
06-24 16:41:00.008 W/ResourceType(11513): For resource 0x7f021359, entry index(4953) is beyond type entryCount(591)
06-24 16:41:00.008 W/ResourceType(11513): Failure getting entry for 0x7f021359 (t=1 e=4953) (error -75)
06-24 16:41:00.009 I/EventCenter( 1513): EventCenter Get :android.intent.action.TIME_TICK
06-24 16:41:00.009 D/HwCust  (11513): Create obj success use class com.android.contacts.model.account.HwCustExchangeAccountTypeImpl
06-24 16:41:00.011 D/GameUtil( 8977): getSDKDataParam totalmem:5.60GB
06-24 16:41:00.012 W/ResourceType(11513): For resource 0x7f02111a, entry index(4378) is beyond type entryCount(591)
06-24 16:41:00.012 W/ResourceType(11513): Failure getting entry for 0x7f02111a (t=1 e=4378) (error -75)
06-24 16:41:00.012 W/ResourceType(11513): For resource 0x7f02111a, entry index(4378) is beyond type entryCount(591)
06-24 16:41:00.012 W/ResourceType(11513): Failure getting entry for 0x7f02111a (t=1 e=4378) (error -75)
06-24 16:41:00.013 W/ResourceType(11513): For resource 0x7f02111a, entry index(4378) is beyond type entryCount(591)
06-24 16:41:00.013 W/ResourceType(11513): Failure getting entry for 0x7f02111a (t=1 e=4378) (error -75)
06-24 16:41:00.014 D/VersionManager( 8977): httpsRequest getURL = https://folder.appota.cn/genuser.php?chid=10019&subchid=1&vc=466&type=4&data=tbCbI6ooWmOSi%2BhP8At3K55rUDjOXjUCTTE1Q7OqeVGzpiL1Dx8z2UKsv%2F2w066OKzL65VOc%2FHNVNculXvpkfbOlpWKAPUf5ryVSFynVNa8UucDwm5e36rJ6e2Kpu%2B5ykc4DARTfkZV4Ad5N96d4%2BjApQCWZuWchybogtHpbAp5JGb2oE4RYpIUqF8au1pxTSmwBdD5PozvBfX2%2Bj4RIW8u13M8ksM63bQoy2eR4WdDx%2BqZexoey63Hms3xqJyQkd3PFvljbOMDFV5%2BIsI0F%2B0cTu0Poz37kp440m4BdEnDxUpl%2F2SWQiyGENywr4rII2GFixGV6F3FTP2B6Iz%2Bp9XPgTT1Q8jOobYd0%2B7qf7bpZ2AyYZuCae%2FN%2FDrbd9ARIKpXrBwZ7SdplMO1nzphjQUqGRQMAlrO9Oa0Du6EV17%2FgN7YtgBzuJRHbP0GgVSdnIEYbOUnjg9adLEk2nhpRcwGYdX7bJ5%2FC%2FGVy8QMvFO%2FVJ5uAYH82VV6bvSarVkuFeotJT4yadRHbDkYGgVZfCDPVS%2FOPcQttSZtkoN3AjIdEC3B%2BjPtytpdTQYFvI9Ol&issl=1
06-24 16:41:00.014 D/PMS11423(  657): package:com.excelliance.dualaid, input flags:128, output hwFlags:0
06-24 16:41:00.015 W/ResourceType(11513): For resource 0x7f080c1a, entry index(3098) is beyond type entryCount(13)
06-24 16:41:00.015 W/ResourceType(11513): Failure getting entry for 0x7f080c1a (t=7 e=3098) (error -75)
06-24 16:41:00.015 W/ResourceType(11513): For resource 0x7f080c1a, entry index(3098) is beyond type entryCount(13)
06-24 16:41:00.015 W/ResourceType(11513): Failure getting entry for 0x7f080c1a (t=7 e=3098) (error -75)
06-24 16:41:00.015 W/ResourceType(11513): For resource 0x7f080c1a, entry index(3098) is beyond type entryCount(13)
06-24 16:41:00.015 W/ResourceType(11513): Failure getting entry for 0x7f080c1a (t=7 e=3098) (error -75)
06-24 16:41:00.019 W/ResourceType(11513): For resource 0x7f0203f2, entry index(1010) is beyond type entryCount(591)
06-24 16:41:00.019 W/ResourceType(11513): Failure getting entry for 0x7f0203f2 (t=1 e=1010) (error -75)
06-24 16:41:00.019 W/ResourceType(11513): For resource 0x7f0203f2, entry index(1010) is beyond type entryCount(591)
06-24 16:41:00.019 W/ResourceType(11513): Failure getting entry for 0x7f0203f2 (t=1 e=1010) (error -75)
06-24 16:41:00.019 I/chatty  (  657): uid=1000(system) Binder:657_12 identical 3 lines
06-24 16:41:00.020 D/PMS11423(  657): package:com.excelliance.dualaid, input flags:128, output hwFlags:0
06-24 16:41:00.020 D/PMS11423(  657): package:com.excelliance.dualaid, input flags:128, output hwFlags:0
06-24 16:41:00.023 W/Contacts(11513): AccountTypeManager Skipping extension package com.google.android.apps.plus because it doesn't have the CONTACTS_STRUCTURE metadata
06-24 16:41:00.023 D/PMS1000 (  657): package:com.android.contacts, input flags:0, output hwFlags:0
06-24 16:41:00.024 W/HwKeyguardDragHelper( 1513): AnimationBlocked
06-24 16:41:00.028 W/X509TrustManager( 8977): checkServerTrusted: SignatureException:null
06-24 16:41:00.028 W/X509TrustManager( 8977): checkServerTrusted: SignatureException:error:04000073:RSA routines:OPENSSL_internal:DATA_TOO_LARGE_FOR_MODULUS
06-24 16:41:00.030 W/ResourceType( 1513): No known package when getting value for resource number 0xffffffff
06-24 16:41:00.031 E/DateLunarView( 1513): mDateString is: 6月24日星期日
06-24 16:41:00.031 W/ResourceType( 1513): No known package when getting value for resource number 0xffffffff
06-24 16:41:00.031 E/DateLunarView( 1513): mDateString is: 6月24日星期日
06-24 16:41:00.031 D/KeyguardUpdateMonitor( 1513): received broadcast android.intent.action.TIME_TICK
06-24 16:41:00.031 D/KeyguardUpdateMonitor( 1513): handleTimeUpdate
06-24 16:41:00.031 I/KeyguardStatusView( 1513): Runnable for refresh
06-24 16:41:00.032 D/GetCtrlInfoTask( 8977): getResponseCode = 200
06-24 16:41:00.032 D/GetCtrlInfoTask( 8977): result = {"ctrl_info":[]}
06-24 16:41:00.036 I/HwLauncher( 2519): Model  onReceive intent=Intent { act=android.intent.action.TIME_TICK flg=0x50200014 hwFlg=0x900 (has extras) }
06-24 16:41:00.036 I/HwLauncher( 2519): Model  onReceive user=UserHandle{0}
06-24 16:41:00.037 D/PMS10056(  657): package:com.huawei.android.launcher, input flags:0, output hwFlags:0
06-24 16:41:00.044 I/Step_LSC( 3140): 80002326|processHandleBroadcastAction action:android.intent.action.TIME_TICK
06-24 16:41:00.048 I/Step_SPUtils( 3140): 80002326|setAliveRecord  success: timestampArg=1529829660045 elapsedRealtimeArg=112398893
06-24 16:41:00.050 W/X509TrustManager( 8977): checkServerTrusted: SignatureException:null
06-24 16:41:00.051 W/X509TrustManager( 8977): checkServerTrusted: SignatureException:error:04000073:RSA routines:OPENSSL_internal:DATA_TOO_LARGE_FOR_MODULUS
06-24 16:41:00.058 D/PMS10039(  657): package:com.android.systemui, input flags:0, output hwFlags:0
06-24 16:41:00.061 W/ExpandableNotificationRow( 1513): setActionsBackground,null == view,mPublicLayout
06-24 16:41:00.061 W/ExpandableNotificationRow( 1513): setActionsBackground,null == view,mPrivateLayout
06-24 16:41:00.062 W/ExpandableNotificationRow( 1513): setActionsBackground,null == view,mPublicLayout
06-24 16:41:00.062 W/ExpandableNotificationRow( 1513): setActionsBackground,null == view,mPrivateLayout
06-24 16:41:00.062 W/ExpandableNotificationRow( 1513): setActionsBackground,null == view,mPublicLayout
06-24 16:41:00.062 W/ExpandableNotificationRow( 1513): setActionsBackground,null == view,mPrivateLayout
06-24 16:41:00.062 W/ExpandableNotificationRow( 1513): setActionsBackground,null == view,mPublicLayout
06-24 16:41:00.062 W/ExpandableNotificationRow( 1513): setActionsBackground,null == view,mPrivateLayout
06-24 16:41:00.062 W/ExpandableNotificationRow( 1513): setActionsBackground,null == view,mPublicLayout
06-24 16:41:00.062 W/ExpandableNotificationRow( 1513): setActionsBackground,null == view,mPrivateLayout
06-24 16:41:00.063 W/ExpandableNotificationRow( 1513): setActionsBackground,null == view,mPublicLayout
06-24 16:41:00.063 W/ExpandableNotificationRow( 1513): setActionsBackground,null == view,mPrivateLayout
06-24 16:41:00.063 W/ExpandableNotificationRow( 1513): setActionsBackground,null == view,mPublicLayout
06-24 16:41:00.063 W/ExpandableNotificationRow( 1513): setActionsBackground,null == view,mPrivateLayout
06-24 16:41:00.063 W/ExpandableNotificationRow( 1513): setActionsBackground,null == view,mPublicLayout
06-24 16:41:00.063 W/ExpandableNotificationRow( 1513): setActionsBackground,null == view,mPrivateLayout
06-24 16:41:00.063 W/ExpandableNotificationRow( 1513): setActionsBackground,null == view,mPublicLayout
06-24 16:41:00.063 W/ExpandableNotificationRow( 1513): setActionsBackground,null == view,mPrivateLayout
06-24 16:41:00.063 W/ExpandableNotificationRow( 1513): setActionsBackground,null == view,mPublicLayout
06-24 16:41:00.063 W/ExpandableNotificationRow( 1513): setActionsBackground,null == view,mPrivateLayout
06-24 16:41:00.064 W/ExpandableNotificationRow( 1513): setActionsBackground,null == view,mPublicLayout
06-24 16:41:00.064 W/ExpandableNotificationRow( 1513): setActionsBackground,null == view,mPrivateLayout
06-24 16:41:00.064 W/ExpandableNotificationRow( 1513): setActionsBackground,null == view,mPublicLayout
06-24 16:41:00.064 W/ExpandableNotificationRow( 1513): setActionsBackground,null == view,mPrivateLayout
06-24 16:41:00.064 W/ExpandableNotificationRow( 1513): setActionsBackground,null == view,mPublicLayout
06-24 16:41:00.064 W/ExpandableNotificationRow( 1513): setActionsBackground,null == view,mPrivateLayout
06-24 16:41:00.064 W/ExpandableNotificationRow( 1513): setActionsBackground,null == view,mPublicLayout
06-24 16:41:00.064 W/ExpandableNotificationRow( 1513): setActionsBackground,null == view,mPrivateLayout
06-24 16:41:00.064 W/ExpandableNotificationRow( 1513): setActionsBackground,null == view,mPublicLayout
06-24 16:41:00.065 W/ExpandableNotificationRow( 1513): setActionsBackground,null == view,mPrivateLayout
