06-24 16:27:23.950 W/HSM     ( 1813): HoldService:toast switch is close!
06-24 16:27:23.950 I/TrafficMonitor(  657): expired arrive. level:-1
06-24 16:27:23.950 I/TrafficMonitor(  657): during_ms:2001,period_ms:2000
06-24 16:27:23.951 I/TrafficMonitor(  657): count:363,rx_sum:11,tx_sum:13,rxBytes:1201,during_ms:2001,rx_speed:600.1999000499751,tx_speed:628.1859070464768,rto:0.8461538461538461
06-24 16:27:23.951 D/HuaweiWifiWatchdogStateMachine(  657): speed: rxpkt:11, rxSpd:600B/s, txpkt:13, txSpd:628
06-24 16:27:23.951 D/ApplicationPackageManager(25865): queryIntentActivitiesAsUser blocked, Intent { act=android.intent.action.MAIN cat=[android.intent.category.LAUNCHER] pkg=com.tencent.mm }
06-24 16:27:23.952 D/HsmInterfaceImpl(25865): List [ResolveInfo{aab1a82 com.tencent.mm/.ui.LauncherUI m=0x108000}]
06-24 16:27:23.953 V/Phone_Manufacturer(25893): Manufacturer:HUAWEI
06-24 16:27:23.956 V/Phone   (25893): isExitstActivityInPkg:exist com.huawei.systemmanager.optimize.process.ProtectActivity
06-24 16:27:23.956 V/Phone   (25893): isExitAppInManufacturer: model:hi6250 manufacturer:huawei
06-24 16:27:23.959 I/ActivityManager(  657): START u0 {cmp=com.excelliance.dualaid/com.excelliance.kxqp.ui.HelloActivity (has extras)} from uid 11423
06-24 16:27:23.964 I/ActivityManager(  657): ActivityRecord info: ActivityInfo{fad70dc com.excelliance.kxqp.ui.HelloActivity}
06-24 16:27:23.970 V/WindowManager(  657): addAppToken: AppWindowToken{22a301d token=Token{c3c40f4 ActivityRecord{83142c7 u0 com.excelliance.dualaid/com.excelliance.kxqp.ui.HelloActivity t16041}}} controller={TaskWindowContainerController taskId=16041} at 2147483647
06-24 16:27:23.971 V/Phone   (25893): isExitstActivityInPkg:exist com.huawei.systemmanager.optimize.process.ProtectActivity
06-24 16:27:23.971 V/Phone   (25893): isExitAppInManufacturer: model:hi6250 manufacturer:huawei
06-24 16:27:23.973 I/PGServer( 1699): android calls fast hibernateApps
06-24 16:27:23.973 I/AppFastHibernation( 1699): fast hibernate duration: 1500 reason: start activity
06-24 16:27:23.973 I/Pged-IPgedBinderService(  769): ****action is 1, pid num is 6***
06-24 16:27:23.973 I/Pged-Freezer(  769): freezePids
06-24 16:27:23.974 I/Pged-Freezer(  769): Freeze process: 29457
06-24 16:27:23.974 D/PMS11423(  657): package:com.excelliance.dualaid, input flags:128, output hwFlags:0
06-24 16:27:23.974 D/PMS1000 (  657): package:com.excelliance.dualaid, input flags:1, output hwFlags:0
06-24 16:27:23.974 I/Pged-Freezer(  769): Freeze process: 29531
06-24 16:27:23.975 D/PMS11423(  657): package:com.excelliance.dualaid, input flags:128, output hwFlags:0
06-24 16:27:23.975 I/Pged-Freezer(  769): Freeze process: 14942
06-24 16:27:23.976 I/Pged-Freezer(  769): Freeze process: 15544
06-24 16:27:23.976 I/Pged-Freezer(  769): Freeze process: 24379
06-24 16:27:23.979 V/WindowManager(  657): No longer Stopped: AppWindowToken{22a301d token=Token{c3c40f4 ActivityRecord{83142c7 u0 com.excelliance.dualaid/com.excelliance.kxqp.ui.HelloActivity t16041}}}
06-24 16:27:23.979 V/WindowManager(  657): No longer Stopped: AppWindowToken{22a301d token=Token{c3c40f4 ActivityRecord{83142c7 u0 com.excelliance.dualaid/com.excelliance.kxqp.ui.HelloActivity t16041}}}
06-24 16:27:23.980 D/PMS11423(  657): package:com.excelliance.dualaid, input flags:128, output hwFlags:0
06-24 16:27:23.980 D/PgedBinderAdapter( 1699): frz ok, pid: [29457, 29531, 14942, 15544, 24379]
06-24 16:27:23.980 D/PMS11423(  657): package:com.excelliance.dualaid, input flags:128, output hwFlags:0
06-24 16:27:23.981 V/WindowManager(  657): findFocusedWindow: AppWindowToken{e847388 token=Token{a0f132b ActivityRecord{f15af7a u0 com.excelliance.dualaid/com.excelliance.kxqp.swipe.NavActivity2 t16041}}} below Reached focused app=AppWindowToken{22a301d token=Token{c3c40f4 ActivityRecord{83142c7 u0 com.excelliance.dualaid/com.excelliance.kxqp.ui.HelloActivity t16041}}}
06-24 16:27:23.984 V/WindowManager(  657): Checking 1 opening apps (frozen=false timeout=false)...
06-24 16:27:23.984 V/WindowManager(  657): Check opening app=AppWindowToken{22a301d token=Token{c3c40f4 ActivityRecord{83142c7 u0 com.excelliance.dualaid/com.excelliance.kxqp.ui.HelloActivity t16041}}}: allDrawn=false startingDisplayed=false startingMoved=false isRelaunching()=false
06-24 16:27:23.987 D/HwCust  (25865): Create obj success use class android.app.HwCustActivityImpl
06-24 16:27:23.987 D/HwCust  (25865): Create obj success use class android.app.HwCustHwWallpaperManagerImpl
06-24 16:27:23.989 V/ActivityThread(25865): ActivityThread,callActivityOnCreate
06-24 16:27:23.989 D/HelloActivity(25865): Memory:25135M
06-24 16:27:23.990 D/HelloActivity(25865): onCreate: true
06-24 16:27:23.990 D/PMS11423(  657): package:com.excelliance.dualaid, input flags:128, output hwFlags:0
06-24 16:27:23.992 D/HelloActivity(25865): mIsNav = true
06-24 16:27:23.996 D/HelloActivity(25865): requestShowOneKeyLoginConfig: 
06-24 16:27:23.997 D/GameUtilBuild(25865): getCompVersion e:java.lang.NullPointerException: Attempt to invoke virtual method 'android.content.pm.PackageManager android.content.Context.getPackageManager()' on a null object reference
06-24 16:27:23.997 D/PMS11423(  657): package:com.excelliance.dualaid, input flags:0, output hwFlags:0
06-24 16:27:23.998 D/PMS11423(  657): package:com.excelliance.dualaid, input flags:128, output hwFlags:0
06-24 16:27:23.999 I/chatty  (  657): uid=1000(system) Binder:657_1B identical 1 line
06-24 16:27:23.999 D/PMS11423(  657): package:com.excelliance.dualaid, input flags:128, output hwFlags:0
06-24 16:27:24.004 D/PMS1000 (  657): package:com.excelliance.dualaid, input flags:8192, output hwFlags:0
06-24 16:27:24.006 D/PMS1001 (  657): package:com.excelliance.dualaid, input flags:0, output hwFlags:0
06-24 16:27:24.011 D/PMS11423(  657): package:com.excelliance.dualaid, input flags:128, output hwFlags:0
06-24 16:27:24.014 D/CubicBezierInterpolator(25865): CubicBezierInterpolator  mControlPoint1x = 0.23, mControlPoint1y = 0.06, mControlPoint2x = 0.09, mControlPoint2y = 0.97
06-24 16:27:24.014 D/CubicBezierInterpolator(25865): CubicBezierInterpolator  mControlPoint1x = 0.6, mControlPoint1y = 0.9, mControlPoint2x = 0.8, mControlPoint2y = 1.0
06-24 16:27:24.014 D/CubicBezierInterpolator(25865): CubicBezierInterpolator  mControlPoint1x = 0.23, mControlPoint1y = 0.06, mControlPoint2x = 0.09, mControlPoint2y = 0.97
06-24 16:27:24.014 D/CubicBezierInterpolator(25865): CubicBezierInterpolator  mControlPoint1x = 0.6, mControlPoint1y = 0.9, mControlPoint2x = 0.8, mControlPoint2y = 1.0
06-24 16:27:24.015 D/HwWechatOptimizeImpl(25865): mIsEffect:false
06-24 16:27:24.021 D/HwRTBlurUtils(25865): check blur style for HwPhoneWindow-, themeResId : 0x7f0e001c, context : com.excelliance.kxqp.ui.HelloActivity@c4029d0, Nhwext : 0, get Blur : disable with , null
06-24 16:27:24.022 V/HelloActivity(25865): start add appType：0
06-24 16:27:24.022 D/PMS11423(  657): package:com.tencent.mm, input flags:0, output hwFlags:0
06-24 16:27:24.025 D/PMS11423(  657): package:com.excelliance.dualaid, input flags:128, output hwFlags:0
06-24 16:27:24.026 D/PMS11423(  657): package:com.excelliance.dualaid, input flags:128, output hwFlags:0
06-24 16:27:24.031 D/PMS11423(  657): package:com.excelliance.dualaid, input flags:128, output hwFlags:0
06-24 16:27:24.032 V/InitialData(25893): capitalize:Hi6250_launch
06-24 16:27:24.032 V/GameUtil(25893): getCurrentVersionByKey : hi6250_launch	current_hi6250_launch_version	Hi6250_launchVersion
06-24 16:27:24.033 E/HwResourcesImpl(25865): readDefaultConfig : FileNotFoundException
06-24 16:27:24.033 V/GameUtil(25893): saveVersionToFileByKey  xml_key :hi6250_launch  result:-1
06-24 16:27:24.036 V/GameUtil(25893): getCurrentVersionByKey  hi6250_launch:-1
06-24 16:27:24.036 I/HwCust  (25865): Constructor found for class android.content.res.HwCustHwResourcesImpl
06-24 16:27:24.036 D/HwCust  (25865): Create obj success use class android.content.res.HwCustHwResourcesImpl
06-24 16:27:24.036 V/AddGameData(25893): _applist:hi6250
06-24 16:27:24.037 V/InitialData(25893): capitalize:Hi6250_applist
06-24 16:27:24.037 V/GameUtil(25893): getCurrentVersionByKey : hi6250_applist	current_hi6250_applist_version	Hi6250_applistVersion
06-24 16:27:24.038 V/GameUtil(25893): saveVersionToFileByKey  xml_key :hi6250_applist  result:-1
06-24 16:27:24.040 V/GameUtil(25893): getCurrentVersionByKey  hi6250_applist:-1
06-24 16:27:24.040 V/InitialData(25893): capitalize:Hi6250_notification
06-24 16:27:24.040 V/GameUtil(25893): getCurrentVersionByKey : hi6250_notification	current_hi6250_notification_version	Hi6250_notificationVersion
06-24 16:27:24.041 V/GameUtil(25893): saveVersionToFileByKey  xml_key :hi6250_notification  result:-1
06-24 16:27:24.043 V/GameUtil(25893): getCurrentVersionByKey  hi6250_notification:-1
06-24 16:27:24.045 V/VersionManager(25893): ver source:{"hi6250_launch":"0","hi6250_applist":"0","hi6250_notification":"0"}
06-24 16:27:24.045 V/VersionManager(25893): ver :eyJoaTYyNTBfbGF1bmNoIjoiMCIsImhpNjI1MF9hcHBsaXN0IjoiMCIsImhpNjI1MF9ub3RpZmlj%0AYXRpb24iOiIwIn0%3D%0A
06-24 16:27:24.049 V/UrlUtil (25893): https://mto.multiopen.cn/dynamicphoneres.php?sdkver=2009&apkver=466&vn=4.0.6&compver=54302&mainver=231200&ver=eyJoaTYyNTBfbGF1bmNoIjoiMCIsImhpNjI1MF9hcHBsaXN0IjoiMCIsImhpNjI1MF9ub3RpZmlj%0AYXRpb24iOiIwIn0%3D%0A&chid=10019&subchid=1&type=20&uflag=2&pkg=com.excelliance.dualaid&api=26&release=8.0.0&abi=armeabi-v7a&abi2=armeabi&abilist=arm64-v8a%2Carmeabi-v7a%2Carmeabi&abilist32=armeabi-v7a%2Carmeabi&abilist64=arm64-v8a&brand=HONOR&manufacturer=HUAWEI&model=STF-AL10&product=STF-AL10&issl=1&sign=30820271308201daa0030201020204520332c2300d06092a864886f70d0101050500307c310b300906035504061302434e3111300f060355040813085368616e
06-24 16:27:24.049 D/VersionManager(25893): httpsRequest getURL = https://mto.multiopen.cn/dynamicphoneres.php?sdkver=2009&apkver=466&vn=4.0.6&compver=54302&mainver=231200&ver=eyJoaTYyNTBfbGF1bmNoIjoiMCIsImhpNjI1MF9hcHBsaXN0IjoiMCIsImhpNjI1MF9ub3RpZmlj%0AYXRpb24iOiIwIn0%3D%0A&chid=10019&subchid=1&type=20&uflag=2&pkg=com.excelliance.dualaid&api=26&release=8.0.0&abi=armeabi-v7a&abi2=armeabi&abilist=arm64-v8a%2Carmeabi-v7a%2Carmeabi&abilist32=armeabi-v7a%2Carmeabi&abilist64=arm64-v8a&brand=HONOR&manufacturer=HUAWEI&model=STF-AL10&product=STF-AL10&issl=1&sign=30820271308201daa0030201020204520332c2300d06092a864886f70d0101050500307c310b300906035504061302434e3111300f060355040813085368616e
06-24 16:27:24.051 D/PMS11423(  657): package:com.tencent.mm, input flags:0, output hwFlags:0
06-24 16:27:24.053 W/X509TrustManager(25865): checkServerTrusted: SignatureException:null
06-24 16:27:24.053 W/X509TrustManager(25865): checkServerTrusted: SignatureException:error:04000073:RSA routines:OPENSSL_internal:DATA_TOO_LARGE_FOR_MODULUS
06-24 16:27:24.053 D/PMS11423(  657): package:com.tencent.mobileqq, input flags:0, output hwFlags:0
06-24 16:27:24.068 D/PMS11423(  657): package:com.tencent.mobileqq, input flags:0, output hwFlags:0
06-24 16:27:24.069 D/PMS11423(  657): package:com.ifreetalk.ftalk, input flags:0, output hwFlags:0
06-24 16:27:24.070 D/HwArpVerifier(  657): getGateWayARPResponses: arp rtt = 5
06-24 16:27:24.071 E/HwCHRWifiRSSIGroupSummery(  657): updatArpSummery mRSSI:-44  HwCHRWifiRSSIGroup [rssi_index=4, rtt_tcp_packets=0, rtt_tcp_duration=0, rtt_lan_duration=1100, rtt_lan_failures=0, rtt_lan_succ=129, rtt_lan_max=14, rtt_lan_min=3,same_area_frequency=0,adjacent_area_frequency=0]
06-24 16:27:24.084 D/HwRecentsLockUtils( 1513): Search
06-24 16:27:24.084 E/HsmCoreServiceImpl( 1478): onTransact in code is: 103
06-24 16:27:24.084 I/MediaProcessHandler( 1478): playingUids: 
06-24 16:27:24.085 D/ActivityManager(  657): Skipping, home or recents stack task: TaskRecord{333215f #15658 A=com.huawei.android.launcher U=0 StackId=0 sz=1}
06-24 16:27:24.085 D/ActivityManager(  657): Skipping intent:act=android.intent.action.MAIN cat=[android.intent.category.LAUNCHER] flg=0x10a00000 cmp=io.appium.settings/.Settings
06-24 16:27:24.085 D/PMS11423(  657): package:com.ifreetalk.ftalk, input flags:0, output hwFlags:0
06-24 16:27:24.085 D/ActivityManager(  657): Skipping intent:flg=0x10804000 cmp=com.android.systemui/.recents.RecentsActivity bnds=[48,928][1032,2296]
06-24 16:27:24.085 D/ActivityManager(  657): Skipping intent:flg=0x18800000 cmp=com.tencent.mm/.plugin.base.stub.WXPayEntryActivity
06-24 16:27:24.085 D/ActivityManager(  657): Skipping intent:flg=0x10800000 cmp=com.huawei.systemmanager/com.huawei.permissionmanager.ui.MainActivity
06-24 16:27:24.085 D/ActivityManager(  657): Skipping intent:flg=0x18800000 cmp=com.tencent.mm/.plugin.base.stub.WXEntryActivity
06-24 16:27:24.085 D/ActivityManager(  657): Skipping intent:act=com.huawei.action.VOICE_ASSISTANT flg=0x10800000 pkg=com.huawei.vassistant cmp=com.huawei.vassistant/.ui.main.VAssistantActivity
06-24 16:27:24.085 D/ActivityManager(  657): Skipping intent:act=com.huawei.android.launcher.action.ACCESS_SPLIT_SCREEN_APP cat=[android.intent.category.DEFAULT] flg=0x10804000 cmp=com.huawei.android.launcher/.splitscreen.SplitScreenAppActivity
06-24 16:27:24.085 D/ActivityManager(  657): Skipping intent:flg=0x10800000 pkg=com.excelliance.dualaid.b64 cmp=com.excelliance.dualaid.b64/com.excelliance.kxqp.sdk.PermissionRequestActivity
06-24 16:27:24.085 D/ActivityManager(  657): Skipping intent:act=android.intent.action.VIEW dat=content://com.excelliance.dualaid.fileProvider/external_storage_root/Download/apk/Multiple_64.apk typ=application/vnd.android.package-archive flg=0x10800001 cmp=com.android.packageinstaller/.InstallStart
06-24 16:27:24.085 D/ActivityManager(  657): Skipping intent:flg=0x10800000 cmp=com.android.systemui/.usb.HwUsbDebuggingActivity
06-24 16:27:24.085 D/ActivityManager(  657): Skipping intent:act=android.deviceinfo.chooser.action.LAUNCH flg=0x10800000 hwFlg=0x100 pkg=com.android.settings cmp=com.android.settings/.deviceinfo.UsbConnModeChooserActivity
06-24 16:27:24.085 D/ActivityManager(  657): Skipping intent:flg=0x10800000 cmp=com.zol.android/.push.KeepLiveActivity
06-24 16:27:24.085 D/ActivityManager(  657): Skipping intent:act=android.intent.action.MAIN cat=[android.intent.category.HOME] flg=0x10800300 cmp=com.android.settings/.FallbackHome
06-24 16:27:24.086 V/HelloActivity(25865): end add appType：0
06-24 16:27:24.087 W/X509TrustManager(25893): checkServerTrusted: SignatureException:null
06-24 16:27:24.087 W/X509TrustManager(25893): checkServerTrusted: SignatureException:error:04000073:RSA routines:OPENSSL_internal:DATA_TOO_LARGE_FOR_MODULUS
06-24 16:27:24.089 I/zygote  (25865): Do partial code cache collection, code=63KB, data=51KB
06-24 16:27:24.089 I/zygote  (25865): After code cache collection, code=62KB, data=51KB
06-24 16:27:24.089 I/zygote  (25865): Increasing code cache capacity to 256KB
06-24 16:27:24.092 D/HwArpVerifier(  657): There are 1 mac address for gateway 
06-24 16:27:24.092 D/HwArpVerifier(  657): from HEART_CHECK transmit to state:HEART_CHECK
06-24 16:27:24.092 D/HwArpVerifier(  657): msg what=124 arg1(token)=6 arg2(mode)=0 delay=30000
06-24 16:27:24.092 D/HwArpVerifier(  657): performPollAndLog:
06-24 16:27:24.093 D/hw_netstat(  657): total/8434/3229,com.excelliance.dualaid/8154/2817,com.google.uid.shared:10089/0/240,unknown:0/228/0,com.android.vending/0/120,android.uid.system:1000/52/52
06-24 16:27:24.099 D/HelloActivity(25865): onSuccess: respone:{"code":1,"message":"success","data":{"switch":1},"service":"onekeyswitch"}
06-24 16:27:24.102 D/ActivityThread(25865): add activity client record, r= ActivityRecord{2c2a792 token=android.os.BinderProxy@f7a1593 {com.excelliance.dualaid/com.excelliance.kxqp.ui.HelloActivity}} token= android.os.BinderProxy@f7a1593
06-24 16:27:24.104 D/OpenGLRenderer(25865):   HWUI Binary is  enabled
06-24 16:27:24.106 V/WindowManager(  657): Adding Window{3a2d1ea u0 com.excelliance.dualaid/com.excelliance.kxqp.ui.HelloActivity} to AppWindowToken{22a301d token=Token{c3c40f4 ActivityRecord{83142c7 u0 com.excelliance.dualaid/com.excelliance.kxqp.ui.HelloActivity t16041}}}
06-24 16:27:24.106 V/WindowManager(  657): addWindow: New client android.os.BinderProxy@8045d5: window=Window{3a2d1ea u0 com.excelliance.dualaid/com.excelliance.kxqp.ui.HelloActivity} Callers=com.android.server.wm.HwWindowManagerService.addWindow:562 com.android.server.wm.Session.addToDisplay:199 android.view.IWindowSession$Stub.onTransact:124 com.android.server.wm.Session.onTransact:161 android.os.Binder.execTransact:675 
06-24 16:27:24.108 V/MainActivity(25865): onWindowFocusChanged: false
06-24 16:27:24.108 D/MainActivity(25865): onWindowFocusChanged: end
06-24 16:27:24.108 D/HelloActivity(25865): upload: com.tencent.mm,com.tencent.mobileqq,com.ifreetalk.ftalk
06-24 16:27:24.110 E/SmtServService(25893): firststartcom.tencent.mm,com.tencent.mobileqq,com.ifreetalk.ftalk
06-24 16:27:24.110 D/OpenGLRenderer(25865):   HWUI Binary is  enabled
06-24 16:27:24.130 V/WindowManager(  657): Checking 1 opening apps (frozen=false timeout=false)...
06-24 16:27:24.130 V/WindowManager(  657): Check opening app=AppWindowToken{22a301d token=Token{c3c40f4 ActivityRecord{83142c7 u0 com.excelliance.dualaid/com.excelliance.kxqp.ui.HelloActivity t16041}}}: allDrawn=false startingDisplayed=false startingMoved=false isRelaunching()=false
06-24 16:27:24.132 V/HwPhoneWindowManager(  657): updateSystemUiColorLw window=Window{3a2d1ea u0 com.excelliance.dualaid/com.excelliance.kxqp.ui.HelloActivity},EmuiStyle=0,StatusBarColor=0x0,NavigationBarColor=0xff000000, mLastIsEmuiLightStyle=-1
06-24 16:27:24.133 I/WindowManager(  657): notifyAccessibilityButtonVisibilityChanged visible:false
06-24 16:27:24.133 D/HwPhoneWindowManager(  657): Transact:setSystemUIColor to status bar service
06-24 16:27:24.133 I/CommandQueue( 1513): updateBarBgColor
06-24 16:27:24.133 D/CommandQueue( 1513): CommandQueue, setBarBackgroundColor
06-24 16:27:24.134 V/WindowManager(  657): Checking 1 opening apps (frozen=false timeout=false)...
06-24 16:27:24.134 V/WindowManager(  657): Check opening app=AppWindowToken{22a301d token=Token{c3c40f4 ActivityRecord{83142c7 u0 com.excelliance.dualaid/com.excelliance.kxqp.ui.HelloActivity t16041}}}: allDrawn=false startingDisplayed=false startingMoved=false isRelaunching()=false
06-24 16:27:24.134 W/ActivityManager(  657): Sending non-protected broadcast huawei.action.floattasks.STATUS_BAR_STATE_CHANGED from system 1513:com.android.systemui/u0a39 pkg com.android.systemui
06-24 16:27:24.135 D/TintManager( 1513): statusBarIconTint=#99FFFFFF,navigationBarIconTint=#FF000000
06-24 16:27:24.136 I/GRALLOC (  679): 	 shrFd=10,fmt=0x1,intFmt=0x200000001,btStrd=4352,size=8486912,pid=679 
06-24 16:27:24.136 I/GRALLOC (  679): 	 yuv=2,w=1080,h=1920,Stride u=0 v=0,offset u=0 v=0 
06-24 16:27:24.136 I/GRALLOC (  679): 	 iova_size=8486912,conUsg=0x900,proUsg=0x900,	 strd=1088,[afbc]HdrStrd=1088 PyldStrd=69632 Scrmbl=2,ionhnd = 1 
06-24 16:27:24.138 I/GRALLOC (  679): 	 shrFd=10,fmt=0x1,intFmt=0x200000001,btStrd=4352,size=8486912,pid=679 
06-24 16:27:24.138 I/GRALLOC (  679): 	 yuv=2,w=1080,h=1920,Stride u=0 v=0,offset u=0 v=0 
06-24 16:27:24.138 I/GRALLOC (  679): 	 iova_size=8486912,conUsg=0x900,proUsg=0x900,	 strd=1088,[afbc]HdrStrd=1088 PyldStrd=69632 Scrmbl=2,ionhnd = 1 
06-24 16:27:24.138 W//system/bin/hwservicemanager(  416): Cannot open /odm/manifest.xml
06-24 16:27:24.138 V/WindowManager(  657): Checking 1 opening apps (frozen=false timeout=false)...
06-24 16:27:24.138 V/WindowManager(  657): Check opening app=AppWindowToken{22a301d token=Token{c3c40f4 ActivityRecord{83142c7 u0 com.excelliance.dualaid/com.excelliance.kxqp.ui.HelloActivity t16041}}}: allDrawn=false startingDisplayed=false startingMoved=false isRelaunching()=false
06-24 16:27:24.140 I/GRALLOC (  679): 	 shrFd=10,fmt=0x1,intFmt=0x200000001,btStrd=4352,size=8486912,pid=679 
06-24 16:27:24.140 I/GRALLOC (  679): 	 yuv=2,w=1080,h=1920,Stride u=0 v=0,offset u=0 v=0 
06-24 16:27:24.140 I/GRALLOC (  679): 	 iova_size=8486912,conUsg=0x900,proUsg=0x900,	 strd=1088,[afbc]HdrStrd=1088 PyldStrd=69632 Scrmbl=2,ionhnd = 1 
06-24 16:27:24.140 D/mali_winsys(25865): EGLint new_window_surface(egl_winsys_display *, void *, EGLSurface, EGLConfig, egl_winsys_surface **, egl_color_buffer_format *, EGLBoolean) returns 0x3000
06-24 16:27:24.143 D/VersionManager(25893): xml=<?xml version="1.0" encoding="utf-8"?><upinfo></upinfo>
06-24 16:27:24.152 W/InputMethodManager(25865): startInputReason = 1
06-24 16:27:24.155 D/PMS11423(  657): package:com.android.mms, input flags:0, output hwFlags:0
06-24 16:27:24.155 D/PMS11423(  657): package:com.android.settings, input flags:0, output hwFlags:0
06-24 16:27:24.156 D/PMS11423(  657): package:com.android.contacts, input flags:0, output hwFlags:0
06-24 16:27:24.157 I/wangchen( 7035): SysInfo.getSysParam: orientation=1||config d=3.0,w=1080,h=1920||metrics d=3.0,w=1080,h=1920||sdk=26,bar_h=72
06-24 16:27:24.157 I/KeymapLoader( 7035): w=1080 h=1920 ori=true appScale=3.3 s1=3.0
06-24 16:27:24.164 I/GRALLOC (  679): 	 shrFd=10,fmt=0x1,intFmt=0x200000001,btStrd=4352,size=8486912,pid=679 
06-24 16:27:24.164 I/GRALLOC (  679): 	 yuv=2,w=1080,h=1920,Stride u=0 v=0,offset u=0 v=0 
06-24 16:27:24.164 I/GRALLOC (  679): 	 iova_size=8486912,conUsg=0xb00,proUsg=0xb00,	 strd=1088,[afbc]HdrStrd=1088 PyldStrd=69632 Scrmbl=2,ionhnd = 1 
06-24 16:27:24.170 D/WindowManager(  657): finishDrawingWindow: Window{3a2d1ea u0 com.excelliance.dualaid/com.excelliance.kxqp.ui.HelloActivity} mDrawState=DRAW_PENDING
06-24 16:27:24.171 D/PMS1000 (  657): package:com.excelliance.dualaid, input flags:8192, output hwFlags:0
06-24 16:27:24.172 W/HSM     ( 1813): HoldService:toast switch is close!
06-24 16:27:24.172 V/WindowManager(  657): Checking 1 opening apps (frozen=false timeout=false)...
06-24 16:27:24.172 V/WindowManager(  657): Check opening app=AppWindowToken{22a301d token=Token{c3c40f4 ActivityRecord{83142c7 u0 com.excelliance.dualaid/com.excelliance.kxqp.ui.HelloActivity t16041}}}: allDrawn=true startingDisplayed=false startingMoved=false isRelaunching()=false
06-24 16:27:24.173 D/ApplicationPackageManager(25865): getInstalledApplications blocked
06-24 16:27:24.173 D/HsmInterfaceImpl(25865): List [ApplicationInfo{eb33652 com.huawei.hifolder}, ApplicationInfo{2474d23 com.github.shadowsocks}, ApplicationInfo{deeb220 com.excelliance.dualaid}]
06-24 16:27:24.178 D/PMS11423(  657): package:com.tencent.tmgp.qqx5, input flags:0, output hwFlags:0
06-24 16:27:24.179 D/PMS11423(  657): package:com.huawei.android.pushagent, input flags:0, output hwFlags:0
06-24 16:27:24.179 D/PMS11423(  657): package:com.huawei.appmarket, input flags:0, output hwFlags:0
06-24 16:27:24.179 D/PMS11423(  657): package:com.wandoujia.phoenix2, input flags:0, output hwFlags:0
06-24 16:27:24.179 D/PMS11423(  657): package:com.tencent.mm, input flags:0, output hwFlags:0
06-24 16:27:24.179 D/PMS11423(  657): package:com.android.providers.media, input flags:0, output hwFlags:0
06-24 16:27:24.180 D/PMS11423(  657): package:com.huawei.vassistant, input flags:0, output hwFlags:0
06-24 16:27:24.180 D/PMS11423(  657): package:com.android.contacts, input flags:0, output hwFlags:0
06-24 16:27:24.180 D/PMS11423(  657): package:com.facebook.katana, input flags:0, output hwFlags:0
06-24 16:27:24.180 D/PMS11423(  657): package:com.huawei.hidisk, input flags:0, output hwFlags:536870912
06-24 16:27:24.180 D/PMS11423(  657): package:com.huawei.trustcircle, input flags:0, output hwFlags:0
06-24 16:27:24.180 D/PMS11423(  657): package:com.jingdong.app.mall, input flags:0, output hwFlags:0
06-24 16:27:24.180 D/PMS11423(  657): package:com.tencent.mobileqq, input flags:0, output hwFlags:0
06-24 16:27:24.181 D/PMS11423(  657): package:com.zol.android, input flags:0, output hwFlags:0
06-24 16:27:24.181 D/PMS11423(  657): package:com.huawei.hiskytone, input flags:0, output hwFlags:603979776
06-24 16:27:24.181 D/PMS11423(  657): package:com.huawei.hwid, input flags:0, output hwFlags:0
06-24 16:27:24.181 D/PMS11423(  657): package:com.sina.weibo, input flags:0, output hwFlags:0
06-24 16:27:24.181 V/WindowManager(  657): Checking 0 opening apps (frozen=false timeout=false)...
06-24 16:27:24.181 D/PMS11423(  657): package:com.antutu.ABenchMark, input flags:0, output hwFlags:0
06-24 16:27:24.181 D/PMS11423(  657): package:com.sankuai.meituan.takeoutnew, input flags:0, output hwFlags:0
06-24 16:27:24.181 D/PMS11423(  657): package:com.vmall.client, input flags:0, output hwFlags:67108864
06-24 16:27:24.181 D/PMS11423(  657): package:com.android.browser, input flags:0, output hwFlags:0
06-24 16:27:24.182 D/PMS11423(  657): package:com.eg.android.AlipayGphone, input flags:0, output hwFlags:0
06-24 16:27:24.182 D/PMS11423(  657): package:com.android.mediacenter, input flags:0, output hwFlags:0
06-24 16:27:24.182 D/PMS11423(  657): package:com.huawei.himovie, input flags:0, output hwFlags:0
06-24 16:27:24.182 D/PMS11423(  657): package:com.huawei.hnreader, input flags:0, output hwFlags:67108864
06-24 16:27:24.182 D/PMS11423(  657): package:com.twitter.android, input flags:0, output hwFlags:0
06-24 16:27:24.183 D/PMS11423(  657): package:com.baidu.input_huawei, input flags:0, output hwFlags:0
06-24 16:27:24.183 D/PMS11423(  657): package:com.google.android.gms, input flags:0, output hwFlags:0
06-24 16:27:24.183 D/PMS11423(  657): package:com.sankuai.meituan, input flags:0, output hwFlags:0
06-24 16:27:24.183 D/PMS11423(  657): package:com.tencent.news, input flags:0, output hwFlags:0
06-24 16:27:24.183 D/PMS11423(  657): package:com.iflytek.speechsuite, input flags:0, output hwFlags:0
06-24 16:27:24.183 D/PMS11423(  657): package:com.qzone, input flags:0, output is null
06-24 16:27:24.183 D/PMS11423(  657): package:com.tencent.android.qqdownloader, input flags:0, output hwFlags:0
06-24 16:27:24.184 D/PMS11423(  657): package:com.tencent.now, input flags:0, output is null
06-24 16:27:24.184 D/BarTransitions.HwPhoneStatusBarView( 1513): MODE_TRANSLUCENT -> MODE_TRANSPARENT animate=false
06-24 16:27:24.184 D/BarTransitions.HwPhoneStatusBarView( 1513): applyModeBackground oldMode=MODE_TRANSLUCENT newMode=MODE_TRANSPARENT animate=false
06-24 16:27:24.184 D/PMS11423(  657): package:com.ifreetalk.ftalk, input flags:0, output hwFlags:0
06-24 16:27:24.184 D/PMS11423(  657): package:com.taobao.taobao, input flags:0, output hwFlags:0
06-24 16:27:24.184 D/PMS11423(  657): package:com.android.gallery3d, input flags:0, output hwFlags:0
06-24 16:27:24.184 D/PMS11423(  657): package:com.pp.assistant, input flags:0, output hwFlags:0
06-24 16:27:24.184 D/PMS11423(  657): package:com.oppo.market, input flags:0, output hwFlags:0
06-24 16:27:24.184 I/ActivityManager(  657): Displayed com.excelliance.dualaid/com.excelliance.kxqp.ui.HelloActivity: +194ms
06-24 16:27:24.184 D/PMS11423(  657): package:com.excean.wxaid, input flags:0, output hwFlags:0
06-24 16:27:24.185 D/PMS11423(  657): package:com.huawei.intelligent, input flags:0, output hwFlags:0
06-24 16:27:24.185 D/PMS11423(  657): package:com.google.android.backuptransport, input flags:0, output hwFlags:0
06-24 16:27:24.185 D/PMS11423(  657): package:com.huawei.skytone, input flags:0, output hwFlags:0
06-24 16:27:24.185 D/PMS11423(  657): package:com.estrongs.android.pop, input flags:0, output hwFlags:0
06-24 16:27:24.185 D/PMS11423(  657): package:com.redfinger.app, input flags:0, output hwFlags:0
06-24 16:27:24.185 D/PMS11423(  657): package:com.android.vending, input flags:0, output hwFlags:0
06-24 16:27:24.186 D/PMS11423(  657): package:org.hapjs.mockup, input flags:0, output hwFlags:0
06-24 16:27:24.186 D/PMS11423(  657): package:com.huawei.gamebox, input flags:0, output hwFlags:603979776
06-24 16:27:24.186 D/PMS11423(  657): package:com.tencent.tmgp.pubgmhd-ext, input flags:0, output is null
06-24 16:27:24.186 I/GRALLOC (  679): 	 shrFd=10,fmt=0x1,intFmt=0x200000001,btStrd=4352,size=8486912,pid=679 
06-24 16:27:24.186 I/GRALLOC (  679): 	 yuv=2,w=1080,h=1920,Stride u=0 v=0,offset u=0 v=0 
06-24 16:27:24.186 I/GRALLOC (  679): 	 iova_size=8486912,conUsg=0xb00,proUsg=0xb00,	 strd=1088,[afbc]HdrStrd=1088 PyldStrd=69632 Scrmbl=2,ionhnd = 1 
06-24 16:27:24.186 D/PMS11423(  657): package:com.stickgame.los2, input flags:0, output hwFlags:0
06-24 16:27:24.186 D/PMS11423(  657): package:com.qihoo.appstore, input flags:0, output hwFlags:0
06-24 16:27:24.186 D/PMS11423(  657): package:com.huawei.android.thememanager, input flags:0, output hwFlags:0
06-24 16:27:24.186 D/PMS11423(  657): package:com.excean.parallelspace, input flags:0, output hwFlags:0
06-24 16:27:24.186 D/PMS11423(  657): package:com.UCMobile, input flags:0, output hwFlags:0
06-24 16:27:24.187 D/PMS11423(  657): package:com.bbk.appstore, input flags:0, output hwFlags:0
06-24 16:27:24.187 D/PMS11423(  657): package:com.excean.ppaid, input flags:0, output hwFlags:0
06-24 16:27:24.187 D/PMS11423(  657): package:com.netease.blockchain, input flags:0, output hwFlags:0
06-24 16:27:24.187 D/PMS11423(  657): package:com.huawei.camera, input flags:0, output hwFlags:0
06-24 16:27:24.187 D/PMS11423(  657): package:com.sinovatech.unicom.ui, input flags:0, output hwFlags:0
06-24 16:27:24.187 D/PMS11423(  657): package:com.huawei.phoneservice, input flags:0, output hwFlags:0
06-24 16:27:24.187 D/PMS11423(  657): package:com.crisisfire.android.nearme.gamecenter, input flags:0, output hwFlags:0
06-24 16:27:24.188 D/PMS11423(  657): package:com.antutu.benchmark.full, input flags:0, output hwFlags:0
06-24 16:27:24.188 D/PMS11423(  657): package:com.xunmeng.pinduoduo, input flags:0, output hwFlags:0
06-24 16:27:24.188 D/PMS11423(  657): package:com.zhuowang.cloneapp, input flags:0, output hwFlags:0
06-24 16:27:24.188 D/PMS11423(  657): package:com.excean.parallelspace.b64, input flags:0, output hwFlags:0
06-24 16:27:24.188 D/PMS11423(  657): package:com.excelliance.multiaccounts.b64, input flags:0, output hwFlags:0
06-24 16:27:24.188 D/PMS11423(  657): package:com.xiangyou.multispace, input flags:0, output hwFlags:0
06-24 16:27:24.188 D/PMS11423(  657): package:com.youlong.multiaccount, input flags:0, output hwFlags:0
06-24 16:27:24.189 D/PMS11423(  657): package:com.gameloft.android.ANMP.GloftA9HM, input flags:0, output hwFlags:0
06-24 16:27:24.189 D/PMS11423(  657): package:com.excelliance.dualaid.b64, input flags:0, output hwFlags:0
06-24 16:27:24.189 D/AddGameData(25865): switch_uninstall: 70
06-24 16:27:24.191 D/PMS1000 (  657): package:com.excelliance.dualaid, input flags:8192, output hwFlags:0
06-24 16:27:24.191 D/BarTransitions.HwNavigationBarView( 1513): MODE_OPAQUE -> MODE_TRANSPARENT animate=false
06-24 16:27:24.191 D/BarTransitions.HwNavigationBarView( 1513): applyModeBackground oldMode=MODE_OPAQUE newMode=MODE_TRANSPARENT animate=false
06-24 16:27:24.192 W/HSM     ( 1813): HoldService:toast switch is close!
06-24 16:27:24.193 D/ApplicationPackageManager(25865): queryIntentActivitiesAsUser blocked, Intent { act=android.intent.action.MAIN cat=[android.intent.category.LAUNCHER] pkg=com.huawei.hifolder }
06-24 16:27:24.193 D/HsmInterfaceImpl(25865): List []
06-24 16:27:24.196 W/HSM     ( 1813): HoldService:toast switch is close!
06-24 16:27:24.196 D/ApplicationPackageManager(25865): queryIntentActivitiesAsUser blocked, Intent { act=android.intent.action.MAIN cat=[android.intent.category.LAUNCHER] pkg=com.github.shadowsocks }
06-24 16:27:24.196 D/HsmInterfaceImpl(25865): List [ResolveInfo{da7c7d9 com.github.shadowsocks/.MainActivity m=0x108000}]
06-24 16:27:24.203 I/GRALLOC (  679): 	 shrFd=10,fmt=0x1,intFmt=0x200000001,btStrd=4352,size=8486912,pid=679 
06-24 16:27:24.203 I/GRALLOC (  679): 	 yuv=2,w=1080,h=1920,Stride u=0 v=0,offset u=0 v=0 
06-24 16:27:24.203 I/GRALLOC (  679): 	 iova_size=8486912,conUsg=0xb00,proUsg=0xb00,	 strd=1088,[afbc]HdrStrd=1088 PyldStrd=69632 Scrmbl=2,ionhnd = 1 
06-24 16:27:24.208 E/BufferQueueProducer(  710): [com.excelliance.dualaid/com.excelliance.kxqp.swipe.NavActivity2#0] disconnect: not connected (req=1)
06-24 16:27:24.208 W/libEGL  (25865): EGLNativeWindowType 0xd0cc0808 disconnect failed
06-24 16:27:24.222 W/HSM     ( 1813): HoldService:toast switch is close!
06-24 16:27:24.223 D/ApplicationPackageManager(25865): queryIntentActivitiesAsUser blocked, Intent { act=android.intent.action.MAIN cat=[android.intent.category.LAUNCHER] pkg=com.excelliance.dualaid }
06-24 16:27:24.223 D/HsmInterfaceImpl(25865): List [ResolveInfo{537987f com.excelliance.dualaid/com.excelliance.kxqp.ui.HelloActivity m=0x108000}]
06-24 16:27:24.251 D/PMS1000 (  657): package:com.excelliance.dualaid, input flags:8192, output hwFlags:0
06-24 16:27:24.252 W/HSM     ( 1813): HoldService:toast switch is close!
06-24 16:27:24.252 D/ApplicationPackageManager(25865): queryIntentActivitiesAsUser blocked, Intent { act=android.intent.action.MAIN cat=[android.intent.category.LAUNCHER] pkg=com.tencent.tmgp.qqx5 }
06-24 16:27:24.252 D/HsmInterfaceImpl(25865): List [ResolveInfo{7c40895 com.tencent.tmgp.qqx5/.DGMMainActivity m=0x108000}]
06-24 16:27:24.281 D/HwRecentsLockUtils( 1513): Search
06-24 16:27:24.281 E/HsmCoreServiceImpl( 1478): onTransact in code is: 103
06-24 16:27:24.281 I/MediaProcessHandler( 1478): playingUids: 
06-24 16:27:24.281 D/ActivityManager(  657): Skipping, home or recents stack task: TaskRecord{333215f #15658 A=com.huawei.android.launcher U=0 StackId=0 sz=1}
06-24 16:27:24.281 D/ActivityManager(  657): Skipping intent:act=android.intent.action.MAIN cat=[android.intent.category.LAUNCHER] flg=0x10a00000 cmp=io.appium.settings/.Settings
06-24 16:27:24.281 D/ActivityManager(  657): Skipping intent:flg=0x10804000 cmp=com.android.systemui/.recents.RecentsActivity bnds=[48,928][1032,2296]
06-24 16:27:24.281 D/ActivityManager(  657): Skipping intent:flg=0x18800000 cmp=com.tencent.mm/.plugin.base.stub.WXPayEntryActivity
06-24 16:27:24.281 D/ActivityManager(  657): Skipping intent:flg=0x10800000 cmp=com.huawei.systemmanager/com.huawei.permissionmanager.ui.MainActivity
06-24 16:27:24.281 D/ActivityManager(  657): Skipping intent:flg=0x18800000 cmp=com.tencent.mm/.plugin.base.stub.WXEntryActivity
06-24 16:27:24.281 D/ActivityManager(  657): Skipping intent:act=com.huawei.action.VOICE_ASSISTANT flg=0x10800000 pkg=com.huawei.vassistant cmp=com.huawei.vassistant/.ui.main.VAssistantActivity
06-24 16:27:24.281 D/ActivityManager(  657): Skipping intent:act=com.huawei.android.launcher.action.ACCESS_SPLIT_SCREEN_APP cat=[android.intent.category.DEFAULT] flg=0x10804000 cmp=com.huawei.android.launcher/.splitscreen.SplitScreenAppActivity
06-24 16:27:24.281 D/ActivityManager(  657): Skipping intent:flg=0x10800000 pkg=com.excelliance.dualaid.b64 cmp=com.excelliance.dualaid.b64/com.excelliance.kxqp.sdk.PermissionRequestActivity
06-24 16:27:24.281 D/ActivityManager(  657): Skipping intent:act=android.intent.action.VIEW dat=content://com.excelliance.dualaid.fileProvider/external_storage_root/Download/apk/Multiple_64.apk typ=application/vnd.android.package-archive flg=0x10800001 cmp=com.android.packageinstaller/.InstallStart
06-24 16:27:24.281 D/ActivityManager(  657): Skipping intent:flg=0x10800000 cmp=com.android.systemui/.usb.HwUsbDebuggingActivity
06-24 16:27:24.281 D/ActivityManager(  657): Skipping intent:act=android.deviceinfo.chooser.action.LAUNCH flg=0x10800000 hwFlg=0x100 pkg=com.android.settings cmp=com.android.settings/.deviceinfo.UsbConnModeChooserActivity
06-24 16:27:24.281 D/ActivityManager(  657): Skipping intent:flg=0x10800000 cmp=com.zol.android/.push.KeepLiveActivity
06-24 16:27:24.281 D/ActivityManager(  657): Skipping intent:act=android.intent.action.MAIN cat=[android.intent.category.HOME] flg=0x10800300 cmp=com.android.settings/.FallbackHome
06-24 16:27:24.297 D/PMS1000 (  657): package:com.excelliance.dualaid, input flags:8192, output hwFlags:0
06-24 16:27:24.298 W/HSM     ( 1813): HoldService:toast switch is close!
06-24 16:27:24.299 D/ApplicationPackageManager(25865): queryIntentActivitiesAsUser blocked, Intent { act=android.intent.action.MAIN cat=[android.intent.category.LAUNCHER] pkg=com.huawei.android.pushagent }
06-24 16:27:24.299 D/HsmInterfaceImpl(25865): List []
06-24 16:27:24.301 W/HSM     ( 1813): HoldService:toast switch is close!
06-24 16:27:24.302 D/ApplicationPackageManager(25865): queryIntentActivitiesAsUser blocked, Intent { act=android.intent.action.MAIN cat=[android.intent.category.LAUNCHER] pkg=com.huawei.appmarket }
06-24 16:27:24.302 D/HsmInterfaceImpl(25865): List [ResolveInfo{8b73d9b com.huawei.appmarket/.MainActivity m=0x108000}]
06-24 16:27:24.306 E/asset   (25865): createFromFile(): lock file /data/resource-cache/system@emui@base@overlay@frameworkhwexthonor@frameworkhwexthonor.apk@idmap.
06-24 16:27:24.306 E/asset   (25865): createFromFile(): lock file /data/resource-cache/system@emui@base@overlay@frameworkhwexthonor@frameworkhwexthonor.apk@idmap.
06-24 16:27:24.306 W/ResourceType(25865): Found multiple library tables, ignoring...
06-24 16:27:24.336 W/HSM     ( 1813): HoldService:toast switch is close!
06-24 16:27:24.337 D/ApplicationPackageManager(25865): queryIntentActivitiesAsUser blocked, Intent { act=android.intent.action.MAIN cat=[android.intent.category.LAUNCHER] pkg=com.wandoujia.phoenix2 }
06-24 16:27:24.337 D/HsmInterfaceImpl(25865): List [ResolveInfo{67f8a76 com.wandoujia.phoenix2/com.pp.assistant.activity.PPMainActivity m=0x108000}]
06-24 16:27:24.365 D/PMS1000 (  657): package:com.excelliance.dualaid, input flags:8192, output hwFlags:0
06-24 16:27:24.366 W/HSM     ( 1813): HoldService:toast switch is close!
06-24 16:27:24.367 D/ApplicationPackageManager(25865): queryIntentActivitiesAsUser blocked, Intent { act=android.intent.action.MAIN cat=[android.intent.category.LAUNCHER] pkg=com.tencent.mm }
06-24 16:27:24.367 D/HsmInterfaceImpl(25865): List [ResolveInfo{222dce4 com.tencent.mm/.ui.LauncherUI m=0x108000}]
06-24 16:27:24.384 W/HSM     ( 1813): HoldService:toast switch is close!
06-24 16:27:24.385 D/ApplicationPackageManager(25865): queryIntentActivitiesAsUser blocked, Intent { act=android.intent.action.MAIN cat=[android.intent.category.LAUNCHER] pkg=com.android.providers.media }
06-24 16:27:24.385 D/HsmInterfaceImpl(25865): List []
06-24 16:27:24.388 W/HSM     ( 1813): HoldService:toast switch is close!
06-24 16:27:24.389 D/ApplicationPackageManager(25865): queryIntentActivitiesAsUser blocked, Intent { act=android.intent.action.MAIN cat=[android.intent.category.LAUNCHER] pkg=com.huawei.vassistant }
06-24 16:27:24.389 D/HsmInterfaceImpl(25865): List [ResolveInfo{47db54d com.huawei.vassistant/.ui.main.VAssistantActivity m=0x108000}]
06-24 16:27:24.392 V/ActivityManager(  657): Making visible and scheduling visibility: ActivityRecord{d5c9105 u0 com.huawei.android.launcher/.unihome.UniHomeLauncher t15658}
06-24 16:27:24.392 V/WindowManager(  657): No longer Stopped: AppWindowToken{d3a938b token=Token{377755a ActivityRecord{d5c9105 u0 com.huawei.android.launcher/.unihome.UniHomeLauncher t15658}}}
06-24 16:27:24.395 E/asset   (25865): createFromFile(): lock file /data/resource-cache/system@emui@base@overlay@frameworkhwexthonor@frameworkhwexthonor.apk@idmap.
06-24 16:27:24.395 E/asset   (25865): createFromFile(): lock file /data/resource-cache/system@emui@base@overlay@frameworkhwexthonor@frameworkhwexthonor.apk@idmap.
06-24 16:27:24.395 W/ResourceType(25865): Found multiple library tables, ignoring...
06-24 16:27:24.417 D/ActivityThread(25865): Remove activity client record, r= ActivityRecord{414755e token=android.os.BinderProxy@31abee5 {com.excelliance.dualaid/com.excelliance.kxqp.swipe.NavActivity2}} token= android.os.BinderProxy@31abee5
06-24 16:27:24.419 D/HwQoEUtils(  657): mForegroundAppPackageName: com.huawei.android.launcher ,score: 0
06-24 16:27:24.419 D/HwQoEUtils(  657): onForegroundAppWifiSleepChange: config:false, sleeptime:-1,type: 255, appname:com.huawei.android.launcher
06-24 16:27:24.419 D/HwQoEUtils(  657): APP type: 255 appName= com.huawei.android.launcher
06-24 16:27:24.420 D/HwQoEUtils(  657): no game, APP_TYPE_GAME, appName =com.huawei.android.launcher
06-24 16:27:24.420 V/WindowManager(  657): removeIfPossible: Window{3b87fff u0 com.excelliance.dualaid/com.excelliance.kxqp.swipe.NavActivity2} callers=com.android.server.wm.WindowState.removeIfPossible:1914 com.android.server.wm.WindowManagerService.removeWindow:2022 com.android.server.wm.Session.remove:218 android.view.IWindowSession$Stub.onTransact:242 com.android.server.wm.Session.onTransact:161 
06-24 16:27:24.420 D/HwGameAssistantController(  657): pid=2519, uid=10056, foreground=true
06-24 16:27:24.420 I/WindowManager(  657): Destroying surface Surface(name=com.excelliance.dualaid/com.excelliance.kxqp.swipe.NavActivity2) called by com.android.server.wm.WindowStateAnimator.destroySurface:2060 com.android.server.wm.WindowStateAnimator.destroySurfaceLocked:873 com.android.server.wm.HwWindowStateAnimator.destroySurfaceLocked:1006 com.android.server.wm.WindowState.removeImmediately:1899 com.android.server.wm.WindowState.removeIfPossible:2051 com.android.server.wm.WindowState.removeIfPossible:1914 com.android.server.wm.WindowManagerService.removeWindow:2022 com.android.server.wm.Session.remove:218 
06-24 16:27:24.421 V/WindowManager(  657): postWindowRemoveCleanupLocked: Window{3b87fff u0 com.excelliance.dualaid/com.excelliance.kxqp.swipe.NavActivity2}
06-24 16:27:24.421 V/WindowManager(  657): Removing Window{3b87fff u0 com.excelliance.dualaid/com.excelliance.kxqp.swipe.NavActivity2} from AppWindowToken{e847388 token=Token{a0f132b ActivityRecord{f15af7a u0 com.excelliance.dualaid/com.excelliance.kxqp.swipe.NavActivity2 t16041}}}
06-24 16:27:24.422 V/ActivityThread( 2519): Handle window ActivityRecord{4719bb8 token=android.os.BinderProxy@b3fca27 {com.huawei.android.launcher/com.huawei.android.launcher.unihome.UniHomeLauncher}} visibility: true
06-24 16:27:24.423 E/HwLauncher( 2519): SettingsEx , no such field.
06-24 16:27:24.424 W/HwLauncher( 2519): Clock getDataFormat the getSystemString failed.
06-24 16:27:24.426 I/HwNetworkPolicy(  657): onTransact, code = 203
06-24 16:27:24.427 I/HwNetworkPolicyManager( 1813): getHwUidPolicy uid = 10056 policy = 0
06-24 16:27:24.428 V/WindowManager(  657): removeAppToken: AppWindowToken{e847388 token=Token{a0f132b ActivityRecord{f15af7a u0 com.excelliance.dualaid/com.excelliance.kxqp.swipe.NavActivity2 t16041}}} delayed=false Callers=com.android.server.wm.DisplayContent.removeAppToken:985 com.android.server.wm.AppWindowContainerController.removeContainer:348 com.android.server.am.ActivityRecord.removeWindowContainer:1039 com.android.server.am.ActivityStack.removeActivityFromHistoryLocked:4491 
06-24 16:27:24.439 W/AwareLog(  657): SchedLevelBoost: onFgActivitiesChanged config not set!
06-24 16:27:24.445 I/GRALLOC (  679): 	 shrFd=10,fmt=0x1,intFmt=0x200000001,btStrd=4352,size=8486912,pid=679 
06-24 16:27:24.445 I/GRALLOC (  679): 	 yuv=2,w=1080,h=1920,Stride u=0 v=0,offset u=0 v=0 
06-24 16:27:24.445 I/GRALLOC (  679): 	 iova_size=8486912,conUsg=0x900,proUsg=0x900,	 strd=1088,[afbc]HdrStrd=1088 PyldStrd=69632 Scrmbl=2,ionhnd = 1 
06-24 16:27:24.450 D/PMS1000 (  657): package:com.excelliance.dualaid, input flags:8192, output hwFlags:0
06-24 16:27:24.450 I/GRALLOC (  679): 	 shrFd=10,fmt=0x1,intFmt=0x200000001,btStrd=4352,size=8486912,pid=679 
06-24 16:27:24.450 I/GRALLOC (  679): 	 yuv=2,w=1080,h=1920,Stride u=0 v=0,offset u=0 v=0 
06-24 16:27:24.450 I/GRALLOC (  679): 	 iova_size=8486912,conUsg=0x900,proUsg=0x900,	 strd=1088,[afbc]HdrStrd=1088 PyldStrd=69632 Scrmbl=2,ionhnd = 1 
06-24 16:27:24.451 W/HSM     ( 1813): HoldService:toast switch is close!
06-24 16:27:24.452 D/ApplicationPackageManager(25865): queryIntentActivitiesAsUser blocked, Intent { act=android.intent.action.MAIN cat=[android.intent.category.LAUNCHER] pkg=com.facebook.katana }
06-24 16:27:24.452 D/HsmInterfaceImpl(25865): List [ResolveInfo{ba2e350 com.facebook.katana/.LoginActivity m=0x108000}]
06-24 16:27:24.453 I/GRALLOC (  679): 	 shrFd=10,fmt=0x1,intFmt=0x200000001,btStrd=4352,size=8486912,pid=679 
06-24 16:27:24.453 I/GRALLOC (  679): 	 yuv=2,w=1080,h=1920,Stride u=0 v=0,offset u=0 v=0 
06-24 16:27:24.453 I/GRALLOC (  679): 	 iova_size=8486912,conUsg=0x900,proUsg=0x900,	 strd=1088,[afbc]HdrStrd=1088 PyldStrd=69632 Scrmbl=2,ionhnd = 1 
06-24 16:27:24.455 D/mali_winsys( 2519): EGLint new_window_surface(egl_winsys_display *, void *, EGLSurface, EGLConfig, egl_winsys_surface **, egl_color_buffer_format *, EGLBoolean) returns 0x3000
06-24 16:27:24.481 I/GRALLOC (  679): 	 shrFd=10,fmt=0x1,intFmt=0x200000001,btStrd=4352,size=8486912,pid=679 
06-24 16:27:24.481 I/GRALLOC (  679): 	 yuv=2,w=1080,h=1920,Stride u=0 v=0,offset u=0 v=0 
06-24 16:27:24.481 I/GRALLOC (  679): 	 iova_size=8486912,conUsg=0xb00,proUsg=0xb00,	 strd=1088,[afbc]HdrStrd=1088 PyldStrd=69632 Scrmbl=2,ionhnd = 1 
06-24 16:27:24.493 D/WindowManager(  657): finishDrawingWindow: Window{68d6975 u0 com.huawei.android.launcher/com.huawei.android.launcher.unihome.UniHomeLauncher} mDrawState=DRAW_PENDING
06-24 16:27:24.498 D/ImageWallpaper( 1513): onOffsetsChanged: xOffset=0.0, yOffset=0.0, xOffsetStep=0.0, yOffsetStep=0.0, xPixels=0, yPixels=0
06-24 16:27:24.499 D/ImageWallpaper( 1513): Suppressed drawFrame since redraw is not needed and offsets have not changed.sf=Rect(0, 0 - 2160, 1920)
06-24 16:27:24.499 D/ImageWallpaper( 1513): onVisibilityChanged: mVisible, visible=false, true
06-24 16:27:24.499 D/ImageWallpaper( 1513): Visibility changed to visible=true
06-24 16:27:24.499 D/ImageWallpaper( 1513): Suppressed drawFrame since redraw is not needed and offsets have not changed.sf=Rect(0, 0 - 2160, 1920)
06-24 16:27:24.518 W/JankService(  777): APP_START_WARM: JL_APP_WARMSTART_END and JL_APP_WARMSTART_BEGIN too long| span:12254 > A(6000), A
06-24 16:27:24.519 E/asset   (25865): createFromFile(): lock file /data/resource-cache/system@emui@base@overlay@frameworkhwexthonor@frameworkhwexthonor.apk@idmap.
06-24 16:27:24.519 E/asset   (25865): createFromFile(): lock file /data/resource-cache/system@emui@base@overlay@frameworkhwexthonor@frameworkhwexthonor.apk@idmap.
06-24 16:27:24.519 W/ResourceType(25865): Found multiple library tables, ignoring...
06-24 16:27:24.531 I/iMonitor(  777): create: 902070100
06-24 16:27:24.535 I/iMonitor(  777): send: 902070100
06-24 16:27:24.552 D/HwFLClassLoader( 2519): USE_FEATURE_LIST had not init! 
06-24 16:27:24.571 E/asset   ( 2519): createFromFile(): lock file /data/resource-cache/system@emui@base@overlay@frameworkhwexthonor@frameworkhwexthonor.apk@idmap.
06-24 16:27:24.571 E/asset   ( 2519): createFromFile(): lock file /data/resource-cache/system@emui@base@overlay@frameworkhwexthonor@frameworkhwexthonor.apk@idmap.
06-24 16:27:24.571 W/ResourceType( 2519): Found multiple library tables, ignoring...
06-24 16:27:24.573 D/PMS1000 (  657): package:com.excelliance.dualaid, input flags:8192, output hwFlags:0
06-24 16:27:24.574 W/HSM     ( 1813): HoldService:toast switch is close!
06-24 16:27:24.576 D/ApplicationPackageManager(25865): queryIntentActivitiesAsUser blocked, Intent { act=android.intent.action.MAIN cat=[android.intent.category.LAUNCHER] pkg=com.huawei.trustcircle }
06-24 16:27:24.576 D/HsmInterfaceImpl(25865): List []
06-24 16:27:24.582 W/HSM     ( 1813): HoldService:toast switch is close!
06-24 16:27:24.583 D/ApplicationPackageManager(25865): queryIntentActivitiesAsUser blocked, Intent { act=android.intent.action.MAIN cat=[android.intent.category.LAUNCHER] pkg=com.jingdong.app.mall }
06-24 16:27:24.583 D/HsmInterfaceImpl(25865): List [ResolveInfo{edae47c com.jingdong.app.mall/.main.MainActivity m=0x108000}]
06-24 16:27:24.593 E/wificond(  765): Failed to get NL80211_STA_INFO_CNAHLOAD
06-24 16:27:24.594 E/WificondControl(  657): Noise: -92, Snr: 0, Chload: -1
06-24 16:27:24.594 D/HwWifiCHRStateManager(  657): handleMessage : 1001
06-24 16:27:24.594 D/HwWifiCHRStateManager(  657): handleUpdateChannel:5805
06-24 16:27:24.594 V/HwWifiServiceFactory(  657): get AllImpl object = com.android.server.wifi.HwWifiServiceFactoryImpl@a390a53
06-24 16:27:24.598 D/HwFLClassLoader( 2519): USE_FEATURE_LIST had not init! 
06-24 16:27:24.600 D/HuaweiWifiWatchdogStateMachine(  657): LM mrssi=-46
06-24 16:27:24.600 D/HuaweiWifiWatchdogStateMachine(  657): f2:9f:**:**:8f:43 current loss[-46]=0%, volume=74
06-24 16:27:24.600 D/HuaweiWifiWatchdogStateMachine(  657): f2:9f:**:**:8f:43 history loss[-46]=0.01%, volume=2568827
06-24 16:27:24.600 I/HuaweiWifiWatchdogStateMachine(  657): spd good count:0, add sc:0.0, rate:1.0
06-24 16:27:24.600 I/HuaweiWifiWatchdogStateMachine(  657): current mHighDataFlowRate = 1.0
06-24 16:27:24.600 I/HuaweiWifiWatchdogStateMachine(  657): POta txb txg rxg:0, 74, 0. Lr =0% Totpkt=74
06-24 16:27:24.601 D/WiFi_PRO(  657): MSG_RETURN_AP_CURRY_RSSI rssi = -46
06-24 16:27:24.602 I/QosMonitor(  657): queryRtt: rtt_type = 3
06-24 16:27:24.603 I/HwQoEJNI(  657): send_cmd_kernel. begin
06-24 16:27:24.603 I/HwQoEJNI(  657): send_cmd_kernel. end
06-24 16:27:24.603 D/HwWifiConnectivityMonitor(  657): ENTER: notifyTopUidTcpInfo, tx = 47, rx = 40, reTx = 0, uid = 11423, tr = 0.0
06-24 16:27:24.603 I/QosMonitor(  657): postEventFromNative: msg=100,arg1=4,arg2=10
06-24 16:27:24.603 D/HwWifiConnectivityMonitor(  657): ENTER: notifyTopUidTcpInfo, rtt = 792, rttPkts = 20, aveRtt = 39.6, app = com.excelliance.dualaid
06-24 16:27:24.603 D/HwUidTcpMonitor(  657): parseWlanUidTcpStatistics lastUidTcpStatInfo = [ mUid = 11423 mPacketName = com.excelliance.dualaid mSendSegs = 1323 mResendSegs = 0 mRcvSegs = 2021 ]
06-24 16:27:24.603 I/HwQoEJNI(  657): send_cmd_kernel. begin
06-24 16:27:24.603 D/HwWifiConnectivityMonitor(  657): handleTopUidInternetStatusChanged, uid = 11423, status = 0
06-24 16:27:24.603 D/HwUidTcpMonitor(  657): parseWlanUidTcpStatistics lastUidTcpStatInfo = [ mUid = 10093 mPacketName = com.android.vending mSendSegs = 3626 mResendSegs = 2545 mRcvSegs = 244 ]
06-24 16:27:24.603 I/HwQoEJNI(  657): send_cmd_kernel. end
