06-24 17:02:49.813 D/PMS11425(  657): package:com.tencent.mm, input flags:0, output hwFlags:0
06-24 17:02:49.813 D/PMS11425(  657): package:com.android.providers.media, input flags:0, output hwFlags:0
06-24 17:02:49.813 D/PMS11425(  657): package:com.huawei.vassistant, input flags:0, output hwFlags:0
06-24 17:02:49.813 V/HwPhoneWindowManager(  657): updateSystemUiColorLw window=Window{a015976 u0 com.excelliance.dualaid/com.excelliance.kxqp.ui.HelloActivity},EmuiStyle=0,StatusBarColor=0x0,NavigationBarColor=0xff000000, mLastIsEmuiLightStyle=-1
06-24 17:02:49.813 D/HwPhoneWindowManager(  657): Transact:setSystemUIColor to status bar service
06-24 17:02:49.813 D/PMS11425(  657): package:com.android.contacts, input flags:0, output hwFlags:0
06-24 17:02:49.813 I/CommandQueue( 1513): updateBarBgColor
06-24 17:02:49.813 D/CommandQueue( 1513): CommandQueue, setBarBackgroundColor
06-24 17:02:49.813 D/PMS11425(  657): package:com.facebook.katana, input flags:0, output hwFlags:0
06-24 17:02:49.814 D/PMS11425(  657): package:com.huawei.hidisk, input flags:0, output hwFlags:536870912
06-24 17:02:49.814 D/PMS11425(  657): package:com.huawei.trustcircle, input flags:0, output hwFlags:0
06-24 17:02:49.814 D/PMS11425(  657): package:com.jingdong.app.mall, input flags:0, output hwFlags:0
06-24 17:02:49.814 D/PMS11425(  657): package:com.tencent.mobileqq, input flags:0, output hwFlags:0
06-24 17:02:49.814 I/WindowManager(  657): notifyAccessibilityButtonVisibilityChanged visible:false
06-24 17:02:49.814 D/PMS11425(  657): package:com.zol.android, input flags:0, output hwFlags:0
06-24 17:02:49.814 D/PMS11425(  657): package:com.huawei.hiskytone, input flags:0, output hwFlags:603979776
06-24 17:02:49.814 D/TintManager( 1513): statusBarIconTint=#99FFFFFF,navigationBarIconTint=#FF000000
06-24 17:02:49.814 D/PMS11425(  657): package:com.huawei.hwid, input flags:0, output hwFlags:0
06-24 17:02:49.815 D/PMS11425(  657): package:com.sina.weibo, input flags:0, output hwFlags:0
06-24 17:02:49.815 D/PMS11425(  657): package:com.antutu.ABenchMark, input flags:0, output hwFlags:0
06-24 17:02:49.815 W/ActivityManager(  657): Sending non-protected broadcast huawei.action.floattasks.STATUS_BAR_STATE_CHANGED from system 1513:com.android.systemui/u0a39 pkg com.android.systemui
06-24 17:02:49.815 D/PMS11425(  657): package:com.sankuai.meituan.takeoutnew, input flags:0, output hwFlags:0
06-24 17:02:49.815 D/PMS11425(  657): package:com.vmall.client, input flags:0, output hwFlags:67108864
06-24 17:02:49.815 D/PMS11425(  657): package:com.android.browser, input flags:0, output hwFlags:0
06-24 17:02:49.815 V/WindowManager(  657): Checking 1 opening apps (frozen=false timeout=false)...
06-24 17:02:49.815 D/PMS11425(  657): package:com.eg.android.AlipayGphone, input flags:0, output hwFlags:0
06-24 17:02:49.815 V/WindowManager(  657): Check opening app=AppWindowToken{4e512d9 token=Token{ff64920 ActivityRecord{5e2e023 u0 com.excelliance.dualaid/com.excelliance.kxqp.ui.HelloActivity t16074}}}: allDrawn=false startingDisplayed=false startingMoved=false isRelaunching()=false
06-24 17:02:49.815 D/PMS11425(  657): package:com.android.mediacenter, input flags:0, output hwFlags:0
06-24 17:02:49.816 D/PMS11425(  657): package:com.huawei.himovie, input flags:0, output hwFlags:0
06-24 17:02:49.816 D/PMS11425(  657): package:com.huawei.hnreader, input flags:0, output hwFlags:67108864
06-24 17:02:49.816 D/PMS11425(  657): package:com.twitter.android, input flags:0, output hwFlags:0
06-24 17:02:49.816 D/PMS11425(  657): package:com.baidu.input_huawei, input flags:0, output hwFlags:0
06-24 17:02:49.816 D/PMS11425(  657): package:com.google.android.gms, input flags:0, output hwFlags:0
06-24 17:02:49.816 D/PMS11425(  657): package:com.sankuai.meituan, input flags:0, output hwFlags:0
06-24 17:02:49.816 D/PMS11425(  657): package:com.tencent.news, input flags:0, output hwFlags:0
06-24 17:02:49.816 D/PMS11425(  657): package:com.iflytek.speechsuite, input flags:0, output hwFlags:0
06-24 17:02:49.817 D/PMS11425(  657): package:com.qzone, input flags:0, output is null
06-24 17:02:49.817 D/PMS11425(  657): package:com.tencent.android.qqdownloader, input flags:0, output hwFlags:0
06-24 17:02:49.817 D/PMS11425(  657): package:com.tencent.now, input flags:0, output is null
06-24 17:02:49.817 D/PMS11425(  657): package:com.ifreetalk.ftalk, input flags:0, output hwFlags:0
06-24 17:02:49.817 D/PMS11425(  657): package:com.taobao.taobao, input flags:0, output hwFlags:0
06-24 17:02:49.818 D/PMS11425(  657): package:com.android.gallery3d, input flags:0, output hwFlags:0
06-24 17:02:49.818 I/GRALLOC (  679): 	 shrFd=10,fmt=0x1,intFmt=0x200000001,btStrd=4352,size=8486912,pid=679 
06-24 17:02:49.818 I/GRALLOC (  679): 	 yuv=2,w=1080,h=1920,Stride u=0 v=0,offset u=0 v=0 
06-24 17:02:49.818 I/GRALLOC (  679): 	 iova_size=8486912,conUsg=0x900,proUsg=0x900,	 strd=1088,[afbc]HdrStrd=1088 PyldStrd=69632 Scrmbl=2,ionhnd = 1 
06-24 17:02:49.818 D/PMS11425(  657): package:com.pp.assistant, input flags:0, output hwFlags:0
06-24 17:02:49.818 D/PMS11425(  657): package:com.oppo.market, input flags:0, output hwFlags:0
06-24 17:02:49.818 D/PMS11425(  657): package:com.excean.wxaid, input flags:0, output hwFlags:0
06-24 17:02:49.818 D/PMS11425(  657): package:com.huawei.intelligent, input flags:0, output hwFlags:0
06-24 17:02:49.818 D/PMS11425(  657): package:com.google.android.backuptransport, input flags:0, output hwFlags:0
06-24 17:02:49.818 D/PMS11425(  657): package:com.huawei.skytone, input flags:0, output hwFlags:0
06-24 17:02:49.818 D/PMS11425(  657): package:com.estrongs.android.pop, input flags:0, output hwFlags:0
06-24 17:02:49.819 D/PMS11425(  657): package:com.redfinger.app, input flags:0, output hwFlags:0
06-24 17:02:49.819 D/PMS11425(  657): package:com.android.vending, input flags:0, output hwFlags:0
06-24 17:02:49.819 D/PMS11425(  657): package:org.hapjs.mockup, input flags:0, output hwFlags:0
06-24 17:02:49.819 D/PMS11425(  657): package:com.huawei.gamebox, input flags:0, output hwFlags:603979776
06-24 17:02:49.819 D/PMS11425(  657): package:com.tencent.tmgp.pubgmhd-ext, input flags:0, output is null
06-24 17:02:49.819 D/PMS11425(  657): package:com.stickgame.los2, input flags:0, output hwFlags:0
06-24 17:02:49.820 D/PMS11425(  657): package:com.qihoo.appstore, input flags:0, output hwFlags:0
06-24 17:02:49.820 D/PMS11425(  657): package:com.huawei.android.thememanager, input flags:0, output hwFlags:0
06-24 17:02:49.820 W//system/bin/hwservicemanager(  416): Cannot open /odm/manifest.xml
06-24 17:02:49.820 D/PMS11425(  657): package:com.excean.parallelspace, input flags:0, output hwFlags:0
06-24 17:02:49.820 D/PMS11425(  657): package:com.UCMobile, input flags:0, output hwFlags:0
06-24 17:02:49.820 D/PMS11425(  657): package:com.bbk.appstore, input flags:0, output hwFlags:0
06-24 17:02:49.820 V/WindowManager(  657): Checking 1 opening apps (frozen=false timeout=false)...
06-24 17:02:49.820 D/PMS11425(  657): package:com.excean.ppaid, input flags:0, output hwFlags:0
06-24 17:02:49.820 V/WindowManager(  657): Check opening app=AppWindowToken{4e512d9 token=Token{ff64920 ActivityRecord{5e2e023 u0 com.excelliance.dualaid/com.excelliance.kxqp.ui.HelloActivity t16074}}}: allDrawn=false startingDisplayed=false startingMoved=false isRelaunching()=false
06-24 17:02:49.820 D/PMS11425(  657): package:com.netease.blockchain, input flags:0, output hwFlags:0
06-24 17:02:49.821 D/PMS11425(  657): package:com.huawei.camera, input flags:0, output hwFlags:0
06-24 17:02:49.821 D/PMS11425(  657): package:com.sinovatech.unicom.ui, input flags:0, output hwFlags:0
06-24 17:02:49.821 D/PMS11425(  657): package:com.huawei.phoneservice, input flags:0, output hwFlags:0
06-24 17:02:49.821 D/PMS11425(  657): package:com.crisisfire.android.nearme.gamecenter, input flags:0, output hwFlags:0
06-24 17:02:49.821 D/PMS11425(  657): package:com.antutu.benchmark.full, input flags:0, output hwFlags:0
06-24 17:02:49.821 D/PMS11425(  657): package:com.xunmeng.pinduoduo, input flags:0, output hwFlags:0
06-24 17:02:49.821 D/PMS11425(  657): package:com.zhuowang.cloneapp, input flags:0, output hwFlags:0
06-24 17:02:49.821 I/GRALLOC (  679): 	 shrFd=10,fmt=0x1,intFmt=0x200000001,btStrd=4352,size=8486912,pid=679 
06-24 17:02:49.821 I/GRALLOC (  679): 	 yuv=2,w=1080,h=1920,Stride u=0 v=0,offset u=0 v=0 
06-24 17:02:49.821 I/GRALLOC (  679): 	 iova_size=8486912,conUsg=0x900,proUsg=0x900,	 strd=1088,[afbc]HdrStrd=1088 PyldStrd=69632 Scrmbl=2,ionhnd = 1 
06-24 17:02:49.821 D/PMS11425(  657): package:com.excean.parallelspace.b64, input flags:0, output hwFlags:0
06-24 17:02:49.822 D/PMS11425(  657): package:com.excelliance.multiaccounts.b64, input flags:0, output hwFlags:0
06-24 17:02:49.822 D/PMS11425(  657): package:com.xiangyou.multispace, input flags:0, output hwFlags:0
06-24 17:02:49.822 D/PMS11425(  657): package:com.youlong.multiaccount, input flags:0, output hwFlags:0
06-24 17:02:49.822 D/PMS11425(  657): package:com.gameloft.android.ANMP.GloftA9HM, input flags:0, output hwFlags:0
06-24 17:02:49.822 D/PMS11425(  657): package:com.excelliance.dualaid.b64, input flags:0, output hwFlags:0
06-24 17:02:49.822 D/AddGameData( 6599): switch_uninstall: 70
06-24 17:02:49.824 I/GRALLOC (  679): 	 shrFd=10,fmt=0x1,intFmt=0x200000001,btStrd=4352,size=8486912,pid=679 
06-24 17:02:49.824 I/GRALLOC (  679): 	 yuv=2,w=1080,h=1920,Stride u=0 v=0,offset u=0 v=0 
06-24 17:02:49.824 I/GRALLOC (  679): 	 iova_size=8486912,conUsg=0x900,proUsg=0x900,	 strd=1088,[afbc]HdrStrd=1088 PyldStrd=69632 Scrmbl=2,ionhnd = 1 
06-24 17:02:49.825 D/PMS1000 (  657): package:com.excelliance.dualaid, input flags:8192, output hwFlags:0
06-24 17:02:49.825 D/mali_winsys( 6599): EGLint new_window_surface(egl_winsys_display *, void *, EGLSurface, EGLConfig, egl_winsys_surface **, egl_color_buffer_format *, EGLBoolean) returns 0x3000
06-24 17:02:49.826 W/HSM     ( 1813): HoldService:toast switch is close!
06-24 17:02:49.827 D/ApplicationPackageManager( 6599): queryIntentActivitiesAsUser blocked, Intent { act=android.intent.action.MAIN cat=[android.intent.category.LAUNCHER] pkg=com.huawei.hifolder }
06-24 17:02:49.827 D/HsmInterfaceImpl( 6599): List []
06-24 17:02:49.830 W/HSM     ( 1813): HoldService:toast switch is close!
06-24 17:02:49.831 D/ApplicationPackageManager( 6599): queryIntentActivitiesAsUser blocked, Intent { act=android.intent.action.MAIN cat=[android.intent.category.LAUNCHER] pkg=com.github.shadowsocks }
06-24 17:02:49.831 D/HsmInterfaceImpl( 6599): List [ResolveInfo{deeb220 com.github.shadowsocks/.MainActivity m=0x108000}]
06-24 17:02:49.831 W/InputMethodManager( 6599): startInputReason = 1
06-24 17:02:49.834 I/wangchen( 7035): SysInfo.getSysParam: orientation=1||config d=3.0,w=1080,h=1920||metrics d=3.0,w=1080,h=1920||sdk=26,bar_h=72
06-24 17:02:49.834 I/KeymapLoader( 7035): w=1080 h=1920 ori=true appScale=3.3 s1=3.0
06-24 17:02:49.853 D/PMS1000 (  657): package:com.excelliance.dualaid, input flags:8192, output hwFlags:0
06-24 17:02:49.854 W/HSM     ( 1813): HoldService:toast switch is close!
06-24 17:02:49.854 D/ApplicationPackageManager( 6599): queryIntentActivitiesAsUser blocked, Intent { act=android.intent.action.MAIN cat=[android.intent.category.LAUNCHER] pkg=com.excelliance.dualaid }
06-24 17:02:49.855 D/HsmInterfaceImpl( 6599): List [ResolveInfo{a2a659e com.excelliance.dualaid/com.excelliance.kxqp.ui.HelloActivity m=0x108000}]
06-24 17:02:49.855 I/GRALLOC (  679): 	 shrFd=10,fmt=0x1,intFmt=0x200000001,btStrd=4352,size=8486912,pid=679 
06-24 17:02:49.855 I/GRALLOC (  679): 	 yuv=2,w=1080,h=1920,Stride u=0 v=0,offset u=0 v=0 
06-24 17:02:49.855 I/GRALLOC (  679): 	 iova_size=8486912,conUsg=0xb00,proUsg=0xb00,	 strd=1088,[afbc]HdrStrd=1088 PyldStrd=69632 Scrmbl=2,ionhnd = 1 
06-24 17:02:49.862 D/WindowManager(  657): finishDrawingWindow: Window{a015976 u0 com.excelliance.dualaid/com.excelliance.kxqp.ui.HelloActivity} mDrawState=DRAW_PENDING
06-24 17:02:49.864 V/WindowManager(  657): Checking 1 opening apps (frozen=false timeout=false)...
06-24 17:02:49.864 V/WindowManager(  657): Check opening app=AppWindowToken{4e512d9 token=Token{ff64920 ActivityRecord{5e2e023 u0 com.excelliance.dualaid/com.excelliance.kxqp.ui.HelloActivity t16074}}}: allDrawn=true startingDisplayed=false startingMoved=false isRelaunching()=false
06-24 17:02:49.867 I/ActivityManager(  657): Displayed com.excelliance.dualaid/com.excelliance.kxqp.ui.HelloActivity: +211ms
06-24 17:02:49.873 D/BarTransitions.HwPhoneStatusBarView( 1513): MODE_TRANSLUCENT -> MODE_TRANSPARENT animate=false
06-24 17:02:49.874 D/BarTransitions.HwPhoneStatusBarView( 1513): applyModeBackground oldMode=MODE_TRANSLUCENT newMode=MODE_TRANSPARENT animate=false
06-24 17:02:49.874 D/BarTransitions.HwNavigationBarView( 1513): MODE_OPAQUE -> MODE_TRANSPARENT animate=false
06-24 17:02:49.874 D/BarTransitions.HwNavigationBarView( 1513): applyModeBackground oldMode=MODE_OPAQUE newMode=MODE_TRANSPARENT animate=false
06-24 17:02:49.874 V/WindowManager(  657): Checking 0 opening apps (frozen=false timeout=false)...
06-24 17:02:49.879 I/GRALLOC (  679): 	 shrFd=10,fmt=0x1,intFmt=0x200000001,btStrd=4352,size=8486912,pid=679 
06-24 17:02:49.879 I/GRALLOC (  679): 	 yuv=2,w=1080,h=1920,Stride u=0 v=0,offset u=0 v=0 
06-24 17:02:49.879 I/GRALLOC (  679): 	 iova_size=8486912,conUsg=0xb00,proUsg=0xb00,	 strd=1088,[afbc]HdrStrd=1088 PyldStrd=69632 Scrmbl=2,ionhnd = 1 
06-24 17:02:49.883 D/PMS1000 (  657): package:com.excelliance.dualaid, input flags:8192, output hwFlags:0
06-24 17:02:49.884 W/HSM     ( 1813): HoldService:toast switch is close!
06-24 17:02:49.885 D/ApplicationPackageManager( 6599): queryIntentActivitiesAsUser blocked, Intent { act=android.intent.action.MAIN cat=[android.intent.category.LAUNCHER] pkg=com.tencent.tmgp.qqx5 }
06-24 17:02:49.885 D/HsmInterfaceImpl( 6599): List [ResolveInfo{a5cd04c com.tencent.tmgp.qqx5/.DGMMainActivity m=0x108000}]
06-24 17:02:49.888 E/BufferQueueProducer(  710): [com.excelliance.dualaid/com.excelliance.kxqp.swipe.NavActivity2#0] disconnect: not connected (req=1)
06-24 17:02:49.888 W/libEGL  ( 6599): EGLNativeWindowType 0xd0ccb808 disconnect failed
06-24 17:02:49.928 D/PMS1000 (  657): package:com.excelliance.dualaid, input flags:8192, output hwFlags:0
06-24 17:02:49.929 W/HSM     ( 1813): HoldService:toast switch is close!
06-24 17:02:49.930 D/ApplicationPackageManager( 6599): queryIntentActivitiesAsUser blocked, Intent { act=android.intent.action.MAIN cat=[android.intent.category.LAUNCHER] pkg=com.huawei.android.pushagent }
06-24 17:02:49.930 D/HsmInterfaceImpl( 6599): List []
06-24 17:02:49.933 W/HSM     ( 1813): HoldService:toast switch is close!
06-24 17:02:49.934 D/ApplicationPackageManager( 6599): queryIntentActivitiesAsUser blocked, Intent { act=android.intent.action.MAIN cat=[android.intent.category.LAUNCHER] pkg=com.huawei.appmarket }
06-24 17:02:49.934 D/HsmInterfaceImpl( 6599): List [ResolveInfo{1533daa com.huawei.appmarket/.MainActivity m=0x108000}]
06-24 17:02:49.938 E/asset   ( 6599): createFromFile(): lock file /data/resource-cache/system@emui@base@overlay@frameworkhwexthonor@frameworkhwexthonor.apk@idmap.
06-24 17:02:49.938 E/asset   ( 6599): createFromFile(): lock file /data/resource-cache/system@emui@base@overlay@frameworkhwexthonor@frameworkhwexthonor.apk@idmap.
06-24 17:02:49.938 W/ResourceType( 6599): Found multiple library tables, ignoring...
06-24 17:02:49.968 D/PMS1000 (  657): package:com.excelliance.dualaid, input flags:8192, output hwFlags:0
06-24 17:02:49.969 W/HSM     ( 1813): HoldService:toast switch is close!
06-24 17:02:49.970 D/ApplicationPackageManager( 6599): queryIntentActivitiesAsUser blocked, Intent { act=android.intent.action.MAIN cat=[android.intent.category.LAUNCHER] pkg=com.wandoujia.phoenix2 }
06-24 17:02:49.970 D/HsmInterfaceImpl( 6599): List [ResolveInfo{4299911 com.wandoujia.phoenix2/com.pp.assistant.activity.PPMainActivity m=0x108000}]
06-24 17:02:49.972 D/HwRecentsLockUtils( 1513): Search
06-24 17:02:49.972 E/HsmCoreServiceImpl( 1478): onTransact in code is: 103
06-24 17:02:49.972 I/MediaProcessHandler( 1478): playingUids: 
06-24 17:02:49.972 D/ActivityManager(  657): Skipping, home or recents stack task: TaskRecord{333215f #15658 A=com.huawei.android.launcher U=0 StackId=0 sz=1}
06-24 17:02:49.972 D/ActivityManager(  657): Skipping intent:flg=0x18800000 cmp=com.tencent.mm/.plugin.base.stub.WXPayEntryActivity
06-24 17:02:49.972 D/ActivityManager(  657): Skipping intent:act=android.intent.action.MAIN cat=[android.intent.category.LAUNCHER] flg=0x10a00000 cmp=io.appium.settings/.Settings
06-24 17:02:49.972 D/ActivityManager(  657): Skipping intent:flg=0x10804000 cmp=com.android.systemui/.recents.RecentsActivity bnds=[48,928][1032,2296]
06-24 17:02:49.972 D/ActivityManager(  657): Skipping intent:flg=0x10800000 cmp=com.huawei.systemmanager/com.huawei.permissionmanager.ui.MainActivity
06-24 17:02:49.972 D/ActivityManager(  657): Skipping intent:flg=0x18800000 cmp=com.tencent.mm/.plugin.base.stub.WXEntryActivity
06-24 17:02:49.972 D/ActivityManager(  657): Skipping intent:act=com.huawei.action.VOICE_ASSISTANT flg=0x10800000 pkg=com.huawei.vassistant cmp=com.huawei.vassistant/.ui.main.VAssistantActivity
06-24 17:02:49.972 D/ActivityManager(  657): Skipping intent:act=com.huawei.android.launcher.action.ACCESS_SPLIT_SCREEN_APP cat=[android.intent.category.DEFAULT] flg=0x10804000 cmp=com.huawei.android.launcher/.splitscreen.SplitScreenAppActivity
06-24 17:02:49.972 D/ActivityManager(  657): Skipping intent:flg=0x10800000 pkg=com.excelliance.dualaid.b64 cmp=com.excelliance.dualaid.b64/com.excelliance.kxqp.sdk.PermissionRequestActivity
06-24 17:02:49.972 D/ActivityManager(  657): Skipping intent:act=android.intent.action.VIEW dat=content://com.excelliance.dualaid.fileProvider/external_storage_root/Download/apk/Multiple_64.apk typ=application/vnd.android.package-archive flg=0x10800001 cmp=com.android.packageinstaller/.InstallStart
06-24 17:02:49.972 D/ActivityManager(  657): Skipping intent:flg=0x10800000 cmp=com.android.systemui/.usb.HwUsbDebuggingActivity
06-24 17:02:49.972 D/ActivityManager(  657): Skipping intent:act=android.deviceinfo.chooser.action.LAUNCH flg=0x10800000 hwFlg=0x100 pkg=com.android.settings cmp=com.android.settings/.deviceinfo.UsbConnModeChooserActivity
06-24 17:02:49.973 D/ActivityManager(  657): Skipping intent:flg=0x10800000 cmp=com.zol.android/.push.KeepLiveActivity
06-24 17:02:49.973 D/ActivityManager(  657): Skipping intent:act=android.intent.action.MAIN cat=[android.intent.category.HOME] flg=0x10800300 cmp=com.android.settings/.FallbackHome
06-24 17:02:49.997 D/PMS1000 (  657): package:com.excelliance.dualaid, input flags:8192, output hwFlags:0
06-24 17:02:49.998 W/HSM     ( 1813): HoldService:toast switch is close!
06-24 17:02:49.999 D/ApplicationPackageManager( 6599): queryIntentActivitiesAsUser blocked, Intent { act=android.intent.action.MAIN cat=[android.intent.category.LAUNCHER] pkg=com.tencent.mm }
06-24 17:02:49.999 D/HsmInterfaceImpl( 6599): List [ResolveInfo{dc21877 com.tencent.mm/.ui.LauncherUI m=0x108000}]
06-24 17:02:50.011 W/HSM     ( 1813): HoldService:toast switch is close!
06-24 17:02:50.012 D/ApplicationPackageManager( 6599): queryIntentActivitiesAsUser blocked, Intent { act=android.intent.action.MAIN cat=[android.intent.category.LAUNCHER] pkg=com.android.providers.media }
06-24 17:02:50.012 D/HsmInterfaceImpl( 6599): List []
06-24 17:02:50.016 W/HSM     ( 1813): HoldService:toast switch is close!
06-24 17:02:50.017 D/ApplicationPackageManager( 6599): queryIntentActivitiesAsUser blocked, Intent { act=android.intent.action.MAIN cat=[android.intent.category.LAUNCHER] pkg=com.huawei.vassistant }
06-24 17:02:50.017 D/HsmInterfaceImpl( 6599): List [ResolveInfo{222dce4 com.huawei.vassistant/.ui.main.VAssistantActivity m=0x108000}]
06-24 17:02:50.020 E/asset   ( 6599): createFromFile(): lock file /data/resource-cache/system@emui@base@overlay@frameworkhwexthonor@frameworkhwexthonor.apk@idmap.
06-24 17:02:50.020 E/asset   ( 6599): createFromFile(): lock file /data/resource-cache/system@emui@base@overlay@frameworkhwexthonor@frameworkhwexthonor.apk@idmap.
06-24 17:02:50.020 W/ResourceType( 6599): Found multiple library tables, ignoring...
06-24 17:02:50.057 D/PMS1000 (  657): package:com.excelliance.dualaid, input flags:8192, output hwFlags:0
06-24 17:02:50.058 W/HSM     ( 1813): HoldService:toast switch is close!
06-24 17:02:50.058 D/ApplicationPackageManager( 6599): queryIntentActivitiesAsUser blocked, Intent { act=android.intent.action.MAIN cat=[android.intent.category.LAUNCHER] pkg=com.facebook.katana }
06-24 17:02:50.058 D/HsmInterfaceImpl( 6599): List [ResolveInfo{f35c513 com.facebook.katana/.LoginActivity m=0x108000}]
06-24 17:02:50.085 V/ActivityManager(  657): Making visible and scheduling visibility: ActivityRecord{d5c9105 u0 com.huawei.android.launcher/.unihome.UniHomeLauncher t15658}
06-24 17:02:50.085 V/WindowManager(  657): No longer Stopped: AppWindowToken{d3a938b token=Token{377755a ActivityRecord{d5c9105 u0 com.huawei.android.launcher/.unihome.UniHomeLauncher t15658}}}
06-24 17:02:50.122 D/ActivityThread( 6599): Remove activity client record, r= ActivityRecord{414755e token=android.os.BinderProxy@31abee5 {com.excelliance.dualaid/com.excelliance.kxqp.swipe.NavActivity2}} token= android.os.BinderProxy@31abee5
06-24 17:02:50.123 D/HwQoEUtils(  657): mForegroundAppPackageName: com.huawei.android.launcher ,score: 0
06-24 17:02:50.123 D/HwQoEUtils(  657): onForegroundAppWifiSleepChange: config:false, sleeptime:-1,type: 255, appname:com.huawei.android.launcher
06-24 17:02:50.123 D/HwQoEUtils(  657): APP type: 255 appName= com.huawei.android.launcher
06-24 17:02:50.124 D/HwQoEUtils(  657): no game, APP_TYPE_GAME, appName =com.huawei.android.launcher
06-24 17:02:50.124 D/HwGameAssistantController(  657): pid=2519, uid=10056, foreground=true
06-24 17:02:50.125 V/ActivityThread( 2519): Handle window ActivityRecord{4719bb8 token=android.os.BinderProxy@b3fca27 {com.huawei.android.launcher/com.huawei.android.launcher.unihome.UniHomeLauncher}} visibility: true
06-24 17:02:50.125 W/AwareLog(  657): SchedLevelBoost: onFgActivitiesChanged config not set!
06-24 17:02:50.126 E/HwLauncher( 2519): SettingsEx , no such field.
06-24 17:02:50.126 W/HwLauncher( 2519): Clock getDataFormat the getSystemString failed.
06-24 17:02:50.129 V/WindowManager(  657): removeIfPossible: Window{612b0db u0 com.excelliance.dualaid/com.excelliance.kxqp.swipe.NavActivity2} callers=com.android.server.wm.WindowState.removeIfPossible:1914 com.android.server.wm.WindowManagerService.removeWindow:2022 com.android.server.wm.Session.remove:218 android.view.IWindowSession$Stub.onTransact:242 com.android.server.wm.Session.onTransact:161 
06-24 17:02:50.130 I/WindowManager(  657): Destroying surface Surface(name=com.excelliance.dualaid/com.excelliance.kxqp.swipe.NavActivity2) called by com.android.server.wm.WindowStateAnimator.destroySurface:2060 com.android.server.wm.WindowStateAnimator.destroySurfaceLocked:873 com.android.server.wm.HwWindowStateAnimator.destroySurfaceLocked:1006 com.android.server.wm.WindowState.removeImmediately:1899 com.android.server.wm.WindowState.removeIfPossible:2051 com.android.server.wm.WindowState.removeIfPossible:1914 com.android.server.wm.WindowManagerService.removeWindow:2022 com.android.server.wm.Session.remove:218 
06-24 17:02:50.131 V/WindowManager(  657): postWindowRemoveCleanupLocked: Window{612b0db u0 com.excelliance.dualaid/com.excelliance.kxqp.swipe.NavActivity2}
06-24 17:02:50.131 V/WindowManager(  657): Removing Window{612b0db u0 com.excelliance.dualaid/com.excelliance.kxqp.swipe.NavActivity2} from AppWindowToken{95b56c7 token=Token{df89006 ActivityRecord{413fae1 u0 com.excelliance.dualaid/com.excelliance.kxqp.swipe.NavActivity2 t16074}}}
06-24 17:02:50.133 E/asset   ( 6599): createFromFile(): lock file /data/resource-cache/system@emui@base@overlay@frameworkhwexthonor@frameworkhwexthonor.apk@idmap.
06-24 17:02:50.133 E/asset   ( 6599): createFromFile(): lock file /data/resource-cache/system@emui@base@overlay@frameworkhwexthonor@frameworkhwexthonor.apk@idmap.
06-24 17:02:50.133 W/ResourceType( 6599): Found multiple library tables, ignoring...
06-24 17:02:50.142 I/HwNetworkPolicy(  657): onTransact, code = 203
06-24 17:02:50.142 I/HwNetworkPolicyManager( 1813): getHwUidPolicy uid = 10056 policy = 0
06-24 17:02:50.154 I/GRALLOC (  679): 	 shrFd=10,fmt=0x1,intFmt=0x200000001,btStrd=4352,size=8486912,pid=679 
06-24 17:02:50.154 I/GRALLOC (  679): 	 yuv=2,w=1080,h=1920,Stride u=0 v=0,offset u=0 v=0 
06-24 17:02:50.154 I/GRALLOC (  679): 	 iova_size=8486912,conUsg=0x900,proUsg=0x900,	 strd=1088,[afbc]HdrStrd=1088 PyldStrd=69632 Scrmbl=2,ionhnd = 1 
06-24 17:02:50.160 V/WindowManager(  657): removeAppToken: AppWindowToken{95b56c7 token=Token{df89006 ActivityRecord{413fae1 u0 com.excelliance.dualaid/com.excelliance.kxqp.swipe.NavActivity2 t16074}}} delayed=false Callers=com.android.server.wm.DisplayContent.removeAppToken:985 com.android.server.wm.AppWindowContainerController.removeContainer:348 com.android.server.am.ActivityRecord.removeWindowContainer:1039 com.android.server.am.ActivityStack.removeActivityFromHistoryLocked:4491 
06-24 17:02:50.162 I/GRALLOC (  679): 	 shrFd=10,fmt=0x1,intFmt=0x200000001,btStrd=4352,size=8486912,pid=679 
06-24 17:02:50.162 I/GRALLOC (  679): 	 yuv=2,w=1080,h=1920,Stride u=0 v=0,offset u=0 v=0 
06-24 17:02:50.162 I/GRALLOC (  679): 	 iova_size=8486912,conUsg=0x900,proUsg=0x900,	 strd=1088,[afbc]HdrStrd=1088 PyldStrd=69632 Scrmbl=2,ionhnd = 1 
06-24 17:02:50.164 D/mali_winsys( 2519): EGLint new_window_surface(egl_winsys_display *, void *, EGLSurface, EGLConfig, egl_winsys_surface **, egl_color_buffer_format *, EGLBoolean) returns 0x3000
06-24 17:02:50.180 D/PMS1000 (  657): package:com.excelliance.dualaid, input flags:8192, output hwFlags:0
06-24 17:02:50.183 W/HSM     ( 1813): HoldService:toast switch is close!
06-24 17:02:50.184 D/ApplicationPackageManager( 6599): queryIntentActivitiesAsUser blocked, Intent { act=android.intent.action.MAIN cat=[android.intent.category.LAUNCHER] pkg=com.huawei.trustcircle }
06-24 17:02:50.185 D/HsmInterfaceImpl( 6599): List []
06-24 17:02:50.188 D/PMS1000 (  657): package:com.excelliance.dualaid, input flags:8192, output hwFlags:0
06-24 17:02:50.189 W/HSM     ( 1813): HoldService:toast switch is close!
06-24 17:02:50.190 D/ApplicationPackageManager( 6599): queryIntentActivitiesAsUser blocked, Intent { act=android.intent.action.MAIN cat=[android.intent.category.LAUNCHER] pkg=com.jingdong.app.mall }
06-24 17:02:50.190 D/HsmInterfaceImpl( 6599): List [ResolveInfo{e2d9f6f com.jingdong.app.mall/.main.MainActivity m=0x108000}]
06-24 17:02:50.192 I/GRALLOC (  679): 	 shrFd=10,fmt=0x1,intFmt=0x200000001,btStrd=4352,size=8486912,pid=679 
06-24 17:02:50.192 I/GRALLOC (  679): 	 yuv=2,w=1080,h=1920,Stride u=0 v=0,offset u=0 v=0 
06-24 17:02:50.192 I/GRALLOC (  679): 	 iova_size=8486912,conUsg=0xb00,proUsg=0xb00,	 strd=1088,[afbc]HdrStrd=1088 PyldStrd=69632 Scrmbl=2,ionhnd = 1 
06-24 17:02:50.196 E/asset   ( 2519): createFromFile(): lock file /data/resource-cache/system@emui@base@overlay@frameworkhwexthonor@frameworkhwexthonor.apk@idmap.
06-24 17:02:50.197 E/asset   ( 2519): createFromFile(): lock file /data/resource-cache/system@emui@base@overlay@frameworkhwexthonor@frameworkhwexthonor.apk@idmap.
06-24 17:02:50.197 W/ResourceType( 2519): Found multiple library tables, ignoring...
06-24 17:02:50.210 D/WindowManager(  657): finishDrawingWindow: Window{68d6975 u0 com.huawei.android.launcher/com.huawei.android.launcher.unihome.UniHomeLauncher} mDrawState=DRAW_PENDING
06-24 17:02:50.215 D/ImageWallpaper( 1513): onOffsetsChanged: xOffset=0.0, yOffset=0.0, xOffsetStep=0.0, yOffsetStep=0.0, xPixels=0, yPixels=0
06-24 17:02:50.216 D/ImageWallpaper( 1513): Suppressed drawFrame since redraw is not needed and offsets have not changed.sf=Rect(0, 0 - 2160, 1920)
06-24 17:02:50.216 D/ImageWallpaper( 1513): onVisibilityChanged: mVisible, visible=false, true
06-24 17:02:50.216 D/ImageWallpaper( 1513): Visibility changed to visible=true
06-24 17:02:50.217 D/ImageWallpaper( 1513): Suppressed drawFrame since redraw is not needed and offsets have not changed.sf=Rect(0, 0 - 2160, 1920)
06-24 17:02:50.223 D/HwFLClassLoader( 2519): USE_FEATURE_LIST had not init! 
06-24 17:02:50.234 E/asset   ( 2519): createFromFile(): lock file /data/resource-cache/system@emui@base@overlay@frameworkhwexthonor@frameworkhwexthonor.apk@idmap.
06-24 17:02:50.234 E/asset   ( 2519): createFromFile(): lock file /data/resource-cache/system@emui@base@overlay@frameworkhwexthonor@frameworkhwexthonor.apk@idmap.
06-24 17:02:50.234 W/ResourceType( 2519): Found multiple library tables, ignoring...
06-24 17:02:50.259 D/PMS1000 (  657): package:com.excelliance.dualaid, input flags:8192, output hwFlags:0
06-24 17:02:50.261 W/HSM     ( 1813): HoldService:toast switch is close!
06-24 17:02:50.263 D/ApplicationPackageManager( 6599): queryIntentActivitiesAsUser blocked, Intent { act=android.intent.action.MAIN cat=[android.intent.category.LAUNCHER] pkg=com.tencent.mobileqq }
06-24 17:02:50.263 D/HsmInterfaceImpl( 6599): List [ResolveInfo{8b94105 com.tencent.mobileqq/.activity.SplashActivity m=0x108000}]
06-24 17:02:50.286 D/PMS1000 (  657): package:com.excelliance.dualaid, input flags:8192, output hwFlags:0
06-24 17:02:50.288 W/HSM     ( 1813): HoldService:toast switch is close!
06-24 17:02:50.289 D/ApplicationPackageManager( 6599): queryIntentActivitiesAsUser blocked, Intent { act=android.intent.action.MAIN cat=[android.intent.category.LAUNCHER] pkg=com.zol.android }
06-24 17:02:50.289 D/HsmInterfaceImpl( 6599): List [ResolveInfo{78e655a com.zol.android/.ui.FirstActivity m=0x108000}]
06-24 17:02:50.336 D/PMS1000 (  657): package:com.excelliance.dualaid, input flags:8192, output hwFlags:0
06-24 17:02:50.338 W/HSM     ( 1813): HoldService:toast switch is close!
06-24 17:02:50.340 D/ApplicationPackageManager( 6599): queryIntentActivitiesAsUser blocked, Intent { act=android.intent.action.MAIN cat=[android.intent.category.LAUNCHER] pkg=com.huawei.hiskytone }
06-24 17:02:50.340 D/HsmInterfaceImpl( 6599): List [ResolveInfo{d2fcc68 com.huawei.hiskytone/com.huawei.skytone.account.welcome.SplashActivity m=0x108000}]
06-24 17:02:50.408 W/HSM     ( 1813): HoldService:toast switch is close!
06-24 17:02:50.410 D/ApplicationPackageManager( 6599): queryIntentActivitiesAsUser blocked, Intent { act=android.intent.action.MAIN cat=[android.intent.category.LAUNCHER] pkg=com.huawei.hwid }
06-24 17:02:50.410 D/HsmInterfaceImpl( 6599): List []
06-24 17:02:50.417 W/HSM     ( 1813): HoldService:toast switch is close!
06-24 17:02:50.418 D/ApplicationPackageManager( 6599): queryIntentActivitiesAsUser blocked, Intent { act=android.intent.action.MAIN cat=[android.intent.category.LAUNCHER] pkg=com.sina.weibo }
06-24 17:02:50.419 D/HsmInterfaceImpl( 6599): List [ResolveInfo{2b40d67 com.sina.weibo/.SplashActivity m=0x108000}]
06-24 17:02:50.450 D/HwFLClassLoader( 2519): USE_FEATURE_LIST had not init! 
06-24 17:02:50.487 E/asset   ( 2519): createFromFile(): lock file /data/resource-cache/system@emui@base@overlay@frameworkhwexthonor@frameworkhwexthonor.apk@idmap.
06-24 17:02:50.487 E/asset   ( 2519): createFromFile(): lock file /data/resource-cache/system@emui@base@overlay@frameworkhwexthonor@frameworkhwexthonor.apk@idmap.
06-24 17:02:50.487 W/ResourceType( 2519): Found multiple library tables, ignoring...
06-24 17:02:50.498 D/HwFLClassLoader( 2519): USE_FEATURE_LIST had not init! 
06-24 17:02:50.519 D/PMS1000 (  657): package:com.excelliance.dualaid, input flags:8192, output hwFlags:0
06-24 17:02:50.521 W/HSM     ( 1813): HoldService:toast switch is close!
06-24 17:02:50.523 D/ApplicationPackageManager( 6599): queryIntentActivitiesAsUser blocked, Intent { act=android.intent.action.MAIN cat=[android.intent.category.LAUNCHER] pkg=com.antutu.ABenchMark }
06-24 17:02:50.523 D/HsmInterfaceImpl( 6599): List [ResolveInfo{8f38bbd com.antutu.ABenchMark/.ABenchMarkStart m=0x108000}]
06-24 17:02:50.576 W/HSM     ( 1813): HoldService:toast switch is close!
06-24 17:02:50.577 D/ApplicationPackageManager( 6599): queryIntentActivitiesAsUser blocked, Intent { act=android.intent.action.MAIN cat=[android.intent.category.LAUNCHER] pkg=com.sankuai.meituan.takeoutnew }
06-24 17:02:50.577 D/HsmInterfaceImpl( 6599): List [ResolveInfo{11dc080 com.sankuai.meituan.takeoutnew/.ui.page.boot.WelcomeActivity m=0x108000}]
06-24 17:02:50.629 D/PMS1000 (  657): package:com.excelliance.dualaid, input flags:8192, output hwFlags:0
06-24 17:02:50.631 W/HSM     ( 1813): HoldService:toast switch is close!
06-24 17:02:50.632 D/ApplicationPackageManager( 6599): queryIntentActivitiesAsUser blocked, Intent { act=android.intent.action.MAIN cat=[android.intent.category.LAUNCHER] pkg=com.vmall.client }
06-24 17:02:50.632 D/HsmInterfaceImpl( 6599): List [ResolveInfo{fdd0afe com.vmall.client/.splash.fragment.SplashActivity m=0x108000}]
06-24 17:02:50.678 W/OpenGLRenderer( 2519): Incorrectly called buildLayer on View: ShortcutAndWidgetContainer, destroying layer...
06-24 17:02:50.679 W/OpenGLRenderer( 2519): Incorrectly called buildLayer on View: ShortcutAndWidgetContainer, destroying layer...
06-24 17:02:50.683 I/GRALLOC (  679): 	 shrFd=10,fmt=0x1,intFmt=0x200000001,btStrd=4352,size=8486912,pid=679 
06-24 17:02:50.683 I/GRALLOC (  679): 	 yuv=2,w=1080,h=1920,Stride u=0 v=0,offset u=0 v=0 
06-24 17:02:50.683 I/GRALLOC (  679): 	 iova_size=8486912,conUsg=0xb00,proUsg=0xb00,	 strd=1088,[afbc]HdrStrd=1088 PyldStrd=69632 Scrmbl=2,ionhnd = 1 
06-24 17:02:50.690 D/PMS1000 (  657): package:com.excelliance.dualaid, input flags:8192, output hwFlags:0
06-24 17:02:50.692 W/HSM     ( 1813): HoldService:toast switch is close!
06-24 17:02:50.693 D/ApplicationPackageManager( 6599): queryIntentActivitiesAsUser blocked, Intent { act=android.intent.action.MAIN cat=[android.intent.category.LAUNCHER] pkg=com.android.browser }
06-24 17:02:50.694 D/HsmInterfaceImpl( 6599): List [ResolveInfo{657575 com.android.browser/com.tencent.mtt.SplashActivity m=0x108000}]
06-24 17:02:50.745 W/HSM     ( 1813): HoldService:toast switch is close!
06-24 17:02:50.746 D/ApplicationPackageManager( 6599): queryIntentActivitiesAsUser blocked, Intent { act=android.intent.action.MAIN cat=[android.intent.category.LAUNCHER] pkg=com.eg.android.AlipayGphone }
06-24 17:02:50.746 D/HsmInterfaceImpl( 6599): List [ResolveInfo{b231f98 com.eg.android.AlipayGphone/.AlipayLogin m=0x108000}]
06-24 17:02:50.780 W/HSM     ( 1813): HoldService:toast switch is close!
06-24 17:02:50.781 D/ApplicationPackageManager( 6599): queryIntentActivitiesAsUser blocked, Intent { act=android.intent.action.MAIN cat=[android.intent.category.LAUNCHER] pkg=com.android.mediacenter }
06-24 17:02:50.781 D/HsmInterfaceImpl( 6599): List [ResolveInfo{4757bd6 com.android.mediacenter/.PageActivity m=0x108000}]
06-24 17:02:50.788 E/asset   ( 6599): createFromFile(): lock file /data/resource-cache/system@emui@base@overlay@frameworkhwexthonor@frameworkhwexthonor.apk@idmap.
06-24 17:02:50.788 E/asset   ( 6599): createFromFile(): lock file /data/resource-cache/system@emui@base@overlay@frameworkhwexthonor@frameworkhwexthonor.apk@idmap.
06-24 17:02:50.789 W/ResourceType( 6599): Found multiple library tables, ignoring...
06-24 17:02:50.805 D/SmtCntService( 6908): handleMessage: msg = 3
06-24 17:02:50.842 D/PMS1000 (  657): package:com.excelliance.dualaid, input flags:8192, output hwFlags:0
06-24 17:02:50.844 W/HSM     ( 1813): HoldService:toast switch is close!
06-24 17:02:50.846 D/ApplicationPackageManager( 6599): queryIntentActivitiesAsUser blocked, Intent { act=android.intent.action.MAIN cat=[android.intent.category.LAUNCHER] pkg=com.huawei.himovie }
06-24 17:02:50.846 D/HsmInterfaceImpl( 6599): List [ResolveInfo{c83de2d com.huawei.himovie/.ui.login.SplashScreenActivity m=0x108000}]
06-24 17:02:50.853 E/asset   ( 6599): createFromFile(): lock file /data/resource-cache/system@emui@base@overlay@frameworkhwexthonor@frameworkhwexthonor.apk@idmap.
06-24 17:02:50.853 E/asset   ( 6599): createFromFile(): lock file /data/resource-cache/system@emui@base@overlay@frameworkhwexthonor@frameworkhwexthonor.apk@idmap.
06-24 17:02:50.853 W/ResourceType( 6599): Found multiple library tables, ignoring...
06-24 17:02:50.902 D/PMS1000 (  657): package:com.excelliance.dualaid, input flags:8192, output hwFlags:0
06-24 17:02:50.904 W/HSM     ( 1813): HoldService:toast switch is close!
06-24 17:02:50.905 D/ApplicationPackageManager( 6599): queryIntentActivitiesAsUser blocked, Intent { act=android.intent.action.MAIN cat=[android.intent.category.LAUNCHER] pkg=com.huawei.hnreader }
06-24 17:02:50.905 D/HsmInterfaceImpl( 6599): List [ResolveInfo{36249b0 com.huawei.hnreader/com.qq.reader.activity.SplashActivity m=0x108000}]
06-24 17:02:50.906 W/HSM     ( 1813): SmartControlRecordInfo:queryRecordInfoOldCount of content://com.huawei.systemmanager.smartcontrolprovider/smartcontrolrecord/SmartControlRecordTable can't find record, will insert new!
06-24 17:02:50.913 E/asset   ( 6599): createFromFile(): lock file /data/resource-cache/system@emui@base@overlay@frameworkhwexthonor@frameworkhwexthonor.apk@idmap.
06-24 17:02:50.913 E/asset   ( 6599): createFromFile(): lock file /data/resource-cache/system@emui@base@overlay@frameworkhwexthonor@frameworkhwexthonor.apk@idmap.
06-24 17:02:50.913 W/ResourceType( 6599): Found multiple library tables, ignoring...
06-24 17:02:50.948 D/HwArpVerifier(  657): performPollAndLog:
06-24 17:02:50.954 D/hw_netstat(  657): total/9533/4215,com.excelliance.dualaid/9169/3915,unknown:0/364/0,com.android.vending/0/180,com.google.uid.shared:10089/0/120
06-24 17:02:50.963 W/HSM     ( 1813): HoldService:toast switch is close!
06-24 17:02:50.964 D/ApplicationPackageManager( 6599): queryIntentActivitiesAsUser blocked, Intent { act=android.intent.action.MAIN cat=[android.intent.category.LAUNCHER] pkg=com.twitter.android }
06-24 17:02:50.964 D/HsmInterfaceImpl( 6599): List [ResolveInfo{48f814f com.twitter.android/.StartActivity m=0x108000}]
06-24 17:02:51.015 W/HSM     ( 1813): HoldService:toast switch is close!
06-24 17:02:51.016 D/ApplicationPackageManager( 6599): queryIntentActivitiesAsUser blocked, Intent { act=android.intent.action.MAIN cat=[android.intent.category.LAUNCHER] pkg=com.baidu.input_huawei }
06-24 17:02:51.016 D/HsmInterfaceImpl( 6599): List []
06-24 17:02:51.021 W/HSM     ( 1813): HoldService:toast switch is close!
06-24 17:02:51.022 D/ApplicationPackageManager( 6599): queryIntentActivitiesAsUser blocked, Intent { act=android.intent.action.MAIN cat=[android.intent.category.LAUNCHER] pkg=com.google.android.gms }
06-24 17:02:51.022 D/HsmInterfaceImpl( 6599): List []
06-24 17:02:51.030 W/HSM     ( 1813): HoldService:toast switch is close!
06-24 17:02:51.031 D/ApplicationPackageManager( 6599): queryIntentActivitiesAsUser blocked, Intent { act=android.intent.action.MAIN cat=[android.intent.category.LAUNCHER] pkg=com.sankuai.meituan }
06-24 17:02:51.032 D/HsmInterfaceImpl( 6599): List [ResolveInfo{70398ba com.sankuai.meituan/com.meituan.android.pt.homepage.activity.Welcome m=0x108000}]
06-24 17:02:51.091 E/Auth    ( 8506): [GoogleAccountDataServiceImpl] getToken() -> NETWORK_ERROR. Account: <ELLIDED:718006122>, App: com.android.vending, Service: oauth2:https://www.googleapis.com/auth/experimentsandconfigs
06-24 17:02:51.091 E/Auth    ( 8506): fzk: Error when calling server.
06-24 17:02:51.091 E/Auth    ( 8506): 	at fzl.b(:com.google.android.gms@12685025@12.6.85 (040408-197041431):157)
06-24 17:02:51.091 E/Auth    ( 8506): 	at fzl.a(:com.google.android.gms@12685025@12.6.85 (040408-197041431):50)
06-24 17:02:51.091 E/Auth    ( 8506): 	at fxv.a(:com.google.android.gms@12685025@12.6.85 (040408-197041431):38)
06-24 17:02:51.091 E/Auth    ( 8506): 	at hox.a(:com.google.android.gms@12685025@12.6.85 (040408-197041431):8)
06-24 17:02:51.091 E/Auth    ( 8506): 	at hox.a(:com.google.android.gms@12685025@12.6.85 (040408-197041431):189)
06-24 17:02:51.091 E/Auth    ( 8506): 	at hnx.a(:com.google.android.gms@12685025@12.6.85 (040408-197041431):2)
06-24 17:02:51.091 E/Auth    ( 8506): 	at hnu.a(:com.google.android.gms@12685025@12.6.85 (040408-197041431):17)
06-24 17:02:51.091 E/Auth    ( 8506): 	at hnu.a(:com.google.android.gms@12685025@12.6.85 (040408-197041431):6)
06-24 17:02:51.091 E/Auth    ( 8506): 	at cyb.a(:com.google.android.gms@12685025@12.6.85 (040408-197041431):25)
06-24 17:02:51.091 E/Auth    ( 8506): 	at cyb.a(:com.google.android.gms@12685025@12.6.85 (040408-197041431):82)
06-24 17:02:51.091 E/Auth    ( 8506): 	at fur.a(:com.google.android.gms@12685025@12.6.85 (040408-197041431):6)
06-24 17:02:51.091 E/Auth    ( 8506): 	at fuq.a(:com.google.android.gms@12685025@12.6.85 (040408-197041431):2)
06-24 17:02:51.091 E/Auth    ( 8506): 	at fuq.e(:com.google.android.gms@12685025@12.6.85 (040408-197041431):6)
06-24 17:02:51.091 E/Auth    ( 8506): 	at fup.a(:com.google.android.gms@12685025@12.6.85 (040408-197041431):1)
06-24 17:02:51.091 E/Auth    ( 8506): 	at fwm.getAuthToken(:com.google.android.gms@12685025@12.6.85 (040408-197041431):7)
06-24 17:02:51.091 E/Auth    ( 8506): 	at android.accounts.AbstractAccountAuthenticator$Transport.getAuthToken(AbstractAccountAuthenticator.java:244)
06-24 17:02:51.091 E/Auth    ( 8506): 	at android.accounts.IAccountAuthenticator$Stub.onTransact(IAccountAuthenticator.java:113)
06-24 17:02:51.091 E/Auth    ( 8506): 	at android.os.Binder.transact(Binder.java:605)
06-24 17:02:51.091 E/Auth    ( 8506): 	at dah.onTransact(:com.google.android.gms@12685025@12.6.85 (040408-197041431):3)
06-24 17:02:51.091 E/Auth    ( 8506): 	at android.os.Binder.execTransact(Binder.java:675)
06-24 17:02:51.091 E/Auth    ( 8506): Caused by: java.net.SocketTimeoutException: failed to connect to android.clients.google.com/74.125.23.113 (port 443) from /10.0.0.51 (port 34864) after 30000ms
06-24 17:02:51.091 E/Auth    ( 8506): 	at libcore.io.IoBridge.connectErrno(IoBridge.java:185)
06-24 17:02:51.091 E/Auth    ( 8506): 	at libcore.io.IoBridge.connect(IoBridge.java:130)
06-24 17:02:51.091 E/Auth    ( 8506): 	at java.net.PlainSocketImpl.socketConnect(PlainSocketImpl.java:129)
06-24 17:02:51.091 E/Auth    ( 8506): 	at java.net.AbstractPlainSocketImpl.doConnect(AbstractPlainSocketImpl.java:357)
06-24 17:02:51.091 E/Auth    ( 8506): 	at java.net.AbstractPlainSocketImpl.connectToAddress(AbstractPlainSocketImpl.java:201)
06-24 17:02:51.091 E/Auth    ( 8506): 	at java.net.AbstractPlainSocketImpl.connect(AbstractPlainSocketImpl.java:183)
06-24 17:02:51.091 E/Auth    ( 8506): 	at java.net.SocksSocketImpl.connect(SocksSocketImpl.java:356)
06-24 17:02:51.091 E/Auth    ( 8506): 	at java.net.Socket.connect(Socket.java:616)
06-24 17:02:51.091 E/Auth    ( 8506): 	at com.android.okhttp.internal.Platform.connectSocket(Platform.java:145)
06-24 17:02:51.091 E/Auth    ( 8506): 	at com.android.okhttp.internal.io.RealConnection.connectSocket(RealConnection.java:141)
06-24 17:02:51.091 E/Auth    ( 8506): 	at com.android.okhttp.internal.io.RealConnection.connect(RealConnection.java:112)
06-24 17:02:51.091 E/Auth    ( 8506): 	at com.android.okhttp.internal.http.StreamAllocation.findConnection(StreamAllocation.java:184)
06-24 17:02:51.091 E/Auth    ( 8506): 	at com.android.okhttp.internal.http.StreamAllocation.findHealthyConnection(StreamAllocation.java:126)
06-24 17:02:51.091 E/Auth    ( 8506): 	at com.android.okhttp.internal.http.StreamAllocation.newStream(StreamAllocation.java:95)
06-24 17:02:51.091 E/Auth    ( 8506): 	at com.android.okhttp.internal.http.HttpEngine.connect(HttpEngine.java:281)
06-24 17:02:51.091 E/Auth    ( 8506): 	at com.android.okhttp.internal.http.HttpEngine.sendRequest(HttpEngine.java:224)
06-24 17:02:51.091 E/Auth    ( 8506): 	at com.android.okhttp.internal.huc.HttpURLConnectionImpl.execute(HttpURLConnectionImpl.java:461)
06-24 17:02:51.091 E/Auth    ( 8506): 	at com.android.okhttp.internal.huc.HttpURLConnectionImpl.connect(HttpURLConnectionImpl.java:127)
06-24 17:02:51.091 E/Auth    ( 8506): 	at com.android.okhttp.internal.huc.HttpURLConnectionImpl.getOutputStream(HttpURLConnectionImpl.java:258)
06-24 17:02:51.091 E/Auth    ( 8506): 	at com.android.okhttp.internal.huc.DelegatingHttpsURLConnection.getOutputStream(DelegatingHttpsURLConnection.java:218)
06-24 17:02:51.091 E/Auth    ( 8506): 	at com.android.okhttp.internal.huc.HttpsURLConnectionImpl.getOutputStream(Unknown Source:0)
06-24 17:02:51.091 E/Auth    ( 8506): 	at wvi.a(:com.google.android.gms@12685025@12.6.85 (040408-197041431):60)
06-24 17:02:51.091 E/Auth    ( 8506): 	at hww.a(Unknown Source:20)
06-24 17:02:51.091 E/Auth    ( 8506): 	at fyw.a(:com.google.android.gms@12685025@12.6.85 (040408-197041431):6)
06-24 17:02:51.091 E/Auth    ( 8506): 	at fyw.a(:com.google.android.gms@12685025@12.6.85 (040408-197041431):2)
06-24 17:02:51.091 E/Auth    ( 8506): 	at fzl.b(:com.google.android.gms@12685025@12.6.85 (040408-197041431):154)
06-24 17:02:51.091 E/Auth    ( 8506): 	... 19 more
06-24 17:02:51.092 W/Auth    ( 8506): [GetToken] GetToken failed with status code: NetworkError
06-24 17:02:51.093 W/GLSActivity( 8506): 
06-24 17:02:51.093 W/GLSActivity( 8506): java.io.IOException: NetworkError
06-24 17:02:51.093 W/GLSActivity( 8506): 	at fur.a(:com.google.android.gms@12685025@12.6.85 (040408-197041431):13)
06-24 17:02:51.093 W/GLSActivity( 8506): 	at fuq.a(:com.google.android.gms@12685025@12.6.85 (040408-197041431):2)
06-24 17:02:51.093 W/GLSActivity( 8506): 	at fuq.e(:com.google.android.gms@12685025@12.6.85 (040408-197041431):6)
06-24 17:02:51.093 W/GLSActivity( 8506): 	at fup.a(:com.google.android.gms@12685025@12.6.85 (040408-197041431):1)
06-24 17:02:51.093 W/GLSActivity( 8506): 	at fwm.getAuthToken(:com.google.android.gms@12685025@12.6.85 (040408-197041431):7)
06-24 17:02:51.093 W/GLSActivity( 8506): 	at android.accounts.AbstractAccountAuthenticator$Transport.getAuthToken(AbstractAccountAuthenticator.java:244)
06-24 17:02:51.093 W/GLSActivity( 8506): 	at android.accounts.IAccountAuthenticator$Stub.onTransact(IAccountAuthenticator.java:113)
06-24 17:02:51.093 W/GLSActivity( 8506): 	at android.os.Binder.transact(Binder.java:605)
06-24 17:02:51.093 W/GLSActivity( 8506): 	at dah.onTransact(:com.google.android.gms@12685025@12.6.85 (040408-197041431):3)
06-24 17:02:51.093 W/GLSActivity( 8506): 	at android.os.Binder.execTransact(Binder.java:675)
06-24 17:02:51.099 E/Finsky  (31533): [5235] com.google.android.finsky.heterodyne.a.a(32): Failed to get auth token
06-24 17:02:51.099 E/Finsky  (31533): com.android.volley.AuthFailureError: Error while retrieving auth token
06-24 17:02:51.099 E/Finsky  (31533): 	at com.android.volley.a.b.a(SourceFile:15)
06-24 17:02:51.099 E/Finsky  (31533): 	at com.google.android.finsky.heterodyne.a.a(SourceFile:28)
06-24 17:02:51.099 E/Finsky  (31533): 	at com.google.android.gms.phenotype.core.c.b.a(SourceFile:283)
06-24 17:02:51.099 E/Finsky  (31533): 	at com.google.android.gms.phenotype.core.c.b.a(SourceFile:196)
06-24 17:02:51.099 E/Finsky  (31533): 	at com.google.android.finsky.heterodyne.a.a(SourceFile:65)
06-24 17:02:51.099 E/Finsky  (31533): 	at com.google.android.finsky.heterodyne.HeterodyneSyncService.onHandleIntent(SourceFile:11)
06-24 17:02:51.099 E/Finsky  (31533): 	at android.app.IntentService$ServiceHandler.handleMessage(IntentService.java:68)
06-24 17:02:51.099 E/Finsky  (31533): 	at android.os.Handler.dispatchMessage(Handler.java:108)
06-24 17:02:51.099 E/Finsky  (31533): 	at android.os.Looper.loop(Looper.java:166)
06-24 17:02:51.099 E/Finsky  (31533): 	at android.os.HandlerThread.run(HandlerThread.java:65)
06-24 17:02:51.099 E/Finsky  (31533): Caused by: java.io.IOException: NetworkError
06-24 17:02:51.099 E/Finsky  (31533): 	at android.accounts.AccountManager.convertErrorToException(AccountManager.java:2496)
06-24 17:02:51.099 E/Finsky  (31533): 	at android.accounts.AccountManager.-wrap0(Unknown Source:0)
06-24 17:02:51.099 E/Finsky  (31533): 	at android.accounts.AccountManager$AmsTask$Response.onError(AccountManager.java:2347)
06-24 17:02:51.099 E/Finsky  (31533): 	at android.accounts.IAccountManagerResponse$Stub.onTransact(IAccountManagerResponse.java:69)
06-24 17:02:51.099 E/Finsky  (31533): 	at android.os.Binder.execTransact(Binder.java:675)
06-24 17:02:51.113 W/libc    (  493): Set property "hw.wifi.dns_stat" to "42439,37346,5028,1,53667"
06-24 17:02:51.122 W/HSM     ( 1813): HoldService:toast switch is close!
06-24 17:02:51.124 D/ApplicationPackageManager( 6599): queryIntentActivitiesAsUser blocked, Intent { act=android.intent.action.MAIN cat=[android.intent.category.LAUNCHER] pkg=com.tencent.news }
06-24 17:02:51.124 D/HsmInterfaceImpl( 6599): List [ResolveInfo{7e99ec8 com.tencent.news/.activity.SplashActivity m=0x108000}]
06-24 17:02:51.142 W/ProxyAndroidLoggerBackend(31533): Too many Flogger logs received before configuration. Dropping old logs.
06-24 17:02:51.143 E/Finsky  (31533): [5235] com.google.android.finsky.heterodyne.a.a(67): Failed to sync Heterodyne.
06-24 17:02:51.143 E/Finsky  (31533): com.google.android.gms.phenotype.core.common.PhenotypeException: 29504: Network error
06-24 17:02:51.143 E/Finsky  (31533): 	at com.google.android.gms.phenotype.core.c.b.a(SourceFile:299)
06-24 17:02:51.143 E/Finsky  (31533): 	at com.google.android.gms.phenotype.core.c.b.a(SourceFile:196)
06-24 17:02:51.143 E/Finsky  (31533): 	at com.google.android.finsky.heterodyne.a.a(SourceFile:65)
06-24 17:02:51.143 E/Finsky  (31533): 	at com.google.android.finsky.heterodyne.HeterodyneSyncService.onHandleIntent(SourceFile:11)
06-24 17:02:51.143 E/Finsky  (31533): 	at android.app.IntentService$ServiceHandler.handleMessage(IntentService.java:68)
06-24 17:02:51.143 E/Finsky  (31533): 	at android.os.Handler.dispatchMessage(Handler.java:108)
06-24 17:02:51.143 E/Finsky  (31533): 	at android.os.Looper.loop(Looper.java:166)
06-24 17:02:51.143 E/Finsky  (31533): 	at android.os.HandlerThread.run(HandlerThread.java:65)
