06-24 16:18:06.048 E/HicomPolicyManager(  657): udp acc is not start yet!
06-24 16:18:06.048 D/HicomPolicyManager(  657): speed control is not start
06-24 16:18:06.048 E/HicomPolicyManager(  657): Network Evaluation is not start yet!
06-24 16:18:06.048 E/HicomPolicyManager(  657): foreground app info is null
06-24 16:18:06.049 D/HwQoEUtils(  657): mForegroundAppPackageName: com.excelliance.dualaid:olle ,score: 0
06-24 16:18:06.050 D/HwQoEUtils(  657): APP type: -1 appName= com.excelliance.dualaid:olle
06-24 16:18:06.050 D/HwQoEUtils(  657): RealAppName:com.excelliance.dualaid
06-24 16:18:06.051 D/[HwRecSys]HwRecSysService( 2647): onEvent actionID: 10000 msg:com.excelliance.dualaid		
06-24 16:18:06.051 E/[HwRecSys]HwRecSysService( 2647): getIsRportDirectService is false!
06-24 16:18:06.051 D/HwQoEUtils(  657): no game, APP_TYPE_GAME, appName =com.excelliance.dualaid:olle
06-24 16:18:06.051 W//system/bin/hwservicemanager(  416): Cannot open /odm/manifest.xml
06-24 16:18:06.051 D/HwGameAssistantController(  657): pid=16923, uid=11422, foreground=true
06-24 16:18:06.055 I/HwNetworkPolicy(  657): onTransact, code = 203
06-24 16:18:06.056 W/AwareLog(  657): SchedLevelBoost: onFgActivitiesChanged config not set!
06-24 16:18:06.056 I/PGServer( 1699): report state:10010 event type:2 pid:0 uid:0 pkg:com.huawei.android.launcher to pid: 657
06-24 16:18:06.056 I/PGServer( 1699): report state:10010 event type:2 pid:0 uid:0 pkg:com.huawei.android.launcher to pid: 1699
06-24 16:18:06.057 I/SceneReceiver( 1699): state type: 10010 eventType:2 pid:0 uid:0 pkg:com.huawei.android.launcher
06-24 16:18:06.057 I/PGServer( 1699): report state:10000 event type:1 pid:0 uid:0 pkg:com.excelliance.dualaid to pid: 657
06-24 16:18:06.057 I/PGServer( 1699): report state:10000 event type:1 pid:0 uid:0 pkg:com.excelliance.dualaid to pid: 1699
06-24 16:18:06.057 I/SceneReceiver( 1699): state type: 10000 eventType:1 pid:0 uid:0 pkg:com.excelliance.dualaid
06-24 16:18:06.057 D/HwThermalStateManager( 1699): current foreapp pkg : com.excelliance.dualaid
06-24 16:18:06.057 I/HwNetworkPolicyManager( 1813): getHwUidPolicy uid = 11422 policy = 0
06-24 16:18:06.058 I/PGServer( 1699): checkPkgType. calling pkg: android
06-24 16:18:06.058 I/PGServer( 1699): checkPkgType. calling pkg: android
06-24 16:18:06.061 W/libc    ( 1699): Set property "sys.aps.gameProcessName" to ""
06-24 16:18:06.061 W/libc    ( 1699): Set property "sys.aps.browserProcessName" to ""
06-24 16:18:06.065 D/HwFLClassLoader(16923): get used feature list :/feature/used-list failed!
06-24 16:18:06.065 D/HwFLClassLoader(16923): USE_FEATURE_LIST had not init! 
06-24 16:18:06.068 W//system/bin/hwservicemanager(  416): Cannot open /odm/manifest.xml
06-24 16:18:06.069 I/GRALLOC (  679): 	 shrFd=10,fmt=0x1,intFmt=0x1,btStrd=256,size=4096,pid=679 
06-24 16:18:06.069 I/GRALLOC (  679): 	 yuv=2,w=16,h=16,Stride u=0 v=0,offset u=0 v=0 
06-24 16:18:06.069 I/GRALLOC (  679): 	 iova_size=4096,conUsg=0x100,proUsg=0x100,	 strd=64,[afbc]HdrStrd=0 PyldStrd=0 Scrmbl=0,ionhnd = 1 
06-24 16:18:06.078 E/MemoryLeakMonitorManager(16923): MemoryLeakMonitor.jar is not exist!
06-24 16:18:06.079 D/CrashHandler(16923): CrashHandler
06-24 16:18:06.079 D/KXQPApplication(16923): run: initUserManager
06-24 16:18:06.079 E/Minikin (16923): Could not get cmap table size!
06-24 16:18:06.080 D/PMS11422(  657): package:com.excelliance.dualaid, input flags:128, output hwFlags:0
06-24 16:18:06.090 I/HwCust  (16923): Constructor found for class android.app.HwCustActivityImpl
06-24 16:18:06.090 D/HwCust  (16923): Create obj success use class android.app.HwCustActivityImpl
06-24 16:18:06.092 V/HwPolicyFactory(16923): : success to get AllImpl object and return....
06-24 16:18:06.093 I/HwCust  (16923): Constructor found for class android.app.HwCustHwWallpaperManagerImpl
06-24 16:18:06.094 D/HwCust  (16923): Create obj success use class android.app.HwCustHwWallpaperManagerImpl
06-24 16:18:06.095 D/PMS11422(  657): package:com.excelliance.dualaid, input flags:0, output hwFlags:0
06-24 16:18:06.096 V/HwWidgetFactory(16923): : successes to get AllImpl object and return....
06-24 16:18:06.096 V/ActivityThread(16923): ActivityThread,callActivityOnCreate
06-24 16:18:06.097 D/HelloActivity(16923): Memory:25146M
06-24 16:18:06.098 D/HelloActivity(16923): onCreate: true
06-24 16:18:06.100 D/HelloActivity(16923): is code boot
06-24 16:18:06.104 D/HelloActivity(16923): mIsNav = false
06-24 16:18:06.121 D/HwRecentsLockUtils( 1513): Search
06-24 16:18:06.122 E/HsmCoreServiceImpl( 1478): onTransact in code is: 103
06-24 16:18:06.122 I/MediaProcessHandler( 1478): playingUids: 
06-24 16:18:06.122 D/ActivityManager(  657): Skipping, home or recents stack task: TaskRecord{333215f #15658 A=com.huawei.android.launcher U=0 StackId=0 sz=1}
06-24 16:18:06.122 D/ActivityManager(  657): Skipping intent:act=android.intent.action.MAIN cat=[android.intent.category.LAUNCHER] flg=0x10a00000 cmp=io.appium.settings/.Settings
06-24 16:18:06.122 D/ActivityManager(  657): Skipping intent:flg=0x10804000 cmp=com.android.systemui/.recents.RecentsActivity bnds=[48,928][1032,2296]
06-24 16:18:06.122 D/ActivityManager(  657): Skipping intent:flg=0x18800000 cmp=com.tencent.mm/.plugin.base.stub.WXPayEntryActivity
06-24 16:18:06.122 D/ActivityManager(  657): Skipping intent:flg=0x10800000 cmp=com.huawei.systemmanager/com.huawei.permissionmanager.ui.MainActivity
06-24 16:18:06.122 D/ActivityManager(  657): Skipping intent:flg=0x18800000 cmp=com.tencent.mm/.plugin.base.stub.WXEntryActivity
06-24 16:18:06.122 D/ActivityManager(  657): Skipping intent:act=com.huawei.action.VOICE_ASSISTANT flg=0x10800000 pkg=com.huawei.vassistant cmp=com.huawei.vassistant/.ui.main.VAssistantActivity
06-24 16:18:06.122 D/ActivityManager(  657): Skipping intent:act=com.huawei.android.launcher.action.ACCESS_SPLIT_SCREEN_APP cat=[android.intent.category.DEFAULT] flg=0x10804000 cmp=com.huawei.android.launcher/.splitscreen.SplitScreenAppActivity
06-24 16:18:06.122 D/ActivityManager(  657): Skipping intent:flg=0x10800000 pkg=com.excelliance.dualaid.b64 cmp=com.excelliance.dualaid.b64/com.excelliance.kxqp.sdk.PermissionRequestActivity
06-24 16:18:06.122 D/ActivityManager(  657): Skipping intent:act=android.intent.action.VIEW dat=content://com.excelliance.dualaid.fileProvider/external_storage_root/Download/apk/Multiple_64.apk typ=application/vnd.android.package-archive flg=0x10800001 cmp=com.android.packageinstaller/.InstallStart
06-24 16:18:06.122 D/ActivityManager(  657): Skipping intent:flg=0x10800000 cmp=com.android.systemui/.usb.HwUsbDebuggingActivity
06-24 16:18:06.122 D/ActivityManager(  657): Skipping intent:act=android.deviceinfo.chooser.action.LAUNCH flg=0x10800000 hwFlg=0x100 pkg=com.android.settings cmp=com.android.settings/.deviceinfo.UsbConnModeChooserActivity
06-24 16:18:06.122 D/ActivityManager(  657): Skipping intent:flg=0x10800000 cmp=com.zol.android/.push.KeepLiveActivity
06-24 16:18:06.122 D/ActivityManager(  657): Skipping intent:act=android.intent.action.MAIN cat=[android.intent.category.HOME] flg=0x10800300 cmp=com.android.settings/.FallbackHome
06-24 16:18:06.127 D/HelloActivity(16923): defDisplayStyle:5
06-24 16:18:06.129 D/HttpUtils(16923): getDownloadMode()
06-24 16:18:06.129 D/NetUtils(16923): init inited = true
06-24 16:18:06.129 D/HelloActivity(16923): enter Nav2
06-24 16:18:06.132 I/ActivityManager(  657): START u0 {pkg=com.excelliance.dualaid cmp=com.excelliance.dualaid/com.excelliance.kxqp.swipe.NavActivity2 (has extras)} from uid 11422
06-24 16:18:06.132 I/ActivityManager(  657): ActivityRecord info: ActivityInfo{a87e501 com.excelliance.kxqp.swipe.NavActivity2}
06-24 16:18:06.132 D/NetworkSecurityConfig(16923): No Network Security Config specified, using platform default
06-24 16:18:06.132 V/WindowManager(  657): findFocusedWindow: AppWindowToken{d3a938b token=Token{377755a ActivityRecord{d5c9105 u0 com.huawei.android.launcher/.unihome.UniHomeLauncher t15658}}} below Reached focused app=AppWindowToken{c5aec6a token=Token{7f63a55 ActivityRecord{595b10c u0 com.excelliance.dualaid/com.excelliance.kxqp.ui.HelloActivity t16033}}}
06-24 16:18:06.133 V/WindowManager(  657): addAppToken: AppWindowToken{6489ec2 token=Token{70c5f0d ActivityRecord{5ff15a4 u0 com.excelliance.dualaid/com.excelliance.kxqp.swipe.NavActivity2 t16033}}} controller={TaskWindowContainerController taskId=16033} at 2147483647
06-24 16:18:06.139 V/ActivityManager(  657): startProcess: name=com.excelliance.dualaid app=null knownToBeDead=true thread=null pid=-1
06-24 16:18:06.139 D/PMS1000 (  657): package:com.excelliance.dualaid, input flags:0, output hwFlags:0
06-24 16:18:06.146 I/ActivityManager(  657): Start proc 16948:com.excelliance.dualaid/u0a1422 for service com.excelliance.dualaid/com.excelliance.kxqp.SmtServService
06-24 16:18:06.146 I/        (16948): power log dlsym ok
06-24 16:18:06.147 I/zygote  (16948): Reinit property: dalvik.vm.checkjni= false
06-24 16:18:06.153 D/HwNetworkManagementService(  657): code == CODE_GET_AD_KEY_LIST
06-24 16:18:06.153 D/HwNetworkManagementService(  657): appName = com.excelliance.dualaid  is not in the mAdViewMap! reply none
06-24 16:18:06.153 D/HwNetworkManagementService(  657): appName = com.excelliance.dualaid  is not in the mAdIdMap! reply none
06-24 16:18:06.154 D/ActivityThread(16948): ActivityThread,attachApplication
06-24 16:18:06.154 D/ActivityManager(  657): ActivityManagerService,attachApplication,callingPid = 16948
06-24 16:18:06.155 D/ActivityThread(16923): add activity client record, r= ActivityRecord{cbe2ddc token=android.os.BinderProxy@d13fa03 {com.excelliance.dualaid/com.excelliance.kxqp.ui.HelloActivity}} token= android.os.BinderProxy@d13fa03
06-24 16:18:06.158 V/WindowManager(  657): No longer Stopped: AppWindowToken{6489ec2 token=Token{70c5f0d ActivityRecord{5ff15a4 u0 com.excelliance.dualaid/com.excelliance.kxqp.swipe.NavActivity2 t16033}}}
06-24 16:18:06.158 D/ActivityManager(  657): allPausedActivitiesComplete: r=ActivityRecord{595b10c u0 com.excelliance.dualaid/com.excelliance.kxqp.ui.HelloActivity t16033 f} state=PAUSING
06-24 16:18:06.164 V/WindowManager(  657): No longer Stopped: AppWindowToken{6489ec2 token=Token{70c5f0d ActivityRecord{5ff15a4 u0 com.excelliance.dualaid/com.excelliance.kxqp.swipe.NavActivity2 t16033}}}
06-24 16:18:06.166 W//system/bin/hwservicemanager(  416): Cannot open /odm/manifest.xml
06-24 16:18:06.168 V/WindowManager(  657): Checking 1 opening apps (frozen=false timeout=false)...
06-24 16:18:06.168 V/WindowManager(  657): Check opening app=AppWindowToken{6489ec2 token=Token{70c5f0d ActivityRecord{5ff15a4 u0 com.excelliance.dualaid/com.excelliance.kxqp.swipe.NavActivity2 t16033}}}: allDrawn=false startingDisplayed=false startingMoved=false isRelaunching()=false
06-24 16:18:06.170 D/HwCust  (16923): Create obj success use class android.app.HwCustActivityImpl
06-24 16:18:06.170 D/HwCust  (16923): Create obj success use class android.app.HwCustHwWallpaperManagerImpl
06-24 16:18:06.170 W/X509TrustManager(16923): checkServerTrusted: SignatureException:null
06-24 16:18:06.171 W/X509TrustManager(16923): checkServerTrusted: SignatureException:error:04000073:RSA routines:OPENSSL_internal:DATA_TOO_LARGE_FOR_MODULUS
06-24 16:18:06.171 V/ActivityThread(16923): ActivityThread,callActivityOnCreate
06-24 16:18:06.177 D/NavActivity2(16923): onCreate
06-24 16:18:06.178 D/PMS11422(  657): package:com.excelliance.dualaid, input flags:128, output hwFlags:0
06-24 16:18:06.184 W/Utils   (16923): Utils_isSuperResolutionSupport [load libai_client.so failed]
06-24 16:18:06.186 W//system/bin/hwservicemanager(  416): Cannot open /odm/manifest.xml
06-24 16:18:06.186 D/CubicBezierInterpolator(16923): CubicBezierInterpolator  mControlPoint1x = 0.23, mControlPoint1y = 0.06, mControlPoint2x = 0.09, mControlPoint2y = 0.97
06-24 16:18:06.186 D/CubicBezierInterpolator(16923): CubicBezierInterpolator  mControlPoint1x = 0.6, mControlPoint1y = 0.9, mControlPoint2x = 0.8, mControlPoint2y = 1.0
06-24 16:18:06.186 D/CubicBezierInterpolator(16923): CubicBezierInterpolator  mControlPoint1x = 0.23, mControlPoint1y = 0.06, mControlPoint2x = 0.09, mControlPoint2y = 0.97
06-24 16:18:06.186 D/CubicBezierInterpolator(16923): CubicBezierInterpolator  mControlPoint1x = 0.6, mControlPoint1y = 0.9, mControlPoint2x = 0.8, mControlPoint2y = 1.0
06-24 16:18:06.187 I/GRALLOC (  679): 	 shrFd=10,fmt=0x1,intFmt=0x1,btStrd=256,size=4096,pid=679 
06-24 16:18:06.187 I/GRALLOC (  679): 	 yuv=2,w=16,h=16,Stride u=0 v=0,offset u=0 v=0 
06-24 16:18:06.187 I/GRALLOC (  679): 	 iova_size=4096,conUsg=0x100,proUsg=0x100,	 strd=64,[afbc]HdrStrd=0 PyldStrd=0 Scrmbl=0,ionhnd = 1 
06-24 16:18:06.187 D/CubicBezierInterpolator(16923): CubicBezierInterpolator  mControlPoint1x = 0.23, mControlPoint1y = 0.06, mControlPoint2x = 0.09, mControlPoint2y = 0.97
06-24 16:18:06.187 D/CubicBezierInterpolator(16923): CubicBezierInterpolator  mControlPoint1x = 0.6, mControlPoint1y = 0.9, mControlPoint2x = 0.8, mControlPoint2y = 1.0
06-24 16:18:06.187 D/CubicBezierInterpolator(16923): CubicBezierInterpolator  mControlPoint1x = 0.23, mControlPoint1y = 0.06, mControlPoint2x = 0.09, mControlPoint2y = 0.97
06-24 16:18:06.187 D/CubicBezierInterpolator(16923): CubicBezierInterpolator  mControlPoint1x = 0.6, mControlPoint1y = 0.9, mControlPoint2x = 0.8, mControlPoint2y = 1.0
06-24 16:18:06.190 D/HwFLClassLoader(16948): get used feature list :/feature/used-list failed!
06-24 16:18:06.190 D/HwFLClassLoader(16948): USE_FEATURE_LIST had not init! 
06-24 16:18:06.193 D/HwRTBlurUtils(16923): check blur style for HwPhoneWindow-, themeResId : 0x7f0e000a, context : com.excelliance.kxqp.swipe.NavActivity2@794246b, Nhwext : 0, get Blur : disable with , null
06-24 16:18:06.194 D/HwRTBlurUtils(16923): check blur style for HwPhoneWindow-, themeResId : 0x7f0e000a, context : com.excelliance.kxqp.swipe.NavActivity2@794246b, Nhwext : 0, get Blur : disable with , null
06-24 16:18:06.194 E/test    (16923): hw notch screen flag api error
06-24 16:18:06.196 D/ActivityThread(16923): add activity client record, r= ActivityRecord{414755e token=android.os.BinderProxy@31abee5 {com.excelliance.dualaid/com.excelliance.kxqp.swipe.NavActivity2}} token= android.os.BinderProxy@31abee5
06-24 16:18:06.197 E/ViewUtils(16923): setBgColor: view==null:top
06-24 16:18:06.203 D/PMS11422(  657): package:com.excelliance.dualaid, input flags:128, output hwFlags:0
06-24 16:18:06.204 D/OpenGLRenderer(16923):   HWUI Binary is  enabled
06-24 16:18:06.204 D/SurfaceFlinger(  710): SurfaceFlinger: getDisplayConfigs--3.000000, 1080, 1920
06-24 16:18:06.204 I/chatty  (  710): uid=1000(system) Binder:710_1 identical 1 line
06-24 16:18:06.204 D/SurfaceFlinger(  710): SurfaceFlinger: getDisplayConfigs--3.000000, 1080, 1920
06-24 16:18:06.206 D/OpenGLRenderer(16923): HWUI GL Pipeline
06-24 16:18:06.207 D/PMS11422(  657): package:com.excelliance.dualaid, input flags:128, output hwFlags:0
06-24 16:18:06.209 D/HttpUtils(16923): getResponseCode():200
06-24 16:18:06.209 V/WindowManager(  657): Adding Window{c746641 u0 com.excelliance.dualaid/com.excelliance.kxqp.swipe.NavActivity2} to AppWindowToken{6489ec2 token=Token{70c5f0d ActivityRecord{5ff15a4 u0 com.excelliance.dualaid/com.excelliance.kxqp.swipe.NavActivity2 t16033}}}
06-24 16:18:06.210 D/WHEG    (16923): {"status":"0","controls":"","skip":"0"}
06-24 16:18:06.210 V/WindowManager(  657): addWindow: New client android.os.BinderProxy@33aa928: window=Window{c746641 u0 com.excelliance.dualaid/com.excelliance.kxqp.swipe.NavActivity2} Callers=com.android.server.wm.HwWindowManagerService.addWindow:562 com.android.server.wm.Session.addToDisplay:199 android.view.IWindowSession$Stub.onTransact:124 com.android.server.wm.Session.onTransact:161 android.os.Binder.execTransact:675 
06-24 16:18:06.212 D/PMS11422(  657): package:com.excelliance.dualaid, input flags:128, output hwFlags:0
06-24 16:18:06.219 D/PMS11422(  657): package:com.excelliance.dualaid, input flags:128, output hwFlags:0
06-24 16:18:06.224 D/HwGalleryCacheManagerImpl(16923): mIsEffect:false
06-24 16:18:06.224 V/WindowManager(  657): Checking 1 opening apps (frozen=false timeout=false)...
06-24 16:18:06.224 V/WindowManager(  657): Check opening app=AppWindowToken{6489ec2 token=Token{70c5f0d ActivityRecord{5ff15a4 u0 com.excelliance.dualaid/com.excelliance.kxqp.swipe.NavActivity2 t16033}}}: allDrawn=false startingDisplayed=false startingMoved=false isRelaunching()=false
06-24 16:18:06.227 D/PMS11422(  657): package:com.excelliance.dualaid, input flags:128, output hwFlags:0
06-24 16:18:06.267 D/HwRecentsLockUtils( 1513): Search
06-24 16:18:06.267 E/HsmCoreServiceImpl( 1478): onTransact in code is: 103
06-24 16:18:06.267 I/MediaProcessHandler( 1478): playingUids: 
06-24 16:18:06.237 I/chatty  (  657): uid=1000(system) Binder:657_15 identical 4 lines
06-24 16:18:06.238 D/PMS11422(  657): package:com.excelliance.dualaid, input flags:128, output hwFlags:0
06-24 16:18:06.268 D/ActivityManager(  657): Skipping, home or recents stack task: TaskRecord{333215f #15658 A=com.huawei.android.launcher U=0 StackId=0 sz=1}
06-24 16:18:06.268 D/ActivityManager(  657): Skipping intent:act=android.intent.action.MAIN cat=[android.intent.category.LAUNCHER] flg=0x10a00000 cmp=io.appium.settings/.Settings
06-24 16:18:06.268 D/ActivityManager(  657): Skipping intent:flg=0x10804000 cmp=com.android.systemui/.recents.RecentsActivity bnds=[48,928][1032,2296]
06-24 16:18:06.268 D/ActivityManager(  657): Skipping intent:flg=0x18800000 cmp=com.tencent.mm/.plugin.base.stub.WXPayEntryActivity
06-24 16:18:06.268 D/ActivityManager(  657): Skipping intent:flg=0x10800000 cmp=com.huawei.systemmanager/com.huawei.permissionmanager.ui.MainActivity
06-24 16:18:06.268 D/ActivityManager(  657): Skipping intent:flg=0x18800000 cmp=com.tencent.mm/.plugin.base.stub.WXEntryActivity
06-24 16:18:06.268 D/ActivityManager(  657): Skipping intent:act=com.huawei.action.VOICE_ASSISTANT flg=0x10800000 pkg=com.huawei.vassistant cmp=com.huawei.vassistant/.ui.main.VAssistantActivity
06-24 16:18:06.268 D/ActivityManager(  657): Skipping intent:act=com.huawei.android.launcher.action.ACCESS_SPLIT_SCREEN_APP cat=[android.intent.category.DEFAULT] flg=0x10804000 cmp=com.huawei.android.launcher/.splitscreen.SplitScreenAppActivity
06-24 16:18:06.268 D/ActivityManager(  657): Skipping intent:flg=0x10800000 pkg=com.excelliance.dualaid.b64 cmp=com.excelliance.dualaid.b64/com.excelliance.kxqp.sdk.PermissionRequestActivity
06-24 16:18:06.268 D/ActivityManager(  657): Skipping intent:act=android.intent.action.VIEW dat=content://com.excelliance.dualaid.fileProvider/external_storage_root/Download/apk/Multiple_64.apk typ=application/vnd.android.package-archive flg=0x10800001 cmp=com.android.packageinstaller/.InstallStart
06-24 16:18:06.268 D/ActivityManager(  657): Skipping intent:flg=0x10800000 cmp=com.android.systemui/.usb.HwUsbDebuggingActivity
06-24 16:18:06.268 D/ActivityManager(  657): Skipping intent:act=android.deviceinfo.chooser.action.LAUNCH flg=0x10800000 hwFlg=0x100 pkg=com.android.settings cmp=com.android.settings/.deviceinfo.UsbConnModeChooserActivity
06-24 16:18:06.268 D/ActivityManager(  657): Skipping intent:flg=0x10800000 cmp=com.zol.android/.push.KeepLiveActivity
06-24 16:18:06.268 D/ActivityManager(  657): Skipping intent:act=android.intent.action.MAIN cat=[android.intent.category.HOME] flg=0x10800300 cmp=com.android.settings/.FallbackHome
06-24 16:18:06.276 I/TrafficMonitor(  657): update:rxPkts:7,txPkts:9,rxBytes:3929,txBytes:1056
06-24 16:18:06.276 I/TrafficMonitor(  657): start expired. level:-1
06-24 16:18:06.276 I/TrafficMonitor(  657): gettimer:interval=2000
06-24 16:18:06.289 I/zygote  (16948): Compiler allocated 4MB to compile boolean com.excelliance.kxqp.KXQPApplication.b(int)
06-24 16:18:06.296 D/MainActivity(16923): instantiateItem: 2	android.widget.RelativeLayout{d00e2b1 V.E...... ......I. 0,0-0,0}
06-24 16:18:06.297 D/MainActivity(16923): initPage3: 
06-24 16:18:06.301 V/WindowManager(  657): Checking 1 opening apps (frozen=false timeout=false)...
06-24 16:18:06.301 V/WindowManager(  657): Check opening app=AppWindowToken{6489ec2 token=Token{70c5f0d ActivityRecord{5ff15a4 u0 com.excelliance.dualaid/com.excelliance.kxqp.swipe.NavActivity2 t16033}}}: allDrawn=false startingDisplayed=false startingMoved=false isRelaunching()=false
06-24 16:18:06.303 V/HwPhoneWindowManager(  657): updateSystemUiColorLw window=Window{c746641 u0 com.excelliance.dualaid/com.excelliance.kxqp.swipe.NavActivity2},EmuiStyle=0,StatusBarColor=0xff000000,NavigationBarColor=0xff000000, mLastIsEmuiLightStyle=-1
06-24 16:18:06.303 D/HwPhoneWindowManager(  657): Transact:setSystemUIColor to status bar service
06-24 16:18:06.303 I/CommandQueue( 1513): updateBarBgColor
06-24 16:18:06.304 D/CommandQueue( 1513): CommandQueue, setBarBackgroundColor
06-24 16:18:06.304 V/WindowManager(  657): Checking 1 opening apps (frozen=false timeout=false)...
06-24 16:18:06.304 V/WindowManager(  657): Check opening app=AppWindowToken{6489ec2 token=Token{70c5f0d ActivityRecord{5ff15a4 u0 com.excelliance.dualaid/com.excelliance.kxqp.swipe.NavActivity2 t16033}}}: allDrawn=false startingDisplayed=false startingMoved=false isRelaunching()=false
06-24 16:18:06.307 I/GRALLOC (  679): 	 shrFd=10,fmt=0x1,intFmt=0x200000001,btStrd=4352,size=8486912,pid=679 
06-24 16:18:06.307 I/GRALLOC (  679): 	 yuv=2,w=1080,h=1920,Stride u=0 v=0,offset u=0 v=0 
06-24 16:18:06.307 I/GRALLOC (  679): 	 iova_size=8486912,conUsg=0x900,proUsg=0x900,	 strd=1088,[afbc]HdrStrd=1088 PyldStrd=69632 Scrmbl=2,ionhnd = 1 
06-24 16:18:06.308 D/MainActivity(16923): run: initPage3
06-24 16:18:06.309 V/MainActivity(16923): onWindowFocusChanged: true
06-24 16:18:06.309 D/TintManager( 1513): statusBarIconTint=#99FFFFFF,navigationBarIconTint=#FF000000
06-24 16:18:06.309 W/InputMethodManager(16923): startInputReason = 1
06-24 16:18:06.310 D/BarTransitions.HwPhoneStatusBarView( 1513): MODE_TRANSPARENT -> MODE_TRANSLUCENT animate=false
06-24 16:18:06.310 I/OpenGLRenderer(16923): Initialized EGL, version 1.4
06-24 16:18:06.310 D/OpenGLRenderer(16923): Swap behavior 2
06-24 16:18:06.310 D/BarTransitions.HwPhoneStatusBarView( 1513): applyModeBackground oldMode=MODE_TRANSPARENT newMode=MODE_TRANSLUCENT animate=false
06-24 16:18:06.310 D/OpenGLRenderer(16923): Swap behavior 2
06-24 16:18:06.310 I/GRALLOC (  679): 	 shrFd=10,fmt=0x1,intFmt=0x200000001,btStrd=4352,size=8486912,pid=679 
06-24 16:18:06.310 I/GRALLOC (  679): 	 yuv=2,w=1080,h=1920,Stride u=0 v=0,offset u=0 v=0 
06-24 16:18:06.310 I/GRALLOC (  679): 	 iova_size=8486912,conUsg=0x900,proUsg=0x900,	 strd=1088,[afbc]HdrStrd=1088 PyldStrd=69632 Scrmbl=2,ionhnd = 1 
06-24 16:18:06.312 I/GRALLOC (  679): 	 shrFd=10,fmt=0x1,intFmt=0x200000001,btStrd=4352,size=8486912,pid=679 
06-24 16:18:06.312 I/GRALLOC (  679): 	 yuv=2,w=1080,h=1920,Stride u=0 v=0,offset u=0 v=0 
06-24 16:18:06.312 I/GRALLOC (  679): 	 iova_size=8486912,conUsg=0x900,proUsg=0x900,	 strd=1088,[afbc]HdrStrd=1088 PyldStrd=69632 Scrmbl=2,ionhnd = 1 
06-24 16:18:06.313 W/InputMethodManager(16923): startInputReason = 5
06-24 16:18:06.314 D/mali_winsys(16923): EGLint new_window_surface(egl_winsys_display *, void *, EGLSurface, EGLConfig, egl_winsys_surface **, egl_color_buffer_format *, EGLBoolean) returns 0x3000
06-24 16:18:06.314 E/vndksupport(16923): Could not load vendor/lib/egl/libGLES_mali_v2.so from sphal namespace: dlopen failed: library "vendor/lib/egl/libGLES_mali_v2.so" not found.
06-24 16:18:06.316 I/wangchen( 7035): SysInfo.getSysParam: orientation=1||config d=3.0,w=1080,h=1920||metrics d=3.0,w=1080,h=1920||sdk=26,bar_h=72
06-24 16:18:06.316 I/KeymapLoader( 7035): w=1080 h=1920 ori=true appScale=3.3 s1=3.0
06-24 16:18:06.320 D/PMS11422(  657): package:com.excelliance.dualaid, input flags:128, output hwFlags:0
06-24 16:18:06.327 D/StatusBarIconController( 1513): setIconVisibility icon is null or visibility not change visibility=false
06-24 16:18:06.335 I/GRALLOC (  679): 	 shrFd=10,fmt=0x1,intFmt=0x200000001,btStrd=4352,size=8486912,pid=679 
06-24 16:18:06.335 I/GRALLOC (  679): 	 yuv=2,w=1080,h=1920,Stride u=0 v=0,offset u=0 v=0 
06-24 16:18:06.335 I/GRALLOC (  679): 	 iova_size=8486912,conUsg=0xb00,proUsg=0xb00,	 strd=1088,[afbc]HdrStrd=1088 PyldStrd=69632 Scrmbl=2,ionhnd = 1 
06-24 16:18:06.342 D/WindowManager(  657): finishDrawingWindow: Window{c746641 u0 com.excelliance.dualaid/com.excelliance.kxqp.swipe.NavActivity2} mDrawState=DRAW_PENDING
06-24 16:18:06.344 V/WindowManager(  657): Checking 1 opening apps (frozen=false timeout=false)...
06-24 16:18:06.344 V/WindowManager(  657): Check opening app=AppWindowToken{6489ec2 token=Token{70c5f0d ActivityRecord{5ff15a4 u0 com.excelliance.dualaid/com.excelliance.kxqp.swipe.NavActivity2 t16033}}}: allDrawn=true startingDisplayed=false startingMoved=false isRelaunching()=false
06-24 16:18:06.347 D/ImageWallpaper( 1513): onVisibilityChanged: mVisible, visible=true, false
06-24 16:18:06.347 D/ImageWallpaper( 1513): Visibility changed to visible=false
06-24 16:18:06.347 D/BarTransitions.HwPhoneStatusBarView( 1513): MODE_TRANSLUCENT -> MODE_TRANSPARENT animate=false
06-24 16:18:06.348 D/BarTransitions.HwPhoneStatusBarView( 1513): applyModeBackground oldMode=MODE_TRANSLUCENT newMode=MODE_TRANSPARENT animate=false
06-24 16:18:06.348 I/ActivityManager(  657): Displayed com.excelliance.dualaid/com.excelliance.kxqp.swipe.NavActivity2: +188ms (total +336ms)
06-24 16:18:06.355 W/dex2oat (16995): Using default instruction set features for ARM CPU variant (default) using conservative defaults
06-24 16:18:06.355 I/dex2oat (16995): /system/bin/dex2oat -j4 --dex-file=/data/data/com.excelliance.dualaid/.platformcache/main.jar --output-vdex-fd=49 --oat-fd=50 --oat-location=/data/data/com.excelliance.dualaid/.platformcache/oat/arm/main.odex --compiler-filter=quicken
06-24 16:18:06.355 I/cutils-trace(16995): atrace_init_once, trace_marker_path = /sys/kernel/debug/tracing/trace_marker
06-24 16:18:06.357 D/NetWorkUtils( 1513): mVSimCurCardType is -1
06-24 16:18:06.358 I/WindowManager(  657): notifyAccessibilityButtonVisibilityChanged visible:false
06-24 16:18:06.358 D/NetWorkUtils( 1513): mVSimCurCardType is -1
06-24 16:18:06.358 E/BufferQueueProducer(  710): [com.huawei.android.launcher/com.huawei.android.launcher.unihome.UniHomeLauncher#0] disconnect: not connected (req=1)
06-24 16:18:06.358 W/libEGL  ( 2519): EGLNativeWindowType 0x74abe62010 disconnect failed
06-24 16:18:06.376 W/ActivityManager(  657): Sending non-protected broadcast huawei.action.floattasks.STATUS_BAR_STATE_CHANGED from system 1513:com.android.systemui/u0a39 pkg com.android.systemui
06-24 16:18:06.376 W/HwKeyguardDragHelper( 1513): AnimationBlocked
06-24 16:18:06.377 D/BarTransitions.HwPhoneStatusBarView( 1513): MODE_TRANSPARENT -> MODE_TRANSLUCENT animate=false
06-24 16:18:06.377 D/BarTransitions.HwPhoneStatusBarView( 1513): applyModeBackground oldMode=MODE_TRANSPARENT newMode=MODE_TRANSLUCENT animate=false
06-24 16:18:06.377 V/WindowManager(  657): notifyAppStopped: AppWindowToken{d3a938b token=Token{377755a ActivityRecord{d5c9105 u0 com.huawei.android.launcher/.unihome.UniHomeLauncher t15658}}}
06-24 16:18:06.377 E/WindowManager(  657): win=Window{68d6975 u0 com.huawei.android.launcher/com.huawei.android.launcher.unihome.UniHomeLauncher} destroySurfaces: appStopped=true win.mWindowRemovalAllowed=false win.mRemoveOnExit=false
06-24 16:18:06.377 D/BarTransitions.HwNavigationBarView( 1513): MODE_TRANSLUCENT -> MODE_OPAQUE animate=false
06-24 16:18:06.377 D/BarTransitions.HwNavigationBarView( 1513): applyModeBackground oldMode=MODE_TRANSLUCENT newMode=MODE_OPAQUE animate=false
06-24 16:18:06.377 I/WindowManager(  657): Destroying surface Surface(name=com.huawei.android.launcher/com.huawei.android.launcher.unihome.UniHomeLauncher) called by com.android.server.wm.WindowStateAnimator.destroySurface:2060 com.android.server.wm.WindowStateAnimator.destroySurfaceLocked:873 com.android.server.wm.HwWindowStateAnimator.destroySurfaceLocked:1006 com.android.server.wm.WindowState.destroyOrSaveSurfaceUnchecked:2990 com.android.server.wm.WindowState.destroySurface:2951 com.android.server.wm.AppWindowToken.destroySurfaces:654 com.android.server.wm.AppWindowToken.destroySurfaces:638 com.android.server.wm.AppWindowToken.notifyAppStopped:682 
06-24 16:18:06.379 D/HwGameAssistantController(  657): pid=2519, uid=10056, foreground=false
06-24 16:18:06.379 W/AwareLog(  657): SchedLevelBoost: onFgActivitiesChanged config not set!
06-24 16:18:06.380 D/ActivityThread(16923): Remove activity client record, r= ActivityRecord{cbe2ddc token=android.os.BinderProxy@d13fa03 {com.excelliance.dualaid/com.excelliance.kxqp.ui.HelloActivity}} token= android.os.BinderProxy@d13fa03
06-24 16:18:06.381 V/WindowManager(  657): removeAppToken: AppWindowToken{c5aec6a token=Token{7f63a55 ActivityRecord{595b10c u0 com.excelliance.dualaid/com.excelliance.kxqp.ui.HelloActivity t16033}}} delayed=false Callers=com.android.server.wm.DisplayContent.removeAppToken:985 com.android.server.wm.AppWindowContainerController.removeContainer:348 com.android.server.am.ActivityRecord.removeWindowContainer:1039 com.android.server.am.ActivityStack.removeActivityFromHistoryLocked:4491 
06-24 16:18:06.559 I/HwNormalizedSpline(  657): getEyeProtectionBrightnessLevel lux =239.0, mDefaultBrightnessFromLux =68.645
06-24 16:18:06.659 D/HwWifiStatStore(  657): handleMessage : 200
06-24 16:18:06.769 I/dex2oat (16995): dex2oat took 414.460ms (982.677ms cpu) (threads: 4) arena alloc=137KB (141240B) java alloc=2MB (3143720B) native alloc=4MB (4701736B) free=3MB (3162584B)
06-24 16:18:06.781 D/PMS11422(  657): package:com.excelliance.dualaid, input flags:128, output hwFlags:0
06-24 16:18:06.815 I/GRALLOC (  679): 	 shrFd=10,fmt=0x1,intFmt=0x200000001,btStrd=4352,size=8486912,pid=679 
06-24 16:18:06.815 I/GRALLOC (  679): 	 yuv=2,w=1080,h=1920,Stride u=0 v=0,offset u=0 v=0 
06-24 16:18:06.815 I/GRALLOC (  679): 	 iova_size=8486912,conUsg=0xb00,proUsg=0xb00,	 strd=1088,[afbc]HdrStrd=1088 PyldStrd=69632 Scrmbl=2,ionhnd = 1 
06-24 16:18:06.820 W/dex2oat (17004): Using default instruction set features for ARM CPU variant (default) using conservative defaults
06-24 16:18:06.820 I/dex2oat (17004): /system/bin/dex2oat -j4 --dex-file=/data/data/com.excelliance.dualaid/.platformcache/kxqpplatform2.jar --output-vdex-fd=50 --oat-fd=51 --oat-location=/data/data/com.excelliance.dualaid/.platformcache/oat/arm/kxqpplatform2.odex --compiler-filter=quicken
06-24 16:18:06.820 I/cutils-trace(17004): atrace_init_once, trace_marker_path = /sys/kernel/debug/tracing/trace_marker
06-24 16:18:06.866 I/GRALLOC (  679): 	 shrFd=10,fmt=0x1,intFmt=0x200000001,btStrd=4352,size=8486912,pid=679 
06-24 16:18:06.866 I/GRALLOC (  679): 	 yuv=2,w=1080,h=1920,Stride u=0 v=0,offset u=0 v=0 
06-24 16:18:06.866 I/GRALLOC (  679): 	 iova_size=8486912,conUsg=0xb00,proUsg=0xb00,	 strd=1088,[afbc]HdrStrd=1088 PyldStrd=69632 Scrmbl=2,ionhnd = 1 
06-24 16:18:07.021 I/dex2oat (17004): dex2oat took 200.661ms (429.688ms cpu) (threads: 4) arena alloc=3KB (3720B) java alloc=2MB (2283472B) native alloc=2MB (2315864B) free=2MB (2927016B)
06-24 16:18:07.033 D/PMS11422(  657): package:com.excelliance.dualaid, input flags:0, output hwFlags:0
06-24 16:18:07.049 E/MemoryLeakMonitorManager(16948): MemoryLeakMonitor.jar is not exist!
06-24 16:18:07.049 D/CrashHandler(16948): CrashHandler
06-24 16:18:07.049 D/KXQPApplication(16948): run: initUserManager
06-24 16:18:07.049 D/CrashHandler(16948): CrashHandler
06-24 16:18:07.051 E/Minikin (16948): Could not get cmap table size!
06-24 16:18:07.051 D/PMS11422(  657): package:com.excelliance.dualaid, input flags:128, output hwFlags:0
06-24 16:18:07.061 D/AirPushService(16948): 第一次触发
06-24 16:18:07.061 D/SmtServService(16948): MSG_LOAD_PLT GameUtil.isPtLoaded() = false
06-24 16:18:07.063 I/HwCust  (16948): Constructor found for class android.net.HwCustConnectivityManagerImpl
06-24 16:18:07.063 D/HwCust  (16948): Create obj success use class android.net.HwCustConnectivityManagerImpl
06-24 16:18:07.066 D/NetworkStateReceiver(16948): netWorkConnected = true
06-24 16:18:07.066 D/AirPushUtils(16948): startPushInfo
06-24 16:18:07.066 D/PMS1000 (  657): package:com.excelliance.dualaid, input flags:8192, output hwFlags:0
06-24 16:18:07.069 D/PMS1001 (  657): package:com.excelliance.dualaid, input flags:0, output hwFlags:0
06-24 16:18:07.072 D/AirPushService(16948): 第一次设置Alarm
06-24 16:18:07.072 D/AirPushService(16948): resetPushAlarm
06-24 16:18:07.072 D/PMS11422(  657): package:com.excelliance.dualaid, input flags:0, output hwFlags:0
06-24 16:18:07.073 D/SmtServService(16948): pull info
06-24 16:18:07.073 D/SmtServService(16948): diffTime = 1529828287073
06-24 16:18:07.073 D/SmtServService(16948): pushInfoFromServer
06-24 16:18:07.074 D/AirPushPreferences(16948): setLastPushTime
06-24 16:18:07.088 I/zygote  (16948): Do partial code cache collection, code=27KB, data=31KB
06-24 16:18:07.089 D/StatisticsManager(16948): Query time diff:1529828287089
06-24 16:18:07.090 D/PMS11422(  657): package:com.excelliance.dualaid, input flags:128, output hwFlags:0
06-24 16:18:07.094 I/zygote  (16948): After code cache collection, code=11KB, data=18KB
06-24 16:18:07.094 I/zygote  (16948): Increasing code cache capacity to 128KB
06-24 16:18:07.111 D/StatisticsManager(16948): Query time diff:1529828287111
06-24 16:18:07.115 D/StatisticsManager(16948): Query time diff:1529828287115
06-24 16:18:07.116 D/PMS11422(  657): package:com.excelliance.dualaid, input flags:128, output hwFlags:0
06-24 16:18:07.129 D/launch-time-RU(16948): preload 24 classes cost 66ms
06-24 16:18:07.140 I/zygote  (16923): Do partial code cache collection, code=27KB, data=27KB
06-24 16:18:07.140 I/zygote  (16923): After code cache collection, code=27KB, data=27KB
06-24 16:18:07.140 I/zygote  (16923): Increasing code cache capacity to 128KB
06-24 16:18:07.158 D/AirPushDBHelper(16948): onCreate: pushitemnew
06-24 16:18:07.161 D/PMS1000 (  657): package:com.excelliance.dualaid, input flags:1024, output hwFlags:0
06-24 16:18:07.161 I/ActivityManager(  657): Need to start process com.excelliance.dualaid:lbcore for provider ContentProviderInfo{name=com.excelliance.dualaid:com.excelliance.kxqp.platform.PluginManagerProvider className=com.excelliance.kxqp.platform.PluginManagerProvider}, callerApp: ProcessRecord{956e4d3 16948:com.excelliance.dualaid/u0a1422}
06-24 16:18:07.161 V/ActivityManager(  657): startProcess: name=com.excelliance.dualaid:lbcore app=null knownToBeDead=false thread=null pid=-1
06-24 16:18:07.161 D/PMS1000 (  657): package:com.excelliance.dualaid, input flags:0, output hwFlags:0
06-24 16:18:07.161 D/AirPushDBHelper(16948): selection = type=? and index_=(select max(index_) from pushitemnew where type=?) , key = vip
06-24 16:18:07.162 D/AirPushDBHelper(16948): selection = type=? and index_=(select max(index_) from pushitemnew where type=?) , key = update
06-24 16:18:07.163 D/AirPushDBHelper(16948): selection = type=? and index_=(select max(index_) from pushitemnew where type=?) , key = officalActivity
06-24 16:18:07.164 D/AirPushDBHelper(16948): selection = type=? and index_=(select max(index_) from pushitemnew where type=?) , key = news
06-24 16:18:07.164 D/AirPushDBHelper(16948): selection = type=? and index_=(select max(index_) from pushitemnew where type=?) , key = target
06-24 16:18:07.164 D/AirPushDBHelper(16948): selection = type=? and index_=(select max(index_) from pushitemnew where type=?) , key = batch
06-24 16:18:07.164 D/AirPushDBHelper(16948): selection = type=? and index_=(select max(index_) from pushitemnew where type=?) , key = skipTarget
06-24 16:18:07.164 D/AirPushDBHelper(16948): selection = type=? and index_=(select max(index_) from pushitemnew where type=?) , key = thirdApp
06-24 16:18:07.165 D/PushItem(16948): indexJson = {}
06-24 16:18:07.165 D/AirPushService(16948): dataJson = {}
06-24 16:18:07.165 V/AirPushService(16948): ver :e30%3D%0A
06-24 16:18:07.165 D/VersionManager(16948): httpsRequest getURL = https://mto.multiopen.cn/pushmess.php?ver=466&mainver=231200&data=e30%3D%0A&wxCode=1321&subchid=1&sdkV=8.0.0&pkg=com.excelliance.dualaid&chid=10019&issl=1&compver=54302&wxVerName=6.6.7&vn=4.0.6&model=stf-al10&api=26&brand=honor&aid=f0c2426fc7560cf5
06-24 16:18:07.166 D/NetworkSecurityConfig(16948): No Network Security Config specified, using platform default
06-24 16:18:07.170 W/libc    (  493): Set property "hw.wifi.dns_stat" to "33792,29280,5028,1,52541"
06-24 16:18:07.171 I/ActivityManager(  657): Start proc 17034:com.excelliance.dualaid:lbcore/u0a1422 for content provider com.excelliance.dualaid/com.excelliance.kxqp.platform.PluginManagerProvider
06-24 16:18:07.171 V/ActivityManager_MU(  657): Waiting to start provider ContentProviderRecord{6de3604 u0 com.excelliance.dualaid/com.excelliance.kxqp.platform.PluginManagerProvider} launchingApp=ProcessRecord{e9ca217 17034:com.excelliance.dualaid:lbcore/u0a1422} caller pid= 16948
06-24 16:18:07.173 I/        (17034): power log dlsym ok
06-24 16:18:07.175 I/zygote  (17034): Reinit property: dalvik.vm.checkjni= false
06-24 16:18:07.178 D/GameUtil(16948): getSDKDataParam totalmem:5.60GB
06-24 16:18:07.179 D/VersionManager(16948): httpsRequest getURL = https://folder.appota.cn/genuser.php?chid=10019&subchid=1&vc=466&type=4&data=tbCbI6ooWmOSi%2BhP8At3K55rUDjOXjUCTTE1Q7OqeVGzpiL1Dx8z2UKsv%2F2w066OKzL65VOc%2FHNVNculXvpkfbOlpWKAPUf5ryVSFynVNa8UucDwm5e36rJ6e2Kpu%2B5ykc4DARTfkZV4Ad5N96d4%2BjApQCWZuWchybogtHpbAp5JGb2oE4RYpIUqF8au1pxTSmwBdD5PozvBfX2%2Bj4RIW8u13M8ksM63bQoy2eR4WdDx%2BqZexoey63Hms3xqJyQkd3PFvljbOMDFV5%2BIsI0F%2B0cTu0Poz37kp440m4BdEnDxUpl%2F2SWQiyGENywr4rII2GFixGV6F3FTP2B6Iz%2Bp9XPgTT1Q8jOobYd0%2B7qf7bpZ2AyYZuCae%2FN%2FDrbd9ARIKpXrBwZ7SdplMO1nzphjQUqGRQMAlrO9Oa0Du6EV17%2FgN7YtgBzuJRHbP0GgVSdnIEYbOUnjg9adLEk2nhpRcwGYdX7bJ5%2FC%2FGVy8QMvFO%2FVJ5uAYH82VV6bvSarVkuFeotJT4yadRHbDkYGgVZfCDPVS%2FOPcQttSZtkoN3AjIdEC3B%2BjPtytpdTQYFvI9Ol&issl=1
06-24 16:18:07.180 D/ActivityThread(17034): ActivityThread,attachApplication
06-24 16:18:07.181 D/ActivityManager(  657): ActivityManagerService,attachApplication,callingPid = 17034
06-24 16:18:07.187 W//system/bin/hwservicemanager(  416): Cannot open /odm/manifest.xml
06-24 16:18:07.197 W//system/bin/hwservicemanager(  416): Cannot open /odm/manifest.xml
06-24 16:18:07.198 I/GRALLOC (  679): 	 shrFd=10,fmt=0x1,intFmt=0x1,btStrd=256,size=4096,pid=679 
06-24 16:18:07.198 I/GRALLOC (  679): 	 yuv=2,w=16,h=16,Stride u=0 v=0,offset u=0 v=0 
06-24 16:18:07.198 I/GRALLOC (  679): 	 iova_size=4096,conUsg=0x100,proUsg=0x100,	 strd=64,[afbc]HdrStrd=0 PyldStrd=0 Scrmbl=0,ionhnd = 1 
06-24 16:18:07.199 D/HwFLClassLoader(17034): get used feature list :/feature/used-list failed!
06-24 16:18:07.199 D/HwFLClassLoader(17034): USE_FEATURE_LIST had not init! 
06-24 16:18:07.200 D/HwArpVerifier(  657): getIpRouteTable
06-24 16:18:07.208 W/X509TrustManager(16948): checkServerTrusted: SignatureException:null
06-24 16:18:07.209 W/X509TrustManager(16948): checkServerTrusted: SignatureException:error:04000073:RSA routines:OPENSSL_internal:DATA_TOO_LARGE_FOR_MODULUS
06-24 16:18:07.209 W/X509TrustManager(16948): checkServerTrusted: SignatureException:null
06-24 16:18:07.209 W/X509TrustManager(16948): checkServerTrusted: SignatureException:error:04000073:RSA routines:OPENSSL_internal:DATA_TOO_LARGE_FOR_MODULUS
06-24 16:18:07.214 D/PMS11422(  657): package:com.excelliance.dualaid, input flags:128, output hwFlags:0
06-24 16:18:07.221 D/HwArpVerifier(  657): Notify wifi default route is ok
06-24 16:18:07.250 D/AirPushService(16948): result = {"period":"r","vip":{"index_":"","data":""},"update":{"index_":"","data":""},"officalActivity":{"index_":"","data":""},"news":{"index_":"","data":""},"target":{"index_":"","data":""},"batch":{"index_":"","data":""},"skipTarget":{"index_":"","data":""},"thirdApp":{"index_":"","data":""}}
06-24 16:18:07.253 D/AirPushService(16948): handleCheckerSaveToDB
06-24 16:18:07.253 D/AirPushUtils(16948): startDbOver
06-24 16:18:07.257 D/SmtServService(16948): db write over
06-24 16:18:07.258 D/SmtServService(16948): gameCenterFirstStart = true
06-24 16:18:07.268 D/VersionManager(16948): uid=353
06-24 16:18:07.269 D/launch-time-RU(17034): preload 24 classes cost 31ms
06-24 16:18:07.298 D/ActivityThread(17034): Loading provider com.excelliance.dualaid:com.excelliance.kxqp.platform.PluginManagerProvider: com.excelliance.kxqp.platform.PluginManagerProvider
06-24 16:18:07.298 D/PMS11422(  657): package:com.excelliance.dualaid, input flags:0, output hwFlags:0
06-24 16:18:07.306 D/PMS1000 (  657): package:com.excelliance.dualaid, input flags:8192, output hwFlags:0
06-24 16:18:07.308 D/PMS1001 (  657): package:com.excelliance.dualaid, input flags:0, output hwFlags:0
06-24 16:18:07.314 D/PMS11422(  657): package:com.excelliance.dualaid, input flags:0, output hwFlags:0
06-24 16:18:07.317 D/PMS11422(  657): package:com.excelliance.dualaid:lbcore, input flags:0, output is null
06-24 16:18:07.319 I/Bluetooth_framework(  657): BluetoothManagerService:Added callback: android.bluetooth.IBluetoothManagerCallback$Stub$Proxy@1bf48b3:true pid = 17034
06-24 16:18:07.321 D/PMS11422(  657): package:com.excelliance.dualaid, input flags:128, output hwFlags:0
06-24 16:18:07.334 I/LBVMD-LBPMS(17034): LBVMRT: version 54302:543.02
06-24 16:18:07.335 E/zygote  (17034): Invalid capacity given to EnsureLocalCapacity: 800
06-24 16:18:07.347 I/HwCust  (17034): Constructor found for class android.net.HwCustConnectivityManagerImpl
06-24 16:18:07.347 D/HwCust  (17034): Create obj success use class android.net.HwCustConnectivityManagerImpl
06-24 16:18:07.352 D/PMS11422(  657): package:com.excelliance.dualaid, input flags:0, output hwFlags:0
06-24 16:18:07.362 D/PMS11422(  657): package:com.excelliance.dualaid, input flags:0, output hwFlags:0
06-24 16:18:07.363 V/HwWidgetFactory(17034): : successes to get AllImpl object and return....
06-24 16:18:07.365 V/ActivityManager(  657): Successfully start provider ContentProviderRecord{6de3604 u0 com.excelliance.dualaid/com.excelliance.kxqp.platform.PluginManagerProvider} launchingApp=ProcessRecord{e9ca217 17034:com.excelliance.dualaid:lbcore/u0a1422} caller pid= 16948
06-24 16:18:07.365 E/MemoryLeakMonitorManager(17034): MemoryLeakMonitor.jar is not exist!
06-24 16:18:07.367 E/MemoryLeakMonitorManager(17034): MemoryLeakMonitor.jar is not exist!
06-24 16:18:07.368 D/KXQPApplication(17034): run: initUserManager
06-24 16:18:07.368 E/MemoryLeakMonitorManager(16948): MemoryLeakMonitor.jar is not exist!
06-24 16:18:07.370 D/SmtServService(16948): MSG_LOAD_PLT after msg.obj
06-24 16:18:07.370 E/Minikin (17034): Could not get cmap table size!
06-24 16:18:07.371 D/PMS11422(  657): package:com.excelliance.dualaid, input flags:128, output hwFlags:0
06-24 16:18:07.374 W/PackageParser(17034): No actions in intent filter at /data/app/com.huawei.hwid-Sc7ADDdoDYIYREll7tj_iw==/base.apk Binary XML file line #1412
06-24 16:18:07.375 V/ActivityManager(  657): Attempted to start a foreground service (ComponentInfo{com.excelliance.dualaid/com.excelliance.kxqp.platform.TrampolineService}) with a broken notification (no icon: Notification(channel=null pri=0 contentView=null vibrate=null sound=null defaults=0x0 flags=0x40 color=0x00000000 vis=PRIVATE))
06-24 16:18:07.377 W/PackageParser(17034): No actions in intent filter at /data/app/com.huawei.hwid-Sc7ADDdoDYIYREll7tj_iw==/base.apk Binary XML file line #1680
06-24 16:18:07.377 W/PackageParser(17034): No actions in intent filter at /data/app/com.huawei.hwid-Sc7ADDdoDYIYREll7tj_iw==/base.apk Binary XML file line #1694
06-24 16:18:07.384 E/zygote  (17034): Invalid capacity given to EnsureLocalCapacity: 592
06-24 16:18:07.421 D/HwNotificationManagerService(  657): recognize: tag=null, id=268435456, user=UserHandle{0}, pkg=com.excelliance.dualaid, uid=11422, callingPid=17034
06-24 16:18:07.421 D/PMS1000 (  657): package:com.excelliance.dualaid, input flags:0, output hwFlags:0
06-24 16:18:07.423 I/[HwRecSys]HwRecSysAidlService( 2647): doNotificationCollect -> current num:1
06-24 16:18:07.423 I/[HwRecSys]-Notification-NotificationUpdateController( 2647): startNotificationUpdate start!
06-24 16:18:07.423 W/SettingsEx( 2647): SettingsEx.Systemex.getInt deprecated use Settings.System.getInt instead ;callers=com.huawei.recsys.util.SystemUtil.getNotificationUpdateMode:169 com.huawei.recsys.util.SystemUtil.isAllowUpdate:104 com.huawei.recsys.controller.notification.http.NotificationUpdateController.startNotificationUpdate:85 
06-24 16:18:07.423 I/[HwRecSys]SystemUtil( 2647): isAllowUpdate mode:1
06-24 16:18:07.424 I/[HwRecSys]SystemUtil( 2647): isAllowUpdate isAllowUpdate:true
06-24 16:18:07.424 I/[HwRecSys]-Notification-NotificationUpdateController( 2647):  -> currentYear:2018
06-24 16:18:07.424 I/[HwRecSys]-Notification-NotificationUpdateController( 2647):  -> currentMonth:5
06-24 16:18:07.424 I/[HwRecSys]-Notification-NotificationUpdateController( 2647):  -> currentDay:24
06-24 16:18:07.424 I/[HwRecSys]-Notification-NotificationUpdateController( 2647):  -> oldYear:2018
06-24 16:18:07.424 I/[HwRecSys]-Notification-NotificationUpdateController( 2647):  -> oldMonth:5
06-24 16:18:07.424 I/[HwRecSys]-Notification-NotificationUpdateController( 2647):  -> oldDay:24
06-24 16:18:07.424 E/[HwRecSys]-Notification-NotificationUpdateController( 2647): startNotificationUpdate time is valid no need request
06-24 16:18:07.424 I/[HwRecSys]-Notification-NotificationController( 2647): doNotificationCollect start!
06-24 16:18:07.424 E/[HwRecSys]-Notification-NotificationController( 2647): HwDefaultLabels returnStr:107
06-24 16:18:07.425 E/[HwRecSys]-Notification-NotificationController( 2647): getChinese paramValue is null!
06-24 16:18:07.426 E/[HwRecSys]-Notification-NotificationController( 2647): doNotificationCollect getLabelByRegRules label:107
06-24 16:18:07.426 I/[HwRecSys]HwRecSysAidlService( 2647): doNotificationCollect ->  finally remote Num - 1 !
06-24 16:18:07.426 I/HwNotificationManagerService(  657): doNotificationCollect: pkg=com.excelliance.dualaid, uid=11422, hw_type=107, hw_btw=true
06-24 16:18:07.426 D/PMS1000 (  657): package:com.excelliance.dualaid, input flags:268435456, output hwFlags:0
06-24 16:18:07.426 D/PMS1000 (  657): package:com.excelliance.dualaid, input flags:0, output hwFlags:0
06-24 16:18:07.426 W/NotificationRecord(  657): Use default channel, The importance is:2
06-24 16:18:07.426 D/PMS1000 (  657): package:com.excelliance.dualaid, input flags:0, output hwFlags:0
06-24 16:18:07.426 V/ActivityManager(  657): Attempted to start a foreground service (ComponentInfo{com.excelliance.dualaid/com.excelliance.kxqp.platform.TrampolineService$EmptyService}) with a broken notification (no icon: Notification(channel=null pri=0 contentView=null vibrate=null sound=null defaults=0x0 flags=0x40 color=0x00000000 vis=PRIVATE))
06-24 16:18:07.427 W/zygote  (17034): Throwing OutOfMemoryError "EnsureLocalCapacity"
06-24 16:18:07.429 D/HwNotificationManagerService(  657): recognize: tag=null, id=268435456, user=UserHandle{0}, pkg=com.excelliance.dualaid, uid=11422, callingPid=17034
06-24 16:18:07.429 D/PMS1000 (  657): package:com.excelliance.dualaid, input flags:0, output hwFlags:0
06-24 16:18:07.429 D/NotificationService(  657): mGameDndStatus is:false ,isGameDndSwitchOn is:false
06-24 16:18:07.430 I/[HwRecSys]HwRecSysAidlService( 2647): doNotificationCollect -> current num:1
06-24 16:18:07.430 I/[HwRecSys]-Notification-NotificationUpdateController( 2647): startNotificationUpdate start!
06-24 16:18:07.431 W/SettingsEx( 2647): SettingsEx.Systemex.getInt deprecated use Settings.System.getInt instead ;callers=com.huawei.recsys.util.SystemUtil.getNotificationUpdateMode:169 com.huawei.recsys.util.SystemUtil.isAllowUpdate:104 com.huawei.recsys.controller.notification.http.NotificationUpdateController.startNotificationUpdate:85 
06-24 16:18:07.431 I/[HwRecSys]SystemUtil( 2647): isAllowUpdate mode:1
06-24 16:18:07.431 I/AppManager( 1699): app:com.excelliance.dualaid Notification update time:111026279
06-24 16:18:07.431 I/AppManager( 1699): app:com.excelliance.dualaid Notification persist:true  Ids:[268435456]
06-24 16:18:07.432 W/IPMSI   (17034): request permission: com.huawei.permission.sec.MDM.v2
06-24 16:18:07.432 W/IPMSI   (17034): request permission: com.huawei.authentication.HW_ACCESS_AUTH_SERVICE
06-24 16:18:07.432 W/IPMSI   (17034): request permission: com.huawei.appmarket.provider.readPermission
06-24 16:18:07.432 W/IPMSI   (17034): request permission: com.huawei.pushagent.permission.RICHMEDIA_PROVIDER
06-24 16:18:07.432 I/[HwRecSys]SystemUtil( 2647): isAllowUpdate isAllowUpdate:true
06-24 16:18:07.433 I/[HwRecSys]-Notification-NotificationUpdateController( 2647):  -> currentYear:2018
06-24 16:18:07.433 I/[HwRecSys]-Notification-NotificationUpdateController( 2647):  -> currentMonth:5
06-24 16:18:07.433 I/[HwRecSys]-Notification-NotificationUpdateController( 2647):  -> currentDay:24
06-24 16:18:07.433 I/[HwRecSys]-Notification-NotificationUpdateController( 2647):  -> oldYear:2018
06-24 16:18:07.433 I/[HwRecSys]-Notification-NotificationUpdateController( 2647):  -> oldMonth:5
06-24 16:18:07.433 I/[HwRecSys]-Notification-NotificationUpdateController( 2647):  -> oldDay:24
06-24 16:18:07.433 E/[HwRecSys]-Notification-NotificationUpdateController( 2647): startNotificationUpdate time is valid no need request
06-24 16:18:07.433 I/[HwRecSys]-Notification-NotificationController( 2647): doNotificationCollect start!
06-24 16:18:07.433 E/[HwRecSys]-Notification-NotificationController( 2647): HwDefaultLabels returnStr:107
06-24 16:18:07.433 E/[HwRecSys]-Notification-NotificationController( 2647): getChinese paramValue is null!
06-24 16:18:07.434 E/[HwRecSys]-Notification-NotificationController( 2647): doNotificationCollect getLabelByRegRules label:107
06-24 16:18:07.434 I/[HwRecSys]HwRecSysAidlService( 2647): doNotificationCollect ->  finally remote Num - 1 !
