06-24 17:08:32.285 I/appium  (10698): AppiumResponse: {"sessionId":"bfc32163-d29b-4bd2-a87a-19eb9523dc7a","status":0,"value":"<?xml version=\"1.0\" encoding=\"UTF-8\"?><hierarchy rotation=\"0\"><android.widget.FrameLayout index=\"0\" text=\"\" class=\"android.widget.FrameLayout\" package=\"com.excelliance.dualaid\" content-desc=\"\" checkable=\"false\" checked=\"false\" clickable=\"false\" enabled=\"true\" focusable=\"false\" focused=\"false\" scrollable=\"false\" long-clickable=\"false\" password=\"false\" selected=\"false\" bounds=\"[0,0][1080,1920]\" resource-id=\"\" instance=\"0\"><android.widget.LinearLayout index=\"0\" text=\"\" class=\"android.widget.LinearLayout\" package=\"com.excelliance.dualaid\" content-desc=\"\" checkable=\"false\" checked=\"false\" clickable=\"false\" enabled=\"true\" focusable=\"false\" focused=\"false\" scrollable=\"false\" long-clickable=\"false\" password=\"false\" selected=\"false\" bounds=\"[0,0][1080,1920]\" resource-id=\"\" instance=\"0\"><android.widget.FrameLayout index=\"0\" text=\"\" class=\"android.widget.FrameLayout\" package=\"com.excelliance.dualaid\" content-desc=\"\" checkable=\"false\" checked=\"false\" clickable=\"false\" enabled=\"true\" focusable=\"false\" focused=\"false\" scrollable=\"false\" long-clickable=\"false\" password=\"false\" selected=\"false\" bounds=\"[0,0][1080,1920]\" resource-id=\"android:id\/content\" instance=\"1\"><android.widget.FrameLayout index=\"0\" text=\"\" class=\"android.widget.FrameLayout\" package=\"com.excelliance.dualaid\" content-desc=\"\" checkable=\"false\" checked=\"false\" clickable=\"false\" enabled=\"true\" focusable=\"false\" focused=\"false\" scrollable=\"false\" long-clickable=\"false\" password=\"false\" selected=\"false\" bounds=\"[0,0][1080,1920]\" resource-id=\"\" instance=\"2\"><android.widget.RelativeLayout index=\"0\" text=\"\" class=\"android.widget.RelativeLayout\" package=\"com.excelliance.dualaid\" content-desc=\"\" checkable=\"false\" checked=\"false\" clickable=\"false\" enabled=\"true\" focusable=\"false\" focused=\"false\" scrollable=\"false\" long-clickable=\"false\" password=\"false\" selected=\"false\" bounds=\"[0,0][1080,1920]\" resource-id=\"com.excelliance.dualaid:id\/rl_guide_original\" instance=\"0\"><android.support.v4.view.ViewPager index=\"0\" text=\"\" class=\"android.support.v4.view.ViewPager\" package=\"com.excelliance.dualaid\" content-desc=\"\" checkable=\"false\" checked=\"false\" clickable=\"false\" enabled=\"true\" focusable=\"true\" focused=\"false\" scrollable=\"true\" long-clickable=\"false\" password=\"false\" selected=\"false\" bounds=\"[0,0][1080,1920]\" resource-id=\"com.excelliance.dualaid:id\/vp_nav\" instance=\"0\"><android.widget.RelativeLayout index=\"2\" text=\"\" class=\"android.widget.RelativeLayout\" package=\"com.excelliance.dualaid\" content-desc=\"\" checkable=\"false\" checked=\"false\" clickable=\"false\" enabled=\"true\" focusable=\"false\" focused=\"false\" scrollable=\"false\" long-clickable=\"false\" password=\"false\" selected=\"false\" bounds=\"[0,0][1080,1920]\" resource-id=\"\" instance=\"1\"><android.view.View index=\"0\" text=\"\" class=\"android.view.View\" package=\"com.excelliance.dualaid\" content-desc=\"\" checkable=\"false\" checked=\"false\" clickable=\"false\" enabled=\"true\" focusable=\"false\" focused=\"false\" scrollable=\"false\" long-clickable=\"false\" password=\"false\" selected=\"false\" bounds=\"[0,0][1080,1920]\" resource-id=\"\" instance=\"0\"\/><android.widget.ImageView index=\"1\" text=\"\" class=\"android.widget.ImageView\" package=\"com.excelliance.dualaid\" content-desc=\"\" checkable=\"false\" checked=\"false\" clickable=\"false\" enabled=\"true\" focusable=\"false\" focused=\"false\" scrollable=\"false\" long-clickable=\"false\" password=\"false\" selected=\"false\" bounds=\"[345,318][847,1268]\" resource-id=\"\" instance=\"0\"\/><android.widget.ImageView index=\"2\" text=\"\" class=\"android.widget.ImageView\" package=\"com.excelliance.dualaid\" content-desc=\"\" checkable=\"false\" checked=\"false\" clickable=\"false\" enabled=\"true\" 
06-24 17:08:32.336 I/appium  (10698): channel read invoked!
06-24 17:08:32.337 I/appium  (10698): channel read: POST /wd/hub/session/bfc32163-d29b-4bd2-a87a-19eb9523dc7a/element/8bfb872b-36fa-43e5-bd48-973918d86e4d/click
06-24 17:08:32.340 D/appium  (10698): payload: {"element":"8bfb872b-36fa-43e5-bd48-973918d86e4d"}
06-24 17:08:32.340 I/appium  (10698): Click element command
06-24 17:08:32.359 D/FingerprintActionsListener(  657): touchDownIsValid MotionEvent.ACTION_DOWN 
06-24 17:08:32.360 D/FingerprintActionsListener(  657): touchDownIsValidLazyMode = false  touchDownIsValidHiBoard = false
06-24 17:08:32.369 I/appium  (10698): AppiumResponse: {"sessionId":"bfc32163-d29b-4bd2-a87a-19eb9523dc7a","status":0,"value":true}
06-24 17:08:32.385 V/AudioManager(11024): playSoundEffect   effectType: 0
06-24 17:08:32.386 D/PMS11425(  657): package:com.excelliance.dualaid, input flags:0, output hwFlags:0
06-24 17:08:32.388 V/AddGameData(11024): Manufacturer:HUAWEI
06-24 17:08:32.413 I/appium  (10698): channel read invoked!
06-24 17:08:32.414 I/appium  (10698): channel read: GET /wd/hub/session/bfc32163-d29b-4bd2-a87a-19eb9523dc7a/source
06-24 17:08:32.444 D/PMS1000 (  657): package:com.excelliance.dualaid, input flags:0, output hwFlags:0
06-24 17:08:32.446 D/PMS1000 (  657): package:com.excelliance.dualaid, input flags:8192, output hwFlags:0
06-24 17:08:32.453 D/PMS1000 (  657): package:com.excelliance.dualaid, input flags:8192, output hwFlags:0
06-24 17:08:32.459 W/HSM     ( 1813): HoldService:toast switch is close!
06-24 17:08:32.461 D/ApplicationPackageManager(11024): getInstalledApplications blocked
06-24 17:08:32.463 D/HsmInterfaceImpl(11024): List [ApplicationInfo{4719bb8 com.huawei.hifolder}, ApplicationInfo{a218d91 com.github.shadowsocks}, ApplicationInfo{891a4f6 com.excelliance.dualaid}]
06-24 17:08:32.463 V/AddGameData(11024): appInfoList.size():3
06-24 17:08:32.464 V/AddGameData(11024): can read pkg:com.github.shadowsocks
06-24 17:08:32.475 D/NetWorkUtils( 1513): mVSimCurCardType is -1
06-24 17:08:32.480 I/HwCust  (11024): Constructor found for class android.net.HwCustConnectivityManagerImpl
06-24 17:08:32.480 D/HwCust  (11024): Create obj success use class android.net.HwCustConnectivityManagerImpl
06-24 17:08:32.481 D/NetWorkUtils( 1513): mVSimCurCardType is -1
06-24 17:08:32.502 D/Notification2Receiver(11051): Notification2Receiver onReceive enter
06-24 17:08:32.505 D/VersionManager(11051): queryUpdateInfoOfResources
06-24 17:08:32.506 W/HSM     ( 1813): HoldService:toast switch is close!
06-24 17:08:32.508 D/ApplicationPackageManager(11024): queryIntentActivitiesAsUser blocked, Intent { act=android.intent.action.MAIN cat=[android.intent.category.LAUNCHER] pkg=com.tencent.mm }
06-24 17:08:32.509 D/HsmInterfaceImpl(11024): List [ResolveInfo{74071cd com.tencent.mm/.ui.LauncherUI m=0x108000}]
06-24 17:08:32.501 D/PMS1000 (  657): package:com.excelliance.dualaid, input flags:8192, output hwFlags:0
06-24 17:08:32.510 V/BroadcastQueue(  657): Finished with ordered broadcast BroadcastRecord{30d9f3d u0 com.excelliance.dualaid.action.phone_res_download}
06-24 17:08:32.512 V/Phone_Manufacturer(11051): Manufacturer:HUAWEI
06-24 17:08:32.514 V/Phone   (11051): isExitstActivityInPkg:exist com.huawei.systemmanager.optimize.process.ProtectActivity
06-24 17:08:32.514 V/Phone   (11051): isExitAppInManufacturer: model:hi6250 manufacturer:huawei
06-24 17:08:32.518 I/ActivityManager(  657): START u0 {cmp=com.excelliance.dualaid/com.excelliance.kxqp.ui.HelloActivity (has extras)} from uid 11425
06-24 17:08:32.519 I/ActivityManager(  657): ActivityRecord info: ActivityInfo{97f9332 com.excelliance.kxqp.ui.HelloActivity}
06-24 17:08:32.526 V/WindowManager(  657): addAppToken: AppWindowToken{db9f239 token=Token{15f8a00 ActivityRecord{4d71883 u0 com.excelliance.dualaid/com.excelliance.kxqp.ui.HelloActivity t16077}}} controller={TaskWindowContainerController taskId=16077} at 2147483647
06-24 17:08:32.528 V/Phone   (11051): isExitstActivityInPkg:exist com.huawei.systemmanager.optimize.process.ProtectActivity
06-24 17:08:32.528 V/Phone   (11051): isExitAppInManufacturer: model:hi6250 manufacturer:huawei
06-24 17:08:32.530 D/PMS11425(  657): package:com.excelliance.dualaid, input flags:128, output hwFlags:0
06-24 17:08:32.532 I/PGServer( 1699): android calls fast hibernateApps
06-24 17:08:32.532 I/AppFastHibernation( 1699): fast hibernate duration: 1500 reason: start activity
06-24 17:08:32.532 I/Pged-IPgedBinderService(  769): ****action is 1, pid num is 7***
06-24 17:08:32.532 I/Pged-Freezer(  769): freezePids
06-24 17:08:32.532 I/Pged-Freezer(  769): Freeze process: 29457
06-24 17:08:32.533 I/Pged-Freezer(  769): Freeze process: 19894
06-24 17:08:32.533 I/Pged-Freezer(  769): Freeze process: 29531
06-24 17:08:32.533 I/Pged-Freezer(  769): Freeze process: 31476
06-24 17:08:32.533 D/PMS1000 (  657): package:com.excelliance.dualaid, input flags:1, output hwFlags:0
06-24 17:08:32.534 I/Pged-Freezer(  769): Freeze process: 32085
06-24 17:08:32.534 I/Pged-Freezer(  769): Freeze process: 10698
06-24 17:08:32.534 D/PgedBinderAdapter( 1699): frz ok, pid: [29457, 19894, 29531, 31476, 32085, 10698]
06-24 17:08:32.535 D/PMS11425(  657): package:com.excelliance.dualaid, input flags:128, output hwFlags:0
06-24 17:08:32.535 D/PMS11425(  657): package:com.excelliance.dualaid, input flags:128, output hwFlags:0
06-24 17:08:32.536 V/WindowManager(  657): No longer Stopped: AppWindowToken{db9f239 token=Token{15f8a00 ActivityRecord{4d71883 u0 com.excelliance.dualaid/com.excelliance.kxqp.ui.HelloActivity t16077}}}
06-24 17:08:32.537 V/WindowManager(  657): No longer Stopped: AppWindowToken{db9f239 token=Token{15f8a00 ActivityRecord{4d71883 u0 com.excelliance.dualaid/com.excelliance.kxqp.ui.HelloActivity t16077}}}
06-24 17:08:32.539 V/WindowManager(  657): findFocusedWindow: AppWindowToken{3b8d128 token=Token{249e34b ActivityRecord{2772c1a u0 com.excelliance.dualaid/com.excelliance.kxqp.swipe.NavActivity2 t16077}}} below Reached focused app=AppWindowToken{db9f239 token=Token{15f8a00 ActivityRecord{4d71883 u0 com.excelliance.dualaid/com.excelliance.kxqp.ui.HelloActivity t16077}}}
06-24 17:08:32.539 D/PMS11425(  657): package:com.excelliance.dualaid, input flags:128, output hwFlags:0
06-24 17:08:32.539 D/PMS11425(  657): package:com.excelliance.dualaid, input flags:128, output hwFlags:0
06-24 17:08:32.543 V/WindowManager(  657): Checking 1 opening apps (frozen=false timeout=false)...
06-24 17:08:32.543 V/WindowManager(  657): Check opening app=AppWindowToken{db9f239 token=Token{15f8a00 ActivityRecord{4d71883 u0 com.excelliance.dualaid/com.excelliance.kxqp.ui.HelloActivity t16077}}}: allDrawn=false startingDisplayed=false startingMoved=false isRelaunching()=false
06-24 17:08:32.543 D/PMS11425(  657): package:com.excelliance.dualaid, input flags:128, output hwFlags:0
06-24 17:08:32.545 D/HwArpVerifier(  657): performPollAndLog:
06-24 17:08:32.547 D/hw_netstat(  657): total/1545/1256,com.excelliance.dualaid/1054/1157,unknown:0/432/0,android.uid.system:1000/59/99
06-24 17:08:32.552 I/chatty  (  657): uid=1000(system) Binder:657_1F identical 6 lines
06-24 17:08:32.552 D/PMS11425(  657): package:com.excelliance.dualaid, input flags:128, output hwFlags:0
06-24 17:08:32.553 D/PMS11425(  657): package:com.excelliance.dualaid, input flags:128, output hwFlags:0
06-24 17:08:32.553 D/HwCust  (11024): Create obj success use class android.app.HwCustActivityImpl
06-24 17:08:32.553 D/PMS11425(  657): package:com.excelliance.dualaid, input flags:128, output hwFlags:0
06-24 17:08:32.553 D/HwCust  (11024): Create obj success use class android.app.HwCustHwWallpaperManagerImpl
06-24 17:08:32.554 V/ActivityThread(11024): ActivityThread,callActivityOnCreate
06-24 17:08:32.555 D/HelloActivity(11024): Memory:25134M
06-24 17:08:32.556 D/HelloActivity(11024): onCreate: true
06-24 17:08:32.557 D/PMS11425(  657): package:com.excelliance.dualaid, input flags:128, output hwFlags:0
06-24 17:08:32.558 D/HelloActivity(11024): mIsNav = true
06-24 17:08:32.560 D/PMS11425(  657): package:com.excelliance.dualaid, input flags:128, output hwFlags:0
06-24 17:08:32.561 V/InitialData(11051): capitalize:Hi6250_launch
06-24 17:08:32.561 V/GameUtil(11051): getCurrentVersionByKey : hi6250_launch	current_hi6250_launch_version	Hi6250_launchVersion
06-24 17:08:32.562 D/HelloActivity(11024): requestShowOneKeyLoginConfig: 
06-24 17:08:32.562 V/GameUtil(11051): saveVersionToFileByKey  xml_key :hi6250_launch  result:-1
06-24 17:08:32.562 D/GameUtilBuild(11024): getCompVersion e:java.lang.NullPointerException: Attempt to invoke virtual method 'android.content.pm.PackageManager android.content.Context.getPackageManager()' on a null object reference
06-24 17:08:32.563 D/PMS11425(  657): package:com.excelliance.dualaid, input flags:0, output hwFlags:0
06-24 17:08:32.564 V/GameUtil(11051): getCurrentVersionByKey  hi6250_launch:-1
06-24 17:08:32.564 V/AddGameData(11051): _applist:hi6250
06-24 17:08:32.564 V/InitialData(11051): capitalize:Hi6250_applist
06-24 17:08:32.564 V/GameUtil(11051): getCurrentVersionByKey : hi6250_applist	current_hi6250_applist_version	Hi6250_applistVersion
06-24 17:08:32.565 D/PMS11425(  657): package:com.excelliance.dualaid, input flags:128, output hwFlags:0
06-24 17:08:32.565 V/GameUtil(11051): saveVersionToFileByKey  xml_key :hi6250_applist  result:-1
06-24 17:08:32.567 V/GameUtil(11051): getCurrentVersionByKey  hi6250_applist:-1
06-24 17:08:32.567 V/InitialData(11051): capitalize:Hi6250_notification
06-24 17:08:32.567 V/GameUtil(11051): getCurrentVersionByKey : hi6250_notification	current_hi6250_notification_version	Hi6250_notificationVersion
06-24 17:08:32.568 V/GameUtil(11051): saveVersionToFileByKey  xml_key :hi6250_notification  result:-1
06-24 17:08:32.569 D/PMS1000 (  657): package:com.excelliance.dualaid, input flags:8192, output hwFlags:0
06-24 17:08:32.570 V/GameUtil(11051): getCurrentVersionByKey  hi6250_notification:-1
06-24 17:08:32.571 D/PMS1001 (  657): package:com.excelliance.dualaid, input flags:0, output hwFlags:0
06-24 17:08:32.572 V/VersionManager(11051): ver source:{"hi6250_launch":"0","hi6250_applist":"0","hi6250_notification":"0"}
06-24 17:08:32.572 V/VersionManager(11051): ver :eyJoaTYyNTBfbGF1bmNoIjoiMCIsImhpNjI1MF9hcHBsaXN0IjoiMCIsImhpNjI1MF9ub3RpZmlj%0AYXRpb24iOiIwIn0%3D%0A
06-24 17:08:32.573 V/UrlUtil (11051): https://mto.multiopen.cn/dynamicphoneres.php?sdkver=2009&apkver=466&vn=4.0.6&compver=54302&mainver=231200&ver=eyJoaTYyNTBfbGF1bmNoIjoiMCIsImhpNjI1MF9hcHBsaXN0IjoiMCIsImhpNjI1MF9ub3RpZmlj%0AYXRpb24iOiIwIn0%3D%0A&chid=10019&subchid=1&type=20&uflag=2&pkg=com.excelliance.dualaid&api=26&release=8.0.0&abi=armeabi-v7a&abi2=armeabi&abilist=arm64-v8a%2Carmeabi-v7a%2Carmeabi&abilist32=armeabi-v7a%2Carmeabi&abilist64=arm64-v8a&brand=HONOR&manufacturer=HUAWEI&model=STF-AL10&product=STF-AL10&issl=1&sign=30820271308201daa0030201020204520332c2300d06092a864886f70d0101050500307c310b300906035504061302434e3111300f060355040813085368616e
06-24 17:08:32.574 D/VersionManager(11051): httpsRequest getURL = https://mto.multiopen.cn/dynamicphoneres.php?sdkver=2009&apkver=466&vn=4.0.6&compver=54302&mainver=231200&ver=eyJoaTYyNTBfbGF1bmNoIjoiMCIsImhpNjI1MF9hcHBsaXN0IjoiMCIsImhpNjI1MF9ub3RpZmlj%0AYXRpb24iOiIwIn0%3D%0A&chid=10019&subchid=1&type=20&uflag=2&pkg=com.excelliance.dualaid&api=26&release=8.0.0&abi=armeabi-v7a&abi2=armeabi&abilist=arm64-v8a%2Carmeabi-v7a%2Carmeabi&abilist32=armeabi-v7a%2Carmeabi&abilist64=arm64-v8a&brand=HONOR&manufacturer=HUAWEI&model=STF-AL10&product=STF-AL10&issl=1&sign=30820271308201daa0030201020204520332c2300d06092a864886f70d0101050500307c310b300906035504061302434e3111300f060355040813085368616e
06-24 17:08:32.579 D/CubicBezierInterpolator(11024): CubicBezierInterpolator  mControlPoint1x = 0.23, mControlPoint1y = 0.06, mControlPoint2x = 0.09, mControlPoint2y = 0.97
06-24 17:08:32.579 D/CubicBezierInterpolator(11024): CubicBezierInterpolator  mControlPoint1x = 0.6, mControlPoint1y = 0.9, mControlPoint2x = 0.8, mControlPoint2y = 1.0
06-24 17:08:32.579 D/CubicBezierInterpolator(11024): CubicBezierInterpolator  mControlPoint1x = 0.23, mControlPoint1y = 0.06, mControlPoint2x = 0.09, mControlPoint2y = 0.97
06-24 17:08:32.579 D/CubicBezierInterpolator(11024): CubicBezierInterpolator  mControlPoint1x = 0.6, mControlPoint1y = 0.9, mControlPoint2x = 0.8, mControlPoint2y = 1.0
06-24 17:08:32.580 D/HwWechatOptimizeImpl(11024): mIsEffect:false
06-24 17:08:32.586 D/HwRTBlurUtils(11024): check blur style for HwPhoneWindow-, themeResId : 0x7f0e001c, context : com.excelliance.kxqp.ui.HelloActivity@f7a1593, Nhwext : 0, get Blur : disable with , null
06-24 17:08:32.587 V/HelloActivity(11024): start add appType0
06-24 17:08:32.587 D/PMS11425(  657): package:com.tencent.mm, input flags:0, output hwFlags:0
06-24 17:08:32.599 E/HwResourcesImpl(11024): readDefaultConfig : FileNotFoundException
06-24 17:08:32.604 I/HwCust  (11024): Constructor found for class android.content.res.HwCustHwResourcesImpl
06-24 17:08:32.604 D/HwCust  (11024): Create obj success use class android.content.res.HwCustHwResourcesImpl
06-24 17:08:32.610 W/X509TrustManager(11051): checkServerTrusted: SignatureException:null
06-24 17:08:32.610 W/X509TrustManager(11024): checkServerTrusted: SignatureException:null
06-24 17:08:32.610 W/X509TrustManager(11051): checkServerTrusted: SignatureException:error:04000073:RSA routines:OPENSSL_internal:DATA_TOO_LARGE_FOR_MODULUS
06-24 17:08:32.611 W/X509TrustManager(11024): checkServerTrusted: SignatureException:error:04000073:RSA routines:OPENSSL_internal:DATA_TOO_LARGE_FOR_MODULUS
06-24 17:08:32.619 D/PMS11425(  657): package:com.tencent.mm, input flags:0, output hwFlags:0
06-24 17:08:32.621 D/PMS11425(  657): package:com.tencent.mobileqq, input flags:0, output hwFlags:0
06-24 17:08:32.636 D/PMS11425(  657): package:com.tencent.mobileqq, input flags:0, output hwFlags:0
06-24 17:08:32.637 D/PMS11425(  657): package:com.ifreetalk.ftalk, input flags:0, output hwFlags:0
06-24 17:08:32.643 D/HwRecentsLockUtils( 1513): Search
06-24 17:08:32.643 E/HsmCoreServiceImpl( 1478): onTransact in code is: 103
06-24 17:08:32.643 I/MediaProcessHandler( 1478): playingUids: 
06-24 17:08:32.643 D/ActivityManager(  657): Skipping, home or recents stack task: TaskRecord{333215f #15658 A=com.huawei.android.launcher U=0 StackId=0 sz=1}
06-24 17:08:32.643 D/ActivityManager(  657): Skipping intent:flg=0x18800000 cmp=com.tencent.mm/.plugin.base.stub.WXPayEntryActivity
06-24 17:08:32.643 D/ActivityManager(  657): Skipping intent:act=android.intent.action.MAIN cat=[android.intent.category.LAUNCHER] flg=0x10a00000 cmp=io.appium.settings/.Settings
06-24 17:08:32.643 D/ActivityManager(  657): Skipping intent:flg=0x10804000 cmp=com.android.systemui/.recents.RecentsActivity bnds=[48,928][1032,2296]
06-24 17:08:32.643 D/ActivityManager(  657): Skipping intent:flg=0x10800000 cmp=com.huawei.systemmanager/com.huawei.permissionmanager.ui.MainActivity
06-24 17:08:32.643 D/ActivityManager(  657): Skipping intent:flg=0x18800000 cmp=com.tencent.mm/.plugin.base.stub.WXEntryActivity
06-24 17:08:32.643 D/ActivityManager(  657): Skipping intent:act=com.huawei.action.VOICE_ASSISTANT flg=0x10800000 pkg=com.huawei.vassistant cmp=com.huawei.vassistant/.ui.main.VAssistantActivity
06-24 17:08:32.643 D/ActivityManager(  657): Skipping intent:act=com.huawei.android.launcher.action.ACCESS_SPLIT_SCREEN_APP cat=[android.intent.category.DEFAULT] flg=0x10804000 cmp=com.huawei.android.launcher/.splitscreen.SplitScreenAppActivity
06-24 17:08:32.644 D/ActivityManager(  657): Skipping intent:flg=0x10800000 pkg=com.excelliance.dualaid.b64 cmp=com.excelliance.dualaid.b64/com.excelliance.kxqp.sdk.PermissionRequestActivity
06-24 17:08:32.644 D/ActivityManager(  657): Skipping intent:act=android.intent.action.VIEW dat=content://com.excelliance.dualaid.fileProvider/external_storage_root/Download/apk/Multiple_64.apk typ=application/vnd.android.package-archive flg=0x10800001 cmp=com.android.packageinstaller/.InstallStart
06-24 17:08:32.644 D/ActivityManager(  657): Skipping intent:flg=0x10800000 cmp=com.android.systemui/.usb.HwUsbDebuggingActivity
06-24 17:08:32.644 D/ActivityManager(  657): Skipping intent:act=android.deviceinfo.chooser.action.LAUNCH flg=0x10800000 hwFlg=0x100 pkg=com.android.settings cmp=com.android.settings/.deviceinfo.UsbConnModeChooserActivity
06-24 17:08:32.644 D/ActivityManager(  657): Skipping intent:flg=0x10800000 cmp=com.zol.android/.push.KeepLiveActivity
06-24 17:08:32.644 D/ActivityManager(  657): Skipping intent:act=android.intent.action.MAIN cat=[android.intent.category.HOME] flg=0x10800300 cmp=com.android.settings/.FallbackHome
06-24 17:08:32.652 D/PMS11425(  657): package:com.ifreetalk.ftalk, input flags:0, output hwFlags:0
06-24 17:08:32.653 V/HelloActivity(11024): end add appType0
06-24 17:08:32.656 D/HelloActivity(11024): onSuccess: respone:{"code":1,"message":"success","data":{"switch":1},"service":"onekeyswitch"}
06-24 17:08:32.658 I/zygote  (11024): Do partial code cache collection, code=62KB, data=48KB
06-24 17:08:32.658 I/zygote  (11024): After code cache collection, code=61KB, data=48KB
06-24 17:08:32.658 I/zygote  (11024): Increasing code cache capacity to 256KB
06-24 17:08:32.660 D/VersionManager(11051): xml=<?xml version="1.0" encoding="utf-8"?><upinfo></upinfo>
06-24 17:08:32.670 D/ActivityThread(11024): add activity client record, r= ActivityRecord{798c91d token=android.os.BinderProxy@aab1a82 {com.excelliance.dualaid/com.excelliance.kxqp.ui.HelloActivity}} token= android.os.BinderProxy@aab1a82
06-24 17:08:32.673 D/OpenGLRenderer(11024):   HWUI Binary is  enabled
06-24 17:08:32.674 V/WindowManager(  657): Adding Window{9a75156 u0 com.excelliance.dualaid/com.excelliance.kxqp.ui.HelloActivity} to AppWindowToken{db9f239 token=Token{15f8a00 ActivityRecord{4d71883 u0 com.excelliance.dualaid/com.excelliance.kxqp.ui.HelloActivity t16077}}}
06-24 17:08:32.675 V/WindowManager(  657): addWindow: New client android.os.BinderProxy@e4aaf71: window=Window{9a75156 u0 com.excelliance.dualaid/com.excelliance.kxqp.ui.HelloActivity} Callers=com.android.server.wm.HwWindowManagerService.addWindow:562 com.android.server.wm.Session.addToDisplay:199 android.view.IWindowSession$Stub.onTransact:124 com.android.server.wm.Session.onTransact:161 android.os.Binder.execTransact:675 
06-24 17:08:32.676 V/MainActivity(11024): onWindowFocusChanged: false
06-24 17:08:32.676 D/MainActivity(11024): onWindowFocusChanged: end
06-24 17:08:32.676 D/HelloActivity(11024): upload: com.tencent.mm,com.tencent.mobileqq,com.ifreetalk.ftalk
06-24 17:08:32.677 D/OpenGLRenderer(11024):   HWUI Binary is  enabled
06-24 17:08:32.677 E/SmtServService(11051): firststartcom.tencent.mm,com.tencent.mobileqq,com.ifreetalk.ftalk
06-24 17:08:32.679 D/PMS11425(  657): package:com.android.mms, input flags:0, output hwFlags:0
06-24 17:08:32.680 D/PMS11425(  657): package:com.android.settings, input flags:0, output hwFlags:0
06-24 17:08:32.680 D/PMS11425(  657): package:com.android.contacts, input flags:0, output hwFlags:0
06-24 17:08:32.694 D/PMS1000 (  657): package:com.excelliance.dualaid, input flags:8192, output hwFlags:0
06-24 17:08:32.695 W/HSM     ( 1813): HoldService:toast switch is close!
06-24 17:08:32.695 D/ApplicationPackageManager(11024): getInstalledApplications blocked
06-24 17:08:32.696 D/HsmInterfaceImpl(11024): List [ApplicationInfo{685c078 com.huawei.hifolder}, ApplicationInfo{c67b351 com.github.shadowsocks}, ApplicationInfo{27037b6 com.excelliance.dualaid}]
06-24 17:08:32.702 D/PMS11425(  657): package:com.tencent.tmgp.qqx5, input flags:0, output hwFlags:0
06-24 17:08:32.702 D/PMS11425(  657): package:com.huawei.android.pushagent, input flags:0, output hwFlags:0
06-24 17:08:32.702 D/PMS11425(  657): package:com.huawei.appmarket, input flags:0, output hwFlags:0
06-24 17:08:32.702 D/PMS11425(  657): package:com.wandoujia.phoenix2, input flags:0, output hwFlags:0
06-24 17:08:32.702 D/PMS11425(  657): package:com.tencent.mm, input flags:0, output hwFlags:0
06-24 17:08:32.702 D/PMS11425(  657): package:com.android.providers.media, input flags:0, output hwFlags:0
06-24 17:08:32.703 D/PMS11425(  657): package:com.huawei.vassistant, input flags:0, output hwFlags:0
06-24 17:08:32.703 D/PMS11425(  657): package:com.android.contacts, input flags:0, output hwFlags:0
06-24 17:08:32.703 D/PMS11425(  657): package:com.facebook.katana, input flags:0, output hwFlags:0
06-24 17:08:32.703 D/PMS11425(  657): package:com.huawei.hidisk, input flags:0, output hwFlags:536870912
06-24 17:08:32.703 D/PMS11425(  657): package:com.huawei.trustcircle, input flags:0, output hwFlags:0
06-24 17:08:32.703 D/PMS11425(  657): package:com.jingdong.app.mall, input flags:0, output hwFlags:0
06-24 17:08:32.703 D/PMS11425(  657): package:com.tencent.mobileqq, input flags:0, output hwFlags:0
06-24 17:08:32.704 D/PMS11425(  657): package:com.zol.android, input flags:0, output hwFlags:0
06-24 17:08:32.704 D/PMS11425(  657): package:com.huawei.hiskytone, input flags:0, output hwFlags:603979776
06-24 17:08:32.704 D/PMS11425(  657): package:com.huawei.hwid, input flags:0, output hwFlags:0
06-24 17:08:32.704 V/WindowManager(  657): Checking 1 opening apps (frozen=false timeout=false)...
06-24 17:08:32.704 V/WindowManager(  657): Check opening app=AppWindowToken{db9f239 token=Token{15f8a00 ActivityRecord{4d71883 u0 com.excelliance.dualaid/com.excelliance.kxqp.ui.HelloActivity t16077}}}: allDrawn=false startingDisplayed=false startingMoved=false isRelaunching()=false
06-24 17:08:32.704 D/PMS11425(  657): package:com.sina.weibo, input flags:0, output hwFlags:0
06-24 17:08:32.704 D/PMS11425(  657): package:com.antutu.ABenchMark, input flags:0, output hwFlags:0
06-24 17:08:32.704 D/PMS11425(  657): package:com.sankuai.meituan.takeoutnew, input flags:0, output hwFlags:0
06-24 17:08:32.704 D/PMS11425(  657): package:com.vmall.client, input flags:0, output hwFlags:67108864
06-24 17:08:32.704 D/PMS11425(  657): package:com.android.browser, input flags:0, output hwFlags:0
06-24 17:08:32.705 D/PMS11425(  657): package:com.eg.android.AlipayGphone, input flags:0, output hwFlags:0
06-24 17:08:32.705 D/PMS11425(  657): package:com.android.mediacenter, input flags:0, output hwFlags:0
06-24 17:08:32.705 D/PMS11425(  657): package:com.huawei.himovie, input flags:0, output hwFlags:0
06-24 17:08:32.705 D/PMS11425(  657): package:com.huawei.hnreader, input flags:0, output hwFlags:67108864
06-24 17:08:32.705 D/PMS11425(  657): package:com.twitter.android, input flags:0, output hwFlags:0
06-24 17:08:32.705 D/PMS11425(  657): package:com.baidu.input_huawei, input flags:0, output hwFlags:0
06-24 17:08:32.705 D/PMS11425(  657): package:com.google.android.gms, input flags:0, output hwFlags:0
06-24 17:08:32.706 D/PMS11425(  657): package:com.sankuai.meituan, input flags:0, output hwFlags:0
06-24 17:08:32.706 D/PMS11425(  657): package:com.tencent.news, input flags:0, output hwFlags:0
06-24 17:08:32.706 D/PMS11425(  657): package:com.iflytek.speechsuite, input flags:0, output hwFlags:0
06-24 17:08:32.706 D/PMS11425(  657): package:com.qzone, input flags:0, output is null
06-24 17:08:32.706 D/PMS11425(  657): package:com.tencent.android.qqdownloader, input flags:0, output hwFlags:0
06-24 17:08:32.706 D/PMS11425(  657): package:com.tencent.now, input flags:0, output is null
06-24 17:08:32.706 V/HwPhoneWindowManager(  657): updateSystemUiColorLw window=Window{9a75156 u0 com.excelliance.dualaid/com.excelliance.kxqp.ui.HelloActivity},EmuiStyle=0,StatusBarColor=0x0,NavigationBarColor=0xff000000, mLastIsEmuiLightStyle=-1
06-24 17:08:32.706 D/PMS11425(  657): package:com.ifreetalk.ftalk, input flags:0, output hwFlags:0
06-24 17:08:32.706 D/PMS11425(  657): package:com.taobao.taobao, input flags:0, output hwFlags:0
06-24 17:08:32.707 D/PMS11425(  657): package:com.android.gallery3d, input flags:0, output hwFlags:0
06-24 17:08:32.707 D/PMS11425(  657): package:com.pp.assistant, input flags:0, output hwFlags:0
06-24 17:08:32.707 D/PMS11425(  657): package:com.oppo.market, input flags:0, output hwFlags:0
06-24 17:08:32.707 D/PMS11425(  657): package:com.excean.wxaid, input flags:0, output hwFlags:0
06-24 17:08:32.707 D/PMS11425(  657): package:com.huawei.intelligent, input flags:0, output hwFlags:0
06-24 17:08:32.707 D/PMS11425(  657): package:com.google.android.backuptransport, input flags:0, output hwFlags:0
06-24 17:08:32.707 D/PMS11425(  657): package:com.huawei.skytone, input flags:0, output hwFlags:0
06-24 17:08:32.707 D/PMS11425(  657): package:com.estrongs.android.pop, input flags:0, output hwFlags:0
06-24 17:08:32.708 D/PMS11425(  657): package:com.redfinger.app, input flags:0, output hwFlags:0
06-24 17:08:32.708 I/WindowManager(  657): notifyAccessibilityButtonVisibilityChanged visible:false
06-24 17:08:32.708 D/PMS11425(  657): package:com.redfinger.app, input flags:0, output hwFlags:0
06-24 17:08:32.708 D/PMS11425(  657): package:com.android.vending, input flags:0, output hwFlags:0
06-24 17:08:32.708 D/PMS11425(  657): package:org.hapjs.mockup, input flags:0, output hwFlags:0
06-24 17:08:32.708 D/PMS11425(  657): package:com.huawei.gamebox, input flags:0, output hwFlags:603979776
06-24 17:08:32.708 V/WindowManager(  657): Checking 1 opening apps (frozen=false timeout=false)...
06-24 17:08:32.708 D/PMS11425(  657): package:com.tencent.tmgp.pubgmhd-ext, input flags:0, output is null
06-24 17:08:32.708 V/WindowManager(  657): Check opening app=AppWindowToken{db9f239 token=Token{15f8a00 ActivityRecord{4d71883 u0 com.excelliance.dualaid/com.excelliance.kxqp.ui.HelloActivity t16077}}}: allDrawn=false startingDisplayed=false startingMoved=false isRelaunching()=false
06-24 17:08:32.708 D/PMS11425(  657): package:com.stickgame.los2, input flags:0, output hwFlags:0
06-24 17:08:32.708 D/PMS11425(  657): package:com.qihoo.appstore, input flags:0, output hwFlags:0
06-24 17:08:32.708 D/PMS11425(  657): package:com.huawei.android.thememanager, input flags:0, output hwFlags:0
06-24 17:08:32.709 D/PMS11425(  657): package:com.excean.parallelspace, input flags:0, output hwFlags:0
06-24 17:08:32.709 D/PMS11425(  657): package:com.UCMobile, input flags:0, output hwFlags:0
06-24 17:08:32.709 D/PMS11425(  657): package:com.bbk.appstore, input flags:0, output hwFlags:0
06-24 17:08:32.709 D/PMS11425(  657): package:com.excean.ppaid, input flags:0, output hwFlags:0
06-24 17:08:32.709 D/PMS11425(  657): package:com.netease.blockchain, input flags:0, output hwFlags:0
06-24 17:08:32.709 D/PMS11425(  657): package:com.huawei.camera, input flags:0, output hwFlags:0
06-24 17:08:32.709 D/PMS11425(  657): package:com.sinovatech.unicom.ui, input flags:0, output hwFlags:0
06-24 17:08:32.710 D/HwPhoneWindowManager(  657): Transact:setSystemUIColor to status bar service
06-24 17:08:32.710 D/PMS11425(  657): package:com.huawei.phoneservice, input flags:0, output hwFlags:0
06-24 17:08:32.710 I/CommandQueue( 1513): updateBarBgColor
06-24 17:08:32.710 D/CommandQueue( 1513): CommandQueue, setBarBackgroundColor
06-24 17:08:32.710 D/PMS11425(  657): package:com.crisisfire.android.nearme.gamecenter, input flags:0, output hwFlags:0
06-24 17:08:32.710 D/PMS11425(  657): package:com.antutu.benchmark.full, input flags:0, output hwFlags:0
06-24 17:08:32.710 D/mali_winsys(11024): EGLint new_window_surface(egl_winsys_display *, void *, EGLSurface, EGLConfig, egl_winsys_surface **, egl_color_buffer_format *, EGLBoolean) returns 0x3000
06-24 17:08:32.710 D/PMS11425(  657): package:com.xunmeng.pinduoduo, input flags:0, output hwFlags:0
06-24 17:08:32.710 D/PMS11425(  657): package:com.zhuowang.cloneapp, input flags:0, output hwFlags:0
06-24 17:08:32.710 D/PMS11425(  657): package:com.excean.parallelspace.b64, input flags:0, output hwFlags:0
06-24 17:08:32.710 D/PMS11425(  657): package:com.excelliance.multiaccounts.b64, input flags:0, output hwFlags:0
06-24 17:08:32.711 D/PMS11425(  657): package:com.xiangyou.multispace, input flags:0, output hwFlags:0
06-24 17:08:32.711 D/PMS11425(  657): package:com.youlong.multiaccount, input flags:0, output hwFlags:0
06-24 17:08:32.711 D/PMS11425(  657): package:com.gameloft.android.ANMP.GloftA9HM, input flags:0, output hwFlags:0
06-24 17:08:32.711 I/GRALLOC (  679): 	 shrFd=10,fmt=0x1,intFmt=0x200000001,btStrd=4352,size=8486912,pid=679 
06-24 17:08:32.711 I/GRALLOC (  679): 	 yuv=2,w=1080,h=1920,Stride u=0 v=0,offset u=0 v=0 
06-24 17:08:32.711 I/GRALLOC (  679): 	 iova_size=8486912,conUsg=0x900,proUsg=0x900,	 strd=1088,[afbc]HdrStrd=1088 PyldStrd=69632 Scrmbl=2,ionhnd = 1 
06-24 17:08:32.711 D/PMS11425(  657): package:com.excelliance.dualaid.b64, input flags:0, output hwFlags:0
06-24 17:08:32.711 D/AddGameData(11024): switch_uninstall: 70
06-24 17:08:32.712 W/ActivityManager(  657): Sending non-protected broadcast huawei.action.floattasks.STATUS_BAR_STATE_CHANGED from system 1513:com.android.systemui/u0a39 pkg com.android.systemui
06-24 17:08:32.712 D/TintManager( 1513): statusBarIconTint=#99FFFFFF,navigationBarIconTint=#FF000000
06-24 17:08:32.712 V/WindowManager(  657): Checking 1 opening apps (frozen=false timeout=false)...
06-24 17:08:32.712 I/GRALLOC (  679): 	 shrFd=10,fmt=0x1,intFmt=0x200000001,btStrd=4352,size=8486912,pid=679 
06-24 17:08:32.712 I/GRALLOC (  679): 	 yuv=2,w=1080,h=1920,Stride u=0 v=0,offset u=0 v=0 
06-24 17:08:32.712 I/GRALLOC (  679): 	 iova_size=8486912,conUsg=0x900,proUsg=0x900,	 strd=1088,[afbc]HdrStrd=1088 PyldStrd=69632 Scrmbl=2,ionhnd = 1 
06-24 17:08:32.712 V/WindowManager(  657): Check opening app=AppWindowToken{db9f239 token=Token{15f8a00 ActivityRecord{4d71883 u0 com.excelliance.dualaid/com.excelliance.kxqp.ui.HelloActivity t16077}}}: allDrawn=false startingDisplayed=false startingMoved=false isRelaunching()=false
06-24 17:08:32.713 W//system/bin/hwservicemanager(  416): Cannot open /odm/manifest.xml
06-24 17:08:32.713 D/PMS1000 (  657): package:com.excelliance.dualaid, input flags:8192, output hwFlags:0
06-24 17:08:32.714 W/HSM     ( 1813): HoldService:toast switch is close!
06-24 17:08:32.715 I/GRALLOC (  679): 	 shrFd=10,fmt=0x1,intFmt=0x200000001,btStrd=4352,size=8486912,pid=679 
06-24 17:08:32.715 I/GRALLOC (  679): 	 yuv=2,w=1080,h=1920,Stride u=0 v=0,offset u=0 v=0 
06-24 17:08:32.715 I/GRALLOC (  679): 	 iova_size=8486912,conUsg=0x900,proUsg=0x900,	 strd=1088,[afbc]HdrStrd=1088 PyldStrd=69632 Scrmbl=2,ionhnd = 1 
06-24 17:08:32.715 D/ApplicationPackageManager(11024): queryIntentActivitiesAsUser blocked, Intent { act=android.intent.action.MAIN cat=[android.intent.category.LAUNCHER] pkg=com.huawei.hifolder }
06-24 17:08:32.715 D/HsmInterfaceImpl(11024): List []
06-24 17:08:32.718 D/PMS1000 (  657): package:com.excelliance.dualaid, input flags:8192, output hwFlags:0
06-24 17:08:32.719 W/HSM     ( 1813): HoldService:toast switch is close!
06-24 17:08:32.719 D/ApplicationPackageManager(11024): queryIntentActivitiesAsUser blocked, Intent { act=android.intent.action.MAIN cat=[android.intent.category.LAUNCHER] pkg=com.github.shadowsocks }
06-24 17:08:32.720 D/HsmInterfaceImpl(11024): List [ResolveInfo{3cd60a2 com.github.shadowsocks/.MainActivity m=0x108000}]
06-24 17:08:32.725 W/InputMethodManager(11024): startInputReason = 1
06-24 17:08:32.727 I/wangchen( 7035): SysInfo.getSysParam: orientation=1||config d=3.0,w=1080,h=1920||metrics d=3.0,w=1080,h=1920||sdk=26,bar_h=72
06-24 17:08:32.727 I/KeymapLoader( 7035): w=1080 h=1920 ori=true appScale=3.3 s1=3.0
06-24 17:08:32.742 D/PMS1000 (  657): package:com.excelliance.dualaid, input flags:8192, output hwFlags:0
06-24 17:08:32.743 W/HSM     ( 1813): HoldService:toast switch is close!
06-24 17:08:32.743 D/ApplicationPackageManager(11024): queryIntentActivitiesAsUser blocked, Intent { act=android.intent.action.MAIN cat=[android.intent.category.LAUNCHER] pkg=com.excelliance.dualaid }
06-24 17:08:32.744 D/HsmInterfaceImpl(11024): List [ResolveInfo{a5cd04c com.excelliance.dualaid/com.excelliance.kxqp.ui.HelloActivity m=0x108000}]
06-24 17:08:32.749 I/GRALLOC (  679): 	 shrFd=10,fmt=0x1,intFmt=0x200000001,btStrd=4352,size=8486912,pid=679 
06-24 17:08:32.749 I/GRALLOC (  679): 	 yuv=2,w=1080,h=1920,Stride u=0 v=0,offset u=0 v=0 
06-24 17:08:32.749 I/GRALLOC (  679): 	 iova_size=8486912,conUsg=0xb00,proUsg=0xb00,	 strd=1088,[afbc]HdrStrd=1088 PyldStrd=69632 Scrmbl=2,ionhnd = 1 
06-24 17:08:32.756 D/WindowManager(  657): finishDrawingWindow: Window{9a75156 u0 com.excelliance.dualaid/com.excelliance.kxqp.ui.HelloActivity} mDrawState=DRAW_PENDING
06-24 17:08:32.758 V/WindowManager(  657): Checking 1 opening apps (frozen=false timeout=false)...
06-24 17:08:32.758 V/WindowManager(  657): Check opening app=AppWindowToken{db9f239 token=Token{15f8a00 ActivityRecord{4d71883 u0 com.excelliance.dualaid/com.excelliance.kxqp.ui.HelloActivity t16077}}}: allDrawn=true startingDisplayed=false startingMoved=false isRelaunching()=false
06-24 17:08:32.765 V/WindowManager(  657): Checking 0 opening apps (frozen=false timeout=false)...
06-24 17:08:32.767 D/BarTransitions.HwPhoneStatusBarView( 1513): MODE_TRANSLUCENT -> MODE_TRANSPARENT animate=false
06-24 17:08:32.767 D/BarTransitions.HwPhoneStatusBarView( 1513): applyModeBackground oldMode=MODE_TRANSLUCENT newMode=MODE_TRANSPARENT animate=false
06-24 17:08:32.768 I/ActivityManager(  657): Displayed com.excelliance.dualaid/com.excelliance.kxqp.ui.HelloActivity: +223ms
06-24 17:08:32.770 I/GRALLOC (  679): 	 shrFd=10,fmt=0x1,intFmt=0x200000001,btStrd=4352,size=8486912,pid=679 
06-24 17:08:32.770 I/GRALLOC (  679): 	 yuv=2,w=1080,h=1920,Stride u=0 v=0,offset u=0 v=0 
06-24 17:08:32.770 I/GRALLOC (  679): 	 iova_size=8486912,conUsg=0xb00,proUsg=0xb00,	 strd=1088,[afbc]HdrStrd=1088 PyldStrd=69632 Scrmbl=2,ionhnd = 1 
06-24 17:08:32.773 D/PMS1000 (  657): package:com.excelliance.dualaid, input flags:8192, output hwFlags:0
06-24 17:08:32.773 W/HSM     ( 1813): HoldService:toast switch is close!
06-24 17:08:32.774 I/GRALLOC (  679): 	 shrFd=10,fmt=0x1,intFmt=0x200000001,btStrd=4352,size=8486912,pid=679 
06-24 17:08:32.774 I/GRALLOC (  679): 	 yuv=2,w=1080,h=1920,Stride u=0 v=0,offset u=0 v=0 
06-24 17:08:32.774 I/GRALLOC (  679): 	 iova_size=8486912,conUsg=0xb00,proUsg=0xb00,	 strd=1088,[afbc]HdrStrd=1088 PyldStrd=69632 Scrmbl=2,ionhnd = 1 
06-24 17:08:32.775 D/ApplicationPackageManager(11024): queryIntentActivitiesAsUser blocked, Intent { act=android.intent.action.MAIN cat=[android.intent.category.LAUNCHER] pkg=com.tencent.tmgp.qqx5 }
06-24 17:08:32.775 D/HsmInterfaceImpl(11024): List [ResolveInfo{1533daa com.tencent.tmgp.qqx5/.DGMMainActivity m=0x108000}]
06-24 17:08:32.776 D/BarTransitions.HwNavigationBarView( 1513): MODE_OPAQUE -> MODE_TRANSPARENT animate=false
06-24 17:08:32.776 D/BarTransitions.HwNavigationBarView( 1513): applyModeBackground oldMode=MODE_OPAQUE newMode=MODE_TRANSPARENT animate=false
06-24 17:08:32.778 E/BufferQueueProducer(  710): [com.excelliance.dualaid/com.excelliance.kxqp.swipe.NavActivity2#0] disconnect: not connected (req=1)
06-24 17:08:32.778 W/libEGL  (11024): EGLNativeWindowType 0xd0ce3808 disconnect failed
06-24 17:08:32.801 E/WifiHAL (  706): enter wifi_get_link_stats
06-24 17:08:32.811 E/wificond(  765): Failed to get NL80211_STA_INFO_CNAHLOAD
06-24 17:08:32.811 E/WificondControl(  657): Noise: -90, Snr: 0, Chload: -1
06-24 17:08:32.812 D/HwWifiCHRStateManager(  657): handleMessage : 1001
06-24 17:08:32.812 D/HwWifiCHRStateManager(  657): handleUpdateChannel:5805
06-24 17:08:32.812 V/HwWifiServiceFactory(  657): get AllImpl object = com.android.server.wifi.HwWifiServiceFactoryImpl@a390a53
06-24 17:08:32.812 D/WifiScoreReport(  657): Score = 100, wifiConnectivityManagerEnabled = false, lowScoreCount = 0
06-24 17:08:32.818 D/PMS1000 (  657): package:com.excelliance.dualaid, input flags:8192, output hwFlags:0
06-24 17:08:32.819 W/HSM     ( 1813): HoldService:toast switch is close!
06-24 17:08:32.820 D/ApplicationPackageManager(11024): queryIntentActivitiesAsUser blocked, Intent { act=android.intent.action.MAIN cat=[android.intent.category.LAUNCHER] pkg=com.huawei.android.pushagent }
06-24 17:08:32.820 D/HsmInterfaceImpl(11024): List []
06-24 17:08:32.823 W/HSM     ( 1813): HoldService:toast switch is close!
06-24 17:08:32.823 D/ApplicationPackageManager(11024): queryIntentActivitiesAsUser blocked, Intent { act=android.intent.action.MAIN cat=[android.intent.category.LAUNCHER] pkg=com.huawei.appmarket }
06-24 17:08:32.823 D/HsmInterfaceImpl(11024): List [ResolveInfo{baca538 com.huawei.appmarket/.MainActivity m=0x108000}]
06-24 17:08:32.827 E/asset   (11024): createFromFile(): lock file /data/resource-cache/system@emui@base@overlay@frameworkhwexthonor@frameworkhwexthonor.apk@idmap.
06-24 17:08:32.827 E/asset   (11024): createFromFile(): lock file /data/resource-cache/system@emui@base@overlay@frameworkhwexthonor@frameworkhwexthonor.apk@idmap.
06-24 17:08:32.828 W/ResourceType(11024): Found multiple library tables, ignoring...
06-24 17:08:32.857 W/HSM     ( 1813): HoldService:toast switch is close!
06-24 17:08:32.858 D/ApplicationPackageManager(11024): queryIntentActivitiesAsUser blocked, Intent { act=android.intent.action.MAIN cat=[android.intent.category.LAUNCHER] pkg=com.wandoujia.phoenix2 }
06-24 17:08:32.858 D/HsmInterfaceImpl(11024): List [ResolveInfo{dc21877 com.wandoujia.phoenix2/com.pp.assistant.activity.PPMainActivity m=0x108000}]
06-24 17:08:32.864 D/HwRecentsLockUtils( 1513): Search
06-24 17:08:32.864 E/HsmCoreServiceImpl( 1478): onTransact in code is: 103
06-24 17:08:32.864 I/MediaProcessHandler( 1478): playingUids: 
06-24 17:08:32.864 D/ActivityManager(  657): Skipping, home or recents stack task: TaskRecord{333215f #15658 A=com.huawei.android.launcher U=0 StackId=0 sz=1}
06-24 17:08:32.864 D/ActivityManager(  657): Skipping intent:flg=0x18800000 cmp=com.tencent.mm/.plugin.base.stub.WXPayEntryActivity
06-24 17:08:32.864 D/ActivityManager(  657): Skipping intent:act=android.intent.action.MAIN cat=[android.intent.category.LAUNCHER] flg=0x10a00000 cmp=io.appium.settings/.Settings
06-24 17:08:32.864 D/ActivityManager(  657): Skipping intent:flg=0x10804000 cmp=com.android.systemui/.recents.RecentsActivity bnds=[48,928][1032,2296]
06-24 17:08:32.864 D/ActivityManager(  657): Skipping intent:flg=0x10800000 cmp=com.huawei.systemmanager/com.huawei.permissionmanager.ui.MainActivity
06-24 17:08:32.864 D/ActivityManager(  657): Skipping intent:flg=0x18800000 cmp=com.tencent.mm/.plugin.base.stub.WXEntryActivity
06-24 17:08:32.864 D/ActivityManager(  657): Skipping intent:act=com.huawei.action.VOICE_ASSISTANT flg=0x10800000 pkg=com.huawei.vassistant cmp=com.huawei.vassistant/.ui.main.VAssistantActivity
06-24 17:08:32.864 D/ActivityManager(  657): Skipping intent:act=com.huawei.android.launcher.action.ACCESS_SPLIT_SCREEN_APP cat=[android.intent.category.DEFAULT] flg=0x10804000 cmp=com.huawei.android.launcher/.splitscreen.SplitScreenAppActivity
06-24 17:08:32.864 D/ActivityManager(  657): Skipping intent:flg=0x10800000 pkg=com.excelliance.dualaid.b64 cmp=com.excelliance.dualaid.b64/com.excelliance.kxqp.sdk.PermissionRequestActivity
06-24 17:08:32.864 D/ActivityManager(  657): Skipping intent:act=android.intent.action.VIEW dat=content://com.excelliance.dualaid.fileProvider/external_storage_root/Download/apk/Multiple_64.apk typ=application/vnd.android.package-archive flg=0x10800001 cmp=com.android.packageinstaller/.InstallStart
06-24 17:08:32.864 D/ActivityManager(  657): Skipping intent:flg=0x10800000 cmp=com.android.systemui/.usb.HwUsbDebuggingActivity
06-24 17:08:32.864 D/ActivityManager(  657): Skipping intent:act=android.deviceinfo.chooser.action.LAUNCH flg=0x10800000 hwFlg=0x100 pkg=com.android.settings cmp=com.android.settings/.deviceinfo.UsbConnModeChooserActivity
06-24 17:08:32.864 D/ActivityManager(  657): Skipping intent:flg=0x10800000 cmp=com.zol.android/.push.KeepLiveActivity
06-24 17:08:32.864 D/ActivityManager(  657): Skipping intent:act=android.intent.action.MAIN cat=[android.intent.category.HOME] flg=0x10800300 cmp=com.android.settings/.FallbackHome
06-24 17:08:32.885 D/PMS1000 (  657): package:com.excelliance.dualaid, input flags:8192, output hwFlags:0
06-24 17:08:32.886 W/HSM     ( 1813): HoldService:toast switch is close!
06-24 17:08:32.887 D/ApplicationPackageManager(11024): queryIntentActivitiesAsUser blocked, Intent { act=android.intent.action.MAIN cat=[android.intent.category.LAUNCHER] pkg=com.tencent.mm }
06-24 17:08:32.887 D/HsmInterfaceImpl(11024): List [ResolveInfo{47db54d com.tencent.mm/.ui.LauncherUI m=0x108000}]
06-24 17:08:32.899 W/HSM     ( 1813): HoldService:toast switch is close!
06-24 17:08:32.900 D/ApplicationPackageManager(11024): queryIntentActivitiesAsUser blocked, Intent { act=android.intent.action.MAIN cat=[android.intent.category.LAUNCHER] pkg=com.android.providers.media }
06-24 17:08:32.900 D/HsmInterfaceImpl(11024): List []
06-24 17:08:32.903 W/HSM     ( 1813): HoldService:toast switch is close!
06-24 17:08:32.903 D/ApplicationPackageManager(11024): queryIntentActivitiesAsUser blocked, Intent { act=android.intent.action.MAIN cat=[android.intent.category.LAUNCHER] pkg=com.huawei.vassistant }
06-24 17:08:32.903 D/HsmInterfaceImpl(11024): List [ResolveInfo{d51d802 com.huawei.vassistant/.ui.main.VAssistantActivity m=0x108000}]
06-24 17:08:32.906 E/asset   (11024): createFromFile(): lock file /data/resource-cache/system@emui@base@overlay@frameworkhwexthonor@frameworkhwexthonor.apk@idmap.
06-24 17:08:32.906 E/asset   (11024): createFromFile(): lock file /data/resource-cache/system@emui@base@overlay@frameworkhwexthonor@frameworkhwexthonor.apk@idmap.
06-24 17:08:32.906 W/ResourceType(11024): Found multiple library tables, ignoring...
06-24 17:08:32.947 D/PMS1000 (  657): package:com.excelliance.dualaid, input flags:8192, output hwFlags:0
06-24 17:08:32.949 W/HSM     ( 1813): HoldService:toast switch is close!
06-24 17:08:32.949 D/ApplicationPackageManager(11024): queryIntentActivitiesAsUser blocked, Intent { act=android.intent.action.MAIN cat=[android.intent.category.LAUNCHER] pkg=com.facebook.katana }
06-24 17:08:32.950 D/HsmInterfaceImpl(11024): List [ResolveInfo{57d5949 com.facebook.katana/.LoginActivity m=0x108000}]
06-24 17:08:32.983 V/ActivityManager(  657): Making visible and scheduling visibility: ActivityRecord{d5c9105 u0 com.huawei.android.launcher/.unihome.UniHomeLauncher t15658}
06-24 17:08:32.983 V/WindowManager(  657): No longer Stopped: AppWindowToken{d3a938b token=Token{377755a ActivityRecord{d5c9105 u0 com.huawei.android.launcher/.unihome.UniHomeLauncher t15658}}}
06-24 17:08:33.019 E/asset   (11024): createFromFile(): lock file /data/resource-cache/system@emui@base@overlay@frameworkhwexthonor@frameworkhwexthonor.apk@idmap.
06-24 17:08:33.019 E/asset   (11024): createFromFile(): lock file /data/resource-cache/system@emui@base@overlay@frameworkhwexthonor@frameworkhwexthonor.apk@idmap.
06-24 17:08:33.019 W/ResourceType(11024): Found multiple library tables, ignoring...
06-24 17:08:33.019 D/ActivityThread(11024): Remove activity client record, r= ActivityRecord{414755e token=android.os.BinderProxy@31abee5 {com.excelliance.dualaid/com.excelliance.kxqp.swipe.NavActivity2}} token= android.os.BinderProxy@31abee5
06-24 17:08:33.020 V/ActivityThread( 2519): Handle window ActivityRecord{4719bb8 token=android.os.BinderProxy@b3fca27 {com.huawei.android.launcher/com.huawei.android.launcher.unihome.UniHomeLauncher}} visibility: true
06-24 17:08:33.021 E/HwLauncher( 2519): SettingsEx , no such field.
06-24 17:08:33.021 W/HwLauncher( 2519): Clock getDataFormat the getSystemString failed.
06-24 17:08:33.022 V/WindowManager(  657): removeIfPossible: Window{460561f u0 com.excelliance.dualaid/com.excelliance.kxqp.swipe.NavActivity2} callers=com.android.server.wm.WindowState.removeIfPossible:1914 com.android.server.wm.WindowManagerService.removeWindow:2022 com.android.server.wm.Session.remove:218 android.view.IWindowSession$Stub.onTransact:242 com.android.server.wm.Session.onTransact:161 
06-24 17:08:33.022 I/WindowManager(  657): Destroying surface Surface(name=com.excelliance.dualaid/com.excelliance.kxqp.swipe.NavActivity2) called by com.android.server.wm.WindowStateAnimator.destroySurface:2060 com.android.server.wm.WindowStateAnimator.destroySurfaceLocked:873 com.android.server.wm.HwWindowStateAnimator.destroySurfaceLocked:1006 com.android.server.wm.WindowState.removeImmediately:1899 com.android.server.wm.WindowState.removeIfPossible:2051 com.android.server.wm.WindowState.removeIfPossible:1914 com.android.server.wm.WindowManagerService.removeWindow:2022 com.android.server.wm.Session.remove:218 
06-24 17:08:33.023 V/WindowManager(  657): postWindowRemoveCleanupLocked: Window{460561f u0 com.excelliance.dualaid/com.excelliance.kxqp.swipe.NavActivity2}
06-24 17:08:33.023 V/WindowManager(  657): Removing Window{460561f u0 com.excelliance.dualaid/com.excelliance.kxqp.swipe.NavActivity2} from AppWindowToken{3b8d128 token=Token{249e34b ActivityRecord{2772c1a u0 com.excelliance.dualaid/com.excelliance.kxqp.swipe.NavActivity2 t16077}}}
06-24 17:08:33.023 D/HwQoEUtils(  657): mForegroundAppPackageName: com.huawei.android.launcher ,score: 0
06-24 17:08:33.023 D/HwQoEUtils(  657): onForegroundAppWifiSleepChange: config:false, sleeptime:-1,type: 255, appname:com.huawei.android.launcher
06-24 17:08:33.032 V/WindowManager(  657): removeAppToken: AppWindowToken{3b8d128 token=Token{249e34b ActivityRecord{2772c1a u0 com.excelliance.dualaid/com.excelliance.kxqp.swipe.NavActivity2 t16077}}} delayed=false Callers=com.android.server.wm.DisplayContent.removeAppToken:985 com.android.server.wm.AppWindowContainerController.removeContainer:348 com.android.server.am.ActivityRecord.removeWindowContainer:1039 com.android.server.am.ActivityStack.removeActivityFromHistoryLocked:4491 
06-24 17:08:33.042 D/HwQoEUtils(  657): APP type: 255 appName= com.huawei.android.launcher
06-24 17:08:33.042 D/HwQoEUtils(  657): no game, APP_TYPE_GAME, appName =com.huawei.android.launcher
