--------- beginning of main
06-24 17:08:21.418 I/appium  (10698): channel read invoked!
06-24 17:08:21.418 I/appium  (10698): channel read: GET /wd/hub/status
06-24 17:08:21.421 I/appium  (10698): AppiumResponse: {"sessionId":"SESSIONID","status":0,"value":"Status Invoked"}
06-24 17:08:21.452 I/appium  (10698): channel read invoked!
06-24 17:08:21.452 I/appium  (10698): channel read: POST /wd/hub/session
06-24 17:08:21.453 D/appium  (10698): payload: {"desiredCapabilities":{"platform":"LINUX","webStorageEnabled":false,"takesScreenshot":true,"javascriptEnabled":true,"databaseEnabled":false,"networkConnectionEnabled":true,"locationContextEnabled":false,"warnings":{},"desired":{"platformName":"Android","platformVersion":"8.0.0\n","deviceName":"CSX0217930000442","appPackage":"com.excelliance.dualaid","appActivity":"com.excelliance.kxqp.ui.HelloActivity","newCommandTimeout":30000,"automationName":"uiautomator2"},"platformName":"Android","platformVersion":"8.0.0","deviceName":"CSX0217930000442","appPackage":"com.excelliance.dualaid","appActivity":"com.excelliance.kxqp.ui.HelloActivity","newCommandTimeout":30000,"automationName":"uiautomator2","deviceUDID":"CSX0217930000442","deviceScreenSize":"1080x1920","deviceScreenDensity":480,"deviceModel":"STF-AL10","deviceManufacturer":"HUAWEI"}}
06-24 17:08:21.457 I/appium  (10698): Session Created with SessionID:bfc32163-d29b-4bd2-a87a-19eb9523dc7a
06-24 17:08:21.457 I/appium  (10698): AppiumResponse: {"sessionId":"bfc32163-d29b-4bd2-a87a-19eb9523dc7a","status":0,"value":"Created Session"}
06-24 17:08:21.547 D/SmartcareProc(  657): onSignalStrengthsChanged: signalStrength is: SignalStrength: 0 1955964583 0 255 0 0 32767 -1 32767 -1 -76 -4 13 -1 0 -1 false gw|lte , on sub: 0
06-24 17:08:21.547 D/SmartcareProc(  657): SignalStrength update result, ss: SignalStrengthInfo:8749149 mGsmSignalStrength: -1 mWcdmaRscp: -1 mWcdmaEcio: 255 mLteRsrp: -76 mLteRsrq: -4 mCdmaDbm: -1 mCdmaEcio: -1 mEvdoDbm: 32767mEvdoEcio: -1mLteRssnr: 13
06-24 17:08:21.552 I/MQoS    (  657): onSignal: mSubId=0,currDataSubID=0
06-24 17:08:21.552 I/MQoS    (  657): received cell-signal:5
06-24 17:08:21.559 I/HwMobileSignalController(0)( 1513): subId:0 phoneType:1 networktype:13 targetClass:3 masterLevel:5 slaveLevel:-1
--------- beginning of system
06-24 17:08:21.592 I/ActivityManager(  657): Force stopping com.excelliance.dualaid appid=11425 user=0: from pid 10743by app
06-24 17:08:21.601 V/AlarmManager(  657): UninstallReceiver onReceive action:android.intent.action.PACKAGE_RESTARTED
06-24 17:08:21.602 D/HwBastetService(  657): BroadcastReceiver android.intent.action.PACKAGE_RESTARTED
06-24 17:08:21.604 I/HwCoreAppHelperService( 1478): LocalReceiver receives:android.intent.action.PACKAGE_RESTARTED,pkg:com.excelliance.dualaid,uid:11425
06-24 17:08:21.606 E/NfcNci  ( 2677): NfcUtils error: APP have nfc permission
06-24 17:08:21.606 D/HwGpsPowerTracker(  657): LocalReceiver receives:android.intent.action.PACKAGE_RESTARTED
06-24 17:08:21.606 D/CarrierSvcBindHelper( 1715): No carrier app for: 0
06-24 17:08:21.607 D/PMS1000 (  657): package:com.excelliance.dualaid, input flags:0, output hwFlags:0
06-24 17:08:21.607 D/CarrierSvcBindHelper( 1715): No carrier app for: 1
06-24 17:08:21.611 D/PMS1027 (  657): package:com.google.android.apps.walletnfcrel, input flags:8192, output is null
06-24 17:08:21.614 D/ApduServiceInfo( 2677): No com.nxp.nfc.extensions meta-data
06-24 17:08:21.620 I/chatty  ( 2677): uid=1027(nfc) com.android.nfc identical 3 lines
06-24 17:08:21.623 D/ApduServiceInfo( 2677): No com.nxp.nfc.extensions meta-data
06-24 17:08:21.623 E/ApduServiceInfo( 2677): SE extension not present, Setting default offhost seID
06-24 17:08:21.632 E/NfcNci  ( 2677): NfcUtils error: APP have nfc permission
06-24 17:08:21.736 I/TrafficMonitor(  657): update:rxPkts:4,txPkts:0,rxBytes:270,txBytes:0
06-24 17:08:21.736 I/TrafficMonitor(  657): start expired. level:-1
06-24 17:08:21.736 I/TrafficMonitor(  657): gettimer:interval=2000
06-24 17:08:21.855 I/ActivityManager(  657): START u0 {act=android.intent.action.MAIN cat=[android.intent.category.LAUNCHER] flg=0x10200000 cmp=com.excelliance.dualaid/com.excelliance.kxqp.ui.HelloActivity} from uid 2000
06-24 17:08:21.861 I/ash     ( 1699): front pkg : com.excelliance.dualaid launcher: false
06-24 17:08:21.861 I/ash     ( 1699): above launcher front pkgs: [com.excelliance.dualaid]
06-24 17:08:21.866 I/ActivityManager(  657): ActivityRecord info: ActivityInfo{dfbcf98 com.excelliance.kxqp.ui.HelloActivity}
06-24 17:08:21.867 D/PMS1000 (  657): package:com.excelliance.dualaid, input flags:268436480, output hwFlags:0
06-24 17:08:21.875 V/WindowManager(  657): addAppToken: AppWindowToken{daa4d44 token=Token{3b98e57 ActivityRecord{935abd6 u0 com.excelliance.dualaid/com.excelliance.kxqp.ui.HelloActivity t16076}}} controller={TaskWindowContainerController taskId=16076} at 2147483647
06-24 17:08:21.878 D/MotionDetectionManager( 2519): stopMotionAppsReco motionApps: 403
06-24 17:08:21.878 D/MotionDetectionManager( 2519): stopMotionAppsReco not recognition motionApps 403
06-24 17:08:21.878 W/HwLauncher( 2519): Launcher.MotionManager stopMotionAppsReco service flg 403 is unavailable
06-24 17:08:21.885 I/ActivityManager(  657): mWaitingActivityLaunched add ComponentName = null
06-24 17:08:21.886 V/ActivityManager(  657): startProcess: name=com.excelliance.dualaid:olle app=null knownToBeDead=true thread=null pid=-1
06-24 17:08:21.887 D/PMS1000 (  657): package:com.excelliance.dualaid, input flags:0, output hwFlags:0
06-24 17:08:21.888 I/AwareLog(  769): IAWARE_PREREAD_FILE
06-24 17:08:21.889 D/AwareLog(  769): iawared: touch_file  base.odex
06-24 17:08:21.889 D/AwareLog(  769): iawared: touch_file  base.vdex
06-24 17:08:21.889 D/AwareLog(  769): preread_pkgfile com.excelliance.dualaid took 0 ms
06-24 17:08:21.889 D/AwareLog(  769): preread_pkgfile com.excelliance.dualaid read 507904 Bytes.
06-24 17:08:21.892 I/PGServer( 1699): android calls fast hibernateApps
06-24 17:08:21.892 I/AppFastHibernation( 1699): fast hibernate duration: 1500 reason: start activity
06-24 17:08:21.892 I/Pged-IPgedBinderService(  769): ****action is 1, pid num is 7***
06-24 17:08:21.892 I/Pged-Freezer(  769): freezePids
06-24 17:08:21.892 I/Pged-Freezer(  769): Freeze process: 29457
06-24 17:08:21.893 I/Pged-Freezer(  769): Freeze process: 19894
06-24 17:08:21.893 I/Pged-Freezer(  769): Freeze process: 29531
06-24 17:08:21.894 I/Pged-Freezer(  769): Freeze process: 31476
06-24 17:08:21.894 I/ActivityManager(  657): Start proc 10747:com.excelliance.dualaid:olle/u0a1425 for activity com.excelliance.dualaid/com.excelliance.kxqp.ui.HelloActivity
06-24 17:08:21.894 I/Pged-Freezer(  769): Freeze process: 32085
06-24 17:08:21.895 I/        (10747): power log dlsym ok
06-24 17:08:21.895 I/Pged-Freezer(  769): Freeze process: 10698
06-24 17:08:21.895 V/WindowManager(  657): No longer Stopped: AppWindowToken{daa4d44 token=Token{3b98e57 ActivityRecord{935abd6 u0 com.excelliance.dualaid/com.excelliance.kxqp.ui.HelloActivity t16076}}}
06-24 17:08:21.895 V/ActivityManager(  657): startProcess: name=com.excelliance.dualaid:olle app=ProcessRecord{e38af62 10747:com.excelliance.dualaid:olle/u0a1425} knownToBeDead=true thread=null pid=10747
06-24 17:08:21.895 D/PMS1000 (  657): package:com.excelliance.dualaid, input flags:1, output hwFlags:0
06-24 17:08:21.896 D/PgedBinderAdapter( 1699): frz ok, pid: [29457, 19894, 29531, 31476, 32085, 10698]
06-24 17:08:21.897 I/NetworkSpeedManagerEx( 1513): mIsStop = false
06-24 17:08:21.897 I/NetworkSpeedManagerEx( 1513):  runInThread getTetherStats
06-24 17:08:21.898 I/NetworkSpeedManagerEx( 1513):  runInUI refreshSpeed
06-24 17:08:21.899 I/NetworkSpeedManagerEx( 1513): value=602.0speed = 602
06-24 17:08:21.899 I/NetworkSpeedManagerEx( 1513): B/smIsShowLastSpeedValuefalse
06-24 17:08:21.899 I/NetworkSpeedView( 1513): /update(), speed=602
06-24 17:08:21.899 I/NetworkSpeedView( 1513): B/s parent class:class com.android.systemui.statusbar.HwSystemIcons
06-24 17:08:21.899 I/zygote  (10747): Reinit property: dalvik.vm.checkjni= false
06-24 17:08:21.913 D/ActivityThread(10747): ActivityThread,attachApplication
06-24 17:08:21.914 D/ActivityManager(  657): ActivityManagerService,attachApplication,callingPid = 10747
06-24 17:08:21.916 V/WindowManager(  657): No longer Stopped: AppWindowToken{daa4d44 token=Token{3b98e57 ActivityRecord{935abd6 u0 com.excelliance.dualaid/com.excelliance.kxqp.ui.HelloActivity t16076}}}
06-24 17:08:21.926 V/WindowManager(  657): findFocusedWindow: AppWindowToken{d3a938b token=Token{377755a ActivityRecord{d5c9105 u0 com.huawei.android.launcher/.unihome.UniHomeLauncher t15658}}} below Reached focused app=AppWindowToken{daa4d44 token=Token{3b98e57 ActivityRecord{935abd6 u0 com.excelliance.dualaid/com.excelliance.kxqp.ui.HelloActivity t16076}}}
06-24 17:08:21.926 D/ScenarioService( 1699): front pkg : com.excelliance.dualaid launcher: false
06-24 17:08:21.926 D/ScenarioService( 1699): new above launcher front pkgs: [com.excelliance.dualaid]
06-24 17:08:21.926 I/AppsUsage( 1699): scnOff:false FgAPP:com.excelliance.dualaid BgAPP:com.huawei.android.launcher
06-24 17:08:21.928 V/WindowManager(  657): Checking 1 opening apps (frozen=false timeout=false)...
06-24 17:08:21.928 V/WindowManager(  657): Check opening app=AppWindowToken{daa4d44 token=Token{3b98e57 ActivityRecord{935abd6 u0 com.excelliance.dualaid/com.excelliance.kxqp.ui.HelloActivity t16076}}}: allDrawn=false startingDisplayed=false startingMoved=false isRelaunching()=false
06-24 17:08:21.929 I/NetworkSpeedManagerEx( 1513): mIsStop = false
06-24 17:08:21.929 I/NetworkSpeedManagerEx( 1513):  runInThread getTetherStats
06-24 17:08:21.930 D/PMS1000 (  657): package:com.excelliance.dualaid, input flags:0, output hwFlags:0
06-24 17:08:21.930 D/HwQoEUtils(  657): mForegroundAppPackageName: com.excelliance.dualaid:olle ,score: 0
06-24 17:08:21.931 D/HwQoEUtils(  657): APP type: -1 appName= com.excelliance.dualaid:olle
06-24 17:08:21.931 D/HwQoEUtils(  657): RealAppName:com.excelliance.dualaid
06-24 17:08:21.931 D/HwQoEUtils(  657): no game, APP_TYPE_GAME, appName =com.excelliance.dualaid:olle
06-24 17:08:21.931 D/HwGameAssistantController(  657): pid=10747, uid=11425, foreground=true
06-24 17:08:21.932 W/AwareLog(  657): SchedLevelBoost: onFgActivitiesChanged config not set!
06-24 17:08:21.934 I/HwNetworkPolicy(  657): onTransact, code = 203
06-24 17:08:21.935 I/HwNetworkPolicyManager( 1813): getHwUidPolicy uid = 11425 policy = 0
06-24 17:08:21.935 I/NetworkSpeedManagerEx( 1513):  runInUI refreshSpeed
06-24 17:08:21.935 D/EmcomManagerService(  657): forePackage name is com.excelliance.dualaid
06-24 17:08:21.936 D/HicomPolicyManager(  657): foreAppInfo = nullpkgName = com.excelliance.dualaid uid= 11425
06-24 17:08:21.936 E/HicomPolicyManager(  657): udp acc is not start yet!
06-24 17:08:21.936 D/HicomPolicyManager(  657): speed control is not start
06-24 17:08:21.936 E/HicomPolicyManager(  657): Network Evaluation is not start yet!
06-24 17:08:21.936 E/HicomPolicyManager(  657): foreground app info is null
06-24 17:08:21.936 I/NetworkSpeedManagerEx( 1513): value=308.0speed = 308
06-24 17:08:21.936 I/NetworkSpeedManagerEx( 1513): B/smIsShowLastSpeedValuefalse
06-24 17:08:21.936 I/NetworkSpeedView( 1513): /update(), speed=308
06-24 17:08:21.936 I/NetworkSpeedView( 1513): B/s parent class:class com.android.systemui.statusbar.HwSystemIcons
06-24 17:08:21.937 W//system/bin/hwservicemanager(  416): Cannot open /odm/manifest.xml
06-24 17:08:21.937 D/[HwRecSys]HwRecSysService( 2647): onEvent actionID: 10000 msg:com.excelliance.dualaid		
06-24 17:08:21.937 E/[HwRecSys]HwRecSysService( 2647): getIsRportDirectService is false!
06-24 17:08:21.939 W/libc    ( 1699): Set property "sys.aps.gameProcessName" to ""
06-24 17:08:21.940 I/PGServer( 1699): report state:10010 event type:2 pid:0 uid:0 pkg:com.huawei.android.launcher to pid: 657
06-24 17:08:21.940 I/PGServer( 1699): report state:10010 event type:2 pid:0 uid:0 pkg:com.huawei.android.launcher to pid: 1699
06-24 17:08:21.940 I/SceneReceiver( 1699): state type: 10010 eventType:2 pid:0 uid:0 pkg:com.huawei.android.launcher
06-24 17:08:21.940 I/PGServer( 1699): report state:10000 event type:1 pid:0 uid:0 pkg:com.excelliance.dualaid to pid: 657
06-24 17:08:21.940 I/PGServer( 1699): report state:10000 event type:1 pid:0 uid:0 pkg:com.excelliance.dualaid to pid: 1699
06-24 17:08:21.940 I/SceneReceiver( 1699): state type: 10000 eventType:1 pid:0 uid:0 pkg:com.excelliance.dualaid
06-24 17:08:21.940 D/HwThermalStateManager( 1699): current foreapp pkg : com.excelliance.dualaid
06-24 17:08:21.941 I/PGServer( 1699): checkPkgType. calling pkg: android
06-24 17:08:21.941 I/PGServer( 1699): checkPkgType. calling pkg: android
06-24 17:08:21.942 W/libc    ( 1699): Set property "sys.aps.browserProcessName" to ""
06-24 17:08:21.942 I/PGServer( 1699): checkPkgType. calling pkg: com.huawei.iaware
06-24 17:08:21.943 V/AudioManager( 1699): setParameters  keyValuePairs: updateAppLowPowerParams=167783585
06-24 17:08:21.949 D/HwFLClassLoader(10747): get used feature list :/feature/used-list failed!
06-24 17:08:21.949 D/HwFLClassLoader(10747): USE_FEATURE_LIST had not init! 
06-24 17:08:21.950 W//system/bin/hwservicemanager(  416): Cannot open /odm/manifest.xml
06-24 17:08:21.953 I/GRALLOC (  679): 	 shrFd=10,fmt=0x1,intFmt=0x1,btStrd=256,size=4096,pid=679 
06-24 17:08:21.953 I/GRALLOC (  679): 	 yuv=2,w=16,h=16,Stride u=0 v=0,offset u=0 v=0 
06-24 17:08:21.953 I/GRALLOC (  679): 	 iova_size=4096,conUsg=0x100,proUsg=0x100,	 strd=64,[afbc]HdrStrd=0 PyldStrd=0 Scrmbl=0,ionhnd = 1 
06-24 17:08:21.964 E/MemoryLeakMonitorManager(10747): MemoryLeakMonitor.jar is not exist!
06-24 17:08:21.965 D/CrashHandler(10747): CrashHandler
06-24 17:08:21.966 E/Minikin (10747): Could not get cmap table size!
06-24 17:08:21.966 D/KXQPApplication(10747): run: initUserManager
06-24 17:08:21.966 D/PMS11425(  657): package:com.excelliance.dualaid, input flags:128, output hwFlags:0
06-24 17:08:21.974 I/HwCust  (10747): Constructor found for class android.app.HwCustActivityImpl
06-24 17:08:21.975 D/HwCust  (10747): Create obj success use class android.app.HwCustActivityImpl
06-24 17:08:21.977 V/HwPolicyFactory(10747): : success to get AllImpl object and return....
06-24 17:08:21.978 I/HwCust  (10747): Constructor found for class android.app.HwCustHwWallpaperManagerImpl
06-24 17:08:21.978 D/HwCust  (10747): Create obj success use class android.app.HwCustHwWallpaperManagerImpl
06-24 17:08:21.979 D/PMS11425(  657): package:com.excelliance.dualaid, input flags:0, output hwFlags:0
06-24 17:08:21.980 V/HwWidgetFactory(10747): : successes to get AllImpl object and return....
06-24 17:08:21.981 V/ActivityThread(10747): ActivityThread,callActivityOnCreate
06-24 17:08:21.982 D/HelloActivity(10747): Memory:25145M
06-24 17:08:21.983 D/HelloActivity(10747): onCreate: true
06-24 17:08:21.984 D/HelloActivity(10747): is code boot
06-24 17:08:21.987 D/HelloActivity(10747): mIsNav = false
06-24 17:08:21.995 D/HwRecentsLockUtils( 1513): Search
06-24 17:08:21.995 E/HsmCoreServiceImpl( 1478): onTransact in code is: 103
06-24 17:08:21.995 I/MediaProcessHandler( 1478): playingUids: 
06-24 17:08:21.996 D/ActivityManager(  657): Skipping, home or recents stack task: TaskRecord{333215f #15658 A=com.huawei.android.launcher U=0 StackId=0 sz=1}
06-24 17:08:21.996 D/ActivityManager(  657): Skipping intent:flg=0x18800000 cmp=com.tencent.mm/.plugin.base.stub.WXPayEntryActivity
06-24 17:08:21.996 D/ActivityManager(  657): Skipping intent:act=android.intent.action.MAIN cat=[android.intent.category.LAUNCHER] flg=0x10a00000 cmp=io.appium.settings/.Settings
06-24 17:08:21.996 D/ActivityManager(  657): Skipping intent:flg=0x10804000 cmp=com.android.systemui/.recents.RecentsActivity bnds=[48,928][1032,2296]
06-24 17:08:21.996 D/ActivityManager(  657): Skipping intent:flg=0x10800000 cmp=com.huawei.systemmanager/com.huawei.permissionmanager.ui.MainActivity
06-24 17:08:21.996 D/ActivityManager(  657): Skipping intent:flg=0x18800000 cmp=com.tencent.mm/.plugin.base.stub.WXEntryActivity
06-24 17:08:21.996 D/ActivityManager(  657): Skipping intent:act=com.huawei.action.VOICE_ASSISTANT flg=0x10800000 pkg=com.huawei.vassistant cmp=com.huawei.vassistant/.ui.main.VAssistantActivity
06-24 17:08:21.996 D/ActivityManager(  657): Skipping intent:act=com.huawei.android.launcher.action.ACCESS_SPLIT_SCREEN_APP cat=[android.intent.category.DEFAULT] flg=0x10804000 cmp=com.huawei.android.launcher/.splitscreen.SplitScreenAppActivity
06-24 17:08:21.996 D/ActivityManager(  657): Skipping intent:flg=0x10800000 pkg=com.excelliance.dualaid.b64 cmp=com.excelliance.dualaid.b64/com.excelliance.kxqp.sdk.PermissionRequestActivity
06-24 17:08:21.996 D/ActivityManager(  657): Skipping intent:act=android.intent.action.VIEW dat=content://com.excelliance.dualaid.fileProvider/external_storage_root/Download/apk/Multiple_64.apk typ=application/vnd.android.package-archive flg=0x10800001 cmp=com.android.packageinstaller/.InstallStart
06-24 17:08:21.996 D/ActivityManager(  657): Skipping intent:flg=0x10800000 cmp=com.android.systemui/.usb.HwUsbDebuggingActivity
06-24 17:08:21.996 D/ActivityManager(  657): Skipping intent:act=android.deviceinfo.chooser.action.LAUNCH flg=0x10800000 hwFlg=0x100 pkg=com.android.settings cmp=com.android.settings/.deviceinfo.UsbConnModeChooserActivity
06-24 17:08:21.996 D/ActivityManager(  657): Skipping intent:flg=0x10800000 cmp=com.zol.android/.push.KeepLiveActivity
06-24 17:08:21.996 D/ActivityManager(  657): Skipping intent:act=android.intent.action.MAIN cat=[android.intent.category.HOME] flg=0x10800300 cmp=com.android.settings/.FallbackHome
06-24 17:08:22.005 D/HelloActivity(10747): defDisplayStyle:5
06-24 17:08:22.008 D/HttpUtils(10747): getDownloadMode()
06-24 17:08:22.008 D/NetUtils(10747): init inited = true
06-24 17:08:22.008 D/HelloActivity(10747): enter Nav2
06-24 17:08:22.010 D/NetworkSecurityConfig(10747): No Network Security Config specified, using platform default
06-24 17:08:22.011 I/ActivityManager(  657): START u0 {pkg=com.excelliance.dualaid cmp=com.excelliance.dualaid/com.excelliance.kxqp.swipe.NavActivity2 (has extras)} from uid 11425
06-24 17:08:22.011 I/ActivityManager(  657): ActivityRecord info: ActivityInfo{91400dc com.excelliance.kxqp.swipe.NavActivity2}
06-24 17:08:22.011 V/WindowManager(  657): findFocusedWindow: AppWindowToken{d3a938b token=Token{377755a ActivityRecord{d5c9105 u0 com.huawei.android.launcher/.unihome.UniHomeLauncher t15658}}} below Reached focused app=AppWindowToken{daa4d44 token=Token{3b98e57 ActivityRecord{935abd6 u0 com.excelliance.dualaid/com.excelliance.kxqp.ui.HelloActivity t16076}}}
06-24 17:08:22.012 V/WindowManager(  657): addAppToken: AppWindowToken{e36536b token=Token{8ccc8ba ActivityRecord{bef95e5 u0 com.excelliance.dualaid/com.excelliance.kxqp.swipe.NavActivity2 t16076}}} controller={TaskWindowContainerController taskId=16076} at 2147483647
06-24 17:08:22.013 W/libc    (  493): Set property "hw.wifi.dns_stat" to "42710,37589,5028,1,53753"
06-24 17:08:22.018 V/ActivityManager(  657): startProcess: name=com.excelliance.dualaid app=null knownToBeDead=true thread=null pid=-1
06-24 17:08:22.018 D/PMS1000 (  657): package:com.excelliance.dualaid, input flags:0, output hwFlags:0
06-24 17:08:22.025 I/ActivityManager(  657): Start proc 10772:com.excelliance.dualaid/u0a1425 for service com.excelliance.dualaid/com.excelliance.kxqp.SmtServService
06-24 17:08:22.026 I/        (10772): power log dlsym ok
06-24 17:08:22.028 I/zygote  (10772): Reinit property: dalvik.vm.checkjni= false
06-24 17:08:22.033 D/HwNetworkManagementService(  657): code == CODE_GET_AD_KEY_LIST
06-24 17:08:22.033 D/HwNetworkManagementService(  657): appName = com.excelliance.dualaid  is not in the mAdViewMap! reply none
06-24 17:08:22.033 D/HwNetworkManagementService(  657): appName = com.excelliance.dualaid  is not in the mAdIdMap! reply none
06-24 17:08:22.036 D/ActivityThread(10747): add activity client record, r= ActivityRecord{cbe2ddc token=android.os.BinderProxy@d13fa03 {com.excelliance.dualaid/com.excelliance.kxqp.ui.HelloActivity}} token= android.os.BinderProxy@d13fa03
06-24 17:08:22.037 D/ActivityThread(10772): ActivityThread,attachApplication
06-24 17:08:22.037 V/WindowManager(  657): No longer Stopped: AppWindowToken{e36536b token=Token{8ccc8ba ActivityRecord{bef95e5 u0 com.excelliance.dualaid/com.excelliance.kxqp.swipe.NavActivity2 t16076}}}
06-24 17:08:22.038 V/WindowManager(  657): No longer Stopped: AppWindowToken{e36536b token=Token{8ccc8ba ActivityRecord{bef95e5 u0 com.excelliance.dualaid/com.excelliance.kxqp.swipe.NavActivity2 t16076}}}
06-24 17:08:22.043 V/WindowManager(  657): Checking 1 opening apps (frozen=false timeout=false)...
06-24 17:08:22.043 V/WindowManager(  657): Check opening app=AppWindowToken{e36536b token=Token{8ccc8ba ActivityRecord{bef95e5 u0 com.excelliance.dualaid/com.excelliance.kxqp.swipe.NavActivity2 t16076}}}: allDrawn=false startingDisplayed=false startingMoved=false isRelaunching()=false
06-24 17:08:22.043 D/ActivityManager(  657): ActivityManagerService,attachApplication,callingPid = 10772
06-24 17:08:22.049 D/HwCust  (10747): Create obj success use class android.app.HwCustActivityImpl
06-24 17:08:22.049 D/HwCust  (10747): Create obj success use class android.app.HwCustHwWallpaperManagerImpl
06-24 17:08:22.050 W//system/bin/hwservicemanager(  416): Cannot open /odm/manifest.xml
06-24 17:08:22.050 V/ActivityThread(10747): ActivityThread,callActivityOnCreate
06-24 17:08:22.055 W/X509TrustManager(10747): checkServerTrusted: SignatureException:null
06-24 17:08:22.055 W/X509TrustManager(10747): checkServerTrusted: SignatureException:error:04000073:RSA routines:OPENSSL_internal:DATA_TOO_LARGE_FOR_MODULUS
06-24 17:08:22.056 D/NavActivity2(10747): onCreate
06-24 17:08:22.062 W/Utils   (10747): Utils_isSuperResolutionSupport [load libai_client.so failed]
06-24 17:08:22.063 D/PMS11425(  657): package:com.excelliance.dualaid, input flags:128, output hwFlags:0
06-24 17:08:22.064 D/CubicBezierInterpolator(10747): CubicBezierInterpolator  mControlPoint1x = 0.23, mControlPoint1y = 0.06, mControlPoint2x = 0.09, mControlPoint2y = 0.97
06-24 17:08:22.065 D/CubicBezierInterpolator(10747): CubicBezierInterpolator  mControlPoint1x = 0.6, mControlPoint1y = 0.9, mControlPoint2x = 0.8, mControlPoint2y = 1.0
06-24 17:08:22.065 D/CubicBezierInterpolator(10747): CubicBezierInterpolator  mControlPoint1x = 0.23, mControlPoint1y = 0.06, mControlPoint2x = 0.09, mControlPoint2y = 0.97
06-24 17:08:22.065 D/CubicBezierInterpolator(10747): CubicBezierInterpolator  mControlPoint1x = 0.6, mControlPoint1y = 0.9, mControlPoint2x = 0.8, mControlPoint2y = 1.0
06-24 17:08:22.065 D/CubicBezierInterpolator(10747): CubicBezierInterpolator  mControlPoint1x = 0.23, mControlPoint1y = 0.06, mControlPoint2x = 0.09, mControlPoint2y = 0.97
06-24 17:08:22.065 D/CubicBezierInterpolator(10747): CubicBezierInterpolator  mControlPoint1x = 0.6, mControlPoint1y = 0.9, mControlPoint2x = 0.8, mControlPoint2y = 1.0
06-24 17:08:22.065 D/CubicBezierInterpolator(10747): CubicBezierInterpolator  mControlPoint1x = 0.23, mControlPoint1y = 0.06, mControlPoint2x = 0.09, mControlPoint2y = 0.97
06-24 17:08:22.066 D/CubicBezierInterpolator(10747): CubicBezierInterpolator  mControlPoint1x = 0.6, mControlPoint1y = 0.9, mControlPoint2x = 0.8, mControlPoint2y = 1.0
06-24 17:08:22.072 D/HwRTBlurUtils(10747): check blur style for HwPhoneWindow-, themeResId : 0x7f0e000a, context : com.excelliance.kxqp.swipe.NavActivity2@794246b, Nhwext : 0, get Blur : disable with , null
06-24 17:08:22.072 D/HwRTBlurUtils(10747): check blur style for HwPhoneWindow-, themeResId : 0x7f0e000a, context : com.excelliance.kxqp.swipe.NavActivity2@794246b, Nhwext : 0, get Blur : disable with , null
06-24 17:08:22.072 E/test    (10747): hw notch screen flag api error
06-24 17:08:22.074 D/ActivityThread(10747): add activity client record, r= ActivityRecord{414755e token=android.os.BinderProxy@31abee5 {com.excelliance.dualaid/com.excelliance.kxqp.swipe.NavActivity2}} token= android.os.BinderProxy@31abee5
06-24 17:08:22.075 D/PMS11425(  657): package:com.excelliance.dualaid, input flags:128, output hwFlags:0
06-24 17:08:22.076 E/ViewUtils(10747): setBgColor: view==null:top
06-24 17:08:22.082 D/OpenGLRenderer(10747):   HWUI Binary is  enabled
06-24 17:08:22.083 D/SurfaceFlinger(  710): SurfaceFlinger: getDisplayConfigs--3.000000, 1080, 1920
06-24 17:08:22.083 I/chatty  (  710): uid=1000(system) Binder:710_4 identical 1 line
06-24 17:08:22.083 D/SurfaceFlinger(  710): SurfaceFlinger: getDisplayConfigs--3.000000, 1080, 1920
06-24 17:08:22.083 D/OpenGLRenderer(10747): HWUI GL Pipeline
06-24 17:08:22.084 W//system/bin/hwservicemanager(  416): Cannot open /odm/manifest.xml
06-24 17:08:22.084 D/HwFLClassLoader(10772): get used feature list :/feature/used-list failed!
06-24 17:08:22.084 D/HwFLClassLoader(10772): USE_FEATURE_LIST had not init! 
06-24 17:08:22.085 I/GRALLOC (  679): 	 shrFd=10,fmt=0x1,intFmt=0x1,btStrd=256,size=4096,pid=679 
06-24 17:08:22.085 I/GRALLOC (  679): 	 yuv=2,w=16,h=16,Stride u=0 v=0,offset u=0 v=0 
06-24 17:08:22.085 I/GRALLOC (  679): 	 iova_size=4096,conUsg=0x100,proUsg=0x100,	 strd=64,[afbc]HdrStrd=0 PyldStrd=0 Scrmbl=0,ionhnd = 1 
06-24 17:08:22.089 V/WindowManager(  657): Adding Window{b90105e u0 com.excelliance.dualaid/com.excelliance.kxqp.swipe.NavActivity2} to AppWindowToken{e36536b token=Token{8ccc8ba ActivityRecord{bef95e5 u0 com.excelliance.dualaid/com.excelliance.kxqp.swipe.NavActivity2 t16076}}}
06-24 17:08:22.090 V/WindowManager(  657): addWindow: New client android.os.BinderProxy@3426599: window=Window{b90105e u0 com.excelliance.dualaid/com.excelliance.kxqp.swipe.NavActivity2} Callers=com.android.server.wm.HwWindowManagerService.addWindow:562 com.android.server.wm.Session.addToDisplay:199 android.view.IWindowSession$Stub.onTransact:124 com.android.server.wm.Session.onTransact:161 android.os.Binder.execTransact:675 
06-24 17:08:22.103 D/HwGalleryCacheManagerImpl(10747): mIsEffect:false
06-24 17:08:22.103 V/WindowManager(  657): Checking 1 opening apps (frozen=false timeout=false)...
06-24 17:08:22.103 V/WindowManager(  657): Check opening app=AppWindowToken{e36536b token=Token{8ccc8ba ActivityRecord{bef95e5 u0 com.excelliance.dualaid/com.excelliance.kxqp.swipe.NavActivity2 t16076}}}: allDrawn=false startingDisplayed=false startingMoved=false isRelaunching()=false
06-24 17:08:22.105 D/PMS11425(  657): package:com.excelliance.dualaid, input flags:128, output hwFlags:0
06-24 17:08:22.107 D/HttpUtils(10747): getResponseCode():200
06-24 17:08:22.108 D/WHEG    (10747): {"status":"0","controls":"","skip":"0"}
06-24 17:08:22.122 I/chatty  (  657): uid=1000(system) Binder:657_16 identical 3 lines
06-24 17:08:22.129 D/PMS11425(  657): package:com.excelliance.dualaid, input flags:128, output hwFlags:0
06-24 17:08:22.131 D/PMS11425(  657): package:com.excelliance.dualaid, input flags:128, output hwFlags:0
06-24 17:08:22.142 D/HwRecentsLockUtils( 1513): Search
06-24 17:08:22.142 E/HsmCoreServiceImpl( 1478): onTransact in code is: 103
06-24 17:08:22.142 I/MediaProcessHandler( 1478): playingUids: 
06-24 17:08:22.136 I/chatty  (  657): uid=1000(system) Binder:657_8 identical 3 lines
06-24 17:08:22.136 D/PMS11425(  657): package:com.excelliance.dualaid, input flags:128, output hwFlags:0
06-24 17:08:22.143 D/ActivityManager(  657): Skipping, home or recents stack task: TaskRecord{333215f #15658 A=com.huawei.android.launcher U=0 StackId=0 sz=1}
06-24 17:08:22.143 D/ActivityManager(  657): Skipping intent:flg=0x18800000 cmp=com.tencent.mm/.plugin.base.stub.WXPayEntryActivity
06-24 17:08:22.143 D/ActivityManager(  657): Skipping intent:act=android.intent.action.MAIN cat=[android.intent.category.LAUNCHER] flg=0x10a00000 cmp=io.appium.settings/.Settings
06-24 17:08:22.143 D/ActivityManager(  657): Skipping intent:flg=0x10804000 cmp=com.android.systemui/.recents.RecentsActivity bnds=[48,928][1032,2296]
06-24 17:08:22.143 D/ActivityManager(  657): Skipping intent:flg=0x10800000 cmp=com.huawei.systemmanager/com.huawei.permissionmanager.ui.MainActivity
06-24 17:08:22.143 D/ActivityManager(  657): Skipping intent:flg=0x18800000 cmp=com.tencent.mm/.plugin.base.stub.WXEntryActivity
06-24 17:08:22.143 D/ActivityManager(  657): Skipping intent:act=com.huawei.action.VOICE_ASSISTANT flg=0x10800000 pkg=com.huawei.vassistant cmp=com.huawei.vassistant/.ui.main.VAssistantActivity
06-24 17:08:22.143 D/ActivityManager(  657): Skipping intent:act=com.huawei.android.launcher.action.ACCESS_SPLIT_SCREEN_APP cat=[android.intent.category.DEFAULT] flg=0x10804000 cmp=com.huawei.android.launcher/.splitscreen.SplitScreenAppActivity
06-24 17:08:22.143 D/ActivityManager(  657): Skipping intent:flg=0x10800000 pkg=com.excelliance.dualaid.b64 cmp=com.excelliance.dualaid.b64/com.excelliance.kxqp.sdk.PermissionRequestActivity
06-24 17:08:22.143 D/ActivityManager(  657): Skipping intent:act=android.intent.action.VIEW dat=content://com.excelliance.dualaid.fileProvider/external_storage_root/Download/apk/Multiple_64.apk typ=application/vnd.android.package-archive flg=0x10800001 cmp=com.android.packageinstaller/.InstallStart
06-24 17:08:22.143 D/ActivityManager(  657): Skipping intent:flg=0x10800000 cmp=com.android.systemui/.usb.HwUsbDebuggingActivity
06-24 17:08:22.143 D/ActivityManager(  657): Skipping intent:act=android.deviceinfo.chooser.action.LAUNCH flg=0x10800000 hwFlg=0x100 pkg=com.android.settings cmp=com.android.settings/.deviceinfo.UsbConnModeChooserActivity
06-24 17:08:22.143 D/ActivityManager(  657): Skipping intent:flg=0x10800000 cmp=com.zol.android/.push.KeepLiveActivity
06-24 17:08:22.143 D/ActivityManager(  657): Skipping intent:act=android.intent.action.MAIN cat=[android.intent.category.HOME] flg=0x10800300 cmp=com.android.settings/.FallbackHome
06-24 17:08:22.176 D/MainActivity(10747): instantiateItem: 2	android.widget.RelativeLayout{d00e2b1 V.E...... ......I. 0,0-0,0}
06-24 17:08:22.177 D/MainActivity(10747): initPage3: 
06-24 17:08:22.181 V/WindowManager(  657): Checking 1 opening apps (frozen=false timeout=false)...
06-24 17:08:22.181 V/WindowManager(  657): Check opening app=AppWindowToken{e36536b token=Token{8ccc8ba ActivityRecord{bef95e5 u0 com.excelliance.dualaid/com.excelliance.kxqp.swipe.NavActivity2 t16076}}}: allDrawn=false startingDisplayed=false startingMoved=false isRelaunching()=false
06-24 17:08:22.183 V/HwPhoneWindowManager(  657): updateSystemUiColorLw window=Window{b90105e u0 com.excelliance.dualaid/com.excelliance.kxqp.swipe.NavActivity2},EmuiStyle=0,StatusBarColor=0xff000000,NavigationBarColor=0xff000000, mLastIsEmuiLightStyle=-1
06-24 17:08:22.183 D/HwPhoneWindowManager(  657): Transact:setSystemUIColor to status bar service
06-24 17:08:22.183 I/CommandQueue( 1513): updateBarBgColor
06-24 17:08:22.183 D/CommandQueue( 1513): CommandQueue, setBarBackgroundColor
06-24 17:08:22.185 V/WindowManager(  657): Checking 1 opening apps (frozen=false timeout=false)...
06-24 17:08:22.185 V/WindowManager(  657): Check opening app=AppWindowToken{e36536b token=Token{8ccc8ba ActivityRecord{bef95e5 u0 com.excelliance.dualaid/com.excelliance.kxqp.swipe.NavActivity2 t16076}}}: allDrawn=false startingDisplayed=false startingMoved=false isRelaunching()=false
06-24 17:08:22.185 D/TintManager( 1513): statusBarIconTint=#99FFFFFF,navigationBarIconTint=#FF000000
06-24 17:08:22.189 D/MainActivity(10747): run: initPage3
06-24 17:08:22.189 V/MainActivity(10747): onWindowFocusChanged: true
06-24 17:08:22.189 I/GRALLOC (  679): 	 shrFd=10,fmt=0x1,intFmt=0x200000001,btStrd=4352,size=8486912,pid=679 
06-24 17:08:22.189 I/GRALLOC (  679): 	 yuv=2,w=1080,h=1920,Stride u=0 v=0,offset u=0 v=0 
06-24 17:08:22.189 I/GRALLOC (  679): 	 iova_size=8486912,conUsg=0x900,proUsg=0x900,	 strd=1088,[afbc]HdrStrd=1088 PyldStrd=69632 Scrmbl=2,ionhnd = 1 
06-24 17:08:22.190 W/InputMethodManager(10747): startInputReason = 1
06-24 17:08:22.191 I/OpenGLRenderer(10747): Initialized EGL, version 1.4
06-24 17:08:22.191 D/OpenGLRenderer(10747): Swap behavior 2
06-24 17:08:22.192 I/GRALLOC (  679): 	 shrFd=10,fmt=0x1,intFmt=0x200000001,btStrd=4352,size=8486912,pid=679 
06-24 17:08:22.192 I/GRALLOC (  679): 	 yuv=2,w=1080,h=1920,Stride u=0 v=0,offset u=0 v=0 
06-24 17:08:22.192 I/GRALLOC (  679): 	 iova_size=8486912,conUsg=0x900,proUsg=0x900,	 strd=1088,[afbc]HdrStrd=1088 PyldStrd=69632 Scrmbl=2,ionhnd = 1 
06-24 17:08:22.194 W/InputMethodManager(10747): startInputReason = 5
06-24 17:08:22.195 I/GRALLOC (  679): 	 shrFd=10,fmt=0x1,intFmt=0x200000001,btStrd=4352,size=8486912,pid=679 
06-24 17:08:22.195 I/GRALLOC (  679): 	 yuv=2,w=1080,h=1920,Stride u=0 v=0,offset u=0 v=0 
06-24 17:08:22.195 I/GRALLOC (  679): 	 iova_size=8486912,conUsg=0x900,proUsg=0x900,	 strd=1088,[afbc]HdrStrd=1088 PyldStrd=69632 Scrmbl=2,ionhnd = 1 
06-24 17:08:22.196 D/mali_winsys(10747): EGLint new_window_surface(egl_winsys_display *, void *, EGLSurface, EGLConfig, egl_winsys_surface **, egl_color_buffer_format *, EGLBoolean) returns 0x3000
06-24 17:08:22.196 E/vndksupport(10747): Could not load vendor/lib/egl/libGLES_mali_v2.so from sphal namespace: dlopen failed: library "vendor/lib/egl/libGLES_mali_v2.so" not found.
06-24 17:08:22.198 I/wangchen( 7035): SysInfo.getSysParam: orientation=1||config d=3.0,w=1080,h=1920||metrics d=3.0,w=1080,h=1920||sdk=26,bar_h=72
06-24 17:08:22.198 I/KeymapLoader( 7035): w=1080 h=1920 ori=true appScale=3.3 s1=3.0
06-24 17:08:22.201 D/BarTransitions.HwPhoneStatusBarView( 1513): MODE_TRANSPARENT -> MODE_TRANSLUCENT animate=false
06-24 17:08:22.201 D/BarTransitions.HwPhoneStatusBarView( 1513): applyModeBackground oldMode=MODE_TRANSPARENT newMode=MODE_TRANSLUCENT animate=false
06-24 17:08:22.201 I/zygote  (10772): Compiler allocated 4MB to compile boolean com.excelliance.kxqp.KXQPApplication.b(int)
06-24 17:08:22.205 D/StatusBarIconController( 1513): setIconVisibility icon is null or visibility not change visibility=false
06-24 17:08:22.214 I/GRALLOC (  679): 	 shrFd=10,fmt=0x1,intFmt=0x200000001,btStrd=4352,size=8486912,pid=679 
06-24 17:08:22.214 I/GRALLOC (  679): 	 yuv=2,w=1080,h=1920,Stride u=0 v=0,offset u=0 v=0 
06-24 17:08:22.214 I/GRALLOC (  679): 	 iova_size=8486912,conUsg=0xb00,proUsg=0xb00,	 strd=1088,[afbc]HdrStrd=1088 PyldStrd=69632 Scrmbl=2,ionhnd = 1 
06-24 17:08:22.223 D/WindowManager(  657): finishDrawingWindow: Window{b90105e u0 com.excelliance.dualaid/com.excelliance.kxqp.swipe.NavActivity2} mDrawState=DRAW_PENDING
06-24 17:08:22.225 V/WindowManager(  657): Checking 1 opening apps (frozen=false timeout=false)...
06-24 17:08:22.225 V/WindowManager(  657): Check opening app=AppWindowToken{e36536b token=Token{8ccc8ba ActivityRecord{bef95e5 u0 com.excelliance.dualaid/com.excelliance.kxqp.swipe.NavActivity2 t16076}}}: allDrawn=true startingDisplayed=false startingMoved=false isRelaunching()=false
06-24 17:08:22.227 D/ImageWallpaper( 1513): onVisibilityChanged: mVisible, visible=true, false
06-24 17:08:22.227 D/ImageWallpaper( 1513): Visibility changed to visible=false
06-24 17:08:22.228 D/BarTransitions.HwPhoneStatusBarView( 1513): MODE_TRANSLUCENT -> MODE_TRANSPARENT animate=false
06-24 17:08:22.228 D/BarTransitions.HwPhoneStatusBarView( 1513): applyModeBackground oldMode=MODE_TRANSLUCENT newMode=MODE_TRANSPARENT animate=false
06-24 17:08:22.229 I/ActivityManager(  657): Displayed com.excelliance.dualaid/com.excelliance.kxqp.swipe.NavActivity2: +188ms (total +4m30s143ms)
06-24 17:08:22.229 I/ActivityManager(  657): wait Launched end, result = 0 who = ComponentInfo{com.excelliance.dualaid/com.excelliance.kxqp.swipe.NavActivity2}
06-24 17:08:22.236 D/PMS11425(  657): package:com.excelliance.dualaid, input flags:128, output hwFlags:0
06-24 17:08:22.236 I/WindowManager(  657): notifyAccessibilityButtonVisibilityChanged visible:false
06-24 17:08:22.237 E/BufferQueueProducer(  710): [com.huawei.android.launcher/com.huawei.android.launcher.unihome.UniHomeLauncher#0] disconnect: not connected (req=1)
06-24 17:08:22.237 W/libEGL  ( 2519): EGLNativeWindowType 0x748cf98010 disconnect failed
06-24 17:08:22.243 D/PMS11425(  657): package:com.excelliance.dualaid, input flags:128, output hwFlags:0
06-24 17:08:22.246 D/BarTransitions.HwPhoneStatusBarView( 1513): MODE_TRANSPARENT -> MODE_TRANSLUCENT animate=false
06-24 17:08:22.246 D/BarTransitions.HwPhoneStatusBarView( 1513): applyModeBackground oldMode=MODE_TRANSPARENT newMode=MODE_TRANSLUCENT animate=false
06-24 17:08:22.246 D/BarTransitions.HwNavigationBarView( 1513): MODE_TRANSLUCENT -> MODE_OPAQUE animate=false
06-24 17:08:22.246 D/BarTransitions.HwNavigationBarView( 1513): applyModeBackground oldMode=MODE_TRANSLUCENT newMode=MODE_OPAQUE animate=false
06-24 17:08:22.257 W/ActivityManager(  657): Sending non-protected broadcast huawei.action.floattasks.STATUS_BAR_STATE_CHANGED from system 1513:com.android.systemui/u0a39 pkg com.android.systemui
06-24 17:08:22.257 W/HwKeyguardDragHelper( 1513): AnimationBlocked
06-24 17:08:22.257 V/WindowManager(  657): notifyAppStopped: AppWindowToken{d3a938b token=Token{377755a ActivityRecord{d5c9105 u0 com.huawei.android.launcher/.unihome.UniHomeLauncher t15658}}}
06-24 17:08:22.257 E/WindowManager(  657): win=Window{68d6975 u0 com.huawei.android.launcher/com.huawei.android.launcher.unihome.UniHomeLauncher} destroySurfaces: appStopped=true win.mWindowRemovalAllowed=false win.mRemoveOnExit=false
06-24 17:08:22.257 D/ActivityThread(10747): Remove activity client record, r= ActivityRecord{cbe2ddc token=android.os.BinderProxy@d13fa03 {com.excelliance.dualaid/com.excelliance.kxqp.ui.HelloActivity}} token= android.os.BinderProxy@d13fa03
06-24 17:08:22.258 I/WindowManager(  657): Destroying surface Surface(name=com.huawei.android.launcher/com.huawei.android.launcher.unihome.UniHomeLauncher) called by com.android.server.wm.WindowStateAnimator.destroySurface:2060 com.android.server.wm.WindowStateAnimator.destroySurfaceLocked:873 com.android.server.wm.HwWindowStateAnimator.destroySurfaceLocked:1006 com.android.server.wm.WindowState.destroyOrSaveSurfaceUnchecked:2990 com.android.server.wm.WindowState.destroySurface:2951 com.android.server.wm.AppWindowToken.destroySurfaces:654 com.android.server.wm.AppWindowToken.destroySurfaces:638 com.android.server.wm.AppWindowToken.notifyAppStopped:682 
06-24 17:08:22.259 V/WindowManager(  657): removeAppToken: AppWindowToken{daa4d44 token=Token{3b98e57 ActivityRecord{935abd6 u0 com.excelliance.dualaid/com.excelliance.kxqp.ui.HelloActivity t16076}}} delayed=false Callers=com.android.server.wm.DisplayContent.removeAppToken:985 com.android.server.wm.AppWindowContainerController.removeContainer:348 com.android.server.am.ActivityRecord.removeWindowContainer:1039 com.android.server.am.ActivityStack.removeActivityFromHistoryLocked:4491 
06-24 17:08:22.260 D/HwGameAssistantController(  657): pid=2519, uid=10056, foreground=false
06-24 17:08:22.260 W/AwareLog(  657): SchedLevelBoost: onFgActivitiesChanged config not set!
06-24 17:08:22.276 W/dex2oat (10814): Using default instruction set features for ARM CPU variant (default) using conservative defaults
06-24 17:08:22.276 I/dex2oat (10814): /system/bin/dex2oat -j4 --dex-file=/data/data/com.excelliance.dualaid/.platformcache/main.jar --output-vdex-fd=47 --oat-fd=48 --oat-location=/data/data/com.excelliance.dualaid/.platformcache/oat/arm/main.odex --compiler-filter=quicken
06-24 17:08:22.277 I/cutils-trace(10814): atrace_init_once, trace_marker_path = /sys/kernel/debug/tracing/trace_marker
06-24 17:08:22.316 W/libc    (  951): Set property "ril.hw_modem0.rssi" to "-74"
06-24 17:08:22.318 W/libc    ( 1715): Set property "gsm.rssi.sim1" to "-74"
06-24 17:08:22.339 I/ActivityManager(  657): Force stopping com.excelliance.dualaid appid=11425 user=0: from pid 10825by app
06-24 17:08:22.339 I/ActivityManager(  657): Killing 10747:com.excelliance.dualaid:olle/u0a1425 (adj 0): stop com.excelliance.dualaidfrom pid 10825by app
06-24 17:08:22.340 D/ActivityManager(  657): cleanUpApplicationRecord app: ProcessRecord{e38af62 10747:com.excelliance.dualaid:olle/u0a1425}, app.bad: false, restarting: false, allowRestart: true
06-24 17:08:22.341 W/ActivityManager(  657): Force removing ActivityRecord{bef95e5 u0 com.excelliance.dualaid/com.excelliance.kxqp.swipe.NavActivity2 t16076}: app died, no saved state
06-24 17:08:22.341 E/HsmCoreServiceImpl( 1478): onTransact in code is: 102
06-24 17:08:22.341 I/MediaProcessHandler( 1478): processOp opType: 1, uid: 11425, pid: 10747
06-24 17:08:22.341 W/MediaProcessHandler( 1478): remove target not exist, maybe the UI process: uid: 11425, pid: 10747
06-24 17:08:22.341 I/MediaProcessHandler( 1478): executedCallBack opType: 1 mMediaStatusObservers.size=0
06-24 17:08:22.341 W/AwareLog(  657): SchedLevelBoost: onProcessDied config not set!
06-24 17:08:22.345 V/WindowManager(  657): removeAppToken: AppWindowToken{e36536b token=Token{8ccc8ba ActivityRecord{bef95e5 u0 com.excelliance.dualaid/com.excelliance.kxqp.swipe.NavActivity2 t16076}}} delayed=false Callers=com.android.server.wm.DisplayContent.removeAppToken:985 com.android.server.wm.AppWindowContainerController.removeContainer:348 com.android.server.am.ActivityRecord.removeWindowContainer:1039 com.android.server.am.ActivityStack.removeActivityFromHistoryLocked:4491 
06-24 17:08:22.345 V/WindowManager(  657): removeIfPossible: Window{b90105e u0 com.excelliance.dualaid/com.excelliance.kxqp.swipe.NavActivity2} callers=com.android.server.wm.WindowState.removeIfPossible:1914 com.android.server.wm.WindowToken.removeAllWindowsIfPossible:139 com.android.server.wm.AppWindowToken.removeIfPossible:539 com.android.server.wm.AppWindowToken.onRemovedFromDisplay:606 com.android.server.wm.DisplayContent.removeAppToken:985 
06-24 17:08:22.345 I/WindowManager(  657): Destroying surface Surface(name=com.excelliance.dualaid/com.excelliance.kxqp.swipe.NavActivity2) called by com.android.server.wm.WindowStateAnimator.destroySurface:2060 com.android.server.wm.WindowStateAnimator.destroySurfaceLocked:873 com.android.server.wm.HwWindowStateAnimator.destroySurfaceLocked:1006 com.android.server.wm.WindowState.removeImmediately:1899 com.android.server.wm.WindowState.removeIfPossible:2051 com.android.server.wm.WindowState.removeIfPossible:1914 com.android.server.wm.WindowToken.removeAllWindowsIfPossible:139 com.android.server.wm.AppWindowToken.removeIfPossible:539 
06-24 17:08:22.345 V/WindowManager(  657): postWindowRemoveCleanupLocked: Window{b90105e u0 com.excelliance.dualaid/com.excelliance.kxqp.swipe.NavActivity2}
06-24 17:08:22.345 V/WindowManager(  657): Removing Window{b90105e u0 com.excelliance.dualaid/com.excelliance.kxqp.swipe.NavActivity2} from AppWindowToken{e36536b token=Token{8ccc8ba ActivityRecord{bef95e5 u0 com.excelliance.dualaid/com.excelliance.kxqp.swipe.NavActivity2 t16076}}}
06-24 17:08:22.350 V/WindowManager(  657): No longer Stopped: AppWindowToken{d3a938b token=Token{377755a ActivityRecord{d5c9105 u0 com.huawei.android.launcher/.unihome.UniHomeLauncher t15658}}}
06-24 17:08:22.351 D/ScenarioService( 1699): front pkg : com.huawei.android.launcher launcher: true
06-24 17:08:22.351 I/AppsUsage( 1699): scnOff:false FgAPP:com.huawei.android.launcher BgAPP:com.excelliance.dualaid
06-24 17:08:22.352 I/ash     ( 1699): front pkg : com.huawei.android.launcher launcher: true
06-24 17:08:22.353 D/EmcomManagerService(  657): forePackage name is com.huawei.android.launcher
06-24 17:08:22.353 D/HicomPolicyManager(  657): foreAppInfo = nullpkgName = com.huawei.android.launcher uid= 10056
06-24 17:08:22.353 E/HicomPolicyManager(  657): udp acc is not start yet!
06-24 17:08:22.353 D/HicomPolicyManager(  657): speed control is not start
06-24 17:08:22.353 E/HicomPolicyManager(  657): Network Evaluation is not start yet!
06-24 17:08:22.353 E/HicomPolicyManager(  657): foreground app info is null
06-24 17:08:22.354 D/[HwRecSys]HwRecSysService( 2647): onEvent actionID: 10010 msg:com.huawei.android.launcher		
06-24 17:08:22.354 E/[HwRecSys]HwRecSysService( 2647): getIsRportDirectService is false!
06-24 17:08:22.354 I/PGServer( 1699): report state:10000 event type:2 pid:0 uid:0 pkg:com.excelliance.dualaid to pid: 657
06-24 17:08:22.354 I/PGServer( 1699): report state:10000 event type:2 pid:0 uid:0 pkg:com.excelliance.dualaid to pid: 1699
06-24 17:08:22.354 I/SceneReceiver( 1699): state type: 10000 eventType:2 pid:0 uid:0 pkg:com.excelliance.dualaid
06-24 17:08:22.354 I/PGServer( 1699): report state:10010 event type:1 pid:0 uid:0 pkg:com.huawei.android.launcher to pid: 657
06-24 17:08:22.354 I/PGServer( 1699): report state:10010 event type:1 pid:0 uid:0 pkg:com.huawei.android.launcher to pid: 1699
06-24 17:08:22.354 I/SceneReceiver( 1699): state type: 10010 eventType:1 pid:0 uid:0 pkg:com.huawei.android.launcher
06-24 17:08:22.354 D/HwThermalStateManager( 1699): current foreapp pkg : com.huawei.android.launcher
06-24 17:08:22.355 I/PGServer( 1699): checkPkgType. calling pkg: android
06-24 17:08:22.355 I/PGServer( 1699): checkPkgType. calling pkg: android
06-24 17:08:22.360 W/libc    ( 1699): Set property "sys.aps.gameProcessName" to ""
06-24 17:08:22.360 V/WindowManager(  657): notifyAppResumed: wasStopped=true AppWindowToken{d3a938b token=Token{377755a ActivityRecord{d5c9105 u0 com.huawei.android.launcher/.unihome.UniHomeLauncher t15658}}}
06-24 17:08:22.361 W/libc    ( 1699): Set property "sys.aps.browserProcessName" to ""
06-24 17:08:22.362 V/WindowManager(  657): Checking 1 opening apps (frozen=false timeout=false)...
06-24 17:08:22.362 V/WindowManager(  657): Check opening app=AppWindowToken{d3a938b token=Token{377755a ActivityRecord{d5c9105 u0 com.huawei.android.launcher/.unihome.UniHomeLauncher t15658}}}: allDrawn=false startingDisplayed=false startingMoved=false isRelaunching()=false
06-24 17:08:22.363 I/ActivityManager(  657): Killing 10772:com.excelliance.dualaid/u0a1425 (adj 0): stop com.excelliance.dualaidfrom pid 10825by app
06-24 17:08:22.363 D/ActivityManager(  657): cleanUpApplicationRecord app: ProcessRecord{a4e4ec8 10772:com.excelliance.dualaid/u0a1425}, app.bad: false, restarting: false, allowRestart: true
06-24 17:08:22.364 W/ActivityManager(  657): Scheduling restart of crashed service com.excelliance.dualaid/com.excelliance.kxqp.SmtServService in 1000ms
06-24 17:08:22.365 V/WindowManager(  657): Checking 1 opening apps (frozen=false timeout=false)...
06-24 17:08:22.365 V/WindowManager(  657): Check opening app=AppWindowToken{d3a938b token=Token{377755a ActivityRecord{d5c9105 u0 com.huawei.android.launcher/.unihome.UniHomeLauncher t15658}}}: allDrawn=false startingDisplayed=false startingMoved=false isRelaunching()=false
06-24 17:08:22.367 V/WindowManager(  657): Checking 1 opening apps (frozen=false timeout=false)...
06-24 17:08:22.367 V/WindowManager(  657): Check opening app=AppWindowToken{d3a938b token=Token{377755a ActivityRecord{d5c9105 u0 com.huawei.android.launcher/.unihome.UniHomeLauncher t15658}}}: allDrawn=false startingDisplayed=false startingMoved=false isRelaunching()=false
06-24 17:08:22.369 E/HwLauncher( 2519): SettingsEx , no such field.
06-24 17:08:22.370 W/HwLauncher( 2519): Clock getDataFormat the getSystemString failed.
06-24 17:08:22.371 D/HwQoEUtils(  657): mForegroundAppPackageName: com.huawei.android.launcher ,score: 0
06-24 17:08:22.371 D/HwQoEUtils(  657): onForegroundAppWifiSleepChange: config:false, sleeptime:-1,type: 255, appname:com.huawei.android.launcher
06-24 17:08:22.372 D/HwQoEUtils(  657): APP type: 255 appName= com.huawei.android.launcher
06-24 17:08:22.373 D/HwQoEUtils(  657): no game, APP_TYPE_GAME, appName =com.huawei.android.launcher
06-24 17:08:22.373 D/HwGameAssistantController(  657): pid=2519, uid=10056, foreground=true
06-24 17:08:22.375 W/AwareLog(  657): SchedLevelBoost: onFgActivitiesChanged config not set!
06-24 17:08:22.376 V/AlarmManager(  657): UninstallReceiver onReceive action:android.intent.action.PACKAGE_RESTARTED
06-24 17:08:22.376 D/HwBastetService(  657): BroadcastReceiver android.intent.action.PACKAGE_RESTARTED
06-24 17:08:22.377 V/HwPhoneWindowManager(  657): updateSystemUiColorLw window=Window{68d6975 u0 com.huawei.android.launcher/com.huawei.android.launcher.unihome.UniHomeLauncher},EmuiStyle=-1,StatusBarColor=0xff00acc1,NavigationBarColor=0x0, mLastIsEmuiLightStyle=-1
06-24 17:08:22.377 I/HwCoreAppHelperService( 1478): LocalReceiver receives:android.intent.action.PACKAGE_RESTARTED,pkg:com.excelliance.dualaid,uid:11425
06-24 17:08:22.379 V/WindowManager(  657): Checking 1 opening apps (frozen=false timeout=false)...
06-24 17:08:22.379 V/WindowManager(  657): Check opening app=AppWindowToken{d3a938b token=Token{377755a ActivityRecord{d5c9105 u0 com.huawei.android.launcher/.unihome.UniHomeLauncher t15658}}}: allDrawn=false startingDisplayed=false startingMoved=false isRelaunching()=false
06-24 17:08:22.379 D/HwGpsPowerTracker(  657): LocalReceiver receives:android.intent.action.PACKAGE_RESTARTED
06-24 17:08:22.379 D/PMS1000 (  657): package:com.excelliance.dualaid, input flags:0, output hwFlags:0
06-24 17:08:22.379 I/WindowManager(  657): notifyAccessibilityButtonVisibilityChanged visible:false
06-24 17:08:22.380 E/NfcNci  ( 2677): NfcUtils error: APP have nfc permission
06-24 17:08:22.381 I/GRALLOC (  679): 	 shrFd=10,fmt=0x1,intFmt=0x200000001,btStrd=4352,size=8486912,pid=679 
06-24 17:08:22.381 I/GRALLOC (  679): 	 yuv=2,w=1080,h=1920,Stride u=0 v=0,offset u=0 v=0 
06-24 17:08:22.381 I/GRALLOC (  679): 	 iova_size=8486912,conUsg=0x900,proUsg=0x900,	 strd=1088,[afbc]HdrStrd=1088 PyldStrd=69632 Scrmbl=2,ionhnd = 1 
06-24 17:08:22.382 D/PMS1027 (  657): package:com.google.android.apps.walletnfcrel, input flags:8192, output is null
06-24 17:08:22.382 I/HwNetworkPolicy(  657): onTransact, code = 203
06-24 17:08:22.383 D/ApduServiceInfo( 2677): No com.nxp.nfc.extensions meta-data
06-24 17:08:22.383 D/ApduServiceInfo( 2677): No com.nxp.nfc.extensions meta-data
