06-24 16:36:53.120 D/HwUidTcpMonitor(  657): parseWlanUidTcpStatistics lastUidTcpStatInfo = [ mUid = 10122 mPacketName = com.eg.android.AlipayGphone mSendSegs = 344 mResendSegs = 0 mRcvSegs = 360 ]
06-24 16:36:53.120 I/QosMonitor(  657): postEventFromNative: msg=100,arg1=4,arg2=10
06-24 16:36:53.121 D/HwWifiConnectivityMonitor(  657): handleTopUidInternetStatusChanged, uid = 11423, status = 0
06-24 16:36:53.121 I/HwQoEJNI(  657): send_cmd_kernel. begin
06-24 16:36:53.121 I/HwQoEJNI(  657): send_cmd_kernel. end
06-24 16:36:53.121 I/QosMonitor(  657): postEventFromNative: msg=100,arg1=0,arg2=10
06-24 16:36:53.121 D/HuaweiWifiWatchdogStateMachine(  657): f2:9f:**:**:8f:43 current RTT[-45]=168, volume=16
06-24 16:36:53.121 D/HuaweiWifiWatchdogStateMachine(  657): f2:9f:**:**:8f:43 history RTT[-45]=237, volume=1690026
06-24 16:36:53.121 D/HuaweiWifiWatchdogStateMachine(  657): setSampleRtt: rtt=168,rtt_pkts =16,rtt_when=3
06-24 16:36:53.121 I/MQoS    (  657): rtt=160,tcp_tx_pkts=425253,tcp_rx_pkts=444951
06-24 16:36:53.121 I/QosMonitor(  657): resetRtt: rtt_type = 3
06-24 16:36:53.121 I/HwQoEJNI(  657): send_cmd_kernel. begin
06-24 16:36:53.121 I/HwQoEJNI(  657): send_cmd_kernel. end
06-24 16:36:53.122 D/HuaweiWifiWatchdogStateMachine(  657): dumpTcpResult: len=10,rtt=160,rttPkt=17,rttWn=3,cgt=16,cgtWn=9760096
06-24 16:36:53.122 I/HuaweiWifiWatchdogStateMachine(  657): PTcp RTT:160, rtt pkt=17, tcp_rx=38, tcp_tx=45, tcp_reTran=0, rtRate=0
06-24 16:36:53.122 D/HuaweiWifiWatchdogStateMachine(  657): isRttGood is good, AvgRtt = 160, TotPkt = 17
06-24 16:36:53.122 D/HuaweiWifiWatchdogStateMachine(  657): mRssiBadCount =0, RSSI not bad.
06-24 16:36:53.122 D/HuaweiWifiWatchdogStateMachine(  657): detectNetworkAvailable:hw.wifipro.dns_fail_count = 66
06-24 16:36:53.122 D/HuaweiWifiWatchdogStateMachine(  657): detectNetworkAvailable: tcpRxPkts != 0, reset
06-24 16:36:53.122 I/HuaweiWifiWatchdogStateMachine(  657): rs ota tcp lr rttvb bad: false, false, false, false, false; rsth:-75
06-24 16:36:53.122 D/HuaweiWifiWatchdogStateMachine(  657): GSC:0, GSR:1.0, RSR:1.0, RTH:-75
06-24 16:36:53.122 D/HuaweiWifiWatchdogStateMachine(  657): goodperiod count=1, rb rttg sg =false, true, false
06-24 16:36:53.122 D/HuaweiWifiWatchdogStateMachine(  657): bqeLevel = 3 rtt=160,rtt_pkts=17 speed=6434 rssi=-43
06-24 16:36:53.122 D/HuaweiWifiWatchdogStateMachine(  657): Enter updateQoeLevel level = 3
06-24 16:36:53.122 D/HuaweiWifiWatchdogStateMachine(  657): updateQoeLevel current level equal to mLastDetectLevel, return
06-24 16:36:53.122 I/HuaweiWifiWatchdogStateMachine(  657):  pkt chk not bad, reset sc to 0.
06-24 16:36:53.122 D/HuaweiWifiWatchdogStateMachine(  657): ### mPktChkBadCnt=0
06-24 16:36:53.122 I/MQoS    (  657): QOS_level:0(0),DataDisable;use level-0
06-24 16:36:53.122 I/MQoS    (  657): skip-low-Level:0(0),DataDisable;use level-0
06-24 16:36:53.130 I/appium  (24379): channel read invoked!
06-24 16:36:53.130 I/appium  (24379): channel read: POST /wd/hub/session/12d3f873-0ea4-4775-928a-9964d13dcd6c/element
06-24 16:36:53.130 I/appium  (24379): Find element command
06-24 16:36:53.131 D/appium  (24379): payload: {"strategy":"id","selector":"com.excelliance.dualaid:id/bt_explore","context":"","multiple":false}
06-24 16:36:53.132 I/appium  (24379): find element command using 'id' with selector 'com.excelliance.dualaid:id/bt_explore'.
06-24 16:36:53.141 I/appium  (24379): AppiumResponse: {"sessionId":"12d3f873-0ea4-4775-928a-9964d13dcd6c","status":0,"value":{"ELEMENT":"569f92f6-a750-45ff-952f-2bfa0fb7c54d"}}
06-24 16:36:53.155 I/appium  (24379): channel read invoked!
06-24 16:36:53.155 I/appium  (24379): channel read: GET /wd/hub/session/12d3f873-0ea4-4775-928a-9964d13dcd6c/source
06-24 16:36:53.166 I/appium  (24379): Skipping invisible child: android.view.accessibility.AccessibilityNodeInfo@859c; boundsInParent: Rect(0, 0 - 1080, 1920); boundsInScreen: Rect(0, 0 - -1080, 1920); packageName: com.excelliance.dualaid; className: android.widget.RelativeLayout; text: null; error: null; maxTextLength: -1; contentDescription: null; viewIdResName: null; checkable: false; checked: false; focusable: false; focused: false; selected: false; clickable: false; longClickable: false; contextClickable: false; enabled: true; password: false; scrollable: false; importantForAccessibility: false; actions: [AccessibilityAction: ACTION_SELECT - null, AccessibilityAction: ACTION_CLEAR_SELECTION - null, AccessibilityAction: ACTION_ACCESSIBILITY_FOCUS - null, AccessibilityAction: ACTION_SHOW_ON_SCREEN - null]
06-24 16:36:53.167 I/appium  (24379): Skipping invisible child: android.view.accessibility.AccessibilityNodeInfo@a3a4; boundsInParent: Rect(0, 0 - 1080, 1920); boundsInScreen: Rect(0, 0 - 0, 1920); packageName: com.excelliance.dualaid; className: android.widget.RelativeLayout; text: null; error: null; maxTextLength: -1; contentDescription: null; viewIdResName: null; checkable: false; checked: false; focusable: false; focused: false; selected: false; clickable: false; longClickable: false; contextClickable: false; enabled: true; password: false; scrollable: false; importantForAccessibility: false; actions: [AccessibilityAction: ACTION_SELECT - null, AccessibilityAction: ACTION_CLEAR_SELECTION - null, AccessibilityAction: ACTION_ACCESSIBILITY_FOCUS - null, AccessibilityAction: ACTION_SHOW_ON_SCREEN - null]
06-24 16:36:53.168 I/appium  (24379): Fetch time: 4ms
06-24 16:36:53.183 I/appium  (24379): AppiumResponse: {"sessionId":"12d3f873-0ea4-4775-928a-9964d13dcd6c","status":0,"value":"<?xml version=\"1.0\" encoding=\"UTF-8\"?><hierarchy rotation=\"0\"><android.widget.FrameLayout index=\"0\" text=\"\" class=\"android.widget.FrameLayout\" package=\"com.excelliance.dualaid\" content-desc=\"\" checkable=\"false\" checked=\"false\" clickable=\"false\" enabled=\"true\" focusable=\"false\" focused=\"false\" scrollable=\"false\" long-clickable=\"false\" password=\"false\" selected=\"false\" bounds=\"[0,0][1080,1920]\" resource-id=\"\" instance=\"0\"><android.widget.LinearLayout index=\"0\" text=\"\" class=\"android.widget.LinearLayout\" package=\"com.excelliance.dualaid\" content-desc=\"\" checkable=\"false\" checked=\"false\" clickable=\"false\" enabled=\"true\" focusable=\"false\" focused=\"false\" scrollable=\"false\" long-clickable=\"false\" password=\"false\" selected=\"false\" bounds=\"[0,0][1080,1920]\" resource-id=\"\" instance=\"0\"><android.widget.FrameLayout index=\"0\" text=\"\" class=\"android.widget.FrameLayout\" package=\"com.excelliance.dualaid\" content-desc=\"\" checkable=\"false\" checked=\"false\" clickable=\"false\" enabled=\"true\" focusable=\"false\" focused=\"false\" scrollable=\"false\" long-clickable=\"false\" password=\"false\" selected=\"false\" bounds=\"[0,0][1080,1920]\" resource-id=\"android:id\/content\" instance=\"1\"><android.widget.FrameLayout index=\"0\" text=\"\" class=\"android.widget.FrameLayout\" package=\"com.excelliance.dualaid\" content-desc=\"\" checkable=\"false\" checked=\"false\" clickable=\"false\" enabled=\"true\" focusable=\"false\" focused=\"false\" scrollable=\"false\" long-clickable=\"false\" password=\"false\" selected=\"false\" bounds=\"[0,0][1080,1920]\" resource-id=\"\" instance=\"2\"><android.widget.RelativeLayout index=\"0\" text=\"\" class=\"android.widget.RelativeLayout\" package=\"com.excelliance.dualaid\" content-desc=\"\" checkable=\"false\" checked=\"false\" clickable=\"false\" enabled=\"true\" focusable=\"false\" focused=\"false\" scrollable=\"false\" long-clickable=\"false\" password=\"false\" selected=\"false\" bounds=\"[0,0][1080,1920]\" resource-id=\"com.excelliance.dualaid:id\/rl_guide_original\" instance=\"0\"><android.support.v4.view.ViewPager index=\"0\" text=\"\" class=\"android.support.v4.view.ViewPager\" package=\"com.excelliance.dualaid\" content-desc=\"\" checkable=\"false\" checked=\"false\" clickable=\"false\" enabled=\"true\" focusable=\"true\" focused=\"false\" scrollable=\"true\" long-clickable=\"false\" password=\"false\" selected=\"false\" bounds=\"[0,0][1080,1920]\" resource-id=\"com.excelliance.dualaid:id\/vp_nav\" instance=\"0\"><android.widget.RelativeLayout index=\"2\" text=\"\" class=\"android.widget.RelativeLayout\" package=\"com.excelliance.dualaid\" content-desc=\"\" checkable=\"false\" checked=\"false\" clickable=\"false\" enabled=\"true\" focusable=\"false\" focused=\"false\" scrollable=\"false\" long-clickable=\"false\" password=\"false\" selected=\"false\" bounds=\"[0,0][1080,1920]\" resource-id=\"\" instance=\"1\"><android.view.View index=\"0\" text=\"\" class=\"android.view.View\" package=\"com.excelliance.dualaid\" content-desc=\"\" checkable=\"false\" checked=\"false\" clickable=\"false\" enabled=\"true\" focusable=\"false\" focused=\"false\" scrollable=\"false\" long-clickable=\"false\" password=\"false\" selected=\"false\" bounds=\"[0,0][1080,1920]\" resource-id=\"\" instance=\"0\"\/><android.widget.ImageView index=\"1\" text=\"\" class=\"android.widget.ImageView\" package=\"com.excelliance.dualaid\" content-desc=\"\" checkable=\"false\" checked=\"false\" clickable=\"false\" enabled=\"true\" focusable=\"false\" focused=\"false\" scrollable=\"false\" long-clickable=\"false\" password=\"false\" selected=\"false\" bounds=\"[345,318][847,1268]\" resource-id=\"\" instance=\"0\"\/><android.widget.ImageView index=\"2\" text=\"\" class=\"android.widget.ImageView\" package=\"com.excelliance.dualaid\" content-desc=\"\" checkable=\"false\" checked=\"false\" clickable=\"false\" enabled=\"true\" 
06-24 16:36:53.205 I/appium  (24379): channel read invoked!
06-24 16:36:53.205 I/appium  (24379): channel read: GET /wd/hub/session/12d3f873-0ea4-4775-928a-9964d13dcd6c/source
06-24 16:36:53.215 I/appium  (24379): Skipping invisible child: android.view.accessibility.AccessibilityNodeInfo@859c; boundsInParent: Rect(0, 0 - 1080, 1920); boundsInScreen: Rect(0, 0 - -1080, 1920); packageName: com.excelliance.dualaid; className: android.widget.RelativeLayout; text: null; error: null; maxTextLength: -1; contentDescription: null; viewIdResName: null; checkable: false; checked: false; focusable: false; focused: false; selected: false; clickable: false; longClickable: false; contextClickable: false; enabled: true; password: false; scrollable: false; importantForAccessibility: false; actions: [AccessibilityAction: ACTION_SELECT - null, AccessibilityAction: ACTION_CLEAR_SELECTION - null, AccessibilityAction: ACTION_ACCESSIBILITY_FOCUS - null, AccessibilityAction: ACTION_SHOW_ON_SCREEN - null]
06-24 16:36:53.215 I/appium  (24379): Skipping invisible child: android.view.accessibility.AccessibilityNodeInfo@a3a4; boundsInParent: Rect(0, 0 - 1080, 1920); boundsInScreen: Rect(0, 0 - 0, 1920); packageName: com.excelliance.dualaid; className: android.widget.RelativeLayout; text: null; error: null; maxTextLength: -1; contentDescription: null; viewIdResName: null; checkable: false; checked: false; focusable: false; focused: false; selected: false; clickable: false; longClickable: false; contextClickable: false; enabled: true; password: false; scrollable: false; importantForAccessibility: false; actions: [AccessibilityAction: ACTION_SELECT - null, AccessibilityAction: ACTION_CLEAR_SELECTION - null, AccessibilityAction: ACTION_ACCESSIBILITY_FOCUS - null, AccessibilityAction: ACTION_SHOW_ON_SCREEN - null]
06-24 16:36:53.216 I/appium  (24379): Fetch time: 4ms
06-24 16:36:53.230 I/appium  (24379): AppiumResponse: {"sessionId":"12d3f873-0ea4-4775-928a-9964d13dcd6c","status":0,"value":"<?xml version=\"1.0\" encoding=\"UTF-8\"?><hierarchy rotation=\"0\"><android.widget.FrameLayout index=\"0\" text=\"\" class=\"android.widget.FrameLayout\" package=\"com.excelliance.dualaid\" content-desc=\"\" checkable=\"false\" checked=\"false\" clickable=\"false\" enabled=\"true\" focusable=\"false\" focused=\"false\" scrollable=\"false\" long-clickable=\"false\" password=\"false\" selected=\"false\" bounds=\"[0,0][1080,1920]\" resource-id=\"\" instance=\"0\"><android.widget.LinearLayout index=\"0\" text=\"\" class=\"android.widget.LinearLayout\" package=\"com.excelliance.dualaid\" content-desc=\"\" checkable=\"false\" checked=\"false\" clickable=\"false\" enabled=\"true\" focusable=\"false\" focused=\"false\" scrollable=\"false\" long-clickable=\"false\" password=\"false\" selected=\"false\" bounds=\"[0,0][1080,1920]\" resource-id=\"\" instance=\"0\"><android.widget.FrameLayout index=\"0\" text=\"\" class=\"android.widget.FrameLayout\" package=\"com.excelliance.dualaid\" content-desc=\"\" checkable=\"false\" checked=\"false\" clickable=\"false\" enabled=\"true\" focusable=\"false\" focused=\"false\" scrollable=\"false\" long-clickable=\"false\" password=\"false\" selected=\"false\" bounds=\"[0,0][1080,1920]\" resource-id=\"android:id\/content\" instance=\"1\"><android.widget.FrameLayout index=\"0\" text=\"\" class=\"android.widget.FrameLayout\" package=\"com.excelliance.dualaid\" content-desc=\"\" checkable=\"false\" checked=\"false\" clickable=\"false\" enabled=\"true\" focusable=\"false\" focused=\"false\" scrollable=\"false\" long-clickable=\"false\" password=\"false\" selected=\"false\" bounds=\"[0,0][1080,1920]\" resource-id=\"\" instance=\"2\"><android.widget.RelativeLayout index=\"0\" text=\"\" class=\"android.widget.RelativeLayout\" package=\"com.excelliance.dualaid\" content-desc=\"\" checkable=\"false\" checked=\"false\" clickable=\"false\" enabled=\"true\" focusable=\"false\" focused=\"false\" scrollable=\"false\" long-clickable=\"false\" password=\"false\" selected=\"false\" bounds=\"[0,0][1080,1920]\" resource-id=\"com.excelliance.dualaid:id\/rl_guide_original\" instance=\"0\"><android.support.v4.view.ViewPager index=\"0\" text=\"\" class=\"android.support.v4.view.ViewPager\" package=\"com.excelliance.dualaid\" content-desc=\"\" checkable=\"false\" checked=\"false\" clickable=\"false\" enabled=\"true\" focusable=\"true\" focused=\"false\" scrollable=\"true\" long-clickable=\"false\" password=\"false\" selected=\"false\" bounds=\"[0,0][1080,1920]\" resource-id=\"com.excelliance.dualaid:id\/vp_nav\" instance=\"0\"><android.widget.RelativeLayout index=\"2\" text=\"\" class=\"android.widget.RelativeLayout\" package=\"com.excelliance.dualaid\" content-desc=\"\" checkable=\"false\" checked=\"false\" clickable=\"false\" enabled=\"true\" focusable=\"false\" focused=\"false\" scrollable=\"false\" long-clickable=\"false\" password=\"false\" selected=\"false\" bounds=\"[0,0][1080,1920]\" resource-id=\"\" instance=\"1\"><android.view.View index=\"0\" text=\"\" class=\"android.view.View\" package=\"com.excelliance.dualaid\" content-desc=\"\" checkable=\"false\" checked=\"false\" clickable=\"false\" enabled=\"true\" focusable=\"false\" focused=\"false\" scrollable=\"false\" long-clickable=\"false\" password=\"false\" selected=\"false\" bounds=\"[0,0][1080,1920]\" resource-id=\"\" instance=\"0\"\/><android.widget.ImageView index=\"1\" text=\"\" class=\"android.widget.ImageView\" package=\"com.excelliance.dualaid\" content-desc=\"\" checkable=\"false\" checked=\"false\" clickable=\"false\" enabled=\"true\" focusable=\"false\" focused=\"false\" scrollable=\"false\" long-clickable=\"false\" password=\"false\" selected=\"false\" bounds=\"[345,318][847,1268]\" resource-id=\"\" instance=\"0\"\/><android.widget.ImageView index=\"2\" text=\"\" class=\"android.widget.ImageView\" package=\"com.excelliance.dualaid\" content-desc=\"\" checkable=\"false\" checked=\"false\" clickable=\"false\" enabled=\"true\" 
06-24 16:36:53.255 I/appium  (24379): channel read invoked!
06-24 16:36:53.255 I/appium  (24379): channel read: POST /wd/hub/session/12d3f873-0ea4-4775-928a-9964d13dcd6c/element/569f92f6-a750-45ff-952f-2bfa0fb7c54d/click
06-24 16:36:53.255 D/appium  (24379): payload: {"element":"569f92f6-a750-45ff-952f-2bfa0fb7c54d"}
06-24 16:36:53.255 I/appium  (24379): Click element command
06-24 16:36:53.262 D/FingerprintActionsListener(  657): touchDownIsValid MotionEvent.ACTION_DOWN 
06-24 16:36:53.262 D/FingerprintActionsListener(  657): touchDownIsValidLazyMode = false  touchDownIsValidHiBoard = false
06-24 16:36:53.269 I/appium  (24379): AppiumResponse: {"sessionId":"12d3f873-0ea4-4775-928a-9964d13dcd6c","status":0,"value":true}
06-24 16:36:53.276 V/AudioManager(25811): playSoundEffect   effectType: 0
06-24 16:36:53.277 D/PMS11423(  657): package:com.excelliance.dualaid, input flags:0, output hwFlags:0
06-24 16:36:53.278 V/AddGameData(25811): Manufacturer:HUAWEI
06-24 16:36:53.280 I/appium  (24379): channel read invoked!
06-24 16:36:53.280 I/appium  (24379): channel read: GET /wd/hub/session/12d3f873-0ea4-4775-928a-9964d13dcd6c/source
06-24 16:36:53.281 D/HwWifiStatStore(  657): handleMessage : 200
06-24 16:36:53.316 D/PMS1000 (  657): package:com.excelliance.dualaid, input flags:0, output hwFlags:0
06-24 16:36:53.317 D/PMS1000 (  657): package:com.excelliance.dualaid, input flags:8192, output hwFlags:0
06-24 16:36:53.321 D/PMS1000 (  657): package:com.excelliance.dualaid, input flags:8192, output hwFlags:0
06-24 16:36:53.325 W/HSM     ( 1813): HoldService:toast switch is close!
06-24 16:36:53.326 D/ApplicationPackageManager(25811): getInstalledApplications blocked
06-24 16:36:53.328 D/HsmInterfaceImpl(25811): List [ApplicationInfo{a218d91 com.huawei.hifolder}, ApplicationInfo{891a4f6 com.github.shadowsocks}, ApplicationInfo{28a60f7 com.excelliance.dualaid}]
06-24 16:36:53.328 V/AddGameData(25811): appInfoList.size():3
06-24 16:36:53.328 V/AddGameData(25811): can read pkg:com.github.shadowsocks
06-24 16:36:53.338 I/HwCust  (25811): Constructor found for class android.net.HwCustConnectivityManagerImpl
06-24 16:36:53.338 D/HwCust  (25811): Create obj success use class android.net.HwCustConnectivityManagerImpl
06-24 16:36:53.355 D/Notification2Receiver(25839): Notification2Receiver onReceive enter
06-24 16:36:53.356 D/PMS1000 (  657): package:com.excelliance.dualaid, input flags:8192, output hwFlags:0
06-24 16:36:53.356 V/BroadcastQueue(  657): Finished with ordered broadcast BroadcastRecord{4758867 u0 com.excelliance.dualaid.action.phone_res_download}
06-24 16:36:53.356 D/VersionManager(25839): queryUpdateInfoOfResources
06-24 16:36:53.359 W/HSM     ( 1813): HoldService:toast switch is close!
06-24 16:36:53.360 D/ApplicationPackageManager(25811): queryIntentActivitiesAsUser blocked, Intent { act=android.intent.action.MAIN cat=[android.intent.category.LAUNCHER] pkg=com.tencent.mm }
06-24 16:36:53.360 D/HsmInterfaceImpl(25811): List [ResolveInfo{aab1a82 com.tencent.mm/.ui.LauncherUI m=0x108000}]
06-24 16:36:53.361 V/Phone_Manufacturer(25839): Manufacturer:HUAWEI
06-24 16:36:53.363 V/Phone   (25839): isExitstActivityInPkg:exist com.huawei.systemmanager.optimize.process.ProtectActivity
06-24 16:36:53.363 V/Phone   (25839): isExitAppInManufacturer: model:hi6250 manufacturer:huawei
06-24 16:36:53.364 I/ActivityManager(  657): START u0 {cmp=com.excelliance.dualaid/com.excelliance.kxqp.ui.HelloActivity (has extras)} from uid 11423
06-24 16:36:53.364 I/ActivityManager(  657): ActivityRecord info: ActivityInfo{fad70dc com.excelliance.kxqp.ui.HelloActivity}
06-24 16:36:53.371 V/WindowManager(  657): addAppToken: AppWindowToken{8943cb2 token=Token{b4cfebd ActivityRecord{c44a614 u0 com.excelliance.dualaid/com.excelliance.kxqp.ui.HelloActivity t16058}}} controller={TaskWindowContainerController taskId=16058} at 2147483647
06-24 16:36:53.374 V/Phone   (25839): isExitstActivityInPkg:exist com.huawei.systemmanager.optimize.process.ProtectActivity
06-24 16:36:53.374 V/Phone   (25839): isExitAppInManufacturer: model:hi6250 manufacturer:huawei
06-24 16:36:53.376 I/PGServer( 1699): android calls fast hibernateApps
06-24 16:36:53.376 I/AppFastHibernation( 1699): fast hibernate duration: 1500 reason: start activity
06-24 16:36:53.377 I/Pged-IPgedBinderService(  769): ****action is 1, pid num is 7***
06-24 16:36:53.377 I/Pged-Freezer(  769): freezePids
06-24 16:36:53.377 I/Pged-Freezer(  769): Freeze process: 29457
06-24 16:36:53.377 D/PMS1000 (  657): package:com.excelliance.dualaid, input flags:1, output hwFlags:0
06-24 16:36:53.378 D/PMS11423(  657): package:com.excelliance.dualaid, input flags:128, output hwFlags:0
06-24 16:36:53.378 I/Pged-Freezer(  769): Freeze process: 19894
06-24 16:36:53.379 I/Pged-Freezer(  769): Freeze process: 29531
06-24 16:36:53.379 I/Pged-Freezer(  769): Freeze process: 14942
06-24 16:36:53.381 I/Pged-Freezer(  769): Freeze process: 15544
06-24 16:36:53.382 I/appium  (24379): Skipping invisible child: android.view.accessibility.AccessibilityNodeInfo@859c; boundsInParent: Rect(0, 0 - 1080, 1920); boundsInScreen: Rect(0, 0 - -1080, 1920); packageName: com.excelliance.dualaid; className: android.widget.RelativeLayout; text: null; error: null; maxTextLength: -1; contentDescription: null; viewIdResName: null; checkable: false; checked: false; focusable: false; focused: false; selected: false; clickable: false; longClickable: false; contextClickable: false; enabled: true; password: false; scrollable: false; importantForAccessibility: false; actions: [AccessibilityAction: ACTION_SELECT - null, AccessibilityAction: ACTION_CLEAR_SELECTION - null, AccessibilityAction: ACTION_ACCESSIBILITY_FOCUS - null, AccessibilityAction: ACTION_SHOW_ON_SCREEN - null]
06-24 16:36:53.383 I/appium  (24379): Skipping invisible child: android.view.accessibility.AccessibilityNodeInfo@a3a4; boundsInParent: Rect(0, 0 - 1080, 1920); boundsInScreen: Rect(0, 0 - 0, 1920); packageName: com.excelliance.dualaid; className: android.widget.RelativeLayout; text: null; error: null; maxTextLength: -1; contentDescription: null; viewIdResName: null; checkable: false; checked: false; focusable: false; focused: false; selected: false; clickable: false; longClickable: false; contextClickable: false; enabled: true; password: false; scrollable: false; importantForAccessibility: false; actions: [AccessibilityAction: ACTION_SELECT - null, AccessibilityAction: ACTION_CLEAR_SELECTION - null, AccessibilityAction: ACTION_ACCESSIBILITY_FOCUS - null, AccessibilityAction: ACTION_SHOW_ON_SCREEN - null]
06-24 16:36:53.380 I/chatty  (  657): uid=1000(system) Binder:657_8 identical 1 line
06-24 16:36:53.381 D/PMS11423(  657): package:com.excelliance.dualaid, input flags:128, output hwFlags:0
06-24 16:36:53.383 V/WindowManager(  657): No longer Stopped: AppWindowToken{8943cb2 token=Token{b4cfebd ActivityRecord{c44a614 u0 com.excelliance.dualaid/com.excelliance.kxqp.ui.HelloActivity t16058}}}
06-24 16:36:53.383 I/Pged-Freezer(  769): Freeze process: 24379
06-24 16:36:53.383 I/appium  (24379): Fetch time: 2ms
06-24 16:36:53.383 V/WindowManager(  657): No longer Stopped: AppWindowToken{8943cb2 token=Token{b4cfebd ActivityRecord{c44a614 u0 com.excelliance.dualaid/com.excelliance.kxqp.ui.HelloActivity t16058}}}
06-24 16:36:53.385 V/WindowManager(  657): findFocusedWindow: AppWindowToken{41346af token=Token{6c2e8e ActivityRecord{e805e89 u0 com.excelliance.dualaid/com.excelliance.kxqp.swipe.NavActivity2 t16058}}} below Reached focused app=AppWindowToken{8943cb2 token=Token{b4cfebd ActivityRecord{c44a614 u0 com.excelliance.dualaid/com.excelliance.kxqp.ui.HelloActivity t16058}}}
06-24 16:36:53.385 D/PgedBinderAdapter( 1699): frz ok, pid: [29457, 19894, 29531, 14942, 15544, 24379]
06-24 16:36:53.387 D/PMS11423(  657): package:com.excelliance.dualaid, input flags:128, output hwFlags:0
06-24 16:36:53.387 D/PMS11423(  657): package:com.excelliance.dualaid, input flags:128, output hwFlags:0
06-24 16:36:53.389 V/WindowManager(  657): Checking 1 opening apps (frozen=false timeout=false)...
06-24 16:36:53.389 V/WindowManager(  657): Check opening app=AppWindowToken{8943cb2 token=Token{b4cfebd ActivityRecord{c44a614 u0 com.excelliance.dualaid/com.excelliance.kxqp.ui.HelloActivity t16058}}}: allDrawn=false startingDisplayed=false startingMoved=false isRelaunching()=false
06-24 16:36:53.391 D/PMS11423(  657): package:com.excelliance.dualaid, input flags:128, output hwFlags:0
06-24 16:36:53.395 D/HwCust  (25811): Create obj success use class android.app.HwCustActivityImpl
06-24 16:36:53.395 D/HwCust  (25811): Create obj success use class android.app.HwCustHwWallpaperManagerImpl
06-24 16:36:53.391 D/PMS11423(  657): package:com.excelliance.dualaid, input flags:128, output hwFlags:0
06-24 16:36:53.396 V/ActivityThread(25811): ActivityThread,callActivityOnCreate
06-24 16:36:53.397 D/HelloActivity(25811): Memory:25140M
06-24 16:36:53.397 D/HelloActivity(25811): onCreate: true
06-24 16:36:53.398 D/PMS11423(  657): package:com.excelliance.dualaid, input flags:128, output hwFlags:0
06-24 16:36:53.399 D/HelloActivity(25811): mIsNav = true
06-24 16:36:53.400 D/PMS11423(  657): package:com.excelliance.dualaid, input flags:128, output hwFlags:0
06-24 16:36:53.403 D/HelloActivity(25811): requestShowOneKeyLoginConfig: 
06-24 16:36:53.404 D/GameUtilBuild(25811): getCompVersion e:java.lang.NullPointerException: Attempt to invoke virtual method 'android.content.pm.PackageManager android.content.Context.getPackageManager()' on a null object reference
06-24 16:36:53.404 D/PMS11423(  657): package:com.excelliance.dualaid, input flags:0, output hwFlags:0
06-24 16:36:53.405 D/PMS11423(  657): package:com.excelliance.dualaid, input flags:128, output hwFlags:0
06-24 16:36:53.406 I/chatty  (  657): uid=1000(system) Binder:657_19 identical 1 line
06-24 16:36:53.411 D/PMS11423(  657): package:com.excelliance.dualaid, input flags:128, output hwFlags:0
06-24 16:36:53.411 D/PMS1000 (  657): package:com.excelliance.dualaid, input flags:8192, output hwFlags:0
06-24 16:36:53.412 D/PMS11423(  657): package:com.excelliance.dualaid, input flags:128, output hwFlags:0
06-24 16:36:53.413 D/PMS1001 (  657): package:com.excelliance.dualaid, input flags:0, output hwFlags:0
06-24 16:36:53.413 D/PMS11423(  657): package:com.excelliance.dualaid, input flags:128, output hwFlags:0
06-24 16:36:53.414 D/PMS11423(  657): package:com.excelliance.dualaid, input flags:128, output hwFlags:0
06-24 16:36:53.421 D/CubicBezierInterpolator(25811): CubicBezierInterpolator  mControlPoint1x = 0.23, mControlPoint1y = 0.06, mControlPoint2x = 0.09, mControlPoint2y = 0.97
06-24 16:36:53.421 D/CubicBezierInterpolator(25811): CubicBezierInterpolator  mControlPoint1x = 0.6, mControlPoint1y = 0.9, mControlPoint2x = 0.8, mControlPoint2y = 1.0
06-24 16:36:53.421 D/CubicBezierInterpolator(25811): CubicBezierInterpolator  mControlPoint1x = 0.23, mControlPoint1y = 0.06, mControlPoint2x = 0.09, mControlPoint2y = 0.97
06-24 16:36:53.421 D/CubicBezierInterpolator(25811): CubicBezierInterpolator  mControlPoint1x = 0.6, mControlPoint1y = 0.9, mControlPoint2x = 0.8, mControlPoint2y = 1.0
06-24 16:36:53.422 D/PMS11423(  657): package:com.excelliance.dualaid, input flags:128, output hwFlags:0
06-24 16:36:53.423 D/HwWechatOptimizeImpl(25811): mIsEffect:false
06-24 16:36:53.428 D/HwRTBlurUtils(25811): check blur style for HwPhoneWindow-, themeResId : 0x7f0e001c, context : com.excelliance.kxqp.ui.HelloActivity@c4029d0, Nhwext : 0, get Blur : disable with , null
06-24 16:36:53.429 V/InitialData(25839): capitalize:Hi6250_launch
06-24 16:36:53.429 V/HelloActivity(25811): start add appType：0
06-24 16:36:53.429 V/GameUtil(25839): getCurrentVersionByKey : hi6250_launch	current_hi6250_launch_version	Hi6250_launchVersion
06-24 16:36:53.429 D/PMS11423(  657): package:com.tencent.mm, input flags:0, output hwFlags:0
06-24 16:36:53.430 D/PMS11423(  657): package:com.excelliance.dualaid, input flags:128, output hwFlags:0
06-24 16:36:53.430 V/GameUtil(25839): saveVersionToFileByKey  xml_key :hi6250_launch  result:-1
06-24 16:36:53.433 V/GameUtil(25839): getCurrentVersionByKey  hi6250_launch:-1
06-24 16:36:53.434 V/AddGameData(25839): _applist:hi6250
06-24 16:36:53.434 V/InitialData(25839): capitalize:Hi6250_applist
06-24 16:36:53.434 V/GameUtil(25839): getCurrentVersionByKey : hi6250_applist	current_hi6250_applist_version	Hi6250_applistVersion
06-24 16:36:53.434 D/PMS11423(  657): package:com.excelliance.dualaid, input flags:128, output hwFlags:0
06-24 16:36:53.435 V/GameUtil(25839): saveVersionToFileByKey  xml_key :hi6250_applist  result:-1
06-24 16:36:53.438 V/GameUtil(25839): getCurrentVersionByKey  hi6250_applist:-1
06-24 16:36:53.438 V/InitialData(25839): capitalize:Hi6250_notification
06-24 16:36:53.438 V/GameUtil(25839): getCurrentVersionByKey : hi6250_notification	current_hi6250_notification_version	Hi6250_notificationVersion
06-24 16:36:53.438 D/PMS11423(  657): package:com.excelliance.dualaid, input flags:128, output hwFlags:0
06-24 16:36:53.439 V/GameUtil(25839): saveVersionToFileByKey  xml_key :hi6250_notification  result:-1
06-24 16:36:53.439 E/HwResourcesImpl(25811): readDefaultConfig : FileNotFoundException
06-24 16:36:53.441 V/GameUtil(25839): getCurrentVersionByKey  hi6250_notification:-1
06-24 16:36:53.443 I/HwCust  (25811): Constructor found for class android.content.res.HwCustHwResourcesImpl
06-24 16:36:53.443 D/HwCust  (25811): Create obj success use class android.content.res.HwCustHwResourcesImpl
06-24 16:36:53.444 V/VersionManager(25839): ver source:{"hi6250_launch":"0","hi6250_applist":"0","hi6250_notification":"0"}
06-24 16:36:53.444 V/VersionManager(25839): ver :eyJoaTYyNTBfbGF1bmNoIjoiMCIsImhpNjI1MF9hcHBsaXN0IjoiMCIsImhpNjI1MF9ub3RpZmlj%0AYXRpb24iOiIwIn0%3D%0A
06-24 16:36:53.447 V/UrlUtil (25839): https://mto.multiopen.cn/dynamicphoneres.php?sdkver=2009&apkver=466&vn=4.0.6&compver=54302&mainver=231200&ver=eyJoaTYyNTBfbGF1bmNoIjoiMCIsImhpNjI1MF9hcHBsaXN0IjoiMCIsImhpNjI1MF9ub3RpZmlj%0AYXRpb24iOiIwIn0%3D%0A&chid=10019&subchid=1&type=20&uflag=2&pkg=com.excelliance.dualaid&api=26&release=8.0.0&abi=armeabi-v7a&abi2=armeabi&abilist=arm64-v8a%2Carmeabi-v7a%2Carmeabi&abilist32=armeabi-v7a%2Carmeabi&abilist64=arm64-v8a&brand=HONOR&manufacturer=HUAWEI&model=STF-AL10&product=STF-AL10&issl=1&sign=30820271308201daa0030201020204520332c2300d06092a864886f70d0101050500307c310b300906035504061302434e3111300f060355040813085368616e
06-24 16:36:53.448 D/VersionManager(25839): httpsRequest getURL = https://mto.multiopen.cn/dynamicphoneres.php?sdkver=2009&apkver=466&vn=4.0.6&compver=54302&mainver=231200&ver=eyJoaTYyNTBfbGF1bmNoIjoiMCIsImhpNjI1MF9hcHBsaXN0IjoiMCIsImhpNjI1MF9ub3RpZmlj%0AYXRpb24iOiIwIn0%3D%0A&chid=10019&subchid=1&type=20&uflag=2&pkg=com.excelliance.dualaid&api=26&release=8.0.0&abi=armeabi-v7a&abi2=armeabi&abilist=arm64-v8a%2Carmeabi-v7a%2Carmeabi&abilist32=armeabi-v7a%2Carmeabi&abilist64=arm64-v8a&brand=HONOR&manufacturer=HUAWEI&model=STF-AL10&product=STF-AL10&issl=1&sign=30820271308201daa0030201020204520332c2300d06092a864886f70d0101050500307c310b300906035504061302434e3111300f060355040813085368616e
06-24 16:36:53.455 W/X509TrustManager(25811): checkServerTrusted: SignatureException:null
06-24 16:36:53.455 W/X509TrustManager(25811): checkServerTrusted: SignatureException:error:04000073:RSA routines:OPENSSL_internal:DATA_TOO_LARGE_FOR_MODULUS
06-24 16:36:53.459 D/PMS11423(  657): package:com.tencent.mm, input flags:0, output hwFlags:0
06-24 16:36:53.461 D/PMS11423(  657): package:com.tencent.mobileqq, input flags:0, output hwFlags:0
06-24 16:36:53.476 D/PMS11423(  657): package:com.tencent.mobileqq, input flags:0, output hwFlags:0
06-24 16:36:53.477 D/PMS11423(  657): package:com.ifreetalk.ftalk, input flags:0, output hwFlags:0
06-24 16:36:53.483 W/X509TrustManager(25839): checkServerTrusted: SignatureException:null
06-24 16:36:53.483 W/X509TrustManager(25839): checkServerTrusted: SignatureException:error:04000073:RSA routines:OPENSSL_internal:DATA_TOO_LARGE_FOR_MODULUS
06-24 16:36:53.489 D/HwRecentsLockUtils( 1513): Search
06-24 16:36:53.489 E/HsmCoreServiceImpl( 1478): onTransact in code is: 103
06-24 16:36:53.489 I/MediaProcessHandler( 1478): playingUids: 
06-24 16:36:53.489 D/ActivityManager(  657): Skipping, home or recents stack task: TaskRecord{333215f #15658 A=com.huawei.android.launcher U=0 StackId=0 sz=1}
06-24 16:36:53.489 D/ActivityManager(  657): Skipping intent:act=android.intent.action.MAIN cat=[android.intent.category.LAUNCHER] flg=0x10a00000 cmp=io.appium.settings/.Settings
06-24 16:36:53.489 D/ActivityManager(  657): Skipping intent:flg=0x10804000 cmp=com.android.systemui/.recents.RecentsActivity bnds=[48,928][1032,2296]
06-24 16:36:53.489 D/ActivityManager(  657): Skipping intent:flg=0x18800000 cmp=com.tencent.mm/.plugin.base.stub.WXPayEntryActivity
06-24 16:36:53.489 D/ActivityManager(  657): Skipping intent:flg=0x10800000 cmp=com.huawei.systemmanager/com.huawei.permissionmanager.ui.MainActivity
06-24 16:36:53.489 D/ActivityManager(  657): Skipping intent:flg=0x18800000 cmp=com.tencent.mm/.plugin.base.stub.WXEntryActivity
06-24 16:36:53.489 D/ActivityManager(  657): Skipping intent:act=com.huawei.action.VOICE_ASSISTANT flg=0x10800000 pkg=com.huawei.vassistant cmp=com.huawei.vassistant/.ui.main.VAssistantActivity
06-24 16:36:53.489 D/ActivityManager(  657): Skipping intent:act=com.huawei.android.launcher.action.ACCESS_SPLIT_SCREEN_APP cat=[android.intent.category.DEFAULT] flg=0x10804000 cmp=com.huawei.android.launcher/.splitscreen.SplitScreenAppActivity
06-24 16:36:53.489 D/ActivityManager(  657): Skipping intent:flg=0x10800000 pkg=com.excelliance.dualaid.b64 cmp=com.excelliance.dualaid.b64/com.excelliance.kxqp.sdk.PermissionRequestActivity
06-24 16:36:53.489 D/ActivityManager(  657): Skipping intent:act=android.intent.action.VIEW dat=content://com.excelliance.dualaid.fileProvider/external_storage_root/Download/apk/Multiple_64.apk typ=application/vnd.android.package-archive flg=0x10800001 cmp=com.android.packageinstaller/.InstallStart
06-24 16:36:53.489 D/ActivityManager(  657): Skipping intent:flg=0x10800000 cmp=com.android.systemui/.usb.HwUsbDebuggingActivity
06-24 16:36:53.489 D/ActivityManager(  657): Skipping intent:act=android.deviceinfo.chooser.action.LAUNCH flg=0x10800000 hwFlg=0x100 pkg=com.android.settings cmp=com.android.settings/.deviceinfo.UsbConnModeChooserActivity
06-24 16:36:53.489 D/ActivityManager(  657): Skipping intent:flg=0x10800000 cmp=com.zol.android/.push.KeepLiveActivity
06-24 16:36:53.489 D/ActivityManager(  657): Skipping intent:act=android.intent.action.MAIN cat=[android.intent.category.HOME] flg=0x10800300 cmp=com.android.settings/.FallbackHome
06-24 16:36:53.493 D/PMS11423(  657): package:com.ifreetalk.ftalk, input flags:0, output hwFlags:0
06-24 16:36:53.494 V/HelloActivity(25811): end add appType：0
06-24 16:36:53.497 I/zygote  (25811): Do partial code cache collection, code=63KB, data=51KB
06-24 16:36:53.497 I/zygote  (25811): After code cache collection, code=62KB, data=51KB
06-24 16:36:53.497 I/zygote  (25811): Increasing code cache capacity to 256KB
06-24 16:36:53.498 D/HelloActivity(25811): onSuccess: respone:{"code":1,"message":"success","data":{"switch":1},"service":"onekeyswitch"}
06-24 16:36:53.510 D/ActivityThread(25811): add activity client record, r= ActivityRecord{2c2a792 token=android.os.BinderProxy@f7a1593 {com.excelliance.dualaid/com.excelliance.kxqp.ui.HelloActivity}} token= android.os.BinderProxy@f7a1593
06-24 16:36:53.512 D/OpenGLRenderer(25811):   HWUI Binary is  enabled
06-24 16:36:53.513 V/WindowManager(  657): Adding Window{244307b u0 com.excelliance.dualaid/com.excelliance.kxqp.ui.HelloActivity} to AppWindowToken{8943cb2 token=Token{b4cfebd ActivityRecord{c44a614 u0 com.excelliance.dualaid/com.excelliance.kxqp.ui.HelloActivity t16058}}}
06-24 16:36:53.514 V/WindowManager(  657): addWindow: New client android.os.BinderProxy@cc2b00a: window=Window{244307b u0 com.excelliance.dualaid/com.excelliance.kxqp.ui.HelloActivity} Callers=com.android.server.wm.HwWindowManagerService.addWindow:562 com.android.server.wm.Session.addToDisplay:199 android.view.IWindowSession$Stub.onTransact:124 com.android.server.wm.Session.onTransact:161 android.os.Binder.execTransact:675 
06-24 16:36:53.515 V/MainActivity(25811): onWindowFocusChanged: false
06-24 16:36:53.515 D/MainActivity(25811): onWindowFocusChanged: end
06-24 16:36:53.515 D/HelloActivity(25811): upload: com.tencent.mm,com.tencent.mobileqq,com.ifreetalk.ftalk
06-24 16:36:53.517 D/OpenGLRenderer(25811):   HWUI Binary is  enabled
06-24 16:36:53.517 E/SmtServService(25839): firststartcom.tencent.mm,com.tencent.mobileqq,com.ifreetalk.ftalk
06-24 16:36:53.531 D/VersionManager(25839): xml=<?xml version="1.0" encoding="utf-8"?><upinfo></upinfo>
06-24 16:36:53.542 V/WindowManager(  657): Checking 1 opening apps (frozen=false timeout=false)...
06-24 16:36:53.542 V/WindowManager(  657): Check opening app=AppWindowToken{8943cb2 token=Token{b4cfebd ActivityRecord{c44a614 u0 com.excelliance.dualaid/com.excelliance.kxqp.ui.HelloActivity t16058}}}: allDrawn=false startingDisplayed=false startingMoved=false isRelaunching()=false
06-24 16:36:53.544 V/HwPhoneWindowManager(  657): updateSystemUiColorLw window=Window{244307b u0 com.excelliance.dualaid/com.excelliance.kxqp.ui.HelloActivity},EmuiStyle=0,StatusBarColor=0x0,NavigationBarColor=0xff000000, mLastIsEmuiLightStyle=-1
06-24 16:36:53.545 I/WindowManager(  657): notifyAccessibilityButtonVisibilityChanged visible:false
06-24 16:36:53.546 W/ActivityManager(  657): Sending non-protected broadcast huawei.action.floattasks.STATUS_BAR_STATE_CHANGED from system 1513:com.android.systemui/u0a39 pkg com.android.systemui
06-24 16:36:53.546 V/WindowManager(  657): Checking 1 opening apps (frozen=false timeout=false)...
06-24 16:36:53.546 V/WindowManager(  657): Check opening app=AppWindowToken{8943cb2 token=Token{b4cfebd ActivityRecord{c44a614 u0 com.excelliance.dualaid/com.excelliance.kxqp.ui.HelloActivity t16058}}}: allDrawn=false startingDisplayed=false startingMoved=false isRelaunching()=false
06-24 16:36:53.546 D/HwPhoneWindowManager(  657): Transact:setSystemUIColor to status bar service
06-24 16:36:53.547 I/CommandQueue( 1513): updateBarBgColor
06-24 16:36:53.547 D/CommandQueue( 1513): CommandQueue, setBarBackgroundColor
06-24 16:36:53.547 D/TintManager( 1513): statusBarIconTint=#99FFFFFF,navigationBarIconTint=#FF000000
06-24 16:36:53.548 D/mali_winsys(25811): EGLint new_window_surface(egl_winsys_display *, void *, EGLSurface, EGLConfig, egl_winsys_surface **, egl_color_buffer_format *, EGLBoolean) returns 0x3000
06-24 16:36:53.549 I/GRALLOC (  679): 	 shrFd=10,fmt=0x1,intFmt=0x200000001,btStrd=4352,size=8486912,pid=679 
06-24 16:36:53.549 I/GRALLOC (  679): 	 yuv=2,w=1080,h=1920,Stride u=0 v=0,offset u=0 v=0 
06-24 16:36:53.549 I/GRALLOC (  679): 	 iova_size=8486912,conUsg=0x900,proUsg=0x900,	 strd=1088,[afbc]HdrStrd=1088 PyldStrd=69632 Scrmbl=2,ionhnd = 1 
06-24 16:36:53.550 I/TrafficMonitor(  657): update:rxPkts:21,txPkts:23,rxBytes:8517,txBytes:2826
06-24 16:36:53.550 I/TrafficMonitor(  657): start expired. level:-1
06-24 16:36:53.550 I/TrafficMonitor(  657): gettimer:interval=2000
06-24 16:36:53.551 W//system/bin/hwservicemanager(  416): Cannot open /odm/manifest.xml
06-24 16:36:53.551 I/GRALLOC (  679): 	 shrFd=10,fmt=0x1,intFmt=0x200000001,btStrd=4352,size=8486912,pid=679 
06-24 16:36:53.551 I/GRALLOC (  679): 	 yuv=2,w=1080,h=1920,Stride u=0 v=0,offset u=0 v=0 
06-24 16:36:53.551 I/GRALLOC (  679): 	 iova_size=8486912,conUsg=0x900,proUsg=0x900,	 strd=1088,[afbc]HdrStrd=1088 PyldStrd=69632 Scrmbl=2,ionhnd = 1 
06-24 16:36:53.555 V/WindowManager(  657): Checking 1 opening apps (frozen=false timeout=false)...
06-24 16:36:53.555 V/WindowManager(  657): Check opening app=AppWindowToken{8943cb2 token=Token{b4cfebd ActivityRecord{c44a614 u0 com.excelliance.dualaid/com.excelliance.kxqp.ui.HelloActivity t16058}}}: allDrawn=false startingDisplayed=false startingMoved=false isRelaunching()=false
06-24 16:36:53.567 W/InputMethodManager(25811): startInputReason = 1
06-24 16:36:53.569 D/PMS11423(  657): package:com.android.mms, input flags:0, output hwFlags:0
06-24 16:36:53.569 D/PMS11423(  657): package:com.android.settings, input flags:0, output hwFlags:0
06-24 16:36:53.570 I/wangchen( 7035): SysInfo.getSysParam: orientation=1||config d=3.0,w=1080,h=1920||metrics d=3.0,w=1080,h=1920||sdk=26,bar_h=72
06-24 16:36:53.570 I/KeymapLoader( 7035): w=1080 h=1920 ori=true appScale=3.3 s1=3.0
06-24 16:36:53.570 D/PMS11423(  657): package:com.android.contacts, input flags:0, output hwFlags:0
06-24 16:36:53.583 D/PMS1000 (  657): package:com.excelliance.dualaid, input flags:8192, output hwFlags:0
06-24 16:36:53.584 W/HSM     ( 1813): HoldService:toast switch is close!
06-24 16:36:53.585 D/ApplicationPackageManager(25811): getInstalledApplications blocked
06-24 16:36:53.585 D/HsmInterfaceImpl(25811): List [ApplicationInfo{eb33652 com.huawei.hifolder}, ApplicationInfo{2474d23 com.github.shadowsocks}, ApplicationInfo{deeb220 com.excelliance.dualaid}]
06-24 16:36:53.592 I/GRALLOC (  679): 	 shrFd=10,fmt=0x1,intFmt=0x200000001,btStrd=4352,size=8486912,pid=679 
06-24 16:36:53.592 I/GRALLOC (  679): 	 yuv=2,w=1080,h=1920,Stride u=0 v=0,offset u=0 v=0 
06-24 16:36:53.592 I/GRALLOC (  679): 	 iova_size=8486912,conUsg=0xb00,proUsg=0xb00,	 strd=1088,[afbc]HdrStrd=1088 PyldStrd=69632 Scrmbl=2,ionhnd = 1 
06-24 16:36:53.592 D/PMS11423(  657): package:com.tencent.tmgp.qqx5, input flags:0, output hwFlags:0
06-24 16:36:53.592 D/PMS11423(  657): package:com.huawei.android.pushagent, input flags:0, output hwFlags:0
06-24 16:36:53.592 D/PMS11423(  657): package:com.huawei.appmarket, input flags:0, output hwFlags:0
06-24 16:36:53.593 D/PMS11423(  657): package:com.wandoujia.phoenix2, input flags:0, output hwFlags:0
06-24 16:36:53.593 D/PMS11423(  657): package:com.tencent.mm, input flags:0, output hwFlags:0
06-24 16:36:53.593 D/PMS11423(  657): package:com.android.providers.media, input flags:0, output hwFlags:0
06-24 16:36:53.593 D/PMS11423(  657): package:com.huawei.vassistant, input flags:0, output hwFlags:0
06-24 16:36:53.593 D/PMS11423(  657): package:com.android.contacts, input flags:0, output hwFlags:0
06-24 16:36:53.593 D/PMS11423(  657): package:com.facebook.katana, input flags:0, output hwFlags:0
06-24 16:36:53.594 D/PMS11423(  657): package:com.huawei.hidisk, input flags:0, output hwFlags:536870912
06-24 16:36:53.594 D/PMS11423(  657): package:com.huawei.trustcircle, input flags:0, output hwFlags:0
06-24 16:36:53.594 D/PMS11423(  657): package:com.jingdong.app.mall, input flags:0, output hwFlags:0
06-24 16:36:53.594 D/PMS11423(  657): package:com.tencent.mobileqq, input flags:0, output hwFlags:0
06-24 16:36:53.594 D/PMS11423(  657): package:com.zol.android, input flags:0, output hwFlags:0
06-24 16:36:53.594 D/PMS11423(  657): package:com.huawei.hiskytone, input flags:0, output hwFlags:603979776
06-24 16:36:53.594 D/PMS11423(  657): package:com.huawei.hwid, input flags:0, output hwFlags:0
06-24 16:36:53.595 D/PMS11423(  657): package:com.sina.weibo, input flags:0, output hwFlags:0
06-24 16:36:53.595 D/PMS11423(  657): package:com.antutu.ABenchMark, input flags:0, output hwFlags:0
06-24 16:36:53.595 D/PMS11423(  657): package:com.sankuai.meituan.takeoutnew, input flags:0, output hwFlags:0
06-24 16:36:53.595 D/PMS11423(  657): package:com.vmall.client, input flags:0, output hwFlags:67108864
06-24 16:36:53.595 D/PMS11423(  657): package:com.android.browser, input flags:0, output hwFlags:0
06-24 16:36:53.595 D/PMS11423(  657): package:com.eg.android.AlipayGphone, input flags:0, output hwFlags:0
06-24 16:36:53.595 D/PMS11423(  657): package:com.android.mediacenter, input flags:0, output hwFlags:0
06-24 16:36:53.595 D/PMS11423(  657): package:com.huawei.himovie, input flags:0, output hwFlags:0
06-24 16:36:53.596 D/PMS11423(  657): package:com.huawei.hnreader, input flags:0, output hwFlags:67108864
06-24 16:36:53.596 D/PMS11423(  657): package:com.twitter.android, input flags:0, output hwFlags:0
06-24 16:36:53.596 D/PMS11423(  657): package:com.baidu.input_huawei, input flags:0, output hwFlags:0
06-24 16:36:53.596 D/PMS11423(  657): package:com.google.android.gms, input flags:0, output hwFlags:0
06-24 16:36:53.596 D/PMS11423(  657): package:com.sankuai.meituan, input flags:0, output hwFlags:0
06-24 16:36:53.596 D/PMS11423(  657): package:com.tencent.news, input flags:0, output hwFlags:0
06-24 16:36:53.596 D/PMS11423(  657): package:com.iflytek.speechsuite, input flags:0, output hwFlags:0
06-24 16:36:53.596 D/PMS11423(  657): package:com.qzone, input flags:0, output is null
06-24 16:36:53.597 D/PMS11423(  657): package:com.tencent.android.qqdownloader, input flags:0, output hwFlags:0
06-24 16:36:53.597 D/PMS11423(  657): package:com.tencent.now, input flags:0, output is null
06-24 16:36:53.597 D/PMS11423(  657): package:com.ifreetalk.ftalk, input flags:0, output hwFlags:0
06-24 16:36:53.597 D/PMS11423(  657): package:com.taobao.taobao, input flags:0, output hwFlags:0
06-24 16:36:53.597 D/PMS11423(  657): package:com.android.gallery3d, input flags:0, output hwFlags:0
06-24 16:36:53.597 D/PMS11423(  657): package:com.pp.assistant, input flags:0, output hwFlags:0
06-24 16:36:53.597 D/PMS11423(  657): package:com.oppo.market, input flags:0, output hwFlags:0
06-24 16:36:53.598 D/PMS11423(  657): package:com.excean.wxaid, input flags:0, output hwFlags:0
06-24 16:36:53.598 D/PMS11423(  657): package:com.huawei.intelligent, input flags:0, output hwFlags:0
06-24 16:36:53.598 D/PMS11423(  657): package:com.google.android.backuptransport, input flags:0, output hwFlags:0
06-24 16:36:53.598 D/PMS11423(  657): package:com.huawei.skytone, input flags:0, output hwFlags:0
06-24 16:36:53.598 D/PMS11423(  657): package:com.estrongs.android.pop, input flags:0, output hwFlags:0
06-24 16:36:53.598 D/PMS11423(  657): package:com.redfinger.app, input flags:0, output hwFlags:0
06-24 16:36:53.598 D/PMS11423(  657): package:com.android.vending, input flags:0, output hwFlags:0
06-24 16:36:53.599 D/PMS11423(  657): package:org.hapjs.mockup, input flags:0, output hwFlags:0
06-24 16:36:53.599 D/PMS11423(  657): package:com.huawei.gamebox, input flags:0, output hwFlags:603979776
06-24 16:36:53.599 D/PMS11423(  657): package:com.tencent.tmgp.pubgmhd-ext, input flags:0, output is null
06-24 16:36:53.599 D/PMS11423(  657): package:com.stickgame.los2, input flags:0, output hwFlags:0
06-24 16:36:53.599 D/WindowManager(  657): finishDrawingWindow: Window{244307b u0 com.excelliance.dualaid/com.excelliance.kxqp.ui.HelloActivity} mDrawState=DRAW_PENDING
06-24 16:36:53.599 D/PMS11423(  657): package:com.qihoo.appstore, input flags:0, output hwFlags:0
06-24 16:36:53.599 D/PMS11423(  657): package:com.huawei.android.thememanager, input flags:0, output hwFlags:0
06-24 16:36:53.599 D/PMS11423(  657): package:com.excean.parallelspace, input flags:0, output hwFlags:0
06-24 16:36:53.600 D/PMS11423(  657): package:com.UCMobile, input flags:0, output hwFlags:0
06-24 16:36:53.600 D/PMS11423(  657): package:com.bbk.appstore, input flags:0, output hwFlags:0
06-24 16:36:53.600 D/PMS11423(  657): package:com.excean.ppaid, input flags:0, output hwFlags:0
06-24 16:36:53.600 V/WindowManager(  657): Checking 1 opening apps (frozen=false timeout=false)...
06-24 16:36:53.600 V/WindowManager(  657): Check opening app=AppWindowToken{8943cb2 token=Token{b4cfebd ActivityRecord{c44a614 u0 com.excelliance.dualaid/com.excelliance.kxqp.ui.HelloActivity t16058}}}: allDrawn=true startingDisplayed=false startingMoved=false isRelaunching()=false
06-24 16:36:53.601 D/PMS11423(  657): package:com.netease.blockchain, input flags:0, output hwFlags:0
06-24 16:36:53.602 D/PMS11423(  657): package:com.huawei.camera, input flags:0, output hwFlags:0
06-24 16:36:53.602 D/PMS11423(  657): package:com.sinovatech.unicom.ui, input flags:0, output hwFlags:0
06-24 16:36:53.602 D/PMS11423(  657): package:com.huawei.phoneservice, input flags:0, output hwFlags:0
06-24 16:36:53.602 D/PMS11423(  657): package:com.crisisfire.android.nearme.gamecenter, input flags:0, output hwFlags:0
06-24 16:36:53.603 D/PMS11423(  657): package:com.antutu.benchmark.full, input flags:0, output hwFlags:0
06-24 16:36:53.603 D/PMS11423(  657): package:com.xunmeng.pinduoduo, input flags:0, output hwFlags:0
06-24 16:36:53.603 D/PMS11423(  657): package:com.zhuowang.cloneapp, input flags:0, output hwFlags:0
06-24 16:36:53.603 D/PMS11423(  657): package:com.excean.parallelspace.b64, input flags:0, output hwFlags:0
06-24 16:36:53.603 D/PMS11423(  657): package:com.excelliance.multiaccounts.b64, input flags:0, output hwFlags:0
06-24 16:36:53.603 D/PMS11423(  657): package:com.xiangyou.multispace, input flags:0, output hwFlags:0
06-24 16:36:53.603 D/PMS11423(  657): package:com.youlong.multiaccount, input flags:0, output hwFlags:0
06-24 16:36:53.604 D/PMS11423(  657): package:com.gameloft.android.ANMP.GloftA9HM, input flags:0, output hwFlags:0
06-24 16:36:53.604 D/PMS11423(  657): package:com.excelliance.dualaid.b64, input flags:0, output hwFlags:0
06-24 16:36:53.604 D/AddGameData(25811): switch_uninstall: 70
06-24 16:36:53.605 I/ActivityManager(  657): Displayed com.excelliance.dualaid/com.excelliance.kxqp.ui.HelloActivity: +218ms
06-24 16:36:53.607 V/WindowManager(  657): Checking 0 opening apps (frozen=false timeout=false)...
06-24 16:36:53.611 D/BarTransitions.HwPhoneStatusBarView( 1513): MODE_TRANSLUCENT -> MODE_TRANSPARENT animate=false
06-24 16:36:53.611 D/BarTransitions.HwPhoneStatusBarView( 1513): applyModeBackground oldMode=MODE_TRANSLUCENT newMode=MODE_TRANSPARENT animate=false
06-24 16:36:53.611 D/PMS1000 (  657): package:com.excelliance.dualaid, input flags:8192, output hwFlags:0
06-24 16:36:53.611 I/GRALLOC (  679): 	 shrFd=10,fmt=0x1,intFmt=0x200000001,btStrd=4352,size=8486912,pid=679 
06-24 16:36:53.611 I/GRALLOC (  679): 	 yuv=2,w=1080,h=1920,Stride u=0 v=0,offset u=0 v=0 
06-24 16:36:53.611 I/GRALLOC (  679): 	 iova_size=8486912,conUsg=0xb00,proUsg=0xb00,	 strd=1088,[afbc]HdrStrd=1088 PyldStrd=69632 Scrmbl=2,ionhnd = 1 
06-24 16:36:53.612 W/HSM     ( 1813): HoldService:toast switch is close!
06-24 16:36:53.612 D/ApplicationPackageManager(25811): queryIntentActivitiesAsUser blocked, Intent { act=android.intent.action.MAIN cat=[android.intent.category.LAUNCHER] pkg=com.huawei.hifolder }
06-24 16:36:53.612 D/HsmInterfaceImpl(25811): List []
