06-24 15:35:01.390 I/GRALLOC (  679): 	 iova_size=8486912,conUsg=0x900,proUsg=0x900,	 strd=1088,[afbc]HdrStrd=1088 PyldStrd=69632 Scrmbl=2,ionhnd = 1 
06-24 15:35:01.391 D/mali_winsys( 2519): EGLint new_window_surface(egl_winsys_display *, void *, EGLSurface, EGLConfig, egl_winsys_surface **, egl_color_buffer_format *, EGLBoolean) returns 0x3000
06-24 15:35:01.407 E/asset   (14937): createFromFile(): lock file /data/resource-cache/system@emui@base@overlay@frameworkhwexthonor@frameworkhwexthonor.apk@idmap.
06-24 15:35:01.407 E/asset   (14937): createFromFile(): lock file /data/resource-cache/system@emui@base@overlay@frameworkhwexthonor@frameworkhwexthonor.apk@idmap.
06-24 15:35:01.407 W/ResourceType(14937): Found multiple library tables, ignoring...
06-24 15:35:01.410 I/GRALLOC (  679): 	 shrFd=10,fmt=0x1,intFmt=0x200000001,btStrd=4352,size=8486912,pid=679 
06-24 15:35:01.410 I/GRALLOC (  679): 	 yuv=2,w=1080,h=1920,Stride u=0 v=0,offset u=0 v=0 
06-24 15:35:01.410 I/GRALLOC (  679): 	 iova_size=8486912,conUsg=0xb00,proUsg=0xb00,	 strd=1088,[afbc]HdrStrd=1088 PyldStrd=69632 Scrmbl=2,ionhnd = 1 
06-24 15:35:01.421 D/WindowManager(  657): finishDrawingWindow: Window{68d6975 u0 com.huawei.android.launcher/com.huawei.android.launcher.unihome.UniHomeLauncher} mDrawState=DRAW_PENDING
06-24 15:35:01.422 D/ImageWallpaper( 1513): onOffsetsChanged: xOffset=0.0, yOffset=0.0, xOffsetStep=0.0, yOffsetStep=0.0, xPixels=0, yPixels=0
06-24 15:35:01.422 D/ImageWallpaper( 1513): Suppressed drawFrame since redraw is not needed and offsets have not changed.sf=Rect(0, 0 - 2160, 1920)
06-24 15:35:01.422 D/ImageWallpaper( 1513): onVisibilityChanged: mVisible, visible=false, true
06-24 15:35:01.422 D/ImageWallpaper( 1513): Visibility changed to visible=true
06-24 15:35:01.423 D/ImageWallpaper( 1513): Suppressed drawFrame since redraw is not needed and offsets have not changed.sf=Rect(0, 0 - 2160, 1920)
06-24 15:35:01.435 D/PMS1000 (  657): package:com.excelliance.dualaid, input flags:8192, output hwFlags:0
06-24 15:35:01.436 W/HSM     ( 1813): HoldService:toast switch is close!
06-24 15:35:01.437 D/ApplicationPackageManager(14937): queryIntentActivitiesAsUser blocked, Intent { act=android.intent.action.MAIN cat=[android.intent.category.LAUNCHER] pkg=com.huawei.trustcircle }
06-24 15:35:01.437 D/HsmInterfaceImpl(14937): List []
06-24 15:35:01.440 D/PMS1000 (  657): package:com.excelliance.dualaid, input flags:8192, output hwFlags:0
06-24 15:35:01.441 W/HSM     ( 1813): HoldService:toast switch is close!
06-24 15:35:01.441 D/ApplicationPackageManager(14937): queryIntentActivitiesAsUser blocked, Intent { act=android.intent.action.MAIN cat=[android.intent.category.LAUNCHER] pkg=com.jingdong.app.mall }
06-24 15:35:01.441 D/HsmInterfaceImpl(14937): List [ResolveInfo{edae47c com.jingdong.app.mall/.main.MainActivity m=0x108000}]
06-24 15:35:01.459 D/HwFLClassLoader( 2519): USE_FEATURE_LIST had not init! 
06-24 15:35:01.470 E/asset   ( 2519): createFromFile(): lock file /data/resource-cache/system@emui@base@overlay@frameworkhwexthonor@frameworkhwexthonor.apk@idmap.
06-24 15:35:01.470 E/asset   ( 2519): createFromFile(): lock file /data/resource-cache/system@emui@base@overlay@frameworkhwexthonor@frameworkhwexthonor.apk@idmap.
06-24 15:35:01.470 W/ResourceType( 2519): Found multiple library tables, ignoring...
06-24 15:35:01.477 D/HwFLClassLoader( 2519): USE_FEATURE_LIST had not init! 
06-24 15:35:01.480 E/asset   ( 2519): createFromFile(): lock file /data/resource-cache/system@emui@base@overlay@frameworkhwexthonor@frameworkhwexthonor.apk@idmap.
06-24 15:35:01.480 E/asset   ( 2519): createFromFile(): lock file /data/resource-cache/system@emui@base@overlay@frameworkhwexthonor@frameworkhwexthonor.apk@idmap.
06-24 15:35:01.480 W/ResourceType( 2519): Found multiple library tables, ignoring...
06-24 15:35:01.482 W/HSM     ( 1813): HoldService:toast switch is close!
06-24 15:35:01.483 D/ApplicationPackageManager(14937): queryIntentActivitiesAsUser blocked, Intent { act=android.intent.action.MAIN cat=[android.intent.category.LAUNCHER] pkg=com.tencent.mobileqq }
06-24 15:35:01.483 D/HsmInterfaceImpl(14937): List [ResolveInfo{78e655a com.tencent.mobileqq/.activity.SplashActivity m=0x108000}]
06-24 15:35:01.496 W/HSM     ( 1813): HoldService:toast switch is close!
06-24 15:35:01.497 D/ApplicationPackageManager(14937): queryIntentActivitiesAsUser blocked, Intent { act=android.intent.action.MAIN cat=[android.intent.category.LAUNCHER] pkg=com.zol.android }
06-24 15:35:01.497 D/HsmInterfaceImpl(14937): List [ResolveInfo{81ec38b com.zol.android/.ui.FirstActivity m=0x108000}]
06-24 15:35:01.523 W/HSM     ( 1813): HoldService:toast switch is close!
06-24 15:35:01.523 D/ApplicationPackageManager(14937): queryIntentActivitiesAsUser blocked, Intent { act=android.intent.action.MAIN cat=[android.intent.category.LAUNCHER] pkg=com.huawei.hiskytone }
06-24 15:35:01.524 D/HsmInterfaceImpl(14937): List [ResolveInfo{e11e881 com.huawei.hiskytone/com.huawei.skytone.account.welcome.SplashActivity m=0x108000}]
06-24 15:35:01.562 W/HSM     ( 1813): HoldService:toast switch is close!
06-24 15:35:01.563 D/ApplicationPackageManager(14937): queryIntentActivitiesAsUser blocked, Intent { act=android.intent.action.MAIN cat=[android.intent.category.LAUNCHER] pkg=com.huawei.hwid }
06-24 15:35:01.563 D/HsmInterfaceImpl(14937): List []
06-24 15:35:01.565 D/PMS1000 (  657): package:com.excelliance.dualaid, input flags:8192, output hwFlags:0
06-24 15:35:01.566 W/HSM     ( 1813): HoldService:toast switch is close!
06-24 15:35:01.567 D/ApplicationPackageManager(14937): queryIntentActivitiesAsUser blocked, Intent { act=android.intent.action.MAIN cat=[android.intent.category.LAUNCHER] pkg=com.sina.weibo }
06-24 15:35:01.567 D/HsmInterfaceImpl(14937): List [ResolveInfo{7694714 com.sina.weibo/.SplashActivity m=0x108000}]
06-24 15:35:01.610 E/asset   ( 2519): createFromFile(): lock file /data/resource-cache/system@emui@base@overlay@frameworkhwexthonor@frameworkhwexthonor.apk@idmap.
06-24 15:35:01.610 E/asset   ( 2519): createFromFile(): lock file /data/resource-cache/system@emui@base@overlay@frameworkhwexthonor@frameworkhwexthonor.apk@idmap.
06-24 15:35:01.610 W/ResourceType( 2519): Found multiple library tables, ignoring...
06-24 15:35:01.615 D/HwFLClassLoader( 2519): USE_FEATURE_LIST had not init! 
06-24 15:35:01.624 W/HSM     ( 1813): HoldService:toast switch is close!
06-24 15:35:01.625 D/ApplicationPackageManager(14937): queryIntentActivitiesAsUser blocked, Intent { act=android.intent.action.MAIN cat=[android.intent.category.LAUNCHER] pkg=com.antutu.ABenchMark }
06-24 15:35:01.625 D/HsmInterfaceImpl(14937): List [ResolveInfo{57445b2 com.antutu.ABenchMark/.ABenchMarkStart m=0x108000}]
06-24 15:35:01.652 W/HSM     ( 1813): HoldService:toast switch is close!
06-24 15:35:01.653 D/ApplicationPackageManager(14937): queryIntentActivitiesAsUser blocked, Intent { act=android.intent.action.MAIN cat=[android.intent.category.LAUNCHER] pkg=com.sankuai.meituan.takeoutnew }
06-24 15:35:01.653 D/HsmInterfaceImpl(14937): List [ResolveInfo{d5226b9 com.sankuai.meituan.takeoutnew/.ui.page.boot.WelcomeActivity m=0x108000}]
06-24 15:35:01.680 D/PMS1000 (  657): package:com.excelliance.dualaid, input flags:8192, output hwFlags:0
06-24 15:35:01.681 W/HSM     ( 1813): HoldService:toast switch is close!
06-24 15:35:01.682 D/ApplicationPackageManager(14937): queryIntentActivitiesAsUser blocked, Intent { act=android.intent.action.MAIN cat=[android.intent.category.LAUNCHER] pkg=com.vmall.client }
06-24 15:35:01.682 D/HsmInterfaceImpl(14937): List [ResolveInfo{8eb425f com.vmall.client/.splash.fragment.SplashActivity m=0x108000}]
06-24 15:35:01.712 W/HSM     ( 1813): HoldService:toast switch is close!
06-24 15:35:01.712 D/ApplicationPackageManager(14937): queryIntentActivitiesAsUser blocked, Intent { act=android.intent.action.MAIN cat=[android.intent.category.LAUNCHER] pkg=com.android.browser }
06-24 15:35:01.713 D/HsmInterfaceImpl(14937): List [ResolveInfo{27ad90a com.android.browser/com.tencent.mtt.SplashActivity m=0x108000}]
06-24 15:35:01.749 W/HSM     ( 1813): HoldService:toast switch is close!
06-24 15:35:01.749 D/ApplicationPackageManager(14937): queryIntentActivitiesAsUser blocked, Intent { act=android.intent.action.MAIN cat=[android.intent.category.LAUNCHER] pkg=com.eg.android.AlipayGphone }
06-24 15:35:01.749 D/HsmInterfaceImpl(14937): List [ResolveInfo{924f3f1 com.eg.android.AlipayGphone/.AlipayLogin m=0x108000}]
06-24 15:35:01.770 W/HSM     ( 1813): HoldService:toast switch is close!
06-24 15:35:01.770 D/ApplicationPackageManager(14937): queryIntentActivitiesAsUser blocked, Intent { act=android.intent.action.MAIN cat=[android.intent.category.LAUNCHER] pkg=com.android.mediacenter }
06-24 15:35:01.770 D/HsmInterfaceImpl(14937): List [ResolveInfo{f451e57 com.android.mediacenter/.PageActivity m=0x108000}]
06-24 15:35:01.775 E/asset   (14937): createFromFile(): lock file /data/resource-cache/system@emui@base@overlay@frameworkhwexthonor@frameworkhwexthonor.apk@idmap.
06-24 15:35:01.775 E/asset   (14937): createFromFile(): lock file /data/resource-cache/system@emui@base@overlay@frameworkhwexthonor@frameworkhwexthonor.apk@idmap.
06-24 15:35:01.775 W/ResourceType(14937): Found multiple library tables, ignoring...
06-24 15:35:01.807 W/HSM     ( 1813): HoldService:toast switch is close!
06-24 15:35:01.808 D/ApplicationPackageManager(14937): queryIntentActivitiesAsUser blocked, Intent { act=android.intent.action.MAIN cat=[android.intent.category.LAUNCHER] pkg=com.huawei.himovie }
06-24 15:35:01.808 D/HsmInterfaceImpl(14937): List [ResolveInfo{5a57f62 com.huawei.himovie/.ui.login.SplashScreenActivity m=0x108000}]
06-24 15:35:01.812 E/asset   (14937): createFromFile(): lock file /data/resource-cache/system@emui@base@overlay@frameworkhwexthonor@frameworkhwexthonor.apk@idmap.
06-24 15:35:01.812 E/asset   (14937): createFromFile(): lock file /data/resource-cache/system@emui@base@overlay@frameworkhwexthonor@frameworkhwexthonor.apk@idmap.
06-24 15:35:01.812 W/ResourceType(14937): Found multiple library tables, ignoring...
06-24 15:35:01.840 D/PMS1000 (  657): package:com.excelliance.dualaid, input flags:8192, output hwFlags:0
06-24 15:35:01.841 W/HSM     ( 1813): HoldService:toast switch is close!
06-24 15:35:01.841 D/ApplicationPackageManager(14937): queryIntentActivitiesAsUser blocked, Intent { act=android.intent.action.MAIN cat=[android.intent.category.LAUNCHER] pkg=com.huawei.hnreader }
06-24 15:35:01.841 D/HsmInterfaceImpl(14937): List [ResolveInfo{16d3029 com.huawei.hnreader/com.qq.reader.activity.SplashActivity m=0x108000}]
06-24 15:35:01.845 E/asset   (14937): createFromFile(): lock file /data/resource-cache/system@emui@base@overlay@frameworkhwexthonor@frameworkhwexthonor.apk@idmap.
06-24 15:35:01.845 E/asset   (14937): createFromFile(): lock file /data/resource-cache/system@emui@base@overlay@frameworkhwexthonor@frameworkhwexthonor.apk@idmap.
06-24 15:35:01.845 W/ResourceType(14937): Found multiple library tables, ignoring...
06-24 15:35:01.873 W/HSM     ( 1813): HoldService:toast switch is close!
06-24 15:35:01.874 D/ApplicationPackageManager(14937): queryIntentActivitiesAsUser blocked, Intent { act=android.intent.action.MAIN cat=[android.intent.category.LAUNCHER] pkg=com.twitter.android }
06-24 15:35:01.874 D/HsmInterfaceImpl(14937): List [ResolveInfo{c9a50dc com.twitter.android/.StartActivity m=0x108000}]
06-24 15:35:01.902 W/HSM     ( 1813): HoldService:toast switch is close!
06-24 15:35:01.903 D/ApplicationPackageManager(14937): queryIntentActivitiesAsUser blocked, Intent { act=android.intent.action.MAIN cat=[android.intent.category.LAUNCHER] pkg=com.baidu.input_huawei }
06-24 15:35:01.903 D/HsmInterfaceImpl(14937): List []
06-24 15:35:01.907 W/HSM     ( 1813): HoldService:toast switch is close!
06-24 15:35:01.908 D/ApplicationPackageManager(14937): queryIntentActivitiesAsUser blocked, Intent { act=android.intent.action.MAIN cat=[android.intent.category.LAUNCHER] pkg=com.google.android.gms }
06-24 15:35:01.908 D/HsmInterfaceImpl(14937): List []
06-24 15:35:01.914 W/HSM     ( 1813): HoldService:toast switch is close!
06-24 15:35:01.915 D/ApplicationPackageManager(14937): queryIntentActivitiesAsUser blocked, Intent { act=android.intent.action.MAIN cat=[android.intent.category.LAUNCHER] pkg=com.sankuai.meituan }
06-24 15:35:01.915 D/HsmInterfaceImpl(14937): List [ResolveInfo{eece36b com.sankuai.meituan/com.meituan.android.pt.homepage.activity.Welcome m=0x108000}]
06-24 15:35:01.918 W/OpenGLRenderer( 2519): Incorrectly called buildLayer on View: ShortcutAndWidgetContainer, destroying layer...
06-24 15:35:01.918 W/OpenGLRenderer( 2519): Incorrectly called buildLayer on View: ShortcutAndWidgetContainer, destroying layer...
06-24 15:35:01.919 I/GRALLOC (  679): 	 shrFd=10,fmt=0x1,intFmt=0x200000001,btStrd=4352,size=8486912,pid=679 
06-24 15:35:01.919 I/GRALLOC (  679): 	 yuv=2,w=1080,h=1920,Stride u=0 v=0,offset u=0 v=0 
06-24 15:35:01.919 I/GRALLOC (  679): 	 iova_size=8486912,conUsg=0xb00,proUsg=0xb00,	 strd=1088,[afbc]HdrStrd=1088 PyldStrd=69632 Scrmbl=2,ionhnd = 1 
06-24 15:35:01.932 D/LogUtil_LogConfig( 3140): obtainSavePath(): path = 1
06-24 15:35:01.932 D/LogUtil_LogConfig( 3140): getLogFile(): logFilePath = /data/data/com.huawei.health/files/com.huawei.health/com.huawei.health_DaemonService/
06-24 15:35:01.932 D/LogUtil_LogConfig( 3140): obtainSavePath(): path = 1
06-24 15:35:01.932 D/LogUtil_LogConfig( 3140): acquireMaxLogFileLengthContainsOffset describe: com.huawei.health:DaemonService result:5242880
06-24 15:35:01.932 D/LogUtil_LogConfig( 3140): obtainSavePath(): path = 1
06-24 15:35:01.932 D/LogUtil_LogConfig( 3140): getLogFileRoot(): logFilePath = /data/data/com.huawei.health/files/com.huawei.health/com.huawei.health_DaemonService/
06-24 15:35:01.965 W/HSM     ( 1813): HoldService:toast switch is close!
06-24 15:35:01.965 D/ApplicationPackageManager(14937): queryIntentActivitiesAsUser blocked, Intent { act=android.intent.action.MAIN cat=[android.intent.category.LAUNCHER] pkg=com.tencent.news }
06-24 15:35:01.965 D/HsmInterfaceImpl(14937): List [ResolveInfo{389bb61 com.tencent.news/.activity.SplashActivity m=0x108000}]
06-24 15:35:01.993 W/HSM     ( 1813): HoldService:toast switch is close!
06-24 15:35:01.993 D/ApplicationPackageManager(14937): queryIntentActivitiesAsUser blocked, Intent { act=android.intent.action.MAIN cat=[android.intent.category.LAUNCHER] pkg=com.iflytek.speechsuite }
06-24 15:35:01.993 D/HsmInterfaceImpl(14937): List []
06-24 15:35:01.997 W/HSM     ( 1813): HoldService:toast switch is close!
06-24 15:35:01.997 D/ApplicationPackageManager(14937): queryIntentActivitiesAsUser blocked, Intent { act=android.intent.action.MAIN cat=[android.intent.category.LAUNCHER] pkg=com.tencent.android.qqdownloader }
06-24 15:35:01.997 D/HsmInterfaceImpl(14937): List [ResolveInfo{7744b47 com.tencent.android.qqdownloader/com.tencent.pangu.link.SplashActivity m=0x108000}]
06-24 15:35:02.030 W/HSM     ( 1813): HoldService:toast switch is close!
06-24 15:35:02.031 D/ApplicationPackageManager(14937): queryIntentActivitiesAsUser blocked, Intent { act=android.intent.action.MAIN cat=[android.intent.category.LAUNCHER] pkg=com.ifreetalk.ftalk }
06-24 15:35:02.031 D/HsmInterfaceImpl(14937): List [ResolveInfo{8c5ac9d com.ifreetalk.ftalk/.activity.DummyActivity m=0x108000}]
06-24 15:35:02.044 W/HSM     ( 1813): HoldService:toast switch is close!
06-24 15:35:02.045 D/ApplicationPackageManager(14937): queryIntentActivitiesAsUser blocked, Intent { act=android.intent.action.MAIN cat=[android.intent.category.LAUNCHER] pkg=com.taobao.taobao }
06-24 15:35:02.045 D/HsmInterfaceImpl(14937): List [ResolveInfo{5308512 com.taobao.taobao/com.taobao.tao.welcome.Welcome m=0x108000}]
06-24 15:35:02.075 W/HSM     ( 1813): HoldService:toast switch is close!
06-24 15:35:02.076 D/ApplicationPackageManager(14937): queryIntentActivitiesAsUser blocked, Intent { act=android.intent.action.MAIN cat=[android.intent.category.LAUNCHER] pkg=com.android.gallery3d }
06-24 15:35:02.076 D/HsmInterfaceImpl(14937): List [ResolveInfo{e337ee0 com.android.gallery3d/com.huawei.gallery.app.GalleryMain m=0x108000}]
06-24 15:35:02.080 E/asset   (14937): createFromFile(): lock file /data/resource-cache/system@emui@base@overlay@frameworkhwexthonor@frameworkhwexthonor.apk@idmap.
06-24 15:35:02.080 E/asset   (14937): createFromFile(): lock file /data/resource-cache/system@emui@base@overlay@frameworkhwexthonor@frameworkhwexthonor.apk@idmap.
06-24 15:35:02.080 W/ResourceType(14937): Found multiple library tables, ignoring...
06-24 15:35:02.114 W/HSM     ( 1813): HoldService:toast switch is close!
06-24 15:35:02.114 D/ApplicationPackageManager(14937): queryIntentActivitiesAsUser blocked, Intent { act=android.intent.action.MAIN cat=[android.intent.category.LAUNCHER] pkg=com.pp.assistant }
06-24 15:35:02.115 D/HsmInterfaceImpl(14937): List [ResolveInfo{5f95c3f com.pp.assistant/.activity.MainActivity m=0x108000}]
06-24 15:35:02.140 D/PMS1000 (  657): package:com.excelliance.dualaid, input flags:8192, output hwFlags:0
06-24 15:35:02.141 W/HSM     ( 1813): HoldService:toast switch is close!
06-24 15:35:02.142 D/ApplicationPackageManager(14937): queryIntentActivitiesAsUser blocked, Intent { act=android.intent.action.MAIN cat=[android.intent.category.LAUNCHER] pkg=com.oppo.market }
06-24 15:35:02.142 D/HsmInterfaceImpl(14937): List [ResolveInfo{67ed255 com.oppo.market/.activity.MainActivity m=0x108000}]
06-24 15:35:02.181 D/PMS1000 (  657): package:com.excelliance.dualaid, input flags:8192, output hwFlags:0
06-24 15:35:02.181 E/WifiHAL (  706): enter wifi_get_link_stats
06-24 15:35:02.182 W/HSM     ( 1813): HoldService:toast switch is close!
06-24 15:35:02.182 D/ApplicationPackageManager(14937): queryIntentActivitiesAsUser blocked, Intent { act=android.intent.action.MAIN cat=[android.intent.category.LAUNCHER] pkg=com.excean.wxaid }
06-24 15:35:02.182 D/HsmInterfaceImpl(14937): List [ResolveInfo{c317d5b com.excean.wxaid/com.excelliance.kxqp.ui.HelloActivity m=0x108000}]
06-24 15:35:02.190 E/wificond(  765): Failed to get NL80211_STA_INFO_CNAHLOAD
06-24 15:35:02.191 E/WificondControl(  657): Noise: -89, Snr: 0, Chload: -1
06-24 15:35:02.191 D/HwWifiCHRStateManager(  657): handleMessage : 1001
06-24 15:35:02.191 D/HwWifiCHRStateManager(  657): handleUpdateChannel:5805
06-24 15:35:02.191 V/HwWifiServiceFactory(  657): get AllImpl object = com.android.server.wifi.HwWifiServiceFactoryImpl@a390a53
06-24 15:35:02.192 D/WifiScoreReport(  657): Score = 100, wifiConnectivityManagerEnabled = false, lowScoreCount = 0
06-24 15:35:02.211 W/HwResourcesImpl(14937): icon in pkg com.excean.wxaid is too large.sDefaultSizeWithoutEdge = 188bmp.getWidth() = 1536
06-24 15:35:02.227 D/PMS1000 (  657): package:com.excelliance.dualaid, input flags:8192, output hwFlags:0
06-24 15:35:02.228 W/HSM     ( 1813): HoldService:toast switch is close!
06-24 15:35:02.228 D/ApplicationPackageManager(14937): queryIntentActivitiesAsUser blocked, Intent { act=android.intent.action.MAIN cat=[android.intent.category.LAUNCHER] pkg=com.huawei.intelligent }
06-24 15:35:02.228 D/HsmInterfaceImpl(14937): List []
06-24 15:35:02.230 W/HSM     ( 1813): HoldService:toast switch is close!
06-24 15:35:02.230 D/ApplicationPackageManager(14937): queryIntentActivitiesAsUser blocked, Intent { act=android.intent.action.MAIN cat=[android.intent.category.LAUNCHER] pkg=com.google.android.backuptransport }
06-24 15:35:02.230 D/HsmInterfaceImpl(14937): List []
06-24 15:35:02.232 W/HSM     ( 1813): HoldService:toast switch is close!
06-24 15:35:02.232 D/ApplicationPackageManager(14937): queryIntentActivitiesAsUser blocked, Intent { act=android.intent.action.MAIN cat=[android.intent.category.LAUNCHER] pkg=com.huawei.skytone }
06-24 15:35:02.232 D/HsmInterfaceImpl(14937): List []
06-24 15:35:02.235 W/HSM     ( 1813): HoldService:toast switch is close!
06-24 15:35:02.235 D/ApplicationPackageManager(14937): queryIntentActivitiesAsUser blocked, Intent { act=android.intent.action.MAIN cat=[android.intent.category.LAUNCHER] pkg=com.estrongs.android.pop }
06-24 15:35:02.235 D/HsmInterfaceImpl(14937): List [ResolveInfo{3273ed1 com.estrongs.android.pop/.app.openscreenad.NewSplashActivity m=0x108000}]
06-24 15:35:02.245 I/NetworkSpeedManagerEx( 1513): mIsStop = false
06-24 15:35:02.245 I/NetworkSpeedManagerEx( 1513):  runInThread getTetherStats
06-24 15:35:02.246 I/NetworkSpeedManagerEx( 1513):  runInUI refreshSpeed
06-24 15:35:02.247 I/NetworkSpeedManagerEx( 1513): value=3791.6667speed = 3.7
06-24 15:35:02.247 I/NetworkSpeedManagerEx( 1513): K/smIsShowLastSpeedValuefalse
06-24 15:35:02.247 I/NetworkSpeedView( 1513): /update(), speed=3.7
06-24 15:35:02.247 I/NetworkSpeedView( 1513): K/s parent class:class com.android.systemui.statusbar.HwSystemIcons
06-24 15:35:02.267 W/HSM     ( 1813): HoldService:toast switch is close!
06-24 15:35:02.268 D/ApplicationPackageManager(14937): queryIntentActivitiesAsUser blocked, Intent { act=android.intent.action.MAIN cat=[android.intent.category.LAUNCHER] pkg=com.redfinger.app }
06-24 15:35:02.268 D/HsmInterfaceImpl(14937): List [ResolveInfo{d009437 com.redfinger.app/.activity.SplashActivity m=0x108000}]
06-24 15:35:02.268 I/NetworkSpeedManagerEx( 1513): mIsStop = false
06-24 15:35:02.268 I/NetworkSpeedManagerEx( 1513):  runInThread getTetherStats
06-24 15:35:02.269 I/NetworkSpeedManagerEx( 1513):  runInUI refreshSpeed
06-24 15:35:02.270 I/NetworkSpeedManagerEx( 1513): value=3691.0speed = 3.6
06-24 15:35:02.270 I/NetworkSpeedManagerEx( 1513): K/smIsShowLastSpeedValuefalse
06-24 15:35:02.270 I/NetworkSpeedView( 1513): /update(), speed=3.6
06-24 15:35:02.270 I/NetworkSpeedView( 1513): K/s parent class:class com.android.systemui.statusbar.HwSystemIcons
06-24 15:35:02.297 W/HSM     ( 1813): HoldService:toast switch is close!
06-24 15:35:02.298 D/ApplicationPackageManager(14937): queryIntentActivitiesAsUser blocked, Intent { act=android.intent.action.MAIN cat=[android.intent.category.LAUNCHER] pkg=com.android.vending }
06-24 15:35:02.298 D/HsmInterfaceImpl(14937): List [ResolveInfo{b0ff70d com.android.vending/.AssetBrowserActivity m=0x108000}]
06-24 15:35:02.304 I/TrafficMonitor(  657): expired arrive. level:-1
06-24 15:35:02.304 I/TrafficMonitor(  657): during_ms:2001,period_ms:2000
06-24 15:35:02.304 I/TrafficMonitor(  657): count:794,rx_sum:19,tx_sum:22,rxBytes:8167,during_ms:2001,rx_speed:4081.4592703648177,tx_speed:1412.2938530734634,rto:0.8636363636363636
06-24 15:35:02.304 D/HuaweiWifiWatchdogStateMachine(  657): speed: rxpkt:19, rxSpd:4081B/s, txpkt:22, txSpd:1412
06-24 15:35:02.333 W/HSM     ( 1813): HoldService:toast switch is close!
06-24 15:35:02.334 D/ApplicationPackageManager(14937): queryIntentActivitiesAsUser blocked, Intent { act=android.intent.action.MAIN cat=[android.intent.category.LAUNCHER] pkg=org.hapjs.mockup }
06-24 15:35:02.334 D/HsmInterfaceImpl(14937): List [ResolveInfo{e51f709 org.hapjs.mockup/.activity.MainActivity m=0x108000}]
06-24 15:35:02.357 D/PMS1000 (  657): package:com.excelliance.dualaid, input flags:8192, output hwFlags:0
06-24 15:35:02.360 W/HSM     ( 1813): HoldService:toast switch is close!
06-24 15:35:02.360 D/ApplicationPackageManager(14937): queryIntentActivitiesAsUser blocked, Intent { act=android.intent.action.MAIN cat=[android.intent.category.LAUNCHER] pkg=com.huawei.gamebox }
06-24 15:35:02.361 D/HsmInterfaceImpl(14937): List [ResolveInfo{7c7d32f com.huawei.gamebox/.GameBoxActivity m=0x108000}]
06-24 15:35:02.364 E/asset   (14937): createFromFile(): lock file /data/resource-cache/system@emui@base@overlay@frameworkhwexthonor@frameworkhwexthonor.apk@idmap.
06-24 15:35:02.364 E/asset   (14937): createFromFile(): lock file /data/resource-cache/system@emui@base@overlay@frameworkhwexthonor@frameworkhwexthonor.apk@idmap.
06-24 15:35:02.364 W/ResourceType(14937): Found multiple library tables, ignoring...
06-24 15:35:02.391 D/PMS1000 (  657): package:com.excelliance.dualaid, input flags:8192, output hwFlags:0
06-24 15:35:02.392 W/HSM     ( 1813): HoldService:toast switch is close!
06-24 15:35:02.392 D/ApplicationPackageManager(14937): queryIntentActivitiesAsUser blocked, Intent { act=android.intent.action.MAIN cat=[android.intent.category.LAUNCHER] pkg=com.stickgame.los2 }
06-24 15:35:02.392 D/HsmInterfaceImpl(14937): List [ResolveInfo{455fc1a com.stickgame.los2/com.DBGame.DiabloLOL.DiabloLOL m=0x108000}]
06-24 15:35:02.414 I/Pged-IPgedBinderService(  769): ****action is 2, pid num is 6***
06-24 15:35:02.414 I/Pged-Freezer(  769): thawPids
06-24 15:35:02.418 D/PgedBinderAdapter( 1699): unfrz ok, pid: [29457, 29531, 29347, 27318, 29532]
06-24 15:35:02.423 I/appium  (29532): Null child 0/1, parent: android.view.accessibility.AccessibilityNodeInfo@800071bf; boundsInParent: Rect(0, 0 - 1080, 1920); boundsInScreen: Rect(0, 0 - 1080, 1920); packageName: com.excelliance.dualaid; className: android.widget.FrameLayout; text: null; error: null; maxTextLength: -1; contentDescription: null; viewIdResName: null; checkable: false; checked: false; focusable: false; focused: false; selected: false; clickable: false; longClickable: false; contextClickable: false; enabled: true; password: false; scrollable: false; importantForAccessibility: true; actions: [AccessibilityAction: ACTION_SELECT - null, AccessibilityAction: ACTION_CLEAR_SELECTION - null, AccessibilityAction: ACTION_ACCESSIBILITY_FOCUS - null, AccessibilityAction: ACTION_SHOW_ON_SCREEN - null]
06-24 15:35:02.423 I/appium  (29532): Fetch time: 3ms
06-24 15:35:02.429 I/appium  (29532): AppiumResponse: {"sessionId":"2d604340-25b7-4bc5-874b-09ac3bd169d8","status":0,"value":"<?xml version=\"1.0\" encoding=\"UTF-8\"?><hierarchy rotation=\"0\"><android.widget.FrameLayout index=\"0\" text=\"\" class=\"android.widget.FrameLayout\" package=\"com.excelliance.dualaid\" content-desc=\"\" checkable=\"false\" checked=\"false\" clickable=\"false\" enabled=\"true\" focusable=\"false\" focused=\"false\" scrollable=\"false\" long-clickable=\"false\" password=\"false\" selected=\"false\" bounds=\"[0,0][1080,1920]\" resource-id=\"\" instance=\"0\"\/><\/hierarchy>"}
06-24 15:35:02.432 W/HSM     ( 1813): HoldService:toast switch is close!
06-24 15:35:02.433 D/ApplicationPackageManager(14937): queryIntentActivitiesAsUser blocked, Intent { act=android.intent.action.MAIN cat=[android.intent.category.LAUNCHER] pkg=com.qihoo.appstore }
06-24 15:35:02.433 D/HsmInterfaceImpl(14937): List [ResolveInfo{13c2128 com.qihoo.appstore/.home.LauncherActivity m=0x108000}]
06-24 15:35:02.440 W/libc    (  493): Set property "hw.wifi.dns_stat" to "30520,26185,5028,1,52214"
06-24 15:35:02.442 D/HwConnectivityManagerImpl(  657): sendIntentDnsEvent connectType 1
06-24 15:35:02.442 D/HwConnectivityManagerImpl(  657): sendIntentDnsEvent mDnsCount:100 mDnsIpv6Timeout:0 mDnsResponseTotalTime:15 mDnsFailCount:0 mDnsResponse20Count:100 mDnsResponse150Count:0 mDnsResponse500Count:0 mDnsResponse1000Count:0 mDnsResponse2000Count:0 mDnsResponseOver2000Count:0
06-24 15:35:02.442 W/ContextImpl(  657): Calling a method in the system process without a qualified user: android.app.ContextImpl.sendBroadcast:1095 com.android.server.HwConnectivityManagerImpl.sendIntentDnsEvent:726 com.android.server.HwConnectivityManagerImpl.onDnsEvent:629 com.android.server.connectivity.NetdEventListenerService.onDnsEvent:127 android.net.metrics.INetdEventListener$Stub.onTransact:69 
06-24 15:35:02.443 W/ActivityManager(  657): Sending non-protected broadcast com.intent.action.wifi_dns_statistics from system 657:system/1000 pkg android
06-24 15:35:02.443 W/ActivityManager(  657): Sending non-protected broadcast com.intent.action.wifi_dns_statistics from system 657:system/1000 pkg android
06-24 15:35:02.444 D/HwWifiStatStore(  657): handleMessage : 2012
06-24 15:35:02.444 D/HwWifiStatStore(  657): handleWifiDnsStatReport data is: Bundle[{dnsIpv6Timeout=0, dnsResponse2000Count=0, dnsResponse500Count=0, dnsResponse20Count=100, dnsFailCount=0, dnsCount=100, dnsResponse1000Count=0, dnsResponse150Count=0, dnsResponseOver2000Count=0, dnsResponseTotalTime=15}]
06-24 15:35:02.445 I/appium  (29532): channel read invoked!
06-24 15:35:02.445 I/appium  (29532): channel read: GET /wd/hub/session/2d604340-25b7-4bc5-874b-09ac3bd169d8/source
06-24 15:35:02.459 D/PMS1000 (  657): package:com.excelliance.dualaid, input flags:8192, output hwFlags:0
06-24 15:35:02.459 W/HSM     ( 1813): HoldService:toast switch is close!
06-24 15:35:02.460 D/ApplicationPackageManager(14937): queryIntentActivitiesAsUser blocked, Intent { act=android.intent.action.MAIN cat=[android.intent.category.LAUNCHER] pkg=com.huawei.android.thememanager }
06-24 15:35:02.460 D/HsmInterfaceImpl(14937): List [ResolveInfo{cc7bfe6 com.huawei.android.thememanager/.HwThemeManagerActivity m=0x108000}]
06-24 15:35:02.463 E/asset   (14937): createFromFile(): lock file /data/resource-cache/system@emui@base@overlay@frameworkhwexthonor@frameworkhwexthonor.apk@idmap.
06-24 15:35:02.463 E/asset   (14937): createFromFile(): lock file /data/resource-cache/system@emui@base@overlay@frameworkhwexthonor@frameworkhwexthonor.apk@idmap.
06-24 15:35:02.463 W/ResourceType(14937): Found multiple library tables, ignoring...
06-24 15:35:02.497 W/HSM     ( 1813): HoldService:toast switch is close!
06-24 15:35:02.497 D/ApplicationPackageManager(14937): queryIntentActivitiesAsUser blocked, Intent { act=android.intent.action.MAIN cat=[android.intent.category.LAUNCHER] pkg=com.excean.parallelspace }
06-24 15:35:02.498 D/HsmInterfaceImpl(14937): List [ResolveInfo{479bd7d com.excean.parallelspace/com.excelliance.kxqp.ui.HelloActivity m=0x108000}]
06-24 15:35:02.525 W/HSM     ( 1813): HoldService:toast switch is close!
06-24 15:35:02.525 D/ApplicationPackageManager(14937): queryIntentActivitiesAsUser blocked, Intent { act=android.intent.action.MAIN cat=[android.intent.category.LAUNCHER] pkg=com.UCMobile }
06-24 15:35:02.526 D/HsmInterfaceImpl(14937): List [ResolveInfo{8e200c3 com.UCMobile/.main.UCMobile m=0x108000}]
06-24 15:35:02.562 D/PMS1000 (  657): package:com.excelliance.dualaid, input flags:8192, output hwFlags:0
06-24 15:35:02.563 W/HSM     ( 1813): HoldService:toast switch is close!
06-24 15:35:02.563 D/ApplicationPackageManager(14937): queryIntentActivitiesAsUser blocked, Intent { act=android.intent.action.MAIN cat=[android.intent.category.LAUNCHER] pkg=com.bbk.appstore }
06-24 15:35:02.564 D/HsmInterfaceImpl(14937): List [ResolveInfo{e69b479 com.bbk.appstore/.ui.AppStore m=0x108000}]
06-24 15:35:02.587 W/HSM     ( 1813): HoldService:toast switch is close!
06-24 15:35:02.587 D/ApplicationPackageManager(14937): queryIntentActivitiesAsUser blocked, Intent { act=android.intent.action.MAIN cat=[android.intent.category.LAUNCHER] pkg=com.excean.ppaid }
06-24 15:35:02.587 D/HsmInterfaceImpl(14937): List [ResolveInfo{a59e61f com.excean.ppaid/com.excelliance.kxqp.ui.HelloActivity m=0x108000}]
06-24 15:35:02.600 D/HwWifiStatStore(  657): handleMessage : 200
06-24 15:35:02.619 W/HSM     ( 1813): HoldService:toast switch is close!
06-24 15:35:02.620 D/ApplicationPackageManager(14937): queryIntentActivitiesAsUser blocked, Intent { act=android.intent.action.MAIN cat=[android.intent.category.LAUNCHER] pkg=com.netease.blockchain }
06-24 15:35:02.620 D/HsmInterfaceImpl(14937): List [ResolveInfo{4c81f35 com.netease.blockchain/.business.main.MainActivity m=0x108000}]
06-24 15:35:02.643 D/PMS1000 (  657): package:com.excelliance.dualaid, input flags:8192, output hwFlags:0
06-24 15:35:02.644 W/HSM     ( 1813): HoldService:toast switch is close!
06-24 15:35:02.645 D/ApplicationPackageManager(14937): queryIntentActivitiesAsUser blocked, Intent { act=android.intent.action.MAIN cat=[android.intent.category.LAUNCHER] pkg=com.huawei.camera }
06-24 15:35:02.645 D/HsmInterfaceImpl(14937): List [ResolveInfo{640c53b com.huawei.camera/com.huawei.camera m=0x108000}]
06-24 15:35:02.648 E/asset   (14937): createFromFile(): lock file /data/resource-cache/system@emui@base@overlay@frameworkhwexthonor@frameworkhwexthonor.apk@idmap.
06-24 15:35:02.648 E/asset   (14937): createFromFile(): lock file /data/resource-cache/system@emui@base@overlay@frameworkhwexthonor@frameworkhwexthonor.apk@idmap.
06-24 15:35:02.648 W/ResourceType(14937): Found multiple library tables, ignoring...
06-24 15:35:02.680 D/PMS1000 (  657): package:com.excelliance.dualaid, input flags:8192, output hwFlags:0
06-24 15:35:02.681 W/HSM     ( 1813): HoldService:toast switch is close!
06-24 15:35:02.682 D/ApplicationPackageManager(14937): queryIntentActivitiesAsUser blocked, Intent { act=android.intent.action.MAIN cat=[android.intent.category.LAUNCHER] pkg=com.sinovatech.unicom.ui }
06-24 15:35:02.682 D/HsmInterfaceImpl(14937): List [ResolveInfo{175ee96 com.sinovatech.unicom.ui/.WelcomeClient m=0x108000}]
06-24 15:35:02.709 W/HSM     ( 1813): HoldService:toast switch is close!
06-24 15:35:02.710 D/ApplicationPackageManager(14937): queryIntentActivitiesAsUser blocked, Intent { act=android.intent.action.MAIN cat=[android.intent.category.LAUNCHER] pkg=com.huawei.phoneservice }
06-24 15:35:02.710 D/HsmInterfaceImpl(14937): List [ResolveInfo{5ad2e04 com.huawei.phoneservice/.LaunchActivity m=0x108000}]
06-24 15:35:02.711 E/Thermal-daemon(  764): [pa_0] temp_new :38  temp_old :37
06-24 15:35:02.712 I/ThermalService( 1699): Receive temperature change, type: 1, temp: 38 from thermald
06-24 15:35:02.712 D/HwThermalStateManager( 1699): Thermal type: 1 cur_temperature:38
06-24 15:35:02.712 E/Thermal-daemon(  764): Report temperature: [pa_0] temp :38  report_threshold:1
06-24 15:35:02.713 E/asset   (14937): createFromFile(): lock file /data/resource-cache/system@emui@base@overlay@frameworkhwexthonor@frameworkhwexthonor.apk@idmap.
06-24 15:35:02.713 E/asset   (14937): createFromFile(): lock file /data/resource-cache/system@emui@base@overlay@frameworkhwexthonor@frameworkhwexthonor.apk@idmap.
06-24 15:35:02.713 W/ResourceType(14937): Found multiple library tables, ignoring...
06-24 15:35:02.714 E/Thermal-daemon(  764): [flash_led] temp_new :38  temp_old :39
06-24 15:35:02.714 I/ThermalService( 1699): Receive temperature change, type: 3, temp: 38 from thermald
06-24 15:35:02.714 D/HwThermalStateManager( 1699): Thermal type: 3 cur_temperature:38
06-24 15:35:02.714 E/Thermal-daemon(  764): Report temperature: [flash_led] temp :38  report_threshold:1
06-24 15:35:02.714 W/HwThermalStateManager( 1699): warning: no config thermal type:3 temperature:38
06-24 15:35:02.740 W/HSM     ( 1813): HoldService:toast switch is close!
06-24 15:35:02.740 D/ApplicationPackageManager(14937): queryIntentActivitiesAsUser blocked, Intent { act=android.intent.action.MAIN cat=[android.intent.category.LAUNCHER] pkg=com.crisisfire.android.nearme.gamecenter }
06-24 15:35:02.741 D/HsmInterfaceImpl(14937): List [ResolveInfo{34a0b3 com.crisisfire.android.nearme.gamecenter/.UnityPlayerNativeActivity m=0x108000}]
06-24 15:35:02.783 W/HSM     ( 1813): HoldService:toast switch is close!
06-24 15:35:02.784 D/ApplicationPackageManager(14937): queryIntentActivitiesAsUser blocked, Intent { act=android.intent.action.MAIN cat=[android.intent.category.LAUNCHER] pkg=com.antutu.benchmark.full }
06-24 15:35:02.784 D/HsmInterfaceImpl(14937): List []
06-24 15:35:02.786 W/HSM     ( 1813): HoldService:toast switch is close!
06-24 15:35:02.787 D/ApplicationPackageManager(14937): queryIntentActivitiesAsUser blocked, Intent { act=android.intent.action.MAIN cat=[android.intent.category.LAUNCHER] pkg=com.xunmeng.pinduoduo }
06-24 15:35:02.787 D/HsmInterfaceImpl(14937): List [ResolveInfo{963ade9 com.xunmeng.pinduoduo/.ui.activity.MainFrameActivity m=0x108000}]
06-24 15:35:02.818 W/HSM     ( 1813): HoldService:toast switch is close!
06-24 15:35:02.819 D/ApplicationPackageManager(14937): queryIntentActivitiesAsUser blocked, Intent { act=android.intent.action.MAIN cat=[android.intent.category.LAUNCHER] pkg=com.zhuowang.cloneapp }
06-24 15:35:02.819 D/HsmInterfaceImpl(14937): List [ResolveInfo{3ce950f com.zhuowang.cloneapp/com.excelliance.kxqp.ui.HelloActivity m=0x108000}]
06-24 15:35:02.852 W/HSM     ( 1813): HoldService:toast switch is close!
06-24 15:35:02.853 D/ApplicationPackageManager(14937): queryIntentActivitiesAsUser blocked, Intent { act=android.intent.action.MAIN cat=[android.intent.category.LAUNCHER] pkg=com.excean.parallelspace.b64 }
06-24 15:35:02.853 D/HsmInterfaceImpl(14937): List []
06-24 15:35:02.855 W/HSM     ( 1813): HoldService:toast switch is close!
06-24 15:35:02.855 D/ApplicationPackageManager(14937): queryIntentActivitiesAsUser blocked, Intent { act=android.intent.action.MAIN cat=[android.intent.category.LAUNCHER] pkg=com.excelliance.multiaccounts.b64 }
06-24 15:35:02.855 D/HsmInterfaceImpl(14937): List []
06-24 15:35:02.859 W/HSM     ( 1813): HoldService:toast switch is close!
06-24 15:35:02.859 D/ApplicationPackageManager(14937): queryIntentActivitiesAsUser blocked, Intent { act=android.intent.action.MAIN cat=[android.intent.category.LAUNCHER] pkg=com.xiangyou.multispace }
06-24 15:35:02.859 D/HsmInterfaceImpl(14937): List [ResolveInfo{5dd8f7a com.xiangyou.multispace/com.excelliance.kxqp.ui.HelloActivity m=0x108000}]
06-24 15:35:02.884 I/appium  (29532): Skipping invisible child: android.view.accessibility.AccessibilityNodeInfo@129b1; boundsInParent: Rect(0, 0 - 1080, 186); boundsInScreen: Rect(0, 1920 - 1080, 1920); packageName: com.excelliance.dualaid; className: android.view.View; text: null; error: null; maxTextLength: -1; contentDescription: null; viewIdResName: com.excelliance.dualaid:id/first_start_ok_after; checkable: false; checked: false; focusable: false; focused: false; selected: false; clickable: false; longClickable: false; contextClickable: false; enabled: true; password: false; scrollable: false; importantForAccessibility: false; actions: [AccessibilityAction: ACTION_SELECT - null, AccessibilityAction: ACTION_CLEAR_SELECTION - null, AccessibilityAction: ACTION_ACCESSIBILITY_FOCUS - null, AccessibilityAction: ACTION_SHOW_ON_SCREEN - null]
06-24 15:35:02.884 I/appium  (29532): Skipping invisible child: android.view.accessibility.AccessibilityNodeInfo@13133; boundsInParent: Rect(0, 0 - 1080, 72); boundsInScreen: Rect(0, 0 - 1080, 72); packageName: com.excelliance.dualaid; className: android.view.View; text: null; error: null; maxTextLength: -1; contentDescription: null; viewIdResName: null; checkable: false; checked: false; focusable: false; focused: false; selected: false; clickable: false; longClickable: false; contextClickable: false; enabled: true; password: false; scrollable: false; importantForAccessibility: false; actions: [AccessibilityAction: ACTION_SELECT - null, AccessibilityAction: ACTION_CLEAR_SELECTION - null, AccessibilityAction: ACTION_ACCESSIBILITY_FOCUS - null, AccessibilityAction: ACTION_SHOW_ON_SCREEN - null]
06-24 15:35:02.884 I/appium  (29532): Fetch time: 17ms
06-24 15:35:02.889 W/HSM     ( 1813): HoldService:toast switch is close!
06-24 15:35:02.890 D/ApplicationPackageManager(14937): queryIntentActivitiesAsUser blocked, Intent { act=android.intent.action.MAIN cat=[android.intent.category.LAUNCHER] pkg=com.youlong.multiaccount }
06-24 15:35:02.890 D/HsmInterfaceImpl(14937): List [ResolveInfo{33f5388 com.youlong.multiaccount/com.excelliance.kxqp.ui.HelloActivity m=0x108000}]
06-24 15:35:02.915 I/appium  (29532): AppiumResponse: {"sessionId":"2d604340-25b7-4bc5-874b-09ac3bd169d8","status":0,"value":"<?xml version=\"1.0\" encoding=\"UTF-8\"?><hierarchy rotation=\"0\"><android.widget.FrameLayout index=\"0\" text=\"\" class=\"android.widget.FrameLayout\" package=\"com.excelliance.dualaid\" content-desc=\"\" checkable=\"false\" checked=\"false\" clickable=\"false\" enabled=\"true\" focusable=\"false\" focused=\"false\" scrollable=\"false\" long-clickable=\"false\" password=\"false\" selected=\"false\" bounds=\"[0,0][1080,1920]\" resource-id=\"\" instance=\"0\"><android.widget.LinearLayout index=\"0\" text=\"\" class=\"android.widget.LinearLayout\" package=\"com.excelliance.dualaid\" content-desc=\"\" checkable=\"false\" checked=\"false\" clickable=\"false\" enabled=\"true\" focusable=\"false\" focused=\"false\" scrollable=\"false\" long-clickable=\"false\" password=\"false\" selected=\"false\" bounds=\"[0,0][1080,1920]\" resource-id=\"\" instance=\"0\"><android.widget.FrameLayout index=\"0\" text=\"\" class=\"android.widget.FrameLayout\" package=\"com.excelliance.dualaid\" content-desc=\"\" checkable=\"false\" checked=\"false\" clickable=\"false\" enabled=\"true\" focusable=\"false\" focused=\"false\" scrollable=\"false\" long-clickable=\"false\" password=\"false\" selected=\"false\" bounds=\"[0,72][1080,1920]\" resource-id=\"android:id\/content\" instance=\"1\"><android.widget.LinearLayout index=\"0\" text=\"\" class=\"android.widget.LinearLayout\" package=\"com.excelliance.dualaid\" content-desc=\"\" checkable=\"false\" checked=\"false\" clickable=\"false\" enabled=\"true\" focusable=\"false\" focused=\"false\" scrollable=\"false\" long-clickable=\"false\" password=\"false\" selected=\"false\" bounds=\"[0,72][1080,1920]\" resource-id=\"\" instance=\"1\"><android.widget.RelativeLayout index=\"0\" text=\"\" class=\"android.widget.RelativeLayout\" package=\"com.excelliance.dualaid\" content-desc=\"\" checkable=\"false\" checked=\"false\" clickable=\"false\" enabled=\"true\" focusable=\"false\" focused=\"false\" scrollable=\"false\" long-clickable=\"false\" password=\"false\" selected=\"false\" bounds=\"[0,72][1080,240]\" resource-id=\"com.excelliance.dualaid:id\/top\" instance=\"0\"><android.widget.TextView index=\"0\" text=\"登录\/注册\" class=\"android.widget.TextView\" package=\"com.excelliance.dualaid\" content-desc=\"\" checkable=\"false\" checked=\"false\" clickable=\"true\" enabled=\"true\" focusable=\"true\" focused=\"false\" scrollable=\"false\" long-clickable=\"false\" password=\"false\" selected=\"false\" bounds=\"[36,111][221,201]\" resource-id=\"com.excelliance.dualaid:id\/tv_login_in\" instance=\"0\"\/><android.widget.TextView index=\"1\" text=\"双开助手\" class=\"android.widget.TextView\" package=\"com.excelliance.dualaid\" content-desc=\"\" checkable=\"false\" checked=\"false\" clickable=\"false\" enabled=\"true\" focusable=\"false\" focused=\"false\" scrollable=\"false\" long-clickable=\"false\" password=\"false\" selected=\"false\" bounds=\"[420,115][660,196]\" resource-id=\"com.excelliance.dualaid:id\/first_tv_back\" instance=\"1\"\/><android.widget.TextView index=\"2\" text=\"跳过\" class=\"android.widget.TextView\" package=\"com.excelliance.dualaid\" content-desc=\"\" checkable=\"false\" checked=\"false\" clickable=\"true\" enabled=\"true\" focusable=\"true\" focused=\"false\" scrollable=\"false\" long-clickable=\"false\" password=\"false\" selected=\"false\" bounds=\"[960,111][1044,201]\" resource-id=\"com.excelliance.dualaid:id\/jump_to\" instance=\"2\"\/><\/android.widget.RelativeLayout><android.widget.RelativeLayout index=\"1\" text=\"\" class=\"android.widget.RelativeLayout\" package=\"com.excelliance.dualaid\" content-desc=\"\" checkable=\"false\" checked=\"false\" clickable=\"false\" enabled=\"true\" focusable=\"false\" focused=\"false\" scrollable=\"false\" long-clickable=\"false\" password=\"false\" selected=\"false\" bounds=\"[0,240][1080,454]\" resource-id=\"com.excelliance.dualaid:id\/rl_note\" instance=\"1\"><android.widget.ImageView index=\"0\" text=\"\"
06-24 15:35:02.918 W/HSM     ( 1813): HoldService:toast switch is close!
06-24 15:35:02.919 D/ApplicationPackageManager(14937): queryIntentActivitiesAsUser blocked, Intent { act=android.intent.action.MAIN cat=[android.intent.category.LAUNCHER] pkg=com.gameloft.android.ANMP.GloftA9HM }
06-24 15:35:02.919 D/HsmInterfaceImpl(14937): List [ResolveInfo{d252946 com.gameloft.android.ANMP.GloftA9HM/.MainActivity m=0x108000}]
06-24 15:35:02.941 I/appium  (29532): channel read invoked!
06-24 15:35:02.941 I/appium  (29532): channel read: POST /wd/hub/session/2d604340-25b7-4bc5-874b-09ac3bd169d8/element
06-24 15:35:02.941 I/appium  (29532): Find element command
06-24 15:35:02.941 D/appium  (29532): payload: {"strategy":"id","selector":"com.excelliance.dualaid:id/first_start_ok","context":"","multiple":false}
06-24 15:35:02.942 I/appium  (29532): find element command using 'id' with selector 'com.excelliance.dualaid:id/first_start_ok'.
06-24 15:35:02.952 I/appium  (29532): AppiumResponse: {"sessionId":"2d604340-25b7-4bc5-874b-09ac3bd169d8","status":0,"value":{"ELEMENT":"23f1b553-3ace-4d55-849a-098721a12a01"}}
06-24 15:35:02.959 D/PMS1000 (  657): package:com.excelliance.dualaid, input flags:8192, output hwFlags:0
06-24 15:35:02.960 W/HSM     ( 1813): HoldService:toast switch is close!
06-24 15:35:02.960 D/ApplicationPackageManager(14937): queryIntentActivitiesAsUser blocked, Intent { act=android.intent.action.MAIN cat=[android.intent.category.LAUNCHER] pkg=com.excelliance.dualaid.b64 }
06-24 15:35:02.960 D/HsmInterfaceImpl(14937): List []
06-24 15:35:02.961 V/AddGameData(14937): Manufacturer:HUAWEI
06-24 15:35:02.964 I/appium  (29532): channel read invoked!
06-24 15:35:02.964 I/appium  (29532): channel read: GET /wd/hub/session/2d604340-25b7-4bc5-874b-09ac3bd169d8/source
06-24 15:35:02.976 W/HSM     ( 1813): HoldService:toast switch is close!
06-24 15:35:02.976 D/ApplicationPackageManager(14937): getInstalledApplications blocked
06-24 15:35:02.976 D/HsmInterfaceImpl(14937): List [ApplicationInfo{fa93d2 com.huawei.hifolder}, ApplicationInfo{a271ca3 com.github.shadowsocks}, ApplicationInfo{6730ba0 com.excelliance.dualaid}]
06-24 15:35:02.976 V/AddGameData(14937): appInfoList.size():3
06-24 15:35:02.976 V/AddGameData(14937): can read pkg:com.github.shadowsocks
06-24 15:35:02.977 D/PMS11422(  657): package:com.immomo.momo, input flags:0, output hwFlags:0
06-24 15:35:02.981 E/asset   (14937): createFromFile(): lock file /data/resource-cache/system@emui@base@overlay@frameworkhwexthonor@frameworkhwexthonor.apk@idmap.
06-24 15:35:02.981 E/asset   (14937): createFromFile(): lock file /data/resource-cache/system@emui@base@overlay@frameworkhwexthonor@frameworkhwexthonor.apk@idmap.
06-24 15:35:02.982 W/ResourceType(14937): Found multiple library tables, ignoring...
06-24 15:35:02.987 I/appium  (29532): Skipping invisible child: android.view.accessibility.AccessibilityNodeInfo@129b1; boundsInParent: Rect(0, 0 - 1080, 186); boundsInScreen: Rect(0, 1920 - 1080, 1920); packageName: com.excelliance.dualaid; className: android.view.View; text: null; error: null; maxTextLength: -1; contentDescription: null; viewIdResName: com.excelliance.dualaid:id/first_start_ok_after; checkable: false; checked: false; focusable: false; focused: false; selected: false; clickable: false; longClickable: false; contextClickable: false; enabled: true; password: false; scrollable: false; importantForAccessibility: false; actions: [AccessibilityAction: ACTION_SELECT - null, AccessibilityAction: ACTION_CLEAR_SELECTION - null, AccessibilityAction: ACTION_ACCESSIBILITY_FOCUS - null, AccessibilityAction: ACTION_SHOW_ON_SCREEN - null]
06-24 15:35:02.988 I/appium  (29532): Skipping invisible child: android.view.accessibility.AccessibilityNodeInfo@13133; boundsInParent: Rect(0, 0 - 1080, 72); boundsInScreen: Rect(0, 0 - 1080, 72); packageName: com.excelliance.dualaid; className: android.view.View; text: null; error: null; maxTextLength: -1; contentDescription: null; viewIdResName: null; checkable: false; checked: false; focusable: false; focused: false; selected: false; clickable: false; longClickable: false; contextClickable: false; enabled: true; password: false; scrollable: false; importantForAccessibility: false; actions: [AccessibilityAction: ACTION_SELECT - null, AccessibilityAction: ACTION_CLEAR_SELECTION - null, AccessibilityAction: ACTION_ACCESSIBILITY_FOCUS - null, AccessibilityAction: ACTION_SHOW_ON_SCREEN - null]
06-24 15:35:02.988 I/appium  (29532): Fetch time: 15ms
06-24 15:35:03.001 D/PMS11422(  657): package:com.tencent.qqlite, input flags:0, output is null
06-24 15:35:03.003 D/PMS11422(  657): package:com.tencen2.mm, input flags:0, output is null
06-24 15:35:03.004 D/PMS11422(  657): package:com.tencent.karaoke, input flags:0, output hwFlags:0
