06-24 16:46:28.746 D/HwQoEUtils(  657): mAppSensitivityScore = 0 , isCallbackNotified = false ,isSensitiveApp = true, score: -1
06-24 16:46:28.746 D/ApplicationPackageManager(26493): queryIntentActivitiesAsUser blocked, Intent { act=android.intent.action.MAIN cat=[android.intent.category.LAUNCHER] pkg=com.facebook.katana }
06-24 16:46:28.746 D/HsmInterfaceImpl(26493): List [ResolveInfo{ba2e350 com.facebook.katana/.LoginActivity m=0x108000}]
06-24 16:46:28.747 I/GRALLOC (  679): 	 shrFd=10,fmt=0x1,intFmt=0x200000001,btStrd=4352,size=8486912,pid=679 
06-24 16:46:28.747 I/GRALLOC (  679): 	 yuv=2,w=1080,h=1920,Stride u=0 v=0,offset u=0 v=0 
06-24 16:46:28.747 I/GRALLOC (  679): 	 iova_size=8486912,conUsg=0x900,proUsg=0x900,	 strd=1088,[afbc]HdrStrd=1088 PyldStrd=69632 Scrmbl=2,ionhnd = 1 
06-24 16:46:28.747 D/ImageWallpaper( 1513): onOffsetsChanged: xOffset=0.0, yOffset=0.0, xOffsetStep=0.0, yOffsetStep=0.0, xPixels=0, yPixels=0
06-24 16:46:28.749 I/HwNetworkPolicy(  657): onTransact, code = 203
06-24 16:46:28.749 I/HwNetworkPolicyManager( 1813): getHwUidPolicy uid = 10300 policy = 0
06-24 16:46:28.749 V/ActivityThread(20113): Handle window ActivityRecord{7937af8 token=android.os.BinderProxy@2d19f52 {com.tencent.mm/com.tencent.mm.plugin.wallet.pay.ui.WalletPayUI}} visibility: true
06-24 16:46:28.750 D/ImageWallpaper( 1513): Suppressed drawFrame since redraw is not needed and offsets have not changed.sf=Rect(0, 0 - 2160, 1920)
06-24 16:46:28.750 D/ImageWallpaper( 1513): onVisibilityChanged: mVisible, visible=false, true
06-24 16:46:28.750 D/ImageWallpaper( 1513): Visibility changed to visible=true
06-24 16:46:28.750 I/HwNetworkPolicy(  657): onTransact, code = 203
06-24 16:46:28.750 D/ImageWallpaper( 1513): Suppressed drawFrame since redraw is not needed and offsets have not changed.sf=Rect(0, 0 - 2160, 1920)
06-24 16:46:28.751 I/HwNetworkPolicyManager( 1813): getHwUidPolicy uid = 10056 policy = 0
06-24 16:46:28.753 I/GRALLOC (  679): 	 shrFd=10,fmt=0x1,intFmt=0x200000001,btStrd=4352,size=8486912,pid=679 
06-24 16:46:28.753 I/GRALLOC (  679): 	 yuv=2,w=1080,h=1920,Stride u=0 v=0,offset u=0 v=0 
06-24 16:46:28.753 I/GRALLOC (  679): 	 iova_size=8486912,conUsg=0x900,proUsg=0x900,	 strd=1088,[afbc]HdrStrd=1088 PyldStrd=69632 Scrmbl=2,ionhnd = 1 
06-24 16:46:28.756 I/GRALLOC (  679): 	 shrFd=10,fmt=0x1,intFmt=0x200000001,btStrd=4352,size=8486912,pid=679 
06-24 16:46:28.756 I/GRALLOC (  679): 	 yuv=2,w=1080,h=1920,Stride u=0 v=0,offset u=0 v=0 
06-24 16:46:28.756 I/GRALLOC (  679): 	 iova_size=8486912,conUsg=0x900,proUsg=0x900,	 strd=1088,[afbc]HdrStrd=1088 PyldStrd=69632 Scrmbl=2,ionhnd = 1 
06-24 16:46:28.757 D/mali_winsys( 2519): EGLint new_window_surface(egl_winsys_display *, void *, EGLSurface, EGLConfig, egl_winsys_surface **, egl_color_buffer_format *, EGLBoolean) returns 0x3000
06-24 16:46:28.758 W/AwareLog(  657): SchedLevelBoost: onFgActivitiesChanged config not set!
06-24 16:46:28.759 W/AwareLog(  657): SchedLevelBoost: onFgActivitiesChanged config not set!
06-24 16:46:28.767 I/GRALLOC (  679): 	 shrFd=10,fmt=0x1,intFmt=0x200000001,btStrd=4352,size=8486912,pid=679 
06-24 16:46:28.767 I/GRALLOC (  679): 	 yuv=2,w=1080,h=1920,Stride u=0 v=0,offset u=0 v=0 
06-24 16:46:28.767 I/GRALLOC (  679): 	 iova_size=8486912,conUsg=0x900,proUsg=0x900,	 strd=1088,[afbc]HdrStrd=1088 PyldStrd=69632 Scrmbl=2,ionhnd = 1 
06-24 16:46:28.770 I/chatty  (  679): uid=1000(system) allocator@2.0-s identical 1 line
06-24 16:46:28.773 I/GRALLOC (  679): 	 shrFd=10,fmt=0x1,intFmt=0x200000001,btStrd=4352,size=8486912,pid=679 
06-24 16:46:28.773 I/GRALLOC (  679): 	 yuv=2,w=1080,h=1920,Stride u=0 v=0,offset u=0 v=0 
06-24 16:46:28.773 I/GRALLOC (  679): 	 iova_size=8486912,conUsg=0x900,proUsg=0x900,	 strd=1088,[afbc]HdrStrd=1088 PyldStrd=69632 Scrmbl=2,ionhnd = 1 
06-24 16:46:28.774 D/mali_winsys(20113): EGLint new_window_surface(egl_winsys_display *, void *, EGLSurface, EGLConfig, egl_winsys_surface **, egl_color_buffer_format *, EGLBoolean) returns 0x3000
06-24 16:46:28.776 I/HwPCUtils#HwPCMultiWindowManager(  657): requestedOrientation: 1
06-24 16:46:28.777 V/ActivityThread(20113): Handle window ActivityRecord{3801abb token=android.os.BinderProxy@87e2fc1 {com.tencent.mm/com.tencent.mm.plugin.wallet_index.ui.OrderHandlerUI}} visibility: true
06-24 16:46:28.788 I/GRALLOC (  679): 	 shrFd=10,fmt=0x1,intFmt=0x200000001,btStrd=4352,size=8486912,pid=679 
06-24 16:46:28.788 I/GRALLOC (  679): 	 yuv=2,w=1080,h=1920,Stride u=0 v=0,offset u=0 v=0 
06-24 16:46:28.788 I/GRALLOC (  679): 	 iova_size=8486912,conUsg=0xb00,proUsg=0xb00,	 strd=1088,[afbc]HdrStrd=1088 PyldStrd=69632 Scrmbl=2,ionhnd = 1 
06-24 16:46:28.789 E/asset   (26493): createFromFile(): lock file /data/resource-cache/system@emui@base@overlay@frameworkhwexthonor@frameworkhwexthonor.apk@idmap.
06-24 16:46:28.789 E/asset   (26493): createFromFile(): lock file /data/resource-cache/system@emui@base@overlay@frameworkhwexthonor@frameworkhwexthonor.apk@idmap.
06-24 16:46:28.789 W/ResourceType(26493): Found multiple library tables, ignoring...
06-24 16:46:28.790 I/GRALLOC (  679): 	 shrFd=10,fmt=0x1,intFmt=0x200000001,btStrd=4352,size=8486912,pid=679 
06-24 16:46:28.790 I/GRALLOC (  679): 	 yuv=2,w=1080,h=1920,Stride u=0 v=0,offset u=0 v=0 
06-24 16:46:28.790 I/GRALLOC (  679): 	 iova_size=8486912,conUsg=0xb00,proUsg=0xb00,	 strd=1088,[afbc]HdrStrd=1088 PyldStrd=69632 Scrmbl=2,ionhnd = 1 
06-24 16:46:28.800 D/WindowManager(  657): finishDrawingWindow: Window{68d6975 u0 com.huawei.android.launcher/com.huawei.android.launcher.unihome.UniHomeLauncher} mDrawState=HAS_DRAWN
06-24 16:46:28.800 D/WindowManager(  657): finishDrawingWindow: Window{aca8fb7 u0 com.tencent.mm/com.tencent.mm.plugin.wallet.pay.ui.WalletPayUI} mDrawState=DRAW_PENDING
06-24 16:46:28.818 D/PMS1000 (  657): package:com.excelliance.dualaid, input flags:8192, output hwFlags:0
06-24 16:46:28.820 W/HSM     ( 1813): HoldService:toast switch is close!
06-24 16:46:28.821 D/ApplicationPackageManager(26493): queryIntentActivitiesAsUser blocked, Intent { act=android.intent.action.MAIN cat=[android.intent.category.LAUNCHER] pkg=com.huawei.trustcircle }
06-24 16:46:28.821 D/HsmInterfaceImpl(26493): List []
06-24 16:46:28.822 I/GRALLOC (  679): 	 shrFd=10,fmt=0x1,intFmt=0x200000001,btStrd=4352,size=8486912,pid=679 
06-24 16:46:28.822 I/GRALLOC (  679): 	 yuv=2,w=1080,h=1920,Stride u=0 v=0,offset u=0 v=0 
06-24 16:46:28.822 I/GRALLOC (  679): 	 iova_size=8486912,conUsg=0x900,proUsg=0x900,	 strd=1088,[afbc]HdrStrd=1088 PyldStrd=69632 Scrmbl=2,ionhnd = 1 
06-24 16:46:28.824 D/PMS1000 (  657): package:com.excelliance.dualaid, input flags:8192, output hwFlags:0
06-24 16:46:28.824 I/GRALLOC (  679): 	 shrFd=10,fmt=0x1,intFmt=0x200000001,btStrd=4352,size=8486912,pid=679 
06-24 16:46:28.824 I/GRALLOC (  679): 	 yuv=2,w=1080,h=1920,Stride u=0 v=0,offset u=0 v=0 
06-24 16:46:28.824 I/GRALLOC (  679): 	 iova_size=8486912,conUsg=0x900,proUsg=0x900,	 strd=1088,[afbc]HdrStrd=1088 PyldStrd=69632 Scrmbl=2,ionhnd = 1 
06-24 16:46:28.825 W/HSM     ( 1813): HoldService:toast switch is close!
06-24 16:46:28.825 D/ApplicationPackageManager(26493): queryIntentActivitiesAsUser blocked, Intent { act=android.intent.action.MAIN cat=[android.intent.category.LAUNCHER] pkg=com.jingdong.app.mall }
06-24 16:46:28.825 D/HsmInterfaceImpl(26493): List [ResolveInfo{edae47c com.jingdong.app.mall/.main.MainActivity m=0x108000}]
06-24 16:46:28.827 I/GRALLOC (  679): 	 shrFd=10,fmt=0x1,intFmt=0x200000001,btStrd=4352,size=8486912,pid=679 
06-24 16:46:28.827 I/GRALLOC (  679): 	 yuv=2,w=1080,h=1920,Stride u=0 v=0,offset u=0 v=0 
06-24 16:46:28.827 I/GRALLOC (  679): 	 iova_size=8486912,conUsg=0x900,proUsg=0x900,	 strd=1088,[afbc]HdrStrd=1088 PyldStrd=69632 Scrmbl=2,ionhnd = 1 
06-24 16:46:28.828 D/mali_winsys(20113): EGLint new_window_surface(egl_winsys_display *, void *, EGLSurface, EGLConfig, egl_winsys_surface **, egl_color_buffer_format *, EGLBoolean) returns 0x3000
06-24 16:46:28.832 E/asset   ( 2519): createFromFile(): lock file /data/resource-cache/system@emui@base@overlay@frameworkhwexthonor@frameworkhwexthonor.apk@idmap.
06-24 16:46:28.832 E/asset   ( 2519): createFromFile(): lock file /data/resource-cache/system@emui@base@overlay@frameworkhwexthonor@frameworkhwexthonor.apk@idmap.
06-24 16:46:28.832 W/ResourceType( 2519): Found multiple library tables, ignoring...
06-24 16:46:28.838 I/GRALLOC (  679): 	 shrFd=10,fmt=0x1,intFmt=0x200000001,btStrd=4352,size=8486912,pid=679 
06-24 16:46:28.838 I/GRALLOC (  679): 	 yuv=2,w=1080,h=1920,Stride u=0 v=0,offset u=0 v=0 
06-24 16:46:28.838 I/GRALLOC (  679): 	 iova_size=8486912,conUsg=0xb00,proUsg=0xb00,	 strd=1088,[afbc]HdrStrd=1088 PyldStrd=69632 Scrmbl=2,ionhnd = 1 
06-24 16:46:28.847 D/WindowManager(  657): finishDrawingWindow: Window{64066c7 u0 com.tencent.mm/com.tencent.mm.plugin.wallet_index.ui.OrderHandlerUI} mDrawState=HAS_DRAWN
06-24 16:46:28.849 D/HwFLClassLoader( 2519): USE_FEATURE_LIST had not init! 
06-24 16:46:28.854 E/asset   ( 2519): createFromFile(): lock file /data/resource-cache/system@emui@base@overlay@frameworkhwexthonor@frameworkhwexthonor.apk@idmap.
06-24 16:46:28.854 E/asset   ( 2519): createFromFile(): lock file /data/resource-cache/system@emui@base@overlay@frameworkhwexthonor@frameworkhwexthonor.apk@idmap.
06-24 16:46:28.854 W/ResourceType( 2519): Found multiple library tables, ignoring...
06-24 16:46:28.862 D/PMS1000 (  657): package:com.excelliance.dualaid, input flags:8192, output hwFlags:0
06-24 16:46:28.863 W/HSM     ( 1813): HoldService:toast switch is close!
06-24 16:46:28.864 D/ApplicationPackageManager(26493): queryIntentActivitiesAsUser blocked, Intent { act=android.intent.action.MAIN cat=[android.intent.category.LAUNCHER] pkg=com.tencent.mobileqq }
06-24 16:46:28.864 D/HsmInterfaceImpl(26493): List [ResolveInfo{78e655a com.tencent.mobileqq/.activity.SplashActivity m=0x108000}]
06-24 16:46:28.876 W/HSM     ( 1813): HoldService:toast switch is close!
06-24 16:46:28.876 D/ApplicationPackageManager(26493): queryIntentActivitiesAsUser blocked, Intent { act=android.intent.action.MAIN cat=[android.intent.category.LAUNCHER] pkg=com.zol.android }
06-24 16:46:28.876 D/HsmInterfaceImpl(26493): List [ResolveInfo{81ec38b com.zol.android/.ui.FirstActivity m=0x108000}]
06-24 16:46:28.902 W/HSM     ( 1813): HoldService:toast switch is close!
06-24 16:46:28.903 D/ApplicationPackageManager(26493): queryIntentActivitiesAsUser blocked, Intent { act=android.intent.action.MAIN cat=[android.intent.category.LAUNCHER] pkg=com.huawei.hiskytone }
06-24 16:46:28.903 D/HsmInterfaceImpl(26493): List [ResolveInfo{e11e881 com.huawei.hiskytone/com.huawei.skytone.account.welcome.SplashActivity m=0x108000}]
06-24 16:46:28.941 W/HSM     ( 1813): HoldService:toast switch is close!
06-24 16:46:28.942 D/ApplicationPackageManager(26493): queryIntentActivitiesAsUser blocked, Intent { act=android.intent.action.MAIN cat=[android.intent.category.LAUNCHER] pkg=com.huawei.hwid }
06-24 16:46:28.942 D/HsmInterfaceImpl(26493): List []
06-24 16:46:28.944 D/PMS1000 (  657): package:com.excelliance.dualaid, input flags:8192, output hwFlags:0
06-24 16:46:28.945 W/HSM     ( 1813): HoldService:toast switch is close!
06-24 16:46:28.945 D/ApplicationPackageManager(26493): queryIntentActivitiesAsUser blocked, Intent { act=android.intent.action.MAIN cat=[android.intent.category.LAUNCHER] pkg=com.sina.weibo }
06-24 16:46:28.945 D/HsmInterfaceImpl(26493): List [ResolveInfo{7694714 com.sina.weibo/.SplashActivity m=0x108000}]
06-24 16:46:28.985 D/HwFLClassLoader( 2519): USE_FEATURE_LIST had not init! 
06-24 16:46:29.002 E/asset   ( 2519): createFromFile(): lock file /data/resource-cache/system@emui@base@overlay@frameworkhwexthonor@frameworkhwexthonor.apk@idmap.
06-24 16:46:29.002 E/asset   ( 2519): createFromFile(): lock file /data/resource-cache/system@emui@base@overlay@frameworkhwexthonor@frameworkhwexthonor.apk@idmap.
06-24 16:46:29.002 W/ResourceType( 2519): Found multiple library tables, ignoring...
06-24 16:46:29.003 W/HSM     ( 1813): HoldService:toast switch is close!
06-24 16:46:29.003 D/ApplicationPackageManager(26493): queryIntentActivitiesAsUser blocked, Intent { act=android.intent.action.MAIN cat=[android.intent.category.LAUNCHER] pkg=com.antutu.ABenchMark }
06-24 16:46:29.004 D/HsmInterfaceImpl(26493): List [ResolveInfo{57445b2 com.antutu.ABenchMark/.ABenchMarkStart m=0x108000}]
06-24 16:46:29.007 D/HwFLClassLoader( 2519): USE_FEATURE_LIST had not init! 
06-24 16:46:29.030 D/PMS1000 (  657): package:com.excelliance.dualaid, input flags:8192, output hwFlags:0
06-24 16:46:29.031 W/HSM     ( 1813): HoldService:toast switch is close!
06-24 16:46:29.032 I/TrafficMonitor(  657): update:rxPkts:15,txPkts:19,rxBytes:8082,txBytes:2686
06-24 16:46:29.032 I/TrafficMonitor(  657): start expired. level:-1
06-24 16:46:29.032 I/TrafficMonitor(  657): gettimer:interval=2000
06-24 16:46:29.032 D/ApplicationPackageManager(26493): queryIntentActivitiesAsUser blocked, Intent { act=android.intent.action.MAIN cat=[android.intent.category.LAUNCHER] pkg=com.sankuai.meituan.takeoutnew }
06-24 16:46:29.032 D/HsmInterfaceImpl(26493): List [ResolveInfo{d5226b9 com.sankuai.meituan.takeoutnew/.ui.page.boot.WelcomeActivity m=0x108000}]
06-24 16:46:29.061 W/HSM     ( 1813): HoldService:toast switch is close!
06-24 16:46:29.062 D/ApplicationPackageManager(26493): queryIntentActivitiesAsUser blocked, Intent { act=android.intent.action.MAIN cat=[android.intent.category.LAUNCHER] pkg=com.vmall.client }
06-24 16:46:29.062 D/HsmInterfaceImpl(26493): List [ResolveInfo{8eb425f com.vmall.client/.splash.fragment.SplashActivity m=0x108000}]
06-24 16:46:29.092 W/HSM     ( 1813): HoldService:toast switch is close!
06-24 16:46:29.093 D/ApplicationPackageManager(26493): queryIntentActivitiesAsUser blocked, Intent { act=android.intent.action.MAIN cat=[android.intent.category.LAUNCHER] pkg=com.android.browser }
06-24 16:46:29.093 D/HsmInterfaceImpl(26493): List [ResolveInfo{27ad90a com.android.browser/com.tencent.mtt.SplashActivity m=0x108000}]
06-24 16:46:29.129 W/HSM     ( 1813): HoldService:toast switch is close!
06-24 16:46:29.130 D/ApplicationPackageManager(26493): queryIntentActivitiesAsUser blocked, Intent { act=android.intent.action.MAIN cat=[android.intent.category.LAUNCHER] pkg=com.eg.android.AlipayGphone }
06-24 16:46:29.130 D/HsmInterfaceImpl(26493): List [ResolveInfo{924f3f1 com.eg.android.AlipayGphone/.AlipayLogin m=0x108000}]
06-24 16:46:29.152 W/HSM     ( 1813): HoldService:toast switch is close!
06-24 16:46:29.152 D/ApplicationPackageManager(26493): queryIntentActivitiesAsUser blocked, Intent { act=android.intent.action.MAIN cat=[android.intent.category.LAUNCHER] pkg=com.android.mediacenter }
06-24 16:46:29.152 D/HsmInterfaceImpl(26493): List [ResolveInfo{f451e57 com.android.mediacenter/.PageActivity m=0x108000}]
06-24 16:46:29.157 E/asset   (26493): createFromFile(): lock file /data/resource-cache/system@emui@base@overlay@frameworkhwexthonor@frameworkhwexthonor.apk@idmap.
06-24 16:46:29.157 E/asset   (26493): createFromFile(): lock file /data/resource-cache/system@emui@base@overlay@frameworkhwexthonor@frameworkhwexthonor.apk@idmap.
06-24 16:46:29.157 W/ResourceType(26493): Found multiple library tables, ignoring...
06-24 16:46:29.188 D/NetWorkUtils( 1513): mVSimCurCardType is -1
06-24 16:46:29.189 D/PMS1000 (  657): package:com.excelliance.dualaid, input flags:8192, output hwFlags:0
06-24 16:46:29.190 W/HSM     ( 1813): HoldService:toast switch is close!
06-24 16:46:29.190 D/NetWorkUtils( 1513): mVSimCurCardType is -1
06-24 16:46:29.190 D/ApplicationPackageManager(26493): queryIntentActivitiesAsUser blocked, Intent { act=android.intent.action.MAIN cat=[android.intent.category.LAUNCHER] pkg=com.huawei.himovie }
06-24 16:46:29.190 D/HsmInterfaceImpl(26493): List [ResolveInfo{5a57f62 com.huawei.himovie/.ui.login.SplashScreenActivity m=0x108000}]
06-24 16:46:29.194 E/asset   (26493): createFromFile(): lock file /data/resource-cache/system@emui@base@overlay@frameworkhwexthonor@frameworkhwexthonor.apk@idmap.
06-24 16:46:29.194 E/asset   (26493): createFromFile(): lock file /data/resource-cache/system@emui@base@overlay@frameworkhwexthonor@frameworkhwexthonor.apk@idmap.
06-24 16:46:29.194 W/ResourceType(26493): Found multiple library tables, ignoring...
06-24 16:46:29.221 D/PMS1000 (  657): package:com.excelliance.dualaid, input flags:8192, output hwFlags:0
06-24 16:46:29.222 W/HSM     ( 1813): HoldService:toast switch is close!
06-24 16:46:29.223 D/ApplicationPackageManager(26493): queryIntentActivitiesAsUser blocked, Intent { act=android.intent.action.MAIN cat=[android.intent.category.LAUNCHER] pkg=com.huawei.hnreader }
06-24 16:46:29.223 D/HsmInterfaceImpl(26493): List [ResolveInfo{16d3029 com.huawei.hnreader/com.qq.reader.activity.SplashActivity m=0x108000}]
06-24 16:46:29.227 E/asset   (26493): createFromFile(): lock file /data/resource-cache/system@emui@base@overlay@frameworkhwexthonor@frameworkhwexthonor.apk@idmap.
06-24 16:46:29.227 E/asset   (26493): createFromFile(): lock file /data/resource-cache/system@emui@base@overlay@frameworkhwexthonor@frameworkhwexthonor.apk@idmap.
06-24 16:46:29.227 W/ResourceType(26493): Found multiple library tables, ignoring...
06-24 16:46:29.254 W/HSM     ( 1813): HoldService:toast switch is close!
06-24 16:46:29.255 D/ApplicationPackageManager(26493): queryIntentActivitiesAsUser blocked, Intent { act=android.intent.action.MAIN cat=[android.intent.category.LAUNCHER] pkg=com.twitter.android }
06-24 16:46:29.255 D/HsmInterfaceImpl(26493): List [ResolveInfo{c9a50dc com.twitter.android/.StartActivity m=0x108000}]
06-24 16:46:29.268 W/OpenGLRenderer( 2519): Incorrectly called buildLayer on View: ShortcutAndWidgetContainer, destroying layer...
06-24 16:46:29.268 W/OpenGLRenderer( 2519): Incorrectly called buildLayer on View: ShortcutAndWidgetContainer, destroying layer...
06-24 16:46:29.270 I/GRALLOC (  679): 	 shrFd=10,fmt=0x1,intFmt=0x200000001,btStrd=4352,size=8486912,pid=679 
06-24 16:46:29.270 I/GRALLOC (  679): 	 yuv=2,w=1080,h=1920,Stride u=0 v=0,offset u=0 v=0 
06-24 16:46:29.270 I/GRALLOC (  679): 	 iova_size=8486912,conUsg=0xb00,proUsg=0xb00,	 strd=1088,[afbc]HdrStrd=1088 PyldStrd=69632 Scrmbl=2,ionhnd = 1 
06-24 16:46:29.285 W/HSM     ( 1813): HoldService:toast switch is close!
06-24 16:46:29.285 D/ApplicationPackageManager(26493): queryIntentActivitiesAsUser blocked, Intent { act=android.intent.action.MAIN cat=[android.intent.category.LAUNCHER] pkg=com.baidu.input_huawei }
06-24 16:46:29.285 D/HsmInterfaceImpl(26493): List []
06-24 16:46:29.288 W/HSM     ( 1813): HoldService:toast switch is close!
06-24 16:46:29.288 D/ApplicationPackageManager(26493): queryIntentActivitiesAsUser blocked, Intent { act=android.intent.action.MAIN cat=[android.intent.category.LAUNCHER] pkg=com.google.android.gms }
06-24 16:46:29.288 D/HsmInterfaceImpl(26493): List []
06-24 16:46:29.292 W/HSM     ( 1813): HoldService:toast switch is close!
06-24 16:46:29.292 D/ApplicationPackageManager(26493): queryIntentActivitiesAsUser blocked, Intent { act=android.intent.action.MAIN cat=[android.intent.category.LAUNCHER] pkg=com.sankuai.meituan }
06-24 16:46:29.292 D/HsmInterfaceImpl(26493): List [ResolveInfo{eece36b com.sankuai.meituan/com.meituan.android.pt.homepage.activity.Welcome m=0x108000}]
06-24 16:46:29.341 W/HSM     ( 1813): HoldService:toast switch is close!
06-24 16:46:29.341 D/ApplicationPackageManager(26493): queryIntentActivitiesAsUser blocked, Intent { act=android.intent.action.MAIN cat=[android.intent.category.LAUNCHER] pkg=com.tencent.news }
06-24 16:46:29.342 D/HsmInterfaceImpl(26493): List [ResolveInfo{389bb61 com.tencent.news/.activity.SplashActivity m=0x108000}]
06-24 16:46:29.367 W/HSM     ( 1813): HoldService:toast switch is close!
06-24 16:46:29.367 D/ApplicationPackageManager(26493): queryIntentActivitiesAsUser blocked, Intent { act=android.intent.action.MAIN cat=[android.intent.category.LAUNCHER] pkg=com.iflytek.speechsuite }
06-24 16:46:29.367 D/HsmInterfaceImpl(26493): List []
06-24 16:46:29.370 W/HSM     ( 1813): HoldService:toast switch is close!
06-24 16:46:29.370 D/ApplicationPackageManager(26493): queryIntentActivitiesAsUser blocked, Intent { act=android.intent.action.MAIN cat=[android.intent.category.LAUNCHER] pkg=com.tencent.android.qqdownloader }
06-24 16:46:29.370 D/HsmInterfaceImpl(26493): List [ResolveInfo{7744b47 com.tencent.android.qqdownloader/com.tencent.pangu.link.SplashActivity m=0x108000}]
06-24 16:46:29.403 W/HSM     ( 1813): HoldService:toast switch is close!
06-24 16:46:29.403 D/ApplicationPackageManager(26493): queryIntentActivitiesAsUser blocked, Intent { act=android.intent.action.MAIN cat=[android.intent.category.LAUNCHER] pkg=com.ifreetalk.ftalk }
06-24 16:46:29.404 D/HsmInterfaceImpl(26493): List [ResolveInfo{8c5ac9d com.ifreetalk.ftalk/.activity.DummyActivity m=0x108000}]
06-24 16:46:29.416 W/HSM     ( 1813): HoldService:toast switch is close!
06-24 16:46:29.417 D/ApplicationPackageManager(26493): queryIntentActivitiesAsUser blocked, Intent { act=android.intent.action.MAIN cat=[android.intent.category.LAUNCHER] pkg=com.taobao.taobao }
06-24 16:46:29.417 D/HsmInterfaceImpl(26493): List [ResolveInfo{5308512 com.taobao.taobao/com.taobao.tao.welcome.Welcome m=0x108000}]
06-24 16:46:29.447 D/PMS1000 (  657): package:com.excelliance.dualaid, input flags:8192, output hwFlags:0
06-24 16:46:29.448 W/HSM     ( 1813): HoldService:toast switch is close!
06-24 16:46:29.449 D/ApplicationPackageManager(26493): queryIntentActivitiesAsUser blocked, Intent { act=android.intent.action.MAIN cat=[android.intent.category.LAUNCHER] pkg=com.android.gallery3d }
06-24 16:46:29.449 D/HsmInterfaceImpl(26493): List [ResolveInfo{e337ee0 com.android.gallery3d/com.huawei.gallery.app.GalleryMain m=0x108000}]
06-24 16:46:29.453 E/asset   (26493): createFromFile(): lock file /data/resource-cache/system@emui@base@overlay@frameworkhwexthonor@frameworkhwexthonor.apk@idmap.
06-24 16:46:29.453 E/asset   (26493): createFromFile(): lock file /data/resource-cache/system@emui@base@overlay@frameworkhwexthonor@frameworkhwexthonor.apk@idmap.
06-24 16:46:29.453 W/ResourceType(26493): Found multiple library tables, ignoring...
06-24 16:46:29.487 W/HSM     ( 1813): HoldService:toast switch is close!
06-24 16:46:29.488 D/ApplicationPackageManager(26493): queryIntentActivitiesAsUser blocked, Intent { act=android.intent.action.MAIN cat=[android.intent.category.LAUNCHER] pkg=com.pp.assistant }
06-24 16:46:29.488 D/HsmInterfaceImpl(26493): List [ResolveInfo{5f95c3f com.pp.assistant/.activity.MainActivity m=0x108000}]
06-24 16:46:29.513 W/HSM     ( 1813): HoldService:toast switch is close!
06-24 16:46:29.514 D/ApplicationPackageManager(26493): queryIntentActivitiesAsUser blocked, Intent { act=android.intent.action.MAIN cat=[android.intent.category.LAUNCHER] pkg=com.oppo.market }
06-24 16:46:29.514 D/HsmInterfaceImpl(26493): List [ResolveInfo{67ed255 com.oppo.market/.activity.MainActivity m=0x108000}]
06-24 16:46:29.544 D/PMS1000 (  657): package:com.excelliance.dualaid, input flags:8192, output hwFlags:0
06-24 16:46:29.545 W/HSM     ( 1813): HoldService:toast switch is close!
06-24 16:46:29.545 D/ApplicationPackageManager(26493): queryIntentActivitiesAsUser blocked, Intent { act=android.intent.action.MAIN cat=[android.intent.category.LAUNCHER] pkg=com.excean.wxaid }
06-24 16:46:29.545 D/HsmInterfaceImpl(26493): List [ResolveInfo{c317d5b com.excean.wxaid/com.excelliance.kxqp.ui.HelloActivity m=0x108000}]
06-24 16:46:29.573 W/HwResourcesImpl(26493): icon in pkg com.excean.wxaid is too large.sDefaultSizeWithoutEdge = 188bmp.getWidth() = 1536
06-24 16:46:29.590 W/HSM     ( 1813): HoldService:toast switch is close!
06-24 16:46:29.591 D/ApplicationPackageManager(26493): queryIntentActivitiesAsUser blocked, Intent { act=android.intent.action.MAIN cat=[android.intent.category.LAUNCHER] pkg=com.huawei.intelligent }
06-24 16:46:29.591 D/HsmInterfaceImpl(26493): List []
06-24 16:46:29.593 W/HSM     ( 1813): HoldService:toast switch is close!
06-24 16:46:29.593 D/ApplicationPackageManager(26493): queryIntentActivitiesAsUser blocked, Intent { act=android.intent.action.MAIN cat=[android.intent.category.LAUNCHER] pkg=com.google.android.backuptransport }
06-24 16:46:29.593 D/HsmInterfaceImpl(26493): List []
06-24 16:46:29.595 W/HSM     ( 1813): HoldService:toast switch is close!
06-24 16:46:29.595 D/ApplicationPackageManager(26493): queryIntentActivitiesAsUser blocked, Intent { act=android.intent.action.MAIN cat=[android.intent.category.LAUNCHER] pkg=com.huawei.skytone }
06-24 16:46:29.595 D/HsmInterfaceImpl(26493): List []
06-24 16:46:29.597 W/HSM     ( 1813): HoldService:toast switch is close!
06-24 16:46:29.598 D/ApplicationPackageManager(26493): queryIntentActivitiesAsUser blocked, Intent { act=android.intent.action.MAIN cat=[android.intent.category.LAUNCHER] pkg=com.estrongs.android.pop }
06-24 16:46:29.598 D/HsmInterfaceImpl(26493): List [ResolveInfo{3273ed1 com.estrongs.android.pop/.app.openscreenad.NewSplashActivity m=0x108000}]
06-24 16:46:29.619 E/memtrack(11655): Couldn't load memtrack module
06-24 16:46:29.619 W/android.os.Debug(11655): failed to get memory consumption info: -1
06-24 16:46:29.630 W/HSM     ( 1813): HoldService:toast switch is close!
06-24 16:46:29.631 D/ApplicationPackageManager(26493): queryIntentActivitiesAsUser blocked, Intent { act=android.intent.action.MAIN cat=[android.intent.category.LAUNCHER] pkg=com.redfinger.app }
06-24 16:46:29.631 D/HsmInterfaceImpl(26493): List [ResolveInfo{d009437 com.redfinger.app/.activity.SplashActivity m=0x108000}]
06-24 16:46:29.639 W/Watchdog(  657): hungtask: writing kick
06-24 16:46:29.641 I/EventHub(  657): EventHub monitor: no key events in the past 4863s, no motion events in the past 1754s
06-24 16:46:29.659 D/PMS1000 (  657): package:com.excelliance.dualaid, input flags:8192, output hwFlags:0
06-24 16:46:29.660 W/HSM     ( 1813): HoldService:toast switch is close!
06-24 16:46:29.661 D/ApplicationPackageManager(26493): queryIntentActivitiesAsUser blocked, Intent { act=android.intent.action.MAIN cat=[android.intent.category.LAUNCHER] pkg=com.android.vending }
06-24 16:46:29.661 D/HsmInterfaceImpl(26493): List [ResolveInfo{b0ff70d com.android.vending/.AssetBrowserActivity m=0x108000}]
06-24 16:46:29.679 E/wificond(  765): Failed to get NL80211_STA_INFO_CNAHLOAD
06-24 16:46:29.679 E/WificondControl(  657): Noise: -92, Snr: 0, Chload: -1
06-24 16:46:29.680 D/HwWifiCHRStateManager(  657): handleMessage : 1001
06-24 16:46:29.680 D/HwWifiCHRStateManager(  657): handleUpdateChannel:5805
06-24 16:46:29.680 V/HwWifiServiceFactory(  657): get AllImpl object = com.android.server.wifi.HwWifiServiceFactoryImpl@a390a53
06-24 16:46:29.682 D/HuaweiWifiWatchdogStateMachine(  657): LM mrssi=-42
06-24 16:46:29.682 D/HuaweiWifiWatchdogStateMachine(  657): f2:9f:**:**:8f:43 current loss[-45]=0%, volume=67
06-24 16:46:29.682 D/HuaweiWifiWatchdogStateMachine(  657): f2:9f:**:**:8f:43 history loss[-45]=0.02%, volume=23068200
06-24 16:46:29.683 I/HuaweiWifiWatchdogStateMachine(  657): spd good count:0, add sc:0.0, rate:1.0
06-24 16:46:29.683 I/HuaweiWifiWatchdogStateMachine(  657): current mHighDataFlowRate = 1.0
06-24 16:46:29.683 I/HuaweiWifiWatchdogStateMachine(  657): POta txb txg rxg:0, 67, 0. Lr =0% Totpkt=67
06-24 16:46:29.683 D/WiFi_PRO(  657): MSG_RETURN_AP_CURRY_RSSI rssi = -42
06-24 16:46:29.684 I/QosMonitor(  657): queryRtt: rtt_type = 3
06-24 16:46:29.684 I/HwQoEJNI(  657): send_cmd_kernel. begin
06-24 16:46:29.684 I/HwQoEJNI(  657): send_cmd_kernel. end
06-24 16:46:29.684 I/QosMonitor(  657): postEventFromNative: msg=100,arg1=4,arg2=10
06-24 16:46:29.684 I/HwQoEJNI(  657): send_cmd_kernel. begin
06-24 16:46:29.684 I/HwQoEJNI(  657): send_cmd_kernel. end
06-24 16:46:29.684 I/QosMonitor(  657): postEventFromNative: msg=100,arg1=0,arg2=10
06-24 16:46:29.684 D/HuaweiWifiWatchdogStateMachine(  657): f2:9f:**:**:8f:43 current RTT[-45]=152, volume=20
06-24 16:46:29.684 D/HuaweiWifiWatchdogStateMachine(  657): f2:9f:**:**:8f:43 history RTT[-45]=237, volume=1691670
06-24 16:46:29.684 D/HuaweiWifiWatchdogStateMachine(  657): setSampleRtt: rtt=152,rtt_pkts =20,rtt_when=1
06-24 16:46:29.684 I/MQoS    (  657): rtt=160,tcp_tx_pkts=438961,tcp_rx_pkts=461463
06-24 16:46:29.684 I/QosMonitor(  657): resetRtt: rtt_type = 3
06-24 16:46:29.684 I/HwQoEJNI(  657): send_cmd_kernel. begin
06-24 16:46:29.684 I/HwQoEJNI(  657): send_cmd_kernel. end
06-24 16:46:29.684 D/HwWifiConnectivityMonitor(  657): ENTER: notifyTopUidTcpInfo, tx = 47, rx = 40, reTx = 0, uid = 11423, tr = 0.0
06-24 16:46:29.684 D/HwWifiConnectivityMonitor(  657): ENTER: notifyTopUidTcpInfo, rtt = 768, rttPkts = 20, aveRtt = 38.4, app = com.excelliance.dualaid
06-24 16:46:29.684 D/HwUidTcpMonitor(  657): parseWlanUidTcpStatistics lastUidTcpStatInfo = [ mUid = 11423 mPacketName = com.excelliance.dualaid mSendSegs = 29024 mResendSegs = 7 mRcvSegs = 38020 ]
06-24 16:46:29.684 I/MQoS    (  657): QOS_level:0(0),DataDisable;use level-0
06-24 16:46:29.684 I/MQoS    (  657): skip-low-Level:0(0),DataDisable;use level-0
06-24 16:46:29.684 D/HwUidTcpMonitor(  657): parseWlanUidTcpStatistics lastUidTcpStatInfo = [ mUid = 10093 mPacketName = com.android.vending mSendSegs = 3934 mResendSegs = 2777 mRcvSegs = 256 ]
06-24 16:46:29.684 D/HwWifiConnectivityMonitor(  657): handleTopUidInternetStatusChanged, uid = 11423, status = 0
06-24 16:46:29.685 D/HuaweiWifiWatchdogStateMachine(  657): dumpTcpResult: len=10,rtt=160,rttPkt=24,rttWn=1,cgt=16,cgtWn=9904100
06-24 16:46:29.685 I/HuaweiWifiWatchdogStateMachine(  657): PTcp RTT:160, rtt pkt=24, tcp_rx=41, tcp_tx=53, tcp_reTran=2, rtRate=0.04
06-24 16:46:29.685 D/HuaweiWifiWatchdogStateMachine(  657): isRttGood is good, AvgRtt = 160, TotPkt = 24
06-24 16:46:29.685 D/HuaweiWifiWatchdogStateMachine(  657): mRssiBadCount =0, RSSI not bad.
06-24 16:46:29.685 D/HuaweiWifiWatchdogStateMachine(  657): detectNetworkAvailable:hw.wifipro.dns_fail_count = 66
06-24 16:46:29.685 D/HuaweiWifiWatchdogStateMachine(  657): detectNetworkAvailable: tcpRxPkts != 0, reset
06-24 16:46:29.685 I/HuaweiWifiWatchdogStateMachine(  657): rs ota tcp lr rttvb bad: false, false, false, false, false; rsth:-75
06-24 16:46:29.685 D/HuaweiWifiWatchdogStateMachine(  657): GSC:0, GSR:1.0, RSR:1.0, RTH:-75
06-24 16:46:29.685 D/HuaweiWifiWatchdogStateMachine(  657): goodperiod count=1, rb rttg sg =false, true, false
06-24 16:46:29.685 D/HuaweiWifiWatchdogStateMachine(  657): bqeLevel = 3 rtt=160,rtt_pkts=24 speed=4082 rssi=-42
06-24 16:46:29.686 D/HuaweiWifiWatchdogStateMachine(  657): Enter updateQoeLevel level = 3
06-24 16:46:29.686 D/HuaweiWifiWatchdogStateMachine(  657): updateQoeLevel current level equal to mLastDetectLevel, return
06-24 16:46:29.686 I/HuaweiWifiWatchdogStateMachine(  657):  pkt chk not bad, reset sc to 0.
06-24 16:46:29.686 D/HuaweiWifiWatchdogStateMachine(  657): ### mPktChkBadCnt=0
06-24 16:46:29.689 D/PMS1000 (  657): package:com.excelliance.dualaid, input flags:8192, output hwFlags:0
06-24 16:46:29.690 W/HSM     ( 1813): HoldService:toast switch is close!
06-24 16:46:29.690 E/memtrack(11655): Couldn't load memtrack module
06-24 16:46:29.690 W/android.os.Debug(11655): failed to get memory consumption info: -1
06-24 16:46:29.690 D/ApplicationPackageManager(26493): queryIntentActivitiesAsUser blocked, Intent { act=android.intent.action.MAIN cat=[android.intent.category.LAUNCHER] pkg=org.hapjs.mockup }
06-24 16:46:29.690 D/HsmInterfaceImpl(26493): List [ResolveInfo{e51f709 org.hapjs.mockup/.activity.MainActivity m=0x108000}]
06-24 16:46:29.712 D/PMS1000 (  657): package:com.excelliance.dualaid, input flags:8192, output hwFlags:0
06-24 16:46:29.713 W/HSM     ( 1813): HoldService:toast switch is close!
06-24 16:46:29.713 D/ApplicationPackageManager(26493): queryIntentActivitiesAsUser blocked, Intent { act=android.intent.action.MAIN cat=[android.intent.category.LAUNCHER] pkg=com.huawei.gamebox }
06-24 16:46:29.713 D/HsmInterfaceImpl(26493): List [ResolveInfo{7c7d32f com.huawei.gamebox/.GameBoxActivity m=0x108000}]
06-24 16:46:29.717 E/asset   (26493): createFromFile(): lock file /data/resource-cache/system@emui@base@overlay@frameworkhwexthonor@frameworkhwexthonor.apk@idmap.
06-24 16:46:29.717 E/asset   (26493): createFromFile(): lock file /data/resource-cache/system@emui@base@overlay@frameworkhwexthonor@frameworkhwexthonor.apk@idmap.
06-24 16:46:29.718 W/ResourceType(26493): Found multiple library tables, ignoring...
06-24 16:46:29.733 I/Pged-IPgedBinderService(  769): ****action is 2, pid num is 7***
06-24 16:46:29.733 I/Pged-Freezer(  769): thawPids
06-24 16:46:29.738 D/PgedBinderAdapter( 1699): unfrz ok, pid: [29457, 19894, 29531, 14942, 15544, 24379]
06-24 16:46:29.741 I/appium  (24379): Null child 0/1, parent: android.view.accessibility.AccessibilityNodeInfo@80007350; boundsInParent: Rect(0, 0 - 1080, 1920); boundsInScreen: Rect(0, 0 - 1080, 1920); packageName: com.excelliance.dualaid; className: android.widget.FrameLayout; text: null; error: null; maxTextLength: -1; contentDescription: null; viewIdResName: null; checkable: false; checked: false; focusable: false; focused: false; selected: false; clickable: false; longClickable: false; contextClickable: false; enabled: true; password: false; scrollable: false; importantForAccessibility: true; actions: [AccessibilityAction: ACTION_SELECT - null, AccessibilityAction: ACTION_CLEAR_SELECTION - null, AccessibilityAction: ACTION_ACCESSIBILITY_FOCUS - null, AccessibilityAction: ACTION_SHOW_ON_SCREEN - null]
06-24 16:46:29.742 I/appium  (24379): Fetch time: 2ms
06-24 16:46:29.745 D/PMS1000 (  657): package:com.excelliance.dualaid, input flags:8192, output hwFlags:0
06-24 16:46:29.746 W/HSM     ( 1813): HoldService:toast switch is close!
06-24 16:46:29.746 I/appium  (24379): AppiumResponse: {"sessionId":"12d3f873-0ea4-4775-928a-9964d13dcd6c","status":0,"value":"<?xml version=\"1.0\" encoding=\"UTF-8\"?><hierarchy rotation=\"0\"><android.widget.FrameLayout index=\"0\" text=\"\" class=\"android.widget.FrameLayout\" package=\"com.excelliance.dualaid\" content-desc=\"\" checkable=\"false\" checked=\"false\" clickable=\"false\" enabled=\"true\" focusable=\"false\" focused=\"false\" scrollable=\"false\" long-clickable=\"false\" password=\"false\" selected=\"false\" bounds=\"[0,0][1080,1920]\" resource-id=\"\" instance=\"0\"\/><\/hierarchy>"}
06-24 16:46:29.746 D/ApplicationPackageManager(26493): queryIntentActivitiesAsUser blocked, Intent { act=android.intent.action.MAIN cat=[android.intent.category.LAUNCHER] pkg=com.stickgame.los2 }
06-24 16:46:29.746 D/HsmInterfaceImpl(26493): List [ResolveInfo{455fc1a com.stickgame.los2/com.DBGame.DiabloLOL.DiabloLOL m=0x108000}]
06-24 16:46:29.755 W/libc    (  493): Set property "hw.wifi.dns_stat" to "41741,36731,5028,1,53500"
06-24 16:46:29.759 I/appium  (24379): channel read invoked!
06-24 16:46:29.759 I/appium  (24379): channel read: GET /wd/hub/session/12d3f873-0ea4-4775-928a-9964d13dcd6c/source
06-24 16:46:29.781 I/appium  (24379): Skipping invisible child: android.view.accessibility.AccessibilityNodeInfo@12b42; boundsInParent: Rect(0, 0 - 1080, 186); boundsInScreen: Rect(0, 1920 - 1080, 1920); packageName: com.excelliance.dualaid; className: android.view.View; text: null; error: null; maxTextLength: -1; contentDescription: null; viewIdResName: com.excelliance.dualaid:id/first_start_ok_after; checkable: false; checked: false; focusable: false; focused: false; selected: false; clickable: false; longClickable: false; contextClickable: false; enabled: true; password: false; scrollable: false; importantForAccessibility: false; actions: [AccessibilityAction: ACTION_SELECT - null, AccessibilityAction: ACTION_CLEAR_SELECTION - null, AccessibilityAction: ACTION_ACCESSIBILITY_FOCUS - null, AccessibilityAction: ACTION_SHOW_ON_SCREEN - null]
06-24 16:46:29.781 I/appium  (24379): Skipping invisible child: android.view.accessibility.AccessibilityNodeInfo@132c4; boundsInParent: Rect(0, 0 - 1080, 72); boundsInScreen: Rect(0, 0 - 1080, 72); packageName: com.excelliance.dualaid; className: android.view.View; text: null; error: null; maxTextLength: -1; contentDescription: null; viewIdResName: null; checkable: false; checked: false; focusable: false; focused: false; selected: false; clickable: false; longClickable: false; contextClickable: false; enabled: true; password: false; scrollable: false; importantForAccessibility: false; actions: [AccessibilityAction: ACTION_SELECT - null, AccessibilityAction: ACTION_CLEAR_SELECTION - null, AccessibilityAction: ACTION_ACCESSIBILITY_FOCUS - null, AccessibilityAction: ACTION_SHOW_ON_SCREEN - null]
06-24 16:46:29.781 I/appium  (24379): Fetch time: 15ms
06-24 16:46:29.785 D/PMS1000 (  657): package:com.excelliance.dualaid, input flags:8192, output hwFlags:0
06-24 16:46:29.786 W/HSM     ( 1813): HoldService:toast switch is close!
06-24 16:46:29.786 D/ApplicationPackageManager(26493): queryIntentActivitiesAsUser blocked, Intent { act=android.intent.action.MAIN cat=[android.intent.category.LAUNCHER] pkg=com.qihoo.appstore }
06-24 16:46:29.786 D/HsmInterfaceImpl(26493): List [ResolveInfo{5a47e41 com.qihoo.appstore/.home.LauncherActivity m=0x108000}]
06-24 16:46:29.804 I/appium  (24379): AppiumResponse: {"sessionId":"12d3f873-0ea4-4775-928a-9964d13dcd6c","status":0,"value":"<?xml version=\"1.0\" encoding=\"UTF-8\"?><hierarchy rotation=\"0\"><android.widget.FrameLayout index=\"0\" text=\"\" class=\"android.widget.FrameLayout\" package=\"com.excelliance.dualaid\" content-desc=\"\" checkable=\"false\" checked=\"false\" clickable=\"false\" enabled=\"true\" focusable=\"false\" focused=\"false\" scrollable=\"false\" long-clickable=\"false\" password=\"false\" selected=\"false\" bounds=\"[0,0][1080,1920]\" resource-id=\"\" instance=\"0\"><android.widget.LinearLayout index=\"0\" text=\"\" class=\"android.widget.LinearLayout\" package=\"com.excelliance.dualaid\" content-desc=\"\" checkable=\"false\" checked=\"false\" clickable=\"false\" enabled=\"true\" focusable=\"false\" focused=\"false\" scrollable=\"false\" long-clickable=\"false\" password=\"false\" selected=\"false\" bounds=\"[0,0][1080,1920]\" resource-id=\"\" instance=\"0\"><android.widget.FrameLayout index=\"0\" text=\"\" class=\"android.widget.FrameLayout\" package=\"com.excelliance.dualaid\" content-desc=\"\" checkable=\"false\" checked=\"false\" clickable=\"false\" enabled=\"true\" focusable=\"false\" focused=\"false\" scrollable=\"false\" long-clickable=\"false\" password=\"false\" selected=\"false\" bounds=\"[0,72][1080,1920]\" resource-id=\"android:id\/content\" instance=\"1\"><android.widget.LinearLayout index=\"0\" text=\"\" class=\"android.widget.LinearLayout\" package=\"com.excelliance.dualaid\" content-desc=\"\" checkable=\"false\" checked=\"false\" clickable=\"false\" enabled=\"true\" focusable=\"false\" focused=\"false\" scrollable=\"false\" long-clickable=\"false\" password=\"false\" selected=\"false\" bounds=\"[0,72][1080,1920]\" resource-id=\"\" instance=\"1\"><android.widget.RelativeLayout index=\"0\" text=\"\" class=\"android.widget.RelativeLayout\" package=\"com.excelliance.dualaid\" content-desc=\"\" checkable=\"false\" checked=\"false\" clickable=\"false\" enabled=\"true\" focusable=\"false\" focused=\"false\" scrollable=\"false\" long-clickable=\"false\" password=\"false\" selected=\"false\" bounds=\"[0,72][1080,240]\" resource-id=\"com.excelliance.dualaid:id\/top\" instance=\"0\"><android.widget.TextView index=\"0\" text=\"登录\/注册\" class=\"android.widget.TextView\" package=\"com.excelliance.dualaid\" content-desc=\"\" checkable=\"false\" checked=\"false\" clickable=\"true\" enabled=\"true\" focusable=\"true\" focused=\"false\" scrollable=\"false\" long-clickable=\"false\" password=\"false\" selected=\"false\" bounds=\"[36,111][221,201]\" resource-id=\"com.excelliance.dualaid:id\/tv_login_in\" instance=\"0\"\/><android.widget.TextView index=\"1\" text=\"双开助手\" class=\"android.widget.TextView\" package=\"com.excelliance.dualaid\" content-desc=\"\" checkable=\"false\" checked=\"false\" clickable=\"false\" enabled=\"true\" focusable=\"false\" focused=\"false\" scrollable=\"false\" long-clickable=\"false\" password=\"false\" selected=\"false\" bounds=\"[420,115][660,196]\" resource-id=\"com.excelliance.dualaid:id\/first_tv_back\" instance=\"1\"\/><android.widget.TextView index=\"2\" text=\"跳过\" class=\"android.widget.TextView\" package=\"com.excelliance.dualaid\" content-desc=\"\" checkable=\"false\" checked=\"false\" clickable=\"true\" enabled=\"true\" focusable=\"true\" focused=\"false\" scrollable=\"false\" long-clickable=\"false\" password=\"false\" selected=\"false\" bounds=\"[960,111][1044,201]\" resource-id=\"com.excelliance.dualaid:id\/jump_to\" instance=\"2\"\/><\/android.widget.RelativeLayout><android.widget.RelativeLayout index=\"1\" text=\"\" class=\"android.widget.RelativeLayout\" package=\"com.excelliance.dualaid\" content-desc=\"\" checkable=\"false\" checked=\"false\" clickable=\"false\" enabled=\"true\" focusable=\"false\" focused=\"false\" scrollable=\"false\" long-clickable=\"false\" password=\"false\" selected=\"false\" bounds=\"[0,240][1080,454]\" resource-id=\"com.excelliance.dualaid:id\/rl_note\" instance=\"1\"><android.widget.ImageView index=\"0\" text=\"\"
06-24 16:46:29.813 W/HSM     ( 1813): HoldService:toast switch is close!
06-24 16:46:29.814 D/ApplicationPackageManager(26493): queryIntentActivitiesAsUser blocked, Intent { act=android.intent.action.MAIN cat=[android.intent.category.LAUNCHER] pkg=com.huawei.android.thememanager }
06-24 16:46:29.814 D/HsmInterfaceImpl(26493): List [ResolveInfo{f68f927 com.huawei.android.thememanager/.HwThemeManagerActivity m=0x108000}]
06-24 16:46:29.816 E/asset   (26493): createFromFile(): lock file /data/resource-cache/system@emui@base@overlay@frameworkhwexthonor@frameworkhwexthonor.apk@idmap.
06-24 16:46:29.817 E/asset   (26493): createFromFile(): lock file /data/resource-cache/system@emui@base@overlay@frameworkhwexthonor@frameworkhwexthonor.apk@idmap.
06-24 16:46:29.817 W/ResourceType(26493): Found multiple library tables, ignoring...
06-24 16:46:29.831 I/appium  (24379): channel read invoked!
06-24 16:46:29.831 I/appium  (24379): channel read: POST /wd/hub/session/12d3f873-0ea4-4775-928a-9964d13dcd6c/element
06-24 16:46:29.831 I/appium  (24379): Find element command
06-24 16:46:29.831 D/appium  (24379): payload: {"strategy":"id","selector":"com.excelliance.dualaid:id/first_start_ok","context":"","multiple":false}
06-24 16:46:29.832 I/appium  (24379): find element command using 'id' with selector 'com.excelliance.dualaid:id/first_start_ok'.
06-24 16:46:29.840 I/appium  (24379): AppiumResponse: {"sessionId":"12d3f873-0ea4-4775-928a-9964d13dcd6c","status":0,"value":{"ELEMENT":"c06d74fb-566b-470f-842c-0b32f8da2eba"}}
06-24 16:46:29.848 D/PMS1000 (  657): package:com.excelliance.dualaid, input flags:8192, output hwFlags:0
06-24 16:46:29.849 W/HSM     ( 1813): HoldService:toast switch is close!
06-24 16:46:29.849 I/appium  (24379): channel read invoked!
06-24 16:46:29.850 I/appium  (24379): channel read: GET /wd/hub/session/12d3f873-0ea4-4775-928a-9964d13dcd6c/source
06-24 16:46:29.850 D/ApplicationPackageManager(26493): queryIntentActivitiesAsUser blocked, Intent { act=android.intent.action.MAIN cat=[android.intent.category.LAUNCHER] pkg=com.excean.parallelspace }
06-24 16:46:29.850 D/HsmInterfaceImpl(26493): List [ResolveInfo{b3ff472 com.excean.parallelspace/com.excelliance.kxqp.ui.HelloActivity m=0x108000}]
06-24 16:46:29.871 I/appium  (24379): Skipping invisible child: android.view.accessibility.AccessibilityNodeInfo@12b42; boundsInParent: Rect(0, 0 - 1080, 186); boundsInScreen: Rect(0, 1920 - 1080, 1920); packageName: com.excelliance.dualaid; className: android.view.View; text: null; error: null; maxTextLength: -1; contentDescription: null; viewIdResName: com.excelliance.dualaid:id/first_start_ok_after; checkable: false; checked: false; focusable: false; focused: false; selected: false; clickable: false; longClickable: false; contextClickable: false; enabled: true; password: false; scrollable: false; importantForAccessibility: false; actions: [AccessibilityAction: ACTION_SELECT - null, AccessibilityAction: ACTION_CLEAR_SELECTION - null, AccessibilityAction: ACTION_ACCESSIBILITY_FOCUS - null, AccessibilityAction: ACTION_SHOW_ON_SCREEN - null]
06-24 16:46:29.871 I/appium  (24379): Skipping invisible child: android.view.accessibility.AccessibilityNodeInfo@132c4; boundsInParent: Rect(0, 0 - 1080, 72); boundsInScreen: Rect(0, 0 - 1080, 72); packageName: com.excelliance.dualaid; className: android.view.View; text: null; error: null; maxTextLength: -1; contentDescription: null; viewIdResName: null; checkable: false; checked: false; focusable: false; focused: false; selected: false; clickable: false; longClickable: false; contextClickable: false; enabled: true; password: false; scrollable: false; importantForAccessibility: false; actions: [AccessibilityAction: ACTION_SELECT - null, AccessibilityAction: ACTION_CLEAR_SELECTION - null, AccessibilityAction: ACTION_ACCESSIBILITY_FOCUS - null, AccessibilityAction: ACTION_SHOW_ON_SCREEN - null]
06-24 16:46:29.871 I/appium  (24379): Fetch time: 15ms
06-24 16:46:29.876 D/PMS1000 (  657): package:com.excelliance.dualaid, input flags:8192, output hwFlags:0
06-24 16:46:29.876 W/HSM     ( 1813): HoldService:toast switch is close!
06-24 16:46:29.877 D/ApplicationPackageManager(26493): queryIntentActivitiesAsUser blocked, Intent { act=android.intent.action.MAIN cat=[android.intent.category.LAUNCHER] pkg=com.UCMobile }
06-24 16:46:29.877 D/HsmInterfaceImpl(26493): List [ResolveInfo{e47ed40 com.UCMobile/.main.UCMobile m=0x108000}]
06-24 16:46:29.894 I/appium  (24379): AppiumResponse: {"sessionId":"12d3f873-0ea4-4775-928a-9964d13dcd6c","status":0,"value":"<?xml version=\"1.0\" encoding=\"UTF-8\"?><hierarchy rotation=\"0\"><android.widget.FrameLayout index=\"0\" text=\"\" class=\"android.widget.FrameLayout\" package=\"com.excelliance.dualaid\" content-desc=\"\" checkable=\"false\" checked=\"false\" clickable=\"false\" enabled=\"true\" focusable=\"false\" focused=\"false\" scrollable=\"false\" long-clickable=\"false\" password=\"false\" selected=\"false\" bounds=\"[0,0][1080,1920]\" resource-id=\"\" instance=\"0\"><android.widget.LinearLayout index=\"0\" text=\"\" class=\"android.widget.LinearLayout\" package=\"com.excelliance.dualaid\" content-desc=\"\" checkable=\"false\" checked=\"false\" clickable=\"false\" enabled=\"true\" focusable=\"false\" focused=\"false\" scrollable=\"false\" long-clickable=\"false\" password=\"false\" selected=\"false\" bounds=\"[0,0][1080,1920]\" resource-id=\"\" instance=\"0\"><android.widget.FrameLayout index=\"0\" text=\"\" class=\"android.widget.FrameLayout\" package=\"com.excelliance.dualaid\" content-desc=\"\" checkable=\"false\" checked=\"false\" clickable=\"false\" enabled=\"true\" focusable=\"false\" focused=\"false\" scrollable=\"false\" long-clickable=\"false\" password=\"false\" selected=\"false\" bounds=\"[0,72][1080,1920]\" resource-id=\"android:id\/content\" instance=\"1\"><android.widget.LinearLayout index=\"0\" text=\"\" class=\"android.widget.LinearLayout\" package=\"com.excelliance.dualaid\" content-desc=\"\" checkable=\"false\" checked=\"false\" clickable=\"false\" enabled=\"true\" focusable=\"false\" focused=\"false\" scrollable=\"false\" long-clickable=\"false\" password=\"false\" selected=\"false\" bounds=\"[0,72][1080,1920]\" resource-id=\"\" instance=\"1\"><android.widget.RelativeLayout index=\"0\" text=\"\" class=\"android.widget.RelativeLayout\" package=\"com.excelliance.dualaid\" content-desc=\"\" checkable=\"false\" checked=\"false\" clickable=\"false\" enabled=\"true\" focusable=\"false\" focused=\"false\" scrollable=\"false\" long-clickable=\"false\" password=\"false\" selected=\"false\" bounds=\"[0,72][1080,240]\" resource-id=\"com.excelliance.dualaid:id\/top\" instance=\"0\"><android.widget.TextView index=\"0\" text=\"登录\/注册\" class=\"android.widget.TextView\" package=\"com.excelliance.dualaid\" content-desc=\"\" checkable=\"false\" checked=\"false\" clickable=\"true\" enabled=\"true\" focusable=\"true\" focused=\"false\" scrollable=\"false\" long-clickable=\"false\" password=\"false\" selected=\"false\" bounds=\"[36,111][221,201]\" resource-id=\"com.excelliance.dualaid:id\/tv_login_in\" instance=\"0\"\/><android.widget.TextView index=\"1\" text=\"双开助手\" class=\"android.widget.TextView\" package=\"com.excelliance.dualaid\" content-desc=\"\" checkable=\"false\" checked=\"false\" clickable=\"false\" enabled=\"true\" focusable=\"false\" focused=\"false\" scrollable=\"false\" long-clickable=\"false\" password=\"false\" selected=\"false\" bounds=\"[420,115][660,196]\" resource-id=\"com.excelliance.dualaid:id\/first_tv_back\" instance=\"1\"\/><android.widget.TextView index=\"2\" text=\"跳过\" class=\"android.widget.TextView\" package=\"com.excelliance.dualaid\" content-desc=\"\" checkable=\"false\" checked=\"false\" clickable=\"true\" enabled=\"true\" focusable=\"true\" focused=\"false\" scrollable=\"false\" long-clickable=\"false\" password=\"false\" selected=\"false\" bounds=\"[960,111][1044,201]\" resource-id=\"com.excelliance.dualaid:id\/jump_to\" instance=\"2\"\/><\/android.widget.RelativeLayout><android.widget.RelativeLayout index=\"1\" text=\"\" class=\"android.widget.RelativeLayout\" package=\"com.excelliance.dualaid\" content-desc=\"\" checkable=\"false\" checked=\"false\" clickable=\"false\" enabled=\"true\" focusable=\"false\" focused=\"false\" scrollable=\"false\" long-clickable=\"false\" password=\"false\" selected=\"false\" bounds=\"[0,240][1080,454]\" resource-id=\"com.excelliance.dualaid:id\/rl_note\" instance=\"1\"><android.widget.ImageView index=\"0\" text=\"\"
06-24 16:46:29.911 I/appium  (24379): channel read invoked!
06-24 16:46:29.912 I/appium  (24379): channel read: GET /wd/hub/session/12d3f873-0ea4-4775-928a-9964d13dcd6c/source
