06-24 16:33:57.491 I/appium  (24379): Skipping invisible child: android.view.accessibility.AccessibilityNodeInfo@1538b; boundsInParent: Rect(0, 0 - 93, 93); boundsInScreen: Rect(493, 0 - 586, 78); packageName: com.huawei.android.launcher; className: android.widget.ImageView; text: null; error: null; maxTextLength: -1; contentDescription: 设置默认主屏幕; viewIdResName: com.huawei.android.launcher:id/default_screen_home_icon_bg; checkable: false; checked: false; focusable: true; focused: false; selected: false; clickable: true; longClickable: false; contextClickable: false; enabled: true; password: false; scrollable: false; importantForAccessibility: true; actions: [AccessibilityAction: ACTION_FOCUS - null, AccessibilityAction: ACTION_SELECT - null, AccessibilityAction: ACTION_CLEAR_SELECTION - null, AccessibilityAction: ACTION_CLICK - null, AccessibilityAction: ACTION_ACCESSIBILITY_FOCUS - null, AccessibilityAction: ACTION_NEXT_AT_MOVEMENT_GRANULARITY - null, AccessibilityAction: ACTION_PREVIOUS_AT_MOVEMENT_GRANULARITY - null, AccessibilityAction: ACTION_SET_SELECTION - null, AccessibilityAction: ACTION_SHOW_ON_SCREEN - null]
06-24 16:33:57.492 W/ResourceType( 2519): No known package when getting name for resource number 0x9c030000
06-24 16:33:57.494 W/ResourceType( 2519): No known package when getting name for resource number 0x9c030100
06-24 16:33:57.497 W/ResourceType( 2519): No known package when getting name for resource number 0x9c030200
06-24 16:33:57.499 W/ResourceType( 2519): No known package when getting name for resource number 0x9c030300
06-24 16:33:57.502 W/ResourceType( 2519): No known package when getting name for resource number 0x9c030001
06-24 16:33:57.505 W/ResourceType( 2519): No known package when getting name for resource number 0x9c030101
06-24 16:33:57.509 W/ResourceType( 2519): No known package when getting name for resource number 0x9c030201
06-24 16:33:57.513 W/ResourceType( 2519): No known package when getting name for resource number 0x9c030301
06-24 16:33:57.517 W/ResourceType( 2519): No known package when getting name for resource number 0x9c030002
06-24 16:33:57.520 W/ResourceType( 2519): No known package when getting name for resource number 0x9c030102
06-24 16:33:57.523 W/ResourceType( 2519): No known package when getting name for resource number 0x9c030202
06-24 16:33:57.527 W/ResourceType( 2519): No known package when getting name for resource number 0x9c030302
06-24 16:33:57.530 W/ResourceType( 2519): No known package when getting name for resource number 0x9c030003
06-24 16:33:57.534 W/ResourceType( 2519): No known package when getting name for resource number 0x9c030103
06-24 16:33:57.538 W/ResourceType( 2519): No known package when getting name for resource number 0x9c030203
06-24 16:33:57.541 W/ResourceType( 2519): No known package when getting name for resource number 0x9c030303
06-24 16:33:57.545 W/ResourceType( 2519): No known package when getting name for resource number 0x9c030004
06-24 16:33:57.551 W/ResourceType( 2519): No known package when getting name for resource number 0x9c030104
06-24 16:33:57.555 W/ResourceType( 2519): No known package when getting name for resource number 0x9c030204
06-24 16:33:57.557 I/appium  (24379): Skipping invisible child: android.view.accessibility.AccessibilityNodeInfo@9f5b; boundsInParent: Rect(0, 0 - 1080, 1580); boundsInScreen: Rect(1080, 0 - 1080, 1532); packageName: com.huawei.android.launcher; className: android.view.ViewGroup; text: null; error: null; maxTextLength: -1; contentDescription: null; viewIdResName: com.huawei.android.launcher:id/workspace_screen; checkable: false; checked: false; focusable: false; focused: false; selected: false; clickable: true; longClickable: true; contextClickable: false; enabled: true; password: false; scrollable: false; importantForAccessibility: true; actions: [AccessibilityAction: ACTION_SELECT - null, AccessibilityAction: ACTION_CLEAR_SELECTION - null, AccessibilityAction: ACTION_CLICK - null, AccessibilityAction: ACTION_LONG_CLICK - null, AccessibilityAction: ACTION_ACCESSIBILITY_FOCUS - null, AccessibilityAction: ACTION_SHOW_ON_SCREEN - null]
06-24 16:33:57.560 W/ResourceType( 2519): No known package when getting name for resource number 0x9b000000
06-24 16:33:57.561 W/ResourceType( 2519): No known package when getting name for resource number 0x9b010100
06-24 16:33:57.561 W/ResourceType( 2519): No known package when getting name for resource number 0x9b020200
06-24 16:33:57.561 W/ResourceType( 2519): No known package when getting name for resource number 0x9b030300
06-24 16:33:57.561 W/ResourceType( 2519): No known package when getting name for resource number 0x9b040400
06-24 16:33:57.567 I/appium  (24379): Fetch time: 84ms
06-24 16:33:57.594 I/appium  (24379): AppiumResponse: {"sessionId":"12d3f873-0ea4-4775-928a-9964d13dcd6c","status":0,"value":"<?xml version=\"1.0\" encoding=\"UTF-8\"?><hierarchy rotation=\"0\"><android.widget.FrameLayout index=\"0\" text=\"\" class=\"android.widget.FrameLayout\" package=\"com.huawei.android.launcher\" content-desc=\"\" checkable=\"false\" checked=\"false\" clickable=\"false\" enabled=\"true\" focusable=\"false\" focused=\"false\" scrollable=\"false\" long-clickable=\"false\" password=\"false\" selected=\"false\" bounds=\"[0,0][1080,1920]\" resource-id=\"\" instance=\"0\"><android.widget.LinearLayout index=\"0\" text=\"\" class=\"android.widget.LinearLayout\" package=\"com.huawei.android.launcher\" content-desc=\"\" checkable=\"false\" checked=\"false\" clickable=\"false\" enabled=\"true\" focusable=\"false\" focused=\"false\" scrollable=\"false\" long-clickable=\"false\" password=\"false\" selected=\"false\" bounds=\"[0,0][1080,1920]\" resource-id=\"\" instance=\"0\"><android.widget.FrameLayout index=\"0\" text=\"\" class=\"android.widget.FrameLayout\" package=\"com.huawei.android.launcher\" content-desc=\"\" checkable=\"false\" checked=\"false\" clickable=\"false\" enabled=\"true\" focusable=\"false\" focused=\"false\" scrollable=\"false\" long-clickable=\"false\" password=\"false\" selected=\"false\" bounds=\"[0,0][1080,1920]\" resource-id=\"android:id\/content\" instance=\"1\"><android.widget.FrameLayout index=\"0\" text=\"\" class=\"android.widget.FrameLayout\" package=\"com.huawei.android.launcher\" content-desc=\"\" checkable=\"false\" checked=\"false\" clickable=\"false\" enabled=\"true\" focusable=\"false\" focused=\"false\" scrollable=\"false\" long-clickable=\"false\" password=\"false\" selected=\"false\" bounds=\"[0,0][1080,1920]\" resource-id=\"com.huawei.android.launcher:id\/drag_layer\" instance=\"2\"><android.view.ViewGroup index=\"0\" text=\"\" class=\"android.view.ViewGroup\" package=\"com.huawei.android.launcher\" content-desc=\"第 3 屏，共 4 屏\" checkable=\"false\" checked=\"false\" clickable=\"false\" enabled=\"true\" focusable=\"false\" focused=\"false\" scrollable=\"true\" long-clickable=\"false\" password=\"false\" selected=\"false\" bounds=\"[0,0][1080,1920]\" resource-id=\"com.huawei.android.launcher:id\/workspace\" instance=\"0\"><android.view.ViewGroup index=\"2\" text=\"\" class=\"android.view.ViewGroup\" package=\"com.huawei.android.launcher\" content-desc=\"\" checkable=\"false\" checked=\"false\" clickable=\"true\" enabled=\"true\" focusable=\"false\" focused=\"false\" scrollable=\"false\" long-clickable=\"true\" password=\"false\" selected=\"false\" bounds=\"[0,0][1080,1532]\" resource-id=\"com.huawei.android.launcher:id\/workspace_screen\" instance=\"1\"><android.widget.FrameLayout index=\"0\" text=\"\" class=\"android.widget.FrameLayout\" package=\"com.huawei.android.launcher\" content-desc=\"\" checkable=\"false\" checked=\"false\" clickable=\"false\" enabled=\"true\" focusable=\"false\" focused=\"false\" scrollable=\"false\" long-clickable=\"false\" password=\"false\" selected=\"false\" bounds=\"[12,0][1068,1514]\" resource-id=\"\" instance=\"3\"\/><android.view.ViewGroup index=\"1\" text=\"\" class=\"android.view.ViewGroup\" package=\"com.huawei.android.launcher\" content-desc=\"\" checkable=\"false\" checked=\"false\" clickable=\"false\" enabled=\"true\" focusable=\"false\" focused=\"false\" scrollable=\"false\" long-clickable=\"false\" password=\"false\" selected=\"false\" bounds=\"[12,0][1068,1514]\" resource-id=\"\" instance=\"2\"><android.widget.TextView index=\"0\" text=\"iTest\" class=\"android.widget.TextView\" package=\"com.huawei.android.launcher\" content-desc=\"\" checkable=\"false\" checked=\"false\" clickable=\"true\" enabled=\"true\" focusable=\"true\" focused=\"false\" scrollable=\"false\" long-clickable=\"true\" password=\"false\" selected=\"false\" bounds=\"[12,84][276,370]\" resource-id=\"\" instance=\"0\"\/><android.widget.TextView index=\"1\" text=\"WhatsApp\" class=\"android.widget.TextView\" package=\"com.huawei.android.launcher\" content-
06-24 16:33:57.615 I/ActivityManager(  657): START u0 {act=android.intent.action.MAIN cat=[android.intent.category.LAUNCHER] flg=0x10000000 cmp=com.excelliance.dualaid/com.excelliance.kxqp.ui.HelloActivity} from uid 2000
06-24 16:33:57.618 I/appium  (24379): channel read invoked!
06-24 16:33:57.619 I/ash     ( 1699): front pkg : com.excelliance.dualaid launcher: false
06-24 16:33:57.619 I/appium  (24379): channel read: GET /wd/hub/session/12d3f873-0ea4-4775-928a-9964d13dcd6c/source
06-24 16:33:57.619 I/ash     ( 1699): above launcher front pkgs: [com.excelliance.dualaid]
06-24 16:33:57.621 I/ActivityManager(  657): ActivityRecord info: ActivityInfo{fad70dc com.excelliance.kxqp.ui.HelloActivity}
06-24 16:33:57.622 W/ResourceType( 2519): No known package when getting name for resource number 0x9c010000
06-24 16:33:57.622 W/ResourceType( 2519): No known package when getting name for resource number 0x9c010100
06-24 16:33:57.622 W/ResourceType( 2519): No known package when getting name for resource number 0x9c010200
06-24 16:33:57.622 W/ResourceType( 2519): No known package when getting name for resource number 0x9c010300
06-24 16:33:57.622 W/ResourceType( 2519): No known package when getting name for resource number 0x9c010001
06-24 16:33:57.622 W/ResourceType( 2519): No known package when getting name for resource number 0x9c010101
06-24 16:33:57.622 W/ResourceType( 2519): No known package when getting name for resource number 0x9c010201
06-24 16:33:57.622 W/ResourceType( 2519): No known package when getting name for resource number 0x9c010301
06-24 16:33:57.622 W/ResourceType( 2519): No known package when getting name for resource number 0x9c010002
06-24 16:33:57.622 W/ResourceType( 2519): No known package when getting name for resource number 0x9c010102
06-24 16:33:57.623 W/ResourceType( 2519): No known package when getting name for resource number 0x9c010202
06-24 16:33:57.623 W/ResourceType( 2519): No known package when getting name for resource number 0x9c010302
06-24 16:33:57.623 W/ResourceType( 2519): No known package when getting name for resource number 0x9c010003
06-24 16:33:57.623 W/ResourceType( 2519): No known package when getting name for resource number 0x9c010103
06-24 16:33:57.623 W/ResourceType( 2519): No known package when getting name for resource number 0x9c010203
06-24 16:33:57.623 W/ResourceType( 2519): No known package when getting name for resource number 0x9c010303
06-24 16:33:57.623 W/ResourceType( 2519): No known package when getting name for resource number 0x9c010004
06-24 16:33:57.623 W/ResourceType( 2519): No known package when getting name for resource number 0x9c010104
06-24 16:33:57.623 W/ResourceType( 2519): No known package when getting name for resource number 0x9c010204
06-24 16:33:57.623 W/ResourceType( 2519): No known package when getting name for resource number 0x9c010304
06-24 16:33:57.625 V/WindowManager(  657): addAppToken: AppWindowToken{5826f82 token=Token{63bfacd ActivityRecord{580c864 u0 com.excelliance.dualaid/com.excelliance.kxqp.ui.HelloActivity t16054}}} controller={TaskWindowContainerController taskId=16054} at 2147483647
06-24 16:33:57.626 I/appium  (24379): Skipping invisible child: android.view.accessibility.AccessibilityNodeInfo@9418; boundsInParent: Rect(0, 0 - 1080, 1580); boundsInScreen: Rect(0, 0 - -1080, 1532); packageName: com.huawei.android.launcher; className: android.view.ViewGroup; text: null; error: null; maxTextLength: -1; contentDescription: null; viewIdResName: com.huawei.android.launcher:id/workspace_screen; checkable: false; checked: false; focusable: false; focused: false; selected: false; clickable: true; longClickable: true; contextClickable: false; enabled: true; password: false; scrollable: false; importantForAccessibility: true; actions: [AccessibilityAction: ACTION_SELECT - null, AccessibilityAction: ACTION_CLEAR_SELECTION - null, AccessibilityAction: ACTION_CLICK - null, AccessibilityAction: ACTION_LONG_CLICK - null, AccessibilityAction: ACTION_ACCESSIBILITY_FOCUS - null, AccessibilityAction: ACTION_SHOW_ON_SCREEN - null]
06-24 16:33:57.626 I/appium  (24379): Skipping invisible child: android.view.accessibility.AccessibilityNodeInfo@97d9; boundsInParent: Rect(0, 0 - 1080, 1580); boundsInScreen: Rect(0, 0 - 0, 1532); packageName: com.huawei.android.launcher; className: android.view.ViewGroup; text: null; error: null; maxTextLength: -1; contentDescription: null; viewIdResName: com.huawei.android.launcher:id/workspace_screen; checkable: false; checked: false; focusable: false; focused: false; selected: false; clickable: true; longClickable: true; contextClickable: false; enabled: true; password: false; scrollable: false; importantForAccessibility: true; actions: [AccessibilityAction: ACTION_SELECT - null, AccessibilityAction: ACTION_CLEAR_SELECTION - null, AccessibilityAction: ACTION_CLICK - null, AccessibilityAction: ACTION_LONG_CLICK - null, AccessibilityAction: ACTION_ACCESSIBILITY_FOCUS - null, AccessibilityAction: ACTION_SHOW_ON_SCREEN - null]
06-24 16:33:57.626 I/PGServer( 1699): android calls fast hibernateApps
06-24 16:33:57.626 I/AppFastHibernation( 1699): fast hibernate duration: 1500 reason: start activity
06-24 16:33:57.627 I/Pged-IPgedBinderService(  769): ****action is 1, pid num is 6***
06-24 16:33:57.627 I/Pged-Freezer(  769): freezePids
06-24 16:33:57.627 I/Pged-Freezer(  769): Freeze process: 29457
06-24 16:33:57.627 I/Pged-Freezer(  769): Freeze process: 29531
06-24 16:33:57.627 I/Pged-Freezer(  769): Freeze process: 14942
06-24 16:33:57.627 D/PMS1000 (  657): package:com.excelliance.dualaid, input flags:1, output hwFlags:0
06-24 16:33:57.628 I/Pged-Freezer(  769): Freeze process: 15544
06-24 16:33:57.628 D/MotionDetectionManager( 2519): stopMotionAppsReco motionApps: 403
06-24 16:33:57.628 D/MotionDetectionManager( 2519): stopMotionAppsReco not recognition motionApps 403
06-24 16:33:57.628 W/HwLauncher( 2519): Launcher.MotionManager stopMotionAppsReco service flg 403 is unavailable
06-24 16:33:57.628 I/Pged-Freezer(  769): Freeze process: 24379
06-24 16:33:57.629 D/PgedBinderAdapter( 1699): frz ok, pid: [29457, 29531, 14942, 15544, 24379]
06-24 16:33:57.633 V/ActivityManager(  657): startProcess: name=com.excelliance.dualaid:olle app=null knownToBeDead=true thread=null pid=-1
06-24 16:33:57.634 D/PMS1000 (  657): package:com.excelliance.dualaid, input flags:0, output hwFlags:0
06-24 16:33:57.642 I/        (16104): power log dlsym ok
06-24 16:33:57.642 I/ActivityManager(  657): Start proc 16104:com.excelliance.dualaid:olle/u0a1423 for activity com.excelliance.dualaid/com.excelliance.kxqp.ui.HelloActivity
06-24 16:33:57.643 V/WindowManager(  657): No longer Stopped: AppWindowToken{5826f82 token=Token{63bfacd ActivityRecord{580c864 u0 com.excelliance.dualaid/com.excelliance.kxqp.ui.HelloActivity t16054}}}
06-24 16:33:57.643 V/ActivityManager(  657): startProcess: name=com.excelliance.dualaid:olle app=ProcessRecord{70f4693 16104:com.excelliance.dualaid:olle/u0a1423} knownToBeDead=true thread=null pid=16104
06-24 16:33:57.644 I/zygote  (16104): Reinit property: dalvik.vm.checkjni= false
06-24 16:33:57.656 D/ActivityThread(16104): ActivityThread,attachApplication
06-24 16:33:57.657 D/ActivityManager(  657): ActivityManagerService,attachApplication,callingPid = 16104
06-24 16:33:57.659 V/WindowManager(  657): No longer Stopped: AppWindowToken{5826f82 token=Token{63bfacd ActivityRecord{580c864 u0 com.excelliance.dualaid/com.excelliance.kxqp.ui.HelloActivity t16054}}}
06-24 16:33:57.669 V/WindowManager(  657): findFocusedWindow: AppWindowToken{d3a938b token=Token{377755a ActivityRecord{d5c9105 u0 com.huawei.android.launcher/.unihome.UniHomeLauncher t15658}}} below Reached focused app=AppWindowToken{5826f82 token=Token{63bfacd ActivityRecord{580c864 u0 com.excelliance.dualaid/com.excelliance.kxqp.ui.HelloActivity t16054}}}
06-24 16:33:57.670 D/ScenarioService( 1699): front pkg : com.excelliance.dualaid launcher: false
06-24 16:33:57.670 D/ScenarioService( 1699): new above launcher front pkgs: [com.excelliance.dualaid]
06-24 16:33:57.670 I/AppsUsage( 1699): scnOff:false FgAPP:com.excelliance.dualaid BgAPP:com.huawei.android.launcher
06-24 16:33:57.673 D/EmcomManagerService(  657): forePackage name is com.excelliance.dualaid
06-24 16:33:57.673 D/HicomPolicyManager(  657): foreAppInfo = nullpkgName = com.excelliance.dualaid uid= 11423
06-24 16:33:57.673 E/HicomPolicyManager(  657): udp acc is not start yet!
06-24 16:33:57.673 D/HicomPolicyManager(  657): speed control is not start
06-24 16:33:57.673 E/HicomPolicyManager(  657): Network Evaluation is not start yet!
06-24 16:33:57.673 E/HicomPolicyManager(  657): foreground app info is null
06-24 16:33:57.673 V/WindowManager(  657): Checking 1 opening apps (frozen=false timeout=false)...
06-24 16:33:57.673 V/WindowManager(  657): Check opening app=AppWindowToken{5826f82 token=Token{63bfacd ActivityRecord{580c864 u0 com.excelliance.dualaid/com.excelliance.kxqp.ui.HelloActivity t16054}}}: allDrawn=false startingDisplayed=false startingMoved=false isRelaunching()=false
06-24 16:33:57.674 D/[HwRecSys]HwRecSysService( 2647): onEvent actionID: 10000 msg:com.excelliance.dualaid		
06-24 16:33:57.674 E/[HwRecSys]HwRecSysService( 2647): getIsRportDirectService is false!
06-24 16:33:57.675 D/HwQoEUtils(  657): mForegroundAppPackageName: com.excelliance.dualaid:olle ,score: 0
06-24 16:33:57.675 D/HwQoEUtils(  657): APP type: -1 appName= com.excelliance.dualaid:olle
06-24 16:33:57.675 D/HwQoEUtils(  657): RealAppName:com.excelliance.dualaid
06-24 16:33:57.675 D/HwQoEUtils(  657): no game, APP_TYPE_GAME, appName =com.excelliance.dualaid:olle
06-24 16:33:57.675 D/HwGameAssistantController(  657): pid=16104, uid=11423, foreground=true
06-24 16:33:57.677 W//system/bin/hwservicemanager(  416): Cannot open /odm/manifest.xml
06-24 16:33:57.680 I/HwNetworkPolicy(  657): onTransact, code = 203
06-24 16:33:57.681 W/AwareLog(  657): SchedLevelBoost: onFgActivitiesChanged config not set!
06-24 16:33:57.683 W/libc    ( 1699): Set property "sys.aps.gameProcessName" to ""
06-24 16:33:57.684 I/PGServer( 1699): report state:10010 event type:2 pid:0 uid:0 pkg:com.huawei.android.launcher to pid: 657
06-24 16:33:57.684 I/HwNetworkPolicyManager( 1813): getHwUidPolicy uid = 11423 policy = 0
06-24 16:33:57.684 I/PGServer( 1699): report state:10010 event type:2 pid:0 uid:0 pkg:com.huawei.android.launcher to pid: 1699
06-24 16:33:57.684 I/SceneReceiver( 1699): state type: 10010 eventType:2 pid:0 uid:0 pkg:com.huawei.android.launcher
06-24 16:33:57.684 I/PGServer( 1699): report state:10000 event type:1 pid:0 uid:0 pkg:com.excelliance.dualaid to pid: 657
06-24 16:33:57.684 I/PGServer( 1699): report state:10000 event type:1 pid:0 uid:0 pkg:com.excelliance.dualaid to pid: 1699
06-24 16:33:57.684 I/SceneReceiver( 1699): state type: 10000 eventType:1 pid:0 uid:0 pkg:com.excelliance.dualaid
06-24 16:33:57.684 D/HwThermalStateManager( 1699): current foreapp pkg : com.excelliance.dualaid
06-24 16:33:57.684 I/PGServer( 1699): checkPkgType. calling pkg: android
06-24 16:33:57.684 I/PGServer( 1699): checkPkgType. calling pkg: android
06-24 16:33:57.687 W/libc    ( 1699): Set property "sys.aps.browserProcessName" to ""
06-24 16:33:57.689 D/HwFLClassLoader(16104): get used feature list :/feature/used-list failed!
06-24 16:33:57.689 D/HwFLClassLoader(16104): USE_FEATURE_LIST had not init! 
06-24 16:33:57.691 W//system/bin/hwservicemanager(  416): Cannot open /odm/manifest.xml
06-24 16:33:57.692 I/GRALLOC (  679): 	 shrFd=10,fmt=0x1,intFmt=0x1,btStrd=256,size=4096,pid=679 
06-24 16:33:57.692 I/GRALLOC (  679): 	 yuv=2,w=16,h=16,Stride u=0 v=0,offset u=0 v=0 
06-24 16:33:57.692 I/GRALLOC (  679): 	 iova_size=4096,conUsg=0x100,proUsg=0x100,	 strd=64,[afbc]HdrStrd=0 PyldStrd=0 Scrmbl=0,ionhnd = 1 
06-24 16:33:57.703 E/MemoryLeakMonitorManager(16104): MemoryLeakMonitor.jar is not exist!
06-24 16:33:57.704 D/CrashHandler(16104): CrashHandler
06-24 16:33:57.704 D/KXQPApplication(16104): run: initUserManager
06-24 16:33:57.705 E/Minikin (16104): Could not get cmap table size!
06-24 16:33:57.705 D/PMS11423(  657): package:com.excelliance.dualaid, input flags:128, output hwFlags:0
06-24 16:33:57.714 I/HwCust  (16104): Constructor found for class android.app.HwCustActivityImpl
06-24 16:33:57.714 D/HwCust  (16104): Create obj success use class android.app.HwCustActivityImpl
06-24 16:33:57.716 V/HwPolicyFactory(16104): : success to get AllImpl object and return....
06-24 16:33:57.717 I/HwCust  (16104): Constructor found for class android.app.HwCustHwWallpaperManagerImpl
06-24 16:33:57.717 D/HwCust  (16104): Create obj success use class android.app.HwCustHwWallpaperManagerImpl
06-24 16:33:57.718 D/PMS11423(  657): package:com.excelliance.dualaid, input flags:0, output hwFlags:0
06-24 16:33:57.720 V/HwWidgetFactory(16104): : successes to get AllImpl object and return....
06-24 16:33:57.720 V/ActivityThread(16104): ActivityThread,callActivityOnCreate
06-24 16:33:57.721 D/HelloActivity(16104): Memory:25151M
06-24 16:33:57.723 D/HelloActivity(16104): onCreate: true
06-24 16:33:57.724 D/HelloActivity(16104): is code boot
06-24 16:33:57.727 D/HelloActivity(16104): mIsNav = false
06-24 16:33:57.743 D/HwRecentsLockUtils( 1513): Search
06-24 16:33:57.744 E/HsmCoreServiceImpl( 1478): onTransact in code is: 103
06-24 16:33:57.744 I/MediaProcessHandler( 1478): playingUids: 
06-24 16:33:57.744 D/ActivityManager(  657): Skipping, home or recents stack task: TaskRecord{333215f #15658 A=com.huawei.android.launcher U=0 StackId=0 sz=1}
06-24 16:33:57.744 D/ActivityManager(  657): Skipping intent:act=android.intent.action.MAIN cat=[android.intent.category.LAUNCHER] flg=0x10a00000 cmp=io.appium.settings/.Settings
06-24 16:33:57.744 D/ActivityManager(  657): Skipping intent:flg=0x10804000 cmp=com.android.systemui/.recents.RecentsActivity bnds=[48,928][1032,2296]
06-24 16:33:57.744 D/ActivityManager(  657): Skipping intent:flg=0x18800000 cmp=com.tencent.mm/.plugin.base.stub.WXPayEntryActivity
06-24 16:33:57.744 D/ActivityManager(  657): Skipping intent:flg=0x10800000 cmp=com.huawei.systemmanager/com.huawei.permissionmanager.ui.MainActivity
06-24 16:33:57.744 D/ActivityManager(  657): Skipping intent:flg=0x18800000 cmp=com.tencent.mm/.plugin.base.stub.WXEntryActivity
06-24 16:33:57.744 D/ActivityManager(  657): Skipping intent:act=com.huawei.action.VOICE_ASSISTANT flg=0x10800000 pkg=com.huawei.vassistant cmp=com.huawei.vassistant/.ui.main.VAssistantActivity
06-24 16:33:57.744 D/ActivityManager(  657): Skipping intent:act=com.huawei.android.launcher.action.ACCESS_SPLIT_SCREEN_APP cat=[android.intent.category.DEFAULT] flg=0x10804000 cmp=com.huawei.android.launcher/.splitscreen.SplitScreenAppActivity
06-24 16:33:57.744 D/ActivityManager(  657): Skipping intent:flg=0x10800000 pkg=com.excelliance.dualaid.b64 cmp=com.excelliance.dualaid.b64/com.excelliance.kxqp.sdk.PermissionRequestActivity
06-24 16:33:57.744 D/ActivityManager(  657): Skipping intent:act=android.intent.action.VIEW dat=content://com.excelliance.dualaid.fileProvider/external_storage_root/Download/apk/Multiple_64.apk typ=application/vnd.android.package-archive flg=0x10800001 cmp=com.android.packageinstaller/.InstallStart
06-24 16:33:57.744 D/ActivityManager(  657): Skipping intent:flg=0x10800000 cmp=com.android.systemui/.usb.HwUsbDebuggingActivity
06-24 16:33:57.744 D/ActivityManager(  657): Skipping intent:act=android.deviceinfo.chooser.action.LAUNCH flg=0x10800000 hwFlg=0x100 pkg=com.android.settings cmp=com.android.settings/.deviceinfo.UsbConnModeChooserActivity
06-24 16:33:57.744 D/ActivityManager(  657): Skipping intent:flg=0x10800000 cmp=com.zol.android/.push.KeepLiveActivity
06-24 16:33:57.744 D/ActivityManager(  657): Skipping intent:act=android.intent.action.MAIN cat=[android.intent.category.HOME] flg=0x10800300 cmp=com.android.settings/.FallbackHome
06-24 16:33:57.751 D/HelloActivity(16104): defDisplayStyle:5
06-24 16:33:57.753 D/HttpUtils(16104): getDownloadMode()
06-24 16:33:57.753 D/NetUtils(16104): init inited = true
06-24 16:33:57.754 D/HelloActivity(16104): enter Nav2
06-24 16:33:57.756 I/ActivityManager(  657): START u0 {pkg=com.excelliance.dualaid cmp=com.excelliance.dualaid/com.excelliance.kxqp.swipe.NavActivity2 (has extras)} from uid 11423
06-24 16:33:57.756 D/NetworkSecurityConfig(16104): No Network Security Config specified, using platform default
06-24 16:33:57.756 I/ActivityManager(  657): ActivityRecord info: ActivityInfo{db9d78c com.excelliance.kxqp.swipe.NavActivity2}
06-24 16:33:57.757 V/WindowManager(  657): findFocusedWindow: AppWindowToken{d3a938b token=Token{377755a ActivityRecord{d5c9105 u0 com.huawei.android.launcher/.unihome.UniHomeLauncher t15658}}} below Reached focused app=AppWindowToken{5826f82 token=Token{63bfacd ActivityRecord{580c864 u0 com.excelliance.dualaid/com.excelliance.kxqp.ui.HelloActivity t16054}}}
06-24 16:33:57.758 V/WindowManager(  657): addAppToken: AppWindowToken{34a6cda token=Token{4ab685 ActivityRecord{b9abffc u0 com.excelliance.dualaid/com.excelliance.kxqp.swipe.NavActivity2 t16054}}} controller={TaskWindowContainerController taskId=16054} at 2147483647
06-24 16:33:57.763 V/ActivityManager(  657): startProcess: name=com.excelliance.dualaid app=null knownToBeDead=true thread=null pid=-1
06-24 16:33:57.763 D/PMS1000 (  657): package:com.excelliance.dualaid, input flags:0, output hwFlags:0
06-24 16:33:57.771 I/        (16137): power log dlsym ok
06-24 16:33:57.772 I/ActivityManager(  657): Start proc 16137:com.excelliance.dualaid/u0a1423 for service com.excelliance.dualaid/com.excelliance.kxqp.SmtServService
06-24 16:33:57.773 I/zygote  (16137): Reinit property: dalvik.vm.checkjni= false
06-24 16:33:57.778 D/HwNetworkManagementService(  657): code == CODE_GET_AD_KEY_LIST
06-24 16:33:57.778 D/HwNetworkManagementService(  657): appName = com.excelliance.dualaid  is not in the mAdViewMap! reply none
06-24 16:33:57.778 D/HwNetworkManagementService(  657): appName = com.excelliance.dualaid  is not in the mAdIdMap! reply none
06-24 16:33:57.783 D/ActivityThread(16137): ActivityThread,attachApplication
06-24 16:33:57.783 D/ActivityThread(16104): add activity client record, r= ActivityRecord{cbe2ddc token=android.os.BinderProxy@d13fa03 {com.excelliance.dualaid/com.excelliance.kxqp.ui.HelloActivity}} token= android.os.BinderProxy@d13fa03
06-24 16:33:57.783 D/ActivityManager(  657): ActivityManagerService,attachApplication,callingPid = 16137
06-24 16:33:57.785 V/WindowManager(  657): No longer Stopped: AppWindowToken{34a6cda token=Token{4ab685 ActivityRecord{b9abffc u0 com.excelliance.dualaid/com.excelliance.kxqp.swipe.NavActivity2 t16054}}}
06-24 16:33:57.785 D/ActivityManager(  657): allPausedActivitiesComplete: r=ActivityRecord{580c864 u0 com.excelliance.dualaid/com.excelliance.kxqp.ui.HelloActivity t16054 f} state=PAUSING
06-24 16:33:57.790 V/WindowManager(  657): No longer Stopped: AppWindowToken{34a6cda token=Token{4ab685 ActivityRecord{b9abffc u0 com.excelliance.dualaid/com.excelliance.kxqp.swipe.NavActivity2 t16054}}}
06-24 16:33:57.790 W//system/bin/hwservicemanager(  416): Cannot open /odm/manifest.xml
06-24 16:33:57.793 V/WindowManager(  657): Checking 1 opening apps (frozen=false timeout=false)...
06-24 16:33:57.793 V/WindowManager(  657): Check opening app=AppWindowToken{34a6cda token=Token{4ab685 ActivityRecord{b9abffc u0 com.excelliance.dualaid/com.excelliance.kxqp.swipe.NavActivity2 t16054}}}: allDrawn=false startingDisplayed=false startingMoved=false isRelaunching()=false
06-24 16:33:57.794 W/X509TrustManager(16104): checkServerTrusted: SignatureException:null
06-24 16:33:57.795 W/X509TrustManager(16104): checkServerTrusted: SignatureException:error:04000073:RSA routines:OPENSSL_internal:DATA_TOO_LARGE_FOR_MODULUS
06-24 16:33:57.795 D/HwCust  (16104): Create obj success use class android.app.HwCustActivityImpl
06-24 16:33:57.795 D/HwCust  (16104): Create obj success use class android.app.HwCustHwWallpaperManagerImpl
06-24 16:33:57.797 V/ActivityThread(16104): ActivityThread,callActivityOnCreate
06-24 16:33:57.802 D/PMS11423(  657): package:com.excelliance.dualaid, input flags:128, output hwFlags:0
06-24 16:33:57.803 D/NavActivity2(16104): onCreate
06-24 16:33:57.804 D/PMS11423(  657): package:com.excelliance.dualaid, input flags:128, output hwFlags:0
06-24 16:33:57.808 W/Utils   (16104): Utils_isSuperResolutionSupport [load libai_client.so failed]
06-24 16:33:57.810 W//system/bin/hwservicemanager(  416): Cannot open /odm/manifest.xml
06-24 16:33:57.810 D/CubicBezierInterpolator(16104): CubicBezierInterpolator  mControlPoint1x = 0.23, mControlPoint1y = 0.06, mControlPoint2x = 0.09, mControlPoint2y = 0.97
06-24 16:33:57.810 D/CubicBezierInterpolator(16104): CubicBezierInterpolator  mControlPoint1x = 0.6, mControlPoint1y = 0.9, mControlPoint2x = 0.8, mControlPoint2y = 1.0
06-24 16:33:57.810 D/CubicBezierInterpolator(16104): CubicBezierInterpolator  mControlPoint1x = 0.23, mControlPoint1y = 0.06, mControlPoint2x = 0.09, mControlPoint2y = 0.97
06-24 16:33:57.810 D/CubicBezierInterpolator(16104): CubicBezierInterpolator  mControlPoint1x = 0.6, mControlPoint1y = 0.9, mControlPoint2x = 0.8, mControlPoint2y = 1.0
06-24 16:33:57.811 D/CubicBezierInterpolator(16104): CubicBezierInterpolator  mControlPoint1x = 0.23, mControlPoint1y = 0.06, mControlPoint2x = 0.09, mControlPoint2y = 0.97
06-24 16:33:57.811 D/CubicBezierInterpolator(16104): CubicBezierInterpolator  mControlPoint1x = 0.6, mControlPoint1y = 0.9, mControlPoint2x = 0.8, mControlPoint2y = 1.0
06-24 16:33:57.811 D/CubicBezierInterpolator(16104): CubicBezierInterpolator  mControlPoint1x = 0.23, mControlPoint1y = 0.06, mControlPoint2x = 0.09, mControlPoint2y = 0.97
06-24 16:33:57.811 D/CubicBezierInterpolator(16104): CubicBezierInterpolator  mControlPoint1x = 0.6, mControlPoint1y = 0.9, mControlPoint2x = 0.8, mControlPoint2y = 1.0
06-24 16:33:57.811 I/GRALLOC (  679): 	 shrFd=10,fmt=0x1,intFmt=0x1,btStrd=256,size=4096,pid=679 
06-24 16:33:57.811 I/GRALLOC (  679): 	 yuv=2,w=16,h=16,Stride u=0 v=0,offset u=0 v=0 
06-24 16:33:57.811 I/GRALLOC (  679): 	 iova_size=4096,conUsg=0x100,proUsg=0x100,	 strd=64,[afbc]HdrStrd=0 PyldStrd=0 Scrmbl=0,ionhnd = 1 
06-24 16:33:57.812 D/HwFLClassLoader(16137): get used feature list :/feature/used-list failed!
06-24 16:33:57.812 D/HwFLClassLoader(16137): USE_FEATURE_LIST had not init! 
06-24 16:33:57.817 D/HwRTBlurUtils(16104): check blur style for HwPhoneWindow-, themeResId : 0x7f0e000a, context : com.excelliance.kxqp.swipe.NavActivity2@794246b, Nhwext : 0, get Blur : disable with , null
06-24 16:33:57.817 D/HwRTBlurUtils(16104): check blur style for HwPhoneWindow-, themeResId : 0x7f0e000a, context : com.excelliance.kxqp.swipe.NavActivity2@794246b, Nhwext : 0, get Blur : disable with , null
06-24 16:33:57.818 E/test    (16104): hw notch screen flag api error
06-24 16:33:57.820 D/ActivityThread(16104): add activity client record, r= ActivityRecord{414755e token=android.os.BinderProxy@31abee5 {com.excelliance.dualaid/com.excelliance.kxqp.swipe.NavActivity2}} token= android.os.BinderProxy@31abee5
06-24 16:33:57.821 E/ViewUtils(16104): setBgColor: view==null:top
06-24 16:33:57.826 D/PMS11423(  657): package:com.excelliance.dualaid, input flags:128, output hwFlags:0
06-24 16:33:57.827 D/OpenGLRenderer(16104):   HWUI Binary is  enabled
06-24 16:33:57.828 D/SurfaceFlinger(  710): SurfaceFlinger: getDisplayConfigs--3.000000, 1080, 1920
06-24 16:33:57.828 I/chatty  (  710): uid=1000(system) Binder:710_1 identical 1 line
06-24 16:33:57.828 D/SurfaceFlinger(  710): SurfaceFlinger: getDisplayConfigs--3.000000, 1080, 1920
06-24 16:33:57.829 D/OpenGLRenderer(16104): HWUI GL Pipeline
06-24 16:33:57.832 D/HttpUtils(16104): getResponseCode():200
06-24 16:33:57.832 D/WHEG    (16104): {"status":"0","controls":"","skip":"0"}
06-24 16:33:57.834 V/WindowManager(  657): Adding Window{eb1a439 u0 com.excelliance.dualaid/com.excelliance.kxqp.swipe.NavActivity2} to AppWindowToken{34a6cda token=Token{4ab685 ActivityRecord{b9abffc u0 com.excelliance.dualaid/com.excelliance.kxqp.swipe.NavActivity2 t16054}}}
06-24 16:33:57.834 V/WindowManager(  657): addWindow: New client android.os.BinderProxy@57ec400: window=Window{eb1a439 u0 com.excelliance.dualaid/com.excelliance.kxqp.swipe.NavActivity2} Callers=com.android.server.wm.HwWindowManagerService.addWindow:562 com.android.server.wm.Session.addToDisplay:199 android.view.IWindowSession$Stub.onTransact:124 com.android.server.wm.Session.onTransact:161 android.os.Binder.execTransact:675 
06-24 16:33:57.836 D/PMS11423(  657): package:com.excelliance.dualaid, input flags:128, output hwFlags:0
06-24 16:33:57.839 V/WindowManager(  657): Checking 1 opening apps (frozen=false timeout=false)...
06-24 16:33:57.839 V/WindowManager(  657): Check opening app=AppWindowToken{34a6cda token=Token{4ab685 ActivityRecord{b9abffc u0 com.excelliance.dualaid/com.excelliance.kxqp.swipe.NavActivity2 t16054}}}: allDrawn=false startingDisplayed=false startingMoved=false isRelaunching()=false
06-24 16:33:57.842 D/HwGalleryCacheManagerImpl(16104): mIsEffect:false
06-24 16:33:57.844 D/PMS11423(  657): package:com.excelliance.dualaid, input flags:128, output hwFlags:0
06-24 16:33:57.893 D/HwRecentsLockUtils( 1513): Search
06-24 16:33:57.894 E/HsmCoreServiceImpl( 1478): onTransact in code is: 103
06-24 16:33:57.894 I/MediaProcessHandler( 1478): playingUids: 
06-24 16:33:57.894 D/ActivityManager(  657): Skipping, home or recents stack task: TaskRecord{333215f #15658 A=com.huawei.android.launcher U=0 StackId=0 sz=1}
06-24 16:33:57.894 D/ActivityManager(  657): Skipping intent:act=android.intent.action.MAIN cat=[android.intent.category.LAUNCHER] flg=0x10a00000 cmp=io.appium.settings/.Settings
06-24 16:33:57.894 D/ActivityManager(  657): Skipping intent:flg=0x10804000 cmp=com.android.systemui/.recents.RecentsActivity bnds=[48,928][1032,2296]
06-24 16:33:57.894 D/ActivityManager(  657): Skipping intent:flg=0x18800000 cmp=com.tencent.mm/.plugin.base.stub.WXPayEntryActivity
06-24 16:33:57.894 D/ActivityManager(  657): Skipping intent:flg=0x10800000 cmp=com.huawei.systemmanager/com.huawei.permissionmanager.ui.MainActivity
06-24 16:33:57.894 D/ActivityManager(  657): Skipping intent:flg=0x18800000 cmp=com.tencent.mm/.plugin.base.stub.WXEntryActivity
06-24 16:33:57.894 D/ActivityManager(  657): Skipping intent:act=com.huawei.action.VOICE_ASSISTANT flg=0x10800000 pkg=com.huawei.vassistant cmp=com.huawei.vassistant/.ui.main.VAssistantActivity
06-24 16:33:57.894 D/ActivityManager(  657): Skipping intent:act=com.huawei.android.launcher.action.ACCESS_SPLIT_SCREEN_APP cat=[android.intent.category.DEFAULT] flg=0x10804000 cmp=com.huawei.android.launcher/.splitscreen.SplitScreenAppActivity
06-24 16:33:57.894 D/ActivityManager(  657): Skipping intent:flg=0x10800000 pkg=com.excelliance.dualaid.b64 cmp=com.excelliance.dualaid.b64/com.excelliance.kxqp.sdk.PermissionRequestActivity
06-24 16:33:57.894 D/ActivityManager(  657): Skipping intent:act=android.intent.action.VIEW dat=content://com.excelliance.dualaid.fileProvider/external_storage_root/Download/apk/Multiple_64.apk typ=application/vnd.android.package-archive flg=0x10800001 cmp=com.android.packageinstaller/.InstallStart
06-24 16:33:57.894 D/ActivityManager(  657): Skipping intent:flg=0x10800000 cmp=com.android.systemui/.usb.HwUsbDebuggingActivity
06-24 16:33:57.894 D/ActivityManager(  657): Skipping intent:act=android.deviceinfo.chooser.action.LAUNCH flg=0x10800000 hwFlg=0x100 pkg=com.android.settings cmp=com.android.settings/.deviceinfo.UsbConnModeChooserActivity
06-24 16:33:57.894 D/ActivityManager(  657): Skipping intent:flg=0x10800000 cmp=com.zol.android/.push.KeepLiveActivity
06-24 16:33:57.894 D/ActivityManager(  657): Skipping intent:act=android.intent.action.MAIN cat=[android.intent.category.HOME] flg=0x10800300 cmp=com.android.settings/.FallbackHome
06-24 16:33:57.914 D/MainActivity(16104): instantiateItem: 2	android.widget.RelativeLayout{d00e2b1 V.E...... ......I. 0,0-0,0}
06-24 16:33:57.915 D/MainActivity(16104): initPage3: 
06-24 16:33:57.918 V/WindowManager(  657): Checking 1 opening apps (frozen=false timeout=false)...
06-24 16:33:57.919 V/WindowManager(  657): Check opening app=AppWindowToken{34a6cda token=Token{4ab685 ActivityRecord{b9abffc u0 com.excelliance.dualaid/com.excelliance.kxqp.swipe.NavActivity2 t16054}}}: allDrawn=false startingDisplayed=false startingMoved=false isRelaunching()=false
06-24 16:33:57.921 V/HwPhoneWindowManager(  657): updateSystemUiColorLw window=Window{eb1a439 u0 com.excelliance.dualaid/com.excelliance.kxqp.swipe.NavActivity2},EmuiStyle=0,StatusBarColor=0xff000000,NavigationBarColor=0xff000000, mLastIsEmuiLightStyle=-1
06-24 16:33:57.921 D/HwPhoneWindowManager(  657): Transact:setSystemUIColor to status bar service
06-24 16:33:57.921 I/CommandQueue( 1513): updateBarBgColor
06-24 16:33:57.921 D/CommandQueue( 1513): CommandQueue, setBarBackgroundColor
06-24 16:33:57.922 V/WindowManager(  657): Checking 1 opening apps (frozen=false timeout=false)...
06-24 16:33:57.922 V/WindowManager(  657): Check opening app=AppWindowToken{34a6cda token=Token{4ab685 ActivityRecord{b9abffc u0 com.excelliance.dualaid/com.excelliance.kxqp.swipe.NavActivity2 t16054}}}: allDrawn=false startingDisplayed=false startingMoved=false isRelaunching()=false
06-24 16:33:57.926 D/TintManager( 1513): statusBarIconTint=#99FFFFFF,navigationBarIconTint=#FF000000
06-24 16:33:57.926 D/MainActivity(16104): run: initPage3
06-24 16:33:57.927 I/zygote  (16137): Compiler allocated 4MB to compile boolean com.excelliance.kxqp.KXQPApplication.b(int)
06-24 16:33:57.927 I/GRALLOC (  679): 	 shrFd=10,fmt=0x1,intFmt=0x200000001,btStrd=4352,size=8486912,pid=679 
06-24 16:33:57.927 I/GRALLOC (  679): 	 yuv=2,w=1080,h=1920,Stride u=0 v=0,offset u=0 v=0 
06-24 16:33:57.927 I/GRALLOC (  679): 	 iova_size=8486912,conUsg=0x900,proUsg=0x900,	 strd=1088,[afbc]HdrStrd=1088 PyldStrd=69632 Scrmbl=2,ionhnd = 1 
06-24 16:33:57.928 I/OpenGLRenderer(16104): Initialized EGL, version 1.4
06-24 16:33:57.928 D/OpenGLRenderer(16104): Swap behavior 2
06-24 16:33:57.928 I/GRALLOC (  679): 	 shrFd=10,fmt=0x1,intFmt=0x200000001,btStrd=4352,size=8486912,pid=679 
06-24 16:33:57.928 I/GRALLOC (  679): 	 yuv=2,w=1080,h=1920,Stride u=0 v=0,offset u=0 v=0 
06-24 16:33:57.928 I/GRALLOC (  679): 	 iova_size=8486912,conUsg=0x900,proUsg=0x900,	 strd=1088,[afbc]HdrStrd=1088 PyldStrd=69632 Scrmbl=2,ionhnd = 1 
06-24 16:33:57.930 I/GRALLOC (  679): 	 shrFd=10,fmt=0x1,intFmt=0x200000001,btStrd=4352,size=8486912,pid=679 
06-24 16:33:57.930 I/GRALLOC (  679): 	 yuv=2,w=1080,h=1920,Stride u=0 v=0,offset u=0 v=0 
06-24 16:33:57.930 I/GRALLOC (  679): 	 iova_size=8486912,conUsg=0x900,proUsg=0x900,	 strd=1088,[afbc]HdrStrd=1088 PyldStrd=69632 Scrmbl=2,ionhnd = 1 
06-24 16:33:57.932 D/mali_winsys(16104): EGLint new_window_surface(egl_winsys_display *, void *, EGLSurface, EGLConfig, egl_winsys_surface **, egl_color_buffer_format *, EGLBoolean) returns 0x3000
06-24 16:33:57.932 E/vndksupport(16104): Could not load vendor/lib/egl/libGLES_mali_v2.so from sphal namespace: dlopen failed: library "vendor/lib/egl/libGLES_mali_v2.so" not found.
06-24 16:33:57.942 D/BarTransitions.HwPhoneStatusBarView( 1513): MODE_TRANSPARENT -> MODE_TRANSLUCENT animate=false
06-24 16:33:57.943 D/BarTransitions.HwPhoneStatusBarView( 1513): applyModeBackground oldMode=MODE_TRANSPARENT newMode=MODE_TRANSLUCENT animate=false
06-24 16:33:57.944 D/StatusBarIconController( 1513): setIconVisibility icon is null or visibility not change visibility=false
06-24 16:33:57.949 I/GRALLOC (  679): 	 shrFd=10,fmt=0x1,intFmt=0x200000001,btStrd=4352,size=8486912,pid=679 
06-24 16:33:57.949 I/GRALLOC (  679): 	 yuv=2,w=1080,h=1920,Stride u=0 v=0,offset u=0 v=0 
06-24 16:33:57.949 I/GRALLOC (  679): 	 iova_size=8486912,conUsg=0xb00,proUsg=0xb00,	 strd=1088,[afbc]HdrStrd=1088 PyldStrd=69632 Scrmbl=2,ionhnd = 1 
06-24 16:33:57.956 D/PMS11423(  657): package:com.excelliance.dualaid, input flags:128, output hwFlags:0
06-24 16:33:57.957 D/WindowManager(  657): finishDrawingWindow: Window{eb1a439 u0 com.excelliance.dualaid/com.excelliance.kxqp.swipe.NavActivity2} mDrawState=DRAW_PENDING
06-24 16:33:57.957 V/MainActivity(16104): onWindowFocusChanged: true
06-24 16:33:57.958 W/InputMethodManager(16104): startInputReason = 1
06-24 16:33:57.958 D/PMS11423(  657): package:com.excelliance.dualaid, input flags:128, output hwFlags:0
06-24 16:33:57.960 V/WindowManager(  657): Checking 1 opening apps (frozen=false timeout=false)...
06-24 16:33:57.960 V/WindowManager(  657): Check opening app=AppWindowToken{34a6cda token=Token{4ab685 ActivityRecord{b9abffc u0 com.excelliance.dualaid/com.excelliance.kxqp.swipe.NavActivity2 t16054}}}: allDrawn=true startingDisplayed=false startingMoved=false isRelaunching()=false
06-24 16:33:57.963 D/ImageWallpaper( 1513): onVisibilityChanged: mVisible, visible=true, false
06-24 16:33:57.963 D/ImageWallpaper( 1513): Visibility changed to visible=false
06-24 16:33:57.963 D/BarTransitions.HwPhoneStatusBarView( 1513): MODE_TRANSLUCENT -> MODE_TRANSPARENT animate=false
06-24 16:33:57.963 D/BarTransitions.HwPhoneStatusBarView( 1513): applyModeBackground oldMode=MODE_TRANSLUCENT newMode=MODE_TRANSPARENT animate=false
06-24 16:33:57.965 I/ActivityManager(  657): Displayed com.excelliance.dualaid/com.excelliance.kxqp.swipe.NavActivity2: +176ms (total +3s904ms)
06-24 16:33:57.969 W/InputMethodManager(16104): startInputReason = 5
06-24 16:33:57.971 I/wangchen( 7035): SysInfo.getSysParam: orientation=1||config d=3.0,w=1080,h=1920||metrics d=3.0,w=1080,h=1920||sdk=26,bar_h=72
06-24 16:33:57.971 I/KeymapLoader( 7035): w=1080 h=1920 ori=true appScale=3.3 s1=3.0
06-24 16:33:57.971 I/WindowManager(  657): notifyAccessibilityButtonVisibilityChanged visible:false
06-24 16:33:57.972 E/BufferQueueProducer(  710): [com.huawei.android.launcher/com.huawei.android.launcher.unihome.UniHomeLauncher#0] disconnect: not connected (req=1)
06-24 16:33:57.972 W/libEGL  ( 2519): EGLNativeWindowType 0x748c5df010 disconnect failed
06-24 16:33:57.976 I/GRALLOC (  679): 	 shrFd=10,fmt=0x1,intFmt=0x200000001,btStrd=4352,size=8486912,pid=679 
06-24 16:33:57.976 I/GRALLOC (  679): 	 yuv=2,w=1080,h=1920,Stride u=0 v=0,offset u=0 v=0 
06-24 16:33:57.976 I/GRALLOC (  679): 	 iova_size=8486912,conUsg=0xb00,proUsg=0xb00,	 strd=1088,[afbc]HdrStrd=1088 PyldStrd=69632 Scrmbl=2,ionhnd = 1 
06-24 16:33:57.988 W/ActivityManager(  657): Sending non-protected broadcast huawei.action.floattasks.STATUS_BAR_STATE_CHANGED from system 1513:com.android.systemui/u0a39 pkg com.android.systemui
06-24 16:33:57.988 W/HwKeyguardDragHelper( 1513): AnimationBlocked
06-24 16:33:57.989 D/BarTransitions.HwPhoneStatusBarView( 1513): MODE_TRANSPARENT -> MODE_TRANSLUCENT animate=false
06-24 16:33:57.989 D/BarTransitions.HwPhoneStatusBarView( 1513): applyModeBackground oldMode=MODE_TRANSPARENT newMode=MODE_TRANSLUCENT animate=false
06-24 16:33:57.989 V/WindowManager(  657): notifyAppStopped: AppWindowToken{d3a938b token=Token{377755a ActivityRecord{d5c9105 u0 com.huawei.android.launcher/.unihome.UniHomeLauncher t15658}}}
06-24 16:33:57.989 E/WindowManager(  657): win=Window{68d6975 u0 com.huawei.android.launcher/com.huawei.android.launcher.unihome.UniHomeLauncher} destroySurfaces: appStopped=true win.mWindowRemovalAllowed=false win.mRemoveOnExit=false
06-24 16:33:57.989 D/BarTransitions.HwNavigationBarView( 1513): MODE_TRANSLUCENT -> MODE_OPAQUE animate=false
06-24 16:33:57.989 D/BarTransitions.HwNavigationBarView( 1513): applyModeBackground oldMode=MODE_TRANSLUCENT newMode=MODE_OPAQUE animate=false
06-24 16:33:57.990 I/WindowManager(  657): Destroying surface Surface(name=com.huawei.android.launcher/com.huawei.android.launcher.unihome.UniHomeLauncher) called by com.android.server.wm.WindowStateAnimator.destroySurface:2060 com.android.server.wm.WindowStateAnimator.destroySurfaceLocked:873 com.android.server.wm.HwWindowStateAnimator.destroySurfaceLocked:1006 com.android.server.wm.WindowState.destroyOrSaveSurfaceUnchecked:2990 com.android.server.wm.WindowState.destroySurface:2951 com.android.server.wm.AppWindowToken.destroySurfaces:654 com.android.server.wm.AppWindowToken.destroySurfaces:638 com.android.server.wm.AppWindowToken.notifyAppStopped:682 
06-24 16:33:57.992 D/ActivityThread(16104): Remove activity client record, r= ActivityRecord{cbe2ddc token=android.os.BinderProxy@d13fa03 {com.excelliance.dualaid/com.excelliance.kxqp.ui.HelloActivity}} token= android.os.BinderProxy@d13fa03
06-24 16:33:57.992 D/HwGameAssistantController(  657): pid=2519, uid=10056, foreground=false
06-24 16:33:57.992 V/WindowManager(  657): removeAppToken: AppWindowToken{5826f82 token=Token{63bfacd ActivityRecord{580c864 u0 com.excelliance.dualaid/com.excelliance.kxqp.ui.HelloActivity t16054}}} delayed=false Callers=com.android.server.wm.DisplayContent.removeAppToken:985 com.android.server.wm.AppWindowContainerController.removeContainer:348 com.android.server.am.ActivityRecord.removeWindowContainer:1039 com.android.server.am.ActivityStack.removeActivityFromHistoryLocked:4491 
06-24 16:33:57.992 W/AwareLog(  657): SchedLevelBoost: onFgActivitiesChanged config not set!
06-24 16:33:57.993 W/dex2oat (16192): Using default instruction set features for ARM CPU variant (default) using conservative defaults
06-24 16:33:57.994 I/dex2oat (16192): /system/bin/dex2oat -j4 --dex-file=/data/data/com.excelliance.dualaid/.platformcache/main.jar --output-vdex-fd=55 --oat-fd=56 --oat-location=/data/data/com.excelliance.dualaid/.platformcache/oat/arm/main.odex --compiler-filter=quicken
06-24 16:33:57.994 I/cutils-trace(16192): atrace_init_once, trace_marker_path = /sys/kernel/debug/tracing/trace_marker
06-24 16:33:58.185 I/HwNormalizedSpline(  657): getEyeProtectionBrightnessLevel lux =239.0, mDefaultBrightnessFromLux =68.645
06-24 16:33:58.396 I/dex2oat (16192): dex2oat took 403.051ms (984.537ms cpu) (threads: 4) arena alloc=137KB (141240B) java alloc=2MB (3127336B) native alloc=4MB (4693144B) free=2MB (2646888B)
06-24 16:33:58.409 D/PMS11423(  657): package:com.excelliance.dualaid, input flags:128, output hwFlags:0
06-24 16:33:58.430 D/HwArpVerifier(  657): getIpRouteTable
06-24 16:33:58.447 W/dex2oat (16220): Using default instruction set features for ARM CPU variant (default) using conservative defaults
06-24 16:33:58.447 I/dex2oat (16220): /system/bin/dex2oat -j4 --dex-file=/data/data/com.excelliance.dualaid/.platformcache/kxqpplatform2.jar --output-vdex-fd=47 --oat-fd=48 --oat-location=/data/data/com.excelliance.dualaid/.platformcache/oat/arm/kxqpplatform2.odex --compiler-filter=quicken
06-24 16:33:58.447 I/cutils-trace(16220): atrace_init_once, trace_marker_path = /sys/kernel/debug/tracing/trace_marker
06-24 16:33:58.469 D/HwArpVerifier(  657): Notify wifi default route is ok
06-24 16:33:58.480 I/GRALLOC (  679): 	 shrFd=10,fmt=0x1,intFmt=0x200000001,btStrd=4352,size=8486912,pid=679 
06-24 16:33:58.480 I/GRALLOC (  679): 	 yuv=2,w=1080,h=1920,Stride u=0 v=0,offset u=0 v=0 
06-24 16:33:58.480 I/GRALLOC (  679): 	 iova_size=8486912,conUsg=0xb00,proUsg=0xb00,	 strd=1088,[afbc]HdrStrd=1088 PyldStrd=69632 Scrmbl=2,ionhnd = 1 
06-24 16:33:58.551 D/NetWorkUtils( 1513): mVSimCurCardType is -1
06-24 16:33:58.552 D/NetWorkUtils( 1513): mVSimCurCardType is -1
06-24 16:33:58.653 I/dex2oat (16220): dex2oat took 205.769ms (428.717ms cpu) (threads: 4) arena alloc=3KB (3720B) java alloc=2MB (2283472B) native alloc=2MB (2307312B) free=3MB (3459856B)
06-24 16:33:58.660 E/WifiHAL (  706): enter wifi_get_link_stats
06-24 16:33:58.664 D/PMS11423(  657): package:com.excelliance.dualaid, input flags:0, output hwFlags:0
06-24 16:33:58.670 E/wificond(  765): Failed to get NL80211_STA_INFO_CNAHLOAD
06-24 16:33:58.670 E/WificondControl(  657): Noise: -89, Snr: 0, Chload: -1
06-24 16:33:58.670 D/PMS11423(  657): package:com.excelliance.dualaid, input flags:0, output hwFlags:0
06-24 16:33:58.670 D/HwWifiCHRStateManager(  657): handleMessage : 1001
06-24 16:33:58.670 D/HwWifiCHRStateManager(  657): handleUpdateChannel:5805
06-24 16:33:58.670 V/HwWifiServiceFactory(  657): get AllImpl object = com.android.server.wifi.HwWifiServiceFactoryImpl@a390a53
06-24 16:33:58.671 D/WifiScoreReport(  657): Score = 100, wifiConnectivityManagerEnabled = false, lowScoreCount = 0
06-24 16:33:58.681 E/MemoryLeakMonitorManager(16137): MemoryLeakMonitor.jar is not exist!
06-24 16:33:58.681 D/KXQPApplication(16137): run: initUserManager
06-24 16:33:58.681 D/CrashHandler(16137): CrashHandler
06-24 16:33:58.683 E/Minikin (16137): Could not get cmap table size!
06-24 16:33:58.683 D/PMS11423(  657): package:com.excelliance.dualaid, input flags:128, output hwFlags:0
06-24 16:33:58.698 D/AirPushService(16137): 第一次触发
06-24 16:33:58.699 D/SmtServService(16137): MSG_LOAD_PLT GameUtil.isPtLoaded() = false
06-24 16:33:58.701 I/HwCust  (16137): Constructor found for class android.net.HwCustConnectivityManagerImpl
06-24 16:33:58.701 D/HwCust  (16137): Create obj success use class android.net.HwCustConnectivityManagerImpl
06-24 16:33:58.701 D/NetworkStateReceiver(16137): netWorkConnected = true
06-24 16:33:58.702 D/AirPushUtils(16137): startPushInfo
