06-24 16:57:34.507 E/MemoryLeakMonitorManager(32551): MemoryLeakMonitor.jar is not exist!
06-24 16:57:34.507 D/KXQPApplication(32551): run: initUserManager
06-24 16:57:34.508 D/CrashHandler(32551): CrashHandler
06-24 16:57:34.509 E/Minikin (32551): Could not get cmap table size!
06-24 16:57:34.509 D/PMS11424(  657): package:com.excelliance.dualaid, input flags:128, output hwFlags:0
06-24 16:57:34.517 I/HwCust  (32551): Constructor found for class android.app.HwCustActivityImpl
06-24 16:57:34.517 D/HwCust  (32551): Create obj success use class android.app.HwCustActivityImpl
06-24 16:57:34.520 V/HwPolicyFactory(32551): : success to get AllImpl object and return....
06-24 16:57:34.521 I/HwCust  (32551): Constructor found for class android.app.HwCustHwWallpaperManagerImpl
06-24 16:57:34.521 D/HwCust  (32551): Create obj success use class android.app.HwCustHwWallpaperManagerImpl
06-24 16:57:34.522 D/PMS11424(  657): package:com.excelliance.dualaid, input flags:0, output hwFlags:0
06-24 16:57:34.523 V/HwWidgetFactory(32551): : successes to get AllImpl object and return....
06-24 16:57:34.524 V/ActivityThread(32551): ActivityThread,callActivityOnCreate
06-24 16:57:34.525 D/HelloActivity(32551): Memory:25139M
06-24 16:57:34.526 D/HelloActivity(32551): onCreate: true
06-24 16:57:34.527 D/HelloActivity(32551): is code boot
06-24 16:57:34.530 D/HelloActivity(32551): mIsNav = false
06-24 16:57:34.532 E/memtrack(11655): Couldn't load memtrack module
06-24 16:57:34.532 W/android.os.Debug(11655): failed to get memory consumption info: -1
06-24 16:57:34.536 D/HttpUtils(32551): getDownloadMode()
06-24 16:57:34.536 D/NetUtils(32551): init inited = true
06-24 16:57:34.537 D/HelloActivity(32551): enter Nav2
06-24 16:57:34.538 D/NetworkSecurityConfig(32551): No Network Security Config specified, using platform default
06-24 16:57:34.539 I/ActivityManager(  657): START u0 {pkg=com.excelliance.dualaid cmp=com.excelliance.dualaid/com.excelliance.kxqp.swipe.NavActivity2 (has extras)} from uid 11424
06-24 16:57:34.540 I/ActivityManager(  657): ActivityRecord info: ActivityInfo{410f7a5 com.excelliance.kxqp.swipe.NavActivity2}
06-24 16:57:34.540 V/WindowManager(  657): findFocusedWindow: AppWindowToken{d3a938b token=Token{377755a ActivityRecord{d5c9105 u0 com.huawei.android.launcher/.unihome.UniHomeLauncher t15658}}} below Reached focused app=AppWindowToken{db8ec93 token=Token{7d2ed82 ActivityRecord{1a7b0cd u0 com.excelliance.dualaid/com.excelliance.kxqp.ui.HelloActivity t16071}}}
06-24 16:57:34.541 V/WindowManager(  657): addAppToken: AppWindowToken{fef5b0b token=Token{36caada ActivityRecord{ab72c85 u0 com.excelliance.dualaid/com.excelliance.kxqp.swipe.NavActivity2 t16071}}} controller={TaskWindowContainerController taskId=16071} at 2147483647
06-24 16:57:34.546 V/ActivityManager(  657): startProcess: name=com.excelliance.dualaid app=null knownToBeDead=true thread=null pid=-1
06-24 16:57:34.546 D/PMS1000 (  657): package:com.excelliance.dualaid, input flags:0, output hwFlags:0
06-24 16:57:34.553 I/ActivityManager(  657): Start proc 32577:com.excelliance.dualaid/u0a1424 for service com.excelliance.dualaid/com.excelliance.kxqp.SmtServService
06-24 16:57:34.554 D/HwRecentsLockUtils( 1513): Search
06-24 16:57:34.554 E/HsmCoreServiceImpl( 1478): onTransact in code is: 103
06-24 16:57:34.554 I/MediaProcessHandler( 1478): playingUids: 
06-24 16:57:34.555 I/        (32577): power log dlsym ok
06-24 16:57:34.557 D/ActivityManager(  657): Skipping, home or recents stack task: TaskRecord{333215f #15658 A=com.huawei.android.launcher U=0 StackId=0 sz=1}
06-24 16:57:34.557 D/ActivityManager(  657): Skipping intent:act=android.intent.action.MAIN cat=[android.intent.category.LAUNCHER] flg=0x10a00000 cmp=io.appium.settings/.Settings
06-24 16:57:34.557 D/ActivityManager(  657): Skipping intent:flg=0x18800000 cmp=com.tencent.mm/.plugin.base.stub.WXPayEntryActivity
06-24 16:57:34.557 D/ActivityManager(  657): Skipping intent:flg=0x10804000 cmp=com.android.systemui/.recents.RecentsActivity bnds=[48,928][1032,2296]
06-24 16:57:34.557 D/ActivityManager(  657): Skipping intent:flg=0x10800000 cmp=com.huawei.systemmanager/com.huawei.permissionmanager.ui.MainActivity
06-24 16:57:34.557 D/ActivityManager(  657): Skipping intent:flg=0x18800000 cmp=com.tencent.mm/.plugin.base.stub.WXEntryActivity
06-24 16:57:34.557 D/ActivityManager(  657): Skipping intent:act=com.huawei.action.VOICE_ASSISTANT flg=0x10800000 pkg=com.huawei.vassistant cmp=com.huawei.vassistant/.ui.main.VAssistantActivity
06-24 16:57:34.557 D/ActivityManager(  657): Skipping intent:act=com.huawei.android.launcher.action.ACCESS_SPLIT_SCREEN_APP cat=[android.intent.category.DEFAULT] flg=0x10804000 cmp=com.huawei.android.launcher/.splitscreen.SplitScreenAppActivity
06-24 16:57:34.557 D/ActivityManager(  657): Skipping intent:flg=0x10800000 pkg=com.excelliance.dualaid.b64 cmp=com.excelliance.dualaid.b64/com.excelliance.kxqp.sdk.PermissionRequestActivity
06-24 16:57:34.557 D/ActivityManager(  657): Skipping intent:act=android.intent.action.VIEW dat=content://com.excelliance.dualaid.fileProvider/external_storage_root/Download/apk/Multiple_64.apk typ=application/vnd.android.package-archive flg=0x10800001 cmp=com.android.packageinstaller/.InstallStart
06-24 16:57:34.557 D/ActivityManager(  657): Skipping intent:flg=0x10800000 cmp=com.android.systemui/.usb.HwUsbDebuggingActivity
06-24 16:57:34.557 D/ActivityManager(  657): Skipping intent:act=android.deviceinfo.chooser.action.LAUNCH flg=0x10800000 hwFlg=0x100 pkg=com.android.settings cmp=com.android.settings/.deviceinfo.UsbConnModeChooserActivity
06-24 16:57:34.557 D/ActivityManager(  657): Skipping intent:flg=0x10800000 cmp=com.zol.android/.push.KeepLiveActivity
06-24 16:57:34.557 D/ActivityManager(  657): Skipping intent:act=android.intent.action.MAIN cat=[android.intent.category.HOME] flg=0x10800300 cmp=com.android.settings/.FallbackHome
06-24 16:57:34.558 I/zygote  (32577): Reinit property: dalvik.vm.checkjni= false
06-24 16:57:34.562 D/HwNetworkManagementService(  657): code == CODE_GET_AD_KEY_LIST
06-24 16:57:34.562 D/HwNetworkManagementService(  657): appName = com.excelliance.dualaid  is not in the mAdViewMap! reply none
06-24 16:57:34.562 D/HwNetworkManagementService(  657): appName = com.excelliance.dualaid  is not in the mAdIdMap! reply none
06-24 16:57:34.564 D/ActivityThread(32551): add activity client record, r= ActivityRecord{cbe2ddc token=android.os.BinderProxy@d13fa03 {com.excelliance.dualaid/com.excelliance.kxqp.ui.HelloActivity}} token= android.os.BinderProxy@d13fa03
06-24 16:57:34.566 V/WindowManager(  657): No longer Stopped: AppWindowToken{fef5b0b token=Token{36caada ActivityRecord{ab72c85 u0 com.excelliance.dualaid/com.excelliance.kxqp.swipe.NavActivity2 t16071}}}
06-24 16:57:34.566 V/WindowManager(  657): No longer Stopped: AppWindowToken{fef5b0b token=Token{36caada ActivityRecord{ab72c85 u0 com.excelliance.dualaid/com.excelliance.kxqp.swipe.NavActivity2 t16071}}}
06-24 16:57:34.567 D/ActivityThread(32577): ActivityThread,attachApplication
06-24 16:57:34.571 V/WindowManager(  657): Checking 1 opening apps (frozen=false timeout=false)...
06-24 16:57:34.571 V/WindowManager(  657): Check opening app=AppWindowToken{fef5b0b token=Token{36caada ActivityRecord{ab72c85 u0 com.excelliance.dualaid/com.excelliance.kxqp.swipe.NavActivity2 t16071}}}: allDrawn=false startingDisplayed=false startingMoved=false isRelaunching()=false
06-24 16:57:34.572 D/ActivityManager(  657): ActivityManagerService,attachApplication,callingPid = 32577
06-24 16:57:34.576 D/HwCust  (32551): Create obj success use class android.app.HwCustActivityImpl
06-24 16:57:34.576 D/HwCust  (32551): Create obj success use class android.app.HwCustHwWallpaperManagerImpl
06-24 16:57:34.577 V/ActivityThread(32551): ActivityThread,callActivityOnCreate
06-24 16:57:34.578 W/X509TrustManager(32551): checkServerTrusted: SignatureException:null
06-24 16:57:34.578 W/X509TrustManager(32551): checkServerTrusted: SignatureException:error:04000073:RSA routines:OPENSSL_internal:DATA_TOO_LARGE_FOR_MODULUS
06-24 16:57:34.579 D/NavActivity2(32551): onCreate
06-24 16:57:34.584 W/Utils   (32551): Utils_isSuperResolutionSupport [load libai_client.so failed]
06-24 16:57:34.588 D/CubicBezierInterpolator(32551): CubicBezierInterpolator  mControlPoint1x = 0.23, mControlPoint1y = 0.06, mControlPoint2x = 0.09, mControlPoint2y = 0.97
06-24 16:57:34.589 D/CubicBezierInterpolator(32551): CubicBezierInterpolator  mControlPoint1x = 0.6, mControlPoint1y = 0.9, mControlPoint2x = 0.8, mControlPoint2y = 1.0
06-24 16:57:34.589 D/CubicBezierInterpolator(32551): CubicBezierInterpolator  mControlPoint1x = 0.23, mControlPoint1y = 0.06, mControlPoint2x = 0.09, mControlPoint2y = 0.97
06-24 16:57:34.589 D/CubicBezierInterpolator(32551): CubicBezierInterpolator  mControlPoint1x = 0.6, mControlPoint1y = 0.9, mControlPoint2x = 0.8, mControlPoint2y = 1.0
06-24 16:57:34.589 D/CubicBezierInterpolator(32551): CubicBezierInterpolator  mControlPoint1x = 0.23, mControlPoint1y = 0.06, mControlPoint2x = 0.09, mControlPoint2y = 0.97
06-24 16:57:34.590 D/CubicBezierInterpolator(32551): CubicBezierInterpolator  mControlPoint1x = 0.6, mControlPoint1y = 0.9, mControlPoint2x = 0.8, mControlPoint2y = 1.0
06-24 16:57:34.590 D/CubicBezierInterpolator(32551): CubicBezierInterpolator  mControlPoint1x = 0.23, mControlPoint1y = 0.06, mControlPoint2x = 0.09, mControlPoint2y = 0.97
06-24 16:57:34.590 D/CubicBezierInterpolator(32551): CubicBezierInterpolator  mControlPoint1x = 0.6, mControlPoint1y = 0.9, mControlPoint2x = 0.8, mControlPoint2y = 1.0
06-24 16:57:34.596 D/HwRTBlurUtils(32551): check blur style for HwPhoneWindow-, themeResId : 0x7f0e000a, context : com.excelliance.kxqp.swipe.NavActivity2@794246b, Nhwext : 0, get Blur : disable with , null
06-24 16:57:34.596 D/HwRTBlurUtils(32551): check blur style for HwPhoneWindow-, themeResId : 0x7f0e000a, context : com.excelliance.kxqp.swipe.NavActivity2@794246b, Nhwext : 0, get Blur : disable with , null
06-24 16:57:34.597 E/test    (32551): hw notch screen flag api error
06-24 16:57:34.598 W//system/bin/hwservicemanager(  416): Cannot open /odm/manifest.xml
06-24 16:57:34.598 D/ActivityThread(32551): add activity client record, r= ActivityRecord{414755e token=android.os.BinderProxy@31abee5 {com.excelliance.dualaid/com.excelliance.kxqp.swipe.NavActivity2}} token= android.os.BinderProxy@31abee5
06-24 16:57:34.599 E/ViewUtils(32551): setBgColor: view==null:top
06-24 16:57:34.600 D/HwFLClassLoader(32577): get used feature list :/feature/used-list failed!
06-24 16:57:34.600 D/HwFLClassLoader(32577): USE_FEATURE_LIST had not init! 
06-24 16:57:34.600 I/GRALLOC (  679): 	 shrFd=10,fmt=0x1,intFmt=0x1,btStrd=256,size=4096,pid=679 
06-24 16:57:34.600 I/GRALLOC (  679): 	 yuv=2,w=16,h=16,Stride u=0 v=0,offset u=0 v=0 
06-24 16:57:34.600 I/GRALLOC (  679): 	 iova_size=4096,conUsg=0x100,proUsg=0x100,	 strd=64,[afbc]HdrStrd=0 PyldStrd=0 Scrmbl=0,ionhnd = 1 
06-24 16:57:34.606 D/OpenGLRenderer(32551):   HWUI Binary is  enabled
06-24 16:57:34.606 E/memtrack(11655): Couldn't load memtrack module
06-24 16:57:34.606 W/android.os.Debug(11655): failed to get memory consumption info: -1
06-24 16:57:34.607 D/SurfaceFlinger(  710): SurfaceFlinger: getDisplayConfigs--3.000000, 1080, 1920
06-24 16:57:34.607 I/chatty  (  710): uid=1000(system) Binder:710_3 identical 1 line
06-24 16:57:34.607 D/SurfaceFlinger(  710): SurfaceFlinger: getDisplayConfigs--3.000000, 1080, 1920
06-24 16:57:34.608 D/OpenGLRenderer(32551): HWUI GL Pipeline
06-24 16:57:34.612 V/WindowManager(  657): Adding Window{af0587e u0 com.excelliance.dualaid/com.excelliance.kxqp.swipe.NavActivity2} to AppWindowToken{fef5b0b token=Token{36caada ActivityRecord{ab72c85 u0 com.excelliance.dualaid/com.excelliance.kxqp.swipe.NavActivity2 t16071}}}
06-24 16:57:34.612 V/WindowManager(  657): addWindow: New client android.os.BinderProxy@5943a39: window=Window{af0587e u0 com.excelliance.dualaid/com.excelliance.kxqp.swipe.NavActivity2} Callers=com.android.server.wm.HwWindowManagerService.addWindow:562 com.android.server.wm.Session.addToDisplay:199 android.view.IWindowSession$Stub.onTransact:124 com.android.server.wm.Session.onTransact:161 android.os.Binder.execTransact:675 
06-24 16:57:34.614 V/WindowManager(  657): Checking 1 opening apps (frozen=false timeout=false)...
06-24 16:57:34.614 V/WindowManager(  657): Check opening app=AppWindowToken{fef5b0b token=Token{36caada ActivityRecord{ab72c85 u0 com.excelliance.dualaid/com.excelliance.kxqp.swipe.NavActivity2 t16071}}}: allDrawn=false startingDisplayed=false startingMoved=false isRelaunching()=false
06-24 16:57:34.617 D/PMS11424(  657): package:com.excelliance.dualaid, input flags:128, output hwFlags:0
06-24 16:57:34.629 D/HwGalleryCacheManagerImpl(32551): mIsEffect:false
06-24 16:57:34.643 D/HttpUtils(32551): getResponseCode():200
06-24 16:57:34.643 D/WHEG    (32551): {"status":"0","controls":"","skip":"0"}
06-24 16:57:34.654 W/dex2oat (32600): Using default instruction set features for ARM CPU variant (default) using conservative defaults
06-24 16:57:34.655 I/dex2oat (32600): /system/bin/dex2oat -j4 --dex-file=/data/data/com.excelliance.dualaid/.platformcache/main.jar --output-vdex-fd=48 --oat-fd=49 --oat-location=/data/data/com.excelliance.dualaid/.platformcache/oat/arm/main.odex --compiler-filter=quicken
06-24 16:57:34.655 I/cutils-trace(32600): atrace_init_once, trace_marker_path = /sys/kernel/debug/tracing/trace_marker
06-24 16:57:34.671 D/HwRecentsLockUtils( 1513): Search
06-24 16:57:34.672 E/HsmCoreServiceImpl( 1478): onTransact in code is: 103
06-24 16:57:34.672 I/MediaProcessHandler( 1478): playingUids: 
06-24 16:57:34.672 D/ActivityManager(  657): Skipping, home or recents stack task: TaskRecord{333215f #15658 A=com.huawei.android.launcher U=0 StackId=0 sz=1}
06-24 16:57:34.672 D/ActivityManager(  657): Skipping intent:act=android.intent.action.MAIN cat=[android.intent.category.LAUNCHER] flg=0x10a00000 cmp=io.appium.settings/.Settings
06-24 16:57:34.672 D/ActivityManager(  657): Skipping intent:flg=0x18800000 cmp=com.tencent.mm/.plugin.base.stub.WXPayEntryActivity
06-24 16:57:34.672 D/ActivityManager(  657): Skipping intent:flg=0x10804000 cmp=com.android.systemui/.recents.RecentsActivity bnds=[48,928][1032,2296]
06-24 16:57:34.672 D/ActivityManager(  657): Skipping intent:flg=0x10800000 cmp=com.huawei.systemmanager/com.huawei.permissionmanager.ui.MainActivity
06-24 16:57:34.672 D/ActivityManager(  657): Skipping intent:flg=0x18800000 cmp=com.tencent.mm/.plugin.base.stub.WXEntryActivity
06-24 16:57:34.672 D/ActivityManager(  657): Skipping intent:act=com.huawei.action.VOICE_ASSISTANT flg=0x10800000 pkg=com.huawei.vassistant cmp=com.huawei.vassistant/.ui.main.VAssistantActivity
06-24 16:57:34.672 D/ActivityManager(  657): Skipping intent:act=com.huawei.android.launcher.action.ACCESS_SPLIT_SCREEN_APP cat=[android.intent.category.DEFAULT] flg=0x10804000 cmp=com.huawei.android.launcher/.splitscreen.SplitScreenAppActivity
06-24 16:57:34.672 D/ActivityManager(  657): Skipping intent:flg=0x10800000 pkg=com.excelliance.dualaid.b64 cmp=com.excelliance.dualaid.b64/com.excelliance.kxqp.sdk.PermissionRequestActivity
06-24 16:57:34.672 D/ActivityManager(  657): Skipping intent:act=android.intent.action.VIEW dat=content://com.excelliance.dualaid.fileProvider/external_storage_root/Download/apk/Multiple_64.apk typ=application/vnd.android.package-archive flg=0x10800001 cmp=com.android.packageinstaller/.InstallStart
06-24 16:57:34.672 D/ActivityManager(  657): Skipping intent:flg=0x10800000 cmp=com.android.systemui/.usb.HwUsbDebuggingActivity
06-24 16:57:34.672 D/ActivityManager(  657): Skipping intent:act=android.deviceinfo.chooser.action.LAUNCH flg=0x10800000 hwFlg=0x100 pkg=com.android.settings cmp=com.android.settings/.deviceinfo.UsbConnModeChooserActivity
06-24 16:57:34.672 D/ActivityManager(  657): Skipping intent:flg=0x10800000 cmp=com.zol.android/.push.KeepLiveActivity
06-24 16:57:34.672 D/ActivityManager(  657): Skipping intent:act=android.intent.action.MAIN cat=[android.intent.category.HOME] flg=0x10800300 cmp=com.android.settings/.FallbackHome
06-24 16:57:34.700 D/MainActivity(32551): instantiateItem: 2	android.widget.RelativeLayout{d00e2b1 V.E...... ......I. 0,0-0,0}
06-24 16:57:34.701 D/MainActivity(32551): initPage3: 
06-24 16:57:34.705 V/WindowManager(  657): Checking 1 opening apps (frozen=false timeout=false)...
06-24 16:57:34.705 V/WindowManager(  657): Check opening app=AppWindowToken{fef5b0b token=Token{36caada ActivityRecord{ab72c85 u0 com.excelliance.dualaid/com.excelliance.kxqp.swipe.NavActivity2 t16071}}}: allDrawn=false startingDisplayed=false startingMoved=false isRelaunching()=false
06-24 16:57:34.707 I/TrafficMonitor(  657): update:rxPkts:7,txPkts:9,rxBytes:3929,txBytes:1056
06-24 16:57:34.707 V/HwPhoneWindowManager(  657): updateSystemUiColorLw window=Window{af0587e u0 com.excelliance.dualaid/com.excelliance.kxqp.swipe.NavActivity2},EmuiStyle=0,StatusBarColor=0xff000000,NavigationBarColor=0xff000000, mLastIsEmuiLightStyle=-1
06-24 16:57:34.708 D/HwPhoneWindowManager(  657): Transact:setSystemUIColor to status bar service
06-24 16:57:34.708 V/WindowManager(  657): Checking 1 opening apps (frozen=false timeout=false)...
06-24 16:57:34.708 V/WindowManager(  657): Check opening app=AppWindowToken{fef5b0b token=Token{36caada ActivityRecord{ab72c85 u0 com.excelliance.dualaid/com.excelliance.kxqp.swipe.NavActivity2 t16071}}}: allDrawn=false startingDisplayed=false startingMoved=false isRelaunching()=false
06-24 16:57:34.709 I/CommandQueue( 1513): updateBarBgColor
06-24 16:57:34.710 D/CommandQueue( 1513): CommandQueue, setBarBackgroundColor
06-24 16:57:34.712 D/MainActivity(32551): run: initPage3
06-24 16:57:34.712 V/MainActivity(32551): onWindowFocusChanged: true
06-24 16:57:34.712 I/GRALLOC (  679): 	 shrFd=10,fmt=0x1,intFmt=0x200000001,btStrd=4352,size=8486912,pid=679 
06-24 16:57:34.712 I/GRALLOC (  679): 	 yuv=2,w=1080,h=1920,Stride u=0 v=0,offset u=0 v=0 
06-24 16:57:34.712 I/GRALLOC (  679): 	 iova_size=8486912,conUsg=0x900,proUsg=0x900,	 strd=1088,[afbc]HdrStrd=1088 PyldStrd=69632 Scrmbl=2,ionhnd = 1 
06-24 16:57:34.712 D/TintManager( 1513): statusBarIconTint=#99FFFFFF,navigationBarIconTint=#FF000000
06-24 16:57:34.712 W/InputMethodManager(32551): startInputReason = 1
06-24 16:57:34.715 I/OpenGLRenderer(32551): Initialized EGL, version 1.4
06-24 16:57:34.715 D/OpenGLRenderer(32551): Swap behavior 2
06-24 16:57:34.715 E/Auth    ( 8506): [GoogleAccountDataServiceImpl] getToken() -> NETWORK_ERROR. Account: <ELLIDED:718006122>, App: com.google.android.gms, Service: oauth2:https://www.googleapis.com/auth/cclog
06-24 16:57:34.715 E/Auth    ( 8506): fzk: Error when calling server.
06-24 16:57:34.715 E/Auth    ( 8506): 	at fzl.b(:com.google.android.gms@12685025@12.6.85 (040408-197041431):157)
06-24 16:57:34.715 E/Auth    ( 8506): 	at fzl.a(:com.google.android.gms@12685025@12.6.85 (040408-197041431):50)
06-24 16:57:34.715 E/Auth    ( 8506): 	at fxv.a(:com.google.android.gms@12685025@12.6.85 (040408-197041431):38)
06-24 16:57:34.715 E/Auth    ( 8506): 	at hox.a(:com.google.android.gms@12685025@12.6.85 (040408-197041431):8)
06-24 16:57:34.715 E/Auth    ( 8506): 	at hox.a(:com.google.android.gms@12685025@12.6.85 (040408-197041431):189)
06-24 16:57:34.715 E/Auth    ( 8506): 	at hnx.a(:com.google.android.gms@12685025@12.6.85 (040408-197041431):2)
06-24 16:57:34.715 E/Auth    ( 8506): 	at hnu.a(:com.google.android.gms@12685025@12.6.85 (040408-197041431):17)
06-24 16:57:34.715 E/Auth    ( 8506): 	at hnu.a(:com.google.android.gms@12685025@12.6.85 (040408-197041431):6)
06-24 16:57:34.715 E/Auth    ( 8506): 	at cyb.a(:com.google.android.gms@12685025@12.6.85 (040408-197041431):25)
06-24 16:57:34.715 E/Auth    ( 8506): 	at cyb.a(:com.google.android.gms@12685025@12.6.85 (040408-197041431):82)
06-24 16:57:34.715 E/Auth    ( 8506): 	at fur.a(:com.google.android.gms@12685025@12.6.85 (040408-197041431):6)
06-24 16:57:34.715 E/Auth    ( 8506): 	at fuq.a(:com.google.android.gms@12685025@12.6.85 (040408-197041431):2)
06-24 16:57:34.715 E/Auth    ( 8506): 	at fuq.e(:com.google.android.gms@12685025@12.6.85 (040408-197041431):6)
06-24 16:57:34.715 E/Auth    ( 8506): 	at fuo.f(:com.google.android.gms@12685025@12.6.85 (040408-197041431):3)
06-24 16:57:34.715 E/Auth    ( 8506): 	at fuo.a(:com.google.android.gms@12685025@12.6.85 (040408-197041431):4)
06-24 16:57:34.715 E/Auth    ( 8506): 	at fuo.a(:com.google.android.gms@12685025@12.6.85 (040408-197041431):7)
06-24 16:57:34.715 E/Auth    ( 8506): 	at nnq.a(:com.google.android.gms@12685025@12.6.85 (040408-197041431):26)
06-24 16:57:34.715 E/Auth    ( 8506): 	at nnq.a(:com.google.android.gms@12685025@12.6.85 (040408-197041431):155)
06-24 16:57:34.715 E/Auth    ( 8506): 	at nnq.a(:com.google.android.gms@12685025@12.6.85 (040408-197041431):211)
06-24 16:57:34.715 E/Auth    ( 8506): 	at com.google.android.gms.clearcut.uploader.QosUploaderChimeraService.c(:com.google.android.gms@12685025@12.6.85 (040408-197041431):44)
06-24 16:57:34.715 E/Auth    ( 8506): 	at com.google.android.gms.clearcut.uploader.QosUploaderChimeraService.a(:com.google.android.gms@12685025@12.6.85 (040408-197041431):19)
06-24 16:57:34.715 E/Auth    ( 8506): 	at com.google.android.gms.clearcut.uploader.QosUploaderChimeraService.a(:com.google.android.gms@12685025@12.6.85 (040408-197041431):8)
06-24 16:57:34.715 E/Auth    ( 8506): 	at vqa.run(:com.google.android.gms@12685025@12.6.85 (040408-197041431):1)
06-24 16:57:34.715 E/Auth    ( 8506): 	at java.util.concurrent.ThreadPoolExecutor.runWorker(ThreadPoolExecutor.java:1162)
06-24 16:57:34.715 E/Auth    ( 8506): 	at java.util.concurrent.ThreadPoolExecutor$Worker.run(ThreadPoolExecutor.java:636)
06-24 16:57:34.715 E/Auth    ( 8506): 	at java.lang.Thread.run(Thread.java:784)
06-24 16:57:34.715 E/Auth    ( 8506): Caused by: java.net.SocketTimeoutException: failed to connect to android.clients.google.com/74.125.23.113 (port 443) from /10.0.0.51 (port 34022) after 30000ms
06-24 16:57:34.715 E/Auth    ( 8506): 	at libcore.io.IoBridge.connectErrno(IoBridge.java:185)
06-24 16:57:34.715 E/Auth    ( 8506): 	at libcore.io.IoBridge.connect(IoBridge.java:130)
06-24 16:57:34.715 E/Auth    ( 8506): 	at java.net.PlainSocketImpl.socketConnect(PlainSocketImpl.java:129)
06-24 16:57:34.715 E/Auth    ( 8506): 	at java.net.AbstractPlainSocketImpl.doConnect(AbstractPlainSocketImpl.java:357)
06-24 16:57:34.715 E/Auth    ( 8506): 	at java.net.AbstractPlainSocketImpl.connectToAddress(AbstractPlainSocketImpl.java:201)
06-24 16:57:34.715 E/Auth    ( 8506): 	at java.net.AbstractPlainSocketImpl.connect(AbstractPlainSocketImpl.java:183)
06-24 16:57:34.715 E/Auth    ( 8506): 	at java.net.SocksSocketImpl.connect(SocksSocketImpl.java:356)
06-24 16:57:34.715 E/Auth    ( 8506): 	at java.net.Socket.connect(Socket.java:616)
06-24 16:57:34.715 E/Auth    ( 8506): 	at com.android.okhttp.internal.Platform.connectSocket(Platform.java:145)
06-24 16:57:34.715 E/Auth    ( 8506): 	at com.android.okhttp.internal.io.RealConnection.connectSocket(RealConnection.java:141)
06-24 16:57:34.715 E/Auth    ( 8506): 	at com.android.okhttp.internal.io.RealConnection.connect(RealConnection.java:112)
06-24 16:57:34.715 E/Auth    ( 8506): 	at com.android.okhttp.internal.http.StreamAllocation.findConnection(StreamAllocation.java:184)
06-24 16:57:34.715 E/Auth    ( 8506): 	at com.android.okhttp.internal.http.StreamAllocation.findHealthyConnection(StreamAllocation.java:126)
06-24 16:57:34.715 E/Auth    ( 8506): 	at com.android.okhttp.internal.http.StreamAllocation.newStream(StreamAllocation.java:95)
06-24 16:57:34.715 E/Auth    ( 8506): 	at com.android.okhttp.internal.http.HttpEngine.connect(HttpEngine.java:281)
06-24 16:57:34.715 E/Auth    ( 8506): 	at com.android.okhttp.internal.http.HttpEngine.sendRequest(HttpEngine.java:224)
06-24 16:57:34.715 E/Auth    ( 8506): 	at com.android.okhttp.internal.huc.HttpURLConnectionImpl.execute(HttpURLConnectionImpl.java:461)
06-24 16:57:34.715 E/Auth    ( 8506): 	at com.android.okhttp.internal.huc.HttpURLConnectionImpl.connect(HttpURLConnectionImpl.java:127)
06-24 16:57:34.715 E/Auth    ( 8506): 	at com.android.okhttp.internal.huc.HttpURLConnectionImpl.getOutputStream(HttpURLConnectionImpl.java:258)
06-24 16:57:34.715 E/Auth    ( 8506): 	at com.android.okhttp.internal.huc.DelegatingHttpsURLConnection.getOutputStream(DelegatingHttpsURLConnection.java:218)
06-24 16:57:34.715 E/Auth    ( 8506): 	at com.android.okhttp.internal.huc.HttpsURLConnectionImpl.getOutputStream(Unknown Source:0)
06-24 16:57:34.715 E/Auth    ( 8506): 	at wvi.a(:com.google.android.gms@12685025@12.6.85 (040408-197041431):60)
06-24 16:57:34.715 E/Auth    ( 8506): 	at hww.a(Unknown Source:20)
06-24 16:57:34.715 E/Auth    ( 8506): 	at fyw.a(:com.google.android.gms@12685025@12.6.85 (040408-197041431):6)
06-24 16:57:34.715 E/Auth    ( 8506): 	at fyw.a(:com.google.android.gms@12685025@12.6.85 (040408-197041431):2)
06-24 16:57:34.715 E/Auth    ( 8506): 	at fzl.b(:com.google.android.gms@12685025@12.6.85 (040408-197041431):154)
06-24 16:57:34.715 E/Auth    ( 8506): 	... 25 more
06-24 16:57:34.715 W/Auth    ( 8506): [GetToken] GetToken failed with status code: NetworkError
06-24 16:57:34.716 E/Uploader( 8506): Failed to get auth token: NetworkError
06-24 16:57:34.716 E/Uploader( 8506): java.io.IOException: NetworkError
06-24 16:57:34.716 E/Uploader( 8506): 	at fur.a(:com.google.android.gms@12685025@12.6.85 (040408-197041431):13)
06-24 16:57:34.716 E/Uploader( 8506): 	at fuq.a(:com.google.android.gms@12685025@12.6.85 (040408-197041431):2)
06-24 16:57:34.716 E/Uploader( 8506): 	at fuq.e(:com.google.android.gms@12685025@12.6.85 (040408-197041431):6)
06-24 16:57:34.716 E/Uploader( 8506): 	at fuo.f(:com.google.android.gms@12685025@12.6.85 (040408-197041431):3)
06-24 16:57:34.716 E/Uploader( 8506): 	at fuo.a(:com.google.android.gms@12685025@12.6.85 (040408-197041431):4)
06-24 16:57:34.716 E/Uploader( 8506): 	at fuo.a(:com.google.android.gms@12685025@12.6.85 (040408-197041431):7)
06-24 16:57:34.716 E/Uploader( 8506): 	at nnq.a(:com.google.android.gms@12685025@12.6.85 (040408-197041431):26)
06-24 16:57:34.716 E/Uploader( 8506): 	at nnq.a(:com.google.android.gms@12685025@12.6.85 (040408-197041431):155)
06-24 16:57:34.716 E/Uploader( 8506): 	at nnq.a(:com.google.android.gms@12685025@12.6.85 (040408-197041431):211)
06-24 16:57:34.716 E/Uploader( 8506): 	at com.google.android.gms.clearcut.uploader.QosUploaderChimeraService.c(:com.google.android.gms@12685025@12.6.85 (040408-197041431):44)
06-24 16:57:34.716 E/Uploader( 8506): 	at com.google.android.gms.clearcut.uploader.QosUploaderChimeraService.a(:com.google.android.gms@12685025@12.6.85 (040408-197041431):19)
06-24 16:57:34.716 E/Uploader( 8506): 	at com.google.android.gms.clearcut.uploader.QosUploaderChimeraService.a(:com.google.android.gms@12685025@12.6.85 (040408-197041431):8)
06-24 16:57:34.716 E/Uploader( 8506): 	at vqa.run(:com.google.android.gms@12685025@12.6.85 (040408-197041431):1)
06-24 16:57:34.716 E/Uploader( 8506): 	at java.util.concurrent.ThreadPoolExecutor.runWorker(ThreadPoolExecutor.java:1162)
06-24 16:57:34.716 E/Uploader( 8506): 	at java.util.concurrent.ThreadPoolExecutor$Worker.run(ThreadPoolExecutor.java:636)
06-24 16:57:34.716 E/Uploader( 8506): 	at java.lang.Thread.run(Thread.java:784)
06-24 16:57:34.716 I/GRALLOC (  679): 	 shrFd=10,fmt=0x1,intFmt=0x200000001,btStrd=4352,size=8486912,pid=679 
06-24 16:57:34.716 I/GRALLOC (  679): 	 yuv=2,w=1080,h=1920,Stride u=0 v=0,offset u=0 v=0 
06-24 16:57:34.716 I/GRALLOC (  679): 	 iova_size=8486912,conUsg=0x900,proUsg=0x900,	 strd=1088,[afbc]HdrStrd=1088 PyldStrd=69632 Scrmbl=2,ionhnd = 1 
06-24 16:57:34.717 I/TrafficMonitor(  657): start expired. level:-1
06-24 16:57:34.717 I/TrafficMonitor(  657): gettimer:interval=2000
06-24 16:57:34.718 W/InputMethodManager(32551): startInputReason = 5
06-24 16:57:34.720 I/GRALLOC (  679): 	 shrFd=10,fmt=0x1,intFmt=0x200000001,btStrd=4352,size=8486912,pid=679 
06-24 16:57:34.720 I/GRALLOC (  679): 	 yuv=2,w=1080,h=1920,Stride u=0 v=0,offset u=0 v=0 
06-24 16:57:34.720 I/GRALLOC (  679): 	 iova_size=8486912,conUsg=0x900,proUsg=0x900,	 strd=1088,[afbc]HdrStrd=1088 PyldStrd=69632 Scrmbl=2,ionhnd = 1 
06-24 16:57:34.720 I/wangchen( 7035): SysInfo.getSysParam: orientation=1||config d=3.0,w=1080,h=1920||metrics d=3.0,w=1080,h=1920||sdk=26,bar_h=72
06-24 16:57:34.720 I/KeymapLoader( 7035): w=1080 h=1920 ori=true appScale=3.3 s1=3.0
06-24 16:57:34.721 D/mali_winsys(32551): EGLint new_window_surface(egl_winsys_display *, void *, EGLSurface, EGLConfig, egl_winsys_surface **, egl_color_buffer_format *, EGLBoolean) returns 0x3000
06-24 16:57:34.722 E/vndksupport(32551): Could not load vendor/lib/egl/libGLES_mali_v2.so from sphal namespace: dlopen failed: library "vendor/lib/egl/libGLES_mali_v2.so" not found.
06-24 16:57:34.730 D/StatusBarIconController( 1513): setIconVisibility icon is null or visibility not change visibility=false
06-24 16:57:34.733 D/BarTransitions.HwPhoneStatusBarView( 1513): MODE_TRANSPARENT -> MODE_TRANSLUCENT animate=false
06-24 16:57:34.733 D/BarTransitions.HwPhoneStatusBarView( 1513): applyModeBackground oldMode=MODE_TRANSPARENT newMode=MODE_TRANSLUCENT animate=false
06-24 16:57:34.741 I/GRALLOC (  679): 	 shrFd=10,fmt=0x1,intFmt=0x200000001,btStrd=4352,size=8486912,pid=679 
06-24 16:57:34.741 I/GRALLOC (  679): 	 yuv=2,w=1080,h=1920,Stride u=0 v=0,offset u=0 v=0 
06-24 16:57:34.741 I/GRALLOC (  679): 	 iova_size=8486912,conUsg=0xb00,proUsg=0xb00,	 strd=1088,[afbc]HdrStrd=1088 PyldStrd=69632 Scrmbl=2,ionhnd = 1 
06-24 16:57:34.749 D/WindowManager(  657): finishDrawingWindow: Window{af0587e u0 com.excelliance.dualaid/com.excelliance.kxqp.swipe.NavActivity2} mDrawState=DRAW_PENDING
06-24 16:57:34.751 V/WindowManager(  657): Checking 1 opening apps (frozen=false timeout=false)...
06-24 16:57:34.751 V/WindowManager(  657): Check opening app=AppWindowToken{fef5b0b token=Token{36caada ActivityRecord{ab72c85 u0 com.excelliance.dualaid/com.excelliance.kxqp.swipe.NavActivity2 t16071}}}: allDrawn=true startingDisplayed=false startingMoved=false isRelaunching()=false
06-24 16:57:34.754 D/ImageWallpaper( 1513): onVisibilityChanged: mVisible, visible=true, false
06-24 16:57:34.754 D/ImageWallpaper( 1513): Visibility changed to visible=false
06-24 16:57:34.757 D/BarTransitions.HwPhoneStatusBarView( 1513): MODE_TRANSLUCENT -> MODE_TRANSPARENT animate=false
06-24 16:57:34.757 D/BarTransitions.HwPhoneStatusBarView( 1513): applyModeBackground oldMode=MODE_TRANSLUCENT newMode=MODE_TRANSPARENT animate=false
06-24 16:57:34.758 I/ActivityManager(  657): Displayed com.excelliance.dualaid/com.excelliance.kxqp.swipe.NavActivity2: +187ms (total +314ms)
06-24 16:57:34.763 E/BufferQueueProducer(  710): [com.huawei.android.launcher/com.huawei.android.launcher.unihome.UniHomeLauncher#0] disconnect: not connected (req=1)
06-24 16:57:34.763 W/libEGL  ( 2519): EGLNativeWindowType 0x74abe62010 disconnect failed
06-24 16:57:34.764 I/WindowManager(  657): notifyAccessibilityButtonVisibilityChanged visible:false
06-24 16:57:34.775 D/BarTransitions.HwPhoneStatusBarView( 1513): MODE_TRANSPARENT -> MODE_TRANSLUCENT animate=false
06-24 16:57:34.775 D/BarTransitions.HwPhoneStatusBarView( 1513): applyModeBackground oldMode=MODE_TRANSPARENT newMode=MODE_TRANSLUCENT animate=false
06-24 16:57:34.776 D/BarTransitions.HwNavigationBarView( 1513): MODE_TRANSLUCENT -> MODE_OPAQUE animate=false
06-24 16:57:34.776 D/BarTransitions.HwNavigationBarView( 1513): applyModeBackground oldMode=MODE_TRANSLUCENT newMode=MODE_OPAQUE animate=false
06-24 16:57:34.790 W/ActivityManager(  657): Sending non-protected broadcast huawei.action.floattasks.STATUS_BAR_STATE_CHANGED from system 1513:com.android.systemui/u0a39 pkg com.android.systemui
06-24 16:57:34.790 D/ActivityThread(32551): Remove activity client record, r= ActivityRecord{cbe2ddc token=android.os.BinderProxy@d13fa03 {com.excelliance.dualaid/com.excelliance.kxqp.ui.HelloActivity}} token= android.os.BinderProxy@d13fa03
06-24 16:57:34.790 W/HwKeyguardDragHelper( 1513): AnimationBlocked
06-24 16:57:34.793 V/WindowManager(  657): removeAppToken: AppWindowToken{db8ec93 token=Token{7d2ed82 ActivityRecord{1a7b0cd u0 com.excelliance.dualaid/com.excelliance.kxqp.ui.HelloActivity t16071}}} delayed=false Callers=com.android.server.wm.DisplayContent.removeAppToken:985 com.android.server.wm.AppWindowContainerController.removeContainer:348 com.android.server.am.ActivityRecord.removeWindowContainer:1039 com.android.server.am.ActivityStack.removeActivityFromHistoryLocked:4491 
06-24 16:57:34.796 V/WindowManager(  657): notifyAppStopped: AppWindowToken{d3a938b token=Token{377755a ActivityRecord{d5c9105 u0 com.huawei.android.launcher/.unihome.UniHomeLauncher t15658}}}
06-24 16:57:34.796 E/WindowManager(  657): win=Window{68d6975 u0 com.huawei.android.launcher/com.huawei.android.launcher.unihome.UniHomeLauncher} destroySurfaces: appStopped=true win.mWindowRemovalAllowed=false win.mRemoveOnExit=false
06-24 16:57:34.796 I/WindowManager(  657): Destroying surface Surface(name=com.huawei.android.launcher/com.huawei.android.launcher.unihome.UniHomeLauncher) called by com.android.server.wm.WindowStateAnimator.destroySurface:2060 com.android.server.wm.WindowStateAnimator.destroySurfaceLocked:873 com.android.server.wm.HwWindowStateAnimator.destroySurfaceLocked:1006 com.android.server.wm.WindowState.destroyOrSaveSurfaceUnchecked:2990 com.android.server.wm.WindowState.destroySurface:2951 com.android.server.wm.AppWindowToken.destroySurfaces:654 com.android.server.wm.AppWindowToken.destroySurfaces:638 com.android.server.wm.AppWindowToken.notifyAppStopped:682 
06-24 16:57:34.798 D/HwGameAssistantController(  657): pid=2519, uid=10056, foreground=false
06-24 16:57:34.799 W/AwareLog(  657): SchedLevelBoost: onFgActivitiesChanged config not set!
06-24 16:57:34.851 D/NetWorkUtils( 1513): mVSimCurCardType is -1
06-24 16:57:34.851 D/NetWorkUtils( 1513): mVSimCurCardType is -1
06-24 16:57:34.880 I/zygote64(  657): Background concurrent copying GC freed 395081(22MB) AllocSpace objects, 91(2MB) LOS objects, 30% free, 53MB/77MB, paused 399us total 166.658ms
06-24 16:57:34.983 I/HwNormalizedSpline(  657): getEyeProtectionBrightnessLevel lux =239.0, mDefaultBrightnessFromLux =68.645
06-24 16:57:35.207 I/dex2oat (32600): dex2oat took 553.012ms (1.105s cpu) (threads: 4) arena alloc=115KB (118752B) java alloc=2MB (3143720B) native alloc=4MB (4693328B) free=3MB (3170992B)
06-24 16:57:35.220 I/GRALLOC (  679): 	 shrFd=10,fmt=0x1,intFmt=0x200000001,btStrd=4352,size=8486912,pid=679 
06-24 16:57:35.220 I/GRALLOC (  679): 	 yuv=2,w=1080,h=1920,Stride u=0 v=0,offset u=0 v=0 
06-24 16:57:35.220 I/GRALLOC (  679): 	 iova_size=8486912,conUsg=0xb00,proUsg=0xb00,	 strd=1088,[afbc]HdrStrd=1088 PyldStrd=69632 Scrmbl=2,ionhnd = 1 
06-24 16:57:35.221 D/PMS11424(  657): package:com.excelliance.dualaid, input flags:128, output hwFlags:0
06-24 16:57:35.253 D/HwArpVerifier(  657): performPollAndLog:
06-24 16:57:35.256 D/hw_netstat(  657): total/3969/1316,com.excelliance.dualaid/3929/1096,com.google.uid.shared:10089/0/120,unknown:0/40/40,com.android.vending/0/60
06-24 16:57:35.258 W/dex2oat (32622): Using default instruction set features for ARM CPU variant (default) using conservative defaults
06-24 16:57:35.259 I/dex2oat (32622): /system/bin/dex2oat -j4 --dex-file=/data/data/com.excelliance.dualaid/.platformcache/kxqpplatform2.jar --output-vdex-fd=49 --oat-fd=50 --oat-location=/data/data/com.excelliance.dualaid/.platformcache/oat/arm/kxqpplatform2.odex --compiler-filter=quicken
06-24 16:57:35.259 I/cutils-trace(32622): atrace_init_once, trace_marker_path = /sys/kernel/debug/tracing/trace_marker
06-24 16:57:35.259 I/NetworkSpeedManagerEx( 1513): mIsStop = false
06-24 16:57:35.259 I/NetworkSpeedManagerEx( 1513):  runInThread getTetherStats
06-24 16:57:35.259 I/NetworkSpeedManagerEx( 1513):  runInUI refreshSpeed
06-24 16:57:35.260 I/NetworkSpeedManagerEx( 1513): value=1681.6666speed = 1.6
06-24 16:57:35.260 I/NetworkSpeedManagerEx( 1513): K/smIsShowLastSpeedValuefalse
06-24 16:57:35.260 I/NetworkSpeedView( 1513): /update(), speed=1.6
06-24 16:57:35.260 I/NetworkSpeedView( 1513): K/s parent class:class com.android.systemui.statusbar.HwSystemIcons
06-24 16:57:35.272 I/GRALLOC (  679): 	 shrFd=10,fmt=0x1,intFmt=0x200000001,btStrd=4352,size=8486912,pid=679 
06-24 16:57:35.272 I/GRALLOC (  679): 	 yuv=2,w=1080,h=1920,Stride u=0 v=0,offset u=0 v=0 
06-24 16:57:35.272 I/GRALLOC (  679): 	 iova_size=8486912,conUsg=0xb00,proUsg=0xb00,	 strd=1088,[afbc]HdrStrd=1088 PyldStrd=69632 Scrmbl=2,ionhnd = 1 
06-24 16:57:35.323 I/NetworkSpeedManagerEx( 1513): mIsStop = false
06-24 16:57:35.323 I/NetworkSpeedManagerEx( 1513):  runInThread getTetherStats
06-24 16:57:35.324 I/NetworkSpeedManagerEx( 1513):  runInUI refreshSpeed
06-24 16:57:35.325 I/NetworkSpeedManagerEx( 1513): value=1681.6666speed = 1.6
06-24 16:57:35.325 I/NetworkSpeedManagerEx( 1513): K/smIsShowLastSpeedValuefalse
06-24 16:57:35.325 I/NetworkSpeedView( 1513): /update(), speed=1.6
06-24 16:57:35.325 I/NetworkSpeedView( 1513): K/s parent class:class com.android.systemui.statusbar.HwSystemIcons
06-24 16:57:35.465 I/dex2oat (32622): dex2oat took 206.726ms (431.663ms cpu) (threads: 4) arena alloc=62KB (63816B) java alloc=2MB (2283472B) native alloc=2MB (2317424B) free=3MB (3449744B)
06-24 16:57:35.477 D/PMS11424(  657): package:com.excelliance.dualaid, input flags:0, output hwFlags:0
06-24 16:57:35.481 D/PMS11424(  657): package:com.excelliance.dualaid, input flags:0, output hwFlags:0
06-24 16:57:35.486 E/MemoryLeakMonitorManager(32577): MemoryLeakMonitor.jar is not exist!
06-24 16:57:35.487 D/KXQPApplication(32577): run: initUserManager
06-24 16:57:35.487 D/CrashHandler(32577): CrashHandler
06-24 16:57:35.488 E/Minikin (32577): Could not get cmap table size!
06-24 16:57:35.489 D/PMS11424(  657): package:com.excelliance.dualaid, input flags:128, output hwFlags:0
06-24 16:57:35.500 D/AirPushService(32577): 
06-24 16:57:35.501 D/SmtServService(32577): MSG_LOAD_PLT GameUtil.isPtLoaded() = false
06-24 16:57:35.502 D/PMS1000 (  657): package:com.excelliance.dualaid, input flags:0, output hwFlags:0
06-24 16:57:35.502 D/PMS1000 (  657): package:com.excelliance.dualaid, input flags:8192, output hwFlags:0
06-24 16:57:35.503 I/HwCust  (32577): Constructor found for class android.net.HwCustConnectivityManagerImpl
06-24 16:57:35.503 D/HwCust  (32577): Create obj success use class android.net.HwCustConnectivityManagerImpl
06-24 16:57:35.504 D/NetworkStateReceiver(32577): netWorkConnected = true
06-24 16:57:35.504 D/AirPushUtils(32577): startPushInfo
06-24 16:57:35.506 D/AirPushService(32577): Alarm
06-24 16:57:35.506 D/AirPushService(32577): resetPushAlarm
06-24 16:57:35.507 D/SmtServService(32577): pull info
06-24 16:57:35.507 D/SmtServService(32577): diffTime = 1529830655507
06-24 16:57:35.507 D/SmtServService(32577): pushInfoFromServer
06-24 16:57:35.510 D/PMS1001 (  657): package:com.excelliance.dualaid, input flags:0, output hwFlags:0
06-24 16:57:35.519 D/PMS11424(  657): package:com.excelliance.dualaid, input flags:0, output hwFlags:0
06-24 16:57:35.521 D/AirPushPreferences(32577): setLastPushTime
06-24 16:57:35.532 D/StatisticsManager(32577): Query time diff:1529830655532
06-24 16:57:35.546 I/zygote  (32551): Do partial code cache collection, code=27KB, data=27KB
06-24 16:57:35.546 I/zygote  (32551): After code cache collection, code=27KB, data=27KB
06-24 16:57:35.546 I/zygote  (32551): Increasing code cache capacity to 128KB
06-24 16:57:35.551 D/launch-time-RU(32577): preload 24 classes cost 46ms
06-24 16:57:35.553 D/PMS11424(  657): package:com.excelliance.dualaid, input flags:128, output hwFlags:0
06-24 16:57:35.561 D/StatisticsManager(32577): Query time diff:1529830655561
06-24 16:57:35.566 I/chatty  (  657): uid=1000(system) Binder:657_8 identical 6 lines
06-24 16:57:35.567 D/PMS11424(  657): package:com.excelliance.dualaid, input flags:128, output hwFlags:0
06-24 16:57:35.568 D/PMS11424(  657): package:com.excelliance.dualaid, input flags:128, output hwFlags:0
06-24 16:57:35.570 D/StatisticsManager(32577): Query time diff:1529830655570
06-24 16:57:35.571 D/PMS11424(  657): package:com.excelliance.dualaid, input flags:128, output hwFlags:0
06-24 16:57:35.571 D/PMS11424(  657): package:com.excelliance.dualaid, input flags:128, output hwFlags:0
06-24 16:57:35.574 D/PMS11424(  657): package:com.excelliance.dualaid, input flags:128, output hwFlags:0
06-24 16:57:35.589 D/AirPushDBHelper(32577): onCreate: pushitemnew
06-24 16:57:35.597 D/AirPushDBHelper(32577): selection = type=? and index_=(select max(index_) from pushitemnew where type=?) , key = vip
06-24 16:57:35.597 D/AirPushDBHelper(32577): selection = type=? and index_=(select max(index_) from pushitemnew where type=?) , key = update
06-24 16:57:35.597 D/AirPushDBHelper(32577): selection = type=? and index_=(select max(index_) from pushitemnew where type=?) , key = officalActivity
06-24 16:57:35.597 D/AirPushDBHelper(32577): selection = type=? and index_=(select max(index_) from pushitemnew where type=?) , key = news
06-24 16:57:35.598 D/AirPushDBHelper(32577): selection = type=? and index_=(select max(index_) from pushitemnew where type=?) , key = target
06-24 16:57:35.598 D/AirPushDBHelper(32577): selection = type=? and index_=(select max(index_) from pushitemnew where type=?) , key = batch
06-24 16:57:35.598 D/AirPushDBHelper(32577): selection = type=? and index_=(select max(index_) from pushitemnew where type=?) , key = skipTarget
06-24 16:57:35.598 D/AirPushDBHelper(32577): selection = type=? and index_=(select max(index_) from pushitemnew where type=?) , key = thirdApp
06-24 16:57:35.598 D/PushItem(32577): indexJson = {}
06-24 16:57:35.598 D/AirPushService(32577): dataJson = {}
06-24 16:57:35.598 V/AirPushService(32577): ver :e30%3D%0A
06-24 16:57:35.599 D/VersionManager(32577): httpsRequest getURL = https://mto.multiopen.cn/pushmess.php?ver=466&mainver=231200&data=e30%3D%0A&wxCode=1321&subchid=1&sdkV=8.0.0&pkg=com.excelliance.dualaid&chid=10019&issl=1&compver=54302&wxVerName=6.6.7&vn=4.0.6&model=stf-al10&api=26&brand=honor&aid=f0c2426fc7560cf5
06-24 16:57:35.599 D/NetworkSecurityConfig(32577): No Network Security Config specified, using platform default
06-24 16:57:35.614 D/GameUtil(32577): getSDKDataParam totalmem:5.60GB
06-24 16:57:35.629 D/VersionManager(32577): httpsRequest getURL = https://folder.appota.cn/genuser.php?chid=10019&subchid=1&vc=466&type=4&data=tbCbI6ooWmOSi%2BhP8At3K55rUDjOXjUCTTE1Q7OqeVGzpiL1Dx8z2UKsv%2F2w066OKzL65VOc%2FHNVNculXvpkfbOlpWKAPUf5ryVSFynVNa8UucDwm5e36rJ6e2Kpu%2B5ykc4DARTfkZV4Ad5N96d4%2BjApQCWZuWchybogtHpbAp5JGb2oE4RYpIUqF8au1pxTSmwBdD5PozvBfX2%2Bj4RIW8u13M8ksM63bQoy2eR4WdDx%2BqZexoey63Hms3xqJyQkd3PFvljbOMDFV5%2BIsI0F%2B0cTu0Poz37kp440m4BdEnDxUpl%2F2SWQiyGENywr4rII2GFixGV6F3FTP2B6Iz%2Bp9XPgTT1Q8jOobYd0%2B7qf7bpZ2AyYZuCae%2FN%2FDrbd9ARIKpXrBwZ7SdplMO1nzphjQUqGRQMAlrO9Oa0Du6EV17%2FgN7YtgBzuJRHbP0GgVSdnIEYbOUnjg9adLEk2nhpRcwGYdX7bJ5%2FC%2FGVy8QMvFO%2FVJ5uAYH82VV6bvSarVkuFeotJT4yadRHbDkYGgVZfCDPVS%2FOPcQttSZtkoN3AjIdEC3B%2BjPtytpdTQYFvI9Ol&issl=1
06-24 16:57:35.638 W/X509TrustManager(32577): checkServerTrusted: SignatureException:null
06-24 16:57:35.639 W/X509TrustManager(32577): checkServerTrusted: SignatureException:error:04000073:RSA routines:OPENSSL_internal:DATA_TOO_LARGE_FOR_MODULUS
06-24 16:57:35.643 D/PMS1000 (  657): package:com.excelliance.dualaid, input flags:1024, output hwFlags:0
06-24 16:57:35.643 I/ActivityManager(  657): Need to start process com.excelliance.dualaid:lbcore for provider ContentProviderInfo{name=com.excelliance.dualaid:com.excelliance.kxqp.platform.PluginManagerProvider className=com.excelliance.kxqp.platform.PluginManagerProvider}, callerApp: ProcessRecord{c294de8 32577:com.excelliance.dualaid/u0a1424}
06-24 16:57:35.643 V/ActivityManager(  657): startProcess: name=com.excelliance.dualaid:lbcore app=null knownToBeDead=false thread=null pid=-1
06-24 16:57:35.644 D/PMS1000 (  657): package:com.excelliance.dualaid, input flags:0, output hwFlags:0
06-24 16:57:35.651 I/        (32673): power log dlsym ok
06-24 16:57:35.652 I/ActivityManager(  657): Start proc 32673:com.excelliance.dualaid:lbcore/u0a1424 for content provider com.excelliance.dualaid/com.excelliance.kxqp.platform.PluginManagerProvider
06-24 16:57:35.652 V/ActivityManager_MU(  657): Waiting to start provider ContentProviderRecord{6c1e048 u0 com.excelliance.dualaid/com.excelliance.kxqp.platform.PluginManagerProvider} launchingApp=ProcessRecord{3df3aeb 32673:com.excelliance.dualaid:lbcore/u0a1424} caller pid= 32577
06-24 16:57:35.653 I/zygote  (32673): Reinit property: dalvik.vm.checkjni= false
06-24 16:57:35.659 D/ActivityThread(32673): ActivityThread,attachApplication
06-24 16:57:35.659 D/ActivityManager(  657): ActivityManagerService,attachApplication,callingPid = 32673
06-24 16:57:35.663 W/X509TrustManager(32577): checkServerTrusted: SignatureException:null
06-24 16:57:35.663 W/X509TrustManager(32577): checkServerTrusted: SignatureException:error:04000073:RSA routines:OPENSSL_internal:DATA_TOO_LARGE_FOR_MODULUS
06-24 16:57:35.666 W//system/bin/hwservicemanager(  416): Cannot open /odm/manifest.xml
06-24 16:57:35.677 W//system/bin/hwservicemanager(  416): Cannot open /odm/manifest.xml
06-24 16:57:35.678 I/GRALLOC (  679): 	 shrFd=10,fmt=0x1,intFmt=0x1,btStrd=256,size=4096,pid=679 
06-24 16:57:35.678 I/GRALLOC (  679): 	 yuv=2,w=16,h=16,Stride u=0 v=0,offset u=0 v=0 
06-24 16:57:35.678 I/GRALLOC (  679): 	 iova_size=4096,conUsg=0x100,proUsg=0x100,	 strd=64,[afbc]HdrStrd=0 PyldStrd=0 Scrmbl=0,ionhnd = 1 
06-24 16:57:35.679 D/HwFLClassLoader(32673): get used feature list :/feature/used-list failed!
06-24 16:57:35.679 D/HwFLClassLoader(32673): USE_FEATURE_LIST had not init! 
06-24 16:57:35.686 D/AirPushService(32577): result = {"period":"r","vip":{"index_":"","data":""},"update":{"index_":"","data":""},"officalActivity":{"index_":"","data":""},"news":{"index_":"","data":""},"target":{"index_":"","data":""},"batch":{"index_":"","data":""},"skipTarget":{"index_":"","data":""},"thirdApp":{"index_":"","data":""}}
06-24 16:57:35.687 D/AirPushService(32577): handleCheckerSaveToDB
06-24 16:57:35.687 D/AirPushUtils(32577): startDbOver
06-24 16:57:35.690 D/SmtServService(32577): db write over
06-24 16:57:35.691 D/SmtServService(32577): gameCenterFirstStart = true
06-24 16:57:35.693 D/PMS11424(  657): package:com.excelliance.dualaid, input flags:128, output hwFlags:0
06-24 16:57:35.696 D/PMS11424(  657): package:com.excelliance.dualaid, input flags:128, output hwFlags:0
06-24 16:57:35.737 D/launch-time-RU(32673): preload 24 classes cost 20ms
06-24 16:57:35.737 D/VersionManager(32577): uid=353
06-24 16:57:35.772 D/ActivityThread(32673): Loading provider com.excelliance.dualaid:com.excelliance.kxqp.platform.PluginManagerProvider: com.excelliance.kxqp.platform.PluginManagerProvider
06-24 16:57:35.772 D/PMS11424(  657): package:com.excelliance.dualaid, input flags:0, output hwFlags:0
06-24 16:57:35.780 D/PMS1000 (  657): package:com.excelliance.dualaid, input flags:8192, output hwFlags:0
06-24 16:57:35.781 D/PMS1001 (  657): package:com.excelliance.dualaid, input flags:0, output hwFlags:0
06-24 16:57:35.786 D/PMS11424(  657): package:com.excelliance.dualaid, input flags:0, output hwFlags:0
06-24 16:57:35.788 D/PMS11424(  657): package:com.excelliance.dualaid:lbcore, input flags:0, output is null
06-24 16:57:35.789 I/Bluetooth_framework(  657): BluetoothManagerService:Added callback: android.bluetooth.IBluetoothManagerCallback$Stub$Proxy@1f49ac7:true pid = 32673
06-24 16:57:35.791 D/PMS11424(  657): package:com.excelliance.dualaid, input flags:128, output hwFlags:0
06-24 16:57:35.793 D/PMS11424(  657): package:com.excelliance.dualaid, input flags:128, output hwFlags:0
06-24 16:57:35.804 I/LBVMD-LBPMS(32673): LBVMRT: version 54302:543.02
06-24 16:57:35.805 E/zygote  (32673): Invalid capacity given to EnsureLocalCapacity: 800
06-24 16:57:35.820 I/HwCust  (32673): Constructor found for class android.net.HwCustConnectivityManagerImpl
06-24 16:57:35.820 D/HwCust  (32673): Create obj success use class android.net.HwCustConnectivityManagerImpl
06-24 16:57:35.825 D/PMS11424(  657): package:com.excelliance.dualaid, input flags:0, output hwFlags:0
06-24 16:57:35.834 V/HwWidgetFactory(32673): : successes to get AllImpl object and return....
06-24 16:57:35.835 I/chatty  (  657): uid=1000(system) Binder:657_20 identical 1 line
06-24 16:57:35.835 D/PMS11424(  657): package:com.excelliance.dualaid, input flags:0, output hwFlags:0
06-24 16:57:35.836 V/ActivityManager(  657): Successfully start provider ContentProviderRecord{6c1e048 u0 com.excelliance.dualaid/com.excelliance.kxqp.platform.PluginManagerProvider} launchingApp=ProcessRecord{3df3aeb 32673:com.excelliance.dualaid:lbcore/u0a1424} caller pid= 32577
06-24 16:57:35.837 E/MemoryLeakMonitorManager(32673): MemoryLeakMonitor.jar is not exist!
06-24 16:57:35.837 D/KXQPApplication(32673): run: initUserManager
06-24 16:57:35.837 E/MemoryLeakMonitorManager(32673): MemoryLeakMonitor.jar is not exist!
06-24 16:57:35.839 E/Minikin (32673): Could not get cmap table size!
06-24 16:57:35.840 D/PMS11424(  657): package:com.excelliance.dualaid, input flags:128, output hwFlags:0
06-24 16:57:35.840 E/MemoryLeakMonitorManager(32577): MemoryLeakMonitor.jar is not exist!
06-24 16:57:35.842 D/SmtServService(32577): MSG_LOAD_PLT after msg.obj
06-24 16:57:35.842 V/ActivityManager(  657): Attempted to start a foreground service (ComponentInfo{com.excelliance.dualaid/com.excelliance.kxqp.platform.TrampolineService}) with a broken notification (no icon: Notification(channel=null pri=0 contentView=null vibrate=null sound=null defaults=0x0 flags=0x40 color=0x00000000 vis=PRIVATE))
06-24 16:57:35.843 W/PackageParser(32673): No actions in intent filter at /data/app/com.huawei.hwid-Sc7ADDdoDYIYREll7tj_iw==/base.apk Binary XML file line #1412
