06-24 17:02:39.410 D/[HwRecSys]HwRecSysService( 2647): onEvent actionID: 10010 msg:com.huawei.android.launcher		
06-24 17:02:39.410 E/[HwRecSys]HwRecSysService( 2647): getIsRportDirectService is false!
06-24 17:02:39.410 I/PGServer( 1699): report state:10000 event type:2 pid:0 uid:0 pkg:com.excelliance.dualaid to pid: 657
06-24 17:02:39.410 I/PGServer( 1699): report state:10000 event type:2 pid:0 uid:0 pkg:com.excelliance.dualaid to pid: 1699
06-24 17:02:39.410 I/SceneReceiver( 1699): state type: 10000 eventType:2 pid:0 uid:0 pkg:com.excelliance.dualaid
06-24 17:02:39.410 I/PGServer( 1699): report state:10010 event type:1 pid:0 uid:0 pkg:com.huawei.android.launcher to pid: 657
06-24 17:02:39.410 I/PGServer( 1699): report state:10010 event type:1 pid:0 uid:0 pkg:com.huawei.android.launcher to pid: 1699
06-24 17:02:39.410 I/SceneReceiver( 1699): state type: 10010 eventType:1 pid:0 uid:0 pkg:com.huawei.android.launcher
06-24 17:02:39.410 D/HwThermalStateManager( 1699): current foreapp pkg : com.huawei.android.launcher
06-24 17:02:39.412 I/PGServer( 1699): checkPkgType. calling pkg: android
06-24 17:02:39.412 I/PGServer( 1699): checkPkgType. calling pkg: android
06-24 17:02:39.413 W/libc    ( 1699): Set property "sys.aps.gameProcessName" to ""
06-24 17:02:39.415 W/libc    ( 1699): Set property "sys.aps.browserProcessName" to ""
06-24 17:02:39.423 V/WindowManager(  657): notifyAppResumed: wasStopped=true AppWindowToken{d3a938b token=Token{377755a ActivityRecord{d5c9105 u0 com.huawei.android.launcher/.unihome.UniHomeLauncher t15658}}}
06-24 17:02:39.424 V/WindowManager(  657): Checking 1 opening apps (frozen=false timeout=false)...
06-24 17:02:39.425 V/WindowManager(  657): Check opening app=AppWindowToken{d3a938b token=Token{377755a ActivityRecord{d5c9105 u0 com.huawei.android.launcher/.unihome.UniHomeLauncher t15658}}}: allDrawn=false startingDisplayed=false startingMoved=false isRelaunching()=false
06-24 17:02:39.425 I/ActivityManager(  657): Killing 6370:com.excelliance.dualaid/u0a1425 (adj 0): stop com.excelliance.dualaidfrom pid 6424by app
06-24 17:02:39.425 D/ActivityManager(  657): cleanUpApplicationRecord app: ProcessRecord{d4573f6 6370:com.excelliance.dualaid/u0a1425}, app.bad: false, restarting: false, allowRestart: true
06-24 17:02:39.426 W/ActivityManager(  657): Scheduling restart of crashed service com.excelliance.dualaid/com.excelliance.kxqp.SmtServService in 1000ms
06-24 17:02:39.427 V/WindowManager(  657): Checking 1 opening apps (frozen=false timeout=false)...
06-24 17:02:39.427 V/WindowManager(  657): Check opening app=AppWindowToken{d3a938b token=Token{377755a ActivityRecord{d5c9105 u0 com.huawei.android.launcher/.unihome.UniHomeLauncher t15658}}}: allDrawn=false startingDisplayed=false startingMoved=false isRelaunching()=false
06-24 17:02:39.428 V/WindowManager(  657): Checking 1 opening apps (frozen=false timeout=false)...
06-24 17:02:39.428 V/WindowManager(  657): Check opening app=AppWindowToken{d3a938b token=Token{377755a ActivityRecord{d5c9105 u0 com.huawei.android.launcher/.unihome.UniHomeLauncher t15658}}}: allDrawn=false startingDisplayed=false startingMoved=false isRelaunching()=false
06-24 17:02:39.432 E/HwLauncher( 2519): SettingsEx , no such field.
06-24 17:02:39.432 W/HwLauncher( 2519): Clock getDataFormat the getSystemString failed.
06-24 17:02:39.434 E/NfcNci  ( 2677): NfcUtils error: APP have nfc permission
06-24 17:02:39.434 V/AlarmManager(  657): UninstallReceiver onReceive action:android.intent.action.PACKAGE_RESTARTED
06-24 17:02:39.434 I/HwCoreAppHelperService( 1478): LocalReceiver receives:android.intent.action.PACKAGE_RESTARTED,pkg:com.excelliance.dualaid,uid:11425
06-24 17:02:39.434 D/HwQoEUtils(  657): mForegroundAppPackageName: com.huawei.android.launcher ,score: 0
06-24 17:02:39.435 D/HwQoEUtils(  657): onForegroundAppWifiSleepChange: config:false, sleeptime:-1,type: 255, appname:com.huawei.android.launcher
06-24 17:02:39.435 D/HwQoEUtils(  657): APP type: 255 appName= com.huawei.android.launcher
06-24 17:02:39.435 D/HwQoEUtils(  657): no game, APP_TYPE_GAME, appName =com.huawei.android.launcher
06-24 17:02:39.435 D/HwGameAssistantController(  657): pid=2519, uid=10056, foreground=true
06-24 17:02:39.436 D/HwBastetService(  657): BroadcastReceiver android.intent.action.PACKAGE_RESTARTED
06-24 17:02:39.436 D/HwGpsPowerTracker(  657): LocalReceiver receives:android.intent.action.PACKAGE_RESTARTED
06-24 17:02:39.436 I/HwNetworkPolicy(  657): onTransact, code = 203
06-24 17:02:39.437 I/HwNetworkPolicyManager( 1813): getHwUidPolicy uid = 10056 policy = 0
06-24 17:02:39.437 V/HwPhoneWindowManager(  657): updateSystemUiColorLw window=Window{68d6975 u0 com.huawei.android.launcher/com.huawei.android.launcher.unihome.UniHomeLauncher},EmuiStyle=-1,StatusBarColor=0xff00acc1,NavigationBarColor=0x0, mLastIsEmuiLightStyle=-1
06-24 17:02:39.438 D/PMS1000 (  657): package:com.excelliance.dualaid, input flags:0, output hwFlags:0
06-24 17:02:39.438 D/PMS1027 (  657): package:com.google.android.apps.walletnfcrel, input flags:8192, output is null
06-24 17:02:39.438 W/AwareLog(  657): SchedLevelBoost: onFgActivitiesChanged config not set!
06-24 17:02:39.439 V/WindowManager(  657): Checking 1 opening apps (frozen=false timeout=false)...
06-24 17:02:39.439 V/WindowManager(  657): Check opening app=AppWindowToken{d3a938b token=Token{377755a ActivityRecord{d5c9105 u0 com.huawei.android.launcher/.unihome.UniHomeLauncher t15658}}}: allDrawn=false startingDisplayed=false startingMoved=false isRelaunching()=false
06-24 17:02:39.438 D/CarrierSvcBindHelper( 1715): No carrier app for: 0
06-24 17:02:39.439 D/CarrierSvcBindHelper( 1715): No carrier app for: 1
06-24 17:02:39.439 D/ApduServiceInfo( 2677): No com.nxp.nfc.extensions meta-data
06-24 17:02:39.440 D/mali_winsys( 2519): EGLint new_window_surface(egl_winsys_display *, void *, EGLSurface, EGLConfig, egl_winsys_surface **, egl_color_buffer_format *, EGLBoolean) returns 0x3000
06-24 17:02:39.440 D/ApduServiceInfo( 2677): No com.nxp.nfc.extensions meta-data
06-24 17:02:39.440 I/WindowManager(  657): notifyAccessibilityButtonVisibilityChanged visible:false
06-24 17:02:39.441 D/ApduServiceInfo( 2677): No com.nxp.nfc.extensions meta-data
06-24 17:02:39.442 I/GRALLOC (  679): 	 shrFd=10,fmt=0x1,intFmt=0x200000001,btStrd=4352,size=8486912,pid=679 
06-24 17:02:39.442 I/GRALLOC (  679): 	 yuv=2,w=1080,h=1920,Stride u=0 v=0,offset u=0 v=0 
06-24 17:02:39.442 I/GRALLOC (  679): 	 iova_size=8486912,conUsg=0x900,proUsg=0x900,	 strd=1088,[afbc]HdrStrd=1088 PyldStrd=69632 Scrmbl=2,ionhnd = 1 
06-24 17:02:39.442 D/ApduServiceInfo( 2677): No com.nxp.nfc.extensions meta-data
06-24 17:02:39.442 D/HwPhoneWindowManager(  657): Transact:setSystemUIColor to status bar service
06-24 17:02:39.442 W/AwareLog(  657): SchedLevelBoost: onProcessDied config not set!
06-24 17:02:39.442 I/CommandQueue( 1513): updateBarBgColor
06-24 17:02:39.442 D/CommandQueue( 1513): CommandQueue, setBarBackgroundColor
06-24 17:02:39.443 D/ApduServiceInfo( 2677): No com.nxp.nfc.extensions meta-data
06-24 17:02:39.443 E/ApduServiceInfo( 2677): SE extension not present, Setting default offhost seID
06-24 17:02:39.443 E/HsmCoreServiceImpl( 1478): onTransact in code is: 102
06-24 17:02:39.443 I/MediaProcessHandler( 1478): processOp opType: 1, uid: 11425, pid: 6370
06-24 17:02:39.443 W/MediaProcessHandler( 1478): remove target not exist, maybe the UI process: uid: 11425, pid: 6370
06-24 17:02:39.443 I/MediaProcessHandler( 1478): executedCallBack opType: 1 mMediaStatusObservers.size=0
06-24 17:02:39.443 D/TintManager( 1513): statusBarIconTint=#99FFFFFF,navigationBarIconTint=#00000000
06-24 17:02:39.444 I/GRALLOC (  679): 	 shrFd=10,fmt=0x1,intFmt=0x200000001,btStrd=4352,size=8486912,pid=679 
06-24 17:02:39.444 I/GRALLOC (  679): 	 yuv=2,w=1080,h=1920,Stride u=0 v=0,offset u=0 v=0 
06-24 17:02:39.444 I/GRALLOC (  679): 	 iova_size=8486912,conUsg=0x900,proUsg=0x900,	 strd=1088,[afbc]HdrStrd=1088 PyldStrd=69632 Scrmbl=2,ionhnd = 1 
06-24 17:02:39.447 I/GRALLOC (  679): 	 shrFd=10,fmt=0x1,intFmt=0x200000001,btStrd=4352,size=8486912,pid=679 
06-24 17:02:39.447 I/GRALLOC (  679): 	 yuv=2,w=1080,h=1920,Stride u=0 v=0,offset u=0 v=0 
06-24 17:02:39.447 I/GRALLOC (  679): 	 iova_size=8486912,conUsg=0x900,proUsg=0x900,	 strd=1088,[afbc]HdrStrd=1088 PyldStrd=69632 Scrmbl=2,ionhnd = 1 
06-24 17:02:39.449 I/GRALLOC (  679): 	 shrFd=10,fmt=0x1,intFmt=0x200000001,btStrd=4352,size=8486912,pid=679 
06-24 17:02:39.449 I/GRALLOC (  679): 	 yuv=2,w=1080,h=1920,Stride u=0 v=0,offset u=0 v=0 
06-24 17:02:39.449 I/GRALLOC (  679): 	 iova_size=8486912,conUsg=0xb00,proUsg=0xb00,	 strd=1088,[afbc]HdrStrd=1088 PyldStrd=69632 Scrmbl=2,ionhnd = 1 
06-24 17:02:39.453 D/WindowManager(  657): finishDrawingWindow: Window{68d6975 u0 com.huawei.android.launcher/com.huawei.android.launcher.unihome.UniHomeLauncher} mDrawState=DRAW_PENDING
06-24 17:02:39.454 D/ImageWallpaper( 1513): onOffsetsChanged: xOffset=0.0, yOffset=0.0, xOffsetStep=0.0, yOffsetStep=0.0, xPixels=0, yPixels=0
06-24 17:02:39.455 D/ImageWallpaper( 1513): Suppressed drawFrame since redraw is not needed and offsets have not changed.sf=Rect(0, 0 - 2160, 1920)
06-24 17:02:39.455 D/ImageWallpaper( 1513): onVisibilityChanged: mVisible, visible=false, true
06-24 17:02:39.455 D/ImageWallpaper( 1513): Visibility changed to visible=true
06-24 17:02:39.455 W/InputMethodManager( 2519): startInputReason = 1
06-24 17:02:39.455 V/WindowManager(  657): Checking 1 opening apps (frozen=false timeout=false)...
06-24 17:02:39.455 D/ImageWallpaper( 1513): Suppressed drawFrame since redraw is not needed and offsets have not changed.sf=Rect(0, 0 - 2160, 1920)
06-24 17:02:39.455 V/WindowManager(  657): Check opening app=AppWindowToken{d3a938b token=Token{377755a ActivityRecord{d5c9105 u0 com.huawei.android.launcher/.unihome.UniHomeLauncher t15658}}}: allDrawn=true startingDisplayed=false startingMoved=false isRelaunching()=false
06-24 17:02:39.462 W/ActivityManager(  657): setHasOverlayUi called on unknown pid: 6343
06-24 17:02:39.463 E/NfcNci  ( 2677): NfcUtils error: APP have nfc permission
06-24 17:02:39.468 I/wangchen( 7035): SysInfo.getSysParam: orientation=1||config d=3.0,w=1080,h=1920||metrics d=3.0,w=1080,h=1920||sdk=26,bar_h=72
06-24 17:02:39.468 I/KeymapLoader( 7035): w=1080 h=1920 ori=true appScale=3.3 s1=3.0
06-24 17:02:39.468 D/StatusBarIconController( 1513): setIconVisibility icon is null or visibility not change visibility=false
06-24 17:02:39.471 W/ActivityManager(  657): Sending non-protected broadcast huawei.action.floattasks.STATUS_BAR_STATE_CHANGED from system 1513:com.android.systemui/u0a39 pkg com.android.systemui
06-24 17:02:39.471 D/BarTransitions.HwPhoneStatusBarView( 1513): MODE_TRANSLUCENT -> MODE_TRANSPARENT animate=false
06-24 17:02:39.471 D/BarTransitions.HwPhoneStatusBarView( 1513): applyModeBackground oldMode=MODE_TRANSLUCENT newMode=MODE_TRANSPARENT animate=false
06-24 17:02:39.472 D/DhcpClient(  657): Dhcpoffer count is 310
06-24 17:02:39.472 D/DhcpClient(  657): removeDhcpResultsInfoCache remove record for f2:**:**:3f:8f:43
06-24 17:02:39.472 D/DhcpClient(  657): multi gates, not save dhcpResultsInfo
06-24 17:02:39.472 I/GRALLOC (  679): 	 shrFd=10,fmt=0x1,intFmt=0x200000001,btStrd=4352,size=8486912,pid=679 
06-24 17:02:39.472 I/GRALLOC (  679): 	 yuv=2,w=1080,h=1920,Stride u=0 v=0,offset u=0 v=0 
06-24 17:02:39.472 I/GRALLOC (  679): 	 iova_size=8486912,conUsg=0xb00,proUsg=0xb00,	 strd=1088,[afbc]HdrStrd=1088 PyldStrd=69632 Scrmbl=2,ionhnd = 1 
06-24 17:02:39.474 D/ImageWallpaper( 1513): onOffsetsChanged: xOffset=0.0, yOffset=0.0, xOffsetStep=0.0, yOffsetStep=0.0, xPixels=0, yPixels=0
06-24 17:02:39.474 D/ImageWallpaper( 1513): Suppressed drawFrame since redraw is not needed and offsets have not changed.sf=Rect(0, 0 - 2160, 1920)
06-24 17:02:39.474 D/BarTransitions.HwNavigationBarView( 1513): MODE_OPAQUE -> MODE_TRANSLUCENT animate=false
06-24 17:02:39.474 D/BarTransitions.HwNavigationBarView( 1513): applyModeBackground oldMode=MODE_OPAQUE newMode=MODE_TRANSLUCENT animate=false
06-24 17:02:39.477 D/ImageWallpaper( 1513): onOffsetsChanged: xOffset=0.0, yOffset=0.0, xOffsetStep=0.0, yOffsetStep=0.0, xPixels=0, yPixels=0
06-24 17:02:39.477 D/ImageWallpaper( 1513): Suppressed drawFrame since redraw is not needed and offsets have not changed.sf=Rect(0, 0 - 2160, 1920)
06-24 17:02:39.496 D/HwRecentsLockUtils( 1513): Search
06-24 17:02:39.496 E/HsmCoreServiceImpl( 1478): onTransact in code is: 103
06-24 17:02:39.496 I/MediaProcessHandler( 1478): playingUids: 
06-24 17:02:39.497 D/ActivityManager(  657): Skipping, home or recents stack task: TaskRecord{333215f #15658 A=com.huawei.android.launcher U=0 StackId=0 sz=1}
06-24 17:02:39.497 D/ActivityManager(  657): Skipping intent:flg=0x18800000 cmp=com.tencent.mm/.plugin.base.stub.WXPayEntryActivity
06-24 17:02:39.497 D/ActivityManager(  657): Skipping intent:act=android.intent.action.MAIN cat=[android.intent.category.LAUNCHER] flg=0x10a00000 cmp=io.appium.settings/.Settings
06-24 17:02:39.497 D/ActivityManager(  657): Skipping intent:flg=0x10804000 cmp=com.android.systemui/.recents.RecentsActivity bnds=[48,928][1032,2296]
06-24 17:02:39.497 D/ActivityManager(  657): Skipping intent:flg=0x10800000 cmp=com.huawei.systemmanager/com.huawei.permissionmanager.ui.MainActivity
06-24 17:02:39.497 D/ActivityManager(  657): Skipping intent:flg=0x18800000 cmp=com.tencent.mm/.plugin.base.stub.WXEntryActivity
06-24 17:02:39.497 D/ActivityManager(  657): Skipping intent:act=com.huawei.action.VOICE_ASSISTANT flg=0x10800000 pkg=com.huawei.vassistant cmp=com.huawei.vassistant/.ui.main.VAssistantActivity
06-24 17:02:39.497 D/ActivityManager(  657): Skipping intent:act=com.huawei.android.launcher.action.ACCESS_SPLIT_SCREEN_APP cat=[android.intent.category.DEFAULT] flg=0x10804000 cmp=com.huawei.android.launcher/.splitscreen.SplitScreenAppActivity
06-24 17:02:39.497 D/ActivityManager(  657): Skipping intent:flg=0x10800000 pkg=com.excelliance.dualaid.b64 cmp=com.excelliance.dualaid.b64/com.excelliance.kxqp.sdk.PermissionRequestActivity
06-24 17:02:39.497 D/ActivityManager(  657): Skipping intent:act=android.intent.action.VIEW dat=content://com.excelliance.dualaid.fileProvider/external_storage_root/Download/apk/Multiple_64.apk typ=application/vnd.android.package-archive flg=0x10800001 cmp=com.android.packageinstaller/.InstallStart
06-24 17:02:39.497 D/ActivityManager(  657): Skipping intent:flg=0x10800000 cmp=com.android.systemui/.usb.HwUsbDebuggingActivity
06-24 17:02:39.497 D/ActivityManager(  657): Skipping intent:act=android.deviceinfo.chooser.action.LAUNCH flg=0x10800000 hwFlg=0x100 pkg=com.android.settings cmp=com.android.settings/.deviceinfo.UsbConnModeChooserActivity
06-24 17:02:39.497 D/ActivityManager(  657): Skipping intent:flg=0x10800000 cmp=com.zol.android/.push.KeepLiveActivity
06-24 17:02:39.497 D/ActivityManager(  657): Skipping intent:act=android.intent.action.MAIN cat=[android.intent.category.HOME] flg=0x10800300 cmp=com.android.settings/.FallbackHome
06-24 17:02:39.535 E/WifiHAL (  706): enter wifi_get_link_stats
06-24 17:02:39.539 E/wificond(  765): Failed to get NL80211_STA_INFO_CNAHLOAD
06-24 17:02:39.540 E/WificondControl(  657): Noise: -89, Snr: 0, Chload: -1
06-24 17:02:39.540 D/HwWifiCHRStateManager(  657): handleMessage : 1001
06-24 17:02:39.540 D/HwWifiCHRStateManager(  657): handleUpdateChannel:5805
06-24 17:02:39.540 V/HwWifiServiceFactory(  657): get AllImpl object = com.android.server.wifi.HwWifiServiceFactoryImpl@a390a53
06-24 17:02:39.541 D/WifiScoreReport(  657): Score = 100, wifiConnectivityManagerEnabled = false, lowScoreCount = 0
06-24 17:02:39.546 E/asset   ( 2519): createFromFile(): lock file /data/resource-cache/system@emui@base@overlay@frameworkhwexthonor@frameworkhwexthonor.apk@idmap.
06-24 17:02:39.546 E/asset   ( 2519): createFromFile(): lock file /data/resource-cache/system@emui@base@overlay@frameworkhwexthonor@frameworkhwexthonor.apk@idmap.
06-24 17:02:39.547 W/ResourceType( 2519): Found multiple library tables, ignoring...
06-24 17:02:39.554 D/HwFLClassLoader( 2519): USE_FEATURE_LIST had not init! 
06-24 17:02:39.556 E/asset   ( 2519): createFromFile(): lock file /data/resource-cache/system@emui@base@overlay@frameworkhwexthonor@frameworkhwexthonor.apk@idmap.
06-24 17:02:39.557 E/asset   ( 2519): createFromFile(): lock file /data/resource-cache/system@emui@base@overlay@frameworkhwexthonor@frameworkhwexthonor.apk@idmap.
06-24 17:02:39.557 W/ResourceType( 2519): Found multiple library tables, ignoring...
06-24 17:02:39.605 D/HwFLClassLoader( 2519): USE_FEATURE_LIST had not init! 
06-24 17:02:39.616 D/HwFLClassLoader( 2519): USE_FEATURE_LIST had not init! 
06-24 17:02:39.895 I/audio_hw_primary(  687): usb_ext_get_parameters: check show hires (false)
06-24 17:02:39.895 I/hash_map_utils(  742): key: 'typec_need_show_hires' value: ''
06-24 17:02:39.896 I/HwAudioService(  657): check HiRes Icon false
06-24 17:02:39.896 W/ActivityManager(  657): Sending non-protected broadcast huawei.intent.action.hideHiResIcon from system uid 1000 pkg null
06-24 17:02:39.897 I/HwAudioService(  657): broadcastHiresIntent : false
06-24 17:02:39.897 W/ActivityManager(  657): Sending non-protected broadcast huawei.intent.action.hideHiResIcon from system uid 1000 pkg null
06-24 17:02:39.898 D/StatusBarIconController( 1513): setIconVisibility icon is null or visibility not change visibility=false
06-24 17:02:39.913 I/HwNormalizedSpline(  657): getEyeProtectionBrightnessLevel lux =239.0, mDefaultBrightnessFromLux =68.645
06-24 17:02:39.926 I/audio_hw_primary(  687): usb_ext_get_parameters: check show hires (false)
06-24 17:02:39.926 I/hash_map_utils(  742): key: 'typec_need_show_hires' value: ''
06-24 17:02:39.926 I/HwAudioService(  657): check HiRes Icon false
06-24 17:02:39.927 W/ActivityManager(  657): Sending non-protected broadcast huawei.intent.action.hideHiResIcon from system uid 1000 pkg null
06-24 17:02:39.927 I/HwAudioService(  657): broadcastHiresIntent : false
06-24 17:02:39.927 W/ActivityManager(  657): Sending non-protected broadcast huawei.intent.action.hideHiResIcon from system uid 1000 pkg null
06-24 17:02:39.928 D/StatusBarIconController( 1513): setIconVisibility icon is null or visibility not change visibility=false
06-24 17:02:39.956 W/OpenGLRenderer( 2519): Incorrectly called buildLayer on View: ShortcutAndWidgetContainer, destroying layer...
06-24 17:02:39.956 W/OpenGLRenderer( 2519): Incorrectly called buildLayer on View: ShortcutAndWidgetContainer, destroying layer...
06-24 17:02:39.957 D/TelephonyManager( 2140): getCellLocation calling app is com.huawei.android.totemweather
06-24 17:02:39.957 I/GRALLOC (  679): 	 shrFd=10,fmt=0x1,intFmt=0x200000001,btStrd=4352,size=8486912,pid=679 
06-24 17:02:39.957 I/GRALLOC (  679): 	 yuv=2,w=1080,h=1920,Stride u=0 v=0,offset u=0 v=0 
06-24 17:02:39.957 I/GRALLOC (  679): 	 iova_size=8486912,conUsg=0xb00,proUsg=0xb00,	 strd=1088,[afbc]HdrStrd=1088 PyldStrd=69632 Scrmbl=2,ionhnd = 1 
06-24 17:02:39.958 W/PhoneInterfaceManager( 1715): shouldBlockLocation running ...
06-24 17:02:39.958 I/PhoneInterfaceManager( 1715): shouldBlockLocation  ret:false
06-24 17:02:40.283 I/TrafficMonitor(  657): expired arrive. level:-1
06-24 17:02:40.283 I/TrafficMonitor(  657): during_ms:2001,period_ms:2000
06-24 17:02:40.283 I/TrafficMonitor(  657): count:358,rx_sum:21,tx_sum:22,rxBytes:10410,during_ms:2001,rx_speed:5202.398800599701,tx_speed:1315.8420789605198,rto:0.9545454545454546
06-24 17:02:40.283 D/HuaweiWifiWatchdogStateMachine(  657): speed: rxpkt:21, rxSpd:5202B/s, txpkt:22, txSpd:1315
06-24 17:02:40.493 I/Pged-IPgedBinderService(  769): ****action is 2, pid num is 7***
06-24 17:02:40.494 I/Pged-Freezer(  769): thawPids
06-24 17:02:40.499 D/PgedBinderAdapter( 1699): unfrz ok, pid: [29457, 19894, 29531, 31476, 32085, 6296]
06-24 17:02:40.513 I/appium  ( 6296): channel read invoked!
06-24 17:02:40.513 I/appium  ( 6296): channel read: GET /wd/hub/session/fb5a36a6-0e97-43c3-8414-cc79dba8a8e6/source
06-24 17:02:40.529 W/ResourceType( 2519): No known package when getting name for resource number 0x9c010000
06-24 17:02:40.529 W/ResourceType( 2519): No known package when getting name for resource number 0x9c010100
06-24 17:02:40.530 W/ResourceType( 2519): No known package when getting name for resource number 0x9c010200
06-24 17:02:40.530 W/ResourceType( 2519): No known package when getting name for resource number 0x9c010300
06-24 17:02:40.530 W/ResourceType( 2519): No known package when getting name for resource number 0x9c010001
06-24 17:02:40.530 W/ResourceType( 2519): No known package when getting name for resource number 0x9c010101
06-24 17:02:40.530 W/ResourceType( 2519): No known package when getting name for resource number 0x9c010201
06-24 17:02:40.531 W/ResourceType( 2519): No known package when getting name for resource number 0x9c010301
06-24 17:02:40.531 W/ResourceType( 2519): No known package when getting name for resource number 0x9c010002
06-24 17:02:40.531 W/ResourceType( 2519): No known package when getting name for resource number 0x9c010102
06-24 17:02:40.531 W/ResourceType( 2519): No known package when getting name for resource number 0x9c010202
06-24 17:02:40.531 W/ResourceType( 2519): No known package when getting name for resource number 0x9c010302
06-24 17:02:40.532 W/ResourceType( 2519): No known package when getting name for resource number 0x9c010003
06-24 17:02:40.532 W/ResourceType( 2519): No known package when getting name for resource number 0x9c010103
06-24 17:02:40.532 W/ResourceType( 2519): No known package when getting name for resource number 0x9c010203
06-24 17:02:40.532 W/ResourceType( 2519): No known package when getting name for resource number 0x9c010303
06-24 17:02:40.532 W/ResourceType( 2519): No known package when getting name for resource number 0x9c010004
06-24 17:02:40.532 W/ResourceType( 2519): No known package when getting name for resource number 0x9c010104
06-24 17:02:40.533 W/ResourceType( 2519): No known package when getting name for resource number 0x9c010204
06-24 17:02:40.533 W/ResourceType( 2519): No known package when getting name for resource number 0x9c010304
06-24 17:02:40.555 I/zygote64( 6296): Do full code cache collection, code=122KB, data=66KB
06-24 17:02:40.556 I/zygote64( 6296): After code cache collection, code=89KB, data=42KB
06-24 17:02:40.565 D/HwWifiStatStore(  657): handleMessage : 200
06-24 17:02:40.567 I/appium  ( 6296): Skipping invisible child: android.view.accessibility.AccessibilityNodeInfo@20caa; boundsInParent: Rect(0, 0 - 93, 93); boundsInScreen: Rect(493, 0 - 586, 78); packageName: com.huawei.android.launcher; className: android.widget.ImageView; text: null; error: null; maxTextLength: -1; contentDescription: ; viewIdResName: com.huawei.android.launcher:id/default_screen_home_icon_bg; checkable: false; checked: false; focusable: true; focused: false; selected: false; clickable: true; longClickable: false; contextClickable: false; enabled: true; password: false; scrollable: false; importantForAccessibility: true; actions: [AccessibilityAction: ACTION_FOCUS - null, AccessibilityAction: ACTION_SELECT - null, AccessibilityAction: ACTION_CLEAR_SELECTION - null, AccessibilityAction: ACTION_CLICK - null, AccessibilityAction: ACTION_ACCESSIBILITY_FOCUS - null, AccessibilityAction: ACTION_NEXT_AT_MOVEMENT_GRANULARITY - null, AccessibilityAction: ACTION_PREVIOUS_AT_MOVEMENT_GRANULARITY - null, AccessibilityAction: ACTION_SET_SELECTION - null, AccessibilityAction: ACTION_SHOW_ON_SCREEN - null]
06-24 17:02:40.568 I/appium  ( 6296): Skipping invisible child: android.view.accessibility.AccessibilityNodeInfo@2106b; boundsInParent: Rect(0, 0 - 93, 93); boundsInScreen: Rect(495, 0 - 584, 76); packageName: com.huawei.android.launcher; className: android.widget.ImageView; text: null; error: null; maxTextLength: -1; contentDescription: ; viewIdResName: com.huawei.android.launcher:id/default_screen_home_icon; checkable: false; checked: false; focusable: true; focused: false; selected: false; clickable: true; longClickable: false; contextClickable: false; enabled: true; password: false; scrollable: false; importantForAccessibility: true; actions: [AccessibilityAction: ACTION_FOCUS - null, AccessibilityAction: ACTION_SELECT - null, AccessibilityAction: ACTION_CLEAR_SELECTION - null, AccessibilityAction: ACTION_CLICK - null, AccessibilityAction: ACTION_ACCESSIBILITY_FOCUS - null, AccessibilityAction: ACTION_NEXT_AT_MOVEMENT_GRANULARITY - null, AccessibilityAction: ACTION_PREVIOUS_AT_MOVEMENT_GRANULARITY - null, AccessibilityAction: ACTION_SET_SELECTION - null, AccessibilityAction: ACTION_SHOW_ON_SCREEN - null]
06-24 17:02:40.569 W/ResourceType( 2519): No known package when getting name for resource number 0x9c000000
06-24 17:02:40.570 W/ResourceType( 2519): No known package when getting name for resource number 0x9c000003
06-24 17:02:40.570 W/ResourceType( 2519): No known package when getting name for resource number 0x9c000103
06-24 17:02:40.570 W/ResourceType( 2519): No known package when getting name for resource number 0x9c000203
06-24 17:02:40.570 W/ResourceType( 2519): No known package when getting name for resource number 0x9c000303
06-24 17:02:40.571 W/ResourceType( 2519): No known package when getting name for resource number 0x9c000004
06-24 17:02:40.571 W/ResourceType( 2519): No known package when getting name for resource number 0x9c000104
06-24 17:02:40.571 W/ResourceType( 2519): No known package when getting name for resource number 0x9c000204
06-24 17:02:40.571 W/ResourceType( 2519): No known package when getting name for resource number 0x9c000304
06-24 17:02:40.606 I/appium  ( 6296): Skipping invisible child: android.view.accessibility.AccessibilityNodeInfo@9907; boundsInParent: Rect(0, 0 - 1080, 1580); boundsInScreen: Rect(1080, 0 - 1080, 1532); packageName: com.huawei.android.launcher; className: android.view.ViewGroup; text: null; error: null; maxTextLength: -1; contentDescription: null; viewIdResName: com.huawei.android.launcher:id/workspace_screen; checkable: false; checked: false; focusable: false; focused: false; selected: false; clickable: true; longClickable: true; contextClickable: false; enabled: true; password: false; scrollable: false; importantForAccessibility: true; actions: [AccessibilityAction: ACTION_SELECT - null, AccessibilityAction: ACTION_CLEAR_SELECTION - null, AccessibilityAction: ACTION_CLICK - null, AccessibilityAction: ACTION_LONG_CLICK - null, AccessibilityAction: ACTION_ACCESSIBILITY_FOCUS - null, AccessibilityAction: ACTION_SHOW_ON_SCREEN - null]
06-24 17:02:40.606 I/appium  ( 6296): Skipping invisible child: android.view.accessibility.AccessibilityNodeInfo@9cc8; boundsInParent: Rect(0, 0 - 1080, 1580); boundsInScreen: Rect(2160, 0 - 1080, 1532); packageName: com.huawei.android.launcher; className: android.view.ViewGroup; text: null; error: null; maxTextLength: -1; contentDescription: null; viewIdResName: com.huawei.android.launcher:id/workspace_screen; checkable: false; checked: false; focusable: false; focused: false; selected: false; clickable: true; longClickable: true; contextClickable: false; enabled: true; password: false; scrollable: false; importantForAccessibility: true; actions: [AccessibilityAction: ACTION_SELECT - null, AccessibilityAction: ACTION_CLEAR_SELECTION - null, AccessibilityAction: ACTION_CLICK - null, AccessibilityAction: ACTION_LONG_CLICK - null, AccessibilityAction: ACTION_ACCESSIBILITY_FOCUS - null, AccessibilityAction: ACTION_SHOW_ON_SCREEN - null]
06-24 17:02:40.607 I/appium  ( 6296): Skipping invisible child: android.view.accessibility.AccessibilityNodeInfo@a089; boundsInParent: Rect(0, 0 - 1080, 1580); boundsInScreen: Rect(3240, 0 - 1080, 1532); packageName: com.huawei.android.launcher; className: android.view.ViewGroup; text: null; error: null; maxTextLength: -1; contentDescription: null; viewIdResName: com.huawei.android.launcher:id/workspace_screen; checkable: false; checked: false; focusable: false; focused: false; selected: false; clickable: true; longClickable: true; contextClickable: false; enabled: true; password: false; scrollable: false; importantForAccessibility: true; actions: [AccessibilityAction: ACTION_SELECT - null, AccessibilityAction: ACTION_CLEAR_SELECTION - null, AccessibilityAction: ACTION_CLICK - null, AccessibilityAction: ACTION_LONG_CLICK - null, AccessibilityAction: ACTION_ACCESSIBILITY_FOCUS - null, AccessibilityAction: ACTION_SHOW_ON_SCREEN - null]
06-24 17:02:40.610 W/ResourceType( 2519): No known package when getting name for resource number 0x9b000000
06-24 17:02:40.610 W/ResourceType( 2519): No known package when getting name for resource number 0x9b010100
06-24 17:02:40.611 W/ResourceType( 2519): No known package when getting name for resource number 0x9b020200
06-24 17:02:40.611 W/ResourceType( 2519): No known package when getting name for resource number 0x9b030300
06-24 17:02:40.612 W/ResourceType( 2519): No known package when getting name for resource number 0x9b040400
06-24 17:02:40.628 I/appium  ( 6296): Fetch time: 72ms
06-24 17:02:40.776 E/memtrack(11655): Couldn't load memtrack module
06-24 17:02:40.777 W/android.os.Debug(11655): failed to get memory consumption info: -1
06-24 17:02:40.883 I/zygote64( 6296): Do partial code cache collection, code=118KB, data=64KB
06-24 17:02:40.884 I/zygote64( 6296): After code cache collection, code=118KB, data=64KB
06-24 17:02:40.884 I/zygote64( 6296): Increasing code cache capacity to 512KB
06-24 17:02:40.912 I/appium  ( 6296): AppiumResponse: {"sessionId":"fb5a36a6-0e97-43c3-8414-cc79dba8a8e6","status":0,"value":"<?xml version=\"1.0\" encoding=\"UTF-8\"?><hierarchy rotation=\"0\"><android.widget.FrameLayout index=\"0\" text=\"\" class=\"android.widget.FrameLayout\" package=\"com.huawei.android.launcher\" content-desc=\"\" checkable=\"false\" checked=\"false\" clickable=\"false\" enabled=\"true\" focusable=\"false\" focused=\"false\" scrollable=\"false\" long-clickable=\"false\" password=\"false\" selected=\"false\" bounds=\"[0,0][1080,1920]\" resource-id=\"\" instance=\"0\"><android.widget.LinearLayout index=\"0\" text=\"\" class=\"android.widget.LinearLayout\" package=\"com.huawei.android.launcher\" content-desc=\"\" checkable=\"false\" checked=\"false\" clickable=\"false\" enabled=\"true\" focusable=\"false\" focused=\"false\" scrollable=\"false\" long-clickable=\"false\" password=\"false\" selected=\"false\" bounds=\"[0,0][1080,1920]\" resource-id=\"\" instance=\"0\"><android.widget.FrameLayout index=\"0\" text=\"\" class=\"android.widget.FrameLayout\" package=\"com.huawei.android.launcher\" content-desc=\"\" checkable=\"false\" checked=\"false\" clickable=\"false\" enabled=\"true\" focusable=\"false\" focused=\"false\" scrollable=\"false\" long-clickable=\"false\" password=\"false\" selected=\"false\" bounds=\"[0,0][1080,1920]\" resource-id=\"android:id\/content\" instance=\"1\"><android.widget.FrameLayout index=\"0\" text=\"\" class=\"android.widget.FrameLayout\" package=\"com.huawei.android.launcher\" content-desc=\"\" checkable=\"false\" checked=\"false\" clickable=\"false\" enabled=\"true\" focusable=\"false\" focused=\"false\" scrollable=\"false\" long-clickable=\"false\" password=\"false\" selected=\"false\" bounds=\"[0,0][1080,1920]\" resource-id=\"com.huawei.android.launcher:id\/drag_layer\" instance=\"2\"><android.view.ViewGroup index=\"0\" text=\"\" class=\"android.view.ViewGroup\" package=\"com.huawei.android.launcher\" content-desc=\" 1  4 \" checkable=\"false\" checked=\"false\" clickable=\"false\" enabled=\"true\" focusable=\"false\" focused=\"false\" scrollable=\"true\" long-clickable=\"false\" password=\"false\" selected=\"false\" bounds=\"[0,0][1080,1920]\" resource-id=\"com.huawei.android.launcher:id\/workspace\" instance=\"0\"><android.view.ViewGroup index=\"0\" text=\"\" class=\"android.view.ViewGroup\" package=\"com.huawei.android.launcher\" content-desc=\"\" checkable=\"false\" checked=\"false\" clickable=\"true\" enabled=\"true\" focusable=\"false\" focused=\"false\" scrollable=\"false\" long-clickable=\"true\" password=\"false\" selected=\"false\" bounds=\"[0,0][1080,1532]\" resource-id=\"com.huawei.android.launcher:id\/workspace_screen\" instance=\"1\"><android.widget.FrameLayout index=\"0\" text=\"\" class=\"android.widget.FrameLayout\" package=\"com.huawei.android.launcher\" content-desc=\"\" checkable=\"false\" checked=\"false\" clickable=\"false\" enabled=\"true\" focusable=\"false\" focused=\"false\" scrollable=\"false\" long-clickable=\"false\" password=\"false\" selected=\"false\" bounds=\"[12,0][1068,1514]\" resource-id=\"\" instance=\"3\"\/><android.view.ViewGroup index=\"1\" text=\"\" class=\"android.view.ViewGroup\" package=\"com.huawei.android.launcher\" content-desc=\"\" checkable=\"false\" checked=\"false\" clickable=\"false\" enabled=\"true\" focusable=\"false\" focused=\"false\" scrollable=\"false\" long-clickable=\"false\" password=\"false\" selected=\"false\" bounds=\"[12,0][1068,1514]\" resource-id=\"\" instance=\"2\"><android.appwidget.AppWidgetHostView index=\"0\" text=\"\" class=\"android.appwidget.AppWidgetHostView\" package=\"com.huawei.android.launcher\" content-desc=\"\" checkable=\"false\" checked=\"false\" clickable=\"false\" enabled=\"true\" focusable=\"false\" focused=\"false\" scrollable=\"false\" long-clickable=\"true\" password=\"false\" selected=\"false\" bounds=\"[12,84][1068,656]\" resource-id=\"\" instance=\"0\"><android.widget.RelativeLayout index=\"0\" text=\"\" class=\"android.widget.RelativeLayout\" package=\
06-24 17:02:40.921 E/memtrack(11655): Couldn't load memtrack module
06-24 17:02:40.921 W/android.os.Debug(11655): failed to get memory consumption info: -1
06-24 17:02:40.934 D/HwArpVerifier(  657): performPollAndLog:
06-24 17:02:40.938 D/hw_netstat(  657): total/11335/3073,android.uid.system:1000/5745/1457,com.excelliance.dualaid/3929/1096,unknown:0/1661/40,com.google.uid.shared:10089/0/360,com.android.vending/0/120
06-24 17:02:40.964 D/PMS10056(  657): package:com.huawei.android.launcher, input flags:0, output hwFlags:0
06-24 17:02:40.964 W/libc    (  493): Set property "hw.wifi.dns_stat" to "42405,37317,5028,1,53658"
06-24 17:02:40.978 I/appium  ( 6296): channel read invoked!
06-24 17:02:40.979 I/appium  ( 6296): channel read: GET /wd/hub/session/fb5a36a6-0e97-43c3-8414-cc79dba8a8e6/source
06-24 17:02:41.110 V/BroadcastQueue(  657): Finished with ordered broadcast BroadcastRecord{3f2a732 u0 com.tencent.mm.plugin.report.service.KVCommCrossProcessReceiver}
06-24 17:02:41.153 W/AlarmManager(  657): mIsScreenOn is: true, WAKEUP alarm talarm.operation == null,package name is: android listenerTag is: *job.delay* creator uid is: 1000
06-24 17:02:41.154 W/AlarmManager(  657): mIsScreenOn is: true, WAKEUP alarm trigger action = null package name is: com.tencent.mm
06-24 17:02:41.154 W/AlarmManager(  657): mIsScreenOn is: true, WAKEUP alarm trigger action = com.android.server.display.action.MONITOR_TIMER package name is: android
06-24 17:02:41.155 D/PMS1000 (  657): package:com.android.email, input flags:1, output hwFlags:33554432
06-24 17:02:41.156 D/PMS1000 (  657): package:com.android.exchange, input flags:1, output hwFlags:0
06-24 17:02:41.156 D/PMS1000 (  657): package:com.google.android.gm, input flags:1, output is null
06-24 17:02:41.156 W/HwAlarmManagerService(  657): isContainsAppUidInWorksource-->happend NameNotFoundException
06-24 17:02:41.164 W/ActivityManager(  657): Sending non-protected broadcast com.android.server.display.action.MONITOR_TIMER from system uid 1000 pkg android
06-24 17:02:41.171 I/HwAlarmManagerService(  657): hwSetAlarm listenerTag: *job.delay*
06-24 17:02:41.171 I/JobScheduler.Time(  657): mNextDelayExpiredElapsedMillis: 113959390
06-24 17:02:41.172 V/BroadcastQueue(  657): Finished with ordered broadcast BroadcastRecord{1a0047e u0 null}
06-24 17:02:41.176 D/JobServiceContext(  657): Scheduling time out for 'com.google.android.finsky.scheduler.JobSchedulerEngine$PhoneskyJobSchedulerJobService' jId: 9000, in 18 s
06-24 17:02:41.194 V/BroadcastQueue(  657): Finished with ordered broadcast BroadcastRecord{9f47ddf u0 com.android.server.display.action.MONITOR_TIMER}
06-24 17:02:41.199 V/BroadcastQueue(  657): Finished with ordered broadcast BroadcastRecord{1f9dcf5 u0 com.tencent.mm.TrafficStatsReceiver}
06-24 17:02:41.203 D/JobServiceContext(  657): handleServiceBound for c68ea0c #u0a93/9000 com.android.vending/com.google.android.finsky.scheduler.JobSchedulerEngine$PhoneskyJobSchedulerJobService
06-24 17:02:41.203 D/JobServiceContext(  657): Scheduling time out for 'com.google.android.finsky.scheduler.JobSchedulerEngine$PhoneskyJobSchedulerJobService' jId: 9000, in 8 s
06-24 17:02:41.218 I/Finsky  (31533): [1] com.google.android.finsky.scheduler.JobSchedulerEngine$PhoneskyJobSchedulerJobService.onStartJob(9): onJobSchedulerWakeup
06-24 17:02:41.226 I/Finsky  (31533): [1] com.google.android.finsky.scheduler.p.a(22): Scheduling fallback in 43199993 (absolute: 156900067)
06-24 17:02:41.234 I/Finsky  (31533): [1] com.google.android.finsky.scheduler.p.a(22): Scheduling fallback in 64799993 (absolute: 178500075)
06-24 17:02:41.236 D/JobServiceContext(  657): doCallback of : JobStatus{c68ea0c #u0a93/9000 com.android.vending/com.google.android.finsky.scheduler.JobSchedulerEngine$PhoneskyJobSchedulerJobService u=0 s=10093 TIME=-5s200ms:+17h49m4s846ms NET=1 READY} v:VERB_STARTING
06-24 17:02:41.236 D/JobServiceContext(  657): Scheduling time out for 'com.google.android.finsky.scheduler.JobSchedulerEngine$PhoneskyJobSchedulerJobService' jId: 9000, in 600 s
06-24 17:02:41.243 I/Finsky  (31533): [1] com.google.android.finsky.scheduler.w.handleMessage(32): DeviceState: DeviceState{currentTime=1529830961236, isCharging=false, isIdle=false, netAny=true, netNotRoaming=true, netUnmetered=true}
06-24 17:02:41.253 I/Finsky  (31533): [1] com.google.android.finsky.scheduler.r.a(88): Running job: 1 (12)
06-24 17:02:41.253 I/Finsky  (31533): [1] com.google.android.finsky.ai.c.a(41): ContentSyncJob started
06-24 17:02:41.255 D/PMS1000 (  657): package:com.android.vending, input flags:0, output hwFlags:0
06-24 17:02:41.261 I/Finsky  (31533): [1] com.google.android.finsky.scheduler.r.a(160): RunningQueue size: 1
06-24 17:02:41.261 I/Finsky  (31533): [1] com.google.android.finsky.scheduler.r.a(161): PendingQueue size: 0
06-24 17:02:41.268 I/Finsky  (31533): [5195] com.google.android.finsky.n.c.a(25): Completed 0 account content syncs with 0 successful.
06-24 17:02:41.269 I/Finsky  (31533): [1] com.google.android.finsky.ai.c.a(5): Installation state replication succeeded.
06-24 17:02:41.269 I/Finsky  (31533): [1] com.google.android.finsky.scheduler.aq.b(12): jobFinished: 1 12
06-24 17:02:41.270 I/Finsky  (31533): [1] com.google.android.finsky.scheduler.r.a(185): Job 1 (12) finished
06-24 17:02:41.274 I/Finsky  (31533): [1] com.google.android.finsky.scheduler.r.a(160): RunningQueue size: 0
06-24 17:02:41.274 I/Finsky  (31533): [1] com.google.android.finsky.scheduler.r.a(161): PendingQueue size: 0
06-24 17:02:41.275 I/Finsky  (31533): [1] com.google.android.finsky.scheduler.w.handleMessage(216): Executor finished
06-24 17:02:41.265 I/chatty  (  657): uid=1000(system) Binder:657_20 identical 18 lines
06-24 17:02:41.265 D/PMS1000 (  657): package:com.android.vending, input flags:0, output hwFlags:0
06-24 17:02:41.278 D/JobServiceContext(  657): doCallback of : JobStatus{c68ea0c #u0a93/9000 com.android.vending/com.google.android.finsky.scheduler.JobSchedulerEngine$PhoneskyJobSchedulerJobService u=0 s=10093 TIME=-5s242ms:+17h49m4s804ms NET=1 READY} v:VERB_EXECUTING
06-24 17:02:41.287 I/TrafficMonitor(  657): update:rxPkts:3,txPkts:3,rxBytes:696,txBytes:140
06-24 17:02:41.287 I/TrafficMonitor(  657): start expired. level:-1
06-24 17:02:41.287 I/TrafficMonitor(  657): gettimer:interval=2000
06-24 17:02:41.297 I/Finsky  (31533): [1] com.google.android.finsky.scheduler.JobSchedulerEngine.a(61): Scheduling job with id: 9001
06-24 17:02:41.612 W/ResourceType( 2519): No known package when getting name for resource number 0x9c010000
06-24 17:02:41.613 W/ResourceType( 2519): No known package when getting name for resource number 0x9c010100
06-24 17:02:41.614 W/ResourceType( 2519): No known package when getting name for resource number 0x9c010200
06-24 17:02:41.614 W/ResourceType( 2519): No known package when getting name for resource number 0x9c010300
06-24 17:02:41.615 W/ResourceType( 2519): No known package when getting name for resource number 0x9c010001
06-24 17:02:41.615 W/ResourceType( 2519): No known package when getting name for resource number 0x9c010101
06-24 17:02:41.616 W/ResourceType( 2519): No known package when getting name for resource number 0x9c010201
06-24 17:02:41.617 W/ResourceType( 2519): No known package when getting name for resource number 0x9c010301
06-24 17:02:41.617 W/ResourceType( 2519): No known package when getting name for resource number 0x9c010002
06-24 17:02:41.618 W/ResourceType( 2519): No known package when getting name for resource number 0x9c010102
06-24 17:02:41.619 W/ResourceType( 2519): No known package when getting name for resource number 0x9c010202
06-24 17:02:41.620 W/ResourceType( 2519): No known package when getting name for resource number 0x9c010302
06-24 17:02:41.621 W/ResourceType( 2519): No known package when getting name for resource number 0x9c010003
06-24 17:02:41.623 W/ResourceType( 2519): No known package when getting name for resource number 0x9c010103
06-24 17:02:41.624 W/ResourceType( 2519): No known package when getting name for resource number 0x9c010203
06-24 17:02:41.625 W/ResourceType( 2519): No known package when getting name for resource number 0x9c010303
06-24 17:02:41.625 D/NetWorkUtils( 1513): mVSimCurCardType is -1
06-24 17:02:41.626 W/ResourceType( 2519): No known package when getting name for resource number 0x9c010004
06-24 17:02:41.627 W/ResourceType( 1513): No package identifier when getting value for resource number 0x00000000
06-24 17:02:41.627 E/HwNotchUtils( 1513): setIconForView iconId is not found
06-24 17:02:41.627 W/ResourceType( 2519): No known package when getting name for resource number 0x9c010104
06-24 17:02:41.629 W/ResourceType( 2519): No known package when getting name for resource number 0x9c010204
06-24 17:02:41.629 D/NetWorkUtils( 1513): mVSimCurCardType is -1
06-24 17:02:41.630 W/ResourceType( 2519): No known package when getting name for resource number 0x9c010304
06-24 17:02:41.631 W/ResourceType( 1513): No package identifier when getting value for resource number 0x00000000
06-24 17:02:41.631 E/HwNotchUtils( 1513): setIconForView iconId is not found
06-24 17:02:41.678 I/appium  ( 6296): Skipping invisible child: android.view.accessibility.AccessibilityNodeInfo@20caa; boundsInParent: Rect(0, 0 - 93, 93); boundsInScreen: Rect(493, 0 - 586, 78); packageName: com.huawei.android.launcher; className: android.widget.ImageView; text: null; error: null; maxTextLength: -1; contentDescription: ; viewIdResName: com.huawei.android.launcher:id/default_screen_home_icon_bg; checkable: false; checked: false; focusable: true; focused: false; selected: false; clickable: true; longClickable: false; contextClickable: false; enabled: true; password: false; scrollable: false; importantForAccessibility: true; actions: [AccessibilityAction: ACTION_FOCUS - null, AccessibilityAction: ACTION_SELECT - null, AccessibilityAction: ACTION_CLEAR_SELECTION - null, AccessibilityAction: ACTION_CLICK - null, AccessibilityAction: ACTION_ACCESSIBILITY_FOCUS - null, AccessibilityAction: ACTION_NEXT_AT_MOVEMENT_GRANULARITY - null, AccessibilityAction: ACTION_PREVIOUS_AT_MOVEMENT_GRANULARITY - null, AccessibilityAction: ACTION_SET_SELECTION - null, AccessibilityAction: ACTION_SHOW_ON_SCREEN - null]
06-24 17:02:41.680 I/appium  ( 6296): Skipping invisible child: android.view.accessibility.AccessibilityNodeInfo@2106b; boundsInParent: Rect(0, 0 - 93, 93); boundsInScreen: Rect(495, 0 - 584, 76); packageName: com.huawei.android.launcher; className: android.widget.ImageView; text: null; error: null; maxTextLength: -1; contentDescription: ; viewIdResName: com.huawei.android.launcher:id/default_screen_home_icon; checkable: false; checked: false; focusable: true; focused: false; selected: false; clickable: true; longClickable: false; contextClickable: false; enabled: true; password: false; scrollable: false; importantForAccessibility: true; actions: [AccessibilityAction: ACTION_FOCUS - null, AccessibilityAction: ACTION_SELECT - null, AccessibilityAction: ACTION_CLEAR_SELECTION - null, AccessibilityAction: ACTION_CLICK - null, AccessibilityAction: ACTION_ACCESSIBILITY_FOCUS - null, AccessibilityAction: ACTION_NEXT_AT_MOVEMENT_GRANULARITY - null, AccessibilityAction: ACTION_PREVIOUS_AT_MOVEMENT_GRANULARITY - null, AccessibilityAction: ACTION_SET_SELECTION - null, AccessibilityAction: ACTION_SHOW_ON_SCREEN - null]
06-24 17:02:41.683 W/ResourceType( 2519): No known package when getting name for resource number 0x9c000000
06-24 17:02:41.684 W/ResourceType( 2519): No known package when getting name for resource number 0x9c000003
06-24 17:02:41.684 W/ResourceType( 2519): No known package when getting name for resource number 0x9c000103
06-24 17:02:41.685 W/ResourceType( 2519): No known package when getting name for resource number 0x9c000203
06-24 17:02:41.686 W/ResourceType( 2519): No known package when getting name for resource number 0x9c000303
06-24 17:02:41.687 W/ResourceType( 2519): No known package when getting name for resource number 0x9c000004
06-24 17:02:41.687 W/ResourceType( 2519): No known package when getting name for resource number 0x9c000104
06-24 17:02:41.688 W/ResourceType( 2519): No known package when getting name for resource number 0x9c000204
06-24 17:02:41.689 W/ResourceType( 2519): No known package when getting name for resource number 0x9c000304
06-24 17:02:41.731 I/appium  ( 6296): Skipping invisible child: android.view.accessibility.AccessibilityNodeInfo@9907; boundsInParent: Rect(0, 0 - 1080, 1580); boundsInScreen: Rect(1080, 0 - 1080, 1532); packageName: com.huawei.android.launcher; className: android.view.ViewGroup; text: null; error: null; maxTextLength: -1; contentDescription: null; viewIdResName: com.huawei.android.launcher:id/workspace_screen; checkable: false; checked: false; focusable: false; focused: false; selected: false; clickable: true; longClickable: true; contextClickable: false; enabled: true; password: false; scrollable: false; importantForAccessibility: true; actions: [AccessibilityAction: ACTION_SELECT - null, AccessibilityAction: ACTION_CLEAR_SELECTION - null, AccessibilityAction: ACTION_CLICK - null, AccessibilityAction: ACTION_LONG_CLICK - null, AccessibilityAction: ACTION_ACCESSIBILITY_FOCUS - null, AccessibilityAction: ACTION_SHOW_ON_SCREEN - null]
06-24 17:02:41.733 I/appium  ( 6296): Skipping invisible child: android.view.accessibility.AccessibilityNodeInfo@9cc8; boundsInParent: Rect(0, 0 - 1080, 1580); boundsInScreen: Rect(2160, 0 - 1080, 1532); packageName: com.huawei.android.launcher; className: android.view.ViewGroup; text: null; error: null; maxTextLength: -1; contentDescription: null; viewIdResName: com.huawei.android.launcher:id/workspace_screen; checkable: false; checked: false; focusable: false; focused: false; selected: false; clickable: true; longClickable: true; contextClickable: false; enabled: true; password: false; scrollable: false; importantForAccessibility: true; actions: [AccessibilityAction: ACTION_SELECT - null, AccessibilityAction: ACTION_CLEAR_SELECTION - null, AccessibilityAction: ACTION_CLICK - null, AccessibilityAction: ACTION_LONG_CLICK - null, AccessibilityAction: ACTION_ACCESSIBILITY_FOCUS - null, AccessibilityAction: ACTION_SHOW_ON_SCREEN - null]
06-24 17:02:41.734 I/appium  ( 6296): Skipping invisible child: android.view.accessibility.AccessibilityNodeInfo@a089; boundsInParent: Rect(0, 0 - 1080, 1580); boundsInScreen: Rect(3240, 0 - 1080, 1532); packageName: com.huawei.android.launcher; className: android.view.ViewGroup; text: null; error: null; maxTextLength: -1; contentDescription: null; viewIdResName: com.huawei.android.launcher:id/workspace_screen; checkable: false; checked: false; focusable: false; focused: false; selected: false; clickable: true; longClickable: true; contextClickable: false; enabled: true; password: false; scrollable: false; importantForAccessibility: true; actions: [AccessibilityAction: ACTION_SELECT - null, AccessibilityAction: ACTION_CLEAR_SELECTION - null, AccessibilityAction: ACTION_CLICK - null, AccessibilityAction: ACTION_LONG_CLICK - null, AccessibilityAction: ACTION_ACCESSIBILITY_FOCUS - null, AccessibilityAction: ACTION_SHOW_ON_SCREEN - null]
06-24 17:02:41.739 W/ResourceType( 2519): No known package when getting name for resource number 0x9b000000
06-24 17:02:41.739 W/ResourceType( 2519): No known package when getting name for resource number 0x9b010100
06-24 17:02:41.740 W/ResourceType( 2519): No known package when getting name for resource number 0x9b020200
06-24 17:02:41.741 W/ResourceType( 2519): No known package when getting name for resource number 0x9b030300
06-24 17:02:41.741 W/ResourceType( 2519): No known package when getting name for resource number 0x9b040400
06-24 17:02:41.758 I/appium  ( 6296): Fetch time: 96ms
