06-24 16:21:03.129 I/appium  (19530): AppiumResponse: {"sessionId":"4dfb9834-f9e3-4bb5-8e08-7f8550328a86","status":0,"value":"<?xml version=\"1.0\" encoding=\"UTF-8\"?><hierarchy rotation=\"0\"><android.widget.FrameLayout index=\"0\" text=\"\" class=\"android.widget.FrameLayout\" package=\"com.excelliance.dualaid\" content-desc=\"\" checkable=\"false\" checked=\"false\" clickable=\"false\" enabled=\"true\" focusable=\"false\" focused=\"false\" scrollable=\"false\" long-clickable=\"false\" password=\"false\" selected=\"false\" bounds=\"[0,0][1080,1920]\" resource-id=\"\" instance=\"0\"><android.widget.LinearLayout index=\"0\" text=\"\" class=\"android.widget.LinearLayout\" package=\"com.excelliance.dualaid\" content-desc=\"\" checkable=\"false\" checked=\"false\" clickable=\"false\" enabled=\"true\" focusable=\"false\" focused=\"false\" scrollable=\"false\" long-clickable=\"false\" password=\"false\" selected=\"false\" bounds=\"[0,0][1080,1920]\" resource-id=\"\" instance=\"0\"><android.widget.FrameLayout index=\"0\" text=\"\" class=\"android.widget.FrameLayout\" package=\"com.excelliance.dualaid\" content-desc=\"\" checkable=\"false\" checked=\"false\" clickable=\"false\" enabled=\"true\" focusable=\"false\" focused=\"false\" scrollable=\"false\" long-clickable=\"false\" password=\"false\" selected=\"false\" bounds=\"[0,0][1080,1920]\" resource-id=\"android:id\/content\" instance=\"1\"><android.widget.FrameLayout index=\"0\" text=\"\" class=\"android.widget.FrameLayout\" package=\"com.excelliance.dualaid\" content-desc=\"\" checkable=\"false\" checked=\"false\" clickable=\"false\" enabled=\"true\" focusable=\"false\" focused=\"false\" scrollable=\"false\" long-clickable=\"false\" password=\"false\" selected=\"false\" bounds=\"[0,0][1080,1920]\" resource-id=\"\" instance=\"2\"><android.widget.RelativeLayout index=\"0\" text=\"\" class=\"android.widget.RelativeLayout\" package=\"com.excelliance.dualaid\" content-desc=\"\" checkable=\"false\" checked=\"false\" clickable=\"false\" enabled=\"true\" focusable=\"false\" focused=\"false\" scrollable=\"false\" long-clickable=\"false\" password=\"false\" selected=\"false\" bounds=\"[0,0][1080,1920]\" resource-id=\"com.excelliance.dualaid:id\/rl_guide_original\" instance=\"0\"><android.support.v4.view.ViewPager index=\"0\" text=\"\" class=\"android.support.v4.view.ViewPager\" package=\"com.excelliance.dualaid\" content-desc=\"\" checkable=\"false\" checked=\"false\" clickable=\"false\" enabled=\"true\" focusable=\"true\" focused=\"false\" scrollable=\"true\" long-clickable=\"false\" password=\"false\" selected=\"false\" bounds=\"[0,0][1080,1920]\" resource-id=\"com.excelliance.dualaid:id\/vp_nav\" instance=\"0\"><android.widget.RelativeLayout index=\"2\" text=\"\" class=\"android.widget.RelativeLayout\" package=\"com.excelliance.dualaid\" content-desc=\"\" checkable=\"false\" checked=\"false\" clickable=\"false\" enabled=\"true\" focusable=\"false\" focused=\"false\" scrollable=\"false\" long-clickable=\"false\" password=\"false\" selected=\"false\" bounds=\"[0,0][1080,1920]\" resource-id=\"\" instance=\"1\"><android.view.View index=\"0\" text=\"\" class=\"android.view.View\" package=\"com.excelliance.dualaid\" content-desc=\"\" checkable=\"false\" checked=\"false\" clickable=\"false\" enabled=\"true\" focusable=\"false\" focused=\"false\" scrollable=\"false\" long-clickable=\"false\" password=\"false\" selected=\"false\" bounds=\"[0,0][1080,1920]\" resource-id=\"\" instance=\"0\"\/><android.widget.ImageView index=\"1\" text=\"\" class=\"android.widget.ImageView\" package=\"com.excelliance.dualaid\" content-desc=\"\" checkable=\"false\" checked=\"false\" clickable=\"false\" enabled=\"true\" focusable=\"false\" focused=\"false\" scrollable=\"false\" long-clickable=\"false\" password=\"false\" selected=\"false\" bounds=\"[345,318][847,1268]\" resource-id=\"\" instance=\"0\"\/><android.widget.ImageView index=\"2\" text=\"\" class=\"android.widget.ImageView\" package=\"com.excelliance.dualaid\" content-desc=\"\" checkable=\"false\" checked=\"false\" clickable=\"false\" enabled=\"true\" 
06-24 16:21:03.157 I/appium  (19530): channel read invoked!
06-24 16:21:03.157 I/appium  (19530): channel read: GET /wd/hub/session/4dfb9834-f9e3-4bb5-8e08-7f8550328a86/source
06-24 16:21:03.172 I/appium  (19530): Skipping invisible child: android.view.accessibility.AccessibilityNodeInfo@850a; boundsInParent: Rect(0, 0 - 1080, 1920); boundsInScreen: Rect(0, 0 - -1080, 1920); packageName: com.excelliance.dualaid; className: android.widget.RelativeLayout; text: null; error: null; maxTextLength: -1; contentDescription: null; viewIdResName: null; checkable: false; checked: false; focusable: false; focused: false; selected: false; clickable: false; longClickable: false; contextClickable: false; enabled: true; password: false; scrollable: false; importantForAccessibility: false; actions: [AccessibilityAction: ACTION_SELECT - null, AccessibilityAction: ACTION_CLEAR_SELECTION - null, AccessibilityAction: ACTION_ACCESSIBILITY_FOCUS - null, AccessibilityAction: ACTION_SHOW_ON_SCREEN - null]
06-24 16:21:03.173 I/appium  (19530): Skipping invisible child: android.view.accessibility.AccessibilityNodeInfo@9b90; boundsInParent: Rect(0, 0 - 1080, 1920); boundsInScreen: Rect(0, 0 - 0, 1920); packageName: com.excelliance.dualaid; className: android.widget.RelativeLayout; text: null; error: null; maxTextLength: -1; contentDescription: null; viewIdResName: null; checkable: false; checked: false; focusable: false; focused: false; selected: false; clickable: false; longClickable: false; contextClickable: false; enabled: true; password: false; scrollable: false; importantForAccessibility: false; actions: [AccessibilityAction: ACTION_SELECT - null, AccessibilityAction: ACTION_CLEAR_SELECTION - null, AccessibilityAction: ACTION_ACCESSIBILITY_FOCUS - null, AccessibilityAction: ACTION_SHOW_ON_SCREEN - null]
06-24 16:21:03.177 I/appium  (19530): Fetch time: 10ms
06-24 16:21:03.205 I/appium  (19530): AppiumResponse: {"sessionId":"4dfb9834-f9e3-4bb5-8e08-7f8550328a86","status":0,"value":"<?xml version=\"1.0\" encoding=\"UTF-8\"?><hierarchy rotation=\"0\"><android.widget.FrameLayout index=\"0\" text=\"\" class=\"android.widget.FrameLayout\" package=\"com.excelliance.dualaid\" content-desc=\"\" checkable=\"false\" checked=\"false\" clickable=\"false\" enabled=\"true\" focusable=\"false\" focused=\"false\" scrollable=\"false\" long-clickable=\"false\" password=\"false\" selected=\"false\" bounds=\"[0,0][1080,1920]\" resource-id=\"\" instance=\"0\"><android.widget.LinearLayout index=\"0\" text=\"\" class=\"android.widget.LinearLayout\" package=\"com.excelliance.dualaid\" content-desc=\"\" checkable=\"false\" checked=\"false\" clickable=\"false\" enabled=\"true\" focusable=\"false\" focused=\"false\" scrollable=\"false\" long-clickable=\"false\" password=\"false\" selected=\"false\" bounds=\"[0,0][1080,1920]\" resource-id=\"\" instance=\"0\"><android.widget.FrameLayout index=\"0\" text=\"\" class=\"android.widget.FrameLayout\" package=\"com.excelliance.dualaid\" content-desc=\"\" checkable=\"false\" checked=\"false\" clickable=\"false\" enabled=\"true\" focusable=\"false\" focused=\"false\" scrollable=\"false\" long-clickable=\"false\" password=\"false\" selected=\"false\" bounds=\"[0,0][1080,1920]\" resource-id=\"android:id\/content\" instance=\"1\"><android.widget.FrameLayout index=\"0\" text=\"\" class=\"android.widget.FrameLayout\" package=\"com.excelliance.dualaid\" content-desc=\"\" checkable=\"false\" checked=\"false\" clickable=\"false\" enabled=\"true\" focusable=\"false\" focused=\"false\" scrollable=\"false\" long-clickable=\"false\" password=\"false\" selected=\"false\" bounds=\"[0,0][1080,1920]\" resource-id=\"\" instance=\"2\"><android.widget.RelativeLayout index=\"0\" text=\"\" class=\"android.widget.RelativeLayout\" package=\"com.excelliance.dualaid\" content-desc=\"\" checkable=\"false\" checked=\"false\" clickable=\"false\" enabled=\"true\" focusable=\"false\" focused=\"false\" scrollable=\"false\" long-clickable=\"false\" password=\"false\" selected=\"false\" bounds=\"[0,0][1080,1920]\" resource-id=\"com.excelliance.dualaid:id\/rl_guide_original\" instance=\"0\"><android.support.v4.view.ViewPager index=\"0\" text=\"\" class=\"android.support.v4.view.ViewPager\" package=\"com.excelliance.dualaid\" content-desc=\"\" checkable=\"false\" checked=\"false\" clickable=\"false\" enabled=\"true\" focusable=\"true\" focused=\"false\" scrollable=\"true\" long-clickable=\"false\" password=\"false\" selected=\"false\" bounds=\"[0,0][1080,1920]\" resource-id=\"com.excelliance.dualaid:id\/vp_nav\" instance=\"0\"><android.widget.RelativeLayout index=\"2\" text=\"\" class=\"android.widget.RelativeLayout\" package=\"com.excelliance.dualaid\" content-desc=\"\" checkable=\"false\" checked=\"false\" clickable=\"false\" enabled=\"true\" focusable=\"false\" focused=\"false\" scrollable=\"false\" long-clickable=\"false\" password=\"false\" selected=\"false\" bounds=\"[0,0][1080,1920]\" resource-id=\"\" instance=\"1\"><android.view.View index=\"0\" text=\"\" class=\"android.view.View\" package=\"com.excelliance.dualaid\" content-desc=\"\" checkable=\"false\" checked=\"false\" clickable=\"false\" enabled=\"true\" focusable=\"false\" focused=\"false\" scrollable=\"false\" long-clickable=\"false\" password=\"false\" selected=\"false\" bounds=\"[0,0][1080,1920]\" resource-id=\"\" instance=\"0\"\/><android.widget.ImageView index=\"1\" text=\"\" class=\"android.widget.ImageView\" package=\"com.excelliance.dualaid\" content-desc=\"\" checkable=\"false\" checked=\"false\" clickable=\"false\" enabled=\"true\" focusable=\"false\" focused=\"false\" scrollable=\"false\" long-clickable=\"false\" password=\"false\" selected=\"false\" bounds=\"[345,318][847,1268]\" resource-id=\"\" instance=\"0\"\/><android.widget.ImageView index=\"2\" text=\"\" class=\"android.widget.ImageView\" package=\"com.excelliance.dualaid\" content-desc=\"\" checkable=\"false\" checked=\"false\" clickable=\"false\" enabled=\"true\" 
06-24 16:21:03.248 I/appium  (19530): channel read invoked!
06-24 16:21:03.248 I/appium  (19530): channel read: POST /wd/hub/session/4dfb9834-f9e3-4bb5-8e08-7f8550328a86/element/d2e7b02d-ccec-4dfd-af5d-3e00e036e06c/click
06-24 16:21:03.251 D/appium  (19530): payload: {"element":"d2e7b02d-ccec-4dfd-af5d-3e00e036e06c"}
06-24 16:21:03.252 I/appium  (19530): Click element command
06-24 16:21:03.274 D/FingerprintActionsListener(  657): touchDownIsValid MotionEvent.ACTION_DOWN 
06-24 16:21:03.274 D/FingerprintActionsListener(  657): touchDownIsValidLazyMode = false  touchDownIsValidHiBoard = false
06-24 16:21:03.277 I/hwaps   (19852): JNI_OnLoad
06-24 16:21:03.279 D/PMS11423(  657): package:com.excelliance.dualaid, input flags:0, output hwFlags:0
06-24 16:21:03.281 W/Settings(19852): mValues not put! needsGenerationTracker: true currentGeneration: -1 name: enable_navbar value: 0
06-24 16:21:03.289 D/PMS11423(  657): package:com.excelliance.dualaid, input flags:0, output hwFlags:0
06-24 16:21:03.293 I/appium  (19530): AppiumResponse: {"sessionId":"4dfb9834-f9e3-4bb5-8e08-7f8550328a86","status":0,"value":true}
06-24 16:21:03.301 V/AudioManager(19852): playSoundEffect   effectType: 0
06-24 16:21:03.302 D/PMS11423(  657): package:com.excelliance.dualaid, input flags:0, output hwFlags:0
06-24 16:21:03.304 V/AddGameData(19852): Manufacturer:HUAWEI
06-24 16:21:03.331 I/appium  (19530): channel read invoked!
06-24 16:21:03.331 I/appium  (19530): channel read: GET /wd/hub/session/4dfb9834-f9e3-4bb5-8e08-7f8550328a86/source
06-24 16:21:03.355 D/PMS1000 (  657): package:com.excelliance.dualaid, input flags:0, output hwFlags:0
06-24 16:21:03.356 D/PMS1000 (  657): package:com.excelliance.dualaid, input flags:8192, output hwFlags:0
06-24 16:21:03.367 W/HSM     ( 1813): HoldService:toast switch is close!
06-24 16:21:03.369 D/ApplicationPackageManager(19852): getInstalledApplications blocked
06-24 16:21:03.371 D/HsmInterfaceImpl(19852): List [ApplicationInfo{a218d91 com.huawei.hifolder}, ApplicationInfo{891a4f6 com.github.shadowsocks}, ApplicationInfo{28a60f7 com.excelliance.dualaid}]
06-24 16:21:03.372 V/AddGameData(19852): appInfoList.size():3
06-24 16:21:03.372 V/AddGameData(19852): can read pkg:com.github.shadowsocks
06-24 16:21:03.385 I/HwCust  (19852): Constructor found for class android.net.HwCustConnectivityManagerImpl
06-24 16:21:03.385 D/HwCust  (19852): Create obj success use class android.net.HwCustConnectivityManagerImpl
06-24 16:21:03.409 D/Notification2Receiver(19878): Notification2Receiver onReceive enter
06-24 16:21:03.409 D/PMS1000 (  657): package:com.excelliance.dualaid, input flags:8192, output hwFlags:0
06-24 16:21:03.411 V/BroadcastQueue(  657): Finished with ordered broadcast BroadcastRecord{ab88af2 u0 com.excelliance.dualaid.action.phone_res_download}
06-24 16:21:03.411 D/VersionManager(19878): queryUpdateInfoOfResources
06-24 16:21:03.413 W/HSM     ( 1813): HoldService:toast switch is close!
06-24 16:21:03.415 D/ApplicationPackageManager(19852): queryIntentActivitiesAsUser blocked, Intent { act=android.intent.action.MAIN cat=[android.intent.category.LAUNCHER] pkg=com.tencent.mm }
06-24 16:21:03.415 D/HsmInterfaceImpl(19852): List [ResolveInfo{aab1a82 com.tencent.mm/.ui.LauncherUI m=0x108000}]
06-24 16:21:03.417 V/Phone_Manufacturer(19878): Manufacturer:HUAWEI
06-24 16:21:03.420 V/Phone   (19878): isExitstActivityInPkg:exist com.huawei.systemmanager.optimize.process.ProtectActivity
06-24 16:21:03.420 V/Phone   (19878): isExitAppInManufacturer: model:hi6250 manufacturer:huawei
06-24 16:21:03.421 I/ActivityManager(  657): START u0 {cmp=com.excelliance.dualaid/com.excelliance.kxqp.ui.HelloActivity (has extras)} from uid 11423
06-24 16:21:03.422 I/ActivityManager(  657): ActivityRecord info: ActivityInfo{4151543 com.excelliance.kxqp.ui.HelloActivity}
06-24 16:21:03.428 V/WindowManager(  657): addAppToken: AppWindowToken{740643e token=Token{9b21cf9 ActivityRecord{e46a7c0 u0 com.excelliance.dualaid/com.excelliance.kxqp.ui.HelloActivity t16036}}} controller={TaskWindowContainerController taskId=16036} at 2147483647
06-24 16:21:03.430 V/Phone   (19878): isExitstActivityInPkg:exist com.huawei.systemmanager.optimize.process.ProtectActivity
06-24 16:21:03.430 V/Phone   (19878): isExitAppInManufacturer: model:hi6250 manufacturer:huawei
06-24 16:21:03.432 D/PMS11423(  657): package:com.excelliance.dualaid, input flags:128, output hwFlags:0
06-24 16:21:03.433 I/PGServer( 1699): android calls fast hibernateApps
06-24 16:21:03.433 I/AppFastHibernation( 1699): fast hibernate duration: 1500 reason: start activity
06-24 16:21:03.434 I/Pged-IPgedBinderService(  769): ****action is 1, pid num is 6***
06-24 16:21:03.434 I/Pged-Freezer(  769): freezePids
06-24 16:21:03.434 I/Pged-Freezer(  769): Freeze process: 29457
06-24 16:21:03.434 I/Pged-Freezer(  769): Freeze process: 29531
06-24 16:21:03.433 I/chatty  (  657): uid=1000(system) Binder:657_11 identical 1 line
06-24 16:21:03.434 D/PMS11423(  657): package:com.excelliance.dualaid, input flags:128, output hwFlags:0
06-24 16:21:03.434 D/PMS1000 (  657): package:com.excelliance.dualaid, input flags:1, output hwFlags:0
06-24 16:21:03.434 I/Pged-Freezer(  769): Freeze process: 14942
06-24 16:21:03.435 I/Pged-Freezer(  769): Freeze process: 15544
06-24 16:21:03.435 I/Pged-Freezer(  769): Freeze process: 19530
06-24 16:21:03.435 D/PgedBinderAdapter( 1699): frz ok, pid: [29457, 29531, 14942, 15544, 19530]
06-24 16:21:03.438 V/WindowManager(  657): No longer Stopped: AppWindowToken{740643e token=Token{9b21cf9 ActivityRecord{e46a7c0 u0 com.excelliance.dualaid/com.excelliance.kxqp.ui.HelloActivity t16036}}}
06-24 16:21:03.439 V/WindowManager(  657): No longer Stopped: AppWindowToken{740643e token=Token{9b21cf9 ActivityRecord{e46a7c0 u0 com.excelliance.dualaid/com.excelliance.kxqp.ui.HelloActivity t16036}}}
06-24 16:21:03.440 D/PMS11423(  657): package:com.excelliance.dualaid, input flags:128, output hwFlags:0
06-24 16:21:03.440 V/WindowManager(  657): findFocusedWindow: AppWindowToken{db25c32 token=Token{a99ec3d ActivityRecord{522d994 u0 com.excelliance.dualaid/com.excelliance.kxqp.swipe.NavActivity2 t16036}}} below Reached focused app=AppWindowToken{740643e token=Token{9b21cf9 ActivityRecord{e46a7c0 u0 com.excelliance.dualaid/com.excelliance.kxqp.ui.HelloActivity t16036}}}
06-24 16:21:03.440 D/PMS11423(  657): package:com.excelliance.dualaid, input flags:128, output hwFlags:0
06-24 16:21:03.444 V/WindowManager(  657): Checking 1 opening apps (frozen=false timeout=false)...
06-24 16:21:03.444 V/WindowManager(  657): Check opening app=AppWindowToken{740643e token=Token{9b21cf9 ActivityRecord{e46a7c0 u0 com.excelliance.dualaid/com.excelliance.kxqp.ui.HelloActivity t16036}}}: allDrawn=false startingDisplayed=false startingMoved=false isRelaunching()=false
06-24 16:21:03.446 D/PMS11423(  657): package:com.excelliance.dualaid, input flags:128, output hwFlags:0
06-24 16:21:03.452 D/HwCust  (19852): Create obj success use class android.app.HwCustActivityImpl
06-24 16:21:03.452 D/HwCust  (19852): Create obj success use class android.app.HwCustHwWallpaperManagerImpl
06-24 16:21:03.447 D/PMS11423(  657): package:com.excelliance.dualaid, input flags:128, output hwFlags:0
06-24 16:21:03.454 V/ActivityThread(19852): ActivityThread,callActivityOnCreate
06-24 16:21:03.454 D/HelloActivity(19852): Memory:25135M
06-24 16:21:03.455 D/HelloActivity(19852): onCreate: true
06-24 16:21:03.455 D/PMS11423(  657): package:com.excelliance.dualaid, input flags:128, output hwFlags:0
06-24 16:21:03.457 D/HelloActivity(19852): mIsNav = true
06-24 16:21:03.461 D/HelloActivity(19852): requestShowOneKeyLoginConfig: 
06-24 16:21:03.462 D/GameUtilBuild(19852): getCompVersion e:java.lang.NullPointerException: Attempt to invoke virtual method 'android.content.pm.PackageManager android.content.Context.getPackageManager()' on a null object reference
06-24 16:21:03.462 D/PMS11423(  657): package:com.excelliance.dualaid, input flags:0, output hwFlags:0
06-24 16:21:03.462 D/PMS11423(  657): package:com.excelliance.dualaid, input flags:128, output hwFlags:0
06-24 16:21:03.463 D/PMS11423(  657): package:com.excelliance.dualaid, input flags:128, output hwFlags:0
06-24 16:21:03.468 D/PMS1000 (  657): package:com.excelliance.dualaid, input flags:8192, output hwFlags:0
06-24 16:21:03.470 D/PMS11423(  657): package:com.excelliance.dualaid, input flags:128, output hwFlags:0
06-24 16:21:03.470 D/PMS11423(  657): package:com.excelliance.dualaid, input flags:128, output hwFlags:0
06-24 16:21:03.471 D/PMS1001 (  657): package:com.excelliance.dualaid, input flags:0, output hwFlags:0
06-24 16:21:03.472 D/PMS11423(  657): package:com.excelliance.dualaid, input flags:128, output hwFlags:0
06-24 16:21:03.472 D/PMS11423(  657): package:com.excelliance.dualaid, input flags:128, output hwFlags:0
06-24 16:21:03.478 D/CubicBezierInterpolator(19852): CubicBezierInterpolator  mControlPoint1x = 0.23, mControlPoint1y = 0.06, mControlPoint2x = 0.09, mControlPoint2y = 0.97
06-24 16:21:03.478 D/CubicBezierInterpolator(19852): CubicBezierInterpolator  mControlPoint1x = 0.6, mControlPoint1y = 0.9, mControlPoint2x = 0.8, mControlPoint2y = 1.0
06-24 16:21:03.478 D/CubicBezierInterpolator(19852): CubicBezierInterpolator  mControlPoint1x = 0.23, mControlPoint1y = 0.06, mControlPoint2x = 0.09, mControlPoint2y = 0.97
06-24 16:21:03.478 D/CubicBezierInterpolator(19852): CubicBezierInterpolator  mControlPoint1x = 0.6, mControlPoint1y = 0.9, mControlPoint2x = 0.8, mControlPoint2y = 1.0
06-24 16:21:03.479 D/HwWechatOptimizeImpl(19852): mIsEffect:false
06-24 16:21:03.484 D/HwRTBlurUtils(19852): check blur style for HwPhoneWindow-, themeResId : 0x7f0e001c, context : com.excelliance.kxqp.ui.HelloActivity@c4029d0, Nhwext : 0, get Blur : disable with , null
06-24 16:21:03.485 V/HelloActivity(19852): start add appType0
06-24 16:21:03.486 D/PMS11423(  657): package:com.tencent.mm, input flags:0, output hwFlags:0
06-24 16:21:03.486 V/InitialData(19878): capitalize:Hi6250_launch
06-24 16:21:03.486 V/GameUtil(19878): getCurrentVersionByKey : hi6250_launch	current_hi6250_launch_version	Hi6250_launchVersion
06-24 16:21:03.487 D/PMS11423(  657): package:com.excelliance.dualaid, input flags:128, output hwFlags:0
06-24 16:21:03.487 V/GameUtil(19878): saveVersionToFileByKey  xml_key :hi6250_launch  result:-1
06-24 16:21:03.490 V/GameUtil(19878): getCurrentVersionByKey  hi6250_launch:-1
06-24 16:21:03.491 V/AddGameData(19878): _applist:hi6250
06-24 16:21:03.491 V/InitialData(19878): capitalize:Hi6250_applist
06-24 16:21:03.491 V/GameUtil(19878): getCurrentVersionByKey : hi6250_applist	current_hi6250_applist_version	Hi6250_applistVersion
06-24 16:21:03.492 V/GameUtil(19878): saveVersionToFileByKey  xml_key :hi6250_applist  result:-1
06-24 16:21:03.495 V/GameUtil(19878): getCurrentVersionByKey  hi6250_applist:-1
06-24 16:21:03.495 V/InitialData(19878): capitalize:Hi6250_notification
06-24 16:21:03.495 V/GameUtil(19878): getCurrentVersionByKey : hi6250_notification	current_hi6250_notification_version	Hi6250_notificationVersion
06-24 16:21:03.496 D/PMS11423(  657): package:com.excelliance.dualaid, input flags:128, output hwFlags:0
06-24 16:21:03.496 V/GameUtil(19878): saveVersionToFileByKey  xml_key :hi6250_notification  result:-1
06-24 16:21:03.497 E/HwResourcesImpl(19852): readDefaultConfig : FileNotFoundException
06-24 16:21:03.499 V/GameUtil(19878): getCurrentVersionByKey  hi6250_notification:-1
06-24 16:21:03.501 I/HwCust  (19852): Constructor found for class android.content.res.HwCustHwResourcesImpl
06-24 16:21:03.501 D/HwCust  (19852): Create obj success use class android.content.res.HwCustHwResourcesImpl
06-24 16:21:03.501 V/VersionManager(19878): ver source:{"hi6250_launch":"0","hi6250_applist":"0","hi6250_notification":"0"}
06-24 16:21:03.501 V/VersionManager(19878): ver :eyJoaTYyNTBfbGF1bmNoIjoiMCIsImhpNjI1MF9hcHBsaXN0IjoiMCIsImhpNjI1MF9ub3RpZmlj%0AYXRpb24iOiIwIn0%3D%0A
06-24 16:21:03.505 V/UrlUtil (19878): https://mto.multiopen.cn/dynamicphoneres.php?sdkver=2009&apkver=466&vn=4.0.6&compver=54302&mainver=231200&ver=eyJoaTYyNTBfbGF1bmNoIjoiMCIsImhpNjI1MF9hcHBsaXN0IjoiMCIsImhpNjI1MF9ub3RpZmlj%0AYXRpb24iOiIwIn0%3D%0A&chid=10019&subchid=1&type=20&uflag=2&pkg=com.excelliance.dualaid&api=26&release=8.0.0&abi=armeabi-v7a&abi2=armeabi&abilist=arm64-v8a%2Carmeabi-v7a%2Carmeabi&abilist32=armeabi-v7a%2Carmeabi&abilist64=arm64-v8a&brand=HONOR&manufacturer=HUAWEI&model=STF-AL10&product=STF-AL10&issl=1&sign=30820271308201daa0030201020204520332c2300d06092a864886f70d0101050500307c310b300906035504061302434e3111300f060355040813085368616e
06-24 16:21:03.505 D/VersionManager(19878): httpsRequest getURL = https://mto.multiopen.cn/dynamicphoneres.php?sdkver=2009&apkver=466&vn=4.0.6&compver=54302&mainver=231200&ver=eyJoaTYyNTBfbGF1bmNoIjoiMCIsImhpNjI1MF9hcHBsaXN0IjoiMCIsImhpNjI1MF9ub3RpZmlj%0AYXRpb24iOiIwIn0%3D%0A&chid=10019&subchid=1&type=20&uflag=2&pkg=com.excelliance.dualaid&api=26&release=8.0.0&abi=armeabi-v7a&abi2=armeabi&abilist=arm64-v8a%2Carmeabi-v7a%2Carmeabi&abilist32=armeabi-v7a%2Carmeabi&abilist64=arm64-v8a&brand=HONOR&manufacturer=HUAWEI&model=STF-AL10&product=STF-AL10&issl=1&sign=30820271308201daa0030201020204520332c2300d06092a864886f70d0101050500307c310b300906035504061302434e3111300f060355040813085368616e
06-24 16:21:03.509 W/X509TrustManager(19852): checkServerTrusted: SignatureException:null
06-24 16:21:03.510 W/X509TrustManager(19852): checkServerTrusted: SignatureException:error:04000073:RSA routines:OPENSSL_internal:DATA_TOO_LARGE_FOR_MODULUS
06-24 16:21:03.514 D/PMS11423(  657): package:com.tencent.mm, input flags:0, output hwFlags:0
06-24 16:21:03.516 D/PMS11423(  657): package:com.tencent.mobileqq, input flags:0, output hwFlags:0
06-24 16:21:03.518 I/TrafficMonitor(  657): expired arrive. level:-1
06-24 16:21:03.519 I/TrafficMonitor(  657): during_ms:2003,period_ms:2000
06-24 16:21:03.519 I/TrafficMonitor(  657): count:173,rx_sum:13,tx_sum:13,rxBytes:1399,during_ms:2003,rx_speed:698.4523215177234,tx_speed:627.5586620069895,rto:1.0
06-24 16:21:03.519 D/HuaweiWifiWatchdogStateMachine(  657): speed: rxpkt:13, rxSpd:698B/s, txpkt:13, txSpd:627
06-24 16:21:03.532 D/PMS11423(  657): package:com.tencent.mobileqq, input flags:0, output hwFlags:0
06-24 16:21:03.533 D/PMS11423(  657): package:com.ifreetalk.ftalk, input flags:0, output hwFlags:0
06-24 16:21:03.542 W/X509TrustManager(19878): checkServerTrusted: SignatureException:null
06-24 16:21:03.542 W/X509TrustManager(19878): checkServerTrusted: SignatureException:error:04000073:RSA routines:OPENSSL_internal:DATA_TOO_LARGE_FOR_MODULUS
06-24 16:21:03.543 D/HwRecentsLockUtils( 1513): Search
06-24 16:21:03.544 E/HsmCoreServiceImpl( 1478): onTransact in code is: 103
06-24 16:21:03.544 I/MediaProcessHandler( 1478): playingUids: 
06-24 16:21:03.544 D/ActivityManager(  657): Skipping, home or recents stack task: TaskRecord{333215f #15658 A=com.huawei.android.launcher U=0 StackId=0 sz=1}
06-24 16:21:03.544 D/ActivityManager(  657): Skipping intent:act=android.intent.action.MAIN cat=[android.intent.category.LAUNCHER] flg=0x10a00000 cmp=io.appium.settings/.Settings
06-24 16:21:03.544 D/ActivityManager(  657): Skipping intent:flg=0x10804000 cmp=com.android.systemui/.recents.RecentsActivity bnds=[48,928][1032,2296]
06-24 16:21:03.544 D/ActivityManager(  657): Skipping intent:flg=0x18800000 cmp=com.tencent.mm/.plugin.base.stub.WXPayEntryActivity
06-24 16:21:03.544 D/ActivityManager(  657): Skipping intent:flg=0x10800000 cmp=com.huawei.systemmanager/com.huawei.permissionmanager.ui.MainActivity
06-24 16:21:03.544 D/ActivityManager(  657): Skipping intent:flg=0x18800000 cmp=com.tencent.mm/.plugin.base.stub.WXEntryActivity
06-24 16:21:03.544 D/ActivityManager(  657): Skipping intent:act=com.huawei.action.VOICE_ASSISTANT flg=0x10800000 pkg=com.huawei.vassistant cmp=com.huawei.vassistant/.ui.main.VAssistantActivity
06-24 16:21:03.544 D/ActivityManager(  657): Skipping intent:act=com.huawei.android.launcher.action.ACCESS_SPLIT_SCREEN_APP cat=[android.intent.category.DEFAULT] flg=0x10804000 cmp=com.huawei.android.launcher/.splitscreen.SplitScreenAppActivity
06-24 16:21:03.544 D/ActivityManager(  657): Skipping intent:flg=0x10800000 pkg=com.excelliance.dualaid.b64 cmp=com.excelliance.dualaid.b64/com.excelliance.kxqp.sdk.PermissionRequestActivity
06-24 16:21:03.544 D/ActivityManager(  657): Skipping intent:act=android.intent.action.VIEW dat=content://com.excelliance.dualaid.fileProvider/external_storage_root/Download/apk/Multiple_64.apk typ=application/vnd.android.package-archive flg=0x10800001 cmp=com.android.packageinstaller/.InstallStart
06-24 16:21:03.544 D/ActivityManager(  657): Skipping intent:flg=0x10800000 cmp=com.android.systemui/.usb.HwUsbDebuggingActivity
06-24 16:21:03.544 D/ActivityManager(  657): Skipping intent:act=android.deviceinfo.chooser.action.LAUNCH flg=0x10800000 hwFlg=0x100 pkg=com.android.settings cmp=com.android.settings/.deviceinfo.UsbConnModeChooserActivity
06-24 16:21:03.544 D/ActivityManager(  657): Skipping intent:flg=0x10800000 cmp=com.zol.android/.push.KeepLiveActivity
06-24 16:21:03.544 D/ActivityManager(  657): Skipping intent:act=android.intent.action.MAIN cat=[android.intent.category.HOME] flg=0x10800300 cmp=com.android.settings/.FallbackHome
06-24 16:21:03.548 D/PMS11423(  657): package:com.ifreetalk.ftalk, input flags:0, output hwFlags:0
06-24 16:21:03.549 V/HelloActivity(19852): end add appType0
06-24 16:21:03.553 I/zygote  (19852): Do partial code cache collection, code=62KB, data=48KB
06-24 16:21:03.553 I/zygote  (19852): After code cache collection, code=61KB, data=48KB
06-24 16:21:03.553 I/zygote  (19852): Increasing code cache capacity to 256KB
06-24 16:21:03.553 D/HelloActivity(19852): onSuccess: respone:{"code":1,"message":"success","data":{"switch":1},"service":"onekeyswitch"}
06-24 16:21:03.565 D/ActivityThread(19852): add activity client record, r= ActivityRecord{2c2a792 token=android.os.BinderProxy@f7a1593 {com.excelliance.dualaid/com.excelliance.kxqp.ui.HelloActivity}} token= android.os.BinderProxy@f7a1593
06-24 16:21:03.568 D/OpenGLRenderer(19852):   HWUI Binary is  enabled
06-24 16:21:03.569 V/WindowManager(  657): Adding Window{a0b6697 u0 com.excelliance.dualaid/com.excelliance.kxqp.ui.HelloActivity} to AppWindowToken{740643e token=Token{9b21cf9 ActivityRecord{e46a7c0 u0 com.excelliance.dualaid/com.excelliance.kxqp.ui.HelloActivity t16036}}}
06-24 16:21:03.569 V/WindowManager(  657): addWindow: New client android.os.BinderProxy@f42bd16: window=Window{a0b6697 u0 com.excelliance.dualaid/com.excelliance.kxqp.ui.HelloActivity} Callers=com.android.server.wm.HwWindowManagerService.addWindow:562 com.android.server.wm.Session.addToDisplay:199 android.view.IWindowSession$Stub.onTransact:124 com.android.server.wm.Session.onTransact:161 android.os.Binder.execTransact:675 
06-24 16:21:03.571 V/MainActivity(19852): onWindowFocusChanged: false
06-24 16:21:03.571 D/MainActivity(19852): onWindowFocusChanged: end
06-24 16:21:03.571 D/HelloActivity(19852): upload: com.tencent.mm,com.tencent.mobileqq,com.ifreetalk.ftalk
06-24 16:21:03.573 D/OpenGLRenderer(19852):   HWUI Binary is  enabled
06-24 16:21:03.573 E/SmtServService(19878): firststartcom.tencent.mm,com.tencent.mobileqq,com.ifreetalk.ftalk
06-24 16:21:03.587 V/WindowManager(  657): Checking 1 opening apps (frozen=false timeout=false)...
06-24 16:21:03.587 V/WindowManager(  657): Check opening app=AppWindowToken{740643e token=Token{9b21cf9 ActivityRecord{e46a7c0 u0 com.excelliance.dualaid/com.excelliance.kxqp.ui.HelloActivity t16036}}}: allDrawn=false startingDisplayed=false startingMoved=false isRelaunching()=false
06-24 16:21:03.589 V/HwPhoneWindowManager(  657): updateSystemUiColorLw window=Window{a0b6697 u0 com.excelliance.dualaid/com.excelliance.kxqp.ui.HelloActivity},EmuiStyle=0,StatusBarColor=0x0,NavigationBarColor=0xff000000, mLastIsEmuiLightStyle=-1
06-24 16:21:03.589 D/HwPhoneWindowManager(  657): Transact:setSystemUIColor to status bar service
06-24 16:21:03.589 I/CommandQueue( 1513): updateBarBgColor
06-24 16:21:03.589 D/CommandQueue( 1513): CommandQueue, setBarBackgroundColor
06-24 16:21:03.590 D/TintManager( 1513): statusBarIconTint=#99FFFFFF,navigationBarIconTint=#FF000000
06-24 16:21:03.590 I/WindowManager(  657): notifyAccessibilityButtonVisibilityChanged visible:false
06-24 16:21:03.590 W/ActivityManager(  657): Sending non-protected broadcast huawei.action.floattasks.STATUS_BAR_STATE_CHANGED from system 1513:com.android.systemui/u0a39 pkg com.android.systemui
06-24 16:21:03.590 D/VersionManager(19878): xml=<?xml version="1.0" encoding="utf-8"?><upinfo></upinfo>
06-24 16:21:03.591 V/WindowManager(  657): Checking 1 opening apps (frozen=false timeout=false)...
06-24 16:21:03.591 V/WindowManager(  657): Check opening app=AppWindowToken{740643e token=Token{9b21cf9 ActivityRecord{e46a7c0 u0 com.excelliance.dualaid/com.excelliance.kxqp.ui.HelloActivity t16036}}}: allDrawn=false startingDisplayed=false startingMoved=false isRelaunching()=false
06-24 16:21:03.593 D/mali_winsys(19852): EGLint new_window_surface(egl_winsys_display *, void *, EGLSurface, EGLConfig, egl_winsys_surface **, egl_color_buffer_format *, EGLBoolean) returns 0x3000
06-24 16:21:03.594 I/GRALLOC (  679): 	 shrFd=10,fmt=0x1,intFmt=0x200000001,btStrd=4352,size=8486912,pid=679 
06-24 16:21:03.594 I/GRALLOC (  679): 	 yuv=2,w=1080,h=1920,Stride u=0 v=0,offset u=0 v=0 
06-24 16:21:03.594 I/GRALLOC (  679): 	 iova_size=8486912,conUsg=0x900,proUsg=0x900,	 strd=1088,[afbc]HdrStrd=1088 PyldStrd=69632 Scrmbl=2,ionhnd = 1 
06-24 16:21:03.596 V/WindowManager(  657): Checking 1 opening apps (frozen=false timeout=false)...
06-24 16:21:03.596 V/WindowManager(  657): Check opening app=AppWindowToken{740643e token=Token{9b21cf9 ActivityRecord{e46a7c0 u0 com.excelliance.dualaid/com.excelliance.kxqp.ui.HelloActivity t16036}}}: allDrawn=false startingDisplayed=false startingMoved=false isRelaunching()=false
06-24 16:21:03.597 W//system/bin/hwservicemanager(  416): Cannot open /odm/manifest.xml
06-24 16:21:03.598 I/GRALLOC (  679): 	 shrFd=10,fmt=0x1,intFmt=0x200000001,btStrd=4352,size=8486912,pid=679 
06-24 16:21:03.598 I/GRALLOC (  679): 	 yuv=2,w=1080,h=1920,Stride u=0 v=0,offset u=0 v=0 
06-24 16:21:03.598 I/GRALLOC (  679): 	 iova_size=8486912,conUsg=0x900,proUsg=0x900,	 strd=1088,[afbc]HdrStrd=1088 PyldStrd=69632 Scrmbl=2,ionhnd = 1 
06-24 16:21:03.601 I/GRALLOC (  679): 	 shrFd=10,fmt=0x1,intFmt=0x200000001,btStrd=4352,size=8486912,pid=679 
06-24 16:21:03.601 I/GRALLOC (  679): 	 yuv=2,w=1080,h=1920,Stride u=0 v=0,offset u=0 v=0 
06-24 16:21:03.601 I/GRALLOC (  679): 	 iova_size=8486912,conUsg=0x900,proUsg=0x900,	 strd=1088,[afbc]HdrStrd=1088 PyldStrd=69632 Scrmbl=2,ionhnd = 1 
06-24 16:21:03.615 W/InputMethodManager(19852): startInputReason = 1
06-24 16:21:03.618 I/wangchen( 7035): SysInfo.getSysParam: orientation=1||config d=3.0,w=1080,h=1920||metrics d=3.0,w=1080,h=1920||sdk=26,bar_h=72
06-24 16:21:03.618 I/KeymapLoader( 7035): w=1080 h=1920 ori=true appScale=3.3 s1=3.0
06-24 16:21:03.618 D/PMS11423(  657): package:com.android.mms, input flags:0, output hwFlags:0
06-24 16:21:03.618 D/PMS11423(  657): package:com.android.settings, input flags:0, output hwFlags:0
06-24 16:21:03.619 D/PMS11423(  657): package:com.android.contacts, input flags:0, output hwFlags:0
06-24 16:21:03.632 I/GRALLOC (  679): 	 shrFd=10,fmt=0x1,intFmt=0x200000001,btStrd=4352,size=8486912,pid=679 
06-24 16:21:03.632 I/GRALLOC (  679): 	 yuv=2,w=1080,h=1920,Stride u=0 v=0,offset u=0 v=0 
06-24 16:21:03.632 I/GRALLOC (  679): 	 iova_size=8486912,conUsg=0xb00,proUsg=0xb00,	 strd=1088,[afbc]HdrStrd=1088 PyldStrd=69632 Scrmbl=2,ionhnd = 1 
06-24 16:21:03.636 D/PMS1000 (  657): package:com.excelliance.dualaid, input flags:8192, output hwFlags:0
06-24 16:21:03.637 W/HSM     ( 1813): HoldService:toast switch is close!
06-24 16:21:03.638 D/ApplicationPackageManager(19852): getInstalledApplications blocked
06-24 16:21:03.638 D/HsmInterfaceImpl(19852): List [ApplicationInfo{eb33652 com.huawei.hifolder}, ApplicationInfo{2474d23 com.github.shadowsocks}, ApplicationInfo{deeb220 com.excelliance.dualaid}]
06-24 16:21:03.639 D/WindowManager(  657): finishDrawingWindow: Window{a0b6697 u0 com.excelliance.dualaid/com.excelliance.kxqp.ui.HelloActivity} mDrawState=DRAW_PENDING
06-24 16:21:03.642 V/WindowManager(  657): Checking 1 opening apps (frozen=false timeout=false)...
06-24 16:21:03.642 V/WindowManager(  657): Check opening app=AppWindowToken{740643e token=Token{9b21cf9 ActivityRecord{e46a7c0 u0 com.excelliance.dualaid/com.excelliance.kxqp.ui.HelloActivity t16036}}}: allDrawn=true startingDisplayed=false startingMoved=false isRelaunching()=false
06-24 16:21:03.645 D/PMS11423(  657): package:com.tencent.tmgp.qqx5, input flags:0, output hwFlags:0
06-24 16:21:03.645 D/PMS11423(  657): package:com.huawei.android.pushagent, input flags:0, output hwFlags:0
06-24 16:21:03.645 D/PMS11423(  657): package:com.huawei.appmarket, input flags:0, output hwFlags:0
06-24 16:21:03.645 D/PMS11423(  657): package:com.wandoujia.phoenix2, input flags:0, output hwFlags:0
06-24 16:21:03.645 D/PMS11423(  657): package:com.tencent.mm, input flags:0, output hwFlags:0
06-24 16:21:03.646 D/PMS11423(  657): package:com.android.providers.media, input flags:0, output hwFlags:0
06-24 16:21:03.646 D/PMS11423(  657): package:com.huawei.vassistant, input flags:0, output hwFlags:0
06-24 16:21:03.646 D/PMS11423(  657): package:com.android.contacts, input flags:0, output hwFlags:0
06-24 16:21:03.646 D/PMS11423(  657): package:com.facebook.katana, input flags:0, output hwFlags:0
06-24 16:21:03.646 D/PMS11423(  657): package:com.huawei.hidisk, input flags:0, output hwFlags:536870912
06-24 16:21:03.646 D/PMS11423(  657): package:com.huawei.trustcircle, input flags:0, output hwFlags:0
06-24 16:21:03.646 D/PMS11423(  657): package:com.jingdong.app.mall, input flags:0, output hwFlags:0
06-24 16:21:03.647 D/PMS11423(  657): package:com.tencent.mobileqq, input flags:0, output hwFlags:0
06-24 16:21:03.647 D/PMS11423(  657): package:com.zol.android, input flags:0, output hwFlags:0
06-24 16:21:03.647 D/PMS11423(  657): package:com.huawei.hiskytone, input flags:0, output hwFlags:603979776
06-24 16:21:03.647 D/PMS11423(  657): package:com.huawei.hwid, input flags:0, output hwFlags:0
06-24 16:21:03.647 D/PMS11423(  657): package:com.sina.weibo, input flags:0, output hwFlags:0
06-24 16:21:03.647 D/PMS11423(  657): package:com.antutu.ABenchMark, input flags:0, output hwFlags:0
06-24 16:21:03.647 D/PMS11423(  657): package:com.sankuai.meituan.takeoutnew, input flags:0, output hwFlags:0
06-24 16:21:03.648 D/PMS11423(  657): package:com.vmall.client, input flags:0, output hwFlags:67108864
06-24 16:21:03.648 D/PMS11423(  657): package:com.android.browser, input flags:0, output hwFlags:0
06-24 16:21:03.648 D/PMS11423(  657): package:com.eg.android.AlipayGphone, input flags:0, output hwFlags:0
06-24 16:21:03.648 D/PMS11423(  657): package:com.android.mediacenter, input flags:0, output hwFlags:0
06-24 16:21:03.648 D/PMS11423(  657): package:com.huawei.himovie, input flags:0, output hwFlags:0
06-24 16:21:03.648 D/PMS11423(  657): package:com.huawei.hnreader, input flags:0, output hwFlags:67108864
06-24 16:21:03.648 D/PMS11423(  657): package:com.twitter.android, input flags:0, output hwFlags:0
06-24 16:21:03.649 D/PMS11423(  657): package:com.baidu.input_huawei, input flags:0, output hwFlags:0
06-24 16:21:03.649 D/PMS11423(  657): package:com.google.android.gms, input flags:0, output hwFlags:0
06-24 16:21:03.649 D/PMS11423(  657): package:com.sankuai.meituan, input flags:0, output hwFlags:0
06-24 16:21:03.649 D/PMS11423(  657): package:com.tencent.news, input flags:0, output hwFlags:0
06-24 16:21:03.649 D/PMS11423(  657): package:com.iflytek.speechsuite, input flags:0, output hwFlags:0
06-24 16:21:03.649 D/PMS11423(  657): package:com.qzone, input flags:0, output is null
06-24 16:21:03.650 D/PMS11423(  657): package:com.tencent.android.qqdownloader, input flags:0, output hwFlags:0
06-24 16:21:03.650 D/PMS11423(  657): package:com.tencent.now, input flags:0, output is null
06-24 16:21:03.650 D/PMS11423(  657): package:com.ifreetalk.ftalk, input flags:0, output hwFlags:0
06-24 16:21:03.650 D/PMS11423(  657): package:com.taobao.taobao, input flags:0, output hwFlags:0
06-24 16:21:03.650 D/PMS11423(  657): package:com.android.gallery3d, input flags:0, output hwFlags:0
06-24 16:21:03.650 D/PMS11423(  657): package:com.pp.assistant, input flags:0, output hwFlags:0
06-24 16:21:03.650 D/PMS11423(  657): package:com.oppo.market, input flags:0, output hwFlags:0
06-24 16:21:03.651 D/PMS11423(  657): package:com.excean.wxaid, input flags:0, output hwFlags:0
06-24 16:21:03.651 D/PMS11423(  657): package:com.huawei.intelligent, input flags:0, output hwFlags:0
06-24 16:21:03.651 D/PMS11423(  657): package:com.google.android.backuptransport, input flags:0, output hwFlags:0
06-24 16:21:03.651 D/PMS11423(  657): package:com.huawei.skytone, input flags:0, output hwFlags:0
06-24 16:21:03.651 D/PMS11423(  657): package:com.estrongs.android.pop, input flags:0, output hwFlags:0
06-24 16:21:03.651 D/PMS11423(  657): package:com.redfinger.app, input flags:0, output hwFlags:0
06-24 16:21:03.651 D/PMS11423(  657): package:com.android.vending, input flags:0, output hwFlags:0
06-24 16:21:03.652 D/PMS11423(  657): package:org.hapjs.mockup, input flags:0, output hwFlags:0
06-24 16:21:03.652 D/PMS11423(  657): package:com.huawei.gamebox, input flags:0, output hwFlags:603979776
06-24 16:21:03.652 D/PMS11423(  657): package:com.tencent.tmgp.pubgmhd-ext, input flags:0, output is null
06-24 16:21:03.652 D/PMS11423(  657): package:com.stickgame.los2, input flags:0, output hwFlags:0
06-24 16:21:03.652 D/PMS11423(  657): package:com.qihoo.appstore, input flags:0, output hwFlags:0
06-24 16:21:03.652 D/PMS11423(  657): package:com.huawei.android.thememanager, input flags:0, output hwFlags:0
06-24 16:21:03.652 V/WindowManager(  657): Checking 0 opening apps (frozen=false timeout=false)...
06-24 16:21:03.652 D/PMS11423(  657): package:com.excean.parallelspace, input flags:0, output hwFlags:0
06-24 16:21:03.653 D/PMS11423(  657): package:com.UCMobile, input flags:0, output hwFlags:0
06-24 16:21:03.653 D/PMS11423(  657): package:com.bbk.appstore, input flags:0, output hwFlags:0
06-24 16:21:03.653 D/PMS11423(  657): package:com.excean.ppaid, input flags:0, output hwFlags:0
06-24 16:21:03.653 D/PMS11423(  657): package:com.netease.blockchain, input flags:0, output hwFlags:0
06-24 16:21:03.653 D/PMS11423(  657): package:com.huawei.camera, input flags:0, output hwFlags:0
06-24 16:21:03.653 D/PMS11423(  657): package:com.sinovatech.unicom.ui, input flags:0, output hwFlags:0
06-24 16:21:03.654 D/PMS11423(  657): package:com.huawei.phoneservice, input flags:0, output hwFlags:0
06-24 16:21:03.654 D/PMS11423(  657): package:com.crisisfire.android.nearme.gamecenter, input flags:0, output hwFlags:0
06-24 16:21:03.654 D/PMS11423(  657): package:com.antutu.benchmark.full, input flags:0, output hwFlags:0
06-24 16:21:03.654 D/PMS11423(  657): package:com.xunmeng.pinduoduo, input flags:0, output hwFlags:0
06-24 16:21:03.654 D/PMS11423(  657): package:com.zhuowang.cloneapp, input flags:0, output hwFlags:0
06-24 16:21:03.655 D/PMS11423(  657): package:com.excean.parallelspace.b64, input flags:0, output hwFlags:0
06-24 16:21:03.655 D/PMS11423(  657): package:com.excelliance.multiaccounts.b64, input flags:0, output hwFlags:0
06-24 16:21:03.655 D/PMS11423(  657): package:com.xiangyou.multispace, input flags:0, output hwFlags:0
06-24 16:21:03.655 D/PMS11423(  657): package:com.youlong.multiaccount, input flags:0, output hwFlags:0
06-24 16:21:03.655 D/PMS11423(  657): package:com.gameloft.android.ANMP.GloftA9HM, input flags:0, output hwFlags:0
06-24 16:21:03.656 D/BarTransitions.HwPhoneStatusBarView( 1513): MODE_TRANSLUCENT -> MODE_TRANSPARENT animate=false
06-24 16:21:03.656 D/BarTransitions.HwPhoneStatusBarView( 1513): applyModeBackground oldMode=MODE_TRANSLUCENT newMode=MODE_TRANSPARENT animate=false
06-24 16:21:03.656 D/PMS11423(  657): package:com.excelliance.dualaid.b64, input flags:0, output hwFlags:0
06-24 16:21:03.656 D/AddGameData(19852): switch_uninstall: 70
06-24 16:21:03.657 I/ActivityManager(  657): Displayed com.excelliance.dualaid/com.excelliance.kxqp.ui.HelloActivity: +204ms
06-24 16:21:03.659 I/GRALLOC (  679): 	 shrFd=10,fmt=0x1,intFmt=0x200000001,btStrd=4352,size=8486912,pid=679 
06-24 16:21:03.659 I/GRALLOC (  679): 	 yuv=2,w=1080,h=1920,Stride u=0 v=0,offset u=0 v=0 
06-24 16:21:03.659 I/GRALLOC (  679): 	 iova_size=8486912,conUsg=0xb00,proUsg=0xb00,	 strd=1088,[afbc]HdrStrd=1088 PyldStrd=69632 Scrmbl=2,ionhnd = 1 
06-24 16:21:03.660 D/PMS1000 (  657): package:com.excelliance.dualaid, input flags:8192, output hwFlags:0
06-24 16:21:03.662 W/HSM     ( 1813): HoldService:toast switch is close!
06-24 16:21:03.663 D/ApplicationPackageManager(19852): queryIntentActivitiesAsUser blocked, Intent { act=android.intent.action.MAIN cat=[android.intent.category.LAUNCHER] pkg=com.huawei.hifolder }
06-24 16:21:03.663 D/HsmInterfaceImpl(19852): List []
06-24 16:21:03.667 W/HSM     ( 1813): HoldService:toast switch is close!
06-24 16:21:03.668 D/ApplicationPackageManager(19852): queryIntentActivitiesAsUser blocked, Intent { act=android.intent.action.MAIN cat=[android.intent.category.LAUNCHER] pkg=com.github.shadowsocks }
06-24 16:21:03.668 D/HsmInterfaceImpl(19852): List [ResolveInfo{da7c7d9 com.github.shadowsocks/.MainActivity m=0x108000}]
06-24 16:21:03.671 D/BarTransitions.HwNavigationBarView( 1513): MODE_OPAQUE -> MODE_TRANSPARENT animate=false
06-24 16:21:03.671 D/BarTransitions.HwNavigationBarView( 1513): applyModeBackground oldMode=MODE_OPAQUE newMode=MODE_TRANSPARENT animate=false
06-24 16:21:03.672 I/GRALLOC (  679): 	 shrFd=10,fmt=0x1,intFmt=0x200000001,btStrd=4352,size=8486912,pid=679 
06-24 16:21:03.672 I/GRALLOC (  679): 	 yuv=2,w=1080,h=1920,Stride u=0 v=0,offset u=0 v=0 
06-24 16:21:03.672 I/GRALLOC (  679): 	 iova_size=8486912,conUsg=0xb00,proUsg=0xb00,	 strd=1088,[afbc]HdrStrd=1088 PyldStrd=69632 Scrmbl=2,ionhnd = 1 
06-24 16:21:03.677 E/BufferQueueProducer(  710): [com.excelliance.dualaid/com.excelliance.kxqp.swipe.NavActivity2#0] disconnect: not connected (req=1)
06-24 16:21:03.677 W/libEGL  (19852): EGLNativeWindowType 0xd0cb7808 disconnect failed
06-24 16:21:03.692 D/PMS1000 (  657): package:com.excelliance.dualaid, input flags:8192, output hwFlags:0
06-24 16:21:03.693 W/HSM     ( 1813): HoldService:toast switch is close!
06-24 16:21:03.694 D/ApplicationPackageManager(19852): queryIntentActivitiesAsUser blocked, Intent { act=android.intent.action.MAIN cat=[android.intent.category.LAUNCHER] pkg=com.excelliance.dualaid }
06-24 16:21:03.694 D/HsmInterfaceImpl(19852): List [ResolveInfo{537987f com.excelliance.dualaid/com.excelliance.kxqp.ui.HelloActivity m=0x108000}]
06-24 16:21:03.724 W/HSM     ( 1813): HoldService:toast switch is close!
06-24 16:21:03.726 D/ApplicationPackageManager(19852): queryIntentActivitiesAsUser blocked, Intent { act=android.intent.action.MAIN cat=[android.intent.category.LAUNCHER] pkg=com.tencent.tmgp.qqx5 }
06-24 16:21:03.726 D/HsmInterfaceImpl(19852): List [ResolveInfo{7c40895 com.tencent.tmgp.qqx5/.DGMMainActivity m=0x108000}]
06-24 16:21:03.745 I/zygote64(  657): Background concurrent copying GC freed 703479(31MB) AllocSpace objects, 101(3MB) LOS objects, 30% free, 54MB/78MB, paused 385us total 148.387ms
06-24 16:21:03.751 D/HwRecentsLockUtils( 1513): Search
06-24 16:21:03.751 E/HsmCoreServiceImpl( 1478): onTransact in code is: 103
06-24 16:21:03.751 I/MediaProcessHandler( 1478): playingUids: 
06-24 16:21:03.751 D/ActivityManager(  657): Skipping, home or recents stack task: TaskRecord{333215f #15658 A=com.huawei.android.launcher U=0 StackId=0 sz=1}
06-24 16:21:03.751 D/ActivityManager(  657): Skipping intent:act=android.intent.action.MAIN cat=[android.intent.category.LAUNCHER] flg=0x10a00000 cmp=io.appium.settings/.Settings
06-24 16:21:03.751 D/ActivityManager(  657): Skipping intent:flg=0x10804000 cmp=com.android.systemui/.recents.RecentsActivity bnds=[48,928][1032,2296]
06-24 16:21:03.751 D/ActivityManager(  657): Skipping intent:flg=0x18800000 cmp=com.tencent.mm/.plugin.base.stub.WXPayEntryActivity
06-24 16:21:03.751 D/ActivityManager(  657): Skipping intent:flg=0x10800000 cmp=com.huawei.systemmanager/com.huawei.permissionmanager.ui.MainActivity
06-24 16:21:03.751 D/ActivityManager(  657): Skipping intent:flg=0x18800000 cmp=com.tencent.mm/.plugin.base.stub.WXEntryActivity
06-24 16:21:03.751 D/ActivityManager(  657): Skipping intent:act=com.huawei.action.VOICE_ASSISTANT flg=0x10800000 pkg=com.huawei.vassistant cmp=com.huawei.vassistant/.ui.main.VAssistantActivity
06-24 16:21:03.751 D/ActivityManager(  657): Skipping intent:act=com.huawei.android.launcher.action.ACCESS_SPLIT_SCREEN_APP cat=[android.intent.category.DEFAULT] flg=0x10804000 cmp=com.huawei.android.launcher/.splitscreen.SplitScreenAppActivity
06-24 16:21:03.751 D/ActivityManager(  657): Skipping intent:flg=0x10800000 pkg=com.excelliance.dualaid.b64 cmp=com.excelliance.dualaid.b64/com.excelliance.kxqp.sdk.PermissionRequestActivity
06-24 16:21:03.751 D/ActivityManager(  657): Skipping intent:act=android.intent.action.VIEW dat=content://com.excelliance.dualaid.fileProvider/external_storage_root/Download/apk/Multiple_64.apk typ=application/vnd.android.package-archive flg=0x10800001 cmp=com.android.packageinstaller/.InstallStart
06-24 16:21:03.751 D/ActivityManager(  657): Skipping intent:flg=0x10800000 cmp=com.android.systemui/.usb.HwUsbDebuggingActivity
06-24 16:21:03.751 D/ActivityManager(  657): Skipping intent:act=android.deviceinfo.chooser.action.LAUNCH flg=0x10800000 hwFlg=0x100 pkg=com.android.settings cmp=com.android.settings/.deviceinfo.UsbConnModeChooserActivity
06-24 16:21:03.751 D/ActivityManager(  657): Skipping intent:flg=0x10800000 cmp=com.zol.android/.push.KeepLiveActivity
06-24 16:21:03.751 D/ActivityManager(  657): Skipping intent:act=android.intent.action.MAIN cat=[android.intent.category.HOME] flg=0x10800300 cmp=com.android.settings/.FallbackHome
06-24 16:21:03.771 D/PMS1000 (  657): package:com.excelliance.dualaid, input flags:8192, output hwFlags:0
06-24 16:21:03.772 W/HSM     ( 1813): HoldService:toast switch is close!
06-24 16:21:03.772 D/ApplicationPackageManager(19852): queryIntentActivitiesAsUser blocked, Intent { act=android.intent.action.MAIN cat=[android.intent.category.LAUNCHER] pkg=com.huawei.android.pushagent }
06-24 16:21:03.772 D/HsmInterfaceImpl(19852): List []
06-24 16:21:03.775 W/HSM     ( 1813): HoldService:toast switch is close!
06-24 16:21:03.776 D/ApplicationPackageManager(19852): queryIntentActivitiesAsUser blocked, Intent { act=android.intent.action.MAIN cat=[android.intent.category.LAUNCHER] pkg=com.huawei.appmarket }
06-24 16:21:03.776 D/HsmInterfaceImpl(19852): List [ResolveInfo{8b73d9b com.huawei.appmarket/.MainActivity m=0x108000}]
06-24 16:21:03.780 E/asset   (19852): createFromFile(): lock file /data/resource-cache/system@emui@base@overlay@frameworkhwexthonor@frameworkhwexthonor.apk@idmap.
06-24 16:21:03.780 E/asset   (19852): createFromFile(): lock file /data/resource-cache/system@emui@base@overlay@frameworkhwexthonor@frameworkhwexthonor.apk@idmap.
06-24 16:21:03.780 W/ResourceType(19852): Found multiple library tables, ignoring...
06-24 16:21:03.811 W/HSM     ( 1813): HoldService:toast switch is close!
06-24 16:21:03.811 D/ApplicationPackageManager(19852): queryIntentActivitiesAsUser blocked, Intent { act=android.intent.action.MAIN cat=[android.intent.category.LAUNCHER] pkg=com.wandoujia.phoenix2 }
06-24 16:21:03.811 D/HsmInterfaceImpl(19852): List [ResolveInfo{67f8a76 com.wandoujia.phoenix2/com.pp.assistant.activity.PPMainActivity m=0x108000}]
06-24 16:21:03.844 D/PMS1000 (  657): package:com.excelliance.dualaid, input flags:8192, output hwFlags:0
