06-24 16:26:57.115 V/WindowManager(  657): Checking 1 opening apps (frozen=false timeout=false)...
06-24 16:26:57.115 V/WindowManager(  657): Check opening app=AppWindowToken{4f5cd8f token=Token{37b04ee ActivityRecord{d851269 u0 com.excelliance.dualaid/com.excelliance.kxqp.swipe.NavActivity2 t16040}}}: allDrawn=false startingDisplayed=false startingMoved=false isRelaunching()=false
06-24 16:26:57.118 V/HwPhoneWindowManager(  657): updateSystemUiColorLw window=Window{8f5652 u0 com.excelliance.dualaid/com.excelliance.kxqp.swipe.NavActivity2},EmuiStyle=0,StatusBarColor=0xff000000,NavigationBarColor=0xff000000, mLastIsEmuiLightStyle=-1
06-24 16:26:57.118 D/HwPhoneWindowManager(  657): Transact:setSystemUIColor to status bar service
06-24 16:26:57.118 I/CommandQueue( 1513): updateBarBgColor
06-24 16:26:57.118 D/CommandQueue( 1513): CommandQueue, setBarBackgroundColor
06-24 16:26:57.119 V/WindowManager(  657): Checking 1 opening apps (frozen=false timeout=false)...
06-24 16:26:57.119 V/WindowManager(  657): Check opening app=AppWindowToken{4f5cd8f token=Token{37b04ee ActivityRecord{d851269 u0 com.excelliance.dualaid/com.excelliance.kxqp.swipe.NavActivity2 t16040}}}: allDrawn=false startingDisplayed=false startingMoved=false isRelaunching()=false
06-24 16:26:57.121 D/TintManager( 1513): statusBarIconTint=#99FFFFFF,navigationBarIconTint=#FF000000
06-24 16:26:57.122 I/GRALLOC (  679): 	 shrFd=10,fmt=0x1,intFmt=0x200000001,btStrd=4352,size=8486912,pid=679 
06-24 16:26:57.122 I/GRALLOC (  679): 	 yuv=2,w=1080,h=1920,Stride u=0 v=0,offset u=0 v=0 
06-24 16:26:57.122 I/GRALLOC (  679): 	 iova_size=8486912,conUsg=0x900,proUsg=0x900,	 strd=1088,[afbc]HdrStrd=1088 PyldStrd=69632 Scrmbl=2,ionhnd = 1 
06-24 16:26:57.123 D/MainActivity(24731): run: initPage3
06-24 16:26:57.123 V/MainActivity(24731): onWindowFocusChanged: true
06-24 16:26:57.124 W/InputMethodManager(24731): startInputReason = 1
06-24 16:26:57.125 I/GRALLOC (  679): 	 shrFd=10,fmt=0x1,intFmt=0x200000001,btStrd=4352,size=8486912,pid=679 
06-24 16:26:57.125 I/GRALLOC (  679): 	 yuv=2,w=1080,h=1920,Stride u=0 v=0,offset u=0 v=0 
06-24 16:26:57.125 I/GRALLOC (  679): 	 iova_size=8486912,conUsg=0x900,proUsg=0x900,	 strd=1088,[afbc]HdrStrd=1088 PyldStrd=69632 Scrmbl=2,ionhnd = 1 
06-24 16:26:57.125 I/OpenGLRenderer(24731): Initialized EGL, version 1.4
06-24 16:26:57.125 D/OpenGLRenderer(24731): Swap behavior 2
06-24 16:26:57.128 I/GRALLOC (  679): 	 shrFd=10,fmt=0x1,intFmt=0x200000001,btStrd=4352,size=8486912,pid=679 
06-24 16:26:57.128 I/GRALLOC (  679): 	 yuv=2,w=1080,h=1920,Stride u=0 v=0,offset u=0 v=0 
06-24 16:26:57.128 I/GRALLOC (  679): 	 iova_size=8486912,conUsg=0x900,proUsg=0x900,	 strd=1088,[afbc]HdrStrd=1088 PyldStrd=69632 Scrmbl=2,ionhnd = 1 
06-24 16:26:57.129 D/mali_winsys(24731): EGLint new_window_surface(egl_winsys_display *, void *, EGLSurface, EGLConfig, egl_winsys_surface **, egl_color_buffer_format *, EGLBoolean) returns 0x3000
06-24 16:26:57.130 E/vndksupport(24731): Could not load vendor/lib/egl/libGLES_mali_v2.so from sphal namespace: dlopen failed: library "vendor/lib/egl/libGLES_mali_v2.so" not found.
06-24 16:26:57.130 W/InputMethodManager(24731): startInputReason = 5
06-24 16:26:57.132 I/wangchen( 7035): SysInfo.getSysParam: orientation=1||config d=3.0,w=1080,h=1920||metrics d=3.0,w=1080,h=1920||sdk=26,bar_h=72
06-24 16:26:57.132 I/KeymapLoader( 7035): w=1080 h=1920 ori=true appScale=3.3 s1=3.0
06-24 16:26:57.137 D/BarTransitions.HwPhoneStatusBarView( 1513): MODE_TRANSPARENT -> MODE_TRANSLUCENT animate=false
06-24 16:26:57.139 D/BarTransitions.HwPhoneStatusBarView( 1513): applyModeBackground oldMode=MODE_TRANSPARENT newMode=MODE_TRANSLUCENT animate=false
06-24 16:26:57.143 D/StatusBarIconController( 1513): setIconVisibility icon is null or visibility not change visibility=false
06-24 16:26:57.146 I/GRALLOC (  679): 	 shrFd=10,fmt=0x1,intFmt=0x200000001,btStrd=4352,size=8486912,pid=679 
06-24 16:26:57.146 I/GRALLOC (  679): 	 yuv=2,w=1080,h=1920,Stride u=0 v=0,offset u=0 v=0 
06-24 16:26:57.146 I/GRALLOC (  679): 	 iova_size=8486912,conUsg=0xb00,proUsg=0xb00,	 strd=1088,[afbc]HdrStrd=1088 PyldStrd=69632 Scrmbl=2,ionhnd = 1 
06-24 16:26:57.153 D/WindowManager(  657): finishDrawingWindow: Window{8f5652 u0 com.excelliance.dualaid/com.excelliance.kxqp.swipe.NavActivity2} mDrawState=DRAW_PENDING
06-24 16:26:57.155 V/WindowManager(  657): Checking 1 opening apps (frozen=false timeout=false)...
06-24 16:26:57.155 V/WindowManager(  657): Check opening app=AppWindowToken{4f5cd8f token=Token{37b04ee ActivityRecord{d851269 u0 com.excelliance.dualaid/com.excelliance.kxqp.swipe.NavActivity2 t16040}}}: allDrawn=true startingDisplayed=false startingMoved=false isRelaunching()=false
06-24 16:26:57.157 D/ImageWallpaper( 1513): onVisibilityChanged: mVisible, visible=true, false
06-24 16:26:57.157 D/ImageWallpaper( 1513): Visibility changed to visible=false
06-24 16:26:57.157 D/BarTransitions.HwPhoneStatusBarView( 1513): MODE_TRANSLUCENT -> MODE_TRANSPARENT animate=false
06-24 16:26:57.157 D/BarTransitions.HwPhoneStatusBarView( 1513): applyModeBackground oldMode=MODE_TRANSLUCENT newMode=MODE_TRANSPARENT animate=false
06-24 16:26:57.158 I/ActivityManager(  657): Displayed com.excelliance.dualaid/com.excelliance.kxqp.swipe.NavActivity2: +194ms (total +324ms)
06-24 16:26:57.169 E/BufferQueueProducer(  710): [com.huawei.android.launcher/com.huawei.android.launcher.unihome.UniHomeLauncher#0] disconnect: not connected (req=1)
06-24 16:26:57.169 W/libEGL  ( 2519): EGLNativeWindowType 0x7472910010 disconnect failed
06-24 16:26:57.169 I/WindowManager(  657): notifyAccessibilityButtonVisibilityChanged visible:false
06-24 16:26:57.190 V/WindowManager(  657): notifyAppStopped: AppWindowToken{d3a938b token=Token{377755a ActivityRecord{d5c9105 u0 com.huawei.android.launcher/.unihome.UniHomeLauncher t15658}}}
06-24 16:26:57.190 D/ActivityThread(24731): Remove activity client record, r= ActivityRecord{cbe2ddc token=android.os.BinderProxy@d13fa03 {com.excelliance.dualaid/com.excelliance.kxqp.ui.HelloActivity}} token= android.os.BinderProxy@d13fa03
06-24 16:26:57.190 E/WindowManager(  657): win=Window{68d6975 u0 com.huawei.android.launcher/com.huawei.android.launcher.unihome.UniHomeLauncher} destroySurfaces: appStopped=true win.mWindowRemovalAllowed=false win.mRemoveOnExit=false
06-24 16:26:57.190 I/WindowManager(  657): Destroying surface Surface(name=com.huawei.android.launcher/com.huawei.android.launcher.unihome.UniHomeLauncher) called by com.android.server.wm.WindowStateAnimator.destroySurface:2060 com.android.server.wm.WindowStateAnimator.destroySurfaceLocked:873 com.android.server.wm.HwWindowStateAnimator.destroySurfaceLocked:1006 com.android.server.wm.WindowState.destroyOrSaveSurfaceUnchecked:2990 com.android.server.wm.WindowState.destroySurface:2951 com.android.server.wm.AppWindowToken.destroySurfaces:654 com.android.server.wm.AppWindowToken.destroySurfaces:638 com.android.server.wm.AppWindowToken.notifyAppStopped:682 
06-24 16:26:57.193 W/ActivityManager(  657): Sending non-protected broadcast huawei.action.floattasks.STATUS_BAR_STATE_CHANGED from system 1513:com.android.systemui/u0a39 pkg com.android.systemui
06-24 16:26:57.193 W/HwKeyguardDragHelper( 1513): AnimationBlocked
06-24 16:26:57.194 D/BarTransitions.HwPhoneStatusBarView( 1513): MODE_TRANSPARENT -> MODE_TRANSLUCENT animate=false
06-24 16:26:57.194 D/BarTransitions.HwPhoneStatusBarView( 1513): applyModeBackground oldMode=MODE_TRANSPARENT newMode=MODE_TRANSLUCENT animate=false
06-24 16:26:57.194 V/WindowManager(  657): removeAppToken: AppWindowToken{c772297 token=Token{557e916 ActivityRecord{3ce31 u0 com.excelliance.dualaid/com.excelliance.kxqp.ui.HelloActivity t16040}}} delayed=false Callers=com.android.server.wm.DisplayContent.removeAppToken:985 com.android.server.wm.AppWindowContainerController.removeContainer:348 com.android.server.am.ActivityRecord.removeWindowContainer:1039 com.android.server.am.ActivityStack.removeActivityFromHistoryLocked:4491 
06-24 16:26:57.194 D/BarTransitions.HwNavigationBarView( 1513): MODE_TRANSLUCENT -> MODE_OPAQUE animate=false
06-24 16:26:57.194 D/BarTransitions.HwNavigationBarView( 1513): applyModeBackground oldMode=MODE_TRANSLUCENT newMode=MODE_OPAQUE animate=false
06-24 16:26:57.195 D/HwGameAssistantController(  657): pid=2519, uid=10056, foreground=false
06-24 16:26:57.196 W/AwareLog(  657): SchedLevelBoost: onFgActivitiesChanged config not set!
06-24 16:26:57.373 I/HwNormalizedSpline(  657): getEyeProtectionBrightnessLevel lux =239.0, mDefaultBrightnessFromLux =68.645
06-24 16:26:57.481 I/dex2oat (24788): dex2oat took 423.876ms (1.014s cpu) (threads: 4) arena alloc=114KB (117240B) java alloc=2MB (3127336B) native alloc=4MB (4685312B) free=2MB (2654720B)
06-24 16:26:57.495 D/PMS11423(  657): package:com.excelliance.dualaid, input flags:128, output hwFlags:0
06-24 16:26:57.533 W/dex2oat (24856): Using default instruction set features for ARM CPU variant (default) using conservative defaults
06-24 16:26:57.533 I/dex2oat (24856): /system/bin/dex2oat -j4 --dex-file=/data/data/com.excelliance.dualaid/.platformcache/kxqpplatform2.jar --output-vdex-fd=49 --oat-fd=50 --oat-location=/data/data/com.excelliance.dualaid/.platformcache/oat/arm/kxqpplatform2.odex --compiler-filter=quicken
06-24 16:26:57.533 I/cutils-trace(24856): atrace_init_once, trace_marker_path = /sys/kernel/debug/tracing/trace_marker
06-24 16:26:57.608 D/NetWorkUtils( 1513): mVSimCurCardType is -1
06-24 16:26:57.609 D/NetWorkUtils( 1513): mVSimCurCardType is -1
06-24 16:26:57.641 I/NetworkSpeedManagerEx( 1513): mIsStop = false
06-24 16:26:57.642 I/NetworkSpeedManagerEx( 1513):  runInThread getTetherStats
06-24 16:26:57.643 I/NetworkSpeedManagerEx( 1513):  runInUI refreshSpeed
06-24 16:26:57.643 I/NetworkSpeedManagerEx( 1513): value=2132.0speed = 2.1
06-24 16:26:57.643 I/NetworkSpeedManagerEx( 1513): K/smIsShowLastSpeedValuefalse
06-24 16:26:57.643 I/NetworkSpeedView( 1513): /update(), speed=2.1
06-24 16:26:57.643 I/NetworkSpeedView( 1513): K/s parent class:class com.android.systemui.statusbar.HwSystemIcons
06-24 16:26:57.644 I/GRALLOC (  679): 	 shrFd=10,fmt=0x1,intFmt=0x200000001,btStrd=4352,size=8486912,pid=679 
06-24 16:26:57.644 I/GRALLOC (  679): 	 yuv=2,w=1080,h=1920,Stride u=0 v=0,offset u=0 v=0 
06-24 16:26:57.644 I/GRALLOC (  679): 	 iova_size=8486912,conUsg=0xb00,proUsg=0xb00,	 strd=1088,[afbc]HdrStrd=1088 PyldStrd=69632 Scrmbl=2,ionhnd = 1 
06-24 16:26:57.660 I/NetworkSpeedManagerEx( 1513): mIsStop = false
06-24 16:26:57.660 I/NetworkSpeedManagerEx( 1513):  runInThread getTetherStats
06-24 16:26:57.661 I/NetworkSpeedManagerEx( 1513):  runInUI refreshSpeed
06-24 16:26:57.662 I/NetworkSpeedManagerEx( 1513): value=2132.0speed = 2.1
06-24 16:26:57.662 I/NetworkSpeedManagerEx( 1513): K/smIsShowLastSpeedValuefalse
06-24 16:26:57.662 I/NetworkSpeedView( 1513): /update(), speed=2.1
06-24 16:26:57.662 I/NetworkSpeedView( 1513): K/s parent class:class com.android.systemui.statusbar.HwSystemIcons
06-24 16:26:57.695 I/GRALLOC (  679): 	 shrFd=10,fmt=0x1,intFmt=0x200000001,btStrd=4352,size=8486912,pid=679 
06-24 16:26:57.695 I/GRALLOC (  679): 	 yuv=2,w=1080,h=1920,Stride u=0 v=0,offset u=0 v=0 
06-24 16:26:57.695 I/GRALLOC (  679): 	 iova_size=8486912,conUsg=0xb00,proUsg=0xb00,	 strd=1088,[afbc]HdrStrd=1088 PyldStrd=69632 Scrmbl=2,ionhnd = 1 
06-24 16:26:57.749 I/dex2oat (24856): dex2oat took 216.503ms (455.758ms cpu) (threads: 4) arena alloc=62KB (63808B) java alloc=2MB (2267088B) native alloc=2MB (2325752B) free=2MB (2917128B)
06-24 16:26:57.762 D/PMS11423(  657): package:com.excelliance.dualaid, input flags:0, output hwFlags:0
06-24 16:26:57.766 D/PMS11423(  657): package:com.excelliance.dualaid, input flags:0, output hwFlags:0
06-24 16:26:57.766 D/PMS11423(  657): package:com.excelliance.dualaid, input flags:0, output hwFlags:0
06-24 16:26:57.772 E/MemoryLeakMonitorManager(24761): MemoryLeakMonitor.jar is not exist!
06-24 16:26:57.772 D/CrashHandler(24761): CrashHandler
06-24 16:26:57.772 D/KXQPApplication(24761): run: initUserManager
06-24 16:26:57.774 E/Minikin (24761): Could not get cmap table size!
06-24 16:26:57.774 D/PMS11423(  657): package:com.excelliance.dualaid, input flags:128, output hwFlags:0
06-24 16:26:57.783 D/AirPushService(24761): 
06-24 16:26:57.783 D/SmtServService(24761): MSG_LOAD_PLT GameUtil.isPtLoaded() = false
06-24 16:26:57.784 I/HwCust  (24761): Constructor found for class android.net.HwCustConnectivityManagerImpl
06-24 16:26:57.784 D/HwCust  (24761): Create obj success use class android.net.HwCustConnectivityManagerImpl
06-24 16:26:57.785 D/NetworkStateReceiver(24761): netWorkConnected = true
06-24 16:26:57.785 D/AirPushUtils(24761): startPushInfo
06-24 16:26:57.789 D/AirPushService(24761): Alarm
06-24 16:26:57.789 D/AirPushService(24761): resetPushAlarm
06-24 16:26:57.789 D/PMS1000 (  657): package:com.excelliance.dualaid, input flags:8192, output hwFlags:0
06-24 16:26:57.789 D/PMS1000 (  657): package:com.excelliance.dualaid, input flags:8192, output hwFlags:0
06-24 16:26:57.790 D/SmtServService(24761): pull info
06-24 16:26:57.790 D/SmtServService(24761): diffTime = 1529828817790
06-24 16:26:57.790 D/SmtServService(24761): pushInfoFromServer
06-24 16:26:57.791 D/AirPushPreferences(24761): setLastPushTime
06-24 16:26:57.791 D/PMS1001 (  657): package:com.excelliance.dualaid, input flags:0, output hwFlags:0
06-24 16:26:57.811 D/PMS11423(  657): package:com.excelliance.dualaid, input flags:0, output hwFlags:0
06-24 16:26:57.817 D/PMS11423(  657): package:com.excelliance.dualaid, input flags:128, output hwFlags:0
06-24 16:26:57.828 D/launch-time-RU(24761): preload 24 classes cost 39ms
06-24 16:26:57.838 D/StatisticsManager(24761): Query time diff:1529828817838
06-24 16:26:57.854 D/StatisticsManager(24761): Query time diff:1529828817854
06-24 16:26:57.864 D/StatisticsManager(24761): Query time diff:1529828817864
06-24 16:26:57.868 D/PMS11423(  657): package:com.excelliance.dualaid, input flags:128, output hwFlags:0
06-24 16:26:57.896 D/AirPushDBHelper(24761): onCreate: pushitemnew
06-24 16:26:57.900 D/AirPushDBHelper(24761): selection = type=? and index_=(select max(index_) from pushitemnew where type=?) , key = vip
06-24 16:26:57.901 D/AirPushDBHelper(24761): selection = type=? and index_=(select max(index_) from pushitemnew where type=?) , key = update
06-24 16:26:57.902 D/AirPushDBHelper(24761): selection = type=? and index_=(select max(index_) from pushitemnew where type=?) , key = officalActivity
06-24 16:26:57.903 D/AirPushDBHelper(24761): selection = type=? and index_=(select max(index_) from pushitemnew where type=?) , key = news
06-24 16:26:57.904 D/AirPushDBHelper(24761): selection = type=? and index_=(select max(index_) from pushitemnew where type=?) , key = target
06-24 16:26:57.904 D/AirPushDBHelper(24761): selection = type=? and index_=(select max(index_) from pushitemnew where type=?) , key = batch
06-24 16:26:57.905 D/PMS1000 (  657): package:com.excelliance.dualaid, input flags:1024, output hwFlags:0
06-24 16:26:57.905 I/ActivityManager(  657): Need to start process com.excelliance.dualaid:lbcore for provider ContentProviderInfo{name=com.excelliance.dualaid:com.excelliance.kxqp.platform.PluginManagerProvider className=com.excelliance.kxqp.platform.PluginManagerProvider}, callerApp: ProcessRecord{ce4481c 24761:com.excelliance.dualaid/u0a1423}
06-24 16:26:57.905 V/ActivityManager(  657): startProcess: name=com.excelliance.dualaid:lbcore app=null knownToBeDead=false thread=null pid=-1
06-24 16:26:57.905 D/PMS1000 (  657): package:com.excelliance.dualaid, input flags:0, output hwFlags:0
06-24 16:26:57.905 D/AirPushDBHelper(24761): selection = type=? and index_=(select max(index_) from pushitemnew where type=?) , key = skipTarget
06-24 16:26:57.906 D/AirPushDBHelper(24761): selection = type=? and index_=(select max(index_) from pushitemnew where type=?) , key = thirdApp
06-24 16:26:57.907 D/PushItem(24761): indexJson = {}
06-24 16:26:57.907 D/AirPushService(24761): dataJson = {}
06-24 16:26:57.907 V/AirPushService(24761): ver :e30%3D%0A
06-24 16:26:57.909 D/VersionManager(24761): httpsRequest getURL = https://mto.multiopen.cn/pushmess.php?ver=466&mainver=231200&data=e30%3D%0A&wxCode=1321&subchid=1&sdkV=8.0.0&pkg=com.excelliance.dualaid&chid=10019&issl=1&compver=54302&wxVerName=6.6.7&vn=4.0.6&model=stf-al10&api=26&brand=honor&aid=f0c2426fc7560cf5
06-24 16:26:57.910 D/NetworkSecurityConfig(24761): No Network Security Config specified, using platform default
06-24 16:26:57.916 I/ActivityManager(  657): Start proc 24905:com.excelliance.dualaid:lbcore/u0a1423 for content provider com.excelliance.dualaid/com.excelliance.kxqp.platform.PluginManagerProvider
06-24 16:26:57.916 V/ActivityManager_MU(  657): Waiting to start provider ContentProviderRecord{b87f949 u0 com.excelliance.dualaid/com.excelliance.kxqp.platform.PluginManagerProvider} launchingApp=ProcessRecord{eb40350 24905:com.excelliance.dualaid:lbcore/u0a1423} caller pid= 24761
06-24 16:26:57.916 D/GameUtil(24761): getSDKDataParam totalmem:5.60GB
06-24 16:26:57.917 I/        (24905): power log dlsym ok
06-24 16:26:57.918 D/VersionManager(24761): httpsRequest getURL = https://folder.appota.cn/genuser.php?chid=10019&subchid=1&vc=466&type=4&data=tbCbI6ooWmOSi%2BhP8At3K55rUDjOXjUCTTE1Q7OqeVGzpiL1Dx8z2UKsv%2F2w066OKzL65VOc%2FHNVNculXvpkfbOlpWKAPUf5ryVSFynVNa8UucDwm5e36rJ6e2Kpu%2B5ykc4DARTfkZV4Ad5N96d4%2BjApQCWZuWchybogtHpbAp5JGb2oE4RYpIUqF8au1pxTSmwBdD5PozvBfX2%2Bj4RIW8u13M8ksM63bQoy2eR4WdDx%2BqZexoey63Hms3xqJyQkd3PFvljbOMDFV5%2BIsI0F%2B0cTu0Poz37kp440m4BdEnDxUpl%2F2SWQiyGENywr4rII2GFixGV6F3FTP2B6Iz%2Bp9XPgTT1Q8jOobYd0%2B7qf7bpZ2AyYZuCae%2FN%2FDrbd9ARIKpXrBwZ7SdplMO1nzphjQUqGRQMAlrO9Oa0Du6EV17%2FgN7YtgBzuJRHbP0GgVSdnIEYbOUnjg9adLEk2nhpRcwGYdX7bJ5%2FC%2FGVy8QMvFO%2FVJ5uAYH82VV6bvSarVkuFeotJT4yadRHbDkYGgVZfCDPVS%2FOPcQttSZtkoN3AjIdEC3B%2BjPtytpdTQYFvI9Ol&issl=1
06-24 16:26:57.919 I/zygote  (24905): Reinit property: dalvik.vm.checkjni= false
06-24 16:26:57.926 D/ActivityThread(24905): ActivityThread,attachApplication
06-24 16:26:57.926 D/ActivityManager(  657): ActivityManagerService,attachApplication,callingPid = 24905
06-24 16:26:57.933 W//system/bin/hwservicemanager(  416): Cannot open /odm/manifest.xml
06-24 16:26:57.942 W//system/bin/hwservicemanager(  416): Cannot open /odm/manifest.xml
06-24 16:26:57.944 D/HwFLClassLoader(24905): get used feature list :/feature/used-list failed!
06-24 16:26:57.944 D/HwFLClassLoader(24905): USE_FEATURE_LIST had not init! 
06-24 16:26:57.944 I/GRALLOC (  679): 	 shrFd=10,fmt=0x1,intFmt=0x1,btStrd=256,size=4096,pid=679 
06-24 16:26:57.944 I/GRALLOC (  679): 	 yuv=2,w=16,h=16,Stride u=0 v=0,offset u=0 v=0 
06-24 16:26:57.944 I/GRALLOC (  679): 	 iova_size=4096,conUsg=0x100,proUsg=0x100,	 strd=64,[afbc]HdrStrd=0 PyldStrd=0 Scrmbl=0,ionhnd = 1 
06-24 16:26:57.944 D/HwFLClassLoader(24905): USE_FEATURE_LIST had not init! 
06-24 16:26:57.952 W/X509TrustManager(24761): checkServerTrusted: SignatureException:null
06-24 16:26:57.952 W/X509TrustManager(24761): checkServerTrusted: SignatureException:error:04000073:RSA routines:OPENSSL_internal:DATA_TOO_LARGE_FOR_MODULUS
06-24 16:26:57.955 W/X509TrustManager(24761): checkServerTrusted: SignatureException:null
06-24 16:26:57.955 W/X509TrustManager(24761): checkServerTrusted: SignatureException:error:04000073:RSA routines:OPENSSL_internal:DATA_TOO_LARGE_FOR_MODULUS
06-24 16:26:57.959 D/PMS11423(  657): package:com.excelliance.dualaid, input flags:128, output hwFlags:0
06-24 16:26:57.969 I/zygote  (24731): Do partial code cache collection, code=27KB, data=27KB
06-24 16:26:57.969 I/zygote  (24731): After code cache collection, code=27KB, data=27KB
06-24 16:26:57.969 I/zygote  (24731): Increasing code cache capacity to 128KB
06-24 16:26:57.997 D/AirPushService(24761): result = {"period":"r","vip":{"index_":"","data":""},"update":{"index_":"","data":""},"officalActivity":{"index_":"","data":""},"news":{"index_":"","data":""},"target":{"index_":"","data":""},"batch":{"index_":"","data":""},"skipTarget":{"index_":"","data":""},"thirdApp":{"index_":"","data":""}}
06-24 16:26:57.997 D/AirPushService(24761): handleCheckerSaveToDB
06-24 16:26:57.997 D/AirPushUtils(24761): startDbOver
06-24 16:26:58.002 D/SmtServService(24761): db write over
06-24 16:26:58.003 D/SmtServService(24761): gameCenterFirstStart = true
06-24 16:26:58.015 D/VersionManager(24761): uid=353
06-24 16:26:58.016 D/launch-time-RU(24905): preload 24 classes cost 20ms
06-24 16:26:58.052 D/ActivityThread(24905): Loading provider com.excelliance.dualaid:com.excelliance.kxqp.platform.PluginManagerProvider: com.excelliance.kxqp.platform.PluginManagerProvider
06-24 16:26:58.052 D/PMS11423(  657): package:com.excelliance.dualaid, input flags:0, output hwFlags:0
06-24 16:26:58.061 D/PMS1000 (  657): package:com.excelliance.dualaid, input flags:8192, output hwFlags:0
06-24 16:26:58.063 D/PMS1001 (  657): package:com.excelliance.dualaid, input flags:0, output hwFlags:0
06-24 16:26:58.067 D/PMS11423(  657): package:com.excelliance.dualaid, input flags:0, output hwFlags:0
06-24 16:26:58.069 D/HwArpVerifier(  657): performPollAndLog:
06-24 16:26:58.070 D/PMS11423(  657): package:com.excelliance.dualaid:lbcore, input flags:0, output is null
06-24 16:26:58.071 I/Bluetooth_framework(  657): BluetoothManagerService:Added callback: android.bluetooth.IBluetoothManagerCallback$Stub$Proxy@1de047c:true pid = 24905
06-24 16:26:58.072 D/hw_netstat(  657): total/33248/9168,com.huawei.android.weather:10130/19814/5384,com.excelliance.dualaid/11905/3724,unknown:0/1529/0,com.android.vending/0/60
06-24 16:26:58.074 D/PMS11423(  657): package:com.excelliance.dualaid, input flags:128, output hwFlags:0
06-24 16:26:58.087 I/zygote64(  657): Background concurrent copying GC freed 404292(22MB) AllocSpace objects, 90(1816KB) LOS objects, 31% free, 53MB/77MB, paused 802us total 154.250ms
06-24 16:26:58.088 I/LBVMD-LBPMS(24905): LBVMRT: version 54302:543.02
06-24 16:26:58.089 E/zygote  (24905): Invalid capacity given to EnsureLocalCapacity: 800
06-24 16:26:58.101 I/HwCust  (24905): Constructor found for class android.net.HwCustConnectivityManagerImpl
06-24 16:26:58.101 D/HwCust  (24905): Create obj success use class android.net.HwCustConnectivityManagerImpl
06-24 16:26:58.105 D/PMS11423(  657): package:com.excelliance.dualaid, input flags:0, output hwFlags:0
06-24 16:26:58.113 D/PMS11423(  657): package:com.excelliance.dualaid, input flags:0, output hwFlags:0
06-24 16:26:58.113 D/PMS11423(  657): package:com.excelliance.dualaid, input flags:0, output hwFlags:0
06-24 16:26:58.115 V/ActivityManager(  657): Successfully start provider ContentProviderRecord{b87f949 u0 com.excelliance.dualaid/com.excelliance.kxqp.platform.PluginManagerProvider} launchingApp=ProcessRecord{eb40350 24905:com.excelliance.dualaid:lbcore/u0a1423} caller pid= 24761
06-24 16:26:58.116 E/MemoryLeakMonitorManager(24905): MemoryLeakMonitor.jar is not exist!
06-24 16:26:58.117 E/MemoryLeakMonitorManager(24905): MemoryLeakMonitor.jar is not exist!
06-24 16:26:58.118 D/KXQPApplication(24905): run: initUserManager
06-24 16:26:58.120 E/MemoryLeakMonitorManager(24761): MemoryLeakMonitor.jar is not exist!
06-24 16:26:58.120 E/Minikin (24905): Could not get cmap table size!
06-24 16:26:58.121 V/HwWidgetFactory(24905): : successes to get AllImpl object and return....
06-24 16:26:58.121 D/SmtServService(24761): MSG_LOAD_PLT after msg.obj
06-24 16:26:58.121 D/PMS11423(  657): package:com.excelliance.dualaid, input flags:128, output hwFlags:0
06-24 16:26:58.123 V/ActivityManager(  657): Attempted to start a foreground service (ComponentInfo{com.excelliance.dualaid/com.excelliance.kxqp.platform.TrampolineService}) with a broken notification (no icon: Notification(channel=null pri=0 contentView=null vibrate=null sound=null defaults=0x0 flags=0x40 color=0x00000000 vis=PRIVATE))
06-24 16:26:58.126 E/zygote  (24905): Invalid capacity given to EnsureLocalCapacity: 592
06-24 16:26:58.134 W/PackageParser(24905): No actions in intent filter at /data/app/com.huawei.hwid-Sc7ADDdoDYIYREll7tj_iw==/base.apk Binary XML file line #1412
06-24 16:26:58.136 W/PackageParser(24905): No actions in intent filter at /data/app/com.huawei.hwid-Sc7ADDdoDYIYREll7tj_iw==/base.apk Binary XML file line #1680
06-24 16:26:58.136 W/PackageParser(24905): No actions in intent filter at /data/app/com.huawei.hwid-Sc7ADDdoDYIYREll7tj_iw==/base.apk Binary XML file line #1694
06-24 16:26:58.155 D/HwNotificationManagerService(  657): recognize: tag=null, id=268435456, user=UserHandle{0}, pkg=com.excelliance.dualaid, uid=11423, callingPid=24905
06-24 16:26:58.155 D/PMS1000 (  657): package:com.excelliance.dualaid, input flags:0, output hwFlags:0
06-24 16:26:58.156 I/[HwRecSys]HwRecSysAidlService( 2647): doNotificationCollect -> current num:1
06-24 16:26:58.156 I/[HwRecSys]-Notification-NotificationUpdateController( 2647): startNotificationUpdate start!
06-24 16:26:58.156 W/SettingsEx( 2647): SettingsEx.Systemex.getInt deprecated use Settings.System.getInt instead ;callers=com.huawei.recsys.util.SystemUtil.getNotificationUpdateMode:169 com.huawei.recsys.util.SystemUtil.isAllowUpdate:104 com.huawei.recsys.controller.notification.http.NotificationUpdateController.startNotificationUpdate:85 
06-24 16:26:58.156 I/[HwRecSys]SystemUtil( 2647): isAllowUpdate mode:1
06-24 16:26:58.157 I/[HwRecSys]SystemUtil( 2647): isAllowUpdate isAllowUpdate:true
06-24 16:26:58.157 I/[HwRecSys]-Notification-NotificationUpdateController( 2647):  -> currentYear:2018
06-24 16:26:58.157 I/[HwRecSys]-Notification-NotificationUpdateController( 2647):  -> currentMonth:5
06-24 16:26:58.157 I/[HwRecSys]-Notification-NotificationUpdateController( 2647):  -> currentDay:24
06-24 16:26:58.157 I/[HwRecSys]-Notification-NotificationUpdateController( 2647):  -> oldYear:2018
06-24 16:26:58.157 I/[HwRecSys]-Notification-NotificationUpdateController( 2647):  -> oldMonth:5
06-24 16:26:58.157 I/[HwRecSys]-Notification-NotificationUpdateController( 2647):  -> oldDay:24
06-24 16:26:58.157 E/[HwRecSys]-Notification-NotificationUpdateController( 2647): startNotificationUpdate time is valid no need request
06-24 16:26:58.157 I/[HwRecSys]-Notification-NotificationController( 2647): doNotificationCollect start!
06-24 16:26:58.157 E/[HwRecSys]-Notification-NotificationController( 2647): HwDefaultLabels returnStr:107
06-24 16:26:58.158 E/[HwRecSys]-Notification-NotificationController( 2647): getChinese paramValue is null!
06-24 16:26:58.159 E/[HwRecSys]-Notification-NotificationController( 2647): doNotificationCollect getLabelByRegRules label:107
06-24 16:26:58.159 I/[HwRecSys]HwRecSysAidlService( 2647): doNotificationCollect ->  finally remote Num - 1 !
06-24 16:26:58.159 I/HwNotificationManagerService(  657): doNotificationCollect: pkg=com.excelliance.dualaid, uid=11423, hw_type=107, hw_btw=true
06-24 16:26:58.159 D/PMS1000 (  657): package:com.excelliance.dualaid, input flags:268435456, output hwFlags:0
06-24 16:26:58.159 D/PMS1000 (  657): package:com.excelliance.dualaid, input flags:0, output hwFlags:0
06-24 16:26:58.159 W/NotificationRecord(  657): Use default channel, The importance is:2
06-24 16:26:58.159 D/PMS1000 (  657): package:com.excelliance.dualaid, input flags:0, output hwFlags:0
06-24 16:26:58.159 V/ActivityManager(  657): Attempted to start a foreground service (ComponentInfo{com.excelliance.dualaid/com.excelliance.kxqp.platform.TrampolineService$EmptyService}) with a broken notification (no icon: Notification(channel=null pri=0 contentView=null vibrate=null sound=null defaults=0x0 flags=0x40 color=0x00000000 vis=PRIVATE))
06-24 16:26:58.164 D/NotificationService(  657): mGameDndStatus is:false ,isGameDndSwitchOn is:false
06-24 16:26:58.164 D/HwNotificationManagerService(  657): recognize: tag=null, id=268435456, user=UserHandle{0}, pkg=com.excelliance.dualaid, uid=11423, callingPid=24905
06-24 16:26:58.164 D/PMS1000 (  657): package:com.excelliance.dualaid, input flags:0, output hwFlags:0
06-24 16:26:58.165 I/[HwRecSys]HwRecSysAidlService( 2647): doNotificationCollect -> current num:1
06-24 16:26:58.165 I/[HwRecSys]-Notification-NotificationUpdateController( 2647): startNotificationUpdate start!
06-24 16:26:58.165 W/SettingsEx( 2647): SettingsEx.Systemex.getInt deprecated use Settings.System.getInt instead ;callers=com.huawei.recsys.util.SystemUtil.getNotificationUpdateMode:169 com.huawei.recsys.util.SystemUtil.isAllowUpdate:104 com.huawei.recsys.controller.notification.http.NotificationUpdateController.startNotificationUpdate:85 
06-24 16:26:58.165 I/[HwRecSys]SystemUtil( 2647): isAllowUpdate mode:1
06-24 16:26:58.166 I/[HwRecSys]SystemUtil( 2647): isAllowUpdate isAllowUpdate:true
06-24 16:26:58.166 I/[HwRecSys]-Notification-NotificationUpdateController( 2647):  -> currentYear:2018
06-24 16:26:58.166 I/[HwRecSys]-Notification-NotificationUpdateController( 2647):  -> currentMonth:5
06-24 16:26:58.166 I/[HwRecSys]-Notification-NotificationUpdateController( 2647):  -> currentDay:24
06-24 16:26:58.166 I/[HwRecSys]-Notification-NotificationUpdateController( 2647):  -> oldYear:2018
06-24 16:26:58.166 I/[HwRecSys]-Notification-NotificationUpdateController( 2647):  -> oldMonth:5
06-24 16:26:58.166 I/[HwRecSys]-Notification-NotificationUpdateController( 2647):  -> oldDay:24
06-24 16:26:58.166 E/[HwRecSys]-Notification-NotificationUpdateController( 2647): startNotificationUpdate time is valid no need request
06-24 16:26:58.166 I/[HwRecSys]-Notification-NotificationController( 2647): doNotificationCollect start!
06-24 16:26:58.166 E/[HwRecSys]-Notification-NotificationController( 2647): HwDefaultLabels returnStr:107
06-24 16:26:58.166 E/[HwRecSys]-Notification-NotificationController( 2647): getChinese paramValue is null!
06-24 16:26:58.167 E/[HwRecSys]-Notification-NotificationController( 2647): doNotificationCollect getLabelByRegRules label:107
06-24 16:26:58.167 I/[HwRecSys]HwRecSysAidlService( 2647): doNotificationCollect ->  finally remote Num - 1 !
06-24 16:26:58.167 I/HwNotificationManagerService(  657): doNotificationCollect: pkg=com.excelliance.dualaid, uid=11423, hw_type=107, hw_btw=true
06-24 16:26:58.168 D/PMS1000 (  657): package:com.excelliance.dualaid, input flags:268435456, output hwFlags:0
06-24 16:26:58.168 D/PMS1000 (  657): package:com.excelliance.dualaid, input flags:0, output hwFlags:0
06-24 16:26:58.168 W/NotificationRecord(  657): Use default channel, The importance is:2
06-24 16:26:58.168 I/AppManager( 1699): app:com.excelliance.dualaid Notification update time:111557017
06-24 16:26:58.169 I/AppManager( 1699): app:com.excelliance.dualaid Notification persist:true  Ids:[268435456]
06-24 16:26:58.174 D/NotificationService(  657): mGameDndStatus is:false ,isGameDndSwitchOn is:false
06-24 16:26:58.186 D/PMS10039(  657): package:com.excelliance.dualaid, input flags:1024, output hwFlags:0
06-24 16:26:58.186 W/zygote  (24905): Throwing OutOfMemoryError "EnsureLocalCapacity"
06-24 16:26:58.187 D/PMS10039(  657): package:com.android.systemui, input flags:268436480, output hwFlags:0
06-24 16:26:58.189 D/HwCust  ( 1513): Create obj success use class com.android.systemui.statusbar.notification.HwCustNotificationInflaterImpl
06-24 16:26:58.190 I/FakeShadowView( 1513): radius18
06-24 16:26:58.191 D/PMS10039(  657): package:com.excelliance.dualaid, input flags:8704, output hwFlags:0
06-24 16:26:58.191 D/PMS10039(  657): package:com.excelliance.dualaid, input flags:8192, output hwFlags:0
06-24 16:26:58.191 D/HwFLClassLoader( 1513): USE_FEATURE_LIST had not init! 
06-24 16:26:58.192 W/HwPhoneLayoutInflater( 1513): onCreateView : ClassNotFoundException, In this case we want to let the base class take a crack at it
06-24 16:26:58.193 I/chatty  ( 1513): uid=10039(u0_a39) com.android.systemui identical 2 lines
06-24 16:26:58.193 W/HwPhoneLayoutInflater( 1513): onCreateView : ClassNotFoundException, In this case we want to let the base class take a crack at it
06-24 16:26:58.194 W/ResourceType( 1513): Failure getting entry for 0x01040255 (t=3 e=597) (error -75)
06-24 16:26:58.195 W/IPMSI   (24905): request permission: com.huawei.permission.sec.MDM.v2
06-24 16:26:58.195 W/IPMSI   (24905): request permission: com.huawei.authentication.HW_ACCESS_AUTH_SERVICE
06-24 16:26:58.195 W/IPMSI   (24905): request permission: com.huawei.appmarket.provider.readPermission
06-24 16:26:58.195 W/IPMSI   (24905): request permission: com.huawei.pushagent.permission.RICHMEDIA_PROVIDER
06-24 16:26:58.195 W/HwPhoneLayoutInflater( 1513): onCreateView : ClassNotFoundException, In this case we want to let the base class take a crack at it
06-24 16:26:58.197 I/chatty  ( 1513): uid=10039(u0_a39) com.android.systemui identical 2 lines
06-24 16:26:58.197 W/HwPhoneLayoutInflater( 1513): onCreateView : ClassNotFoundException, In this case we want to let the base class take a crack at it
06-24 16:26:58.198 W/ResourceType( 1513): Failure getting entry for 0x01040255 (t=3 e=597) (error -75)
06-24 16:26:58.200 D/PMS10039(  657): package:com.excelliance.dualaid, input flags:8192, output hwFlags:0
06-24 16:26:58.202 W/HwPhoneLayoutInflater( 1513): onCreateView : ClassNotFoundException, In this case we want to let the base class take a crack at it
06-24 16:26:58.204 I/chatty  ( 1513): uid=10039(u0_a39) com.android.systemui identical 2 lines
06-24 16:26:58.204 W/HwPhoneLayoutInflater( 1513): onCreateView : ClassNotFoundException, In this case we want to let the base class take a crack at it
06-24 16:26:58.204 W/ResourceType( 1513): Failure getting entry for 0x01040255 (t=3 e=597) (error -75)
06-24 16:26:58.208 W/HwPhoneLayoutInflater( 1513): onCreateView : ClassNotFoundException, In this case we want to let the base class take a crack at it
06-24 16:26:58.209 I/chatty  ( 1513): uid=10039(u0_a39) com.android.systemui identical 2 lines
06-24 16:26:58.209 W/HwPhoneLayoutInflater( 1513): onCreateView : ClassNotFoundException, In this case we want to let the base class take a crack at it
06-24 16:26:58.210 W/ResourceType( 1513): Failure getting entry for 0x01040255 (t=3 e=597) (error -75)
06-24 16:26:58.212 D/PMS10039(  657): package:com.excelliance.dualaid, input flags:0, output hwFlags:0
06-24 16:26:58.214 D/HwPhoneStatusBar( 1513): No peeking: not allowed notification: 0|com.excelliance.dualaid|268435456|null|11423
06-24 16:26:58.221 I/PhoneStatusBar( 1513): updateNotificationShade: total=74, active=74
06-24 16:26:58.221 W/PhoneStatusBar( 1513): updateNotificationShade hasFaceDT: false; Detected:false
06-24 16:26:58.223 V/PhoneStatusBar( 1513): mStackScroller size:11,activeCount:74, childCnt:15
06-24 16:26:58.242 D/ReporterUtil( 1513):  e id:344 type:{pkg:com.excelliance.dualaid,hw_type:107,hw_btw:true,onGoing:true,importance:2}
06-24 16:26:58.243 E/BDLog   ( 1686): BD.FilterImpl:com.android.systemui 344 times= 200 over threshold
06-24 16:26:58.243 E/BDLog   ( 1686): BD.FilterImpl:com.android.systemui344 is illLegal
06-24 16:26:58.245 W/HwKeyguardDragHelper( 1513): AnimationBlocked
06-24 16:26:58.252 D/StatusBar( 1513): updateNotification(StatusBarNotification(pkg=com.excelliance.dualaid user=UserHandle{0} id=268435456 tag=null key=0|com.excelliance.dualaid|268435456|null|11423: Notification(channel=null pri=0 contentView=com.excelliance.dualaid/0x1090090 vibrate=null sound=null defaults=0x0 flags=0x62 color=0xff607d8b vis=PRIVATE)))
06-24 16:26:58.256 D/HwPhoneStatusBar( 1513): No peeking: not allowed notification: 0|com.excelliance.dualaid|268435456|null|11423
06-24 16:26:58.257 D/StatusBar( 1513): applyInPlace=true shouldPeek=false alertAgain=true
06-24 16:26:58.257 D/StatusBar( 1513): reusing notification for key: 0|com.excelliance.dualaid|268435456|null|11423
06-24 16:26:58.258 D/PMS10039(  657): package:com.excelliance.dualaid, input flags:8192, output hwFlags:0
06-24 16:26:58.264 I/PhoneStatusBar( 1513): updateNotificationShade: total=74, active=74
06-24 16:26:58.264 W/PhoneStatusBar( 1513): updateNotificationShade hasFaceDT: false; Detected:false
06-24 16:26:58.265 V/PhoneStatusBar( 1513): mStackScroller size:11,activeCount:74, childCnt:15
06-24 16:26:58.284 D/SmtServService(24761): MSG_LOAD_PLT GameUtil.isPtLoaded() = true
06-24 16:26:58.286 W/HwKeyguardDragHelper( 1513): AnimationBlocked
06-24 16:26:58.329 I/Pged-IPgedBinderService(  769): ****action is 2, pid num is 6***
06-24 16:26:58.329 I/Pged-Freezer(  769): thawPids
06-24 16:26:58.335 D/PgedBinderAdapter( 1699): unfrz ok, pid: [29457, 29531, 14942, 15544, 24379]
06-24 16:26:58.336 I/appium  (24379): Null child 7/19, parent: android.view.accessibility.AccessibilityNodeInfo@c4e5; boundsInParent: Rect(0, 0 - 1056, 1550); boundsInScreen: Rect(12, 0 - 1068, 1514); packageName: com.huawei.android.launcher; className: android.view.ViewGroup; text: null; error: null; maxTextLength: -1; contentDescription: null; viewIdResName: null; checkable: false; checked: false; focusable: false; focused: false; selected: false; clickable: false; longClickable: false; contextClickable: false; enabled: true; password: false; scrollable: false; importantForAccessibility: false; actions: [AccessibilityAction: ACTION_SELECT - null, AccessibilityAction: ACTION_CLEAR_SELECTION - null, AccessibilityAction: ACTION_ACCESSIBILITY_FOCUS - null, AccessibilityAction: ACTION_SHOW_ON_SCREEN - null]
06-24 16:26:58.338 I/appium  (24379): Null child 8/19, parent: android.view.accessibility.AccessibilityNodeInfo@c4e5; boundsInParent: Rect(0, 0 - 1056, 1550); boundsInScreen: Rect(12, 0 - 1068, 1514); packageName: com.huawei.android.launcher; className: android.view.ViewGroup; text: null; error: null; maxTextLength: -1; contentDescription: null; viewIdResName: null; checkable: false; checked: false; focusable: false; focused: false; selected: false; clickable: false; longClickable: false; contextClickable: false; enabled: true; password: false; scrollable: false; importantForAccessibility: false; actions: [AccessibilityAction: ACTION_SELECT - null, AccessibilityAction: ACTION_CLEAR_SELECTION - null, AccessibilityAction: ACTION_ACCESSIBILITY_FOCUS - null, AccessibilityAction: ACTION_SHOW_ON_SCREEN - null]
06-24 16:26:58.340 I/appium  (24379): Null child 9/19, parent: android.view.accessibility.AccessibilityNodeInfo@c4e5; boundsInParent: Rect(0, 0 - 1056, 1550); boundsInScreen: Rect(12, 0 - 1068, 1514); packageName: com.huawei.android.launcher; className: android.view.ViewGroup; text: null; error: null; maxTextLength: -1; contentDescription: null; viewIdResName: null; checkable: false; checked: false; focusable: false; focused: false; selected: false; clickable: false; longClickable: false; contextClickable: false; enabled: true; password: false; scrollable: false; importantForAccessibility: false; actions: [AccessibilityAction: ACTION_SELECT - null, AccessibilityAction: ACTION_CLEAR_SELECTION - null, AccessibilityAction: ACTION_ACCESSIBILITY_FOCUS - null, AccessibilityAction: ACTION_SHOW_ON_SCREEN - null]
06-24 16:26:58.341 I/appium  (24379): Null child 10/19, parent: android.view.accessibility.AccessibilityNodeInfo@c4e5; boundsInParent: Rect(0, 0 - 1056, 1550); boundsInScreen: Rect(12, 0 - 1068, 1514); packageName: com.huawei.android.launcher; className: android.view.ViewGroup; text: null; error: null; maxTextLength: -1; contentDescription: null; viewIdResName: null; checkable: false; checked: false; focusable: false; focused: false; selected: false; clickable: false; longClickable: false; contextClickable: false; enabled: true; password: false; scrollable: false; importantForAccessibility: false; actions: [AccessibilityAction: ACTION_SELECT - null, AccessibilityAction: ACTION_CLEAR_SELECTION - null, AccessibilityAction: ACTION_ACCESSIBILITY_FOCUS - null, AccessibilityAction: ACTION_SHOW_ON_SCREEN - null]
06-24 16:26:58.342 I/appium  (24379): Null child 11/19, parent: android.view.accessibility.AccessibilityNodeInfo@c4e5; boundsInParent: Rect(0, 0 - 1056, 1550); boundsInScreen: Rect(12, 0 - 1068, 1514); packageName: com.huawei.android.launcher; className: android.view.ViewGroup; text: null; error: null; maxTextLength: -1; contentDescription: null; viewIdResName: null; checkable: false; checked: false; focusable: false; focused: false; selected: false; clickable: false; longClickable: false; contextClickable: false; enabled: true; password: false; scrollable: false; importantForAccessibility: false; actions: [AccessibilityAction: ACTION_SELECT - null, AccessibilityAction: ACTION_CLEAR_SELECTION - null, AccessibilityAction: ACTION_ACCESSIBILITY_FOCUS - null, AccessibilityAction: ACTION_SHOW_ON_SCREEN - null]
06-24 16:26:58.343 I/appium  (24379): Null child 12/19, parent: android.view.accessibility.AccessibilityNodeInfo@c4e5; boundsInParent: Rect(0, 0 - 1056, 1550); boundsInScreen: Rect(12, 0 - 1068, 1514); packageName: com.huawei.android.launcher; className: android.view.ViewGroup; text: null; error: null; maxTextLength: -1; contentDescription: null; viewIdResName: null; checkable: false; checked: false; focusable: false; focused: false; selected: false; clickable: false; longClickable: false; contextClickable: false; enabled: true; password: false; scrollable: false; importantForAccessibility: false; actions: [AccessibilityAction: ACTION_SELECT - null, AccessibilityAction: ACTION_CLEAR_SELECTION - null, AccessibilityAction: ACTION_ACCESSIBILITY_FOCUS - null, AccessibilityAction: ACTION_SHOW_ON_SCREEN - null]
06-24 16:26:58.345 I/appium  (24379): Null child 13/19, parent: android.view.accessibility.AccessibilityNodeInfo@c4e5; boundsInParent: Rect(0, 0 - 1056, 1550); boundsInScreen: Rect(12, 0 - 1068, 1514); packageName: com.huawei.android.launcher; className: android.view.ViewGroup; text: null; error: null; maxTextLength: -1; contentDescription: null; viewIdResName: null; checkable: false; checked: false; focusable: false; focused: false; selected: false; clickable: false; longClickable: false; contextClickable: false; enabled: true; password: false; scrollable: false; importantForAccessibility: false; actions: [AccessibilityAction: ACTION_SELECT - null, AccessibilityAction: ACTION_CLEAR_SELECTION - null, AccessibilityAction: ACTION_ACCESSIBILITY_FOCUS - null, AccessibilityAction: ACTION_SHOW_ON_SCREEN - null]
06-24 16:26:58.346 I/appium  (24379): Null child 14/19, parent: android.view.accessibility.AccessibilityNodeInfo@c4e5; boundsInParent: Rect(0, 0 - 1056, 1550); boundsInScreen: Rect(12, 0 - 1068, 1514); packageName: com.huawei.android.launcher; className: android.view.ViewGroup; text: null; error: null; maxTextLength: -1; contentDescription: null; viewIdResName: null; checkable: false; checked: false; focusable: false; focused: false; selected: false; clickable: false; longClickable: false; contextClickable: false; enabled: true; password: false; scrollable: false; importantForAccessibility: false; actions: [AccessibilityAction: ACTION_SELECT - null, AccessibilityAction: ACTION_CLEAR_SELECTION - null, AccessibilityAction: ACTION_ACCESSIBILITY_FOCUS - null, AccessibilityAction: ACTION_SHOW_ON_SCREEN - null]
06-24 16:26:58.347 I/appium  (24379): Null child 15/19, parent: android.view.accessibility.AccessibilityNodeInfo@c4e5; boundsInParent: Rect(0, 0 - 1056, 1550); boundsInScreen: Rect(12, 0 - 1068, 1514); packageName: com.huawei.android.launcher; className: android.view.ViewGroup; text: null; error: null; maxTextLength: -1; contentDescription: null; viewIdResName: null; checkable: false; checked: false; focusable: false; focused: false; selected: false; clickable: false; longClickable: false; contextClickable: false; enabled: true; password: false; scrollable: false; importantForAccessibility: false; actions: [AccessibilityAction: ACTION_SELECT - null, AccessibilityAction: ACTION_CLEAR_SELECTION - null, AccessibilityAction: ACTION_ACCESSIBILITY_FOCUS - null, AccessibilityAction: ACTION_SHOW_ON_SCREEN - null]
06-24 16:26:58.349 I/appium  (24379): Null child 16/19, parent: android.view.accessibility.AccessibilityNodeInfo@c4e5; boundsInParent: Rect(0, 0 - 1056, 1550); boundsInScreen: Rect(12, 0 - 1068, 1514); packageName: com.huawei.android.launcher; className: android.view.ViewGroup; text: null; error: null; maxTextLength: -1; contentDescription: null; viewIdResName: null; checkable: false; checked: false; focusable: false; focused: false; selected: false; clickable: false; longClickable: false; contextClickable: false; enabled: true; password: false; scrollable: false; importantForAccessibility: false; actions: [AccessibilityAction: ACTION_SELECT - null, AccessibilityAction: ACTION_CLEAR_SELECTION - null, AccessibilityAction: ACTION_ACCESSIBILITY_FOCUS - null, AccessibilityAction: ACTION_SHOW_ON_SCREEN - null]
06-24 16:26:58.350 I/appium  (24379): Null child 17/19, parent: android.view.accessibility.AccessibilityNodeInfo@c4e5; boundsInParent: Rect(0, 0 - 1056, 1550); boundsInScreen: Rect(12, 0 - 1068, 1514); packageName: com.huawei.android.launcher; className: android.view.ViewGroup; text: null; error: null; maxTextLength: -1; contentDescription: null; viewIdResName: null; checkable: false; checked: false; focusable: false; focused: false; selected: false; clickable: false; longClickable: false; contextClickable: false; enabled: true; password: false; scrollable: false; importantForAccessibility: false; actions: [AccessibilityAction: ACTION_SELECT - null, AccessibilityAction: ACTION_CLEAR_SELECTION - null, AccessibilityAction: ACTION_ACCESSIBILITY_FOCUS - null, AccessibilityAction: ACTION_SHOW_ON_SCREEN - null]
06-24 16:26:58.352 I/appium  (24379): Null child 18/19, parent: android.view.accessibility.AccessibilityNodeInfo@c4e5; boundsInParent: Rect(0, 0 - 1056, 1550); boundsInScreen: Rect(12, 0 - 1068, 1514); packageName: com.huawei.android.launcher; className: android.view.ViewGroup; text: null; error: null; maxTextLength: -1; contentDescription: null; viewIdResName: null; checkable: false; checked: false; focusable: false; focused: false; selected: false; clickable: false; longClickable: false; contextClickable: false; enabled: true; password: false; scrollable: false; importantForAccessibility: false; actions: [AccessibilityAction: ACTION_SELECT - null, AccessibilityAction: ACTION_CLEAR_SELECTION - null, AccessibilityAction: ACTION_ACCESSIBILITY_FOCUS - null, AccessibilityAction: ACTION_SHOW_ON_SCREEN - null]
06-24 16:26:58.353 I/appium  (24379): Null child 2/3, parent: android.view.accessibility.AccessibilityNodeInfo@9b9a; boundsInParent: Rect(0, 0 - 1080, 1580); boundsInScreen: Rect(0, 0 - 1080, 1532); packageName: com.huawei.android.launcher; className: android.view.ViewGroup; text: null; error: null; maxTextLength: -1; contentDescription: null; viewIdResName: com.huawei.android.launcher:id/workspace_screen; checkable: false; checked: false; focusable: false; focused: false; selected: false; clickable: true; longClickable: true; contextClickable: false; enabled: true; password: false; scrollable: false; importantForAccessibility: true; actions: [AccessibilityAction: ACTION_SELECT - null, AccessibilityAction: ACTION_CLEAR_SELECTION - null, AccessibilityAction: ACTION_CLICK - null, AccessibilityAction: ACTION_LONG_CLICK - null, AccessibilityAction: ACTION_ACCESSIBILITY_FOCUS - null, AccessibilityAction: ACTION_SHOW_ON_SCREEN - null]
06-24 16:26:58.354 I/appium  (24379): Null child 3/4, parent: android.view.accessibility.AccessibilityNodeInfo@79d1; boundsInParent: Rect(2160, 0 - 3240, 1920); boundsInScreen: Rect(0, 0 - 1080, 1920); packageName: com.huawei.android.launcher; className: android.view.ViewGroup; text: null; error: null; maxTextLength: -1; contentDescription:  3  4 ; viewIdResName: com.huawei.android.launcher:id/workspace; checkable: false; checked: false; focusable: false; focused: false; selected: false; clickable: false; longClickable: false; contextClickable: false; enabled: true; password: false; scrollable: true; importantForAccessibility: true; actions: [AccessibilityAction: ACTION_SELECT - null, AccessibilityAction: ACTION_CLEAR_SELECTION - null, AccessibilityAction: ACTION_ACCESSIBILITY_FOCUS - null, AccessibilityAction: ACTION_NEXT_AT_MOVEMENT_GRANULARITY - null, AccessibilityAction: ACTION_PREVIOUS_AT_MOVEMENT_GRANULARITY - null, AccessibilityAction: ACTION_SET_SELECTION - null, AccessibilityAction: ACTION_SHOW_ON_SCREEN - null]
06-24 16:26:58.355 I/appium  (24379): Null child 1/4, parent: android.view.accessibility.AccessibilityNodeInfo@8c96; boundsInParent: Rect(0, 0 - 1080, 1920); boundsInScreen: Rect(0, 0 - 1080, 1920); packageName: com.huawei.android.launcher; className: android.widget.FrameLayout; text: null; error: null; maxTextLength: -1; contentDescription: null; viewIdResName: com.huawei.android.launcher:id/drag_layer; checkable: false; checked: false; focusable: false; focused: false; selected: false; clickable: false; longClickable: false; contextClickable: false; enabled: true; password: false; scrollable: false; importantForAccessibility: false; actions: [AccessibilityAction: ACTION_SELECT - null, AccessibilityAction: ACTION_CLEAR_SELECTION - null, AccessibilityAction: ACTION_ACCESSIBILITY_FOCUS - null, AccessibilityAction: ACTION_SHOW_ON_SCREEN - null]
06-24 16:26:58.357 I/appium  (24379): Null child 2/4, parent: android.view.accessibility.AccessibilityNodeInfo@8c96; boundsInParent: Rect(0, 0 - 1080, 1920); boundsInScreen: Rect(0, 0 - 1080, 1920); packageName: com.huawei.android.launcher; className: android.widget.FrameLayout; text: null; error: null; maxTextLength: -1; contentDescription: null; viewIdResName: com.huawei.android.launcher:id/drag_layer; checkable: false; checked: false; focusable: false; focused: false; selected: false; clickable: false; longClickable: false; contextClickable: false; enabled: true; password: false; scrollable: false; importantForAccessibility: false; actions: [AccessibilityAction: ACTION_SELECT - null, AccessibilityAction: ACTION_CLEAR_SELECTION - null, AccessibilityAction: ACTION_ACCESSIBILITY_FOCUS - null, AccessibilityAction: ACTION_SHOW_ON_SCREEN - null]
