06-24 16:20:53.874 W/libc    (  493): Set property "hw.wifi.dns_stat" to "33958,29419,5028,1,52593"
06-24 16:20:53.889 I/appium  (19530): channel read invoked!
06-24 16:20:53.889 I/appium  (19530): channel read: GET /wd/hub/session/4dfb9834-f9e3-4bb5-8e08-7f8550328a86/source
06-24 16:20:54.402 W/ResourceType( 2519): No known package when getting name for resource number 0x9c010000
06-24 16:20:54.403 W/ResourceType( 2519): No known package when getting name for resource number 0x9c010100
06-24 16:20:54.403 W/ResourceType( 2519): No known package when getting name for resource number 0x9c010200
06-24 16:20:54.404 W/ResourceType( 2519): No known package when getting name for resource number 0x9c010300
06-24 16:20:54.404 W/ResourceType( 2519): No known package when getting name for resource number 0x9c010001
06-24 16:20:54.404 W/ResourceType( 2519): No known package when getting name for resource number 0x9c010101
06-24 16:20:54.405 W/ResourceType( 2519): No known package when getting name for resource number 0x9c010201
06-24 16:20:54.405 W/ResourceType( 2519): No known package when getting name for resource number 0x9c010301
06-24 16:20:54.406 W/ResourceType( 2519): No known package when getting name for resource number 0x9c010002
06-24 16:20:54.407 W/ResourceType( 2519): No known package when getting name for resource number 0x9c010102
06-24 16:20:54.407 W/ResourceType( 2519): No known package when getting name for resource number 0x9c010202
06-24 16:20:54.408 W/ResourceType( 2519): No known package when getting name for resource number 0x9c010302
06-24 16:20:54.408 W/ResourceType( 2519): No known package when getting name for resource number 0x9c010003
06-24 16:20:54.410 W/ResourceType( 2519): No known package when getting name for resource number 0x9c010103
06-24 16:20:54.411 W/ResourceType( 2519): No known package when getting name for resource number 0x9c010203
06-24 16:20:54.412 W/ResourceType( 2519): No known package when getting name for resource number 0x9c010303
06-24 16:20:54.414 W/ResourceType( 2519): No known package when getting name for resource number 0x9c010004
06-24 16:20:54.415 W/ResourceType( 2519): No known package when getting name for resource number 0x9c010104
06-24 16:20:54.417 W/ResourceType( 2519): No known package when getting name for resource number 0x9c010204
06-24 16:20:54.418 W/ResourceType( 2519): No known package when getting name for resource number 0x9c010304
06-24 16:20:54.463 I/appium  (19530): Skipping invisible child: android.view.accessibility.AccessibilityNodeInfo@93fe; boundsInParent: Rect(0, 0 - 1080, 1580); boundsInScreen: Rect(0, 0 - -1080, 1532); packageName: com.huawei.android.launcher; className: android.view.ViewGroup; text: null; error: null; maxTextLength: -1; contentDescription: null; viewIdResName: com.huawei.android.launcher:id/workspace_screen; checkable: false; checked: false; focusable: false; focused: false; selected: false; clickable: true; longClickable: true; contextClickable: false; enabled: true; password: false; scrollable: false; importantForAccessibility: true; actions: [AccessibilityAction: ACTION_SELECT - null, AccessibilityAction: ACTION_CLEAR_SELECTION - null, AccessibilityAction: ACTION_CLICK - null, AccessibilityAction: ACTION_LONG_CLICK - null, AccessibilityAction: ACTION_ACCESSIBILITY_FOCUS - null, AccessibilityAction: ACTION_SHOW_ON_SCREEN - null]
06-24 16:20:54.466 I/appium  (19530): Skipping invisible child: android.view.accessibility.AccessibilityNodeInfo@97bf; boundsInParent: Rect(0, 0 - 1080, 1580); boundsInScreen: Rect(0, 0 - 0, 1532); packageName: com.huawei.android.launcher; className: android.view.ViewGroup; text: null; error: null; maxTextLength: -1; contentDescription: null; viewIdResName: com.huawei.android.launcher:id/workspace_screen; checkable: false; checked: false; focusable: false; focused: false; selected: false; clickable: true; longClickable: true; contextClickable: false; enabled: true; password: false; scrollable: false; importantForAccessibility: true; actions: [AccessibilityAction: ACTION_SELECT - null, AccessibilityAction: ACTION_CLEAR_SELECTION - null, AccessibilityAction: ACTION_CLICK - null, AccessibilityAction: ACTION_LONG_CLICK - null, AccessibilityAction: ACTION_ACCESSIBILITY_FOCUS - null, AccessibilityAction: ACTION_SHOW_ON_SCREEN - null]
06-24 16:20:54.477 I/appium  (19530): Skipping invisible child: android.view.accessibility.AccessibilityNodeInfo@14fb0; boundsInParent: Rect(0, 0 - 93, 93); boundsInScreen: Rect(495, 0 - 584, 76); packageName: com.huawei.android.launcher; className: android.widget.ImageView; text: null; error: null; maxTextLength: -1; contentDescription: ; viewIdResName: com.huawei.android.launcher:id/default_screen_home_icon; checkable: false; checked: false; focusable: true; focused: false; selected: false; clickable: true; longClickable: false; contextClickable: false; enabled: true; password: false; scrollable: false; importantForAccessibility: true; actions: [AccessibilityAction: ACTION_FOCUS - null, AccessibilityAction: ACTION_SELECT - null, AccessibilityAction: ACTION_CLEAR_SELECTION - null, AccessibilityAction: ACTION_CLICK - null, AccessibilityAction: ACTION_ACCESSIBILITY_FOCUS - null, AccessibilityAction: ACTION_NEXT_AT_MOVEMENT_GRANULARITY - null, AccessibilityAction: ACTION_PREVIOUS_AT_MOVEMENT_GRANULARITY - null, AccessibilityAction: ACTION_SET_SELECTION - null, AccessibilityAction: ACTION_SHOW_ON_SCREEN - null]
06-24 16:20:54.483 I/appium  (19530): Skipping invisible child: android.view.accessibility.AccessibilityNodeInfo@15371; boundsInParent: Rect(0, 0 - 93, 93); boundsInScreen: Rect(493, 0 - 586, 78); packageName: com.huawei.android.launcher; className: android.widget.ImageView; text: null; error: null; maxTextLength: -1; contentDescription: ; viewIdResName: com.huawei.android.launcher:id/default_screen_home_icon_bg; checkable: false; checked: false; focusable: true; focused: false; selected: false; clickable: true; longClickable: false; contextClickable: false; enabled: true; password: false; scrollable: false; importantForAccessibility: true; actions: [AccessibilityAction: ACTION_FOCUS - null, AccessibilityAction: ACTION_SELECT - null, AccessibilityAction: ACTION_CLEAR_SELECTION - null, AccessibilityAction: ACTION_CLICK - null, AccessibilityAction: ACTION_ACCESSIBILITY_FOCUS - null, AccessibilityAction: ACTION_NEXT_AT_MOVEMENT_GRANULARITY - null, AccessibilityAction: ACTION_PREVIOUS_AT_MOVEMENT_GRANULARITY - null, AccessibilityAction: ACTION_SET_SELECTION - null, AccessibilityAction: ACTION_SHOW_ON_SCREEN - null]
06-24 16:20:54.488 W/ResourceType( 2519): No known package when getting name for resource number 0x9c030000
06-24 16:20:54.494 W/ResourceType( 2519): No known package when getting name for resource number 0x9c030100
06-24 16:20:54.501 W/ResourceType( 2519): No known package when getting name for resource number 0x9c030200
06-24 16:20:54.508 W/ResourceType( 2519): No known package when getting name for resource number 0x9c030300
06-24 16:20:54.513 I/TrafficMonitor(  657): update:rxPkts:3,txPkts:6,rxBytes:307,txBytes:525
06-24 16:20:54.513 I/TrafficMonitor(  657): start expired. level:-1
06-24 16:20:54.513 I/TrafficMonitor(  657): gettimer:interval=2000
06-24 16:20:54.515 W/ResourceType( 2519): No known package when getting name for resource number 0x9c030001
06-24 16:20:54.521 W/ResourceType( 2519): No known package when getting name for resource number 0x9c030101
06-24 16:20:54.528 W/ResourceType( 2519): No known package when getting name for resource number 0x9c030201
06-24 16:20:54.538 W/ResourceType( 2519): No known package when getting name for resource number 0x9c030301
06-24 16:20:54.544 W/ResourceType( 2519): No known package when getting name for resource number 0x9c030002
06-24 16:20:54.551 W/ResourceType( 2519): No known package when getting name for resource number 0x9c030102
06-24 16:20:54.557 W/ResourceType( 2519): No known package when getting name for resource number 0x9c030202
06-24 16:20:54.565 W/ResourceType( 2519): No known package when getting name for resource number 0x9c030302
06-24 16:20:54.572 W/ResourceType( 2519): No known package when getting name for resource number 0x9c030003
06-24 16:20:54.580 W/ResourceType( 2519): No known package when getting name for resource number 0x9c030103
06-24 16:20:54.587 W/ResourceType( 2519): No known package when getting name for resource number 0x9c030203
06-24 16:20:54.594 W/ResourceType( 2519): No known package when getting name for resource number 0x9c030303
06-24 16:20:54.601 W/ResourceType( 2519): No known package when getting name for resource number 0x9c030004
06-24 16:20:54.608 W/ResourceType( 2519): No known package when getting name for resource number 0x9c030104
06-24 16:20:54.614 W/ResourceType( 2519): No known package when getting name for resource number 0x9c030204
06-24 16:20:54.622 I/appium  (19530): Skipping invisible child: android.view.accessibility.AccessibilityNodeInfo@9f41; boundsInParent: Rect(0, 0 - 1080, 1580); boundsInScreen: Rect(1080, 0 - 1080, 1532); packageName: com.huawei.android.launcher; className: android.view.ViewGroup; text: null; error: null; maxTextLength: -1; contentDescription: null; viewIdResName: com.huawei.android.launcher:id/workspace_screen; checkable: false; checked: false; focusable: false; focused: false; selected: false; clickable: true; longClickable: true; contextClickable: false; enabled: true; password: false; scrollable: false; importantForAccessibility: true; actions: [AccessibilityAction: ACTION_SELECT - null, AccessibilityAction: ACTION_CLEAR_SELECTION - null, AccessibilityAction: ACTION_CLICK - null, AccessibilityAction: ACTION_LONG_CLICK - null, AccessibilityAction: ACTION_ACCESSIBILITY_FOCUS - null, AccessibilityAction: ACTION_SHOW_ON_SCREEN - null]
06-24 16:20:54.627 W/ResourceType( 2519): No known package when getting name for resource number 0x9b000000
06-24 16:20:54.628 W/ResourceType( 2519): No known package when getting name for resource number 0x9b010100
06-24 16:20:54.629 W/ResourceType( 2519): No known package when getting name for resource number 0x9b020200
06-24 16:20:54.630 W/ResourceType( 2519): No known package when getting name for resource number 0x9b030300
06-24 16:20:54.631 W/ResourceType( 2519): No known package when getting name for resource number 0x9b040400
06-24 16:20:54.652 I/appium  (19530): Fetch time: 202ms
06-24 16:20:54.724 I/appium  (19530): AppiumResponse: {"sessionId":"4dfb9834-f9e3-4bb5-8e08-7f8550328a86","status":0,"value":"<?xml version=\"1.0\" encoding=\"UTF-8\"?><hierarchy rotation=\"0\"><android.widget.FrameLayout index=\"0\" text=\"\" class=\"android.widget.FrameLayout\" package=\"com.huawei.android.launcher\" content-desc=\"\" checkable=\"false\" checked=\"false\" clickable=\"false\" enabled=\"true\" focusable=\"false\" focused=\"false\" scrollable=\"false\" long-clickable=\"false\" password=\"false\" selected=\"false\" bounds=\"[0,0][1080,1920]\" resource-id=\"\" instance=\"0\"><android.widget.LinearLayout index=\"0\" text=\"\" class=\"android.widget.LinearLayout\" package=\"com.huawei.android.launcher\" content-desc=\"\" checkable=\"false\" checked=\"false\" clickable=\"false\" enabled=\"true\" focusable=\"false\" focused=\"false\" scrollable=\"false\" long-clickable=\"false\" password=\"false\" selected=\"false\" bounds=\"[0,0][1080,1920]\" resource-id=\"\" instance=\"0\"><android.widget.FrameLayout index=\"0\" text=\"\" class=\"android.widget.FrameLayout\" package=\"com.huawei.android.launcher\" content-desc=\"\" checkable=\"false\" checked=\"false\" clickable=\"false\" enabled=\"true\" focusable=\"false\" focused=\"false\" scrollable=\"false\" long-clickable=\"false\" password=\"false\" selected=\"false\" bounds=\"[0,0][1080,1920]\" resource-id=\"android:id\/content\" instance=\"1\"><android.widget.FrameLayout index=\"0\" text=\"\" class=\"android.widget.FrameLayout\" package=\"com.huawei.android.launcher\" content-desc=\"\" checkable=\"false\" checked=\"false\" clickable=\"false\" enabled=\"true\" focusable=\"false\" focused=\"false\" scrollable=\"false\" long-clickable=\"false\" password=\"false\" selected=\"false\" bounds=\"[0,0][1080,1920]\" resource-id=\"com.huawei.android.launcher:id\/drag_layer\" instance=\"2\"><android.view.ViewGroup index=\"0\" text=\"\" class=\"android.view.ViewGroup\" package=\"com.huawei.android.launcher\" content-desc=\" 3  4 \" checkable=\"false\" checked=\"false\" clickable=\"false\" enabled=\"true\" focusable=\"false\" focused=\"false\" scrollable=\"true\" long-clickable=\"false\" password=\"false\" selected=\"false\" bounds=\"[0,0][1080,1920]\" resource-id=\"com.huawei.android.launcher:id\/workspace\" instance=\"0\"><android.view.ViewGroup index=\"2\" text=\"\" class=\"android.view.ViewGroup\" package=\"com.huawei.android.launcher\" content-desc=\"\" checkable=\"false\" checked=\"false\" clickable=\"true\" enabled=\"true\" focusable=\"false\" focused=\"false\" scrollable=\"false\" long-clickable=\"true\" password=\"false\" selected=\"false\" bounds=\"[0,0][1080,1532]\" resource-id=\"com.huawei.android.launcher:id\/workspace_screen\" instance=\"1\"><android.widget.FrameLayout index=\"0\" text=\"\" class=\"android.widget.FrameLayout\" package=\"com.huawei.android.launcher\" content-desc=\"\" checkable=\"false\" checked=\"false\" clickable=\"false\" enabled=\"true\" focusable=\"false\" focused=\"false\" scrollable=\"false\" long-clickable=\"false\" password=\"false\" selected=\"false\" bounds=\"[12,0][1068,1514]\" resource-id=\"\" instance=\"3\"\/><android.view.ViewGroup index=\"1\" text=\"\" class=\"android.view.ViewGroup\" package=\"com.huawei.android.launcher\" content-desc=\"\" checkable=\"false\" checked=\"false\" clickable=\"false\" enabled=\"true\" focusable=\"false\" focused=\"false\" scrollable=\"false\" long-clickable=\"false\" password=\"false\" selected=\"false\" bounds=\"[12,0][1068,1514]\" resource-id=\"\" instance=\"2\"><android.widget.TextView index=\"0\" text=\"iTest\" class=\"android.widget.TextView\" package=\"com.huawei.android.launcher\" content-desc=\"\" checkable=\"false\" checked=\"false\" clickable=\"true\" enabled=\"true\" focusable=\"true\" focused=\"false\" scrollable=\"false\" long-clickable=\"true\" password=\"false\" selected=\"false\" bounds=\"[12,84][276,370]\" resource-id=\"\" instance=\"0\"\/><android.widget.TextView index=\"1\" text=\"WhatsApp\" class=\"android.widget.TextView\" package=\"com.huawei.android.launcher\" content-
06-24 16:20:52.224 I/chatty  (  765): uid=1010(wifi) /system/bin/wificond identical 1 line
06-24 16:20:53.507 E/wificond(  765): Failed to get NL80211_STA_INFO_CNAHLOAD
06-24 16:20:54.740 I/ActivityManager(  657): START u0 {act=android.intent.action.MAIN cat=[android.intent.category.LAUNCHER] flg=0x10000000 cmp=com.excelliance.dualaid/com.excelliance.kxqp.ui.HelloActivity} from uid 2000
06-24 16:20:54.742 I/ActivityManager(  657): ActivityRecord info: ActivityInfo{83dd0ce com.excelliance.kxqp.ui.HelloActivity}
06-24 16:20:54.748 I/ash     ( 1699): front pkg : com.excelliance.dualaid launcher: false
06-24 16:20:54.748 I/ash     ( 1699): above launcher front pkgs: [com.excelliance.dualaid]
06-24 16:20:54.749 V/WindowManager(  657): addAppToken: AppWindowToken{5ea2bda token=Token{4a61185 ActivityRecord{32ea6fc u0 com.excelliance.dualaid/com.excelliance.kxqp.ui.HelloActivity t16036}}} controller={TaskWindowContainerController taskId=16036} at 2147483647
06-24 16:20:54.749 I/PGServer( 1699): android calls fast hibernateApps
06-24 16:20:54.749 I/AppFastHibernation( 1699): fast hibernate duration: 1500 reason: start activity
06-24 16:20:54.749 I/Pged-IPgedBinderService(  769): ****action is 1, pid num is 6***
06-24 16:20:54.750 I/Pged-Freezer(  769): freezePids
06-24 16:20:54.750 I/Pged-Freezer(  769): Freeze process: 29457
06-24 16:20:54.750 I/Pged-Freezer(  769): Freeze process: 29531
06-24 16:20:54.750 I/Pged-Freezer(  769): Freeze process: 14942
06-24 16:20:54.750 I/Pged-Freezer(  769): Freeze process: 15544
06-24 16:20:54.751 I/Pged-Freezer(  769): Freeze process: 19530
06-24 16:20:54.751 D/PgedBinderAdapter( 1699): frz ok, pid: [29457, 29531, 14942, 15544, 19530]
06-24 16:20:54.751 D/MotionDetectionManager( 2519): stopMotionAppsReco motionApps: 403
06-24 16:20:54.751 D/MotionDetectionManager( 2519): stopMotionAppsReco not recognition motionApps 403
06-24 16:20:54.751 W/HwLauncher( 2519): Launcher.MotionManager stopMotionAppsReco service flg 403 is unavailable
06-24 16:20:54.754 V/ActivityManager(  657): startProcess: name=com.excelliance.dualaid:olle app=null knownToBeDead=true thread=null pid=-1
06-24 16:20:54.754 D/PMS1000 (  657): package:com.excelliance.dualaid, input flags:0, output hwFlags:0
06-24 16:20:54.754 D/PMS1000 (  657): package:com.excelliance.dualaid, input flags:1, output hwFlags:0
06-24 16:20:54.762 I/        (19852): power log dlsym ok
06-24 16:20:54.765 I/zygote  (19852): Reinit property: dalvik.vm.checkjni= false
06-24 16:20:54.766 I/ActivityManager(  657): Start proc 19852:com.excelliance.dualaid:olle/u0a1423 for activity com.excelliance.dualaid/com.excelliance.kxqp.ui.HelloActivity
06-24 16:20:54.767 V/WindowManager(  657): No longer Stopped: AppWindowToken{5ea2bda token=Token{4a61185 ActivityRecord{32ea6fc u0 com.excelliance.dualaid/com.excelliance.kxqp.ui.HelloActivity t16036}}}
06-24 16:20:54.767 V/ActivityManager(  657): startProcess: name=com.excelliance.dualaid:olle app=ProcessRecord{2ad480b 19852:com.excelliance.dualaid:olle/u0a1423} knownToBeDead=true thread=null pid=19852
06-24 16:20:54.776 D/ActivityThread(19852): ActivityThread,attachApplication
06-24 16:20:54.777 D/ActivityManager(  657): ActivityManagerService,attachApplication,callingPid = 19852
06-24 16:20:54.779 V/WindowManager(  657): No longer Stopped: AppWindowToken{5ea2bda token=Token{4a61185 ActivityRecord{32ea6fc u0 com.excelliance.dualaid/com.excelliance.kxqp.ui.HelloActivity t16036}}}
06-24 16:20:54.789 V/WindowManager(  657): findFocusedWindow: AppWindowToken{d3a938b token=Token{377755a ActivityRecord{d5c9105 u0 com.huawei.android.launcher/.unihome.UniHomeLauncher t15658}}} below Reached focused app=AppWindowToken{5ea2bda token=Token{4a61185 ActivityRecord{32ea6fc u0 com.excelliance.dualaid/com.excelliance.kxqp.ui.HelloActivity t16036}}}
06-24 16:20:54.790 D/ScenarioService( 1699): front pkg : com.excelliance.dualaid launcher: false
06-24 16:20:54.790 D/ScenarioService( 1699): new above launcher front pkgs: [com.excelliance.dualaid]
06-24 16:20:54.790 I/AppsUsage( 1699): scnOff:false FgAPP:com.excelliance.dualaid BgAPP:com.huawei.android.launcher
06-24 16:20:54.792 D/EmcomManagerService(  657): forePackage name is com.excelliance.dualaid
06-24 16:20:54.792 D/HicomPolicyManager(  657): foreAppInfo = nullpkgName = com.excelliance.dualaid uid= 11423
06-24 16:20:54.792 E/HicomPolicyManager(  657): udp acc is not start yet!
06-24 16:20:54.792 D/HicomPolicyManager(  657): speed control is not start
06-24 16:20:54.792 E/HicomPolicyManager(  657): Network Evaluation is not start yet!
06-24 16:20:54.792 E/HicomPolicyManager(  657): foreground app info is null
06-24 16:20:54.793 V/WindowManager(  657): Checking 1 opening apps (frozen=false timeout=false)...
06-24 16:20:54.793 V/WindowManager(  657): Check opening app=AppWindowToken{5ea2bda token=Token{4a61185 ActivityRecord{32ea6fc u0 com.excelliance.dualaid/com.excelliance.kxqp.ui.HelloActivity t16036}}}: allDrawn=false startingDisplayed=false startingMoved=false isRelaunching()=false
06-24 16:20:54.793 D/[HwRecSys]HwRecSysService( 2647): onEvent actionID: 10000 msg:com.excelliance.dualaid		
06-24 16:20:54.793 E/[HwRecSys]HwRecSysService( 2647): getIsRportDirectService is false!
06-24 16:20:54.794 D/HwQoEUtils(  657): mForegroundAppPackageName: com.excelliance.dualaid:olle ,score: 0
06-24 16:20:54.794 D/HwQoEUtils(  657): APP type: -1 appName= com.excelliance.dualaid:olle
06-24 16:20:54.794 D/HwQoEUtils(  657): RealAppName:com.excelliance.dualaid
06-24 16:20:54.794 D/HwQoEUtils(  657): no game, APP_TYPE_GAME, appName =com.excelliance.dualaid:olle
06-24 16:20:54.795 D/HwGameAssistantController(  657): pid=19852, uid=11423, foreground=true
06-24 16:20:54.795 I/HwNetworkPolicy(  657): onTransact, code = 203
06-24 16:20:54.795 I/HwNetworkPolicyManager( 1813): getHwUidPolicy uid = 11423 policy = 0
06-24 16:20:54.796 W/AwareLog(  657): SchedLevelBoost: onFgActivitiesChanged config not set!
06-24 16:20:54.797 W//system/bin/hwservicemanager(  416): Cannot open /odm/manifest.xml
06-24 16:20:54.798 I/PGServer( 1699): report state:10010 event type:2 pid:0 uid:0 pkg:com.huawei.android.launcher to pid: 657
06-24 16:20:54.798 I/PGServer( 1699): report state:10010 event type:2 pid:0 uid:0 pkg:com.huawei.android.launcher to pid: 1699
06-24 16:20:54.798 I/SceneReceiver( 1699): state type: 10010 eventType:2 pid:0 uid:0 pkg:com.huawei.android.launcher
06-24 16:20:54.798 I/PGServer( 1699): report state:10000 event type:1 pid:0 uid:0 pkg:com.excelliance.dualaid to pid: 657
06-24 16:20:54.798 I/PGServer( 1699): report state:10000 event type:1 pid:0 uid:0 pkg:com.excelliance.dualaid to pid: 1699
06-24 16:20:54.798 I/SceneReceiver( 1699): state type: 10000 eventType:1 pid:0 uid:0 pkg:com.excelliance.dualaid
06-24 16:20:54.798 D/HwThermalStateManager( 1699): current foreapp pkg : com.excelliance.dualaid
06-24 16:20:54.800 I/PGServer( 1699): checkPkgType. calling pkg: android
06-24 16:20:54.800 I/PGServer( 1699): checkPkgType. calling pkg: android
06-24 16:20:54.801 W/libc    ( 1699): Set property "sys.aps.gameProcessName" to ""
06-24 16:20:54.802 W/libc    ( 1699): Set property "sys.aps.browserProcessName" to ""
06-24 16:20:54.812 D/HwFLClassLoader(19852): get used feature list :/feature/used-list failed!
06-24 16:20:54.812 D/HwFLClassLoader(19852): USE_FEATURE_LIST had not init! 
06-24 16:20:54.812 W//system/bin/hwservicemanager(  416): Cannot open /odm/manifest.xml
06-24 16:20:54.814 I/GRALLOC (  679): 	 shrFd=10,fmt=0x1,intFmt=0x1,btStrd=256,size=4096,pid=679 
06-24 16:20:54.814 I/GRALLOC (  679): 	 yuv=2,w=16,h=16,Stride u=0 v=0,offset u=0 v=0 
06-24 16:20:54.814 I/GRALLOC (  679): 	 iova_size=4096,conUsg=0x100,proUsg=0x100,	 strd=64,[afbc]HdrStrd=0 PyldStrd=0 Scrmbl=0,ionhnd = 1 
06-24 16:20:54.828 E/MemoryLeakMonitorManager(19852): MemoryLeakMonitor.jar is not exist!
06-24 16:20:54.829 D/KXQPApplication(19852): run: initUserManager
06-24 16:20:54.829 D/CrashHandler(19852): CrashHandler
06-24 16:20:54.830 E/Minikin (19852): Could not get cmap table size!
06-24 16:20:54.830 D/PMS11423(  657): package:com.excelliance.dualaid, input flags:128, output hwFlags:0
06-24 16:20:54.839 I/HwCust  (19852): Constructor found for class android.app.HwCustActivityImpl
06-24 16:20:54.839 D/HwCust  (19852): Create obj success use class android.app.HwCustActivityImpl
06-24 16:20:54.841 V/HwPolicyFactory(19852): : success to get AllImpl object and return....
06-24 16:20:54.843 I/HwCust  (19852): Constructor found for class android.app.HwCustHwWallpaperManagerImpl
06-24 16:20:54.843 D/HwCust  (19852): Create obj success use class android.app.HwCustHwWallpaperManagerImpl
06-24 16:20:54.844 D/PMS11423(  657): package:com.excelliance.dualaid, input flags:0, output hwFlags:0
06-24 16:20:54.845 V/HwWidgetFactory(19852): : successes to get AllImpl object and return....
06-24 16:20:54.846 V/ActivityThread(19852): ActivityThread,callActivityOnCreate
06-24 16:20:54.849 D/HelloActivity(19852): Memory:25140M
06-24 16:20:54.850 D/HelloActivity(19852): onCreate: true
06-24 16:20:54.851 D/HelloActivity(19852): is code boot
06-24 16:20:54.855 D/HelloActivity(19852): mIsNav = false
06-24 16:20:54.864 D/HttpUtils(19852): getDownloadMode()
06-24 16:20:54.864 D/NetUtils(19852): init inited = true
06-24 16:20:54.864 D/HelloActivity(19852): enter Nav2
06-24 16:20:54.866 D/NetworkSecurityConfig(19852): No Network Security Config specified, using platform default
06-24 16:20:54.866 I/ActivityManager(  657): START u0 {pkg=com.excelliance.dualaid cmp=com.excelliance.dualaid/com.excelliance.kxqp.swipe.NavActivity2 (has extras)} from uid 11423
06-24 16:20:54.866 I/ActivityManager(  657): ActivityRecord info: ActivityInfo{1846ebe com.excelliance.kxqp.swipe.NavActivity2}
06-24 16:20:54.867 V/WindowManager(  657): findFocusedWindow: AppWindowToken{d3a938b token=Token{377755a ActivityRecord{d5c9105 u0 com.huawei.android.launcher/.unihome.UniHomeLauncher t15658}}} below Reached focused app=AppWindowToken{5ea2bda token=Token{4a61185 ActivityRecord{32ea6fc u0 com.excelliance.dualaid/com.excelliance.kxqp.ui.HelloActivity t16036}}}
06-24 16:20:54.868 V/WindowManager(  657): addAppToken: AppWindowToken{db25c32 token=Token{a99ec3d ActivityRecord{522d994 u0 com.excelliance.dualaid/com.excelliance.kxqp.swipe.NavActivity2 t16036}}} controller={TaskWindowContainerController taskId=16036} at 2147483647
06-24 16:20:54.870 D/HwRecentsLockUtils( 1513): Search
06-24 16:20:54.870 E/HsmCoreServiceImpl( 1478): onTransact in code is: 103
06-24 16:20:54.870 I/MediaProcessHandler( 1478): playingUids: 
06-24 16:20:54.871 D/ActivityManager(  657): Skipping, home or recents stack task: TaskRecord{333215f #15658 A=com.huawei.android.launcher U=0 StackId=0 sz=1}
06-24 16:20:54.871 D/ActivityManager(  657): Skipping intent:act=android.intent.action.MAIN cat=[android.intent.category.LAUNCHER] flg=0x10a00000 cmp=io.appium.settings/.Settings
06-24 16:20:54.871 D/ActivityManager(  657): Skipping intent:flg=0x10804000 cmp=com.android.systemui/.recents.RecentsActivity bnds=[48,928][1032,2296]
06-24 16:20:54.871 D/ActivityManager(  657): Skipping intent:flg=0x18800000 cmp=com.tencent.mm/.plugin.base.stub.WXPayEntryActivity
06-24 16:20:54.871 D/ActivityManager(  657): Skipping intent:flg=0x10800000 cmp=com.huawei.systemmanager/com.huawei.permissionmanager.ui.MainActivity
06-24 16:20:54.871 D/ActivityManager(  657): Skipping intent:flg=0x18800000 cmp=com.tencent.mm/.plugin.base.stub.WXEntryActivity
06-24 16:20:54.871 D/ActivityManager(  657): Skipping intent:act=com.huawei.action.VOICE_ASSISTANT flg=0x10800000 pkg=com.huawei.vassistant cmp=com.huawei.vassistant/.ui.main.VAssistantActivity
06-24 16:20:54.871 D/ActivityManager(  657): Skipping intent:act=com.huawei.android.launcher.action.ACCESS_SPLIT_SCREEN_APP cat=[android.intent.category.DEFAULT] flg=0x10804000 cmp=com.huawei.android.launcher/.splitscreen.SplitScreenAppActivity
06-24 16:20:54.871 D/ActivityManager(  657): Skipping intent:flg=0x10800000 pkg=com.excelliance.dualaid.b64 cmp=com.excelliance.dualaid.b64/com.excelliance.kxqp.sdk.PermissionRequestActivity
06-24 16:20:54.871 D/ActivityManager(  657): Skipping intent:act=android.intent.action.VIEW dat=content://com.excelliance.dualaid.fileProvider/external_storage_root/Download/apk/Multiple_64.apk typ=application/vnd.android.package-archive flg=0x10800001 cmp=com.android.packageinstaller/.InstallStart
06-24 16:20:54.871 D/ActivityManager(  657): Skipping intent:flg=0x10800000 cmp=com.android.systemui/.usb.HwUsbDebuggingActivity
06-24 16:20:54.871 D/ActivityManager(  657): Skipping intent:act=android.deviceinfo.chooser.action.LAUNCH flg=0x10800000 hwFlg=0x100 pkg=com.android.settings cmp=com.android.settings/.deviceinfo.UsbConnModeChooserActivity
06-24 16:20:54.871 D/ActivityManager(  657): Skipping intent:flg=0x10800000 cmp=com.zol.android/.push.KeepLiveActivity
06-24 16:20:54.871 D/ActivityManager(  657): Skipping intent:act=android.intent.action.MAIN cat=[android.intent.category.HOME] flg=0x10800300 cmp=com.android.settings/.FallbackHome
06-24 16:20:54.873 V/ActivityManager(  657): startProcess: name=com.excelliance.dualaid app=null knownToBeDead=true thread=null pid=-1
06-24 16:20:54.873 D/PMS1000 (  657): package:com.excelliance.dualaid, input flags:0, output hwFlags:0
06-24 16:20:54.879 I/ActivityManager(  657): Start proc 19878:com.excelliance.dualaid/u0a1423 for service com.excelliance.dualaid/com.excelliance.kxqp.SmtServService
06-24 16:20:54.880 I/        (19878): power log dlsym ok
06-24 16:20:54.882 I/zygote  (19878): Reinit property: dalvik.vm.checkjni= false
06-24 16:20:54.884 D/HwNetworkManagementService(  657): code == CODE_GET_AD_KEY_LIST
06-24 16:20:54.884 D/HwNetworkManagementService(  657): appName = com.excelliance.dualaid  is not in the mAdViewMap! reply none
06-24 16:20:54.884 D/HwNetworkManagementService(  657): appName = com.excelliance.dualaid  is not in the mAdIdMap! reply none
06-24 16:20:54.886 D/ActivityThread(19852): add activity client record, r= ActivityRecord{cbe2ddc token=android.os.BinderProxy@d13fa03 {com.excelliance.dualaid/com.excelliance.kxqp.ui.HelloActivity}} token= android.os.BinderProxy@d13fa03
06-24 16:20:54.888 V/WindowManager(  657): No longer Stopped: AppWindowToken{db25c32 token=Token{a99ec3d ActivityRecord{522d994 u0 com.excelliance.dualaid/com.excelliance.kxqp.swipe.NavActivity2 t16036}}}
06-24 16:20:54.889 V/WindowManager(  657): No longer Stopped: AppWindowToken{db25c32 token=Token{a99ec3d ActivityRecord{522d994 u0 com.excelliance.dualaid/com.excelliance.kxqp.swipe.NavActivity2 t16036}}}
06-24 16:20:54.891 D/ActivityThread(19878): ActivityThread,attachApplication
06-24 16:20:54.894 V/WindowManager(  657): Checking 1 opening apps (frozen=false timeout=false)...
06-24 16:20:54.894 V/WindowManager(  657): Check opening app=AppWindowToken{db25c32 token=Token{a99ec3d ActivityRecord{522d994 u0 com.excelliance.dualaid/com.excelliance.kxqp.swipe.NavActivity2 t16036}}}: allDrawn=false startingDisplayed=false startingMoved=false isRelaunching()=false
06-24 16:20:54.896 D/ActivityManager(  657): ActivityManagerService,attachApplication,callingPid = 19878
06-24 16:20:54.900 D/HwCust  (19852): Create obj success use class android.app.HwCustActivityImpl
06-24 16:20:54.900 D/HwCust  (19852): Create obj success use class android.app.HwCustHwWallpaperManagerImpl
06-24 16:20:54.901 V/ActivityThread(19852): ActivityThread,callActivityOnCreate
06-24 16:20:54.902 W//system/bin/hwservicemanager(  416): Cannot open /odm/manifest.xml
06-24 16:20:54.904 D/NavActivity2(19852): onCreate
06-24 16:20:54.908 W/X509TrustManager(19852): checkServerTrusted: SignatureException:null
06-24 16:20:54.908 W/Utils   (19852): Utils_isSuperResolutionSupport [load libai_client.so failed]
06-24 16:20:54.908 W/X509TrustManager(19852): checkServerTrusted: SignatureException:error:04000073:RSA routines:OPENSSL_internal:DATA_TOO_LARGE_FOR_MODULUS
06-24 16:20:54.909 D/HwWifiStatStore(  657): handleMessage : 200
06-24 16:20:54.910 D/CubicBezierInterpolator(19852): CubicBezierInterpolator  mControlPoint1x = 0.23, mControlPoint1y = 0.06, mControlPoint2x = 0.09, mControlPoint2y = 0.97
06-24 16:20:54.910 D/CubicBezierInterpolator(19852): CubicBezierInterpolator  mControlPoint1x = 0.6, mControlPoint1y = 0.9, mControlPoint2x = 0.8, mControlPoint2y = 1.0
06-24 16:20:54.911 D/CubicBezierInterpolator(19852): CubicBezierInterpolator  mControlPoint1x = 0.23, mControlPoint1y = 0.06, mControlPoint2x = 0.09, mControlPoint2y = 0.97
06-24 16:20:54.911 D/CubicBezierInterpolator(19852): CubicBezierInterpolator  mControlPoint1x = 0.6, mControlPoint1y = 0.9, mControlPoint2x = 0.8, mControlPoint2y = 1.0
06-24 16:20:54.911 D/CubicBezierInterpolator(19852): CubicBezierInterpolator  mControlPoint1x = 0.23, mControlPoint1y = 0.06, mControlPoint2x = 0.09, mControlPoint2y = 0.97
06-24 16:20:54.911 D/CubicBezierInterpolator(19852): CubicBezierInterpolator  mControlPoint1x = 0.6, mControlPoint1y = 0.9, mControlPoint2x = 0.8, mControlPoint2y = 1.0
06-24 16:20:54.911 D/CubicBezierInterpolator(19852): CubicBezierInterpolator  mControlPoint1x = 0.23, mControlPoint1y = 0.06, mControlPoint2x = 0.09, mControlPoint2y = 0.97
06-24 16:20:54.911 D/CubicBezierInterpolator(19852): CubicBezierInterpolator  mControlPoint1x = 0.6, mControlPoint1y = 0.9, mControlPoint2x = 0.8, mControlPoint2y = 1.0
06-24 16:20:54.915 D/HwFLClassLoader(19878): get used feature list :/feature/used-list failed!
06-24 16:20:54.915 D/HwFLClassLoader(19878): USE_FEATURE_LIST had not init! 
06-24 16:20:54.918 D/HwRTBlurUtils(19852): check blur style for HwPhoneWindow-, themeResId : 0x7f0e000a, context : com.excelliance.kxqp.swipe.NavActivity2@794246b, Nhwext : 0, get Blur : disable with , null
06-24 16:20:54.918 D/HwRTBlurUtils(19852): check blur style for HwPhoneWindow-, themeResId : 0x7f0e000a, context : com.excelliance.kxqp.swipe.NavActivity2@794246b, Nhwext : 0, get Blur : disable with , null
06-24 16:20:54.919 E/test    (19852): hw notch screen flag api error
06-24 16:20:54.920 W//system/bin/hwservicemanager(  416): Cannot open /odm/manifest.xml
06-24 16:20:54.921 D/ActivityThread(19852): add activity client record, r= ActivityRecord{414755e token=android.os.BinderProxy@31abee5 {com.excelliance.dualaid/com.excelliance.kxqp.swipe.NavActivity2}} token= android.os.BinderProxy@31abee5
06-24 16:20:54.921 I/GRALLOC (  679): 	 shrFd=10,fmt=0x1,intFmt=0x1,btStrd=256,size=4096,pid=679 
06-24 16:20:54.921 I/GRALLOC (  679): 	 yuv=2,w=16,h=16,Stride u=0 v=0,offset u=0 v=0 
06-24 16:20:54.921 I/GRALLOC (  679): 	 iova_size=4096,conUsg=0x100,proUsg=0x100,	 strd=64,[afbc]HdrStrd=0 PyldStrd=0 Scrmbl=0,ionhnd = 1 
06-24 16:20:54.922 E/ViewUtils(19852): setBgColor: view==null:top
06-24 16:20:54.930 D/OpenGLRenderer(19852):   HWUI Binary is  enabled
06-24 16:20:54.932 D/SurfaceFlinger(  710): SurfaceFlinger: getDisplayConfigs--3.000000, 1080, 1920
06-24 16:20:54.932 I/chatty  (  710): uid=1000(system) Binder:710_3 identical 1 line
06-24 16:20:54.932 D/SurfaceFlinger(  710): SurfaceFlinger: getDisplayConfigs--3.000000, 1080, 1920
06-24 16:20:54.933 D/OpenGLRenderer(19852): HWUI GL Pipeline
06-24 16:20:54.936 D/PMS11423(  657): package:com.excelliance.dualaid, input flags:128, output hwFlags:0
06-24 16:20:54.937 V/WindowManager(  657): Adding Window{5956c71 u0 com.excelliance.dualaid/com.excelliance.kxqp.swipe.NavActivity2} to AppWindowToken{db25c32 token=Token{a99ec3d ActivityRecord{522d994 u0 com.excelliance.dualaid/com.excelliance.kxqp.swipe.NavActivity2 t16036}}}
06-24 16:20:54.938 V/WindowManager(  657): addWindow: New client android.os.BinderProxy@6a02a18: window=Window{5956c71 u0 com.excelliance.dualaid/com.excelliance.kxqp.swipe.NavActivity2} Callers=com.android.server.wm.HwWindowManagerService.addWindow:562 com.android.server.wm.Session.addToDisplay:199 android.view.IWindowSession$Stub.onTransact:124 com.android.server.wm.Session.onTransact:161 android.os.Binder.execTransact:675 
06-24 16:20:54.942 D/PMS11423(  657): package:com.excelliance.dualaid, input flags:128, output hwFlags:0
06-24 16:20:54.944 D/HwGalleryCacheManagerImpl(19852): mIsEffect:false
06-24 16:20:54.944 V/WindowManager(  657): Checking 1 opening apps (frozen=false timeout=false)...
06-24 16:20:54.944 V/WindowManager(  657): Check opening app=AppWindowToken{db25c32 token=Token{a99ec3d ActivityRecord{522d994 u0 com.excelliance.dualaid/com.excelliance.kxqp.swipe.NavActivity2 t16036}}}: allDrawn=false startingDisplayed=false startingMoved=false isRelaunching()=false
06-24 16:20:54.945 D/PMS11423(  657): package:com.excelliance.dualaid, input flags:128, output hwFlags:0
06-24 16:20:54.963 D/HttpUtils(19852): getResponseCode():200
06-24 16:20:54.963 D/WHEG    (19852): {"status":"0","controls":"","skip":"0"}
06-24 16:20:54.981 W/dex2oat (19903): Using default instruction set features for ARM CPU variant (default) using conservative defaults
06-24 16:20:54.982 I/dex2oat (19903): /system/bin/dex2oat -j4 --dex-file=/data/data/com.excelliance.dualaid/.platformcache/main.jar --output-vdex-fd=46 --oat-fd=47 --oat-location=/data/data/com.excelliance.dualaid/.platformcache/oat/arm/main.odex --compiler-filter=quicken
06-24 16:20:54.982 I/cutils-trace(19903): atrace_init_once, trace_marker_path = /sys/kernel/debug/tracing/trace_marker
06-24 16:20:54.992 D/HwRecentsLockUtils( 1513): Search
06-24 16:20:54.992 E/HsmCoreServiceImpl( 1478): onTransact in code is: 103
06-24 16:20:54.992 I/MediaProcessHandler( 1478): playingUids: 
06-24 16:20:54.993 D/ActivityManager(  657): Skipping, home or recents stack task: TaskRecord{333215f #15658 A=com.huawei.android.launcher U=0 StackId=0 sz=1}
06-24 16:20:54.993 D/ActivityManager(  657): Skipping intent:act=android.intent.action.MAIN cat=[android.intent.category.LAUNCHER] flg=0x10a00000 cmp=io.appium.settings/.Settings
06-24 16:20:54.993 D/ActivityManager(  657): Skipping intent:flg=0x10804000 cmp=com.android.systemui/.recents.RecentsActivity bnds=[48,928][1032,2296]
06-24 16:20:54.993 D/ActivityManager(  657): Skipping intent:flg=0x18800000 cmp=com.tencent.mm/.plugin.base.stub.WXPayEntryActivity
06-24 16:20:54.993 D/ActivityManager(  657): Skipping intent:flg=0x10800000 cmp=com.huawei.systemmanager/com.huawei.permissionmanager.ui.MainActivity
06-24 16:20:54.993 D/ActivityManager(  657): Skipping intent:flg=0x18800000 cmp=com.tencent.mm/.plugin.base.stub.WXEntryActivity
06-24 16:20:54.993 D/ActivityManager(  657): Skipping intent:act=com.huawei.action.VOICE_ASSISTANT flg=0x10800000 pkg=com.huawei.vassistant cmp=com.huawei.vassistant/.ui.main.VAssistantActivity
06-24 16:20:54.993 D/ActivityManager(  657): Skipping intent:act=com.huawei.android.launcher.action.ACCESS_SPLIT_SCREEN_APP cat=[android.intent.category.DEFAULT] flg=0x10804000 cmp=com.huawei.android.launcher/.splitscreen.SplitScreenAppActivity
06-24 16:20:54.993 D/ActivityManager(  657): Skipping intent:flg=0x10800000 pkg=com.excelliance.dualaid.b64 cmp=com.excelliance.dualaid.b64/com.excelliance.kxqp.sdk.PermissionRequestActivity
06-24 16:20:54.994 D/ActivityManager(  657): Skipping intent:act=android.intent.action.VIEW dat=content://com.excelliance.dualaid.fileProvider/external_storage_root/Download/apk/Multiple_64.apk typ=application/vnd.android.package-archive flg=0x10800001 cmp=com.android.packageinstaller/.InstallStart
06-24 16:20:54.994 D/ActivityManager(  657): Skipping intent:flg=0x10800000 cmp=com.android.systemui/.usb.HwUsbDebuggingActivity
06-24 16:20:54.994 D/ActivityManager(  657): Skipping intent:act=android.deviceinfo.chooser.action.LAUNCH flg=0x10800000 hwFlg=0x100 pkg=com.android.settings cmp=com.android.settings/.deviceinfo.UsbConnModeChooserActivity
06-24 16:20:54.994 D/ActivityManager(  657): Skipping intent:flg=0x10800000 cmp=com.zol.android/.push.KeepLiveActivity
06-24 16:20:54.994 D/ActivityManager(  657): Skipping intent:act=android.intent.action.MAIN cat=[android.intent.category.HOME] flg=0x10800300 cmp=com.android.settings/.FallbackHome
06-24 16:20:55.021 D/MainActivity(19852): instantiateItem: 2	android.widget.RelativeLayout{d00e2b1 V.E...... ......I. 0,0-0,0}
06-24 16:20:55.021 D/MainActivity(19852): initPage3: 
06-24 16:20:55.025 V/WindowManager(  657): Checking 1 opening apps (frozen=false timeout=false)...
06-24 16:20:55.025 V/WindowManager(  657): Check opening app=AppWindowToken{db25c32 token=Token{a99ec3d ActivityRecord{522d994 u0 com.excelliance.dualaid/com.excelliance.kxqp.swipe.NavActivity2 t16036}}}: allDrawn=false startingDisplayed=false startingMoved=false isRelaunching()=false
06-24 16:20:55.027 V/HwPhoneWindowManager(  657): updateSystemUiColorLw window=Window{5956c71 u0 com.excelliance.dualaid/com.excelliance.kxqp.swipe.NavActivity2},EmuiStyle=0,StatusBarColor=0xff000000,NavigationBarColor=0xff000000, mLastIsEmuiLightStyle=-1
06-24 16:20:55.028 V/WindowManager(  657): Checking 1 opening apps (frozen=false timeout=false)...
06-24 16:20:55.028 V/WindowManager(  657): Check opening app=AppWindowToken{db25c32 token=Token{a99ec3d ActivityRecord{522d994 u0 com.excelliance.dualaid/com.excelliance.kxqp.swipe.NavActivity2 t16036}}}: allDrawn=false startingDisplayed=false startingMoved=false isRelaunching()=false
06-24 16:20:55.029 D/HwPhoneWindowManager(  657): Transact:setSystemUIColor to status bar service
06-24 16:20:55.029 I/CommandQueue( 1513): updateBarBgColor
06-24 16:20:55.029 D/CommandQueue( 1513): CommandQueue, setBarBackgroundColor
06-24 16:20:55.032 I/GRALLOC (  679): 	 shrFd=10,fmt=0x1,intFmt=0x200000001,btStrd=4352,size=8486912,pid=679 
06-24 16:20:55.032 I/GRALLOC (  679): 	 yuv=2,w=1080,h=1920,Stride u=0 v=0,offset u=0 v=0 
06-24 16:20:55.032 I/GRALLOC (  679): 	 iova_size=8486912,conUsg=0x900,proUsg=0x900,	 strd=1088,[afbc]HdrStrd=1088 PyldStrd=69632 Scrmbl=2,ionhnd = 1 
06-24 16:20:55.032 D/MainActivity(19852): run: initPage3
06-24 16:20:55.033 V/MainActivity(19852): onWindowFocusChanged: true
06-24 16:20:55.033 W/InputMethodManager(19852): startInputReason = 1
06-24 16:20:55.033 D/TintManager( 1513): statusBarIconTint=#99FFFFFF,navigationBarIconTint=#FF000000
06-24 16:20:55.034 I/OpenGLRenderer(19852): Initialized EGL, version 1.4
06-24 16:20:55.034 D/OpenGLRenderer(19852): Swap behavior 2
06-24 16:20:55.034 I/GRALLOC (  679): 	 shrFd=10,fmt=0x1,intFmt=0x200000001,btStrd=4352,size=8486912,pid=679 
06-24 16:20:55.034 I/GRALLOC (  679): 	 yuv=2,w=1080,h=1920,Stride u=0 v=0,offset u=0 v=0 
06-24 16:20:55.034 I/GRALLOC (  679): 	 iova_size=8486912,conUsg=0x900,proUsg=0x900,	 strd=1088,[afbc]HdrStrd=1088 PyldStrd=69632 Scrmbl=2,ionhnd = 1 
06-24 16:20:55.037 I/GRALLOC (  679): 	 shrFd=10,fmt=0x1,intFmt=0x200000001,btStrd=4352,size=8486912,pid=679 
06-24 16:20:55.037 I/GRALLOC (  679): 	 yuv=2,w=1080,h=1920,Stride u=0 v=0,offset u=0 v=0 
06-24 16:20:55.037 I/GRALLOC (  679): 	 iova_size=8486912,conUsg=0x900,proUsg=0x900,	 strd=1088,[afbc]HdrStrd=1088 PyldStrd=69632 Scrmbl=2,ionhnd = 1 
06-24 16:20:55.038 W/InputMethodManager(19852): startInputReason = 5
06-24 16:20:55.039 D/mali_winsys(19852): EGLint new_window_surface(egl_winsys_display *, void *, EGLSurface, EGLConfig, egl_winsys_surface **, egl_color_buffer_format *, EGLBoolean) returns 0x3000
06-24 16:20:55.039 E/vndksupport(19852): Could not load vendor/lib/egl/libGLES_mali_v2.so from sphal namespace: dlopen failed: library "vendor/lib/egl/libGLES_mali_v2.so" not found.
06-24 16:20:55.042 I/wangchen( 7035): SysInfo.getSysParam: orientation=1||config d=3.0,w=1080,h=1920||metrics d=3.0,w=1080,h=1920||sdk=26,bar_h=72
06-24 16:20:55.042 I/KeymapLoader( 7035): w=1080 h=1920 ori=true appScale=3.3 s1=3.0
06-24 16:20:55.048 D/BarTransitions.HwPhoneStatusBarView( 1513): MODE_TRANSPARENT -> MODE_TRANSLUCENT animate=false
06-24 16:20:55.048 D/BarTransitions.HwPhoneStatusBarView( 1513): applyModeBackground oldMode=MODE_TRANSPARENT newMode=MODE_TRANSLUCENT animate=false
06-24 16:20:55.052 D/StatusBarIconController( 1513): setIconVisibility icon is null or visibility not change visibility=false
06-24 16:20:55.054 I/GRALLOC (  679): 	 shrFd=10,fmt=0x1,intFmt=0x200000001,btStrd=4352,size=8486912,pid=679 
06-24 16:20:55.054 I/GRALLOC (  679): 	 yuv=2,w=1080,h=1920,Stride u=0 v=0,offset u=0 v=0 
06-24 16:20:55.054 I/GRALLOC (  679): 	 iova_size=8486912,conUsg=0xb00,proUsg=0xb00,	 strd=1088,[afbc]HdrStrd=1088 PyldStrd=69632 Scrmbl=2,ionhnd = 1 
06-24 16:20:55.062 D/WindowManager(  657): finishDrawingWindow: Window{5956c71 u0 com.excelliance.dualaid/com.excelliance.kxqp.swipe.NavActivity2} mDrawState=DRAW_PENDING
06-24 16:20:55.064 V/WindowManager(  657): Checking 1 opening apps (frozen=false timeout=false)...
06-24 16:20:55.065 V/WindowManager(  657): Check opening app=AppWindowToken{db25c32 token=Token{a99ec3d ActivityRecord{522d994 u0 com.excelliance.dualaid/com.excelliance.kxqp.swipe.NavActivity2 t16036}}}: allDrawn=true startingDisplayed=false startingMoved=false isRelaunching()=false
06-24 16:20:55.068 D/ImageWallpaper( 1513): onVisibilityChanged: mVisible, visible=true, false
06-24 16:20:55.068 D/ImageWallpaper( 1513): Visibility changed to visible=false
06-24 16:20:55.069 D/BarTransitions.HwPhoneStatusBarView( 1513): MODE_TRANSLUCENT -> MODE_TRANSPARENT animate=false
06-24 16:20:55.069 D/BarTransitions.HwPhoneStatusBarView( 1513): applyModeBackground oldMode=MODE_TRANSLUCENT newMode=MODE_TRANSPARENT animate=false
06-24 16:20:55.072 I/ActivityManager(  657): Displayed com.excelliance.dualaid/com.excelliance.kxqp.swipe.NavActivity2: +178ms (total +313ms)
06-24 16:20:55.077 E/BufferQueueProducer(  710): [com.huawei.android.launcher/com.huawei.android.launcher.unihome.UniHomeLauncher#0] disconnect: not connected (req=1)
06-24 16:20:55.077 W/libEGL  ( 2519): EGLNativeWindowType 0x74abe62010 disconnect failed
06-24 16:20:55.078 I/WindowManager(  657): notifyAccessibilityButtonVisibilityChanged visible:false
06-24 16:20:55.095 D/ActivityThread(19852): Remove activity client record, r= ActivityRecord{cbe2ddc token=android.os.BinderProxy@d13fa03 {com.excelliance.dualaid/com.excelliance.kxqp.ui.HelloActivity}} token= android.os.BinderProxy@d13fa03
06-24 16:20:55.095 V/WindowManager(  657): notifyAppStopped: AppWindowToken{d3a938b token=Token{377755a ActivityRecord{d5c9105 u0 com.huawei.android.launcher/.unihome.UniHomeLauncher t15658}}}
06-24 16:20:55.095 E/WindowManager(  657): win=Window{68d6975 u0 com.huawei.android.launcher/com.huawei.android.launcher.unihome.UniHomeLauncher} destroySurfaces: appStopped=true win.mWindowRemovalAllowed=false win.mRemoveOnExit=false
06-24 16:20:55.095 I/WindowManager(  657): Destroying surface Surface(name=com.huawei.android.launcher/com.huawei.android.launcher.unihome.UniHomeLauncher) called by com.android.server.wm.WindowStateAnimator.destroySurface:2060 com.android.server.wm.WindowStateAnimator.destroySurfaceLocked:873 com.android.server.wm.HwWindowStateAnimator.destroySurfaceLocked:1006 com.android.server.wm.WindowState.destroyOrSaveSurfaceUnchecked:2990 com.android.server.wm.WindowState.destroySurface:2951 com.android.server.wm.AppWindowToken.destroySurfaces:654 com.android.server.wm.AppWindowToken.destroySurfaces:638 com.android.server.wm.AppWindowToken.notifyAppStopped:682 
06-24 16:20:55.097 V/WindowManager(  657): removeAppToken: AppWindowToken{5ea2bda token=Token{4a61185 ActivityRecord{32ea6fc u0 com.excelliance.dualaid/com.excelliance.kxqp.ui.HelloActivity t16036}}} delayed=false Callers=com.android.server.wm.DisplayContent.removeAppToken:985 com.android.server.wm.AppWindowContainerController.removeContainer:348 com.android.server.am.ActivityRecord.removeWindowContainer:1039 com.android.server.am.ActivityStack.removeActivityFromHistoryLocked:4491 
06-24 16:20:55.098 W/ActivityManager(  657): Sending non-protected broadcast huawei.action.floattasks.STATUS_BAR_STATE_CHANGED from system 1513:com.android.systemui/u0a39 pkg com.android.systemui
06-24 16:20:55.098 W/HwKeyguardDragHelper( 1513): AnimationBlocked
06-24 16:20:55.098 D/BarTransitions.HwPhoneStatusBarView( 1513): MODE_TRANSPARENT -> MODE_TRANSLUCENT animate=false
06-24 16:20:55.098 D/HwGameAssistantController(  657): pid=2519, uid=10056, foreground=false
06-24 16:20:55.098 D/BarTransitions.HwPhoneStatusBarView( 1513): applyModeBackground oldMode=MODE_TRANSPARENT newMode=MODE_TRANSLUCENT animate=false
06-24 16:20:55.098 D/BarTransitions.HwNavigationBarView( 1513): MODE_TRANSLUCENT -> MODE_OPAQUE animate=false
06-24 16:20:55.098 D/BarTransitions.HwNavigationBarView( 1513): applyModeBackground oldMode=MODE_TRANSLUCENT newMode=MODE_OPAQUE animate=false
06-24 16:20:55.099 W/AwareLog(  657): SchedLevelBoost: onFgActivitiesChanged config not set!
06-24 16:20:55.300 I/HwNormalizedSpline(  657): getEyeProtectionBrightnessLevel lux =239.0, mDefaultBrightnessFromLux =68.645
06-24 16:20:55.405 D/HwArpVerifier(  657): performPollAndLog:
06-24 16:20:55.408 D/hw_netstat(  657): total/8034/2657,com.excelliance.dualaid/7858/2092,com.android.vending/100/525,unknown:0/76/40
06-24 16:20:55.487 I/dex2oat (19903): dex2oat took 505.825ms (1.000s cpu) (threads: 4) arena alloc=49KB (50712B) java alloc=2MB (3127336B) native alloc=4MB (4692296B) free=2MB (2647736B)
06-24 16:20:55.499 I/PhoneStatusBar( 1513): updateNotificationShade: total=73, active=73
06-24 16:20:55.499 W/PhoneStatusBar( 1513): updateNotificationShade hasFaceDT: false; Detected:false
06-24 16:20:55.500 V/PhoneStatusBar( 1513): mStackScroller size:10,activeCount:73, childCnt:14
06-24 16:20:55.502 D/PMS11423(  657): package:com.excelliance.dualaid, input flags:128, output hwFlags:0
06-24 16:20:55.535 W/HwKeyguardDragHelper( 1513): AnimationBlocked
06-24 16:20:55.539 W/dex2oat (19939): Using default instruction set features for ARM CPU variant (default) using conservative defaults
06-24 16:20:55.539 I/dex2oat (19939): /system/bin/dex2oat -j4 --dex-file=/data/data/com.excelliance.dualaid/.platformcache/kxqpplatform2.jar --output-vdex-fd=47 --oat-fd=48 --oat-location=/data/data/com.excelliance.dualaid/.platformcache/oat/arm/kxqpplatform2.odex --compiler-filter=quicken
06-24 16:20:55.539 I/cutils-trace(19939): atrace_init_once, trace_marker_path = /sys/kernel/debug/tracing/trace_marker
06-24 16:20:55.546 I/PhoneStatusBar( 1513): updateNotificationShade: total=73, active=73
06-24 16:20:55.546 W/PhoneStatusBar( 1513): updateNotificationShade hasFaceDT: false; Detected:false
06-24 16:20:55.546 V/PhoneStatusBar( 1513): mStackScroller size:10,activeCount:73, childCnt:14
06-24 16:20:55.552 I/GRALLOC (  679): 	 shrFd=10,fmt=0x1,intFmt=0x200000001,btStrd=4352,size=8486912,pid=679 
06-24 16:20:55.552 I/GRALLOC (  679): 	 yuv=2,w=1080,h=1920,Stride u=0 v=0,offset u=0 v=0 
06-24 16:20:55.552 I/GRALLOC (  679): 	 iova_size=8486912,conUsg=0xb00,proUsg=0xb00,	 strd=1088,[afbc]HdrStrd=1088 PyldStrd=69632 Scrmbl=2,ionhnd = 1 
06-24 16:20:55.573 I/PhoneStatusBar( 1513): updateNotificationShade: total=73, active=73
06-24 16:20:55.573 W/PhoneStatusBar( 1513): updateNotificationShade hasFaceDT: false; Detected:false
06-24 16:20:55.574 V/PhoneStatusBar( 1513): mStackScroller size:10,activeCount:73, childCnt:14
06-24 16:20:55.603 I/GRALLOC (  679): 	 shrFd=10,fmt=0x1,intFmt=0x200000001,btStrd=4352,size=8486912,pid=679 
06-24 16:20:55.603 I/GRALLOC (  679): 	 yuv=2,w=1080,h=1920,Stride u=0 v=0,offset u=0 v=0 
06-24 16:20:55.603 I/GRALLOC (  679): 	 iova_size=8486912,conUsg=0xb00,proUsg=0xb00,	 strd=1088,[afbc]HdrStrd=1088 PyldStrd=69632 Scrmbl=2,ionhnd = 1 
06-24 16:20:55.608 I/PhoneStatusBar( 1513): updateNotificationShade: total=73, active=73
