06-24 16:36:53.615 D/PMS1000 (  657): package:com.excelliance.dualaid, input flags:8192, output hwFlags:0
06-24 16:36:53.615 I/GRALLOC (  679): 	 shrFd=10,fmt=0x1,intFmt=0x200000001,btStrd=4352,size=8486912,pid=679 
06-24 16:36:53.615 I/GRALLOC (  679): 	 yuv=2,w=1080,h=1920,Stride u=0 v=0,offset u=0 v=0 
06-24 16:36:53.615 I/GRALLOC (  679): 	 iova_size=8486912,conUsg=0xb00,proUsg=0xb00,	 strd=1088,[afbc]HdrStrd=1088 PyldStrd=69632 Scrmbl=2,ionhnd = 1 
06-24 16:36:53.616 W/HSM     ( 1813): HoldService:toast switch is close!
06-24 16:36:53.617 D/ApplicationPackageManager(25811): queryIntentActivitiesAsUser blocked, Intent { act=android.intent.action.MAIN cat=[android.intent.category.LAUNCHER] pkg=com.github.shadowsocks }
06-24 16:36:53.617 D/HsmInterfaceImpl(25811): List [ResolveInfo{da7c7d9 com.github.shadowsocks/.MainActivity m=0x108000}]
06-24 16:36:53.619 D/BarTransitions.HwNavigationBarView( 1513): MODE_OPAQUE -> MODE_TRANSPARENT animate=false
06-24 16:36:53.619 D/BarTransitions.HwNavigationBarView( 1513): applyModeBackground oldMode=MODE_OPAQUE newMode=MODE_TRANSPARENT animate=false
06-24 16:36:53.620 E/BufferQueueProducer(  710): [com.excelliance.dualaid/com.excelliance.kxqp.swipe.NavActivity2#0] disconnect: not connected (req=1)
06-24 16:36:53.620 W/libEGL  (25811): EGLNativeWindowType 0xd0cd0808 disconnect failed
06-24 16:36:53.640 D/PMS1000 (  657): package:com.excelliance.dualaid, input flags:8192, output hwFlags:0
06-24 16:36:53.641 W/HSM     ( 1813): HoldService:toast switch is close!
06-24 16:36:53.642 D/ApplicationPackageManager(25811): queryIntentActivitiesAsUser blocked, Intent { act=android.intent.action.MAIN cat=[android.intent.category.LAUNCHER] pkg=com.excelliance.dualaid }
06-24 16:36:53.642 D/HsmInterfaceImpl(25811): List [ResolveInfo{537987f com.excelliance.dualaid/com.excelliance.kxqp.ui.HelloActivity m=0x108000}]
06-24 16:36:53.654 E/WifiHAL (  706): enter wifi_get_link_stats
06-24 16:36:53.662 E/wificond(  765): Failed to get NL80211_STA_INFO_CNAHLOAD
06-24 16:36:53.663 E/WificondControl(  657): Noise: -92, Snr: 0, Chload: -1
06-24 16:36:53.663 D/HwWifiCHRStateManager(  657): handleMessage : 1001
06-24 16:36:53.663 D/HwWifiCHRStateManager(  657): handleUpdateChannel:5805
06-24 16:36:53.663 V/HwWifiServiceFactory(  657): get AllImpl object = com.android.server.wifi.HwWifiServiceFactoryImpl@a390a53
06-24 16:36:53.663 D/WifiScoreReport(  657): Score = 100, wifiConnectivityManagerEnabled = false, lowScoreCount = 0
06-24 16:36:53.670 D/PMS1000 (  657): package:com.excelliance.dualaid, input flags:8192, output hwFlags:0
06-24 16:36:53.671 W/HSM     ( 1813): HoldService:toast switch is close!
06-24 16:36:53.671 D/ApplicationPackageManager(25811): queryIntentActivitiesAsUser blocked, Intent { act=android.intent.action.MAIN cat=[android.intent.category.LAUNCHER] pkg=com.tencent.tmgp.qqx5 }
06-24 16:36:53.672 D/HsmInterfaceImpl(25811): List [ResolveInfo{7c40895 com.tencent.tmgp.qqx5/.DGMMainActivity m=0x108000}]
06-24 16:36:53.706 D/HwRecentsLockUtils( 1513): Search
06-24 16:36:53.706 E/HsmCoreServiceImpl( 1478): onTransact in code is: 103
06-24 16:36:53.706 I/MediaProcessHandler( 1478): playingUids: 
06-24 16:36:53.707 D/ActivityManager(  657): Skipping, home or recents stack task: TaskRecord{333215f #15658 A=com.huawei.android.launcher U=0 StackId=0 sz=1}
06-24 16:36:53.707 D/ActivityManager(  657): Skipping intent:act=android.intent.action.MAIN cat=[android.intent.category.LAUNCHER] flg=0x10a00000 cmp=io.appium.settings/.Settings
06-24 16:36:53.707 D/ActivityManager(  657): Skipping intent:flg=0x10804000 cmp=com.android.systemui/.recents.RecentsActivity bnds=[48,928][1032,2296]
06-24 16:36:53.707 D/ActivityManager(  657): Skipping intent:flg=0x18800000 cmp=com.tencent.mm/.plugin.base.stub.WXPayEntryActivity
06-24 16:36:53.707 D/ActivityManager(  657): Skipping intent:flg=0x10800000 cmp=com.huawei.systemmanager/com.huawei.permissionmanager.ui.MainActivity
06-24 16:36:53.707 D/ActivityManager(  657): Skipping intent:flg=0x18800000 cmp=com.tencent.mm/.plugin.base.stub.WXEntryActivity
06-24 16:36:53.707 D/ActivityManager(  657): Skipping intent:act=com.huawei.action.VOICE_ASSISTANT flg=0x10800000 pkg=com.huawei.vassistant cmp=com.huawei.vassistant/.ui.main.VAssistantActivity
06-24 16:36:53.707 D/ActivityManager(  657): Skipping intent:act=com.huawei.android.launcher.action.ACCESS_SPLIT_SCREEN_APP cat=[android.intent.category.DEFAULT] flg=0x10804000 cmp=com.huawei.android.launcher/.splitscreen.SplitScreenAppActivity
06-24 16:36:53.707 D/ActivityManager(  657): Skipping intent:flg=0x10800000 pkg=com.excelliance.dualaid.b64 cmp=com.excelliance.dualaid.b64/com.excelliance.kxqp.sdk.PermissionRequestActivity
06-24 16:36:53.707 D/ActivityManager(  657): Skipping intent:act=android.intent.action.VIEW dat=content://com.excelliance.dualaid.fileProvider/external_storage_root/Download/apk/Multiple_64.apk typ=application/vnd.android.package-archive flg=0x10800001 cmp=com.android.packageinstaller/.InstallStart
06-24 16:36:53.707 D/ActivityManager(  657): Skipping intent:flg=0x10800000 cmp=com.android.systemui/.usb.HwUsbDebuggingActivity
06-24 16:36:53.707 D/ActivityManager(  657): Skipping intent:act=android.deviceinfo.chooser.action.LAUNCH flg=0x10800000 hwFlg=0x100 pkg=com.android.settings cmp=com.android.settings/.deviceinfo.UsbConnModeChooserActivity
06-24 16:36:53.707 D/ActivityManager(  657): Skipping intent:flg=0x10800000 cmp=com.zol.android/.push.KeepLiveActivity
06-24 16:36:53.707 D/ActivityManager(  657): Skipping intent:act=android.intent.action.MAIN cat=[android.intent.category.HOME] flg=0x10800300 cmp=com.android.settings/.FallbackHome
06-24 16:36:53.714 D/PMS1000 (  657): package:com.excelliance.dualaid, input flags:8192, output hwFlags:0
06-24 16:36:53.715 W/HSM     ( 1813): HoldService:toast switch is close!
06-24 16:36:53.715 D/ApplicationPackageManager(25811): queryIntentActivitiesAsUser blocked, Intent { act=android.intent.action.MAIN cat=[android.intent.category.LAUNCHER] pkg=com.huawei.android.pushagent }
06-24 16:36:53.715 D/HsmInterfaceImpl(25811): List []
06-24 16:36:53.718 W/HSM     ( 1813): HoldService:toast switch is close!
06-24 16:36:53.719 D/ApplicationPackageManager(25811): queryIntentActivitiesAsUser blocked, Intent { act=android.intent.action.MAIN cat=[android.intent.category.LAUNCHER] pkg=com.huawei.appmarket }
06-24 16:36:53.719 D/HsmInterfaceImpl(25811): List [ResolveInfo{8b73d9b com.huawei.appmarket/.MainActivity m=0x108000}]
06-24 16:36:53.723 E/asset   (25811): createFromFile(): lock file /data/resource-cache/system@emui@base@overlay@frameworkhwexthonor@frameworkhwexthonor.apk@idmap.
06-24 16:36:53.723 E/asset   (25811): createFromFile(): lock file /data/resource-cache/system@emui@base@overlay@frameworkhwexthonor@frameworkhwexthonor.apk@idmap.
06-24 16:36:53.723 W/ResourceType(25811): Found multiple library tables, ignoring...
06-24 16:36:53.753 W/HSM     ( 1813): HoldService:toast switch is close!
06-24 16:36:53.754 D/ApplicationPackageManager(25811): queryIntentActivitiesAsUser blocked, Intent { act=android.intent.action.MAIN cat=[android.intent.category.LAUNCHER] pkg=com.wandoujia.phoenix2 }
06-24 16:36:53.754 D/HsmInterfaceImpl(25811): List [ResolveInfo{67f8a76 com.wandoujia.phoenix2/com.pp.assistant.activity.PPMainActivity m=0x108000}]
06-24 16:36:53.781 W/HSM     ( 1813): HoldService:toast switch is close!
06-24 16:36:53.781 D/ApplicationPackageManager(25811): queryIntentActivitiesAsUser blocked, Intent { act=android.intent.action.MAIN cat=[android.intent.category.LAUNCHER] pkg=com.tencent.mm }
06-24 16:36:53.781 D/HsmInterfaceImpl(25811): List [ResolveInfo{222dce4 com.tencent.mm/.ui.LauncherUI m=0x108000}]
06-24 16:36:53.794 D/PMS1000 (  657): package:com.excelliance.dualaid, input flags:8192, output hwFlags:0
06-24 16:36:53.795 W/HSM     ( 1813): HoldService:toast switch is close!
06-24 16:36:53.796 D/ApplicationPackageManager(25811): queryIntentActivitiesAsUser blocked, Intent { act=android.intent.action.MAIN cat=[android.intent.category.LAUNCHER] pkg=com.android.providers.media }
06-24 16:36:53.796 D/HsmInterfaceImpl(25811): List []
06-24 16:36:53.799 W/HSM     ( 1813): HoldService:toast switch is close!
06-24 16:36:53.800 D/ApplicationPackageManager(25811): queryIntentActivitiesAsUser blocked, Intent { act=android.intent.action.MAIN cat=[android.intent.category.LAUNCHER] pkg=com.huawei.vassistant }
06-24 16:36:53.800 D/HsmInterfaceImpl(25811): List [ResolveInfo{47db54d com.huawei.vassistant/.ui.main.VAssistantActivity m=0x108000}]
06-24 16:36:53.803 E/asset   (25811): createFromFile(): lock file /data/resource-cache/system@emui@base@overlay@frameworkhwexthonor@frameworkhwexthonor.apk@idmap.
06-24 16:36:53.803 E/asset   (25811): createFromFile(): lock file /data/resource-cache/system@emui@base@overlay@frameworkhwexthonor@frameworkhwexthonor.apk@idmap.
06-24 16:36:53.803 W/ResourceType(25811): Found multiple library tables, ignoring...
06-24 16:36:53.820 V/ActivityManager(  657): Making visible and scheduling visibility: ActivityRecord{d5c9105 u0 com.huawei.android.launcher/.unihome.UniHomeLauncher t15658}
06-24 16:36:53.820 V/WindowManager(  657): No longer Stopped: AppWindowToken{d3a938b token=Token{377755a ActivityRecord{d5c9105 u0 com.huawei.android.launcher/.unihome.UniHomeLauncher t15658}}}
06-24 16:36:53.845 D/ActivityThread(25811): Remove activity client record, r= ActivityRecord{414755e token=android.os.BinderProxy@31abee5 {com.excelliance.dualaid/com.excelliance.kxqp.swipe.NavActivity2}} token= android.os.BinderProxy@31abee5
06-24 16:36:53.846 V/ActivityThread( 2519): Handle window ActivityRecord{4719bb8 token=android.os.BinderProxy@b3fca27 {com.huawei.android.launcher/com.huawei.android.launcher.unihome.UniHomeLauncher}} visibility: true
06-24 16:36:53.847 E/HwLauncher( 2519): SettingsEx , no such field.
06-24 16:36:53.847 W/HwLauncher( 2519): Clock getDataFormat the getSystemString failed.
06-24 16:36:53.847 V/WindowManager(  657): removeIfPossible: Window{d664df2 u0 com.excelliance.dualaid/com.excelliance.kxqp.swipe.NavActivity2} callers=com.android.server.wm.WindowState.removeIfPossible:1914 com.android.server.wm.WindowManagerService.removeWindow:2022 com.android.server.wm.Session.remove:218 android.view.IWindowSession$Stub.onTransact:242 com.android.server.wm.Session.onTransact:161 
06-24 16:36:53.847 I/WindowManager(  657): Destroying surface Surface(name=com.excelliance.dualaid/com.excelliance.kxqp.swipe.NavActivity2) called by com.android.server.wm.WindowStateAnimator.destroySurface:2060 com.android.server.wm.WindowStateAnimator.destroySurfaceLocked:873 com.android.server.wm.HwWindowStateAnimator.destroySurfaceLocked:1006 com.android.server.wm.WindowState.removeImmediately:1899 com.android.server.wm.WindowState.removeIfPossible:2051 com.android.server.wm.WindowState.removeIfPossible:1914 com.android.server.wm.WindowManagerService.removeWindow:2022 com.android.server.wm.Session.remove:218 
06-24 16:36:53.847 D/PMS1000 (  657): package:com.excelliance.dualaid, input flags:8192, output hwFlags:0
06-24 16:36:53.848 V/WindowManager(  657): postWindowRemoveCleanupLocked: Window{d664df2 u0 com.excelliance.dualaid/com.excelliance.kxqp.swipe.NavActivity2}
06-24 16:36:53.848 V/WindowManager(  657): Removing Window{d664df2 u0 com.excelliance.dualaid/com.excelliance.kxqp.swipe.NavActivity2} from AppWindowToken{41346af token=Token{6c2e8e ActivityRecord{e805e89 u0 com.excelliance.dualaid/com.excelliance.kxqp.swipe.NavActivity2 t16058}}}
06-24 16:36:53.848 D/HwQoEUtils(  657): mForegroundAppPackageName: com.huawei.android.launcher ,score: 0
06-24 16:36:53.848 D/HwQoEUtils(  657): onForegroundAppWifiSleepChange: config:false, sleeptime:-1,type: 255, appname:com.huawei.android.launcher
06-24 16:36:53.849 D/HwQoEUtils(  657): APP type: 255 appName= com.huawei.android.launcher
06-24 16:36:53.849 D/HwQoEUtils(  657): no game, APP_TYPE_GAME, appName =com.huawei.android.launcher
06-24 16:36:53.849 D/HwGameAssistantController(  657): pid=2519, uid=10056, foreground=true
06-24 16:36:53.850 W/HSM     ( 1813): HoldService:toast switch is close!
06-24 16:36:53.853 D/ApplicationPackageManager(25811): queryIntentActivitiesAsUser blocked, Intent { act=android.intent.action.MAIN cat=[android.intent.category.LAUNCHER] pkg=com.facebook.katana }
06-24 16:36:53.853 D/HsmInterfaceImpl(25811): List [ResolveInfo{ba2e350 com.facebook.katana/.LoginActivity m=0x108000}]
06-24 16:36:53.856 I/HwNetworkPolicy(  657): onTransact, code = 203
06-24 16:36:53.856 I/HwNetworkPolicyManager( 1813): getHwUidPolicy uid = 10056 policy = 0
06-24 16:36:53.858 W/AwareLog(  657): SchedLevelBoost: onFgActivitiesChanged config not set!
06-24 16:36:53.866 I/GRALLOC (  679): 	 shrFd=10,fmt=0x1,intFmt=0x200000001,btStrd=4352,size=8486912,pid=679 
06-24 16:36:53.866 I/GRALLOC (  679): 	 yuv=2,w=1080,h=1920,Stride u=0 v=0,offset u=0 v=0 
06-24 16:36:53.866 I/GRALLOC (  679): 	 iova_size=8486912,conUsg=0x900,proUsg=0x900,	 strd=1088,[afbc]HdrStrd=1088 PyldStrd=69632 Scrmbl=2,ionhnd = 1 
06-24 16:36:53.866 V/WindowManager(  657): removeAppToken: AppWindowToken{41346af token=Token{6c2e8e ActivityRecord{e805e89 u0 com.excelliance.dualaid/com.excelliance.kxqp.swipe.NavActivity2 t16058}}} delayed=false Callers=com.android.server.wm.DisplayContent.removeAppToken:985 com.android.server.wm.AppWindowContainerController.removeContainer:348 com.android.server.am.ActivityRecord.removeWindowContainer:1039 com.android.server.am.ActivityStack.removeActivityFromHistoryLocked:4491 
06-24 16:36:53.870 I/chatty  (  679): uid=1000(system) allocator@2.0-s identical 1 line
06-24 16:36:53.872 I/GRALLOC (  679): 	 shrFd=10,fmt=0x1,intFmt=0x200000001,btStrd=4352,size=8486912,pid=679 
06-24 16:36:53.872 I/GRALLOC (  679): 	 yuv=2,w=1080,h=1920,Stride u=0 v=0,offset u=0 v=0 
06-24 16:36:53.872 I/GRALLOC (  679): 	 iova_size=8486912,conUsg=0x900,proUsg=0x900,	 strd=1088,[afbc]HdrStrd=1088 PyldStrd=69632 Scrmbl=2,ionhnd = 1 
06-24 16:36:53.874 D/mali_winsys( 2519): EGLint new_window_surface(egl_winsys_display *, void *, EGLSurface, EGLConfig, egl_winsys_surface **, egl_color_buffer_format *, EGLBoolean) returns 0x3000
06-24 16:36:53.893 E/asset   (25811): createFromFile(): lock file /data/resource-cache/system@emui@base@overlay@frameworkhwexthonor@frameworkhwexthonor.apk@idmap.
06-24 16:36:53.893 E/asset   (25811): createFromFile(): lock file /data/resource-cache/system@emui@base@overlay@frameworkhwexthonor@frameworkhwexthonor.apk@idmap.
06-24 16:36:53.893 W/ResourceType(25811): Found multiple library tables, ignoring...
06-24 16:36:53.898 I/GRALLOC (  679): 	 shrFd=10,fmt=0x1,intFmt=0x200000001,btStrd=4352,size=8486912,pid=679 
06-24 16:36:53.898 I/GRALLOC (  679): 	 yuv=2,w=1080,h=1920,Stride u=0 v=0,offset u=0 v=0 
06-24 16:36:53.898 I/GRALLOC (  679): 	 iova_size=8486912,conUsg=0xb00,proUsg=0xb00,	 strd=1088,[afbc]HdrStrd=1088 PyldStrd=69632 Scrmbl=2,ionhnd = 1 
06-24 16:36:53.907 E/asset   ( 2519): createFromFile(): lock file /data/resource-cache/system@emui@base@overlay@frameworkhwexthonor@frameworkhwexthonor.apk@idmap.
06-24 16:36:53.907 E/asset   ( 2519): createFromFile(): lock file /data/resource-cache/system@emui@base@overlay@frameworkhwexthonor@frameworkhwexthonor.apk@idmap.
06-24 16:36:53.907 W/ResourceType( 2519): Found multiple library tables, ignoring...
06-24 16:36:53.909 D/WindowManager(  657): finishDrawingWindow: Window{68d6975 u0 com.huawei.android.launcher/com.huawei.android.launcher.unihome.UniHomeLauncher} mDrawState=DRAW_PENDING
06-24 16:36:53.910 D/ImageWallpaper( 1513): onOffsetsChanged: xOffset=0.0, yOffset=0.0, xOffsetStep=0.0, yOffsetStep=0.0, xPixels=0, yPixels=0
06-24 16:36:53.910 D/ImageWallpaper( 1513): Suppressed drawFrame since redraw is not needed and offsets have not changed.sf=Rect(0, 0 - 2160, 1920)
06-24 16:36:53.910 D/ImageWallpaper( 1513): onVisibilityChanged: mVisible, visible=false, true
06-24 16:36:53.910 D/ImageWallpaper( 1513): Visibility changed to visible=true
06-24 16:36:53.910 D/ImageWallpaper( 1513): Suppressed drawFrame since redraw is not needed and offsets have not changed.sf=Rect(0, 0 - 2160, 1920)
06-24 16:36:53.922 D/PMS1000 (  657): package:com.excelliance.dualaid, input flags:8192, output hwFlags:0
06-24 16:36:53.922 D/HwFLClassLoader( 2519): USE_FEATURE_LIST had not init! 
06-24 16:36:53.922 W/HSM     ( 1813): HoldService:toast switch is close!
06-24 16:36:53.923 D/ApplicationPackageManager(25811): queryIntentActivitiesAsUser blocked, Intent { act=android.intent.action.MAIN cat=[android.intent.category.LAUNCHER] pkg=com.huawei.trustcircle }
06-24 16:36:53.923 D/HsmInterfaceImpl(25811): List []
06-24 16:36:53.925 W/HSM     ( 1813): HoldService:toast switch is close!
06-24 16:36:53.926 D/ApplicationPackageManager(25811): queryIntentActivitiesAsUser blocked, Intent { act=android.intent.action.MAIN cat=[android.intent.category.LAUNCHER] pkg=com.jingdong.app.mall }
06-24 16:36:53.926 D/HsmInterfaceImpl(25811): List [ResolveInfo{edae47c com.jingdong.app.mall/.main.MainActivity m=0x108000}]
06-24 16:36:53.927 E/asset   ( 2519): createFromFile(): lock file /data/resource-cache/system@emui@base@overlay@frameworkhwexthonor@frameworkhwexthonor.apk@idmap.
06-24 16:36:53.927 E/asset   ( 2519): createFromFile(): lock file /data/resource-cache/system@emui@base@overlay@frameworkhwexthonor@frameworkhwexthonor.apk@idmap.
06-24 16:36:53.927 W/ResourceType( 2519): Found multiple library tables, ignoring...
06-24 16:36:53.965 W/HSM     ( 1813): HoldService:toast switch is close!
06-24 16:36:53.965 D/ApplicationPackageManager(25811): queryIntentActivitiesAsUser blocked, Intent { act=android.intent.action.MAIN cat=[android.intent.category.LAUNCHER] pkg=com.tencent.mobileqq }
06-24 16:36:53.965 D/HsmInterfaceImpl(25811): List [ResolveInfo{78e655a com.tencent.mobileqq/.activity.SplashActivity m=0x108000}]
06-24 16:36:53.978 W/HSM     ( 1813): HoldService:toast switch is close!
06-24 16:36:53.979 D/ApplicationPackageManager(25811): queryIntentActivitiesAsUser blocked, Intent { act=android.intent.action.MAIN cat=[android.intent.category.LAUNCHER] pkg=com.zol.android }
06-24 16:36:53.979 D/HsmInterfaceImpl(25811): List [ResolveInfo{81ec38b com.zol.android/.ui.FirstActivity m=0x108000}]
06-24 16:36:54.005 W/HSM     ( 1813): HoldService:toast switch is close!
06-24 16:36:54.006 D/ApplicationPackageManager(25811): queryIntentActivitiesAsUser blocked, Intent { act=android.intent.action.MAIN cat=[android.intent.category.LAUNCHER] pkg=com.huawei.hiskytone }
06-24 16:36:54.006 D/HsmInterfaceImpl(25811): List [ResolveInfo{e11e881 com.huawei.hiskytone/com.huawei.skytone.account.welcome.SplashActivity m=0x108000}]
06-24 16:36:54.043 W/HSM     ( 1813): HoldService:toast switch is close!
06-24 16:36:54.044 D/ApplicationPackageManager(25811): queryIntentActivitiesAsUser blocked, Intent { act=android.intent.action.MAIN cat=[android.intent.category.LAUNCHER] pkg=com.huawei.hwid }
06-24 16:36:54.044 D/HsmInterfaceImpl(25811): List []
06-24 16:36:54.047 W/HSM     ( 1813): HoldService:toast switch is close!
06-24 16:36:54.049 D/ApplicationPackageManager(25811): queryIntentActivitiesAsUser blocked, Intent { act=android.intent.action.MAIN cat=[android.intent.category.LAUNCHER] pkg=com.sina.weibo }
06-24 16:36:54.049 D/HsmInterfaceImpl(25811): List [ResolveInfo{7694714 com.sina.weibo/.SplashActivity m=0x108000}]
06-24 16:36:54.068 D/HwFLClassLoader( 2519): USE_FEATURE_LIST had not init! 
06-24 16:36:54.085 E/asset   ( 2519): createFromFile(): lock file /data/resource-cache/system@emui@base@overlay@frameworkhwexthonor@frameworkhwexthonor.apk@idmap.
06-24 16:36:54.085 E/asset   ( 2519): createFromFile(): lock file /data/resource-cache/system@emui@base@overlay@frameworkhwexthonor@frameworkhwexthonor.apk@idmap.
06-24 16:36:54.085 W/ResourceType( 2519): Found multiple library tables, ignoring...
06-24 16:36:54.091 D/HwFLClassLoader( 2519): USE_FEATURE_LIST had not init! 
06-24 16:36:54.104 D/PMS1000 (  657): package:com.excelliance.dualaid, input flags:8192, output hwFlags:0
06-24 16:36:54.105 W/HSM     ( 1813): HoldService:toast switch is close!
06-24 16:36:54.105 D/ApplicationPackageManager(25811): queryIntentActivitiesAsUser blocked, Intent { act=android.intent.action.MAIN cat=[android.intent.category.LAUNCHER] pkg=com.antutu.ABenchMark }
06-24 16:36:54.106 D/HsmInterfaceImpl(25811): List [ResolveInfo{57445b2 com.antutu.ABenchMark/.ABenchMarkStart m=0x108000}]
06-24 16:36:54.133 W/HSM     ( 1813): HoldService:toast switch is close!
06-24 16:36:54.134 D/ApplicationPackageManager(25811): queryIntentActivitiesAsUser blocked, Intent { act=android.intent.action.MAIN cat=[android.intent.category.LAUNCHER] pkg=com.sankuai.meituan.takeoutnew }
06-24 16:36:54.134 D/HsmInterfaceImpl(25811): List [ResolveInfo{d5226b9 com.sankuai.meituan.takeoutnew/.ui.page.boot.WelcomeActivity m=0x108000}]
06-24 16:36:54.162 W/HSM     ( 1813): HoldService:toast switch is close!
06-24 16:36:54.163 D/ApplicationPackageManager(25811): queryIntentActivitiesAsUser blocked, Intent { act=android.intent.action.MAIN cat=[android.intent.category.LAUNCHER] pkg=com.vmall.client }
06-24 16:36:54.163 D/HsmInterfaceImpl(25811): List [ResolveInfo{8eb425f com.vmall.client/.splash.fragment.SplashActivity m=0x108000}]
06-24 16:36:54.190 W/HSM     ( 1813): HoldService:toast switch is close!
06-24 16:36:54.190 D/ApplicationPackageManager(25811): queryIntentActivitiesAsUser blocked, Intent { act=android.intent.action.MAIN cat=[android.intent.category.LAUNCHER] pkg=com.android.browser }
06-24 16:36:54.190 D/HsmInterfaceImpl(25811): List [ResolveInfo{27ad90a com.android.browser/com.tencent.mtt.SplashActivity m=0x108000}]
06-24 16:36:54.226 W/HSM     ( 1813): HoldService:toast switch is close!
06-24 16:36:54.226 D/ApplicationPackageManager(25811): queryIntentActivitiesAsUser blocked, Intent { act=android.intent.action.MAIN cat=[android.intent.category.LAUNCHER] pkg=com.eg.android.AlipayGphone }
06-24 16:36:54.226 D/HsmInterfaceImpl(25811): List [ResolveInfo{924f3f1 com.eg.android.AlipayGphone/.AlipayLogin m=0x108000}]
06-24 16:36:54.248 W/HSM     ( 1813): HoldService:toast switch is close!
06-24 16:36:54.248 D/ApplicationPackageManager(25811): queryIntentActivitiesAsUser blocked, Intent { act=android.intent.action.MAIN cat=[android.intent.category.LAUNCHER] pkg=com.android.mediacenter }
06-24 16:36:54.248 D/HsmInterfaceImpl(25811): List [ResolveInfo{f451e57 com.android.mediacenter/.PageActivity m=0x108000}]
06-24 16:36:54.253 E/asset   (25811): createFromFile(): lock file /data/resource-cache/system@emui@base@overlay@frameworkhwexthonor@frameworkhwexthonor.apk@idmap.
06-24 16:36:54.253 E/asset   (25811): createFromFile(): lock file /data/resource-cache/system@emui@base@overlay@frameworkhwexthonor@frameworkhwexthonor.apk@idmap.
06-24 16:36:54.254 W/ResourceType(25811): Found multiple library tables, ignoring...
06-24 16:36:54.287 W/HSM     ( 1813): HoldService:toast switch is close!
06-24 16:36:54.287 D/ApplicationPackageManager(25811): queryIntentActivitiesAsUser blocked, Intent { act=android.intent.action.MAIN cat=[android.intent.category.LAUNCHER] pkg=com.huawei.himovie }
06-24 16:36:54.287 D/HsmInterfaceImpl(25811): List [ResolveInfo{5a57f62 com.huawei.himovie/.ui.login.SplashScreenActivity m=0x108000}]
06-24 16:36:54.291 E/asset   (25811): createFromFile(): lock file /data/resource-cache/system@emui@base@overlay@frameworkhwexthonor@frameworkhwexthonor.apk@idmap.
06-24 16:36:54.291 E/asset   (25811): createFromFile(): lock file /data/resource-cache/system@emui@base@overlay@frameworkhwexthonor@frameworkhwexthonor.apk@idmap.
06-24 16:36:54.291 W/ResourceType(25811): Found multiple library tables, ignoring...
06-24 16:36:54.318 D/PMS1000 (  657): package:com.excelliance.dualaid, input flags:8192, output hwFlags:0
06-24 16:36:54.319 W/HSM     ( 1813): HoldService:toast switch is close!
06-24 16:36:54.320 D/ApplicationPackageManager(25811): queryIntentActivitiesAsUser blocked, Intent { act=android.intent.action.MAIN cat=[android.intent.category.LAUNCHER] pkg=com.huawei.hnreader }
06-24 16:36:54.320 D/HsmInterfaceImpl(25811): List [ResolveInfo{16d3029 com.huawei.hnreader/com.qq.reader.activity.SplashActivity m=0x108000}]
06-24 16:36:54.324 E/asset   (25811): createFromFile(): lock file /data/resource-cache/system@emui@base@overlay@frameworkhwexthonor@frameworkhwexthonor.apk@idmap.
06-24 16:36:54.324 E/asset   (25811): createFromFile(): lock file /data/resource-cache/system@emui@base@overlay@frameworkhwexthonor@frameworkhwexthonor.apk@idmap.
06-24 16:36:54.324 W/ResourceType(25811): Found multiple library tables, ignoring...
06-24 16:36:54.353 W/HSM     ( 1813): HoldService:toast switch is close!
06-24 16:36:54.353 D/ApplicationPackageManager(25811): queryIntentActivitiesAsUser blocked, Intent { act=android.intent.action.MAIN cat=[android.intent.category.LAUNCHER] pkg=com.twitter.android }
06-24 16:36:54.353 D/HsmInterfaceImpl(25811): List [ResolveInfo{c9a50dc com.twitter.android/.StartActivity m=0x108000}]
06-24 16:36:54.392 W/HSM     ( 1813): HoldService:toast switch is close!
06-24 16:36:54.393 D/ApplicationPackageManager(25811): queryIntentActivitiesAsUser blocked, Intent { act=android.intent.action.MAIN cat=[android.intent.category.LAUNCHER] pkg=com.baidu.input_huawei }
06-24 16:36:54.393 D/HsmInterfaceImpl(25811): List []
06-24 16:36:54.397 W/HSM     ( 1813): HoldService:toast switch is close!
06-24 16:36:54.398 D/ApplicationPackageManager(25811): queryIntentActivitiesAsUser blocked, Intent { act=android.intent.action.MAIN cat=[android.intent.category.LAUNCHER] pkg=com.google.android.gms }
06-24 16:36:54.398 D/HsmInterfaceImpl(25811): List []
06-24 16:36:54.402 W/HSM     ( 1813): HoldService:toast switch is close!
06-24 16:36:54.402 W/OpenGLRenderer( 2519): Incorrectly called buildLayer on View: ShortcutAndWidgetContainer, destroying layer...
06-24 16:36:54.402 W/OpenGLRenderer( 2519): Incorrectly called buildLayer on View: ShortcutAndWidgetContainer, destroying layer...
06-24 16:36:54.403 D/ApplicationPackageManager(25811): queryIntentActivitiesAsUser blocked, Intent { act=android.intent.action.MAIN cat=[android.intent.category.LAUNCHER] pkg=com.sankuai.meituan }
06-24 16:36:54.403 D/HsmInterfaceImpl(25811): List [ResolveInfo{eece36b com.sankuai.meituan/com.meituan.android.pt.homepage.activity.Welcome m=0x108000}]
06-24 16:36:54.404 I/GRALLOC (  679): 	 shrFd=10,fmt=0x1,intFmt=0x200000001,btStrd=4352,size=8486912,pid=679 
06-24 16:36:54.404 I/GRALLOC (  679): 	 yuv=2,w=1080,h=1920,Stride u=0 v=0,offset u=0 v=0 
06-24 16:36:54.404 I/GRALLOC (  679): 	 iova_size=8486912,conUsg=0xb00,proUsg=0xb00,	 strd=1088,[afbc]HdrStrd=1088 PyldStrd=69632 Scrmbl=2,ionhnd = 1 
06-24 16:36:54.457 D/PMS1000 (  657): package:com.excelliance.dualaid, input flags:8192, output hwFlags:0
06-24 16:36:54.458 W/HSM     ( 1813): HoldService:toast switch is close!
06-24 16:36:54.459 D/ApplicationPackageManager(25811): queryIntentActivitiesAsUser blocked, Intent { act=android.intent.action.MAIN cat=[android.intent.category.LAUNCHER] pkg=com.tencent.news }
06-24 16:36:54.459 D/HsmInterfaceImpl(25811): List [ResolveInfo{389bb61 com.tencent.news/.activity.SplashActivity m=0x108000}]
06-24 16:36:54.485 W/HSM     ( 1813): HoldService:toast switch is close!
06-24 16:36:54.486 D/ApplicationPackageManager(25811): queryIntentActivitiesAsUser blocked, Intent { act=android.intent.action.MAIN cat=[android.intent.category.LAUNCHER] pkg=com.iflytek.speechsuite }
06-24 16:36:54.486 D/HsmInterfaceImpl(25811): List []
06-24 16:36:54.488 W/HSM     ( 1813): HoldService:toast switch is close!
06-24 16:36:54.488 D/ApplicationPackageManager(25811): queryIntentActivitiesAsUser blocked, Intent { act=android.intent.action.MAIN cat=[android.intent.category.LAUNCHER] pkg=com.tencent.android.qqdownloader }
06-24 16:36:54.488 D/HsmInterfaceImpl(25811): List [ResolveInfo{7744b47 com.tencent.android.qqdownloader/com.tencent.pangu.link.SplashActivity m=0x108000}]
06-24 16:36:54.524 W/HSM     ( 1813): HoldService:toast switch is close!
06-24 16:36:54.524 D/ApplicationPackageManager(25811): queryIntentActivitiesAsUser blocked, Intent { act=android.intent.action.MAIN cat=[android.intent.category.LAUNCHER] pkg=com.ifreetalk.ftalk }
06-24 16:36:54.524 D/HsmInterfaceImpl(25811): List [ResolveInfo{8c5ac9d com.ifreetalk.ftalk/.activity.DummyActivity m=0x108000}]
06-24 16:36:54.537 W/HSM     ( 1813): HoldService:toast switch is close!
06-24 16:36:54.538 D/ApplicationPackageManager(25811): queryIntentActivitiesAsUser blocked, Intent { act=android.intent.action.MAIN cat=[android.intent.category.LAUNCHER] pkg=com.taobao.taobao }
06-24 16:36:54.538 D/HsmInterfaceImpl(25811): List [ResolveInfo{5308512 com.taobao.taobao/com.taobao.tao.welcome.Welcome m=0x108000}]
06-24 16:36:54.547 I/TrafficMonitor(  657): expired arrive. level:-1
06-24 16:36:54.547 I/TrafficMonitor(  657): during_ms:2002,period_ms:2000
06-24 16:36:54.547 I/TrafficMonitor(  657): count:648,rx_sum:21,tx_sum:23,rxBytes:8517,during_ms:2002,rx_speed:4254.245754245755,tx_speed:1411.5884115884116,rto:0.9130434782608695
06-24 16:36:54.547 D/HuaweiWifiWatchdogStateMachine(  657): speed: rxpkt:21, rxSpd:4254B/s, txpkt:23, txSpd:1411
06-24 16:36:54.567 W/HSM     ( 1813): HoldService:toast switch is close!
06-24 16:36:54.567 D/ApplicationPackageManager(25811): queryIntentActivitiesAsUser blocked, Intent { act=android.intent.action.MAIN cat=[android.intent.category.LAUNCHER] pkg=com.android.gallery3d }
06-24 16:36:54.567 D/HsmInterfaceImpl(25811): List [ResolveInfo{e337ee0 com.android.gallery3d/com.huawei.gallery.app.GalleryMain m=0x108000}]
06-24 16:36:54.571 E/asset   (25811): createFromFile(): lock file /data/resource-cache/system@emui@base@overlay@frameworkhwexthonor@frameworkhwexthonor.apk@idmap.
06-24 16:36:54.571 E/asset   (25811): createFromFile(): lock file /data/resource-cache/system@emui@base@overlay@frameworkhwexthonor@frameworkhwexthonor.apk@idmap.
06-24 16:36:54.571 W/ResourceType(25811): Found multiple library tables, ignoring...
06-24 16:36:54.605 W/HSM     ( 1813): HoldService:toast switch is close!
06-24 16:36:54.605 D/ApplicationPackageManager(25811): queryIntentActivitiesAsUser blocked, Intent { act=android.intent.action.MAIN cat=[android.intent.category.LAUNCHER] pkg=com.pp.assistant }
06-24 16:36:54.606 D/HsmInterfaceImpl(25811): List [ResolveInfo{5f95c3f com.pp.assistant/.activity.MainActivity m=0x108000}]
06-24 16:36:54.632 W/HSM     ( 1813): HoldService:toast switch is close!
06-24 16:36:54.632 D/ApplicationPackageManager(25811): queryIntentActivitiesAsUser blocked, Intent { act=android.intent.action.MAIN cat=[android.intent.category.LAUNCHER] pkg=com.oppo.market }
06-24 16:36:54.633 D/HsmInterfaceImpl(25811): List [ResolveInfo{67ed255 com.oppo.market/.activity.MainActivity m=0x108000}]
06-24 16:36:54.666 W/HSM     ( 1813): HoldService:toast switch is close!
06-24 16:36:54.666 D/ApplicationPackageManager(25811): queryIntentActivitiesAsUser blocked, Intent { act=android.intent.action.MAIN cat=[android.intent.category.LAUNCHER] pkg=com.excean.wxaid }
06-24 16:36:54.667 D/HsmInterfaceImpl(25811): List [ResolveInfo{c317d5b com.excean.wxaid/com.excelliance.kxqp.ui.HelloActivity m=0x108000}]
06-24 16:36:54.696 W/HwResourcesImpl(25811): icon in pkg com.excean.wxaid is too large.sDefaultSizeWithoutEdge = 188bmp.getWidth() = 1536
06-24 16:36:54.713 W/HSM     ( 1813): HoldService:toast switch is close!
06-24 16:36:54.713 D/ApplicationPackageManager(25811): queryIntentActivitiesAsUser blocked, Intent { act=android.intent.action.MAIN cat=[android.intent.category.LAUNCHER] pkg=com.huawei.intelligent }
06-24 16:36:54.713 D/HsmInterfaceImpl(25811): List []
06-24 16:36:54.716 W/HSM     ( 1813): HoldService:toast switch is close!
06-24 16:36:54.716 D/ApplicationPackageManager(25811): queryIntentActivitiesAsUser blocked, Intent { act=android.intent.action.MAIN cat=[android.intent.category.LAUNCHER] pkg=com.google.android.backuptransport }
06-24 16:36:54.716 D/HsmInterfaceImpl(25811): List []
06-24 16:36:54.719 D/PMS1000 (  657): package:com.excelliance.dualaid, input flags:8192, output hwFlags:0
06-24 16:36:54.719 W/HSM     ( 1813): HoldService:toast switch is close!
06-24 16:36:54.720 D/ApplicationPackageManager(25811): queryIntentActivitiesAsUser blocked, Intent { act=android.intent.action.MAIN cat=[android.intent.category.LAUNCHER] pkg=com.huawei.skytone }
06-24 16:36:54.720 D/HsmInterfaceImpl(25811): List []
06-24 16:36:54.723 W/HSM     ( 1813): HoldService:toast switch is close!
06-24 16:36:54.723 D/ApplicationPackageManager(25811): queryIntentActivitiesAsUser blocked, Intent { act=android.intent.action.MAIN cat=[android.intent.category.LAUNCHER] pkg=com.estrongs.android.pop }
06-24 16:36:54.723 D/HsmInterfaceImpl(25811): List [ResolveInfo{3273ed1 com.estrongs.android.pop/.app.openscreenad.NewSplashActivity m=0x108000}]
06-24 16:36:54.756 W/HSM     ( 1813): HoldService:toast switch is close!
06-24 16:36:54.757 D/ApplicationPackageManager(25811): queryIntentActivitiesAsUser blocked, Intent { act=android.intent.action.MAIN cat=[android.intent.category.LAUNCHER] pkg=com.redfinger.app }
06-24 16:36:54.757 D/HsmInterfaceImpl(25811): List [ResolveInfo{d009437 com.redfinger.app/.activity.SplashActivity m=0x108000}]
06-24 16:36:54.791 W/HSM     ( 1813): HoldService:toast switch is close!
06-24 16:36:54.792 D/ApplicationPackageManager(25811): queryIntentActivitiesAsUser blocked, Intent { act=android.intent.action.MAIN cat=[android.intent.category.LAUNCHER] pkg=com.android.vending }
06-24 16:36:54.792 D/HsmInterfaceImpl(25811): List [ResolveInfo{b0ff70d com.android.vending/.AssetBrowserActivity m=0x108000}]
06-24 16:36:54.824 W/HSM     ( 1813): HoldService:toast switch is close!
06-24 16:36:54.824 D/ApplicationPackageManager(25811): queryIntentActivitiesAsUser blocked, Intent { act=android.intent.action.MAIN cat=[android.intent.category.LAUNCHER] pkg=org.hapjs.mockup }
06-24 16:36:54.824 D/HsmInterfaceImpl(25811): List [ResolveInfo{e51f709 org.hapjs.mockup/.activity.MainActivity m=0x108000}]
06-24 16:36:54.846 W/HSM     ( 1813): HoldService:toast switch is close!
06-24 16:36:54.846 D/ApplicationPackageManager(25811): queryIntentActivitiesAsUser blocked, Intent { act=android.intent.action.MAIN cat=[android.intent.category.LAUNCHER] pkg=com.huawei.gamebox }
06-24 16:36:54.846 D/HsmInterfaceImpl(25811): List [ResolveInfo{7c7d32f com.huawei.gamebox/.GameBoxActivity m=0x108000}]
06-24 16:36:54.850 E/asset   (25811): createFromFile(): lock file /data/resource-cache/system@emui@base@overlay@frameworkhwexthonor@frameworkhwexthonor.apk@idmap.
06-24 16:36:54.850 E/asset   (25811): createFromFile(): lock file /data/resource-cache/system@emui@base@overlay@frameworkhwexthonor@frameworkhwexthonor.apk@idmap.
06-24 16:36:54.850 W/ResourceType(25811): Found multiple library tables, ignoring...
06-24 16:36:54.879 W/HSM     ( 1813): HoldService:toast switch is close!
06-24 16:36:54.879 D/ApplicationPackageManager(25811): queryIntentActivitiesAsUser blocked, Intent { act=android.intent.action.MAIN cat=[android.intent.category.LAUNCHER] pkg=com.stickgame.los2 }
06-24 16:36:54.879 D/HsmInterfaceImpl(25811): List [ResolveInfo{455fc1a com.stickgame.los2/com.DBGame.DiabloLOL.DiabloLOL m=0x108000}]
06-24 16:36:54.887 I/Pged-IPgedBinderService(  769): ****action is 2, pid num is 7***
06-24 16:36:54.888 I/Pged-Freezer(  769): thawPids
06-24 16:36:54.892 D/PgedBinderAdapter( 1699): unfrz ok, pid: [29457, 19894, 29531, 14942, 15544, 24379]
06-24 16:36:54.901 I/appium  (24379): AppiumResponse: {"sessionId":"12d3f873-0ea4-4775-928a-9964d13dcd6c","status":0,"value":"<?xml version=\"1.0\" encoding=\"UTF-8\"?><hierarchy rotation=\"0\"><android.widget.FrameLayout index=\"0\" text=\"\" class=\"android.widget.FrameLayout\" package=\"com.excelliance.dualaid\" content-desc=\"\" checkable=\"false\" checked=\"false\" clickable=\"false\" enabled=\"true\" focusable=\"false\" focused=\"false\" scrollable=\"false\" long-clickable=\"false\" password=\"false\" selected=\"false\" bounds=\"[0,0][1080,1920]\" resource-id=\"\" instance=\"0\"><android.widget.LinearLayout index=\"0\" text=\"\" class=\"android.widget.LinearLayout\" package=\"com.excelliance.dualaid\" content-desc=\"\" checkable=\"false\" checked=\"false\" clickable=\"false\" enabled=\"true\" focusable=\"false\" focused=\"false\" scrollable=\"false\" long-clickable=\"false\" password=\"false\" selected=\"false\" bounds=\"[0,0][1080,1920]\" resource-id=\"\" instance=\"0\"><android.widget.FrameLayout index=\"0\" text=\"\" class=\"android.widget.FrameLayout\" package=\"com.excelliance.dualaid\" content-desc=\"\" checkable=\"false\" checked=\"false\" clickable=\"false\" enabled=\"true\" focusable=\"false\" focused=\"false\" scrollable=\"false\" long-clickable=\"false\" password=\"false\" selected=\"false\" bounds=\"[0,0][1080,1920]\" resource-id=\"android:id\/content\" instance=\"1\"><android.widget.FrameLayout index=\"0\" text=\"\" class=\"android.widget.FrameLayout\" package=\"com.excelliance.dualaid\" content-desc=\"\" checkable=\"false\" checked=\"false\" clickable=\"false\" enabled=\"true\" focusable=\"false\" focused=\"false\" scrollable=\"false\" long-clickable=\"false\" password=\"false\" selected=\"false\" bounds=\"[0,0][1080,1920]\" resource-id=\"\" instance=\"2\"><android.widget.RelativeLayout index=\"0\" text=\"\" class=\"android.widget.RelativeLayout\" package=\"com.excelliance.dualaid\" content-desc=\"\" checkable=\"false\" checked=\"false\" clickable=\"false\" enabled=\"true\" focusable=\"false\" focused=\"false\" scrollable=\"false\" long-clickable=\"false\" password=\"false\" selected=\"false\" bounds=\"[0,0][1080,1920]\" resource-id=\"com.excelliance.dualaid:id\/rl_guide_original\" instance=\"0\"><android.support.v4.view.ViewPager index=\"0\" text=\"\" class=\"android.support.v4.view.ViewPager\" package=\"com.excelliance.dualaid\" content-desc=\"\" checkable=\"false\" checked=\"false\" clickable=\"false\" enabled=\"true\" focusable=\"true\" focused=\"false\" scrollable=\"true\" long-clickable=\"false\" password=\"false\" selected=\"false\" bounds=\"[0,0][1080,1920]\" resource-id=\"com.excelliance.dualaid:id\/vp_nav\" instance=\"0\"><android.widget.RelativeLayout index=\"2\" text=\"\" class=\"android.widget.RelativeLayout\" package=\"com.excelliance.dualaid\" content-desc=\"\" checkable=\"false\" checked=\"false\" clickable=\"false\" enabled=\"true\" focusable=\"false\" focused=\"false\" scrollable=\"false\" long-clickable=\"false\" password=\"false\" selected=\"false\" bounds=\"[0,0][1080,1920]\" resource-id=\"\" instance=\"1\"><android.view.View index=\"0\" text=\"\" class=\"android.view.View\" package=\"com.excelliance.dualaid\" content-desc=\"\" checkable=\"false\" checked=\"false\" clickable=\"false\" enabled=\"true\" focusable=\"false\" focused=\"false\" scrollable=\"false\" long-clickable=\"false\" password=\"false\" selected=\"false\" bounds=\"[0,0][1080,1920]\" resource-id=\"\" instance=\"0\"\/><android.widget.ImageView index=\"1\" text=\"\" class=\"android.widget.ImageView\" package=\"com.excelliance.dualaid\" content-desc=\"\" checkable=\"false\" checked=\"false\" clickable=\"false\" enabled=\"true\" focusable=\"false\" focused=\"false\" scrollable=\"false\" long-clickable=\"false\" password=\"false\" selected=\"false\" bounds=\"[345,318][847,1268]\" resource-id=\"\" instance=\"0\"\/><android.widget.ImageView index=\"2\" text=\"\" class=\"android.widget.ImageView\" package=\"com.excelliance.dualaid\" content-desc=\"\" checkable=\"false\" checked=\"false\" clickable=\"false\" enabled=\"true\" 
06-24 16:36:54.913 W/libc    (  493): Set property "hw.wifi.dns_stat" to "38113,33282,5028,1,53159"
06-24 16:36:54.917 I/appium  (24379): channel read invoked!
06-24 16:36:54.917 I/appium  (24379): channel read: GET /wd/hub/session/12d3f873-0ea4-4775-928a-9964d13dcd6c/source
06-24 16:36:54.919 W/HSM     ( 1813): HoldService:toast switch is close!
06-24 16:36:54.919 D/ApplicationPackageManager(25811): queryIntentActivitiesAsUser blocked, Intent { act=android.intent.action.MAIN cat=[android.intent.category.LAUNCHER] pkg=com.qihoo.appstore }
06-24 16:36:54.919 D/HsmInterfaceImpl(25811): List [ResolveInfo{13c2128 com.qihoo.appstore/.home.LauncherActivity m=0x108000}]
06-24 16:36:54.938 I/appium  (24379): Skipping invisible child: android.view.accessibility.AccessibilityNodeInfo@12ac9; boundsInParent: Rect(0, 0 - 1080, 186); boundsInScreen: Rect(0, 1920 - 1080, 1920); packageName: com.excelliance.dualaid; className: android.view.View; text: null; error: null; maxTextLength: -1; contentDescription: null; viewIdResName: com.excelliance.dualaid:id/first_start_ok_after; checkable: false; checked: false; focusable: false; focused: false; selected: false; clickable: false; longClickable: false; contextClickable: false; enabled: true; password: false; scrollable: false; importantForAccessibility: false; actions: [AccessibilityAction: ACTION_SELECT - null, AccessibilityAction: ACTION_CLEAR_SELECTION - null, AccessibilityAction: ACTION_ACCESSIBILITY_FOCUS - null, AccessibilityAction: ACTION_SHOW_ON_SCREEN - null]
06-24 16:36:54.938 I/appium  (24379): Skipping invisible child: android.view.accessibility.AccessibilityNodeInfo@1324b; boundsInParent: Rect(0, 0 - 1080, 72); boundsInScreen: Rect(0, 0 - 1080, 72); packageName: com.excelliance.dualaid; className: android.view.View; text: null; error: null; maxTextLength: -1; contentDescription: null; viewIdResName: null; checkable: false; checked: false; focusable: false; focused: false; selected: false; clickable: false; longClickable: false; contextClickable: false; enabled: true; password: false; scrollable: false; importantForAccessibility: false; actions: [AccessibilityAction: ACTION_SELECT - null, AccessibilityAction: ACTION_CLEAR_SELECTION - null, AccessibilityAction: ACTION_ACCESSIBILITY_FOCUS - null, AccessibilityAction: ACTION_SHOW_ON_SCREEN - null]
06-24 16:36:54.939 I/appium  (24379): Fetch time: 14ms
06-24 16:36:54.948 W/HSM     ( 1813): HoldService:toast switch is close!
06-24 16:36:54.948 D/ApplicationPackageManager(25811): queryIntentActivitiesAsUser blocked, Intent { act=android.intent.action.MAIN cat=[android.intent.category.LAUNCHER] pkg=com.huawei.android.thememanager }
06-24 16:36:54.948 D/HsmInterfaceImpl(25811): List [ResolveInfo{f68f927 com.huawei.android.thememanager/.HwThemeManagerActivity m=0x108000}]
06-24 16:36:54.951 E/asset   (25811): createFromFile(): lock file /data/resource-cache/system@emui@base@overlay@frameworkhwexthonor@frameworkhwexthonor.apk@idmap.
06-24 16:36:54.951 E/asset   (25811): createFromFile(): lock file /data/resource-cache/system@emui@base@overlay@frameworkhwexthonor@frameworkhwexthonor.apk@idmap.
06-24 16:36:54.952 W/ResourceType(25811): Found multiple library tables, ignoring...
06-24 16:36:54.954 I/NetworkSpeedManagerEx( 1513): mIsStop = false
06-24 16:36:54.955 I/NetworkSpeedManagerEx( 1513):  runInThread getTetherStats
06-24 16:36:54.955 I/NetworkSpeedManagerEx( 1513):  runInUI refreshSpeed
06-24 16:36:54.956 I/NetworkSpeedManagerEx( 1513): value=3861.6667speed = 3.8
06-24 16:36:54.956 I/NetworkSpeedManagerEx( 1513): K/smIsShowLastSpeedValuefalse
06-24 16:36:54.956 I/NetworkSpeedView( 1513): /update(), speed=3.8
06-24 16:36:54.956 I/NetworkSpeedView( 1513): K/s parent class:class com.android.systemui.statusbar.HwSystemIcons
06-24 16:36:54.964 I/appium  (24379): AppiumResponse: {"sessionId":"12d3f873-0ea4-4775-928a-9964d13dcd6c","status":0,"value":"<?xml version=\"1.0\" encoding=\"UTF-8\"?><hierarchy rotation=\"0\"><android.widget.FrameLayout index=\"0\" text=\"\" class=\"android.widget.FrameLayout\" package=\"com.excelliance.dualaid\" content-desc=\"\" checkable=\"false\" checked=\"false\" clickable=\"false\" enabled=\"true\" focusable=\"false\" focused=\"false\" scrollable=\"false\" long-clickable=\"false\" password=\"false\" selected=\"false\" bounds=\"[0,0][1080,1920]\" resource-id=\"\" instance=\"0\"><android.widget.LinearLayout index=\"0\" text=\"\" class=\"android.widget.LinearLayout\" package=\"com.excelliance.dualaid\" content-desc=\"\" checkable=\"false\" checked=\"false\" clickable=\"false\" enabled=\"true\" focusable=\"false\" focused=\"false\" scrollable=\"false\" long-clickable=\"false\" password=\"false\" selected=\"false\" bounds=\"[0,0][1080,1920]\" resource-id=\"\" instance=\"0\"><android.widget.FrameLayout index=\"0\" text=\"\" class=\"android.widget.FrameLayout\" package=\"com.excelliance.dualaid\" content-desc=\"\" checkable=\"false\" checked=\"false\" clickable=\"false\" enabled=\"true\" focusable=\"false\" focused=\"false\" scrollable=\"false\" long-clickable=\"false\" password=\"false\" selected=\"false\" bounds=\"[0,72][1080,1920]\" resource-id=\"android:id\/content\" instance=\"1\"><android.widget.LinearLayout index=\"0\" text=\"\" class=\"android.widget.LinearLayout\" package=\"com.excelliance.dualaid\" content-desc=\"\" checkable=\"false\" checked=\"false\" clickable=\"false\" enabled=\"true\" focusable=\"false\" focused=\"false\" scrollable=\"false\" long-clickable=\"false\" password=\"false\" selected=\"false\" bounds=\"[0,72][1080,1920]\" resource-id=\"\" instance=\"1\"><android.widget.RelativeLayout index=\"0\" text=\"\" class=\"android.widget.RelativeLayout\" package=\"com.excelliance.dualaid\" content-desc=\"\" checkable=\"false\" checked=\"false\" clickable=\"false\" enabled=\"true\" focusable=\"false\" focused=\"false\" scrollable=\"false\" long-clickable=\"false\" password=\"false\" selected=\"false\" bounds=\"[0,72][1080,240]\" resource-id=\"com.excelliance.dualaid:id\/top\" instance=\"0\"><android.widget.TextView index=\"0\" text=\"登录\/注册\" class=\"android.widget.TextView\" package=\"com.excelliance.dualaid\" content-desc=\"\" checkable=\"false\" checked=\"false\" clickable=\"true\" enabled=\"true\" focusable=\"true\" focused=\"false\" scrollable=\"false\" long-clickable=\"false\" password=\"false\" selected=\"false\" bounds=\"[36,111][221,201]\" resource-id=\"com.excelliance.dualaid:id\/tv_login_in\" instance=\"0\"\/><android.widget.TextView index=\"1\" text=\"双开助手\" class=\"android.widget.TextView\" package=\"com.excelliance.dualaid\" content-desc=\"\" checkable=\"false\" checked=\"false\" clickable=\"false\" enabled=\"true\" focusable=\"false\" focused=\"false\" scrollable=\"false\" long-clickable=\"false\" password=\"false\" selected=\"false\" bounds=\"[420,115][660,196]\" resource-id=\"com.excelliance.dualaid:id\/first_tv_back\" instance=\"1\"\/><android.widget.TextView index=\"2\" text=\"跳过\" class=\"android.widget.TextView\" package=\"com.excelliance.dualaid\" content-desc=\"\" checkable=\"false\" checked=\"false\" clickable=\"true\" enabled=\"true\" focusable=\"true\" focused=\"false\" scrollable=\"false\" long-clickable=\"false\" password=\"false\" selected=\"false\" bounds=\"[960,111][1044,201]\" resource-id=\"com.excelliance.dualaid:id\/jump_to\" instance=\"2\"\/><\/android.widget.RelativeLayout><android.widget.RelativeLayout index=\"1\" text=\"\" class=\"android.widget.RelativeLayout\" package=\"com.excelliance.dualaid\" content-desc=\"\" checkable=\"false\" checked=\"false\" clickable=\"false\" enabled=\"true\" focusable=\"false\" focused=\"false\" scrollable=\"false\" long-clickable=\"false\" password=\"false\" selected=\"false\" bounds=\"[0,240][1080,454]\" resource-id=\"com.excelliance.dualaid:id\/rl_note\" instance=\"1\"><android.widget.ImageView index=\"0\" text=\"\"
06-24 16:36:54.975 I/NetworkSpeedManagerEx( 1513): mIsStop = false
06-24 16:36:54.975 I/NetworkSpeedManagerEx( 1513):  runInThread getTetherStats
06-24 16:36:54.976 I/NetworkSpeedManagerEx( 1513):  runInUI refreshSpeed
06-24 16:36:54.977 I/NetworkSpeedManagerEx( 1513): value=3861.6667speed = 3.8
06-24 16:36:54.977 I/NetworkSpeedManagerEx( 1513): K/smIsShowLastSpeedValuefalse
06-24 16:36:54.977 I/NetworkSpeedView( 1513): /update(), speed=3.8
06-24 16:36:54.977 I/NetworkSpeedView( 1513): K/s parent class:class com.android.systemui.statusbar.HwSystemIcons
06-24 16:36:54.983 D/PMS1000 (  657): package:com.excelliance.dualaid, input flags:8192, output hwFlags:0
06-24 16:36:54.984 W/HSM     ( 1813): HoldService:toast switch is close!
06-24 16:36:54.984 D/ApplicationPackageManager(25811): queryIntentActivitiesAsUser blocked, Intent { act=android.intent.action.MAIN cat=[android.intent.category.LAUNCHER] pkg=com.excean.parallelspace }
06-24 16:36:54.985 D/HsmInterfaceImpl(25811): List [ResolveInfo{b3ff472 com.excean.parallelspace/com.excelliance.kxqp.ui.HelloActivity m=0x108000}]
06-24 16:36:54.986 I/appium  (24379): channel read invoked!
06-24 16:36:54.986 I/appium  (24379): channel read: POST /wd/hub/session/12d3f873-0ea4-4775-928a-9964d13dcd6c/element
06-24 16:36:54.986 I/appium  (24379): Find element command
06-24 16:36:54.986 D/appium  (24379): payload: {"strategy":"id","selector":"com.excelliance.dualaid:id/first_start_ok","context":"","multiple":false}
06-24 16:36:54.986 I/appium  (24379): find element command using 'id' with selector 'com.excelliance.dualaid:id/first_start_ok'.
06-24 16:36:55.012 W/HSM     ( 1813): HoldService:toast switch is close!
06-24 16:36:55.013 D/ApplicationPackageManager(25811): queryIntentActivitiesAsUser blocked, Intent { act=android.intent.action.MAIN cat=[android.intent.category.LAUNCHER] pkg=com.UCMobile }
06-24 16:36:55.013 D/HsmInterfaceImpl(25811): List [ResolveInfo{e47ed40 com.UCMobile/.main.UCMobile m=0x108000}]
06-24 16:36:55.048 D/PMS1000 (  657): package:com.excelliance.dualaid, input flags:8192, output hwFlags:0
06-24 16:36:55.049 W/HSM     ( 1813): HoldService:toast switch is close!
06-24 16:36:55.049 D/ApplicationPackageManager(25811): queryIntentActivitiesAsUser blocked, Intent { act=android.intent.action.MAIN cat=[android.intent.category.LAUNCHER] pkg=com.bbk.appstore }
06-24 16:36:55.049 D/HsmInterfaceImpl(25811): List [ResolveInfo{694e5be com.bbk.appstore/.ui.AppStore m=0x108000}]
