07-29 16:39:51.719 D/DownloadService(15155): publishProgress entered progress:100
07-29 16:39:51.719 D/DownloadService(15155): publishProgress entered progress:93
07-29 16:39:51.719 D/DownloadService(15155): publishProgress entered progress:50
07-29 16:39:51.719 D/DownloadService(15155): publishProgress entered progress:14
07-29 16:39:51.719 D/DownloadService(15155): publishProgress entered progress:98
07-29 16:39:51.719 D/DownloadService(15155): publishProgress entered progress:51
07-29 16:39:51.719 D/DownloadService(15155): publishProgress entered progress:15
07-29 16:39:51.719 D/DownloadService(15155): publishProgress entered progress:100
07-29 16:39:51.719 D/DownloadService(15155): publishProgress entered progress:16
07-29 16:39:51.719 V/DownloadService(15155): unzipDir:xf
07-29 16:39:51.729 D/DownloadService(15155): publishProgress entered progress:52
07-29 16:39:51.729 D/DownloadService(15155): publishProgress entered progress:1
07-29 16:39:51.729 D/DownloadService(15155): publishProgress entered progress:15
07-29 16:39:51.729 D/DownloadService(15155): publishProgress entered progress:17
07-29 16:39:51.729 D/DownloadService(15155): publishProgress entered progress:2
07-29 16:39:51.729 D/DownloadService(15155): publishProgress entered progress:16
07-29 16:39:51.729 D/DownloadService(15155): publishProgress entered progress:3
07-29 16:39:51.729 D/DownloadService(15155): publishProgress entered progress:18
07-29 16:39:51.729 D/DownloadService(15155): publishProgress entered progress:17
07-29 16:39:51.739 D/LBService(15155): remove o=com.excelliance.kxqp.e$1, busyCount=13
07-29 16:39:51.739 D/DownloadService(15155): publishProgress entered progress:19
07-29 16:39:51.739 D/DownloadService(15155): publishProgress entered progress:18
07-29 16:39:51.739 D/DownloadService(15155): publishProgress entered progress:4
07-29 16:39:51.739 D/LBService(15155): remove o=com.excelliance.kxqp.e$1, busyCount=12
07-29 16:39:51.739 D/DownloadService(15155): publishProgress entered progress:20
07-29 16:39:51.739 D/DownloadService(15155): publishProgress entered progress:19
07-29 16:39:51.739 D/DownloadService(15155): publishProgress entered progress:5
07-29 16:39:51.739 D/DownloadService(15155): publishProgress entered progress:20
07-29 16:39:51.739 D/DownloadService(15155): publishProgress entered progress:21
07-29 16:39:51.749 D/DownloadService(15155): publishProgress entered progress:22
07-29 16:39:51.749 V/DownloadService(15155): unzipDir:bd
07-29 16:39:51.749 D/DownloadService(15155): publishProgress entered progress:23
07-29 16:39:51.749 D/DownloadService(15155): publishProgress entered progress:21
07-29 16:39:51.749 D/DownloadService(15155): publishProgress entered progress:24
07-29 16:39:51.749 D/DownloadService(15155): publishProgress entered progress:22
07-29 16:39:51.749 D/DownloadService(15155): publishProgress entered progress:25
07-29 16:39:51.749 D/DownloadService(15155): publishProgress entered progress:23
07-29 16:39:51.759 D/DownloadService(15155): publishProgress entered progress:6
07-29 16:39:51.759 D/DownloadService(15155): publishProgress entered progress:53
07-29 16:39:51.759 D/DownloadService(15155): publishProgress entered progress:24
07-29 16:39:51.769 D/DownloadService(15155): publishProgress entered progress:26
07-29 16:39:51.769 V/DownloadService(15155): unzipDir:av
07-29 16:39:51.769 V/DownloadService(15155): unzipDir:ht
07-29 16:39:51.769 D/DownloadService(15155): publishProgress entered progress:7
07-29 16:39:51.769 D/DownloadService(15155): publishProgress entered progress:25
07-29 16:39:51.769 D/DownloadService(15155): publishProgress entered progress:27
07-29 16:39:51.769 D/DownloadService(15155): publishProgress entered progress:47
07-29 16:39:51.769 D/DownloadService(15155): publishProgress entered progress:85
07-29 16:39:51.769 D/DownloadService(15155): publishProgress entered progress:54
07-29 16:39:51.769 D/DownloadService(15155): publishProgress entered progress:26
07-29 16:39:51.769 D/DownloadService(15155): publishProgress entered progress:49
07-29 16:39:51.769 D/DownloadService(15155): publishProgress entered progress:28
07-29 16:39:51.769 D/DownloadService(15155): publishProgress entered progress:8
07-29 16:39:51.769 D/DownloadService(15155): publishProgress entered progress:27
07-29 16:39:51.769 D/DownloadService(15155): publishProgress entered progress:86
07-29 16:39:51.769 D/DownloadService(15155): publishProgress entered progress:55
07-29 16:39:51.779 D/DownloadService(15155): publishProgress entered progress:51
07-29 16:39:51.779 D/DownloadService(15155): publishProgress entered progress:9
07-29 16:39:51.779 D/DownloadService(15155): publishProgress entered progress:87
07-29 16:39:51.779 D/DownloadService(15155): publishProgress entered progress:53
07-29 16:39:51.779 D/DownloadService(15155): publishProgress entered progress:29
07-29 16:39:51.779 D/DownloadService(15155): publishProgress entered progress:28
07-29 16:39:51.779 D/DownloadService(15155): publishProgress entered progress:88
07-29 16:39:51.779 D/DownloadService(15155): publishProgress entered progress:10
07-29 16:39:51.779 D/DownloadService(15155): publishProgress entered progress:56
07-29 16:39:51.779 D/DownloadService(15155): publishProgress entered progress:30
07-29 16:39:51.779 D/DownloadService(15155): publishProgress entered progress:29
07-29 16:39:51.779 D/DownloadService(15155): publishProgress entered progress:89
07-29 16:39:51.779 D/DownloadService(15155): publishProgress entered progress:57
07-29 16:39:51.779 D/DownloadService(15155): publishProgress entered progress:55
07-29 16:39:51.779 D/DownloadService(15155): publishProgress entered progress:90
07-29 16:39:51.779 D/DownloadService(15155): publishProgress entered progress:30
07-29 16:39:51.779 D/DownloadService(15155): publishProgress entered progress:31
07-29 16:39:51.779 D/DownloadService(15155): publishProgress entered progress:31
07-29 16:39:51.779 D/DownloadService(15155): publishProgress entered progress:32
07-29 16:39:51.779 D/DownloadService(15155): publishProgress entered progress:57
07-29 16:39:51.779 D/DownloadService(15155): publishProgress entered progress:32
07-29 16:39:51.779 D/DownloadService(15155): publishProgress entered progress:33
07-29 16:39:51.779 D/DownloadService(15155): publishProgress entered progress:58
07-29 16:39:51.779 D/DownloadService(15155): publishProgress entered progress:59
07-29 16:39:51.789 D/DownloadService(15155): publishProgress entered progress:61
07-29 16:39:51.789 D/DownloadService(15155): publishProgress entered progress:34
07-29 16:39:51.789 D/DownloadService(15155): publishProgress entered progress:34
07-29 16:39:51.789 D/DownloadService(15155): publishProgress entered progress:59
07-29 16:39:51.789 D/DownloadService(15155): publishProgress entered progress:35
07-29 16:39:51.789 D/DownloadService(15155): publishProgress entered progress:35
07-29 16:39:51.789 D/DownloadService(15155): publishProgress entered progress:63
07-29 16:39:51.789 V/GameUtil(15155): saveVersionToFileByKey  xml_key :xf  result:4
07-29 16:39:51.789 D/DownloadService(15155): publishProgress entered progress:60
07-29 16:39:51.789 D/DownloadService(15155): publishProgress entered progress:11
07-29 16:39:51.789 D/DownloadService(15155): publishProgress entered progress:36
07-29 16:39:51.799 D/DownloadService(15155): publishProgress entered progress:37
07-29 16:39:51.799 D/DownloadService(15155): publishProgress entered progress:91
07-29 16:39:51.799 D/DownloadService(15155): publishProgress entered progress:12
07-29 16:39:51.799 D/DownloadService(15155): publishProgress entered progress:36
07-29 16:39:51.799 D/DownloadService(15155): publishProgress entered progress:65
07-29 16:39:51.799 D/DownloadService(15155): publishProgress entered progress:38
07-29 16:39:51.799 D/DownloadService(15155): publishProgress entered progress:61
07-29 16:39:51.799 D/DownloadService(15155): publishProgress entered progress:37
07-29 16:39:51.799 D/DownloadService(15155): publishProgress entered progress:13
07-29 16:39:51.799 D/DownloadService(15155): publishProgress entered progress:92
07-29 16:39:51.799 D/DownloadService(15155): publishProgress entered progress:66
07-29 16:39:51.799 D/DownloadService(15155): publishProgress entered progress:38
07-29 16:39:51.799 V/GameUtil(15155): saveVersionToFileByKey  xml_key :av  result:1
07-29 16:39:51.809 D/DownloadService(15155): publishProgress entered progress:39
07-29 16:39:51.809 D/DownloadService(15155): publishProgress entered progress:68
07-29 16:39:51.809 D/DownloadService(15155): publishProgress entered progress:93
07-29 16:39:51.809 D/DownloadService(15155): publishProgress entered progress:39
07-29 16:39:51.809 D/DownloadService(15155): publishProgress entered progress:14
07-29 16:39:51.809 D/DownloadService(15155): publishProgress entered progress:40
07-29 16:39:51.809 D/DownloadService(15155): publishProgress entered progress:62
07-29 16:39:51.809 D/DownloadService(15155): publishProgress entered progress:94
07-29 16:39:51.809 D/DownloadService(15155): publishProgress entered progress:40
07-29 16:39:51.809 D/DownloadService(15155): publishProgress entered progress:70
07-29 16:39:51.809 D/DownloadService(15155): publishProgress entered progress:41
07-29 16:39:51.809 D/DownloadService(15155): publishProgress entered progress:15
07-29 16:39:51.809 D/DownloadService(15155): publishProgress entered progress:95
07-29 16:39:51.809 D/DownloadService(15155): publishProgress entered progress:42
07-29 16:39:51.809 D/DownloadService(15155): publishProgress entered progress:72
07-29 16:39:51.809 D/DownloadService(15155): publishProgress entered progress:41
07-29 16:39:51.809 D/DownloadService(15155): publishProgress entered progress:63
07-29 16:39:51.809 V/GameUtil(15155): saveVersionToFileByKey  xml_key :ht  result:1
07-29 16:39:51.819 D/DownloadService(15155): publishProgress entered progress:42
07-29 16:39:51.819 D/DownloadService(15155): publishProgress entered progress:43
07-29 16:39:51.819 D/DownloadService(15155): publishProgress entered progress:74
07-29 16:39:51.819 V/GameUtil(15155): saveVersionToFileByKey  xml_key :bd  result:18
07-29 16:39:51.819 D/DownloadService(15155): publishProgress entered progress:64
07-29 16:39:51.819 D/DownloadService(15155): publishProgress entered progress:96
07-29 16:39:51.819 D/DownloadService(15155): publishProgress entered progress:16
07-29 16:39:51.819 D/DownloadService(15155): publishProgress entered progress:76
07-29 16:39:51.829 D/DownloadService(15155): publishProgress entered progress:43
07-29 16:39:51.829 D/DownloadService(15155): publishProgress entered progress:44
07-29 16:39:51.829 D/DownloadService(15155): publishProgress entered progress:97
07-29 16:39:51.829 D/DownloadService(15155): publishProgress entered progress:78
07-29 16:39:51.829 D/DownloadService(15155): publishProgress entered progress:44
07-29 16:39:51.829 D/DownloadService(15155): publishProgress entered progress:98
07-29 16:39:51.829 D/DownloadService(15155): publishProgress entered progress:80
07-29 16:39:51.829 D/DownloadService(15155): publishProgress entered progress:45
07-29 16:39:51.829 D/DownloadService(15155): publishProgress entered progress:45
07-29 16:39:51.829 D/DownloadService(15155): publishProgress entered progress:65
07-29 16:39:51.829 D/DownloadService(15155): publishProgress entered progress:82
07-29 16:39:51.829 D/DownloadService(15155): publishProgress entered progress:99
07-29 16:39:51.829 D/DownloadService(15155): publishProgress entered progress:46
07-29 16:39:51.829 D/DownloadService(15155): publishProgress entered progress:47
07-29 16:39:51.829 D/DownloadService(15155): publishProgress entered progress:66
07-29 16:39:51.829 D/DownloadService(15155): publishProgress entered progress:46
07-29 16:39:51.829 D/DownloadService(15155): publishProgress entered progress:100
07-29 16:39:51.829 D/DownloadService(15155): publishProgress entered progress:84
07-29 16:39:51.829 D/DownloadService(15155): publishProgress entered progress:17
07-29 16:39:51.829 D/LBService(15155): remove o=com.excelliance.kxqp.e$1, busyCount=11
07-29 16:39:51.829 D/DownloadService(15155): publishProgress entered progress:48
07-29 16:39:51.829 D/DownloadService(15155): publishProgress entered progress:47
07-29 16:39:51.829 D/DownloadService(15155): publishProgress entered progress:18
07-29 16:39:51.839 D/DownloadService(15155): publishProgress entered progress:49
07-29 16:39:51.839 D/DownloadService(15155): publishProgress entered progress:86
07-29 16:39:51.839 D/DownloadService(15155): publishProgress entered progress:19
07-29 16:39:51.839 D/DownloadService(15155): publishProgress entered progress:48
07-29 16:39:51.839 D/DownloadService(15155): publishProgress entered progress:67
07-29 16:39:51.839 D/DownloadService(15155): publishProgress entered progress:10
07-29 16:39:51.839 D/DownloadService(15155): publishProgress entered progress:50
07-29 16:39:51.839 D/DownloadService(15155): publishProgress entered progress:49
07-29 16:39:51.839 D/DownloadService(15155): publishProgress entered progress:51
07-29 16:39:51.839 D/DownloadService(15155): publishProgress entered progress:20
07-29 16:39:51.839 D/DownloadService(15155): publishProgress entered progress:88
07-29 16:39:51.839 D/DownloadService(15155): publishProgress entered progress:50
07-29 16:39:51.839 D/DownloadService(15155): publishProgress entered progress:21
07-29 16:39:51.839 D/DownloadService(15155): publishProgress entered progress:52
07-29 16:39:51.839 D/DownloadService(15155): publishProgress entered progress:90
07-29 16:39:51.839 D/DownloadService(15155): publishProgress entered progress:53
07-29 16:39:51.839 I/appium  ( 9879): Skipping invisible child: android.view.accessibility.AccessibilityNodeInfo@8000cab0; boundsInParent: Rect(0, 0 - 1080, 75); boundsInScreen: Rect(0, 0 - 1080, 75); packageName: com.excelliance.dualaid; className: android.view.View; text: null; error: null; maxTextLength: -1; contentDescription: null; viewIdResName: com.excelliance.dualaid:id/custom_status_bar; checkable: false; checked: false; focusable: false; focused: false; selected: false; clickable: false; longClickable: false; enabled: true; password: false; scrollable: false; actions: [AccessibilityAction: ACTION_SELECT - null, AccessibilityAction: ACTION_CLEAR_SELECTION - null, AccessibilityAction: ACTION_ACCESSIBILITY_FOCUS - null]
07-29 16:39:51.839 D/DownloadService(15155): publishProgress entered progress:51
07-29 16:39:51.849 D/DownloadService(15155): publishProgress entered progress:92
07-29 16:39:51.849 D/DownloadService(15155): publishProgress entered progress:22
07-29 16:39:51.849 D/DownloadService(15155): publishProgress entered progress:68
07-29 16:39:51.849 D/DownloadService(15155): publishProgress entered progress:52
07-29 16:39:51.849 D/DownloadService(15155): publishProgress entered progress:23
07-29 16:39:51.849 D/DownloadService(15155): publishProgress entered progress:69
07-29 16:39:51.849 D/DownloadService(15155): publishProgress entered progress:54
07-29 16:39:51.849 D/DownloadService(15155): publishProgress entered progress:55
07-29 16:39:51.849 D/DownloadService(15155): publishProgress entered progress:24
07-29 16:39:51.849 D/DownloadService(15155): publishProgress entered progress:70
07-29 16:39:51.849 D/DownloadService(15155): publishProgress entered progress:56
07-29 16:39:51.849 D/DownloadService(15155): publishProgress entered progress:57
07-29 16:39:51.849 D/DownloadService(15155): publishProgress entered progress:94
07-29 16:39:51.849 D/DownloadService(15155): publishProgress entered progress:71
07-29 16:39:51.849 D/DownloadService(15155): publishProgress entered progress:96
07-29 16:39:51.849 D/DownloadService(15155): publishProgress entered progress:58
07-29 16:39:51.849 D/DownloadService(15155): publishProgress entered progress:25
07-29 16:39:51.849 D/DownloadService(15155): publishProgress entered progress:72
07-29 16:39:51.849 D/DownloadService(15155): publishProgress entered progress:59
07-29 16:39:51.849 D/DownloadService(15155): publishProgress entered progress:73
07-29 16:39:51.849 V/DownloadService(15155): unzipDir:gdtnew
07-29 16:39:51.859 D/DownloadService(15155): publishProgress entered progress:74
07-29 16:39:51.859 D/DownloadService(15155): publishProgress entered progress:54
07-29 16:39:51.859 D/DownloadService(15155): publishProgress entered progress:55
07-29 16:39:51.859 D/DownloadService(15155): publishProgress entered progress:60
07-29 16:39:51.859 D/DownloadService(15155): publishProgress entered progress:20
07-29 16:39:51.859 D/DownloadService(15155): publishProgress entered progress:98
07-29 16:39:51.859 D/DownloadService(15155): publishProgress entered progress:26
07-29 16:39:51.859 D/DownloadService(15155): publishProgress entered progress:61
07-29 16:39:51.859 D/DownloadService(15155): publishProgress entered progress:100
07-29 16:39:51.859 D/DownloadService(15155): publishProgress entered progress:30
07-29 16:39:51.859 D/DownloadService(15155): publishProgress entered progress:56
07-29 16:39:51.859 D/DownloadService(15155): publishProgress entered progress:62
07-29 16:39:51.869 D/DownloadService(15155): publishProgress entered progress:27
07-29 16:39:51.869 D/DownloadService(15155): publishProgress entered progress:40
07-29 16:39:51.869 D/DownloadService(15155): publishProgress entered progress:63
07-29 16:39:51.869 D/DownloadService(15155): publishProgress entered progress:75
07-29 16:39:51.869 I/appium  ( 9879): Skipping invisible child: android.view.accessibility.AccessibilityNodeInfo@80011985; boundsInParent: Rect(0, 0 - 1080, 0); boundsInScreen: Rect(0, 1369 - 1080, 1369); packageName: com.excelliance.dualaid; className: android.widget.LinearLayout; text: null; error: null; maxTextLength: -1; contentDescription: null; viewIdResName: com.excelliance.dualaid:id/layout_container; checkable: false; checked: false; focusable: false; focused: false; selected: false; clickable: false; longClickable: false; enabled: true; password: false; scrollable: false; actions: [AccessibilityAction: ACTION_SELECT - null, AccessibilityAction: ACTION_CLEAR_SELECTION - null, AccessibilityAction: ACTION_ACCESSIBILITY_FOCUS - null]
07-29 16:39:51.869 I/appium  ( 9879): Skipping invisible child: android.view.accessibility.AccessibilityNodeInfo@800106c0; boundsInParent: Rect(0, 0 - 1080, 0); boundsInScreen: Rect(0, 1369 - 1080, 1369); packageName: com.excelliance.dualaid; className: android.widget.FrameLayout; text: null; error: null; maxTextLength: -1; contentDescription: null; viewIdResName: com.excelliance.dualaid:id/fl_off_standard_position; checkable: false; checked: false; focusable: false; focused: false; selected: false; clickable: false; longClickable: false; enabled: true; password: false; scrollable: false; actions: [AccessibilityAction: ACTION_SELECT - null, AccessibilityAction: ACTION_CLEAR_SELECTION - null, AccessibilityAction: ACTION_ACCESSIBILITY_FOCUS - null]
07-29 16:39:51.869 D/DownloadService(15155): publishProgress entered progress:50
07-29 16:39:51.869 I/appium  ( 9879): Skipping invisible child: android.view.accessibility.AccessibilityNodeInfo@8000f7bc; boundsInParent: Rect(0, 0 - 1080, 0); boundsInScreen: Rect(0, 1800 - 1080, 1800); packageName: com.excelliance.dualaid; className: android.widget.FrameLayout; text: null; error: null; maxTextLength: -1; contentDescription: null; viewIdResName: com.excelliance.dualaid:id/fl_stream_new; checkable: false; checked: false; focusable: false; focused: false; selected: false; clickable: false; longClickable: false; enabled: true; password: false; scrollable: false; actions: [AccessibilityAction: ACTION_SELECT - null, AccessibilityAction: ACTION_CLEAR_SELECTION - null, AccessibilityAction: ACTION_ACCESSIBILITY_FOCUS - null]
07-29 16:39:51.869 D/DownloadService(15155): publishProgress entered progress:28
07-29 16:39:51.869 D/DownloadService(15155): publishProgress entered progress:76
07-29 16:39:51.869 D/DownloadService(15155): publishProgress entered progress:60
07-29 16:39:51.869 D/DownloadService(15155): publishProgress entered progress:77
07-29 16:39:51.869 D/DownloadService(15155): publishProgress entered progress:29
07-29 16:39:51.869 I/appium  ( 9879): Skipping invisible child: android.view.accessibility.AccessibilityNodeInfo@8000d232; boundsInParent: Rect(0, 0 - 1080, 0); boundsInScreen: Rect(0, 243 - 1080, 243); packageName: com.excelliance.dualaid; className: android.view.View; text: null; error: null; maxTextLength: -1; contentDescription: null; viewIdResName: com.excelliance.dualaid:id/view_bottom; checkable: false; checked: false; focusable: false; focused: false; selected: false; clickable: false; longClickable: false; enabled: true; password: false; scrollable: false; actions: [AccessibilityAction: ACTION_SELECT - null, AccessibilityAction: ACTION_CLEAR_SELECTION - null, AccessibilityAction: ACTION_ACCESSIBILITY_FOCUS - null]
07-29 16:39:51.869 D/DownloadService(15155): publishProgress entered progress:70
07-29 16:39:51.869 I/appium  ( 9879): Fetch time: 32ms
07-29 16:39:51.869 D/DownloadService(15155): publishProgress entered progress:78
07-29 16:39:51.869 D/DownloadService(15155): publishProgress entered progress:30
07-29 16:39:51.869 D/DownloadService(15155): publishProgress entered progress:79
07-29 16:39:51.869 D/DownloadService(15155): publishProgress entered progress:31
07-29 16:39:51.869 D/DownloadService(15155): publishProgress entered progress:80
07-29 16:39:51.869 V/DownloadService(15155): unzipDir:hi6250_launch
07-29 16:39:51.879 D/DownloadService(15155): publishProgress entered progress:57
07-29 16:39:51.879 D/DownloadService(15155): publishProgress entered progress:64
07-29 16:39:51.879 D/DownloadService(15155): publishProgress entered progress:80
07-29 16:39:51.879 D/DownloadService(15155): publishProgress entered progress:32
07-29 16:39:51.879 D/DownloadService(15155): publishProgress entered progress:58
07-29 16:39:51.889 D/LBService(15155): remove o=com.excelliance.kxqp.e$1, busyCount=10
07-29 16:39:51.889 D/DownloadService(15155): publishProgress entered progress:59
07-29 16:39:51.889 D/DownloadService(15155): publishProgress entered progress:33
07-29 16:39:51.889 D/LBService(15155): remove o=com.excelliance.kxqp.e$1, busyCount=9
07-29 16:39:51.889 D/DownloadService(15155): publishProgress entered progress:81
07-29 16:39:51.889 D/DownloadService(15155): publishProgress entered progress:91
07-29 16:39:51.889 D/DownloadService(15155): publishProgress entered progress:34
07-29 16:39:51.889 D/DownloadService(15155): publishProgress entered progress:60
07-29 16:39:51.889 D/LBService(15155): remove o=com.excelliance.kxqp.e$1, busyCount=8
07-29 16:39:51.889 D/DownloadService(15155): publishProgress entered progress:82
07-29 16:39:51.889 D/DownloadService(15155): publishProgress entered progress:35
07-29 16:39:51.889 D/DownloadService(15155): publishProgress entered progress:61
07-29 16:39:51.889 D/DownloadService(15155): publishProgress entered progress:83
07-29 16:39:51.889 D/DownloadService(15155): publishProgress entered progress:36
07-29 16:39:51.889 D/DownloadService(15155): publishProgress entered progress:62
07-29 16:39:51.889 D/DownloadService(15155): publishProgress entered progress:100
07-29 16:39:51.889 D/DownloadService(15155): publishProgress entered progress:63
07-29 16:39:51.889 D/DownloadService(15155): publishProgress entered progress:37
07-29 16:39:51.889 V/GameUtil(15155): saveVersionToFileByKey  xml_key :hi6250_launch  result:1
07-29 16:39:51.889 D/DownloadService(15155): publishProgress entered progress:84
07-29 16:39:51.889 D/DownloadService(15155): publishProgress entered progress:64
07-29 16:39:51.889 D/DownloadService(15155): publishProgress entered progress:65
07-29 16:39:51.889 D/DownloadService(15155): publishProgress entered progress:85
07-29 16:39:51.889 V/GameUtil(15155): saveVersionToFileByKey  xml_key :gdtnew  result:28
07-29 16:39:51.899 D/DownloadService(15155): publishProgress entered progress:65
07-29 16:39:51.899 D/DownloadService(15155): publishProgress entered progress:66
07-29 16:39:51.899 D/DownloadService(15155): publishProgress entered progress:86
07-29 16:39:51.899 D/DownloadService(15155): publishProgress entered progress:67
07-29 16:39:51.899 D/DownloadService(15155): publishProgress entered progress:66
07-29 16:39:51.899 D/DownloadService(15155): publishProgress entered progress:67
07-29 16:39:51.899 D/DownloadService(15155): publishProgress entered progress:68
07-29 16:39:51.899 D/DownloadService(15155): publishProgress entered progress:87
07-29 16:39:51.899 D/LBService(15155): remove o=com.excelliance.kxqp.e$1, busyCount=7
07-29 16:39:51.909 D/DownloadService(15155): publishProgress entered progress:69
07-29 16:39:51.909 D/DownloadService(15155): publishProgress entered progress:68
07-29 16:39:51.909 D/DownloadService(15155): publishProgress entered progress:88
07-29 16:39:51.909 V/DownloadService(15155): unzipDir:it
07-29 16:39:51.909 D/DownloadService(15155): publishProgress entered progress:70
07-29 16:39:51.909 D/DownloadService(15155): publishProgress entered progress:69
07-29 16:39:51.909 D/DownloadService(15155): publishProgress entered progress:89
07-29 16:39:51.909 D/DownloadService(15155): publishProgress entered progress:71
07-29 16:39:51.909 D/DownloadService(15155): publishProgress entered progress:90
07-29 16:39:51.909 D/DownloadService(15155): publishProgress entered progress:73
07-29 16:39:51.909 D/DownloadService(15155): publishProgress entered progress:38
07-29 16:39:51.909 D/DownloadService(15155): publishProgress entered progress:91
07-29 16:39:51.909 D/DownloadService(15155): publishProgress entered progress:74
07-29 16:39:51.909 D/DownloadService(15155): publishProgress entered progress:39
07-29 16:39:51.919 D/DownloadService(15155): publishProgress entered progress:75
07-29 16:39:51.919 D/DownloadService(15155): publishProgress entered progress:92
07-29 16:39:51.919 D/DownloadService(15155): publishProgress entered progress:40
07-29 16:39:51.919 D/DownloadService(15155): publishProgress entered progress:70
07-29 16:39:51.919 D/DownloadService(15155): publishProgress entered progress:76
07-29 16:39:51.919 D/DownloadService(15155): publishProgress entered progress:71
07-29 16:39:51.919 D/DownloadService(15155): publishProgress entered progress:93
07-29 16:39:51.919 D/LBService(15155): remove o=com.excelliance.kxqp.e$1, busyCount=6
07-29 16:39:51.919 D/DownloadService(15155): publishProgress entered progress:41
07-29 16:39:51.919 D/DownloadService(15155): publishProgress entered progress:72
07-29 16:39:51.919 D/DownloadService(15155): publishProgress entered progress:77
07-29 16:39:51.919 D/DownloadService(15155): publishProgress entered progress:42
07-29 16:39:51.919 D/DownloadService(15155): publishProgress entered progress:94
07-29 16:39:51.929 D/DownloadService(15155): publishProgress entered progress:78
07-29 16:39:51.929 D/DownloadService(15155): publishProgress entered progress:95
07-29 16:39:51.929 D/DownloadService(15155): publishProgress entered progress:73
07-29 16:39:51.929 D/DownloadService(15155): publishProgress entered progress:74
07-29 16:39:51.929 D/VersionManager(15155): result:_{"alipay":{"status":1,"flag":"1"},"special":{"status":1,"flag":0}}
07-29 16:39:51.929 D/DownloadService(15155): publishProgress entered progress:79
07-29 16:39:51.929 I/appium  ( 9879): AppiumResponse: {"sessionId":"dfbf3083-c5d8-4fdf-9522-7a886ccdaa53","status":0,"value":"<?xml version=\"1.0\" encoding=\"UTF-8\"?><hierarchy rotation=\"0\"><android.widget.FrameLayout index=\"0\" text=\"\" class=\"android.widget.FrameLayout\" package=\"com.excelliance.dualaid\" content-desc=\"\" checkable=\"false\" checked=\"false\" clickable=\"false\" enabled=\"true\" focusable=\"false\" focused=\"false\" scrollable=\"false\" long-clickable=\"false\" password=\"false\" selected=\"false\" bounds=\"[0,0][1080,1800]\" resource-id=\"\" instance=\"0\"><android.widget.LinearLayout index=\"0\" text=\"\" class=\"android.widget.LinearLayout\" package=\"com.excelliance.dualaid\" content-desc=\"\" checkable=\"false\" checked=\"false\" clickable=\"false\" enabled=\"true\" focusable=\"false\" focused=\"false\" scrollable=\"false\" long-clickable=\"false\" password=\"false\" selected=\"false\" bounds=\"[0,0][1080,1800]\" resource-id=\"\" instance=\"0\"><android.widget.FrameLayout index=\"0\" text=\"\" class=\"android.widget.FrameLayout\" package=\"com.excelliance.dualaid\" content-desc=\"\" checkable=\"false\" checked=\"false\" clickable=\"false\" enabled=\"true\" focusable=\"false\" focused=\"false\" scrollable=\"false\" long-clickable=\"false\" password=\"false\" selected=\"false\" bounds=\"[0,0][1080,1800]\" resource-id=\"android:id\/content\" instance=\"1\"><android.widget.FrameLayout index=\"0\" text=\"\" class=\"android.widget.FrameLayout\" package=\"com.excelliance.dualaid\" content-desc=\"\" checkable=\"false\" checked=\"false\" clickable=\"false\" enabled=\"true\" focusable=\"false\" focused=\"false\" scrollable=\"false\" long-clickable=\"false\" password=\"false\" selected=\"false\" bounds=\"[0,0][1080,1800]\" resource-id=\"com.excelliance.dualaid:id\/mainactivity\" instance=\"2\"><android.widget.FrameLayout index=\"0\" text=\"\" class=\"android.widget.FrameLayout\" package=\"com.excelliance.dualaid\" content-desc=\"\" checkable=\"false\" checked=\"false\" clickable=\"false\" enabled=\"true\" focusable=\"false\" focused=\"false\" scrollable=\"false\" long-clickable=\"false\" password=\"false\" selected=\"false\" bounds=\"[0,0][1080,1800]\" resource-id=\"\" instance=\"3\"><android.widget.RelativeLayout index=\"0\" text=\"\" class=\"android.widget.RelativeLayout\" package=\"com.excelliance.dualaid\" content-desc=\"\" checkable=\"false\" checked=\"false\" clickable=\"true\" enabled=\"true\" focusable=\"false\" focused=\"false\" scrollable=\"false\" long-clickable=\"false\" password=\"false\" selected=\"false\" bounds=\"[0,0][1080,1800]\" resource-id=\"com.excelliance.dualaid:id\/full_layout\" instance=\"0\"><android.widget.FrameLayout index=\"1\" text=\"\" class=\"android.widget.FrameLayout\" package=\"com.excelliance.dualaid\" content-desc=\"\" checkable=\"false\" checked=\"false\" clickable=\"true\" enabled=\"true\" focusable=\"false\" focused=\"false\" scrollable=\"false\" long-clickable=\"false\" password=\"false\" selected=\"false\" bounds=\"[0,75][1080,1800]\" resource-id=\"com.excelliance.dualaid:id\/rl_guide\" instance=\"4\"><android.widget.RelativeLayout index=\"0\" text=\"\" class=\"android.widget.RelativeLayout\" package=\"com.excelliance.dualaid\" content-desc=\"\" checkable=\"false\" checked=\"false\" clickable=\"false\" enabled=\"true\" focusable=\"false\" focused=\"false\" scrollable=\"false\" long-clickable=\"false\" password=\"false\" selected=\"false\" bounds=\"[0,75][1080,1800]\" resource-id=\"com.excelliance.dualaid:id\/rl_content\" instance=\"1\"><android.widget.TextView index=\"0\" text=\"点击这里开始添加哦\" class=\"android.widget.TextView\" package=\"com.excelliance.dualaid\" content-desc=\"\" checkable=\"false\" checked=\"false\" clickable=\"false\" enabled=\"true\" focusable=\"false\" focused=\"false\" scrollable=\"false\" long-clickable=\"false\" password=\"false\" selected=\"false\" bounds=\"[567,1317][1080,1500]\" resource-id=\"com.excelliance.dualaid:id\/tv_bt_add\" instance=\"0\"\/><\/android.widget.RelativeLayout><android.widget.FrameLayout index=\"1\" text=
07-29 16:39:51.929 D/DownloadService(15155): publishProgress entered progress:43
07-29 16:39:51.929 D/DownloadService(15155): publishProgress entered progress:75
07-29 16:39:51.929 D/DownloadService(15155): publishProgress entered progress:80
07-29 16:39:51.929 D/DownloadService(15155): publishProgress entered progress:76
07-29 16:39:51.929 D/DownloadService(15155): publishProgress entered progress:44
07-29 16:39:51.929 V/GameUtil(15155): saveVersionToFileByKey  xml_key :it  result:2
07-29 16:39:51.929 D/DownloadService(15155): publishProgress entered progress:81
07-29 16:39:51.929 D/DownloadService(15155): publishProgress entered progress:77
07-29 16:39:51.929 D/DownloadService(15155): publishProgress entered progress:82
07-29 16:39:51.929 D/DownloadService(15155): publishProgress entered progress:78
07-29 16:39:51.929 D/DownloadService(15155): publishProgress entered progress:83
07-29 16:39:51.929 D/DownloadService(15155): publishProgress entered progress:79
07-29 16:39:51.939 D/DownloadService(15155): publishProgress entered progress:80
07-29 16:39:51.939 D/DownloadService(15155): publishProgress entered progress:96
07-29 16:39:51.939 D/DownloadService(15155): publishProgress entered progress:84
07-29 16:39:51.939 D/DownloadService(15155): publishProgress entered progress:45
07-29 16:39:51.939 D/DownloadService(15155): publishProgress entered progress:85
07-29 16:39:51.939 D/DownloadService(15155): publishProgress entered progress:46
07-29 16:39:51.939 D/DownloadService(15155): publishProgress entered progress:97
07-29 16:39:51.939 D/DownloadService(15155): publishProgress entered progress:86
07-29 16:39:51.939 D/DownloadService(15155): publishProgress entered progress:81
07-29 16:39:51.939 D/DownloadService(15155): publishProgress entered progress:87
07-29 16:39:51.939 D/DownloadService(15155): publishProgress entered progress:82
07-29 16:39:51.939 D/DownloadService(15155): publishProgress entered progress:88
07-29 16:39:51.939 D/DownloadService(15155): publishProgress entered progress:98
07-29 16:39:51.939 D/DownloadService(15155): publishProgress entered progress:47
07-29 16:39:51.939 D/DownloadService(15155): publishProgress entered progress:83
07-29 16:39:51.939 D/DownloadService(15155): publishProgress entered progress:89
07-29 16:39:51.939 D/DownloadService(15155): publishProgress entered progress:84
07-29 16:39:51.939 D/DownloadService(15155): publishProgress entered progress:85
07-29 16:39:51.939 D/DownloadService(15155): publishProgress entered progress:90
07-29 16:39:51.939 D/DownloadService(15155): publishProgress entered progress:99
07-29 16:39:51.939 D/LBService(15155): remove o=com.excelliance.kxqp.e$1, busyCount=5
07-29 16:39:51.939 D/DownloadService(15155): publishProgress entered progress:91
07-29 16:39:51.939 D/DownloadService(15155): publishProgress entered progress:86
07-29 16:39:51.939 D/DownloadService(15155): publishProgress entered progress:48
07-29 16:39:51.939 D/DownloadService(15155): publishProgress entered progress:93
07-29 16:39:51.939 D/DownloadService(15155): publishProgress entered progress:100
07-29 16:39:51.949 D/DownloadService(15155): publishProgress entered progress:87
07-29 16:39:51.949 D/DownloadService(15155): publishProgress entered progress:94
07-29 16:39:51.949 D/VersionManager(15155): status:1  flag:1
07-29 16:39:51.949 D/DownloadService(15155): publishProgress entered progress:49
07-29 16:39:51.949 D/DownloadService(15155): publishProgress entered progress:95
07-29 16:39:51.949 D/DownloadService(15155): publishProgress entered progress:88
07-29 16:39:51.949 D/DownloadService(15155): publishProgress entered progress:50
07-29 16:39:51.949 D/DownloadService(15155): publishProgress entered progress:96
07-29 16:39:51.949 D/DownloadService(15155): publishProgress entered progress:89
07-29 16:39:51.949 D/DownloadService(15155): publishProgress entered progress:97
07-29 16:39:51.949 D/DownloadService(15155): publishProgress entered progress:90
07-29 16:39:51.959 D/DownloadService(15155): publishProgress entered progress:51
07-29 16:39:51.959 D/DownloadService(15155): publishProgress entered progress:91
07-29 16:39:51.959 D/DownloadService(15155): publishProgress entered progress:98
07-29 16:39:51.959 D/DownloadService(15155): publishProgress entered progress:92
07-29 16:39:51.959 D/DownloadService(15155): publishProgress entered progress:99
07-29 16:39:51.959 D/DownloadService(15155): publishProgress entered progress:100
07-29 16:39:51.959 D/DownloadService(15155): publishProgress entered progress:52
07-29 16:39:51.959 D/DownloadService(15155): publishProgress entered progress:93
07-29 16:39:51.959 V/DownloadService(15155): unzipDir:clib
07-29 16:39:51.959 D/DownloadService(15155): publishProgress entered progress:94
07-29 16:39:51.969 D/DownloadService(15155): publishProgress entered progress:95
07-29 16:39:51.969 I/appium  ( 9879): channel read invoked!
07-29 16:39:51.969 I/appium  ( 9879): channel read: GET /wd/hub/session/dfbf3083-c5d8-4fdf-9522-7a886ccdaa53/source
07-29 16:39:51.969 D/DownloadService(15155): publishProgress entered progress:96
07-29 16:39:51.969 D/DownloadService(15155): publishProgress entered progress:97
07-29 16:39:51.969 D/DownloadService(15155): publishProgress entered progress:98
07-29 16:39:51.969 D/DownloadService(15155): publishProgress entered progress:53
07-29 16:39:51.969 D/DownloadService(15155): publishProgress entered progress:99
07-29 16:39:51.969 D/        (  343): charger_monitor log_has_update will be set false
07-29 16:39:51.969 D/DownloadService(15155): publishProgress entered progress:54
07-29 16:39:51.969 D/DownloadService(15155): publishProgress entered progress:100
07-29 16:39:51.969 D/VersionManager(15155): special status = 1
07-29 16:39:51.969 D/VersionManager(15155): special flag = 0
07-29 16:39:51.969 D/VersionManager(15155): flag = 0
07-29 16:39:51.969 D/DownloadService(15155): publishProgress entered progress:55
07-29 16:39:51.969 V/DownloadService(15155): unzipDir:oppo_r7_notification
07-29 16:39:51.969 D/DownloadService(15155): publishProgress entered progress:56
07-29 16:39:51.979 D/DownloadService(15155): publishProgress entered progress:57
07-29 16:39:51.989 V/DownloadService(15155): unzipDir:yc
07-29 16:39:51.989 V/GameUtil(15155): saveVersionToFileByKey  xml_key :oppo_r7_notification  result:1
07-29 16:39:51.989 D/DownloadService(15155): publishProgress entered progress:58
07-29 16:39:51.989 D/DownloadService(15155): publishProgress entered progress:59
07-29 16:39:51.989 D/DownloadService(15155): publishProgress entered progress:60
07-29 16:39:51.999 D/DownloadService(15155): publishProgress entered progress:61
07-29 16:39:51.999 D/DownloadService(15155): publishProgress entered progress:62
07-29 16:39:52.009 D/DownloadService(15155): publishProgress entered progress:63
07-29 16:39:52.009 D/LBService(15155): remove o=com.excelliance.kxqp.e$1, busyCount=4
07-29 16:39:52.009 D/DownloadService(15155): publishProgress entered progress:64
07-29 16:39:52.009 V/GameUtil(15155): saveVersionToFileByKey  xml_key :clib  result:1
07-29 16:39:52.009 D/DownloadService(15155): publishProgress entered progress:65
07-29 16:39:52.009 D/DownloadService(15155): publishProgress entered progress:66
07-29 16:39:52.009 D/DownloadService(15155): publishProgress entered progress:67
07-29 16:39:52.009 D/DownloadService(15155): publishProgress entered progress:68
07-29 16:39:52.019 D/DownloadService(15155): publishProgress entered progress:69
07-29 16:39:52.019 D/DownloadService(15155): publishProgress entered progress:70
07-29 16:39:52.019 D/DownloadService(15155): publishProgress entered progress:71
07-29 16:39:52.019 D/DownloadService(15155): publishProgress entered progress:72
07-29 16:39:52.019 D/DownloadService(15155): publishProgress entered progress:73
07-29 16:39:52.019 V/GameUtil(15155): saveVersionToFileByKey  xml_key :yc  result:3
07-29 16:39:52.019 D/DownloadService(15155): publishProgress entered progress:74
07-29 16:39:52.019 D/DownloadService(15155): publishProgress entered progress:75
07-29 16:39:52.019 D/DownloadService(15155): publishProgress entered progress:76
07-29 16:39:52.029 D/DownloadService(15155): publishProgress entered progress:77
07-29 16:39:52.029 D/DownloadService(15155): publishProgress entered progress:78
07-29 16:39:52.029 D/DownloadService(15155): publishProgress entered progress:79
07-29 16:39:52.029 D/DownloadService(15155): publishProgress entered progress:80
07-29 16:39:52.029 D/DownloadService(15155): publishProgress entered progress:81
07-29 16:39:52.039 D/DownloadService(15155): publishProgress entered progress:82
07-29 16:39:52.039 D/DownloadService(15155): publishProgress entered progress:83
07-29 16:39:52.039 D/DownloadService(15155): publishProgress entered progress:84
07-29 16:39:52.039 D/DownloadService(15155): publishProgress entered progress:85
07-29 16:39:52.039 D/DownloadService(15155): publishProgress entered progress:86
07-29 16:39:52.039 D/LBService(15155): remove o=com.excelliance.kxqp.e$1, busyCount=3
07-29 16:39:52.039 D/DownloadService(15155): publishProgress entered progress:87
07-29 16:39:52.039 D/LBService(15155): remove o=com.excelliance.kxqp.e$1, busyCount=2
07-29 16:39:52.049 D/VersionManager(15155): chid=10022subchid=1
07-29 16:39:52.049 V/InitialData(15155): capitalize:Umengtj
07-29 16:39:52.049 V/GameUtil(15155): getCurrentVersionByKey : umengtj	current_umengtj_version	UmengtjVersion
07-29 16:39:52.049 V/GameUtil(15155): saveVersionToFileByKey  xml_key :umengtj  result:1
07-29 16:39:52.049 D/DownloadService(15155): publishProgress entered progress:88
07-29 16:39:52.049 D/DownloadService(15155): publishProgress entered progress:89
07-29 16:39:52.049 D/DownloadService(15155): publishProgress entered progress:90
07-29 16:39:52.049 D/DownloadService(15155): publishProgress entered progress:91
07-29 16:39:52.049 D/DownloadService(15155): publishProgress entered progress:92
07-29 16:39:52.049 D/DownloadService(15155): publishProgress entered progress:93
07-29 16:39:52.049 D/DownloadService(15155): publishProgress entered progress:94
07-29 16:39:52.059 D/DownloadService(15155): publishProgress entered progress:95
07-29 16:39:52.059 D/DownloadService(15155): publishProgress entered progress:96
07-29 16:39:52.059 D/DownloadService(15155): publishProgress entered progress:97
07-29 16:39:52.059 D/DownloadService(15155): publishProgress entered progress:98
07-29 16:39:52.059 D/DownloadService(15155): publishProgress entered progress:99
07-29 16:39:52.059 D/DownloadService(15155): publishProgress entered progress:100
07-29 16:39:52.069 V/GameUtil(15155): getCurrentVersionByKey  umengtj:1
07-29 16:39:52.069 V/VersionManager(15155): verJson source:{"umengtj":"1"}
07-29 16:39:52.069 V/VersionManager(15155): verJson encode:{"umengtj":"1"}
07-29 16:39:52.069 V/VersionManager(15155): ver :eyJ1bWVuZ3RqIjoiMSJ9%0A
07-29 16:39:52.069 D/VersionManager(15155): thirdServerUrl:_http://mto.multiopen.cn/sdkswitchinfo.php?sdkver=2009&vc=472&vn=4.1.2&compver=55302&mainver=231800&chid=10022&subchid=1&uid=10338333&ver=eyJ1bWVuZ3RqIjoiMSJ9%0A&issl=0
07-29 16:39:52.069 D/VersionManager(15155): httpsRequest getURL = http://mto.multiopen.cn/sdkswitchinfo.php?sdkver=2009&vc=472&vn=4.1.2&compver=55302&mainver=231800&chid=10022&subchid=1&uid=10338333&ver=eyJ1bWVuZ3RqIjoiMSJ9%0A&issl=0
07-29 16:39:52.069 V/DownloadService(15155): unzipDir:yz
07-29 16:39:52.089 D/VersionManager(15155): thridResult:_{"umengtj":{"status":1,"switch":0}}
07-29 16:39:52.089 D/VersionManager(15155): thridResult:_{"umengtj":{"status":1,"switch":0}}
07-29 16:39:52.099 V/GameUtil(15155): saveVersionToFileByKey  xml_key :yz  result:2
07-29 16:39:52.099 D/VersionManager(15155): queryUpdateThirdInfo downurl=, ver=0, size=0, md5=, umengtj_switch=0
07-29 16:39:52.099 D/VersionManager(15155): thirdJarInfo:_0
07-29 16:39:52.099 D/DownloadComponentService(15155): thirdUpdateInfos:0
07-29 16:39:52.099 D/DownloadComponentService(15155): pendingMap.size=0, downloadMap.size = 0
07-29 16:39:52.099 D/DownloadComponentService(15155): cancelAlarm
07-29 16:39:52.099 D/LBService(15155): remove o=com.excelliance.kxqp.d$2, busyCount=1
07-29 16:39:52.109 D/LBService(15155): remove o=com.excelliance.kxqp.e$1, busyCount=0
07-29 16:39:52.299 W/ProcessCpuTracker( 4274): Skipping unknown process pid 15470
07-29 16:39:52.479 I/appium  ( 9879): Skipping invisible child: android.view.accessibility.AccessibilityNodeInfo@8000cab0; boundsInParent: Rect(0, 0 - 1080, 75); boundsInScreen: Rect(0, 0 - 1080, 75); packageName: com.excelliance.dualaid; className: android.view.View; text: null; error: null; maxTextLength: -1; contentDescription: null; viewIdResName: com.excelliance.dualaid:id/custom_status_bar; checkable: false; checked: false; focusable: false; focused: false; selected: false; clickable: false; longClickable: false; enabled: true; password: false; scrollable: false; actions: [AccessibilityAction: ACTION_SELECT - null, AccessibilityAction: ACTION_CLEAR_SELECTION - null, AccessibilityAction: ACTION_ACCESSIBILITY_FOCUS - null]
07-29 16:39:52.509 I/appium  ( 9879): Skipping invisible child: android.view.accessibility.AccessibilityNodeInfo@80011985; boundsInParent: Rect(0, 0 - 1080, 0); boundsInScreen: Rect(0, 1369 - 1080, 1369); packageName: com.excelliance.dualaid; className: android.widget.LinearLayout; text: null; error: null; maxTextLength: -1; contentDescription: null; viewIdResName: com.excelliance.dualaid:id/layout_container; checkable: false; checked: false; focusable: false; focused: false; selected: false; clickable: false; longClickable: false; enabled: true; password: false; scrollable: false; actions: [AccessibilityAction: ACTION_SELECT - null, AccessibilityAction: ACTION_CLEAR_SELECTION - null, AccessibilityAction: ACTION_ACCESSIBILITY_FOCUS - null]
07-29 16:39:52.509 I/appium  ( 9879): Skipping invisible child: android.view.accessibility.AccessibilityNodeInfo@800106c0; boundsInParent: Rect(0, 0 - 1080, 0); boundsInScreen: Rect(0, 1369 - 1080, 1369); packageName: com.excelliance.dualaid; className: android.widget.FrameLayout; text: null; error: null; maxTextLength: -1; contentDescription: null; viewIdResName: com.excelliance.dualaid:id/fl_off_standard_position; checkable: false; checked: false; focusable: false; focused: false; selected: false; clickable: false; longClickable: false; enabled: true; password: false; scrollable: false; actions: [AccessibilityAction: ACTION_SELECT - null, AccessibilityAction: ACTION_CLEAR_SELECTION - null, AccessibilityAction: ACTION_ACCESSIBILITY_FOCUS - null]
07-29 16:39:52.509 I/appium  ( 9879): Skipping invisible child: android.view.accessibility.AccessibilityNodeInfo@8000f7bc; boundsInParent: Rect(0, 0 - 1080, 0); boundsInScreen: Rect(0, 1800 - 1080, 1800); packageName: com.excelliance.dualaid; className: android.widget.FrameLayout; text: null; error: null; maxTextLength: -1; contentDescription: null; viewIdResName: com.excelliance.dualaid:id/fl_stream_new; checkable: false; checked: false; focusable: false; focused: false; selected: false; clickable: false; longClickable: false; enabled: true; password: false; scrollable: false; actions: [AccessibilityAction: ACTION_SELECT - null, AccessibilityAction: ACTION_CLEAR_SELECTION - null, AccessibilityAction: ACTION_ACCESSIBILITY_FOCUS - null]
07-29 16:39:52.509 I/appium  ( 9879): Skipping invisible child: android.view.accessibility.AccessibilityNodeInfo@8000d232; boundsInParent: Rect(0, 0 - 1080, 0); boundsInScreen: Rect(0, 243 - 1080, 243); packageName: com.excelliance.dualaid; className: android.view.View; text: null; error: null; maxTextLength: -1; contentDescription: null; viewIdResName: com.excelliance.dualaid:id/view_bottom; checkable: false; checked: false; focusable: false; focused: false; selected: false; clickable: false; longClickable: false; enabled: true; password: false; scrollable: false; actions: [AccessibilityAction: ACTION_SELECT - null, AccessibilityAction: ACTION_CLEAR_SELECTION - null, AccessibilityAction: ACTION_ACCESSIBILITY_FOCUS - null]
07-29 16:39:52.509 I/appium  ( 9879): Fetch time: 34ms
