06-24 17:40:48.967 W/ResourceType( 2519): No known package when getting name for resource number 0x9c030103
06-24 17:40:48.969 W/ResourceType( 2519): No known package when getting name for resource number 0x9c030203
06-24 17:40:48.970 W/ResourceType( 2519): No known package when getting name for resource number 0x9c030303
06-24 17:40:48.971 W/ResourceType( 2519): No known package when getting name for resource number 0x9c030004
06-24 17:40:48.972 W/ResourceType( 2519): No known package when getting name for resource number 0x9c030104
06-24 17:40:48.974 W/ResourceType( 2519): No known package when getting name for resource number 0x9c030204
06-24 17:40:48.975 I/appium  (20880): Skipping invisible child: android.view.accessibility.AccessibilityNodeInfo@a0cf; boundsInParent: Rect(0, 0 - 1080, 1580); boundsInScreen: Rect(1080, 0 - 1080, 1532); packageName: com.huawei.android.launcher; className: android.view.ViewGroup; text: null; error: null; maxTextLength: -1; contentDescription: null; viewIdResName: com.huawei.android.launcher:id/workspace_screen; checkable: false; checked: false; focusable: false; focused: false; selected: false; clickable: true; longClickable: true; contextClickable: false; enabled: true; password: false; scrollable: false; importantForAccessibility: true; actions: [AccessibilityAction: ACTION_SELECT - null, AccessibilityAction: ACTION_CLEAR_SELECTION - null, AccessibilityAction: ACTION_CLICK - null, AccessibilityAction: ACTION_LONG_CLICK - null, AccessibilityAction: ACTION_ACCESSIBILITY_FOCUS - null, AccessibilityAction: ACTION_SHOW_ON_SCREEN - null]
06-24 17:40:48.976 W/ResourceType( 2519): No known package when getting name for resource number 0x9b000000
06-24 17:40:48.976 W/ResourceType( 2519): No known package when getting name for resource number 0x9b010100
06-24 17:40:48.976 W/ResourceType( 2519): No known package when getting name for resource number 0x9b020200
06-24 17:40:48.976 W/ResourceType( 2519): No known package when getting name for resource number 0x9b030300
06-24 17:40:48.977 W/ResourceType( 2519): No known package when getting name for resource number 0x9b040400
06-24 17:40:48.981 I/appium  (20880): Fetch time: 38ms
06-24 17:40:48.982 E/WifiHAL (  706): enter wifi_get_link_stats
06-24 17:40:48.991 E/wificond(  765): Failed to get NL80211_STA_INFO_CNAHLOAD
06-24 17:40:48.992 I/appium  (20880): AppiumResponse: {"sessionId":"24b7fc5a-f73c-4f1b-8e08-1f4cc608c6ba","status":0,"value":"<?xml version=\"1.0\" encoding=\"UTF-8\"?><hierarchy rotation=\"0\"><android.widget.FrameLayout index=\"0\" text=\"\" class=\"android.widget.FrameLayout\" package=\"com.huawei.android.launcher\" content-desc=\"\" checkable=\"false\" checked=\"false\" clickable=\"false\" enabled=\"true\" focusable=\"false\" focused=\"false\" scrollable=\"false\" long-clickable=\"false\" password=\"false\" selected=\"false\" bounds=\"[0,0][1080,1920]\" resource-id=\"\" instance=\"0\"><android.widget.LinearLayout index=\"0\" text=\"\" class=\"android.widget.LinearLayout\" package=\"com.huawei.android.launcher\" content-desc=\"\" checkable=\"false\" checked=\"false\" clickable=\"false\" enabled=\"true\" focusable=\"false\" focused=\"false\" scrollable=\"false\" long-clickable=\"false\" password=\"false\" selected=\"false\" bounds=\"[0,0][1080,1920]\" resource-id=\"\" instance=\"0\"><android.widget.FrameLayout index=\"0\" text=\"\" class=\"android.widget.FrameLayout\" package=\"com.huawei.android.launcher\" content-desc=\"\" checkable=\"false\" checked=\"false\" clickable=\"false\" enabled=\"true\" focusable=\"false\" focused=\"false\" scrollable=\"false\" long-clickable=\"false\" password=\"false\" selected=\"false\" bounds=\"[0,0][1080,1920]\" resource-id=\"android:id\/content\" instance=\"1\"><android.widget.FrameLayout index=\"0\" text=\"\" class=\"android.widget.FrameLayout\" package=\"com.huawei.android.launcher\" content-desc=\"\" checkable=\"false\" checked=\"false\" clickable=\"false\" enabled=\"true\" focusable=\"false\" focused=\"false\" scrollable=\"false\" long-clickable=\"false\" password=\"false\" selected=\"false\" bounds=\"[0,0][1080,1920]\" resource-id=\"com.huawei.android.launcher:id\/drag_layer\" instance=\"2\"><android.view.ViewGroup index=\"0\" text=\"\" class=\"android.view.ViewGroup\" package=\"com.huawei.android.launcher\" content-desc=\" 3  4 \" checkable=\"false\" checked=\"false\" clickable=\"false\" enabled=\"true\" focusable=\"false\" focused=\"false\" scrollable=\"true\" long-clickable=\"false\" password=\"false\" selected=\"false\" bounds=\"[0,0][1080,1920]\" resource-id=\"com.huawei.android.launcher:id\/workspace\" instance=\"0\"><android.view.ViewGroup index=\"2\" text=\"\" class=\"android.view.ViewGroup\" package=\"com.huawei.android.launcher\" content-desc=\"\" checkable=\"false\" checked=\"false\" clickable=\"true\" enabled=\"true\" focusable=\"false\" focused=\"false\" scrollable=\"false\" long-clickable=\"true\" password=\"false\" selected=\"false\" bounds=\"[0,0][1080,1532]\" resource-id=\"com.huawei.android.launcher:id\/workspace_screen\" instance=\"1\"><android.widget.FrameLayout index=\"0\" text=\"\" class=\"android.widget.FrameLayout\" package=\"com.huawei.android.launcher\" content-desc=\"\" checkable=\"false\" checked=\"false\" clickable=\"false\" enabled=\"true\" focusable=\"false\" focused=\"false\" scrollable=\"false\" long-clickable=\"false\" password=\"false\" selected=\"false\" bounds=\"[12,0][1068,1514]\" resource-id=\"\" instance=\"3\"\/><android.view.ViewGroup index=\"1\" text=\"\" class=\"android.view.ViewGroup\" package=\"com.huawei.android.launcher\" content-desc=\"\" checkable=\"false\" checked=\"false\" clickable=\"false\" enabled=\"true\" focusable=\"false\" focused=\"false\" scrollable=\"false\" long-clickable=\"false\" password=\"false\" selected=\"false\" bounds=\"[12,0][1068,1514]\" resource-id=\"\" instance=\"2\"><android.widget.TextView index=\"0\" text=\"iTest\" class=\"android.widget.TextView\" package=\"com.huawei.android.launcher\" content-desc=\"\" checkable=\"false\" checked=\"false\" clickable=\"true\" enabled=\"true\" focusable=\"true\" focused=\"false\" scrollable=\"false\" long-clickable=\"true\" password=\"false\" selected=\"false\" bounds=\"[12,84][276,370]\" resource-id=\"\" instance=\"0\"\/><android.widget.TextView index=\"1\" text=\"WhatsApp\" class=\"android.widget.TextView\" package=\"com.huawei.android.launcher\" content-
06-24 17:40:48.992 E/WificondControl(  657): Noise: -91, Snr: 0, Chload: -1
06-24 17:40:48.992 D/HwWifiCHRStateManager(  657): handleMessage : 1001
06-24 17:40:48.992 D/HwWifiCHRStateManager(  657): handleUpdateChannel:5805
06-24 17:40:48.993 V/HwWifiServiceFactory(  657): get AllImpl object = com.android.server.wifi.HwWifiServiceFactoryImpl@a390a53
06-24 17:40:48.993 D/WifiScoreReport(  657): Score = 100, wifiConnectivityManagerEnabled = false, lowScoreCount = 0
06-24 17:40:48.997 I/ActivityManager(  657): START u0 {act=android.intent.action.MAIN cat=[android.intent.category.LAUNCHER] flg=0x10000000 cmp=com.excelliance.dualaid/com.excelliance.kxqp.ui.HelloActivity} from uid 2000
06-24 17:40:48.998 I/ActivityManager(  657): ActivityRecord info: ActivityInfo{9fd080b com.excelliance.kxqp.ui.HelloActivity}
06-24 17:40:48.999 I/ash     ( 1699): front pkg : com.excelliance.dualaid launcher: false
06-24 17:40:48.999 I/ash     ( 1699): above launcher front pkgs: [com.excelliance.dualaid]
06-24 17:40:49.000 V/WindowManager(  657): addAppToken: AppWindowToken{17219e7 token=Token{631eba6 ActivityRecord{710101 u0 com.excelliance.dualaid/com.excelliance.kxqp.ui.HelloActivity t16086}}} controller={TaskWindowContainerController taskId=16086} at 2147483647
06-24 17:40:49.002 D/MotionDetectionManager( 2519): stopMotionAppsReco motionApps: 403
06-24 17:40:49.002 D/MotionDetectionManager( 2519): stopMotionAppsReco not recognition motionApps 403
06-24 17:40:49.002 W/HwLauncher( 2519): Launcher.MotionManager stopMotionAppsReco service flg 403 is unavailable
06-24 17:40:49.004 I/PGServer( 1699): android calls fast hibernateApps
06-24 17:40:49.004 I/AppFastHibernation( 1699): fast hibernate duration: 1500 reason: start activity
06-24 17:40:49.004 V/ActivityManager(  657): startProcess: name=com.excelliance.dualaid:olle app=null knownToBeDead=true thread=null pid=-1
06-24 17:40:49.004 I/Pged-IPgedBinderService(  769): ****action is 1, pid num is 6***
06-24 17:40:49.004 I/Pged-Freezer(  769): freezePids
06-24 17:40:49.004 I/Pged-Freezer(  769): Freeze process: 29457
06-24 17:40:49.005 D/PMS1000 (  657): package:com.excelliance.dualaid, input flags:0, output hwFlags:0
06-24 17:40:49.005 I/Pged-Freezer(  769): Freeze process: 29531
06-24 17:40:49.005 I/Pged-Freezer(  769): Freeze process: 31476
06-24 17:40:49.005 I/Pged-Freezer(  769): Freeze process: 20734
06-24 17:40:49.005 I/Pged-Freezer(  769): Freeze process: 20880
06-24 17:40:49.005 D/PMS1000 (  657): package:com.excelliance.dualaid, input flags:1, output hwFlags:0
06-24 17:40:49.005 D/PgedBinderAdapter( 1699): frz ok, pid: [29457, 29531, 31476, 20734, 20880]
06-24 17:40:49.012 I/        (21198): power log dlsym ok
06-24 17:40:49.014 I/zygote  (21198): Reinit property: dalvik.vm.checkjni= false
06-24 17:40:49.015 I/ActivityManager(  657): Start proc 21198:com.excelliance.dualaid:olle/u0a1425 for activity com.excelliance.dualaid/com.excelliance.kxqp.ui.HelloActivity
06-24 17:40:49.015 V/WindowManager(  657): No longer Stopped: AppWindowToken{17219e7 token=Token{631eba6 ActivityRecord{710101 u0 com.excelliance.dualaid/com.excelliance.kxqp.ui.HelloActivity t16086}}}
06-24 17:40:49.015 V/ActivityManager(  657): startProcess: name=com.excelliance.dualaid:olle app=ProcessRecord{1239994 21198:com.excelliance.dualaid:olle/u0a1425} knownToBeDead=true thread=null pid=21198
06-24 17:40:49.028 D/ActivityThread(21198): ActivityThread,attachApplication
06-24 17:40:49.028 D/ActivityManager(  657): ActivityManagerService,attachApplication,callingPid = 21198
06-24 17:40:49.031 V/WindowManager(  657): No longer Stopped: AppWindowToken{17219e7 token=Token{631eba6 ActivityRecord{710101 u0 com.excelliance.dualaid/com.excelliance.kxqp.ui.HelloActivity t16086}}}
06-24 17:40:49.039 V/WindowManager(  657): findFocusedWindow: AppWindowToken{d3a938b token=Token{377755a ActivityRecord{d5c9105 u0 com.huawei.android.launcher/.unihome.UniHomeLauncher t15658}}} below Reached focused app=AppWindowToken{17219e7 token=Token{631eba6 ActivityRecord{710101 u0 com.excelliance.dualaid/com.excelliance.kxqp.ui.HelloActivity t16086}}}
06-24 17:40:49.039 D/ScenarioService( 1699): front pkg : com.excelliance.dualaid launcher: false
06-24 17:40:49.039 D/ScenarioService( 1699): new above launcher front pkgs: [com.excelliance.dualaid]
06-24 17:40:49.039 I/AppsUsage( 1699): scnOff:false FgAPP:com.excelliance.dualaid BgAPP:com.huawei.android.launcher
06-24 17:40:49.041 V/WindowManager(  657): Checking 1 opening apps (frozen=false timeout=false)...
06-24 17:40:49.041 V/WindowManager(  657): Check opening app=AppWindowToken{17219e7 token=Token{631eba6 ActivityRecord{710101 u0 com.excelliance.dualaid/com.excelliance.kxqp.ui.HelloActivity t16086}}}: allDrawn=false startingDisplayed=false startingMoved=false isRelaunching()=false
06-24 17:40:49.041 D/EmcomManagerService(  657): forePackage name is com.excelliance.dualaid
06-24 17:40:49.042 D/HicomPolicyManager(  657): foreAppInfo = nullpkgName = com.excelliance.dualaid uid= 11425
06-24 17:40:49.042 E/HicomPolicyManager(  657): udp acc is not start yet!
06-24 17:40:49.042 D/HicomPolicyManager(  657): speed control is not start
06-24 17:40:49.042 E/HicomPolicyManager(  657): Network Evaluation is not start yet!
06-24 17:40:49.042 E/HicomPolicyManager(  657): foreground app info is null
06-24 17:40:49.043 D/HwQoEUtils(  657): mForegroundAppPackageName: com.excelliance.dualaid:olle ,score: 0
06-24 17:40:49.043 D/HwQoEUtils(  657): APP type: -1 appName= com.excelliance.dualaid:olle
06-24 17:40:49.043 D/HwQoEUtils(  657): RealAppName:com.excelliance.dualaid
06-24 17:40:49.043 D/HwQoEUtils(  657): no game, APP_TYPE_GAME, appName =com.excelliance.dualaid:olle
06-24 17:40:49.043 D/HwGameAssistantController(  657): pid=21198, uid=11425, foreground=true
06-24 17:40:49.045 W//system/bin/hwservicemanager(  416): Cannot open /odm/manifest.xml
06-24 17:40:49.046 D/[HwRecSys]HwRecSysService( 2647): onEvent actionID: 10000 msg:com.excelliance.dualaid		
06-24 17:40:49.046 E/[HwRecSys]HwRecSysService( 2647): getIsRportDirectService is false!
06-24 17:40:49.046 I/HwNetworkPolicy(  657): onTransact, code = 203
06-24 17:40:49.046 I/HwNetworkPolicyManager( 1813): getHwUidPolicy uid = 11425 policy = 0
06-24 17:40:49.046 I/PGServer( 1699): report state:10010 event type:2 pid:0 uid:0 pkg:com.huawei.android.launcher to pid: 657
06-24 17:40:49.046 I/PGServer( 1699): report state:10010 event type:2 pid:0 uid:0 pkg:com.huawei.android.launcher to pid: 1699
06-24 17:40:49.046 I/SceneReceiver( 1699): state type: 10010 eventType:2 pid:0 uid:0 pkg:com.huawei.android.launcher
06-24 17:40:49.046 I/PGServer( 1699): report state:10000 event type:1 pid:0 uid:0 pkg:com.excelliance.dualaid to pid: 657
06-24 17:40:49.046 I/PGServer( 1699): report state:10000 event type:1 pid:0 uid:0 pkg:com.excelliance.dualaid to pid: 1699
06-24 17:40:49.046 I/SceneReceiver( 1699): state type: 10000 eventType:1 pid:0 uid:0 pkg:com.excelliance.dualaid
06-24 17:40:49.047 D/HwThermalStateManager( 1699): current foreapp pkg : com.excelliance.dualaid
06-24 17:40:49.047 I/PGServer( 1699): checkPkgType. calling pkg: android
06-24 17:40:49.049 W/libc    ( 1699): Set property "sys.aps.gameProcessName" to ""
06-24 17:40:49.049 W/AwareLog(  657): SchedLevelBoost: onFgActivitiesChanged config not set!
06-24 17:40:49.049 I/PGServer( 1699): checkPkgType. calling pkg: android
06-24 17:40:49.052 W/libc    ( 1699): Set property "sys.aps.browserProcessName" to ""
06-24 17:40:49.062 D/HwFLClassLoader(21198): get used feature list :/feature/used-list failed!
06-24 17:40:49.062 D/HwFLClassLoader(21198): USE_FEATURE_LIST had not init! 
06-24 17:40:49.069 W//system/bin/hwservicemanager(  416): Cannot open /odm/manifest.xml
06-24 17:40:49.071 I/GRALLOC (  679): 	 shrFd=10,fmt=0x1,intFmt=0x1,btStrd=256,size=4096,pid=679 
06-24 17:40:49.071 I/GRALLOC (  679): 	 yuv=2,w=16,h=16,Stride u=0 v=0,offset u=0 v=0 
06-24 17:40:49.071 I/GRALLOC (  679): 	 iova_size=4096,conUsg=0x100,proUsg=0x100,	 strd=64,[afbc]HdrStrd=0 PyldStrd=0 Scrmbl=0,ionhnd = 1 
06-24 17:40:49.084 E/MemoryLeakMonitorManager(21198): MemoryLeakMonitor.jar is not exist!
06-24 17:40:49.085 D/KXQPApplication(21198): run: initUserManager
06-24 17:40:49.085 D/CrashHandler(21198): CrashHandler
06-24 17:40:49.086 E/Minikin (21198): Could not get cmap table size!
06-24 17:40:49.086 D/PMS11425(  657): package:com.excelliance.dualaid, input flags:128, output hwFlags:0
06-24 17:40:49.095 I/HwCust  (21198): Constructor found for class android.app.HwCustActivityImpl
06-24 17:40:49.095 D/HwCust  (21198): Create obj success use class android.app.HwCustActivityImpl
06-24 17:40:49.097 V/HwPolicyFactory(21198): : success to get AllImpl object and return....
06-24 17:40:49.099 I/HwCust  (21198): Constructor found for class android.app.HwCustHwWallpaperManagerImpl
06-24 17:40:49.099 D/HwCust  (21198): Create obj success use class android.app.HwCustHwWallpaperManagerImpl
06-24 17:40:49.100 D/PMS11425(  657): package:com.excelliance.dualaid, input flags:0, output hwFlags:0
06-24 17:40:49.101 V/HwWidgetFactory(21198): : successes to get AllImpl object and return....
06-24 17:40:49.102 V/ActivityThread(21198): ActivityThread,callActivityOnCreate
06-24 17:40:49.103 D/HelloActivity(21198): Memory:25139M
06-24 17:40:49.103 D/HelloActivity(21198): onCreate: true
06-24 17:40:49.105 D/HelloActivity(21198): is code boot
06-24 17:40:49.108 D/HelloActivity(21198): mIsNav = false
06-24 17:40:49.114 D/HttpUtils(21198): getDownloadMode()
06-24 17:40:49.114 D/NetUtils(21198): init inited = true
06-24 17:40:49.114 D/HelloActivity(21198): enter Nav2
06-24 17:40:49.116 I/ActivityManager(  657): START u0 {pkg=com.excelliance.dualaid cmp=com.excelliance.dualaid/com.excelliance.kxqp.swipe.NavActivity2 (has extras)} from uid 11425
06-24 17:40:49.117 I/ActivityManager(  657): ActivityRecord info: ActivityInfo{ccc6ca0 com.excelliance.kxqp.swipe.NavActivity2}
06-24 17:40:49.117 D/NetworkSecurityConfig(21198): No Network Security Config specified, using platform default
06-24 17:40:49.117 V/WindowManager(  657): findFocusedWindow: AppWindowToken{d3a938b token=Token{377755a ActivityRecord{d5c9105 u0 com.huawei.android.launcher/.unihome.UniHomeLauncher t15658}}} below Reached focused app=AppWindowToken{17219e7 token=Token{631eba6 ActivityRecord{710101 u0 com.excelliance.dualaid/com.excelliance.kxqp.ui.HelloActivity t16086}}}
06-24 17:40:49.118 V/WindowManager(  657): addAppToken: AppWindowToken{6ce5edf token=Token{e20c97e ActivityRecord{86bcf39 u0 com.excelliance.dualaid/com.excelliance.kxqp.swipe.NavActivity2 t16086}}} controller={TaskWindowContainerController taskId=16086} at 2147483647
06-24 17:40:49.122 D/HwRecentsLockUtils( 1513): Search
06-24 17:40:49.122 E/HsmCoreServiceImpl( 1478): onTransact in code is: 103
06-24 17:40:49.122 I/MediaProcessHandler( 1478): playingUids: 
06-24 17:40:49.122 D/ActivityManager(  657): Skipping, home or recents stack task: TaskRecord{333215f #15658 A=com.huawei.android.launcher U=0 StackId=0 sz=1}
06-24 17:40:49.122 D/ActivityManager(  657): Skipping intent:act=android.intent.action.MAIN cat=[android.intent.category.LAUNCHER] flg=0x10a00000 cmp=io.appium.settings/.Settings
06-24 17:40:49.122 D/ActivityManager(  657): Skipping intent:flg=0x18800000 cmp=com.tencent.mm/.plugin.base.stub.WXPayEntryActivity
06-24 17:40:49.122 D/ActivityManager(  657): Skipping intent:flg=0x10804000 cmp=com.android.systemui/.recents.RecentsActivity bnds=[48,928][1032,2296]
06-24 17:40:49.122 D/ActivityManager(  657): Skipping intent:flg=0x10800000 cmp=com.huawei.systemmanager/com.huawei.permissionmanager.ui.MainActivity
06-24 17:40:49.122 D/ActivityManager(  657): Skipping intent:flg=0x18800000 cmp=com.tencent.mm/.plugin.base.stub.WXEntryActivity
06-24 17:40:49.122 D/ActivityManager(  657): Skipping intent:act=com.huawei.action.VOICE_ASSISTANT flg=0x10800000 pkg=com.huawei.vassistant cmp=com.huawei.vassistant/.ui.main.VAssistantActivity
06-24 17:40:49.122 D/ActivityManager(  657): Skipping intent:act=com.huawei.android.launcher.action.ACCESS_SPLIT_SCREEN_APP cat=[android.intent.category.DEFAULT] flg=0x10804000 cmp=com.huawei.android.launcher/.splitscreen.SplitScreenAppActivity
06-24 17:40:49.122 D/ActivityManager(  657): Skipping intent:flg=0x10800000 pkg=com.excelliance.dualaid.b64 cmp=com.excelliance.dualaid.b64/com.excelliance.kxqp.sdk.PermissionRequestActivity
06-24 17:40:49.122 D/ActivityManager(  657): Skipping intent:act=android.intent.action.VIEW dat=content://com.excelliance.dualaid.fileProvider/external_storage_root/Download/apk/Multiple_64.apk typ=application/vnd.android.package-archive flg=0x10800001 cmp=com.android.packageinstaller/.InstallStart
06-24 17:40:49.122 D/ActivityManager(  657): Skipping intent:flg=0x10800000 cmp=com.android.systemui/.usb.HwUsbDebuggingActivity
06-24 17:40:49.122 D/ActivityManager(  657): Skipping intent:act=android.deviceinfo.chooser.action.LAUNCH flg=0x10800000 hwFlg=0x100 pkg=com.android.settings cmp=com.android.settings/.deviceinfo.UsbConnModeChooserActivity
06-24 17:40:49.122 D/ActivityManager(  657): Skipping intent:flg=0x10800000 cmp=com.zol.android/.push.KeepLiveActivity
06-24 17:40:49.122 D/ActivityManager(  657): Skipping intent:act=android.intent.action.MAIN cat=[android.intent.category.HOME] flg=0x10800300 cmp=com.android.settings/.FallbackHome
06-24 17:40:49.124 V/ActivityManager(  657): startProcess: name=com.excelliance.dualaid app=null knownToBeDead=true thread=null pid=-1
06-24 17:40:49.124 D/PMS1000 (  657): package:com.excelliance.dualaid, input flags:0, output hwFlags:0
06-24 17:40:49.131 I/ActivityManager(  657): Start proc 21228:com.excelliance.dualaid/u0a1425 for service com.excelliance.dualaid/com.excelliance.kxqp.SmtServService
06-24 17:40:49.133 I/        (21228): power log dlsym ok
06-24 17:40:49.137 I/zygote  (21228): Reinit property: dalvik.vm.checkjni= false
06-24 17:40:49.139 D/HwNetworkManagementService(  657): code == CODE_GET_AD_KEY_LIST
06-24 17:40:49.139 D/HwNetworkManagementService(  657): appName = com.excelliance.dualaid  is not in the mAdViewMap! reply none
06-24 17:40:49.139 D/HwNetworkManagementService(  657): appName = com.excelliance.dualaid  is not in the mAdIdMap! reply none
06-24 17:40:49.141 D/ActivityThread(21198): add activity client record, r= ActivityRecord{cbe2ddc token=android.os.BinderProxy@d13fa03 {com.excelliance.dualaid/com.excelliance.kxqp.ui.HelloActivity}} token= android.os.BinderProxy@d13fa03
06-24 17:40:49.143 V/WindowManager(  657): No longer Stopped: AppWindowToken{6ce5edf token=Token{e20c97e ActivityRecord{86bcf39 u0 com.excelliance.dualaid/com.excelliance.kxqp.swipe.NavActivity2 t16086}}}
06-24 17:40:49.143 V/WindowManager(  657): No longer Stopped: AppWindowToken{6ce5edf token=Token{e20c97e ActivityRecord{86bcf39 u0 com.excelliance.dualaid/com.excelliance.kxqp.swipe.NavActivity2 t16086}}}
06-24 17:40:49.147 D/ActivityThread(21228): ActivityThread,attachApplication
06-24 17:40:49.151 V/WindowManager(  657): Checking 1 opening apps (frozen=false timeout=false)...
06-24 17:40:49.151 V/WindowManager(  657): Check opening app=AppWindowToken{6ce5edf token=Token{e20c97e ActivityRecord{86bcf39 u0 com.excelliance.dualaid/com.excelliance.kxqp.swipe.NavActivity2 t16086}}}: allDrawn=false startingDisplayed=false startingMoved=false isRelaunching()=false
06-24 17:40:49.153 D/ActivityManager(  657): ActivityManagerService,attachApplication,callingPid = 21228
06-24 17:40:49.155 W/X509TrustManager(21198): checkServerTrusted: SignatureException:null
06-24 17:40:49.155 W/X509TrustManager(21198): checkServerTrusted: SignatureException:error:04000073:RSA routines:OPENSSL_internal:DATA_TOO_LARGE_FOR_MODULUS
06-24 17:40:49.157 D/HwCust  (21198): Create obj success use class android.app.HwCustActivityImpl
06-24 17:40:49.157 D/HwCust  (21198): Create obj success use class android.app.HwCustHwWallpaperManagerImpl
06-24 17:40:49.158 W//system/bin/hwservicemanager(  416): Cannot open /odm/manifest.xml
06-24 17:40:49.158 V/ActivityThread(21198): ActivityThread,callActivityOnCreate
06-24 17:40:49.160 D/NavActivity2(21198): onCreate
06-24 17:40:49.167 W/Utils   (21198): Utils_isSuperResolutionSupport [load libai_client.so failed]
06-24 17:40:49.169 D/CubicBezierInterpolator(21198): CubicBezierInterpolator  mControlPoint1x = 0.23, mControlPoint1y = 0.06, mControlPoint2x = 0.09, mControlPoint2y = 0.97
06-24 17:40:49.169 D/CubicBezierInterpolator(21198): CubicBezierInterpolator  mControlPoint1x = 0.6, mControlPoint1y = 0.9, mControlPoint2x = 0.8, mControlPoint2y = 1.0
06-24 17:40:49.169 D/CubicBezierInterpolator(21198): CubicBezierInterpolator  mControlPoint1x = 0.23, mControlPoint1y = 0.06, mControlPoint2x = 0.09, mControlPoint2y = 0.97
06-24 17:40:49.169 D/CubicBezierInterpolator(21198): CubicBezierInterpolator  mControlPoint1x = 0.6, mControlPoint1y = 0.9, mControlPoint2x = 0.8, mControlPoint2y = 1.0
06-24 17:40:49.169 D/CubicBezierInterpolator(21198): CubicBezierInterpolator  mControlPoint1x = 0.23, mControlPoint1y = 0.06, mControlPoint2x = 0.09, mControlPoint2y = 0.97
06-24 17:40:49.169 D/CubicBezierInterpolator(21198): CubicBezierInterpolator  mControlPoint1x = 0.6, mControlPoint1y = 0.9, mControlPoint2x = 0.8, mControlPoint2y = 1.0
06-24 17:40:49.169 D/CubicBezierInterpolator(21198): CubicBezierInterpolator  mControlPoint1x = 0.23, mControlPoint1y = 0.06, mControlPoint2x = 0.09, mControlPoint2y = 0.97
06-24 17:40:49.170 D/CubicBezierInterpolator(21198): CubicBezierInterpolator  mControlPoint1x = 0.6, mControlPoint1y = 0.9, mControlPoint2x = 0.8, mControlPoint2y = 1.0
06-24 17:40:49.171 W//system/bin/hwservicemanager(  416): Cannot open /odm/manifest.xml
06-24 17:40:49.172 I/GRALLOC (  679): 	 shrFd=10,fmt=0x1,intFmt=0x1,btStrd=256,size=4096,pid=679 
06-24 17:40:49.172 I/GRALLOC (  679): 	 yuv=2,w=16,h=16,Stride u=0 v=0,offset u=0 v=0 
06-24 17:40:49.172 I/GRALLOC (  679): 	 iova_size=4096,conUsg=0x100,proUsg=0x100,	 strd=64,[afbc]HdrStrd=0 PyldStrd=0 Scrmbl=0,ionhnd = 1 
06-24 17:40:49.174 D/HwFLClassLoader(21228): get used feature list :/feature/used-list failed!
06-24 17:40:49.174 D/HwFLClassLoader(21228): USE_FEATURE_LIST had not init! 
06-24 17:40:49.176 D/HwRTBlurUtils(21198): check blur style for HwPhoneWindow-, themeResId : 0x7f0e000a, context : com.excelliance.kxqp.swipe.NavActivity2@794246b, Nhwext : 0, get Blur : disable with , null
06-24 17:40:49.176 D/HwRTBlurUtils(21198): check blur style for HwPhoneWindow-, themeResId : 0x7f0e000a, context : com.excelliance.kxqp.swipe.NavActivity2@794246b, Nhwext : 0, get Blur : disable with , null
06-24 17:40:49.176 E/test    (21198): hw notch screen flag api error
06-24 17:40:49.178 D/ActivityThread(21198): add activity client record, r= ActivityRecord{414755e token=android.os.BinderProxy@31abee5 {com.excelliance.dualaid/com.excelliance.kxqp.swipe.NavActivity2}} token= android.os.BinderProxy@31abee5
06-24 17:40:49.180 E/ViewUtils(21198): setBgColor: view==null:top
06-24 17:40:49.187 D/OpenGLRenderer(21198):   HWUI Binary is  enabled
06-24 17:40:49.187 D/SurfaceFlinger(  710): SurfaceFlinger: getDisplayConfigs--3.000000, 1080, 1920
06-24 17:40:49.187 D/PMS11425(  657): package:com.excelliance.dualaid, input flags:128, output hwFlags:0
06-24 17:40:49.188 D/OpenGLRenderer(21198): HWUI GL Pipeline
06-24 17:40:49.191 D/PMS11425(  657): package:com.excelliance.dualaid, input flags:128, output hwFlags:0
06-24 17:40:49.192 V/WindowManager(  657): Adding Window{7d4f5e2 u0 com.excelliance.dualaid/com.excelliance.kxqp.swipe.NavActivity2} to AppWindowToken{6ce5edf token=Token{e20c97e ActivityRecord{86bcf39 u0 com.excelliance.dualaid/com.excelliance.kxqp.swipe.NavActivity2 t16086}}}
06-24 17:40:49.192 V/WindowManager(  657): addWindow: New client android.os.BinderProxy@d851ead: window=Window{7d4f5e2 u0 com.excelliance.dualaid/com.excelliance.kxqp.swipe.NavActivity2} Callers=com.android.server.wm.HwWindowManagerService.addWindow:562 com.android.server.wm.Session.addToDisplay:199 android.view.IWindowSession$Stub.onTransact:124 com.android.server.wm.Session.onTransact:161 android.os.Binder.execTransact:675 
06-24 17:40:49.194 D/PMS11425(  657): package:com.excelliance.dualaid, input flags:128, output hwFlags:0
06-24 17:40:49.195 D/HttpUtils(21198): getResponseCode():200
06-24 17:40:49.196 D/WHEG    (21198): {"status":"0","controls":"","skip":"0"}
06-24 17:40:49.199 D/PMS11425(  657): package:com.excelliance.dualaid, input flags:128, output hwFlags:0
06-24 17:40:49.199 D/HwGalleryCacheManagerImpl(21198): mIsEffect:false
06-24 17:40:49.200 D/PMS11425(  657): package:com.excelliance.dualaid, input flags:128, output hwFlags:0
06-24 17:40:49.200 V/WindowManager(  657): Checking 1 opening apps (frozen=false timeout=false)...
06-24 17:40:49.200 V/WindowManager(  657): Check opening app=AppWindowToken{6ce5edf token=Token{e20c97e ActivityRecord{86bcf39 u0 com.excelliance.dualaid/com.excelliance.kxqp.swipe.NavActivity2 t16086}}}: allDrawn=false startingDisplayed=false startingMoved=false isRelaunching()=false
06-24 17:40:49.200 D/PMS11425(  657): package:com.excelliance.dualaid, input flags:128, output hwFlags:0
06-24 17:40:49.232 W/dex2oat (21256): Using default instruction set features for ARM CPU variant (default) using conservative defaults
06-24 17:40:49.233 I/dex2oat (21256): /system/bin/dex2oat -j4 --dex-file=/data/data/com.excelliance.dualaid/.platformcache/main.jar --output-vdex-fd=48 --oat-fd=49 --oat-location=/data/data/com.excelliance.dualaid/.platformcache/oat/arm/main.odex --compiler-filter=quicken
06-24 17:40:49.233 I/cutils-trace(21256): atrace_init_once, trace_marker_path = /sys/kernel/debug/tracing/trace_marker
06-24 17:40:49.251 D/HwRecentsLockUtils( 1513): Search
06-24 17:40:49.251 E/HsmCoreServiceImpl( 1478): onTransact in code is: 103
06-24 17:40:49.251 I/MediaProcessHandler( 1478): playingUids: 
06-24 17:40:49.251 D/ActivityManager(  657): Skipping, home or recents stack task: TaskRecord{333215f #15658 A=com.huawei.android.launcher U=0 StackId=0 sz=1}
06-24 17:40:49.251 D/ActivityManager(  657): Skipping intent:act=android.intent.action.MAIN cat=[android.intent.category.LAUNCHER] flg=0x10a00000 cmp=io.appium.settings/.Settings
06-24 17:40:49.251 D/ActivityManager(  657): Skipping intent:flg=0x18800000 cmp=com.tencent.mm/.plugin.base.stub.WXPayEntryActivity
06-24 17:40:49.251 D/ActivityManager(  657): Skipping intent:flg=0x10804000 cmp=com.android.systemui/.recents.RecentsActivity bnds=[48,928][1032,2296]
06-24 17:40:49.251 D/ActivityManager(  657): Skipping intent:flg=0x10800000 cmp=com.huawei.systemmanager/com.huawei.permissionmanager.ui.MainActivity
06-24 17:40:49.251 D/ActivityManager(  657): Skipping intent:flg=0x18800000 cmp=com.tencent.mm/.plugin.base.stub.WXEntryActivity
06-24 17:40:49.251 D/ActivityManager(  657): Skipping intent:act=com.huawei.action.VOICE_ASSISTANT flg=0x10800000 pkg=com.huawei.vassistant cmp=com.huawei.vassistant/.ui.main.VAssistantActivity
06-24 17:40:49.251 D/ActivityManager(  657): Skipping intent:act=com.huawei.android.launcher.action.ACCESS_SPLIT_SCREEN_APP cat=[android.intent.category.DEFAULT] flg=0x10804000 cmp=com.huawei.android.launcher/.splitscreen.SplitScreenAppActivity
06-24 17:40:49.251 D/ActivityManager(  657): Skipping intent:flg=0x10800000 pkg=com.excelliance.dualaid.b64 cmp=com.excelliance.dualaid.b64/com.excelliance.kxqp.sdk.PermissionRequestActivity
06-24 17:40:49.251 D/ActivityManager(  657): Skipping intent:act=android.intent.action.VIEW dat=content://com.excelliance.dualaid.fileProvider/external_storage_root/Download/apk/Multiple_64.apk typ=application/vnd.android.package-archive flg=0x10800001 cmp=com.android.packageinstaller/.InstallStart
06-24 17:40:49.252 D/ActivityManager(  657): Skipping intent:flg=0x10800000 cmp=com.android.systemui/.usb.HwUsbDebuggingActivity
06-24 17:40:49.252 D/ActivityManager(  657): Skipping intent:act=android.deviceinfo.chooser.action.LAUNCH flg=0x10800000 hwFlg=0x100 pkg=com.android.settings cmp=com.android.settings/.deviceinfo.UsbConnModeChooserActivity
06-24 17:40:49.252 D/ActivityManager(  657): Skipping intent:flg=0x10800000 cmp=com.zol.android/.push.KeepLiveActivity
06-24 17:40:49.252 D/ActivityManager(  657): Skipping intent:act=android.intent.action.MAIN cat=[android.intent.category.HOME] flg=0x10800300 cmp=com.android.settings/.FallbackHome
06-24 17:40:49.275 D/NetWorkUtils( 1513): mVSimCurCardType is -1
06-24 17:40:49.275 D/MainActivity(21198): instantiateItem: 2	android.widget.RelativeLayout{d00e2b1 V.E...... ......I. 0,0-0,0}
06-24 17:40:49.275 D/NetWorkUtils( 1513): mVSimCurCardType is -1
06-24 17:40:49.276 D/MainActivity(21198): initPage3: 
06-24 17:40:49.280 V/WindowManager(  657): Checking 1 opening apps (frozen=false timeout=false)...
06-24 17:40:49.280 V/WindowManager(  657): Check opening app=AppWindowToken{6ce5edf token=Token{e20c97e ActivityRecord{86bcf39 u0 com.excelliance.dualaid/com.excelliance.kxqp.swipe.NavActivity2 t16086}}}: allDrawn=false startingDisplayed=false startingMoved=false isRelaunching()=false
06-24 17:40:49.282 V/HwPhoneWindowManager(  657): updateSystemUiColorLw window=Window{7d4f5e2 u0 com.excelliance.dualaid/com.excelliance.kxqp.swipe.NavActivity2},EmuiStyle=0,StatusBarColor=0xff000000,NavigationBarColor=0xff000000, mLastIsEmuiLightStyle=-1
06-24 17:40:49.283 D/HwPhoneWindowManager(  657): Transact:setSystemUIColor to status bar service
06-24 17:40:49.284 I/CommandQueue( 1513): updateBarBgColor
06-24 17:40:49.284 D/CommandQueue( 1513): CommandQueue, setBarBackgroundColor
06-24 17:40:49.284 V/WindowManager(  657): Checking 1 opening apps (frozen=false timeout=false)...
06-24 17:40:49.284 V/WindowManager(  657): Check opening app=AppWindowToken{6ce5edf token=Token{e20c97e ActivityRecord{86bcf39 u0 com.excelliance.dualaid/com.excelliance.kxqp.swipe.NavActivity2 t16086}}}: allDrawn=false startingDisplayed=false startingMoved=false isRelaunching()=false
06-24 17:40:49.287 I/GRALLOC (  679): 	 shrFd=10,fmt=0x1,intFmt=0x200000001,btStrd=4352,size=8486912,pid=679 
06-24 17:40:49.287 I/GRALLOC (  679): 	 yuv=2,w=1080,h=1920,Stride u=0 v=0,offset u=0 v=0 
06-24 17:40:49.287 I/GRALLOC (  679): 	 iova_size=8486912,conUsg=0x900,proUsg=0x900,	 strd=1088,[afbc]HdrStrd=1088 PyldStrd=69632 Scrmbl=2,ionhnd = 1 
06-24 17:40:49.288 D/MainActivity(21198): run: initPage3
06-24 17:40:49.289 D/TintManager( 1513): statusBarIconTint=#99FFFFFF,navigationBarIconTint=#FF000000
06-24 17:40:49.289 I/OpenGLRenderer(21198): Initialized EGL, version 1.4
06-24 17:40:49.289 D/OpenGLRenderer(21198): Swap behavior 2
06-24 17:40:49.289 I/GRALLOC (  679): 	 shrFd=10,fmt=0x1,intFmt=0x200000001,btStrd=4352,size=8486912,pid=679 
06-24 17:40:49.289 I/GRALLOC (  679): 	 yuv=2,w=1080,h=1920,Stride u=0 v=0,offset u=0 v=0 
06-24 17:40:49.289 I/GRALLOC (  679): 	 iova_size=8486912,conUsg=0x900,proUsg=0x900,	 strd=1088,[afbc]HdrStrd=1088 PyldStrd=69632 Scrmbl=2,ionhnd = 1 
06-24 17:40:49.291 I/GRALLOC (  679): 	 shrFd=10,fmt=0x1,intFmt=0x200000001,btStrd=4352,size=8486912,pid=679 
06-24 17:40:49.291 I/GRALLOC (  679): 	 yuv=2,w=1080,h=1920,Stride u=0 v=0,offset u=0 v=0 
06-24 17:40:49.291 I/GRALLOC (  679): 	 iova_size=8486912,conUsg=0x900,proUsg=0x900,	 strd=1088,[afbc]HdrStrd=1088 PyldStrd=69632 Scrmbl=2,ionhnd = 1 
06-24 17:40:49.294 D/mali_winsys(21198): EGLint new_window_surface(egl_winsys_display *, void *, EGLSurface, EGLConfig, egl_winsys_surface **, egl_color_buffer_format *, EGLBoolean) returns 0x3000
06-24 17:40:49.294 E/vndksupport(21198): Could not load vendor/lib/egl/libGLES_mali_v2.so from sphal namespace: dlopen failed: library "vendor/lib/egl/libGLES_mali_v2.so" not found.
06-24 17:40:49.299 D/BarTransitions.HwPhoneStatusBarView( 1513): MODE_TRANSPARENT -> MODE_TRANSLUCENT animate=false
06-24 17:40:49.300 D/BarTransitions.HwPhoneStatusBarView( 1513): applyModeBackground oldMode=MODE_TRANSPARENT newMode=MODE_TRANSLUCENT animate=false
06-24 17:40:49.303 D/StatusBarIconController( 1513): setIconVisibility icon is null or visibility not change visibility=false
06-24 17:40:49.310 I/GRALLOC (  679): 	 shrFd=10,fmt=0x1,intFmt=0x200000001,btStrd=4352,size=8486912,pid=679 
06-24 17:40:49.310 I/GRALLOC (  679): 	 yuv=2,w=1080,h=1920,Stride u=0 v=0,offset u=0 v=0 
06-24 17:40:49.310 I/GRALLOC (  679): 	 iova_size=8486912,conUsg=0xb00,proUsg=0xb00,	 strd=1088,[afbc]HdrStrd=1088 PyldStrd=69632 Scrmbl=2,ionhnd = 1 
06-24 17:40:49.316 D/WindowManager(  657): finishDrawingWindow: Window{7d4f5e2 u0 com.excelliance.dualaid/com.excelliance.kxqp.swipe.NavActivity2} mDrawState=DRAW_PENDING
06-24 17:40:49.316 V/MainActivity(21198): onWindowFocusChanged: true
06-24 17:40:49.317 W/InputMethodManager(21198): startInputReason = 1
06-24 17:40:49.319 W/InputMethodManager(21198): startInputReason = 5
06-24 17:40:49.319 V/WindowManager(  657): Checking 1 opening apps (frozen=false timeout=false)...
06-24 17:40:49.319 V/WindowManager(  657): Check opening app=AppWindowToken{6ce5edf token=Token{e20c97e ActivityRecord{86bcf39 u0 com.excelliance.dualaid/com.excelliance.kxqp.swipe.NavActivity2 t16086}}}: allDrawn=true startingDisplayed=false startingMoved=false isRelaunching()=false
06-24 17:40:49.321 D/ImageWallpaper( 1513): onVisibilityChanged: mVisible, visible=true, false
06-24 17:40:49.321 D/ImageWallpaper( 1513): Visibility changed to visible=false
06-24 17:40:49.321 I/wangchen( 7035): SysInfo.getSysParam: orientation=1||config d=3.0,w=1080,h=1920||metrics d=3.0,w=1080,h=1920||sdk=26,bar_h=72
06-24 17:40:49.322 I/KeymapLoader( 7035): w=1080 h=1920 ori=true appScale=3.3 s1=3.0
06-24 17:40:49.322 D/BarTransitions.HwPhoneStatusBarView( 1513): MODE_TRANSLUCENT -> MODE_TRANSPARENT animate=false
06-24 17:40:49.322 D/BarTransitions.HwPhoneStatusBarView( 1513): applyModeBackground oldMode=MODE_TRANSLUCENT newMode=MODE_TRANSPARENT animate=false
06-24 17:40:49.323 I/ActivityManager(  657): Displayed com.excelliance.dualaid/com.excelliance.kxqp.swipe.NavActivity2: +177ms (total +315ms)
06-24 17:40:49.333 I/WindowManager(  657): notifyAccessibilityButtonVisibilityChanged visible:false
06-24 17:40:49.334 E/BufferQueueProducer(  710): [com.huawei.android.launcher/com.huawei.android.launcher.unihome.UniHomeLauncher#0] disconnect: not connected (req=1)
06-24 17:40:49.334 W/libEGL  ( 2519): EGLNativeWindowType 0x747597e010 disconnect failed
06-24 17:40:49.337 I/GRALLOC (  679): 	 shrFd=10,fmt=0x1,intFmt=0x200000001,btStrd=4352,size=8486912,pid=679 
06-24 17:40:49.337 I/GRALLOC (  679): 	 yuv=2,w=1080,h=1920,Stride u=0 v=0,offset u=0 v=0 
06-24 17:40:49.337 I/GRALLOC (  679): 	 iova_size=8486912,conUsg=0xb00,proUsg=0xb00,	 strd=1088,[afbc]HdrStrd=1088 PyldStrd=69632 Scrmbl=2,ionhnd = 1 
06-24 17:40:49.340 D/BarTransitions.HwPhoneStatusBarView( 1513): MODE_TRANSPARENT -> MODE_TRANSLUCENT animate=false
06-24 17:40:49.340 D/BarTransitions.HwPhoneStatusBarView( 1513): applyModeBackground oldMode=MODE_TRANSPARENT newMode=MODE_TRANSLUCENT animate=false
06-24 17:40:49.340 D/BarTransitions.HwNavigationBarView( 1513): MODE_TRANSLUCENT -> MODE_OPAQUE animate=false
06-24 17:40:49.340 D/BarTransitions.HwNavigationBarView( 1513): applyModeBackground oldMode=MODE_TRANSLUCENT newMode=MODE_OPAQUE animate=false
06-24 17:40:49.352 W/ActivityManager(  657): Sending non-protected broadcast huawei.action.floattasks.STATUS_BAR_STATE_CHANGED from system 1513:com.android.systemui/u0a39 pkg com.android.systemui
06-24 17:40:49.352 D/ActivityThread(21198): Remove activity client record, r= ActivityRecord{cbe2ddc token=android.os.BinderProxy@d13fa03 {com.excelliance.dualaid/com.excelliance.kxqp.ui.HelloActivity}} token= android.os.BinderProxy@d13fa03
06-24 17:40:49.353 W/HwKeyguardDragHelper( 1513): AnimationBlocked
06-24 17:40:49.353 V/WindowManager(  657): notifyAppStopped: AppWindowToken{d3a938b token=Token{377755a ActivityRecord{d5c9105 u0 com.huawei.android.launcher/.unihome.UniHomeLauncher t15658}}}
06-24 17:40:49.353 E/WindowManager(  657): win=Window{68d6975 u0 com.huawei.android.launcher/com.huawei.android.launcher.unihome.UniHomeLauncher} destroySurfaces: appStopped=true win.mWindowRemovalAllowed=false win.mRemoveOnExit=false
06-24 17:40:49.354 I/WindowManager(  657): Destroying surface Surface(name=com.huawei.android.launcher/com.huawei.android.launcher.unihome.UniHomeLauncher) called by com.android.server.wm.WindowStateAnimator.destroySurface:2060 com.android.server.wm.WindowStateAnimator.destroySurfaceLocked:873 com.android.server.wm.HwWindowStateAnimator.destroySurfaceLocked:1006 com.android.server.wm.WindowState.destroyOrSaveSurfaceUnchecked:2990 com.android.server.wm.WindowState.destroySurface:2951 com.android.server.wm.AppWindowToken.destroySurfaces:654 com.android.server.wm.AppWindowToken.destroySurfaces:638 com.android.server.wm.AppWindowToken.notifyAppStopped:682 
06-24 17:40:49.355 D/HwGameAssistantController(  657): pid=2519, uid=10056, foreground=false
06-24 17:40:49.356 W/AwareLog(  657): SchedLevelBoost: onFgActivitiesChanged config not set!
06-24 17:40:49.356 V/WindowManager(  657): removeAppToken: AppWindowToken{17219e7 token=Token{631eba6 ActivityRecord{710101 u0 com.excelliance.dualaid/com.excelliance.kxqp.ui.HelloActivity t16086}}} delayed=false Callers=com.android.server.wm.DisplayContent.removeAppToken:985 com.android.server.wm.AppWindowContainerController.removeContainer:348 com.android.server.am.ActivityRecord.removeWindowContainer:1039 com.android.server.am.ActivityStack.removeActivityFromHistoryLocked:4491 
06-24 17:40:49.536 I/NetworkSpeedManagerEx( 1513): mIsStop = false
06-24 17:40:49.536 I/NetworkSpeedManagerEx( 1513):  runInThread getTetherStats
06-24 17:40:49.537 I/NetworkSpeedManagerEx( 1513):  runInUI refreshSpeed
06-24 17:40:49.537 I/NetworkSpeedManagerEx( 1513): value=1721.6666speed = 1.7
06-24 17:40:49.537 I/NetworkSpeedManagerEx( 1513): K/smIsShowLastSpeedValuefalse
06-24 17:40:49.537 I/NetworkSpeedView( 1513): /update(), speed=1.7
06-24 17:40:49.537 I/NetworkSpeedView( 1513): K/s parent class:class com.android.systemui.statusbar.HwSystemIcons
06-24 17:40:49.549 I/HwNormalizedSpline(  657): getEyeProtectionBrightnessLevel lux =239.0, mDefaultBrightnessFromLux =68.645
06-24 17:40:49.682 I/dex2oat (21256): dex2oat took 450.418ms (1.000s cpu) (threads: 4) arena alloc=114KB (117240B) java alloc=2MB (3110952B) native alloc=4MB (4687248B) free=3MB (3177072B)
06-24 17:40:49.697 D/PMS11425(  657): package:com.excelliance.dualaid, input flags:128, output hwFlags:0
06-24 17:40:49.700 I/NetworkSpeedManagerEx( 1513): mIsStop = false
06-24 17:40:49.701 I/NetworkSpeedManagerEx( 1513):  runInThread getTetherStats
06-24 17:40:49.701 I/NetworkSpeedManagerEx( 1513):  runInUI refreshSpeed
06-24 17:40:49.702 I/NetworkSpeedManagerEx( 1513): value=1721.6666speed = 1.7
06-24 17:40:49.702 I/NetworkSpeedManagerEx( 1513): K/smIsShowLastSpeedValuefalse
06-24 17:40:49.702 I/NetworkSpeedView( 1513): /update(), speed=1.7
06-24 17:40:49.702 I/NetworkSpeedView( 1513): K/s parent class:class com.android.systemui.statusbar.HwSystemIcons
06-24 17:40:49.732 W/dex2oat (21296): Using default instruction set features for ARM CPU variant (default) using conservative defaults
06-24 17:40:49.732 I/dex2oat (21296): /system/bin/dex2oat -j4 --dex-file=/data/data/com.excelliance.dualaid/.platformcache/kxqpplatform2.jar --output-vdex-fd=49 --oat-fd=50 --oat-location=/data/data/com.excelliance.dualaid/.platformcache/oat/arm/kxqpplatform2.odex --compiler-filter=quicken
06-24 17:40:49.732 I/cutils-trace(21296): atrace_init_once, trace_marker_path = /sys/kernel/debug/tracing/trace_marker
06-24 17:40:49.824 I/GRALLOC (  679): 	 shrFd=10,fmt=0x1,intFmt=0x200000001,btStrd=4352,size=8486912,pid=679 
06-24 17:40:49.824 I/GRALLOC (  679): 	 yuv=2,w=1080,h=1920,Stride u=0 v=0,offset u=0 v=0 
06-24 17:40:49.824 I/GRALLOC (  679): 	 iova_size=8486912,conUsg=0xb00,proUsg=0xb00,	 strd=1088,[afbc]HdrStrd=1088 PyldStrd=69632 Scrmbl=2,ionhnd = 1 
06-24 17:40:49.940 I/dex2oat (21296): dex2oat took 208.150ms (439.235ms cpu) (threads: 4) arena alloc=62KB (63808B) java alloc=2MB (2267096B) native alloc=2MB (2317728B) free=3MB (3449440B)
06-24 17:40:49.953 D/PMS11425(  657): package:com.excelliance.dualaid, input flags:0, output hwFlags:0
06-24 17:40:49.965 E/MemoryLeakMonitorManager(21228): MemoryLeakMonitor.jar is not exist!
06-24 17:40:49.966 D/CrashHandler(21228): CrashHandler
06-24 17:40:49.966 D/KXQPApplication(21228): run: initUserManager
06-24 17:40:49.967 E/Minikin (21228): Could not get cmap table size!
06-24 17:40:49.968 D/PMS11425(  657): package:com.excelliance.dualaid, input flags:128, output hwFlags:0
06-24 17:40:49.977 D/AirPushService(21228): 
06-24 17:40:49.978 D/SmtServService(21228): MSG_LOAD_PLT GameUtil.isPtLoaded() = false
06-24 17:40:49.978 I/HwCust  (21228): Constructor found for class android.net.HwCustConnectivityManagerImpl
06-24 17:40:49.978 D/HwCust  (21228): Create obj success use class android.net.HwCustConnectivityManagerImpl
06-24 17:40:49.979 D/NetworkStateReceiver(21228): netWorkConnected = true
06-24 17:40:49.980 D/AirPushUtils(21228): startPushInfo
06-24 17:40:49.983 D/AirPushService(21228): Alarm
06-24 17:40:49.983 D/AirPushService(21228): resetPushAlarm
06-24 17:40:49.984 D/PMS1000 (  657): package:com.excelliance.dualaid, input flags:8192, output hwFlags:0
06-24 17:40:49.986 D/SmtServService(21228): pull info
06-24 17:40:49.986 D/SmtServService(21228): diffTime = 1529833249986
06-24 17:40:49.986 D/SmtServService(21228): pushInfoFromServer
06-24 17:40:49.987 D/PMS1001 (  657): package:com.excelliance.dualaid, input flags:0, output hwFlags:0
06-24 17:40:49.989 D/AirPushPreferences(21228): setLastPushTime
06-24 17:40:49.993 D/PMS11425(  657): package:com.excelliance.dualaid, input flags:0, output hwFlags:0
06-24 17:40:50.003 D/launch-time-RU(21228): preload 24 classes cost 23ms
06-24 17:40:50.005 D/PMS11425(  657): package:com.excelliance.dualaid, input flags:128, output hwFlags:0
06-24 17:40:50.010 D/StatisticsManager(21228): Query time diff:1529833250010
06-24 17:40:50.033 D/StatisticsManager(21228): Query time diff:1529833250033
06-24 17:40:50.034 I/chatty  (  657): uid=1000(system) Binder:657_A identical 17 lines
06-24 17:40:50.034 D/PMS11425(  657): package:com.excelliance.dualaid, input flags:128, output hwFlags:0
06-24 17:40:50.036 D/PMS11425(  657): package:com.excelliance.dualaid, input flags:128, output hwFlags:0
06-24 17:40:50.059 D/StatisticsManager(21228): Query time diff:1529833250059
06-24 17:40:50.063 D/AirPushDBHelper(21228): onCreate: pushitemnew
06-24 17:40:50.070 D/AirPushDBHelper(21228): selection = type=? and index_=(select max(index_) from pushitemnew where type=?) , key = vip
06-24 17:40:50.071 D/AirPushDBHelper(21228): selection = type=? and index_=(select max(index_) from pushitemnew where type=?) , key = update
06-24 17:40:50.071 D/AirPushDBHelper(21228): selection = type=? and index_=(select max(index_) from pushitemnew where type=?) , key = officalActivity
06-24 17:40:50.071 D/AirPushDBHelper(21228): selection = type=? and index_=(select max(index_) from pushitemnew where type=?) , key = news
06-24 17:40:50.071 D/AirPushDBHelper(21228): selection = type=? and index_=(select max(index_) from pushitemnew where type=?) , key = target
06-24 17:40:50.071 D/AirPushDBHelper(21228): selection = type=? and index_=(select max(index_) from pushitemnew where type=?) , key = batch
06-24 17:40:50.072 D/AirPushDBHelper(21228): selection = type=? and index_=(select max(index_) from pushitemnew where type=?) , key = skipTarget
06-24 17:40:50.072 D/AirPushDBHelper(21228): selection = type=? and index_=(select max(index_) from pushitemnew where type=?) , key = thirdApp
06-24 17:40:50.072 D/PushItem(21228): indexJson = {}
06-24 17:40:50.072 D/AirPushService(21228): dataJson = {}
06-24 17:40:50.072 V/AirPushService(21228): ver :e30%3D%0A
06-24 17:40:50.073 D/VersionManager(21228): httpsRequest getURL = https://mto.multiopen.cn/pushmess.php?ver=466&mainver=231200&data=e30%3D%0A&wxCode=1321&subchid=1&sdkV=8.0.0&pkg=com.excelliance.dualaid&chid=10019&issl=1&compver=54302&wxVerName=6.6.7&vn=4.0.6&model=stf-al10&api=26&brand=honor&aid=f0c2426fc7560cf5
06-24 17:40:50.073 D/NetworkSecurityConfig(21228): No Network Security Config specified, using platform default
06-24 17:40:50.094 D/GameUtil(21228): getSDKDataParam totalmem:5.60GB
06-24 17:40:50.097 D/VersionManager(21228): httpsRequest getURL = https://folder.appota.cn/genuser.php?chid=10019&subchid=1&vc=466&type=4&data=tbCbI6ooWmOSi%2BhP8At3K55rUDjOXjUCTTE1Q7OqeVGzpiL1Dx8z2UKsv%2F2w066OKzL65VOc%2FHNVNculXvpkfbOlpWKAPUf5ryVSFynVNa8UucDwm5e36rJ6e2Kpu%2B5ykc4DARTfkZV4Ad5N96d4%2BjApQCWZuWchybogtHpbAp5JGb2oE4RYpIUqF8au1pxTSmwBdD5PozvBfX2%2Bj4RIW8u13M8ksM63bQoy2eR4WdDx%2BqZexoey63Hms3xqJyQkd3PFvljbOMDFV5%2BIsI0F%2B0cTu0Poz37kp440m4BdEnDxUpl%2F2SWQiyGENywr4rII2GFixGV6F3FTP2B6Iz%2Bp9XPgTT1Q8jOobYd0%2B7qf7bpZ2AyYZuCae%2FN%2FDrbd9ARIKpXrBwZ7SdplMO1nzphjQUqGRQMAlrO9Oa0Du6EV17%2FgN7YtgBzuJRHbP0GgVSdnIEYbOUnjg9adLEk2nhpRcwGYdX7bJ5%2FC%2FGVy8QMvFO%2FVJ5uAYH82VV6bvSarVkuFeotJT4yadRHbDkYGgVZfCDPVS%2FOPcQttSZtkoN3AjIdEC3B%2BjPtytpdTQYFvI9Ol&issl=1
06-24 17:40:50.105 D/PMS1000 (  657): package:com.excelliance.dualaid, input flags:1024, output hwFlags:0
06-24 17:40:50.105 I/ActivityManager(  657): Need to start process com.excelliance.dualaid:lbcore for provider ContentProviderInfo{name=com.excelliance.dualaid:com.excelliance.kxqp.platform.PluginManagerProvider className=com.excelliance.kxqp.platform.PluginManagerProvider}, callerApp: ProcessRecord{640872c 21228:com.excelliance.dualaid/u0a1425}
06-24 17:40:50.105 V/ActivityManager(  657): startProcess: name=com.excelliance.dualaid:lbcore app=null knownToBeDead=false thread=null pid=-1
06-24 17:40:50.105 D/PMS1000 (  657): package:com.excelliance.dualaid, input flags:0, output hwFlags:0
06-24 17:40:50.115 I/ActivityManager(  657): Start proc 21351:com.excelliance.dualaid:lbcore/u0a1425 for content provider com.excelliance.dualaid/com.excelliance.kxqp.platform.PluginManagerProvider
06-24 17:40:50.116 V/ActivityManager_MU(  657): Waiting to start provider ContentProviderRecord{ded5e19 u0 com.excelliance.dualaid/com.excelliance.kxqp.platform.PluginManagerProvider} launchingApp=ProcessRecord{e8fb960 21351:com.excelliance.dualaid:lbcore/u0a1425} caller pid= 21228
06-24 17:40:50.116 I/        (21351): power log dlsym ok
06-24 17:40:50.117 I/zygote  (21351): Reinit property: dalvik.vm.checkjni= false
06-24 17:40:50.120 W/X509TrustManager(21228): checkServerTrusted: SignatureException:null
06-24 17:40:50.120 W/X509TrustManager(21228): checkServerTrusted: SignatureException:error:04000073:RSA routines:OPENSSL_internal:DATA_TOO_LARGE_FOR_MODULUS
06-24 17:40:50.126 D/ActivityThread(21351): ActivityThread,attachApplication
06-24 17:40:50.127 D/ActivityManager(  657): ActivityManagerService,attachApplication,callingPid = 21351
06-24 17:40:50.134 D/HwWifiStatStore(  657): handleMessage : 200
06-24 17:40:50.136 W/X509TrustManager(21228): checkServerTrusted: SignatureException:null
06-24 17:40:50.136 W/X509TrustManager(21228): checkServerTrusted: SignatureException:error:04000073:RSA routines:OPENSSL_internal:DATA_TOO_LARGE_FOR_MODULUS
06-24 17:40:50.138 W//system/bin/hwservicemanager(  416): Cannot open /odm/manifest.xml
06-24 17:40:50.146 W//system/bin/hwservicemanager(  416): Cannot open /odm/manifest.xml
06-24 17:40:50.148 I/GRALLOC (  679): 	 shrFd=10,fmt=0x1,intFmt=0x1,btStrd=256,size=4096,pid=679 
06-24 17:40:50.148 I/GRALLOC (  679): 	 yuv=2,w=16,h=16,Stride u=0 v=0,offset u=0 v=0 
06-24 17:40:50.148 I/GRALLOC (  679): 	 iova_size=4096,conUsg=0x100,proUsg=0x100,	 strd=64,[afbc]HdrStrd=0 PyldStrd=0 Scrmbl=0,ionhnd = 1 
