06-24 16:21:29.358 I/OpenGLRenderer(21171): Initialized EGL, version 1.4
06-24 16:21:29.358 D/OpenGLRenderer(21171): Swap behavior 2
06-24 16:21:29.360 D/MainFragment(21171): first_pop_dialog......false
06-24 16:21:29.360 I/GRALLOC (  679): 	 shrFd=10,fmt=0x1,intFmt=0x200000001,btStrd=4352,size=8486912,pid=679 
06-24 16:21:29.360 I/GRALLOC (  679): 	 yuv=2,w=1080,h=1920,Stride u=0 v=0,offset u=0 v=0 
06-24 16:21:29.360 I/GRALLOC (  679): 	 iova_size=8486912,conUsg=0x900,proUsg=0x900,	 strd=1088,[afbc]HdrStrd=1088 PyldStrd=69632 Scrmbl=2,ionhnd = 1 
06-24 16:21:29.360 D/PayUtil (21171): sRid = 
06-24 16:21:29.362 I/chatty  (21171): uid=11423(u0_a1423) com.excelliance.dualaid identical 1 line
06-24 16:21:29.362 D/PayUtil (21171): sRid = 
06-24 16:21:29.363 D/mali_winsys(21171): EGLint new_window_surface(egl_winsys_display *, void *, EGLSurface, EGLConfig, egl_winsys_surface **, egl_color_buffer_format *, EGLBoolean) returns 0x3000
06-24 16:21:29.363 D/MainFragment(21171): openStreamFromMoreSetting = false
06-24 16:21:29.364 D/MainActivity(21171): isLoaded:false
06-24 16:21:29.365 W/InputMethodManager(21171): startInputReason = 1
06-24 16:21:29.365 E/vndksupport(21171): Could not load vendor/lib/egl/libGLES_mali_v2.so from sphal namespace: dlopen failed: library "vendor/lib/egl/libGLES_mali_v2.so" not found.
06-24 16:21:29.366 E/Reflecting  getMessage(21171): com.alipay.sdk.app.PayTask 
06-24 16:21:29.366 E/Reflecting   getLocalizedMessage(21171): com.alipay.sdk.app.PayTask 
06-24 16:21:29.366 D/Reflecting(21171): com.alipay.sdk.app.PayTask
06-24 16:21:29.367 W/InputMethodManager(21171): startInputReason = 5
06-24 16:21:29.367 V/InitialData(21171): capitalize:Pay
06-24 16:21:29.367 V/GameUtil(21171): getCurrentVersionByKey : pay	current_pay_version	PayVersion
06-24 16:21:29.368 D/PMS11423(  657): package:com.excelliance.dualaid, input flags:128, output hwFlags:0
06-24 16:21:29.368 V/GameUtil(21171): saveVersionToFileByKey  xml_key :pay  result:1
06-24 16:21:29.369 I/wangchen( 7035): SysInfo.getSysParam: orientation=1||config d=3.0,w=1080,h=1920||metrics d=3.0,w=1080,h=1920||sdk=26,bar_h=72
06-24 16:21:29.369 I/KeymapLoader( 7035): w=1080 h=1920 ori=true appScale=3.3 s1=3.0
06-24 16:21:29.370 V/GameUtil(21171): getCurrentVersionByKey  pay:1
06-24 16:21:29.370 V/InitialData(21171): capitalize:Pay
06-24 16:21:29.371 D/lyl     (21171): file:pay.jar   pay.jar
06-24 16:21:29.371 D/lyl     (21171): file:pay.jar   pay.jar
06-24 16:21:29.373 V/AppShortcutGridAdapter(21171):   parmInt:0 paramViewnull, type = 0
06-24 16:21:29.377 V/InitialData(21171): payVersion:1    pay_version:1    current_pay_version:1
06-24 16:21:29.377 D/InitialData(21171): identifing = pay, jarPath = /data/data/com.excelliance.dualaid/.platformcache/pay.jar
06-24 16:21:29.377 D/InitialData(21171): mClassLoader = dalvik.system.PathClassLoader[DexPathList[[zip file "/data/app/com.excelliance.dualaid-A-p9HzdwHjn-osj86dCNsA==/base.apk"],nativeLibraryDirectories=[/data/app/com.excelliance.dualaid-A-p9HzdwHjn-osj86dCNsA==/lib/arm, /system/fake-libs, /data/app/com.excelliance.dualaid-A-p9HzdwHjn-osj86dCNsA==/base.apk!/lib/armeabi, /system/lib, /vendor/lib, /product/lib]]]
06-24 16:21:29.377 D/InitialData(21171): HackUtil = class com.excelliance.kxqp.pay.util.HackUtil
06-24 16:21:29.386 W/X509TrustManager(21171): checkServerTrusted: SignatureException:null
06-24 16:21:29.386 W/X509TrustManager(21171): checkServerTrusted: SignatureException:error:04000073:RSA routines:OPENSSL_internal:DATA_TOO_LARGE_FOR_MODULUS
06-24 16:21:29.390 V/AppShortcutGridAdapter(21171):   parmInt:0 paramViewandroid.widget.LinearLayout{222dce4 V.E...... ......I. 0,0-0,0 #7f0c00ed app:id/root}, type = 0
06-24 16:21:29.395 D/MainFragment(21171): size = 1
06-24 16:21:29.395 D/MainFragment(21171): useViewPositionId = 0
06-24 16:21:29.395 D/MainFragment(21171): childView = android.widget.LinearLayout{222dce4 V.E...... ......ID 0,0-360,360 #7f0c00ed app:id/root}, chilCount = 1, firstVisiblePosition = 0 , count = 1
06-24 16:21:29.395 D/MainFragment(21171): childView = android.widget.LinearLayout{222dce4 V.E...... ......ID 0,0-360,360 #7f0c00ed app:id/root}
06-24 16:21:29.395 D/MainFragment(21171): appInfoList = 1
06-24 16:21:29.395 D/MainFragment(21171): appInfoList1 = false
06-24 16:21:29.395 D/MainFragment(21171): bt_add width = 360 , height = 360
06-24 16:21:29.410 W/dex2oat (22125): Using default instruction set features for ARM CPU variant (default) using conservative defaults
06-24 16:21:29.411 I/dex2oat (22125): /system/bin/dex2oat -j4 --dex-file=/data/data/com.excelliance.dualaid/.platformcache/pay.jar --output-vdex-fd=97 --oat-fd=98 --oat-location=/data/data/com.excelliance.dualaid/.platformcache/oat/arm/pay.odex --compiler-filter=quicken
06-24 16:21:29.411 I/cutils-trace(22125): atrace_init_once, trace_marker_path = /sys/kernel/debug/tracing/trace_marker
06-24 16:21:29.422 I/GRALLOC (  679): 	 shrFd=10,fmt=0x1,intFmt=0x200000001,btStrd=4352,size=8486912,pid=679 
06-24 16:21:29.422 I/GRALLOC (  679): 	 yuv=2,w=1080,h=1920,Stride u=0 v=0,offset u=0 v=0 
06-24 16:21:29.422 I/GRALLOC (  679): 	 iova_size=8486912,conUsg=0xb00,proUsg=0xb00,	 strd=1088,[afbc]HdrStrd=1088 PyldStrd=69632 Scrmbl=2,ionhnd = 1 
06-24 16:21:29.435 D/WindowManager(  657): finishDrawingWindow: Window{4a2aef u0 com.excelliance.dualaid/com.excelliance.kxqp.ui.MainActivity} mDrawState=DRAW_PENDING
06-24 16:21:29.438 V/AppShortcutGridAdapter(21171):   parmInt:0 paramViewnull, type = 0
06-24 16:21:29.439 V/WindowManager(  657): Checking 1 opening apps (frozen=false timeout=false)...
06-24 16:21:29.439 V/WindowManager(  657): Check opening app=AppWindowToken{5ef1d46 token=Token{f437521 ActivityRecord{1732788 u0 com.excelliance.dualaid/com.excelliance.kxqp.ui.MainActivity t16037}}}: allDrawn=true startingDisplayed=false startingMoved=false isRelaunching()=false
06-24 16:21:29.445 V/AppShortcutGridAdapter(21171):   parmInt:0 paramViewandroid.widget.LinearLayout{657575 V.E...... ......I. 0,0-0,0 #7f0c00ed app:id/root}, type = 0
06-24 16:21:29.446 D/CubicBezierInterpolator(  657): CubicBezierInterpolator  mControlPoint1x = 0.5, mControlPoint1y = 0.2, mControlPoint2x = 0.6, mControlPoint2y = 1.0
06-24 16:21:29.446 D/MainFragment(21171): size = 1
06-24 16:21:29.447 D/MainFragment(21171): useViewPositionId = 0
06-24 16:21:29.447 D/MainFragment(21171): childView = android.widget.LinearLayout{222dce4 V.E...... ......I. 0,0-360,360 #7f0c00ed app:id/root}, chilCount = 1, firstVisiblePosition = 0 , count = 1
06-24 16:21:29.447 D/MainFragment(21171): childView = android.widget.LinearLayout{222dce4 V.E...... ......I. 0,0-360,360 #7f0c00ed app:id/root}
06-24 16:21:29.447 D/MainFragment(21171): appInfoList = 1
06-24 16:21:29.447 D/MainFragment(21171): appInfoList1 = false
06-24 16:21:29.447 D/MainFragment(21171): bt_add width = 360 , height = 360
06-24 16:21:29.454 D/MainFragment(21171): handleMessage msg.what:36
06-24 16:21:29.454 I/ActivityManager(  657): Displayed com.excelliance.dualaid/com.excelliance.kxqp.ui.MainActivity: +402ms
06-24 16:21:29.454 D/MainFragment(21171): handleMessage final msg.what:36, take:0
06-24 16:21:29.455 D/MainFragment(21171): success
06-24 16:21:29.455 D/MainFragment(21171): jsonObject = {"activityIcon":[{"iconId":"6","iconName":"数据迁移","iconPath":"http:\/\/cdn.multiopen.cn\/origicon\/3rdicon\/iconredpacket\/6\/f1c3f636c8368dc7362e30d9348ed79a.png","type":"5","url":"","browserType":"1","index":null,"subType":null}]}
06-24 16:21:29.455 D/MainFragment(21171): appAdapter = com.excelliance.kxqp.platforms.AppShortcutGridAdapter@42ba57b
06-24 16:21:29.455 D/MainFragment(21171): activityArray = [{"iconId":"6","iconName":"数据迁移","iconPath":"http:\/\/cdn.multiopen.cn\/origicon\/3rdicon\/iconredpacket\/6\/f1c3f636c8368dc7362e30d9348ed79a.png","type":"5","url":"","browserType":"1","index":null,"subType":null}]
06-24 16:21:29.455 D/MainFragment(21171): MSG_FETCH_ADS initFactory
06-24 16:21:29.455 D/MainFragment(21171): iconObject={"iconId":"6","iconName":"数据迁移","iconPath":"http:\/\/cdn.multiopen.cn\/origicon\/3rdicon\/iconredpacket\/6\/f1c3f636c8368dc7362e30d9348ed79a.png","type":"5","url":"","browserType":"1","index":null,"subType":null}
06-24 16:21:29.455 D/MainFragment(21171): TYPE = 5
06-24 16:21:29.455 V/AdManager(21171): InitFactory.b_total:0
06-24 16:21:29.455 D/MainFragment(21171): activityList size = 0
06-24 16:21:29.455 V/AdManager(21171): integers_sp:[]
06-24 16:21:29.456 D/InitFactory(21171): getFactoryByType:_-1
06-24 16:21:29.456 V/FactoryData(21171): ads:null
06-24 16:21:29.456 D/InitFactory(21171): type:_-1
06-24 16:21:29.456 D/MainFragment(21171): MSG_FETCH_ADS initFactory final
06-24 16:21:29.457 I/GRALLOC (  679): 	 shrFd=10,fmt=0x1,intFmt=0x200000001,btStrd=4352,size=8486912,pid=679 
06-24 16:21:29.457 I/GRALLOC (  679): 	 yuv=2,w=1080,h=1920,Stride u=0 v=0,offset u=0 v=0 
06-24 16:21:29.457 I/GRALLOC (  679): 	 iova_size=8486912,conUsg=0xb00,proUsg=0xb00,	 strd=1088,[afbc]HdrStrd=1088 PyldStrd=69632 Scrmbl=2,ionhnd = 1 
06-24 16:21:29.459 E/BufferQueueProducer(  710): [com.excelliance.dualaid/com.excelliance.kxqp.ui.HelloActivity#0] disconnect: not connected (req=1)
06-24 16:21:29.459 W/libEGL  (21138): EGLNativeWindowType 0xc087c808 disconnect failed
06-24 16:21:29.464 D/BarTransitions.HwPhoneStatusBarView( 1513): MODE_TRANSPARENT -> MODE_TRANSLUCENT animate=false
06-24 16:21:29.464 D/BarTransitions.HwPhoneStatusBarView( 1513): applyModeBackground oldMode=MODE_TRANSPARENT newMode=MODE_TRANSLUCENT animate=false
06-24 16:21:29.464 D/BarTransitions.HwNavigationBarView( 1513): MODE_TRANSPARENT -> MODE_OPAQUE animate=false
06-24 16:21:29.465 D/BarTransitions.HwNavigationBarView( 1513): applyModeBackground oldMode=MODE_TRANSPARENT newMode=MODE_OPAQUE anima