06-24 15:33:10.793 I/ActivityManager(  657): ActivityRecord info: ActivityInfo{83665a0 com.excelliance.kxqp.user.LoginActivity}
06-24 15:33:10.795 V/WindowManager(  657): addAppToken: AppWindowToken{3f963c6 token=Token{a88c5a1 ActivityRecord{1316a08 u0 com.excelliance.dualaid/com.excelliance.kxqp.user.LoginActivity t16018}}} controller={TaskWindowContainerController taskId=16018} at 2147483647
06-24 15:33:10.799 I/PGServer( 1699): android calls fast hibernateApps
06-24 15:33:10.799 I/AppFastHibernation( 1699): fast hibernate duration: 1500 reason: start activity
06-24 15:33:10.800 I/Pged-IPgedBinderService(  769): ****action is 1, pid num is 6***
06-24 15:33:10.800 I/Pged-Freezer(  769): freezePids
06-24 15:33:10.800 I/Pged-Freezer(  769): Freeze process: 29457
06-24 15:33:10.800 I/Pged-Freezer(  769): Freeze process: 29531
06-24 15:33:10.800 I/Pged-Freezer(  769): Freeze process: 29347
06-24 15:33:10.800 I/Pged-Freezer(  769): Freeze process: 27318
06-24 15:33:10.801 I/Pged-Freezer(  769): Freeze process: 29532
06-24 15:33:10.801 D/PgedBinderAdapter( 1699): frz ok, pid: [29457, 29531, 29347, 27318, 29532]
06-24 15:33:10.802 D/PMS1000 (  657): package:com.excelliance.dualaid, input flags:1, output hwFlags:0
06-24 15:33:10.816 E/BufferQueueProducer(  710): [com.excelliance.dualaid/com.excelliance.kxqp.ui.HelloActivity#1] disconnect: not connected (req=1)
06-24 15:33:10.816 W/libEGL  ( 9366): EGLNativeWindowType 0xc4369808 disconnect failed
06-24 15:33:10.816 V/WindowManager(  657): removeIfPossible: Window{568c25 u0 com.excelliance.dualaid/com.excelliance.kxqp.ui.HelloActivity} callers=com.android.server.wm.WindowState.removeIfPossible:1914 com.android.server.wm.WindowManagerService.removeWindow:2022 com.android.server.wm.Session.remove:218 android.view.IWindowSession$Stub.onTransact:242 com.android.server.wm.Session.onTransact:161 
06-24 15:33:10.817 I/WindowManager(  657): Destroying surface Surface(name=com.excelliance.dualaid/com.excelliance.kxqp.ui.HelloActivity) called by com.android.server.wm.WindowStateAnimator.destroySurface:2060 com.android.server.wm.WindowStateAnimator.destroySurfaceLocked:873 com.android.server.wm.HwWindowStateAnimator.destroySurfaceLocked:1006 com.android.server.wm.WindowState.removeImmediately:1899 com.android.server.wm.WindowState.removeIfPossible:2051 com.android.server.wm.WindowState.removeIfPossible:1914 com.android.server.wm.WindowManagerService.removeWindow:2022 com.android.server.wm.Session.remove:218 
06-24 15:33:10.817 V/WindowManager(  657): postWindowRemoveCleanupLocked: Window{568c25 u0 com.excelliance.dualaid/com.excelliance.kxqp.ui.HelloActivity}
06-24 15:33:10.817 V/WindowManager(  657): Removing Window{568c25 u0 com.excelliance.dualaid/com.excelliance.kxqp.ui.HelloActivity} from AppWindowToken{fc3abec token=Token{9081e9f ActivityRecord{3aeb03e u0 com.excelliance.dualaid/com.excelliance.kxqp.ui.HelloActivity t16018}}}
06-24 15:33:10.838 V/WindowManager(  657): No longer Stopped: AppWindowToken{3f963c6 token=Token{a88c5a1 ActivityRecord{1316a08 u0 com.excelliance.dualaid/com.excelliance.kxqp.user.LoginActivity t16018}}}
06-24 15:33:10.838 V/WindowManager(  657): No longer Stopped: AppWindowToken{3f963c6 token=Token{a88c5a1 ActivityRecord{1316a08 u0 com.excelliance.dualaid/com.excelliance.kxqp.user.LoginActivity t16018}}}
06-24 15:33:10.841 V/ActivityThread( 2519): Handle window ActivityRecord{4719bb8 token=android.os.BinderProxy@b3fca27 {com.huawei.android.launcher/com.huawei.android.launcher.unihome.UniHomeLauncher}} visibility: false
06-24 15:33:10.847 E/BufferQueueProducer(  710): [com.huawei.android.launcher/com.huawei.android.launcher.unihome.UniHomeLauncher#0] disconnect: not connected (req=1)
06-24 15:33:10.847 W/libEGL  ( 2519): EGLNativeWindowType 0x748dc4c010 disconnect failed
06-24 15:33:10.854 D/ImageWallpaper( 1513): onOffsetsChanged: xOffset=0.0, yOffset=0.0, xOffsetStep=0.0, yOffsetStep=0.0, xPixels=0, yPixels=0
06-24 15:33:10.854 D/ImageWallpaper( 1513): Suppressed drawFrame since redraw is not needed and offsets have not changed.sf=Rect(0, 0 - 2160, 1920)
06-24 15:33:10.856 V/WindowManager(  657): Checking 1 opening apps (frozen=false timeout=false)...
06-24 15:33:10.856 V/WindowManager(  657): Check opening app=AppWindowToken{3f963c6 token=Token{a88c5a1 ActivityRecord{1316a08 u0 com.excelliance.dualaid/com.excelliance.kxqp.user.LoginActivity t16018}}}: allDrawn=false startingDisplayed=false startingMoved=false isRelaunching()=false
06-24 15:33:10.857 W/InputMethodManager( 9366): startInputReason = 1
06-24 15:33:10.858 D/HwQoEUtils(  657): mForegroundAppPackageName: com.excelliance.dualaid ,score: 0
06-24 15:33:10.858 D/HwQoEUtils(  657): APP type: -1 appName= com.excelliance.dualaid
06-24 15:33:10.858 D/HwQoEUtils(  657): no game, APP_TYPE_GAME, appName =com.excelliance.dualaid
06-24 15:33:10.858 W/InputMethodManagerService(  657): Focus gain on non-focused client com.android.internal.view.IInputMethodClient$Stub$Proxy@a771eb4 (uid=11422 pid=9366)
06-24 15:33:10.858 W/InputMethodManager( 9366): startInputOrWindowGainedFocus failed. Window focus may have already been lost. win=android.view.ViewRootImpl$W@d872156 view=com.excelliance.kxqp.widget.CustomListViewExt{ffdda19 VFED..C.. .F...... 0,0-1080,996 #7f0c01eb app:id/lv_apps},focus=true,windowFocus=true,window=android.view.ViewRootImpl$W@d872156,temporaryDetach=false
06-24 15:33:10.860 D/HwGameAssistantController(  657): pid=9392, uid=11422, foreground=true
06-24 15:33:10.860 D/HwGameAssistantController(  657): pid=2519, uid=10056, foreground=false
06-24 15:33:10.861 W/AwareLog(  657): SchedLevelBoost: onFgActivitiesChanged config not set!
06-24 15:33:10.864 I/HwNetworkPolicy(  657): onTransact, code = 203
06-24 15:33:10.864 I/HwCust  ( 9392): Constructor found for class android.app.HwCustActivityImpl
06-24 15:33:10.864 D/HwCust  ( 9392): Create obj success use class android.app.HwCustActivityImpl
06-24 15:33:10.864 I/HwNetworkPolicyManager( 1813): getHwUidPolicy uid = 11422 policy = 0
06-24 15:33:10.865 V/HwPolicyFactory( 9392): : success to get AllImpl object and return....
06-24 15:33:10.867 I/HwCust  ( 9392): Constructor found for class android.app.HwCustHwWallpaperManagerImpl
06-24 15:33:10.867 D/HwCust  ( 9392): Create obj success use class android.app.HwCustHwWallpaperManagerImpl
06-24 15:33:10.867 D/PMS11422(  657): package:com.excelliance.dualaid, input flags:0, output hwFlags:0
06-24 15:33:10.869 V/ActivityThread( 9392): ActivityThread,callActivityOnCreate
06-24 15:33:10.870 E/ConvertData( 9392): layout not exist:activity_login_register_blue
06-24 15:33:10.874 D/HwNetworkManagementService(  657): code == CODE_GET_AD_KEY_LIST
06-24 15:33:10.874 D/HwNetworkManagementService(  657): appName = com.excelliance.dualaid  is not in the mAdViewMap! reply none
06-24 15:33:10.874 D/HwNetworkManagementService(  657): appName = com.excelliance.dualaid  is not in the mAdIdMap! reply none
06-24 15:33:10.875 W/Utils   ( 9392): Utils_isSuperResolutionSupport [load libai_client.so failed]
06-24 15:33:10.882 D/HwRTBlurUtils( 9392): check blur style for HwPhoneWindow-, themeResId : 0x7f0e000a, context : com.excelliance.kxqp.user.LoginActivity@18036e9, Nhwext : 0, get Blur : disable with , null
06-24 15:33:10.882 D/HwRTBlurUtils( 9392): check blur style for HwPhoneWindow-, themeResId : 0x7f0e000a, context : com.excelliance.kxqp.user.LoginActivity@18036e9, Nhwext : 0, get Blur : disable with , null
06-24 15:33:10.884 D/FindViewUtil( 9392): resId:_2131492895
06-24 15:33:10.884 D/FindViewUtil( 9392): resId:_2131492896
06-24 15:33:10.884 D/FindViewUtil( 9392): resId:_2131492908
06-24 15:33:10.884 D/FindViewUtil( 9392): resId:_2131492997
06-24 15:33:10.884 D/LoginActivity( 9392): showFragment:0
06-24 15:33:10.886 D/LoginActivity( 9392): getPrePhone: 
06-24 15:33:10.893 D/ConnectivityManager( 9392): getMobileDataEnabled()+ subId=0
06-24 15:33:10.893 D/PhoneInterfaceManager( 1715): [PhoneIntfMgr] getDataEnabled: subId=0 phoneId=0
06-24 15:33:10.893 D/PhoneInterfaceManager( 1715): [PhoneIntfMgr] getDataEnabled: subId=0 retVal=false
06-24 15:33:10.894 D/ConnectivityManager( 9392): getMobileDataEnabled()- subId=0 retVal=false
06-24 15:33:10.894 D/LoginActiv