--------- beginning of main
06-24 16:21:12.533 I/TrafficMonitor(  657): update:rxPkts:2,txPkts:7,rxBytes:80,txBytes:280
06-24 16:21:12.534 I/TrafficMonitor(  657): start expired. level:-1
06-24 16:21:12.534 I/TrafficMonitor(  657): gettimer:interval=2000
06-24 16:21:12.780 D/NetWorkUtils( 1513): mVSimCurCardType is -1
06-24 16:21:12.781 W/ResourceType( 1513): No package identifier when getting value for resource number 0x00000000
06-24 16:21:12.782 E/HwNotchUtils( 1513): setIconForView iconId is not found
06-24 16:21:12.783 D/NetWorkUtils( 1513): mVSimCurCardType is -1
06-24 16:21:12.784 W/ResourceType( 1513): No package identifier when getting value for resource number 0x00000000
06-24 16:21:12.784 E/HwNotchUtils( 1513): setIconForView iconId is not found
06-24 16:21:12.938 D/HwWifiStatStore(  657): handleMessage : 200
06-24 16:21:13.143 I/zygote64(  657): Background concurrent copying GC freed 405758(23MB) AllocSpace objects, 100(2000KB) LOS objects, 31% free, 53MB/77MB, paused 1.166ms total 311.143ms
06-24 16:21:13.783 D/NetWorkUtils( 1513): mVSimCurCardType is -1
06-24 16:21:13.788 D/NetWorkUtils( 1513): mVSimCurCardType is -1
06-24 16:21:14.058 W/AwareLog(  657): AwareMem_MemoryUtils: trim Memory illegal arg exception, proc:19580 level:40
--------- beginning of system
06-24 16:21:14.374 I/ActivityManager(  657): START u0 {act=android.intent.action.MAIN cat=[android.intent.category.LAUNCHER] flg=0x10000000 cmp=com.excelliance.dualaid/com.excelliance.kxqp.ui.HelloActivity} from uid 2000
06-24 16:21:14.378 I/ash     ( 1699): front pkg : com.excelliance.dualaid launcher: false
06-24 16:21:14.378 I/ash     ( 1699): above launcher front pkgs: [com.excelliance.dualaid]
06-24 16:21:14.380 I/ActivityManager(  657): ActivityRecord info: ActivityInfo{4151543 com.excelliance.kxqp.ui.HelloActivity}
06-24 16:21:14.382 V/WindowManager(  657): addAppToken: AppWindowToken{67de913 token=Token{9d40c02 ActivityRecord{d98394d u0 com.excelliance.dualaid/com.excelliance.kxqp.ui.HelloActivity t16037}}} controller={TaskWindowContainerController taskId=16037} at 2147483647
06-24 16:21:14.383 I/PGServer( 1699): android calls fast hibernateApps
06-24 16:21:14.383 I/AppFastHibernation( 1699): fast hibernate duration: 1500 reason: start activity
06-24 16:21:14.383 I/Pged-IPgedBinderService(  769): ****action is 1, pid num is 6***
06-24 16:21:14.383 I/Pged-Freezer(  769): freezePids
06-24 16:21:14.383 I/Pged-Freezer(  769): Freeze process: 29457
06-24 16:21:14.384 D/PMS1000 (  657): package:com.excelliance.dualaid, input flags:1, output hwFlags:0
06-24 16:21:14.384 I/Pged-Freezer(  769): Freeze process: 29531
06-24 16:21:14.384 I/Pged-Freezer(  769): Freeze process: 14942
06-24 16:21:14.385 I/Pged-Freezer(  769): Freeze process: 15544
06-24 16:21:14.385 I/Pged-Freezer(  769): Freeze process: 19530
06-24 16:21:14.385 D/MotionDetectionManager( 2519): stopMotionAppsReco motionApps: 403
06-24 16:21:14.385 D/MotionDetectionManager( 2519): stopMotionAppsReco not recognition motionApps 403
06-24 16:21:14.385 W/HwLauncher( 2519): Launcher.MotionManager stopMotionAppsReco service flg 403 is unavailable
06-24 16:21:14.386 D/PgedBinderAdapter( 1699): frz ok, pid: [29457, 29531, 14942, 15544, 19530]
06-24 16:21:14.387 V/ActivityManager(  657): startProcess: name=com.excelliance.dualaid:olle app=null knownToBeDead=true thread=null pid=-1
06-24 16:21:14.388 D/PMS1000 (  657): package:com.excelliance.dualaid, input flags:0, output hwFlags:0
06-24 16:21:14.396 I/        (21138): power log dlsym ok
06-24 16:21:14.398 I/ActivityManager(  657): Start proc 21138:com.excelliance.dualaid:olle/u0a1423 for activity com.excelliance.dualaid/com.excelliance.kxqp.ui.HelloActivity
06-24 16:21:14.399 V/WindowManager(  657): No longer Stopped: AppWindowToken{67de913 token=Token{9d40c02 ActivityRecord{d98394d u0 com.excelliance.dualaid/com.excelliance.kxqp.ui.HelloActivity t16037}}}
06-24 16:21:14.399 V/ActivityManager(  657): startProcess: name=com.excelliance.dualaid:olle app=ProcessRecord{8523750 21138:com.excelliance.dualaid:olle/u0a1423} knownToBeDead=true thread=null pid=21138
06-24 16:21:14.400 I/zygote  (21138): Reinit property: dalvik.vm.checkjni= false
06-24 16:21:14.412 D/ActivityThread(21138): ActivityThread,attachApplication
06-24 16:21:14.413 D/ActivityManager(  657): ActivityManagerService,attachApplication,callingPid = 21138
06-24 16:21:14.415 V/WindowManager(  657): No longer Stopped: AppWindowToken{67de913 token=Token{9d40c02 ActivityRecord{d98394d u0 com.excelliance.dualaid/com.excelliance.kxqp.ui.HelloActivity t16037}}}
06-24 16:21:14.423 V/WindowManager(  657): findFocusedWindow: AppWindowToken{d3a938b token=Token{377755a ActivityRecord{d5c9105 u0 com.huawei.android.launcher/.unihome.UniHomeLauncher t15658}}} below Reached focused app=AppWindowToken{67de913 token=Token{9d40c02 ActivityRecord{d98394d u0 com.excelliance.dualaid/com.excelliance.kxqp.ui.HelloActivity t16037}}}
06-24 16:21:14.424 D/ScenarioService( 1699): front pkg : com.excelliance.dualaid launcher: false
06-24 16:21:14.424 D/ScenarioService( 1699): new above launcher front pkgs: [com.excelliance.dualaid]
06-24 16:21:14.424 I/AppsUsage( 1699): scnOff:false FgAPP:com.excelliance.dualaid BgAPP:com.huawei.android.launcher
06-24 16:21:14.427 D/EmcomManagerService(  657): forePackage name is com.excelliance.dualaid
06-24 16:21:14.427 D/HicomPolicyManager(  657): foreAppInfo = nullpkgName = com.excelliance.dualaid uid= 11423
06-24 16:21:14.427 E/HicomPolicyManager(  657): udp acc is not start yet!
06-24 16:21:14.427 D/HicomPolicyManager(  657): speed control is not start
06-24 16:21:14.427 E/HicomPolicyManager(  657): Network Evaluation is not start yet!
06-24 16:21:14.427 E/HicomPolicyManager(  657): foreground app info is null
06-24 16:21:14.427 V/WindowManager(  657): Checking 1 opening apps (frozen=false timeout=false)...
06-24 16:21:14.427 V/WindowManager(  657): Check opening app=AppWindowToken{67de913 token=Token{9d40c02 ActivityRecord{d98394d u0 com.excelliance.dualaid/com.excelliance.kxqp.ui.HelloActivity t16037}}}: allDrawn=false startingDisplayed=false startingMoved=false isRelaunching()=false
06-24 16:21:14.428 D/[HwRecSys]HwRecSysService( 2647): onEvent actionID: 10000 msg:com.excelliance.dualaid		
06-24 16:21:14.428 E/[HwRecSys]HwRecSysService( 2647): getIsRportDirectService is false!
06-24 16:21:14.430 I/PGServer( 1699): report state:10010 event type:2 pid:0 uid:0 pkg:com.huawei.android.launcher to pid: 657
06-24 16:21:14.430 I/PGServer( 1699): report state:10010 event type:2 pid:0 uid:0 pkg:com.huawei.android.launcher to pid: 1699
06-24 16:21:14.430 I/SceneReceiver( 1699): state type: 10010 eventType:2 pid:0 uid:0 pkg:com.huawei.android.launcher
06-24 16:21:14.430 I/PGServer( 1699): report state:10000 event type:1 pid:0 uid:0 pkg:com.excelliance.dualaid to pid: 657
06-24 16:21:14.430 I/PGServer( 1699): report state:10000 event type:1 pid:0 uid:0 pkg:com.excelliance.dualaid to pid: 1699
06-24 16:21:14.430 I/SceneReceiver( 1699): state type: 10000 eventType:1 pid:0 uid:0 pkg:com.excelliance.dualaid
06-24 16:21:14.430 D/HwThermalStateManager( 1699): current foreapp pkg : com.excelliance.dualaid
06-24 16:21:14.431 W//system/bin/hwservicemanager(  416): Cannot open /odm/manifest.xml
06-24 16:21:14.431 I/PGServer( 1699): checkPkgType. calling pkg: android
06-24 16:21:14.431 I/PGServer( 1699): checkPkgType. calling pkg: android
06-24 16:21:14.432 D/HwQoEUtils(  657): mForegroundAppPackageName: com.excelliance.dualaid:olle ,score: 0
06-24 16:21:14.432 D/HwQoEUtils(  657): APP type: -1 appName= com.excelliance.dualaid:olle
06-24 16:21:14.432 D/HwQoEUtils(  657): RealAppName:com.excelliance.dualaid
06-24 16:21:14.433 D/HwQoEUtils(  657): no game, APP_TYPE_GAME, appName =com.excelliance.dualaid:olle
06-24 16:21:14.433 D/HwGameAssistantController(  657): pid=21138, uid=11423, foreground=true
06-24 16:21:14.433 W/libc    ( 1699): Set property "sys.aps.gameProcessName" to ""
06-24 16:21:14.434 W/AwareLog(  657): SchedLevelBoost: onFgActivitiesChanged config not set!
06-24 16:21:14.436 I/HwNetworkPolicy(  657): onTransact, code = 203
06-24 16:21:14.436 I/HwNetworkPolicyManager( 1813): getHwUidPolicy uid = 11423 policy = 0
06-24 16:21:14.437 W/libc    ( 1699): Set property "sys.aps.browserProcessName" to ""
06-24 16:21:14.443 D/HwFLClassLoader(21138): get used feature list :/feature/used-list failed!
06-24 16:21:14.443 D/HwFLClassLoader(21138): USE_FEATURE_LIST had not init! 
06-24 16:21:14.455 W//system/bin/hwservicemanager(  416): Cannot open /odm/manifest.xml
06-24 16:21:14.455 I/zygote  (21138): Background concurrent copying GC freed 4850(1356KB) AllocSpace objects, 0(0B) LOS objects, 78% free, 419KB/1955KB, paused 5.594ms total 13.745ms
06-24 16:21:14.457 I/GRALLOC (  679): 	 shrFd=10,fmt=0x1,intFmt=0x1,btStrd=256,size=4096,pid=679 
06-24 16:21:14.457 I/GRALLOC (  679): 	 yuv=2,w=16,h=16,Stride u=0 v=0,offset u=0 v=0 
06-24 16:21:14.457 I/GRALLOC (  679): 	 iova_size=4096,conUsg=0x100,proUsg=0x100,	 strd=64,[afbc]HdrStrd=0 PyldStrd=0 Scrmbl=0,ionhnd = 1 
06-24 16:21:14.468 E/MemoryLeakMonitorManager(21138): MemoryLeakMonitor.jar is not exist!
06-24 16:21:14.469 D/CrashHandler(21138): CrashHandler
06-24 16:21:14.469 D/KXQPApplication(21138): run: initUserManager
06-24 16:21:14.470 E/Minikin (21138): Could not get cmap table size!
06-24 16:21:14.470 D/PMS11423(  657): package:com.excelliance.dualaid, input flags:128, output hwFlags:0
06-24 16:21:14.479 I/HwCust  (21138): Constructor found for class android.app.HwCustActivityImpl
06-24 16:21:14.479 D/HwCust  (21138): Create obj success use class android.app.HwCustActivityImpl
06-24 16:21:14.481 V/HwPolicyFactory(21138): : success to get AllImpl object and return....
06-24 16:21:14.482 I/HwCust  (21138): Constructor found for class android.app.HwCustHwWallpaperManagerImpl
06-24 16:21:14.482 D/HwCust  (21138): Create obj success use class android.app.HwCustHwWallpaperManagerImpl
06-24 16:21:14.483 D/PMS11423(  657): package:com.excelliance.dualaid, input flags:0, output hwFlags:0
06-24 16:21:14.485 V/HwWidgetFactory(21138): : successes to get AllImpl object and return....
06-24 16:21:14.486 V/ActivityThread(21138): ActivityThread,callActivityOnCreate
06-24 16:21:14.486 D/HelloActivity(21138): Memory:25146M
06-24 16:21:14.488 D/HelloActivity(21138): onCreate: true
06-24 16:21:14.489 D/HelloActivity(21138): is code boot
06-24 16:21:14.492 D/HelloActivity(21138): mIsNav = false
06-24 16:21:14.499 D/HwRecentsLockUtils( 1513): Search
06-24 16:21:14.500 E/HsmCoreServiceImpl( 1478): onTransact in code is: 103
06-24 16:21:14.500 I/MediaProcessHandler( 1478): playingUids: 
06-24 16:21:14.500 D/ActivityManager(  657): Skipping, home or recents stack task: TaskRecord{333215f #15658 A=com.huawei.android.launcher U=0 StackId=0 sz=1}
06-24 16:21:14.500 D/ActivityManager(  657): Skipping intent:act=android.intent.action.MAIN cat=[android.intent.category.LAUNCHER] flg=0x10a00000 cmp=io.appium.settings/.Settings
06-24 16:21:14.500 D/ActivityManager(  657): Skipping intent:flg=0x10804000 cmp=com.android.systemui/.recents.RecentsActivity bnds=[48,928][1032,2296]
06-24 16:21:14.500 D/ActivityManager(  657): Skipping intent:flg=0x18800000 cmp=com.tencent.mm/.plugin.base.stub.WXPayEntryActivity
06-24 16:21:14.500 D/ActivityManager(  657): Skipping intent:flg=0x10800000 cmp=com.huawei.systemmanager/com.huawei.permissionmanager.ui.MainActivity
06-24 16:21:14.500 D/ActivityManager(  657): Skipping intent:flg=0x18800000 cmp=com.tencent.mm/.plugin.base.stub.WXEntryActivity
06-24 16:21:14.500 D/ActivityManager(  657): Skipping intent:act=com.huawei.action.VOICE_ASSISTANT flg=0x10800000 pkg=com.huawei.vassistant cmp=com.huawei.vassistant/.ui.main.VAssistantActivity
06-24 16:21:14.500 D/ActivityManager(  657): Skipping intent:act=com.huawei.android.launcher.action.ACCESS_SPLIT_SCREEN_APP cat=[android.intent.category.DEFAULT] flg=0x10804000 cmp=com.huawei.android.launcher/.splitscreen.SplitScreenAppActivity
06-24 16:21:14.500 D/ActivityManager(  657): Skipping intent:flg=0x10800000 pkg=com.excelliance.dualaid.b64 cmp=com.excelliance.dualaid.b64/com.excelliance.kxqp.sdk.PermissionRequestActivity
06-24 16:21:14.500 D/ActivityManager(  657): Skipping intent:act=android.intent.action.VIEW dat=content://com.excelliance.dualaid.fileProvider/external_storage_root/Download/apk/Multiple_64.apk typ=application/vnd.android.package-archive flg=0x10800001 cmp=com.android.packageinstaller/.InstallStart
06-24 16:21:14.500 D/ActivityManager(  657): Skipping intent:flg=0x10800000 cmp=com.android.systemui/.usb.HwUsbDebuggingActivity
06-24 16:21:14.500 D/ActivityManager(  657): Skipping intent:act=android.deviceinfo.chooser.action.LAUNCH flg=0x10800000 hwFlg=0x100 pkg=com.android.settings cmp=com.android.settings/.deviceinfo.UsbConnModeChooserActivity
06-24 16:21:14.500 D/ActivityManager(  657): Skipping intent:flg=0x10800000 cmp=com.zol.android/.push.KeepLiveActivity
06-24 16:21:14.500 D/ActivityManager(  657): Skipping intent:act=android.intent.action.MAIN cat=[android.intent.category.HOME] flg=0x10800300 cmp=com.android.settings/.FallbackHome
06-24 16:21:14.510 D/HelloActivity(21138): defDisplayStyle:5
06-24 16:21:14.513 D/HttpUtils(21138): getDownloadMode()
06-24 16:21:14.513 D/NetUtils(21138): init inited = true
06-24 16:21:14.513 D/HelloActivity(21138): enter Nav2
06-24 16:21:14.516 I/ActivityManager(  657): START u0 {pkg=com.excelliance.dualaid cmp=com.excelliance.dualaid/com.excelliance.kxqp.swipe.NavActivity2 (has extras)} from uid 11423
06-24 16:21:14.516 D/NetworkSecurityConfig(21138): No Network Security Config specified, using platform default
06-24 16:21:14.516 I/ActivityManager(  657): ActivityRecord info: ActivityInfo{1846ebe com.excelliance.kxqp.swipe.NavActivity2}
06-24 16:21:14.516 V/WindowManager(  657): findFocusedWindow: AppWindowToken{d3a938b token=Token{377755a ActivityRecord{d5c9105 u0 com.huawei.android.launcher/.unihome.UniHomeLauncher t15658}}} below Reached focused app=AppWindowToken{67de913 token=Token{9d40c02 ActivityRecord{d98394d u0 com.excelliance.dualaid/com.excelliance.kxqp.ui.HelloActivity t16037}}}
06-24 16:21:14.517 V/WindowManager(  657): addAppToken: AppWindowToken{3c7678b token=Token{3a3195a ActivityRecord{2204505 u0 com.excelliance.dualaid/com.excelliance.kxqp.swipe.NavActivity2 t16037}}} controller={TaskWindowContainerController taskId=16037} at 2147483647
06-24 16:21:14.518 W/libc    (  493): Set property "hw.wifi.dns_stat" to "34034,29491,5028,1,52601"
06-24 16:21:14.522 V/ActivityManager(  657): startProcess: name=com.excelliance.dualaid app=null knownToBeDead=true thread=null pid=-1
06-24 16:21:14.522 D/PMS1000 (  657): package:com.excelliance.dualaid, input flags:0, output hwFlags:0
06-24 16:21:14.528 I/ActivityManager(  657): Start proc 21171:com.excelliance.dualaid/u0a1423 for service com.excelliance.dualaid/com.excelliance.kxqp.SmtServService
06-24 16:21:14.529 I/        (21171): power log dlsym ok
06-24 16:21:14.531 I/zygote  (21171): Reinit property: dalvik.vm.checkjni= false
06-24 16:21:14.534 D/HwNetworkManagementService(  657): code == CODE_GET_AD_KEY_LIST
06-24 16:21:14.534 D/HwNetworkManagementService(  657): appName = com.excelliance.dualaid  is not in the mAdViewMap! reply none
06-24 16:21:14.534 D/HwNetworkManagementService(  657): appName = com.excelliance.dualaid  is not in the mAdIdMap! reply none
06-24 16:21:14.534 I/TrafficMonitor(  657): update:rxPkts:1,txPkts:3,rxBytes:36,txBytes:180
06-24 16:21:14.534 I/TrafficMonitor(  657): start expired. level:-1
06-24 16:21:14.534 I/TrafficMonitor(  657): gettimer:interval=2000
06-24 16:21:14.536 D/ActivityThread(21138): add activity client record, r= ActivityRecord{cbe2ddc token=android.os.BinderProxy@d13fa03 {com.excelliance.dualaid/com.excelliance.kxqp.ui.HelloActivity}} token= android.os.BinderProxy@d13fa03
06-24 16:21:14.539 D/ActivityThread(21171): ActivityThread,attachApplication
06-24 16:21:14.539 V/WindowManager(  657): No longer Stopped: AppWindowToken{3c7678b token=Token{3a3195a ActivityRecord{2204505 u0 com.excelliance.dualaid/com.excelliance.kxqp.swipe.NavActivity2 t16037}}}
06-24 16:21:14.539 V/WindowManager(  657): No longer Stopped: AppWindowToken{3c7678b token=Token{3a3195a ActivityRecord{2204505 u0 com.excelliance.dualaid/com.excelliance.kxqp.swipe.NavActivity2 t16037}}}
06-24 16:21:14.544 V/WindowManager(  657): Checking 1 opening apps (frozen=false timeout=false)...
06-24 16:21:14.544 V/WindowManager(  657): Check opening app=AppWindowToken{3c7678b token=Token{3a3195a ActivityRecord{2204505 u0 com.excelliance.dualaid/com.excelliance.kxqp.swipe.NavActivity2 t16037}}}: allDrawn=false startingDisplayed=false startingMoved=false isRelaunching()=false
06-24 16:21:14.544 D/ActivityManager(  657): ActivityManagerService,attachApplication,callingPid = 21171
06-24 16:21:14.550 W//system/bin/hwservicemanager(  416): Cannot open /odm/manifest.xml
06-24 16:21:14.551 D/HwCust  (21138): Create obj success use class android.app.HwCustActivityImpl
06-24 16:21:14.551 D/HwCust  (21138): Create obj success use class android.app.HwCustHwWallpaperManagerImpl
06-24 16:21:14.552 V/ActivityThread(21138): ActivityThread,callActivityOnCreate
06-24 16:21:14.558 W/X509TrustManager(21138): checkServerTrusted: SignatureException:null
06-24 16:21:14.558 W/X509TrustManager(21138): checkServerTrusted: SignatureException:error:04000073:RSA routines:OPENSSL_internal:DATA_TOO_LARGE_FOR_MODULUS
06-24 16:21:14.558 D/NavActivity2(21138): onCreate
06-24 16:21:14.564 W/Utils   (21138): Utils_isSuperResolutionSupport [load libai_client.so failed]
06-24 16:21:14.564 D/PMS11423(  657): package:com.excelliance.dualaid, input flags:128, output hwFlags:0
06-24 16:21:14.566 D/CubicBezierInterpolator(21138): CubicBezierInterpolator  mControlPoint1x = 0.23, mControlPoint1y = 0.06, mControlPoint2x = 0.09, mControlPoint2y = 0.97
06-24 16:21:14.566 D/CubicBezierInterpolator(21138): CubicBezierInterpolator  mControlPoint1x = 0.6, mControlPoint1y = 0.9, mControlPoint2x = 0.8, mControlPoint2y = 1.0
06-24 16:21:14.566 D/CubicBezierInterpolator(21138): CubicBezierInterpolator  mControlPoint1x = 0.23, mControlPoint1y = 0.06, mControlPoint2x = 0.09, mControlPoint2y = 0.97
06-24 16:21:14.566 D/CubicBezierInterpolator(21138): CubicBezierInterpolator  mControlPoint1x = 0.6, mControlPoint1y = 0.9, mControlPoint2x = 0.8, mControlPoint2y = 1.0
06-24 16:21:14.566 D/CubicBezierInterpolator(21138): CubicBezierInterpolator  mControlPoint1x = 0.23, mControlPoint1y = 0.06, mControlPoint2x = 0.09, mControlPoint2y = 0.97
06-24 16:21:14.567 D/CubicBezierInterpolator(21138): CubicBezierInterpolator  mControlPoint1x = 0.6, mControlPoint1y = 0.9, mControlPoint2x = 0.8, mControlPoint2y = 1.0
06-24 16:21:14.567 D/CubicBezierInterpolator(21138): CubicBezierInterpolator  mControlPoint1x = 0.23, mControlPoint1y = 0.06, mControlPoint2x = 0.09, mControlPoint2y = 0.97
06-24 16:21:14.567 D/CubicBezierInterpolator(21138): CubicBezierInterpolator  mControlPoint1x = 0.6, mControlPoint1y = 0.9, mControlPoint2x = 0.8, mControlPoint2y = 1.0
06-24 16:21:14.567 W//system/bin/hwservicemanager(  416): Cannot open /odm/manifest.xml
06-24 16:21:14.569 I/GRALLOC (  679): 	 shrFd=10,fmt=0x1,intFmt=0x1,btStrd=256,size=4096,pid=679 
06-24 16:21:14.569 I/GRALLOC (  679): 	 yuv=2,w=16,h=16,Stride u=0 v=0,offset u=0 v=0 
06-24 16:21:14.569 I/GRALLOC (  679): 	 iova_size=4096,conUsg=0x100,proUsg=0x100,	 strd=64,[afbc]HdrStrd=0 PyldStrd=0 Scrmbl=0,ionhnd = 1 
06-24 16:21:14.573 D/HwRTBlurUtils(21138): check blur style for HwPhoneWindow-, themeResId : 0x7f0e000a, context : com.excelliance.kxqp.swipe.NavActivity2@794246b, Nhwext : 0, get Blur : disable with , null
06-24 16:21:14.573 D/HwRTBlurUtils(21138): check blur style for HwPhoneWindow-, themeResId : 0x7f0e000a, context : com.excelliance.kxqp.swipe.NavActivity2@794246b, Nhwext : 0, get Blur : disable with , null
06-24 16:21:14.573 E/test    (21138): hw notch screen flag api error
06-24 16:21:14.575 D/HwFLClassLoader(21171): get used feature list :/feature/used-list failed!
06-24 16:21:14.575 D/HwFLClassLoader(21171): USE_FEATURE_LIST had not init! 
06-24 16:21:14.576 D/ActivityThread(21138): add activity client record, r= ActivityRecord{414755e token=android.os.BinderProxy@31abee5 {com.excelliance.dualaid/com.excelliance.kxqp.swipe.NavActivity2}} token= android.os.BinderProxy@31abee5
06-24 16:21:14.577 E/ViewUtils(21138): setBgColor: view==null:top
06-24 16:21:14.586 D/OpenGLRenderer(21138):   HWUI Binary is  enabled
06-24 16:21:14.587 D/SurfaceFlinger(  710): SurfaceFlinger: getDisplayConfigs--3.000000, 1080, 1920
06-24 16:21:14.588 I/chatty  (  710): uid=1000(system) Binder:710_3 identical 1 line
06-24 16:21:14.588 D/SurfaceFlinger(  710): SurfaceFlinger: getDisplayConfigs--3.000000, 1080, 1920
06-24 16:21:14.589 D/OpenGLRenderer(21138): HWUI GL Pipeline
06-24 16:21:14.592 D/PMS11423(  657): package:com.excelliance.dualaid, input flags:128, output hwFlags:0
06-24 16:21:14.592 V/WindowManager(  657): Adding Window{d937efe u0 com.excelliance.dualaid/com.excelliance.kxqp.swipe.NavActivity2} to AppWindowToken{3c7678b token=Token{3a3195a ActivityRecord{2204505 u0 com.excelliance.dualaid/com.excelliance.kxqp.swipe.NavActivity2 t16037}}}
06-24 16:21:14.593 V/WindowManager(  657): addWindow: New client android.os.BinderProxy@6c9eab9: window=Window{d937efe u0 com.excelliance.dualaid/com.excelliance.kxqp.swipe.NavActivity2} Callers=com.android.server.wm.HwWindowManagerService.addWindow:562 com.android.server.wm.Session.addToDisplay:199 android.view.IWindowSession$Stub.onTransact:124 com.android.server.wm.Session.onTransact:161 android.os.Binder.execTransact:675 
06-24 16:21:14.596 D/HttpUtils(21138): getResponseCode():200
06-24 16:21:14.596 D/WHEG    (21138): {"status":"0","controls":"","skip":"0"}
06-24 16:21:14.599 V/WindowManager(  657): Checking 1 opening apps (frozen=false timeout=false)...
06-24 16:21:14.599 V/WindowManager(  657): Check opening app=AppWindowToken{3c7678b token=Token{3a3195a ActivityRecord{2204505 u0 com.excelliance.dualaid/com.excelliance.kxqp.swipe.NavActivity2 t16037}}}: allDrawn=false startingDisplayed=false startingMoved=false isRelaunching()=false
06-24 16:21:14.599 D/PMS11423(  657): package:com.excelliance.dualaid, input flags:128, output hwFlags:0
06-24 16:21:14.600 D/HwGalleryCacheManagerImpl(21138): mIsEffect:false
06-24 16:21:14.604 D/PMS11423(  657): package:com.excelliance.dualaid, input flags:128, output hwFlags:0
06-24 16:21:14.627 E/WifiHAL (  706): enter wifi_get_link_stats
06-24 16:21:14.635 E/wificond(  765): Failed to get NL80211_STA_INFO_CNAHLOAD
06-24 16:21:14.636 E/WificondControl(  657): Noise: -91, Snr: 0, Chload: -1
06-24 16:21:14.636 D/HwWifiCHRStateManager(  657): handleMessage : 1001
06-24 16:21:14.636 D/HwWifiCHRStateManager(  657): handleUpdateChannel:5805
06-24 16:21:14.636 V/HwWifiServiceFactory(  657): get AllImpl object = com.android.server.wifi.HwWifiServiceFactoryImpl@a390a53
06-24 16:21:14.637 D/WifiScoreReport(  657): Score = 100, wifiConnectivityManagerEnabled = false, lowScoreCount = 0
06-24 16:21:14.644 D/HwRecentsLockUtils( 1513): Search
06-24 16:21:14.644 E/HsmCoreServiceImpl( 1478): onTransact in code is: 103
06-24 16:21:14.644 I/MediaProcessHandler( 1478): playingUids: 
06-24 16:21:14.644 D/ActivityManager(  657): Skipping, home or recents stack task: TaskRecord{333215f #15658 A=com.huawei.android.launcher U=0 StackId=0 sz=1}
06-24 16:21:14.644 D/ActivityManager(  657): Skipping intent:act=android.intent.action.MAIN cat=[android.intent.category.LAUNCHER] flg=0x10a00000 cmp=io.appium.settings/.Settings
06-24 16:21:14.644 D/ActivityManager(  657): Skipping intent:flg=0x10804000 cmp=com.android.systemui/.recents.RecentsActivity bnds=[48,928][1032,2296]
06-24 16:21:14.644 D/ActivityManager(  657): Skipping intent:flg=0x18800000 cmp=com.tencent.mm/.plugin.base.stub.WXPayEntryActivity
06-24 16:21:14.644 D/ActivityManager(  657): Skipping intent:flg=0x10800000 cmp=com.huawei.systemmanager/com.huawei.permissionmanager.ui.MainActivity
06-24 16:21:14.644 D/ActivityManager(  657): Skipping intent:flg=0x18800000 cmp=com.tencent.mm/.plugin.base.stub.WXEntryActivity
06-24 16:21:14.644 D/ActivityManager(  657): Skipping intent:act=com.huawei.action.VOICE_ASSISTANT flg=0x10800000 pkg=com.huawei.vassistant cmp=com.huawei.vassistant/.ui.main.VAssistantActivity
06-24 16:21:14.645 D/ActivityManager(  657): Skipping intent:act=com.huawei.android.launcher.action.ACCESS_SPLIT_SCREEN_APP cat=[android.intent.category.DEFAULT] flg=0x10804000 cmp=com.huawei.android.launcher/.splitscreen.SplitScreenAppActivity
06-24 16:21:14.645 D/ActivityManager(  657): Skipping intent:flg=0x10800000 pkg=com.excelliance.dualaid.b64 cmp=com.excelliance.dualaid.b64/com.excelliance.kxqp.sdk.PermissionRequestActivity
06-24 16:21:14.645 D/ActivityManager(  657): Skipping intent:act=android.intent.action.VIEW dat=content://com.excelliance.dualaid.fileProvider/external_storage_root/Download/apk/Multiple_64.apk typ=application/vnd.android.package-archive flg=0x10800001 cmp=com.android.packageinstaller/.InstallStart
06-24 16:21:14.645 D/ActivityManager(  657): Skipping intent:flg=0x10800000 cmp=com.android.systemui/.usb.HwUsbDebuggingActivity
06-24 16:21:14.645 D/ActivityManager(  657): Skipping intent:act=android.deviceinfo.chooser.action.LAUNCH flg=0x10800000 hwFlg=0x100 pkg=com.android.settings cmp=com.android.settings/.deviceinfo.UsbConnModeChooserActivity
06-24 16:21:14.645 D/ActivityManager(  657): Skipping intent:flg=0x10800000 cmp=com.zol.android/.push.KeepLiveActivity
06-24 16:21:14.645 D/ActivityManager(  657): Skipping intent:act=android.intent.action.MAIN cat=[android.intent.category.HOME] flg=0x10800300 cmp=com.android.settings/.FallbackHome
06-24 16:21:14.672 D/MainActivity(21138): instantiateItem: 2	android.widget.RelativeLayout{d00e2b1 V.E...... ......I. 0,0-0,0}
06-24 16:21:14.673 D/MainActivity(21138): initPage3: 
06-24 16:21:14.677 V/WindowManager(  657): Checking 1 opening apps (frozen=false timeout=false)...
06-24 16:21:14.677 V/WindowManager(  657): Check opening app=AppWindowToken{3c7678b token=Token{3a3195a ActivityRecord{2204505 u0 com.excelliance.dualaid/com.excelliance.kxqp.swipe.NavActivity2 t16037}}}: allDrawn=false startingDisplayed=false startingMoved=false isRelaunching()=false
06-24 16:21:14.679 V/HwPhoneWindowManager(  657): updateSystemUiColorLw window=Window{d937efe u0 com.excelliance.dualaid/com.excelliance.kxqp.swipe.NavActivity2},EmuiStyle=0,StatusBarColor=0xff000000,NavigationBarColor=0xff000000, mLastIsEmuiLightStyle=-1
06-24 16:21:14.680 D/HwPhoneWindowManager(  657): Transact:setSystemUIColor to status bar service
06-24 16:21:14.680 I/CommandQueue( 1513): updateBarBgColor
06-24 16:21:14.680 D/CommandQueue( 1513): CommandQueue, setBarBackgroundColor
06-24 16:21:14.680 I/zygote  (21171): Compiler allocated 4MB to compile boolean com.excelliance.kxqp.KXQPApplication.b(int)
06-24 16:21:14.681 V/WindowManager(  657): Checking 1 opening apps (frozen=false timeout=false)...
06-24 16:21:14.681 V/WindowManager(  657): Check opening app=AppWindowToken{3c7678b token=Token{3a3195a ActivityRecord{2204505 u0 com.excelliance.dualaid/com.excelliance.kxqp.swipe.NavActivity2 t16037}}}: allDrawn=false startingDisplayed=false startingMoved=false isRelaunching()=false
06-24 16:21:14.682 D/TintManager( 1513): statusBarIconTint=#99FFFFFF,navigationBarIconTint=#FF000000
06-24 16:21:14.684 I/GRALLOC (  679): 	 shrFd=10,fmt=0x1,intFmt=0x200000001,btStrd=4352,size=8486912,pid=679 
06-24 16:21:14.684 I/GRALLOC (  679): 	 yuv=2,w=1080,h=1920,Stride u=0 v=0,offset u=0 v=0 
06-24 16:21:14.684 I/GRALLOC (  679): 	 iova_size=8486912,conUsg=0x900,proUsg=0x900,	 strd=1088,[afbc]HdrStrd=1088 PyldStrd=69632 Scrmbl=2,ionhnd = 1 
06-24 16:21:14.687 D/MainActivity(21138): run: initPage3
06-24 16:21:14.687 I/GRALLOC (  679): 	 shrFd=10,fmt=0x1,intFmt=0x200000001,btStrd=4352,size=8486912,pid=679 
06-24 16:21:14.687 I/GRALLOC (  679): 	 yuv=2,w=1080,h=1920,Stride u=0 v=0,offset u=0 v=0 
06-24 16:21:14.687 I/GRALLOC (  679): 	 iova_size=8486912,conUsg=0x900,proUsg=0x900,	 strd=1088,[afbc]HdrStrd=1088 PyldStrd=69632 Scrmbl=2,ionhnd = 1 
06-24 16:21:14.687 V/MainActivity(21138): onWindowFocusChanged: true
06-24 16:21:14.690 W/InputMethodManager(21138): startInputReason = 1
06-24 16:21:14.690 I/GRALLOC (  679): 	 shrFd=10,fmt=0x1,intFmt=0x200000001,btStrd=4352,size=8486912,pid=679 
06-24 16:21:14.690 I/GRALLOC (  679): 	 yuv=2,w=1080,h=1920,Stride u=0 v=0,offset u=0 v=0 
06-24 16:21:14.690 I/GRALLOC (  679): 	 iova_size=8486912,conUsg=0x900,proUsg=0x900,	 strd=1088,[afbc]HdrStrd=1088 PyldStrd=69632 Scrmbl=2,ionhnd = 1 
06-24 16:21:14.691 W/InputMethodManager(21138): startInputReason = 5
06-24 16:21:14.692 I/OpenGLRenderer(21138): Initialized EGL, version 1.4
06-24 16:21:14.692 D/OpenGLRenderer(21138): Swap behavior 2
06-24 16:21:14.694 I/wangchen( 7035): SysInfo.getSysParam: orientation=1||config d=3.0,w=1080,h=1920||metrics d=3.0,w=1080,h=1920||sdk=26,bar_h=72
06-24 16:21:14.694 I/KeymapLoader( 7035): w=1080 h=1920 ori=true appScale=3.3 s1=3.0
06-24 16:21:14.696 D/mali_winsys(21138): EGLint new_window_surface(egl_winsys_display *, void *, EGLSurface, EGLConfig, egl_winsys_surface **, egl_color_buffer_format *, EGLBoolean) returns 0x3000
06-24 16:21:14.696 E/vndksupport(21138): Could not load vendor/lib/egl/libGLES_mali_v2.so from sphal namespace: dlopen failed: library "vendor/lib/egl/libGLES_mali_v2.so" not found.
06-24 16:21:14.699 D/StatusBarIconController( 1513): setIconVisibility icon is null or visibility not change visibility=false
06-24 16:21:14.709 I/GRALLOC (  679): 	 shrFd=10,fmt=0x1,intFmt=0x200000001,btStrd=4352,size=8486912,pid=679 
06-24 16:21:14.709 I/GRALLOC (  679): 	 yuv=2,w=1080,h=1920,Stride u=0 v=0,offset u=0 v=0 
06-24 16:21:14.709 I/GRALLOC (  679): 	 iova_size=8486912,conUsg=0xb00,proUsg=0xb00,	 strd=1088,[afbc]HdrStrd=1088 PyldStrd=69632 Scrmbl=2,ionhnd = 1 
06-24 16:21:14.712 D/PMS11423(  657): package:com.excelliance.dualaid, input flags:128, output hwFlags:0
06-24 16:21:14.717 D/WindowManager(  657): finishDrawingWindow: Window{d937efe u0 com.excelliance.dualaid/com.excelliance.kxqp.swipe.NavActivity2} mDrawState=DRAW_PENDING
06-24 16:21:14.719 V/WindowManager(  657): Checking 1 opening apps (frozen=false timeout=false)...
06-24 16:21:14.719 V/WindowManager(  657): Check opening app=AppWindowToken{3c7678b token=Token{3a3195a ActivityRecord{2204505 u0 com.excelliance.dualaid/com.excelliance.kxqp.swipe.NavActivity2 t16037}}}: allDrawn=true startingDisplayed=false startingMoved=false isRelaunching()=false
06-24 16:21:14.719 D/PMS11423(  657): package:com.excelliance.dualaid, input flags:128, output hwFlags:0
06-24 16:21:14.720 D/ImageWallpaper( 1513): onVisibilityChanged: mVisible, visible=true, false
06-24 16:21:14.721 D/ImageWallpaper( 1513): Visibility changed to visible=false
06-24 16:21:14.721 D/BarTransitions.HwPhoneStatusBarView( 1513): MODE_TRANSLUCENT -> MODE_TRANSPARENT animate=false
06-24 16:21:14.721 D/BarTransitions.HwPhoneStatusBarView( 1513): applyModeBackground oldMode=MODE_TRANSLUCENT newMode=MODE_TRANSPARENT animate=false
06-24 16:21:14.723 I/ActivityManager(  657): Displayed com.excelliance.dualaid/com.excelliance.kxqp.swipe.NavActivity2: +181ms (total +332ms)
06-24 16:21:14.732 E/BufferQueueProducer(  710): [com.huawei.android.launcher/com.huawei.android.launcher.unihome.UniHomeLauncher#0] disconnect: not connected (req=1)
06-24 16:21:14.732 W/libEGL  ( 2519): EGLNativeWindowType 0x74abe62010 disconnect failed
06-24 16:21:14.733 I/WindowManager(  657): notifyAccessibilityButtonVisibilityChanged visible:false
06-24 16:21:14.738 D/BarTransitions.HwPhoneStatusBarView( 1513): MODE_TRANSPARENT -> MODE_TRANSLUCENT animate=false
06-24 16:21:14.739 D/BarTransitions.HwPhoneStatusBarView( 1513): applyModeBackground oldMode=MODE_TRANSPARENT newMode=MODE_TRANSLUCENT animate=false
06-24 16:21:14.739 D/BarTransitions.HwNavigationBarView( 1513): MODE_TRANSLUCENT -> MODE_OPAQUE animate=false
06-24 16:21:14.739 D/BarTransitions.HwNavigationBarView( 1513): applyModeBackground oldMode=MODE_TRANSLUCENT newMode=MODE_OPAQUE animate=false
06-24 16:21:14.750 W/dex2oat (21221): Using default instruction set features for ARM CPU variant (default) using conservative defaults
06-24 16:21:14.753 W/ActivityManager(  657): Sending non-protected broadcast huawei.action.floattasks.STATUS_BAR_STATE_CHANGED from system 1513:com.android.systemui/u0a39 pkg com.android.systemui
06-24 16:21:14.753 I/dex2oat (21221): /system/bin/dex2oat -j4 --dex-file=/data/data/com.excelliance.dualaid/.platformcache/main.jar --output-vdex-fd=47 --oat-fd=48 --oat-location=/data/data/com.excelliance.dualaid/.platformcache/oat/arm/main.odex --compiler-filter=quicken
06-24 16:21:14.753 I/cutils-trace(21221): atrace_init_once, trace_marker_path = /sys/kernel/debug/tracing/trace_marker
06-24 16:21:14.753 W/HwKeyguardDragHelper( 1513): AnimationBlocked
06-24 16:21:14.753 D/ActivityThread(21138): Remove activity client record, r= ActivityRecord{cbe2ddc token=android.os.BinderProxy@d13fa03 {com.excelliance.dualaid/com.excelliance.kxqp.ui.HelloActivity}} token= android.os.BinderProxy@d13fa03
06-24 16:21:14.754 V/WindowManager(  657): notifyAppStopped: AppWindowToken{d3a938b token=Token{377755a ActivityRecord{d5c9105 u0 com.huawei.android.launcher/.unihome.UniHomeLauncher t15658}}}
06-24 16:21:14.754 E/WindowManager(  657): win=Window{68d6975 u0 com.huawei.android.launcher/com.huawei.android.launcher.unihome.UniHomeLauncher} destroySurfaces: appStopped=true win.mWindowRemovalAllowed=false win.mRemoveOnExit=false
06-24 16:21:14.754 I/WindowManager(  657): Destroying surface Surface(name=com.huawei.android.launcher/com.huawei.android.launcher.unihome.UniHomeLauncher) called by com.android.server.wm.WindowStateAnimator.destroySurface:2060 com.android.server.wm.WindowStateAnimator.destroySurfaceLocked:873 com.android.server.wm.HwWindowStateAnimator.destroySurfaceLocked:1006 com.android.server.wm.WindowState.destroyOrSaveSurfaceUnchecked:2990 com.android.server.wm.WindowState.destroySurface:2951 com.android.server.wm.AppWindowToken.destroySurfaces:654 com.android.server.wm.AppWindowToken.destroySurfaces:638 com.android.server.wm.AppWindowToken.notifyAppStopped:682 
06-24 16:21:14.756 V/WindowManager(  657): removeAppToken: AppWindowToken{67de913 token=Token{9d40c02 ActivityRecord{d98394d u0 com.excelliance.dualaid/com.excelliance.kxqp.ui.HelloActivity t16037}}} delayed=false Callers=com.android.server.wm.DisplayContent.removeAppToken:985 com.android.server.wm.AppWindowContainerController.removeContainer:348 com.android.server.am.ActivityRecord.removeWindowContainer:1039 com.android.server.am.ActivityStack.removeActivityFromHistoryLocked:4491 
06-24 16:21:14.757 D/HwGameAssistantController(  657): pid=2519, uid=10056, foreground=false
06-24 16:21:14.757 W/AwareLog(  657): SchedLevelBoost: onFgActivitiesChanged config not set!
06-24 16:21:14.782 D/NetWorkUtils( 1513): mVSimCurCardType is -1
06-24 16:21:14.783 D/NetWorkUtils( 1513): mVSimCurCardType is -1
06-24 16:21:14.892 I/NetworkSpeedManagerEx( 1513): mIsStop = false
06-24 16:21:14.893 I/NetworkSpeedManagerEx( 1513):  runInThread getTetherStats
06-24 16:21:14.893 I/NetworkSpeedManagerEx( 1513):  runInUI refreshSpeed
06-24 16:21:14.894 I/NetworkSpeedManagerEx( 1513): value=2107.3333speed = 2.1
06-24 16:21:14.894 I/NetworkSpeedManagerEx( 1513): K/smIsShowLastSpeedValuefalse
06-24 16:21:14.894 I/NetworkSpeedView( 1513): /update(), speed=2.1
06-24 16:21:14.894 I/NetworkSpeedView( 1513): K/s parent class:class com.android.systemui.statusbar.HwSystemIcons
06-24 16:21:14.907 I/NetworkSpeedManagerEx( 1513): mIsStop = false
06-24 16:21:14.907 I/NetworkSpeedManagerEx( 1513):  runInThread getTetherStats
06-24 16:21:14.908 I/NetworkSpeedManagerEx( 1513):  runInUI refreshSpeed
06-24 16:21:14.908 I/NetworkSpeedManagerEx( 1513): value=2107.3333speed = 2.1
06-24 16:21:14.908 I/NetworkSpeedManagerEx( 1513): K/smIsShowLastSpeedValuefalse
06-24 16:21:14.908 I/NetworkSpeedView( 1513): /update(), speed=2.1
06-24 16:21:14.908 I/NetworkSpeedView( 1513): K/s parent class:class com.android.systemui.statusbar.HwSystemIcons
06-24 16:21:14.932 I/HwNormalizedSpline(  657): getEyeProtectionBrightnessLevel lux =239.0, mDefaultBrightnessFromLux =68.645
06-24 16:21:15.189 I/dex2oat (21221): dex2oat took 439.859ms (1.022s cpu) (threads: 4) arena alloc=51KB (53128B) java alloc=2MB (3143720B) native alloc=4MB (4686336B) free=2MB (2129408B)
06-24 16:21:15.202 D/PMS11423(  657): package:com.excelliance.dualaid, input flags:128, output hwFlags:0
06-24 16:21:15.206 I/GRALLOC (  679): 	 shrFd=10,fmt=0x1,intFmt=0x200000001,btStrd=4352,size=8486912,pid=679 
06-24 16:21:15.206 I/GRALLOC (  679): 	 yuv=2,w=1080,h=1920,Stride u=0 v=0,offset u=0 v=0 
06-24 16:21:15.206 I/GRALLOC (  679): 	 iova_size=8486912,conUsg=0xb00,proUsg=0xb00,	 strd=1088,[afbc]HdrStrd=1088 PyldStrd=69632 Scrmbl=2,ionhnd = 1 
06-24 16:21:15.253 W/dex2oat (21252): Using default instruction set features for ARM CPU variant (default) using conservative defaults
06-24 16:21:15.254 I/dex2oat (21252): /system/bin/dex2oat -j4 --dex-file=/data/data/com.excelliance.dualaid/.platformcache/kxqpplatform2.jar --output-vdex-fd=48 --oat-fd=49 --oat-location=/data/data/com.excelliance.dualaid/.platformcache/oat/arm/kxqpplatform2.odex --compiler-filter=quicken
06-24 16:21:15.254 I/cutils-trace(21252): atrace_init_once, trace_marker_path = /sys/kernel/debug/tracing/trace_marker
06-24 16:21:15.257 I/GRALLOC (  679): 	 shrFd=10,fmt=0x1,intFmt=0x200000001,btStrd=4352,size=8486912,pid=679 
06-24 16:21:15.257 I/GRALLOC (  679): 	 yuv=2,w=1080,h=1920,Stride u=0 v=0,offset u=0 v=0 
06-24 16:21:15.257 I/GRALLOC (  679): 	 iova_size=8486912,conUsg=0xb00,proUsg=0xb00,	 strd=1088,[afbc]HdrStrd=1088 PyldStrd=69632 Scrmbl=2,ionhnd = 1 
06-24 16:21:15.476 I/dex2oat (21252): dex2oat took 223.178ms (431.485ms cpu) (threads: 4) arena alloc=3KB (3720B) java alloc=2MB (2267088B) native alloc=2MB (2319320B) free=2MB (2923560B)
06-24 16:21:15.490 D/PMS11423(  657): package:com.excelliance.dualaid, input flags:0, output hwFlags:0
06-24 16:21:15.500 E/MemoryLeakMonitorManager(21171): MemoryLeakMonitor.jar is not exist!
06-24 16:21:15.500 D/CrashHandler(21171): CrashHandler
06-24 16:21:15.506 D/KXQPApplication(21171): run: initUserManager
06-24 16:21:15.511 E/Minikin (21171): Could not get cmap table size!
06-24 16:21:15.512 D/PMS11423(  657): package:com.excelliance.dualaid, input flags:128, output hwFlags:0
06-24 16:21:15.524 D/AirPushService(21171): 第一次触发
06-24 16:21:15.525 D/SmtServService(21171): MSG_LOAD_PLT GameUtil.isPtLoaded() = false
06-24 16:21:15.526 I/HwCust  (21171): Constructor found for class android.net.HwCustConnectivityManagerImpl
06-24 16:21:15.526 D/HwCust  (21171): Create obj success use class android.net.HwCustConnectivityManagerImpl
06-24 16:21:15.527 D/NetworkStateReceiver(21171): netWorkConnected = true
06-24 16:21:15.527 D/AirPushUtils(21171): startPushInfo
06-24 16:21:15.529 D/AirPushService(21171): 第一次设置Alarm
06-24 16:21:15.529 D/AirPushService(21171): resetPushAlarm
06-24 16:21:15.530 D/SmtServService(21171): pull info
06-24 16:21:15.531 D/PMS1000 (  657): package:com.excelliance.dualaid, input flags:8192, output hwFlags:0
06-24 16:21:15.531 D/SmtServService(21171): diffTime = 1529828475530
06-24 16:21:15.531 D/SmtServService(21171): pushInfoFromServer
06-24 16:21:15.531 I/TrafficMonitor(  657): expired arrive. level:-1
06-24 16:21:15.531 I/TrafficMonitor(  657): during_ms:2001,period_ms:2000
06-24 16:21:15.531 I/TrafficMonitor(  657): count:179,rx_sum:1,tx_sum:3,rxBytes:36,during_ms:2001,rx_speed:17.991004497751124,tx_speed:89.95502248875563,rto:0.3333333333333333
06-24 16:21:15.531 D/HuaweiWifiWatchdogStateMachine(  657): speed: rxpkt:1, rxSpd:17B/s, txpkt:3, txSpd:89
06-24 16:21:15.532 I/zygote  (21138): Do partial code cache collection, code=27KB, data=27KB
06-24 16:21:15.532 I/zygote  (21138): After code cache collection, code=27KB, data=27KB
06-24 16:21:15.532 I/zygote  (21138): Increasing code cache capacity to 128KB
06-24 16:21:15.533 D/PMS1001 (  657): package:com.excelliance.dualaid, input flags:0, output hwFlags:0
06-24 16:21:15.536 D/PMS11423(  657): package:com.excelliance.dualaid, input flags:0, output hwFlags:0
06-24 16:21:15.547 D/StatisticsManager(21171): Query time diff:1529828475547
06-24 16:21:15.549 I/zygote  (21171): Do partial code cache collection, code=27KB, data=31KB
06-24 16:21:15.553 I/zygote  (21171): After code cache collection, code=11KB, data=18KB
06-24 16:21:15.553 I/zygote  (21171): Increasing code cache capacity to 128KB
06-24 16:21:15.573 D/launch-time-RU(21171): preload 24 classes cost 42ms
06-24 16:21:15.574 D/PMS11423(  657): package:com.excelliance.dualaid, input flags:128, output hwFlags:0
06-24 16:21:15.587 D/StatisticsManager(21171): Query time diff:1529828475587
06-24 16:21:15.590 I/chatty  (  657): uid=1000(system) Binder:657_2 identical 17 lines
06-24 16:21:15.593 D/PMS11423(  657): package:com.excelliance.dualaid, input flags:128, output hwFlags:0
06-24 16:21:15.595 D/PMS11423(  657): package:com.excelliance.dualaid, input flags:128, output hwFlags:0
06-24 16:21:15.614 D/StatisticsManager(21171): Query time diff:1529828475614
06-24 16:21:15.641 D/AirPushDBHelper(21171): onCreate: pushitemnew
06-24 16:21:15.644 D/AirPushDBHelper(21171): selection = type=? and index_=(select max(index_) from pushitemnew where type=?) , key = vip
06-24 16:21:15.645 D/AirPushDBHelper(21171): selection = type=? and index_=(select max(index_) from pushitemnew where type=?) , key = update
06-24 16:21:15.646 D/AirPushDBHelper(21171): selection = type=? and index_=(select max(index_) from pushitemnew where type=?) , key = officalActivity
06-24 16:21:15.646 D/AirPushDBHelper(21171): selection = type=? and index_=(select max(index_) from pushitemnew where type=?) , key = news
06-24 16:21:15.646 D/AirPushDBHelper(21171): selection = type=? and index_=(select max(index_) from pushitemnew where type=?) , key = target
06-24 16:21:15.647 D/AirPushDBHelper(21171): selection = type=? and index_=(select max(index_) from pushitemnew where type=?) , key = batch
06-24 16:21:15.647 D/AirPushDBHelper(21171): selection = type=? and index_=(select max(index_) from pushitemnew where type=?) , key = skipTarget
06-24 16:21:15.647 D/AirPushDBHelper(21171): selection = type=? and index_=(select max(index_) from pushitemnew where type=?) , key = thirdApp
06-24 16:21:15.647 D/PushItem(21171): indexJson = {}
06-24 16:21:15.647 D/AirPushService(21171): dataJson = {}
06-24 16:21:15.648 V/AirPushService(21171): ver :e30%3D%0A
06-24 16:21:15.648 D/VersionManager(21171): httpsRequest getURL = https://mto.multiopen.cn/pushmess.php?ver=466&mainver=231200&data=e30%3D%0A&wxCode=1321&subchid=1&sdkV=8.0.0&pkg=com.excelliance.dualaid&chid=10019&issl=1&compver=54302&wxVerName=6.6.7&vn=4.0.6&model=stf-al10&api=26&brand=honor&aid=f0c2426fc7560cf5
06-24 16:21:15.649 D/NetworkSecurityConfig(21171): No Network Security Config specified, using platform default
06-24 16:21:15.661 D/PMS1000 (  657): package:com.excelliance.dualaid, input flags:1024, output hwFlags:0
06-24 16:21:15.661 I/ActivityManager(  657): Need to start process com.excelliance.dualaid:lbcore for provider ContentProviderInfo{name=com.excelliance.dualaid:com.excelliance.kxqp.platform.PluginManagerProvider className=com.excelliance.kxqp.platform.PluginManagerProvider}, callerApp: ProcessRecord{df5a068 21171:com.excelliance.dualaid/u0a1423}
06-24 16:21:15.661 V/ActivityManager(  657): startProcess: name=com.excelliance.dualaid:lbcore app=null knownToBeDead=false thread=null pid=-1
06-24 16:21:15.661 D/PMS1000 (  657): package:com.excelliance.dualaid, input flags:0, output hwFlags:0
06-24 16:21:15.665 D/GameUtil(21171): getSDKDataParam totalmem:5.60GB
06-24 16:21:15.667 D/VersionManager(21171): httpsRequest getURL = https://folder.appota.cn/genuser.php?chid=10019&subchid=1&vc=466&type=4&data=tbCbI6ooWmOSi%2BhP8At3K55rUDjOXjUCTTE1Q7OqeVGzpiL1Dx8z2UKsv%2F2w066OKzL65VOc%2FHNVNculXvpkfbOlpWKAPUf5ryVSFynVNa8UucDwm5e36rJ6e2Kpu%2B5ykc4DARTfkZV4Ad5N96d4%2BjApQCWZuWchybogtHpbAp5JGb2oE4RYpIUqF8au1pxTSmwBdD5PozvBfX2%2Bj4RIW8u13M8ksM63bQoy2eR4WdDx%2BqZexoey63Hms3xqJyQkd3PFvljbOMDFV5%2BIsI0F%2B0cTu0Poz37kp440m4BdEnDxUpl%2F2SWQiyGENywr4rII2GFixGV6F3FTP2B6Iz%2Bp9XPgTT1Q8jOobYd0%2B7qf7bpZ2AyYZuCae%2FN%2FDrbd9ARIKpXrBwZ7SdplMO1nzphjQUqGRQMAlrO9Oa0Du6EV17%2FgN7YtgBzuJRHbP0GgVSdnIEYbOUnjg9adLEk2nhpRcwGYdX7bJ5%2FC%2FGVy8QMvFO%2FVJ5uAYH82VV6bvSarVkuFeotJT4yadRHbDkYGgVZfCDPVS%2FOPcQttSZtkoN3AjIdEC3B%2BjPtytpdTQYFvI9Ol&issl=1
06-24 16:21:15.669 I/ActivityManager(  657): Start proc 21303:com.excelliance.dualaid:lbcore/u0a1423 for content provider com.excelliance.dualaid/com.excelliance.kxqp.platform.PluginManagerProvider
06-24 16:21:15.670 I/        (21303): power log dlsym ok
06-24 16:21:15.670 V/ActivityManager_MU(  657): Waiting to start provider ContentProviderRecord{9b8a9e5 u0 com.excelliance.dualaid/com.excelliance.kxqp.platform.PluginManagerProvider} launchingApp=ProcessRecord{2c4e4dc 21303:com.excelliance.dualaid:lbcore/u0a1423} caller pid= 21171
06-24 16:21:15.672 I/zygote  (21303): Reinit property: dalvik.vm.checkjni= false
06-24 16:21:15.679 D/ActivityThread(21303): ActivityThread,attachApplication
06-24 16:21:15.680 D/ActivityManager(  657): ActivityManagerService,attachApplication,callingPid = 21303
06-24 16:21:15.686 W//system/bin/hwservicemanager(  416): Cannot open /odm/manifest.xml
06-24 16:21:15.692 W/X509TrustManager(21171): checkServerTrusted: SignatureException:null
06-24 16:21:15.692 W/X509TrustManager(21171): checkServerTrusted: SignatureException:error:04000073:RSA routines:OPENSSL_internal:DATA_TOO_LARGE_FOR_MODULUS
06-24 16:21:15.696 W//system/bin/hwservicemanager(  416): Cannot open /odm/manifest.xml
06-24 16:21:15.698 I/GRALLOC (  679): 	 shrFd=10,fmt=0x1,intFmt=0x1,btStrd=256,size=4096,pid=679 
06-24 16:21:15.698 I/GRALLOC (  679): 	 yuv=2,w=16,h=16,Stride u=0 v=0,offset u=0 v=0 
06-24 16:21:15.698 I/GRALLOC (  679): 	 iova_size=4096,conUsg=0x100,proUsg=0x100,	 strd=64,[afbc]HdrStrd=0 PyldStrd=0 Scrmbl=0,ionhnd = 1 
06-24 16:21:15.698 D/HwFLClassLoader(21303): get used feature list :/feature/used-list failed!
06-24 16:21:15.698 D/HwFLClassLoader(21303): USE_FEATURE_LIST had not init! 
06-24 16:21:15.703 W/X509TrustManager(21171): checkServerTrusted: SignatureException:null
06-24 16:21:15.703 W/X509TrustManager(21171): checkServerTrusted: SignatureException:error:04000073:RSA routines:OPENSSL_internal:DATA_TOO_LARGE_FOR_MODULUS
06-24 16:21:15.711 D/PMS11423(  657): package:com.excelliance.dualaid, input flags:128, output hwFlags:0
06-24 16:21:15.738 D/AirPushService(21171): result = {"period":"r","vip":{"index_":"","data":""},"update":{"index_":"","data":""},"officalActivity":{"index_":"","data":""},"news":{"index_":"","data":""},"target":{"index_":"","data":""},"batch":{"index_":"","data":""},"skipTarget":{"index_":"","data":""},"thirdApp":{"index_":"","data":""}}
06-24 16:21:15.738 D/AirPushService(21171): handleCheckerSaveToDB
06-24 16:21:15.738 D/AirPushUtils(21171): startDbOver
06-24 16:21:15.741 D/SmtServService(21171): db write over
06-24 16:21:15.742 D/SmtServService(21171): gameCenterFirstStart = true
06-24 16:21:15.754 D/launch-time-RU(21303): preload 24 classes cost 17ms
06-24 16:21:15.761 D/VersionManager(21171): uid=353
06-24 16:21:15.791 D/ActivityThread(21303): Loading provider com.excelliance.dualaid:com.excelliance.kxqp.platform.PluginManagerProvider: com.excelliance.kxqp.platform.PluginManagerProvider
06-24 16:21:15.791 D/PMS11423(  657): package:com.excelliance.dualaid, input flags:0, output hwFlags:0
06-24 16:21:15.800 D/PMS1000 (  657): package:com.excelliance.dualaid, input flags:8192, output hwFlags:0
06-24 16:21:15.802 D/PMS1001 (  657): package:com.excelliance.dualaid, input flags:0, output hwFlags:0
06-24 16:21:15.805 D/PMS11423(  657): package:com.excelliance.dualaid, input flags:0, output hwFlags:0
06-24 16:21:15.807 D/PMS11423(  657): package:com.excelliance.dualaid:lbcore, input flags:0, output is null
06-24 16:21:15.808 I/Bluetooth_framework(  657): BluetoothManagerService:Added callback: android.bluetooth.IBluetoothManagerCallback$Stub$Proxy@82972c8:true pid = 21303
06-24 16:21:15.811 D/PMS11423(  657): package:com.excelliance.dualaid, input flags:128, output hwFlags:0
06-24 16:21:15.826 I/LBVMD-LBPMS(21303): LBVMRT: version 54302:543.02
06-24 16:21:15.827 E/zygote  (21303): Invalid capacity given to EnsureLocalCapacity: 800
06-24 16:21:15.841 I/HwCust  (21303): Constructor found for class android.net.HwCustConnectivityManagerImpl
06-24 16:21:15.841 D/HwCust  (21303): Create obj success use class android.net.HwCustConnectivityManagerImpl
06-24 16:21:15.846 D/PMS11423(  657): package:com.excelliance.dualaid, input flags:0, output hwFlags:0
06-24 16:21:15.855 D/PMS11423(  657): package:com.excelliance.dualaid, input flags:0, output hwFlags:0
06-24 16:21:15.855 D/PMS11423(  657): package:com.excelliance.dualaid, input flags:0, output hwFlags:0
06-24 16:21:15.856 V/ActivityManager(  657): Successfully start provider ContentProviderRecord{9b8a9e5 u0 com.excelliance.dualaid/com.excelliance.kxqp.platform.PluginManagerProvider} launchingApp=ProcessRecord{2c4e4dc 21303:com.excelliance.dualaid:lbcore/u0a1423} caller pid= 21171
06-24 16:21:15.856 E/MemoryLeakMonitorManager(21303): MemoryLeakMonitor.jar is not exist!
06-24 16:21:15.857 V/HwWidgetFactory(21303): : successes to get AllImpl object and return....
06-24 16:21:15.857 E/MemoryLeakMonitorManager(21303): MemoryLeakMonitor.jar is not exist!
06-24 16:21:15.858 D/KXQPApplication(21303): run: initUserManager
06-24 16:21:15.859 E/Minikin (21303): Could not get cmap table size!
06-24 16:21:15.860 D/PMS11423(  657): package:com.excelliance.dualaid, input flags:128, output hwFlags:0
