06-24 15:32:09.794 W/ResourceType( 2519): No known package when getting name for resource number 0x9c030300
06-24 15:32:09.797 W/ResourceType( 2519): No known package when getting name for resource number 0x9c030001
06-24 15:32:09.800 W/ResourceType( 2519): No known package when getting name for resource number 0x9c030101
06-24 15:32:09.804 W/ResourceType( 2519): No known package when getting name for resource number 0x9c030201
06-24 15:32:09.808 W/ResourceType( 2519): No known package when getting name for resource number 0x9c030301
06-24 15:32:09.812 W/ResourceType( 2519): No known package when getting name for resource number 0x9c030002
06-24 15:32:09.816 W/ResourceType( 2519): No known package when getting name for resource number 0x9c030102
06-24 15:32:09.820 W/ResourceType( 2519): No known package when getting name for resource number 0x9c030202
06-24 15:32:09.823 W/ResourceType( 2519): No known package when getting name for resource number 0x9c030302
06-24 15:32:09.828 W/ResourceType( 2519): No known package when getting name for resource number 0x9c030003
06-24 15:32:09.833 W/ResourceType( 2519): No known package when getting name for resource number 0x9c030103
06-24 15:32:09.837 W/ResourceType( 2519): No known package when getting name for resource number 0x9c030203
06-24 15:32:09.841 W/ResourceType( 2519): No known package when getting name for resource number 0x9c030303
06-24 15:32:09.845 W/ResourceType( 2519): No known package when getting name for resource number 0x9c030004
06-24 15:32:09.849 W/ResourceType( 2519): No known package when getting name for resource number 0x9c030104
06-24 15:32:09.852 W/ResourceType( 2519): No known package when getting name for resource number 0x9c030204
06-24 15:32:09.856 W/ResourceType( 2519): No known package when getting name for resource number 0x9c030304
06-24 15:32:09.859 I/appium  (29532): Skipping invisible child: android.view.accessibility.AccessibilityNodeInfo@9e80; boundsInParent: Rect(0, 0 - 1080, 1580); boundsInScreen: Rect(1080, 0 - 1080, 1532); packageName: com.huawei.android.launcher; className: android.view.ViewGroup; text: null; error: null; maxTextLength: -1; contentDescription: null; viewIdResName: com.huawei.android.launcher:id/workspace_screen; checkable: false; checked: false; focusable: false; focused: false; selected: false; clickable: true; longClickable: true; contextClickable: false; enabled: true; password: false; scrollable: false; importantForAccessibility: true; actions: [AccessibilityAction: ACTION_SELECT - null, AccessibilityAction: ACTION_CLEAR_SELECTION - null, AccessibilityAction: ACTION_CLICK - null, AccessibilityAction: ACTION_LONG_CLICK - null, AccessibilityAction: ACTION_ACCESSIBILITY_FOCUS - null, AccessibilityAction: ACTION_SHOW_ON_SCREEN - null]
06-24 15:32:09.862 W/ResourceType( 2519): No known package when getting name for resource number 0x9b000000
06-24 15:32:09.863 W/ResourceType( 2519): No known package when getting name for resource number 0x9b010100
06-24 15:32:09.863 W/ResourceType( 2519): No known package when getting name for resource number 0x9b020200
06-24 15:32:09.863 W/ResourceType( 2519): No known package when getting name for resource number 0x9b030300
06-24 15:32:09.863 W/ResourceType( 2519): No known package when getting name for resource number 0x9b040400
06-24 15:32:09.870 I/appium  (29532): Fetch time: 101ms
06-24 15:32:09.900 I/appium  (29532): AppiumResponse: {"sessionId":"2d604340-25b7-4bc5-874b-09ac3bd169d8","status":0,"value":"<?xml version=\"1.0\" encoding=\"UTF-8\"?><hierarchy rotation=\"0\"><android.widget.FrameLayout index=\"0\" text=\"\" class=\"android.widget.FrameLayout\" package=\"com.huawei.android.launcher\" content-desc=\"\" checkable=\"false\" checked=\"false\" clickable=\"false\" enabled=\"true\" focusable=\"false\" focused=\"false\" scrollable=\"false\" long-clickable=\"false\" password=\"false\" selected=\"false\" bounds=\"[0,0][1080,1920]\" resource-id=\"\" instance=\"0\"><android.widget.LinearLayout index=\"0\" text=\"\" class=\"android.widget.LinearLayout\" package=\"com.huawei.android.launcher\" content-desc=\"\" checkable=\"false\" checked=\"false\" clickable=\"false\" enabled=\"true\" focusable=\"false\" focused=\"false\" scrollable=\"false\" long-clickable=\"false\" password=\"false\" selected=\"false\" bounds=\"[0,0][1080,1920]\" resource-id=\"\" instance=\"0\"><android.widget.FrameLayout index=\"0\" text=\"\" class=\"android.widget.FrameLayout\" package=\"com.huawei.android.launcher\" content-desc=\"\" checkable=\"false\" checked=\"false\" clickable=\"false\" enabled=\"true\" focusable=\"false\" focused=\"false\" scrollable=\"false\" long-clickable=\"false\" password=\"false\" selected=\"false\" bounds=\"[0,0][1080,1920]\" resource-id=\"android:id\/content\" instance=\"1\"><android.widget.FrameLayout index=\"0\" text=\"\" class=\"android.widget.FrameLayout\" package=\"com.huawei.android.launcher\" content-desc=\"\" checkable=\"false\" checked=\"false\" clickable=\"false\" enabled=\"true\" focusable=\"false\" focused=\"false\" scrollable=\"false\" long-clickable=\"false\" password=\"false\" selected=\"false\" bounds=\"[0,0][1080,1920]\" resource-id=\"com.huawei.android.launcher:id\/drag_layer\" instance=\"2\"><android.view.ViewGroup index=\"0\" text=\"\" class=\"android.view.ViewGroup\" package=\"com.huawei.android.launcher\" content-desc=\"第 3 屏，共 4 屏\" checkable=\"false\" checked=\"false\" clickable=\"false\" enabled=\"true\" focusable=\"false\" focused=\"false\" scrollable=\"true\" long-clickable=\"false\" password=\"false\" selected=\"false\" bounds=\"[0,0][1080,1920]\" resource-id=\"com.huawei.android.launcher:id\/workspace\" instance=\"0\"><android.view.ViewGroup index=\"2\" text=\"\" class=\"android.view.ViewGroup\" package=\"com.huawei.android.launcher\" content-desc=\"\" checkable=\"false\" checked=\"false\" clickable=\"true\" enabled=\"true\" focusable=\"false\" focused=\"false\" scrollable=\"false\" long-clickable=\"true\" password=\"false\" selected=\"false\" bounds=\"[0,0][1080,1532]\" resource-id=\"com.huawei.android.launcher:id\/workspace_screen\" instance=\"1\"><android.widget.FrameLayout index=\"0\" text=\"\" class=\"android.widget.FrameLayout\" package=\"com.huawei.android.launcher\" content-desc=\"\" checkable=\"false\" checked=\"false\" clickable=\"false\" enabled=\"true\" focusable=\"false\" focused=\"false\" scrollable=\"false\" long-clickable=\"false\" password=\"false\" selected=\"false\" bounds=\"[12,0][1068,1514]\" resource-id=\"\" instance=\"3\"\/><android.view.ViewGroup index=\"1\" text=\"\" class=\"android.view.ViewGroup\" package=\"com.huawei.android.launcher\" content-desc=\"\" checkable=\"false\" checked=\"false\" clickable=\"false\" enabled=\"true\" focusable=\"false\" focused=\"false\" scrollable=\"false\" long-clickable=\"false\" password=\"false\" selected=\"false\" bounds=\"[12,0][1068,1514]\" resource-id=\"\" instance=\"2\"><android.widget.TextView index=\"0\" text=\"iTest\" class=\"android.widget.TextView\" package=\"com.huawei.android.launcher\" content-desc=\"\" checkable=\"false\" checked=\"false\" clickable=\"true\" enabled=\"true\" focusable=\"true\" focused=\"false\" scrollable=\"false\" long-clickable=\"true\" password=\"false\" selected=\"false\" bounds=\"[12,84][276,370]\" resource-id=\"\" instance=\"0\"\/><android.widget.TextView index=\"1\" text=\"WhatsApp\" class=\"android.widget.TextView\" package=\"com.huawei.android.launcher\" content-
06-24 15:32:09.947 I/appium  (29532): channel read invoked!
06-24 15:32:09.947 I/appium  (29532): channel read: GET /wd/hub/session/2d604340-25b7-4bc5-874b-09ac3bd169d8/source
06-24 15:32:09.952 W/ResourceType( 2519): No known package when getting name for resource number 0x9c010000
06-24 15:32:09.953 W/ResourceType( 2519): No known package when getting name for resource number 0x9c010100
06-24 15:32:09.954 W/ResourceType( 2519): No known package when getting name for resource number 0x9c010200
06-24 15:32:09.954 W/ResourceType( 2519): No known package when getting name for resource number 0x9c010300
06-24 15:32:09.955 W/ResourceType( 2519): No known package when getting name for resource number 0x9c010001
06-24 15:32:09.955 W/ResourceType( 2519): No known package when getting name for resource number 0x9c010101
06-24 15:32:09.956 W/ResourceType( 2519): No known package when getting name for resource number 0x9c010201
06-24 15:32:09.956 W/ResourceType( 2519): No known package when getting name for resource number 0x9c010301
06-24 15:32:09.956 W/ResourceType( 2519): No known package when getting name for resource number 0x9c010002
06-24 15:32:09.956 W/ResourceType( 2519): No known package when getting name for resource number 0x9c010102
06-24 15:32:09.957 W/ResourceType( 2519): No known package when getting name for resource number 0x9c010202
06-24 15:32:09.957 W/ResourceType( 2519): No known package when getting name for resource number 0x9c010302
06-24 15:32:09.957 W/ResourceType( 2519): No known package when getting name for resource number 0x9c010003
06-24 15:32:09.957 W/ResourceType( 2519): No known package when getting name for resource number 0x9c010103
06-24 15:32:09.958 W/ResourceType( 2519): No known package when getting name for resource number 0x9c010203
06-24 15:32:09.959 W/ResourceType( 2519): No known package when getting name for resource number 0x9c010303
06-24 15:32:09.959 I/ActivityManager(  657): START u0 {act=android.intent.action.MAIN cat=[android.intent.category.LAUNCHER] flg=0x10000000 cmp=com.excelliance.dualaid/com.excelliance.kxqp.ui.HelloActivity} from uid 2000
06-24 15:32:09.960 W/ResourceType( 2519): No known package when getting name for resource number 0x9c010004
06-24 15:32:09.960 W/ResourceType( 2519): No known package when getting name for resource number 0x9c010104
06-24 15:32:09.961 W/ResourceType( 2519): No known package when getting name for resource number 0x9c010204
06-24 15:32:09.962 W/ResourceType( 2519): No known package when getting name for resource number 0x9c010304
06-24 15:32:09.965 I/ActivityManager(  657): ActivityRecord info: ActivityInfo{cadf3e0 com.excelliance.kxqp.ui.HelloActivity}
06-24 15:32:09.966 I/ash     ( 1699): front pkg : com.excelliance.dualaid launcher: false
06-24 15:32:09.966 I/ash     ( 1699): above launcher front pkgs: [com.excelliance.dualaid]
06-24 15:32:09.968 I/appium  (29532): Skipping invisible child: android.view.accessibility.AccessibilityNodeInfo@933d; boundsInParent: Rect(0, 0 - 1080, 1580); boundsInScreen: Rect(0, 0 - -1080, 1532); packageName: com.huawei.android.launcher; className: android.view.ViewGroup; text: null; error: null; maxTextLength: -1; contentDescription: null; viewIdResName: com.huawei.android.launcher:id/workspace_screen; checkable: false; checked: false; focusable: false; focused: false; selected: false; clickable: true; longClickable: true; contextClickable: false; enabled: true; password: false; scrollable: false; importantForAccessibility: true; actions: [AccessibilityAction: ACTION_SELECT - null, AccessibilityAction: ACTION_CLEAR_SELECTION - null, AccessibilityAction: ACTION_CLICK - null, AccessibilityAction: ACTION_LONG_CLICK - null, AccessibilityAction: ACTION_ACCESSIBILITY_FOCUS - null, AccessibilityAction: ACTION_SHOW_ON_SCREEN - null]
06-24 15:32:09.968 I/appium  (29532): Skipping invisible child: android.view.accessibility.AccessibilityNodeInfo@96fe; boundsInParent: Rect(0, 0 - 1080, 1580); boundsInScreen: Rect(0, 0 - 0, 1532); packageName: com.huawei.android.launcher; className: android.view.ViewGroup; text: null; error: null; maxTextLength: -1; contentDescription: null; viewIdResName: com.huawei.android.launcher:id/workspace_screen; checkable: false; checked: false; focusable: false; focused: false; selected: false; clickable: true; longClickable: true; contextClickable: false; enabled: true; password: false; scrollable: false; importantForAccessibility: true; actions: [AccessibilityAction: ACTION_SELECT - null, AccessibilityAction: ACTION_CLEAR_SELECTION - null, AccessibilityAction: ACTION_CLICK - null, AccessibilityAction: ACTION_LONG_CLICK - null, AccessibilityAction: ACTION_ACCESSIBILITY_FOCUS - null, AccessibilityAction: ACTION_SHOW_ON_SCREEN - null]
06-24 15:32:09.970 V/WindowManager(  657): addAppToken: AppWindowToken{2756f67 token=Token{57f2726 ActivityRecord{f07fa81 u0 com.excelliance.dualaid/com.excelliance.kxqp.ui.HelloActivity t16017}}} controller={TaskWindowContainerController taskId=16017} at 2147483647
06-24 15:32:09.970 I/PGServer( 1699): android calls fast hibernateApps
06-24 15:32:09.970 I/AppFastHibernation( 1699): fast hibernate duration: 1500 reason: start activity
06-24 15:32:09.970 I/appium  (29532): Skipping invisible child: android.view.accessibility.AccessibilityNodeInfo@14eef; boundsInParent: Rect(0, 0 - 93, 93); boundsInScreen: Rect(495, 0 - 584, 76); packageName: com.huawei.android.launcher; className: android.widget.ImageView; text: null; error: null; maxTextLength: -1; contentDescription: 设置默认主屏幕; viewIdResName: com.huawei.android.launcher:id/default_screen_home_icon; checkable: false; checked: false; focusable: true; focused: false; selected: false; clickable: true; longClickable: false; contextClickable: false; enabled: true; password: false; scrollable: false; importantForAccessibility: true; actions: [AccessibilityAction: ACTION_FOCUS - null, AccessibilityAction: ACTION_SELECT - null, AccessibilityAction: ACTION_CLEAR_SELECTION - null, AccessibilityAction: ACTION_CLICK - null, AccessibilityAction: ACTION_ACCESSIBILITY_FOCUS - null, AccessibilityAction: ACTION_NEXT_AT_MOVEMENT_GRANULARITY - null, AccessibilityAction: ACTION_PREVIOUS_AT_MOVEMENT_GRANULARITY - null, AccessibilityAction: ACTION_SET_SELECTION - null, AccessibilityAction: ACTION_SHOW_ON_SCREEN - null]
06-24 15:32:09.970 I/Pged-IPgedBinderService(  769): ****action is 1, pid num is 6***
06-24 15:32:09.970 I/Pged-Freezer(  769): freezePids
06-24 15:32:09.970 I/Pged-Freezer(  769): Freeze process: 29457
06-24 15:32:09.971 I/Pged-Freezer(  769): Freeze process: 29531
06-24 15:32:09.971 I/Pged-Freezer(  769): Freeze process: 29347
06-24 15:32:09.972 I/Pged-Freezer(  769): Freeze process: 27318
06-24 15:32:09.972 D/MotionDetectionManager( 2519): stopMotionAppsReco motionApps: 403
06-24 15:32:09.972 I/Pged-Freezer(  769): Freeze process: 29532
06-24 15:32:09.972 D/MotionDetectionManager( 2519): stopMotionAppsReco not recognition motionApps 403
06-24 15:32:09.972 W/HwLauncher( 2519): Launcher.MotionManager stopMotionAppsReco service flg 403 is unavailable
06-24 15:32:09.972 D/PMS1000 (  657): package:com.excelliance.dualaid, input flags:1, output hwFlags:0
06-24 15:32:09.972 D/PgedBinderAdapter( 1699): frz ok, pid: [29457, 29531, 29347, 27318, 29532]
06-24 15:32:09.975 V/ActivityManager(  657): startProcess: name=com.excelliance.dualaid:olle app=null knownToBeDead=true thread=null pid=-1
06-24 15:32:09.975 D/PMS1000 (  657): package:com.excelliance.dualaid, input flags:0, output hwFlags:0
06-24 15:32:09.985 I/        ( 6886): power log dlsym ok
06-24 15:32:09.987 I/ActivityManager(  657): Start proc 6886:com.excelliance.dualaid:olle/u0a1422 for activity com.excelliance.dualaid/com.excelliance.kxqp.ui.HelloActivity
06-24 15:32:09.988 V/WindowManager(  657): No longer Stopped: AppWindowToken{2756f67 token=Token{57f2726 ActivityRecord{f07fa81 u0 com.excelliance.dualaid/com.excelliance.kxqp.ui.HelloActivity t16017}}}
06-24 15:32:09.988 V/ActivityManager(  657): startProcess: name=com.excelliance.dualaid:olle app=ProcessRecord{49c0114 6886:com.excelliance.dualaid:olle/u0a1422} knownToBeDead=true thread=null pid=6886
06-24 15:32:09.991 I/zygote  ( 6886): Reinit property: dalvik.vm.checkjni= false
06-24 15:32:10.002 D/ActivityThread( 6886): ActivityThread,attachApplication
06-24 15:32:10.003 D/ActivityManager(  657): ActivityManagerService,attachApplication,callingPid = 6886
06-24 15:32:10.005 V/WindowManager(  657): No longer Stopped: AppWindowToken{2756f67 token=Token{57f2726 ActivityRecord{f07fa81 u0 com.excelliance.dualaid/com.excelliance.kxqp.ui.HelloActivity t16017}}}
06-24 15:32:10.014 V/WindowManager(  657): findFocusedWindow: AppWindowToken{d3a938b token=Token{377755a ActivityRecord{d5c9105 u0 com.huawei.android.launcher/.unihome.UniHomeLauncher t15658}}} below Reached focused app=AppWindowToken{2756f67 token=Token{57f2726 ActivityRecord{f07fa81 u0 com.excelliance.dualaid/com.excelliance.kxqp.ui.HelloActivity t16017}}}
06-24 15:32:10.015 D/ScenarioService( 1699): front pkg : com.excelliance.dualaid launcher: false
06-24 15:32:10.015 D/ScenarioService( 1699): new above launcher front pkgs: [com.excelliance.dualaid]
06-24 15:32:10.015 I/AppsUsage( 1699): scnOff:false FgAPP:com.excelliance.dualaid BgAPP:com.huawei.android.launcher
06-24 15:32:10.016 V/WindowManager(  657): Checking 1 opening apps (frozen=false timeout=false)...
06-24 15:32:10.016 V/WindowManager(  657): Check opening app=AppWindowToken{2756f67 token=Token{57f2726 ActivityRecord{f07fa81 u0 com.excelliance.dualaid/com.excelliance.kxqp.ui.HelloActivity t16017}}}: allDrawn=false startingDisplayed=false startingMoved=false isRelaunching()=false
06-24 15:32:10.018 D/HwQoEUtils(  657): mForegroundAppPackageName: com.excelliance.dualaid:olle ,score: 0
06-24 15:32:10.018 D/HwQoEUtils(  657): APP type: -1 appName= com.excelliance.dualaid:olle
06-24 15:32:10.018 D/HwQoEUtils(  657): RealAppName:com.excelliance.dualaid
06-24 15:32:10.019 D/HwQoEUtils(  657): no game, APP_TYPE_GAME, appName =com.excelliance.dualaid:olle
06-24 15:32:10.020 D/HwGameAssistantController(  657): pid=6886, uid=11422, foreground=true
06-24 15:32:10.022 W/AwareLog(  657): SchedLevelBoost: onFgActivitiesChanged config not set!
06-24 15:32:10.022 I/HwNetworkPolicy(  657): onTransact, code = 203
06-24 15:32:10.023 I/HwNetworkPolicyManager( 1813): getHwUidPolicy uid = 11422 policy = 0
06-24 15:32:10.023 W//system/bin/hwservicemanager(  416): Cannot open /odm/manifest.xml
06-24 15:32:10.024 D/EmcomManagerService(  657): forePackage name is com.excelliance.dualaid
06-24 15:32:10.024 D/HicomPolicyManager(  657): foreAppInfo = nullpkgName = com.excelliance.dualaid uid= 11422
06-24 15:32:10.024 E/HicomPolicyManager(  657): udp acc is not start yet!
06-24 15:32:10.024 D/HicomPolicyManager(  657): speed control is not start
06-24 15:32:10.024 E/HicomPolicyManager(  657): Network Evaluation is not start yet!
06-24 15:32:10.024 E/HicomPolicyManager(  657): foreground app info is null
06-24 15:32:10.029 D/[HwRecSys]HwRecSysService( 2647): onEvent actionID: 10000 msg:com.excelliance.dualaid		
06-24 15:32:10.030 E/[HwRecSys]HwRecSysService( 2647): getIsRportDirectService is false!
06-24 15:32:10.031 D/HwFLClassLoader( 6886): get used feature list :/feature/used-list failed!
06-24 15:32:10.032 D/HwFLClassLoader( 6886): USE_FEATURE_LIST had not init! 
06-24 15:32:10.033 I/PGServer( 1699): report state:10010 event type:2 pid:0 uid:0 pkg:com.huawei.android.launcher to pid: 657
06-24 15:32:10.034 I/PGServer( 1699): report state:10010 event type:2 pid:0 uid:0 pkg:com.huawei.android.launcher to pid: 1699
06-24 15:32:10.034 I/SceneReceiver( 1699): state type: 10010 eventType:2 pid:0 uid:0 pkg:com.huawei.android.launcher
06-24 15:32:10.034 I/PGServer( 1699): report state:10000 event type:1 pid:0 uid:0 pkg:com.excelliance.dualaid to pid: 657
06-24 15:32:10.034 I/PGServer( 1699): report state:10000 event type:1 pid:0 uid:0 pkg:com.excelliance.dualaid to pid: 1699
06-24 15:32:10.034 I/SceneReceiver( 1699): state type: 10000 eventType:1 pid:0 uid:0 pkg:com.excelliance.dualaid
06-24 15:32:10.034 D/HwThermalStateManager( 1699): current foreapp pkg : com.excelliance.dualaid
06-24 15:32:10.035 W//system/bin/hwservicemanager(  416): Cannot open /odm/manifest.xml
06-24 15:32:10.036 I/GRALLOC (  679): 	 shrFd=10,fmt=0x1,intFmt=0x1,btStrd=256,size=4096,pid=679 
06-24 15:32:10.036 I/GRALLOC (  679): 	 yuv=2,w=16,h=16,Stride u=0 v=0,offset u=0 v=0 
06-24 15:32:10.036 I/GRALLOC (  679): 	 iova_size=4096,conUsg=0x100,proUsg=0x100,	 strd=64,[afbc]HdrStrd=0 PyldStrd=0 Scrmbl=0,ionhnd = 1 
06-24 15:32:10.037 W/libc    ( 1699): Set property "sys.aps.gameProcessName" to ""
06-24 15:32:10.037 I/PGServer( 1699): checkPkgType. calling pkg: android
06-24 15:32:10.037 I/PGServer( 1699): checkPkgType. calling pkg: android
06-24 15:32:10.037 W/libc    ( 1699): Set property "sys.aps.browserProcessName" to ""
06-24 15:32:10.051 E/MemoryLeakMonitorManager( 6886): MemoryLeakMonitor.jar is not exist!
06-24 15:32:10.052 D/CrashHandler( 6886): CrashHandler
06-24 15:32:10.052 D/KXQPApplication( 6886): run: initUserManager
06-24 15:32:10.053 E/Minikin ( 6886): Could not get cmap table size!
06-24 15:32:10.053 D/PMS11422(  657): package:com.excelliance.dualaid, input flags:128, output hwFlags:0
06-24 15:32:10.062 I/HwCust  ( 6886): Constructor found for class android.app.HwCustActivityImpl
06-24 15:32:10.062 D/HwCust  ( 6886): Create obj success use class android.app.HwCustActivityImpl
06-24 15:32:10.064 V/HwPolicyFactory( 6886): : success to get AllImpl object and return....
06-24 15:32:10.065 I/HwCust  ( 6886): Constructor found for class android.app.HwCustHwWallpaperManagerImpl
06-24 15:32:10.065 D/HwCust  ( 6886): Create obj success use class android.app.HwCustHwWallpaperManagerImpl
06-24 15:32:10.066 D/PMS11422(  657): package:com.excelliance.dualaid, input flags:0, output hwFlags:0
06-24 15:32:10.068 V/HwWidgetFactory( 6886): : successes to get AllImpl object and return....
06-24 15:32:10.068 V/ActivityThread( 6886): ActivityThread,callActivityOnCreate
06-24 15:32:10.069 D/HelloActivity( 6886): Memory:25147M
06-24 15:32:10.071 D/HelloActivity( 6886): onCreate: true
06-24 15:32:10.072 D/HelloActivity( 6886): is code boot
06-24 15:32:10.075 D/HelloActivity( 6886): mIsNav = false
06-24 15:32:10.089 D/HwRecentsLockUtils( 1513): Search
06-24 15:32:10.089 E/HsmCoreServiceImpl( 1478): onTransact in code is: 103
06-24 15:32:10.089 I/MediaProcessHandler( 1478): playingUids: 
06-24 15:32:10.089 D/ActivityManager(  657): Skipping, home or recents stack task: TaskRecord{333215f #15658 A=com.huawei.android.launcher U=0 StackId=0 sz=1}
06-24 15:32:10.089 D/ActivityManager(  657): Skipping intent:act=android.intent.action.MAIN cat=[android.intent.category.LAUNCHER] flg=0x10a00000 cmp=io.appium.settings/.Settings
06-24 15:32:10.089 D/ActivityManager(  657): Skipping intent:flg=0x10804000 cmp=com.android.systemui/.recents.RecentsActivity bnds=[48,928][1032,2296]
06-24 15:32:10.089 D/ActivityManager(  657): Skipping intent:flg=0x18800000 cmp=com.tencent.mm/.plugin.base.stub.WXPayEntryActivity
06-24 15:32:10.089 D/ActivityManager(  657): Skipping intent:flg=0x10800000 cmp=com.huawei.systemmanager/com.huawei.permissionmanager.ui.MainActivity
06-24 15:32:10.089 D/ActivityManager(  657): Skipping intent:flg=0x18800000 cmp=com.tencent.mm/.plugin.base.stub.WXEntryActivity
06-24 15:32:10.089 D/ActivityManager(  657): Skipping intent:act=com.huawei.action.VOICE_ASSISTANT flg=0x10800000 pkg=com.huawei.vassistant cmp=com.huawei.vassistant/.ui.main.VAssistantActivity
06-24 15:32:10.089 D/ActivityManager(  657): Skipping intent:act=com.huawei.android.launcher.action.ACCESS_SPLIT_SCREEN_APP cat=[android.intent.category.DEFAULT] flg=0x10804000 cmp=com.huawei.android.launcher/.splitscreen.SplitScreenAppActivity
06-24 15:32:10.089 D/ActivityManager(  657): Skipping intent:flg=0x10800000 pkg=com.excelliance.dualaid.b64 cmp=com.excelliance.dualaid.b64/com.excelliance.kxqp.sdk.PermissionRequestActivity
06-24 15:32:10.089 D/ActivityManager(  657): Skipping intent:act=android.intent.action.VIEW dat=content://com.excelliance.dualaid.fileProvider/external_storage_root/Download/apk/Multiple_64.apk typ=application/vnd.android.package-archive flg=0x10800001 cmp=com.android.packageinstaller/.InstallStart
06-24 15:32:10.089 D/ActivityManager(  657): Skipping intent:flg=0x10800000 cmp=com.android.systemui/.usb.HwUsbDebuggingActivity
06-24 15:32:10.089 D/ActivityManager(  657): Skipping intent:act=android.deviceinfo.chooser.action.LAUNCH flg=0x10800000 hwFlg=0x100 pkg=com.android.settings cmp=com.android.settings/.deviceinfo.UsbConnModeChooserActivity
06-24 15:32:10.089 D/ActivityManager(  657): Skipping intent:flg=0x10800000 cmp=com.zol.android/.push.KeepLiveActivity
06-24 15:32:10.089 D/ActivityManager(  657): Skipping intent:act=android.intent.action.MAIN cat=[android.intent.category.HOME] flg=0x10800300 cmp=com.android.settings/.FallbackHome
06-24 15:32:10.097 D/HelloActivity( 6886): defDisplayStyle:5
06-24 15:32:10.101 D/HttpUtils( 6886): getDownloadMode()
06-24 15:32:10.101 D/NetUtils( 6886): init inited = true
06-24 15:32:10.101 D/HelloActivity( 6886): enter Nav2
06-24 15:32:10.102 D/NetworkSecurityConfig( 6886): No Network Security Config specified, using platform default
06-24 15:32:10.103 I/ActivityManager(  657): START u0 {pkg=com.excelliance.dualaid cmp=com.excelliance.dualaid/com.excelliance.kxqp.swipe.NavActivity2 (has extras)} from uid 11422
06-24 15:32:10.103 I/ActivityManager(  657): ActivityRecord info: ActivityInfo{ec63ea com.excelliance.kxqp.swipe.NavActivity2}
06-24 15:32:10.104 V/WindowManager(  657): findFocusedWindow: AppWindowToken{d3a938b token=Token{377755a ActivityRecord{d5c9105 u0 com.huawei.android.launcher/.unihome.UniHomeLauncher t15658}}} below Reached focused app=AppWindowToken{2756f67 token=Token{57f2726 ActivityRecord{f07fa81 u0 com.excelliance.dualaid/com.excelliance.kxqp.ui.HelloActivity t16017}}}
06-24 15:32:10.105 V/WindowManager(  657): addAppToken: AppWindowToken{f36e45f token=Token{b69f4fe ActivityRecord{b878b9 u0 com.excelliance.dualaid/com.excelliance.kxqp.swipe.NavActivity2 t16017}}} controller={TaskWindowContainerController taskId=16017} at 2147483647
06-24 15:32:10.109 V/ActivityManager(  657): startProcess: name=com.excelliance.dualaid app=null knownToBeDead=true thread=null pid=-1
06-24 15:32:10.110 D/PMS1000 (  657): package:com.excelliance.dualaid, input flags:0, output hwFlags:0
06-24 15:32:10.116 I/ActivityManager(  657): Start proc 6919:com.excelliance.dualaid/u0a1422 for service com.excelliance.dualaid/com.excelliance.kxqp.SmtServService
06-24 15:32:10.117 I/        ( 6919): power log dlsym ok
06-24 15:32:10.119 I/zygote  ( 6919): Reinit property: dalvik.vm.checkjni= false
06-24 15:32:10.125 D/HwNetworkManagementService(  657): code == CODE_GET_AD_KEY_LIST
06-24 15:32:10.125 D/HwNetworkManagementService(  657): appName = com.excelliance.dualaid  is not in the mAdViewMap! reply none
06-24 15:32:10.125 D/HwNetworkManagementService(  657): appName = com.excelliance.dualaid  is not in the mAdIdMap! reply none
06-24 15:32:10.126 D/ActivityThread( 6919): ActivityThread,attachApplication
06-24 15:32:10.127 D/ActivityManager(  657): ActivityManagerService,attachApplication,callingPid = 6919
06-24 15:32:10.127 D/ActivityThread( 6886): add activity client record, r= ActivityRecord{cbe2ddc token=android.os.BinderProxy@d13fa03 {com.excelliance.dualaid/com.excelliance.kxqp.ui.HelloActivity}} token= android.os.BinderProxy@d13fa03
06-24 15:32:10.129 V/WindowManager(  657): No longer Stopped: AppWindowToken{f36e45f token=Token{b69f4fe ActivityRecord{b878b9 u0 com.excelliance.dualaid/com.excelliance.kxqp.swipe.NavActivity2 t16017}}}
06-24 15:32:10.129 D/ActivityManager(  657): allPausedActivitiesComplete: r=ActivityRecord{f07fa81 u0 com.excelliance.dualaid/com.excelliance.kxqp.ui.HelloActivity t16017 f} state=PAUSING
06-24 15:32:10.132 V/WindowManager(  657): No longer Stopped: AppWindowToken{f36e45f token=Token{b69f4fe ActivityRecord{b878b9 u0 com.excelliance.dualaid/com.excelliance.kxqp.swipe.NavActivity2 t16017}}}
06-24 15:32:10.134 W//system/bin/hwservicemanager(  416): Cannot open /odm/manifest.xml
06-24 15:32:10.136 V/WindowManager(  657): Checking 1 opening apps (frozen=false timeout=false)...
06-24 15:32:10.136 V/WindowManager(  657): Check opening app=AppWindowToken{f36e45f token=Token{b69f4fe ActivityRecord{b878b9 u0 com.excelliance.dualaid/com.excelliance.kxqp.swipe.NavActivity2 t16017}}}: allDrawn=false startingDisplayed=false startingMoved=false isRelaunching()=false
06-24 15:32:10.138 D/HwCust  ( 6886): Create obj success use class android.app.HwCustActivityImpl
06-24 15:32:10.138 D/HwCust  ( 6886): Create obj success use class android.app.HwCustHwWallpaperManagerImpl
06-24 15:32:10.139 V/ActivityThread( 6886): ActivityThread,callActivityOnCreate
06-24 15:32:10.140 W/X509TrustManager( 6886): checkServerTrusted: SignatureException:null
06-24 15:32:10.141 W/X509TrustManager( 6886): checkServerTrusted: SignatureException:error:04000073:RSA routines:OPENSSL_internal:DATA_TOO_LARGE_FOR_MODULUS
06-24 15:32:10.144 E/WifiHAL (  706): enter wifi_get_link_stats
06-24 15:32:10.144 D/NavActivity2( 6886): onCreate
06-24 15:32:10.147 D/PMS11422(  657): package:com.excelliance.dualaid, input flags:128, output hwFlags:0
06-24 15:32:10.149 D/PMS11422(  657): package:com.excelliance.dualaid, input flags:128, output hwFlags:0
06-24 15:32:10.149 E/wificond(  765): Failed to get NL80211_STA_INFO_CNAHLOAD
06-24 15:32:10.149 E/WificondControl(  657): Noise: -89, Snr: 0, Chload: -1
06-24 15:32:10.149 D/HwWifiCHRStateManager(  657): handleMessage : 1001
06-24 15:32:10.149 D/HwWifiCHRStateManager(  657): handleUpdateChannel:5805
06-24 15:32:10.150 V/HwWifiServiceFactory(  657): get AllImpl object = com.android.server.wifi.HwWifiServiceFactoryImpl@a390a53
06-24 15:32:10.150 W/Utils   ( 6886): Utils_isSuperResolutionSupport [load libai_client.so failed]
06-24 15:32:10.150 D/WifiScoreReport(  657): Score = 100, wifiConnectivityManagerEnabled = false, lowScoreCount = 0
06-24 15:32:10.152 D/CubicBezierInterpolator( 6886): CubicBezierInterpolator  mControlPoint1x = 0.23, mControlPoint1y = 0.06, mControlPoint2x = 0.09, mControlPoint2y = 0.97
06-24 15:32:10.152 D/CubicBezierInterpolator( 6886): CubicBezierInterpolator  mControlPoint1x = 0.6, mControlPoint1y = 0.9, mControlPoint2x = 0.8, mControlPoint2y = 1.0
06-24 15:32:10.152 D/CubicBezierInterpolator( 6886): CubicBezierInterpolator  mControlPoint1x = 0.23, mControlPoint1y = 0.06, mControlPoint2x = 0.09, mControlPoint2y = 0.97
06-24 15:32:10.152 D/CubicBezierInterpolator( 6886): CubicBezierInterpolator  mControlPoint1x = 0.6, mControlPoint1y = 0.9, mControlPoint2x = 0.8, mControlPoint2y = 1.0
06-24 15:32:10.153 D/CubicBezierInterpolator( 6886): CubicBezierInterpolator  mControlPoint1x = 0.23, mControlPoint1y = 0.06, mControlPoint2x = 0.09, mControlPoint2y = 0.97
06-24 15:32:10.153 D/CubicBezierInterpolator( 6886): CubicBezierInterpolator  mControlPoint1x = 0.6, mControlPoint1y = 0.9, mControlPoint2x = 0.8, mControlPoint2y = 1.0
06-24 15:32:10.153 D/CubicBezierInterpolator( 6886): CubicBezierInterpolator  mControlPoint1x = 0.23, mControlPoint1y = 0.06, mControlPoint2x = 0.09, mControlPoint2y = 0.97
06-24 15:32:10.153 D/CubicBezierInterpolator( 6886): CubicBezierInterpolator  mControlPoint1x = 0.6, mControlPoint1y = 0.9, mControlPoint2x = 0.8, mControlPoint2y = 1.0
06-24 15:32:10.154 W//system/bin/hwservicemanager(  416): Cannot open /odm/manifest.xml
06-24 15:32:10.156 I/GRALLOC (  679): 	 shrFd=10,fmt=0x1,intFmt=0x1,btStrd=256,size=4096,pid=679 
06-24 15:32:10.156 I/GRALLOC (  679): 	 yuv=2,w=16,h=16,Stride u=0 v=0,offset u=0 v=0 
06-24 15:32:10.156 I/GRALLOC (  679): 	 iova_size=4096,conUsg=0x100,proUsg=0x100,	 strd=64,[afbc]HdrStrd=0 PyldStrd=0 Scrmbl=0,ionhnd = 1 
06-24 15:32:10.159 D/HwRTBlurUtils( 6886): check blur style for HwPhoneWindow-, themeResId : 0x7f0e000a, context : com.excelliance.kxqp.swipe.NavActivity2@794246b, Nhwext : 0, get Blur : disable with , null
06-24 15:32:10.159 D/HwRTBlurUtils( 6886): check blur style for HwPhoneWindow-, themeResId : 0x7f0e000a, context : com.excelliance.kxqp.swipe.NavActivity2@794246b, Nhwext : 0, get Blur : disable with , null
06-24 15:32:10.159 E/test    ( 6886): hw notch screen flag api error
06-24 15:32:10.161 D/HwFLClassLoader( 6919): get used feature list :/feature/used-list failed!
06-24 15:32:10.161 D/HwFLClassLoader( 6919): USE_FEATURE_LIST had not init! 
06-24 15:32:10.162 D/ActivityThread( 6886): add activity client record, r= ActivityRecord{414755e token=android.os.BinderProxy@31abee5 {com.excelliance.dualaid/com.excelliance.kxqp.swipe.NavActivity2}} token= android.os.BinderProxy@31abee5
06-24 15:32:10.164 E/ViewUtils( 6886): setBgColor: view==null:top
06-24 15:32:10.170 D/OpenGLRenderer( 6886):   HWUI Binary is  enabled
06-24 15:32:10.171 D/SurfaceFlinger(  710): SurfaceFlinger: getDisplayConfigs--3.000000, 1080, 1920
06-24 15:32:10.171 I/chatty  (  710): uid=1000(system) Binder:710_3 identical 1 line
06-24 15:32:10.171 D/SurfaceFlinger(  710): SurfaceFlinger: getDisplayConfigs--3.000000, 1080, 1920
06-24 15:32:10.172 D/OpenGLRenderer( 6886): HWUI GL Pipeline
06-24 15:32:10.176 D/PMS11422(  657): package:com.excelliance.dualaid, input flags:128, output hwFlags:0
06-24 15:32:10.177 V/WindowManager(  657): Adding Window{57e4962 u0 com.excelliance.dualaid/com.excelliance.kxqp.swipe.NavActivity2} to AppWindowToken{f36e45f token=Token{b69f4fe ActivityRecord{b878b9 u0 com.excelliance.dualaid/com.excelliance.kxqp.swipe.NavActivity2 t16017}}}
06-24 15:32:10.177 V/WindowManager(  657): addWindow: New client android.os.BinderProxy@879902d: window=Window{57e4962 u0 com.excelliance.dualaid/com.excelliance.kxqp.swipe.NavActivity2} Callers=com.android.server.wm.HwWindowManagerService.addWindow:562 com.android.server.wm.Session.addToDisplay:199 android.view.IWindowSession$Stub.onTransact:124 com.android.server.wm.Session.onTransact:161 android.os.Binder.execTransact:675 
06-24 15:32:10.179 V/WindowManager(  657): Checking 1 opening apps (frozen=false timeout=false)...
06-24 15:32:10.179 V/WindowManager(  657): Check opening app=AppWindowToken{f36e45f token=Token{b69f4fe ActivityRecord{b878b9 u0 com.excelliance.dualaid/com.excelliance.kxqp.swipe.NavActivity2 t16017}}}: allDrawn=false startingDisplayed=false startingMoved=false isRelaunching()=false
06-24 15:32:10.184 D/PMS11422(  657): package:com.excelliance.dualaid, input flags:128, output hwFlags:0
06-24 15:32:10.186 D/HttpUtils( 6886): getResponseCode():200
06-24 15:32:10.186 D/WHEG    ( 6886): {"status":"0","controls":"","skip":"0"}
06-24 15:32:10.188 D/PMS11422(  657): package:com.excelliance.dualaid, input flags:128, output hwFlags:0
06-24 15:32:10.196 D/HwGalleryCacheManagerImpl( 6886): mIsEffect:false
06-24 15:32:10.201 D/PMS11422(  657): package:com.excelliance.dualaid, input flags:128, output hwFlags:0
06-24 15:32:10.236 D/HwRecentsLockUtils( 1513): Search
06-24 15:32:10.236 E/HsmCoreServiceImpl( 1478): onTransact in code is: 103
06-24 15:32:10.236 I/MediaProcessHandler( 1478): playingUids: 
06-24 15:32:10.207 I/chatty  (  657): uid=1000(system) Binder:657_2 identical 4 lines
06-24 15:32:10.207 D/PMS11422(  657): package:com.excelliance.dualaid, input flags:128, output hwFlags:0
06-24 15:32:10.237 D/ActivityManager(  657): Skipping, home or recents stack task: TaskRecord{333215f #15658 A=com.huawei.android.launcher U=0 StackId=0 sz=1}
06-24 15:32:10.237 D/ActivityManager(  657): Skipping intent:act=android.intent.action.MAIN cat=[android.intent.category.LAUNCHER] flg=0x10a00000 cmp=io.appium.settings/.Settings
06-24 15:32:10.237 D/ActivityManager(  657): Skipping intent:flg=0x10804000 cmp=com.android.systemui/.recents.RecentsActivity bnds=[48,928][1032,2296]
06-24 15:32:10.237 D/ActivityManager(  657): Skipping intent:flg=0x18800000 cmp=com.tencent.mm/.plugin.base.stub.WXPayEntryActivity
06-24 15:32:10.237 D/ActivityManager(  657): Skipping intent:flg=0x10800000 cmp=com.huawei.systemmanager/com.huawei.permissionmanager.ui.MainActivity
06-24 15:32:10.237 D/ActivityManager(  657): Skipping intent:flg=0x18800000 cmp=com.tencent.mm/.plugin.base.stub.WXEntryActivity
06-24 15:32:10.237 D/ActivityManager(  657): Skipping intent:act=com.huawei.action.VOICE_ASSISTANT flg=0x10800000 pkg=com.huawei.vassistant cmp=com.huawei.vassistant/.ui.main.VAssistantActivity
06-24 15:32:10.237 D/ActivityManager(  657): Skipping intent:act=com.huawei.android.launcher.action.ACCESS_SPLIT_SCREEN_APP cat=[android.intent.category.DEFAULT] flg=0x10804000 cmp=com.huawei.android.launcher/.splitscreen.SplitScreenAppActivity
06-24 15:32:10.237 D/ActivityManager(  657): Skipping intent:flg=0x10800000 pkg=com.excelliance.dualaid.b64 cmp=com.excelliance.dualaid.b64/com.excelliance.kxqp.sdk.PermissionRequestActivity
06-24 15:32:10.237 D/ActivityManager(  657): Skipping intent:act=android.intent.action.VIEW dat=content://com.excelliance.dualaid.fileProvider/external_storage_root/Download/apk/Multiple_64.apk typ=application/vnd.android.package-archive flg=0x10800001 cmp=com.android.packageinstaller/.InstallStart
06-24 15:32:10.237 D/ActivityManager(  657): Skipping intent:flg=0x10800000 cmp=com.android.systemui/.usb.HwUsbDebuggingActivity
06-24 15:32:10.237 D/ActivityManager(  657): Skipping intent:act=android.deviceinfo.chooser.action.LAUNCH flg=0x10800000 hwFlg=0x100 pkg=com.android.settings cmp=com.android.settings/.deviceinfo.UsbConnModeChooserActivity
06-24 15:32:10.237 D/ActivityManager(  657): Skipping intent:flg=0x10800000 cmp=com.zol.android/.push.KeepLiveActivity
06-24 15:32:10.237 D/ActivityManager(  657): Skipping intent:act=android.intent.action.MAIN cat=[android.intent.category.HOME] flg=0x10800300 cmp=com.android.settings/.FallbackHome
06-24 15:32:10.263 I/zygote  ( 6919): Compiler allocated 4MB to compile boolean com.excelliance.kxqp.KXQPApplication.b(int)
06-24 15:32:10.270 D/MainActivity( 6886): instantiateItem: 2	android.widget.RelativeLayout{d00e2b1 V.E...... ......I. 0,0-0,0}
06-24 15:32:10.271 D/MainActivity( 6886): initPage3: 
06-24 15:32:10.275 V/WindowManager(  657): Checking 1 opening apps (frozen=false timeout=false)...
06-24 15:32:10.275 V/WindowManager(  657): Check opening app=AppWindowToken{f36e45f token=Token{b69f4fe ActivityRecord{b878b9 u0 com.excelliance.dualaid/com.excelliance.kxqp.swipe.NavActivity2 t16017}}}: allDrawn=false startingDisplayed=false startingMoved=false isRelaunching()=false
06-24 15:32:10.277 V/HwPhoneWindowManager(  657): updateSystemUiColorLw window=Window{57e4962 u0 com.excelliance.dualaid/com.excelliance.kxqp.swipe.NavActivity2},EmuiStyle=0,StatusBarColor=0xff000000,NavigationBarColor=0xff000000, mLastIsEmuiLightStyle=-1
06-24 15:32:10.277 D/HwPhoneWindowManager(  657): Transact:setSystemUIColor to status bar service
06-24 15:32:10.277 I/CommandQueue( 1513): updateBarBgColor
06-24 15:32:10.277 D/CommandQueue( 1513): CommandQueue, setBarBackgroundColor
06-24 15:32:10.278 V/WindowManager(  657): Checking 1 opening apps (frozen=false timeout=false)...
06-24 15:32:10.278 V/WindowManager(  657): Check opening app=AppWindowToken{f36e45f token=Token{b69f4fe ActivityRecord{b878b9 u0 com.excelliance.dualaid/com.excelliance.kxqp.swipe.NavActivity2 t16017}}}: allDrawn=false startingDisplayed=false startingMoved=false isRelaunching()=false
06-24 15:32:10.279 D/TintManager( 1513): statusBarIconTint=#99FFFFFF,navigationBarIconTint=#FF000000
06-24 15:32:10.281 I/GRALLOC (  679): 	 shrFd=10,fmt=0x1,intFmt=0x200000001,btStrd=4352,size=8486912,pid=679 
06-24 15:32:10.281 I/GRALLOC (  679): 	 yuv=2,w=1080,h=1920,Stride u=0 v=0,offset u=0 v=0 
06-24 15:32:10.281 I/GRALLOC (  679): 	 iova_size=8486912,conUsg=0x900,proUsg=0x900,	 strd=1088,[afbc]HdrStrd=1088 PyldStrd=69632 Scrmbl=2,ionhnd = 1 
06-24 15:32:10.284 I/GRALLOC (  679): 	 shrFd=10,fmt=0x1,intFmt=0x200000001,btStrd=4352,size=8486912,pid=679 
06-24 15:32:10.284 I/GRALLOC (  679): 	 yuv=2,w=1080,h=1920,Stride u=0 v=0,offset u=0 v=0 
06-24 15:32:10.284 I/GRALLOC (  679): 	 iova_size=8486912,conUsg=0x900,proUsg=0x900,	 strd=1088,[afbc]HdrStrd=1088 PyldStrd=69632 Scrmbl=2,ionhnd = 1 
06-24 15:32:10.284 D/MainActivity( 6886): run: initPage3
06-24 15:32:10.285 V/MainActivity( 6886): onWindowFocusChanged: true
06-24 15:32:10.285 I/OpenGLRenderer( 6886): Initialized EGL, version 1.4
06-24 15:32:10.285 D/OpenGLRenderer( 6886): Swap behavior 2
06-24 15:32:10.286 W/InputMethodManager( 6886): startInputReason = 1
06-24 15:32:10.287 I/GRALLOC (  679): 	 shrFd=10,fmt=0x1,intFmt=0x200000001,btStrd=4352,size=8486912,pid=679 
06-24 15:32:10.287 I/GRALLOC (  679): 	 yuv=2,w=1080,h=1920,Stride u=0 v=0,offset u=0 v=0 
06-24 15:32:10.287 I/GRALLOC (  679): 	 iova_size=8486912,conUsg=0x900,proUsg=0x900,	 strd=1088,[afbc]HdrStrd=1088 PyldStrd=69632 Scrmbl=2,ionhnd = 1 
06-24 15:32:10.288 W/InputMethodManager( 6886): startInputReason = 5
06-24 15:32:10.290 I/wangchen( 7035): SysInfo.getSysParam: orientation=1||config d=3.0,w=1080,h=1920||metrics d=3.0,w=1080,h=1920||sdk=26,bar_h=72
06-24 15:32:10.290 I/KeymapLoader( 7035): w=1080 h=1920 ori=true appScale=3.3 s1=3.0
06-24 15:32:10.290 D/mali_winsys( 6886): EGLint new_window_surface(egl_winsys_display *, void *, EGLSurface, EGLConfig, egl_winsys_surface **, egl_color_buffer_format *, EGLBoolean) returns 0x3000
06-24 15:32:10.290 E/vndksupport( 6886): Could not load vendor/lib/egl/libGLES_mali_v2.so from sphal namespace: dlopen failed: library "vendor/lib/egl/libGLES_mali_v2.so" not found.
06-24 15:32:10.295 D/BarTransitions.HwPhoneStatusBarView( 1513): MODE_TRANSPARENT -> MODE_TRANSLUCENT animate=false
06-24 15:32:10.295 D/BarTransitions.HwPhoneStatusBarView( 1513): applyModeBackground oldMode=MODE_TRANSPARENT newMode=MODE_TRANSLUCENT animate=false
06-24 15:32:10.295 D/PMS11422(  657): package:com.excelliance.dualaid, input flags:128, output hwFlags:0
06-24 15:32:10.298 D/StatusBarIconController( 1513): setIconVisibility icon is null or visibility not change visibility=false
06-24 15:32:10.302 D/PMS11422(  657): package:com.excelliance.dualaid, input flags:128, output hwFlags:0
06-24 15:32:10.319 D/HwArpVerifier(  657): performPollAndLog:
06-24 15:32:10.319 I/GRALLOC (  679): 	 shrFd=10,fmt=0x1,intFmt=0x200000001,btStrd=4352,size=8486912,pid=679 
06-24 15:32:10.319 I/GRALLOC (  679): 	 yuv=2,w=1080,h=1920,Stride u=0 v=0,offset u=0 v=0 
06-24 15:32:10.319 I/GRALLOC (  679): 	 iova_size=8486912,conUsg=0xb00,proUsg=0xb00,	 strd=1088,[afbc]HdrStrd=1088 PyldStrd=69632 Scrmbl=2,ionhnd = 1 
06-24 15:32:10.323 D/hw_netstat(  657): total/4593/1736,com.excelliance.dualaid/3969/1416,unknown:0/624/80,com.google.uid.shared:10089/0/120,com.android.vending/0/120
06-24 15:32:10.327 D/WindowManager(  657): finishDrawingWindow: Window{57e4962 u0 com.excelliance.dualaid/com.excelliance.kxqp.swipe.NavActivity2} mDrawState=DRAW_PENDING
06-24 15:32:10.330 V/WindowManager(  657): Checking 1 opening apps (frozen=false timeout=false)...
06-24 15:32:10.331 V/WindowManager(  657): Check opening app=AppWindowToken{f36e45f token=Token{b69f4fe ActivityRecord{b878b9 u0 com.excelliance.dualaid/com.excelliance.kxqp.swipe.NavActivity2 t16017}}}: allDrawn=true startingDisplayed=false startingMoved=false isRelaunching()=false
06-24 15:32:10.333 D/ImageWallpaper( 1513): onVisibilityChanged: mVisible, visible=true, false
06-24 15:32:10.333 D/ImageWallpaper( 1513): Visibility changed to visible=false
06-24 15:32:10.333 D/BarTransitions.HwPhoneStatusBarView( 1513): MODE_TRANSLUCENT -> MODE_TRANSPARENT animate=false
06-24 15:32:10.333 D/BarTransitions.HwPhoneStatusBarView( 1513): applyModeBackground oldMode=MODE_TRANSLUCENT newMode=MODE_TRANSPARENT animate=false
06-24 15:32:10.334 I/ActivityManager(  657): Displayed com.excelliance.dualaid/com.excelliance.kxqp.swipe.NavActivity2: +203ms (total +3s926ms)
06-24 15:32:10.346 D/BarTransitions.HwPhoneStatusBarView( 1513): MODE_TRANSPARENT -> MODE_TRANSLUCENT animate=false
06-24 15:32:10.346 D/BarTransitions.HwPhoneStatusBarView( 1513): applyModeBackground oldMode=MODE_TRANSPARENT newMode=MODE_TRANSLUCENT animate=false
06-24 15:32:10.346 D/BarTransitions.HwNavigationBarView( 1513): MODE_TRANSLUCENT -> MODE_OPAQUE animate=false
06-24 15:32:10.346 D/BarTransitions.HwNavigationBarView( 1513): applyModeBackground oldMode=MODE_TRANSLUCENT newMode=MODE_OPAQUE animate=false
06-24 15:32:10.346 W/dex2oat ( 6970): Using default instruction set features for ARM CPU variant (default) using conservative defaults
06-24 15:32:10.346 I/WindowManager(  657): notifyAccessibilityButtonVisibilityChanged visible:false
06-24 15:32:10.346 I/dex2oat ( 6970): /system/bin/dex2oat -j4 --dex-file=/data/data/com.excelliance.dualaid/.platformcache/main.jar --output-vdex-fd=46 --oat-fd=47 --oat-location=/data/data/com.excelliance.dualaid/.platformcache/oat/arm/main.odex --compiler-filter=quicken
06-24 15:32:10.346 I/cutils-trace( 6970): atrace_init_once, trace_marker_path = /sys/kernel/debug/tracing/trace_marker
06-24 15:32:10.349 E/BufferQueueProducer(  710): [com.huawei.android.launcher/com.huawei.android.launcher.unihome.UniHomeLauncher#0] disconnect: not connected (req=1)
06-24 15:32:10.349 W/libEGL  ( 2519): EGLNativeWindowType 0x748dc4c010 disconnect failed
06-24 15:32:10.362 W/ActivityManager(  657): Sending non-protected broadcast huawei.action.floattasks.STATUS_BAR_STATE_CHANGED from system 1513:com.android.systemui/u0a39 pkg com.android.systemui
06-24 15:32:10.362 W/HwKeyguardDragHelper( 1513): AnimationBlocked
06-24 15:32:10.373 D/ActivityThread( 6886): Remove activity client record, r= ActivityRecord{cbe2ddc token=android.os.BinderProxy@d13fa03 {com.excelliance.dualaid/com.excelliance.kxqp.ui.HelloActivity}} token= android.os.BinderProxy@d13fa03
06-24 15:32:10.375 V/WindowManager(  657): removeAppToken: AppWindowToken{2756f67 token=Token{57f2726 ActivityRecord{f07fa81 u0 com.excelliance.dualaid/com.excelliance.kxqp.ui.HelloActivity t16017}}} delayed=false Callers=com.android.server.wm.DisplayContent.removeAppToken:985 com.android.server.wm.AppWindowContainerController.removeContainer:348 com.android.server.am.ActivityRecord.removeWindowContainer:1039 com.android.server.am.ActivityStack.removeActivityFromHistoryLocked:4491 
06-24 15:32:10.379 V/WindowManager(  657): notifyAppStopped: AppWindowToken{d3a938b token=Token{377755a ActivityRecord{d5c9105 u0 com.huawei.android.launcher/.unihome.UniHomeLauncher t15658}}}
06-24 15:32:10.379 E/WindowManager(  657): win=Window{68d6975 u0 com.huawei.android.launcher/com.huawei.android.launcher.unihome.UniHomeLauncher} destroySurfaces: appStopped=true win.mWindowRemovalAllowed=false win.mRemoveOnExit=false
06-24 15:32:10.380 I/WindowManager(  657): Destroying surface Surface(name=com.huawei.android.launcher/com.huawei.android.launcher.unihome.UniHomeLauncher) called by com.android.server.wm.WindowStateAnimator.destroySurface:2060 com.android.server.wm.WindowStateAnimator.destroySurfaceLocked:873 com.android.server.wm.HwWindowStateAnimator.destroySurfaceLocked:1006 com.android.server.wm.WindowState.destroyOrSaveSurfaceUnchecked:2990 com.android.server.wm.WindowState.destroySurface:2951 com.android.server.wm.AppWindowToken.destroySurfaces:654 com.android.server.wm.AppWindowToken.destroySurfaces:638 com.android.server.wm.AppWindowToken.notifyAppStopped:682 
06-24 15:32:10.381 D/HwGameAssistantController(  657): pid=2519, uid=10056, foreground=false
06-24 15:32:10.381 W/AwareLog(  657): SchedLevelBoost: onFgActivitiesChanged config not set!
06-24 15:32:10.422 I/NetworkSpeedManagerEx( 1513): mIsStop = false
06-24 15:32:10.422 I/NetworkSpeedManagerEx( 1513):  runInThread getTetherStats
06-24 15:32:10.423 I/NetworkSpeedManagerEx( 1513):  runInUI refreshSpeed
06-24 15:32:10.423 I/NetworkSpeedManagerEx( 1513): value=1733.6666speed = 1.7
06-24 15:32:10.423 I/NetworkSpeedManagerEx( 1513): K/smIsShowLastSpeedValuefalse
06-24 15:32:10.423 I/NetworkSpeedView( 1513): /update(), speed=1.7
06-24 15:32:10.423 I/NetworkSpeedView( 1513): K/s parent class:class com.android.systemui.statusbar.HwSystemIcons
06-24 15:32:10.442 I/NetworkSpeedManagerEx( 1513): mIsStop = false
06-24 15:32:10.442 I/NetworkSpeedManagerEx( 1513):  runInThread getTetherStats
06-24 15:32:10.442 I/NetworkSpeedManagerEx( 1513):  runInUI refreshSpeed
06-24 15:32:10.443 I/NetworkSpeedManagerEx( 1513): value=1733.6666speed = 1.7
06-24 15:32:10.443 I/NetworkSpeedManagerEx( 1513): K/smIsShowLastSpeedValuefalse
06-24 15:32:10.443 I/NetworkSpeedView( 1513): /update(), speed=1.7
06-24 15:32:10.443 I/NetworkSpeedView( 1513): K/s parent class:class com.android.systemui.statusbar.HwSystemIcons
06-24 15:32:10.538 I/HwNormalizedSpline(  657): getEyeProtectionBrightnessLevel lux =239.0, mDefaultBrightnessFromLux =68.645
06-24 15:32:10.678 D/NetWorkUtils( 1513): mVSimCurCardType is -1
06-24 15:32:10.679 D/NetWorkUtils( 1513): mVSimCurCardType is -1
06-24 15:32:10.755 I/dex2oat ( 6970): dex2oat took 409.755ms (987.679ms cpu) (threads: 4) arena alloc=85KB (87616B) java alloc=2MB (3143720B) native alloc=4MB (4685880B) free=2MB (2654152B)
06-24 15:32:10.767 D/PMS11422(  657): package:com.excelliance.dualaid, input flags:128, output hwFlags:0
06-24 15:32:10.803 I/GRALLOC (  679): 	 shrFd=10,fmt=0x1,intFmt=0x200000001,btStrd=4352,size=8486912,pid=679 
06-24 15:32:10.803 I/GRALLOC (  679): 	 yuv=2,w=1080,h=1920,Stride u=0 v=0,offset u=0 v=0 
06-24 15:32:10.803 I/GRALLOC (  679): 	 iova_size=8486912,conUsg=0xb00,proUsg=0xb00,	 strd=1088,[afbc]HdrStrd=1088 PyldStrd=69632 Scrmbl=2,ionhnd = 1 
06-24 15:32:10.818 W/dex2oat ( 7003): Using default instruction set features for ARM CPU variant (default) using conservative defaults
06-24 15:32:10.818 I/dex2oat ( 7003): /system/bin/dex2oat -j4 --dex-file=/data/data/com.excelliance.dualaid/.platformcache/kxqpplatform2.jar --output-vdex-fd=47 --oat-fd=48 --oat-location=/data/data/com.excelliance.dualaid/.platformcache/oat/arm/kxqpplatform2.odex --compiler-filter=quicken
06-24 15:32:10.818 I/cutils-trace( 7003): atrace_init_once, trace_marker_path = /sys/kernel/debug/tracing/trace_marker
06-24 15:32:10.854 I/GRALLOC (  679): 	 shrFd=10,fmt=0x1,intFmt=0x200000001,btStrd=4352,size=8486912,pid=679 
06-24 15:32:10.854 I/GRALLOC (  679): 	 yuv=2,w=1080,h=1920,Stride u=0 v=0,offset u=0 v=0 
06-24 15:32:10.854 I/GRALLOC (  679): 	 iova_size=8486912,conUsg=0xb00,proUsg=0xb00,	 strd=1088,[afbc]HdrStrd=1088 PyldStrd=69632 Scrmbl=2,ionhnd = 1 
