06-24 15:31:27.876 V/ActivityManager(  657): startProcess: name=com.excelliance.dualaid:olle app=ProcessRecord{e82d6e8 4347:com.excelliance.dualaid:olle/u0a1422} knownToBeDead=true thread=null pid=4347
06-24 15:31:27.877 I/zygote  ( 4347): Reinit property: dalvik.vm.checkjni= false
06-24 15:31:27.890 D/ActivityThread( 4347): ActivityThread,attachApplication
06-24 15:31:27.891 D/ActivityManager(  657): ActivityManagerService,attachApplication,callingPid = 4347
06-24 15:31:27.894 V/WindowManager(  657): No longer Stopped: AppWindowToken{f05680b token=Token{a0ecbda ActivityRecord{5f93185 u0 com.excelliance.dualaid/com.excelliance.kxqp.ui.HelloActivity t16015}}}
06-24 15:31:27.903 V/WindowManager(  657): findFocusedWindow: AppWindowToken{d3a938b token=Token{377755a ActivityRecord{d5c9105 u0 com.huawei.android.launcher/.unihome.UniHomeLauncher t15658}}} below Reached focused app=AppWindowToken{f05680b token=Token{a0ecbda ActivityRecord{5f93185 u0 com.excelliance.dualaid/com.excelliance.kxqp.ui.HelloActivity t16015}}}
06-24 15:31:27.904 D/ScenarioService( 1699): front pkg : com.excelliance.dualaid launcher: false
06-24 15:31:27.904 D/ScenarioService( 1699): new above launcher front pkgs: [com.excelliance.dualaid]
06-24 15:31:27.904 I/AppsUsage( 1699): scnOff:false FgAPP:com.excelliance.dualaid BgAPP:com.huawei.android.launcher
06-24 15:31:27.905 V/WindowManager(  657): Checking 1 opening apps (frozen=false timeout=false)...
06-24 15:31:27.905 V/WindowManager(  657): Check opening app=AppWindowToken{f05680b token=Token{a0ecbda ActivityRecord{5f93185 u0 com.excelliance.dualaid/com.excelliance.kxqp.ui.HelloActivity t16015}}}: allDrawn=false startingDisplayed=false startingMoved=false isRelaunching()=false
06-24 15:31:27.906 D/EmcomManagerService(  657): forePackage name is com.excelliance.dualaid
06-24 15:31:27.907 D/HicomPolicyManager(  657): foreAppInfo = nullpkgName = com.excelliance.dualaid uid= 11422
06-24 15:31:27.907 E/HicomPolicyManager(  657): udp acc is not start yet!
06-24 15:31:27.907 D/HicomPolicyManager(  657): speed control is not start
06-24 15:31:27.907 E/HicomPolicyManager(  657): Network Evaluation is not start yet!
06-24 15:31:27.907 E/HicomPolicyManager(  657): foreground app info is null
06-24 15:31:27.907 D/HwQoEUtils(  657): mForegroundAppPackageName: com.excelliance.dualaid:olle ,score: 0
06-24 15:31:27.907 D/HwQoEUtils(  657): APP type: -1 appName= com.excelliance.dualaid:olle
06-24 15:31:27.907 D/HwQoEUtils(  657): RealAppName:com.excelliance.dualaid
06-24 15:31:27.907 D/[HwRecSys]HwRecSysService( 2647): onEvent actionID: 10000 msg:com.excelliance.dualaid		
06-24 15:31:27.907 E/[HwRecSys]HwRecSysService( 2647): getIsRportDirectService is false!
06-24 15:31:27.907 D/HwQoEUtils(  657): no game, APP_TYPE_GAME, appName =com.excelliance.dualaid:olle
06-24 15:31:27.908 D/HwGameAssistantController(  657): pid=4347, uid=11422, foreground=true
06-24 15:31:27.908 I/PGServer( 1699): report state:10010 event type:2 pid:0 uid:0 pkg:com.huawei.android.launcher to pid: 657
06-24 15:31:27.908 I/PGServer( 1699): report state:10010 event type:2 pid:0 uid:0 pkg:com.huawei.android.launcher to pid: 1699
06-24 15:31:27.908 I/SceneReceiver( 1699): state type: 10010 eventType:2 pid:0 uid:0 pkg:com.huawei.android.launcher
06-24 15:31:27.908 I/PGServer( 1699): report state:10000 event type:1 pid:0 uid:0 pkg:com.excelliance.dualaid to pid: 657
06-24 15:31:27.908 I/PGServer( 1699): report state:10000 event type:1 pid:0 uid:0 pkg:com.excelliance.dualaid to pid: 1699
06-24 15:31:27.908 I/SceneReceiver( 1699): state type: 10000 eventType:1 pid:0 uid:0 pkg:com.excelliance.dualaid
06-24 15:31:27.908 D/HwThermalStateManager( 1699): current foreapp pkg : com.excelliance.dualaid
06-24 15:31:27.911 E/WifiHAL (  706): enter wifi_get_link_stats
06-24 15:31:27.911 W//system/bin/hwservicemanager(  416): Cannot open /odm/manifest.xml
06-24 15:31:27.912 I/HwNetworkPolicy(  657): onTransact, code = 203
06-24 15:31:27.912 W/AwareLog(  657): SchedLevelBoost: onFgActivitiesChanged config not set!
06-24 15:31:27.912 I/HwNetworkPolicyManager( 1813): getHwUidPolicy uid = 11422 policy = 0
06-24 15:31:27.912 I/PGServer( 1699): checkPkgType. calling pkg: android
06-24 15:31:27.912 I/PGServer( 1699): checkPkgType. calling pkg: android
06-24 15:31:27.914 W/libc    ( 1699): Set property "sys.aps.gameProcessName" to ""
06-24 15:31:27.916 W/libc    ( 1699): Set property "sys.aps.browserProcessName" to ""
06-24 15:31:27.920 D/HwFLClassLoader( 4347): get used feature list :/feature/used-list failed!
06-24 15:31:27.920 D/HwFLClassLoader( 4347): USE_FEATURE_LIST had not init! 
06-24 15:31:27.921 E/wificond(  765): Failed to get NL80211_STA_INFO_CNAHLOAD
06-24 15:31:27.922 E/WificondControl(  657): Noise: -92, Snr: 0, Chload: -1
06-24 15:31:27.922 D/HwWifiCHRStateManager(  657): handleMessage : 1001
06-24 15:31:27.922 D/HwWifiCHRStateManager(  657): handleUpdateChannel:5805
06-24 15:31:27.922 V/HwWifiServiceFactory(  657): get AllImpl object = com.android.server.wifi.HwWifiServiceFactoryImpl@a390a53
06-24 15:31:27.922 D/WifiScoreReport(  657): Score = 100, wifiConnectivityManagerEnabled = false, lowScoreCount = 0
06-24 15:31:27.923 W//system/bin/hwservicemanager(  416): Cannot open /odm/manifest.xml
06-24 15:31:27.924 I/GRALLOC (  679): 	 shrFd=10,fmt=0x1,intFmt=0x1,btStrd=256,size=4096,pid=679 
06-24 15:31:27.924 I/GRALLOC (  679): 	 yuv=2,w=16,h=16,Stride u=0 v=0,offset u=0 v=0 
06-24 15:31:27.924 I/GRALLOC (  679): 	 iova_size=4096,conUsg=0x100,proUsg=0x100,	 strd=64,[afbc]HdrStrd=0 PyldStrd=0 Scrmbl=0,ionhnd = 1 
06-24 15:31:27.935 E/MemoryLeakMonitorManager( 4347): MemoryLeakMonitor.jar is not exist!
06-24 15:31:27.936 D/CrashHandler( 4347): CrashHandler
06-24 15:31:27.937 D/KXQPApplication( 4347): run: initUserManager
06-24 15:31:27.937 E/Minikin ( 4347): Could not get cmap table size!
06-24 15:31:27.937 D/PMS11422(  657): package:com.excelliance.dualaid, input flags:128, output hwFlags:0
06-24 15:31:27.947 I/HwCust  ( 4347): Constructor found for class android.app.HwCustActivityImpl
06-24 15:31:27.947 D/HwCust  ( 4347): Create obj success use class android.app.HwCustActivityImpl
06-24 15:31:27.949 V/HwPolicyFactory( 4347): : success to get AllImpl object and return....
06-24 15:31:27.950 I/HwCust  ( 4347): Constructor found for class android.app.HwCustHwWallpaperManagerImpl
06-24 15:31:27.950 D/HwCust  ( 4347): Create obj success use class android.app.HwCustHwWallpaperManagerImpl
06-24 15:31:27.951 D/PMS11422(  657): package:com.excelliance.dualaid, input flags:0, output hwFlags:0
06-24 15:31:27.952 V/HwWidgetFactory( 4347): : successes to get AllImpl object and return....
06-24 15:31:27.953 V/ActivityThread( 4347): ActivityThread,callActivityOnCreate
06-24 15:31:27.954 D/HelloActivity( 4347): Memory:25147M
06-24 15:31:27.955 D/HelloActivity( 4347): onCreate: true
06-24 15:31:27.957 D/HelloActivity( 4347): is code boot
06-24 15:31:27.959 D/HelloActivity( 4347): mIsNav = false
06-24 15:31:27.976 D/HwRecentsLockUtils( 1513): Search
06-24 15:31:27.976 D/HelloActivity( 4347): defDisplayStyle:5
06-24 15:31:27.976 E/HsmCoreServiceImpl( 1478): onTransact in code is: 103
06-24 15:31:27.976 I/MediaProcessHandler( 1478): playingUids: 
06-24 15:31:27.977 D/ActivityManager(  657): Skipping, home or recents stack task: TaskRecord{333215f #15658 A=com.huawei.android.launcher U=0 StackId=0 sz=1}
06-24 15:31:27.977 D/ActivityManager(  657): Skipping intent:act=android.intent.action.MAIN cat=[android.intent.category.LAUNCHER] flg=0x10a00000 cmp=io.appium.settings/.Settings
06-24 15:31:27.977 D/ActivityManager(  657): Skipping intent:flg=0x10804000 cmp=com.android.systemui/.recents.RecentsActivity bnds=[48,928][1032,2296]
06-24 15:31:27.977 D/ActivityManager(  657): Skipping intent:flg=0x18800000 cmp=com.tencent.mm/.plugin.base.stub.WXPayEntryActivity
06-24 15:31:27.977 D/ActivityManager(  657): Skipping intent:flg=0x10800000 cmp=com.huawei.systemmanager/com.huawei.permissionmanager.ui.MainActivity
06-24 15:31:27.977 D/ActivityManager(  657): Skipping intent:flg=0x18800000 cmp=com.tencent.mm/.plugin.base.stub.WXEntryActivity
06-24 15:31:27.977 D/ActivityManager(  657): Skipping intent:act=com.huawei.action.VOICE_ASSISTANT flg=0x10800000 pkg=com.huawei.vassistant cmp=com.huawei.vassistant/.ui.main.VAssistantActivity
06-24 15:31:27.977 D/ActivityManager(  657): Skipping intent:act=com.huawei.android.launcher.action.ACCESS_SPLIT_SCREEN_APP cat=[android.intent.category.DEFAULT] flg=0x10804000 cmp=com.huawei.android.launcher/.splitscreen.SplitScreenAppActivity
06-24 15:31:27.977 D/ActivityManager(  657): Skipping intent:flg=0x10800000 pkg=com.excelliance.dualaid.b64 cmp=com.excelliance.dualaid.b64/com.excelliance.kxqp.sdk.PermissionRequestActivity
06-24 15:31:27.977 D/ActivityManager(  657): Skipping intent:act=android.intent.action.VIEW dat=content://com.excelliance.dualaid.fileProvider/external_storage_root/Download/apk/Multiple_64.apk typ=application/vnd.android.package-archive flg=0x10800001 cmp=com.android.packageinstaller/.InstallStart
06-24 15:31:27.977 D/ActivityManager(  657): Skipping intent:flg=0x10800000 cmp=com.android.systemui/.usb.HwUsbDebuggingActivity
06-24 15:31:27.977 D/ActivityManager(  657): Skipping intent:act=android.deviceinfo.chooser.action.LAUNCH flg=0x10800000 hwFlg=0x100 pkg=com.android.settings cmp=com.android.settings/.deviceinfo.UsbConnModeChooserActivity
06-24 15:31:27.977 D/ActivityManager(  657): Skipping intent:flg=0x10800000 cmp=com.zol.android/.push.KeepLiveActivity
06-24 15:31:27.977 D/ActivityManager(  657): Skipping intent:act=android.intent.action.MAIN cat=[android.intent.category.HOME] flg=0x10800300 cmp=com.android.settings/.FallbackHome
06-24 15:31:27.979 D/HttpUtils( 4347): getDownloadMode()
06-24 15:31:27.979 D/NetUtils( 4347): init inited = true
06-24 15:31:27.979 D/HelloActivity( 4347): enter Nav2
06-24 15:31:27.982 I/ActivityManager(  657): START u0 {pkg=com.excelliance.dualaid cmp=com.excelliance.dualaid/com.excelliance.kxqp.swipe.NavActivity2 (has extras)} from uid 11422
06-24 15:31:27.982 D/NetworkSecurityConfig( 4347): No Network Security Config specified, using platform default
06-24 15:31:27.982 I/ActivityManager(  657): ActivityRecord info: ActivityInfo{ec63ea com.excelliance.kxqp.swipe.NavActivity2}
06-24 15:31:27.983 V/WindowManager(  657): findFocusedWindow: AppWindowToken{d3a938b token=Token{377755a ActivityRecord{d5c9105 u0 com.huawei.android.launcher/.unihome.UniHomeLauncher t15658}}} below Reached focused app=AppWindowToken{f05680b token=Token{a0ecbda ActivityRecord{5f93185 u0 com.excelliance.dualaid/com.excelliance.kxqp.ui.HelloActivity t16015}}}
06-24 15:31:27.983 V/WindowManager(  657): addAppToken: AppWindowToken{8f0cd83 token=Token{dcafc32 ActivityRecord{f310c3d u0 com.excelliance.dualaid/com.excelliance.kxqp.swipe.NavActivity2 t16015}}} controller={TaskWindowContainerController taskId=16015} at 2147483647
06-24 15:31:27.992 V/ActivityManager(  657): startProcess: name=com.excelliance.dualaid app=null knownToBeDead=true thread=null pid=-1
06-24 15:31:27.992 D/PMS1000 (  657): package:com.excelliance.dualaid, input flags:0, output hwFlags:0
06-24 15:31:28.002 I/ActivityManager(  657): Start proc 4383:com.excelliance.dualaid/u0a1422 for service com.excelliance.dualaid/com.excelliance.kxqp.SmtServService
06-24 15:31:28.004 I/        ( 4383): power log dlsym ok
06-24 15:31:28.006 I/zygote  ( 4383): Reinit property: dalvik.vm.checkjni= false
06-24 15:31:28.008 D/HwNetworkManagementService(  657): code == CODE_GET_AD_KEY_LIST
06-24 15:31:28.008 D/HwNetworkManagementService(  657): appName = com.excelliance.dualaid  is not in the mAdViewMap! reply none
06-24 15:31:28.008 D/HwNetworkManagementService(  657): appName = com.excelliance.dualaid  is not in the mAdIdMap! reply none
06-24 15:31:28.011 D/ActivityThread( 4347): add activity client record, r= ActivityRecord{cbe2ddc token=android.os.BinderProxy@d13fa03 {com.excelliance.dualaid/com.excelliance.kxqp.ui.HelloActivity}} token= android.os.BinderProxy@d13fa03
06-24 15:31:28.012 V/WindowManager(  657): No longer Stopped: AppWindowToken{8f0cd83 token=Token{dcafc32 ActivityRecord{f310c3d u0 com.excelliance.dualaid/com.excelliance.kxqp.swipe.NavActivity2 t16015}}}
06-24 15:31:28.012 V/WindowManager(  657): No longer Stopped: AppWindowToken{8f0cd83 token=Token{dcafc32 ActivityRecord{f310c3d u0 com.excelliance.dualaid/com.excelliance.kxqp.swipe.NavActivity2 t16015}}}
06-24 15:31:28.014 D/ActivityThread( 4383): ActivityThread,attachApplication
06-24 15:31:28.018 V/WindowManager(  657): Checking 1 opening apps (frozen=false timeout=false)...
06-24 15:31:28.018 V/WindowManager(  657): Check opening app=AppWindowToken{8f0cd83 token=Token{dcafc32 ActivityRecord{f310c3d u0 com.excelliance.dualaid/com.excelliance.kxqp.swipe.NavActivity2 t16015}}}: allDrawn=false startingDisplayed=false startingMoved=false isRelaunching()=false
06-24 15:31:28.019 D/ActivityManager(  657): ActivityManagerService,attachApplication,callingPid = 4383
06-24 15:31:28.023 D/HwCust  ( 4347): Create obj success use class android.app.HwCustActivityImpl
06-24 15:31:28.023 D/HwCust  ( 4347): Create obj success use class android.app.HwCustHwWallpaperManagerImpl
06-24 15:31:28.024 V/ActivityThread( 4347): ActivityThread,callActivityOnCreate
06-24 15:31:28.024 W//system/bin/hwservicemanager(  416): Cannot open /odm/manifest.xml
06-24 15:31:28.025 W/X509TrustManager( 4347): checkServerTrusted: SignatureException:null
06-24 15:31:28.025 W/X509TrustManager( 4347): checkServerTrusted: SignatureException:error:04000073:RSA routines:OPENSSL_internal:DATA_TOO_LARGE_FOR_MODULUS
06-24 15:31:28.030 D/NavActivity2( 4347): onCreate
06-24 15:31:28.031 D/PMS11422(  657): package:com.excelliance.dualaid, input flags:128, output hwFlags:0
06-24 15:31:28.036 W/Utils   ( 4347): Utils_isSuperResolutionSupport [load libai_client.so failed]
06-24 15:31:28.038 D/CubicBezierInterpolator( 4347): CubicBezierInterpolator  mControlPoint1x = 0.23, mControlPoint1y = 0.06, mControlPoint2x = 0.09, mControlPoint2y = 0.97
06-24 15:31:28.038 D/CubicBezierInterpolator( 4347): CubicBezierInterpolator  mControlPoint1x = 0.6, mControlPoint1y = 0.9, mControlPoint2x = 0.8, mControlPoint2y = 1.0
06-24 15:31:28.038 D/CubicBezierInterpolator( 4347): CubicBezierInterpolator  mControlPoint1x = 0.23, mControlPoint1y = 0.06, mControlPoint2x = 0.09, mControlPoint2y = 0.97
06-24 15:31:28.038 D/CubicBezierInterpolator( 4347): CubicBezierInterpolator  mControlPoint1x = 0.6, mControlPoint1y = 0.9, mControlPoint2x = 0.8, mControlPoint2y = 1.0
06-24 15:31:28.039 D/CubicBezierInterpolator( 4347): CubicBezierInterpolator  mControlPoint1x = 0.23, mControlPoint1y = 0.06, mControlPoint2x = 0.09, mControlPoint2y = 0.97
06-24 15:31:28.039 D/CubicBezierInterpolator( 4347): CubicBezierInterpolator  mControlPoint1x = 0.6, mControlPoint1y = 0.9, mControlPoint2x = 0.8, mControlPoint2y = 1.0
06-24 15:31:28.039 D/CubicBezierInterpolator( 4347): CubicBezierInterpolator  mControlPoint1x = 0.23, mControlPoint1y = 0.06, mControlPoint2x = 0.09, mControlPoint2y = 0.97
06-24 15:31:28.039 D/CubicBezierInterpolator( 4347): CubicBezierInterpolator  mControlPoint1x = 0.6, mControlPoint1y = 0.9, mControlPoint2x = 0.8, mControlPoint2y = 1.0
06-24 15:31:28.040 W//system/bin/hwservicemanager(  416): Cannot open /odm/manifest.xml
06-24 15:31:28.041 I/GRALLOC (  679): 	 shrFd=10,fmt=0x1,intFmt=0x1,btStrd=256,size=4096,pid=679 
06-24 15:31:28.041 I/GRALLOC (  679): 	 yuv=2,w=16,h=16,Stride u=0 v=0,offset u=0 v=0 
06-24 15:31:28.041 I/GRALLOC (  679): 	 iova_size=4096,conUsg=0x100,proUsg=0x100,	 strd=64,[afbc]HdrStrd=0 PyldStrd=0 Scrmbl=0,ionhnd = 1 
06-24 15:31:28.043 D/HwFLClassLoader( 4383): get used feature list :/feature/used-list failed!
06-24 15:31:28.043 D/HwFLClassLoader( 4383): USE_FEATURE_LIST had not init! 
06-24 15:31:28.045 D/HwRTBlurUtils( 4347): check blur style for HwPhoneWindow-, themeResId : 0x7f0e000a, context : com.excelliance.kxqp.swipe.NavActivity2@794246b, Nhwext : 0, get Blur : disable with , null
06-24 15:31:28.045 D/HwRTBlurUtils( 4347): check blur style for HwPhoneWindow-, themeResId : 0x7f0e000a, context : com.excelliance.kxqp.swipe.NavActivity2@794246b, Nhwext : 0, get Blur : disable with , null
06-24 15:31:28.046 E/test    ( 4347): hw notch screen flag api error
06-24 15:31:28.049 D/ActivityThread( 4347): add activity client record, r= ActivityRecord{414755e token=android.os.BinderProxy@31abee5 {com.excelliance.dualaid/com.excelliance.kxqp.swipe.NavActivity2}} token= android.os.BinderProxy@31abee5
06-24 15:31:28.050 E/ViewUtils( 4347): setBgColor: view==null:top
06-24 15:31:28.058 D/OpenGLRenderer( 4347):   HWUI Binary is  enabled
06-24 15:31:28.059 D/SurfaceFlinger(  710): SurfaceFlinger: getDisplayConfigs--3.000000, 1080, 1920
06-24 15:31:28.059 I/chatty  (  710): uid=1000(system) Binder:710_4 identical 1 line
06-24 15:31:28.059 D/SurfaceFlinger(  710): SurfaceFlinger: getDisplayConfigs--3.000000, 1080, 1920
06-24 15:31:28.060 D/OpenGLRenderer( 4347): HWUI GL Pipeline
06-24 15:31:28.061 D/PMS11422(  657): package:com.excelliance.dualaid, input flags:128, output hwFlags:0
06-24 15:31:28.062 D/HttpUtils( 4347): getResponseCode():200
06-24 15:31:28.062 D/WHEG    ( 4347): {"status":"0","controls":"","skip":"0"}
06-24 15:31:28.064 V/WindowManager(  657): Adding Window{ac66a56 u0 com.excelliance.dualaid/com.excelliance.kxqp.swipe.NavActivity2} to AppWindowToken{8f0cd83 token=Token{dcafc32 ActivityRecord{f310c3d u0 com.excelliance.dualaid/com.excelliance.kxqp.swipe.NavActivity2 t16015}}}
06-24 15:31:28.065 V/WindowManager(  657): addWindow: New client android.os.BinderProxy@c828c71: window=Window{ac66a56 u0 com.excelliance.dualaid/com.excelliance.kxqp.swipe.NavActivity2} Callers=com.android.server.wm.HwWindowManagerService.addWindow:562 com.android.server.wm.Session.addToDisplay:199 android.view.IWindowSession$Stub.onTransact:124 com.android.server.wm.Session.onTransact:161 android.os.Binder.execTransact:675 
06-24 15:31:28.067 V/WindowManager(  657): Checking 1 opening apps (frozen=false timeout=false)...
06-24 15:31:28.067 V/WindowManager(  657): Check opening app=AppWindowToken{8f0cd83 token=Token{dcafc32 ActivityRecord{f310c3d u0 com.excelliance.dualaid/com.excelliance.kxqp.swipe.NavActivity2 t16015}}}: allDrawn=false startingDisplayed=false startingMoved=false isRelaunching()=false
06-24 15:31:28.068 D/PMS11422(  657): package:com.excelliance.dualaid, input flags:128, output hwFlags:0
06-24 15:31:28.083 D/HwGalleryCacheManagerImpl( 4347): mIsEffect:false
06-24 15:31:28.118 D/HwRecentsLockUtils( 1513): Search
06-24 15:31:28.118 E/HsmCoreServiceImpl( 1478): onTransact in code is: 103
06-24 15:31:28.118 I/MediaProcessHandler( 1478): playingUids: 
06-24 15:31:28.118 D/ActivityManager(  657): Skipping, home or recents stack task: TaskRecord{333215f #15658 A=com.huawei.android.launcher U=0 StackId=0 sz=1}
06-24 15:31:28.118 D/ActivityManager(  657): Skipping intent:act=android.intent.action.MAIN cat=[android.intent.category.LAUNCHER] flg=0x10a00000 cmp=io.appium.settings/.Settings
06-24 15:31:28.118 D/ActivityManager(  657): Skipping intent:flg=0x10804000 cmp=com.android.systemui/.recents.RecentsActivity bnds=[48,928][1032,2296]
06-24 15:31:28.118 D/ActivityManager(  657): Skipping intent:flg=0x18800000 cmp=com.tencent.mm/.plugin.base.stub.WXPayEntryActivity
06-24 15:31:28.118 D/ActivityManager(  657): Skipping intent:flg=0x10800000 cmp=com.huawei.systemmanager/com.huawei.permissionmanager.ui.MainActivity
06-24 15:31:28.118 D/ActivityManager(  657): Skipping intent:flg=0x18800000 cmp=com.tencent.mm/.plugin.base.stub.WXEntryActivity
06-24 15:31:28.119 D/ActivityManager(  657): Skipping intent:act=com.huawei.action.VOICE_ASSISTANT flg=0x10800000 pkg=com.huawei.vassistant cmp=com.huawei.vassistant/.ui.main.VAssistantActivity
06-24 15:31:28.119 D/ActivityManager(  657): Skipping intent:act=com.huawei.android.launcher.action.ACCESS_SPLIT_SCREEN_APP cat=[android.intent.category.DEFAULT] flg=0x10804000 cmp=com.huawei.android.launcher/.splitscreen.SplitScreenAppActivity
06-24 15:31:28.119 D/ActivityManager(  657): Skipping intent:flg=0x10800000 pkg=com.excelliance.dualaid.b64 cmp=com.excelliance.dualaid.b64/com.excelliance.kxqp.sdk.PermissionRequestActivity
06-24 15:31:28.119 D/ActivityManager(  657): Skipping intent:act=android.intent.action.VIEW dat=content://com.excelliance.dualaid.fileProvider/external_storage_root/Download/apk/Multiple_64.apk typ=application/vnd.android.package-archive flg=0x10800001 cmp=com.android.packageinstaller/.InstallStart
06-24 15:31:28.119 D/ActivityManager(  657): Skipping intent:flg=0x10800000 cmp=com.android.systemui/.usb.HwUsbDebuggingActivity
06-24 15:31:28.119 D/ActivityManager(  657): Skipping intent:act=android.deviceinfo.chooser.action.LAUNCH flg=0x10800000 hwFlg=0x100 pkg=com.android.settings cmp=com.android.settings/.deviceinfo.UsbConnModeChooserActivity
06-24 15:31:28.119 D/ActivityManager(  657): Skipping intent:flg=0x10800000 cmp=com.zol.android/.push.KeepLiveActivity
06-24 15:31:28.119 D/ActivityManager(  657): Skipping intent:act=android.intent.action.MAIN cat=[android.intent.category.HOME] flg=0x10800300 cmp=com.android.settings/.FallbackHome
06-24 15:31:28.155 I/zygote  ( 4383): Compiler allocated 4MB to compile boolean com.excelliance.kxqp.KXQPApplication.b(int)
06-24 15:31:28.155 D/MainActivity( 4347): instantiateItem: 2	android.widget.RelativeLayout{d00e2b1 V.E...... ......I. 0,0-0,0}
06-24 15:31:28.156 D/MainActivity( 4347): initPage3: 
06-24 15:31:28.159 V/WindowManager(  657): Checking 1 opening apps (frozen=false timeout=false)...
06-24 15:31:28.159 V/WindowManager(  657): Check opening app=AppWindowToken{8f0cd83 token=Token{dcafc32 ActivityRecord{f310c3d u0 com.excelliance.dualaid/com.excelliance.kxqp.swipe.NavActivity2 t16015}}}: allDrawn=false startingDisplayed=false startingMoved=false isRelaunching()=false
06-24 15:31:28.161 V/HwPhoneWindowManager(  657): updateSystemUiColorLw window=Window{ac66a56 u0 com.excelliance.dualaid/com.excelliance.kxqp.swipe.NavActivity2},EmuiStyle=0,StatusBarColor=0xff000000,NavigationBarColor=0xff000000, mLastIsEmuiLightStyle=-1
06-24 15:31:28.161 D/HwPhoneWindowManager(  657): Transact:setSystemUIColor to status bar service
06-24 15:31:28.162 I/CommandQueue( 1513): updateBarBgColor
06-24 15:31:28.162 D/CommandQueue( 1513): CommandQueue, setBarBackgroundColor
06-24 15:31:28.163 V/WindowManager(  657): Checking 1 opening apps (frozen=false timeout=false)...
06-24 15:31:28.163 V/WindowManager(  657): Check opening app=AppWindowToken{8f0cd83 token=Token{dcafc32 ActivityRecord{f310c3d u0 com.excelliance.dualaid/com.excelliance.kxqp.swipe.NavActivity2 t16015}}}: allDrawn=false startingDisplayed=false startingMoved=false isRelaunching()=false
06-24 15:31:28.166 D/TintManager( 1513): statusBarIconTint=#99FFFFFF,navigationBarIconTint=#FF000000
06-24 15:31:28.166 D/MainActivity( 4347): run: initPage3
06-24 15:31:28.167 V/MainActivity( 4347): onWindowFocusChanged: true
06-24 15:31:28.167 W/InputMethodManager( 4347): startInputReason = 1
06-24 15:31:28.168 I/GRALLOC (  679): 	 shrFd=10,fmt=0x1,intFmt=0x200000001,btStrd=4352,size=8486912,pid=679 
06-24 15:31:28.168 I/GRALLOC (  679): 	 yuv=2,w=1080,h=1920,Stride u=0 v=0,offset u=0 v=0 
06-24 15:31:28.168 I/GRALLOC (  679): 	 iova_size=8486912,conUsg=0x900,proUsg=0x900,	 strd=1088,[afbc]HdrStrd=1088 PyldStrd=69632 Scrmbl=2,ionhnd = 1 
06-24 15:31:28.168 I/OpenGLRenderer( 4347): Initialized EGL, version 1.4
06-24 15:31:28.168 D/OpenGLRenderer( 4347): Swap behavior 2
06-24 15:31:28.171 I/GRALLOC (  679): 	 shrFd=10,fmt=0x1,intFmt=0x200000001,btStrd=4352,size=8486912,pid=679 
06-24 15:31:28.171 I/GRALLOC (  679): 	 yuv=2,w=1080,h=1920,Stride u=0 v=0,offset u=0 v=0 
06-24 15:31:28.171 I/GRALLOC (  679): 	 iova_size=8486912,conUsg=0x900,proUsg=0x900,	 strd=1088,[afbc]HdrStrd=1088 PyldStrd=69632 Scrmbl=2,ionhnd = 1 
06-24 15:31:28.171 D/BarTransitions.HwPhoneStatusBarView( 1513): MODE_TRANSPARENT -> MODE_TRANSLUCENT animate=false
06-24 15:31:28.171 D/BarTransitions.HwPhoneStatusBarView( 1513): applyModeBackground oldMode=MODE_TRANSPARENT newMode=MODE_TRANSLUCENT animate=false
06-24 15:31:28.171 W/InputMethodManager( 4347): startInputReason = 5
06-24 15:31:28.173 D/StatusBarIconController( 1513): setIconVisibility icon is null or visibility not change visibility=false
06-24 15:31:28.173 I/wangchen( 7035): SysInfo.getSysParam: orientation=1||config d=3.0,w=1080,h=1920||metrics d=3.0,w=1080,h=1920||sdk=26,bar_h=72
06-24 15:31:28.173 I/KeymapLoader( 7035): w=1080 h=1920 ori=true appScale=3.3 s1=3.0
06-24 15:31:28.174 I/GRALLOC (  679): 	 shrFd=10,fmt=0x1,intFmt=0x200000001,btStrd=4352,size=8486912,pid=679 
06-24 15:31:28.174 I/GRALLOC (  679): 	 yuv=2,w=1080,h=1920,Stride u=0 v=0,offset u=0 v=0 
06-24 15:31:28.174 I/GRALLOC (  679): 	 iova_size=8486912,conUsg=0x900,proUsg=0x900,	 strd=1088,[afbc]HdrStrd=1088 PyldStrd=69632 Scrmbl=2,ionhnd = 1 
06-24 15:31:28.174 D/mali_winsys( 4347): EGLint new_window_surface(egl_winsys_display *, void *, EGLSurface, EGLConfig, egl_winsys_surface **, egl_color_buffer_format *, EGLBoolean) returns 0x3000
06-24 15:31:28.175 E/vndksupport( 4347): Could not load vendor/lib/egl/libGLES_mali_v2.so from sphal namespace: dlopen failed: library "vendor/lib/egl/libGLES_mali_v2.so" not found.
06-24 15:31:28.184 D/PMS11422(  657): package:com.excelliance.dualaid, input flags:128, output hwFlags:0
06-24 15:31:28.194 I/GRALLOC (  679): 	 shrFd=10,fmt=0x1,intFmt=0x200000001,btStrd=4352,size=8486912,pid=679 
06-24 15:31:28.194 I/GRALLOC (  679): 	 yuv=2,w=1080,h=1920,Stride u=0 v=0,offset u=0 v=0 
06-24 15:31:28.194 I/GRALLOC (  679): 	 iova_size=8486912,conUsg=0xb00,proUsg=0xb00,	 strd=1088,[afbc]HdrStrd=1088 PyldStrd=69632 Scrmbl=2,ionhnd = 1 
06-24 15:31:28.201 D/WindowManager(  657): finishDrawingWindow: Window{ac66a56 u0 com.excelliance.dualaid/com.excelliance.kxqp.swipe.NavActivity2} mDrawState=DRAW_PENDING
06-24 15:31:28.203 V/WindowManager(  657): Checking 1 opening apps (frozen=false timeout=false)...
06-24 15:31:28.203 V/WindowManager(  657): Check opening app=AppWindowToken{8f0cd83 token=Token{dcafc32 ActivityRecord{f310c3d u0 com.excelliance.dualaid/com.excelliance.kxqp.swipe.NavActivity2 t16015}}}: allDrawn=true startingDisplayed=false startingMoved=false isRelaunching()=false
06-24 15:31:28.205 D/ImageWallpaper( 1513): onVisibilityChanged: mVisible, visible=true, false
06-24 15:31:28.205 D/ImageWallpaper( 1513): Visibility changed to visible=false
06-24 15:31:28.206 D/BarTransitions.HwPhoneStatusBarView( 1513): MODE_TRANSLUCENT -> MODE_TRANSPARENT animate=false
06-24 15:31:28.206 D/BarTransitions.HwPhoneStatusBarView( 1513): applyModeBackground oldMode=MODE_TRANSLUCENT newMode=MODE_TRANSPARENT animate=false
06-24 15:31:28.207 I/ActivityManager(  657): Displayed com.excelliance.dualaid/com.excelliance.kxqp.swipe.NavActivity2: +193ms (total +3s986ms)
06-24 15:31:28.217 I/WindowManager(  657): notifyAccessibilityButtonVisibilityChanged visible:false
06-24 15:31:28.218 E/BufferQueueProducer(  710): [com.huawei.android.launcher/com.huawei.android.launcher.unihome.UniHomeLauncher#0] disconnect: not connected (req=1)
06-24 15:31:28.219 W/libEGL  ( 2519): EGLNativeWindowType 0x74742bd010 disconnect failed
06-24 15:31:28.221 D/HwArpVerifier(  657): check_wifi_state_mode = 0 mCheckStateToken=6 token6
06-24 15:31:28.222 D/wifiserviceimpl(  657): netmask =16777215
06-24 15:31:28.225 W/dex2oat ( 4434): Using default instruction set features for ARM CPU variant (default) using conservative defaults
06-24 15:31:28.226 I/dex2oat ( 4434): /system/bin/dex2oat -j4 --dex-file=/data/data/com.excelliance.dualaid/.platformcache/main.jar --output-vdex-fd=45 --oat-fd=46 --oat-location=/data/data/com.excelliance.dualaid/.platformcache/oat/arm/main.odex --compiler-filter=quicken
06-24 15:31:28.226 I/cutils-trace( 4434): atrace_init_once, trace_marker_path = /sys/kernel/debug/tracing/trace_marker
06-24 15:31:28.240 W/ActivityManager(  657): Sending non-protected broadcast huawei.action.floattasks.STATUS_BAR_STATE_CHANGED from system 1513:com.android.systemui/u0a39 pkg com.android.systemui
06-24 15:31:28.240 W/HwKeyguardDragHelper( 1513): AnimationBlocked
06-24 15:31:28.240 D/ActivityThread( 4347): Remove activity client record, r= ActivityRecord{cbe2ddc token=android.os.BinderProxy@d13fa03 {com.excelliance.dualaid/com.excelliance.kxqp.ui.HelloActivity}} token= android.os.BinderProxy@d13fa03
06-24 15:31:28.241 D/BarTransitions.HwPhoneStatusBarView( 1513): MODE_TRANSPARENT -> MODE_TRANSLUCENT animate=false
06-24 15:31:28.241 D/BarTransitions.HwPhoneStatusBarView( 1513): applyModeBackground oldMode=MODE_TRANSPARENT newMode=MODE_TRANSLUCENT animate=false
06-24 15:31:28.241 D/BarTransitions.HwNavigationBarView( 1513): MODE_TRANSLUCENT -> MODE_OPAQUE animate=false
06-24 15:31:28.241 D/BarTransitions.HwNavigationBarView( 1513): applyModeBackground oldMode=MODE_TRANSLUCENT newMode=MODE_OPAQUE animate=false
06-24 15:31:28.241 V/WindowManager(  657): removeAppToken: AppWindowToken{f05680b token=Token{a0ecbda ActivityRecord{5f93185 u0 com.excelliance.dualaid/com.excelliance.kxqp.ui.HelloActivity t16015}}} delayed=false Callers=com.android.server.wm.DisplayContent.removeAppToken:985 com.android.server.wm.AppWindowContainerController.removeContainer:348 com.android.server.am.ActivityRecord.removeWindowContainer:1039 com.android.server.am.ActivityStack.removeActivityFromHistoryLocked:4491 
06-24 15:31:28.249 D/HWMultiGW(  657): setGateWay 10.0.0.1
06-24 15:31:28.250 V/WindowManager(  657): notifyAppStopped: AppWindowToken{d3a938b token=Token{377755a ActivityRecord{d5c9105 u0 com.huawei.android.launcher/.unihome.UniHomeLauncher t15658}}}
06-24 15:31:28.250 E/WindowManager(  657): win=Window{68d6975 u0 com.huawei.android.launcher/com.huawei.android.launcher.unihome.UniHomeLauncher} destroySurfaces: appStopped=true win.mWindowRemovalAllowed=false win.mRemoveOnExit=false
06-24 15:31:28.251 I/WindowManager(  657): Destroying surface Surface(name=com.huawei.android.launcher/com.huawei.android.launcher.unihome.UniHomeLauncher) called by com.android.server.wm.WindowStateAnimator.destroySurface:2060 com.android.server.wm.WindowStateAnimator.destroySurfaceLocked:873 com.android.server.wm.HwWindowStateAnimator.destroySurfaceLocked:1006 com.android.server.wm.WindowState.destroyOrSaveSurfaceUnchecked:2990 com.android.server.wm.WindowState.destroySurface:2951 com.android.server.wm.AppWindowToken.destroySurfaces:654 com.android.server.wm.AppWindowToken.destroySurfaces:638 com.android.server.wm.AppWindowToken.notifyAppStopped:682 
06-24 15:31:28.251 I/NetworkSpeedManagerEx( 1513): mIsStop = false
06-24 15:31:28.251 I/NetworkSpeedManagerEx( 1513):  runInThread getTetherStats
06-24 15:31:28.251 I/NetworkSpeedManagerEx( 1513):  runInUI refreshSpeed
06-24 15:31:28.252 I/NetworkSpeedManagerEx( 1513): value=1759.6666speed = 1.7
06-24 15:31:28.252 I/NetworkSpeedManagerEx( 1513): K/smIsShowLastSpeedValuefalse
06-24 15:31:28.252 I/NetworkSpeedView( 1513): /update(), speed=1.7
06-24 15:31:28.252 I/NetworkSpeedView( 1513): K/s parent class:class com.android.systemui.statusbar.HwSystemIcons
06-24 15:31:28.254 D/HwGameAssistantController(  657): pid=2519, uid=10056, foreground=false
06-24 15:31:28.254 W/AwareLog(  657): SchedLevelBoost: onFgActivitiesChanged config not set!
06-24 15:31:28.268 I/NetworkSpeedManagerEx( 1513): mIsStop = false
06-24 15:31:28.268 I/NetworkSpeedManagerEx( 1513):  runInThread getTetherStats
06-24 15:31:28.270 I/NetworkSpeedManagerEx( 1513):  runInUI refreshSpeed
06-24 15:31:28.271 I/NetworkSpeedManagerEx( 1513): value=1759.6666speed = 1.7
06-24 15:31:28.271 I/NetworkSpeedManagerEx( 1513): K/smIsShowLastSpeedValuefalse
06-24 15:31:28.271 I/NetworkSpeedView( 1513): /update(), speed=1.7
06-24 15:31:28.271 I/NetworkSpeedView( 1513): K/s parent class:class com.android.systemui.statusbar.HwSystemIcons
06-24 15:31:28.413 I/HwNormalizedSpline(  657): getEyeProtectionBrightnessLevel lux =239.0, mDefaultBrightnessFromLux =68.645
06-24 15:31:28.592 D/NetWorkUtils( 1513): mVSimCurCardType is -1
06-24 15:31:28.593 D/NetWorkUtils( 1513): mVSimCurCardType is -1
06-24 15:31:28.627 I/dex2oat ( 4434): dex2oat took 402.145ms (977.117ms cpu) (threads: 4) arena alloc=137KB (141240B) java alloc=2MB (3143720B) native alloc=4MB (4686080B) free=2MB (2129664B)
06-24 15:31:28.639 D/PMS11422(  657): package:com.excelliance.dualaid, input flags:128, output hwFlags:0
06-24 15:31:28.674 I/GRALLOC (  679): 	 shrFd=10,fmt=0x1,intFmt=0x200000001,btStrd=4352,size=8486912,pid=679 
06-24 15:31:28.674 I/GRALLOC (  679): 	 yuv=2,w=1080,h=1920,Stride u=0 v=0,offset u=0 v=0 
06-24 15:31:28.674 I/GRALLOC (  679): 	 iova_size=8486912,conUsg=0xb00,proUsg=0xb00,	 strd=1088,[afbc]HdrStrd=1088 PyldStrd=69632 Scrmbl=2,ionhnd = 1 
06-24 15:31:28.678 W/dex2oat ( 4465): Using default instruction set features for ARM CPU variant (default) using conservative defaults
06-24 15:31:28.678 I/dex2oat ( 4465): /system/bin/dex2oat -j4 --dex-file=/data/data/com.excelliance.dualaid/.platformcache/kxqpplatform2.jar --output-vdex-fd=46 --oat-fd=48 --oat-location=/data/data/com.excelliance.dualaid/.platformcache/oat/arm/kxqpplatform2.odex --compiler-filter=quicken
06-24 15:31:28.678 I/cutils-trace( 4465): atrace_init_once, trace_marker_path = /sys/kernel/debug/tracing/trace_marker
06-24 15:31:28.725 I/GRALLOC (  679): 	 shrFd=10,fmt=0x1,intFmt=0x200000001,btStrd=4352,size=8486912,pid=679 
06-24 15:31:28.725 I/GRALLOC (  679): 	 yuv=2,w=1080,h=1920,Stride u=0 v=0,offset u=0 v=0 
06-24 15:31:28.725 I/GRALLOC (  679): 	 iova_size=8486912,conUsg=0xb00,proUsg=0xb00,	 strd=1088,[afbc]HdrStrd=1088 PyldStrd=69632 Scrmbl=2,ionhnd = 1 
06-24 15:31:28.881 I/dex2oat ( 4465): dex2oat took 204.081ms (423.078ms cpu) (threads: 4) arena alloc=62KB (63808B) java alloc=2MB (2283480B) native alloc=2MB (2311912B) free=3MB (3455256B)
06-24 15:31:28.894 D/PMS11422(  657): package:com.excelliance.dualaid, input flags:0, output hwFlags:0
06-24 15:31:28.908 E/MemoryLeakMonitorManager( 4383): MemoryLeakMonitor.jar is not exist!
06-24 15:31:28.908 D/CrashHandler( 4383): CrashHandler
06-24 15:31:28.911 D/KXQPApplication( 4383): run: initUserManager
06-24 15:31:28.912 E/Minikin ( 4383): Could not get cmap table size!
06-24 15:31:28.912 D/PMS11422(  657): package:com.excelliance.dualaid, input flags:128, output hwFlags:0
06-24 15:31:28.924 D/AirPushService( 4383): 第一次触发
06-24 15:31:28.925 D/SmtServService( 4383): MSG_LOAD_PLT GameUtil.isPtLoaded() = false
06-24 15:31:28.926 D/PMS1000 (  657): package:com.excelliance.dualaid, input flags:8192, output hwFlags:0
06-24 15:31:28.927 I/HwCust  ( 4383): Constructor found for class android.net.HwCustConnectivityManagerImpl
06-24 15:31:28.927 D/HwCust  ( 4383): Create obj success use class android.net.HwCustConnectivityManagerImpl
06-24 15:31:28.927 D/PMS1001 (  657): package:com.excelliance.dualaid, input flags:0, output hwFlags:0
06-24 15:31:28.928 D/NetworkStateReceiver( 4383): netWorkConnected = true
06-24 15:31:28.928 D/AirPushUtils( 4383): startPushInfo
06-24 15:31:28.932 D/AirPushService( 4383): 第一次设置Alarm
06-24 15:31:28.932 D/AirPushService( 4383): resetPushAlarm
06-24 15:31:28.932 D/PMS11422(  657): package:com.excelliance.dualaid, input flags:0, output hwFlags:0
06-24 15:31:28.933 D/SmtServService( 4383): pull info
06-24 15:31:28.933 D/SmtServService( 4383): diffTime = 1529825488933
06-24 15:31:28.933 D/SmtServService( 4383): pushInfoFromServer
06-24 15:31:28.935 D/AirPushPreferences( 4383): setLastPushTime
06-24 15:31:28.943 I/zygote  ( 4383): Do partial code cache collection, code=27KB, data=31KB
06-24 15:31:28.943 I/zygote  ( 4383): After code cache collection, code=11KB, data=18KB
06-24 15:31:28.943 I/zygote  ( 4383): Increasing code cache capacity to 128KB
06-24 15:31:28.945 D/launch-time-RU( 4383): preload 24 classes cost 16ms
06-24 15:31:28.965 D/StatisticsManager( 4383): Query time diff:1529825488965
06-24 15:31:28.966 D/PMS11422(  657): package:com.excelliance.dualaid, input flags:128, output hwFlags:0
06-24 15:31:28.993 D/StatisticsManager( 4383): Query time diff:1529825488993
06-24 15:31:28.994 D/StatisticsManager( 4383): Query time diff:1529825488994
06-24 15:31:28.999 I/zygote  ( 4347): Do partial code cache collection, code=27KB, data=27KB
06-24 15:31:28.999 I/zygote  ( 4347): After code cache collection, code=27KB, data=27KB
06-24 15:31:28.999 I/zygote  ( 4347): Increasing code cache capacity to 128KB
06-24 15:31:29.015 D/AirPushDBHelper( 4383): onCreate: pushitemnew
06-24 15:31:29.017 D/AirPushDBHelper( 4383): selection = type=? and index_=(select max(index_) from pushitemnew where type=?) , key = vip
06-24 15:31:29.017 D/AirPushDBHelper( 4383): selection = type=? and index_=(select max(index_) from pushitemnew where type=?) , key = update
06-24 15:31:29.017 D/AirPushDBHelper( 4383): selection = type=? and index_=(select max(index_) from pushitemnew where type=?) , key = officalActivity
06-24 15:31:29.018 D/AirPushDBHelper( 4383): selection = type=? and index_=(select max(index_) from pushitemnew where type=?) , key = news
06-24 15:31:29.018 D/AirPushDBHelper( 4383): selection = type=? and index_=(select max(index_) from pushitemnew where type=?) , key = target
06-24 15:31:29.018 D/AirPushDBHelper( 4383): selection = type=? and index_=(select max(index_) from pushitemnew where type=?) , key = batch
06-24 15:31:29.018 D/AirPushDBHelper( 4383): selection = type=? and index_=(select max(index_) from pushitemnew where type=?) , key = skipTarget
06-24 15:31:29.018 D/AirPushDBHelper( 4383): selection = type=? and index_=(select max(index_) from pushitemnew where type=?) , key = thirdApp
06-24 15:31:29.019 D/PushItem( 4383): indexJson = {}
06-24 15:31:29.019 D/AirPushService( 4383): dataJson = {}
06-24 15:31:29.019 V/AirPushService( 4383): ver :e30%3D%0A
06-24 15:31:29.019 D/VersionManager( 4383): httpsRequest getURL = https://mto.multiopen.cn/pushmess.php?ver=466&mainver=231200&data=e30%3D%0A&wxCode=1321&subchid=1&sdkV=8.0.0&pkg=com.excelliance.dualaid&chid=10019&issl=1&compver=54302&wxVerName=6.6.7&vn=4.0.6&model=stf-al10&api=26&brand=honor&aid=f0c2426fc7560cf5
06-24 15:31:29.020 D/NetworkSecurityConfig( 4383): No Network Security Config specified, using platform default
06-24 15:31:29.023 W/libc    (  493): Set property "hw.wifi.dns_stat" to "29247,24987,5028,1,52027"
06-24 15:31:29.033 I/TrafficMonitor(  657): update:rxPkts:7,txPkts:11,rxBytes:3929,txBytes:1176
06-24 15:31:29.033 I/TrafficMonitor(  657): start expired. level:-1
06-24 15:31:29.033 I/TrafficMonitor(  657): gettimer:interval=2000
06-24 15:31:29.048 D/GameUtil( 4383): getSDKDataParam totalmem:5.60GB
06-24 15:31:29.053 D/VersionManager( 4383): httpsRequest getURL = https://folder.appota.cn/genuser.php?chid=10019&subchid=1&vc=466&type=4&data=tbCbI6ooWmOSi%2BhP8At3K55rUDjOXjUCTTE1Q7OqeVGzpiL1Dx8z2UKsv%2F2w066OKzL65VOc%2FHNVNculXvpkfbOlpWKAPUf5ryVSFynVNa8UucDwm5e36rJ6e2Kpu%2B5ykc4DARTfkZV4Ad5N96d4%2BjApQCWZuWchybogtHpbAp5JGb2oE4RYpIUqF8au1pxTSmwBdD5PozvBfX2%2Bj4RIW8u13M8ksM63bQoy2eR4WdDx%2BqZexoey63Hms3xqJyQkd3PFvljbOMDFV5%2BIsI0F%2B0cTu0Poz37kp440m4BdEnDxUpl%2F2SWQiyGENywr4rII2GFixGV6F3FTP2B6Iz%2Bp9XPgTT1Q8jOobYd0%2B7qf7bpZ2AyYZuCae%2FN%2FDrbd9ARIKpXrBwZ7SdplMO1nzphjQUqGRQMAlrO9Oa0Du6EV17%2FgN7YtgBzuJRHbP0GgVSdnIEYbOUnjg9adLEk2nhpRcwGYdX7bJ5%2FC%2FGVy8QMvFO%2FVJ5uAYH82VV6bvSarVkuFeotJT4yadRHbDkYGgVZfCDPVS%2FOPcQttSZtkoN3AjIdEC3B%2BjPtytpdTQYFvI9Ol&issl=1
06-24 15:31:29.059 W/X509TrustManager( 4383): checkServerTrusted: SignatureException:null
06-24 15:31:29.059 W/X509TrustManager( 4383): checkServerTrusted: SignatureException:error:04000073:RSA routines:OPENSSL_internal:DATA_TOO_LARGE_FOR_MODULUS
06-24 15:31:29.067 D/PMS1000 (  657): package:com.excelliance.dualaid, input flags:1024, output hwFlags:0
06-24 15:31:29.067 I/ActivityManager(  657): Need to start process com.excelliance.dualaid:lbcore for provider ContentProviderInfo{name=com.excelliance.dualaid:com.excelliance.kxqp.platform.PluginManagerProvider className=com.excelliance.kxqp.platform.PluginManagerProvider}, callerApp: ProcessRecord{3779b00 4383:com.excelliance.dualaid/u0a1422}
06-24 15:31:29.067 V/ActivityManager(  657): startProcess: name=com.excelliance.dualaid:lbcore app=null knownToBeDead=false thread=null pid=-1
06-24 15:31:29.067 D/PMS1000 (  657): package:com.excelliance.dualaid, input flags:0, output hwFlags:0
06-24 15:31:29.077 I/ActivityManager(  657): Start proc 4533:com.excelliance.dualaid:lbcore/u0a1422 for content provider com.excelliance.dualaid/com.excelliance.kxqp.platform.PluginManagerProvider
06-24 15:31:29.078 V/ActivityManager_MU(  657): Waiting to start provider ContentProviderRecord{2cd6d1d u0 com.excelliance.dualaid/com.excelliance.kxqp.platform.PluginManagerProvider} launchingApp=ProcessRecord{aa251f4 4533:com.excelliance.dualaid:lbcore/u0a1422} caller pid= 4383
06-24 15:31:29.078 I/        ( 4533): power log dlsym ok
06-24 15:31:29.081 I/zygote  ( 4533): Reinit property: dalvik.vm.checkjni= false
06-24 15:31:29.086 D/ActivityThread( 4533): ActivityThread,attachApplication
06-24 15:31:29.087 D/ActivityManager(  657): ActivityManagerService,attachApplication,callingPid = 4533
06-24 15:31:29.095 W//system/bin/hwservicemanager(  416): Cannot open /odm/manifest.xml
06-24 15:31:29.096 W/X509TrustManager( 4383): checkServerTrusted: SignatureException:null
06-24 15:31:29.097 W/X509TrustManager( 4383): checkServerTrusted: SignatureException:error:04000073:RSA routines:OPENSSL_internal:DATA_TOO_LARGE_FOR_MODULUS
06-24 15:31:29.103 D/HwFLClassLoader( 4533): get used feature list :/feature/used-list failed!
06-24 15:31:29.103 D/HwFLClassLoader( 4533): USE_FEATURE_LIST had not init! 
06-24 15:31:29.104 W//system/bin/hwservicemanager(  416): Cannot open /odm/manifest.xml
06-24 15:31:29.105 I/GRALLOC (  679): 	 shrFd=10,fmt=0x1,intFmt=0x1,btStrd=256,size=4096,pid=679 
06-24 15:31:29.105 I/GRALLOC (  679): 	 yuv=2,w=16,h=16,Stride u=0 v=0,offset u=0 v=0 
06-24 15:31:29.105 I/GRALLOC (  679): 	 iova_size=4096,conUsg=0x100,proUsg=0x100,	 strd=64,[afbc]HdrStrd=0 PyldStrd=0 Scrmbl=0,ionhnd = 1 
06-24 15:31:29.107 D/AirPushService( 4383): result = {"period":"r","vip":{"index_":"","data":""},"update":{"index_":"","data":""},"officalActivity":{"index_":"","data":""},"news":{"index_":"","data":""},"target":{"index_":"","data":""},"batch":{"index_":"","data":""},"skipTarget":{"index_":"","data":""},"thirdApp":{"index_":"","data":""}}
06-24 15:31:29.107 D/AirPushService( 4383): handleCheckerSaveToDB
06-24 15:31:29.107 D/AirPushUtils( 4383): startDbOver
06-24 15:31:29.110 D/SmtServService( 4383): db write over
06-24 15:31:29.111 D/SmtServService( 4383): gameCenterFirstStart = true
06-24 15:31:29.116 D/PMS11422(  657): package:com.excelliance.dualaid, input flags:128, output hwFlags:0
06-24 15:31:29.157 D/launch-time-RU( 4533): preload 24 classes cost 16ms
06-24 15:31:29.177 D/VersionManager( 4383): uid=353
06-24 15:31:29.193 D/ActivityThread( 4533): Loading provider com.excelliance.dualaid:com.excelliance.kxqp.platform.PluginManagerProvider: com.excelliance.kxqp.platform.PluginManagerProvider
06-24 15:31:29.193 D/PMS11422(  657): package:com.excelliance.dualaid, input flags:0, output hwFlags:0
06-24 15:31:29.201 D/PMS1000 (  657): package:com.excelliance.dualaid, input flags:8192, output hwFlags:0
06-24 15:31:29.203 D/PMS1001 (  657): package:com.excelliance.dualaid, input flags:0, output hwFlags:0
06-24 15:31:29.208 D/PMS11422(  657): package:com.excelliance.dualaid, input flags:0, output hwFlags:0
06-24 15:31:29.209 D/PMS11422(  657): package:com.excelliance.dualaid:lbcore, input flags:0, output is null
06-24 15:31:29.211 I/Bluetooth_framework(  657): BluetoothManagerService:Added callback: android.bluetooth.IBluetoothManagerCallback$Stub$Proxy@58c9960:true pid = 4533
06-24 15:31:29.214 D/PMS11422(  657): package:com.excelliance.dualaid, input flags:128, output hwFlags:0
06-24 15:31:29.226 I/LBVMD-LBPMS( 4533): LBVMRT: version 54302:543.02
06-24 15:31:29.229 E/zygote  ( 4533): Invalid capacity given to EnsureLocalCapacity: 800
06-24 15:31:29.244 I/HwCust  ( 4533): Constructor found for class android.net.HwCustConnectivityManagerImpl
06-24 15:31:29.244 D/HwCust  ( 4533): Create obj success use class android.net.HwCustConnectivityManagerImpl
06-24 15:31:29.249 D/PMS11422(  657): package:com.excelliance.dualaid, input flags:0, output hwFlags:0
06-24 15:31:29.251 D/HwArpVerifier(  657): getGateWayARPResponses: arp rtt = 7
06-24 15:31:29.251 E/HwCHRWifiRSSIGroupSummery(  657): updatArpSummery mRSSI:-40  HwCHRWifiRSSIGroup [rssi_index=4, rtt_tcp_packets=0, rtt_tcp_duration=0, rtt_lan_duration=179, rtt_lan_failures=0, rtt_lan_succ=21, rtt_lan_max=13, rtt_lan_min=3,same_area_frequency=0,adjacent_area_frequency=0]
06-24 15:31:29.258 V/HwWidgetFactory( 4533): : successes to get AllImpl object and return....
06-24 15:31:29.259 D/PMS11422(  657): package:com.excelliance.dualaid, input flags:0, output hwFlags:0
06-24 15:31:29.259 D/PMS11422(  657): package:com.excelliance.dualaid, input flags:0, output hwFlags:0
06-24 15:31:29.263 V/ActivityManager(  657): Successfully start provider ContentProviderRecord{2cd6d1d u0 com.excelliance.dualaid/com.excelliance.kxqp.platform.PluginManagerProvider} launchingApp=ProcessRecord{aa251f4 4533:com.excelliance.dualaid:lbcore/u0a1422} caller pid= 4383
06-24 15:31:29.264 E/MemoryLeakMonitorManager( 4533): MemoryLeakMonitor.jar is not exist!
06-24 15:31:29.265 E/MemoryLeakMonitorManager( 4533): MemoryLeakMonitor.jar is not exist!
06-24 15:31:29.265 D/KXQPApplication( 4533): run: initUserManager
06-24 15:31:29.266 E/Minikin ( 4533): Could not get cmap table size!
06-24 15:31:29.267 D/PMS11422(  657): package:com.excelliance.dualaid, input flags:128, output hwFlags:0
06-24 15:31:29.268 E/MemoryLeakMonitorManager( 4383): MemoryLeakMonitor.jar is not exist!
06-24 15:31:29.269 D/SmtServService( 4383): MSG_LOAD_PLT after msg.obj
06-24 15:31:29.270 V/ActivityManager(  657): Attempted to start a foreground service (ComponentInfo{com.excelliance.dualaid/com.excelliance.kxqp.platform.TrampolineService}) with a broken notification (no icon: Notification(channel=null pri=0 contentView=null vibrate=null sound=null defaults=0x0 flags=0x40 color=0x00000000 vis=PRIVATE))
06-24 15:31:29.270 W/PackageParser( 4533): No actions in intent filter at /data/app/com.huawei.hwid-Sc7ADDdoDYIYREll7tj_iw==/base.apk Binary XML file line #1412
06-24 15:31:29.272 W/PackageParser( 4533): No actions in intent filter at /data/app/com.huawei.hwid-Sc7ADDdoDYIYREll7tj_iw==/base.apk Binary XML file line #1680
06-24 15:31:29.272 W/PackageParser( 4533): No actions in intent filter at /data/app/com.huawei.hwid-Sc7ADDdoDYIYREll7tj_iw==/base.apk Binary XML file line #1694
06-24 15:31:29.272 E/zygote  ( 4533): Invalid capacity given to EnsureLocalCapacity: 592
06-24 15:31:29.275 D/HwArpVerifier(  657): There are 1 mac address for gateway 
06-24 15:31:29.275 D/HwArpVerifier(  657): from HEART_CHECK transmit to state:HEART_CHECK
06-24 15:31:29.275 D/HwArpVerifier(  657): msg what=124 arg1(token)=6 arg2(mode)=0 delay=30000
06-24 15:31:29.275 D/HwArpVerifier(  657): performPollAndLog:
06-24 15:31:29.276 D/hw_netstat(  657): total/12759/4376,com.excelliance.dualaid/11945/4044,unknown:0/814/92,com.google.uid.shared:10089/0/120,com.android.vending/0/120
06-24 15:31:29.299 D/HwNotificationManagerService(  657): recognize: tag=null, id=268435456, user=UserHandle{0}, pkg=com.excelliance.dualaid, uid=11422, callingPid=4533
06-24 15:31:29.299 D/PMS1000 (  657): package:com.excelliance.dualaid, input flags:0, output hwFlags:0
06-24 15:31:29.300 I/[HwRecSys]HwRecSysAidlService( 2647): doNotificationCollect -> current num:1
06-24 15:31:29.300 I/[HwRecSys]-Notification-NotificationUpdateController( 2647): startNotificationUpdate start!
06-24 15:31:29.300 W/SettingsEx( 2647): SettingsEx.Systemex.getInt deprecated use Settings.System.getInt instead ;callers=com.huawei.recsys.util.SystemUtil.getNotificationUpdateMode:169 com.huawei.recsys.util.SystemUtil.isAllowUpdate:104 com.huawei.recsys.controller.notification.http.NotificationUpdateController.startNotificationUpdate:85 
06-24 15:31:29.300 I/[HwRecSys]SystemUtil( 2647): isAllowUpdate mode:1
06-24 15:31:29.300 I/[HwRecSys]SystemUtil( 2647): isAllowUpdate isAllowUpdate:true
06-24 15:31:29.301 I/[HwRecSys]-Notification-NotificationUpdateController( 2647):  -> currentYear:2018
06-24 15:31:29.301 I/[HwRecSys]-Notification-NotificationUpdateController( 2647):  -> currentMonth:5
06-24 15:31:29.301 I/[HwRecSys]-Notification-NotificationUpdateController( 2647):  -> currentDay:24
06-24 15:31:29.301 I/[HwRecSys]-Notification-NotificationUpdateController( 2647):  -> oldYear:2018
06-24 15:31:29.301 I/[HwRecSys]-Notification-NotificationUpdateController( 2647):  -> oldMonth:5
06-24 15:31:29.301 I/[HwRecSys]-Notification-NotificationUpdateController( 2647):  -> oldDay:24
06-24 15:31:29.301 E/[HwRecSys]-Notification-NotificationUpdateController( 2647): startNotificationUpdate time is valid no need request
06-24 15:31:29.301 I/[HwRecSys]-Notification-NotificationController( 2647): doNotificationCollect start!
06-24 15:31:29.301 E/[HwRecSys]-Notification-NotificationController( 2647): HwDefaultLabels returnStr:107
06-24 15:31:29.301 E/[HwRecSys]-Notification-NotificationController( 2647): getChinese paramValue is null!
06-24 15:31:29.302 E/[HwRecSys]-Notification-NotificationController( 2647): doNotificationCollect getLabelByRegRules label:107
06-24 15:31:29.302 I/[HwRecSys]HwRecSysAidlService( 2647): doNotificationCollect ->  finally remote Num - 1 !
06-24 15:31:29.303 I/HwNotificationManagerService(  657): doNotificationCollect: pkg=com.excelliance.dualaid, uid=11422, hw_type=107, hw_btw=true
06-24 15:31:29.303 D/PMS1000 (  657): package:com.excelliance.dualaid, input flags:268435456, output hwFlags:0
