06-24 16:46:28.114 I/appium  (24379): AppiumResponse: {"sessionId":"12d3f873-0ea4-4775-928a-9964d13dcd6c","status":0,"value":"<?xml version=\"1.0\" encoding=\"UTF-8\"?><hierarchy rotation=\"0\"><android.widget.FrameLayout index=\"0\" text=\"\" class=\"android.widget.FrameLayout\" package=\"com.excelliance.dualaid\" content-desc=\"\" checkable=\"false\" checked=\"false\" clickable=\"false\" enabled=\"true\" focusable=\"false\" focused=\"false\" scrollable=\"false\" long-clickable=\"false\" password=\"false\" selected=\"false\" bounds=\"[0,0][1080,1920]\" resource-id=\"\" instance=\"0\"><android.widget.LinearLayout index=\"0\" text=\"\" class=\"android.widget.LinearLayout\" package=\"com.excelliance.dualaid\" content-desc=\"\" checkable=\"false\" checked=\"false\" clickable=\"false\" enabled=\"true\" focusable=\"false\" focused=\"false\" scrollable=\"false\" long-clickable=\"false\" password=\"false\" selected=\"false\" bounds=\"[0,0][1080,1920]\" resource-id=\"\" instance=\"0\"><android.widget.FrameLayout index=\"0\" text=\"\" class=\"android.widget.FrameLayout\" package=\"com.excelliance.dualaid\" content-desc=\"\" checkable=\"false\" checked=\"false\" clickable=\"false\" enabled=\"true\" focusable=\"false\" focused=\"false\" scrollable=\"false\" long-clickable=\"false\" password=\"false\" selected=\"false\" bounds=\"[0,0][1080,1920]\" resource-id=\"android:id\/content\" instance=\"1\"><android.widget.FrameLayout index=\"0\" text=\"\" class=\"android.widget.FrameLayout\" package=\"com.excelliance.dualaid\" content-desc=\"\" checkable=\"false\" checked=\"false\" clickable=\"false\" enabled=\"true\" focusable=\"false\" focused=\"false\" scrollable=\"false\" long-clickable=\"false\" password=\"false\" selected=\"false\" bounds=\"[0,0][1080,1920]\" resource-id=\"\" instance=\"2\"><android.widget.RelativeLayout index=\"0\" text=\"\" class=\"android.widget.RelativeLayout\" package=\"com.excelliance.dualaid\" content-desc=\"\" checkable=\"false\" checked=\"false\" clickable=\"false\" enabled=\"true\" focusable=\"false\" focused=\"false\" scrollable=\"false\" long-clickable=\"false\" password=\"false\" selected=\"false\" bounds=\"[0,0][1080,1920]\" resource-id=\"com.excelliance.dualaid:id\/rl_guide_original\" instance=\"0\"><android.support.v4.view.ViewPager index=\"0\" text=\"\" class=\"android.support.v4.view.ViewPager\" package=\"com.excelliance.dualaid\" content-desc=\"\" checkable=\"false\" checked=\"false\" clickable=\"false\" enabled=\"true\" focusable=\"true\" focused=\"false\" scrollable=\"true\" long-clickable=\"false\" password=\"false\" selected=\"false\" bounds=\"[0,0][1080,1920]\" resource-id=\"com.excelliance.dualaid:id\/vp_nav\" instance=\"0\"><android.widget.RelativeLayout index=\"2\" text=\"\" class=\"android.widget.RelativeLayout\" package=\"com.excelliance.dualaid\" content-desc=\"\" checkable=\"false\" checked=\"false\" clickable=\"false\" enabled=\"true\" focusable=\"false\" focused=\"false\" scrollable=\"false\" long-clickable=\"false\" password=\"false\" selected=\"false\" bounds=\"[0,0][1080,1920]\" resource-id=\"\" instance=\"1\"><android.view.View index=\"0\" text=\"\" class=\"android.view.View\" package=\"com.excelliance.dualaid\" content-desc=\"\" checkable=\"false\" checked=\"false\" clickable=\"false\" enabled=\"true\" focusable=\"false\" focused=\"false\" scrollable=\"false\" long-clickable=\"false\" password=\"false\" selected=\"false\" bounds=\"[0,0][1080,1920]\" resource-id=\"\" instance=\"0\"\/><android.widget.ImageView index=\"1\" text=\"\" class=\"android.widget.ImageView\" package=\"com.excelliance.dualaid\" content-desc=\"\" checkable=\"false\" checked=\"false\" clickable=\"false\" enabled=\"true\" focusable=\"false\" focused=\"false\" scrollable=\"false\" long-clickable=\"false\" password=\"false\" selected=\"false\" bounds=\"[345,318][847,1268]\" resource-id=\"\" instance=\"0\"\/><android.widget.ImageView index=\"2\" text=\"\" class=\"android.widget.ImageView\" package=\"com.excelliance.dualaid\" content-desc=\"\" checkable=\"false\" checked=\"false\" clickable=\"false\" enabled=\"true\" 
06-24 16:46:28.127 I/appium  (24379): channel read invoked!
06-24 16:46:28.127 I/appium  (24379): channel read: POST /wd/hub/session/12d3f873-0ea4-4775-928a-9964d13dcd6c/element/be43b4ee-9aea-4fff-a5cc-2be59d42ba2d/click
06-24 16:46:28.127 D/appium  (24379): payload: {"element":"be43b4ee-9aea-4fff-a5cc-2be59d42ba2d"}
06-24 16:46:28.127 I/appium  (24379): Click element command
06-24 16:46:28.135 D/FingerprintActionsListener(  657): touchDownIsValid MotionEvent.ACTION_DOWN 
06-24 16:46:28.135 D/FingerprintActionsListener(  657): touchDownIsValidLazyMode = false  touchDownIsValidHiBoard = false
06-24 16:46:28.139 I/appium  (24379): AppiumResponse: {"sessionId":"12d3f873-0ea4-4775-928a-9964d13dcd6c","status":0,"value":true}
06-24 16:46:28.148 I/appium  (24379): channel read invoked!
06-24 16:46:28.148 I/appium  (24379): channel read: GET /wd/hub/session/12d3f873-0ea4-4775-928a-9964d13dcd6c/source
06-24 16:46:28.158 V/AudioManager(26493): playSoundEffect   effectType: 0
06-24 16:46:28.158 D/PMS11423(  657): package:com.excelliance.dualaid, input flags:0, output hwFlags:0
06-24 16:46:28.159 V/AddGameData(26493): Manufacturer:HUAWEI
06-24 16:46:28.187 D/NetWorkUtils( 1513): mVSimCurCardType is -1
06-24 16:46:28.190 D/PMS1000 (  657): package:com.excelliance.dualaid, input flags:0, output hwFlags:0
06-24 16:46:28.190 D/PMS1000 (  657): package:com.excelliance.dualaid, input flags:8192, output hwFlags:0
06-24 16:46:28.194 D/PMS1000 (  657): package:com.excelliance.dualaid, input flags:8192, output hwFlags:0
06-24 16:46:28.196 W/HSM     ( 1813): HoldService:toast switch is close!
06-24 16:46:28.197 D/ApplicationPackageManager(26493): getInstalledApplications blocked
06-24 16:46:28.198 D/HsmInterfaceImpl(26493): List [ApplicationInfo{a218d91 com.huawei.hifolder}, ApplicationInfo{891a4f6 com.github.shadowsocks}, ApplicationInfo{28a60f7 com.excelliance.dualaid}]
06-24 16:46:28.199 V/AddGameData(26493): appInfoList.size():3
06-24 16:46:28.199 V/AddGameData(26493): can read pkg:com.github.shadowsocks
06-24 16:46:28.207 I/HwCust  (26493): Constructor found for class android.net.HwCustConnectivityManagerImpl
06-24 16:46:28.208 D/HwCust  (26493): Create obj success use class android.net.HwCustConnectivityManagerImpl
06-24 16:46:28.214 D/Notification2Receiver(26518): Notification2Receiver onReceive enter
06-24 16:46:28.215 D/VersionManager(26518): queryUpdateInfoOfResources
06-24 16:46:28.215 D/PMS1000 (  657): package:com.excelliance.dualaid, input flags:8192, output hwFlags:0
06-24 16:46:28.216 V/BroadcastQueue(  657): Finished with ordered broadcast BroadcastRecord{39a5cdc u0 com.excelliance.dualaid.action.phone_res_download}
06-24 16:46:28.217 W/HSM     ( 1813): HoldService:toast switch is close!
06-24 16:46:28.218 D/ApplicationPackageManager(26493): queryIntentActivitiesAsUser blocked, Intent { act=android.intent.action.MAIN cat=[android.intent.category.LAUNCHER] pkg=com.tencent.mm }
06-24 16:46:28.218 V/Phone_Manufacturer(26518): Manufacturer:HUAWEI
06-24 16:46:28.218 D/HsmInterfaceImpl(26493): List [ResolveInfo{aab1a82 com.tencent.mm/.ui.LauncherUI m=0x108000}]
06-24 16:46:28.219 V/Phone   (26518): isExitstActivityInPkg:exist com.huawei.systemmanager.optimize.process.ProtectActivity
06-24 16:46:28.219 V/Phone   (26518): isExitAppInManufacturer: model:hi6250 manufacturer:huawei
06-24 16:46:28.220 I/ActivityManager(  657): START u0 {cmp=com.excelliance.dualaid/com.excelliance.kxqp.ui.HelloActivity (has extras)} from uid 11423
06-24 16:46:28.221 I/ActivityManager(  657): ActivityRecord info: ActivityInfo{fad70dc com.excelliance.kxqp.ui.HelloActivity}
06-24 16:46:28.223 V/Phone   (26518): isExitstActivityInPkg:exist com.huawei.systemmanager.optimize.process.ProtectActivity
06-24 16:46:28.223 V/Phone   (26518): isExitAppInManufacturer: model:hi6250 manufacturer:huawei
06-24 16:46:28.224 V/WindowManager(  657): addAppToken: AppWindowToken{6c55f6b token=Token{54084ba ActivityRecord{f2cc1e5 u0 com.excelliance.dualaid/com.excelliance.kxqp.ui.HelloActivity t16068}}} controller={TaskWindowContainerController taskId=16068} at 2147483647
06-24 16:46:28.225 D/PMS11423(  657): package:com.excelliance.dualaid, input flags:128, output hwFlags:0
06-24 16:46:28.229 I/PGServer( 1699): android calls fast hibernateApps
06-24 16:46:28.229 I/AppFastHibernation( 1699): fast hibernate duration: 1500 reason: start activity
06-24 16:46:28.230 I/Pged-IPgedBinderService(  769): ****action is 1, pid num is 7***
06-24 16:46:28.230 I/Pged-Freezer(  769): freezePids
06-24 16:46:28.230 I/Pged-Freezer(  769): Freeze process: 29457
06-24 16:46:28.230 I/Pged-Freezer(  769): Freeze process: 19894
06-24 16:46:28.230 I/Pged-Freezer(  769): Freeze process: 29531
06-24 16:46:28.231 I/Pged-Freezer(  769): Freeze process: 14942
06-24 16:46:28.231 I/Pged-Freezer(  769): Freeze process: 15544
06-24 16:46:28.231 I/Pged-Freezer(  769): Freeze process: 24379
06-24 16:46:28.231 D/PgedBinderAdapter( 1699): frz ok, pid: [29457, 19894, 29531, 14942, 15544, 24379]
06-24 16:46:28.232 D/PMS1000 (  657): package:com.excelliance.dualaid, input flags:1, output hwFlags:0
06-24 16:46:28.234 V/WindowManager(  657): No longer Stopped: AppWindowToken{6c55f6b token=Token{54084ba ActivityRecord{f2cc1e5 u0 com.excelliance.dualaid/com.excelliance.kxqp.ui.HelloActivity t16068}}}
06-24 16:46:28.234 V/WindowManager(  657): No longer Stopped: AppWindowToken{6c55f6b token=Token{54084ba ActivityRecord{f2cc1e5 u0 com.excelliance.dualaid/com.excelliance.kxqp.ui.HelloActivity t16068}}}
06-24 16:46:28.234 D/PMS11423(  657): package:com.excelliance.dualaid, input flags:128, output hwFlags:0
06-24 16:46:28.235 D/PMS11423(  657): package:com.excelliance.dualaid, input flags:128, output hwFlags:0
06-24 16:46:28.235 V/WindowManager(  657): findFocusedWindow: AppWindowToken{701c1bb token=Token{722be4a ActivityRecord{154a7b5 u0 com.excelliance.dualaid/com.excelliance.kxqp.swipe.NavActivity2 t16068}}} below Reached focused app=AppWindowToken{6c55f6b token=Token{54084ba ActivityRecord{f2cc1e5 u0 com.excelliance.dualaid/com.excelliance.kxqp.ui.HelloActivity t16068}}}
06-24 16:46:28.238 V/WindowManager(  657): Checking 1 opening apps (frozen=false timeout=false)...
06-24 16:46:28.238 V/WindowManager(  657): Check opening app=AppWindowToken{6c55f6b token=Token{54084ba ActivityRecord{f2cc1e5 u0 com.excelliance.dualaid/com.excelliance.kxqp.ui.HelloActivity t16068}}}: allDrawn=false startingDisplayed=false startingMoved=false isRelaunching()=false
06-24 16:46:28.239 D/PMS11423(  657): package:com.excelliance.dualaid, input flags:128, output hwFlags:0
06-24 16:46:28.243 D/HwCust  (26493): Create obj success use class android.app.HwCustActivityImpl
06-24 16:46:28.243 D/HwCust  (26493): Create obj success use class android.app.HwCustHwWallpaperManagerImpl
06-24 16:46:28.244 V/ActivityThread(26493): ActivityThread,callActivityOnCreate
06-24 16:46:28.245 D/HelloActivity(26493): Memory:25140M
06-24 16:46:28.245 D/PMS11423(  657): package:com.excelliance.dualaid, input flags:128, output hwFlags:0
06-24 16:46:28.246 D/HelloActivity(26493): onCreate: true
06-24 16:46:28.247 D/HelloActivity(26493): mIsNav = true
06-24 16:46:28.250 D/PMS11423(  657): package:com.excelliance.dualaid, input flags:128, output hwFlags:0
06-24 16:46:28.251 D/HelloActivity(26493): requestShowOneKeyLoginConfig: 
06-24 16:46:28.252 D/GameUtilBuild(26493): getCompVersion e:java.lang.NullPointerException: Attempt to invoke virtual method 'android.content.pm.PackageManager android.content.Context.getPackageManager()' on a null object reference
06-24 16:46:28.251 D/PMS11423(  657): package:com.excelliance.dualaid, input flags:128, output hwFlags:0
06-24 16:46:28.253 D/PMS11423(  657): package:com.excelliance.dualaid, input flags:0, output hwFlags:0
06-24 16:46:28.255 D/PMS11423(  657): package:com.excelliance.dualaid, input flags:128, output hwFlags:0
06-24 16:46:28.257 I/chatty  (  657): uid=1000(system) Binder:657_20 identical 2 lines
06-24 16:46:28.258 D/PMS11423(  657): package:com.excelliance.dualaid, input flags:128, output hwFlags:0
06-24 16:46:28.258 D/PMS1000 (  657): package:com.excelliance.dualaid, input flags:8192, output hwFlags:0
06-24 16:46:28.259 D/PMS11423(  657): package:com.excelliance.dualaid, input flags:128, output hwFlags:0
06-24 16:46:28.260 D/PMS1001 (  657): package:com.excelliance.dualaid, input flags:0, output hwFlags:0
06-24 16:46:28.264 D/PMS11423(  657): package:com.excelliance.dualaid, input flags:128, output hwFlags:0
06-24 16:46:28.268 D/CubicBezierInterpolator(26493): CubicBezierInterpolator  mControlPoint1x = 0.23, mControlPoint1y = 0.06, mControlPoint2x = 0.09, mControlPoint2y = 0.97
06-24 16:46:28.268 D/CubicBezierInterpolator(26493): CubicBezierInterpolator  mControlPoint1x = 0.6, mControlPoint1y = 0.9, mControlPoint2x = 0.8, mControlPoint2y = 1.0
06-24 16:46:28.269 D/CubicBezierInterpolator(26493): CubicBezierInterpolator  mControlPoint1x = 0.23, mControlPoint1y = 0.06, mControlPoint2x = 0.09, mControlPoint2y = 0.97
06-24 16:46:28.269 D/CubicBezierInterpolator(26493): CubicBezierInterpolator  mControlPoint1x = 0.6, mControlPoint1y = 0.9, mControlPoint2x = 0.8, mControlPoint2y = 1.0
06-24 16:46:28.269 D/PMS11423(  657): package:com.excelliance.dualaid, input flags:128, output hwFlags:0
06-24 16:46:28.270 D/HwWechatOptimizeImpl(26493): mIsEffect:false
06-24 16:46:28.271 V/InitialData(26518): capitalize:Hi6250_launch
06-24 16:46:28.271 V/GameUtil(26518): getCurrentVersionByKey : hi6250_launch	current_hi6250_launch_version	Hi6250_launchVersion
06-24 16:46:28.272 D/PMS11423(  657): package:com.excelliance.dualaid, input flags:128, output hwFlags:0
06-24 16:46:28.272 V/GameUtil(26518): saveVersionToFileByKey  xml_key :hi6250_launch  result:-1
06-24 16:46:28.275 V/GameUtil(26518): getCurrentVersionByKey  hi6250_launch:-1
06-24 16:46:28.276 D/HwRTBlurUtils(26493): check blur style for HwPhoneWindow-, themeResId : 0x7f0e001c, context : com.excelliance.kxqp.ui.HelloActivity@c4029d0, Nhwext : 0, get Blur : disable with , null
06-24 16:46:28.276 V/AddGameData(26518): _applist:hi6250
06-24 16:46:28.276 V/InitialData(26518): capitalize:Hi6250_applist
06-24 16:46:28.276 V/GameUtil(26518): getCurrentVersionByKey : hi6250_applist	current_hi6250_applist_version	Hi6250_applistVersion
06-24 16:46:28.277 V/HelloActivity(26493): start add appType：0
06-24 16:46:28.277 D/PMS11423(  657): package:com.tencent.mm, input flags:0, output hwFlags:0
06-24 16:46:28.277 V/GameUtil(26518): saveVersionToFileByKey  xml_key :hi6250_applist  result:-1
06-24 16:46:28.280 V/GameUtil(26518): getCurrentVersionByKey  hi6250_applist:-1
06-24 16:46:28.280 V/InitialData(26518): capitalize:Hi6250_notification
06-24 16:46:28.280 V/GameUtil(26518): getCurrentVersionByKey : hi6250_notification	current_hi6250_notification_version	Hi6250_notificationVersion
06-24 16:46:28.281 D/PMS11423(  657): package:com.excelliance.dualaid, input flags:128, output hwFlags:0
06-24 16:46:28.281 V/GameUtil(26518): saveVersionToFileByKey  xml_key :hi6250_notification  result:-1
06-24 16:46:28.284 V/GameUtil(26518): getCurrentVersionByKey  hi6250_notification:-1
06-24 16:46:28.286 V/VersionManager(26518): ver source:{"hi6250_launch":"0","hi6250_applist":"0","hi6250_notification":"0"}
06-24 16:46:28.286 V/VersionManager(26518): ver :eyJoaTYyNTBfbGF1bmNoIjoiMCIsImhpNjI1MF9hcHBsaXN0IjoiMCIsImhpNjI1MF9ub3RpZmlj%0AYXRpb24iOiIwIn0%3D%0A
06-24 16:46:28.287 E/HwResourcesImpl(26493): readDefaultConfig : FileNotFoundException
06-24 16:46:28.288 V/UrlUtil (26518): https://mto.multiopen.cn/dynamicphoneres.php?sdkver=2009&apkver=466&vn=4.0.6&compver=54302&mainver=231200&ver=eyJoaTYyNTBfbGF1bmNoIjoiMCIsImhpNjI1MF9hcHBsaXN0IjoiMCIsImhpNjI1MF9ub3RpZmlj%0AYXRpb24iOiIwIn0%3D%0A&chid=10019&subchid=1&type=20&uflag=2&pkg=com.excelliance.dualaid&api=26&release=8.0.0&abi=armeabi-v7a&abi2=armeabi&abilist=arm64-v8a%2Carmeabi-v7a%2Carmeabi&abilist32=armeabi-v7a%2Carmeabi&abilist64=arm64-v8a&brand=HONOR&manufacturer=HUAWEI&model=STF-AL10&product=STF-AL10&issl=1&sign=30820271308201daa0030201020204520332c2300d06092a864886f70d0101050500307c310b300906035504061302434e3111300f060355040813085368616e
06-24 16:46:28.289 D/VersionManager(26518): httpsRequest getURL = https://mto.multiopen.cn/dynamicphoneres.php?sdkver=2009&apkver=466&vn=4.0.6&compver=54302&mainver=231200&ver=eyJoaTYyNTBfbGF1bmNoIjoiMCIsImhpNjI1MF9hcHBsaXN0IjoiMCIsImhpNjI1MF9ub3RpZmlj%0AYXRpb24iOiIwIn0%3D%0A&chid=10019&subchid=1&type=20&uflag=2&pkg=com.excelliance.dualaid&api=26&release=8.0.0&abi=armeabi-v7a&abi2=armeabi&abilist=arm64-v8a%2Carmeabi-v7a%2Carmeabi&abilist32=armeabi-v7a%2Carmeabi&abilist64=arm64-v8a&brand=HONOR&manufacturer=HUAWEI&model=STF-AL10&product=STF-AL10&issl=1&sign=30820271308201daa0030201020204520332c2300d06092a864886f70d0101050500307c310b300906035504061302434e3111300f060355040813085368616e
06-24 16:46:28.290 I/HwCust  (26493): Constructor found for class android.content.res.HwCustHwResourcesImpl
06-24 16:46:28.290 D/HwCust  (26493): Create obj success use class android.content.res.HwCustHwResourcesImpl
06-24 16:46:28.303 W/X509TrustManager(26493): checkServerTrusted: SignatureException:null
06-24 16:46:28.304 W/X509TrustManager(26493): checkServerTrusted: SignatureException:error:04000073:RSA routines:OPENSSL_internal:DATA_TOO_LARGE_FOR_MODULUS
06-24 16:46:28.306 D/PMS11423(  657): package:com.tencent.mm, input flags:0, output hwFlags:0
06-24 16:46:28.308 D/PMS11423(  657): package:com.tencent.mobileqq, input flags:0, output hwFlags:0
06-24 16:46:28.323 D/PMS11423(  657): package:com.tencent.mobileqq, input flags:0, output hwFlags:0
06-24 16:46:28.324 D/PMS11423(  657): package:com.ifreetalk.ftalk, input flags:0, output hwFlags:0
06-24 16:46:28.326 W/X509TrustManager(26518): checkServerTrusted: SignatureException:null
06-24 16:46:28.327 W/X509TrustManager(26518): checkServerTrusted: SignatureException:error:04000073:RSA routines:OPENSSL_internal:DATA_TOO_LARGE_FOR_MODULUS
06-24 16:46:28.337 D/HwRecentsLockUtils( 1513): Search
06-24 16:46:28.337 E/HsmCoreServiceImpl( 1478): onTransact in code is: 103
06-24 16:46:28.337 I/MediaProcessHandler( 1478): playingUids: 
06-24 16:46:28.338 D/ActivityManager(  657): Skipping intent:flg=0x18800000 cmp=com.tencent.mm/.plugin.base.stub.WXPayEntryActivity
06-24 16:46:28.338 D/ActivityManager(  657): Skipping, home or recents stack task: TaskRecord{333215f #15658 A=com.huawei.android.launcher U=0 StackId=0 sz=1}
06-24 16:46:28.338 D/ActivityManager(  657): Skipping intent:act=android.intent.action.MAIN cat=[android.intent.category.LAUNCHER] flg=0x10a00000 cmp=io.appium.settings/.Settings
06-24 16:46:28.338 D/ActivityManager(  657): Skipping intent:flg=0x10804000 cmp=com.android.systemui/.recents.RecentsActivity bnds=[48,928][1032,2296]
06-24 16:46:28.338 D/ActivityManager(  657): Skipping intent:flg=0x10800000 cmp=com.huawei.systemmanager/com.huawei.permissionmanager.ui.MainActivity
06-24 16:46:28.338 D/ActivityManager(  657): Skipping intent:flg=0x18800000 cmp=com.tencent.mm/.plugin.base.stub.WXEntryActivity
06-24 16:46:28.338 D/ActivityManager(  657): Skipping intent:act=com.huawei.action.VOICE_ASSISTANT flg=0x10800000 pkg=com.huawei.vassistant cmp=com.huawei.vassistant/.ui.main.VAssistantActivity
06-24 16:46:28.338 D/ActivityManager(  657): Skipping intent:act=com.huawei.android.launcher.action.ACCESS_SPLIT_SCREEN_APP cat=[android.intent.category.DEFAULT] flg=0x10804000 cmp=com.huawei.android.launcher/.splitscreen.SplitScreenAppActivity
06-24 16:46:28.338 D/ActivityManager(  657): Skipping intent:flg=0x10800000 pkg=com.excelliance.dualaid.b64 cmp=com.excelliance.dualaid.b64/com.excelliance.kxqp.sdk.PermissionRequestActivity
06-24 16:46:28.338 D/ActivityManager(  657): Skipping intent:act=android.intent.action.VIEW dat=content://com.excelliance.dualaid.fileProvider/external_storage_root/Download/apk/Multiple_64.apk typ=application/vnd.android.package-archive flg=0x10800001 cmp=com.android.packageinstaller/.InstallStart
06-24 16:46:28.338 D/ActivityManager(  657): Skipping intent:flg=0x10800000 cmp=com.android.systemui/.usb.HwUsbDebuggingActivity
06-24 16:46:28.338 D/ActivityManager(  657): Skipping intent:act=android.deviceinfo.chooser.action.LAUNCH flg=0x10800000 hwFlg=0x100 pkg=com.android.settings cmp=com.android.settings/.deviceinfo.UsbConnModeChooserActivity
06-24 16:46:28.338 D/ActivityManager(  657): Skipping intent:flg=0x10800000 cmp=com.zol.android/.push.KeepLiveActivity
06-24 16:46:28.338 D/ActivityManager(  657): Skipping intent:act=android.intent.action.MAIN cat=[android.intent.category.HOME] flg=0x10800300 cmp=com.android.settings/.FallbackHome
06-24 16:46:28.340 D/PMS11423(  657): package:com.ifreetalk.ftalk, input flags:0, output hwFlags:0
06-24 16:46:28.341 V/HelloActivity(26493): end add appType：0
06-24 16:46:28.344 I/zygote  (26493): Do partial code cache collection, code=63KB, data=51KB
06-24 16:46:28.344 I/zygote  (26493): After code cache collection, code=62KB, data=51KB
06-24 16:46:28.344 I/zygote  (26493): Increasing code cache capacity to 256KB
06-24 16:46:28.356 D/HelloActivity(26493): onSuccess: respone:{"code":1,"message":"success","data":{"switch":1},"service":"onekeyswitch"}
06-24 16:46:28.357 D/ActivityThread(26493): add activity client record, r= ActivityRecord{2c2a792 token=android.os.BinderProxy@f7a1593 {com.excelliance.dualaid/com.excelliance.kxqp.ui.HelloActivity}} token= android.os.BinderProxy@f7a1593
06-24 16:46:28.360 D/OpenGLRenderer(26493):   HWUI Binary is  enabled
06-24 16:46:28.361 V/WindowManager(  657): Adding Window{b75cae0 u0 com.excelliance.dualaid/com.excelliance.kxqp.ui.HelloActivity} to AppWindowToken{6c55f6b token=Token{54084ba ActivityRecord{f2cc1e5 u0 com.excelliance.dualaid/com.excelliance.kxqp.ui.HelloActivity t16068}}}
06-24 16:46:28.362 V/WindowManager(  657): addWindow: New client android.os.BinderProxy@f0c50e3: window=Window{b75cae0 u0 com.excelliance.dualaid/com.excelliance.kxqp.ui.HelloActivity} Callers=com.android.server.wm.HwWindowManagerService.addWindow:562 com.android.server.wm.Session.addToDisplay:199 android.view.IWindowSession$Stub.onTransact:124 com.android.server.wm.Session.onTransact:161 android.os.Binder.execTransact:675 
06-24 16:46:28.363 V/MainActivity(26493): onWindowFocusChanged: false
06-24 16:46:28.363 D/MainActivity(26493): onWindowFocusChanged: end
06-24 16:46:28.363 D/HelloActivity(26493): upload: com.tencent.mm,com.tencent.mobileqq,com.ifreetalk.ftalk
06-24 16:46:28.365 D/OpenGLRenderer(26493):   HWUI Binary is  enabled
06-24 16:46:28.366 E/SmtServService(26518): firststartcom.tencent.mm,com.tencent.mobileqq,com.ifreetalk.ftalk
06-24 16:46:28.372 D/VersionManager(26518): xml=<?xml version="1.0" encoding="utf-8"?><upinfo></upinfo>
06-24 16:46:28.390 V/WindowManager(  657): Checking 1 opening apps (frozen=false timeout=false)...
06-24 16:46:28.390 V/WindowManager(  657): Check opening app=AppWindowToken{6c55f6b token=Token{54084ba ActivityRecord{f2cc1e5 u0 com.excelliance.dualaid/com.excelliance.kxqp.ui.HelloActivity t16068}}}: allDrawn=false startingDisplayed=false startingMoved=false isRelaunching()=false
06-24 16:46:28.392 V/HwPhoneWindowManager(  657): updateSystemUiColorLw window=Window{b75cae0 u0 com.excelliance.dualaid/com.excelliance.kxqp.ui.HelloActivity},EmuiStyle=0,StatusBarColor=0x0,NavigationBarColor=0xff000000, mLastIsEmuiLightStyle=-1
06-24 16:46:28.393 D/HwPhoneWindowManager(  657): Transact:setSystemUIColor to status bar service
06-24 16:46:28.393 I/WindowManager(  657): notifyAccessibilityButtonVisibilityChanged visible:false
06-24 16:46:28.393 I/CommandQueue( 1513): updateBarBgColor
06-24 16:46:28.393 D/CommandQueue( 1513): CommandQueue, setBarBackgroundColor
06-24 16:46:28.394 D/TintManager( 1513): statusBarIconTint=#99FFFFFF,navigationBarIconTint=#FF000000
06-24 16:46:28.394 V/WindowManager(  657): Checking 1 opening apps (frozen=false timeout=false)...
06-24 16:46:28.394 V/WindowManager(  657): Check opening app=AppWindowToken{6c55f6b token=Token{54084ba ActivityRecord{f2cc1e5 u0 com.excelliance.dualaid/com.excelliance.kxqp.ui.HelloActivity t16068}}}: allDrawn=false startingDisplayed=false startingMoved=false isRelaunching()=false
06-24 16:46:28.395 W/ActivityManager(  657): Sending non-protected broadcast huawei.action.floattasks.STATUS_BAR_STATE_CHANGED from system 1513:com.android.systemui/u0a39 pkg com.android.systemui
06-24 16:46:28.397 I/GRALLOC (  679): 	 shrFd=10,fmt=0x1,intFmt=0x200000001,btStrd=4352,size=8486912,pid=679 
06-24 16:46:28.397 I/GRALLOC (  679): 	 yuv=2,w=1080,h=1920,Stride u=0 v=0,offset u=0 v=0 
06-24 16:46:28.397 I/GRALLOC (  679): 	 iova_size=8486912,conUsg=0x900,proUsg=0x900,	 strd=1088,[afbc]HdrStrd=1088 PyldStrd=69632 Scrmbl=2,ionhnd = 1 
06-24 16:46:28.399 W//system/bin/hwservicemanager(  416): Cannot open /odm/manifest.xml
06-24 16:46:28.399 V/WindowManager(  657): Checking 1 opening apps (frozen=false timeout=false)...
06-24 16:46:28.399 V/WindowManager(  657): Check opening app=AppWindowToken{6c55f6b token=Token{54084ba ActivityRecord{f2cc1e5 u0 com.excelliance.dualaid/com.excelliance.kxqp.ui.HelloActivity t16068}}}: allDrawn=false startingDisplayed=false startingMoved=false isRelaunching()=false
06-24 16:46:28.400 I/GRALLOC (  679): 	 shrFd=10,fmt=0x1,intFmt=0x200000001,btStrd=4352,size=8486912,pid=679 
06-24 16:46:28.400 I/GRALLOC (  679): 	 yuv=2,w=1080,h=1920,Stride u=0 v=0,offset u=0 v=0 
06-24 16:46:28.400 I/GRALLOC (  679): 	 iova_size=8486912,conUsg=0x900,proUsg=0x900,	 strd=1088,[afbc]HdrStrd=1088 PyldStrd=69632 Scrmbl=2,ionhnd = 1 
06-24 16:46:28.401 I/GRALLOC (  679): 	 shrFd=10,fmt=0x1,intFmt=0x200000001,btStrd=4352,size=8486912,pid=679 
06-24 16:46:28.401 I/GRALLOC (  679): 	 yuv=2,w=1080,h=1920,Stride u=0 v=0,offset u=0 v=0 
06-24 16:46:28.401 I/GRALLOC (  679): 	 iova_size=8486912,conUsg=0x900,proUsg=0x900,	 strd=1088,[afbc]HdrStrd=1088 PyldStrd=69632 Scrmbl=2,ionhnd = 1 
06-24 16:46:28.402 D/mali_winsys(26493): EGLint new_window_surface(egl_winsys_display *, void *, EGLSurface, EGLConfig, egl_winsys_surface **, egl_color_buffer_format *, EGLBoolean) returns 0x3000
06-24 16:46:28.414 W/InputMethodManager(26493): startInputReason = 1
06-24 16:46:28.416 I/wangchen( 7035): SysInfo.getSysParam: orientation=1||config d=3.0,w=1080,h=1920||metrics d=3.0,w=1080,h=1920||sdk=26,bar_h=72
06-24 16:46:28.416 I/KeymapLoader( 7035): w=1080 h=1920 ori=true appScale=3.3 s1=3.0
06-24 16:46:28.419 D/PMS11423(  657): package:com.android.mms, input flags:0, output hwFlags:0
06-24 16:46:28.419 D/PMS11423(  657): package:com.android.settings, input flags:0, output hwFlags:0
06-24 16:46:28.420 D/PMS11423(  657): package:com.android.contacts, input flags:0, output hwFlags:0
06-24 16:46:28.432 D/PMS1000 (  657): package:com.excelliance.dualaid, input flags:8192, output hwFlags:0
06-24 16:46:28.433 W/HSM     ( 1813): HoldService:toast switch is close!
06-24 16:46:28.434 D/ApplicationPackageManager(26493): getInstalledApplications blocked
06-24 16:46:28.434 D/HsmInterfaceImpl(26493): List [ApplicationInfo{eb33652 com.huawei.hifolder}, ApplicationInfo{2474d23 com.github.shadowsocks}, ApplicationInfo{deeb220 com.excelliance.dualaid}]
06-24 16:46:28.438 I/GRALLOC (  679): 	 shrFd=10,fmt=0x1,intFmt=0x200000001,btStrd=4352,size=8486912,pid=679 
06-24 16:46:28.438 I/GRALLOC (  679): 	 yuv=2,w=1080,h=1920,Stride u=0 v=0,offset u=0 v=0 
06-24 16:46:28.438 I/GRALLOC (  679): 	 iova_size=8486912,conUsg=0xb00,proUsg=0xb00,	 strd=1088,[afbc]HdrStrd=1088 PyldStrd=69632 Scrmbl=2,ionhnd = 1 
06-24 16:46:28.442 D/PMS11423(  657): package:com.tencent.tmgp.qqx5, input flags:0, output hwFlags:0
06-24 16:46:28.442 D/PMS11423(  657): package:com.huawei.android.pushagent, input flags:0, output hwFlags:0
06-24 16:46:28.442 D/PMS11423(  657): package:com.huawei.appmarket, input flags:0, output hwFlags:0
06-24 16:46:28.442 D/PMS11423(  657): package:com.wandoujia.phoenix2, input flags:0, output hwFlags:0
06-24 16:46:28.442 D/PMS11423(  657): package:com.tencent.mm, input flags:0, output hwFlags:0
06-24 16:46:28.442 D/PMS11423(  657): package:com.android.providers.media, input flags:0, output hwFlags:0
06-24 16:46:28.442 D/PMS11423(  657): package:com.huawei.vassistant, input flags:0, output hwFlags:0
06-24 16:46:28.443 D/PMS11423(  657): package:com.android.contacts, input flags:0, output hwFlags:0
06-24 16:46:28.443 D/PMS11423(  657): package:com.facebook.katana, input flags:0, output hwFlags:0
06-24 16:46:28.443 D/PMS11423(  657): package:com.huawei.hidisk, input flags:0, output hwFlags:536870912
06-24 16:46:28.443 D/PMS11423(  657): package:com.huawei.trustcircle, input flags:0, output hwFlags:0
06-24 16:46:28.443 D/PMS11423(  657): package:com.jingdong.app.mall, input flags:0, output hwFlags:0
06-24 16:46:28.443 D/PMS11423(  657): package:com.tencent.mobileqq, input flags:0, output hwFlags:0
06-24 16:46:28.443 D/PMS11423(  657): package:com.zol.android, input flags:0, output hwFlags:0
06-24 16:46:28.444 D/PMS11423(  657): package:com.huawei.hiskytone, input flags:0, output hwFlags:603979776
06-24 16:46:28.444 D/PMS11423(  657): package:com.huawei.hwid, input flags:0, output hwFlags:0
06-24 16:46:28.444 D/PMS11423(  657): package:com.sina.weibo, input flags:0, output hwFlags:0
06-24 16:46:28.444 D/PMS11423(  657): package:com.antutu.ABenchMark, input flags:0, output hwFlags:0
06-24 16:46:28.444 D/PMS11423(  657): package:com.sankuai.meituan.takeoutnew, input flags:0, output hwFlags:0
06-24 16:46:28.444 D/PMS11423(  657): package:com.vmall.client, input flags:0, output hwFlags:67108864
06-24 16:46:28.444 D/PMS11423(  657): package:com.android.browser, input flags:0, output hwFlags:0
06-24 16:46:28.445 D/PMS11423(  657): package:com.eg.android.AlipayGphone, input flags:0, output hwFlags:0
06-24 16:46:28.445 D/PMS11423(  657): package:com.android.mediacenter, input flags:0, output hwFlags:0
06-24 16:46:28.445 D/WindowManager(  657): finishDrawingWindow: Window{b75cae0 u0 com.excelliance.dualaid/com.excelliance.kxqp.ui.HelloActivity} mDrawState=DRAW_PENDING
06-24 16:46:28.445 D/PMS11423(  657): package:com.huawei.himovie, input flags:0, output hwFlags:0
06-24 16:46:28.445 D/PMS11423(  657): package:com.huawei.hnreader, input flags:0, output hwFlags:67108864
06-24 16:46:28.445 D/PMS11423(  657): package:com.twitter.android, input flags:0, output hwFlags:0
06-24 16:46:28.445 D/PMS11423(  657): package:com.baidu.input_huawei, input flags:0, output hwFlags:0
06-24 16:46:28.445 D/PMS11423(  657): package:com.google.android.gms, input flags:0, output hwFlags:0
06-24 16:46:28.446 D/PMS11423(  657): package:com.sankuai.meituan, input flags:0, output hwFlags:0
06-24 16:46:28.446 D/PMS11423(  657): package:com.tencent.news, input flags:0, output hwFlags:0
06-24 16:46:28.446 D/PMS11423(  657): package:com.iflytek.speechsuite, input flags:0, output hwFlags:0
06-24 16:46:28.446 D/PMS11423(  657): package:com.qzone, input flags:0, output is null
06-24 16:46:28.446 D/PMS11423(  657): package:com.tencent.android.qqdownloader, input flags:0, output hwFlags:0
06-24 16:46:28.446 D/PMS11423(  657): package:com.tencent.now, input flags:0, output is null
06-24 16:46:28.446 D/PMS11423(  657): package:com.ifreetalk.ftalk, input flags:0, output hwFlags:0
06-24 16:46:28.446 D/PMS11423(  657): package:com.taobao.taobao, input flags:0, output hwFlags:0
06-24 16:46:28.447 D/PMS11423(  657): package:com.android.gallery3d, input flags:0, output hwFlags:0
06-24 16:46:28.447 V/WindowManager(  657): Checking 1 opening apps (frozen=false timeout=false)...
06-24 16:46:28.447 V/WindowManager(  657): Check opening app=AppWindowToken{6c55f6b token=Token{54084ba ActivityRecord{f2cc1e5 u0 com.excelliance.dualaid/com.excelliance.kxqp.ui.HelloActivity t16068}}}: allDrawn=true startingDisplayed=false startingMoved=false isRelaunching()=false
06-24 16:46:28.447 D/PMS11423(  657): package:com.pp.assistant, input flags:0, output hwFlags:0
06-24 16:46:28.447 D/PMS11423(  657): package:com.oppo.market, input flags:0, output hwFlags:0
06-24 16:46:28.447 D/PMS11423(  657): package:com.excean.wxaid, input flags:0, output hwFlags:0
06-24 16:46:28.447 D/PMS11423(  657): package:com.huawei.intelligent, input flags:0, output hwFlags:0
06-24 16:46:28.447 D/PMS11423(  657): package:com.google.android.backuptransport, input flags:0, output hwFlags:0
06-24 16:46:28.447 D/PMS11423(  657): package:com.huawei.skytone, input flags:0, output hwFlags:0
06-24 16:46:28.448 D/PMS11423(  657): package:com.estrongs.android.pop, input flags:0, output hwFlags:0
06-24 16:46:28.448 D/PMS11423(  657): package:com.redfinger.app, input flags:0, output hwFlags:0
06-24 16:46:28.448 D/PMS11423(  657): package:com.android.vending, input flags:0, output hwFlags:0
06-24 16:46:28.448 D/PMS11423(  657): package:org.hapjs.mockup, input flags:0, output hwFlags:0
06-24 16:46:28.448 D/PMS11423(  657): package:com.huawei.gamebox, input flags:0, output hwFlags:603979776
06-24 16:46:28.448 D/PMS11423(  657): package:com.tencent.tmgp.pubgmhd-ext, input flags:0, output is null
06-24 16:46:28.448 D/PMS11423(  657): package:com.stickgame.los2, input flags:0, output hwFlags:0
06-24 16:46:28.448 D/PMS11423(  657): package:com.qihoo.appstore, input flags:0, output hwFlags:0
06-24 16:46:28.449 D/PMS11423(  657): package:com.huawei.android.thememanager, input flags:0, output hwFlags:0
06-24 16:46:28.449 D/PMS11423(  657): package:com.excean.parallelspace, input flags:0, output hwFlags:0
06-24 16:46:28.449 D/PMS11423(  657): package:com.UCMobile, input flags:0, output hwFlags:0
06-24 16:46:28.449 D/PMS11423(  657): package:com.bbk.appstore, input flags:0, output hwFlags:0
06-24 16:46:28.449 D/PMS11423(  657): package:com.excean.ppaid, input flags:0, output hwFlags:0
06-24 16:46:28.449 D/PMS11423(  657): package:com.netease.blockchain, input flags:0, output hwFlags:0
06-24 16:46:28.449 D/PMS11423(  657): package:com.huawei.camera, input flags:0, output hwFlags:0
06-24 16:46:28.449 D/PMS11423(  657): package:com.sinovatech.unicom.ui, input flags:0, output hwFlags:0
06-24 16:46:28.450 D/PMS11423(  657): package:com.huawei.phoneservice, input flags:0, output hwFlags:0
06-24 16:46:28.450 D/PMS11423(  657): package:com.crisisfire.android.nearme.gamecenter, input flags:0, output hwFlags:0
06-24 16:46:28.450 D/PMS11423(  657): package:com.antutu.benchmark.full, input flags:0, output hwFlags:0
06-24 16:46:28.450 D/PMS11423(  657): package:com.xunmeng.pinduoduo, input flags:0, output hwFlags:0
06-24 16:46:28.450 D/PMS11423(  657): package:com.zhuowang.cloneapp, input flags:0, output hwFlags:0
06-24 16:46:28.450 D/PMS11423(  657): package:com.excean.parallelspace.b64, input flags:0, output hwFlags:0
06-24 16:46:28.450 D/PMS11423(  657): package:com.excelliance.multiaccounts.b64, input flags:0, output hwFlags:0
06-24 16:46:28.451 D/PMS11423(  657): package:com.xiangyou.multispace, input flags:0, output hwFlags:0
06-24 16:46:28.451 D/PMS11423(  657): package:com.youlong.multiaccount, input flags:0, output hwFlags:0
06-24 16:46:28.451 D/PMS11423(  657): package:com.gameloft.android.ANMP.GloftA9HM, input flags:0, output hwFlags:0
06-24 16:46:28.451 D/PMS11423(  657): package:com.excelliance.dualaid.b64, input flags:0, output hwFlags:0
06-24 16:46:28.451 D/AddGameData(26493): switch_uninstall: 70
06-24 16:46:28.452 I/ActivityManager(  657): Displayed com.excelliance.dualaid/com.excelliance.kxqp.ui.HelloActivity: +213ms
06-24 16:46:28.455 V/WindowManager(  657): Checking 0 opening apps (frozen=false timeout=false)...
06-24 16:46:28.456 D/BarTransitions.HwPhoneStatusBarView( 1513): MODE_TRANSLUCENT -> MODE_TRANSPARENT animate=false
06-24 16:46:28.456 D/BarTransitions.HwPhoneStatusBarView( 1513): applyModeBackground oldMode=MODE_TRANSLUCENT newMode=MODE_TRANSPARENT animate=false
06-24 16:46:28.456 D/BarTransitions.HwNavigationBarView( 1513): MODE_OPAQUE -> MODE_TRANSPARENT animate=false
06-24 16:46:28.456 D/BarTransitions.HwNavigationBarView( 1513): applyModeBackground oldMode=MODE_OPAQUE newMode=MODE_TRANSPARENT animate=false
06-24 16:46:28.459 D/PMS1000 (  657): package:com.excelliance.dualaid, input flags:8192, output hwFlags:0
06-24 16:46:28.459 I/GRALLOC (  679): 	 shrFd=10,fmt=0x1,intFmt=0x200000001,btStrd=4352,size=8486912,pid=679 
06-24 16:46:28.459 I/GRALLOC (  679): 	 yuv=2,w=1080,h=1920,Stride u=0 v=0,offset u=0 v=0 
06-24 16:46:28.459 I/GRALLOC (  679): 	 iova_size=8486912,conUsg=0xb00,proUsg=0xb00,	 strd=1088,[afbc]HdrStrd=1088 PyldStrd=69632 Scrmbl=2,ionhnd = 1 
06-24 16:46:28.460 W/HSM     ( 1813): HoldService:toast switch is close!
06-24 16:46:28.461 D/ApplicationPackageManager(26493): queryIntentActivitiesAsUser blocked, Intent { act=android.intent.action.MAIN cat=[android.intent.category.LAUNCHER] pkg=com.huawei.hifolder }
06-24 16:46:28.461 D/HsmInterfaceImpl(26493): List []
06-24 16:46:28.463 I/GRALLOC (  679): 	 shrFd=10,fmt=0x1,intFmt=0x200000001,btStrd=4352,size=8486912,pid=679 
06-24 16:46:28.463 I/GRALLOC (  679): 	 yuv=2,w=1080,h=1920,Stride u=0 v=0,offset u=0 v=0 
06-24 16:46:28.463 I/GRALLOC (  679): 	 iova_size=8486912,conUsg=0xb00,proUsg=0xb00,	 strd=1088,[afbc]HdrStrd=1088 PyldStrd=69632 Scrmbl=2,ionhnd = 1 
06-24 16:46:28.464 D/PMS1000 (  657): package:com.excelliance.dualaid, input flags:8192, output hwFlags:0
06-24 16:46:28.465 W/HSM     ( 1813): HoldService:toast switch is close!
06-24 16:46:28.466 D/ApplicationPackageManager(26493): queryIntentActivitiesAsUser blocked, Intent { act=android.intent.action.MAIN cat=[android.intent.category.LAUNCHER] pkg=com.github.shadowsocks }
06-24 16:46:28.466 D/HsmInterfaceImpl(26493): List [ResolveInfo{da7c7d9 com.github.shadowsocks/.MainActivity m=0x108000}]
06-24 16:46:28.467 E/BufferQueueProducer(  710): [com.excelliance.dualaid/com.excelliance.kxqp.swipe.NavActivity2#0] disconnect: not connected (req=1)
06-24 16:46:28.467 W/libEGL  (26493): EGLNativeWindowType 0xd0cc0808 disconnect failed
06-24 16:46:28.490 D/PMS1000 (  657): package:com.excelliance.dualaid, input flags:8192, output hwFlags:0
06-24 16:46:28.490 W/HSM     ( 1813): HoldService:toast switch is close!
06-24 16:46:28.491 D/ApplicationPackageManager(26493): queryIntentActivitiesAsUser blocked, Intent { act=android.intent.action.MAIN cat=[android.intent.category.LAUNCHER] pkg=com.excelliance.dualaid }
06-24 16:46:28.491 D/HsmInterfaceImpl(26493): List [ResolveInfo{537987f com.excelliance.dualaid/com.excelliance.kxqp.ui.HelloActivity m=0x108000}]
06-24 16:46:28.520 D/PMS1000 (  657): package:com.excelliance.dualaid, input flags:8192, output hwFlags:0
06-24 16:46:28.521 W/HSM     ( 1813): HoldService:toast switch is close!
06-24 16:46:28.521 D/ApplicationPackageManager(26493): queryIntentActivitiesAsUser blocked, Intent { act=android.intent.action.MAIN cat=[android.intent.category.LAUNCHER] pkg=com.tencent.tmgp.qqx5 }
06-24 16:46:28.522 D/HsmInterfaceImpl(26493): List [ResolveInfo{7c40895 com.tencent.tmgp.qqx5/.DGMMainActivity m=0x108000}]
06-24 16:46:28.552 D/HwRecentsLockUtils( 1513): Search
06-24 16:46:28.553 E/HsmCoreServiceImpl( 1478): onTransact in code is: 103
06-24 16:46:28.553 I/MediaProcessHandler( 1478): playingUids: 
06-24 16:46:28.553 D/ActivityManager(  657): Skipping intent:flg=0x18800000 cmp=com.tencent.mm/.plugin.base.stub.WXPayEntryActivity
06-24 16:46:28.553 D/ActivityManager(  657): Skipping, home or recents stack task: TaskRecord{333215f #15658 A=com.huawei.android.launcher U=0 StackId=0 sz=1}
06-24 16:46:28.553 D/ActivityManager(  657): Skipping intent:act=android.intent.action.MAIN cat=[android.intent.category.LAUNCHER] flg=0x10a00000 cmp=io.appium.settings/.Settings
06-24 16:46:28.553 D/ActivityManager(  657): Skipping intent:flg=0x10804000 cmp=com.android.systemui/.recents.RecentsActivity bnds=[48,928][1032,2296]
06-24 16:46:28.553 D/ActivityManager(  657): Skipping intent:flg=0x10800000 cmp=com.huawei.systemmanager/com.huawei.permissionmanager.ui.MainActivity
06-24 16:46:28.553 D/ActivityManager(  657): Skipping intent:flg=0x18800000 cmp=com.tencent.mm/.plugin.base.stub.WXEntryActivity
06-24 16:46:28.553 D/ActivityManager(  657): Skipping intent:act=com.huawei.action.VOICE_ASSISTANT flg=0x10800000 pkg=com.huawei.vassistant cmp=com.huawei.vassistant/.ui.main.VAssistantActivity
06-24 16:46:28.553 D/ActivityManager(  657): Skipping intent:act=com.huawei.android.launcher.action.ACCESS_SPLIT_SCREEN_APP cat=[android.intent.category.DEFAULT] flg=0x10804000 cmp=com.huawei.android.launcher/.splitscreen.SplitScreenAppActivity
06-24 16:46:28.553 D/ActivityManager(  657): Skipping intent:flg=0x10800000 pkg=com.excelliance.dualaid.b64 cmp=com.excelliance.dualaid.b64/com.excelliance.kxqp.sdk.PermissionRequestActivity
06-24 16:46:28.553 D/ActivityManager(  657): Skipping intent:act=android.intent.action.VIEW dat=content://com.excelliance.dualaid.fileProvider/external_storage_root/Download/apk/Multiple_64.apk typ=application/vnd.android.package-archive flg=0x10800001 cmp=com.android.packageinstaller/.InstallStart
06-24 16:46:28.553 D/ActivityManager(  657): Skipping intent:flg=0x10800000 cmp=com.android.systemui/.usb.HwUsbDebuggingActivity
06-24 16:46:28.553 D/ActivityManager(  657): Skipping intent:act=android.deviceinfo.chooser.action.LAUNCH flg=0x10800000 hwFlg=0x100 pkg=com.android.settings cmp=com.android.settings/.deviceinfo.UsbConnModeChooserActivity
06-24 16:46:28.553 D/ActivityManager(  657): Skipping intent:flg=0x10800000 cmp=com.zol.android/.push.KeepLiveActivity
06-24 16:46:28.553 D/ActivityManager(  657): Skipping intent:act=android.intent.action.MAIN cat=[android.intent.category.HOME] flg=0x10800300 cmp=com.android.settings/.FallbackHome
06-24 16:46:28.564 D/PMS1000 (  657): package:com.excelliance.dualaid, input flags:8192, output hwFlags:0
06-24 16:46:28.564 W/HSM     ( 1813): HoldService:toast switch is close!
06-24 16:46:28.566 D/ApplicationPackageManager(26493): queryIntentActivitiesAsUser blocked, Intent { act=android.intent.action.MAIN cat=[android.intent.category.LAUNCHER] pkg=com.huawei.android.pushagent }
06-24 16:46:28.566 D/HsmInterfaceImpl(26493): List []
06-24 16:46:28.569 W/HSM     ( 1813): HoldService:toast switch is close!
06-24 16:46:28.569 D/ApplicationPackageManager(26493): queryIntentActivitiesAsUser blocked, Intent { act=android.intent.action.MAIN cat=[android.intent.category.LAUNCHER] pkg=com.huawei.appmarket }
06-24 16:46:28.569 D/HsmInterfaceImpl(26493): List [ResolveInfo{8b73d9b com.huawei.appmarket/.MainActivity m=0x108000}]
06-24 16:46:28.573 E/asset   (26493): createFromFile(): lock file /data/resource-cache/system@emui@base@overlay@frameworkhwexthonor@frameworkhwexthonor.apk@idmap.
06-24 16:46:28.573 E/asset   (26493): createFromFile(): lock file /data/resource-cache/system@emui@base@overlay@frameworkhwexthonor@frameworkhwexthonor.apk@idmap.
06-24 16:46:28.574 W/ResourceType(26493): Found multiple library tables, ignoring...
06-24 16:46:28.605 W/HSM     ( 1813): HoldService:toast switch is close!
06-24 16:46:28.605 D/ApplicationPackageManager(26493): queryIntentActivitiesAsUser blocked, Intent { act=android.intent.action.MAIN cat=[android.intent.category.LAUNCHER] pkg=com.wandoujia.phoenix2 }
06-24 16:46:28.605 D/HsmInterfaceImpl(26493): List [ResolveInfo{67f8a76 com.wandoujia.phoenix2/com.pp.assistant.activity.PPMainActivity m=0x108000}]
06-24 16:46:28.633 W/HSM     ( 1813): HoldService:toast switch is close!
06-24 16:46:28.634 D/ApplicationPackageManager(26493): queryIntentActivitiesAsUser blocked, Intent { act=android.intent.action.MAIN cat=[android.intent.category.LAUNCHER] pkg=com.tencent.mm }
06-24 16:46:28.634 D/HsmInterfaceImpl(26493): List [ResolveInfo{222dce4 com.tencent.mm/.ui.LauncherUI m=0x108000}]
06-24 16:46:28.647 W/HSM     ( 1813): HoldService:toast switch is close!
06-24 16:46:28.648 D/ApplicationPackageManager(26493): queryIntentActivitiesAsUser blocked, Intent { act=android.intent.action.MAIN cat=[android.intent.category.LAUNCHER] pkg=com.android.providers.media }
06-24 16:46:28.648 D/HsmInterfaceImpl(26493): List []
06-24 16:46:28.651 W/HSM     ( 1813): HoldService:toast switch is close!
06-24 16:46:28.651 D/ApplicationPackageManager(26493): queryIntentActivitiesAsUser blocked, Intent { act=android.intent.action.MAIN cat=[android.intent.category.LAUNCHER] pkg=com.huawei.vassistant }
06-24 16:46:28.651 D/HsmInterfaceImpl(26493): List [ResolveInfo{47db54d com.huawei.vassistant/.ui.main.VAssistantActivity m=0x108000}]
06-24 16:46:28.655 E/asset   (26493): createFromFile(): lock file /data/resource-cache/system@emui@base@overlay@frameworkhwexthonor@frameworkhwexthonor.apk@idmap.
06-24 16:46:28.655 E/asset   (26493): createFromFile(): lock file /data/resource-cache/system@emui@base@overlay@frameworkhwexthonor@frameworkhwexthonor.apk@idmap.
06-24 16:46:28.655 W/ResourceType(26493): Found multiple library tables, ignoring...
06-24 16:46:28.668 V/ActivityManager(  657): Making visible and scheduling visibility: ActivityRecord{5d289d5 u0 com.tencent.mm/.plugin.wallet.pay.ui.WalletPayUI t16063}
06-24 16:46:28.668 V/WindowManager(  657): No longer Stopped: AppWindowToken{eac0db token=Token{61c5ea ActivityRecord{5d289d5 u0 com.tencent.mm/.plugin.wallet.pay.ui.WalletPayUI t16063}}}
06-24 16:46:28.673 V/ActivityManager(  657): Making visible and scheduling visibility: ActivityRecord{2c646eb u0 com.tencent.mm/.plugin.wallet_index.ui.OrderHandlerUI t16063}
06-24 16:46:28.673 V/WindowManager(  657): No longer Stopped: AppWindowToken{48e8ae1 token=Token{cc9fc48 ActivityRecord{2c646eb u0 com.tencent.mm/.plugin.wallet_index.ui.OrderHandlerUI t16063}}}
06-24 16:46:28.677 V/ActivityManager(  657): Making visible and scheduling visibility: ActivityRecord{d5c9105 u0 com.huawei.android.launcher/.unihome.UniHomeLauncher t15658}
06-24 16:46:28.677 V/WindowManager(  657): No longer Stopped: AppWindowToken{d3a938b token=Token{377755a ActivityRecord{d5c9105 u0 com.huawei.android.launcher/.unihome.UniHomeLauncher t15658}}}
06-24 16:46:28.727 D/ActivityThread(26493): Remove activity client record, r= ActivityRecord{414755e token=android.os.BinderProxy@31abee5 {com.excelliance.dualaid/com.excelliance.kxqp.swipe.NavActivity2}} token= android.os.BinderProxy@31abee5
06-24 16:46:28.727 V/ActivityThread( 2519): Handle window ActivityRecord{4719bb8 token=android.os.BinderProxy@b3fca27 {com.huawei.android.launcher/com.huawei.android.launcher.unihome.UniHomeLauncher}} visibility: true
06-24 16:46:28.727 E/HwLauncher( 2519): SettingsEx , no such field.
06-24 16:46:28.727 W/HwLauncher( 2519): Clock getDataFormat the getSystemString failed.
06-24 16:46:28.729 I/HwPCUtils#HwPCMultiWindowManager(  657): requestedOrientation: 1
06-24 16:46:28.729 V/WindowManager(  657): removeIfPossible: Window{596e98f u0 com.excelliance.dualaid/com.excelliance.kxqp.swipe.NavActivity2} callers=com.android.server.wm.WindowState.removeIfPossible:1914 com.android.server.wm.WindowManagerService.removeWindow:2022 com.android.server.wm.Session.remove:218 android.view.IWindowSession$Stub.onTransact:242 com.android.server.wm.Session.onTransact:161 
06-24 16:46:28.729 I/WindowManager(  657): Destroying surface Surface(name=com.excelliance.dualaid/com.excelliance.kxqp.swipe.NavActivity2) called by com.android.server.wm.WindowStateAnimator.destroySurface:2060 com.android.server.wm.WindowStateAnimator.destroySurfaceLocked:873 com.android.server.wm.HwWindowStateAnimator.destroySurfaceLocked:1006 com.android.server.wm.WindowState.removeImmediately:1899 com.android.server.wm.WindowState.removeIfPossible:2051 com.android.server.wm.WindowState.removeIfPossible:1914 com.android.server.wm.WindowManagerService.removeWindow:2022 com.android.server.wm.Session.remove:218 
06-24 16:46:28.730 V/WindowManager(  657): postWindowRemoveCleanupLocked: Window{596e98f u0 com.excelliance.dualaid/com.excelliance.kxqp.swipe.NavActivity2}
06-24 16:46:28.730 V/WindowManager(  657): Removing Window{596e98f u0 com.excelliance.dualaid/com.excelliance.kxqp.swipe.NavActivity2} from AppWindowToken{701c1bb token=Token{722be4a ActivityRecord{154a7b5 u0 com.excelliance.dualaid/com.excelliance.kxqp.swipe.NavActivity2 t16068}}}
06-24 16:46:28.736 D/HwQoEUtils(  657): mForegroundAppPackageName: com.tencent.mm ,score: 0
06-24 16:46:28.737 D/HwQoEUtils(  657): onForegroundAppWifiSleepChange: config:false, sleeptime:-1,type: 0, appname:com.tencent.mm
06-24 16:46:28.737 D/HwQoEUtils(  657): APP type: 0 appName= com.tencent.mm
06-24 16:46:28.737 D/HwQoEUtils(  657): no game, APP_TYPE_GAME, appName =com.tencent.mm
06-24 16:46:28.737 D/HwQoEUtils(  657): SensitiveApp is foregroundActivities, isAppStateMonitorEnabled = true,currMoniorUid:10300
06-24 16:46:28.738 D/HwQoEUtils(  657): mForegroundAppPackageName: com.huawei.android.launcher ,score: 0
06-24 16:46:28.738 D/HwQoEUtils(  657): onForegroundAppWifiSleepChange: config:false, sleeptime:-1,type: 255, appname:com.huawei.android.launcher
06-24 16:46:28.738 D/HwQoEUtils(  657): APP type: 255 appName= com.huawei.android.launcher
06-24 16:46:28.738 D/HwQoEUtils(  657): no game, APP_TYPE_GAME, appName =com.huawei.android.launcher
06-24 16:46:28.739 D/HwGameAssistantController(  657): pid=20113, uid=10300, foreground=true
06-24 16:46:28.739 D/HwGameAssistantController(  657): pid=2519, uid=10056, foreground=true
06-24 16:46:28.740 D/PMS1000 (  657): package:com.excelliance.dualaid, input flags:8192, output hwFlags:0
06-24 16:46:28.742 W/HSM     ( 1813): HoldService:toast switch is close!
06-24 16:46:28.745 V/WindowManager(  657): removeAppToken: AppWindowToken{701c1bb token=Token{722be4a ActivityRecord{154a7b5 u0 com.excelliance.dualaid/com.excelliance.kxqp.swipe.NavActivity2 t16068}}} delayed=false Callers=com.android.server.wm.DisplayContent.removeAppToken:985 com.android.server.wm.AppWindowContainerController.removeContainer:348 com.android.server.am.ActivityRecord.removeWindowContainer:1039 com.android.server.am.ActivityStack.removeActivityFromHistoryLocked:4491 
06-24 16:46:28.746 D/HwQoEUtils(  657): [txUdpPackets]: 0 , [rxUdpPackets]: 0,[UDP SPEED]0 KB/S
