--------- beginning of main
06-24 16:27:13.641 D/NetWorkUtils( 1513): mVSimCurCardType is -1
06-24 16:27:13.644 D/NetWorkUtils( 1513): mVSimCurCardType is -1
06-24 16:27:14.009 E/WifiHAL (  706): enter wifi_get_link_stats
--------- beginning of system
06-24 16:27:14.027 E/wificond(  765): Failed to get NL80211_STA_INFO_CNAHLOAD
06-24 16:27:14.028 E/WificondControl(  657): Noise: -92, Snr: 0, Chload: -1
06-24 16:27:14.029 D/HwWifiCHRStateManager(  657): handleMessage : 1001
06-24 16:27:14.029 D/HwWifiCHRStateManager(  657): handleUpdateChannel:5805
06-24 16:27:14.029 V/HwWifiServiceFactory(  657): get AllImpl object = com.android.server.wifi.HwWifiServiceFactoryImpl@a390a53
06-24 16:27:14.031 D/WifiScoreReport(  657): Score = 100, wifiConnectivityManagerEnabled = false, lowScoreCount = 0
06-24 16:27:14.644 D/NetWorkUtils( 1513): mVSimCurCardType is -1
06-24 16:27:14.650 D/NetWorkUtils( 1513): mVSimCurCardType is -1
06-24 16:27:14.945 I/TrafficMonitor(  657): update:rxPkts:1,txPkts:1,rxBytes:36,txBytes:60
06-24 16:27:14.945 I/TrafficMonitor(  657): start expired. level:-1
06-24 16:27:14.946 I/TrafficMonitor(  657): gettimer:interval=2000
06-24 16:27:15.380 W/AwareLog(  657): AwareMem_MemoryUtils: trim Memory illegal arg exception, proc:24427 level:40
06-24 16:27:15.530 W/AlarmManager(  657): mIsScreenOn is: true, WAKEUP alarm trigger action = ALARM_ACTION(20049) package name is: com.tencent.mm
06-24 16:27:15.544 V/BroadcastQueue(  657): Finished with ordered broadcast BroadcastRecord{189bd6c u0 ALARM_ACTION(20049)}
06-24 16:27:15.645 D/NetWorkUtils( 1513): mVSimCurCardType is -1
06-24 16:27:15.660 I/ActivityManager(  657): START u0 {act=android.intent.action.MAIN cat=[android.intent.category.LAUNCHER] flg=0x10000000 cmp=com.excelliance.dualaid/com.excelliance.kxqp.ui.HelloActivity} from uid 2000
06-24 16:27:15.664 I/ash     ( 1699): front pkg : com.excelliance.dualaid launcher: false
06-24 16:27:15.664 I/ash     ( 1699): above launcher front pkgs: [com.excelliance.dualaid]
06-24 16:27:15.665 I/ActivityManager(  657): ActivityRecord info: ActivityInfo{fad70dc com.excelliance.kxqp.ui.HelloActivity}
06-24 16:27:15.668 V/WindowManager(  657): addAppToken: AppWindowToken{5124670 token=Token{a4640b3 ActivityRecord{2ee7e22 u0 com.excelliance.dualaid/com.excelliance.kxqp.ui.HelloActivity t16041}}} controller={TaskWindowContainerController taskId=16041} at 2147483647
06-24 16:27:15.670 D/MotionDetectionManager( 2519): stopMotionAppsReco motionApps: 403
06-24 16:27:15.670 D/MotionDetectionManager( 2519): stopMotionAppsReco not recognition motionApps 403
06-24 16:27:15.670 W/HwLauncher( 2519): Launcher.MotionManager stopMotionAppsReco service flg 403 is unavailable
06-24 16:27:15.671 I/PGServer( 1699): android calls fast hibernateApps
06-24 16:27:15.671 I/AppFastHibernation( 1699): fast hibernate duration: 1500 reason: start activity
06-24 16:27:15.671 I/Pged-IPgedBinderService(  769): ****action is 1, pid num is 6***
06-24 16:27:15.671 I/Pged-Freezer(  769): freezePids
06-24 16:27:15.671 I/Pged-Freezer(  769): Freeze process: 29457
06-24 16:27:15.672 D/PMS1000 (  657): package:com.excelliance.dualaid, input flags:1, output hwFlags:0
06-24 16:27:15.672 I/Pged-Freezer(  769): Freeze process: 29531
06-24 16:27:15.672 I/Pged-Freezer(  769): Freeze process: 14942
06-24 16:27:15.672 I/Pged-Freezer(  769): Freeze process: 15544
06-24 16:27:15.673 I/Pged-Freezer(  769): Freeze process: 24379
06-24 16:27:15.674 V/ActivityManager(  657): startProcess: name=com.excelliance.dualaid:olle app=null knownToBeDead=true thread=null pid=-1
06-24 16:27:15.674 D/PMS1000 (  657): package:com.excelliance.dualaid, input flags:0, output hwFlags:0
06-24 16:27:15.677 D/PgedBinderAdapter( 1699): frz ok, pid: [29457, 29531, 14942, 15544, 24379]
06-24 16:27:15.683 I/        (25865): power log dlsym ok
06-24 16:27:15.685 I/ActivityManager(  657): Start proc 25865:com.excelliance.dualaid:olle/u0a1423 for activity com.excelliance.dualaid/com.excelliance.kxqp.ui.HelloActivity
06-24 16:27:15.686 V/WindowManager(  657): No longer Stopped: AppWindowToken{5124670 token=Token{a4640b3 ActivityRecord{2ee7e22 u0 com.excelliance.dualaid/com.excelliance.kxqp.ui.HelloActivity t16041}}}
06-24 16:27:15.686 V/ActivityManager(  657): startProcess: name=com.excelliance.dualaid:olle app=ProcessRecord{4de4de9 25865:com.excelliance.dualaid:olle/u0a1423} knownToBeDead=true thread=null pid=25865
06-24 16:27:15.686 I/zygote  (25865): Reinit property: dalvik.vm.checkjni= false
06-24 16:27:15.697 D/ActivityThread(25865): ActivityThread,attachApplication
06-24 16:27:15.698 D/ActivityManager(  657): ActivityManagerService,attachApplication,callingPid = 25865
06-24 16:27:15.700 V/WindowManager(  657): No longer Stopped: AppWindowToken{5124670 token=Token{a4640b3 ActivityRecord{2ee7e22 u0 com.excelliance.dualaid/com.excelliance.kxqp.ui.HelloActivity t16041}}}
06-24 16:27:15.708 I/NetworkSpeedManagerEx( 1513): mIsStop = false
06-24 16:27:15.709 I/NetworkSpeedManagerEx( 1513):  runInThread getTetherStats
06-24 16:27:15.709 I/NetworkSpeedManagerEx( 1513):  runInUI refreshSpeed
06-24 16:27:15.709 V/WindowManager(  657): findFocusedWindow: AppWindowToken{d3a938b token=Token{377755a ActivityRecord{d5c9105 u0 com.huawei.android.launcher/.unihome.UniHomeLauncher t15658}}} below Reached focused app=AppWindowToken{5124670 token=Token{a4640b3 ActivityRecord{2ee7e22 u0 com.excelliance.dualaid/com.excelliance.kxqp.ui.HelloActivity t16041}}}
06-24 16:27:15.710 I/NetworkSpeedManagerEx( 1513): value=96.666664speed = 97
06-24 16:27:15.710 I/NetworkSpeedManagerEx( 1513): B/smIsShowLastSpeedValuefalse
06-24 16:27:15.710 I/NetworkSpeedView( 1513): /update(), speed=97
06-24 16:27:15.710 I/NetworkSpeedView( 1513): B/s parent class:class com.android.systemui.statusbar.HwSystemIcons
06-24 16:27:15.711 D/ScenarioService( 1699): front pkg : com.excelliance.dualaid launcher: false
06-24 16:27:15.711 D/ScenarioService( 1699): new above launcher front pkgs: [com.excelliance.dualaid]
06-24 16:27:15.711 I/AppsUsage( 1699): scnOff:false FgAPP:com.excelliance.dualaid BgAPP:com.huawei.android.launcher
06-24 16:27:15.713 V/WindowManager(  657): Checking 1 opening apps (frozen=false timeout=false)...
06-24 16:27:15.713 V/WindowManager(  657): Check opening app=AppWindowToken{5124670 token=Token{a4640b3 ActivityRecord{2ee7e22 u0 com.excelliance.dualaid/com.excelliance.kxqp.ui.HelloActivity t16041}}}: allDrawn=false startingDisplayed=false startingMoved=false isRelaunching()=false
06-24 16:27:15.715 D/EmcomManagerService(  657): forePackage name is com.excelliance.dualaid
06-24 16:27:15.715 D/HicomPolicyManager(  657): foreAppInfo = nullpkgName = com.excelliance.dualaid uid= 11423
06-24 16:27:15.715 E/HicomPolicyManager(  657): udp acc is not start yet!
06-24 16:27:15.715 D/HicomPolicyManager(  657): speed control is not start
06-24 16:27:15.715 E/HicomPolicyManager(  657): Network Evaluation is not start yet!
06-24 16:27:15.715 E/HicomPolicyManager(  657): foreground app info is null
06-24 16:27:15.715 D/HwQoEUtils(  657): mForegroundAppPackageName: com.excelliance.dualaid:olle ,score: 0
06-24 16:27:15.716 D/HwQoEUtils(  657): APP type: -1 appName= com.excelliance.dualaid:olle
06-24 16:27:15.716 D/HwQoEUtils(  657): RealAppName:com.excelliance.dualaid
06-24 16:27:15.716 D/HwQoEUtils(  657): no game, APP_TYPE_GAME, appName =com.excelliance.dualaid:olle
06-24 16:27:15.716 D/HwGameAssistantController(  657): pid=25865, uid=11423, foreground=true
06-24 16:27:15.718 W//system/bin/hwservicemanager(  416): Cannot open /odm/manifest.xml
06-24 16:27:15.718 W/AwareLog(  657): SchedLevelBoost: onFgActivitiesChanged config not set!
06-24 16:27:15.720 I/HwNetworkPolicy(  657): onTransact, code = 203
06-24 16:27:15.720 I/HwNetworkPolicyManager( 1813): getHwUidPolicy uid = 11423 policy = 0
06-24 16:27:15.721 D/[HwRecSys]HwRecSysService( 2647): onEvent actionID: 10000 msg:com.excelliance.dualaid		
06-24 16:27:15.721 E/[HwRecSys]HwRecSysService( 2647): getIsRportDirectService is false!
06-24 16:27:15.721 I/PGServer( 1699): report state:10010 event type:2 pid:0 uid:0 pkg:com.huawei.android.launcher to pid: 657
06-24 16:27:15.721 I/PGServer( 1699): report state:10010 event type:2 pid:0 uid:0 pkg:com.huawei.android.launcher to pid: 1699
06-24 16:27:15.722 I/SceneReceiver( 1699): state type: 10010 eventType:2 pid:0 uid:0 pkg:com.huawei.android.launcher
06-24 16:27:15.722 I/PGServer( 1699): report state:10000 event type:1 pid:0 uid:0 pkg:com.excelliance.dualaid to pid: 657
06-24 16:27:15.722 I/PGServer( 1699): report state:10000 event type:1 pid:0 uid:0 pkg:com.excelliance.dualaid to pid: 1699
06-24 16:27:15.722 I/SceneReceiver( 1699): state type: 10000 eventType:1 pid:0 uid:0 pkg:com.excelliance.dualaid
06-24 16:27:15.722 D/HwThermalStateManager( 1699): current foreapp pkg : com.excelliance.dualaid
06-24 16:27:15.722 I/PGServer( 1699): checkPkgType. calling pkg: android
06-24 16:27:15.722 I/PGServer( 1699): checkPkgType. calling pkg: android
06-24 16:27:15.730 W/libc    ( 1699): Set property "sys.aps.gameProcessName" to ""
06-24 16:27:15.730 D/HwFLClassLoader(25865): get used feature list :/feature/used-list failed!
06-24 16:27:15.730 D/HwFLClassLoader(25865): USE_FEATURE_LIST had not init! 
06-24 16:27:15.731 W/libc    ( 1699): Set property "sys.aps.browserProcessName" to ""
06-24 16:27:15.733 W//system/bin/hwservicemanager(  416): Cannot open /odm/manifest.xml
06-24 16:27:15.736 I/GRALLOC (  679): 	 shrFd=10,fmt=0x1,intFmt=0x1,btStrd=256,size=4096,pid=679 
06-24 16:27:15.736 I/GRALLOC (  679): 	 yuv=2,w=16,h=16,Stride u=0 v=0,offset u=0 v=0 
06-24 16:27:15.736 I/GRALLOC (  679): 	 iova_size=4096,conUsg=0x100,proUsg=0x100,	 strd=64,[afbc]HdrStrd=0 PyldStrd=0 Scrmbl=0,ionhnd = 1 
06-24 16:27:15.739 I/NetworkSpeedManagerEx( 1513): mIsStop = false
06-24 16:27:15.739 I/NetworkSpeedManagerEx( 1513):  runInThread getTetherStats
06-24 16:27:15.739 I/NetworkSpeedManagerEx( 1513):  runInUI refreshSpeed
06-24 16:27:15.740 I/NetworkSpeedManagerEx( 1513): value=96.666664speed = 97
06-24 16:27:15.740 I/NetworkSpeedManagerEx( 1513): B/smIsShowLastSpeedValuefalse
06-24 16:27:15.740 I/NetworkSpeedView( 1513): /update(), speed=97
06-24 16:27:15.740 I/NetworkSpeedView( 1513): B/s parent class:class com.android.systemui.statusbar.HwSystemIcons
06-24 16:27:15.745 E/MemoryLeakMonitorManager(25865): MemoryLeakMonitor.jar is not exist!
06-24 16:27:15.746 D/CrashHandler(25865): CrashHandler
06-24 16:27:15.747 E/Minikin (25865): Could not get cmap table size!
06-24 16:27:15.747 D/PMS11423(  657): package:com.excelliance.dualaid, input flags:128, output hwFlags:0
06-24 16:27:15.750 D/KXQPApplication(25865): run: initUserManager
06-24 16:27:15.756 I/HwCust  (25865): Constructor found for class android.app.HwCustActivityImpl
06-24 16:27:15.756 D/HwCust  (25865): Create obj success use class android.app.HwCustActivityImpl
06-24 16:27:15.758 V/HwPolicyFactory(25865): : success to get AllImpl object and return....
06-24 16:27:15.759 I/HwCust  (25865): Constructor found for class android.app.HwCustHwWallpaperManagerImpl
06-24 16:27:15.759 D/HwCust  (25865): Create obj success use class android.app.HwCustHwWallpaperManagerImpl
06-24 16:27:15.760 D/PMS11423(  657): package:com.excelliance.dualaid, input flags:0, output hwFlags:0
06-24 16:27:15.761 V/HwWidgetFactory(25865): : successes to get AllImpl object and return....
06-24 16:27:15.762 V/ActivityThread(25865): ActivityThread,callActivityOnCreate
06-24 16:27:15.763 D/HelloActivity(25865): Memory:25146M
06-24 16:27:15.764 D/HelloActivity(25865): onCreate: true
06-24 16:27:15.765 D/HelloActivity(25865): is code boot
06-24 16:27:15.768 D/HelloActivity(25865): mIsNav = false
06-24 16:27:15.783 D/HelloActivity(25865): defDisplayStyle:5
06-24 16:27:15.786 D/HttpUtils(25865): getDownloadMode()
06-24 16:27:15.786 D/NetUtils(25865): init inited = true
06-24 16:27:15.786 D/HelloActivity(25865): enter Nav2
06-24 16:27:15.787 D/HwRecentsLockUtils( 1513): Search
06-24 16:27:15.787 E/HsmCoreServiceImpl( 1478): onTransact in code is: 103
06-24 16:27:15.787 I/MediaProcessHandler( 1478): playingUids: 
06-24 16:27:15.787 D/NetworkSecurityConfig(25865): No Network Security Config specified, using platform default
06-24 16:27:15.788 D/ActivityManager(  657): Skipping, home or recents stack task: TaskRecord{333215f #15658 A=com.huawei.android.launcher U=0 StackId=0 sz=1}
06-24 16:27:15.788 D/ActivityManager(  657): Skipping intent:act=android.intent.action.MAIN cat=[android.intent.category.LAUNCHER] flg=0x10a00000 cmp=io.appium.settings/.Settings
06-24 16:27:15.788 D/ActivityManager(  657): Skipping intent:flg=0x10804000 cmp=com.android.systemui/.recents.RecentsActivity bnds=[48,928][1032,2296]
06-24 16:27:15.788 D/ActivityManager(  657): Skipping intent:flg=0x18800000 cmp=com.tencent.mm/.plugin.base.stub.WXPayEntryActivity
06-24 16:27:15.788 D/ActivityManager(  657): Skipping intent:flg=0x10800000 cmp=com.huawei.systemmanager/com.huawei.permissionmanager.ui.MainActivity
06-24 16:27:15.788 D/ActivityManager(  657): Skipping intent:flg=0x18800000 cmp=com.tencent.mm/.plugin.base.stub.WXEntryActivity
06-24 16:27:15.788 D/ActivityManager(  657): Skipping intent:act=com.huawei.action.VOICE_ASSISTANT flg=0x10800000 pkg=com.huawei.vassistant cmp=com.huawei.vassistant/.ui.main.VAssistantActivity
06-24 16:27:15.788 D/ActivityManager(  657): Skipping intent:act=com.huawei.android.launcher.action.ACCESS_SPLIT_SCREEN_APP cat=[android.intent.category.DEFAULT] flg=0x10804000 cmp=com.huawei.android.launcher/.splitscreen.SplitScreenAppActivity
06-24 16:27:15.788 D/ActivityManager(  657): Skipping intent:flg=0x10800000 pkg=com.excelliance.dualaid.b64 cmp=com.excelliance.dualaid.b64/com.excelliance.kxqp.sdk.PermissionRequestActivity
06-24 16:27:15.788 D/ActivityManager(  657): Skipping intent:act=android.intent.action.VIEW dat=content://com.excelliance.dualaid.fileProvider/external_storage_root/Download/apk/Multiple_64.apk typ=application/vnd.android.package-archive flg=0x10800001 cmp=com.android.packageinstaller/.InstallStart
06-24 16:27:15.788 D/ActivityManager(  657): Skipping intent:flg=0x10800000 cmp=com.android.systemui/.usb.HwUsbDebuggingActivity
06-24 16:27:15.788 D/ActivityManager(  657): Skipping intent:act=android.deviceinfo.chooser.action.LAUNCH flg=0x10800000 hwFlg=0x100 pkg=com.android.settings cmp=com.android.settings/.deviceinfo.UsbConnModeChooserActivity
06-24 16:27:15.788 D/ActivityManager(  657): Skipping intent:flg=0x10800000 cmp=com.zol.android/.push.KeepLiveActivity
06-24 16:27:15.788 D/ActivityManager(  657): Skipping intent:act=android.intent.action.MAIN cat=[android.intent.category.HOME] flg=0x10800300 cmp=com.android.settings/.FallbackHome
06-24 16:27:15.789 I/ActivityManager(  657): START u0 {pkg=com.excelliance.dualaid cmp=com.excelliance.dualaid/com.excelliance.kxqp.swipe.NavActivity2 (has extras)} from uid 11423
06-24 16:27:15.789 I/ActivityManager(  657): ActivityRecord info: ActivityInfo{db9d78c com.excelliance.kxqp.swipe.NavActivity2}
06-24 16:27:15.790 V/WindowManager(  657): findFocusedWindow: AppWindowToken{d3a938b token=Token{377755a ActivityRecord{d5c9105 u0 com.huawei.android.launcher/.unihome.UniHomeLauncher t15658}}} below Reached focused app=AppWindowToken{5124670 token=Token{a4640b3 ActivityRecord{2ee7e22 u0 com.excelliance.dualaid/com.excelliance.kxqp.ui.HelloActivity t16041}}}
06-24 16:27:15.790 V/WindowManager(  657): addAppToken: AppWindowToken{e847388 token=Token{a0f132b ActivityRecord{f15af7a u0 com.excelliance.dualaid/com.excelliance.kxqp.swipe.NavActivity2 t16041}}} controller={TaskWindowContainerController taskId=16041} at 2147483647
06-24 16:27:15.791 W/libc    (  493): Set property "hw.wifi.dns_stat" to "34289,29714,5028,1,52678"
06-24 16:27:15.798 V/ActivityManager(  657): startProcess: name=com.excelliance.dualaid app=null knownToBeDead=true thread=null pid=-1
06-24 16:27:15.798 D/PMS1000 (  657): package:com.excelliance.dualaid, input flags:0, output hwFlags:0
06-24 16:27:15.804 I/ActivityManager(  657): Start proc 25893:com.excelliance.dualaid/u0a1423 for service com.excelliance.dualaid/com.excelliance.kxqp.SmtServService
06-24 16:27:15.805 I/        (25893): power log dlsym ok
06-24 16:27:15.807 I/zygote  (25893): Reinit property: dalvik.vm.checkjni= false
06-24 16:27:15.810 D/HwNetworkManagementService(  657): code == CODE_GET_AD_KEY_LIST
06-24 16:27:15.810 D/HwNetworkManagementService(  657): appName = com.excelliance.dualaid  is not in the mAdViewMap! reply none
06-24 16:27:15.810 D/HwNetworkManagementService(  657): appName = com.excelliance.dualaid  is not in the mAdIdMap! reply none
06-24 16:27:15.812 D/ActivityThread(25865): add activity client record, r= ActivityRecord{cbe2ddc token=android.os.BinderProxy@d13fa03 {com.excelliance.dualaid/com.excelliance.kxqp.ui.HelloActivity}} token= android.os.BinderProxy@d13fa03
06-24 16:27:15.813 D/ActivityThread(25893): ActivityThread,attachApplication
06-24 16:27:15.815 V/WindowManager(  657): No longer Stopped: AppWindowToken{e847388 token=Token{a0f132b ActivityRecord{f15af7a u0 com.excelliance.dualaid/com.excelliance.kxqp.swipe.NavActivity2 t16041}}}
06-24 16:27:15.815 V/WindowManager(  657): No longer Stopped: AppWindowToken{e847388 token=Token{a0f132b ActivityRecord{f15af7a u0 com.excelliance.dualaid/com.excelliance.kxqp.swipe.NavActivity2 t16041}}}
06-24 16:27:15.821 V/WindowManager(  657): Checking 1 opening apps (frozen=false timeout=false)...
06-24 16:27:15.821 V/WindowManager(  657): Check opening app=AppWindowToken{e847388 token=Token{a0f132b ActivityRecord{f15af7a u0 com.excelliance.dualaid/com.excelliance.kxqp.swipe.NavActivity2 t16041}}}: allDrawn=false startingDisplayed=false startingMoved=false isRelaunching()=false
06-24 16:27:15.822 D/ActivityManager(  657): ActivityManagerService,attachApplication,callingPid = 25893
06-24 16:27:15.826 D/HwCust  (25865): Create obj success use class android.app.HwCustActivityImpl
06-24 16:27:15.827 D/HwCust  (25865): Create obj success use class android.app.HwCustHwWallpaperManagerImpl
06-24 16:27:15.828 V/ActivityThread(25865): ActivityThread,callActivityOnCreate
06-24 16:27:15.830 W//system/bin/hwservicemanager(  416): Cannot open /odm/manifest.xml
06-24 16:27:15.836 D/NavActivity2(25865): onCreate
06-24 16:27:15.841 W/X509TrustManager(25865): checkServerTrusted: SignatureException:null
06-24 16:27:15.841 W/X509TrustManager(25865): checkServerTrusted: SignatureException:error:04000073:RSA routines:OPENSSL_internal:DATA_TOO_LARGE_FOR_MODULUS
06-24 16:27:15.842 W/Utils   (25865): Utils_isSuperResolutionSupport [load libai_client.so failed]
06-24 16:27:15.844 D/CubicBezierInterpolator(25865): CubicBezierInterpolator  mControlPoint1x = 0.23, mControlPoint1y = 0.06, mControlPoint2x = 0.09, mControlPoint2y = 0.97
06-24 16:27:15.844 D/CubicBezierInterpolator(25865): CubicBezierInterpolator  mControlPoint1x = 0.6, mControlPoint1y = 0.9, mControlPoint2x = 0.8, mControlPoint2y = 1.0
06-24 16:27:15.844 D/CubicBezierInterpolator(25865): CubicBezierInterpolator  mControlPoint1x = 0.23, mControlPoint1y = 0.06, mControlPoint2x = 0.09, mControlPoint2y = 0.97
06-24 16:27:15.844 D/CubicBezierInterpolator(25865): CubicBezierInterpolator  mControlPoint1x = 0.6, mControlPoint1y = 0.9, mControlPoint2x = 0.8, mControlPoint2y = 1.0
06-24 16:27:15.845 D/CubicBezierInterpolator(25865): CubicBezierInterpolator  mControlPoint1x = 0.23, mControlPoint1y = 0.06, mControlPoint2x = 0.09, mControlPoint2y = 0.97
06-24 16:27:15.845 D/CubicBezierInterpolator(25865): CubicBezierInterpolator  mControlPoint1x = 0.6, mControlPoint1y = 0.9, mControlPoint2x = 0.8, mControlPoint2y = 1.0
06-24 16:27:15.845 D/CubicBezierInterpolator(25865): CubicBezierInterpolator  mControlPoint1x = 0.23, mControlPoint1y = 0.06, mControlPoint2x = 0.09, mControlPoint2y = 0.97
06-24 16:27:15.845 D/CubicBezierInterpolator(25865): CubicBezierInterpolator  mControlPoint1x = 0.6, mControlPoint1y = 0.9, mControlPoint2x = 0.8, mControlPoint2y = 1.0
06-24 16:27:15.849 D/PMS11423(  657): package:com.excelliance.dualaid, input flags:128, output hwFlags:0
06-24 16:27:15.851 D/HwRTBlurUtils(25865): check blur style for HwPhoneWindow-, themeResId : 0x7f0e000a, context : com.excelliance.kxqp.swipe.NavActivity2@794246b, Nhwext : 0, get Blur : disable with , null
06-24 16:27:15.852 D/HwRTBlurUtils(25865): check blur style for HwPhoneWindow-, themeResId : 0x7f0e000a, context : com.excelliance.kxqp.swipe.NavActivity2@794246b, Nhwext : 0, get Blur : disable with , null
06-24 16:27:15.852 W//system/bin/hwservicemanager(  416): Cannot open /odm/manifest.xml
06-24 16:27:15.852 E/test    (25865): hw notch screen flag api error
06-24 16:27:15.853 I/GRALLOC (  679): 	 shrFd=10,fmt=0x1,intFmt=0x1,btStrd=256,size=4096,pid=679 
06-24 16:27:15.853 I/GRALLOC (  679): 	 yuv=2,w=16,h=16,Stride u=0 v=0,offset u=0 v=0 
06-24 16:27:15.853 I/GRALLOC (  679): 	 iova_size=4096,conUsg=0x100,proUsg=0x100,	 strd=64,[afbc]HdrStrd=0 PyldStrd=0 Scrmbl=0,ionhnd = 1 
06-24 16:27:15.854 D/ActivityThread(25865): add activity client record, r= ActivityRecord{414755e token=android.os.BinderProxy@31abee5 {com.excelliance.dualaid/com.excelliance.kxqp.swipe.NavActivity2}} token= android.os.BinderProxy@31abee5
06-24 16:27:15.855 E/ViewUtils(25865): setBgColor: view==null:top
06-24 16:27:15.856 D/HwFLClassLoader(25893): get used feature list :/feature/used-list failed!
06-24 16:27:15.856 D/HwFLClassLoader(25893): USE_FEATURE_LIST had not init! 
06-24 16:27:15.864 D/OpenGLRenderer(25865):   HWUI Binary is  enabled
06-24 16:27:15.865 D/SurfaceFlinger(  710): SurfaceFlinger: getDisplayConfigs--3.000000, 1080, 1920
06-24 16:27:15.865 I/chatty  (  710): uid=1000(system) Binder:710_2 identical 1 line
06-24 16:27:15.865 D/SurfaceFlinger(  710): SurfaceFlinger: getDisplayConfigs--3.000000, 1080, 1920
06-24 16:27:15.865 D/OpenGLRenderer(25865): HWUI GL Pipeline
06-24 16:27:15.869 D/PMS11423(  657): package:com.excelliance.dualaid, input flags:128, output hwFlags:0
06-24 16:27:15.869 V/WindowManager(  657): Adding Window{3b87fff u0 com.excelliance.dualaid/com.excelliance.kxqp.swipe.NavActivity2} to AppWindowToken{e847388 token=Token{a0f132b ActivityRecord{f15af7a u0 com.excelliance.dualaid/com.excelliance.kxqp.swipe.NavActivity2 t16041}}}
06-24 16:27:15.870 V/WindowManager(  657): addWindow: New client android.os.BinderProxy@3083b1e: window=Window{3b87fff u0 com.excelliance.dualaid/com.excelliance.kxqp.swipe.NavActivity2} Callers=com.android.server.wm.HwWindowManagerService.addWindow:562 com.android.server.wm.Session.addToDisplay:199 android.view.IWindowSession$Stub.onTransact:124 com.android.server.wm.Session.onTransact:161 android.os.Binder.execTransact:675 
06-24 16:27:15.875 D/PMS11423(  657): package:com.excelliance.dualaid, input flags:128, output hwFlags:0
06-24 16:27:15.879 D/PMS11423(  657): package:com.excelliance.dualaid, input flags:128, output hwFlags:0
06-24 16:27:15.880 V/WindowManager(  657): Checking 1 opening apps (frozen=false timeout=false)...
06-24 16:27:15.880 V/WindowManager(  657): Check opening app=AppWindowToken{e847388 token=Token{a0f132b ActivityRecord{f15af7a u0 com.excelliance.dualaid/com.excelliance.kxqp.swipe.NavActivity2 t16041}}}: allDrawn=false startingDisplayed=false startingMoved=false isRelaunching()=false
06-24 16:27:15.880 D/HwGalleryCacheManagerImpl(25865): mIsEffect:false
06-24 16:27:15.886 D/PMS11423(  657): package:com.excelliance.dualaid, input flags:128, output hwFlags:0
06-24 16:27:15.888 D/HttpUtils(25865): getResponseCode():200
06-24 16:27:15.889 D/WHEG    (25865): {"status":"0","controls":"","skip":"0"}
06-24 16:27:15.921 D/HwRecentsLockUtils( 1513): Search
06-24 16:27:15.921 E/HsmCoreServiceImpl( 1478): onTransact in code is: 103
06-24 16:27:15.921 I/MediaProcessHandler( 1478): playingUids: 
06-24 16:27:15.922 D/ActivityManager(  657): Skipping, home or recents stack task: TaskRecord{333215f #15658 A=com.huawei.android.launcher U=0 StackId=0 sz=1}
06-24 16:27:15.922 D/ActivityManager(  657): Skipping intent:act=android.intent.action.MAIN cat=[android.intent.category.LAUNCHER] flg=0x10a00000 cmp=io.appium.settings/.Settings
06-24 16:27:15.922 D/ActivityManager(  657): Skipping intent:flg=0x10804000 cmp=com.android.systemui/.recents.RecentsActivity bnds=[48,928][1032,2296]
06-24 16:27:15.922 D/ActivityManager(  657): Skipping intent:flg=0x18800000 cmp=com.tencent.mm/.plugin.base.stub.WXPayEntryActivity
06-24 16:27:15.922 D/ActivityManager(  657): Skipping intent:flg=0x10800000 cmp=com.huawei.systemmanager/com.huawei.permissionmanager.ui.MainActivity
06-24 16:27:15.922 D/ActivityManager(  657): Skipping intent:flg=0x18800000 cmp=com.tencent.mm/.plugin.base.stub.WXEntryActivity
06-24 16:27:15.922 D/ActivityManager(  657): Skipping intent:act=com.huawei.action.VOICE_ASSISTANT flg=0x10800000 pkg=com.huawei.vassistant cmp=com.huawei.vassistant/.ui.main.VAssistantActivity
06-24 16:27:15.922 D/ActivityManager(  657): Skipping intent:act=com.huawei.android.launcher.action.ACCESS_SPLIT_SCREEN_APP cat=[android.intent.category.DEFAULT] flg=0x10804000 cmp=com.huawei.android.launcher/.splitscreen.SplitScreenAppActivity
06-24 16:27:15.922 D/ActivityManager(  657): Skipping intent:flg=0x10800000 pkg=com.excelliance.dualaid.b64 cmp=com.excelliance.dualaid.b64/com.excelliance.kxqp.sdk.PermissionRequestActivity
06-24 16:27:15.922 D/ActivityManager(  657): Skipping intent:act=android.intent.action.VIEW dat=content://com.excelliance.dualaid.fileProvider/external_storage_root/Download/apk/Multiple_64.apk typ=application/vnd.android.package-archive flg=0x10800001 cmp=com.android.packageinstaller/.InstallStart
06-24 16:27:15.922 D/ActivityManager(  657): Skipping intent:flg=0x10800000 cmp=com.android.systemui/.usb.HwUsbDebuggingActivity
06-24 16:27:15.922 D/ActivityManager(  657): Skipping intent:act=android.deviceinfo.chooser.action.LAUNCH flg=0x10800000 hwFlg=0x100 pkg=com.android.settings cmp=com.android.settings/.deviceinfo.UsbConnModeChooserActivity
06-24 16:27:15.922 D/ActivityManager(  657): Skipping intent:flg=0x10800000 cmp=com.zol.android/.push.KeepLiveActivity
06-24 16:27:15.922 D/ActivityManager(  657): Skipping intent:act=android.intent.action.MAIN cat=[android.intent.category.HOME] flg=0x10800300 cmp=com.android.settings/.FallbackHome
06-24 16:27:15.951 D/MainActivity(25865): instantiateItem: 2	android.widget.RelativeLayout{d00e2b1 V.E...... ......I. 0,0-0,0}
06-24 16:27:15.952 D/MainActivity(25865): initPage3: 
06-24 16:27:15.955 V/WindowManager(  657): Checking 1 opening apps (frozen=false timeout=false)...
06-24 16:27:15.955 V/WindowManager(  657): Check opening app=AppWindowToken{e847388 token=Token{a0f132b ActivityRecord{f15af7a u0 com.excelliance.dualaid/com.excelliance.kxqp.swipe.NavActivity2 t16041}}}: allDrawn=false startingDisplayed=false startingMoved=false isRelaunching()=false
06-24 16:27:15.958 V/HwPhoneWindowManager(  657): updateSystemUiColorLw window=Window{3b87fff u0 com.excelliance.dualaid/com.excelliance.kxqp.swipe.NavActivity2},EmuiStyle=0,StatusBarColor=0xff000000,NavigationBarColor=0xff000000, mLastIsEmuiLightStyle=-1
06-24 16:27:15.958 D/HwPhoneWindowManager(  657): Transact:setSystemUIColor to status bar service
06-24 16:27:15.959 I/CommandQueue( 1513): updateBarBgColor
06-24 16:27:15.959 D/CommandQueue( 1513): CommandQueue, setBarBackgroundColor
06-24 16:27:15.960 V/WindowManager(  657): Checking 1 opening apps (frozen=false timeout=false)...
06-24 16:27:15.960 V/WindowManager(  657): Check opening app=AppWindowToken{e847388 token=Token{a0f132b ActivityRecord{f15af7a u0 com.excelliance.dualaid/com.excelliance.kxqp.swipe.NavActivity2 t16041}}}: allDrawn=false startingDisplayed=false startingMoved=false isRelaunching()=false
06-24 16:27:15.963 D/TintManager( 1513): statusBarIconTint=#99FFFFFF,navigationBarIconTint=#FF000000
06-24 16:27:15.963 D/MainActivity(25865): run: initPage3
06-24 16:27:15.965 I/GRALLOC (  679): 	 shrFd=10,fmt=0x1,intFmt=0x200000001,btStrd=4352,size=8486912,pid=679 
06-24 16:27:15.965 I/GRALLOC (  679): 	 yuv=2,w=1080,h=1920,Stride u=0 v=0,offset u=0 v=0 
06-24 16:27:15.965 I/GRALLOC (  679): 	 iova_size=8486912,conUsg=0x900,proUsg=0x900,	 strd=1088,[afbc]HdrStrd=1088 PyldStrd=69632 Scrmbl=2,ionhnd = 1 
06-24 16:27:15.966 I/zygote  (25893): Compiler allocated 4MB to compile boolean com.excelliance.kxqp.KXQPApplication.b(int)
06-24 16:27:15.966 I/OpenGLRenderer(25865): Initialized EGL, version 1.4
06-24 16:27:15.966 D/OpenGLRenderer(25865): Swap behavior 2
06-24 16:27:15.968 I/GRALLOC (  679): 	 shrFd=10,fmt=0x1,intFmt=0x200000001,btStrd=4352,size=8486912,pid=679 
06-24 16:27:15.968 I/GRALLOC (  679): 	 yuv=2,w=1080,h=1920,Stride u=0 v=0,offset u=0 v=0 
06-24 16:27:15.968 I/GRALLOC (  679): 	 iova_size=8486912,conUsg=0x900,proUsg=0x900,	 strd=1088,[afbc]HdrStrd=1088 PyldStrd=69632 Scrmbl=2,ionhnd = 1 
06-24 16:27:15.970 I/GRALLOC (  679): 	 shrFd=10,fmt=0x1,intFmt=0x200000001,btStrd=4352,size=8486912,pid=679 
06-24 16:27:15.970 I/GRALLOC (  679): 	 yuv=2,w=1080,h=1920,Stride u=0 v=0,offset u=0 v=0 
06-24 16:27:15.970 I/GRALLOC (  679): 	 iova_size=8486912,conUsg=0x900,proUsg=0x900,	 strd=1088,[afbc]HdrStrd=1088 PyldStrd=69632 Scrmbl=2,ionhnd = 1 
06-24 16:27:15.971 D/mali_winsys(25865): EGLint new_window_surface(egl_winsys_display *, void *, EGLSurface, EGLConfig, egl_winsys_surface **, egl_color_buffer_format *, EGLBoolean) returns 0x3000
06-24 16:27:15.971 E/vndksupport(25865): Could not load vendor/lib/egl/libGLES_mali_v2.so from sphal namespace: dlopen failed: library "vendor/lib/egl/libGLES_mali_v2.so" not found.
06-24 16:27:15.980 D/StatusBarIconController( 1513): setIconVisibility icon is null or visibility not change visibility=false
06-24 16:27:15.991 I/GRALLOC (  679): 	 shrFd=10,fmt=0x1,intFmt=0x200000001,btStrd=4352,size=8486912,pid=679 
06-24 16:27:15.991 I/GRALLOC (  679): 	 yuv=2,w=1080,h=1920,Stride u=0 v=0,offset u=0 v=0 
06-24 16:27:15.991 I/GRALLOC (  679): 	 iova_size=8486912,conUsg=0xb00,proUsg=0xb00,	 strd=1088,[afbc]HdrStrd=1088 PyldStrd=69632 Scrmbl=2,ionhnd = 1 
06-24 16:27:15.996 D/PMS11423(  657): package:com.excelliance.dualaid, input flags:128, output hwFlags:0
06-24 16:27:15.998 D/WindowManager(  657): finishDrawingWindow: Window{3b87fff u0 com.excelliance.dualaid/com.excelliance.kxqp.swipe.NavActivity2} mDrawState=DRAW_PENDING
06-24 16:27:15.999 V/MainActivity(25865): onWindowFocusChanged: true
06-24 16:27:15.999 W/InputMethodManager(25865): startInputReason = 1
06-24 16:27:16.000 V/WindowManager(  657): Checking 1 opening apps (frozen=false timeout=false)...
06-24 16:27:16.000 V/WindowManager(  657): Check opening app=AppWindowToken{e847388 token=Token{a0f132b ActivityRecord{f15af7a u0 com.excelliance.dualaid/com.excelliance.kxqp.swipe.NavActivity2 t16041}}}: allDrawn=true startingDisplayed=false startingMoved=false isRelaunching()=false
06-24 16:27:16.002 D/ImageWallpaper( 1513): onVisibilityChanged: mVisible, visible=true, false
06-24 16:27:16.002 D/ImageWallpaper( 1513): Visibility changed to visible=false
06-24 16:27:16.002 D/PMS11423(  657): package:com.excelliance.dualaid, input flags:128, output hwFlags:0
06-24 16:27:16.003 D/BarTransitions.HwPhoneStatusBarView( 1513): MODE_TRANSLUCENT -> MODE_TRANSPARENT animate=false
06-24 16:27:16.003 D/BarTransitions.HwPhoneStatusBarView( 1513): applyModeBackground oldMode=MODE_TRANSLUCENT newMode=MODE_TRANSPARENT animate=false
06-24 16:27:16.004 I/ActivityManager(  657): Displayed com.excelliance.dualaid/com.excelliance.kxqp.swipe.NavActivity2: +187ms (total +328ms)
06-24 16:27:16.006 W/InputMethodManager(25865): startInputReason = 5
06-24 16:27:16.009 I/wangchen( 7035): SysInfo.getSysParam: orientation=1||config d=3.0,w=1080,h=1920||metrics d=3.0,w=1080,h=1920||sdk=26,bar_h=72
06-24 16:27:16.009 I/KeymapLoader( 7035): w=1080 h=1920 ori=true appScale=3.3 s1=3.0
06-24 16:27:16.014 E/BufferQueueProducer(  710): [com.huawei.android.launcher/com.huawei.android.launcher.unihome.UniHomeLauncher#0] disconnect: not connected (req=1)
06-24 16:27:16.014 I/WindowManager(  657): notifyAccessibilityButtonVisibilityChanged visible:false
06-24 16:27:16.015 W/libEGL  ( 2519): EGLNativeWindowType 0x7472910010 disconnect failed
06-24 16:27:16.017 I/GRALLOC (  679): 	 shrFd=10,fmt=0x1,intFmt=0x200000001,btStrd=4352,size=8486912,pid=679 
06-24 16:27:16.017 I/GRALLOC (  679): 	 yuv=2,w=1080,h=1920,Stride u=0 v=0,offset u=0 v=0 
06-24 16:27:16.017 I/GRALLOC (  679): 	 iova_size=8486912,conUsg=0xb00,proUsg=0xb00,	 strd=1088,[afbc]HdrStrd=1088 PyldStrd=69632 Scrmbl=2,ionhnd = 1 
06-24 16:27:16.021 D/BarTransitions.HwPhoneStatusBarView( 1513): MODE_TRANSPARENT -> MODE_TRANSLUCENT animate=false
06-24 16:27:16.021 D/BarTransitions.HwPhoneStatusBarView( 1513): applyModeBackground oldMode=MODE_TRANSPARENT newMode=MODE_TRANSLUCENT animate=false
06-24 16:27:16.022 D/BarTransitions.HwNavigationBarView( 1513): MODE_TRANSLUCENT -> MODE_OPAQUE animate=false
06-24 16:27:16.022 D/BarTransitions.HwNavigationBarView( 1513): applyModeBackground oldMode=MODE_TRANSLUCENT newMode=MODE_OPAQUE animate=false
06-24 16:27:16.031 W/ActivityManager(  657): Sending non-protected broadcast huawei.action.floattasks.STATUS_BAR_STATE_CHANGED from system 1513:com.android.systemui/u0a39 pkg com.android.systemui
06-24 16:27:16.031 W/HwKeyguardDragHelper( 1513): AnimationBlocked
06-24 16:27:16.032 V/WindowManager(  657): notifyAppStopped: AppWindowToken{d3a938b token=Token{377755a ActivityRecord{d5c9105 u0 com.huawei.android.launcher/.unihome.UniHomeLauncher t15658}}}
06-24 16:27:16.032 E/WindowManager(  657): win=Window{68d6975 u0 com.huawei.android.launcher/com.huawei.android.launcher.unihome.UniHomeLauncher} destroySurfaces: appStopped=true win.mWindowRemovalAllowed=false win.mRemoveOnExit=false
06-24 16:27:16.032 I/WindowManager(  657): Destroying surface Surface(name=com.huawei.android.launcher/com.huawei.android.launcher.unihome.UniHomeLauncher) called by com.android.server.wm.WindowStateAnimator.destroySurface:2060 com.android.server.wm.WindowStateAnimator.destroySurfaceLocked:873 com.android.server.wm.HwWindowStateAnimator.destroySurfaceLocked:1006 com.android.server.wm.WindowState.destroyOrSaveSurfaceUnchecked:2990 com.android.server.wm.WindowState.destroySurface:2951 com.android.server.wm.AppWindowToken.destroySurfaces:654 com.android.server.wm.AppWindowToken.destroySurfaces:638 com.android.server.wm.AppWindowToken.notifyAppStopped:682 
06-24 16:27:16.035 D/HwGameAssistantController(  657): pid=2519, uid=10056, foreground=false
06-24 16:27:16.036 W/AwareLog(  657): SchedLevelBoost: onFgActivitiesChanged config not set!
06-24 16:27:16.036 W/dex2oat (25934): Using default instruction set features for ARM CPU variant (default) using conservative defaults
06-24 16:27:16.036 D/ActivityThread(25865): Remove activity client record, r= ActivityRecord{cbe2ddc token=android.os.BinderProxy@d13fa03 {com.excelliance.dualaid/com.excelliance.kxqp.ui.HelloActivity}} token= android.os.BinderProxy@d13fa03
06-24 16:27:16.036 I/dex2oat (25934): /system/bin/dex2oat -j4 --dex-file=/data/data/com.excelliance.dualaid/.platformcache/main.jar --output-vdex-fd=49 --oat-fd=50 --oat-location=/data/data/com.excelliance.dualaid/.platformcache/oat/arm/main.odex --compiler-filter=quicken
06-24 16:27:16.036 I/cutils-trace(25934): atrace_init_once, trace_marker_path = /sys/kernel/debug/tracing/trace_marker
06-24 16:27:16.036 V/WindowManager(  657): removeAppToken: AppWindowToken{5124670 token=Token{a4640b3 ActivityRecord{2ee7e22 u0 com.excelliance.dualaid/com.excelliance.kxqp.ui.HelloActivity t16041}}} delayed=false Callers=com.android.server.wm.DisplayContent.removeAppToken:985 com.android.server.wm.AppWindowContainerController.removeContainer:348 com.android.server.am.ActivityRecord.removeWindowContainer:1039 com.android.server.am.ActivityStack.removeActivityFromHistoryLocked:4491 
06-24 16:27:16.222 I/HwNormalizedSpline(  657): getEyeProtectionBrightnessLevel lux =239.0, mDefaultBrightnessFromLux =68.645
06-24 16:27:16.335 E/Thermal-daemon(  764): [charger_ic] temp_new :40  temp_old :41
06-24 16:27:16.336 I/ThermalService( 1699): Receive temperature change, type: 2, temp: 40 from thermald
06-24 16:27:16.336 D/HwThermalStateManager( 1699): Thermal type: 2 cur_temperature:40
06-24 16:27:16.336 E/Thermal-daemon(  764): Report temperature: [charger_ic] temp :40  report_threshold:1
06-24 16:27:16.441 I/dex2oat (25934): dex2oat took 405.115ms (985.805ms cpu) (threads: 4) arena alloc=140KB (143624B) java alloc=2MB (3127336B) native alloc=4MB (4697024B) free=2MB (2643008B)
06-24 16:27:16.455 D/PMS11423(  657): package:com.excelliance.dualaid, input flags:128, output hwFlags:0
06-24 16:27:16.492 D/HwWifiStatStore(  657): handleMessage : 200
06-24 16:27:16.494 W/dex2oat (25958): Using default instruction set features for ARM CPU variant (default) using conservative defaults
06-24 16:27:16.494 I/dex2oat (25958): /system/bin/dex2oat -j4 --dex-file=/data/data/com.excelliance.dualaid/.platformcache/kxqpplatform2.jar --output-vdex-fd=50 --oat-fd=51 --oat-location=/data/data/com.excelliance.dualaid/.platformcache/oat/arm/kxqpplatform2.odex --compiler-filter=quicken
06-24 16:27:16.494 I/cutils-trace(25958): atrace_init_once, trace_marker_path = /sys/kernel/debug/tracing/trace_marker
06-24 16:27:16.522 I/GRALLOC (  679): 	 shrFd=10,fmt=0x1,intFmt=0x200000001,btStrd=4352,size=8486912,pid=679 
06-24 16:27:16.522 I/GRALLOC (  679): 	 yuv=2,w=1080,h=1920,Stride u=0 v=0,offset u=0 v=0 
06-24 16:27:16.522 I/GRALLOC (  679): 	 iova_size=8486912,conUsg=0xb00,proUsg=0xb00,	 strd=1088,[afbc]HdrStrd=1088 PyldStrd=69632 Scrmbl=2,ionhnd = 1 
06-24 16:27:16.584 E/wificond(  765): Failed to get NL80211_STA_INFO_CNAHLOAD
06-24 16:27:16.584 E/WificondControl(  657): Noise: -92, Snr: 0, Chload: -1
06-24 16:27:16.584 D/HwWifiCHRStateManager(  657): handleMessage : 1001
06-24 16:27:16.585 D/HwWifiCHRStateManager(  657): handleUpdateChannel:5805
06-24 16:27:16.585 V/HwWifiServiceFactory(  657): get AllImpl object = com.android.server.wifi.HwWifiServiceFactoryImpl@a390a53
06-24 16:27:16.587 D/HuaweiWifiWatchdogStateMachine(  657): LM mrssi=-44
06-24 16:27:16.587 D/HuaweiWifiWatchdogStateMachine(  657): f2:9f:**:**:8f:43 current loss[-45]=0%, volume=46
06-24 16:27:16.587 D/HuaweiWifiWatchdogStateMachine(  657): f2:9f:**:**:8f:43 history loss[-45]=0.02%, volume=23043063
06-24 16:27:16.587 I/HuaweiWifiWatchdogStateMachine(  657): spd good count:0, add sc:0.0, rate:1.0
06-24 16:27:16.587 D/WiFi_PRO(  657): MSG_RETURN_AP_CURRY_RSSI rssi = -44
06-24 16:27:16.588 I/HuaweiWifiWatchdogStateMachine(  657): current mHighDataFlowRate = 1.0
06-24 16:27:16.588 I/HuaweiWifiWatchdogStateMachine(  657): POta txb txg rxg:0, 46, 0. Lr =0% Totpkt=46
06-24 16:27:16.588 I/QosMonitor(  657): queryRtt: rtt_type = 3
06-24 16:27:16.588 I/HwQoEJNI(  657): send_cmd_kernel. begin
06-24 16:27:16.588 I/HwQoEJNI(  657): send_cmd_kernel. end
06-24 16:27:16.588 I/QosMonitor(  657): postEventFromNative: msg=100,arg1=4,arg2=10
06-24 16:27:16.588 I/HwQoEJNI(  657): send_cmd_kernel. begin
06-24 16:27:16.588 I/HwQoEJNI(  657): send_cmd_kernel. end
06-24 16:27:16.588 I/QosMonitor(  657): postEventFromNative: msg=100,arg1=0,arg2=10
06-24 16:27:16.588 D/HuaweiWifiWatchdogStateMachine(  657): f2:9f:**:**:8f:43 current RTT[-45]=196, volume=5
06-24 16:27:16.588 D/HuaweiWifiWatchdogStateMachine(  657): f2:9f:**:**:8f:43 history RTT[-45]=237, volume=1687179
06-24 16:27:16.588 D/HuaweiWifiWatchdogStateMachine(  657): setSampleRtt: rtt=196,rtt_pkts =5,rtt_when=0
06-24 16:27:16.588 I/MQoS    (  657): rtt=196,tcp_tx_pkts=407921,tcp_rx_pkts=423762
06-24 16:27:16.588 I/QosMonitor(  657): resetRtt: rtt_type = 3
06-24 16:27:16.588 I/HwQoEJNI(  657): send_cmd_kernel. begin
06-24 16:27:16.588 I/HwQoEJNI(  657): send_cmd_kernel. end
06-24 16:27:16.588 I/MQoS    (  657): QOS_level:0(0),DataDisable;use level-0
06-24 16:27:16.588 I/MQoS    (  657): skip-low-Level:0(0),DataDisable;use level-0
06-24 16:27:16.589 D/HwUidTcpMonitor(  657): parseWlanUidTcpStatistics lastUidTcpStatInfo = [ mUid = 10089 mPacketName = com.google.uid.shared:10089 mSendSegs = 7470 mResendSegs = 0 mRcvSegs = 491 ]
06-24 16:27:16.589 D/HwUidTcpMonitor(  657): parseWlanUidTcpStatistics lastUidTcpStatInfo = [ mUid = 10093 mPacketName = com.android.vending mSendSegs = 3623 mResendSegs = 2543 mRcvSegs = 244 ]
06-24 16:27:16.589 D/HwWifiConnectivityMonitor(  657): ENTER: notifyTopUidTcpInfo, tx = 11, rx = 11, reTx = 0, uid = 11423, tr = 0.0
06-24 16:27:16.589 D/HwWifiConnectivityMonitor(  657): ENTER: notifyTopUidTcpInfo, rtt = 160, rttPkts = 4, aveRtt = 40.0, app = com.excelliance.dualaid
06-24 16:27:16.589 D/HwUidTcpMonitor(  657): parseWlanUidTcpStatistics lastUidTcpStatInfo = [ mUid = 11423 mPacketName = com.excelliance.dualaid mSendSegs = 1276 mResendSegs = 0 mRcvSegs = 1981 ]
06-24 16:27:16.589 D/HwWifiConnectivityMonitor(  657): handleTopUidInternetStatusChanged, uid = 11423, status = 0
06-24 16:27:16.589 D/HwUidTcpMonitor(  657): parseWlanUidTcpStatistics lastUidTcpStatInfo = [ mUid = 10300 mPacketName = com.tencent.mm mSendSegs = 1988 mResendSegs = 0 mRcvSegs = 1845 ]
06-24 16:27:16.590 D/HuaweiWifiWatchdogStateMachine(  657): dumpTcpResult: len=10,rtt=196,rttPkt=5,rttWn=0,cgt=16,cgtWn=9614388
06-24 16:27:16.590 I/HuaweiWifiWatchdogStateMachine(  657): PTcp RTT:196, rtt pkt=5, tcp_rx=17, tcp_tx=27, tcp_reTran=1, rtRate=0.04
06-24 16:27:16.590 D/HuaweiWifiWatchdogStateMachine(  657): isRttGood is good, AvgRtt = 196, TotPkt = 5
06-24 16:27:16.590 D/HuaweiWifiWatchdogStateMachine(  657): mRssiBadCount =0, RSSI not bad.
06-24 16:27:16.590 D/HuaweiWifiWatchdogStateMachine(  657): detectNetworkAvailable:hw.wifipro.dns_fail_count = 65
06-24 16:27:16.590 D/HuaweiWifiWatchdogStateMachine(  657): detectNetworkAvailable: tcpRxPkts != 0, reset
06-24 16:27:16.590 I/HuaweiWifiWatchdogStateMachine(  657): rs ota tcp lr rttvb bad: false, false, false, false, false; rsth:-75
06-24 16:27:16.590 D/HuaweiWifiWatchdogStateMachine(  657): GSC:0, GSR:1.0, RSR:1.0, RTH:-75
06-24 16:27:16.590 I/HuaweiWifiWatchdogStateMachine(  657): judge good link######, goodLinkLevel=3
06-24 16:27:16.590 I/HuaweiWifiWatchdogStateMachine(  657): sendResultMsgToQM bssid:f2:9f:**:**:8f:43, qoslevel=3
06-24 16:27:16.590 I/HuaweiWifiWatchdogStateMachine(  657): link good reported, good base rssi:-44
06-24 16:27:16.590 D/HuaweiWifiWatchdogStateMachine(  657): goodperiod count=0, rb rttg sg =false, true, false
06-24 16:27:16.590 D/WiFi_PRO_WifiProStateMachine(  657): onNetworkQosChange, currentWifiLevel == 3, wifiNoInternet = false, updateUiOnly = true
06-24 16:27:16.590 D/HuaweiWifiWatchdogStateMachine(  657): bqeLevel = 3 rtt=196,rtt_pkts=5 speed=150 rssi=-44
06-24 16:27:16.590 D/HuaweiWifiWatchdogStateMachine(  657): Enter updateQoeLevel level = 3
06-24 16:27:16.590 D/HuaweiWifiWatchdogStateMachine(  657): updateQoeLevel current level equal to mLastDetectLevel, return
06-24 16:27:16.590 I/HuaweiWifiWatchdogStateMachine(  657):  pkt chk not bad, reset sc to 0.
06-24 16:27:16.590 D/HuaweiWifiWatchdogStateMachine(  657): ### mPktChkBadCnt=0
06-24 16:27:16.755 I/dex2oat (25958): dex2oat took 261.501ms (437.760ms cpu) (threads: 4) arena alloc=62KB (63808B) java alloc=2MB (2283472B) native alloc=2MB (2313352B) free=3MB (3453816B)
06-24 16:27:16.767 D/PMS11423(  657): package:com.excelliance.dualaid, input flags:0, output hwFlags:0
06-24 16:27:16.778 E/MemoryLeakMonitorManager(25893): MemoryLeakMonitor.jar is not exist!
06-24 16:27:16.779 D/CrashHandler(25893): CrashHandler
06-24 16:27:16.780 D/KXQPApplication(25893): run: initUserManager
06-24 16:27:16.781 E/Minikin (25893): Could not get cmap table size!
06-24 16:27:16.781 D/PMS11423(  657): package:com.excelliance.dualaid, input flags:128, output hwFlags:0
06-24 16:27:16.793 D/AirPushService(25893): 第一次触发
06-24 16:27:16.794 D/PMS1000 (  657): package:com.excelliance.dualaid, input flags:8192, output hwFlags:0
06-24 16:27:16.795 D/SmtServService(25893): MSG_LOAD_PLT GameUtil.isPtLoaded() = false
06-24 16:27:16.797 I/HwCust  (25893): Constructor found for class android.net.HwCustConnectivityManagerImpl
06-24 16:27:16.797 D/HwCust  (25893): Create obj success use class android.net.HwCustConnectivityManagerImpl
06-24 16:27:16.798 D/NetworkStateReceiver(25893): netWorkConnected = true
06-24 16:27:16.798 D/PMS1001 (  657): package:com.excelliance.dualaid, input flags:0, output hwFlags:0
06-24 16:27:16.798 D/AirPushUtils(25893): startPushInfo
06-24 16:27:16.800 D/AirPushService(25893): 第一次设置Alarm
06-24 16:27:16.800 D/AirPushService(25893): resetPushAlarm
06-24 16:27:16.801 D/PMS11423(  657): package:com.excelliance.dualaid, input flags:0, output hwFlags:0
06-24 16:27:16.802 D/SmtServService(25893): pull info
06-24 16:27:16.802 D/SmtServService(25893): diffTime = 1529828836802
06-24 16:27:16.802 D/SmtServService(25893): pushInfoFromServer
06-24 16:27:16.805 D/AirPushPreferences(25893): setLastPushTime
06-24 16:27:16.817 D/StatisticsManager(25893): Query time diff:1529828836817
06-24 16:27:16.819 D/PMS11423(  657): package:com.excelliance.dualaid, input flags:128, output hwFlags:0
06-24 16:27:16.824 I/zygote  (25893): Do partial code cache collection, code=27KB, data=31KB
06-24 16:27:16.825 I/zygote  (25893): After code cache collection, code=11KB, data=18KB
06-24 16:27:16.825 I/zygote  (25893): Increasing code cache capacity to 128KB
06-24 16:27:16.826 D/launch-time-RU(25893): preload 24 classes cost 29ms
06-24 16:27:16.834 D/StatisticsManager(25893): Query time diff:1529828836834
06-24 16:27:16.846 I/zygote  (25865): Do partial code cache collection, code=27KB, data=27KB
06-24 16:27:16.846 I/zygote  (25865): After code cache collection, code=27KB, data=27KB
06-24 16:27:16.846 I/zygote  (25865): Increasing code cache capacity to 128KB
06-24 16:27:16.853 D/StatisticsManager(25893): Query time diff:1529828836853
06-24 16:27:16.895 D/AirPushDBHelper(25893): onCreate: pushitemnew
06-24 16:27:16.898 D/AirPushDBHelper(25893): selection = type=? and index_=(select max(index_) from pushitemnew where type=?) , key = vip
06-24 16:27:16.898 D/AirPushDBHelper(25893): selection = type=? and index_=(select max(index_) from pushitemnew where type=?) , key = update
06-24 16:27:16.899 D/AirPushDBHelper(25893): selection = type=? and index_=(select max(index_) from pushitemnew where type=?) , key = officalActivity
06-24 16:27:16.900 D/AirPushDBHelper(25893): selection = type=? and index_=(select max(index_) from pushitemnew where type=?) , key = news
06-24 16:27:16.900 D/AirPushDBHelper(25893): selection = type=? and index_=(select max(index_) from pushitemnew where type=?) , key = target
06-24 16:27:16.901 D/AirPushDBHelper(25893): selection = type=? and index_=(select max(index_) from pushitemnew where type=?) , key = batch
06-24 16:27:16.902 D/AirPushDBHelper(25893): selection = type=? and index_=(select max(index_) from pushitemnew where type=?) , key = skipTarget
06-24 16:27:16.902 D/AirPushDBHelper(25893): selection = type=? and index_=(select max(index_) from pushitemnew where type=?) , key = thirdApp
06-24 16:27:16.903 D/PushItem(25893): indexJson = {}
06-24 16:27:16.903 D/AirPushService(25893): dataJson = {}
06-24 16:27:16.903 V/AirPushService(25893): ver :e30%3D%0A
06-24 16:27:16.904 D/VersionManager(25893): httpsRequest getURL = https://mto.multiopen.cn/pushmess.php?ver=466&mainver=231200&data=e30%3D%0A&wxCode=1321&subchid=1&sdkV=8.0.0&pkg=com.excelliance.dualaid&chid=10019&issl=1&compver=54302&wxVerName=6.6.7&vn=4.0.6&model=stf-al10&api=26&brand=honor&aid=f0c2426fc7560cf5
06-24 16:27:16.905 D/NetworkSecurityConfig(25893): No Network Security Config specified, using platform default
06-24 16:27:16.917 D/PMS1000 (  657): package:com.excelliance.dualaid, input flags:1024, output hwFlags:0
06-24 16:27:16.917 I/ActivityManager(  657): Need to start process com.excelliance.dualaid:lbcore for provider ContentProviderInfo{name=com.excelliance.dualaid:com.excelliance.kxqp.platform.PluginManagerProvider className=com.excelliance.kxqp.platform.PluginManagerProvider}, callerApp: ProcessRecord{cc8d121 25893:com.excelliance.dualaid/u0a1423}
06-24 16:27:16.917 V/ActivityManager(  657): startProcess: name=com.excelliance.dualaid:lbcore app=null knownToBeDead=false thread=null pid=-1
06-24 16:27:16.917 D/PMS1000 (  657): package:com.excelliance.dualaid, input flags:0, output hwFlags:0
06-24 16:27:16.923 D/GameUtil(25893): getSDKDataParam totalmem:5.60GB
06-24 16:27:16.924 D/VersionManager(25893): httpsRequest getURL = https://folder.appota.cn/genuser.php?chid=10019&subchid=1&vc=466&type=4&data=tbCbI6ooWmOSi%2BhP8At3K55rUDjOXjUCTTE1Q7OqeVGzpiL1Dx8z2UKsv%2F2w066OKzL65VOc%2FHNVNculXvpkfbOlpWKAPUf5ryVSFynVNa8UucDwm5e36rJ6e2Kpu%2B5ykc4DARTfkZV4Ad5N96d4%2BjApQCWZuWchybogtHpbAp5JGb2oE4RYpIUqF8au1pxTSmwBdD5PozvBfX2%2Bj4RIW8u13M8ksM63bQoy2eR4WdDx%2BqZexoey63Hms3xqJyQkd3PFvljbOMDFV5%2BIsI0F%2B0cTu0Poz37kp440m4BdEnDxUpl%2F2SWQiyGENywr4rII2GFixGV6F3FTP2B6Iz%2Bp9XPgTT1Q8jOobYd0%2B7qf7bpZ2AyYZuCae%2FN%2FDrbd9ARIKpXrBwZ7SdplMO1nzphjQUqGRQMAlrO9Oa0Du6EV17%2FgN7YtgBzuJRHbP0GgVSdnIEYbOUnjg9adLEk2nhpRcwGYdX7bJ5%2FC%2FGVy8QMvFO%2FVJ5uAYH82VV6bvSarVkuFeotJT4yadRHbDkYGgVZfCDPVS%2FOPcQttSZtkoN3AjIdEC3B%2BjPtytpdTQYFvI9Ol&issl=1
06-24 16:27:16.926 I/ActivityManager(  657): Start proc 26011:com.excelliance.dualaid:lbcore/u0a1423 for content provider com.excelliance.dualaid/com.excelliance.kxqp.platform.PluginManagerProvider
06-24 16:27:16.926 V/ActivityManager_MU(  657): Waiting to start provider ContentProviderRecord{5ba72da u0 com.excelliance.dualaid/com.excelliance.kxqp.platform.PluginManagerProvider} launchingApp=ProcessRecord{1ff1485 26011:com.excelliance.dualaid:lbcore/u0a1423} caller pid= 25893
06-24 16:27:16.927 I/        (26011): power log dlsym ok
06-24 16:27:16.929 I/zygote  (26011): Reinit property: dalvik.vm.checkjni= false
06-24 16:27:16.934 D/ActivityThread(26011): ActivityThread,attachApplication
06-24 16:27:16.935 D/ActivityManager(  657): ActivityManagerService,attachApplication,callingPid = 26011
