06-24 16:39:36.977 D/ApplicationPackageManager( 3543): queryIntentActivitiesAsUser blocked, Intent { act=android.intent.action.MAIN cat=[android.intent.category.LAUNCHER] pkg=com.facebook.katana }
06-24 16:39:36.977 D/HsmInterfaceImpl( 3543): List [ResolveInfo{ba2e350 com.facebook.katana/.LoginActivity m=0x108000}]
06-24 16:39:36.978 D/HwQoEUtils(  657): no game, APP_TYPE_GAME, appName =com.huawei.android.launcher
06-24 16:39:36.979 D/HwGameAssistantController(  657): pid=2519, uid=10056, foreground=true
06-24 16:39:36.980 V/WindowManager(  657): removeAppToken: AppWindowToken{60249b4 token=Token{1af687 ActivityRecord{f7d6c6 u0 com.excelliance.dualaid/com.excelliance.kxqp.swipe.NavActivity2 t16060}}} delayed=false Callers=com.android.server.wm.DisplayContent.removeAppToken:985 com.android.server.wm.AppWindowContainerController.removeContainer:348 com.android.server.am.ActivityRecord.removeWindowContainer:1039 com.android.server.am.ActivityStack.removeActivityFromHistoryLocked:4491 
06-24 16:39:36.980 V/ActivityThread( 2519): Handle window ActivityRecord{4719bb8 token=android.os.BinderProxy@b3fca27 {com.huawei.android.launcher/com.huawei.android.launcher.unihome.UniHomeLauncher}} visibility: true
06-24 16:39:36.980 I/HwNetworkPolicy(  657): onTransact, code = 203
06-24 16:39:36.981 E/HwLauncher( 2519): SettingsEx , no such field.
06-24 16:39:36.981 W/HwLauncher( 2519): Clock getDataFormat the getSystemString failed.
06-24 16:39:36.981 I/HwNetworkPolicyManager( 1813): getHwUidPolicy uid = 10056 policy = 0
06-24 16:39:36.981 W/AwareLog(  657): SchedLevelBoost: onFgActivitiesChanged config not set!
06-24 16:39:36.993 D/mali_winsys( 2519): EGLint new_window_surface(egl_winsys_display *, void *, EGLSurface, EGLConfig, egl_winsys_surface **, egl_color_buffer_format *, EGLBoolean) returns 0x3000
06-24 16:39:36.995 I/GRALLOC (  679): 	 shrFd=10,fmt=0x1,intFmt=0x200000001,btStrd=4352,size=8486912,pid=679 
06-24 16:39:36.995 I/GRALLOC (  679): 	 yuv=2,w=1080,h=1920,Stride u=0 v=0,offset u=0 v=0 
06-24 16:39:36.995 I/GRALLOC (  679): 	 iova_size=8486912,conUsg=0x900,proUsg=0x900,	 strd=1088,[afbc]HdrStrd=1088 PyldStrd=69632 Scrmbl=2,ionhnd = 1 
06-24 16:39:36.995 I/TrafficMonitor(  657): expired arrive. level:-1
06-24 16:39:36.995 I/TrafficMonitor(  657): during_ms:2001,period_ms:2000
06-24 16:39:36.995 I/TrafficMonitor(  657): count:729,rx_sum:13,tx_sum:14,rxBytes:1316,during_ms:2001,rx_speed:657.6711644177911,tx_speed:644.1779110444778,rto:0.9285714285714286
06-24 16:39:36.995 D/HuaweiWifiWatchdogStateMachine(  657): speed: rxpkt:13, rxSpd:657B/s, txpkt:14, txSpd:644
06-24 16:39:37.000 I/GRALLOC (  679): 	 shrFd=10,fmt=0x1,intFmt=0x200000001,btStrd=4352,size=8486912,pid=679 
06-24 16:39:37.000 I/GRALLOC (  679): 	 yuv=2,w=1080,h=1920,Stride u=0 v=0,offset u=0 v=0 
06-24 16:39:37.000 I/GRALLOC (  679): 	 iova_size=8486912,conUsg=0x900,proUsg=0x900,	 strd=1088,[afbc]HdrStrd=1088 PyldStrd=69632 Scrmbl=2,ionhnd = 1 
06-24 16:39:37.003 I/GRALLOC (  679): 	 shrFd=10,fmt=0x1,intFmt=0x200000001,btStrd=4352,size=8486912,pid=679 
06-24 16:39:37.003 I/GRALLOC (  679): 	 yuv=2,w=1080,h=1920,Stride u=0 v=0,offset u=0 v=0 
06-24 16:39:37.003 I/GRALLOC (  679): 	 iova_size=8486912,conUsg=0x900,proUsg=0x900,	 strd=1088,[afbc]HdrStrd=1088 PyldStrd=69632 Scrmbl=2,ionhnd = 1 
06-24 16:39:37.019 E/asset   ( 3543): createFromFile(): lock file /data/resource-cache/system@emui@base@overlay@frameworkhwexthonor@frameworkhwexthonor.apk@idmap.
06-24 16:39:37.019 E/asset   ( 3543): createFromFile(): lock file /data/resource-cache/system@emui@base@overlay@frameworkhwexthonor@frameworkhwexthonor.apk@idmap.
06-24 16:39:37.019 W/ResourceType( 3543): Found multiple library tables, ignoring...
06-24 16:39:37.020 I/GRALLOC (  679): 	 shrFd=10,fmt=0x1,intFmt=0x200000001,btStrd=4352,size=8486912,pid=679 
06-24 16:39:37.020 I/GRALLOC (  679): 	 yuv=2,w=1080,h=1920,Stride u=0 v=0,offset u=0 v=0 
06-24 16:39:37.020 I/GRALLOC (  679): 	 iova_size=8486912,conUsg=0xb00,proUsg=0xb00,	 strd=1088,[afbc]HdrStrd=1088 PyldStrd=69632 Scrmbl=2,ionhnd = 1 
06-24 16:39:37.021 E/asset   ( 2519): createFromFile(): lock file /data/resource-cache/system@emui@base@overlay@frameworkhwexthonor@frameworkhwexthonor.apk@idmap.
06-24 16:39:37.021 E/asset   ( 2519): createFromFile(): lock file /data/resource-cache/system@emui@base@overlay@frameworkhwexthonor@frameworkhwexthonor.apk@idmap.
06-24 16:39:37.022 W/ResourceType( 2519): Found multiple library tables, ignoring...
06-24 16:39:37.031 D/WindowManager(  657): finishDrawingWindow: Window{68d6975 u0 com.huawei.android.launcher/com.huawei.android.launcher.unihome.UniHomeLauncher} mDrawState=DRAW_PENDING
06-24 16:39:37.033 D/ImageWallpaper( 1513): onOffsetsChanged: xOffset=0.0, yOffset=0.0, xOffsetStep=0.0, yOffsetStep=0.0, xPixels=0, yPixels=0
06-24 16:39:37.033 D/ImageWallpaper( 1513): Suppressed drawFrame since redraw is not needed and offsets have not changed.sf=Rect(0, 0 - 2160, 1920)
06-24 16:39:37.033 D/ImageWallpaper( 1513): onVisibilityChanged: mVisible, visible=false, true
06-24 16:39:37.033 D/ImageWallpaper( 1513): Visibility changed to visible=true
06-24 16:39:37.034 D/ImageWallpaper( 1513): Suppressed drawFrame since redraw is not needed and offsets have not changed.sf=Rect(0, 0 - 2160, 1920)
06-24 16:39:37.037 D/HwFLClassLoader( 2519): USE_FEATURE_LIST had not init! 
06-24 16:39:37.040 E/asset   ( 2519): createFromFile(): lock file /data/resource-cache/system@emui@base@overlay@frameworkhwexthonor@frameworkhwexthonor.apk@idmap.
06-24 16:39:37.040 E/asset   ( 2519): createFromFile(): lock file /data/resource-cache/system@emui@base@overlay@frameworkhwexthonor@frameworkhwexthonor.apk@idmap.
06-24 16:39:37.040 W/ResourceType( 2519): Found multiple library tables, ignoring...
06-24 16:39:37.046 D/PMS1000 (  657): package:com.excelliance.dualaid, input flags:8192, output hwFlags:0
06-24 16:39:37.047 W/HSM     ( 1813): HoldService:toast switch is close!
06-24 16:39:37.048 D/ApplicationPackageManager( 3543): queryIntentActivitiesAsUser blocked, Intent { act=android.intent.action.MAIN cat=[android.intent.category.LAUNCHER] pkg=com.huawei.trustcircle }
06-24 16:39:37.048 D/HsmInterfaceImpl( 3543): List []
06-24 16:39:37.050 D/PMS1000 (  657): package:com.excelliance.dualaid, input flags:8192, output hwFlags:0
06-24 16:39:37.051 W/HSM     ( 1813): HoldService:toast switch is close!
06-24 16:39:37.051 D/ApplicationPackageManager( 3543): queryIntentActivitiesAsUser blocked, Intent { act=android.intent.action.MAIN cat=[android.intent.category.LAUNCHER] pkg=com.jingdong.app.mall }
06-24 16:39:37.052 D/HsmInterfaceImpl( 3543): List [ResolveInfo{edae47c com.jingdong.app.mall/.main.MainActivity m=0x108000}]
06-24 16:39:37.092 W/HSM     ( 1813): HoldService:toast switch is close!
06-24 16:39:37.092 D/ApplicationPackageManager( 3543): queryIntentActivitiesAsUser blocked, Intent { act=android.intent.action.MAIN cat=[android.intent.category.LAUNCHER] pkg=com.tencent.mobileqq }
06-24 16:39:37.092 D/HsmInterfaceImpl( 3543): List [ResolveInfo{78e655a com.tencent.mobileqq/.activity.SplashActivity m=0x108000}]
06-24 16:39:37.104 D/PMS1000 (  657): package:com.excelliance.dualaid, input flags:8192, output hwFlags:0
06-24 16:39:37.105 W/HSM     ( 1813): HoldService:toast switch is close!
06-24 16:39:37.105 D/ApplicationPackageManager( 3543): queryIntentActivitiesAsUser blocked, Intent { act=android.intent.action.MAIN cat=[android.intent.category.LAUNCHER] pkg=com.zol.android }
06-24 16:39:37.106 D/HsmInterfaceImpl( 3543): List [ResolveInfo{81ec38b com.zol.android/.ui.FirstActivity m=0x108000}]
06-24 16:39:37.132 W/HSM     ( 1813): HoldService:toast switch is close!
06-24 16:39:37.134 D/ApplicationPackageManager( 3543): queryIntentActivitiesAsUser blocked, Intent { act=android.intent.action.MAIN cat=[android.intent.category.LAUNCHER] pkg=com.huawei.hiskytone }
06-24 16:39:37.135 D/HsmInterfaceImpl( 3543): List [ResolveInfo{e11e881 com.huawei.hiskytone/com.huawei.skytone.account.welcome.SplashActivity m=0x108000}]
06-24 16:39:37.159 D/HwFLClassLoader( 2519): USE_FEATURE_LIST had not init! 
06-24 16:39:37.170 D/PMS1000 (  657): package:com.excelliance.dualaid, input flags:8192, output hwFlags:0
06-24 16:39:37.170 W/HSM     ( 1813): HoldService:toast switch is close!
06-24 16:39:37.171 D/ApplicationPackageManager( 3543): queryIntentActivitiesAsUser blocked, Intent { act=android.intent.action.MAIN cat=[android.intent.category.LAUNCHER] pkg=com.huawei.hwid }
06-24 16:39:37.171 D/HsmInterfaceImpl( 3543): List []
06-24 16:39:37.175 W/HSM     ( 1813): HoldService:toast switch is close!
06-24 16:39:37.176 E/asset   ( 2519): createFromFile(): lock file /data/resource-cache/system@emui@base@overlay@frameworkhwexthonor@frameworkhwexthonor.apk@idmap.
06-24 16:39:37.176 D/ApplicationPackageManager( 3543): queryIntentActivitiesAsUser blocked, Intent { act=android.intent.action.MAIN cat=[android.intent.category.LAUNCHER] pkg=com.sina.weibo }
06-24 16:39:37.176 E/asset   ( 2519): createFromFile(): lock file /data/resource-cache/system@emui@base@overlay@frameworkhwexthonor@frameworkhwexthonor.apk@idmap.
06-24 16:39:37.176 D/HsmInterfaceImpl( 3543): List [ResolveInfo{7694714 com.sina.weibo/.SplashActivity m=0x108000}]
06-24 16:39:37.176 W/ResourceType( 2519): Found multiple library tables, ignoring...
06-24 16:39:37.181 D/HwFLClassLoader( 2519): USE_FEATURE_LIST had not init! 
06-24 16:39:37.231 D/PMS1000 (  657): package:com.excelliance.dualaid, input flags:8192, output hwFlags:0
06-24 16:39:37.232 W/HSM     ( 1813): HoldService:toast switch is close!
06-24 16:39:37.232 D/ApplicationPackageManager( 3543): queryIntentActivitiesAsUser blocked, Intent { act=android.intent.action.MAIN cat=[android.intent.category.LAUNCHER] pkg=com.antutu.ABenchMark }
06-24 16:39:37.233 D/HsmInterfaceImpl( 3543): List [ResolveInfo{57445b2 com.antutu.ABenchMark/.ABenchMarkStart m=0x108000}]
06-24 16:39:37.259 W/HSM     ( 1813): HoldService:toast switch is close!
06-24 16:39:37.260 D/ApplicationPackageManager( 3543): queryIntentActivitiesAsUser blocked, Intent { act=android.intent.action.MAIN cat=[android.intent.category.LAUNCHER] pkg=com.sankuai.meituan.takeoutnew }
06-24 16:39:37.260 D/HsmInterfaceImpl( 3543): List [ResolveInfo{d5226b9 com.sankuai.meituan.takeoutnew/.ui.page.boot.WelcomeActivity m=0x108000}]
06-24 16:39:37.288 W/HSM     ( 1813): HoldService:toast switch is close!
06-24 16:39:37.288 D/ApplicationPackageManager( 3543): queryIntentActivitiesAsUser blocked, Intent { act=android.intent.action.MAIN cat=[android.intent.category.LAUNCHER] pkg=com.vmall.client }
06-24 16:39:37.288 D/HsmInterfaceImpl( 3543): List [ResolveInfo{8eb425f com.vmall.client/.splash.fragment.SplashActivity m=0x108000}]
06-24 16:39:37.315 W/HSM     ( 1813): HoldService:toast switch is close!
06-24 16:39:37.316 D/ApplicationPackageManager( 3543): queryIntentActivitiesAsUser blocked, Intent { act=android.intent.action.MAIN cat=[android.intent.category.LAUNCHER] pkg=com.android.browser }
06-24 16:39:37.316 D/HsmInterfaceImpl( 3543): List [ResolveInfo{27ad90a com.android.browser/com.tencent.mtt.SplashActivity m=0x108000}]
06-24 16:39:37.352 W/HSM     ( 1813): HoldService:toast switch is close!
06-24 16:39:37.353 D/ApplicationPackageManager( 3543): queryIntentActivitiesAsUser blocked, Intent { act=android.intent.action.MAIN cat=[android.intent.category.LAUNCHER] pkg=com.eg.android.AlipayGphone }
06-24 16:39:37.353 D/HsmInterfaceImpl( 3543): List [ResolveInfo{924f3f1 com.eg.android.AlipayGphone/.AlipayLogin m=0x108000}]
06-24 16:39:37.375 W/HSM     ( 1813): HoldService:toast switch is close!
06-24 16:39:37.375 D/ApplicationPackageManager( 3543): queryIntentActivitiesAsUser blocked, Intent { act=android.intent.action.MAIN cat=[android.intent.category.LAUNCHER] pkg=com.android.mediacenter }
06-24 16:39:37.375 D/HsmInterfaceImpl( 3543): List [ResolveInfo{f451e57 com.android.mediacenter/.PageActivity m=0x108000}]
06-24 16:39:37.380 E/asset   ( 3543): createFromFile(): lock file /data/resource-cache/system@emui@base@overlay@frameworkhwexthonor@frameworkhwexthonor.apk@idmap.
06-24 16:39:37.380 E/asset   ( 3543): createFromFile(): lock file /data/resource-cache/system@emui@base@overlay@frameworkhwexthonor@frameworkhwexthonor.apk@idmap.
06-24 16:39:37.381 W/ResourceType( 3543): Found multiple library tables, ignoring...
06-24 16:39:37.414 W/HSM     ( 1813): HoldService:toast switch is close!
06-24 16:39:37.414 D/ApplicationPackageManager( 3543): queryIntentActivitiesAsUser blocked, Intent { act=android.intent.action.MAIN cat=[android.intent.category.LAUNCHER] pkg=com.huawei.himovie }
06-24 16:39:37.414 D/HsmInterfaceImpl( 3543): List [ResolveInfo{5a57f62 com.huawei.himovie/.ui.login.SplashScreenActivity m=0x108000}]
06-24 16:39:37.418 E/asset   ( 3543): createFromFile(): lock file /data/resource-cache/system@emui@base@overlay@frameworkhwexthonor@frameworkhwexthonor.apk@idmap.
06-24 16:39:37.418 E/asset   ( 3543): createFromFile(): lock file /data/resource-cache/system@emui@base@overlay@frameworkhwexthonor@frameworkhwexthonor.apk@idmap.
06-24 16:39:37.418 W/ResourceType( 3543): Found multiple library tables, ignoring...
06-24 16:39:37.446 W/HSM     ( 1813): HoldService:toast switch is close!
06-24 16:39:37.447 D/ApplicationPackageManager( 3543): queryIntentActivitiesAsUser blocked, Intent { act=android.intent.action.MAIN cat=[android.intent.category.LAUNCHER] pkg=com.huawei.hnreader }
06-24 16:39:37.447 D/HsmInterfaceImpl( 3543): List [ResolveInfo{16d3029 com.huawei.hnreader/com.qq.reader.activity.SplashActivity m=0x108000}]
06-24 16:39:37.451 E/asset   ( 3543): createFromFile(): lock file /data/resource-cache/system@emui@base@overlay@frameworkhwexthonor@frameworkhwexthonor.apk@idmap.
06-24 16:39:37.451 E/asset   ( 3543): createFromFile(): lock file /data/resource-cache/system@emui@base@overlay@frameworkhwexthonor@frameworkhwexthonor.apk@idmap.
06-24 16:39:37.451 W/ResourceType( 3543): Found multiple library tables, ignoring...
06-24 16:39:37.479 W/HSM     ( 1813): HoldService:toast switch is close!
06-24 16:39:37.480 D/ApplicationPackageManager( 3543): queryIntentActivitiesAsUser blocked, Intent { act=android.intent.action.MAIN cat=[android.intent.category.LAUNCHER] pkg=com.twitter.android }
06-24 16:39:37.480 D/HsmInterfaceImpl( 3543): List [ResolveInfo{c9a50dc com.twitter.android/.StartActivity m=0x108000}]
06-24 16:39:37.517 W/HSM     ( 1813): HoldService:toast switch is close!
06-24 16:39:37.518 D/ApplicationPackageManager( 3543): queryIntentActivitiesAsUser blocked, Intent { act=android.intent.action.MAIN cat=[android.intent.category.LAUNCHER] pkg=com.baidu.input_huawei }
06-24 16:39:37.518 D/HsmInterfaceImpl( 3543): List []
06-24 16:39:37.522 W/HSM     ( 1813): HoldService:toast switch is close!
06-24 16:39:37.522 D/ApplicationPackageManager( 3543): queryIntentActivitiesAsUser blocked, Intent { act=android.intent.action.MAIN cat=[android.intent.category.LAUNCHER] pkg=com.google.android.gms }
06-24 16:39:37.523 D/HsmInterfaceImpl( 3543): List []
06-24 16:39:37.526 D/PMS1000 (  657): package:com.excelliance.dualaid, input flags:8192, output hwFlags:0
06-24 16:39:37.530 W/HSM     ( 1813): HoldService:toast switch is close!
06-24 16:39:37.531 D/ApplicationPackageManager( 3543): queryIntentActivitiesAsUser blocked, Intent { act=android.intent.action.MAIN cat=[android.intent.category.LAUNCHER] pkg=com.sankuai.meituan }
06-24 16:39:37.531 D/HsmInterfaceImpl( 3543): List [ResolveInfo{eece36b com.sankuai.meituan/com.meituan.android.pt.homepage.activity.Welcome m=0x108000}]
06-24 16:39:37.533 W/OpenGLRenderer( 2519): Incorrectly called buildLayer on View: ShortcutAndWidgetContainer, destroying layer...
06-24 16:39:37.533 W/OpenGLRenderer( 2519): Incorrectly called buildLayer on View: ShortcutAndWidgetContainer, destroying layer...
06-24 16:39:37.535 I/GRALLOC (  679): 	 shrFd=10,fmt=0x1,intFmt=0x200000001,btStrd=4352,size=8486912,pid=679 
06-24 16:39:37.535 I/GRALLOC (  679): 	 yuv=2,w=1080,h=1920,Stride u=0 v=0,offset u=0 v=0 
06-24 16:39:37.535 I/GRALLOC (  679): 	 iova_size=8486912,conUsg=0xb00,proUsg=0xb00,	 strd=1088,[afbc]HdrStrd=1088 PyldStrd=69632 Scrmbl=2,ionhnd = 1 
06-24 16:39:37.581 W/HSM     ( 1813): HoldService:toast switch is close!
06-24 16:39:37.582 D/ApplicationPackageManager( 3543): queryIntentActivitiesAsUser blocked, Intent { act=android.intent.action.MAIN cat=[android.intent.category.LAUNCHER] pkg=com.tencent.news }
06-24 16:39:37.582 D/HsmInterfaceImpl( 3543): List [ResolveInfo{389bb61 com.tencent.news/.activity.SplashActivity m=0x108000}]
06-24 16:39:37.608 W/HSM     ( 1813): HoldService:toast switch is close!
06-24 16:39:37.609 D/ApplicationPackageManager( 3543): queryIntentActivitiesAsUser blocked, Intent { act=android.intent.action.MAIN cat=[android.intent.category.LAUNCHER] pkg=com.iflytek.speechsuite }
06-24 16:39:37.609 D/HsmInterfaceImpl( 3543): List []
06-24 16:39:37.611 W/HSM     ( 1813): HoldService:toast switch is close!
06-24 16:39:37.611 D/ApplicationPackageManager( 3543): queryIntentActivitiesAsUser blocked, Intent { act=android.intent.action.MAIN cat=[android.intent.category.LAUNCHER] pkg=com.tencent.android.qqdownloader }
06-24 16:39:37.611 D/HsmInterfaceImpl( 3543): List [ResolveInfo{7744b47 com.tencent.android.qqdownloader/com.tencent.pangu.link.SplashActivity m=0x108000}]
06-24 16:39:37.642 W/HSM     ( 1813): HoldService:toast switch is close!
06-24 16:39:37.642 D/ApplicationPackageManager( 3543): queryIntentActivitiesAsUser blocked, Intent { act=android.intent.action.MAIN cat=[android.intent.category.LAUNCHER] pkg=com.ifreetalk.ftalk }
06-24 16:39:37.643 D/HsmInterfaceImpl( 3543): List [ResolveInfo{8c5ac9d com.ifreetalk.ftalk/.activity.DummyActivity m=0x108000}]
06-24 16:39:37.655 D/PMS1000 (  657): package:com.excelliance.dualaid, input flags:8192, output hwFlags:0
06-24 16:39:37.656 W/HSM     ( 1813): HoldService:toast switch is close!
06-24 16:39:37.656 D/ApplicationPackageManager( 3543): queryIntentActivitiesAsUser blocked, Intent { act=android.intent.action.MAIN cat=[android.intent.category.LAUNCHER] pkg=com.taobao.taobao }
06-24 16:39:37.656 D/HsmInterfaceImpl( 3543): List [ResolveInfo{5308512 com.taobao.taobao/com.taobao.tao.welcome.Welcome m=0x108000}]
06-24 16:39:37.682 W/HSM     ( 1813): HoldService:toast switch is close!
06-24 16:39:37.683 D/ApplicationPackageManager( 3543): queryIntentActivitiesAsUser blocked, Intent { act=android.intent.action.MAIN cat=[android.intent.category.LAUNCHER] pkg=com.android.gallery3d }
06-24 16:39:37.683 D/HsmInterfaceImpl( 3543): List [ResolveInfo{e337ee0 com.android.gallery3d/com.huawei.gallery.app.GalleryMain m=0x108000}]
06-24 16:39:37.687 E/asset   ( 3543): createFromFile(): lock file /data/resource-cache/system@emui@base@overlay@frameworkhwexthonor@frameworkhwexthonor.apk@idmap.
06-24 16:39:37.687 E/asset   ( 3543): createFromFile(): lock file /data/resource-cache/system@emui@base@overlay@frameworkhwexthonor@frameworkhwexthonor.apk@idmap.
06-24 16:39:37.687 W/ResourceType( 3543): Found multiple library tables, ignoring...
06-24 16:39:37.720 W/HSM     ( 1813): HoldService:toast switch is close!
06-24 16:39:37.721 D/ApplicationPackageManager( 3543): queryIntentActivitiesAsUser blocked, Intent { act=android.intent.action.MAIN cat=[android.intent.category.LAUNCHER] pkg=com.pp.assistant }
06-24 16:39:37.721 D/HsmInterfaceImpl( 3543): List [ResolveInfo{5f95c3f com.pp.assistant/.activity.MainActivity m=0x108000}]
06-24 16:39:37.747 W/HSM     ( 1813): HoldService:toast switch is close!
06-24 16:39:37.747 D/ApplicationPackageManager( 3543): queryIntentActivitiesAsUser blocked, Intent { act=android.intent.action.MAIN cat=[android.intent.category.LAUNCHER] pkg=com.oppo.market }
06-24 16:39:37.748 D/HsmInterfaceImpl( 3543): List [ResolveInfo{67ed255 com.oppo.market/.activity.MainActivity m=0x108000}]
06-24 16:39:37.789 W/HSM     ( 1813): HoldService:toast switch is close!
06-24 16:39:37.790 D/ApplicationPackageManager( 3543): queryIntentActivitiesAsUser blocked, Intent { act=android.intent.action.MAIN cat=[android.intent.category.LAUNCHER] pkg=com.excean.wxaid }
06-24 16:39:37.790 D/HsmInterfaceImpl( 3543): List [ResolveInfo{c317d5b com.excean.wxaid/com.excelliance.kxqp.ui.HelloActivity m=0x108000}]
06-24 16:39:37.806 I/NetworkSpeedManagerEx( 1513): mIsStop = false
06-24 16:39:37.806 I/NetworkSpeedManagerEx( 1513):  runInThread getTetherStats
06-24 16:39:37.808 I/NetworkSpeedManagerEx( 1513):  runInUI refreshSpeed
06-24 16:39:37.809 I/NetworkSpeedManagerEx( 1513): value=4409.6665speed = 4.3
06-24 16:39:37.809 I/NetworkSpeedManagerEx( 1513): K/smIsShowLastSpeedValuefalse
06-24 16:39:37.809 I/NetworkSpeedView( 1513): /update(), speed=4.3
06-24 16:39:37.809 I/NetworkSpeedView( 1513): K/s parent class:class com.android.systemui.statusbar.HwSystemIcons
06-24 16:39:37.820 W/HwResourcesImpl( 3543): icon in pkg com.excean.wxaid is too large.sDefaultSizeWithoutEdge = 188bmp.getWidth() = 1536
06-24 16:39:37.836 I/NetworkSpeedManagerEx( 1513): mIsStop = false
06-24 16:39:37.836 I/NetworkSpeedManagerEx( 1513):  runInThread getTetherStats
06-24 16:39:37.838 I/NetworkSpeedManagerEx( 1513):  runInUI refreshSpeed
06-24 16:39:37.838 W/HSM     ( 1813): HoldService:toast switch is close!
06-24 16:39:37.839 D/ApplicationPackageManager( 3543): queryIntentActivitiesAsUser blocked, Intent { act=android.intent.action.MAIN cat=[android.intent.category.LAUNCHER] pkg=com.huawei.intelligent }
06-24 16:39:37.839 D/HsmInterfaceImpl( 3543): List []
06-24 16:39:37.841 I/NetworkSpeedManagerEx( 1513): value=4409.6665speed = 4.3
06-24 16:39:37.841 I/NetworkSpeedManagerEx( 1513): K/smIsShowLastSpeedValuefalse
06-24 16:39:37.841 I/NetworkSpeedView( 1513): /update(), speed=4.3
06-24 16:39:37.841 I/NetworkSpeedView( 1513): K/s parent class:class com.android.systemui.statusbar.HwSystemIcons
06-24 16:39:37.844 D/PMS1000 (  657): package:com.excelliance.dualaid, input flags:8192, output hwFlags:0
06-24 16:39:37.844 W/HSM     ( 1813): HoldService:toast switch is close!
06-24 16:39:37.845 D/ApplicationPackageManager( 3543): queryIntentActivitiesAsUser blocked, Intent { act=android.intent.action.MAIN cat=[android.intent.category.LAUNCHER] pkg=com.google.android.backuptransport }
06-24 16:39:37.845 D/HsmInterfaceImpl( 3543): List []
06-24 16:39:37.848 W/HSM     ( 1813): HoldService:toast switch is close!
06-24 16:39:37.849 D/ApplicationPackageManager( 3543): queryIntentActivitiesAsUser blocked, Intent { act=android.intent.action.MAIN cat=[android.intent.category.LAUNCHER] pkg=com.huawei.skytone }
06-24 16:39:37.849 D/HsmInterfaceImpl( 3543): List []
06-24 16:39:37.855 W/HSM     ( 1813): HoldService:toast switch is close!
06-24 16:39:37.855 D/ApplicationPackageManager( 3543): queryIntentActivitiesAsUser blocked, Intent { act=android.intent.action.MAIN cat=[android.intent.category.LAUNCHER] pkg=com.estrongs.android.pop }
06-24 16:39:37.855 D/HsmInterfaceImpl( 3543): List [ResolveInfo{3273ed1 com.estrongs.android.pop/.app.openscreenad.NewSplashActivity m=0x108000}]
06-24 16:39:37.886 D/PMS1000 (  657): package:com.excelliance.dualaid, input flags:8192, output hwFlags:0
06-24 16:39:37.887 W/HSM     ( 1813): HoldService:toast switch is close!
06-24 16:39:37.887 D/ApplicationPackageManager( 3543): queryIntentActivitiesAsUser blocked, Intent { act=android.intent.action.MAIN cat=[android.intent.category.LAUNCHER] pkg=com.redfinger.app }
06-24 16:39:37.887 D/HsmInterfaceImpl( 3543): List [ResolveInfo{d009437 com.redfinger.app/.activity.SplashActivity m=0x108000}]
06-24 16:39:37.916 W/HSM     ( 1813): HoldService:toast switch is close!
06-24 16:39:37.916 D/ApplicationPackageManager( 3543): queryIntentActivitiesAsUser blocked, Intent { act=android.intent.action.MAIN cat=[android.intent.category.LAUNCHER] pkg=com.android.vending }
06-24 16:39:37.916 D/HsmInterfaceImpl( 3543): List [ResolveInfo{b0ff70d com.android.vending/.AssetBrowserActivity m=0x108000}]
06-24 16:39:37.951 W/HSM     ( 1813): HoldService:toast switch is close!
06-24 16:39:37.951 D/ApplicationPackageManager( 3543): queryIntentActivitiesAsUser blocked, Intent { act=android.intent.action.MAIN cat=[android.intent.category.LAUNCHER] pkg=org.hapjs.mockup }
06-24 16:39:37.952 D/HsmInterfaceImpl( 3543): List [ResolveInfo{e51f709 org.hapjs.mockup/.activity.MainActivity m=0x108000}]
06-24 16:39:37.974 W/HSM     ( 1813): HoldService:toast switch is close!
06-24 16:39:37.974 D/ApplicationPackageManager( 3543): queryIntentActivitiesAsUser blocked, Intent { act=android.intent.action.MAIN cat=[android.intent.category.LAUNCHER] pkg=com.huawei.gamebox }
06-24 16:39:37.974 D/HsmInterfaceImpl( 3543): List [ResolveInfo{7c7d32f com.huawei.gamebox/.GameBoxActivity m=0x108000}]
06-24 16:39:37.978 E/asset   ( 3543): createFromFile(): lock file /data/resource-cache/system@emui@base@overlay@frameworkhwexthonor@frameworkhwexthonor.apk@idmap.
06-24 16:39:37.978 E/asset   ( 3543): createFromFile(): lock file /data/resource-cache/system@emui@base@overlay@frameworkhwexthonor@frameworkhwexthonor.apk@idmap.
06-24 16:39:37.978 W/ResourceType( 3543): Found multiple library tables, ignoring...
06-24 16:39:37.999 I/TrafficMonitor(  657): update:rxPkts:15,txPkts:19,rxBytes:8181,txBytes:2686
06-24 16:39:37.999 I/TrafficMonitor(  657): start expired. level:-1
06-24 16:39:37.999 I/TrafficMonitor(  657): gettimer:interval=2000
06-24 16:39:38.006 W/HSM     ( 1813): HoldService:toast switch is close!
06-24 16:39:38.006 D/ApplicationPackageManager( 3543): queryIntentActivitiesAsUser blocked, Intent { act=android.intent.action.MAIN cat=[android.intent.category.LAUNCHER] pkg=com.stickgame.los2 }
06-24 16:39:38.006 D/HsmInterfaceImpl( 3543): List [ResolveInfo{455fc1a com.stickgame.los2/com.DBGame.DiabloLOL.DiabloLOL m=0x108000}]
06-24 16:39:38.020 I/Pged-IPgedBinderService(  769): ****action is 2, pid num is 7***
06-24 16:39:38.020 I/Pged-Freezer(  769): thawPids
06-24 16:39:38.026 D/PgedBinderAdapter( 1699): unfrz ok, pid: [29457, 19894, 29531, 14942, 15544, 24379]
06-24 16:39:38.032 I/appium  (24379): AppiumResponse: {"sessionId":"12d3f873-0ea4-4775-928a-9964d13dcd6c","status":0,"value":"<?xml version=\"1.0\" encoding=\"UTF-8\"?><hierarchy rotation=\"0\"><android.widget.FrameLayout index=\"0\" text=\"\" class=\"android.widget.FrameLayout\" package=\"com.excelliance.dualaid\" content-desc=\"\" checkable=\"false\" checked=\"false\" clickable=\"false\" enabled=\"true\" focusable=\"false\" focused=\"false\" scrollable=\"false\" long-clickable=\"false\" password=\"false\" selected=\"false\" bounds=\"[0,0][1080,1920]\" resource-id=\"\" instance=\"0\"><android.widget.LinearLayout index=\"0\" text=\"\" class=\"android.widget.LinearLayout\" package=\"com.excelliance.dualaid\" content-desc=\"\" checkable=\"false\" checked=\"false\" clickable=\"false\" enabled=\"true\" focusable=\"false\" focused=\"false\" scrollable=\"false\" long-clickable=\"false\" password=\"false\" selected=\"false\" bounds=\"[0,0][1080,1920]\" resource-id=\"\" instance=\"0\"><android.widget.FrameLayout index=\"0\" text=\"\" class=\"android.widget.FrameLayout\" package=\"com.excelliance.dualaid\" content-desc=\"\" checkable=\"false\" checked=\"false\" clickable=\"false\" enabled=\"true\" focusable=\"false\" focused=\"false\" scrollable=\"false\" long-clickable=\"false\" password=\"false\" selected=\"false\" bounds=\"[0,0][1080,1920]\" resource-id=\"android:id\/content\" instance=\"1\"><android.widget.FrameLayout index=\"0\" text=\"\" class=\"android.widget.FrameLayout\" package=\"com.excelliance.dualaid\" content-desc=\"\" checkable=\"false\" checked=\"false\" clickable=\"false\" enabled=\"true\" focusable=\"false\" focused=\"false\" scrollable=\"false\" long-clickable=\"false\" password=\"false\" selected=\"false\" bounds=\"[0,0][1080,1920]\" resource-id=\"\" instance=\"2\"><android.widget.RelativeLayout index=\"0\" text=\"\" class=\"android.widget.RelativeLayout\" package=\"com.excelliance.dualaid\" content-desc=\"\" checkable=\"false\" checked=\"false\" clickable=\"false\" enabled=\"true\" focusable=\"false\" focused=\"false\" scrollable=\"false\" long-clickable=\"false\" password=\"false\" selected=\"false\" bounds=\"[0,0][1080,1920]\" resource-id=\"com.excelliance.dualaid:id\/rl_guide_original\" instance=\"0\"><android.support.v4.view.ViewPager index=\"0\" text=\"\" class=\"android.support.v4.view.ViewPager\" package=\"com.excelliance.dualaid\" content-desc=\"\" checkable=\"false\" checked=\"false\" clickable=\"false\" enabled=\"true\" focusable=\"true\" focused=\"false\" scrollable=\"true\" long-clickable=\"false\" password=\"false\" selected=\"false\" bounds=\"[0,0][1080,1920]\" resource-id=\"com.excelliance.dualaid:id\/vp_nav\" instance=\"0\"><android.widget.RelativeLayout index=\"2\" text=\"\" class=\"android.widget.RelativeLayout\" package=\"com.excelliance.dualaid\" content-desc=\"\" checkable=\"false\" checked=\"false\" clickable=\"false\" enabled=\"true\" focusable=\"false\" focused=\"false\" scrollable=\"false\" long-clickable=\"false\" password=\"false\" selected=\"false\" bounds=\"[0,0][1080,1920]\" resource-id=\"\" instance=\"1\"><android.view.View index=\"0\" text=\"\" class=\"android.view.View\" package=\"com.excelliance.dualaid\" content-desc=\"\" checkable=\"false\" checked=\"false\" clickable=\"false\" enabled=\"true\" focusable=\"false\" focused=\"false\" scrollable=\"false\" long-clickable=\"false\" password=\"false\" selected=\"false\" bounds=\"[0,0][1080,1920]\" resource-id=\"\" instance=\"0\"\/><android.widget.ImageView index=\"1\" text=\"\" class=\"android.widget.ImageView\" package=\"com.excelliance.dualaid\" content-desc=\"\" checkable=\"false\" checked=\"false\" clickable=\"false\" enabled=\"true\" focusable=\"false\" focused=\"false\" scrollable=\"false\" long-clickable=\"false\" password=\"false\" selected=\"false\" bounds=\"[345,318][847,1268]\" resource-id=\"\" instance=\"0\"\/><android.widget.ImageView index=\"2\" text=\"\" class=\"android.widget.ImageView\" package=\"com.excelliance.dualaid\" content-desc=\"\" checkable=\"false\" checked=\"false\" clickable=\"false\" enabled=\"true\" 
06-24 16:39:38.042 W/libc    (  493): Set property "hw.wifi.dns_stat" to "39263,34400,5028,1,53205"
06-24 16:39:38.046 I/appium  (24379): channel read invoked!
06-24 16:39:38.046 I/appium  (24379): channel read: GET /wd/hub/session/12d3f873-0ea4-4775-928a-9964d13dcd6c/source
06-24 16:39:38.047 W/HSM     ( 1813): HoldService:toast switch is close!
06-24 16:39:38.048 D/ApplicationPackageManager( 3543): queryIntentActivitiesAsUser blocked, Intent { act=android.intent.action.MAIN cat=[android.intent.category.LAUNCHER] pkg=com.qihoo.appstore }
06-24 16:39:38.048 D/HsmInterfaceImpl( 3543): List [ResolveInfo{13c2128 com.qihoo.appstore/.home.LauncherActivity m=0x108000}]
06-24 16:39:38.074 D/PMS1000 (  657): package:com.excelliance.dualaid, input flags:8192, output hwFlags:0
06-24 16:39:38.075 W/HSM     ( 1813): HoldService:toast switch is close!
06-24 16:39:38.075 D/ApplicationPackageManager( 3543): queryIntentActivitiesAsUser blocked, Intent { act=android.intent.action.MAIN cat=[android.intent.category.LAUNCHER] pkg=com.huawei.android.thememanager }
06-24 16:39:38.075 D/HsmInterfaceImpl( 3543): List [ResolveInfo{cc7bfe6 com.huawei.android.thememanager/.HwThemeManagerActivity m=0x108000}]
06-24 16:39:38.078 E/asset   ( 3543): createFromFile(): lock file /data/resource-cache/system@emui@base@overlay@frameworkhwexthonor@frameworkhwexthonor.apk@idmap.
06-24 16:39:38.078 E/asset   ( 3543): createFromFile(): lock file /data/resource-cache/system@emui@base@overlay@frameworkhwexthonor@frameworkhwexthonor.apk@idmap.
06-24 16:39:38.078 W/ResourceType( 3543): Found multiple library tables, ignoring...
06-24 16:39:38.111 W/HSM     ( 1813): HoldService:toast switch is close!
06-24 16:39:38.112 D/ApplicationPackageManager( 3543): queryIntentActivitiesAsUser blocked, Intent { act=android.intent.action.MAIN cat=[android.intent.category.LAUNCHER] pkg=com.excean.parallelspace }
06-24 16:39:38.112 D/HsmInterfaceImpl( 3543): List [ResolveInfo{479bd7d com.excean.parallelspace/com.excelliance.kxqp.ui.HelloActivity m=0x108000}]
06-24 16:39:38.140 W/HSM     ( 1813): HoldService:toast switch is close!
06-24 16:39:38.140 D/ApplicationPackageManager( 3543): queryIntentActivitiesAsUser blocked, Intent { act=android.intent.action.MAIN cat=[android.intent.category.LAUNCHER] pkg=com.UCMobile }
06-24 16:39:38.140 D/HsmInterfaceImpl( 3543): List [ResolveInfo{8e200c3 com.UCMobile/.main.UCMobile m=0x108000}]
06-24 16:39:38.176 D/PMS1000 (  657): package:com.excelliance.dualaid, input flags:8192, output hwFlags:0
06-24 16:39:38.177 W/HSM     ( 1813): HoldService:toast switch is close!
06-24 16:39:38.178 D/ApplicationPackageManager( 3543): queryIntentActivitiesAsUser blocked, Intent { act=android.intent.action.MAIN cat=[android.intent.category.LAUNCHER] pkg=com.bbk.appstore }
06-24 16:39:38.178 D/HsmInterfaceImpl( 3543): List [ResolveInfo{e69b479 com.bbk.appstore/.ui.AppStore m=0x108000}]
06-24 16:39:38.200 W/HSM     ( 1813): HoldService:toast switch is close!
06-24 16:39:38.201 D/ApplicationPackageManager( 3543): queryIntentActivitiesAsUser blocked, Intent { act=android.intent.action.MAIN cat=[android.intent.category.LAUNCHER] pkg=com.excean.ppaid }
06-24 16:39:38.201 D/HsmInterfaceImpl( 3543): List [ResolveInfo{a59e61f com.excean.ppaid/com.excelliance.kxqp.ui.HelloActivity m=0x108000}]
06-24 16:39:38.227 W/HSM     ( 1813): HoldService:toast switch is close!
06-24 16:39:38.227 D/ApplicationPackageManager( 3543): queryIntentActivitiesAsUser blocked, Intent { act=android.intent.action.MAIN cat=[android.intent.category.LAUNCHER] pkg=com.netease.blockchain }
06-24 16:39:38.227 D/HsmInterfaceImpl( 3543): List [ResolveInfo{4c81f35 com.netease.blockchain/.business.main.MainActivity m=0x108000}]
06-24 16:39:38.251 D/PMS1000 (  657): package:com.excelliance.dualaid, input flags:8192, output hwFlags:0
06-24 16:39:38.252 W/HSM     ( 1813): HoldService:toast switch is close!
06-24 16:39:38.252 D/ApplicationPackageManager( 3543): queryIntentActivitiesAsUser blocked, Intent { act=android.intent.action.MAIN cat=[android.intent.category.LAUNCHER] pkg=com.huawei.camera }
06-24 16:39:38.252 D/HsmInterfaceImpl( 3543): List [ResolveInfo{640c53b com.huawei.camera/com.huawei.camera m=0x108000}]
06-24 16:39:38.256 E/asset   ( 3543): createFromFile(): lock file /data/resource-cache/system@emui@base@overlay@frameworkhwexthonor@frameworkhwexthonor.apk@idmap.
06-24 16:39:38.256 E/asset   ( 3543): createFromFile(): lock file /data/resource-cache/system@emui@base@overlay@frameworkhwexthonor@frameworkhwexthonor.apk@idmap.
06-24 16:39:38.256 W/ResourceType( 3543): Found multiple library tables, ignoring...
06-24 16:39:38.281 D/HwArpVerifier(  657): performPollAndLog:
06-24 16:39:38.284 D/hw_netstat(  657): total/9497/3975,com.excelliance.dualaid/9169/3915,unknown:0/328/0,com.android.vending/0/60
06-24 16:39:38.289 W/HSM     ( 1813): HoldService:toast switch is close!
06-24 16:39:38.289 D/ApplicationPackageManager( 3543): queryIntentActivitiesAsUser blocked, Intent { act=android.intent.action.MAIN cat=[android.intent.category.LAUNCHER] pkg=com.sinovatech.unicom.ui }
06-24 16:39:38.289 D/HsmInterfaceImpl( 3543): List [ResolveInfo{175ee96 com.sinovatech.unicom.ui/.WelcomeClient m=0x108000}]
06-24 16:39:38.290 D/NetWorkUtils( 1513): mVSimCurCardType is -1
06-24 16:39:38.291 W/ResourceType( 1513): No package identifier when getting value for resource number 0x00000000
06-24 16:39:38.291 E/HwNotchUtils( 1513): setIconForView iconId is not found
06-24 16:39:38.292 D/NetWorkUtils( 1513): mVSimCurCardType is -1
06-24 16:39:38.292 W/ResourceType( 1513): No package identifier when getting value for resource number 0x00000000
06-24 16:39:38.292 E/HwNotchUtils( 1513): setIconForView iconId is not found
06-24 16:39:38.316 D/PMS1000 (  657): package:com.excelliance.dualaid, input flags:8192, output hwFlags:0
06-24 16:39:38.317 W/HSM     ( 1813): HoldService:toast switch is close!
06-24 16:39:38.318 D/ApplicationPackageManager( 3543): queryIntentActivitiesAsUser blocked, Intent { act=android.intent.action.MAIN cat=[android.intent.category.LAUNCHER] pkg=com.huawei.phoneservice }
06-24 16:39:38.318 D/HsmInterfaceImpl( 3543): List [ResolveInfo{5ad2e04 com.huawei.phoneservice/.LaunchActivity m=0x108000}]
06-24 16:39:38.321 E/asset   ( 3543): createFromFile(): lock file /data/resource-cache/system@emui@base@overlay@frameworkhwexthonor@frameworkhwexthonor.apk@idmap.
06-24 16:39:38.321 E/asset   ( 3543): createFromFile(): lock file /data/resource-cache/system@emui@base@overlay@frameworkhwexthonor@frameworkhwexthonor.apk@idmap.
06-24 16:39:38.321 W/ResourceType( 3543): Found multiple library tables, ignoring...
06-24 16:39:38.347 W/HSM     ( 1813): HoldService:toast switch is close!
06-24 16:39:38.347 D/ApplicationPackageManager( 3543): queryIntentActivitiesAsUser blocked, Intent { act=android.intent.action.MAIN cat=[android.intent.category.LAUNCHER] pkg=com.crisisfire.android.nearme.gamecenter }
06-24 16:39:38.347 D/HsmInterfaceImpl( 3543): List [ResolveInfo{34a0b3 com.crisisfire.android.nearme.gamecenter/.UnityPlayerNativeActivity m=0x108000}]
06-24 16:39:38.389 W/HSM     ( 1813): HoldService:toast switch is close!
06-24 16:39:38.390 D/ApplicationPackageManager( 3543): queryIntentActivitiesAsUser blocked, Intent { act=android.intent.action.MAIN cat=[android.intent.category.LAUNCHER] pkg=com.antutu.benchmark.full }
06-24 16:39:38.390 D/HsmInterfaceImpl( 3543): List []
06-24 16:39:38.392 W/HSM     ( 1813): HoldService:toast switch is close!
06-24 16:39:38.393 D/ApplicationPackageManager( 3543): queryIntentActivitiesAsUser blocked, Intent { act=android.intent.action.MAIN cat=[android.intent.category.LAUNCHER] pkg=com.xunmeng.pinduoduo }
06-24 16:39:38.393 D/HsmInterfaceImpl( 3543): List [ResolveInfo{963ade9 com.xunmeng.pinduoduo/.ui.activity.MainFrameActivity m=0x108000}]
06-24 16:39:38.423 W/HSM     ( 1813): HoldService:toast switch is close!
06-24 16:39:38.423 D/ApplicationPackageManager( 3543): queryIntentActivitiesAsUser blocked, Intent { act=android.intent.action.MAIN cat=[android.intent.category.LAUNCHER] pkg=com.zhuowang.cloneapp }
06-24 16:39:38.423 D/HsmInterfaceImpl( 3543): List [ResolveInfo{3ce950f com.zhuowang.cloneapp/com.excelliance.kxqp.ui.HelloActivity m=0x108000}]
06-24 16:39:38.450 D/PMS1000 (  657): package:com.excelliance.dualaid, input flags:8192, output hwFlags:0
06-24 16:39:38.451 W/HSM     ( 1813): HoldService:toast switch is close!
06-24 16:39:38.451 D/ApplicationPackageManager( 3543): queryIntentActivitiesAsUser blocked, Intent { act=android.intent.action.MAIN cat=[android.intent.category.LAUNCHER] pkg=com.excean.parallelspace.b64 }
06-24 16:39:38.451 D/HsmInterfaceImpl( 3543): List []
06-24 16:39:38.454 W/HSM     ( 1813): HoldService:toast switch is close!
06-24 16:39:38.454 D/ApplicationPackageManager( 3543): queryIntentActivitiesAsUser blocked, Intent { act=android.intent.action.MAIN cat=[android.intent.category.LAUNCHER] pkg=com.excelliance.multiaccounts.b64 }
06-24 16:39:38.454 D/HsmInterfaceImpl( 3543): List []
06-24 16:39:38.457 W/HSM     ( 1813): HoldService:toast switch is close!
06-24 16:39:38.457 D/ApplicationPackageManager( 3543): queryIntentActivitiesAsUser blocked, Intent { act=android.intent.action.MAIN cat=[android.intent.category.LAUNCHER] pkg=com.xiangyou.multispace }
06-24 16:39:38.457 D/HsmInterfaceImpl( 3543): List [ResolveInfo{5dd8f7a com.xiangyou.multispace/com.excelliance.kxqp.ui.HelloActivity m=0x108000}]
06-24 16:39:38.462 I/appium  (24379): Skipping invisible child: android.view.accessibility.AccessibilityNodeInfo@12ae8; boundsInParent: Rect(0, 0 - 1080, 186); boundsInScreen: Rect(0, 1920 - 1080, 1920); packageName: com.excelliance.dualaid; className: android.view.View; text: null; error: null; maxTextLength: -1; contentDescription: null; viewIdResName: com.excelliance.dualaid:id/first_start_ok_after; checkable: false; checked: false; focusable: false; focused: false; selected: false; clickable: false; longClickable: false; contextClickable: false; enabled: true; password: false; scrollable: false; importantForAccessibility: false; actions: [AccessibilityAction: ACTION_SELECT - null, AccessibilityAction: ACTION_CLEAR_SELECTION - null, AccessibilityAction: ACTION_ACCESSIBILITY_FOCUS - null, AccessibilityAction: ACTION_SHOW_ON_SCREEN - null]
06-24 16:39:38.463 I/appium  (24379): Skipping invisible child: android.view.accessibility.AccessibilityNodeInfo@1326a; boundsInParent: Rect(0, 0 - 1080, 72); boundsInScreen: Rect(0, 0 - 1080, 72); packageName: com.excelliance.dualaid; className: android.view.View; text: null; error: null; maxTextLength: -1; contentDescription: null; viewIdResName: null; checkable: false; checked: false; focusable: false; focused: false; selected: false; clickable: false; longClickable: false; contextClickable: false; enabled: true; password: false; scrollable: false; importantForAccessibility: false; actions: [AccessibilityAction: ACTION_SELECT - null, AccessibilityAction: ACTION_CLEAR_SELECTION - null, AccessibilityAction: ACTION_ACCESSIBILITY_FOCUS - null, AccessibilityAction: ACTION_SHOW_ON_SCREEN - null]
06-24 16:39:38.463 I/appium  (24379): Fetch time: 23ms
06-24 16:39:38.483 D/HwWifiStatStore(  657): handleMessage : 200
06-24 16:39:38.486 D/PMS1000 (  657): package:com.excelliance.dualaid, input flags:8192, output hwFlags:0
06-24 16:39:38.487 W/HSM     ( 1813): HoldService:toast switch is close!
06-24 16:39:38.487 D/ApplicationPackageManager( 3543): queryIntentActivitiesAsUser blocked, Intent { act=android.intent.action.MAIN cat=[android.intent.category.LAUNCHER] pkg=com.youlong.multiaccount }
06-24 16:39:38.487 D/HsmInterfaceImpl( 3543): List [ResolveInfo{33f5388 com.youlong.multiaccount/com.excelliance.kxqp.ui.HelloActivity m=0x108000}]
06-24 16:39:38.498 I/appium  (24379): AppiumResponse: {"sessionId":"12d3f873-0ea4-4775-928a-9964d13dcd6c","status":0,"value":"<?xml version=\"1.0\" encoding=\"UTF-8\"?><hierarchy rotation=\"0\"><android.widget.FrameLayout index=\"0\" text=\"\" class=\"android.widget.FrameLayout\" package=\"com.excelliance.dualaid\" content-desc=\"\" checkable=\"false\" checked=\"false\" clickable=\"false\" enabled=\"true\" focusable=\"false\" focused=\"false\" scrollable=\"false\" long-clickable=\"false\" password=\"false\" selected=\"false\" bounds=\"[0,0][1080,1920]\" resource-id=\"\" instance=\"0\"><android.widget.LinearLayout index=\"0\" text=\"\" class=\"android.widget.LinearLayout\" package=\"com.excelliance.dualaid\" content-desc=\"\" checkable=\"false\" checked=\"false\" clickable=\"false\" enabled=\"true\" focusable=\"false\" focused=\"false\" scrollable=\"false\" long-clickable=\"false\" password=\"false\" selected=\"false\" bounds=\"[0,0][1080,1920]\" resource-id=\"\" instance=\"0\"><android.widget.FrameLayout index=\"0\" text=\"\" class=\"android.widget.FrameLayout\" package=\"com.excelliance.dualaid\" content-desc=\"\" checkable=\"false\" checked=\"false\" clickable=\"false\" enabled=\"true\" focusable=\"false\" focused=\"false\" scrollable=\"false\" long-clickable=\"false\" password=\"false\" selected=\"false\" bounds=\"[0,72][1080,1920]\" resource-id=\"android:id\/content\" instance=\"1\"><android.widget.LinearLayout index=\"0\" text=\"\" class=\"android.widget.LinearLayout\" package=\"com.excelliance.dualaid\" content-desc=\"\" checkable=\"false\" checked=\"false\" clickable=\"false\" enabled=\"true\" focusable=\"false\" focused=\"false\" scrollable=\"false\" long-clickable=\"false\" password=\"false\" selected=\"false\" bounds=\"[0,72][1080,1920]\" resource-id=\"\" instance=\"1\"><android.widget.RelativeLayout index=\"0\" text=\"\" class=\"android.widget.RelativeLayout\" package=\"com.excelliance.dualaid\" content-desc=\"\" checkable=\"false\" checked=\"false\" clickable=\"false\" enabled=\"true\" focusable=\"false\" focused=\"false\" scrollable=\"false\" long-clickable=\"false\" password=\"false\" selected=\"false\" bounds=\"[0,72][1080,240]\" resource-id=\"com.excelliance.dualaid:id\/top\" instance=\"0\"><android.widget.TextView index=\"0\" text=\"登录\/注册\" class=\"android.widget.TextView\" package=\"com.excelliance.dualaid\" content-desc=\"\" checkable=\"false\" checked=\"false\" clickable=\"true\" enabled=\"true\" focusable=\"true\" focused=\"false\" scrollable=\"false\" long-clickable=\"false\" password=\"false\" selected=\"false\" bounds=\"[36,111][221,201]\" resource-id=\"com.excelliance.dualaid:id\/tv_login_in\" instance=\"0\"\/><android.widget.TextView index=\"1\" text=\"双开助手\" class=\"android.widget.TextView\" package=\"com.excelliance.dualaid\" content-desc=\"\" checkable=\"false\" checked=\"false\" clickable=\"false\" enabled=\"true\" focusable=\"false\" focused=\"false\" scrollable=\"false\" long-clickable=\"false\" password=\"false\" selected=\"false\" bounds=\"[420,115][660,196]\" resource-id=\"com.excelliance.dualaid:id\/first_tv_back\" instance=\"1\"\/><android.widget.TextView index=\"2\" text=\"跳过\" class=\"android.widget.TextView\" package=\"com.excelliance.dualaid\" content-desc=\"\" checkable=\"false\" checked=\"false\" clickable=\"true\" enabled=\"true\" focusable=\"true\" focused=\"false\" scrollable=\"false\" long-clickable=\"false\" password=\"false\" selected=\"false\" bounds=\"[960,111][1044,201]\" resource-id=\"com.excelliance.dualaid:id\/jump_to\" instance=\"2\"\/><\/android.widget.RelativeLayout><android.widget.RelativeLayout index=\"1\" text=\"\" class=\"android.widget.RelativeLayout\" package=\"com.excelliance.dualaid\" content-desc=\"\" checkable=\"false\" checked=\"false\" clickable=\"false\" enabled=\"true\" focusable=\"false\" focused=\"false\" scrollable=\"false\" long-clickable=\"false\" password=\"false\" selected=\"false\" bounds=\"[0,240][1080,454]\" resource-id=\"com.excelliance.dualaid:id\/rl_note\" instance=\"1\"><android.widget.ImageView index=\"0\" text=\"\"
06-24 16:39:38.515 W/HSM     ( 1813): HoldService:toast switch is close!
06-24 16:39:38.516 D/ApplicationPackageManager( 3543): queryIntentActivitiesAsUser blocked, Intent { act=android.intent.action.MAIN cat=[android.intent.category.LAUNCHER] pkg=com.gameloft.android.ANMP.GloftA9HM }
06-24 16:39:38.516 D/HsmInterfaceImpl( 3543): List [ResolveInfo{d252946 com.gameloft.android.ANMP.GloftA9HM/.MainActivity m=0x108000}]
06-24 16:39:38.521 I/appium  (24379): channel read invoked!
06-24 16:39:38.521 I/appium  (24379): channel read: POST /wd/hub/session/12d3f873-0ea4-4775-928a-9964d13dcd6c/element
06-24 16:39:38.521 I/appium  (24379): Find element command
06-24 16:39:38.522 D/appium  (24379): payload: {"strategy":"id","selector":"com.excelliance.dualaid:id/first_start_ok","context":"","multiple":false}
06-24 16:39:38.522 I/appium  (24379): find element command using 'id' with selector 'com.excelliance.dualaid:id/first_start_ok'.
06-24 16:39:38.532 I/appium  (24379): AppiumResponse: {"sessionId":"12d3f873-0ea4-4775-928a-9964d13dcd6c","status":0,"value":{"ELEMENT":"8f395c40-236f-4ffc-99f4-01c3ebab4c47"}}
06-24 16:39:38.549 I/appium  (24379): channel read invoked!
06-24 16:39:38.549 I/appium  (24379): channel read: GET /wd/hub/session/12d3f873-0ea4-4775-928a-9964d13dcd6c/source
06-24 16:39:38.560 W/HSM     ( 1813): HoldService:toast switch is close!
06-24 16:39:38.560 D/ApplicationPackageManager( 3543): queryIntentActivitiesAsUser blocked, Intent { act=android.intent.action.MAIN cat=[android.intent.category.LAUNCHER] pkg=com.excelliance.dualaid.b64 }
06-24 16:39:38.560 D/HsmInterfaceImpl( 3543): List []
06-24 16:39:38.560 V/AddGameData( 3543): Manufacturer:HUAWEI
06-24 16:39:38.570 I/appium  (24379): Skipping invisible child: android.view.accessibility.AccessibilityNodeInfo@12ae8; boundsInParent: Rect(0, 0 - 1080, 186); boundsInScreen: Rect(0, 1920 - 1080, 1920); packageName: com.excelliance.dualaid; className: android.view.View; text: null; error: null; maxTextLength: -1; contentDescription: null; viewIdResName: com.excelliance.dualaid:id/first_start_ok_after; checkable: false; checked: false; focusable: false; focused: false; selected: false; clickable: false; longClickable: false; contextClickable: false; enabled: true; password: false; scrollable: false; importantForAccessibility: false; actions: [AccessibilityAction: ACTION_SELECT - null, AccessibilityAction: ACTION_CLEAR_SELECTION - null, AccessibilityAction: ACTION_ACCESSIBILITY_FOCUS - null, AccessibilityAction: ACTION_SHOW_ON_SCREEN - null]
06-24 16:39:38.570 I/appium  (24379): Skipping invisible child: android.view.accessibility.AccessibilityNodeInfo@1326a; boundsInParent: Rect(0, 0 - 1080, 72); boundsInScreen: Rect(0, 0 - 1080, 72); packageName: com.excelliance.dualaid; className: android.view.View; text: null; error: null; maxTextLength: -1; contentDescription: null; viewIdResName: null; checkable: false; checked: false; focusable: false; focused: false; selected: false; clickable: false; longClickable: false; contextClickable: false; enabled: true; password: false; scrollable: false; importantForAccessibility: false; actions: [AccessibilityAction: ACTION_SELECT - null, AccessibilityAction: ACTION_CLEAR_SELECTION - null, AccessibilityAction: ACTION_ACCESSIBILITY_FOCUS - null, AccessibilityAction: ACTION_SHOW_ON_SCREEN - null]
06-24 16:39:38.570 I/appium  (24379): Fetch time: 13ms
06-24 16:39:38.575 D/PMS1000 (  657): package:com.excelliance.dualaid, input flags:8192, output hwFlags:0
06-24 16:39:38.575 W/HSM     ( 1813): HoldService:toast switch is close!
06-24 16:39:38.576 D/ApplicationPackageManager( 3543): getInstalledApplications blocked
06-24 16:39:38.576 D/HsmInterfaceImpl( 3543): List [ApplicationInfo{fa93d2 com.huawei.hifolder}, ApplicationInfo{a271ca3 com.github.shadowsocks}, ApplicationInfo{6730ba0 com.excelliance.dualaid}]
06-24 16:39:38.576 V/AddGameData( 3543): appInfoList.size():3
06-24 16:39:38.576 V/AddGameData( 3543): can read pkg:com.github.shadowsocks
