06-24 15:30:17.627 I/appium  (29532): AppiumResponse: {"sessionId":"2d604340-25b7-4bc5-874b-09ac3bd169d8","status":0,"value":"<?xml version=\"1.0\" encoding=\"UTF-8\"?><hierarchy rotation=\"0\"><android.widget.FrameLayout index=\"0\" text=\"\" class=\"android.widget.FrameLayout\" package=\"com.huawei.android.launcher\" content-desc=\"\" checkable=\"false\" checked=\"false\" clickable=\"false\" enabled=\"true\" focusable=\"false\" focused=\"false\" scrollable=\"false\" long-clickable=\"false\" password=\"false\" selected=\"false\" bounds=\"[0,0][1080,1920]\" resource-id=\"\" instance=\"0\"><android.widget.LinearLayout index=\"0\" text=\"\" class=\"android.widget.LinearLayout\" package=\"com.huawei.android.launcher\" content-desc=\"\" checkable=\"false\" checked=\"false\" clickable=\"false\" enabled=\"true\" focusable=\"false\" focused=\"false\" scrollable=\"false\" long-clickable=\"false\" password=\"false\" selected=\"false\" bounds=\"[0,0][1080,1920]\" resource-id=\"\" instance=\"0\"><android.widget.FrameLayout index=\"0\" text=\"\" class=\"android.widget.FrameLayout\" package=\"com.huawei.android.launcher\" content-desc=\"\" checkable=\"false\" checked=\"false\" clickable=\"false\" enabled=\"true\" focusable=\"false\" focused=\"false\" scrollable=\"false\" long-clickable=\"false\" password=\"false\" selected=\"false\" bounds=\"[0,0][1080,1920]\" resource-id=\"android:id\/content\" instance=\"1\"><android.widget.FrameLayout index=\"0\" text=\"\" class=\"android.widget.FrameLayout\" package=\"com.huawei.android.launcher\" content-desc=\"\" checkable=\"false\" checked=\"false\" clickable=\"false\" enabled=\"true\" focusable=\"false\" focused=\"false\" scrollable=\"false\" long-clickable=\"false\" password=\"false\" selected=\"false\" bounds=\"[0,0][1080,1920]\" resource-id=\"com.huawei.android.launcher:id\/drag_layer\" instance=\"2\"><android.view.ViewGroup index=\"0\" text=\"\" class=\"android.view.ViewGroup\" package=\"com.huawei.android.launcher\" content-desc=\"第 3 屏，共 4 屏\" checkable=\"false\" checked=\"false\" clickable=\"false\" enabled=\"true\" focusable=\"false\" focused=\"false\" scrollable=\"true\" long-clickable=\"false\" password=\"false\" selected=\"false\" bounds=\"[0,0][1080,1920]\" resource-id=\"com.huawei.android.launcher:id\/workspace\" instance=\"0\"><android.view.ViewGroup index=\"2\" text=\"\" class=\"android.view.ViewGroup\" package=\"com.huawei.android.launcher\" content-desc=\"\" checkable=\"false\" checked=\"false\" clickable=\"true\" enabled=\"true\" focusable=\"false\" focused=\"false\" scrollable=\"false\" long-clickable=\"true\" password=\"false\" selected=\"false\" bounds=\"[0,0][1080,1532]\" resource-id=\"com.huawei.android.launcher:id\/workspace_screen\" instance=\"1\"><android.widget.FrameLayout index=\"0\" text=\"\" class=\"android.widget.FrameLayout\" package=\"com.huawei.android.launcher\" content-desc=\"\" checkable=\"false\" checked=\"false\" clickable=\"false\" enabled=\"true\" focusable=\"false\" focused=\"false\" scrollable=\"false\" long-clickable=\"false\" password=\"false\" selected=\"false\" bounds=\"[12,0][1068,1514]\" resource-id=\"\" instance=\"3\"\/><android.view.ViewGroup index=\"1\" text=\"\" class=\"android.view.ViewGroup\" package=\"com.huawei.android.launcher\" content-desc=\"\" checkable=\"false\" checked=\"false\" clickable=\"false\" enabled=\"true\" focusable=\"false\" focused=\"false\" scrollable=\"false\" long-clickable=\"false\" password=\"false\" selected=\"false\" bounds=\"[12,0][1068,1514]\" resource-id=\"\" instance=\"2\"><android.widget.TextView index=\"0\" text=\"iTest\" class=\"android.widget.TextView\" package=\"com.huawei.android.launcher\" content-desc=\"\" checkable=\"false\" checked=\"false\" clickable=\"true\" enabled=\"true\" focusable=\"true\" focused=\"false\" scrollable=\"false\" long-clickable=\"true\" password=\"false\" selected=\"false\" bounds=\"[12,84][276,370]\" resource-id=\"\" instance=\"0\"\/><android.widget.TextView index=\"1\" text=\"WhatsApp\" class=\"android.widget.TextView\" package=\"com.huawei.android.launcher\" content-
06-24 15:30:17.678 I/appium  (29532): channel read invoked!
06-24 15:30:17.678 I/appium  (29532): channel read: GET /wd/hub/session/2d604340-25b7-4bc5-874b-09ac3bd169d8/source
--------- beginning of system
06-24 15:30:17.680 I/ActivityManager(  657): START u0 {act=android.intent.action.MAIN cat=[android.intent.category.LAUNCHER] flg=0x10000000 cmp=com.excelliance.dualaid/com.excelliance.kxqp.ui.HelloActivity} from uid 2000
06-24 15:30:17.682 I/ActivityManager(  657): ActivityRecord info: ActivityInfo{cadf3e0 com.excelliance.kxqp.ui.HelloActivity}
06-24 15:30:17.686 I/ash     ( 1699): front pkg : com.excelliance.dualaid launcher: false
06-24 15:30:17.687 I/ash     ( 1699): above launcher front pkgs: [com.excelliance.dualaid]
06-24 15:30:17.690 V/WindowManager(  657): addAppToken: AppWindowToken{2c8be9c token=Token{3600e0f ActivityRecord{91bf76e u0 com.excelliance.dualaid/com.excelliance.kxqp.ui.HelloActivity t16011}}} controller={TaskWindowContainerController taskId=16011} at 2147483647
06-24 15:30:17.690 W/ResourceType( 2519): No known package when getting name for resource number 0x9c010000
06-24 15:30:17.691 W/ResourceType( 2519): No known package when getting name for resource number 0x9c010100
06-24 15:30:17.691 W/ResourceType( 2519): No known package when getting name for resource number 0x9c010200
06-24 15:30:17.692 W/ResourceType( 2519): No known package when getting name for resource number 0x9c010300
06-24 15:30:17.692 W/ResourceType( 2519): No known package when getting name for resource number 0x9c010001
06-24 15:30:17.693 W/ResourceType( 2519): No known package when getting name for resource number 0x9c010101
06-24 15:30:17.693 W/ResourceType( 2519): No known package when getting name for resource number 0x9c010201
06-24 15:30:17.694 W/ResourceType( 2519): No known package when getting name for resource number 0x9c010301
06-24 15:30:17.694 W/ResourceType( 2519): No known package when getting name for resource number 0x9c010002
06-24 15:30:17.695 I/PGServer( 1699): android calls fast hibernateApps
06-24 15:30:17.695 I/AppFastHibernation( 1699): fast hibernate duration: 1500 reason: start activity
06-24 15:30:17.695 W/ResourceType( 2519): No known package when getting name for resource number 0x9c010102
06-24 15:30:17.695 W/ResourceType( 2519): No known package when getting name for resource number 0x9c010202
06-24 15:30:17.696 I/Pged-IPgedBinderService(  769): ****action is 1, pid num is 6***
06-24 15:30:17.696 I/Pged-Freezer(  769): freezePids
06-24 15:30:17.696 I/Pged-Freezer(  769): Freeze process: 29457
06-24 15:30:17.696 D/PMS1000 (  657): package:com.excelliance.dualaid, input flags:1, output hwFlags:0
06-24 15:30:17.696 W/ResourceType( 2519): No known package when getting name for resource number 0x9c010302
06-24 15:30:17.696 W/ResourceType( 2519): No known package when getting name for resource number 0x9c010003
06-24 15:30:17.696 I/Pged-Freezer(  769): Freeze process: 29531
06-24 15:30:17.696 I/Pged-Freezer(  769): Freeze process: 29347
06-24 15:30:17.697 W/ResourceType( 2519): No known package when getting name for resource number 0x9c010103
06-24 15:30:17.697 I/Pged-Freezer(  769): Freeze process: 27318
06-24 15:30:17.697 I/Pged-Freezer(  769): Freeze process: 29532
06-24 15:30:17.697 W/ResourceType( 2519): No known package when getting name for resource number 0x9c010203
06-24 15:30:17.697 D/PgedBinderAdapter( 1699): frz ok, pid: [29457, 29531, 29347, 27318, 29532]
06-24 15:30:17.697 W/ResourceType( 2519): No known package when getting name for resource number 0x9c010303
06-24 15:30:17.698 W/ResourceType( 2519): No known package when getting name for resource number 0x9c010004
06-24 15:30:17.698 W/ResourceType( 2519): No known package when getting name for resource number 0x9c010104
06-24 15:30:17.699 W/ResourceType( 2519): No known package when getting name for resource number 0x9c010204
06-24 15:30:17.699 W/ResourceType( 2519): No known package when getting name for resource number 0x9c010304
06-24 15:30:17.703 D/MotionDetectionManager( 2519): stopMotionAppsReco motionApps: 403
06-24 15:30:17.703 D/MotionDetectionManager( 2519): stopMotionAppsReco not recognition motionApps 403
06-24 15:30:17.703 W/HwLauncher( 2519): Launcher.MotionManager stopMotionAppsReco service flg 403 is unavailable
06-24 15:30:17.704 V/ActivityManager(  657): startProcess: name=com.excelliance.dualaid:olle app=null knownToBeDead=true thread=null pid=-1
06-24 15:30:17.705 D/PMS1000 (  657): package:com.excelliance.dualaid, input flags:0, output hwFlags:0
06-24 15:30:17.713 I/ActivityManager(  657): Start proc 31000:com.excelliance.dualaid:olle/u0a1422 for activity com.excelliance.dualaid/com.excelliance.kxqp.ui.HelloActivity
06-24 15:30:17.713 I/        (31000): power log dlsym ok
06-24 15:30:17.714 V/WindowManager(  657): No longer Stopped: AppWindowToken{2c8be9c token=Token{3600e0f ActivityRecord{91bf76e u0 com.excelliance.dualaid/com.excelliance.kxqp.ui.HelloActivity t16011}}}
06-24 15:30:17.715 V/ActivityManager(  657): startProcess: name=com.excelliance.dualaid:olle app=ProcessRecord{234e0a5 31000:com.excelliance.dualaid:olle/u0a1422} knownToBeDead=true thread=null pid=31000
06-24 15:30:17.716 I/zygote  (31000): Reinit property: dalvik.vm.checkjni= false
06-24 15:30:17.724 D/ActivityThread(31000): ActivityThread,attachApplication
06-24 15:30:17.725 D/ActivityManager(  657): ActivityManagerService,attachApplication,callingPid = 31000
06-24 15:30:17.727 V/WindowManager(  657): No longer Stopped: AppWindowToken{2c8be9c token=Token{3600e0f ActivityRecord{91bf76e u0 com.excelliance.dualaid/com.excelliance.kxqp.ui.HelloActivity t16011}}}
06-24 15:30:17.737 V/WindowManager(  657): findFocusedWindow: AppWindowToken{d3a938b token=Token{377755a ActivityRecord{d5c9105 u0 com.huawei.android.launcher/.unihome.UniHomeLauncher t15658}}} below Reached focused app=AppWindowToken{2c8be9c token=Token{3600e0f ActivityRecord{91bf76e u0 com.excelliance.dualaid/com.excelliance.kxqp.ui.HelloActivity t16011}}}
06-24 15:30:17.737 D/ScenarioService( 1699): front pkg : com.excelliance.dualaid launcher: false
06-24 15:30:17.737 D/ScenarioService( 1699): new above launcher front pkgs: [com.excelliance.dualaid]
06-24 15:30:17.738 I/AppsUsage( 1699): scnOff:false FgAPP:com.excelliance.dualaid BgAPP:com.huawei.android.launcher
06-24 15:30:17.743 V/WindowManager(  657): Checking 1 opening apps (frozen=false timeout=false)...
06-24 15:30:17.743 V/WindowManager(  657): Check opening app=AppWindowToken{2c8be9c token=Token{3600e0f ActivityRecord{91bf76e u0 com.excelliance.dualaid/com.excelliance.kxqp.ui.HelloActivity t16011}}}: allDrawn=false startingDisplayed=false startingMoved=false isRelaunching()=false
06-24 15:30:17.744 D/HwQoEUtils(  657): mForegroundAppPackageName: com.excelliance.dualaid:olle ,score: 0
06-24 15:30:17.744 D/HwQoEUtils(  657): APP type: -1 appName= com.excelliance.dualaid:olle
06-24 15:30:17.744 D/HwQoEUtils(  657): RealAppName:com.excelliance.dualaid
06-24 15:30:17.745 D/HwQoEUtils(  657): no game, APP_TYPE_GAME, appName =com.excelliance.dualaid:olle
06-24 15:30:17.745 D/HwGameAssistantController(  657): pid=31000, uid=11422, foreground=true
06-24 15:30:17.746 W/AwareLog(  657): SchedLevelBoost: onFgActivitiesChanged config not set!
06-24 15:30:17.746 I/HwNetworkPolicy(  657): onTransact, code = 203
06-24 15:30:17.746 I/HwNetworkPolicyManager( 1813): getHwUidPolicy uid = 11422 policy = 0
06-24 15:30:17.747 D/EmcomManagerService(  657): forePackage name is com.excelliance.dualaid
06-24 15:30:17.747 D/HicomPolicyManager(  657): foreAppInfo = nullpkgName = com.excelliance.dualaid uid= 11422
06-24 15:30:17.747 E/HicomPolicyManager(  657): udp acc is not start yet!
06-24 15:30:17.747 D/HicomPolicyManager(  657): speed control is not start
06-24 15:30:17.747 E/HicomPolicyManager(  657): Network Evaluation is not start yet!
06-24 15:30:17.747 E/HicomPolicyManager(  657): foreground app info is null
06-24 15:30:17.747 W//system/bin/hwservicemanager(  416): Cannot open /odm/manifest.xml
06-24 15:30:17.749 D/[HwRecSys]HwRecSysService( 2647): onEvent actionID: 10000 msg:com.excelliance.dualaid		
06-24 15:30:17.749 E/[HwRecSys]HwRecSysService( 2647): getIsRportDirectService is false!
06-24 15:30:17.750 I/PGServer( 1699): report state:10010 event type:2 pid:0 uid:0 pkg:com.huawei.android.launcher to pid: 657
06-24 15:30:17.750 I/PGServer( 1699): report state:10010 event type:2 pid:0 uid:0 pkg:com.huawei.android.launcher to pid: 1699
06-24 15:30:17.750 I/SceneReceiver( 1699): state type: 10010 eventType:2 pid:0 uid:0 pkg:com.huawei.android.launcher
06-24 15:30:17.750 I/PGServer( 1699): report state:10000 event type:1 pid:0 uid:0 pkg:com.excelliance.dualaid to pid: 657
06-24 15:30:17.750 I/PGServer( 1699): report state:10000 event type:1 pid:0 uid:0 pkg:com.excelliance.dualaid to pid: 1699
06-24 15:30:17.750 I/SceneReceiver( 1699): state type: 10000 eventType:1 pid:0 uid:0 pkg:com.excelliance.dualaid
06-24 15:30:17.750 D/HwThermalStateManager( 1699): current foreapp pkg : com.excelliance.dualaid
06-24 15:30:17.754 I/PGServer( 1699): checkPkgType. calling pkg: android
06-24 15:30:17.755 I/PGServer( 1699): checkPkgType. calling pkg: android
06-24 15:30:17.757 W/libc    ( 1699): Set property "sys.aps.gameProcessName" to ""
06-24 15:30:17.757 W/libc    ( 1699): Set property "sys.aps.browserProcessName" to ""
06-24 15:30:17.767 D/HwFLClassLoader(31000): get used feature list :/feature/used-list failed!
06-24 15:30:17.767 D/HwFLClassLoader(31000): USE_FEATURE_LIST had not init! 
06-24 15:30:17.771 W//system/bin/hwservicemanager(  416): Cannot open /odm/manifest.xml
06-24 15:30:17.773 I/GRALLOC (  679): 	 shrFd=10,fmt=0x1,intFmt=0x1,btStrd=256,size=4096,pid=679 
06-24 15:30:17.773 I/GRALLOC (  679): 	 yuv=2,w=16,h=16,Stride u=0 v=0,offset u=0 v=0 
06-24 15:30:17.773 I/GRALLOC (  679): 	 iova_size=4096,conUsg=0x100,proUsg=0x100,	 strd=64,[afbc]HdrStrd=0 PyldStrd=0 Scrmbl=0,ionhnd = 1 
06-24 15:30:17.783 E/MemoryLeakMonitorManager(31000): MemoryLeakMonitor.jar is not exist!
06-24 15:30:17.783 D/CrashHandler(31000): CrashHandler
06-24 15:30:17.784 E/Minikin (31000): Could not get cmap table size!
06-24 15:30:17.784 D/PMS11422(  657): package:com.excelliance.dualaid, input flags:128, output hwFlags:0
06-24 15:30:17.786 D/KXQPApplication(31000): run: initUserManager
06-24 15:30:17.793 I/HwCust  (31000): Constructor found for class android.app.HwCustActivityImpl
06-24 15:30:17.793 D/HwCust  (31000): Create obj success use class android.app.HwCustActivityImpl
06-24 15:30:17.795 V/HwPolicyFactory(31000): : success to get AllImpl object and return....
06-24 15:30:17.797 I/HwCust  (31000): Constructor found for class android.app.HwCustHwWallpaperManagerImpl
06-24 15:30:17.797 D/HwCust  (31000): Create obj success use class android.app.HwCustHwWallpaperManagerImpl
06-24 15:30:17.798 D/PMS11422(  657): package:com.excelliance.dualaid, input flags:0, output hwFlags:0
06-24 15:30:17.799 V/HwWidgetFactory(31000): : successes to get AllImpl object and return....
06-24 15:30:17.800 V/ActivityThread(31000): ActivityThread,callActivityOnCreate
06-24 15:30:17.801 D/HelloActivity(31000): Memory:25147M
06-24 15:30:17.802 D/HelloActivity(31000): onCreate: true
06-24 15:30:17.803 D/HelloActivity(31000): is code boot
06-24 15:30:17.806 D/HelloActivity(31000): mIsNav = false
06-24 15:30:17.815 E/memtrack(26506): Couldn't load memtrack module
06-24 15:30:17.815 W/android.os.Debug(26506): failed to get memory consumption info: -1
06-24 15:30:17.815 D/HwRecentsLockUtils( 1513): Search
06-24 15:30:17.815 E/HsmCoreServiceImpl( 1478): onTransact in code is: 103
06-24 15:30:17.815 I/MediaProcessHandler( 1478): playingUids: 
06-24 15:30:17.815 D/ActivityManager(  657): Skipping, home or recents stack task: TaskRecord{333215f #15658 A=com.huawei.android.launcher U=0 StackId=0 sz=1}
06-24 15:30:17.815 D/ActivityManager(  657): Skipping intent:act=android.intent.action.MAIN cat=[android.intent.category.LAUNCHER] flg=0x10a00000 cmp=io.appium.settings/.Settings
06-24 15:30:17.816 D/ActivityManager(  657): Skipping intent:flg=0x10804000 cmp=com.android.systemui/.recents.RecentsActivity bnds=[48,928][1032,2296]
06-24 15:30:17.816 D/ActivityManager(  657): Skipping intent:flg=0x18800000 cmp=com.tencent.mm/.plugin.base.stub.WXPayEntryActivity
06-24 15:30:17.816 D/ActivityManager(  657): Skipping intent:flg=0x10800000 cmp=com.huawei.systemmanager/com.huawei.permissionmanager.ui.MainActivity
06-24 15:30:17.816 D/ActivityManager(  657): Skipping intent:flg=0x18800000 cmp=com.tencent.mm/.plugin.base.stub.WXEntryActivity
06-24 15:30:17.816 D/ActivityManager(  657): Skipping intent:act=com.huawei.action.VOICE_ASSISTANT flg=0x10800000 pkg=com.huawei.vassistant cmp=com.huawei.vassistant/.ui.main.VAssistantActivity
06-24 15:30:17.816 D/ActivityManager(  657): Skipping intent:act=com.huawei.android.launcher.action.ACCESS_SPLIT_SCREEN_APP cat=[android.intent.category.DEFAULT] flg=0x10804000 cmp=com.huawei.android.launcher/.splitscreen.SplitScreenAppActivity
06-24 15:30:17.816 D/ActivityManager(  657): Skipping intent:flg=0x10800000 pkg=com.excelliance.dualaid.b64 cmp=com.excelliance.dualaid.b64/com.excelliance.kxqp.sdk.PermissionRequestActivity
06-24 15:30:17.816 D/ActivityManager(  657): Skipping intent:act=android.intent.action.VIEW dat=content://com.excelliance.dualaid.fileProvider/external_storage_root/Download/apk/Multiple_64.apk typ=application/vnd.android.package-archive flg=0x10800001 cmp=com.android.packageinstaller/.InstallStart
06-24 15:30:17.816 D/ActivityManager(  657): Skipping intent:flg=0x10800000 cmp=com.android.systemui/.usb.HwUsbDebuggingActivity
06-24 15:30:17.816 D/ActivityManager(  657): Skipping intent:act=android.deviceinfo.chooser.action.LAUNCH flg=0x10800000 hwFlg=0x100 pkg=com.android.settings cmp=com.android.settings/.deviceinfo.UsbConnModeChooserActivity
06-24 15:30:17.816 D/ActivityManager(  657): Skipping intent:flg=0x10800000 cmp=com.zol.android/.push.KeepLiveActivity
06-24 15:30:17.816 D/ActivityManager(  657): Skipping intent:act=android.intent.action.MAIN cat=[android.intent.category.HOME] flg=0x10800300 cmp=com.android.settings/.FallbackHome
06-24 15:30:17.820 D/HelloActivity(31000): defDisplayStyle:5
06-24 15:30:17.821 D/HttpUtils(31000): getDownloadMode()
06-24 15:30:17.821 D/NetUtils(31000): init inited = true
06-24 15:30:17.822 D/HelloActivity(31000): enter Nav2
06-24 15:30:17.824 D/NetworkSecurityConfig(31000): No Network Security Config specified, using platform default
06-24 15:30:17.824 I/ActivityManager(  657): START u0 {pkg=com.excelliance.dualaid cmp=com.excelliance.dualaid/com.excelliance.kxqp.swipe.NavActivity2 (has extras)} from uid 11422
06-24 15:30:17.824 I/ActivityManager(  657): ActivityRecord info: ActivityInfo{ec63ea com.excelliance.kxqp.swipe.NavActivity2}
06-24 15:30:17.825 V/WindowManager(  657): findFocusedWindow: AppWindowToken{d3a938b token=Token{377755a ActivityRecord{d5c9105 u0 com.huawei.android.launcher/.unihome.UniHomeLauncher t15658}}} below Reached focused app=AppWindowToken{2c8be9c token=Token{3600e0f ActivityRecord{91bf76e u0 com.excelliance.dualaid/com.excelliance.kxqp.ui.HelloActivity t16011}}}
06-24 15:30:17.826 V/WindowManager(  657): addAppToken: AppWindowToken{7b44534 token=Token{cb1b007 ActivityRecord{2378646 u0 com.excelliance.dualaid/com.excelliance.kxqp.swipe.NavActivity2 t16011}}} controller={TaskWindowContainerController taskId=16011} at 2147483647
06-24 15:30:17.827 W/libc    (  493): Set property "hw.wifi.dns_stat" to "28914,24688,5028,1,51957"
06-24 15:30:17.831 V/ActivityManager(  657): startProcess: name=com.excelliance.dualaid app=null knownToBeDead=true thread=null pid=-1
06-24 15:30:17.832 D/PMS1000 (  657): package:com.excelliance.dualaid, input flags:0, output hwFlags:0
06-24 15:30:17.838 I/ActivityManager(  657): Start proc 31025:com.excelliance.dualaid/u0a1422 for service com.excelliance.dualaid/com.excelliance.kxqp.SmtServService
06-24 15:30:17.839 I/        (31025): power log dlsym ok
06-24 15:30:17.841 I/zygote  (31025): Reinit property: dalvik.vm.checkjni= false
06-24 15:30:17.845 D/HwNetworkManagementService(  657): code == CODE_GET_AD_KEY_LIST
06-24 15:30:17.845 D/HwNetworkManagementService(  657): appName = com.excelliance.dualaid  is not in the mAdViewMap! reply none
06-24 15:30:17.845 D/HwNetworkManagementService(  657): appName = com.excelliance.dualaid  is not in the mAdIdMap! reply none
06-24 15:30:17.848 D/ActivityThread(31000): add activity client record, r= ActivityRecord{cbe2ddc token=android.os.BinderProxy@d13fa03 {com.excelliance.dualaid/com.excelliance.kxqp.ui.HelloActivity}} token= android.os.BinderProxy@d13fa03
06-24 15:30:17.849 V/WindowManager(  657): No longer Stopped: AppWindowToken{7b44534 token=Token{cb1b007 ActivityRecord{2378646 u0 com.excelliance.dualaid/com.excelliance.kxqp.swipe.NavActivity2 t16011}}}
06-24 15:30:17.849 V/WindowManager(  657): No longer Stopped: AppWindowToken{7b44534 token=Token{cb1b007 ActivityRecord{2378646 u0 com.excelliance.dualaid/com.excelliance.kxqp.swipe.NavActivity2 t16011}}}
06-24 15:30:17.854 V/WindowManager(  657): Checking 1 opening apps (frozen=false timeout=false)...
06-24 15:30:17.854 D/ActivityThread(31025): ActivityThread,attachApplication
06-24 15:30:17.854 V/WindowManager(  657): Check opening app=AppWindowToken{7b44534 token=Token{cb1b007 ActivityRecord{2378646 u0 com.excelliance.dualaid/com.excelliance.kxqp.swipe.NavActivity2 t16011}}}: allDrawn=false startingDisplayed=false startingMoved=false isRelaunching()=false
06-24 15:30:17.855 D/ActivityManager(  657): ActivityManagerService,attachApplication,callingPid = 31025
06-24 15:30:17.857 D/HwCust  (31000): Create obj success use class android.app.HwCustActivityImpl
06-24 15:30:17.857 D/HwCust  (31000): Create obj success use class android.app.HwCustHwWallpaperManagerImpl
06-24 15:30:17.859 V/ActivityThread(31000): ActivityThread,callActivityOnCreate
06-24 15:30:17.862 W//system/bin/hwservicemanager(  416): Cannot open /odm/manifest.xml
06-24 15:30:17.863 W/X509TrustManager(31000): checkServerTrusted: SignatureException:null
06-24 15:30:17.864 W/X509TrustManager(31000): checkServerTrusted: SignatureException:error:04000073:RSA routines:OPENSSL_internal:DATA_TOO_LARGE_FOR_MODULUS
06-24 15:30:17.865 D/NavActivity2(31000): onCreate
06-24 15:30:17.869 D/PMS11422(  657): package:com.excelliance.dualaid, input flags:128, output hwFlags:0
06-24 15:30:17.870 W/Utils   (31000): Utils_isSuperResolutionSupport [load libai_client.so failed]
06-24 15:30:17.872 D/CubicBezierInterpolator(31000): CubicBezierInterpolator  mControlPoint1x = 0.23, mControlPoint1y = 0.06, mControlPoint2x = 0.09, mControlPoint2y = 0.97
06-24 15:30:17.872 D/CubicBezierInterpolator(31000): CubicBezierInterpolator  mControlPoint1x = 0.6, mControlPoint1y = 0.9, mControlPoint2x = 0.8, mControlPoint2y = 1.0
06-24 15:30:17.872 D/CubicBezierInterpolator(31000): CubicBezierInterpolator  mControlPoint1x = 0.23, mControlPoint1y = 0.06, mControlPoint2x = 0.09, mControlPoint2y = 0.97
06-24 15:30:17.872 D/CubicBezierInterpolator(31000): CubicBezierInterpolator  mControlPoint1x = 0.6, mControlPoint1y = 0.9, mControlPoint2x = 0.8, mControlPoint2y = 1.0
06-24 15:30:17.873 D/CubicBezierInterpolator(31000): CubicBezierInterpolator  mControlPoint1x = 0.23, mControlPoint1y = 0.06, mControlPoint2x = 0.09, mControlPoint2y = 0.97
06-24 15:30:17.873 D/CubicBezierInterpolator(31000): CubicBezierInterpolator  mControlPoint1x = 0.6, mControlPoint1y = 0.9, mControlPoint2x = 0.8, mControlPoint2y = 1.0
06-24 15:30:17.873 D/CubicBezierInterpolator(31000): CubicBezierInterpolator  mControlPoint1x = 0.23, mControlPoint1y = 0.06, mControlPoint2x = 0.09, mControlPoint2y = 0.97
06-24 15:30:17.873 D/CubicBezierInterpolator(31000): CubicBezierInterpolator  mControlPoint1x = 0.6, mControlPoint1y = 0.9, mControlPoint2x = 0.8, mControlPoint2y = 1.0
06-24 15:30:17.879 D/HwRTBlurUtils(31000): check blur style for HwPhoneWindow-, themeResId : 0x7f0e000a, context : com.excelliance.kxqp.swipe.NavActivity2@794246b, Nhwext : 0, get Blur : disable with , null
06-24 15:30:17.879 D/HwRTBlurUtils(31000): check blur style for HwPhoneWindow-, themeResId : 0x7f0e000a, context : com.excelliance.kxqp.swipe.NavActivity2@794246b, Nhwext : 0, get Blur : disable with , null
06-24 15:30:17.879 E/test    (31000): hw notch screen flag api error
06-24 15:30:17.880 W//system/bin/hwservicemanager(  416): Cannot open /odm/manifest.xml
06-24 15:30:17.881 I/GRALLOC (  679): 	 shrFd=10,fmt=0x1,intFmt=0x1,btStrd=256,size=4096,pid=679 
06-24 15:30:17.881 I/GRALLOC (  679): 	 yuv=2,w=16,h=16,Stride u=0 v=0,offset u=0 v=0 
06-24 15:30:17.881 I/GRALLOC (  679): 	 iova_size=4096,conUsg=0x100,proUsg=0x100,	 strd=64,[afbc]HdrStrd=0 PyldStrd=0 Scrmbl=0,ionhnd = 1 
06-24 15:30:17.881 D/ActivityThread(31000): add activity client record, r= ActivityRecord{414755e token=android.os.BinderProxy@31abee5 {com.excelliance.dualaid/com.excelliance.kxqp.swipe.NavActivity2}} token= android.os.BinderProxy@31abee5
06-24 15:30:17.883 E/ViewUtils(31000): setBgColor: view==null:top
06-24 15:30:17.885 D/HwFLClassLoader(31025): get used feature list :/feature/used-list failed!
06-24 15:30:17.885 D/HwFLClassLoader(31025): USE_FEATURE_LIST had not init! 
06-24 15:30:17.892 D/OpenGLRenderer(31000):   HWUI Binary is  enabled
06-24 15:30:17.893 D/SurfaceFlinger(  710): SurfaceFlinger: getDisplayConfigs--3.000000, 1080, 1920
06-24 15:30:17.893 I/chatty  (  710): uid=1000(system) Binder:710_3 identical 1 line
06-24 15:30:17.893 D/SurfaceFlinger(  710): SurfaceFlinger: getDisplayConfigs--3.000000, 1080, 1920
06-24 15:30:17.894 D/OpenGLRenderer(31000): HWUI GL Pipeline
06-24 15:30:17.898 V/WindowManager(  657): Adding Window{215c61b u0 com.excelliance.dualaid/com.excelliance.kxqp.swipe.NavActivity2} to AppWindowToken{7b44534 token=Token{cb1b007 ActivityRecord{2378646 u0 com.excelliance.dualaid/com.excelliance.kxqp.swipe.NavActivity2 t16011}}}
06-24 15:30:17.898 V/WindowManager(  657): addWindow: New client android.os.BinderProxy@f6c982a: window=Window{215c61b u0 com.excelliance.dualaid/com.excelliance.kxqp.swipe.NavActivity2} Callers=com.android.server.wm.HwWindowManagerService.addWindow:562 com.android.server.wm.Session.addToDisplay:199 android.view.IWindowSession$Stub.onTransact:124 com.android.server.wm.Session.onTransact:161 android.os.Binder.execTransact:675 
06-24 15:30:17.900 D/PMS11422(  657): package:com.excelliance.dualaid, input flags:128, output hwFlags:0
06-24 15:30:17.904 D/PMS11422(  657): package:com.excelliance.dualaid, input flags:128, output hwFlags:0
06-24 15:30:17.904 D/HttpUtils(31000): getResponseCode():200
06-24 15:30:17.904 D/WHEG    (31000): {"status":"0","controls":"","skip":"0"}
06-24 15:30:17.907 E/memtrack(26506): Couldn't load memtrack module
06-24 15:30:17.907 W/android.os.Debug(26506): failed to get memory consumption info: -1
06-24 15:30:17.908 D/HwGalleryCacheManagerImpl(31000): mIsEffect:false
06-24 15:30:17.908 D/PMS11422(  657): package:com.excelliance.dualaid, input flags:128, output hwFlags:0
06-24 15:30:17.909 V/WindowManager(  657): Checking 1 opening apps (frozen=false timeout=false)...
06-24 15:30:17.909 V/WindowManager(  657): Check opening app=AppWindowToken{7b44534 token=Token{cb1b007 ActivityRecord{2378646 u0 com.excelliance.dualaid/com.excelliance.kxqp.swipe.NavActivity2 t16011}}}: allDrawn=false startingDisplayed=false startingMoved=false isRelaunching()=false
06-24 15:30:17.913 D/PMS11422(  657): package:com.excelliance.dualaid, input flags:128, output hwFlags:0
06-24 15:30:17.953 D/HwRecentsLockUtils( 1513): Search
06-24 15:30:17.953 E/HsmCoreServiceImpl( 1478): onTransact in code is: 103
06-24 15:30:17.953 I/MediaProcessHandler( 1478): playingUids: 
06-24 15:30:17.926 I/chatty  (  657): uid=1000(system) Binder:657_4 identical 5 lines
06-24 15:30:17.926 D/PMS11422(  657): package:com.excelliance.dualaid, input flags:128, output hwFlags:0
06-24 15:30:17.953 D/ActivityManager(  657): Skipping, home or recents stack task: TaskRecord{333215f #15658 A=com.huawei.android.launcher U=0 StackId=0 sz=1}
06-24 15:30:17.953 D/ActivityManager(  657): Skipping intent:act=android.intent.action.MAIN cat=[android.intent.category.LAUNCHER] flg=0x10a00000 cmp=io.appium.settings/.Settings
06-24 15:30:17.953 D/ActivityManager(  657): Skipping intent:flg=0x10804000 cmp=com.android.systemui/.recents.RecentsActivity bnds=[48,928][1032,2296]
06-24 15:30:17.953 D/ActivityManager(  657): Skipping intent:flg=0x18800000 cmp=com.tencent.mm/.plugin.base.stub.WXPayEntryActivity
06-24 15:30:17.953 D/ActivityManager(  657): Skipping intent:flg=0x10800000 cmp=com.huawei.systemmanager/com.huawei.permissionmanager.ui.MainActivity
06-24 15:30:17.953 D/ActivityManager(  657): Skipping intent:flg=0x18800000 cmp=com.tencent.mm/.plugin.base.stub.WXEntryActivity
06-24 15:30:17.953 D/ActivityManager(  657): Skipping intent:act=com.huawei.action.VOICE_ASSISTANT flg=0x10800000 pkg=com.huawei.vassistant cmp=com.huawei.vassistant/.ui.main.VAssistantActivity
06-24 15:30:17.953 D/ActivityManager(  657): Skipping intent:act=com.huawei.android.launcher.action.ACCESS_SPLIT_SCREEN_APP cat=[android.intent.category.DEFAULT] flg=0x10804000 cmp=com.huawei.android.launcher/.splitscreen.SplitScreenAppActivity
06-24 15:30:17.954 D/ActivityManager(  657): Skipping intent:flg=0x10800000 pkg=com.excelliance.dualaid.b64 cmp=com.excelliance.dualaid.b64/com.excelliance.kxqp.sdk.PermissionRequestActivity
06-24 15:30:17.954 D/ActivityManager(  657): Skipping intent:act=android.intent.action.VIEW dat=content://com.excelliance.dualaid.fileProvider/external_storage_root/Download/apk/Multiple_64.apk typ=application/vnd.android.package-archive flg=0x10800001 cmp=com.android.packageinstaller/.InstallStart
06-24 15:30:17.954 D/ActivityManager(  657): Skipping intent:flg=0x10800000 cmp=com.android.systemui/.usb.HwUsbDebuggingActivity
06-24 15:30:17.954 D/ActivityManager(  657): Skipping intent:act=android.deviceinfo.chooser.action.LAUNCH flg=0x10800000 hwFlg=0x100 pkg=com.android.settings cmp=com.android.settings/.deviceinfo.UsbConnModeChooserActivity
06-24 15:30:17.954 D/ActivityManager(  657): Skipping intent:flg=0x10800000 cmp=com.zol.android/.push.KeepLiveActivity
06-24 15:30:17.954 D/ActivityManager(  657): Skipping intent:act=android.intent.action.MAIN cat=[android.intent.category.HOME] flg=0x10800300 cmp=com.android.settings/.FallbackHome
06-24 15:30:17.982 D/MainActivity(31000): instantiateItem: 2	android.widget.RelativeLayout{d00e2b1 V.E...... ......I. 0,0-0,0}
06-24 15:30:17.983 D/MainActivity(31000): initPage3: 
06-24 15:30:17.985 I/zygote  (31025): Compiler allocated 4MB to compile boolean com.excelliance.kxqp.KXQPApplication.b(int)
06-24 15:30:17.987 V/WindowManager(  657): Checking 1 opening apps (frozen=false timeout=false)...
06-24 15:30:17.987 V/WindowManager(  657): Check opening app=AppWindowToken{7b44534 token=Token{cb1b007 ActivityRecord{2378646 u0 com.excelliance.dualaid/com.excelliance.kxqp.swipe.NavActivity2 t16011}}}: allDrawn=false startingDisplayed=false startingMoved=false isRelaunching()=false
06-24 15:30:17.989 V/HwPhoneWindowManager(  657): updateSystemUiColorLw window=Window{215c61b u0 com.excelliance.dualaid/com.excelliance.kxqp.swipe.NavActivity2},EmuiStyle=0,StatusBarColor=0xff000000,NavigationBarColor=0xff000000, mLastIsEmuiLightStyle=-1
06-24 15:30:17.989 D/HwPhoneWindowManager(  657): Transact:setSystemUIColor to status bar service
06-24 15:30:17.989 I/CommandQueue( 1513): updateBarBgColor
06-24 15:30:17.989 D/CommandQueue( 1513): CommandQueue, setBarBackgroundColor
06-24 15:30:17.991 V/WindowManager(  657): Checking 1 opening apps (frozen=false timeout=false)...
06-24 15:30:17.991 V/WindowManager(  657): Check opening app=AppWindowToken{7b44534 token=Token{cb1b007 ActivityRecord{2378646 u0 com.excelliance.dualaid/com.excelliance.kxqp.swipe.NavActivity2 t16011}}}: allDrawn=false startingDisplayed=false startingMoved=false isRelaunching()=false
06-24 15:30:17.993 I/GRALLOC (  679): 	 shrFd=10,fmt=0x1,intFmt=0x200000001,btStrd=4352,size=8486912,pid=679 
06-24 15:30:17.993 I/GRALLOC (  679): 	 yuv=2,w=1080,h=1920,Stride u=0 v=0,offset u=0 v=0 
06-24 15:30:17.993 I/GRALLOC (  679): 	 iova_size=8486912,conUsg=0x900,proUsg=0x900,	 strd=1088,[afbc]HdrStrd=1088 PyldStrd=69632 Scrmbl=2,ionhnd = 1 
06-24 15:30:17.994 D/TintManager( 1513): statusBarIconTint=#99FFFFFF,navigationBarIconTint=#FF000000
06-24 15:30:17.995 D/MainActivity(31000): run: initPage3
06-24 15:30:17.996 I/GRALLOC (  679): 	 shrFd=10,fmt=0x1,intFmt=0x200000001,btStrd=4352,size=8486912,pid=679 
06-24 15:30:17.996 I/GRALLOC (  679): 	 yuv=2,w=1080,h=1920,Stride u=0 v=0,offset u=0 v=0 
06-24 15:30:17.996 I/GRALLOC (  679): 	 iova_size=8486912,conUsg=0x900,proUsg=0x900,	 strd=1088,[afbc]HdrStrd=1088 PyldStrd=69632 Scrmbl=2,ionhnd = 1 
06-24 15:30:17.996 V/MainActivity(31000): onWindowFocusChanged: true
06-24 15:30:17.997 I/OpenGLRenderer(31000): Initialized EGL, version 1.4
06-24 15:30:17.998 D/OpenGLRenderer(31000): Swap behavior 2
06-24 15:30:17.998 W/InputMethodManager(31000): startInputReason = 1
06-24 15:30:17.998 I/GRALLOC (  679): 	 shrFd=10,fmt=0x1,intFmt=0x200000001,btStrd=4352,size=8486912,pid=679 
06-24 15:30:17.998 I/GRALLOC (  679): 	 yuv=2,w=1080,h=1920,Stride u=0 v=0,offset u=0 v=0 
06-24 15:30:17.998 I/GRALLOC (  679): 	 iova_size=8486912,conUsg=0x900,proUsg=0x900,	 strd=1088,[afbc]HdrStrd=1088 PyldStrd=69632 Scrmbl=2,ionhnd = 1 
06-24 15:30:18.002 W/InputMethodManager(31000): startInputReason = 5
06-24 15:30:18.004 D/mali_winsys(31000): EGLint new_window_surface(egl_winsys_display *, void *, EGLSurface, EGLConfig, egl_winsys_surface **, egl_color_buffer_format *, EGLBoolean) returns 0x3000
06-24 15:30:18.004 E/vndksupport(31000): Could not load vendor/lib/egl/libGLES_mali_v2.so from sphal namespace: dlopen failed: library "vendor/lib/egl/libGLES_mali_v2.so" not found.
06-24 15:30:18.004 I/wangchen( 7035): SysInfo.getSysParam: orientation=1||config d=3.0,w=1080,h=1920||metrics d=3.0,w=1080,h=1920||sdk=26,bar_h=72
06-24 15:30:18.004 I/KeymapLoader( 7035): w=1080 h=1920 ori=true appScale=3.3 s1=3.0
06-24 15:30:18.009 D/StatusBarIconController( 1513): setIconVisibility icon is null or visibility not change visibility=false
06-24 15:30:18.017 D/PMS11422(  657): package:com.excelliance.dualaid, input flags:128, output hwFlags:0
06-24 15:30:18.020 I/GRALLOC (  679): 	 shrFd=10,fmt=0x1,intFmt=0x200000001,btStrd=4352,size=8486912,pid=679 
06-24 15:30:18.020 I/GRALLOC (  679): 	 yuv=2,w=1080,h=1920,Stride u=0 v=0,offset u=0 v=0 
06-24 15:30:18.020 I/GRALLOC (  679): 	 iova_size=8486912,conUsg=0xb00,proUsg=0xb00,	 strd=1088,[afbc]HdrStrd=1088 PyldStrd=69632 Scrmbl=2,ionhnd = 1 
06-24 15:30:18.024 D/PMS11422(  657): package:com.excelliance.dualaid, input flags:128, output hwFlags:0
06-24 15:30:18.030 D/WindowManager(  657): finishDrawingWindow: Window{215c61b u0 com.excelliance.dualaid/com.excelliance.kxqp.swipe.NavActivity2} mDrawState=DRAW_PENDING
06-24 15:30:18.032 V/WindowManager(  657): Checking 1 opening apps (frozen=false timeout=false)...
06-24 15:30:18.032 V/WindowManager(  657): Check opening app=AppWindowToken{7b44534 token=Token{cb1b007 ActivityRecord{2378646 u0 com.excelliance.dualaid/com.excelliance.kxqp.swipe.NavActivity2 t16011}}}: allDrawn=true startingDisplayed=false startingMoved=false isRelaunching()=false
06-24 15:30:18.034 D/ImageWallpaper( 1513): onVisibilityChanged: mVisible, visible=true, false
06-24 15:30:18.034 D/ImageWallpaper( 1513): Visibility changed to visible=false
06-24 15:30:18.036 D/BarTransitions.HwPhoneStatusBarView( 1513): MODE_TRANSLUCENT -> MODE_TRANSPARENT animate=false
06-24 15:30:18.036 D/BarTransitions.HwPhoneStatusBarView( 1513): applyModeBackground oldMode=MODE_TRANSLUCENT newMode=MODE_TRANSPARENT animate=false
06-24 15:30:18.036 I/ActivityManager(  657): Displayed com.excelliance.dualaid/com.excelliance.kxqp.swipe.NavActivity2: +185ms (total +329ms)
06-24 15:30:18.041 E/BufferQueueProducer(  710): [com.huawei.android.launcher/com.huawei.android.launcher.unihome.UniHomeLauncher#0] disconnect: not connected (req=1)
06-24 15:30:18.041 I/WindowManager(  657): notifyAccessibilityButtonVisibilityChanged visible:false
06-24 15:30:18.041 W/libEGL  ( 2519): EGLNativeWindowType 0x74abe76010 disconnect failed
06-24 15:30:18.056 W/dex2oat (31067): Using default instruction set features for ARM CPU variant (default) using conservative defaults
06-24 15:30:18.057 I/dex2oat (31067): /system/bin/dex2oat -j4 --dex-file=/data/data/com.excelliance.dualaid/.platformcache/main.jar --output-vdex-fd=49 --oat-fd=50 --oat-location=/data/data/com.excelliance.dualaid/.platformcache/oat/arm/main.odex --compiler-filter=quicken
06-24 15:30:18.057 I/cutils-trace(31067): atrace_init_once, trace_marker_path = /sys/kernel/debug/tracing/trace_marker
06-24 15:30:18.062 W/ActivityManager(  657): Sending non-protected broadcast huawei.action.floattasks.STATUS_BAR_STATE_CHANGED from system 1513:com.android.systemui/u0a39 pkg com.android.systemui
06-24 15:30:18.062 W/HwKeyguardDragHelper( 1513): AnimationBlocked
06-24 15:30:18.062 D/BarTransitions.HwPhoneStatusBarView( 1513): MODE_TRANSPARENT -> MODE_TRANSLUCENT animate=false
06-24 15:30:18.062 D/BarTransitions.HwPhoneStatusBarView( 1513): applyModeBackground oldMode=MODE_TRANSPARENT newMode=MODE_TRANSLUCENT animate=false
06-24 15:30:18.062 D/ActivityThread(31000): Remove activity client record, r= ActivityRecord{cbe2ddc token=android.os.BinderProxy@d13fa03 {com.excelliance.dualaid/com.excelliance.kxqp.ui.HelloActivity}} token= android.os.BinderProxy@d13fa03
06-24 15:30:18.062 D/BarTransitions.HwNavigationBarView( 1513): MODE_TRANSLUCENT -> MODE_OPAQUE animate=false
06-24 15:30:18.062 D/BarTransitions.HwNavigationBarView( 1513): applyModeBackground oldMode=MODE_TRANSLUCENT newMode=MODE_OPAQUE animate=false
06-24 15:30:18.065 V/WindowManager(  657): notifyAppStopped: AppWindowToken{d3a938b token=Token{377755a ActivityRecord{d5c9105 u0 com.huawei.android.launcher/.unihome.UniHomeLauncher t15658}}}
06-24 15:30:18.065 E/WindowManager(  657): win=Window{68d6975 u0 com.huawei.android.launcher/com.huawei.android.launcher.unihome.UniHomeLauncher} destroySurfaces: appStopped=true win.mWindowRemovalAllowed=false win.mRemoveOnExit=false
06-24 15:30:18.065 I/WindowManager(  657): Destroying surface Surface(name=com.huawei.android.launcher/com.huawei.android.launcher.unihome.UniHomeLauncher) called by com.android.server.wm.WindowStateAnimator.destroySurface:2060 com.android.server.wm.WindowStateAnimator.destroySurfaceLocked:873 com.android.server.wm.HwWindowStateAnimator.destroySurfaceLocked:1006 com.android.server.wm.WindowState.destroyOrSaveSurfaceUnchecked:2990 com.android.server.wm.WindowState.destroySurface:2951 com.android.server.wm.AppWindowToken.destroySurfaces:654 com.android.server.wm.AppWindowToken.destroySurfaces:638 com.android.server.wm.AppWindowToken.notifyAppStopped:682 
06-24 15:30:18.066 D/HwGameAssistantController(  657): pid=2519, uid=10056, foreground=false
06-24 15:30:18.066 V/WindowManager(  657): removeAppToken: AppWindowToken{2c8be9c token=Token{3600e0f ActivityRecord{91bf76e u0 com.excelliance.dualaid/com.excelliance.kxqp.ui.HelloActivity t16011}}} delayed=false Callers=com.android.server.wm.DisplayContent.removeAppToken:985 com.android.server.wm.AppWindowContainerController.removeContainer:348 com.android.server.am.ActivityRecord.removeWindowContainer:1039 com.android.server.am.ActivityStack.removeActivityFromHistoryLocked:4491 
06-24 15:30:18.067 W/AwareLog(  657): SchedLevelBoost: onFgActivitiesChanged config not set!
06-24 15:30:18.256 I/HwNormalizedSpline(  657): getEyeProtectionBrightnessLevel lux =239.0, mDefaultBrightnessFromLux =68.645
06-24 15:30:18.424 D/NetWorkUtils( 1513): mVSimCurCardType is -1
06-24 15:30:18.425 D/NetWorkUtils( 1513): mVSimCurCardType is -1
06-24 15:30:18.471 I/dex2oat (31067): dex2oat took 414.669ms (981.221ms cpu) (threads: 4) arena alloc=136KB (140136B) java alloc=2MB (3143720B) native alloc=4MB (4689272B) free=2MB (2126472B)
06-24 15:30:18.483 D/PMS11422(  657): package:com.excelliance.dualaid, input flags:128, output hwFlags:0
06-24 15:30:18.485 E/WifiHAL (  706): enter wifi_get_link_stats
06-24 15:30:18.488 D/PMS11422(  657): package:com.excelliance.dualaid, input flags:128, output hwFlags:0
06-24 15:30:18.494 E/wificond(  765): Failed to get NL80211_STA_INFO_CNAHLOAD
06-24 15:30:18.494 E/WificondControl(  657): Noise: -88, Snr: 0, Chload: -1
06-24 15:30:18.494 D/HwWifiCHRStateManager(  657): handleMessage : 1001
06-24 15:30:18.494 D/HwWifiCHRStateManager(  657): handleUpdateChannel:5805
06-24 15:30:18.494 V/HwWifiServiceFactory(  657): get AllImpl object = com.android.server.wifi.HwWifiServiceFactoryImpl@a390a53
06-24 15:30:18.495 D/WifiScoreReport(  657): Score = 100, wifiConnectivityManagerEnabled = false, lowScoreCount = 0
06-24 15:30:18.515 I/GRALLOC (  679): 	 shrFd=10,fmt=0x1,intFmt=0x200000001,btStrd=4352,size=8486912,pid=679 
06-24 15:30:18.515 I/GRALLOC (  679): 	 yuv=2,w=1080,h=1920,Stride u=0 v=0,offset u=0 v=0 
06-24 15:30:18.515 I/GRALLOC (  679): 	 iova_size=8486912,conUsg=0xb00,proUsg=0xb00,	 strd=1088,[afbc]HdrStrd=1088 PyldStrd=69632 Scrmbl=2,ionhnd = 1 
06-24 15:30:18.535 W/dex2oat (31094): Using default instruction set features for ARM CPU variant (default) using conservative defaults
06-24 15:30:18.535 I/dex2oat (31094): /system/bin/dex2oat -j4 --dex-file=/data/data/com.excelliance.dualaid/.platformcache/kxqpplatform2.jar --output-vdex-fd=50 --oat-fd=51 --oat-location=/data/data/com.excelliance.dualaid/.platformcache/oat/arm/kxqpplatform2.odex --compiler-filter=quicken
06-24 15:30:18.535 I/cutils-trace(31094): atrace_init_once, trace_marker_path = /sys/kernel/debug/tracing/trace_marker
06-24 15:30:18.566 I/GRALLOC (  679): 	 shrFd=10,fmt=0x1,intFmt=0x200000001,btStrd=4352,size=8486912,pid=679 
06-24 15:30:18.566 I/GRALLOC (  679): 	 yuv=2,w=1080,h=1920,Stride u=0 v=0,offset u=0 v=0 
06-24 15:30:18.566 I/GRALLOC (  679): 	 iova_size=8486912,conUsg=0xb00,proUsg=0xb00,	 strd=1088,[afbc]HdrStrd=1088 PyldStrd=69632 Scrmbl=2,ionhnd = 1 
06-24 15:30:18.784 I/dex2oat (31094): dex2oat took 249.074ms (420.549ms cpu) (threads: 4) arena alloc=3KB (3720B) java alloc=2MB (2283472B) native alloc=2MB (2315704B) free=3MB (3451464B)
06-24 15:30:18.795 D/PMS11422(  657): package:com.excelliance.dualaid, input flags:0, output hwFlags:0
06-24 15:30:18.804 E/MemoryLeakMonitorManager(31025): MemoryLeakMonitor.jar is not exist!
06-24 15:30:18.805 D/KXQPApplication(31025): run: initUserManager
06-24 15:30:18.805 D/CrashHandler(31025): CrashHandler
06-24 15:30:18.808 E/Minikin (31025): Could not get cmap table size!
06-24 15:30:18.808 D/PMS11422(  657): package:com.excelliance.dualaid, input flags:128, output hwFlags:0
06-24 15:30:18.816 D/AirPushService(31025): 第一次触发
06-24 15:30:18.816 D/SmtServService(31025): MSG_LOAD_PLT GameUtil.isPtLoaded() = false
06-24 15:30:18.818 I/HwCust  (31025): Constructor found for class android.net.HwCustConnectivityManagerImpl
06-24 15:30:18.818 D/HwCust  (31025): Create obj success use class android.net.HwCustConnectivityManagerImpl
06-24 15:30:18.819 D/NetworkStateReceiver(31025): netWorkConnected = true
06-24 15:30:18.819 D/AirPushUtils(31025): startPushInfo
06-24 15:30:18.821 D/AirPushService(31025): 第一次设置Alarm
06-24 15:30:18.821 D/AirPushService(31025): resetPushAlarm
06-24 15:30:18.821 D/PMS1000 (  657): package:com.excelliance.dualaid, input flags:8192, output hwFlags:0
06-24 15:30:18.821 D/AirPushService(31025): resetPushAlarm
06-24 15:30:18.823 D/PMS1001 (  657): package:com.excelliance.dualaid, input flags:0, output hwFlags:0
06-24 15:30:18.824 D/SmtServService(31025): pull info
06-24 15:30:18.824 D/SmtServService(31025): diffTime = 1529825418824
06-24 15:30:18.824 D/SmtServService(31025): pushInfoFromServer
06-24 15:30:18.829 D/PMS11422(  657): package:com.excelliance.dualaid, input flags:0, output hwFlags:0
06-24 15:30:18.830 D/AirPushPreferences(31025): setLastPushTime
06-24 15:30:18.840 I/zygote  (31000): Do partial code cache collection, code=27KB, data=27KB
06-24 15:30:18.840 I/zygote  (31000): After code cache collection, code=27KB, data=27KB
06-24 15:30:18.840 I/zygote  (31000): Increasing code cache capacity to 128KB
06-24 15:30:18.845 I/zygote  (31025): Do partial code cache collection, code=27KB, data=31KB
06-24 15:30:18.845 I/zygote  (31025): After code cache collection, code=11KB, data=18KB
06-24 15:30:18.845 I/zygote  (31025): Increasing code cache capacity to 128KB
06-24 15:30:18.846 D/launch-time-RU(31025): preload 24 classes cost 28ms
06-24 15:30:18.848 D/PMS11422(  657): package:com.excelliance.dualaid, input flags:128, output hwFlags:0
06-24 15:30:18.850 D/StatisticsManager(31025): Query time diff:1529825418850
06-24 15:30:18.857 I/chatty  (  657): uid=1000(system) Binder:657_4 identical 3 lines
06-24 15:30:18.857 D/PMS11422(  657): package:com.excelliance.dualaid, input flags:128, output hwFlags:0
06-24 15:30:18.860 D/PMS11422(  657): package:com.excelliance.dualaid, input flags:128, output hwFlags:0
06-24 15:30:18.869 D/StatisticsManager(31025): Query time diff:1529825418869
06-24 15:30:18.871 D/PMS11422(  657): package:com.excelliance.dualaid, input flags:128, output hwFlags:0
06-24 15:30:18.872 D/StatisticsManager(31025): Query time diff:1529825418872
06-24 15:30:18.873 I/chatty  (  657): uid=1000(system) Binder:657_4 identical 1 line
06-24 15:30:18.875 D/PMS11422(  657): package:com.excelliance.dualaid, input flags:128, output hwFlags:0
06-24 15:30:18.876 D/PMS11422(  657): package:com.excelliance.dualaid, input flags:128, output hwFlags:0
06-24 15:30:18.891 D/AirPushDBHelper(31025): onCreate: pushitemnew
06-24 15:30:18.893 D/AirPushDBHelper(31025): selection = type=? and index_=(select max(index_) from pushitemnew where type=?) , key = vip
06-24 15:30:18.893 D/AirPushDBHelper(31025): selection = type=? and index_=(select max(index_) from pushitemnew where type=?) , key = update
06-24 15:30:18.893 D/AirPushDBHelper(31025): selection = type=? and index_=(select max(index_) from pushitemnew where type=?) , key = officalActivity
06-24 15:30:18.894 D/AirPushDBHelper(31025): selection = type=? and index_=(select max(index_) from pushitemnew where type=?) , key = news
06-24 15:30:18.894 D/AirPushDBHelper(31025): selection = type=? and index_=(select max(index_) from pushitemnew where type=?) , key = target
06-24 15:30:18.895 D/AirPushDBHelper(31025): selection = type=? and index_=(select max(index_) from pushitemnew where type=?) , key = batch
06-24 15:30:18.895 D/AirPushDBHelper(31025): selection = type=? and index_=(select max(index_) from pushitemnew where type=?) , key = skipTarget
06-24 15:30:18.895 D/AirPushDBHelper(31025): selection = type=? and index_=(select max(index_) from pushitemnew where type=?) , key = thirdApp
06-24 15:30:18.896 D/PushItem(31025): indexJson = {}
06-24 15:30:18.896 D/AirPushService(31025): dataJson = {}
06-24 15:30:18.896 V/AirPushService(31025): ver :e30%3D%0A
06-24 15:30:18.896 D/VersionManager(31025): httpsRequest getURL = https://mto.multiopen.cn/pushmess.php?ver=466&mainver=231200&data=e30%3D%0A&wxCode=1321&subchid=1&sdkV=8.0.0&pkg=com.excelliance.dualaid&chid=10019&issl=1&compver=54302&wxVerName=6.6.7&vn=4.0.6&model=stf-al10&api=26&brand=honor&aid=f0c2426fc7560cf5
06-24 15:30:18.897 D/NetworkSecurityConfig(31025): No Network Security Config specified, using platform default
06-24 15:30:18.903 I/NetworkSpeedManagerEx( 1513): mIsStop = false
06-24 15:30:18.903 I/NetworkSpeedManagerEx( 1513):  runInThread getTetherStats
06-24 15:30:18.904 I/NetworkSpeedManagerEx( 1513):  runInUI refreshSpeed
06-24 15:30:18.904 I/NetworkSpeedManagerEx( 1513): value=1771.6666speed = 1.7
06-24 15:30:18.904 I/NetworkSpeedManagerEx( 1513): K/smIsShowLastSpeedValuefalse
06-24 15:30:18.904 I/NetworkSpeedView( 1513): /update(), speed=1.7
06-24 15:30:18.904 I/NetworkSpeedView( 1513): K/s parent class:class com.android.systemui.statusbar.HwSystemIcons
06-24 15:30:18.906 D/GameUtil(31025): getSDKDataParam totalmem:5.60GB
06-24 15:30:18.907 D/VersionManager(31025): httpsRequest getURL = https://folder.appota.cn/genuser.php?chid=10019&subchid=1&vc=466&type=4&data=tbCbI6ooWmOSi%2BhP8At3K55rUDjOXjUCTTE1Q7OqeVGzpiL1Dx8z2UKsv%2F2w066OKzL65VOc%2FHNVNculXvpkfbOlpWKAPUf5ryVSFynVNa8UucDwm5e36rJ6e2Kpu%2B5ykc4DARTfkZV4Ad5N96d4%2BjApQCWZuWchybogtHpbAp5JGb2oE4RYpIUqF8au1pxTSmwBdD5PozvBfX2%2Bj4RIW8u13M8ksM63bQoy2eR4WdDx%2BqZexoey63Hms3xqJyQkd3PFvljbOMDFV5%2BIsI0F%2B0cTu0Poz37kp440m4BdEnDxUpl%2F2SWQiyGENywr4rII2GFixGV6F3FTP2B6Iz%2Bp9XPgTT1Q8jOobYd0%2B7qf7bpZ2AyYZuCae%2FN%2FDrbd9ARIKpXrBwZ7SdplMO1nzphjQUqGRQMAlrO9Oa0Du6EV17%2FgN7YtgBzuJRHbP0GgVSdnIEYbOUnjg9adLEk2nhpRcwGYdX7bJ5%2FC%2FGVy8QMvFO%2FVJ5uAYH82VV6bvSarVkuFeotJT4yadRHbDkYGgVZfCDPVS%2FOPcQttSZtkoN3AjIdEC3B%2BjPtytpdTQYFvI9Ol&issl=1
06-24 15:30:18.941 W/X509TrustManager(31025): checkServerTrusted: SignatureException:null
06-24 15:30:18.941 W/X509TrustManager(31025): checkServerTrusted: SignatureException:error:04000073:RSA routines:OPENSSL_internal:DATA_TOO_LARGE_FOR_MODULUS
06-24 15:30:18.947 W/X509TrustManager(31025): checkServerTrusted: SignatureException:null
06-24 15:30:18.947 W/X509TrustManager(31025): checkServerTrusted: SignatureException:error:04000073:RSA routines:OPENSSL_internal:DATA_TOO_LARGE_FOR_MODULUS
06-24 15:30:18.956 I/TrafficMonitor(  657): update:rxPkts:21,txPkts:23,rxBytes:10779,txBytes:2264
06-24 15:30:18.956 I/TrafficMonitor(  657): start expired. level:-1
06-24 15:30:18.956 I/TrafficMonitor(  657): gettimer:interval=2000
