06-24 16:40:00.135 V/WindowManager(  657): Check opening app=AppWindowToken{2c739d6 token=Token{6cee9f1 ActivityRecord{a032d98 u0 com.excelliance.dualaid/com.excelliance.kxqp.swipe.NavActivity2 t16061}}}: allDrawn=true startingDisplayed=false startingMoved=false isRelaunching()=false
06-24 16:40:00.137 D/ImageWallpaper( 1513): onVisibilityChanged: mVisible, visible=true, false
06-24 16:40:00.137 D/ImageWallpaper( 1513): Visibility changed to visible=false
06-24 16:40:00.138 D/BarTransitions.HwPhoneStatusBarView( 1513): MODE_TRANSLUCENT -> MODE_TRANSPARENT animate=false
06-24 16:40:00.138 D/BarTransitions.HwPhoneStatusBarView( 1513): applyModeBackground oldMode=MODE_TRANSLUCENT newMode=MODE_TRANSPARENT animate=false
06-24 16:40:00.139 I/ActivityManager(  657): Displayed com.excelliance.dualaid/com.excelliance.kxqp.swipe.NavActivity2: +177ms (total +312ms)
06-24 16:40:00.149 E/BufferQueueProducer(  710): [com.huawei.android.launcher/com.huawei.android.launcher.unihome.UniHomeLauncher#0] disconnect: not connected (req=1)
06-24 16:40:00.149 W/libEGL  ( 2519): EGLNativeWindowType 0x74abe62010 disconnect failed
06-24 16:40:00.150 I/WindowManager(  657): notifyAccessibilityButtonVisibilityChanged visible:false
06-24 16:40:00.162 D/PMS11423(  657): package:com.excelliance.dualaid, input flags:128, output hwFlags:0
06-24 16:40:00.170 W/ActivityManager(  657): Sending non-protected broadcast huawei.action.floattasks.STATUS_BAR_STATE_CHANGED from system 1513:com.android.systemui/u0a39 pkg com.android.systemui
06-24 16:40:00.170 W/HwKeyguardDragHelper( 1513): AnimationBlocked
06-24 16:40:00.170 D/ActivityThread( 5557): Remove activity client record, r= ActivityRecord{cbe2ddc token=android.os.BinderProxy@d13fa03 {com.excelliance.dualaid/com.excelliance.kxqp.ui.HelloActivity}} token= android.os.BinderProxy@d13fa03
06-24 16:40:00.171 D/BarTransitions.HwPhoneStatusBarView( 1513): MODE_TRANSPARENT -> MODE_TRANSLUCENT animate=false
06-24 16:40:00.171 D/BarTransitions.HwPhoneStatusBarView( 1513): applyModeBackground oldMode=MODE_TRANSPARENT newMode=MODE_TRANSLUCENT animate=false
06-24 16:40:00.171 D/BarTransitions.HwNavigationBarView( 1513): MODE_TRANSLUCENT -> MODE_OPAQUE animate=false
06-24 16:40:00.171 D/BarTransitions.HwNavigationBarView( 1513): applyModeBackground oldMode=MODE_TRANSLUCENT newMode=MODE_OPAQUE animate=false
06-24 16:40:00.172 V/WindowManager(  657): notifyAppStopped: AppWindowToken{d3a938b token=Token{377755a ActivityRecord{d5c9105 u0 com.huawei.android.launcher/.unihome.UniHomeLauncher t15658}}}
06-24 16:40:00.172 E/WindowManager(  657): win=Window{68d6975 u0 com.huawei.android.launcher/com.huawei.android.launcher.unihome.UniHomeLauncher} destroySurfaces: appStopped=true win.mWindowRemovalAllowed=false win.mRemoveOnExit=false
06-24 16:40:00.173 I/WindowManager(  657): Destroying surface Surface(name=com.huawei.android.launcher/com.huawei.android.launcher.unihome.UniHomeLauncher) called by com.android.server.wm.WindowStateAnimator.destroySurface:2060 com.android.server.wm.WindowStateAnimator.destroySurfaceLocked:873 com.android.server.wm.HwWindowStateAnimator.destroySurfaceLocked:1006 com.android.server.wm.WindowState.destroyOrSaveSurfaceUnchecked:2990 com.android.server.wm.WindowState.destroySurface:2951 com.android.server.wm.AppWindowToken.destroySurfaces:654 com.android.server.wm.AppWindowToken.destroySurfaces:638 com.android.server.wm.AppWindowToken.notifyAppStopped:682 
06-24 16:40:00.174 V/WindowManager(  657): removeAppToken: AppWindowToken{7ed08fe token=Token{7cb5cb9 ActivityRecord{d820e80 u0 com.excelliance.dualaid/com.excelliance.kxqp.ui.HelloActivity t16061}}} delayed=false Callers=com.android.server.wm.DisplayContent.removeAppToken:985 com.android.server.wm.AppWindowContainerController.removeContainer:348 com.android.server.am.ActivityRecord.removeWindowContainer:1039 com.android.server.am.ActivityStack.removeActivityFromHistoryLocked:4491 
06-24 16:40:00.175 D/HwGameAssistantController(  657): pid=2519, uid=10056, foreground=false
06-24 16:40:00.176 W/AwareLog(  657): SchedLevelBoost: onFgActivitiesChanged config not set!
06-24 16:40:00.200 W/dex2oat ( 5627): Using default instruction set features for ARM CPU variant (default) using conservative defaults
06-24 16:40:00.201 I/dex2oat ( 5627): /system/bin/dex2oat -j4 --dex-file=/data/data/com.excelliance.dualaid/.platformcache/main.jar --output-vdex-fd=47 --oat-fd=48 --oat-location=/data/data/com.excelliance.dualaid/.platformcache/oat/arm/main.odex --compiler-filter=quicken
06-24 16:40:00.201 I/cutils-trace( 5627): atrace_init_once, trace_marker_path = /sys/kernel/debug/tracing/trace_marker
06-24 16:40:00.337 D/NetWorkUtils( 1513): mVSimCurCardType is -1
06-24 16:40:00.368 I/HwNormalizedSpline(  657): getEyeProtectionBrightnessLevel lux =239.0, mDefaultBrightnessFromLux =68.645
06-24 16:40:00.542 I/TrafficMonitor(  657): update:rxPkts:9,txPkts:11,rxBytes:4085,txBytes:1176
06-24 16:40:00.542 I/TrafficMonitor(  657): start expired. level:-1
06-24 16:40:00.542 I/TrafficMonitor(  657): gettimer:interval=2000
06-24 16:40:00.622 I/GRALLOC (  679): 	 shrFd=10,fmt=0x1,intFmt=0x200000001,btStrd=4352,size=8486912,pid=679 
06-24 16:40:00.622 I/GRALLOC (  679): 	 yuv=2,w=1080,h=1920,Stride u=0 v=0,offset u=0 v=0 
06-24 16:40:00.622 I/GRALLOC (  679): 	 iova_size=8486912,conUsg=0xb00,proUsg=0xb00,	 strd=1088,[afbc]HdrStrd=1088 PyldStrd=69632 Scrmbl=2,ionhnd = 1 
06-24 16:40:00.639 W/AlarmManager(  657): mIsScreenOn is: true, WAKEUP alarm talarm.operation == null,package name is: android listenerTag is: *job.delay* creator uid is: 1000
06-24 16:40:00.640 D/PGGoogleServicePolicy(  657): worksource has gms, prevent hold partial wakelock
06-24 16:40:00.640 D/PMS1000 (  657): package:com.android.email, input flags:1, output hwFlags:33554432
06-24 16:40:00.640 D/PMS1000 (  657): package:com.android.exchange, input flags:1, output hwFlags:0
06-24 16:40:00.640 D/PMS1000 (  657): package:com.google.android.gm, input flags:1, output is null
06-24 16:40:00.640 W/HwAlarmManagerService(  657): isContainsAppUidInWorksource-->happend NameNotFoundException
06-24 16:40:00.641 I/HwAlarmManagerService(  657): hwSetAlarm listenerTag: *job.delay*
06-24 16:40:00.641 I/JobScheduler.Time(  657): mNextDelayExpiredElapsedMillis: 112614516
06-24 16:40:00.642 D/JobServiceContext(  657): Scheduling time out for 'com.android.server.content.SyncJobService' jId: 102553, in 18 s
06-24 16:40:00.643 D/PGGoogleServicePolicy(  657): worksource has gms, prevent hold partial wakelock
06-24 16:40:00.643 D/JobServiceContext(  657): handleServiceBound for eb27ba1 #1000/102553 subscribedfeeds/com.google:android
06-24 16:40:00.643 D/JobServiceContext(  657): Scheduling time out for 'com.android.server.content.SyncJobService' jId: 102553, in 8 s
06-24 16:40:00.643 I/SyncManager(  657): SyncJobService->onStartJob:put job to map, jobid:102553
06-24 16:40:00.643 D/JobServiceContext(  657): doCallback of : JobStatus{eb27ba1 #1000/102553 subscribedfeeds/com.google:android u=0 s=10089 TIME=-4ms:none NET=1 PERSISTED READY} v:VERB_STARTING
06-24 16:40:00.643 D/JobServiceContext(  657): Scheduling time out for 'com.android.server.content.SyncJobService' jId: 102553, in 600 s
06-24 16:40:00.644 I/SyncManager(  657): SyncJobService->callJobFinished: remove job to map, jobid:102553
06-24 16:40:00.645 D/JobServiceContext(  657): Scheduling time out for 'com.android.server.content.SyncJobService' jId: 102553, in 8 s
06-24 16:40:00.646 D/JobServiceContext(  657): doCallback of : JobStatus{eb27ba1 #1000/102553 subscribedfeeds/com.google:android u=0 s=10089 TIME=-7ms:none NET=1 PERSISTED READY} v:VERB_STOPPING
06-24 16:40:00.649 I/SyncManager(  657): SyncJobService->onStopJob: remove job to map, jobid:102553
06-24 16:40:00.649 D/JobServiceContext(  657): Stale callback received, ignoring.
06-24 16:40:00.651 D/PMS1000 (  657): package:com.android.email, input flags:1, output hwFlags:33554432
06-24 16:40:00.651 D/PMS1000 (  657): package:com.android.exchange, input flags:1, output hwFlags:0
06-24 16:40:00.651 D/PMS1000 (  657): package:com.google.android.gm, input flags:1, output is null
06-24 16:40:00.652 W/HwAlarmManagerService(  657): isContainsAppUidInWorksource-->happend NameNotFoundException
06-24 16:40:00.655 I/HwAlarmManagerService(  657): hwSetAlarm listenerTag: *job.delay*
06-24 16:40:00.655 I/JobScheduler.Time(  657): mNextDelayExpiredElapsedMillis: 112349499
06-24 16:40:00.673 I/GRALLOC (  679): 	 shrFd=10,fmt=0x1,intFmt=0x200000001,btStrd=4352,size=8486912,pid=679 
06-24 16:40:00.673 I/GRALLOC (  679): 	 yuv=2,w=1080,h=1920,Stride u=0 v=0,offset u=0 v=0 
06-24 16:40:00.673 I/GRALLOC (  679): 	 iova_size=8486912,conUsg=0xb00,proUsg=0xb00,	 strd=1088,[afbc]HdrStrd=1088 PyldStrd=69632 Scrmbl=2,ionhnd = 1 
06-24 16:40:00.676 I/dex2oat ( 5627): dex2oat took 476.119ms (1.005s cpu) (threads: 4) arena alloc=51KB (53128B) java alloc=2MB (3143720B) native alloc=4MB (4692640B) free=2MB (2647392B)
06-24 16:40:00.688 D/PMS11423(  657): package:com.excelliance.dualaid, input flags:128, output hwFlags:0
06-24 16:40:00.729 W/dex2oat ( 5657): Using default instruction set features for ARM CPU variant (default) using conservative defaults
06-24 16:40:00.729 I/dex2oat ( 5657): /system/bin/dex2oat -j4 --dex-file=/data/data/com.excelliance.dualaid/.platformcache/kxqpplatform2.jar --output-vdex-fd=44 --oat-fd=48 --oat-location=/data/data/com.excelliance.dualaid/.platformcache/oat/arm/kxqpplatform2.odex --compiler-filter=quicken
06-24 16:40:00.729 I/cutils-trace( 5657): atrace_init_once, trace_marker_path = /sys/kernel/debug/tracing/trace_marker
06-24 16:40:00.738 E/WifiHAL (  706): enter wifi_get_link_stats
06-24 16:40:00.746 E/wificond(  765): Failed to get NL80211_STA_INFO_CNAHLOAD
06-24 16:40:00.747 E/WificondControl(  657): Noise: -92, Snr: 0, Chload: -1
06-24 16:40:00.747 D/HwWifiCHRStateManager(  657): handleMessage : 1001
06-24 16:40:00.747 D/HwWifiCHRStateManager(  657): handleUpdateChannel:5805
06-24 16:40:00.747 V/HwWifiServiceFactory(  657): get AllImpl object = com.android.server.wifi.HwWifiServiceFactoryImpl@a390a53
06-24 16:40:00.748 D/WifiScoreReport(  657): Score = 100, wifiConnectivityManagerEnabled = false, lowScoreCount = 0
06-24 16:40:00.808 I/zygote64(  657): Background concurrent copying GC freed 444062(23MB) AllocSpace objects, 102(2MB) LOS objects, 25% free, 69MB/93MB, paused 538us total 173.402ms
06-24 16:40:00.957 I/zygote  ( 5557): Do partial code cache collection, code=27KB, data=27KB
06-24 16:40:00.957 I/zygote  ( 5557): After code cache collection, code=27KB, data=27KB
06-24 16:40:00.957 I/zygote  ( 5557): Increasing code cache capacity to 128KB
06-24 16:40:00.960 I/dex2oat ( 5657): dex2oat took 230.847ms (488.861ms cpu) (threads: 4) arena alloc=3KB (3720B) java alloc=2MB (2283472B) native alloc=2MB (2320536B) free=3MB (3446632B)
06-24 16:40:00.972 D/PMS11423(  657): package:com.excelliance.dualaid, input flags:0, output hwFlags:0
06-24 16:40:00.985 E/MemoryLeakMonitorManager( 5582): MemoryLeakMonitor.jar is not exist!
06-24 16:40:00.985 D/KXQPApplication( 5582): run: initUserManager
06-24 16:40:00.985 D/CrashHandler( 5582): CrashHandler
06-24 16:40:00.987 E/Minikin ( 5582): Could not get cmap table size!
06-24 16:40:00.987 D/PMS11423(  657): package:com.excelliance.dualaid, input flags:128, output hwFlags:0
06-24 16:40:00.997 D/AirPushService( 5582): 第一次触发
06-24 16:40:01.001 D/SmtServService( 5582): MSG_LOAD_PLT GameUtil.isPtLoaded() = false
06-24 16:40:01.002 I/HwCust  ( 5582): Constructor found for class android.net.HwCustConnectivityManagerImpl
06-24 16:40:01.002 D/HwCust  ( 5582): Create obj success use class android.net.HwCustConnectivityManagerImpl
06-24 16:40:01.003 D/PMS1000 (  657): package:com.excelliance.dualaid, input flags:8192, output hwFlags:0
06-24 16:40:01.003 D/NetworkStateReceiver( 5582): netWorkConnected = true
06-24 16:40:01.003 D/AirPushUtils( 5582): startPushInfo
06-24 16:40:01.003 D/PMS1000 (  657): package:com.excelliance.dualaid, input flags:8192, output hwFlags:0
06-24 16:40:01.005 D/PMS1001 (  657): package:com.excelliance.dualaid, input flags:0, output hwFlags:0
06-24 16:40:01.007 D/AirPushService( 5582): 第一次设置Alarm
06-24 16:40:01.007 D/AirPushService( 5582): resetPushAlarm
06-24 16:40:01.008 D/PMS11423(  657): package:com.excelliance.dualaid, input flags:0, output hwFlags:0
06-24 16:40:01.009 D/SmtServService( 5582): pull info
06-24 16:40:01.009 D/SmtServService( 5582): diffTime = 1529829601009
06-24 16:40:01.009 D/SmtServService( 5582): pushInfoFromServer
06-24 16:40:01.012 D/AirPushPreferences( 5582): setLastPushTime
06-24 16:40:01.018 D/PMS11423(  657): package:com.excelliance.dualaid, input flags:128, output hwFlags:0
06-24 16:40:01.022 D/StatisticsManager( 5582): Query time diff:1529829601022
06-24 16:40:01.023 I/chatty  (  657): uid=1000(system) Binder:657_1C identical 2 lines
06-24 16:40:01.026 D/PMS11423(  657): package:com.excelliance.dualaid, input flags:128, output hwFlags:0
06-24 16:40:01.027 D/PMS11423(  657): package:com.excelliance.dualaid, input flags:128, output hwFlags:0
06-24 16:40:01.037 I/zygote  ( 5582): Do partial code cache collection, code=27KB, data=31KB
06-24 16:40:01.045 I/zygote  ( 5582): After code cache collection, code=11KB, data=18KB
06-24 16:40:01.045 I/zygote  ( 5582): Increasing code cache capacity to 128KB
06-24 16:40:01.047 D/launch-time-RU( 5582): preload 24 classes cost 40ms
06-24 16:40:01.049 D/PMS11423(  657): package:com.excelliance.dualaid, input flags:128, output hwFlags:0
06-24 16:40:01.050 D/PMS11423(  657): package:com.excelliance.dualaid, input flags:128, output hwFlags:0
06-24 16:40:01.052 D/StatisticsManager( 5582): Query time diff:1529829601052
06-24 16:40:01.052 D/PMS11423(  657): package:com.excelliance.dualaid, input flags:128, output hwFlags:0
06-24 16:40:01.054 I/chatty  (  657): uid=1000(system) Binder:657_D identical 3 lines
06-24 16:40:01.054 D/PMS11423(  657): package:com.excelliance.dualaid, input flags:128, output hwFlags:0
06-24 16:40:01.056 D/PMS11423(  657): package:com.excelliance.dualaid, input flags:128, output hwFlags:0
06-24 16:40:01.056 D/PMS11423(  657): package:com.excelliance.dualaid, input flags:128, output hwFlags:0
06-24 16:40:01.058 D/StatisticsManager( 5582): Query time diff:1529829601058
06-24 16:40:01.065 D/AirPushDBHelper( 5582): onCreate: pushitemnew
06-24 16:40:01.067 D/AirPushDBHelper( 5582): selection = type=? and index_=(select max(index_) from pushitemnew where type=?) , key = vip
06-24 16:40:01.067 D/AirPushDBHelper( 5582): selection = type=? and index_=(select max(index_) from pushitemnew where type=?) , key = update
06-24 16:40:01.067 D/AirPushDBHelper( 5582): selection = type=? and index_=(select max(index_) from pushitemnew where type=?) , key = officalActivity
06-24 16:40:01.068 D/AirPushDBHelper( 5582): selection = type=? and index_=(select max(index_) from pushitemnew where type=?) , key = news
06-24 16:40:01.068 D/AirPushDBHelper( 5582): selection = type=? and index_=(select max(index_) from pushitemnew where type=?) , key = target
06-24 16:40:01.068 D/AirPushDBHelper( 5582): selection = type=? and index_=(select max(index_) from pushitemnew where type=?) , key = batch
06-24 16:40:01.068 D/AirPushDBHelper( 5582): selection = type=? and index_=(select max(index_) from pushitemnew where type=?) , key = skipTarget
06-24 16:40:01.068 D/AirPushDBHelper( 5582): selection = type=? and index_=(select max(index_) from pushitemnew where type=?) , key = thirdApp
06-24 16:40:01.068 D/PushItem( 5582): indexJson = {}
06-24 16:40:01.068 D/AirPushService( 5582): dataJson = {}
06-24 16:40:01.069 V/AirPushService( 5582): ver :e30%3D%0A
06-24 16:40:01.069 D/VersionManager( 5582): httpsRequest getURL = https://mto.multiopen.cn/pushmess.php?ver=466&mainver=231200&data=e30%3D%0A&wxCode=1321&subchid=1&sdkV=8.0.0&pkg=com.excelliance.dualaid&chid=10019&issl=1&compver=54302&wxVerName=6.6.7&vn=4.0.6&model=stf-al10&api=26&brand=honor&aid=f0c2426fc7560cf5
06-24 16:40:01.070 D/NetworkSecurityConfig( 5582): No Network Security Config specified, using platform default
06-24 16:40:01.073 W/libc    (  493): Set property "hw.wifi.dns_stat" to "39414,34538,5028,1,53233"
06-24 16:40:01.101 D/GameUtil( 5582): getSDKDataParam totalmem:5.60GB
06-24 16:40:01.104 D/VersionManager( 5582): httpsRequest getURL = https://folder.appota.cn/genuser.php?chid=10019&subchid=1&vc=466&type=4&data=tbCbI6ooWmOSi%2BhP8At3K55rUDjOXjUCTTE1Q7OqeVGzpiL1Dx8z2UKsv%2F2w066OKzL65VOc%2FHNVNculXvpkfbOlpWKAPUf5ryVSFynVNa8UucDwm5e36rJ6e2Kpu%2B5ykc4DARTfkZV4Ad5N96d4%2BjApQCWZuWchybogtHpbAp5JGb2oE4RYpIUqF8au1pxTSmwBdD5PozvBfX2%2Bj4RIW8u13M8ksM63bQoy2eR4WdDx%2BqZexoey63Hms3xqJyQkd3PFvljbOMDFV5%2BIsI0F%2B0cTu0Poz37kp440m4BdEnDxUpl%2F2SWQiyGENywr4rII2GFixGV6F3FTP2B6Iz%2Bp9XPgTT1Q8jOobYd0%2B7qf7bpZ2AyYZuCae%2FN%2FDrbd9ARIKpXrBwZ7SdplMO1nzphjQUqGRQMAlrO9Oa0Du6EV17%2FgN7YtgBzuJRHbP0GgVSdnIEYbOUnjg9adLEk2nhpRcwGYdX7bJ5%2FC%2FGVy8QMvFO%2FVJ5uAYH82VV6bvSarVkuFeotJT4yadRHbDkYGgVZfCDPVS%2FOPcQttSZtkoN3AjIdEC3B%2BjPtytpdTQYFvI9Ol&issl=1
06-24 16:40:01.113 W/X509TrustManager( 5582): checkServerTrusted: SignatureException:null
06-24 16:40:01.113 W/X509TrustManager( 5582): checkServerTrusted: SignatureException:error:04000073:RSA routines:OPENSSL_internal:DATA_TOO_LARGE_FOR_MODULUS
06-24 16:40:01.132 D/PMS1000 (  657): package:com.excelliance.dualaid, input flags:1024, output hwFlags:0
06-24 16:40:01.132 I/ActivityManager(  657): Need to start process com.excelliance.dualaid:lbcore for provider ContentProviderInfo{name=com.excelliance.dualaid:com.excelliance.kxqp.platform.PluginManagerProvider className=com.excelliance.kxqp.platform.PluginManagerProvider}, callerApp: ProcessRecord{3f70457 5582:com.excelliance.dualaid/u0a1423}
06-24 16:40:01.132 V/ActivityManager(  657): startProcess: name=com.excelliance.dualaid:lbcore app=null knownToBeDead=false thread=null pid=-1
06-24 16:40:01.132 D/PMS1000 (  657): package:com.excelliance.dualaid, input flags:0, output hwFlags:0
06-24 16:40:01.141 W/X509TrustManager( 5582): checkServerTrusted: SignatureException:null
06-24 16:40:01.141 W/X509TrustManager( 5582): checkServerTrusted: SignatureException:error:04000073:RSA routines:OPENSSL_internal:DATA_TOO_LARGE_FOR_MODULUS
06-24 16:40:01.144 I/        ( 5714): power log dlsym ok
06-24 16:40:01.146 I/zygote  ( 5714): Reinit property: dalvik.vm.checkjni= false
06-24 16:40:01.146 I/ActivityManager(  657): Start proc 5714:com.excelliance.dualaid:lbcore/u0a1423 for content provider com.excelliance.dualaid/com.excelliance.kxqp.platform.PluginManagerProvider
06-24 16:40:01.146 V/ActivityManager_MU(  657): Waiting to start provider ContentProviderRecord{cf6f4c2 u0 com.excelliance.dualaid/com.excelliance.kxqp.platform.PluginManagerProvider} launchingApp=ProcessRecord{8c64d0d 5714:com.excelliance.dualaid:lbcore/u0a1423} caller pid= 5582
06-24 16:40:01.151 D/ActivityThread( 5714): ActivityThread,attachApplication
06-24 16:40:01.152 D/ActivityManager(  657): ActivityManagerService,attachApplication,callingPid = 5714
06-24 16:40:01.157 W//system/bin/hwservicemanager(  416): Cannot open /odm/manifest.xml
06-24 16:40:01.163 D/AirPushService( 5582): result = {"period":"r","vip":{"index_":"","data":""},"update":{"index_":"","data":""},"officalActivity":{"index_":"","data":""},"news":{"index_":"","data":""},"target":{"index_":"","data":""},"batch":{"index_":"","data":""},"skipTarget":{"index_":"","data":""},"thirdApp":{"index_":"","data":""}}
06-24 16:40:01.163 D/AirPushService( 5582): handleCheckerSaveToDB
06-24 16:40:01.163 D/AirPushUtils( 5582): startDbOver
06-24 16:40:01.166 D/SmtServService( 5582): db write over
06-24 16:40:01.168 D/SmtServService( 5582): gameCenterFirstStart = true
06-24 16:40:01.172 W//system/bin/hwservicemanager(  416): Cannot open /odm/manifest.xml
06-24 16:40:01.172 D/HwFLClassLoader( 5714): get used feature list :/feature/used-list failed!
06-24 16:40:01.172 D/HwFLClassLoader( 5714): USE_FEATURE_LIST had not init! 
06-24 16:40:01.173 I/GRALLOC (  679): 	 shrFd=10,fmt=0x1,intFmt=0x1,btStrd=256,size=4096,pid=679 
06-24 16:40:01.173 I/GRALLOC (  679): 	 yuv=2,w=16,h=16,Stride u=0 v=0,offset u=0 v=0 
06-24 16:40:01.173 I/GRALLOC (  679): 	 iova_size=4096,conUsg=0x100,proUsg=0x100,	 strd=64,[afbc]HdrStrd=0 PyldStrd=0 Scrmbl=0,ionhnd = 1 
06-24 16:40:01.184 D/PMS11423(  657): package:com.excelliance.dualaid, input flags:128, output hwFlags:0
06-24 16:40:01.210 D/VersionManager( 5582): uid=353
06-24 16:40:01.226 D/launch-time-RU( 5714): preload 24 classes cost 18ms
06-24 16:40:01.261 D/ActivityThread( 5714): Loading provider com.excelliance.dualaid:com.excelliance.kxqp.platform.PluginManagerProvider: com.excelliance.kxqp.platform.PluginManagerProvider
06-24 16:40:01.261 D/PMS11423(  657): package:com.excelliance.dualaid, input flags:0, output hwFlags:0
06-24 16:40:01.270 D/PMS1000 (  657): package:com.excelliance.dualaid, input flags:8192, output hwFlags:0
06-24 16:40:01.273 D/PMS1001 (  657): package:com.excelliance.dualaid, input flags:0, output hwFlags:0
06-24 16:40:01.278 D/PMS11423(  657): package:com.excelliance.dualaid, input flags:0, output hwFlags:0
06-24 16:40:01.280 D/PMS11423(  657): package:com.excelliance.dualaid:lbcore, input flags:0, output is null
06-24 16:40:01.282 I/Bluetooth_framework(  657): BluetoothManagerService:Added callback: android.bluetooth.IBluetoothManagerCallback$Stub$Proxy@17ad09:true pid = 5714
06-24 16:40:01.284 D/PMS11423(  657): package:com.excelliance.dualaid, input flags:128, output hwFlags:0
06-24 16:40:01.286 D/PMS11423(  657): package:com.excelliance.dualaid, input flags:128, output hwFlags:0
06-24 16:40:01.298 I/LBVMD-LBPMS( 5714): LBVMRT: version 54302:543.02
06-24 16:40:01.299 E/zygote  ( 5714): Invalid capacity given to EnsureLocalCapacity: 800
06-24 16:40:01.313 I/HwCust  ( 5714): Constructor found for class android.net.HwCustConnectivityManagerImpl
06-24 16:40:01.313 D/HwCust  ( 5714): Create obj success use class android.net.HwCustConnectivityManagerImpl
06-24 16:40:01.318 D/PMS11423(  657): package:com.excelliance.dualaid, input flags:0, output hwFlags:0
06-24 16:40:01.328 D/PMS11423(  657): package:com.excelliance.dualaid, input flags:0, output hwFlags:0
06-24 16:40:01.329 D/PMS11423(  657): package:com.excelliance.dualaid, input flags:0, output hwFlags:0
06-24 16:40:01.331 V/ActivityManager(  657): Successfully start provider ContentProviderRecord{cf6f4c2 u0 com.excelliance.dualaid/com.excelliance.kxqp.platform.PluginManagerProvider} launchingApp=ProcessRecord{8c64d0d 5714:com.excelliance.dualaid:lbcore/u0a1423} caller pid= 5582
06-24 16:40:01.331 E/MemoryLeakMonitorManager( 5714): MemoryLeakMonitor.jar is not exist!
06-24 16:40:01.332 I/Pged-IPgedBinderService(  769): ****action is 2, pid num is 7***
06-24 16:40:01.332 I/Pged-Freezer(  769): thawPids
06-24 16:40:01.332 E/MemoryLeakMonitorManager( 5714): MemoryLeakMonitor.jar is not exist!
06-24 16:40:01.333 D/KXQPApplication( 5714): run: initUserManager
06-24 16:40:01.335 E/MemoryLeakMonitorManager( 5582): MemoryLeakMonitor.jar is not exist!
06-24 16:40:01.335 E/Minikin ( 5714): Could not get cmap table size!
06-24 16:40:01.335 D/PMS11423(  657): package:com.excelliance.dualaid, input flags:128, output hwFlags:0
06-24 16:40:01.336 D/SmtServService( 5582): MSG_LOAD_PLT after msg.obj
06-24 16:40:01.336 V/HwWidgetFactory( 5714): : successes to get AllImpl object and return....
06-24 16:40:01.338 V/ActivityManager(  657): Attempted to start a foreground service (ComponentInfo{com.excelliance.dualaid/com.excelliance.kxqp.platform.TrampolineService}) with a broken notification (no icon: Notification(channel=null pri=0 contentView=null vibrate=null sound=null defaults=0x0 flags=0x40 color=0x00000000 vis=PRIVATE))
06-24 16:40:01.340 D/PgedBinderAdapter( 1699): unfrz ok, pid: [29457, 19894, 29531, 14942, 15544, 24379]
06-24 16:40:01.341 I/appium  (24379): Null child 6/19, parent: android.view.accessibility.AccessibilityNodeInfo@c4e5; boundsInParent: Rect(0, 0 - 1056, 1550); boundsInScreen: Rect(12, 0 - 1068, 1514); packageName: com.huawei.android.launcher; className: android.view.ViewGroup; text: null; error: null; maxTextLength: -1; contentDescription: null; viewIdResName: null; checkable: false; checked: false; focusable: false; focused: false; selected: false; clickable: false; longClickable: false; contextClickable: false; enabled: true; password: false; scrollable: false; importantForAccessibility: false; actions: [AccessibilityAction: ACTION_SELECT - null, AccessibilityAction: ACTION_CLEAR_SELECTION - null, AccessibilityAction: ACTION_ACCESSIBILITY_FOCUS - null, AccessibilityAction: ACTION_SHOW_ON_SCREEN - null]
06-24 16:40:01.342 I/appium  (24379): Null child 7/19, parent: android.view.accessibility.AccessibilityNodeInfo@c4e5; boundsInParent: Rect(0, 0 - 1056, 1550); boundsInScreen: Rect(12, 0 - 1068, 1514); packageName: com.huawei.android.launcher; className: android.view.ViewGroup; text: null; error: null; maxTextLength: -1; contentDescription: null; viewIdResName: null; checkable: false; checked: false; focusable: false; focused: false; selected: false; clickable: false; longClickable: false; contextClickable: false; enabled: true; password: false; scrollable: false; importantForAccessibility: false; actions: [AccessibilityAction: ACTION_SELECT - null, AccessibilityAction: ACTION_CLEAR_SELECTION - null, AccessibilityAction: ACTION_ACCESSIBILITY_FOCUS - null, AccessibilityAction: ACTION_SHOW_ON_SCREEN - null]
06-24 16:40:01.343 E/zygote  ( 5714): Invalid capacity given to EnsureLocalCapacity: 592
06-24 16:40:01.343 I/appium  (24379): Null child 8/19, parent: android.view.accessibility.AccessibilityNodeInfo@c4e5; boundsInParent: Rect(0, 0 - 1056, 1550); boundsInScreen: Rect(12, 0 - 1068, 1514); packageName: com.huawei.android.launcher; className: android.view.ViewGroup; text: null; error: null; maxTextLength: -1; contentDescription: null; viewIdResName: null; checkable: false; checked: false; focusable: false; focused: false; selected: false; clickable: false; longClickable: false; contextClickable: false; enabled: true; password: false; scrollable: false; importantForAccessibility: false; actions: [AccessibilityAction: ACTION_SELECT - null, AccessibilityAction: ACTION_CLEAR_SELECTION - null, AccessibilityAction: ACTION_ACCESSIBILITY_FOCUS - null, AccessibilityAction: ACTION_SHOW_ON_SCREEN - null]
06-24 16:40:01.345 I/appium  (24379): Null child 9/19, parent: android.view.accessibility.AccessibilityNodeInfo@c4e5; boundsInParent: Rect(0, 0 - 1056, 1550); boundsInScreen: Rect(12, 0 - 1068, 1514); packageName: com.huawei.android.launcher; className: android.view.ViewGroup; text: null; error: null; maxTextLength: -1; contentDescription: null; viewIdResName: null; checkable: false; checked: false; focusable: false; focused: false; selected: false; clickable: false; longClickable: false; contextClickable: false; enabled: true; password: false; scrollable: false; importantForAccessibility: false; actions: [AccessibilityAction: ACTION_SELECT - null, AccessibilityAction: ACTION_CLEAR_SELECTION - null, AccessibilityAction: ACTION_ACCESSIBILITY_FOCUS - null, AccessibilityAction: ACTION_SHOW_ON_SCREEN - null]
06-24 16:40:01.346 I/appium  (24379): Null child 10/19, parent: android.view.accessibility.AccessibilityNodeInfo@c4e5; boundsInParent: Rect(0, 0 - 1056, 1550); boundsInScreen: Rect(12, 0 - 1068, 1514); packageName: com.huawei.android.launcher; className: android.view.ViewGroup; text: null; error: null; maxTextLength: -1; contentDescription: null; viewIdResName: null; checkable: false; checked: false; focusable: false; focused: false; selected: false; clickable: false; longClickable: false; contextClickable: false; enabled: true; password: false; scrollable: false; importantForAccessibility: false; actions: [AccessibilityAction: ACTION_SELECT - null, AccessibilityAction: ACTION_CLEAR_SELECTION - null, AccessibilityAction: ACTION_ACCESSIBILITY_FOCUS - null, AccessibilityAction: ACTION_SHOW_ON_SCREEN - null]
06-24 16:40:01.347 I/appium  (24379): Null child 11/19, parent: android.view.accessibility.AccessibilityNodeInfo@c4e5; boundsInParent: Rect(0, 0 - 1056, 1550); boundsInScreen: Rect(12, 0 - 1068, 1514); packageName: com.huawei.android.launcher; className: android.view.ViewGroup; text: null; error: null; maxTextLength: -1; contentDescription: null; viewIdResName: null; checkable: false; checked: false; focusable: false; focused: false; selected: false; clickable: false; longClickable: false; contextClickable: false; enabled: true; password: false; scrollable: false; importantForAccessibility: false; actions: [AccessibilityAction: ACTION_SELECT - null, AccessibilityAction: ACTION_CLEAR_SELECTION - null, AccessibilityAction: ACTION_ACCESSIBILITY_FOCUS - null, AccessibilityAction: ACTION_SHOW_ON_SCREEN - null]
06-24 16:40:01.348 I/appium  (24379): Null child 12/19, parent: android.view.accessibility.AccessibilityNodeInfo@c4e5; boundsInParent: Rect(0, 0 - 1056, 1550); boundsInScreen: Rect(12, 0 - 1068, 1514); packageName: com.huawei.android.launcher; className: android.view.ViewGroup; text: null; error: null; maxTextLength: -1; contentDescription: null; viewIdResName: null; checkable: false; checked: false; focusable: false; focused: false; selected: false; clickable: false; longClickable: false; contextClickable: false; enabled: true; password: false; scrollable: false; importantForAccessibility: false; actions: [AccessibilityAction: ACTION_SELECT - null, AccessibilityAction: ACTION_CLEAR_SELECTION - null, AccessibilityAction: ACTION_ACCESSIBILITY_FOCUS - null, AccessibilityAction: ACTION_SHOW_ON_SCREEN - null]
06-24 16:40:01.349 I/appium  (24379): Null child 13/19, parent: android.view.accessibility.AccessibilityNodeInfo@c4e5; boundsInParent: Rect(0, 0 - 1056, 1550); boundsInScreen: Rect(12, 0 - 1068, 1514); packageName: com.huawei.android.launcher; className: android.view.ViewGroup; text: null; error: null; maxTextLength: -1; contentDescription: null; viewIdResName: null; checkable: false; checked: false; focusable: false; focused: false; selected: false; clickable: false; longClickable: false; contextClickable: false; enabled: true; password: false; scrollable: false; importantForAccessibility: false; actions: [AccessibilityAction: ACTION_SELECT - null, AccessibilityAction: ACTION_CLEAR_SELECTION - null, AccessibilityAction: ACTION_ACCESSIBILITY_FOCUS - null, AccessibilityAction: ACTION_SHOW_ON_SCREEN - null]
06-24 16:40:01.350 I/appium  (24379): Null child 14/19, parent: android.view.accessibility.AccessibilityNodeInfo@c4e5; boundsInParent: Rect(0, 0 - 1056, 1550); boundsInScreen: Rect(12, 0 - 1068, 1514); packageName: com.huawei.android.launcher; className: android.view.ViewGroup; text: null; error: null; maxTextLength: -1; contentDescription: null; viewIdResName: null; checkable: false; checked: false; focusable: false; focused: false; selected: false; clickable: false; longClickable: false; contextClickable: false; enabled: true; password: false; scrollable: false; importantForAccessibility: false; actions: [AccessibilityAction: ACTION_SELECT - null, AccessibilityAction: ACTION_CLEAR_SELECTION - null, AccessibilityAction: ACTION_ACCESSIBILITY_FOCUS - null, AccessibilityAction: ACTION_SHOW_ON_SCREEN - null]
06-24 16:40:01.351 I/appium  (24379): Null child 15/19, parent: android.view.accessibility.AccessibilityNodeInfo@c4e5; boundsInParent: Rect(0, 0 - 1056, 1550); boundsInScreen: Rect(12, 0 - 1068, 1514); packageName: com.huawei.android.launcher; className: android.view.ViewGroup; text: null; error: null; maxTextLength: -1; contentDescription: null; viewIdResName: null; checkable: false; checked: false; focusable: false; focused: false; selected: false; clickable: false; longClickable: false; contextClickable: false; enabled: true; password: false; scrollable: false; importantForAccessibility: false; actions: [AccessibilityAction: ACTION_SELECT - null, AccessibilityAction: ACTION_CLEAR_SELECTION - null, AccessibilityAction: ACTION_ACCESSIBILITY_FOCUS - null, AccessibilityAction: ACTION_SHOW_ON_SCREEN - null]
06-24 16:40:01.353 I/appium  (24379): Null child 16/19, parent: android.view.accessibility.AccessibilityNodeInfo@c4e5; boundsInParent: Rect(0, 0 - 1056, 1550); boundsInScreen: Rect(12, 0 - 1068, 1514); packageName: com.huawei.android.launcher; className: android.view.ViewGroup; text: null; error: null; maxTextLength: -1; contentDescription: null; viewIdResName: null; checkable: false; checked: false; focusable: false; focused: false; selected: false; clickable: false; longClickable: false; contextClickable: false; enabled: true; password: false; scrollable: false; importantForAccessibility: false; actions: [AccessibilityAction: ACTION_SELECT - null, AccessibilityAction: ACTION_CLEAR_SELECTION - null, AccessibilityAction: ACTION_ACCESSIBILITY_FOCUS - null, AccessibilityAction: ACTION_SHOW_ON_SCREEN - null]
06-24 16:40:01.353 W/PackageParser( 5714): No actions in intent filter at /data/app/com.huawei.hwid-Sc7ADDdoDYIYREll7tj_iw==/base.apk Binary XML file line #1412
06-24 16:40:01.354 I/appium  (24379): Null child 17/19, parent: android.view.accessibility.AccessibilityNodeInfo@c4e5; boundsInParent: Rect(0, 0 - 1056, 1550); boundsInScreen: Rect(12, 0 - 1068, 1514); packageName: com.huawei.android.launcher; className: android.view.ViewGroup; text: null; error: null; maxTextLength: -1; contentDescription: null; viewIdResName: null; checkable: false; checked: false; focusable: false; focused: false; selected: false; clickable: false; longClickable: false; contextClickable: false; enabled: true; password: false; scrollable: false; importantForAccessibility: false; actions: [AccessibilityAction: ACTION_SELECT - null, AccessibilityAction: ACTION_CLEAR_SELECTION - null, AccessibilityAction: ACTION_ACCESSIBILITY_FOCUS - null, AccessibilityAction: ACTION_SHOW_ON_SCREEN - null]
06-24 16:40:01.355 I/appium  (24379): Null child 18/19, parent: android.view.accessibility.AccessibilityNodeInfo@c4e5; boundsInParent: Rect(0, 0 - 1056, 1550); boundsInScreen: Rect(12, 0 - 1068, 1514); packageName: com.huawei.android.launcher; className: android.view.ViewGroup; text: null; error: null; maxTextLength: -1; contentDescription: null; viewIdResName: null; checkable: false; checked: false; focusable: false; focused: false; selected: false; clickable: false; longClickable: false; contextClickable: false; enabled: true; password: false; scrollable: false; importantForAccessibility: false; actions: [AccessibilityAction: ACTION_SELECT - null, AccessibilityAction: ACTION_CLEAR_SELECTION - null, AccessibilityAction: ACTION_ACCESSIBILITY_FOCUS - null, AccessibilityAction: ACTION_SHOW_ON_SCREEN - null]
06-24 16:40:01.356 I/appium  (24379): Null child 2/3, parent: android.view.accessibility.AccessibilityNodeInfo@9b9a; boundsInParent: Rect(0, 0 - 1080, 1580); boundsInScreen: Rect(0, 0 - 1080, 1532); packageName: com.huawei.android.launcher; className: android.view.ViewGroup; text: null; error: null; maxTextLength: -1; contentDescription: null; viewIdResName: com.huawei.android.launcher:id/workspace_screen; checkable: false; checked: false; focusable: false; focused: false; selected: false; clickable: true; longClickable: true; contextClickable: false; enabled: true; password: false; scrollable: false; importantForAccessibility: true; actions: [AccessibilityAction: ACTION_SELECT - null, AccessibilityAction: ACTION_CLEAR_SELECTION - null, AccessibilityAction: ACTION_CLICK - null, AccessibilityAction: ACTION_LONG_CLICK - null, AccessibilityAction: ACTION_ACCESSIBILITY_FOCUS - null, AccessibilityAction: ACTION_SHOW_ON_SCREEN - null]
06-24 16:40:01.356 W/PackageParser( 5714): No actions in intent filter at /data/app/com.huawei.hwid-Sc7ADDdoDYIYREll7tj_iw==/base.apk Binary XML file line #1680
06-24 16:40:01.356 W/PackageParser( 5714): No actions in intent filter at /data/app/com.huawei.hwid-Sc7ADDdoDYIYREll7tj_iw==/base.apk Binary XML file line #1694
06-24 16:40:01.357 I/appium  (24379): Null child 3/4, parent: android.view.accessibility.AccessibilityNodeInfo@79d1; boundsInParent: Rect(2160, 0 - 3240, 1920); boundsInScreen: Rect(0, 0 - 1080, 1920); packageName: com.huawei.android.launcher; className: android.view.ViewGroup; text: null; error: null; maxTextLength: -1; contentDescription: 第 3 屏，共 4 屏; viewIdResName: com.huawei.android.launcher:id/workspace; checkable: false; checked: false; focusable: false; focused: false; selected: false; clickable: false; longClickable: false; contextClickable: false; enabled: true; password: false; scrollable: true; importantForAccessibility: true; actions: [AccessibilityAction: ACTION_SELECT - null, AccessibilityAction: ACTION_CLEAR_SELECTION - null, AccessibilityAction: ACTION_ACCESSIBILITY_FOCUS - null, AccessibilityAction: ACTION_NEXT_AT_MOVEMENT_GRANULARITY - null, AccessibilityAction: ACTION_PREVIOUS_AT_MOVEMENT_GRANULARITY - null, AccessibilityAction: ACTION_SET_SELECTION - null, AccessibilityAction: ACTION_SHOW_ON_SCREEN - null]
06-24 16:40:01.358 I/appium  (24379): Null child 1/4, parent: android.view.accessibility.AccessibilityNodeInfo@8c96; boundsInParent: Rect(0, 0 - 1080, 1920); boundsInScreen: Rect(0, 0 - 1080, 1920); packageName: com.huawei.android.launcher; className: android.widget.FrameLayout; text: null; error: null; maxTextLength: -1; contentDescription: null; viewIdResName: com.huawei.android.launcher:id/drag_layer; checkable: false; checked: false; focusable: false; focused: false; selected: false; clickable: false; longClickable: false; contextClickable: false; enabled: true; password: false; scrollable: false; importantForAccessibility: false; actions: [AccessibilityAction: ACTION_SELECT - null, AccessibilityAction: ACTION_CLEAR_SELECTION - null, AccessibilityAction: ACTION_ACCESSIBILITY_FOCUS - null, AccessibilityAction: ACTION_SHOW_ON_SCREEN - null]
06-24 16:40:01.359 I/appium  (24379): Null child 2/4, parent: android.view.accessibility.AccessibilityNodeInfo@8c96; boundsInParent: Rect(0, 0 - 1080, 1920); boundsInScreen: Rect(0, 0 - 1080, 1920); packageName: com.huawei.android.launcher; className: android.widget.FrameLayout; text: null; error: null; maxTextLength: -1; contentDescription: null; viewIdResName: com.huawei.android.launcher:id/drag_layer; checkable: false; checked: false; focusable: false; focused: false; selected: false; clickable: false; longClickable: false; contextClickable: false; enabled: true; password: false; scrollable: false; importantForAccessibility: false; actions: [AccessibilityAction: ACTION_SELECT - null, AccessibilityAction: ACTION_CLEAR_SELECTION - null, AccessibilityAction: ACTION_ACCESSIBILITY_FOCUS - null, AccessibilityAction: ACTION_SHOW_ON_SCREEN - null]
06-24 16:40:01.361 I/appium  (24379): Null child 3/4, parent: android.view.accessibility.AccessibilityNodeInfo@8c96; boundsInParent: Rect(0, 0 - 1080, 1920); boundsInScreen: Rect(0, 0 - 1080, 1920); packageName: com.huawei.android.launcher; className: android.widget.FrameLayout; text: null; error: null; maxTextLength: -1; contentDescription: null; viewIdResName: com.huawei.android.launcher:id/drag_layer; checkable: false; checked: false; focusable: false; focused: false; selected: false; clickable: false; longClickable: false; contextClickable: false; enabled: true; password: false; scrollable: false; importantForAccessibility: false; actions: [AccessibilityAction: ACTION_SELECT - null, AccessibilityAction: ACTION_CLEAR_SELECTION - null, AccessibilityAction: ACTION_ACCESSIBILITY_FOCUS - null, AccessibilityAction: ACTION_SHOW_ON_SCREEN - null]
06-24 16:40:01.361 I/appium  (24379): Fetch time: 1567ms
06-24 16:40:01.374 I/appium  (24379): AppiumResponse: {"sessionId":"12d3f873-0ea4-4775-928a-9964d13dcd6c","status":0,"value":"<?xml version=\"1.0\" encoding=\"UTF-8\"?><hierarchy rotation=\"0\"><android.widget.FrameLayout index=\"0\" text=\"\" class=\"android.widget.FrameLayout\" package=\"com.huawei.android.launcher\" content-desc=\"\" checkable=\"false\" checked=\"false\" clickable=\"false\" enabled=\"true\" focusable=\"false\" focused=\"false\" scrollable=\"false\" long-clickable=\"false\" password=\"false\" selected=\"false\" bounds=\"[0,0][1080,1920]\" resource-id=\"\" instance=\"0\"><android.widget.LinearLayout index=\"0\" text=\"\" class=\"android.widget.LinearLayout\" package=\"com.huawei.android.launcher\" content-desc=\"\" checkable=\"false\" checked=\"false\" clickable=\"false\" enabled=\"true\" focusable=\"false\" focused=\"false\" scrollable=\"false\" long-clickable=\"false\" password=\"false\" selected=\"false\" bounds=\"[0,0][1080,1920]\" resource-id=\"\" instance=\"0\"><android.widget.FrameLayout index=\"0\" text=\"\" class=\"android.widget.FrameLayout\" package=\"com.huawei.android.launcher\" content-desc=\"\" checkable=\"false\" checked=\"false\" clickable=\"false\" enabled=\"true\" focusable=\"false\" focused=\"false\" scrollable=\"false\" long-clickable=\"false\" password=\"false\" selected=\"false\" bounds=\"[0,0][1080,1920]\" resource-id=\"android:id\/content\" instance=\"1\"><android.widget.FrameLayout index=\"0\" text=\"\" class=\"android.widget.FrameLayout\" package=\"com.huawei.android.launcher\" content-desc=\"\" checkable=\"false\" checked=\"false\" clickable=\"false\" enabled=\"true\" focusable=\"false\" focused=\"false\" scrollable=\"false\" long-clickable=\"false\" password=\"false\" selected=\"false\" bounds=\"[0,0][1080,1920]\" resource-id=\"com.huawei.android.launcher:id\/drag_layer\" instance=\"2\"><android.view.ViewGroup index=\"0\" text=\"\" class=\"android.view.ViewGroup\" package=\"com.huawei.android.launcher\" content-desc=\"第 3 屏，共 4 屏\" checkable=\"false\" checked=\"false\" clickable=\"false\" enabled=\"true\" focusable=\"false\" focused=\"false\" scrollable=\"true\" long-clickable=\"false\" password=\"false\" selected=\"false\" bounds=\"[0,0][1080,1920]\" resource-id=\"com.huawei.android.launcher:id\/workspace\" instance=\"0\"><android.view.ViewGroup index=\"2\" text=\"\" class=\"android.view.ViewGroup\" package=\"com.huawei.android.launcher\" content-desc=\"\" checkable=\"false\" checked=\"false\" clickable=\"true\" enabled=\"true\" focusable=\"false\" focused=\"false\" scrollable=\"false\" long-clickable=\"true\" password=\"false\" selected=\"false\" bounds=\"[0,0][1080,1532]\" resource-id=\"com.huawei.android.launcher:id\/workspace_screen\" instance=\"1\"><android.widget.FrameLayout index=\"0\" text=\"\" class=\"android.widget.FrameLayout\" package=\"com.huawei.android.launcher\" content-desc=\"\" checkable=\"false\" checked=\"false\" clickable=\"false\" enabled=\"true\" focusable=\"false\" focused=\"false\" scrollable=\"false\" long-clickable=\"false\" password=\"false\" selected=\"false\" bounds=\"[12,0][1068,1514]\" resource-id=\"\" instance=\"3\"\/><android.view.ViewGroup index=\"1\" text=\"\" class=\"android.view.ViewGroup\" package=\"com.huawei.android.launcher\" content-desc=\"\" checkable=\"false\" checked=\"false\" clickable=\"false\" enabled=\"true\" focusable=\"false\" focused=\"false\" scrollable=\"false\" long-clickable=\"false\" password=\"false\" selected=\"false\" bounds=\"[12,0][1068,1514]\" resource-id=\"\" instance=\"2\"><android.widget.TextView index=\"0\" text=\"iTest\" class=\"android.widget.TextView\" package=\"com.huawei.android.launcher\" content-desc=\"\" checkable=\"false\" checked=\"false\" clickable=\"true\" enabled=\"true\" focusable=\"true\" focused=\"false\" scrollable=\"false\" long-clickable=\"true\" password=\"false\" selected=\"false\" bounds=\"[12,84][276,370]\" resource-id=\"\" instance=\"0\"\/><android.widget.TextView index=\"1\" text=\"WhatsApp\" class=\"android.widget.TextView\" package=\"com.huawei.android.launcher\" content-
06-24 16:40:01.384 D/HwNotificationManagerService(  657): recognize: tag=null, id=268435456, user=UserHandle{0}, pkg=com.excelliance.dualaid, uid=11423, callingPid=5714
06-24 16:40:01.384 D/PMS1000 (  657): package:com.excelliance.dualaid, input flags:0, output hwFlags:0
06-24 16:40:01.386 I/[HwRecSys]HwRecSysAidlService( 2647): doNotificationCollect -> current num:1
06-24 16:40:01.386 I/[HwRecSys]-Notification-NotificationUpdateController( 2647): startNotificationUpdate start!
06-24 16:40:01.386 W/SettingsEx( 2647): SettingsEx.Systemex.getInt deprecated use Settings.System.getInt instead ;callers=com.huawei.recsys.util.SystemUtil.getNotificationUpdateMode:169 com.huawei.recsys.util.SystemUtil.isAllowUpdate:104 com.huawei.recsys.controller.notification.http.NotificationUpdateController.startNotificationUpdate:85 
06-24 16:40:01.387 I/[HwRecSys]SystemUtil( 2647): isAllowUpdate mode:1
06-24 16:40:01.388 I/[HwRecSys]SystemUtil( 2647): isAllowUpdate isAllowUpdate:true
06-24 16:40:01.388 I/[HwRecSys]-Notification-NotificationUpdateController( 2647):  -> currentYear:2018
06-24 16:40:01.388 I/[HwRecSys]-Notification-NotificationUpdateController( 2647):  -> currentMonth:5
06-24 16:40:01.388 I/[HwRecSys]-Notification-NotificationUpdateController( 2647):  -> currentDay:24
06-24 16:40:01.388 I/[HwRecSys]-Notification-NotificationUpdateController( 2647):  -> oldYear:2018
06-24 16:40:01.388 I/[HwRecSys]-Notification-NotificationUpdateController( 2647):  -> oldMonth:5
06-24 16:40:01.388 I/[HwRecSys]-Notification-NotificationUpdateController( 2647):  -> oldDay:24
06-24 16:40:01.388 E/[HwRecSys]-Notification-NotificationUpdateController( 2647): startNotificationUpdate time is valid no need request
06-24 16:40:01.388 I/[HwRecSys]-Notification-NotificationController( 2647): doNotificationCollect start!
06-24 16:40:01.389 E/[HwRecSys]-Notification-NotificationController( 2647): HwDefaultLabels returnStr:107
06-24 16:40:01.390 E/[HwRecSys]-Notification-NotificationController( 2647): getChinese paramValue is null!
06-24 16:40:01.394 I/appium  (24379): channel read invoked!
06-24 16:40:01.394 I/appium  (24379): channel read: GET /wd/hub/session/12d3f873-0ea4-4775-928a-9964d13dcd6c/source
06-24 16:40:01.394 E/[HwRecSys]-Notification-NotificationController( 2647): doNotificationCollect getLabelByRegRules label:107
06-24 16:40:01.394 I/[HwRecSys]HwRecSysAidlService( 2647): doNotificationCollect ->  finally remote Num - 1 !
06-24 16:40:01.395 I/HwNotificationManagerService(  657): doNotificationCollect: pkg=com.excelliance.dualaid, uid=11423, hw_type=107, hw_btw=true
06-24 16:40:01.395 D/PMS1000 (  657): package:com.excelliance.dualaid, input flags:268435456, output hwFlags:0
06-24 16:40:01.395 D/PMS1000 (  657): package:com.excelliance.dualaid, input flags:0, output hwFlags:0
06-24 16:40:01.396 W/NotificationRecord(  657): Use default channel, The importance is:2
06-24 16:40:01.397 V/ActivityManager(  657): Attempted to start a foreground service (ComponentInfo{com.excelliance.dualaid/com.excelliance.kxqp.platform.TrampolineService$EmptyService}) with a broken notification (no icon: Notification(channel=null pri=0 contentView=null vibrate=null sound=null defaults=0x0 flags=0x40 color=0x00000000 vis=PRIVATE))
06-24 16:40:01.401 D/HwNotificationManagerService(  657): recognize: tag=null, id=268435456, user=UserHandle{0}, pkg=com.excelliance.dualaid, uid=11423, callingPid=5714
06-24 16:40:01.401 D/PMS1000 (  657): package:com.excelliance.dualaid, input flags:0, output hwFlags:0
06-24 16:40:01.402 I/[HwRecSys]HwRecSysAidlService( 2647): doNotificationCollect -> current num:1
06-24 16:40:01.402 I/[HwRecSys]-Notification-NotificationUpdateController( 2647): startNotificationUpdate start!
06-24 16:40:01.403 W/SettingsEx( 2647): SettingsEx.Systemex.getInt deprecated use Settings.System.getInt instead ;callers=com.huawei.recsys.util.SystemUtil.getNotificationUpdateMode:169 com.huawei.recsys.util.SystemUtil.isAllowUpdate:104 com.huawei.recsys.controller.notification.http.NotificationUpdateController.startNotificationUpdate:85 
06-24 16:40:01.403 I/[HwRecSys]SystemUtil( 2647): isAllowUpdate mode:1
06-24 16:40:01.404 I/[HwRecSys]SystemUtil( 2647): isAllowUpdate isAllowUpdate:true
06-24 16:40:01.404 I/[HwRecSys]-Notification-NotificationUpdateController( 2647):  -> currentYear:2018
06-24 16:40:01.404 I/[HwRecSys]-Notification-NotificationUpdateController( 2647):  -> currentMonth:5
06-24 16:40:01.404 I/[HwRecSys]-Notification-NotificationUpdateController( 2647):  -> currentDay:24
06-24 16:40:01.404 I/[HwRecSys]-Notification-NotificationUpdateController( 2647):  -> oldYear:2018
06-24 16:40:01.404 I/[HwRecSys]-Notification-NotificationUpdateController( 2647):  -> oldMonth:5
06-24 16:40:01.404 I/[HwRecSys]-Notification-NotificationUpdateController( 2647):  -> oldDay:24
06-24 16:40:01.404 E/[HwRecSys]-Notification-NotificationUpdateController( 2647): startNotificationUpdate time is valid no need request
06-24 16:40:01.404 I/[HwRecSys]-Notification-NotificationController( 2647): doNotificationCollect start!
06-24 16:40:01.405 E/[HwRecSys]-Notification-NotificationController( 2647): HwDefaultLabels returnStr:107
06-24 16:40:01.406 E/[HwRecSys]-Notification-NotificationController( 2647): getChinese paramValue is null!
06-24 16:40:01.407 D/NotificationService(  657): mGameDndStatus is:false ,isGameDndSwitchOn is:false
06-24 16:40:01.411 E/[HwRecSys]-Notification-NotificationController( 2647): doNotificationCollect getLabelByRegRules label:107
06-24 16:40:01.411 I/[HwRecSys]HwRecSysAidlService( 2647): doNotificationCollect ->  finally remote Num - 1 !
06-24 16:40:01.411 I/HwNotificationManagerService(  657): doNotificationCollect: pkg=com.excelliance.dualaid, uid=11423, hw_type=107, hw_btw=true
06-24 16:40:01.411 D/PMS1000 (  657): package:com.excelliance.dualaid, input flags:268435456, output hwFlags:0
06-24 16:40:01.411 D/PMS1000 (  657): package:com.excelliance.dualaid, input flags:0, output hwFlags:0
06-24 16:40:01.411 W/NotificationRecord(  657): Use default channel, The importance is:2
06-24 16:40:01.414 I/AppManager( 1699): app:com.excelliance.dualaid Notification update time:112340262
06-24 16:40:01.414 I/AppManager( 1699): app:com.excelliance.dualaid Notification persist:true  Ids:[268435456]
