06-24 15:34:14.004 D/PMS11422(  657): package:com.huawei.intelligent, input flags:0, output hwFlags:0
06-24 15:34:14.004 D/PMS11422(  657): package:com.google.android.backuptransport, input flags:0, output hwFlags:0
06-24 15:34:14.004 D/PMS11422(  657): package:com.huawei.skytone, input flags:0, output hwFlags:0
06-24 15:34:14.004 D/PMS11422(  657): package:com.estrongs.android.pop, input flags:0, output hwFlags:0
06-24 15:34:14.004 D/PMS11422(  657): package:com.redfinger.app, input flags:0, output hwFlags:0
06-24 15:34:14.004 D/PMS11422(  657): package:com.android.vending, input flags:0, output hwFlags:0
06-24 15:34:14.004 D/PMS11422(  657): package:org.hapjs.mockup, input flags:0, output hwFlags:0
06-24 15:34:14.004 D/PMS11422(  657): package:com.huawei.gamebox, input flags:0, output hwFlags:603979776
06-24 15:34:14.005 D/PMS11422(  657): package:com.tencent.tmgp.pubgmhd-ext, input flags:0, output is null
06-24 15:34:14.005 D/PMS11422(  657): package:com.stickgame.los2, input flags:0, output hwFlags:0
06-24 15:34:14.005 D/PMS11422(  657): package:com.qihoo.appstore, input flags:0, output hwFlags:0
06-24 15:34:14.005 D/PMS11422(  657): package:com.huawei.android.thememanager, input flags:0, output hwFlags:0
06-24 15:34:14.005 D/PMS11422(  657): package:com.excean.parallelspace, input flags:0, output hwFlags:0
06-24 15:34:14.005 D/PMS11422(  657): package:com.UCMobile, input flags:0, output hwFlags:0
06-24 15:34:14.005 D/PMS11422(  657): package:com.bbk.appstore, input flags:0, output hwFlags:0
06-24 15:34:14.005 D/PMS11422(  657): package:com.excean.ppaid, input flags:0, output hwFlags:0
06-24 15:34:14.006 D/PMS11422(  657): package:com.netease.blockchain, input flags:0, output hwFlags:0
06-24 15:34:14.006 D/PMS11422(  657): package:com.huawei.camera, input flags:0, output hwFlags:0
06-24 15:34:14.006 D/PMS11422(  657): package:com.sinovatech.unicom.ui, input flags:0, output hwFlags:0
06-24 15:34:14.006 D/PMS11422(  657): package:com.huawei.phoneservice, input flags:0, output hwFlags:0
06-24 15:34:14.006 D/PMS11422(  657): package:com.crisisfire.android.nearme.gamecenter, input flags:0, output hwFlags:0
06-24 15:34:14.006 D/PMS11422(  657): package:com.antutu.benchmark.full, input flags:0, output hwFlags:0
06-24 15:34:14.007 D/PMS11422(  657): package:com.xunmeng.pinduoduo, input flags:0, output hwFlags:0
06-24 15:34:14.007 D/PMS11422(  657): package:com.zhuowang.cloneapp, input flags:0, output hwFlags:0
06-24 15:34:14.007 D/PMS11422(  657): package:com.excean.parallelspace.b64, input flags:0, output hwFlags:0
06-24 15:34:14.007 D/PMS11422(  657): package:com.excelliance.multiaccounts.b64, input flags:0, output hwFlags:0
06-24 15:34:14.007 D/PMS11422(  657): package:com.xiangyou.multispace, input flags:0, output hwFlags:0
06-24 15:34:14.007 D/PMS11422(  657): package:com.youlong.multiaccount, input flags:0, output hwFlags:0
06-24 15:34:14.007 D/PMS11422(  657): package:com.gameloft.android.ANMP.GloftA9HM, input flags:0, output hwFlags:0
06-24 15:34:14.007 D/PMS11422(  657): package:com.excelliance.dualaid.b64, input flags:0, output hwFlags:0
06-24 15:34:14.008 D/AddGameData(12676): switch_uninstall: 70
06-24 15:34:14.008 W/InputMethodManager(12676): startInputReason = 1
06-24 15:34:14.009 D/PMS1000 (  657): package:com.excelliance.dualaid, input flags:8192, output hwFlags:0
06-24 15:34:14.010 W/HSM     ( 1813): HoldService:toast switch is close!
06-24 15:34:14.011 D/ApplicationPackageManager(12676): queryIntentActivitiesAsUser blocked, Intent { act=android.intent.action.MAIN cat=[android.intent.category.LAUNCHER] pkg=com.huawei.hifolder }
06-24 15:34:14.011 D/HsmInterfaceImpl(12676): List []
06-24 15:34:14.011 I/wangchen( 7035): SysInfo.getSysParam: orientation=1||config d=3.0,w=1080,h=1920||metrics d=3.0,w=1080,h=1920||sdk=26,bar_h=72
06-24 15:34:14.011 I/KeymapLoader( 7035): w=1080 h=1920 ori=true appScale=3.3 s1=3.0
06-24 15:34:14.013 W/HSM     ( 1813): HoldService:toast switch is close!
06-24 15:34:14.014 D/ApplicationPackageManager(12676): queryIntentActivitiesAsUser blocked, Intent { act=android.intent.action.MAIN cat=[android.intent.category.LAUNCHER] pkg=com.github.shadowsocks }
06-24 15:34:14.014 D/HsmInterfaceImpl(12676): List [ResolveInfo{57d5949 com.github.shadowsocks/.MainActivity m=0x108000}]
06-24 15:34:14.025 I/GRALLOC (  679): 	 shrFd=10,fmt=0x1,intFmt=0x200000001,btStrd=4352,size=8486912,pid=679 
06-24 15:34:14.025 I/GRALLOC (  679): 	 yuv=2,w=1080,h=1920,Stride u=0 v=0,offset u=0 v=0 
06-24 15:34:14.025 I/GRALLOC (  679): 	 iova_size=8486912,conUsg=0xb00,proUsg=0xb00,	 strd=1088,[afbc]HdrStrd=1088 PyldStrd=69632 Scrmbl=2,ionhnd = 1 
06-24 15:34:14.032 D/WindowManager(  657): finishDrawingWindow: Window{bf31cf8 u0 com.excelliance.dualaid/com.excelliance.kxqp.ui.HelloActivity} mDrawState=DRAW_PENDING
06-24 15:34:14.035 V/WindowManager(  657): Checking 1 opening apps (frozen=false timeout=false)...
06-24 15:34:14.035 V/WindowManager(  657): Check opening app=AppWindowToken{f3b3e3 token=Token{bca0012 ActivityRecord{a3c339d u0 com.excelliance.dualaid/com.excelliance.kxqp.ui.HelloActivity t16019}}}: allDrawn=true startingDisplayed=false startingMoved=false isRelaunching()=false
06-24 15:34:14.037 I/ActivityManager(  657): Displayed com.excelliance.dualaid/com.excelliance.kxqp.ui.HelloActivity: +208ms
06-24 15:34:14.038 I/NetworkSpeedManagerEx( 1513): mIsStop = false
06-24 15:34:14.038 I/NetworkSpeedManagerEx( 1513):  runInThread getTetherStats
06-24 15:34:14.039 I/NetworkSpeedManagerEx( 1513):  runInUI refreshSpeed
06-24 15:34:14.039 I/NetworkSpeedManagerEx( 1513): value=4422.0speed = 4.3
06-24 15:34:14.039 I/NetworkSpeedManagerEx( 1513): K/smIsShowLastSpeedValuefalse
06-24 15:34:14.039 I/NetworkSpeedView( 1513): /update(), speed=4.3
06-24 15:34:14.039 I/NetworkSpeedView( 1513): K/s parent class:class com.android.systemui.statusbar.HwSystemIcons
06-24 15:34:14.043 V/WindowManager(  657): Checking 0 opening apps (frozen=false timeout=false)...
06-24 15:34:14.046 D/PMS1000 (  657): package:com.excelliance.dualaid, input flags:8192, output hwFlags:0
06-24 15:34:14.047 W/HSM     ( 1813): HoldService:toast switch is close!
06-24 15:34:14.047 I/GRALLOC (  679): 	 shrFd=10,fmt=0x1,intFmt=0x200000001,btStrd=4352,size=8486912,pid=679 
06-24 15:34:14.047 I/GRALLOC (  679): 	 yuv=2,w=1080,h=1920,Stride u=0 v=0,offset u=0 v=0 
06-24 15:34:14.047 I/GRALLOC (  679): 	 iova_size=8486912,conUsg=0xb00,proUsg=0xb00,	 strd=1088,[afbc]HdrStrd=1088 PyldStrd=69632 Scrmbl=2,ionhnd = 1 
06-24 15:34:14.048 D/ApplicationPackageManager(12676): queryIntentActivitiesAsUser blocked, Intent { act=android.intent.action.MAIN cat=[android.intent.category.LAUNCHER] pkg=com.excelliance.dualaid }
06-24 15:34:14.048 D/HsmInterfaceImpl(12676): List [ResolveInfo{e2d9f6f com.excelliance.dualaid/com.excelliance.kxqp.ui.HelloActivity m=0x108000}]
06-24 15:34:14.051 D/BarTransitions.HwPhoneStatusBarView( 1513): MODE_TRANSLUCENT -> MODE_TRANSPARENT animate=false
06-24 15:34:14.051 D/BarTransitions.HwPhoneStatusBarView( 1513): applyModeBackground oldMode=MODE_TRANSLUCENT newMode=MODE_TRANSPARENT animate=false
06-24 15:34:14.052 I/GRALLOC (  679): 	 shrFd=10,fmt=0x1,intFmt=0x200000001,btStrd=4352,size=8486912,pid=679 
06-24 15:34:14.052 I/GRALLOC (  679): 	 yuv=2,w=1080,h=1920,Stride u=0 v=0,offset u=0 v=0 
06-24 15:34:14.052 I/GRALLOC (  679): 	 iova_size=8486912,conUsg=0xb00,proUsg=0xb00,	 strd=1088,[afbc]HdrStrd=1088 PyldStrd=69632 Scrmbl=2,ionhnd = 1 
06-24 15:34:14.056 E/BufferQueueProducer(  710): [com.excelliance.dualaid/com.excelliance.kxqp.swipe.NavActivity2#0] disconnect: not connected (req=1)
06-24 15:34:14.056 W/libEGL  (12676): EGLNativeWindowType 0xd0cd4808 disconnect failed
06-24 15:34:14.066 D/BarTransitions.HwNavigationBarView( 1513): MODE_OPAQUE -> MODE_TRANSPARENT animate=false
06-24 15:34:14.066 D/BarTransitions.HwNavigationBarView( 1513): applyModeBackground oldMode=MODE_OPAQUE newMode=MODE_TRANSPARENT animate=false
06-24 15:34:14.077 D/PMS1000 (  657): package:com.excelliance.dualaid, input flags:8192, output hwFlags:0
06-24 15:34:14.078 W/HSM     ( 1813): HoldService:toast switch is close!
06-24 15:34:14.079 D/ApplicationPackageManager(12676): queryIntentActivitiesAsUser blocked, Intent { act=android.intent.action.MAIN cat=[android.intent.category.LAUNCHER] pkg=com.tencent.tmgp.qqx5 }
06-24 15:34:14.079 D/HsmInterfaceImpl(12676): List [ResolveInfo{8b94105 com.tencent.tmgp.qqx5/.DGMMainActivity m=0x108000}]
06-24 15:34:14.122 D/PMS1000 (  657): package:com.excelliance.dualaid, input flags:8192, output hwFlags:0
06-24 15:34:14.123 W/HSM     ( 1813): HoldService:toast switch is close!
06-24 15:34:14.123 D/ApplicationPackageManager(12676): queryIntentActivitiesAsUser blocked, Intent { act=android.intent.action.MAIN cat=[android.intent.category.LAUNCHER] pkg=com.huawei.android.pushagent }
06-24 15:34:14.124 D/HsmInterfaceImpl(12676): List []
06-24 15:34:14.124 I/NetworkSpeedManagerEx( 1513): mIsStop = false
06-24 15:34:14.124 I/NetworkSpeedManagerEx( 1513):  runInThread getTetherStats
06-24 15:34:14.124 I/NetworkSpeedManagerEx( 1513):  runInUI refreshSpeed
06-24 15:34:14.125 I/NetworkSpeedManagerEx( 1513): value=4358.3335speed = 4.3
06-24 15:34:14.125 I/NetworkSpeedManagerEx( 1513): K/smIsShowLastSpeedValuefalse
06-24 15:34:14.125 I/NetworkSpeedView( 1513): /update(), speed=4.3
06-24 15:34:14.125 I/NetworkSpeedView( 1513): K/s parent class:class com.android.systemui.statusbar.HwSystemIcons
06-24 15:34:14.126 W/HSM     ( 1813): HoldService:toast switch is close!
06-24 15:34:14.127 D/ApplicationPackageManager(12676): queryIntentActivitiesAsUser blocked, Intent { act=android.intent.action.MAIN cat=[android.intent.category.LAUNCHER] pkg=com.huawei.appmarket }
06-24 15:34:14.127 D/HsmInterfaceImpl(12676): List [ResolveInfo{81ec38b com.huawei.appmarket/.MainActivity m=0x108000}]
06-24 15:34:14.131 E/asset   (12676): createFromFile(): lock file /data/resource-cache/system@emui@base@overlay@frameworkhwexthonor@frameworkhwexthonor.apk@idmap.
06-24 15:34:14.131 E/asset   (12676): createFromFile(): lock file /data/resource-cache/system@emui@base@overlay@frameworkhwexthonor@frameworkhwexthonor.apk@idmap.
06-24 15:34:14.131 W/ResourceType(12676): Found multiple library tables, ignoring...
06-24 15:34:14.142 D/HwRecentsLockUtils( 1513): Search
06-24 15:34:14.142 E/HsmCoreServiceImpl( 1478): onTransact in code is: 103
06-24 15:34:14.142 I/MediaProcessHandler( 1478): playingUids: 
06-24 15:34:14.143 D/ActivityManager(  657): Skipping, home or recents stack task: TaskRecord{333215f #15658 A=com.huawei.android.launcher U=0 StackId=0 sz=1}
06-24 15:34:14.143 D/ActivityManager(  657): Skipping intent:act=android.intent.action.MAIN cat=[android.intent.category.LAUNCHER] flg=0x10a00000 cmp=io.appium.settings/.Settings
06-24 15:34:14.143 D/ActivityManager(  657): Skipping intent:flg=0x10804000 cmp=com.android.systemui/.recents.RecentsActivity bnds=[48,928][1032,2296]
06-24 15:34:14.143 D/ActivityManager(  657): Skipping intent:flg=0x18800000 cmp=com.tencent.mm/.plugin.base.stub.WXPayEntryActivity
06-24 15:34:14.143 D/ActivityManager(  657): Skipping intent:flg=0x10800000 cmp=com.huawei.systemmanager/com.huawei.permissionmanager.ui.MainActivity
06-24 15:34:14.143 D/ActivityManager(  657): Skipping intent:flg=0x18800000 cmp=com.tencent.mm/.plugin.base.stub.WXEntryActivity
06-24 15:34:14.143 D/ActivityManager(  657): Skipping intent:act=com.huawei.action.VOICE_ASSISTANT flg=0x10800000 pkg=com.huawei.vassistant cmp=com.huawei.vassistant/.ui.main.VAssistantActivity
06-24 15:34:14.143 D/ActivityManager(  657): Skipping intent:act=com.huawei.android.launcher.action.ACCESS_SPLIT_SCREEN_APP cat=[android.intent.category.DEFAULT] flg=0x10804000 cmp=com.huawei.android.launcher/.splitscreen.SplitScreenAppActivity
06-24 15:34:14.143 D/ActivityManager(  657): Skipping intent:flg=0x10800000 pkg=com.excelliance.dualaid.b64 cmp=com.excelliance.dualaid.b64/com.excelliance.kxqp.sdk.PermissionRequestActivity
06-24 15:34:14.143 D/ActivityManager(  657): Skipping intent:act=android.intent.action.VIEW dat=content://com.excelliance.dualaid.fileProvider/external_storage_root/Download/apk/Multiple_64.apk typ=application/vnd.android.package-archive flg=0x10800001 cmp=com.android.packageinstaller/.InstallStart
06-24 15:34:14.143 D/ActivityManager(  657): Skipping intent:flg=0x10800000 cmp=com.android.systemui/.usb.HwUsbDebuggingActivity
06-24 15:34:14.143 D/ActivityManager(  657): Skipping intent:act=android.deviceinfo.chooser.action.LAUNCH flg=0x10800000 hwFlg=0x100 pkg=com.android.settings cmp=com.android.settings/.deviceinfo.UsbConnModeChooserActivity
06-24 15:34:14.143 D/ActivityManager(  657): Skipping intent:flg=0x10800000 cmp=com.zol.android/.push.KeepLiveActivity
06-24 15:34:14.143 D/ActivityManager(  657): Skipping intent:act=android.intent.action.MAIN cat=[android.intent.category.HOME] flg=0x10800300 cmp=com.android.settings/.FallbackHome
06-24 15:34:14.160 D/PMS1000 (  657): package:com.excelliance.dualaid, input flags:8192, output hwFlags:0
06-24 15:34:14.161 W/HSM     ( 1813): HoldService:toast switch is close!
06-24 15:34:14.161 D/ApplicationPackageManager(12676): queryIntentActivitiesAsUser blocked, Intent { act=android.intent.action.MAIN cat=[android.intent.category.LAUNCHER] pkg=com.wandoujia.phoenix2 }
06-24 15:34:14.161 D/HsmInterfaceImpl(12676): List [ResolveInfo{73d7d26 com.wandoujia.phoenix2/com.pp.assistant.activity.PPMainActivity m=0x108000}]
06-24 15:34:14.190 W/HSM     ( 1813): HoldService:toast switch is close!
06-24 15:34:14.191 D/ApplicationPackageManager(12676): queryIntentActivitiesAsUser blocked, Intent { act=android.intent.action.MAIN cat=[android.intent.category.LAUNCHER] pkg=com.tencent.mm }
06-24 15:34:14.191 D/HsmInterfaceImpl(12676): List [ResolveInfo{7694714 com.tencent.mm/.ui.LauncherUI m=0x108000}]
06-24 15:34:14.204 W/HSM     ( 1813): HoldService:toast switch is close!
06-24 15:34:14.204 D/ApplicationPackageManager(12676): queryIntentActivitiesAsUser blocked, Intent { act=android.intent.action.MAIN cat=[android.intent.category.LAUNCHER] pkg=com.android.providers.media }
06-24 15:34:14.205 D/HsmInterfaceImpl(12676): List []
06-24 15:34:14.208 W/HSM     ( 1813): HoldService:toast switch is close!
06-24 15:34:14.208 D/ApplicationPackageManager(12676): queryIntentActivitiesAsUser blocked, Intent { act=android.intent.action.MAIN cat=[android.intent.category.LAUNCHER] pkg=com.huawei.vassistant }
06-24 15:34:14.208 D/HsmInterfaceImpl(12676): List [ResolveInfo{8f38bbd com.huawei.vassistant/.ui.main.VAssistantActivity m=0x108000}]
06-24 15:34:14.211 E/asset   (12676): createFromFile(): lock file /data/resource-cache/system@emui@base@overlay@frameworkhwexthonor@frameworkhwexthonor.apk@idmap.
06-24 15:34:14.211 E/asset   (12676): createFromFile(): lock file /data/resource-cache/system@emui@base@overlay@frameworkhwexthonor@frameworkhwexthonor.apk@idmap.
06-24 15:34:14.211 W/ResourceType(12676): Found multiple library tables, ignoring...
06-24 15:34:14.243 D/PMS1000 (  657): package:com.excelliance.dualaid, input flags:8192, output hwFlags:0
06-24 15:34:14.244 W/HSM     ( 1813): HoldService:toast switch is close!
06-24 15:34:14.245 D/ApplicationPackageManager(12676): queryIntentActivitiesAsUser blocked, Intent { act=android.intent.action.MAIN cat=[android.intent.category.LAUNCHER] pkg=com.facebook.katana }
06-24 15:34:14.245 D/HsmInterfaceImpl(12676): List [ResolveInfo{11dc080 com.facebook.katana/.LoginActivity m=0x108000}]
06-24 15:34:14.254 V/ActivityManager(  657): Making visible and scheduling visibility: ActivityRecord{d5c9105 u0 com.huawei.android.launcher/.unihome.UniHomeLauncher t15658}
06-24 15:34:14.255 V/WindowManager(  657): No longer Stopped: AppWindowToken{d3a938b token=Token{377755a ActivityRecord{d5c9105 u0 com.huawei.android.launcher/.unihome.UniHomeLauncher t15658}}}
06-24 15:34:14.280 D/ActivityThread(12676): Remove activity client record, r= ActivityRecord{414755e token=android.os.BinderProxy@31abee5 {com.excelliance.dualaid/com.excelliance.kxqp.swipe.NavActivity2}} token= android.os.BinderProxy@31abee5
06-24 15:34:14.281 V/ActivityThread( 2519): Handle window ActivityRecord{4719bb8 token=android.os.BinderProxy@b3fca27 {com.huawei.android.launcher/com.huawei.android.launcher.unihome.UniHomeLauncher}} visibility: true
06-24 15:34:14.281 D/HwQoEUtils(  657): mForegroundAppPackageName: com.huawei.android.launcher ,score: 0
06-24 15:34:14.281 D/HwQoEUtils(  657): onForegroundAppWifiSleepChange: config:false, sleeptime:-1,type: 255, appname:com.huawei.android.launcher
06-24 15:34:14.282 V/WindowManager(  657): removeIfPossible: Window{1fae77f u0 com.excelliance.dualaid/com.excelliance.kxqp.swipe.NavActivity2} callers=com.android.server.wm.WindowState.removeIfPossible:1914 com.android.server.wm.WindowManagerService.removeWindow:2022 com.android.server.wm.Session.remove:218 android.view.IWindowSession$Stub.onTransact:242 com.android.server.wm.Session.onTransact:161 
06-24 15:34:14.282 E/HwLauncher( 2519): SettingsEx , no such field.
06-24 15:34:14.282 W/HwLauncher( 2519): Clock getDataFormat the getSystemString failed.
06-24 15:34:14.282 D/HwQoEUtils(  657): APP type: 255 appName= com.huawei.android.launcher
06-24 15:34:14.282 D/HwQoEUtils(  657): no game, APP_TYPE_GAME, appName =com.huawei.android.launcher
06-24 15:34:14.283 I/WindowManager(  657): Destroying surface Surface(name=com.excelliance.dualaid/com.excelliance.kxqp.swipe.NavActivity2) called by com.android.server.wm.WindowStateAnimator.destroySurface:2060 com.android.server.wm.WindowStateAnimator.destroySurfaceLocked:873 com.android.server.wm.HwWindowStateAnimator.destroySurfaceLocked:1006 com.android.server.wm.WindowState.removeImmediately:1899 com.android.server.wm.WindowState.removeIfPossible:2051 com.android.server.wm.WindowState.removeIfPossible:1914 com.android.server.wm.WindowManagerService.removeWindow:2022 com.android.server.wm.Session.remove:218 
06-24 15:34:14.283 V/WindowManager(  657): postWindowRemoveCleanupLocked: Window{1fae77f u0 com.excelliance.dualaid/com.excelliance.kxqp.swipe.NavActivity2}
06-24 15:34:14.283 D/HwGameAssistantController(  657): pid=2519, uid=10056, foreground=true
06-24 15:34:14.283 V/WindowManager(  657): Removing Window{1fae77f u0 com.excelliance.dualaid/com.excelliance.kxqp.swipe.NavActivity2} from AppWindowToken{14dbd08 token=Token{77192ab ActivityRecord{57c7cfa u0 com.excelliance.dualaid/com.excelliance.kxqp.swipe.NavActivity2 t16019}}}
06-24 15:34:14.285 E/asset   (12676): createFromFile(): lock file /data/resource-cache/system@emui@base@overlay@frameworkhwexthonor@frameworkhwexthonor.apk@idmap.
06-24 15:34:14.285 E/asset   (12676): createFromFile(): lock file /data/resource-cache/system@emui@base@overlay@frameworkhwexthonor@frameworkhwexthonor.apk@idmap.
06-24 15:34:14.285 W/ResourceType(12676): Found multiple library tables, ignoring...
06-24 15:34:14.285 W/AwareLog(  657): SchedLevelBoost: onFgActivitiesChanged config not set!
06-24 15:34:14.300 V/WindowManager(  657): removeAppToken: AppWindowToken{14dbd08 token=Token{77192ab ActivityRecord{57c7cfa u0 com.excelliance.dualaid/com.excelliance.kxqp.swipe.NavActivity2 t16019}}} delayed=false Callers=com.android.server.wm.DisplayContent.removeAppToken:985 com.android.server.wm.AppWindowContainerController.removeContainer:348 com.android.server.am.ActivityRecord.removeWindowContainer:1039 com.android.server.am.ActivityStack.removeActivityFromHistoryLocked:4491 
06-24 15:34:14.301 D/mali_winsys( 2519): EGLint new_window_surface(egl_winsys_display *, void *, EGLSurface, EGLConfig, egl_winsys_surface **, egl_color_buffer_format *, EGLBoolean) returns 0x3000
06-24 15:34:14.301 I/HwNetworkPolicy(  657): onTransact, code = 203
06-24 15:34:14.301 I/HwNetworkPolicyManager( 1813): getHwUidPolicy uid = 10056 policy = 0
06-24 15:34:14.302 I/GRALLOC (  679): 	 shrFd=10,fmt=0x1,intFmt=0x200000001,btStrd=4352,size=8486912,pid=679 
06-24 15:34:14.302 I/GRALLOC (  679): 	 yuv=2,w=1080,h=1920,Stride u=0 v=0,offset u=0 v=0 
06-24 15:34:14.302 I/GRALLOC (  679): 	 iova_size=8486912,conUsg=0x900,proUsg=0x900,	 strd=1088,[afbc]HdrStrd=1088 PyldStrd=69632 Scrmbl=2,ionhnd = 1 
06-24 15:34:14.317 D/PMS1000 (  657): package:com.excelliance.dualaid, input flags:8192, output hwFlags:0
06-24 15:34:14.319 W/HSM     ( 1813): HoldService:toast switch is close!
06-24 15:34:14.320 D/ApplicationPackageManager(12676): queryIntentActivitiesAsUser blocked, Intent { act=android.intent.action.MAIN cat=[android.intent.category.LAUNCHER] pkg=com.huawei.trustcircle }
06-24 15:34:14.320 D/HsmInterfaceImpl(12676): List []
06-24 15:34:14.324 W/HSM     ( 1813): HoldService:toast switch is close!
06-24 15:34:14.324 D/ApplicationPackageManager(12676): queryIntentActivitiesAsUser blocked, Intent { act=android.intent.action.MAIN cat=[android.intent.category.LAUNCHER] pkg=com.jingdong.app.mall }
06-24 15:34:14.324 D/HsmInterfaceImpl(12676): List [ResolveInfo{ede64ac com.jingdong.app.mall/.main.MainActivity m=0x108000}]
06-24 15:34:14.328 I/GRALLOC (  679): 	 shrFd=10,fmt=0x1,intFmt=0x200000001,btStrd=4352,size=8486912,pid=679 
06-24 15:34:14.328 I/GRALLOC (  679): 	 yuv=2,w=1080,h=1920,Stride u=0 v=0,offset u=0 v=0 
06-24 15:34:14.328 I/GRALLOC (  679): 	 iova_size=8486912,conUsg=0xb00,proUsg=0xb00,	 strd=1088,[afbc]HdrStrd=1088 PyldStrd=69632 Scrmbl=2,ionhnd = 1 
06-24 15:34:14.338 D/WindowManager(  657): finishDrawingWindow: Window{68d6975 u0 com.huawei.android.launcher/com.huawei.android.launcher.unihome.UniHomeLauncher} mDrawState=DRAW_PENDING
06-24 15:34:14.338 D/HwFLClassLoader( 2519): USE_FEATURE_LIST had not init! 
06-24 15:34:14.339 D/ImageWallpaper( 1513): onOffsetsChanged: xOffset=0.0, yOffset=0.0, xOffsetStep=0.0, yOffsetStep=0.0, xPixels=0, yPixels=0
06-24 15:34:14.339 D/ImageWallpaper( 1513): Suppressed drawFrame since redraw is not needed and offsets have not changed.sf=Rect(0, 0 - 2160, 1920)
06-24 15:34:14.339 D/ImageWallpaper( 1513): onVisibilityChanged: mVisible, visible=false, true
06-24 15:34:14.339 D/ImageWallpaper( 1513): Visibility changed to visible=true
06-24 15:34:14.339 D/ImageWallpaper( 1513): Suppressed drawFrame since redraw is not needed and offsets have not changed.sf=Rect(0, 0 - 2160, 1920)
06-24 15:34:14.348 E/asset   ( 2519): createFromFile(): lock file /data/resource-cache/system@emui@base@overlay@frameworkhwexthonor@frameworkhwexthonor.apk@idmap.
06-24 15:34:14.348 E/asset   ( 2519): createFromFile(): lock file /data/resource-cache/system@emui@base@overlay@frameworkhwexthonor@frameworkhwexthonor.apk@idmap.
06-24 15:34:14.348 W/ResourceType( 2519): Found multiple library tables, ignoring...
06-24 15:34:14.362 D/PMS1000 (  657): package:com.excelliance.dualaid, input flags:8192, output hwFlags:0
06-24 15:34:14.363 D/HwFLClassLoader( 2519): USE_FEATURE_LIST had not init! 
06-24 15:34:14.364 W/HSM     ( 1813): HoldService:toast switch is close!
06-24 15:34:14.364 D/ApplicationPackageManager(12676): queryIntentActivitiesAsUser blocked, Intent { act=android.intent.action.MAIN cat=[android.intent.category.LAUNCHER] pkg=com.tencent.mobileqq }
06-24 15:34:14.364 D/HsmInterfaceImpl(12676): List [ResolveInfo{27ad90a com.tencent.mobileqq/.activity.SplashActivity m=0x108000}]
06-24 15:34:14.365 E/asset   ( 2519): createFromFile(): lock file /data/resource-cache/system@emui@base@overlay@frameworkhwexthonor@frameworkhwexthonor.apk@idmap.
06-24 15:34:14.365 E/asset   ( 2519): createFromFile(): lock file /data/resource-cache/system@emui@base@overlay@frameworkhwexthonor@frameworkhwexthonor.apk@idmap.
06-24 15:34:14.365 W/ResourceType( 2519): Found multiple library tables, ignoring...
06-24 15:34:14.377 W/HSM     ( 1813): HoldService:toast switch is close!
06-24 15:34:14.378 D/ApplicationPackageManager(12676): queryIntentActivitiesAsUser blocked, Intent { act=android.intent.action.MAIN cat=[android.intent.category.LAUNCHER] pkg=com.zol.android }
06-24 15:34:14.378 D/HsmInterfaceImpl(12676): List [ResolveInfo{42ba57b com.zol.android/.ui.FirstActivity m=0x108000}]
06-24 15:34:14.403 W/HSM     ( 1813): HoldService:toast switch is close!
06-24 15:34:14.404 D/ApplicationPackageManager(12676): queryIntentActivitiesAsUser blocked, Intent { act=android.intent.action.MAIN cat=[android.intent.category.LAUNCHER] pkg=com.huawei.hiskytone }
06-24 15:34:14.404 D/HsmInterfaceImpl(12676): List [ResolveInfo{924f3f1 com.huawei.hiskytone/com.huawei.skytone.account.welcome.SplashActivity m=0x108000}]
06-24 15:34:14.440 D/PMS1000 (  657): package:com.excelliance.dualaid, input flags:8192, output hwFlags:0
06-24 15:34:14.441 W/HSM     ( 1813): HoldService:toast switch is close!
06-24 15:34:14.442 D/ApplicationPackageManager(12676): queryIntentActivitiesAsUser blocked, Intent { act=android.intent.action.MAIN cat=[android.intent.category.LAUNCHER] pkg=com.huawei.hwid }
06-24 15:34:14.442 D/HsmInterfaceImpl(12676): List []
06-24 15:34:14.445 W/HSM     ( 1813): HoldService:toast switch is close!
06-24 15:34:14.446 D/ApplicationPackageManager(12676): queryIntentActivitiesAsUser blocked, Intent { act=android.intent.action.MAIN cat=[android.intent.category.LAUNCHER] pkg=com.sina.weibo }
06-24 15:34:14.446 D/HsmInterfaceImpl(12676): List [ResolveInfo{df69d44 com.sina.weibo/.SplashActivity m=0x108000}]
06-24 15:34:14.494 E/asset   ( 2519): createFromFile(): lock file /data/resource-cache/system@emui@base@overlay@frameworkhwexthonor@frameworkhwexthonor.apk@idmap.
06-24 15:34:14.495 E/asset   ( 2519): createFromFile(): lock file /data/resource-cache/system@emui@base@overlay@frameworkhwexthonor@frameworkhwexthonor.apk@idmap.
06-24 15:34:14.495 W/ResourceType( 2519): Found multiple library tables, ignoring...
06-24 15:34:14.499 D/HwFLClassLoader( 2519): USE_FEATURE_LIST had not init! 
06-24 15:34:14.502 D/PMS1000 (  657): package:com.excelliance.dualaid, input flags:8192, output hwFlags:0
06-24 15:34:14.503 W/HSM     ( 1813): HoldService:toast switch is close!
06-24 15:34:14.504 D/ApplicationPackageManager(12676): queryIntentActivitiesAsUser blocked, Intent { act=android.intent.action.MAIN cat=[android.intent.category.LAUNCHER] pkg=com.antutu.ABenchMark }
06-24 15:34:14.504 D/HsmInterfaceImpl(12676): List [ResolveInfo{5a57f62 com.antutu.ABenchMark/.ABenchMarkStart m=0x108000}]
06-24 15:34:14.530 W/HSM     ( 1813): HoldService:toast switch is close!
06-24 15:34:14.531 D/ApplicationPackageManager(12676): queryIntentActivitiesAsUser blocked, Intent { act=android.intent.action.MAIN cat=[android.intent.category.LAUNCHER] pkg=com.sankuai.meituan.takeoutnew }
06-24 15:34:14.531 D/HsmInterfaceImpl(12676): List [ResolveInfo{16d3029 com.sankuai.meituan.takeoutnew/.ui.page.boot.WelcomeActivity m=0x108000}]
06-24 15:34:14.534 D/HwWifiStatStore(  657): handleMessage : 200
06-24 15:34:14.553 D/HwArpVerifier(  657): performPollAndLog:
06-24 15:34:14.556 D/hw_netstat(  657): total/9477/4203,com.excelliance.dualaid/9129/3903,unknown:0/348/0,com.android.vending/0/180,com.google.uid.shared:10089/0/120
06-24 15:34:14.559 W/HSM     ( 1813): HoldService:toast switch is close!
06-24 15:34:14.560 D/ApplicationPackageManager(12676): queryIntentActivitiesAsUser blocked, Intent { act=android.intent.action.MAIN cat=[android.intent.category.LAUNCHER] pkg=com.vmall.client }
06-24 15:34:14.560 D/HsmInterfaceImpl(12676): List [ResolveInfo{48f814f com.vmall.client/.splash.fragment.SplashActivity m=0x108000}]
06-24 15:34:14.586 D/PMS1000 (  657): package:com.excelliance.dualaid, input flags:8192, output hwFlags:0
06-24 15:34:14.587 W/HSM     ( 1813): HoldService:toast switch is close!
06-24 15:34:14.587 D/ApplicationPackageManager(12676): queryIntentActivitiesAsUser blocked, Intent { act=android.intent.action.MAIN cat=[android.intent.category.LAUNCHER] pkg=com.android.browser }
06-24 15:34:14.587 D/HsmInterfaceImpl(12676): List [ResolveInfo{70398ba com.android.browser/com.tencent.mtt.SplashActivity m=0x108000}]
06-24 15:34:14.622 W/HSM     ( 1813): HoldService:toast switch is close!
06-24 15:34:14.623 D/ApplicationPackageManager(12676): queryIntentActivitiesAsUser blocked, Intent { act=android.intent.action.MAIN cat=[android.intent.category.LAUNCHER] pkg=com.eg.android.AlipayGphone }
06-24 15:34:14.623 D/HsmInterfaceImpl(12676): List [ResolveInfo{389bb61 com.eg.android.AlipayGphone/.AlipayLogin m=0x108000}]
06-24 15:34:14.645 W/HSM     ( 1813): HoldService:toast switch is close!
06-24 15:34:14.645 D/ApplicationPackageManager(12676): queryIntentActivitiesAsUser blocked, Intent { act=android.intent.action.MAIN cat=[android.intent.category.LAUNCHER] pkg=com.android.mediacenter }
06-24 15:34:14.646 D/HsmInterfaceImpl(12676): List [ResolveInfo{7744b47 com.android.mediacenter/.PageActivity m=0x108000}]
06-24 15:34:14.650 E/asset   (12676): createFromFile(): lock file /data/resource-cache/system@emui@base@overlay@frameworkhwexthonor@frameworkhwexthonor.apk@idmap.
06-24 15:34:14.651 E/asset   (12676): createFromFile(): lock file /data/resource-cache/system@emui@base@overlay@frameworkhwexthonor@frameworkhwexthonor.apk@idmap.
06-24 15:34:14.651 W/ResourceType(12676): Found multiple library tables, ignoring...
06-24 15:34:14.682 W/HSM     ( 1813): HoldService:toast switch is close!
06-24 15:34:14.683 D/ApplicationPackageManager(12676): queryIntentActivitiesAsUser blocked, Intent { act=android.intent.action.MAIN cat=[android.intent.category.LAUNCHER] pkg=com.huawei.himovie }
06-24 15:34:14.683 D/HsmInterfaceImpl(12676): List [ResolveInfo{5308512 com.huawei.himovie/.ui.login.SplashScreenActivity m=0x108000}]
06-24 15:34:14.686 E/asset   (12676): createFromFile(): lock file /data/resource-cache/system@emui@base@overlay@frameworkhwexthonor@frameworkhwexthonor.apk@idmap.
06-24 15:34:14.686 E/asset   (12676): createFromFile(): lock file /data/resource-cache/system@emui@base@overlay@frameworkhwexthonor@frameworkhwexthonor.apk@idmap.
06-24 15:34:14.686 W/ResourceType(12676): Found multiple library tables, ignoring...
06-24 15:34:14.716 W/HSM     ( 1813): HoldService:toast switch is close!
06-24 15:34:14.716 D/ApplicationPackageManager(12676): queryIntentActivitiesAsUser blocked, Intent { act=android.intent.action.MAIN cat=[android.intent.category.LAUNCHER] pkg=com.huawei.hnreader }
06-24 15:34:14.716 D/HsmInterfaceImpl(12676): List [ResolveInfo{dd57599 com.huawei.hnreader/com.qq.reader.activity.SplashActivity m=0x108000}]
06-24 15:34:14.720 E/asset   (12676): createFromFile(): lock file /data/resource-cache/system@emui@base@overlay@frameworkhwexthonor@frameworkhwexthonor.apk@idmap.
06-24 15:34:14.720 E/asset   (12676): createFromFile(): lock file /data/resource-cache/system@emui@base@overlay@frameworkhwexthonor@frameworkhwexthonor.apk@idmap.
06-24 15:34:14.720 W/ResourceType(12676): Found multiple library tables, ignoring...
06-24 15:34:14.748 W/HSM     ( 1813): HoldService:toast switch is close!
06-24 15:34:14.748 D/ApplicationPackageManager(12676): queryIntentActivitiesAsUser blocked, Intent { act=android.intent.action.MAIN cat=[android.intent.category.LAUNCHER] pkg=com.twitter.android }
06-24 15:34:14.748 D/HsmInterfaceImpl(12676): List [ResolveInfo{d01a90c com.twitter.android/.StartActivity m=0x108000}]
06-24 15:34:14.786 W/HSM     ( 1813): HoldService:toast switch is close!
06-24 15:34:14.787 D/ApplicationPackageManager(12676): queryIntentActivitiesAsUser blocked, Intent { act=android.intent.action.MAIN cat=[android.intent.category.LAUNCHER] pkg=com.baidu.input_huawei }
06-24 15:34:14.787 D/HsmInterfaceImpl(12676): List []
06-24 15:34:14.789 W/HSM     ( 1813): HoldService:toast switch is close!
06-24 15:34:14.790 D/ApplicationPackageManager(12676): queryIntentActivitiesAsUser blocked, Intent { act=android.intent.action.MAIN cat=[android.intent.category.LAUNCHER] pkg=com.google.android.gms }
06-24 15:34:14.790 D/HsmInterfaceImpl(12676): List []
06-24 15:34:14.794 W/HSM     ( 1813): HoldService:toast switch is close!
06-24 15:34:14.794 D/ApplicationPackageManager(12676): queryIntentActivitiesAsUser blocked, Intent { act=android.intent.action.MAIN cat=[android.intent.category.LAUNCHER] pkg=com.sankuai.meituan }
06-24 15:34:14.794 D/HsmInterfaceImpl(12676): List [ResolveInfo{c317d5b com.sankuai.meituan/com.meituan.android.pt.homepage.activity.Welcome m=0x108000}]
06-24 15:34:14.832 W/OpenGLRenderer( 2519): Incorrectly called buildLayer on View: ShortcutAndWidgetContainer, destroying layer...
06-24 15:34:14.832 W/OpenGLRenderer( 2519): Incorrectly called buildLayer on View: ShortcutAndWidgetContainer, destroying layer...
06-24 15:34:14.833 I/GRALLOC (  679): 	 shrFd=10,fmt=0x1,intFmt=0x200000001,btStrd=4352,size=8486912,pid=679 
06-24 15:34:14.833 I/GRALLOC (  679): 	 yuv=2,w=1080,h=1920,Stride u=0 v=0,offset u=0 v=0 
06-24 15:34:14.833 I/GRALLOC (  679): 	 iova_size=8486912,conUsg=0xb00,proUsg=0xb00,	 strd=1088,[afbc]HdrStrd=1088 PyldStrd=69632 Scrmbl=2,ionhnd = 1 
06-24 15:34:14.844 W/HSM     ( 1813): HoldService:toast switch is close!
06-24 15:34:14.845 D/ApplicationPackageManager(12676): queryIntentActivitiesAsUser blocked, Intent { act=android.intent.action.MAIN cat=[android.intent.category.LAUNCHER] pkg=com.tencent.news }
06-24 15:34:14.845 D/HsmInterfaceImpl(12676): List [ResolveInfo{3273ed1 com.tencent.news/.activity.SplashActivity m=0x108000}]
06-24 15:34:14.870 W/HSM     ( 1813): HoldService:toast switch is close!
06-24 15:34:14.871 D/ApplicationPackageManager(12676): queryIntentActivitiesAsUser blocked, Intent { act=android.intent.action.MAIN cat=[android.intent.category.LAUNCHER] pkg=com.iflytek.speechsuite }
06-24 15:34:14.871 D/HsmInterfaceImpl(12676): List []
06-24 15:34:14.873 W/HSM     ( 1813): HoldService:toast switch is close!
06-24 15:34:14.873 D/ApplicationPackageManager(12676): queryIntentActivitiesAsUser blocked, Intent { act=android.intent.action.MAIN cat=[android.intent.category.LAUNCHER] pkg=com.tencent.android.qqdownloader }
06-24 15:34:14.874 D/HsmInterfaceImpl(12676): List [ResolveInfo{d009437 com.tencent.android.qqdownloader/com.tencent.pangu.link.SplashActivity m=0x108000}]
06-24 15:34:14.904 D/PMS1000 (  657): package:com.excelliance.dualaid, input flags:8192, output hwFlags:0
06-24 15:34:14.905 W/HSM     ( 1813): HoldService:toast switch is close!
06-24 15:34:14.906 D/ApplicationPackageManager(12676): queryIntentActivitiesAsUser blocked, Intent { act=android.intent.action.MAIN cat=[android.intent.category.LAUNCHER] pkg=com.ifreetalk.ftalk }
06-24 15:34:14.906 D/HsmInterfaceImpl(12676): List [ResolveInfo{b0ff70d com.ifreetalk.ftalk/.activity.DummyActivity m=0x108000}]
06-24 15:34:14.918 D/PMS1000 (  657): package:com.excelliance.dualaid, input flags:8192, output hwFlags:0
06-24 15:34:14.919 W/HSM     ( 1813): HoldService:toast switch is close!
06-24 15:34:14.919 D/ApplicationPackageManager(12676): queryIntentActivitiesAsUser blocked, Intent { act=android.intent.action.MAIN cat=[android.intent.category.LAUNCHER] pkg=com.taobao.taobao }
06-24 15:34:14.919 D/HsmInterfaceImpl(12676): List [ResolveInfo{42056c2 com.taobao.taobao/com.taobao.tao.welcome.Welcome m=0x108000}]
06-24 15:34:14.945 W/HSM     ( 1813): HoldService:toast switch is close!
06-24 15:34:14.946 D/ApplicationPackageManager(12676): queryIntentActivitiesAsUser blocked, Intent { act=android.intent.action.MAIN cat=[android.intent.category.LAUNCHER] pkg=com.android.gallery3d }
06-24 15:34:14.946 D/HsmInterfaceImpl(12676): List [ResolveInfo{4146010 com.android.gallery3d/com.huawei.gallery.app.GalleryMain m=0x108000}]
06-24 15:34:14.950 E/asset   (12676): createFromFile(): lock file /data/resource-cache/system@emui@base@overlay@frameworkhwexthonor@frameworkhwexthonor.apk@idmap.
06-24 15:34:14.950 E/asset   (12676): createFromFile(): lock file /data/resource-cache/system@emui@base@overlay@frameworkhwexthonor@frameworkhwexthonor.apk@idmap.
06-24 15:34:14.950 W/ResourceType(12676): Found multiple library tables, ignoring...
06-24 15:34:14.984 W/HSM     ( 1813): HoldService:toast switch is close!
06-24 15:34:14.984 D/ApplicationPackageManager(12676): queryIntentActivitiesAsUser blocked, Intent { act=android.intent.action.MAIN cat=[android.intent.category.LAUNCHER] pkg=com.pp.assistant }
06-24 15:34:14.984 D/HsmInterfaceImpl(12676): List [ResolveInfo{7c7d32f com.pp.assistant/.activity.MainActivity m=0x108000}]
06-24 15:34:15.009 W/HSM     ( 1813): HoldService:toast switch is close!
06-24 15:34:15.009 D/ApplicationPackageManager(12676): queryIntentActivitiesAsUser blocked, Intent { act=android.intent.action.MAIN cat=[android.intent.category.LAUNCHER] pkg=com.oppo.market }
06-24 15:34:15.009 D/HsmInterfaceImpl(12676): List [ResolveInfo{b99fac5 com.oppo.market/.activity.MainActivity m=0x108000}]
06-24 15:34:15.042 W/HSM     ( 1813): HoldService:toast switch is close!
06-24 15:34:15.042 D/ApplicationPackageManager(12676): queryIntentActivitiesAsUser blocked, Intent { act=android.intent.action.MAIN cat=[android.intent.category.LAUNCHER] pkg=com.excean.wxaid }
06-24 15:34:15.043 D/HsmInterfaceImpl(12676): List [ResolveInfo{188734b com.excean.wxaid/com.excelliance.kxqp.ui.HelloActivity m=0x108000}]
06-24 15:34:15.072 W/HwResourcesImpl(12676): icon in pkg com.excean.wxaid is too large.sDefaultSizeWithoutEdge = 188bmp.getWidth() = 1536
06-24 15:34:15.088 W/HSM     ( 1813): HoldService:toast switch is close!
06-24 15:34:15.089 D/ApplicationPackageManager(12676): queryIntentActivitiesAsUser blocked, Intent { act=android.intent.action.MAIN cat=[android.intent.category.LAUNCHER] pkg=com.huawei.intelligent }
06-24 15:34:15.089 D/HsmInterfaceImpl(12676): List []
06-24 15:34:15.091 W/HSM     ( 1813): HoldService:toast switch is close!
06-24 15:34:15.092 D/ApplicationPackageManager(12676): queryIntentActivitiesAsUser blocked, Intent { act=android.intent.action.MAIN cat=[android.intent.category.LAUNCHER] pkg=com.google.android.backuptransport }
06-24 15:34:15.092 D/HsmInterfaceImpl(12676): List []
06-24 15:34:15.094 D/PMS1000 (  657): package:com.excelliance.dualaid, input flags:8192, output hwFlags:0
06-24 15:34:15.094 W/HSM     ( 1813): HoldService:toast switch is close!
06-24 15:34:15.095 D/ApplicationPackageManager(12676): queryIntentActivitiesAsUser blocked, Intent { act=android.intent.action.MAIN cat=[android.intent.category.LAUNCHER] pkg=com.huawei.skytone }
06-24 15:34:15.095 D/HsmInterfaceImpl(12676): List []
06-24 15:34:15.097 W/HSM     ( 1813): HoldService:toast switch is close!
06-24 15:34:15.098 D/ApplicationPackageManager(12676): queryIntentActivitiesAsUser blocked, Intent { act=android.intent.action.MAIN cat=[android.intent.category.LAUNCHER] pkg=com.estrongs.android.pop }
06-24 15:34:15.098 D/HsmInterfaceImpl(12676): List [ResolveInfo{5a47e41 com.estrongs.android.pop/.app.openscreenad.NewSplashActivity m=0x108000}]
06-24 15:34:15.130 W/HSM     ( 1813): HoldService:toast switch is close!
06-24 15:34:15.130 D/ApplicationPackageManager(12676): queryIntentActivitiesAsUser blocked, Intent { act=android.intent.action.MAIN cat=[android.intent.category.LAUNCHER] pkg=com.redfinger.app }
06-24 15:34:15.130 D/HsmInterfaceImpl(12676): List [ResolveInfo{f68f927 com.redfinger.app/.activity.SplashActivity m=0x108000}]
06-24 15:34:15.159 D/PMS1000 (  657): package:com.excelliance.dualaid, input flags:8192, output hwFlags:0
06-24 15:34:15.160 W/HSM     ( 1813): HoldService:toast switch is close!
06-24 15:34:15.161 D/ApplicationPackageManager(12676): queryIntentActivitiesAsUser blocked, Intent { act=android.intent.action.MAIN cat=[android.intent.category.LAUNCHER] pkg=com.android.vending }
06-24 15:34:15.161 D/HsmInterfaceImpl(12676): List [ResolveInfo{479bd7d com.android.vending/.AssetBrowserActivity m=0x108000}]
06-24 15:34:15.174 D/HwBatteryService(  657): onUEvent fcpStatus = 0,scpStatus =0,ovpStatus=0
06-24 15:34:15.175 I/UsbDeviceManager(  657): water_intrused state= 0
06-24 15:34:15.182 D/dubaid  (  770): [HourlyRoutine.cpp] handleRequestOffset# timestamp=1529823600000, expire=1544818
06-24 15:34:15.182 I/dubaid  (  770): [PollingRoutine.cpp] notifyPolling# Polling routine start, timestamp: 1529825655180, reason: 1
06-24 15:34:15.185 D/HwInnerWifiManagerImpl(  657): SupplicantState = COMPLETED
06-24 15:34:15.185 D/HwInnerWifiManagerImpl(  657): isPhoneAP = false
06-24 15:34:15.185 D/WifiStateMachine(  657): mBcastReceiver: PluggedType = 2 mIsScanCtrlPluggedin = true
06-24 15:34:15.186 D/HwWifiService(  657): mPluggedType =2
06-24 15:34:15.186 D/WifiService(  657): onReceive, action:android.intent.action.BATTERY_CHANGED
06-24 15:34:15.186 D/WifiService(  657): ACTION_BATTERY_CHANGED pluggedType: 2
06-24 15:34:15.187 D/KeyguardUpdateMonitor( 1513): received broadcast android.intent.action.BATTERY_CHANGED
06-24 15:34:15.187 W/KeyguardUpdateMonitor( 1513): ACTION_BATTERY_CHANGED AMP: 500000; Volt: 4697000
06-24 15:34:15.187 V/KeyguardUpdateMonitor( 1513): RefreshBatteryInfo isBatteryLow: 36
06-24 15:34:15.187 W/KeyguardUpdateMonitor( 1513): ChargingSpeed  Wattage: 2348500 ST: 5000000 --> 7500000
06-24 15:34:15.187 I/KgBattery( 1513): BatteryInfo updated:  2lPc0
06-24 15:34:15.187 W/AppHandler( 1513): sendMessage with obj100
06-24 15:34:15.187 D/KeyguardUpdateMonitor( 1513): handleBatteryUpdate
06-24 15:34:15.187 V/KeyguardUpdateMonitor( 1513): RefreshBatteryInfo isBatteryLow: 36
06-24 15:34:15.188 W/HwKeyguardBottomArea( 1513): updateBatteryInfo : false  true
06-24 15:34:15.189 W/HwLockScreenPanel( 1513): Handle message: 100
06-24 15:34:15.189 W/HwKeyguardBottomArea( 1513): updateBatteryInfo : false  true
06-24 15:34:15.189 W/HwLockScreenPanel( 1513): refreshBatteryInfo: null
06-24 15:34:15.189 W/KgBattery( 1513): getCharge info with type: text
06-24 15:34:15.194 I/MsgReceiver( 1699): intent action: android.intent.action.BATTERY_CHANGED
06-24 15:34:15.195 E/WifiHAL (  706): enter wifi_get_link_stats
06-24 15:34:15.198 I/CloudAlbum[8.1.2.302]( 2775): [OperationUtil] cancelNotify
06-24 15:34:15.206 D/PMS1000 (  657): package:com.excelliance.dualaid, input flags:8192, output hwFlags:0
06-24 15:34:15.209 W/HSM     ( 1813): HoldService:toast switch is close!
06-24 15:34:15.209 W/libc    ( 1699): Set property "debug.aps.current_battery" to "36"
06-24 15:34:15.209 D/ApplicationPackageManager(12676): queryIntentActivitiesAsUser blocked, Intent { act=android.intent.action.MAIN cat=[android.intent.category.LAUNCHER] pkg=org.hapjs.mockup }
06-24 15:34:15.209 D/HsmInterfaceImpl(12676): List [ResolveInfo{e69b479 org.hapjs.mockup/.activity.MainActivity m=0x108000}]
06-24 15:34:15.211 E/BatteryStatsService(  657): no controller energy info supplied
06-24 15:34:15.229 E/BatteryStatsService(  657): modem info is invalid: ModemActivityInfo{ mTimestamp=0 mSleepTimeMs=0 mIdleTimeMs=0 mTxTimeMs[]=[0, 0, 0, 0, 0] mRxTimeMs=0 mEnergyUsed=0}
06-24 15:34:15.232 D/PMS1000 (  657): package:com.excelliance.dualaid, input flags:8192, output hwFlags:0
06-24 15:34:15.233 W/HSM     ( 1813): HoldService:toast switch is close!
06-24 15:34:15.233 D/ApplicationPackageManager(12676): queryIntentActivitiesAsUser blocked, Intent { act=android.intent.action.MAIN cat=[android.intent.category.LAUNCHER] pkg=com.huawei.gamebox }
06-24 15:34:15.233 D/HsmInterfaceImpl(12676): List [ResolveInfo{a59e61f com.huawei.gamebox/.GameBoxActivity m=0x108000}]
06-24 15:34:15.237 E/asset   (12676): createFromFile(): lock file /data/resource-cache/system@emui@base@overlay@frameworkhwexthonor@frameworkhwexthonor.apk@idmap.
06-24 15:34:15.237 E/asset   (12676): createFromFile(): lock file /data/resource-cache/system@emui@base@overlay@frameworkhwexthonor@frameworkhwexthonor.apk@idmap.
06-24 15:34:15.237 W/ResourceType(12676): Found multiple library tables, ignoring...
06-24 15:34:15.262 I/TrafficMonitor(  657): update:rxPkts:14,txPkts:19,rxBytes:7853,txBytes:2686
06-24 15:34:15.262 I/TrafficMonitor(  657): start expired. level:-1
06-24 15:34:15.262 I/TrafficMonitor(  657): gettimer:interval=2000
06-24 15:34:15.265 W/HSM     ( 1813): HoldService:toast switch is close!
06-24 15:34:15.266 D/ApplicationPackageManager(12676): queryIntentActivitiesAsUser blocked, Intent { act=android.intent.action.MAIN cat=[android.intent.category.LAUNCHER] pkg=com.stickgame.los2 }
06-24 15:34:15.266 D/HsmInterfaceImpl(12676): List [ResolveInfo{ab59fca com.stickgame.los2/com.DBGame.DiabloLOL.DiabloLOL m=0x108000}]
06-24 15:34:15.304 W/HSM     ( 1813): HoldService:toast switch is close!
06-24 15:34:15.304 D/ApplicationPackageManager(12676): queryIntentActivitiesAsUser blocked, Intent { act=android.intent.action.MAIN cat=[android.intent.category.LAUNCHER] pkg=com.qihoo.appstore }
06-24 15:34:15.304 D/HsmInterfaceImpl(12676): List [ResolveInfo{c4e2458 com.qihoo.appstore/.home.LauncherActivity m=0x108000}]
06-24 15:34:15.327 I/Pged-IPgedBinderService(  769): ****action is 2, pid num is 6***
06-24 15:34:15.327 I/Pged-Freezer(  769): thawPids
06-24 15:34:15.331 D/PgedBinderAdapter( 1699): unfrz ok, pid: [29457, 29531, 29347, 27318, 29532]
06-24 15:34:15.336 I/appium  (29532): Skipping invisible child: android.view.accessibility.AccessibilityNodeInfo@847a; boundsInParent: Rect(0, 0 - 1080, 1920); boundsInScreen: Rect(0, 0 - -1080, 1920); packageName: com.excelliance.dualaid; className: android.widget.RelativeLayout; text: null; error: null; maxTextLength: -1; contentDescription: null; viewIdResName: null; checkable: false; checked: false; focusable: false; focused: false; selected: false; clickable: false; longClickable: false; contextClickable: false; enabled: true; password: false; scrollable: false; importantForAccessibility: false; actions: [AccessibilityAction: ACTION_SELECT - null, AccessibilityAction: ACTION_CLEAR_SELECTION - null, AccessibilityAction: ACTION_ACCESSIBILITY_FOCUS - null, AccessibilityAction: ACTION_SHOW_ON_SCREEN - null]
06-24 15:34:15.336 I/appium  (29532): Skipping invisible child: android.view.accessibility.AccessibilityNodeInfo@9ec1; boundsInParent: Rect(0, 0 - 1080, 1920); boundsInScreen: Rect(0, 0 - 0, 1920); packageName: com.excelliance.dualaid; className: android.widget.RelativeLayout; text: null; error: null; maxTextLength: -1; contentDescription: null; viewIdResName: null; checkable: false; checked: false; focusable: false; focused: false; selected: false; clickable: false; longClickable: false; contextClickable: false; enabled: true; password: false; scrollable: false; importantForAccessibility: false; actions: [AccessibilityAction: ACTION_SELECT - null, AccessibilityAction: ACTION_CLEAR_SELECTION - null, AccessibilityAction: ACTION_ACCESSIBILITY_FOCUS - null, AccessibilityAction: ACTION_SHOW_ON_SCREEN - null]
06-24 15:34:15.338 I/appium  (29532): Null child 8/9, parent: android.view.accessibility.AccessibilityNodeInfo@a282; boundsInParent: Rect(0, 0 - 1080, 1920); boundsInScreen: Rect(0, 0 - 1080, 1920); packageName: com.excelliance.dualaid; className: android.widget.RelativeLayout; text: null; error: null; maxTextLength: -1; contentDescription: null; viewIdResName: null; checkable: false; checked: false; focusable: false; focused: false; selected: false; clickable: false; longClickable: false; contextClickable: false; enabled: true; password: false; scrollable: false; importantForAccessibility: false; actions: [AccessibilityAction: ACTION_SELECT - null, AccessibilityAction: ACTION_CLEAR_SELECTION - null, AccessibilityAction: ACTION_ACCESSIBILITY_FOCUS - null, AccessibilityAction: ACTION_SHOW_ON_SCREEN - null]
06-24 15:34:15.338 I/appium  (29532): Fetch time: 6ms
06-24 15:34:15.338 W/HSM     ( 1813): HoldService:toast switch is close!
06-24 15:34:15.339 D/ApplicationPackageManager(12676): queryIntentActivitiesAsUser blocked, Intent { act=android.intent.action.MAIN cat=[android.intent.category.LAUNCHER] pkg=com.huawei.android.thememanager }
06-24 15:34:15.339 D/HsmInterfaceImpl(12676): List [ResolveInfo{175ee96 com.huawei.android.thememanager/.HwThemeManagerActivity m=0x108000}]
06-24 15:34:15.342 E/asset   (12676): createFromFile(): lock file /data/resource-cache/system@emui@base@overlay@frameworkhwexthonor@frameworkhwexthonor.apk@idmap.
06-24 15:34:15.342 E/asset   (12676): createFromFile(): lock file /data/resource-cache/system@emui@base@overlay@frameworkhwexthonor@frameworkhwexthonor.apk@idmap.
06-24 15:34:15.342 W/ResourceType(12676): Found multiple library tables, ignoring...
