--------- beginning of main
06-24 15:29:53.365 D/NetWorkUtils( 1513): mVSimCurCardType is -1
06-24 15:29:53.367 W/ResourceType( 1513): No package identifier when getting value for resource number 0x00000000
06-24 15:29:53.367 E/HwNotchUtils( 1513): setIconForView iconId is not found
06-24 15:29:53.369 D/NetWorkUtils( 1513): mVSimCurCardType is -1
06-24 15:29:53.371 W/ResourceType( 1513): No package identifier when getting value for resource number 0x00000000
06-24 15:29:53.372 E/HwNotchUtils( 1513): setIconForView iconId is not found
06-24 15:29:53.397 I/appium  (29532): channel read invoked!
06-24 15:29:53.397 I/appium  (29532): channel read: GET /wd/hub/status
06-24 15:29:53.400 I/appium  (29532): AppiumResponse: {"sessionId":"SESSIONID","status":0,"value":"Status Invoked"}
--------- beginning of system
06-24 15:29:53.418 E/wificond(  765): Failed to get NL80211_STA_INFO_CNAHLOAD
06-24 15:29:53.419 E/WificondControl(  657): Noise: -88, Snr: 0, Chload: -1
06-24 15:29:53.419 D/HwConnectivityManagerImpl(  657): sendIntentDnsEvent connectType 1
06-24 15:29:53.420 D/HwConnectivityManagerImpl(  657): sendIntentDnsEvent mDnsCount:100 mDnsIpv6Timeout:0 mDnsResponseTotalTime:25 mDnsFailCount:0 mDnsResponse20Count:100 mDnsResponse150Count:0 mDnsResponse500Count:0 mDnsResponse1000Count:0 mDnsResponse2000Count:0 mDnsResponseOver2000Count:0
06-24 15:29:53.420 W/ContextImpl(  657): Calling a method in the system process without a qualified user: android.app.ContextImpl.sendBroadcast:1095 com.android.server.HwConnectivityManagerImpl.sendIntentDnsEvent:726 com.android.server.HwConnectivityManagerImpl.onDnsEvent:629 com.android.server.connectivity.NetdEventListenerService.onDnsEvent:127 android.net.metrics.INetdEventListener$Stub.onTransact:69 
06-24 15:29:53.421 D/HwWifiCHRStateManager(  657): handleMessage : 1001
06-24 15:29:53.421 D/HwWifiCHRStateManager(  657): handleUpdateChannel:5805
06-24 15:29:53.421 V/HwWifiServiceFactory(  657): get AllImpl object = com.android.server.wifi.HwWifiServiceFactoryImpl@a390a53
06-24 15:29:53.423 W/ActivityManager(  657): Sending non-protected broadcast com.intent.action.wifi_dns_statistics from system 657:system/1000 pkg android
06-24 15:29:53.423 W/ActivityManager(  657): Sending non-protected broadcast com.intent.action.wifi_dns_statistics from system 657:system/1000 pkg android
06-24 15:29:53.425 D/HwWifiStatStore(  657): handleMessage : 2012
06-24 15:29:53.425 D/HwWifiStatStore(  657): handleWifiDnsStatReport data is: Bundle[{dnsIpv6Timeout=0, dnsResponse2000Count=0, dnsResponse500Count=0, dnsResponse20Count=100, dnsFailCount=0, dnsCount=100, dnsResponse1000Count=0, dnsResponse150Count=0, dnsResponseOver2000Count=0, dnsResponseTotalTime=25}]
06-24 15:29:53.427 E/wificond(  765): Failed to get NL80211_STA_INFO_CNAHLOAD
06-24 15:29:53.429 D/HuaweiWifiWatchdogStateMachine(  657): LM mrssi=-39
06-24 15:29:53.430 D/HuaweiWifiWatchdogStateMachine(  657): f2:9f:**:**:8f:43 current loss[-45]=0%, volume=35
06-24 15:29:53.430 D/WiFi_PRO(  657): MSG_RETURN_AP_CURRY_RSSI rssi = -39
06-24 15:29:53.430 D/HuaweiWifiWatchdogStateMachine(  657): f2:9f:**:**:8f:43 history loss[-45]=0.02%, volume=23016079
06-24 15:29:53.430 I/QosMonitor(  657): queryRtt: rtt_type = 3
06-24 15:29:53.430 I/HwQoEJNI(  657): send_cmd_kernel. begin
06-24 15:29:53.430 I/HwQoEJNI(  657): send_cmd_kernel. end
06-24 15:29:53.431 I/QosMonitor(  657): postEventFromNative: msg=100,arg1=4,arg2=10
06-24 15:29:53.431 D/HuaweiWifiWatchdogStateMachine(  657): f2:9f:**:**:8f:43 current RTT[-45]=272, volume=4
06-24 15:29:53.431 D/HuaweiWifiWatchdogStateMachine(  657): f2:9f:**:**:8f:43 history RTT[-45]=237, volume=1682661
06-24 15:29:53.431 D/HuaweiWifiWatchdogStateMachine(  657): setSampleRtt: rtt=272,rtt_pkts =4,rtt_when=2
06-24 15:29:53.431 I/QosMonitor(  657): resetRtt: rtt_type = 3
06-24 15:29:53.431 I/HwQoEJNI(  657): send_cmd_kernel. begin
06-24 15:29:53.431 I/HwQoEJNI(  657): send_cmd_kernel. end
06-24 15:29:53.433 I/HuaweiWifiWatchdogStateMachine(  657): spd good count:0, add sc:0.0, rate:1.0
06-24 15:29:53.433 I/HuaweiWifiWatchdogStateMachine(  657): current mHighDataFlowRate = 1.0
06-24 15:29:53.433 I/HuaweiWifiWatchdogStateMachine(  657): POta txb txg rxg:0, 35, 0. Lr =0% Totpkt=35
06-24 15:29:53.433 I/HwQoEJNI(  657): send_cmd_kernel. begin
06-24 15:29:53.434 I/HwQoEJNI(  657): send_cmd_kernel. end
06-24 15:29:53.434 I/QosMonitor(  657): postEventFromNative: msg=100,arg1=0,arg2=10
06-24 15:29:53.434 D/HwUidTcpMonitor(  657): parseWlanUidTcpStatistics lastUidTcpStatInfo = [ mUid = 10093 mPacketName = com.android.vending mSendSegs = 2529 mResendSegs = 1766 mRcvSegs = 195 ]
06-24 15:29:53.434 I/MQoS    (  657): rtt=272,tcp_tx_pkts=381537,tcp_rx_pkts=394547
06-24 15:29:53.435 I/MQoS    (  657): QOS_level:0(0),DataDisable;use level-0
06-24 15:29:53.435 I/MQoS    (  657): skip-low-Level:0(0),DataDisable;use level-0
06-24 15:29:53.435 D/HuaweiWifiWatchdogStateMachine(  657): dumpTcpResult: len=10,rtt=272,rttPkt=4,rttWn=2,cgt=16,cgtWn=8754889
06-24 15:29:53.436 I/HuaweiWifiWatchdogStateMachine(  657): PTcp RTT:272, rtt pkt=4, tcp_rx=11, tcp_tx=19, tcp_reTran=4, rtRate=0.21
06-24 15:29:53.436 I/appium  (29532): channel read invoked!
06-24 15:29:53.436 D/HuaweiWifiWatchdogStateMachine(  657): mRssiBadCount =0, RSSI not bad.
06-24 15:29:53.436 D/HuaweiWifiWatchdogStateMachine(  657): detectNetworkAvailable:hw.wifipro.dns_fail_count = 64
06-24 15:29:53.436 I/appium  (29532): channel read: POST /wd/hub/session
06-24 15:29:53.436 D/HuaweiWifiWatchdogStateMachine(  657): detectNetworkAvailable: tcpRxPkts != 0, reset
06-24 15:29:53.436 I/HuaweiWifiWatchdogStateMachine(  657): rs ota tcp lr rttvb bad: false, false, false, false, false; rsth:-75
06-24 15:29:53.436 D/HuaweiWifiWatchdogStateMachine(  657): GSC:0, GSR:1.0, RSR:1.0, RTH:-75
06-24 15:29:53.436 D/HuaweiWifiWatchdogStateMachine(  657): goodperiod count=1, rb rttg sg =false, true, false
06-24 15:29:53.436 D/HuaweiWifiWatchdogStateMachine(  657): bqeLevel = 3 rtt=272,rtt_pkts=4 speed=47 rssi=-39
06-24 15:29:53.436 D/HuaweiWifiWatchdogStateMachine(  657): Enter updateQoeLevel level = 3
06-24 15:29:53.436 D/HuaweiWifiWatchdogStateMachine(  657): updateQoeLevel current level equal to mLastDetectLevel, return
06-24 15:29:53.436 I/HuaweiWifiWatchdogStateMachine(  657):  pkt chk not bad, reset sc to 0.
06-24 15:29:53.436 D/HuaweiWifiWatchdogStateMachine(  657): ### mPktChkBadCnt=0
06-24 15:29:53.437 D/appium  (29532): payload: {"desiredCapabilities":{"platform":"LINUX","webStorageEnabled":false,"takesScreenshot":true,"javascriptEnabled":true,"databaseEnabled":false,"networkConnectionEnabled":true,"locationContextEnabled":false,"warnings":{},"desired":{"platformName":"Android","platformVersion":"8.0.0\n","deviceName":"CSX0217930000442","appPackage":"com.excelliance.dualaid","appActivity":"com.excelliance.kxqp.ui.HelloActivity","newCommandTimeout":30000,"automationName":"uiautomator2"},"platformName":"Android","platformVersion":"8.0.0","deviceName":"CSX0217930000442","appPackage":"com.excelliance.dualaid","appActivity":"com.excelliance.kxqp.ui.HelloActivity","newCommandTimeout":30000,"automationName":"uiautomator2","deviceUDID":"CSX0217930000442","deviceScreenSize":"1080x1920","deviceScreenDensity":480,"deviceModel":"STF-AL10","deviceManufacturer":"HUAWEI"}}
06-24 15:29:53.441 I/appium  (29532): Session Created with SessionID:2d604340-25b7-4bc5-874b-09ac3bd169d8
06-24 15:29:53.441 I/appium  (29532): AppiumResponse: {"sessionId":"2d604340-25b7-4bc5-874b-09ac3bd169d8","status":0,"value":"Created Session"}
06-24 15:29:53.556 I/ActivityManager(  657): Force stopping com.excelliance.dualaid appid=11422 user=0: from pid 29593by app
06-24 15:29:53.570 V/AlarmManager(  657): UninstallReceiver onReceive action:android.intent.action.PACKAGE_RESTARTED
06-24 15:29:53.574 D/HwBastetService(  657): BroadcastReceiver android.intent.action.PACKAGE_RESTARTED
06-24 15:29:53.578 I/HwCoreAppHelperService( 1478): LocalReceiver receives:android.intent.action.PACKAGE_RESTARTED,pkg:com.excelliance.dualaid,uid:11422
06-24 15:29:53.582 D/HwGpsPowerTracker(  657): LocalReceiver receives:android.intent.action.PACKAGE_RESTARTED
06-24 15:29:53.583 D/PMS1000 (  657): package:com.excelliance.dualaid, input flags:0, output hwFlags:0
06-24 15:29:53.586 E/NfcNci  ( 2677): NfcUtils error: APP have nfc permission
06-24 15:29:53.592 D/CarrierSvcBindHelper( 1715): No carrier app for: 0
06-24 15:29:53.594 D/CarrierSvcBindHelper( 1715): No carrier app for: 1
06-24 15:29:53.597 D/PMS1027 (  657): package:com.google.android.apps.walletnfcrel, input flags:8192, output is null
06-24 15:29:53.600 D/ApduServiceInfo( 2677): No com.nxp.nfc.extensions meta-data
06-24 15:29:53.608 I/chatty  ( 2677): uid=1027(nfc) com.android.nfc identical 3 lines
06-24 15:29:53.612 D/ApduServiceInfo( 2677): No com.nxp.nfc.extensions meta-data
06-24 15:29:53.612 E/ApduServiceInfo( 2677): SE extension not present, Setting default offhost seID
06-24 15:29:53.622 E/NfcNci  ( 2677): NfcUtils error: APP have nfc permission
06-24 15:29:53.822 I/ActivityManager(  657): START u0 {act=android.intent.action.MAIN cat=[android.intent.category.LAUNCHER] flg=0x10200000 cmp=com.excelliance.dualaid/com.excelliance.kxqp.ui.HelloActivity} from uid 2000
06-24 15:29:53.829 I/ash     ( 1699): front pkg : com.excelliance.dualaid launcher: false
06-24 15:29:53.829 I/ash     ( 1699): above launcher front pkgs: [com.excelliance.dualaid]
06-24 15:29:53.830 I/ActivityManager(  657): ActivityRecord info: ActivityInfo{9e28cc7 com.excelliance.kxqp.ui.HelloActivity}
06-24 15:29:53.831 D/PMS1000 (  657): package:com.excelliance.dualaid, input flags:268436480, output hwFlags:0
06-24 15:29:53.834 I/PGServer( 1699): android calls fast hibernateApps
06-24 15:29:53.834 I/AppFastHibernation( 1699): fast hibernate duration: 1500 reason: start activity
06-24 15:29:53.834 I/Pged-IPgedBinderService(  769): ****action is 1, pid num is 6***
06-24 15:29:53.834 I/Pged-Freezer(  769): freezePids
06-24 15:29:53.834 I/Pged-Freezer(  769): Freeze process: 29457
06-24 15:29:53.835 I/Pged-Freezer(  769): Freeze process: 29531
06-24 15:29:53.835 I/Pged-Freezer(  769): Freeze process: 29347
06-24 15:29:53.835 I/Pged-Freezer(  769): Freeze process: 27318
06-24 15:29:53.836 I/Pged-Freezer(  769): Freeze process: 29532
06-24 15:29:53.836 D/PgedBinderAdapter( 1699): frz ok, pid: [29457, 29531, 29347, 27318, 29532]
06-24 15:29:53.837 D/PMS1000 (  657): package:com.excelliance.dualaid, input flags:1, output hwFlags:0
06-24 15:29:53.846 V/WindowManager(  657): addAppToken: AppWindowToken{f12e63 token=Token{bed492 ActivityRecord{e658a1d u0 com.excelliance.dualaid/com.excelliance.kxqp.ui.HelloActivity t16009}}} controller={TaskWindowContainerController taskId=16009} at 2147483647
06-24 15:29:53.849 D/MotionDetectionManager( 2519): stopMotionAppsReco motionApps: 403
06-24 15:29:53.850 D/MotionDetectionManager( 2519): stopMotionAppsReco not recognition motionApps 403
06-24 15:29:53.850 W/HwLauncher( 2519): Launcher.MotionManager stopMotionAppsReco service flg 403 is unavailable
06-24 15:29:53.850 I/ActivityManager(  657): mWaitingActivityLaunched add ComponentName = null
06-24 15:29:53.851 V/ActivityManager(  657): startProcess: name=com.excelliance.dualaid:olle app=null knownToBeDead=true thread=null pid=-1
06-24 15:29:53.851 D/PMS1000 (  657): package:com.excelliance.dualaid, input flags:0, output hwFlags:0
06-24 15:29:53.861 I/ActivityManager(  657): Start proc 29599:com.excelliance.dualaid:olle/u0a1422 for activity com.excelliance.dualaid/com.excelliance.kxqp.ui.HelloActivity
06-24 15:29:53.861 I/        (29599): power log dlsym ok
06-24 15:29:53.864 I/zygote  (29599): Reinit property: dalvik.vm.checkjni= false
06-24 15:29:53.864 V/WindowManager(  657): No longer Stopped: AppWindowToken{f12e63 token=Token{bed492 ActivityRecord{e658a1d u0 com.excelliance.dualaid/com.excelliance.kxqp.ui.HelloActivity t16009}}}
06-24 15:29:53.864 V/ActivityManager(  657): startProcess: name=com.excelliance.dualaid:olle app=ProcessRecord{6651a60 29599:com.excelliance.dualaid:olle/u0a1422} knownToBeDead=true thread=null pid=29599
06-24 15:29:53.874 D/ActivityThread(29599): ActivityThread,attachApplication
06-24 15:29:53.875 D/ActivityManager(  657): ActivityManagerService,attachApplication,callingPid = 29599
06-24 15:29:53.877 V/WindowManager(  657): No longer Stopped: AppWindowToken{f12e63 token=Token{bed492 ActivityRecord{e658a1d u0 com.excelliance.dualaid/com.excelliance.kxqp.ui.HelloActivity t16009}}}
06-24 15:29:53.887 V/WindowManager(  657): findFocusedWindow: AppWindowToken{d3a938b token=Token{377755a ActivityRecord{d5c9105 u0 com.huawei.android.launcher/.unihome.UniHomeLauncher t15658}}} below Reached focused app=AppWindowToken{f12e63 token=Token{bed492 ActivityRecord{e658a1d u0 com.excelliance.dualaid/com.excelliance.kxqp.ui.HelloActivity t16009}}}
06-24 15:29:53.888 D/ScenarioService( 1699): front pkg : com.excelliance.dualaid launcher: false
06-24 15:29:53.888 D/ScenarioService( 1699): new above launcher front pkgs: [com.excelliance.dualaid]
06-24 15:29:53.888 I/AppsUsage( 1699): scnOff:false FgAPP:com.excelliance.dualaid BgAPP:com.huawei.android.launcher
06-24 15:29:53.889 V/WindowManager(  657): Checking 1 opening apps (frozen=false timeout=false)...
06-24 15:29:53.889 V/WindowManager(  657): Check opening app=AppWindowToken{f12e63 token=Token{bed492 ActivityRecord{e658a1d u0 com.excelliance.dualaid/com.excelliance.kxqp.ui.HelloActivity t16009}}}: allDrawn=false startingDisplayed=false startingMoved=false isRelaunching()=false
06-24 15:29:53.892 D/PMS1000 (  657): package:com.excelliance.dualaid, input flags:0, output hwFlags:0
06-24 15:29:53.892 W//system/bin/hwservicemanager(  416): Cannot open /odm/manifest.xml
06-24 15:29:53.896 D/HwQoEUtils(  657): mForegroundAppPackageName: com.excelliance.dualaid:olle ,score: 0
06-24 15:29:53.896 D/HwQoEUtils(  657): APP type: -1 appName= com.excelliance.dualaid:olle
06-24 15:29:53.896 D/HwQoEUtils(  657): RealAppName:com.excelliance.dualaid
06-24 15:29:53.896 D/HwQoEUtils(  657): no game, APP_TYPE_GAME, appName =com.excelliance.dualaid:olle
06-24 15:29:53.896 D/HwGameAssistantController(  657): pid=29599, uid=11422, foreground=true
06-24 15:29:53.897 W/AwareLog(  657): SchedLevelBoost: onFgActivitiesChanged config not set!
06-24 15:29:53.898 I/HwNetworkPolicy(  657): onTransact, code = 203
06-24 15:29:53.898 D/EmcomManagerService(  657): forePackage name is com.excelliance.dualaid
06-24 15:29:53.898 D/HicomPolicyManager(  657): foreAppInfo = nullpkgName = com.excelliance.dualaid uid= 11422
06-24 15:29:53.898 E/HicomPolicyManager(  657): udp acc is not start yet!
06-24 15:29:53.898 D/HicomPolicyManager(  657): speed control is not start
06-24 15:29:53.898 E/HicomPolicyManager(  657): Network Evaluation is not start yet!
06-24 15:29:53.898 E/HicomPolicyManager(  657): foreground app info is null
06-24 15:29:53.898 I/HwNetworkPolicyManager( 1813): getHwUidPolicy uid = 11422 policy = 0
06-24 15:29:53.899 D/[HwRecSys]HwRecSysService( 2647): onEvent actionID: 10000 msg:com.excelliance.dualaid		
06-24 15:29:53.899 E/[HwRecSys]HwRecSysService( 2647): getIsRportDirectService is false!
06-24 15:29:53.901 I/PGServer( 1699): checkPkgType. calling pkg: com.huawei.iaware
06-24 15:29:53.901 V/AudioManager( 1699): setParameters  keyValuePairs: updateAppLowPowerParams=167783582
06-24 15:29:53.902 W/libc    ( 1699): Set property "sys.aps.gameProcessName" to ""
06-24 15:29:53.903 I/PGServer( 1699): report state:10010 event type:2 pid:0 uid:0 pkg:com.huawei.android.launcher to pid: 657
06-24 15:29:53.903 I/PGServer( 1699): report state:10010 event type:2 pid:0 uid:0 pkg:com.huawei.android.launcher to pid: 1699
06-24 15:29:53.903 I/SceneReceiver( 1699): state type: 10010 eventType:2 pid:0 uid:0 pkg:com.huawei.android.launcher
06-24 15:29:53.903 I/PGServer( 1699): report state:10000 event type:1 pid:0 uid:0 pkg:com.excelliance.dualaid to pid: 657
06-24 15:29:53.903 I/PGServer( 1699): report state:10000 event type:1 pid:0 uid:0 pkg:com.excelliance.dualaid to pid: 1699
06-24 15:29:53.903 I/SceneReceiver( 1699): state type: 10000 eventType:1 pid:0 uid:0 pkg:com.excelliance.dualaid
06-24 15:29:53.903 D/HwThermalStateManager( 1699): current foreapp pkg : com.excelliance.dualaid
06-24 15:29:53.904 W/libc    ( 1699): Set property "sys.aps.browserProcessName" to ""
06-24 15:29:53.905 D/HwFLClassLoader(29599): get used feature list :/feature/used-list failed!
06-24 15:29:53.905 D/HwFLClassLoader(29599): USE_FEATURE_LIST had not init! 
06-24 15:29:53.905 I/PGServer( 1699): checkPkgType. calling pkg: android
06-24 15:29:53.906 I/PGServer( 1699): checkPkgType. calling pkg: android
06-24 15:29:53.909 W//system/bin/hwservicemanager(  416): Cannot open /odm/manifest.xml
06-24 15:29:53.912 I/GRALLOC (  679): 	 shrFd=10,fmt=0x1,intFmt=0x1,btStrd=256,size=4096,pid=679 
06-24 15:29:53.912 I/GRALLOC (  679): 	 yuv=2,w=16,h=16,Stride u=0 v=0,offset u=0 v=0 
06-24 15:29:53.912 I/GRALLOC (  679): 	 iova_size=4096,conUsg=0x100,proUsg=0x100,	 strd=64,[afbc]HdrStrd=0 PyldStrd=0 Scrmbl=0,ionhnd = 1 
06-24 15:29:53.922 E/MemoryLeakMonitorManager(29599): MemoryLeakMonitor.jar is not exist!
06-24 15:29:53.922 D/CrashHandler(29599): CrashHandler
06-24 15:29:53.923 E/Minikin (29599): Could not get cmap table size!
06-24 15:29:53.923 D/PMS11422(  657): package:com.excelliance.dualaid, input flags:128, output hwFlags:0
06-24 15:29:53.926 D/KXQPApplication(29599): run: initUserManager
06-24 15:29:53.932 I/HwCust  (29599): Constructor found for class android.app.HwCustActivityImpl
06-24 15:29:53.932 D/HwCust  (29599): Create obj success use class android.app.HwCustActivityImpl
06-24 15:29:53.934 V/HwPolicyFactory(29599): : success to get AllImpl object and return....
06-24 15:29:53.935 I/HwCust  (29599): Constructor found for class android.app.HwCustHwWallpaperManagerImpl
06-24 15:29:53.935 D/HwCust  (29599): Create obj success use class android.app.HwCustHwWallpaperManagerImpl
06-24 15:29:53.937 D/PMS11422(  657): package:com.excelliance.dualaid, input flags:0, output hwFlags:0
06-24 15:29:53.938 V/HwWidgetFactory(29599): : successes to get AllImpl object and return....
06-24 15:29:53.939 V/ActivityThread(29599): ActivityThread,callActivityOnCreate
06-24 15:29:53.942 D/HelloActivity(29599): Memory:25147M
06-24 15:29:53.943 D/HelloActivity(29599): onCreate: true
06-24 15:29:53.945 D/HelloActivity(29599): is code boot
06-24 15:29:53.948 D/HelloActivity(29599): mIsNav = false
06-24 15:29:53.963 D/HwRecentsLockUtils( 1513): Search
06-24 15:29:53.963 E/HsmCoreServiceImpl( 1478): onTransact in code is: 103
06-24 15:29:53.963 I/MediaProcessHandler( 1478): playingUids: 
06-24 15:29:53.964 D/ActivityManager(  657): Skipping, home or recents stack task: TaskRecord{333215f #15658 A=com.huawei.android.launcher U=0 StackId=0 sz=1}
06-24 15:29:53.964 D/ActivityManager(  657): Skipping intent:act=android.intent.action.MAIN cat=[android.intent.category.LAUNCHER] flg=0x10a00000 cmp=io.appium.settings/.Settings
06-24 15:29:53.964 D/ActivityManager(  657): Skipping intent:flg=0x10804000 cmp=com.android.systemui/.recents.RecentsActivity bnds=[48,928][1032,2296]
06-24 15:29:53.964 D/ActivityManager(  657): Skipping intent:flg=0x18800000 cmp=com.tencent.mm/.plugin.base.stub.WXPayEntryActivity
06-24 15:29:53.964 D/ActivityManager(  657): Skipping intent:flg=0x10800000 cmp=com.huawei.systemmanager/com.huawei.permissionmanager.ui.MainActivity
06-24 15:29:53.964 D/ActivityManager(  657): Skipping intent:flg=0x18800000 cmp=com.tencent.mm/.plugin.base.stub.WXEntryActivity
06-24 15:29:53.964 D/ActivityManager(  657): Skipping intent:act=com.huawei.action.VOICE_ASSISTANT flg=0x10800000 pkg=com.huawei.vassistant cmp=com.huawei.vassistant/.ui.main.VAssistantActivity
06-24 15:29:53.964 D/ActivityManager(  657): Skipping intent:act=com.huawei.android.launcher.action.ACCESS_SPLIT_SCREEN_APP cat=[android.intent.category.DEFAULT] flg=0x10804000 cmp=com.huawei.android.launcher/.splitscreen.SplitScreenAppActivity
06-24 15:29:53.964 D/ActivityManager(  657): Skipping intent:flg=0x10800000 pkg=com.excelliance.dualaid.b64 cmp=com.excelliance.dualaid.b64/com.excelliance.kxqp.sdk.PermissionRequestActivity
06-24 15:29:53.964 D/ActivityManager(  657): Skipping intent:act=android.intent.action.VIEW dat=content://com.excelliance.dualaid.fileProvider/external_storage_root/Download/apk/Multiple_64.apk typ=application/vnd.android.package-archive flg=0x10800001 cmp=com.android.packageinstaller/.InstallStart
06-24 15:29:53.964 D/ActivityManager(  657): Skipping intent:flg=0x10800000 cmp=com.android.systemui/.usb.HwUsbDebuggingActivity
06-24 15:29:53.964 D/ActivityManager(  657): Skipping intent:act=android.deviceinfo.chooser.action.LAUNCH flg=0x10800000 hwFlg=0x100 pkg=com.android.settings cmp=com.android.settings/.deviceinfo.UsbConnModeChooserActivity
06-24 15:29:53.964 D/ActivityManager(  657): Skipping intent:flg=0x10800000 cmp=com.zol.android/.push.KeepLiveActivity
06-24 15:29:53.964 D/ActivityManager(  657): Skipping intent:act=android.intent.action.MAIN cat=[android.intent.category.HOME] flg=0x10800300 cmp=com.android.settings/.FallbackHome
06-24 15:29:53.965 D/HelloActivity(29599): defDisplayStyle:5
06-24 15:29:53.968 D/HttpUtils(29599): getDownloadMode()
06-24 15:29:53.968 D/NetUtils(29599): init inited = true
06-24 15:29:53.969 D/HelloActivity(29599): enter Nav2
06-24 15:29:53.970 D/NetworkSecurityConfig(29599): No Network Security Config specified, using platform default
06-24 15:29:53.971 I/ActivityManager(  657): START u0 {pkg=com.excelliance.dualaid cmp=com.excelliance.dualaid/com.excelliance.kxqp.swipe.NavActivity2 (has extras)} from uid 11422
06-24 15:29:53.972 I/ActivityManager(  657): ActivityRecord info: ActivityInfo{ec63ea com.excelliance.kxqp.swipe.NavActivity2}
06-24 15:29:53.973 W/libc    (  493): Set property "hw.wifi.dns_stat" to "28821,24599,5028,1,51951"
06-24 15:29:53.973 V/WindowManager(  657): findFocusedWindow: AppWindowToken{d3a938b token=Token{377755a ActivityRecord{d5c9105 u0 com.huawei.android.launcher/.unihome.UniHomeLauncher t15658}}} below Reached focused app=AppWindowToken{f12e63 token=Token{bed492 ActivityRecord{e658a1d u0 com.excelliance.dualaid/com.excelliance.kxqp.ui.HelloActivity t16009}}}
06-24 15:29:53.974 V/WindowManager(  657): addAppToken: AppWindowToken{c8a451 token=Token{6ffd578 ActivityRecord{c1406db u0 com.excelliance.dualaid/com.excelliance.kxqp.swipe.NavActivity2 t16009}}} controller={TaskWindowContainerController taskId=16009} at 2147483647
06-24 15:29:53.978 V/ActivityManager(  657): startProcess: name=com.excelliance.dualaid app=null knownToBeDead=true thread=null pid=-1
06-24 15:29:53.978 D/PMS1000 (  657): package:com.excelliance.dualaid, input flags:0, output hwFlags:0
06-24 15:29:53.985 I/ActivityManager(  657): Start proc 29629:com.excelliance.dualaid/u0a1422 for service com.excelliance.dualaid/com.excelliance.kxqp.SmtServService
06-24 15:29:53.985 I/        (29629): power log dlsym ok
06-24 15:29:53.987 I/zygote  (29629): Reinit property: dalvik.vm.checkjni= false
06-24 15:29:53.991 D/HwNetworkManagementService(  657): code == CODE_GET_AD_KEY_LIST
06-24 15:29:53.991 D/HwNetworkManagementService(  657): appName = com.excelliance.dualaid  is not in the mAdViewMap! reply none
06-24 15:29:53.991 D/HwNetworkManagementService(  657): appName = com.excelliance.dualaid  is not in the mAdIdMap! reply none
06-24 15:29:53.994 D/ActivityThread(29599): add activity client record, r= ActivityRecord{cbe2ddc token=android.os.BinderProxy@d13fa03 {com.excelliance.dualaid/com.excelliance.kxqp.ui.HelloActivity}} token= android.os.BinderProxy@d13fa03
06-24 15:29:53.996 V/WindowManager(  657): No longer Stopped: AppWindowToken{c8a451 token=Token{6ffd578 ActivityRecord{c1406db u0 com.excelliance.dualaid/com.excelliance.kxqp.swipe.NavActivity2 t16009}}}
06-24 15:29:53.997 V/WindowManager(  657): No longer Stopped: AppWindowToken{c8a451 token=Token{6ffd578 ActivityRecord{c1406db u0 com.excelliance.dualaid/com.excelliance.kxqp.swipe.NavActivity2 t16009}}}
06-24 15:29:53.997 D/ActivityThread(29629): ActivityThread,attachApplication
06-24 15:29:54.002 V/WindowManager(  657): Checking 1 opening apps (frozen=false timeout=false)...
06-24 15:29:54.002 V/WindowManager(  657): Check opening app=AppWindowToken{c8a451 token=Token{6ffd578 ActivityRecord{c1406db u0 com.excelliance.dualaid/com.excelliance.kxqp.swipe.NavActivity2 t16009}}}: allDrawn=false startingDisplayed=false startingMoved=false isRelaunching()=false
06-24 15:29:54.003 D/ActivityManager(  657): ActivityManagerService,attachApplication,callingPid = 29629
06-24 15:29:54.007 D/HwCust  (29599): Create obj success use class android.app.HwCustActivityImpl
06-24 15:29:54.007 D/HwCust  (29599): Create obj success use class android.app.HwCustHwWallpaperManagerImpl
06-24 15:29:54.008 V/ActivityThread(29599): ActivityThread,callActivityOnCreate
06-24 15:29:54.008 W//system/bin/hwservicemanager(  416): Cannot open /odm/manifest.xml
06-24 15:29:54.009 W/X509TrustManager(29599): checkServerTrusted: SignatureException:null
06-24 15:29:54.009 W/X509TrustManager(29599): checkServerTrusted: SignatureException:error:04000073:RSA routines:OPENSSL_internal:DATA_TOO_LARGE_FOR_MODULUS
06-24 15:29:54.013 D/NavActivity2(29599): onCreate
06-24 15:29:54.015 D/PMS11422(  657): package:com.excelliance.dualaid, input flags:128, output hwFlags:0
06-24 15:29:54.019 W/Utils   (29599): Utils_isSuperResolutionSupport [load libai_client.so failed]
06-24 15:29:54.021 D/CubicBezierInterpolator(29599): CubicBezierInterpolator  mControlPoint1x = 0.23, mControlPoint1y = 0.06, mControlPoint2x = 0.09, mControlPoint2y = 0.97
06-24 15:29:54.021 D/CubicBezierInterpolator(29599): CubicBezierInterpolator  mControlPoint1x = 0.6, mControlPoint1y = 0.9, mControlPoint2x = 0.8, mControlPoint2y = 1.0
06-24 15:29:54.021 D/CubicBezierInterpolator(29599): CubicBezierInterpolator  mControlPoint1x = 0.23, mControlPoint1y = 0.06, mControlPoint2x = 0.09, mControlPoint2y = 0.97
06-24 15:29:54.021 D/CubicBezierInterpolator(29599): CubicBezierInterpolator  mControlPoint1x = 0.6, mControlPoint1y = 0.9, mControlPoint2x = 0.8, mControlPoint2y = 1.0
06-24 15:29:54.022 D/CubicBezierInterpolator(29599): CubicBezierInterpolator  mControlPoint1x = 0.23, mControlPoint1y = 0.06, mControlPoint2x = 0.09, mControlPoint2y = 0.97
06-24 15:29:54.022 D/CubicBezierInterpolator(29599): CubicBezierInterpolator  mControlPoint1x = 0.6, mControlPoint1y = 0.9, mControlPoint2x = 0.8, mControlPoint2y = 1.0
06-24 15:29:54.022 D/CubicBezierInterpolator(29599): CubicBezierInterpolator  mControlPoint1x = 0.23, mControlPoint1y = 0.06, mControlPoint2x = 0.09, mControlPoint2y = 0.97
06-24 15:29:54.022 D/CubicBezierInterpolator(29599): CubicBezierInterpolator  mControlPoint1x = 0.6, mControlPoint1y = 0.9, mControlPoint2x = 0.8, mControlPoint2y = 1.0
06-24 15:29:54.024 D/HwFLClassLoader(29629): get used feature list :/feature/used-list failed!
06-24 15:29:54.024 D/HwFLClassLoader(29629): USE_FEATURE_LIST had not init! 
06-24 15:29:54.026 W//system/bin/hwservicemanager(  416): Cannot open /odm/manifest.xml
06-24 15:29:54.027 I/GRALLOC (  679): 	 shrFd=10,fmt=0x1,intFmt=0x1,btStrd=256,size=4096,pid=679 
06-24 15:29:54.027 I/GRALLOC (  679): 	 yuv=2,w=16,h=16,Stride u=0 v=0,offset u=0 v=0 
06-24 15:29:54.027 I/GRALLOC (  679): 	 iova_size=4096,conUsg=0x100,proUsg=0x100,	 strd=64,[afbc]HdrStrd=0 PyldStrd=0 Scrmbl=0,ionhnd = 1 
06-24 15:29:54.028 D/HwRTBlurUtils(29599): check blur style for HwPhoneWindow-, themeResId : 0x7f0e000a, context : com.excelliance.kxqp.swipe.NavActivity2@794246b, Nhwext : 0, get Blur : disable with , null
06-24 15:29:54.028 D/HwRTBlurUtils(29599): check blur style for HwPhoneWindow-, themeResId : 0x7f0e000a, context : com.excelliance.kxqp.swipe.NavActivity2@794246b, Nhwext : 0, get Blur : disable with , null
06-24 15:29:54.029 E/test    (29599): hw notch screen flag api error
06-24 15:29:54.018 D/PMS11422(  657): package:com.excelliance.dualaid, input flags:128, output hwFlags:0
06-24 15:29:54.031 D/ActivityThread(29599): add activity client record, r= ActivityRecord{414755e token=android.os.BinderProxy@31abee5 {com.excelliance.dualaid/com.excelliance.kxqp.swipe.NavActivity2}} token= android.os.BinderProxy@31abee5
06-24 15:29:54.033 E/ViewUtils(29599): setBgColor: view==null:top
06-24 15:29:54.041 D/PMS11422(  657): package:com.excelliance.dualaid, input flags:128, output hwFlags:0
06-24 15:29:54.041 D/OpenGLRenderer(29599):   HWUI Binary is  enabled
06-24 15:29:54.042 D/SurfaceFlinger(  710): SurfaceFlinger: getDisplayConfigs--3.000000, 1080, 1920
06-24 15:29:54.043 I/chatty  (  710): uid=1000(system) Binder:710_3 identical 1 line
06-24 15:29:54.043 D/SurfaceFlinger(  710): SurfaceFlinger: getDisplayConfigs--3.000000, 1080, 1920
06-24 15:29:54.043 D/OpenGLRenderer(29599): HWUI GL Pipeline
06-24 15:29:54.043 D/HttpUtils(29599): getResponseCode():200
06-24 15:29:54.044 D/WHEG    (29599): {"status":"0","controls":"","skip":"0"}
06-24 15:29:54.047 V/WindowManager(  657): Adding Window{f9320bc u0 com.excelliance.dualaid/com.excelliance.kxqp.swipe.NavActivity2} to AppWindowToken{c8a451 token=Token{6ffd578 ActivityRecord{c1406db u0 com.excelliance.dualaid/com.excelliance.kxqp.swipe.NavActivity2 t16009}}}
06-24 15:29:54.048 V/WindowManager(  657): addWindow: New client android.os.BinderProxy@6c24af: window=Window{f9320bc u0 com.excelliance.dualaid/com.excelliance.kxqp.swipe.NavActivity2} Callers=com.android.server.wm.HwWindowManagerService.addWindow:562 com.android.server.wm.Session.addToDisplay:199 android.view.IWindowSession$Stub.onTransact:124 com.android.server.wm.Session.onTransact:161 android.os.Binder.execTransact:675 
06-24 15:29:54.048 D/PMS11422(  657): package:com.excelliance.dualaid, input flags:128, output hwFlags:0
06-24 15:29:54.050 V/WindowManager(  657): Checking 1 opening apps (frozen=false timeout=false)...
06-24 15:29:54.050 V/WindowManager(  657): Check opening app=AppWindowToken{c8a451 token=Token{6ffd578 ActivityRecord{c1406db u0 com.excelliance.dualaid/com.excelliance.kxqp.swipe.NavActivity2 t16009}}}: allDrawn=false startingDisplayed=false startingMoved=false isRelaunching()=false
06-24 15:29:54.054 D/PMS11422(  657): package:com.excelliance.dualaid, input flags:128, output hwFlags:0
06-24 15:29:54.065 D/HwGalleryCacheManagerImpl(29599): mIsEffect:false
06-24 15:29:54.061 D/PMS11422(  657): package:com.excelliance.dualaid, input flags:128, output hwFlags:0
06-24 15:29:54.070 D/PMS11422(  657): package:com.excelliance.dualaid, input flags:128, output hwFlags:0
06-24 15:29:54.101 D/HwRecentsLockUtils( 1513): Search
06-24 15:29:54.101 E/HsmCoreServiceImpl( 1478): onTransact in code is: 103
06-24 15:29:54.101 I/MediaProcessHandler( 1478): playingUids: 
06-24 15:29:54.076 I/chatty  (  657): uid=1000(system) Binder:657_E identical 4 lines
06-24 15:29:54.077 D/PMS11422(  657): package:com.excelliance.dualaid, input flags:128, output hwFlags:0
06-24 15:29:54.102 D/ActivityManager(  657): Skipping, home or recents stack task: TaskRecord{333215f #15658 A=com.huawei.android.launcher U=0 StackId=0 sz=1}
06-24 15:29:54.102 D/ActivityManager(  657): Skipping intent:act=android.intent.action.MAIN cat=[android.intent.category.LAUNCHER] flg=0x10a00000 cmp=io.appium.settings/.Settings
06-24 15:29:54.102 D/ActivityManager(  657): Skipping intent:flg=0x10804000 cmp=com.android.systemui/.recents.RecentsActivity bnds=[48,928][1032,2296]
06-24 15:29:54.102 D/ActivityManager(  657): Skipping intent:flg=0x18800000 cmp=com.tencent.mm/.plugin.base.stub.WXPayEntryActivity
06-24 15:29:54.102 D/ActivityManager(  657): Skipping intent:flg=0x10800000 cmp=com.huawei.systemmanager/com.huawei.permissionmanager.ui.MainActivity
06-24 15:29:54.102 D/ActivityManager(  657): Skipping intent:flg=0x18800000 cmp=com.tencent.mm/.plugin.base.stub.WXEntryActivity
06-24 15:29:54.102 D/ActivityManager(  657): Skipping intent:act=com.huawei.action.VOICE_ASSISTANT flg=0x10800000 pkg=com.huawei.vassistant cmp=com.huawei.vassistant/.ui.main.VAssistantActivity
06-24 15:29:54.102 D/ActivityManager(  657): Skipping intent:act=com.huawei.android.launcher.action.ACCESS_SPLIT_SCREEN_APP cat=[android.intent.category.DEFAULT] flg=0x10804000 cmp=com.huawei.android.launcher/.splitscreen.SplitScreenAppActivity
06-24 15:29:54.102 D/ActivityManager(  657): Skipping intent:flg=0x10800000 pkg=com.excelliance.dualaid.b64 cmp=com.excelliance.dualaid.b64/com.excelliance.kxqp.sdk.PermissionRequestActivity
06-24 15:29:54.102 D/ActivityManager(  657): Skipping intent:act=android.intent.action.VIEW dat=content://com.excelliance.dualaid.fileProvider/external_storage_root/Download/apk/Multiple_64.apk typ=application/vnd.android.package-archive flg=0x10800001 cmp=com.android.packageinstaller/.InstallStart
06-24 15:29:54.102 D/ActivityManager(  657): Skipping intent:flg=0x10800000 cmp=com.android.systemui/.usb.HwUsbDebuggingActivity
06-24 15:29:54.102 D/ActivityManager(  657): Skipping intent:act=android.deviceinfo.chooser.action.LAUNCH flg=0x10800000 hwFlg=0x100 pkg=com.android.settings cmp=com.android.settings/.deviceinfo.UsbConnModeChooserActivity
06-24 15:29:54.102 D/ActivityManager(  657): Skipping intent:flg=0x10800000 cmp=com.zol.android/.push.KeepLiveActivity
06-24 15:29:54.102 D/ActivityManager(  657): Skipping intent:act=android.intent.action.MAIN cat=[android.intent.category.HOME] flg=0x10800300 cmp=com.android.settings/.FallbackHome
06-24 15:29:54.131 I/zygote  (29629): Compiler allocated 4MB to compile boolean com.excelliance.kxqp.KXQPApplication.b(int)
06-24 15:29:54.138 D/MainActivity(29599): instantiateItem: 2	android.widget.RelativeLayout{d00e2b1 V.E...... ......I. 0,0-0,0}
06-24 15:29:54.139 D/MainActivity(29599): initPage3: 
06-24 15:29:54.142 V/WindowManager(  657): Checking 1 opening apps (frozen=false timeout=false)...
06-24 15:29:54.143 V/WindowManager(  657): Check opening app=AppWindowToken{c8a451 token=Token{6ffd578 ActivityRecord{c1406db u0 com.excelliance.dualaid/com.excelliance.kxqp.swipe.NavActivity2 t16009}}}: allDrawn=false startingDisplayed=false startingMoved=false isRelaunching()=false
06-24 15:29:54.145 V/HwPhoneWindowManager(  657): updateSystemUiColorLw window=Window{f9320bc u0 com.excelliance.dualaid/com.excelliance.kxqp.swipe.NavActivity2},EmuiStyle=0,StatusBarColor=0xff000000,NavigationBarColor=0xff000000, mLastIsEmuiLightStyle=-1
06-24 15:29:54.145 D/HwPhoneWindowManager(  657): Transact:setSystemUIColor to status bar service
06-24 15:29:54.145 I/CommandQueue( 1513): updateBarBgColor
06-24 15:29:54.145 D/CommandQueue( 1513): CommandQueue, setBarBackgroundColor
06-24 15:29:54.146 V/WindowManager(  657): Checking 1 opening apps (frozen=false timeout=false)...
06-24 15:29:54.146 V/WindowManager(  657): Check opening app=AppWindowToken{c8a451 token=Token{6ffd578 ActivityRecord{c1406db u0 com.excelliance.dualaid/com.excelliance.kxqp.swipe.NavActivity2 t16009}}}: allDrawn=false startingDisplayed=false startingMoved=false isRelaunching()=false
06-24 15:29:54.147 D/TintManager( 1513): statusBarIconTint=#99FFFFFF,navigationBarIconTint=#FF000000
06-24 15:29:54.150 I/GRALLOC (  679): 	 shrFd=10,fmt=0x1,intFmt=0x200000001,btStrd=4352,size=8486912,pid=679 
06-24 15:29:54.150 I/GRALLOC (  679): 	 yuv=2,w=1080,h=1920,Stride u=0 v=0,offset u=0 v=0 
06-24 15:29:54.150 I/GRALLOC (  679): 	 iova_size=8486912,conUsg=0x900,proUsg=0x900,	 strd=1088,[afbc]HdrStrd=1088 PyldStrd=69632 Scrmbl=2,ionhnd = 1 
06-24 15:29:54.150 D/MainActivity(29599): run: initPage3
06-24 15:29:54.150 D/BarTransitions.HwPhoneStatusBarView( 1513): MODE_TRANSPARENT -> MODE_TRANSLUCENT animate=false
06-24 15:29:54.150 D/BarTransitions.HwPhoneStatusBarView( 1513): applyModeBackground oldMode=MODE_TRANSPARENT newMode=MODE_TRANSLUCENT animate=false
06-24 15:29:54.150 V/MainActivity(29599): onWindowFocusChanged: true
06-24 15:29:54.151 W/InputMethodManager(29599): startInputReason = 1
06-24 15:29:54.151 D/StatusBarIconController( 1513): setIconVisibility icon is null or visibility not change visibility=false
06-24 15:29:54.153 I/OpenGLRenderer(29599): Initialized EGL, version 1.4
06-24 15:29:54.153 D/OpenGLRenderer(29599): Swap behavior 2
06-24 15:29:54.157 W/InputMethodManager(29599): startInputReason = 5
06-24 15:29:54.157 I/GRALLOC (  679): 	 shrFd=10,fmt=0x1,intFmt=0x200000001,btStrd=4352,size=8486912,pid=679 
06-24 15:29:54.157 I/GRALLOC (  679): 	 yuv=2,w=1080,h=1920,Stride u=0 v=0,offset u=0 v=0 
06-24 15:29:54.157 I/GRALLOC (  679): 	 iova_size=8486912,conUsg=0x900,proUsg=0x900,	 strd=1088,[afbc]HdrStrd=1088 PyldStrd=69632 Scrmbl=2,ionhnd = 1 
06-24 15:29:54.158 I/wangchen( 7035): SysInfo.getSysParam: orientation=1||config d=3.0,w=1080,h=1920||metrics d=3.0,w=1080,h=1920||sdk=26,bar_h=72
06-24 15:29:54.158 I/KeymapLoader( 7035): w=1080 h=1920 ori=true appScale=3.3 s1=3.0
06-24 15:29:54.160 I/GRALLOC (  679): 	 shrFd=10,fmt=0x1,intFmt=0x200000001,btStrd=4352,size=8486912,pid=679 
06-24 15:29:54.160 I/GRALLOC (  679): 	 yuv=2,w=1080,h=1920,Stride u=0 v=0,offset u=0 v=0 
06-24 15:29:54.160 I/GRALLOC (  679): 	 iova_size=8486912,conUsg=0x900,proUsg=0x900,	 strd=1088,[afbc]HdrStrd=1088 PyldStrd=69632 Scrmbl=2,ionhnd = 1 
06-24 15:29:54.161 D/mali_winsys(29599): EGLint new_window_surface(egl_winsys_display *, void *, EGLSurface, EGLConfig, egl_winsys_surface **, egl_color_buffer_format *, EGLBoolean) returns 0x3000
06-24 15:29:54.161 D/PMS11422(  657): package:com.excelliance.dualaid, input flags:128, output hwFlags:0
06-24 15:29:54.161 E/vndksupport(29599): Could not load vendor/lib/egl/libGLES_mali_v2.so from sphal namespace: dlopen failed: library "vendor/lib/egl/libGLES_mali_v2.so" not found.
06-24 15:29:54.177 I/GRALLOC (  679): 	 shrFd=10,fmt=0x1,intFmt=0x200000001,btStrd=4352,size=8486912,pid=679 
06-24 15:29:54.177 I/GRALLOC (  679): 	 yuv=2,w=1080,h=1920,Stride u=0 v=0,offset u=0 v=0 
06-24 15:29:54.177 I/GRALLOC (  679): 	 iova_size=8486912,conUsg=0xb00,proUsg=0xb00,	 strd=1088,[afbc]HdrStrd=1088 PyldStrd=69632 Scrmbl=2,ionhnd = 1 
06-24 15:29:54.164 D/PMS11422(  657): package:com.excelliance.dualaid, input flags:128, output hwFlags:0
06-24 15:29:54.184 D/WindowManager(  657): finishDrawingWindow: Window{f9320bc u0 com.excelliance.dualaid/com.excelliance.kxqp.swipe.NavActivity2} mDrawState=DRAW_PENDING
06-24 15:29:54.185 V/WindowManager(  657): Checking 1 opening apps (frozen=false timeout=false)...
06-24 15:29:54.185 V/WindowManager(  657): Check opening app=AppWindowToken{c8a451 token=Token{6ffd578 ActivityRecord{c1406db u0 com.excelliance.dualaid/com.excelliance.kxqp.swipe.NavActivity2 t16009}}}: allDrawn=true startingDisplayed=false startingMoved=false isRelaunching()=false
06-24 15:29:54.187 D/ImageWallpaper( 1513): onVisibilityChanged: mVisible, visible=true, false
06-24 15:29:54.187 D/ImageWallpaper( 1513): Visibility changed to visible=false
06-24 15:29:54.189 D/BarTransitions.HwPhoneStatusBarView( 1513): MODE_TRANSLUCENT -> MODE_TRANSPARENT animate=false
06-24 15:29:54.189 D/BarTransitions.HwPhoneStatusBarView( 1513): applyModeBackground oldMode=MODE_TRANSLUCENT newMode=MODE_TRANSPARENT animate=false
06-24 15:29:54.190 I/ActivityManager(  657): Displayed com.excelliance.dualaid/com.excelliance.kxqp.swipe.NavActivity2: +190ms (total +335ms)
06-24 15:29:54.190 I/ActivityManager(  657): wait Launched end, result = 0 who = ComponentInfo{com.excelliance.dualaid/com.excelliance.kxqp.swipe.NavActivity2}
06-24 15:29:54.199 E/BufferQueueProducer(  710): [com.huawei.android.launcher/com.huawei.android.launcher.unihome.UniHomeLauncher#0] disconnect: not connected (req=1)
06-24 15:29:54.199 W/libEGL  ( 2519): EGLNativeWindowType 0x74abe76010 disconnect failed
06-24 15:29:54.199 I/WindowManager(  657): notifyAccessibilityButtonVisibilityChanged visible:false
06-24 15:29:54.204 W/dex2oat (29679): Using default instruction set features for ARM CPU variant (default) using conservative defaults
06-24 15:29:54.205 I/dex2oat (29679): /system/bin/dex2oat -j4 --dex-file=/data/data/com.excelliance.dualaid/.platformcache/main.jar --output-vdex-fd=45 --oat-fd=46 --oat-location=/data/data/com.excelliance.dualaid/.platformcache/oat/arm/main.odex --compiler-filter=quicken
06-24 15:29:54.205 I/cutils-trace(29679): atrace_init_once, trace_marker_path = /sys/kernel/debug/tracing/trace_marker
06-24 15:29:54.206 D/BarTransitions.HwPhoneStatusBarView( 1513): MODE_TRANSPARENT -> MODE_TRANSLUCENT animate=false
06-24 15:29:54.206 D/BarTransitions.HwPhoneStatusBarView( 1513): applyModeBackground oldMode=MODE_TRANSPARENT newMode=MODE_TRANSLUCENT animate=false
06-24 15:29:54.206 D/BarTransitions.HwNavigationBarView( 1513): MODE_TRANSLUCENT -> MODE_OPAQUE animate=false
06-24 15:29:54.206 D/BarTransitions.HwNavigationBarView( 1513): applyModeBackground oldMode=MODE_TRANSLUCENT newMode=MODE_OPAQUE animate=false
06-24 15:29:54.224 W/ActivityManager(  657): Sending non-protected broadcast huawei.action.floattasks.STATUS_BAR_STATE_CHANGED from system 1513:com.android.systemui/u0a39 pkg com.android.systemui
06-24 15:29:54.224 W/HwKeyguardDragHelper( 1513): AnimationBlocked
06-24 15:29:54.224 V/WindowManager(  657): notifyAppStopped: AppWindowToken{d3a938b token=Token{377755a ActivityRecord{d5c9105 u0 com.huawei.android.launcher/.unihome.UniHomeLauncher t15658}}}
06-24 15:29:54.224 E/WindowManager(  657): win=Window{68d6975 u0 com.huawei.android.launcher/com.huawei.android.launcher.unihome.UniHomeLauncher} destroySurfaces: appStopped=true win.mWindowRemovalAllowed=false win.mRemoveOnExit=false
06-24 15:29:54.225 I/WindowManager(  657): Destroying surface Surface(name=com.huawei.android.launcher/com.huawei.android.launcher.unihome.UniHomeLauncher) called by com.android.server.wm.WindowStateAnimator.destroySurface:2060 com.android.server.wm.WindowStateAnimator.destroySurfaceLocked:873 com.android.server.wm.HwWindowStateAnimator.destroySurfaceLocked:1006 com.android.server.wm.WindowState.destroyOrSaveSurfaceUnchecked:2990 com.android.server.wm.WindowState.destroySurface:2951 com.android.server.wm.AppWindowToken.destroySurfaces:654 com.android.server.wm.AppWindowToken.destroySurfaces:638 com.android.server.wm.AppWindowToken.notifyAppStopped:682 
06-24 15:29:54.226 D/ActivityThread(29599): Remove activity client record, r= ActivityRecord{cbe2ddc token=android.os.BinderProxy@d13fa03 {com.excelliance.dualaid/com.excelliance.kxqp.ui.HelloActivity}} token= android.os.BinderProxy@d13fa03
06-24 15:29:54.226 D/HwGameAssistantController(  657): pid=2519, uid=10056, foreground=false
06-24 15:29:54.227 W/AwareLog(  657): SchedLevelBoost: onFgActivitiesChanged config not set!
06-24 15:29:54.227 V/WindowManager(  657): removeAppToken: AppWindowToken{f12e63 token=Token{bed492 ActivityRecord{e658a1d u0 com.excelliance.dualaid/com.excelliance.kxqp.ui.HelloActivity t16009}}} delayed=false Callers=com.android.server.wm.DisplayContent.removeAppToken:985 com.android.server.wm.AppWindowContainerController.removeContainer:348 com.android.server.am.ActivityRecord.removeWindowContainer:1039 com.android.server.am.ActivityStack.removeActivityFromHistoryLocked:4491 
06-24 15:29:54.278 I/ActivityManager(  657): Force stopping com.excelliance.dualaid appid=11422 user=0: from pid 29689by app
06-24 15:29:54.278 I/ActivityManager(  657): Killing 29599:com.excelliance.dualaid:olle/u0a1422 (adj 0): stop com.excelliance.dualaidfrom pid 29689by app
06-24 15:29:54.279 D/ActivityManager(  657): cleanUpApplicationRecord app: ProcessRecord{6651a60 29599:com.excelliance.dualaid:olle/u0a1422}, app.bad: false, restarting: false, allowRestart: true
06-24 15:29:54.279 W/ActivityManager(  657): Force removing ActivityRecord{c1406db u0 com.excelliance.dualaid/com.excelliance.kxqp.swipe.NavActivity2 t16009}: app died, no saved state
06-24 15:29:54.279 W/AwareLog(  657): SchedLevelBoost: onProcessDied config not set!
06-24 15:29:54.280 E/HsmCoreServiceImpl( 1478): onTransact in code is: 102
06-24 15:29:54.280 I/MediaProcessHandler( 1478): processOp opType: 1, uid: 11422, pid: 29599
06-24 15:29:54.280 W/MediaProcessHandler( 1478): remove target not exist, maybe the UI process: uid: 11422, pid: 29599
06-24 15:29:54.280 I/MediaProcessHandler( 1478): executedCallBack opType: 1 mMediaStatusObservers.size=0
06-24 15:29:54.282 V/WindowManager(  657): removeAppToken: AppWindowToken{c8a451 token=Token{6ffd578 ActivityRecord{c1406db u0 com.excelliance.dualaid/com.excelliance.kxqp.swipe.NavActivity2 t16009}}} delayed=false Callers=com.android.server.wm.DisplayContent.removeAppToken:985 com.android.server.wm.AppWindowContainerController.removeContainer:348 com.android.server.am.ActivityRecord.removeWindowContainer:1039 com.android.server.am.ActivityStack.removeActivityFromHistoryLocked:4491 
06-24 15:29:54.282 V/WindowManager(  657): removeIfPossible: Window{f9320bc u0 com.excelliance.dualaid/com.excelliance.kxqp.swipe.NavActivity2} callers=com.android.server.wm.WindowState.removeIfPossible:1914 com.android.server.wm.WindowToken.removeAllWindowsIfPossible:139 com.android.server.wm.AppWindowToken.removeIfPossible:539 com.android.server.wm.AppWindowToken.onRemovedFromDisplay:606 com.android.server.wm.DisplayContent.removeAppToken:985 
06-24 15:29:54.282 I/WindowManager(  657): Destroying surface Surface(name=com.excelliance.dualaid/com.excelliance.kxqp.swipe.NavActivity2) called by com.android.server.wm.WindowStateAnimator.destroySurface:2060 com.android.server.wm.WindowStateAnimator.destroySurfaceLocked:873 com.android.server.wm.HwWindowStateAnimator.destroySurfaceLocked:1006 com.android.server.wm.WindowState.removeImmediately:1899 com.android.server.wm.WindowState.removeIfPossible:2051 com.android.server.wm.WindowState.removeIfPossible:1914 com.android.server.wm.WindowToken.removeAllWindowsIfPossible:139 com.android.server.wm.AppWindowToken.removeIfPossible:539 
06-24 15:29:54.282 V/WindowManager(  657): postWindowRemoveCleanupLocked: Window{f9320bc u0 com.excelliance.dualaid/com.excelliance.kxqp.swipe.NavActivity2}
06-24 15:29:54.282 V/WindowManager(  657): Removing Window{f9320bc u0 com.excelliance.dualaid/com.excelliance.kxqp.swipe.NavActivity2} from AppWindowToken{c8a451 token=Token{6ffd578 ActivityRecord{c1406db u0 com.excelliance.dualaid/com.excelliance.kxqp.swipe.NavActivity2 t16009}}}
06-24 15:29:54.287 V/WindowManager(  657): No longer Stopped: AppWindowToken{d3a938b token=Token{377755a ActivityRecord{d5c9105 u0 com.huawei.android.launcher/.unihome.UniHomeLauncher t15658}}}
06-24 15:29:54.288 D/ScenarioService( 1699): front pkg : com.huawei.android.launcher launcher: true
06-24 15:29:54.288 I/AppsUsage( 1699): scnOff:false FgAPP:com.huawei.android.launcher BgAPP:com.excelliance.dualaid
06-24 15:29:54.289 I/ash     ( 1699): front pkg : com.huawei.android.launcher launcher: true
06-24 15:29:54.290 D/EmcomManagerService(  657): forePackage name is com.huawei.android.launcher
06-24 15:29:54.290 D/HicomPolicyManager(  657): foreAppInfo = nullpkgName = com.huawei.android.launcher uid= 10056
06-24 15:29:54.290 E/HicomPolicyManager(  657): udp acc is not start yet!
06-24 15:29:54.290 D/HicomPolicyManager(  657): speed control is not start
06-24 15:29:54.290 E/HicomPolicyManager(  657): Network Evaluation is not start yet!
06-24 15:29:54.290 E/HicomPolicyManager(  657): foreground app info is null
06-24 15:29:54.291 D/[HwRecSys]HwRecSysService( 2647): onEvent actionID: 10010 msg:com.huawei.android.launcher		
06-24 15:29:54.291 E/[HwRecSys]HwRecSysService( 2647): getIsRportDirectService is false!
06-24 15:29:54.291 I/PGServer( 1699): report state:10000 event type:2 pid:0 uid:0 pkg:com.excelliance.dualaid to pid: 657
06-24 15:29:54.291 I/PGServer( 1699): report state:10000 event type:2 pid:0 uid:0 pkg:com.excelliance.dualaid to pid: 1699
06-24 15:29:54.291 I/SceneReceiver( 1699): state type: 10000 eventType:2 pid:0 uid:0 pkg:com.excelliance.dualaid
06-24 15:29:54.291 I/PGServer( 1699): report state:10010 event type:1 pid:0 uid:0 pkg:com.huawei.android.launcher to pid: 657
06-24 15:29:54.291 I/PGServer( 1699): report state:10010 event type:1 pid:0 uid:0 pkg:com.huawei.android.launcher to pid: 1699
06-24 15:29:54.291 I/SceneReceiver( 1699): state type: 10010 eventType:1 pid:0 uid:0 pkg:com.huawei.android.launcher
06-24 15:29:54.292 D/HwThermalStateManager( 1699): current foreapp pkg : com.huawei.android.launcher
06-24 15:29:54.294 W/libc    ( 1699): Set property "sys.aps.gameProcessName" to ""
06-24 15:29:54.294 I/PGServer( 1699): checkPkgType. calling pkg: android
06-24 15:29:54.294 W/libc    ( 1699): Set property "sys.aps.browserProcessName" to ""
06-24 15:29:54.294 I/PGServer( 1699): checkPkgType. calling pkg: android
06-24 15:29:54.302 V/WindowManager(  657): notifyAppResumed: wasStopped=true AppWindowToken{d3a938b token=Token{377755a ActivityRecord{d5c9105 u0 com.huawei.android.launcher/.unihome.UniHomeLauncher t15658}}}
06-24 15:29:54.303 V/WindowManager(  657): Checking 1 opening apps (frozen=false timeout=false)...
06-24 15:29:54.303 V/WindowManager(  657): Check opening app=AppWindowToken{d3a938b token=Token{377755a ActivityRecord{d5c9105 u0 com.huawei.android.launcher/.unihome.UniHomeLauncher t15658}}}: allDrawn=false startingDisplayed=false startingMoved=false isRelaunching()=false
06-24 15:29:54.303 I/ActivityManager(  657): Killing 29629:com.excelliance.dualaid/u0a1422 (adj 0): stop com.excelliance.dualaidfrom pid 29689by app
06-24 15:29:54.304 D/ActivityManager(  657): cleanUpApplicationRecord app: ProcessRecord{f24d4b6 29629:com.excelliance.dualaid/u0a1422}, app.bad: false, restarting: false, allowRestart: true
06-24 15:29:54.304 W/ActivityManager(  657): Scheduling restart of crashed service com.excelliance.dualaid/com.excelliance.kxqp.SmtServService in 1000ms
06-24 15:29:54.306 V/WindowManager(  657): Checking 1 opening apps (frozen=false timeout=false)...
