--------- beginning of main
06-24 16:26:51.903 I/appium  (24379): channel read invoked!
06-24 16:26:51.903 I/appium  (24379): channel read: GET /wd/hub/status
06-24 16:26:51.906 I/appium  (24379): AppiumResponse: {"sessionId":"SESSIONID","status":0,"value":"Status Invoked"}
06-24 16:26:51.936 I/appium  (24379): channel read invoked!
06-24 16:26:51.936 I/appium  (24379): channel read: POST /wd/hub/session
06-24 16:26:51.938 D/appium  (24379): payload: {"desiredCapabilities":{"platform":"LINUX","webStorageEnabled":false,"takesScreenshot":true,"javascriptEnabled":true,"databaseEnabled":false,"networkConnectionEnabled":true,"locationContextEnabled":false,"warnings":{},"desired":{"platformName":"Android","platformVersion":"8.0.0\n","deviceName":"CSX0217930000442","appPackage":"com.excelliance.dualaid","appActivity":"com.excelliance.kxqp.ui.HelloActivity","newCommandTimeout":30000,"automationName":"uiautomator2"},"platformName":"Android","platformVersion":"8.0.0","deviceName":"CSX0217930000442","appPackage":"com.excelliance.dualaid","appActivity":"com.excelliance.kxqp.ui.HelloActivity","newCommandTimeout":30000,"automationName":"uiautomator2","deviceUDID":"CSX0217930000442","deviceScreenSize":"1080x1920","deviceScreenDensity":480,"deviceModel":"STF-AL10","deviceManufacturer":"HUAWEI"}}
06-24 16:26:51.942 I/appium  (24379): Session Created with SessionID:12d3f873-0ea4-4775-928a-9964d13dcd6c
06-24 16:26:51.942 I/appium  (24379): AppiumResponse: {"sessionId":"12d3f873-0ea4-4775-928a-9964d13dcd6c","status":0,"value":"Created Session"}
06-24 16:26:52.003 D/HwArpVerifier(  657): check_wifi_state_mode = 0 mCheckStateToken=6 token6
06-24 16:26:52.005 D/wifiserviceimpl(  657): netmask =16777215
06-24 16:26:52.040 D/HWMultiGW(  657): setGateWay 10.0.0.1
--------- beginning of system
06-24 16:26:52.050 I/ActivityManager(  657): Force stopping com.excelliance.dualaid appid=11423 user=0: from pid 24420by app
06-24 16:26:52.064 V/AlarmManager(  657): UninstallReceiver onReceive action:android.intent.action.PACKAGE_RESTARTED
06-24 16:26:52.066 D/HwBastetService(  657): BroadcastReceiver android.intent.action.PACKAGE_RESTARTED
06-24 16:26:52.069 I/HwCoreAppHelperService( 1478): LocalReceiver receives:android.intent.action.PACKAGE_RESTARTED,pkg:com.excelliance.dualaid,uid:11423
06-24 16:26:52.074 E/NfcNci  ( 2677): NfcUtils error: APP have nfc permission
06-24 16:26:52.077 D/HwGpsPowerTracker(  657): LocalReceiver receives:android.intent.action.PACKAGE_RESTARTED
06-24 16:26:52.077 D/PMS1000 (  657): package:com.excelliance.dualaid, input flags:0, output hwFlags:0
06-24 16:26:52.079 D/CarrierSvcBindHelper( 1715): No carrier app for: 0
06-24 16:26:52.080 D/CarrierSvcBindHelper( 1715): No carrier app for: 1
06-24 16:26:52.083 D/PMS1027 (  657): package:com.google.android.apps.walletnfcrel, input flags:8192, output is null
06-24 16:26:52.087 D/ApduServiceInfo( 2677): No com.nxp.nfc.extensions meta-data
06-24 16:26:52.094 I/chatty  ( 2677): uid=1027(nfc) com.android.nfc identical 3 lines
06-24 16:26:52.097 D/ApduServiceInfo( 2677): No com.nxp.nfc.extensions meta-data
06-24 16:26:52.097 E/ApduServiceInfo( 2677): SE extension not present, Setting default offhost seID
06-24 16:26:52.107 E/NfcNci  ( 2677): NfcUtils error: APP have nfc permission
06-24 16:26:52.314 I/ActivityManager(  657): START u0 {act=android.intent.action.MAIN cat=[android.intent.category.LAUNCHER] flg=0x10200000 cmp=com.excelliance.dualaid/com.excelliance.kxqp.ui.HelloActivity} from uid 2000
06-24 16:26:52.322 I/ash     ( 1699): front pkg : com.excelliance.dualaid launcher: false
06-24 16:26:52.322 I/ash     ( 1699): above launcher front pkgs: [com.excelliance.dualaid]
06-24 16:26:52.323 I/ActivityManager(  657): ActivityRecord info: ActivityInfo{9aafe1 com.excelliance.kxqp.ui.HelloActivity}
06-24 16:26:52.324 D/PMS1000 (  657): package:com.excelliance.dualaid, input flags:268436480, output hwFlags:0
06-24 16:26:52.328 I/PGServer( 1699): android calls fast hibernateApps
06-24 16:26:52.328 I/AppFastHibernation( 1699): fast hibernate duration: 1500 reason: start activity
06-24 16:26:52.328 I/Pged-IPgedBinderService(  769): ****action is 1, pid num is 6***
06-24 16:26:52.328 I/Pged-Freezer(  769): freezePids
06-24 16:26:52.328 I/Pged-Freezer(  769): Freeze process: 29457
06-24 16:26:52.329 I/Pged-Freezer(  769): Freeze process: 29531
06-24 16:26:52.329 I/Pged-Freezer(  769): Freeze process: 14942
06-24 16:26:52.329 I/Pged-Freezer(  769): Freeze process: 15544
06-24 16:26:52.329 I/Pged-Freezer(  769): Freeze process: 24379
06-24 16:26:52.330 D/PgedBinderAdapter( 1699): frz ok, pid: [29457, 29531, 14942, 15544, 24379]
06-24 16:26:52.331 D/PMS1000 (  657): package:com.excelliance.dualaid, input flags:1, output hwFlags:0
06-24 16:26:52.338 V/WindowManager(  657): addAppToken: AppWindowToken{b31691d token=Token{e68bdf4 ActivityRecord{f7d93c7 u0 com.excelliance.dualaid/com.excelliance.kxqp.ui.HelloActivity t16039}}} controller={TaskWindowContainerController taskId=16039} at 2147483647
06-24 16:26:52.341 D/MotionDetectionManager( 2519): stopMotionAppsReco motionApps: 403
06-24 16:26:52.341 D/MotionDetectionManager( 2519): stopMotionAppsReco not recognition motionApps 403
06-24 16:26:52.341 W/HwLauncher( 2519): Launcher.MotionManager stopMotionAppsReco service flg 403 is unavailable
06-24 16:26:52.341 I/ActivityManager(  657): mWaitingActivityLaunched add ComponentName = null
06-24 16:26:52.342 V/ActivityManager(  657): startProcess: name=com.excelliance.dualaid:olle app=null knownToBeDead=true thread=null pid=-1
06-24 16:26:52.342 D/PMS1000 (  657): package:com.excelliance.dualaid, input flags:0, output hwFlags:0
06-24 16:26:52.350 I/ActivityManager(  657): Start proc 24427:com.excelliance.dualaid:olle/u0a1423 for activity com.excelliance.dualaid/com.excelliance.kxqp.ui.HelloActivity
06-24 16:26:52.351 V/WindowManager(  657): No longer Stopped: AppWindowToken{b31691d token=Token{e68bdf4 ActivityRecord{f7d93c7 u0 com.excelliance.dualaid/com.excelliance.kxqp.ui.HelloActivity t16039}}}
06-24 16:26:52.351 V/ActivityManager(  657): startProcess: name=com.excelliance.dualaid:olle app=ProcessRecord{b7ec792 24427:com.excelliance.dualaid:olle/u0a1423} knownToBeDead=true thread=null pid=24427
06-24 16:26:52.351 I/        (24427): power log dlsym ok
06-24 16:26:52.354 I/zygote  (24427): Reinit property: dalvik.vm.checkjni= false
06-24 16:26:52.365 D/ActivityThread(24427): ActivityThread,attachApplication
06-24 16:26:52.366 D/ActivityManager(  657): ActivityManagerService,attachApplication,callingPid = 24427
06-24 16:26:52.368 V/WindowManager(  657): No longer Stopped: AppWindowToken{b31691d token=Token{e68bdf4 ActivityRecord{f7d93c7 u0 com.excelliance.dualaid/com.excelliance.kxqp.ui.HelloActivity t16039}}}
06-24 16:26:52.379 V/WindowManager(  657): findFocusedWindow: AppWindowToken{d3a938b token=Token{377755a ActivityRecord{d5c9105 u0 com.huawei.android.launcher/.unihome.UniHomeLauncher t15658}}} below Reached focused app=AppWindowToken{b31691d token=Token{e68bdf4 ActivityRecord{f7d93c7 u0 com.excelliance.dualaid/com.excelliance.kxqp.ui.HelloActivity t16039}}}
06-24 16:26:52.380 D/ScenarioService( 1699): front pkg : com.excelliance.dualaid launcher: false
06-24 16:26:52.380 D/ScenarioService( 1699): new above launcher front pkgs: [com.excelliance.dualaid]
06-24 16:26:52.380 I/AppsUsage( 1699): scnOff:false FgAPP:com.excelliance.dualaid BgAPP:com.huawei.android.launcher
06-24 16:26:52.381 V/WindowManager(  657): Checking 1 opening apps (frozen=false timeout=false)...
06-24 16:26:52.381 V/WindowManager(  657): Check opening app=AppWindowToken{b31691d token=Token{e68bdf4 ActivityRecord{f7d93c7 u0 com.excelliance.dualaid/com.excelliance.kxqp.ui.HelloActivity t16039}}}: allDrawn=false startingDisplayed=false startingMoved=false isRelaunching()=false
06-24 16:26:52.382 D/EmcomManagerService(  657): forePackage name is com.excelliance.dualaid
06-24 16:26:52.382 D/HicomPolicyManager(  657): foreAppInfo = nullpkgName = com.excelliance.dualaid uid= 11423
06-24 16:26:52.382 E/HicomPolicyManager(  657): udp acc is not start yet!
06-24 16:26:52.382 D/HicomPolicyManager(  657): speed control is not start
06-24 16:26:52.382 E/HicomPolicyManager(  657): Network Evaluation is not start yet!
06-24 16:26:52.382 E/HicomPolicyManager(  657): foreground app info is null
06-24 16:26:52.383 D/HwQoEUtils(  657): mForegroundAppPackageName: com.excelliance.dualaid:olle ,score: 0
06-24 16:26:52.383 D/HwQoEUtils(  657): APP type: -1 appName= com.excelliance.dualaid:olle
06-24 16:26:52.383 D/HwQoEUtils(  657): RealAppName:com.excelliance.dualaid
06-24 16:26:52.383 D/HwQoEUtils(  657): no game, APP_TYPE_GAME, appName =com.excelliance.dualaid:olle
06-24 16:26:52.383 D/HwGameAssistantController(  657): pid=24427, uid=11423, foreground=true
06-24 16:26:52.384 I/HwNetworkPolicy(  657): onTransact, code = 203
06-24 16:26:52.385 I/HwNetworkPolicyManager( 1813): getHwUidPolicy uid = 11423 policy = 0
06-24 16:26:52.385 W/AwareLog(  657): SchedLevelBoost: onFgActivitiesChanged config not set!
06-24 16:26:52.386 W//system/bin/hwservicemanager(  416): Cannot open /odm/manifest.xml
06-24 16:26:52.387 D/[HwRecSys]HwRecSysService( 2647): onEvent actionID: 10000 msg:com.excelliance.dualaid		
06-24 16:26:52.387 E/[HwRecSys]HwRecSysService( 2647): getIsRportDirectService is false!
06-24 16:26:52.387 D/PMS1000 (  657): package:com.excelliance.dualaid, input flags:0, output hwFlags:0
06-24 16:26:52.388 I/PGServer( 1699): report state:10010 event type:2 pid:0 uid:0 pkg:com.huawei.android.launcher to pid: 657
06-24 16:26:52.389 I/PGServer( 1699): report state:10010 event type:2 pid:0 uid:0 pkg:com.huawei.android.launcher to pid: 1699
06-24 16:26:52.389 I/SceneReceiver( 1699): state type: 10010 eventType:2 pid:0 uid:0 pkg:com.huawei.android.launcher
06-24 16:26:52.389 I/PGServer( 1699): report state:10000 event type:1 pid:0 uid:0 pkg:com.excelliance.dualaid to pid: 657
06-24 16:26:52.390 I/PGServer( 1699): report state:10000 event type:1 pid:0 uid:0 pkg:com.excelliance.dualaid to pid: 1699
06-24 16:26:52.390 I/SceneReceiver( 1699): state type: 10000 eventType:1 pid:0 uid:0 pkg:com.excelliance.dualaid
06-24 16:26:52.390 D/HwThermalStateManager( 1699): current foreapp pkg : com.excelliance.dualaid
06-24 16:26:52.393 I/PGServer( 1699): checkPkgType. calling pkg: com.huawei.iaware
06-24 16:26:52.393 V/AudioManager( 1699): setParameters  keyValuePairs: updateAppLowPowerParams=167783583
06-24 16:26:52.393 I/PGServer( 1699): checkPkgType. calling pkg: android
06-24 16:26:52.394 I/PGServer( 1699): checkPkgType. calling pkg: android
06-24 16:26:52.397 W/libc    ( 1699): Set property "sys.aps.gameProcessName" to ""
06-24 16:26:52.398 W/libc    ( 1699): Set property "sys.aps.browserProcessName" to ""
06-24 16:26:52.398 D/HwFLClassLoader(24427): get used feature list :/feature/used-list failed!
06-24 16:26:52.398 D/HwFLClassLoader(24427): USE_FEATURE_LIST had not init! 
06-24 16:26:52.401 I/ThermalTraceTool( 1699): file:sys/class/hw_power/charger/direct_charger/direct_charge_succ,fileExists:false,fileCanRead:false
06-24 16:26:52.402 W//system/bin/hwservicemanager(  416): Cannot open /odm/manifest.xml
06-24 16:26:52.403 I/GRALLOC (  679): 	 shrFd=10,fmt=0x1,intFmt=0x1,btStrd=256,size=4096,pid=679 
06-24 16:26:52.403 I/GRALLOC (  679): 	 yuv=2,w=16,h=16,Stride u=0 v=0,offset u=0 v=0 
06-24 16:26:52.403 I/GRALLOC (  679): 	 iova_size=4096,conUsg=0x100,proUsg=0x100,	 strd=64,[afbc]HdrStrd=0 PyldStrd=0 Scrmbl=0,ionhnd = 1 
06-24 16:26:52.414 E/MemoryLeakMonitorManager(24427): MemoryLeakMonitor.jar is not exist!
06-24 16:26:52.414 D/CrashHandler(24427): CrashHandler
06-24 16:26:52.415 E/Minikin (24427): Could not get cmap table size!
06-24 16:26:52.415 D/PMS11423(  657): package:com.excelliance.dualaid, input flags:128, output hwFlags:0
06-24 16:26:52.418 D/KXQPApplication(24427): run: initUserManager
06-24 16:26:52.424 I/HwCust  (24427): Constructor found for class android.app.HwCustActivityImpl
06-24 16:26:52.424 D/HwCust  (24427): Create obj success use class android.app.HwCustActivityImpl
06-24 16:26:52.426 V/HwPolicyFactory(24427): : success to get AllImpl object and return....
06-24 16:26:52.427 I/HwCust  (24427): Constructor found for class android.app.HwCustHwWallpaperManagerImpl
06-24 16:26:52.427 D/HwCust  (24427): Create obj success use class android.app.HwCustHwWallpaperManagerImpl
06-24 16:26:52.429 D/PMS11423(  657): package:com.excelliance.dualaid, input flags:0, output hwFlags:0
06-24 16:26:52.430 V/HwWidgetFactory(24427): : successes to get AllImpl object and return....
06-24 16:26:52.431 V/ActivityThread(24427): ActivityThread,callActivityOnCreate
06-24 16:26:52.432 D/HelloActivity(24427): Memory:25146M
06-24 16:26:52.433 D/HelloActivity(24427): onCreate: true
06-24 16:26:52.434 D/HelloActivity(24427): is code boot
06-24 16:26:52.437 D/HelloActivity(24427): mIsNav = false
06-24 16:26:52.452 D/HwRecentsLockUtils( 1513): Search
06-24 16:26:52.452 E/HsmCoreServiceImpl( 1478): onTransact in code is: 103
06-24 16:26:52.452 I/MediaProcessHandler( 1478): playingUids: 
06-24 16:26:52.452 D/ActivityManager(  657): Skipping, home or recents stack task: TaskRecord{333215f #15658 A=com.huawei.android.launcher U=0 StackId=0 sz=1}
06-24 16:26:52.453 D/ActivityManager(  657): Skipping intent:act=android.intent.action.MAIN cat=[android.intent.category.LAUNCHER] flg=0x10a00000 cmp=io.appium.settings/.Settings
06-24 16:26:52.453 D/ActivityManager(  657): Skipping intent:flg=0x10804000 cmp=com.android.systemui/.recents.RecentsActivity bnds=[48,928][1032,2296]
06-24 16:26:52.453 D/ActivityManager(  657): Skipping intent:flg=0x18800000 cmp=com.tencent.mm/.plugin.base.stub.WXPayEntryActivity
06-24 16:26:52.453 D/ActivityManager(  657): Skipping intent:flg=0x10800000 cmp=com.huawei.systemmanager/com.huawei.permissionmanager.ui.MainActivity
06-24 16:26:52.453 D/ActivityManager(  657): Skipping intent:flg=0x18800000 cmp=com.tencent.mm/.plugin.base.stub.WXEntryActivity
06-24 16:26:52.453 D/ActivityManager(  657): Skipping intent:act=com.huawei.action.VOICE_ASSISTANT flg=0x10800000 pkg=com.huawei.vassistant cmp=com.huawei.vassistant/.ui.main.VAssistantActivity
06-24 16:26:52.453 D/ActivityManager(  657): Skipping intent:act=com.huawei.android.launcher.action.ACCESS_SPLIT_SCREEN_APP cat=[android.intent.category.DEFAULT] flg=0x10804000 cmp=com.huawei.android.launcher/.splitscreen.SplitScreenAppActivity
06-24 16:26:52.453 D/ActivityManager(  657): Skipping intent:flg=0x10800000 pkg=com.excelliance.dualaid.b64 cmp=com.excelliance.dualaid.b64/com.excelliance.kxqp.sdk.PermissionRequestActivity
06-24 16:26:52.453 D/ActivityManager(  657): Skipping intent:act=android.intent.action.VIEW dat=content://com.excelliance.dualaid.fileProvider/external_storage_root/Download/apk/Multiple_64.apk typ=application/vnd.android.package-archive flg=0x10800001 cmp=com.android.packageinstaller/.InstallStart
06-24 16:26:52.453 D/ActivityManager(  657): Skipping intent:flg=0x10800000 cmp=com.android.systemui/.usb.HwUsbDebuggingActivity
06-24 16:26:52.453 D/ActivityManager(  657): Skipping intent:act=android.deviceinfo.chooser.action.LAUNCH flg=0x10800000 hwFlg=0x100 pkg=com.android.settings cmp=com.android.settings/.deviceinfo.UsbConnModeChooserActivity
06-24 16:26:52.453 D/ActivityManager(  657): Skipping intent:flg=0x10800000 cmp=com.zol.android/.push.KeepLiveActivity
06-24 16:26:52.453 D/ActivityManager(  657): Skipping intent:act=android.intent.action.MAIN cat=[android.intent.category.HOME] flg=0x10800300 cmp=com.android.settings/.FallbackHome
06-24 16:26:52.460 D/HwWifiStatStore(  657): handleMessage : 200
06-24 16:26:52.463 D/HelloActivity(24427): defDisplayStyle:5
06-24 16:26:52.466 D/HttpUtils(24427): getDownloadMode()
06-24 16:26:52.466 D/NetUtils(24427): init inited = true
06-24 16:26:52.466 D/HelloActivity(24427): enter Nav2
06-24 16:26:52.469 D/NetworkSecurityConfig(24427): No Network Security Config specified, using platform default
06-24 16:26:52.469 I/ActivityManager(  657): START u0 {pkg=com.excelliance.dualaid cmp=com.excelliance.dualaid/com.excelliance.kxqp.swipe.NavActivity2 (has extras)} from uid 11423
06-24 16:26:52.469 I/ActivityManager(  657): ActivityRecord info: ActivityInfo{db9d78c com.excelliance.kxqp.swipe.NavActivity2}
06-24 16:26:52.469 V/WindowManager(  657): findFocusedWindow: AppWindowToken{d3a938b token=Token{377755a ActivityRecord{d5c9105 u0 com.huawei.android.launcher/.unihome.UniHomeLauncher t15658}}} below Reached focused app=AppWindowToken{b31691d token=Token{e68bdf4 ActivityRecord{f7d93c7 u0 com.excelliance.dualaid/com.excelliance.kxqp.ui.HelloActivity t16039}}}
06-24 16:26:52.470 V/WindowManager(  657): addAppToken: AppWindowToken{5105ddb token=Token{f57b6ea ActivityRecord{a159ed5 u0 com.excelliance.dualaid/com.excelliance.kxqp.swipe.NavActivity2 t16039}}} controller={TaskWindowContainerController taskId=16039} at 2147483647
06-24 16:26:52.475 V/ActivityManager(  657): startProcess: name=com.excelliance.dualaid app=null knownToBeDead=true thread=null pid=-1
06-24 16:26:52.475 D/PMS1000 (  657): package:com.excelliance.dualaid, input flags:0, output hwFlags:0
06-24 16:26:52.483 I/ActivityManager(  657): Start proc 24452:com.excelliance.dualaid/u0a1423 for service com.excelliance.dualaid/com.excelliance.kxqp.SmtServService
06-24 16:26:52.484 I/        (24452): power log dlsym ok
06-24 16:26:52.486 I/zygote  (24452): Reinit property: dalvik.vm.checkjni= false
06-24 16:26:52.489 I/ThermalTraceDBManager( 1699): addHighTempDistributionToDB sucessfull!
06-24 16:26:52.492 D/HwNetworkManagementService(  657): code == CODE_GET_AD_KEY_LIST
06-24 16:26:52.492 D/HwNetworkManagementService(  657): appName = com.excelliance.dualaid  is not in the mAdViewMap! reply none
06-24 16:26:52.492 D/HwNetworkManagementService(  657): appName = com.excelliance.dualaid  is not in the mAdIdMap! reply none
06-24 16:26:52.494 D/ActivityThread(24427): add activity client record, r= ActivityRecord{cbe2ddc token=android.os.BinderProxy@d13fa03 {com.excelliance.dualaid/com.excelliance.kxqp.ui.HelloActivity}} token= android.os.BinderProxy@d13fa03
06-24 16:26:52.495 V/WindowManager(  657): No longer Stopped: AppWindowToken{5105ddb token=Token{f57b6ea ActivityRecord{a159ed5 u0 com.excelliance.dualaid/com.excelliance.kxqp.swipe.NavActivity2 t16039}}}
06-24 16:26:52.496 V/WindowManager(  657): No longer Stopped: AppWindowToken{5105ddb token=Token{f57b6ea ActivityRecord{a159ed5 u0 com.excelliance.dualaid/com.excelliance.kxqp.swipe.NavActivity2 t16039}}}
06-24 16:26:52.500 V/WindowManager(  657): Checking 1 opening apps (frozen=false timeout=false)...
06-24 16:26:52.500 V/WindowManager(  657): Check opening app=AppWindowToken{5105ddb token=Token{f57b6ea ActivityRecord{a159ed5 u0 com.excelliance.dualaid/com.excelliance.kxqp.swipe.NavActivity2 t16039}}}: allDrawn=false startingDisplayed=false startingMoved=false isRelaunching()=false
06-24 16:26:52.501 D/ActivityThread(24452): ActivityThread,attachApplication
06-24 16:26:52.502 D/ActivityManager(  657): ActivityManagerService,attachApplication,callingPid = 24452
06-24 16:26:52.502 D/HwCust  (24427): Create obj success use class android.app.HwCustActivityImpl
06-24 16:26:52.502 D/HwCust  (24427): Create obj success use class android.app.HwCustHwWallpaperManagerImpl
06-24 16:26:52.505 V/ActivityThread(24427): ActivityThread,callActivityOnCreate
06-24 16:26:52.509 W//system/bin/hwservicemanager(  416): Cannot open /odm/manifest.xml
06-24 16:26:52.511 D/NavActivity2(24427): onCreate
06-24 16:26:52.513 W/X509TrustManager(24427): checkServerTrusted: SignatureException:null
06-24 16:26:52.513 W/X509TrustManager(24427): checkServerTrusted: SignatureException:error:04000073:RSA routines:OPENSSL_internal:DATA_TOO_LARGE_FOR_MODULUS
06-24 16:26:52.516 W/Utils   (24427): Utils_isSuperResolutionSupport [load libai_client.so failed]
06-24 16:26:52.518 D/CubicBezierInterpolator(24427): CubicBezierInterpolator  mControlPoint1x = 0.23, mControlPoint1y = 0.06, mControlPoint2x = 0.09, mControlPoint2y = 0.97
06-24 16:26:52.518 D/CubicBezierInterpolator(24427): CubicBezierInterpolator  mControlPoint1x = 0.6, mControlPoint1y = 0.9, mControlPoint2x = 0.8, mControlPoint2y = 1.0
06-24 16:26:52.518 D/CubicBezierInterpolator(24427): CubicBezierInterpolator  mControlPoint1x = 0.23, mControlPoint1y = 0.06, mControlPoint2x = 0.09, mControlPoint2y = 0.97
06-24 16:26:52.518 D/CubicBezierInterpolator(24427): CubicBezierInterpolator  mControlPoint1x = 0.6, mControlPoint1y = 0.9, mControlPoint2x = 0.8, mControlPoint2y = 1.0
06-24 16:26:52.518 D/CubicBezierInterpolator(24427): CubicBezierInterpolator  mControlPoint1x = 0.23, mControlPoint1y = 0.06, mControlPoint2x = 0.09, mControlPoint2y = 0.97
06-24 16:26:52.519 D/CubicBezierInterpolator(24427): CubicBezierInterpolator  mControlPoint1x = 0.6, mControlPoint1y = 0.9, mControlPoint2x = 0.8, mControlPoint2y = 1.0
06-24 16:26:52.519 D/CubicBezierInterpolator(24427): CubicBezierInterpolator  mControlPoint1x = 0.23, mControlPoint1y = 0.06, mControlPoint2x = 0.09, mControlPoint2y = 0.97
06-24 16:26:52.519 D/CubicBezierInterpolator(24427): CubicBezierInterpolator  mControlPoint1x = 0.6, mControlPoint1y = 0.9, mControlPoint2x = 0.8, mControlPoint2y = 1.0
06-24 16:26:52.520 D/PMS11423(  657): package:com.excelliance.dualaid, input flags:128, output hwFlags:0
06-24 16:26:52.521 W//system/bin/hwservicemanager(  416): Cannot open /odm/manifest.xml
06-24 16:26:52.522 I/GRALLOC (  679): 	 shrFd=10,fmt=0x1,intFmt=0x1,btStrd=256,size=4096,pid=679 
06-24 16:26:52.522 I/GRALLOC (  679): 	 yuv=2,w=16,h=16,Stride u=0 v=0,offset u=0 v=0 
06-24 16:26:52.522 I/GRALLOC (  679): 	 iova_size=4096,conUsg=0x100,proUsg=0x100,	 strd=64,[afbc]HdrStrd=0 PyldStrd=0 Scrmbl=0,ionhnd = 1 
06-24 16:26:52.525 D/HwRTBlurUtils(24427): check blur style for HwPhoneWindow-, themeResId : 0x7f0e000a, context : com.excelliance.kxqp.swipe.NavActivity2@794246b, Nhwext : 0, get Blur : disable with , null
06-24 16:26:52.525 D/HwRTBlurUtils(24427): check blur style for HwPhoneWindow-, themeResId : 0x7f0e000a, context : com.excelliance.kxqp.swipe.NavActivity2@794246b, Nhwext : 0, get Blur : disable with , null
06-24 16:26:52.526 E/test    (24427): hw notch screen flag api error
06-24 16:26:52.529 D/HwFLClassLoader(24452): get used feature list :/feature/used-list failed!
06-24 16:26:52.529 D/HwFLClassLoader(24452): USE_FEATURE_LIST had not init! 
06-24 16:26:52.523 D/PMS11423(  657): package:com.excelliance.dualaid, input flags:128, output hwFlags:0
06-24 16:26:52.530 D/ActivityThread(24427): add activity client record, r= ActivityRecord{414755e token=android.os.BinderProxy@31abee5 {com.excelliance.dualaid/com.excelliance.kxqp.swipe.NavActivity2}} token= android.os.BinderProxy@31abee5
06-24 16:26:52.535 E/ViewUtils(24427): setBgColor: view==null:top
06-24 16:26:52.543 D/OpenGLRenderer(24427):   HWUI Binary is  enabled
06-24 16:26:52.544 D/SurfaceFlinger(  710): SurfaceFlinger: getDisplayConfigs--3.000000, 1080, 1920
06-24 16:26:52.544 I/chatty  (  710): uid=1000(system) Binder:710_2 identical 1 line
06-24 16:26:52.544 D/SurfaceFlinger(  710): SurfaceFlinger: getDisplayConfigs--3.000000, 1080, 1920
06-24 16:26:52.545 D/OpenGLRenderer(24427): HWUI GL Pipeline
06-24 16:26:52.545 D/PMS11423(  657): package:com.excelliance.dualaid, input flags:128, output hwFlags:0
06-24 16:26:52.550 V/WindowManager(  657): Adding Window{c60a78e u0 com.excelliance.dualaid/com.excelliance.kxqp.swipe.NavActivity2} to AppWindowToken{5105ddb token=Token{f57b6ea ActivityRecord{a159ed5 u0 com.excelliance.dualaid/com.excelliance.kxqp.swipe.NavActivity2 t16039}}}
06-24 16:26:52.550 V/WindowManager(  657): addWindow: New client android.os.BinderProxy@2071b89: window=Window{c60a78e u0 com.excelliance.dualaid/com.excelliance.kxqp.swipe.NavActivity2} Callers=com.android.server.wm.HwWindowManagerService.addWindow:562 com.android.server.wm.Session.addToDisplay:199 android.view.IWindowSession$Stub.onTransact:124 com.android.server.wm.Session.onTransact:161 android.os.Binder.execTransact:675 
06-24 16:26:52.553 D/PMS11423(  657): package:com.excelliance.dualaid, input flags:128, output hwFlags:0
06-24 16:26:52.553 D/HttpUtils(24427): getResponseCode():200
06-24 16:26:52.553 D/WHEG    (24427): {"status":"0","controls":"","skip":"0"}
06-24 16:26:52.559 D/PMS11423(  657): package:com.excelliance.dualaid, input flags:128, output hwFlags:0
06-24 16:26:52.561 V/WindowManager(  657): Checking 1 opening apps (frozen=false timeout=false)...
06-24 16:26:52.561 V/WindowManager(  657): Check opening app=AppWindowToken{5105ddb token=Token{f57b6ea ActivityRecord{a159ed5 u0 com.excelliance.dualaid/com.excelliance.kxqp.swipe.NavActivity2 t16039}}}: allDrawn=false startingDisplayed=false startingMoved=false isRelaunching()=false
06-24 16:26:52.562 E/wificond(  765): Failed to get NL80211_STA_INFO_CNAHLOAD
06-24 16:26:52.562 E/WificondControl(  657): Noise: -92, Snr: 0, Chload: -1
06-24 16:26:52.562 D/HwWifiCHRStateManager(  657): handleMessage : 1001
06-24 16:26:52.562 D/HwWifiCHRStateManager(  657): handleUpdateChannel:5805
06-24 16:26:52.562 V/HwWifiServiceFactory(  657): get AllImpl object = com.android.server.wifi.HwWifiServiceFactoryImpl@a390a53
06-24 16:26:52.562 D/HwGalleryCacheManagerImpl(24427): mIsEffect:false
06-24 16:26:52.565 D/HuaweiWifiWatchdogStateMachine(  657): LM mrssi=-44
06-24 16:26:52.565 D/HuaweiWifiWatchdogStateMachine(  657): f2:9f:**:**:8f:43 current loss[-45]=0%, volume=40
06-24 16:26:52.565 D/HuaweiWifiWatchdogStateMachine(  657): f2:9f:**:**:8f:43 history loss[-45]=0.02%, volume=23042927
06-24 16:26:52.565 I/HuaweiWifiWatchdogStateMachine(  657): spd good count:0, add sc:0.0, rate:1.0
06-24 16:26:52.565 I/HuaweiWifiWatchdogStateMachine(  657): current mHighDataFlowRate = 1.0
06-24 16:26:52.565 I/HuaweiWifiWatchdogStateMachine(  657): POta txb txg rxg:0, 53, 0. Lr =0% Totpkt=53
06-24 16:26:52.565 D/WiFi_PRO(  657): MSG_RETURN_AP_CURRY_RSSI rssi = -44
06-24 16:26:52.565 I/QosMonitor(  657): queryRtt: rtt_type = 3
06-24 16:26:52.565 I/HwQoEJNI(  657): send_cmd_kernel. begin
06-24 16:26:52.565 I/HwQoEJNI(  657): send_cmd_kernel. end
06-24 16:26:52.565 I/QosMonitor(  657): postEventFromNative: msg=100,arg1=4,arg2=10
06-24 16:26:52.565 I/HwQoEJNI(  657): send_cmd_kernel. begin
06-24 16:26:52.565 I/HwQoEJNI(  657): send_cmd_kernel. end
06-24 16:26:52.565 I/QosMonitor(  657): postEventFromNative: msg=100,arg1=0,arg2=10
06-24 16:26:52.565 D/HuaweiWifiWatchdogStateMachine(  657): f2:9f:**:**:8f:43 current RTT[-45]=144, volume=6
06-24 16:26:52.565 D/HuaweiWifiWatchdogStateMachine(  657): f2:9f:**:**:8f:43 history RTT[-45]=237, volume=1687138
06-24 16:26:52.565 D/HuaweiWifiWatchdogStateMachine(  657): setSampleRtt: rtt=144,rtt_pkts =6,rtt_when=0
06-24 16:26:52.565 I/MQoS    (  657): rtt=144,tcp_tx_pkts=407759,tcp_rx_pkts=423636
06-24 16:26:52.565 D/HwUidTcpMonitor(  657): parseWlanUidTcpStatistics lastUidTcpStatInfo = [ mUid = 10089 mPacketName = com.google.uid.shared:10089 mSendSegs = 7456 mResendSegs = 0 mRcvSegs = 487 ]
06-24 16:26:52.565 I/QosMonitor(  657): resetRtt: rtt_type = 3
06-24 16:26:52.565 D/HwWifiConnectivityMonitor(  657): ENTER: notifyTopUidTcpInfo, tx = 8, rx = 7, reTx = 0, uid = 11423, tr = 0.0
06-24 16:26:52.565 I/HwQoEJNI(  657): send_cmd_kernel. begin
06-24 16:26:52.565 I/HwQoEJNI(  657): send_cmd_kernel. end
06-24 16:26:52.565 D/HwWifiConnectivityMonitor(  657): ENTER: notifyTopUidTcpInfo, rtt = 152, rttPkts = 4, aveRtt = 38.0, app = com.excelliance.dualaid
06-24 16:26:52.565 D/HwUidTcpMonitor(  657): parseWlanUidTcpStatistics lastUidTcpStatInfo = [ mUid = 11423 mPacketName = com.excelliance.dualaid mSendSegs = 1208 mResendSegs = 0 mRcvSegs = 1921 ]
06-24 16:26:52.565 I/MQoS    (  657): QOS_level:0(0),DataDisable;use level-0
06-24 16:26:52.565 I/MQoS    (  657): skip-low-Level:0(0),DataDisable;use level-0
06-24 16:26:52.566 D/HwWifiConnectivityMonitor(  657): handleTopUidInternetStatusChanged, uid = 11423, status = 0
06-24 16:26:52.567 D/HuaweiWifiWatchdogStateMachine(  657): dumpTcpResult: len=10,rtt=144,rttPkt=6,rttWn=0,cgt=0,cgtWn=0
06-24 16:26:52.567 I/HuaweiWifiWatchdogStateMachine(  657): PTcp RTT:144, rtt pkt=6, tcp_rx=10, tcp_tx=21, tcp_reTran=0, rtRate=0
06-24 16:26:52.567 D/HuaweiWifiWatchdogStateMachine(  657): isRttGood is good, AvgRtt = 144, TotPkt = 6
06-24 16:26:52.567 D/HuaweiWifiWatchdogStateMachine(  657): mRssiBadCount =0, RSSI not bad.
06-24 16:26:52.567 D/HuaweiWifiWatchdogStateMachine(  657): detectNetworkAvailable:hw.wifipro.dns_fail_count = 65
06-24 16:26:52.567 D/HuaweiWifiWatchdogStateMachine(  657): detectNetworkAvailable: tcpRxPkts != 0, reset
06-24 16:26:52.567 I/HuaweiWifiWatchdogStateMachine(  657): rs ota tcp lr rttvb bad: false, false, false, false, false; rsth:-75
06-24 16:26:52.567 D/HuaweiWifiWatchdogStateMachine(  657): GSC:0, GSR:1.0, RSR:1.0, RTH:-75
06-24 16:26:52.567 D/HuaweiWifiWatchdogStateMachine(  657): goodperiod count=1, rb rttg sg =false, true, false
06-24 16:26:52.567 D/HuaweiWifiWatchdogStateMachine(  657): bqeLevel = 3 rtt=144,rtt_pkts=6 speed=327 rssi=-44
06-24 16:26:52.567 D/HuaweiWifiWatchdogStateMachine(  657): Enter updateQoeLevel level = 3
06-24 16:26:52.567 D/HuaweiWifiWatchdogStateMachine(  657): updateQoeLevel need two more periods, return
06-24 16:26:52.567 I/HuaweiWifiWatchdogStateMachine(  657):  pkt chk not bad, reset sc to 0.
06-24 16:26:52.567 D/HuaweiWifiWatchdogStateMachine(  657): ### mPktChkBadCnt=0
06-24 16:26:52.564 E/wificond(  765): Failed to get NL80211_STA_INFO_CNAHLOAD
06-24 16:26:52.571 D/PMS11423(  657): package:com.excelliance.dualaid, input flags:128, output hwFlags:0
06-24 16:26:52.601 D/HwRecentsLockUtils( 1513): Search
06-24 16:26:52.601 E/HsmCoreServiceImpl( 1478): onTransact in code is: 103
06-24 16:26:52.601 I/MediaProcessHandler( 1478): playingUids: 
06-24 16:26:52.584 I/chatty  (  657): uid=1000(system) Binder:657_D identical 5 lines
06-24 16:26:52.584 D/PMS11423(  657): package:com.excelliance.dualaid, input flags:128, output hwFlags:0
06-24 16:26:52.601 D/ActivityManager(  657): Skipping, home or recents stack task: TaskRecord{333215f #15658 A=com.huawei.android.launcher U=0 StackId=0 sz=1}
06-24 16:26:52.601 D/ActivityManager(  657): Skipping intent:act=android.intent.action.MAIN cat=[android.intent.category.LAUNCHER] flg=0x10a00000 cmp=io.appium.settings/.Settings
06-24 16:26:52.601 D/ActivityManager(  657): Skipping intent:flg=0x10804000 cmp=com.android.systemui/.recents.RecentsActivity bnds=[48,928][1032,2296]
06-24 16:26:52.601 D/ActivityManager(  657): Skipping intent:flg=0x18800000 cmp=com.tencent.mm/.plugin.base.stub.WXPayEntryActivity
06-24 16:26:52.601 D/ActivityManager(  657): Skipping intent:flg=0x10800000 cmp=com.huawei.systemmanager/com.huawei.permissionmanager.ui.MainActivity
06-24 16:26:52.601 D/ActivityManager(  657): Skipping intent:flg=0x18800000 cmp=com.tencent.mm/.plugin.base.stub.WXEntryActivity
06-24 16:26:52.601 D/ActivityManager(  657): Skipping intent:act=com.huawei.action.VOICE_ASSISTANT flg=0x10800000 pkg=com.huawei.vassistant cmp=com.huawei.vassistant/.ui.main.VAssistantActivity
06-24 16:26:52.601 D/ActivityManager(  657): Skipping intent:act=com.huawei.android.launcher.action.ACCESS_SPLIT_SCREEN_APP cat=[android.intent.category.DEFAULT] flg=0x10804000 cmp=com.huawei.android.launcher/.splitscreen.SplitScreenAppActivity
06-24 16:26:52.601 D/ActivityManager(  657): Skipping intent:flg=0x10800000 pkg=com.excelliance.dualaid.b64 cmp=com.excelliance.dualaid.b64/com.excelliance.kxqp.sdk.PermissionRequestActivity
06-24 16:26:52.601 D/ActivityManager(  657): Skipping intent:act=android.intent.action.VIEW dat=content://com.excelliance.dualaid.fileProvider/external_storage_root/Download/apk/Multiple_64.apk typ=application/vnd.android.package-archive flg=0x10800001 cmp=com.android.packageinstaller/.InstallStart
06-24 16:26:52.601 D/ActivityManager(  657): Skipping intent:flg=0x10800000 cmp=com.android.systemui/.usb.HwUsbDebuggingActivity
06-24 16:26:52.601 D/ActivityManager(  657): Skipping intent:act=android.deviceinfo.chooser.action.LAUNCH flg=0x10800000 hwFlg=0x100 pkg=com.android.settings cmp=com.android.settings/.deviceinfo.UsbConnModeChooserActivity
06-24 16:26:52.601 D/ActivityManager(  657): Skipping intent:flg=0x10800000 cmp=com.zol.android/.push.KeepLiveActivity
06-24 16:26:52.601 D/ActivityManager(  657): Skipping intent:act=android.intent.action.MAIN cat=[android.intent.category.HOME] flg=0x10800300 cmp=com.android.settings/.FallbackHome
06-24 16:26:52.607 I/dubaid  (  770): [AbnormalityRoutine.cpp] checkCpuAbnormality# 11358:io.appium.uiautomator2.server:0.138:340412:64465
06-24 16:26:52.609 W/ActivityManager(  657): Sending non-protected broadcast com.huawei.intent.action.PG_THERMAL_MSG_ACTION from system 1699:com.huawei.powergenie/1000 pkg com.huawei.powergenie
06-24 16:26:52.609 I/BroadcastAdapter( 1699): send hight cpu load msg to thermal!
06-24 16:26:52.635 D/MainActivity(24427): instantiateItem: 2	android.widget.RelativeLayout{d00e2b1 V.E...... ......I. 0,0-0,0}
06-24 16:26:52.636 D/MainActivity(24427): initPage3: 
06-24 16:26:52.640 V/WindowManager(  657): Checking 1 opening apps (frozen=false timeout=false)...
06-24 16:26:52.640 V/WindowManager(  657): Check opening app=AppWindowToken{5105ddb token=Token{f57b6ea ActivityRecord{a159ed5 u0 com.excelliance.dualaid/com.excelliance.kxqp.swipe.NavActivity2 t16039}}}: allDrawn=false startingDisplayed=false startingMoved=false isRelaunching()=false
06-24 16:26:52.643 V/HwPhoneWindowManager(  657): updateSystemUiColorLw window=Window{c60a78e u0 com.excelliance.dualaid/com.excelliance.kxqp.swipe.NavActivity2},EmuiStyle=0,StatusBarColor=0xff000000,NavigationBarColor=0xff000000, mLastIsEmuiLightStyle=-1
06-24 16:26:52.643 D/HwPhoneWindowManager(  657): Transact:setSystemUIColor to status bar service
06-24 16:26:52.643 I/CommandQueue( 1513): updateBarBgColor
06-24 16:26:52.643 D/CommandQueue( 1513): CommandQueue, setBarBackgroundColor
06-24 16:26:52.644 V/WindowManager(  657): Checking 1 opening apps (frozen=false timeout=false)...
06-24 16:26:52.644 V/WindowManager(  657): Check opening app=AppWindowToken{5105ddb token=Token{f57b6ea ActivityRecord{a159ed5 u0 com.excelliance.dualaid/com.excelliance.kxqp.swipe.NavActivity2 t16039}}}: allDrawn=false startingDisplayed=false startingMoved=false isRelaunching()=false
06-24 16:26:52.645 I/zygote  (24452): Compiler allocated 4MB to compile boolean com.excelliance.kxqp.KXQPApplication.b(int)
06-24 16:26:52.648 I/GRALLOC (  679): 	 shrFd=10,fmt=0x1,intFmt=0x200000001,btStrd=4352,size=8486912,pid=679 
06-24 16:26:52.648 I/GRALLOC (  679): 	 yuv=2,w=1080,h=1920,Stride u=0 v=0,offset u=0 v=0 
06-24 16:26:52.648 I/GRALLOC (  679): 	 iova_size=8486912,conUsg=0x900,proUsg=0x900,	 strd=1088,[afbc]HdrStrd=1088 PyldStrd=69632 Scrmbl=2,ionhnd = 1 
06-24 16:26:52.648 D/TintManager( 1513): statusBarIconTint=#99FFFFFF,navigationBarIconTint=#FF000000
06-24 16:26:52.648 D/BarTransitions.HwPhoneStatusBarView( 1513): MODE_TRANSPARENT -> MODE_TRANSLUCENT animate=false
06-24 16:26:52.648 D/BarTransitions.HwPhoneStatusBarView( 1513): applyModeBackground oldMode=MODE_TRANSPARENT newMode=MODE_TRANSLUCENT animate=false
06-24 16:26:52.648 D/MainActivity(24427): run: initPage3
06-24 16:26:52.649 V/MainActivity(24427): onWindowFocusChanged: true
06-24 16:26:52.649 I/GRALLOC (  679): 	 shrFd=10,fmt=0x1,intFmt=0x200000001,btStrd=4352,size=8486912,pid=679 
06-24 16:26:52.649 I/GRALLOC (  679): 	 yuv=2,w=1080,h=1920,Stride u=0 v=0,offset u=0 v=0 
06-24 16:26:52.649 I/GRALLOC (  679): 	 iova_size=8486912,conUsg=0x900,proUsg=0x900,	 strd=1088,[afbc]HdrStrd=1088 PyldStrd=69632 Scrmbl=2,ionhnd = 1 
06-24 16:26:52.649 W/InputMethodManager(24427): startInputReason = 1
06-24 16:26:52.650 I/GRALLOC (  679): 	 shrFd=10,fmt=0x1,intFmt=0x200000001,btStrd=4352,size=8486912,pid=679 
06-24 16:26:52.650 I/GRALLOC (  679): 	 yuv=2,w=1080,h=1920,Stride u=0 v=0,offset u=0 v=0 
06-24 16:26:52.650 I/GRALLOC (  679): 	 iova_size=8486912,conUsg=0x900,proUsg=0x900,	 strd=1088,[afbc]HdrStrd=1088 PyldStrd=69632 Scrmbl=2,ionhnd = 1 
06-24 16:26:52.651 I/OpenGLRenderer(24427): Initialized EGL, version 1.4
06-24 16:26:52.651 D/OpenGLRenderer(24427): Swap behavior 2
06-24 16:26:52.654 W/InputMethodManager(24427): startInputReason = 5
06-24 16:26:52.655 I/wangchen( 7035): SysInfo.getSysParam: orientation=1||config d=3.0,w=1080,h=1920||metrics d=3.0,w=1080,h=1920||sdk=26,bar_h=72
06-24 16:26:52.655 I/KeymapLoader( 7035): w=1080 h=1920 ori=true appScale=3.3 s1=3.0
06-24 16:26:52.657 D/mali_winsys(24427): EGLint new_window_surface(egl_winsys_display *, void *, EGLSurface, EGLConfig, egl_winsys_surface **, egl_color_buffer_format *, EGLBoolean) returns 0x3000
06-24 16:26:52.657 E/vndksupport(24427): Could not load vendor/lib/egl/libGLES_mali_v2.so from sphal namespace: dlopen failed: library "vendor/lib/egl/libGLES_mali_v2.so" not found.
06-24 16:26:52.663 D/StatusBarIconController( 1513): setIconVisibility icon is null or visibility not change visibility=false
06-24 16:26:52.672 I/GRALLOC (  679): 	 shrFd=10,fmt=0x1,intFmt=0x200000001,btStrd=4352,size=8486912,pid=679 
06-24 16:26:52.672 I/GRALLOC (  679): 	 yuv=2,w=1080,h=1920,Stride u=0 v=0,offset u=0 v=0 
06-24 16:26:52.672 I/GRALLOC (  679): 	 iova_size=8486912,conUsg=0xb00,proUsg=0xb00,	 strd=1088,[afbc]HdrStrd=1088 PyldStrd=69632 Scrmbl=2,ionhnd = 1 
06-24 16:26:52.680 D/WindowManager(  657): finishDrawingWindow: Window{c60a78e u0 com.excelliance.dualaid/com.excelliance.kxqp.swipe.NavActivity2} mDrawState=DRAW_PENDING
06-24 16:26:52.680 D/PMS11423(  657): package:com.excelliance.dualaid, input flags:128, output hwFlags:0
06-24 16:26:52.682 V/WindowManager(  657): Checking 1 opening apps (frozen=false timeout=false)...
06-24 16:26:52.682 V/WindowManager(  657): Check opening app=AppWindowToken{5105ddb token=Token{f57b6ea ActivityRecord{a159ed5 u0 com.excelliance.dualaid/com.excelliance.kxqp.swipe.NavActivity2 t16039}}}: allDrawn=true startingDisplayed=false startingMoved=false isRelaunching()=false
06-24 16:26:52.684 D/ImageWallpaper( 1513): onVisibilityChanged: mVisible, visible=true, false
06-24 16:26:52.684 D/ImageWallpaper( 1513): Visibility changed to visible=false
06-24 16:26:52.684 D/BarTransitions.HwPhoneStatusBarView( 1513): MODE_TRANSLUCENT -> MODE_TRANSPARENT animate=false
06-24 16:26:52.684 D/BarTransitions.HwPhoneStatusBarView( 1513): applyModeBackground oldMode=MODE_TRANSLUCENT newMode=MODE_TRANSPARENT animate=false
06-24 16:26:52.685 I/ActivityManager(  657): Displayed com.excelliance.dualaid/com.excelliance.kxqp.swipe.NavActivity2: +187ms (total +5m9s6ms)
06-24 16:26:52.686 I/ActivityManager(  657): wait Launched end, result = 0 who = ComponentInfo{com.excelliance.dualaid/com.excelliance.kxqp.swipe.NavActivity2}
06-24 16:26:52.687 D/PMS11423(  657): package:com.excelliance.dualaid, input flags:128, output hwFlags:0
06-24 16:26:52.695 I/WindowManager(  657): notifyAccessibilityButtonVisibilityChanged visible:false
06-24 16:26:52.695 E/BufferQueueProducer(  710): [com.huawei.android.launcher/com.huawei.android.launcher.unihome.UniHomeLauncher#0] disconnect: not connected (req=1)
06-24 16:26:52.695 W/libEGL  ( 2519): EGLNativeWindowType 0x7472910010 disconnect failed
06-24 16:26:52.711 W/ActivityManager(  657): Sending non-protected broadcast huawei.action.floattasks.STATUS_BAR_STATE_CHANGED from system 1513:com.android.systemui/u0a39 pkg com.android.systemui
06-24 16:26:52.711 W/HwKeyguardDragHelper( 1513): AnimationBlocked
06-24 16:26:52.711 D/BarTransitions.HwPhoneStatusBarView( 1513): MODE_TRANSPARENT -> MODE_TRANSLUCENT animate=false
06-24 16:26:52.711 D/BarTransitions.HwPhoneStatusBarView( 1513): applyModeBackground oldMode=MODE_TRANSPARENT newMode=MODE_TRANSLUCENT animate=false
06-24 16:26:52.711 V/WindowManager(  657): notifyAppStopped: AppWindowToken{d3a938b token=Token{377755a ActivityRecord{d5c9105 u0 com.huawei.android.launcher/.unihome.UniHomeLauncher t15658}}}
06-24 16:26:52.712 D/BarTransitions.HwNavigationBarView( 1513): MODE_TRANSLUCENT -> MODE_OPAQUE animate=false
06-24 16:26:52.712 D/BarTransitions.HwNavigationBarView( 1513): applyModeBackground oldMode=MODE_TRANSLUCENT newMode=MODE_OPAQUE animate=false
06-24 16:26:52.712 E/WindowManager(  657): win=Window{68d6975 u0 com.huawei.android.launcher/com.huawei.android.launcher.unihome.UniHomeLauncher} destroySurfaces: appStopped=true win.mWindowRemovalAllowed=false win.mRemoveOnExit=false
06-24 16:26:52.712 I/WindowManager(  657): Destroying surface Surface(name=com.huawei.android.launcher/com.huawei.android.launcher.unihome.UniHomeLauncher) called by com.android.server.wm.WindowStateAnimator.destroySurface:2060 com.android.server.wm.WindowStateAnimator.destroySurfaceLocked:873 com.android.server.wm.HwWindowStateAnimator.destroySurfaceLocked:1006 com.android.server.wm.WindowState.destroyOrSaveSurfaceUnchecked:2990 com.android.server.wm.WindowState.destroySurface:2951 com.android.server.wm.AppWindowToken.destroySurfaces:654 com.android.server.wm.AppWindowToken.destroySurfaces:638 com.android.server.wm.AppWindowToken.notifyAppStopped:682 
06-24 16:26:52.715 D/HwGameAssistantController(  657): pid=2519, uid=10056, foreground=false
06-24 16:26:52.715 W/AwareLog(  657): SchedLevelBoost: onFgActivitiesChanged config not set!
06-24 16:26:52.715 D/ActivityThread(24427): Remove activity client record, r= ActivityRecord{cbe2ddc token=android.os.BinderProxy@d13fa03 {com.excelliance.dualaid/com.excelliance.kxqp.ui.HelloActivity}} token= android.os.BinderProxy@d13fa03
06-24 16:26:52.715 V/WindowManager(  657): removeAppToken: AppWindowToken{b31691d token=Token{e68bdf4 ActivityRecord{f7d93c7 u0 com.excelliance.dualaid/com.excelliance.kxqp.ui.HelloActivity t16039}}} delayed=false Callers=com.android.server.wm.DisplayContent.removeAppToken:985 com.android.server.wm.AppWindowContainerController.removeContainer:348 com.android.server.am.ActivityRecord.removeWindowContainer:1039 com.android.server.am.ActivityStack.removeActivityFromHistoryLocked:4491 
06-24 16:26:52.718 W/dex2oat (24498): Using default instruction set features for ARM CPU variant (default) using conservative defaults
06-24 16:26:52.719 I/dex2oat (24498): /system/bin/dex2oat -j4 --dex-file=/data/data/com.excelliance.dualaid/.platformcache/main.jar --output-vdex-fd=49 --oat-fd=50 --oat-location=/data/data/com.excelliance.dualaid/.platformcache/oat/arm/main.odex --compiler-filter=quicken
06-24 16:26:52.719 I/cutils-trace(24498): atrace_init_once, trace_marker_path = /sys/kernel/debug/tracing/trace_marker
06-24 16:26:52.767 I/ActivityManager(  657): Force stopping com.excelliance.dualaid appid=11423 user=0: from pid 24505by app
06-24 16:26:52.767 I/ActivityManager(  657): Killing 24427:com.excelliance.dualaid:olle/u0a1423 (adj 0): stop com.excelliance.dualaidfrom pid 24505by app
06-24 16:26:52.768 D/ActivityManager(  657): cleanUpApplicationRecord app: ProcessRecord{b7ec792 24427:com.excelliance.dualaid:olle/u0a1423}, app.bad: false, restarting: false, allowRestart: true
06-24 16:26:52.769 W/ActivityManager(  657): Force removing ActivityRecord{a159ed5 u0 com.excelliance.dualaid/com.excelliance.kxqp.swipe.NavActivity2 t16039}: app died, no saved state
06-24 16:26:52.770 W/AwareLog(  657): SchedLevelBoost: onProcessDied config not set!
06-24 16:26:52.770 E/HsmCoreServiceImpl( 1478): onTransact in code is: 102
06-24 16:26:52.770 I/MediaProcessHandler( 1478): processOp opType: 1, uid: 11423, pid: 24427
06-24 16:26:52.770 W/MediaProcessHandler( 1478): remove target not exist, maybe the UI process: uid: 11423, pid: 24427
06-24 16:26:52.770 I/MediaProcessHandler( 1478): executedCallBack opType: 1 mMediaStatusObservers.size=0
06-24 16:26:52.773 V/WindowManager(  657): removeAppToken: AppWindowToken{5105ddb token=Token{f57b6ea ActivityRecord{a159ed5 u0 com.excelliance.dualaid/com.excelliance.kxqp.swipe.NavActivity2 t16039}}} delayed=false Callers=com.android.server.wm.DisplayContent.removeAppToken:985 com.android.server.wm.AppWindowContainerController.removeContainer:348 com.android.server.am.ActivityRecord.removeWindowContainer:1039 com.android.server.am.ActivityStack.removeActivityFromHistoryLocked:4491 
06-24 16:26:52.773 V/WindowManager(  657): removeIfPossible: Window{c60a78e u0 com.excelliance.dualaid/com.excelliance.kxqp.swipe.NavActivity2} callers=com.android.server.wm.WindowState.removeIfPossible:1914 com.android.server.wm.WindowToken.removeAllWindowsIfPossible:139 com.android.server.wm.AppWindowToken.removeIfPossible:539 com.android.server.wm.AppWindowToken.onRemovedFromDisplay:606 com.android.server.wm.DisplayContent.removeAppToken:985 
06-24 16:26:52.773 I/WindowManager(  657): Destroying surface Surface(name=com.excelliance.dualaid/com.excelliance.kxqp.swipe.NavActivity2) called by com.android.server.wm.WindowStateAnimator.destroySurface:2060 com.android.server.wm.WindowStateAnimator.destroySurfaceLocked:873 com.android.server.wm.HwWindowStateAnimator.destroySurfaceLocked:1006 com.android.server.wm.WindowState.removeImmediately:1899 com.android.server.wm.WindowState.removeIfPossible:2051 com.android.server.wm.WindowState.removeIfPossible:1914 com.android.server.wm.WindowToken.removeAllWindowsIfPossible:139 com.android.server.wm.AppWindowToken.removeIfPossible:539 
06-24 16:26:52.773 V/WindowManager(  657): postWindowRemoveCleanupLocked: Window{c60a78e u0 com.excelliance.dualaid/com.excelliance.kxqp.swipe.NavActivity2}
06-24 16:26:52.774 V/WindowManager(  657): Removing Window{c60a78e u0 com.excelliance.dualaid/com.excelliance.kxqp.swipe.NavActivity2} from AppWindowToken{5105ddb token=Token{f57b6ea ActivityRecord{a159ed5 u0 com.excelliance.dualaid/com.excelliance.kxqp.swipe.NavActivity2 t16039}}}
06-24 16:26:52.778 V/WindowManager(  657): No longer Stopped: AppWindowToken{d3a938b token=Token{377755a ActivityRecord{d5c9105 u0 com.huawei.android.launcher/.unihome.UniHomeLauncher t15658}}}
06-24 16:26:52.779 D/ScenarioService( 1699): front pkg : com.huawei.android.launcher launcher: true
06-24 16:26:52.779 I/AppsUsage( 1699): scnOff:false FgAPP:com.huawei.android.launcher BgAPP:com.excelliance.dualaid
06-24 16:26:52.780 I/ash     ( 1699): front pkg : com.huawei.android.launcher launcher: true
06-24 16:26:52.780 D/EmcomManagerService(  657): forePackage name is com.huawei.android.launcher
06-24 16:26:52.780 D/HicomPolicyManager(  657): foreAppInfo = nullpkgName = com.huawei.android.launcher uid= 10056
06-24 16:26:52.780 E/HicomPolicyManager(  657): udp acc is not start yet!
06-24 16:26:52.780 D/HicomPolicyManager(  657): speed control is not start
06-24 16:26:52.780 E/HicomPolicyManager(  657): Network Evaluation is not start yet!
06-24 16:26:52.780 E/HicomPolicyManager(  657): foreground app info is null
06-24 16:26:52.782 D/[HwRecSys]HwRecSysService( 2647): onEvent actionID: 10010 msg:com.huawei.android.launcher		
06-24 16:26:52.782 E/[HwRecSys]HwRecSysService( 2647): getIsRportDirectService is false!
06-24 16:26:52.783 I/PGServer( 1699): report state:10000 event type:2 pid:0 uid:0 pkg:com.excelliance.dualaid to pid: 657
06-24 16:26:52.783 I/PGServer( 1699): report state:10000 event type:2 pid:0 uid:0 pkg:com.excelliance.dualaid to pid: 1699
06-24 16:26:52.783 I/SceneReceiver( 1699): state type: 10000 eventType:2 pid:0 uid:0 pkg:com.excelliance.dualaid
06-24 16:26:52.783 I/PGServer( 1699): report state:10010 event type:1 pid:0 uid:0 pkg:com.huawei.android.launcher to pid: 657
06-24 16:26:52.783 I/PGServer( 1699): report state:10010 event type:1 pid:0 uid:0 pkg:com.huawei.android.launcher to pid: 1699
06-24 16:26:52.783 I/SceneReceiver( 1699): state type: 10010 eventType:1 pid:0 uid:0 pkg:com.huawei.android.launcher
06-24 16:26:52.783 I/PGServer( 1699): checkPkgType. calling pkg: android
06-24 16:26:52.783 I/PGServer( 1699): checkPkgType. calling pkg: android
06-24 16:26:52.783 D/HwThermalStateManager( 1699): current foreapp pkg : com.huawei.android.launcher
06-24 16:26:52.785 W/libc    ( 1699): Set property "sys.aps.gameProcessName" to ""
06-24 16:26:52.785 W/libc    ( 1699): Set property "sys.aps.browserProcessName" to ""
06-24 16:26:52.793 V/WindowManager(  657): notifyAppResumed: wasStopped=true AppWindowToken{d3a938b token=Token{377755a ActivityRecord{d5c9105 u0 com.huawei.android.launcher/.unihome.UniHomeLauncher t15658}}}
06-24 16:26:52.794 V/WindowManager(  657): Checking 1 opening apps (frozen=false timeout=false)...
06-24 16:26:52.794 V/WindowManager(  657): Check opening app=AppWindowToken{d3a938b token=Token{377755a ActivityRecord{d5c9105 u0 com.huawei.android.launcher/.unihome.UniHomeLauncher t15658}}}: allDrawn=false startingDisplayed=false startingMoved=false isRelaunching()=false
06-24 16:26:52.795 I/ActivityManager(  657): Killing 24452:com.excelliance.dualaid/u0a1423 (adj 0): stop com.excelliance.dualaidfrom pid 24505by app
06-24 16:26:52.795 V/WindowManager(  657): Checking 1 opening apps (frozen=false timeout=false)...
06-24 16:26:52.795 V/WindowManager(  657): Check opening app=AppWindowToken{d3a938b token=Token{377755a ActivityRecord{d5c9105 u0 com.huawei.android.launcher/.unihome.UniHomeLauncher t15658}}}: allDrawn=false startingDisplayed=false startingMoved=false isRelaunching()=false
06-24 16:26:52.798 D/ActivityManager(  657): cleanUpApplicationRecord app: ProcessRecord{6f2e078 24452:com.excelliance.dualaid/u0a1423}, app.bad: false, restarting: false, allowRestart: true
06-24 16:26:52.798 W/ActivityManager(  657): Scheduling restart of crashed service com.excelliance.dualaid/com.excelliance.kxqp.SmtServService in 1000ms
06-24 16:26:52.799 V/WindowManager(  657): Checking 1 opening apps (frozen=false timeout=false)...
06-24 16:26:52.799 V/WindowManager(  657): Check opening app=AppWindowToken{d3a938b token=Token{377755a ActivityRecord{d5c9105 u0 com.huawei.android.launcher/.unihome.UniHomeLauncher t15658}}}: allDrawn=false startingDisplayed=false startingMoved=false isRelaunching()=false
