06-24 16:46:21.646 I/NetworkSpeedManagerEx( 1513): mIsStop = false
06-24 16:46:21.646 I/NetworkSpeedManagerEx( 1513):  runInThread getTetherStats
06-24 16:46:21.647 D/launch-time-RU(26518): preload 24 classes cost 21ms
06-24 16:46:21.647 I/NetworkSpeedManagerEx( 1513):  runInUI refreshSpeed
06-24 16:46:21.648 D/PMS11423(  657): package:com.excelliance.dualaid, input flags:128, output hwFlags:0
06-24 16:46:21.648 I/NetworkSpeedManagerEx( 1513): value=1847.0speed = 1.8
06-24 16:46:21.648 I/NetworkSpeedManagerEx( 1513): K/smIsShowLastSpeedValuefalse
06-24 16:46:21.648 I/NetworkSpeedView( 1513): /update(), speed=1.8
06-24 16:46:21.648 I/NetworkSpeedView( 1513): K/s parent class:class com.android.systemui.statusbar.HwSystemIcons
06-24 16:46:21.654 D/StatisticsManager(26518): Query time diff:1529829981654
06-24 16:46:21.656 I/chatty  (  657): uid=1000(system) Binder:657_20 identical 3 lines
06-24 16:46:21.657 D/PMS11423(  657): package:com.excelliance.dualaid, input flags:128, output hwFlags:0
06-24 16:46:21.659 D/PMS11423(  657): package:com.excelliance.dualaid, input flags:128, output hwFlags:0
06-24 16:46:21.667 I/NetworkSpeedManagerEx( 1513): mIsStop = false
06-24 16:46:21.667 I/NetworkSpeedManagerEx( 1513):  runInThread getTetherStats
06-24 16:46:21.668 I/NetworkSpeedManagerEx( 1513):  runInUI refreshSpeed
06-24 16:46:21.668 I/NetworkSpeedManagerEx( 1513): value=1847.0speed = 1.8
06-24 16:46:21.668 I/NetworkSpeedManagerEx( 1513): K/smIsShowLastSpeedValuefalse
06-24 16:46:21.668 I/NetworkSpeedView( 1513): /update(), speed=1.8
06-24 16:46:21.668 I/NetworkSpeedView( 1513): K/s parent class:class com.android.systemui.statusbar.HwSystemIcons
06-24 16:46:21.671 E/wificond(  765): Failed to get NL80211_STA_INFO_CNAHLOAD
06-24 16:46:21.671 D/DateTimeView( 1513): Change to single clock mode!
06-24 16:46:21.671 E/WificondControl(  657): Noise: -92, Snr: 0, Chload: -1
06-24 16:46:21.671 D/HwWifiCHRStateManager(  657): handleMessage : 1001
06-24 16:46:21.671 D/HwWifiCHRStateManager(  657): handleUpdateChannel:5805
06-24 16:46:21.671 V/HwWifiServiceFactory(  657): get AllImpl object = com.android.server.wifi.HwWifiServiceFactoryImpl@a390a53
06-24 16:46:21.672 D/DateTimeView( 1513): Change to single clock mode!
06-24 16:46:21.672 D/PMS11423(  657): package:com.excelliance.dualaid, input flags:128, output hwFlags:0
06-24 16:46:21.673 I/chatty  (  657): uid=1000(system) Binder:657_19 identical 1 line
06-24 16:46:21.673 D/PMS11423(  657): package:com.excelliance.dualaid, input flags:128, output hwFlags:0
06-24 16:46:21.673 E/wificond(  765): Failed to get NL80211_STA_INFO_CNAHLOAD
06-24 16:46:21.675 D/HuaweiWifiWatchdogStateMachine(  657): LM mrssi=-45
06-24 16:46:21.676 D/HuaweiWifiWatchdogStateMachine(  657): f2:9f:**:**:8f:43 current loss[-45]=0%, volume=50
06-24 16:46:21.676 D/HuaweiWifiWatchdogStateMachine(  657): f2:9f:**:**:8f:43 history loss[-45]=0.02%, volume=23068133
06-24 16:46:21.676 I/HuaweiWifiWatchdogStateMachine(  657): spd good count:0, add sc:0.0, rate:1.0
06-24 16:46:21.676 D/PMS11423(  657): package:com.excelliance.dualaid, input flags:128, output hwFlags:0
06-24 16:46:21.676 D/HuaweiWifiWatchdogStateMachine(  657): high data flow: protection_counter = 0,  not_detect_counter = 26
06-24 16:46:21.677 D/WiFi_PRO(  657): MSG_RETURN_AP_CURRY_RSSI rssi = -45
06-24 16:46:21.677 I/QosMonitor(  657): queryRtt: rtt_type = 3
06-24 16:46:21.677 D/HuaweiWifiWatchdogStateMachine(  657): high data flow scenario: 0 --> 0 rx bytes =41KB
06-24 16:46:21.677 I/HuaweiWifiWatchdogStateMachine(  657): current mHighDataFlowRate = 1.0
06-24 16:46:21.677 I/HwQoEJNI(  657): send_cmd_kernel. begin
06-24 16:46:21.677 I/HwQoEJNI(  657): send_cmd_kernel. end
06-24 16:46:21.677 I/HuaweiWifiWatchdogStateMachine(  657): POta txb txg rxg:0, 50, 0. Lr =0% Totpkt=50
06-24 16:46:21.677 I/QosMonitor(  657): postEventFromNative: msg=100,arg1=4,arg2=10
06-24 16:46:21.677 I/HwQoEJNI(  657): send_cmd_kernel. begin
06-24 16:46:21.677 I/HwQoEJNI(  657): send_cmd_kernel. end
06-24 16:46:21.677 I/QosMonitor(  657): postEventFromNative: msg=100,arg1=0,arg2=10
06-24 16:46:21.677 D/HuaweiWifiWatchdogStateMachine(  657): f2:9f:**:**:8f:43 current RTT[-45]=208, volume=12
06-24 16:46:21.677 D/HuaweiWifiWatchdogStateMachine(  657): f2:9f:**:**:8f:43 history RTT[-45]=237, volume=1691650
06-24 16:46:21.677 D/HuaweiWifiWatchdogStateMachine(  657): setSampleRtt: rtt=208,rtt_pkts =12,rtt_when=0
06-24 16:46:21.677 I/MQoS    (  657): rtt=208,tcp_tx_pkts=438908,tcp_rx_pkts=461422
06-24 16:46:21.677 I/QosMonitor(  657): resetRtt: rtt_type = 3
06-24 16:46:21.677 I/HwQoEJNI(  657): send_cmd_kernel. begin
06-24 16:46:21.677 I/HwQoEJNI(  657): send_cmd_kernel. end
06-24 16:46:21.677 I/MQoS    (  657): QOS_level:0(0),DataDisable;use level-0
06-24 16:46:21.677 I/MQoS    (  657): skip-low-Level:0(0),DataDisable;use level-0
06-24 16:46:21.678 D/HwWifiConnectivityMonitor(  657): ENTER: notifyTopUidTcpInfo, tx = 19, rx = 16, reTx = 0, uid = 11423, tr = 0.0
06-24 16:46:21.678 D/HwWifiConnectivityMonitor(  657): ENTER: notifyTopUidTcpInfo, rtt = 344, rttPkts = 8, aveRtt = 43.0, app = com.excelliance.dualaid
06-24 16:46:21.678 D/HwUidTcpMonitor(  657): parseWlanUidTcpStatistics lastUidTcpStatInfo = [ mUid = 11423 mPacketName = com.excelliance.dualaid mSendSegs = 28977 mResendSegs = 7 mRcvSegs = 37980 ]
06-24 16:46:21.678 D/HwWifiConnectivityMonitor(  657): handleTopUidInternetStatusChanged, uid = 11423, status = 0
06-24 16:46:21.678 D/StatisticsManager(26518): Query time diff:1529829981678
06-24 16:46:21.678 D/HwUidTcpMonitor(  657): parseWlanUidTcpStatistics lastUidTcpStatInfo = [ mUid = 10093 mPacketName = com.android.vending mSendSegs = 3931 mResendSegs = 2775 mRcvSegs = 256 ]
06-24 16:46:21.678 D/HwUidTcpMonitor(  657): parseWlanUidTcpStatistics lastUidTcpStatInfo = [ mUid = 10300 mPacketName = com.tencent.mm mSendSegs = 2116 mResendSegs = 0 mRcvSegs = 1953 ]
06-24 16:46:21.679 D/HuaweiWifiWatchdogStateMachine(  657): dumpTcpResult: len=10,rtt=208,rttPkt=12,rttWn=0,cgt=16,cgtWn=9901096
06-24 16:46:21.679 I/HuaweiWifiWatchdogStateMachine(  657): PTcp RTT:208, rtt pkt=12, tcp_rx=21, tcp_tx=38, tcp_reTran=1, rtRate=0.03
06-24 16:46:21.679 D/HuaweiWifiWatchdogStateMachine(  657): isRttGood is good, AvgRtt = 208, TotPkt = 12
06-24 16:46:21.679 D/HuaweiWifiWatchdogStateMachine(  657): mRssiBadCount =0, RSSI not bad.
06-24 16:46:21.679 D/HuaweiWifiWatchdogStateMachine(  657): detectNetworkAvailable:hw.wifipro.dns_fail_count = 66
06-24 16:46:21.679 D/HuaweiWifiWatchdogStateMachine(  657): detectNetworkAvailable: tcpRxPkts != 0, reset
06-24 16:46:21.679 I/HuaweiWifiWatchdogStateMachine(  657): rs ota tcp lr rttvb bad: false, false, false, false, false; rsth:-75
06-24 16:46:21.679 D/HuaweiWifiWatchdogStateMachine(  657): GSC:0, GSR:1.0, RSR:1.0, RTH:-75
06-24 16:46:21.679 I/HuaweiWifiWatchdogStateMachine(  657): judge good link######, goodLinkLevel=3
06-24 16:46:21.679 I/HuaweiWifiWatchdogStateMachine(  657): sendResultMsgToQM bssid:f2:9f:**:**:8f:43, qoslevel=3
06-24 16:46:21.679 I/HuaweiWifiWatchdogStateMachine(  657): link good reported, good base rssi:-44
06-24 16:46:21.679 D/HuaweiWifiWatchdogStateMachine(  657): goodperiod count=0, rb rttg sg =false, true, false
06-24 16:46:21.679 D/WiFi_PRO_WifiProStateMachine(  657): onNetworkQosChange, currentWifiLevel == 3, wifiNoInternet = false, updateUiOnly = true
06-24 16:46:21.679 D/HuaweiWifiWatchdogStateMachine(  657): bqeLevel = 3 rtt=208,rtt_pkts=12 speed=93 rssi=-45
06-24 16:46:21.679 D/HuaweiWifiWatchdogStateMachine(  657): Enter updateQoeLevel level = 3
06-24 16:46:21.679 D/HuaweiWifiWatchdogStateMachine(  657): updateQoeLevel current level equal to mLastDetectLevel, return
06-24 16:46:21.679 I/HuaweiWifiWatchdogStateMachine(  657):  pkt chk not bad, reset sc to 0.
06-24 16:46:21.679 D/HuaweiWifiWatchdogStateMachine(  657): ### mPktChkBadCnt=0
06-24 16:46:21.680 I/zygote  (26493): Do partial code cache collection, code=27KB, data=27KB
06-24 16:46:21.680 I/zygote  (26493): After code cache collection, code=27KB, data=27KB
06-24 16:46:21.680 I/zygote  (26493): Increasing code cache capacity to 128KB
06-24 16:46:21.685 D/StatisticsManager(26518): Query time diff:1529829981685
06-24 16:46:21.704 D/AirPushDBHelper(26518): onCreate: pushitemnew
06-24 16:46:21.706 D/AirPushDBHelper(26518): selection = type=? and index_=(select max(index_) from pushitemnew where type=?) , key = vip
06-24 16:46:21.706 D/AirPushDBHelper(26518): selection = type=? and index_=(select max(index_) from pushitemnew where type=?) , key = update
06-24 16:46:21.706 D/AirPushDBHelper(26518): selection = type=? and index_=(select max(index_) from pushitemnew where type=?) , key = officalActivity
06-24 16:46:21.706 D/AirPushDBHelper(26518): selection = type=? and index_=(select max(index_) from pushitemnew where type=?) , key = news
06-24 16:46:21.707 D/AirPushDBHelper(26518): selection = type=? and index_=(select max(index_) from pushitemnew where type=?) , key = target
06-24 16:46:21.707 D/AirPushDBHelper(26518): selection = type=? and index_=(select max(index_) from pushitemnew where type=?) , key = batch
06-24 16:46:21.707 D/AirPushDBHelper(26518): selection = type=? and index_=(select max(index_) from pushitemnew where type=?) , key = skipTarget
06-24 16:46:21.707 D/AirPushDBHelper(26518): selection = type=? and index_=(select max(index_) from pushitemnew where type=?) , key = thirdApp
06-24 16:46:21.707 D/PushItem(26518): indexJson = {}
06-24 16:46:21.707 D/AirPushService(26518): dataJson = {}
06-24 16:46:21.707 V/AirPushService(26518): ver :e30%3D%0A
06-24 16:46:21.708 D/VersionManager(26518): httpsRequest getURL = https://mto.multiopen.cn/pushmess.php?ver=466&mainver=231200&data=e30%3D%0A&wxCode=1321&subchid=1&sdkV=8.0.0&pkg=com.excelliance.dualaid&chid=10019&issl=1&compver=54302&wxVerName=6.6.7&vn=4.0.6&model=stf-al10&api=26&brand=honor&aid=f0c2426fc7560cf5
06-24 16:46:21.708 D/NetworkSecurityConfig(26518): No Network Security Config specified, using platform default
06-24 16:46:21.733 D/GameUtil(26518): getSDKDataParam totalmem:5.60GB
06-24 16:46:21.744 W/X509TrustManager(26518): checkServerTrusted: SignatureException:null
06-24 16:46:21.744 W/X509TrustManager(26518): checkServerTrusted: SignatureException:error:04000073:RSA routines:OPENSSL_internal:DATA_TOO_LARGE_FOR_MODULUS
06-24 16:46:21.758 D/VersionManager(26518): httpsRequest getURL = https://folder.appota.cn/genuser.php?chid=10019&subchid=1&vc=466&type=4&data=tbCbI6ooWmOSi%2BhP8At3K55rUDjOXjUCTTE1Q7OqeVGzpiL1Dx8z2UKsv%2F2w066OKzL65VOc%2FHNVNculXvpkfbOlpWKAPUf5ryVSFynVNa8UucDwm5e36rJ6e2Kpu%2B5ykc4DARTfkZV4Ad5N96d4%2BjApQCWZuWchybogtHpbAp5JGb2oE4RYpIUqF8au1pxTSmwBdD5PozvBfX2%2Bj4RIW8u13M8ksM63bQoy2eR4WdDx%2BqZexoey63Hms3xqJyQkd3PFvljbOMDFV5%2BIsI0F%2B0cTu0Poz37kp440m4BdEnDxUpl%2F2SWQiyGENywr4rII2GFixGV6F3FTP2B6Iz%2Bp9XPgTT1Q8jOobYd0%2B7qf7bpZ2AyYZuCae%2FN%2FDrbd9ARIKpXrBwZ7SdplMO1nzphjQUqGRQMAlrO9Oa0Du6EV17%2FgN7YtgBzuJRHbP0GgVSdnIEYbOUnjg9adLEk2nhpRcwGYdX7bJ5%2FC%2FGVy8QMvFO%2FVJ5uAYH82VV6bvSarVkuFeotJT4yadRHbDkYGgVZfCDPVS%2FOPcQttSZtkoN3AjIdEC3B%2BjPtytpdTQYFvI9Ol&issl=1
06-24 16:46:21.760 W/libc    (  493): Set property "hw.wifi.dns_stat" to "41706,36697,5028,1,53486"
06-24 16:46:21.777 D/PMS1000 (  657): package:com.excelliance.dualaid, input flags:1024, output hwFlags:0
06-24 16:46:21.777 I/ActivityManager(  657): Need to start process com.excelliance.dualaid:lbcore for provider ContentProviderInfo{name=com.excelliance.dualaid:com.excelliance.kxqp.platform.PluginManagerProvider className=com.excelliance.kxqp.platform.PluginManagerProvider}, callerApp: ProcessRecord{668a6d8 26518:com.excelliance.dualaid/u0a1423}
06-24 16:46:21.777 V/ActivityManager(  657): startProcess: name=com.excelliance.dualaid:lbcore app=null knownToBeDead=false thread=null pid=-1
06-24 16:46:21.777 D/PMS1000 (  657): package:com.excelliance.dualaid, input flags:0, output hwFlags:0
06-24 16:46:21.786 D/AirPushService(26518): result = {"period":"r","vip":{"index_":"","data":""},"update":{"index_":"","data":""},"officalActivity":{"index_":"","data":""},"news":{"index_":"","data":""},"target":{"index_":"","data":""},"batch":{"index_":"","data":""},"skipTarget":{"index_":"","data":""},"thirdApp":{"index_":"","data":""}}
06-24 16:46:21.787 D/AirPushService(26518): handleCheckerSaveToDB
06-24 16:46:21.787 D/AirPushUtils(26518): startDbOver
06-24 16:46:21.787 I/ActivityManager(  657): Start proc 26625:com.excelliance.dualaid:lbcore/u0a1423 for content provider com.excelliance.dualaid/com.excelliance.kxqp.platform.PluginManagerProvider
06-24 16:46:21.788 V/ActivityManager_MU(  657): Waiting to start provider ContentProviderRecord{d95514d u0 com.excelliance.dualaid/com.excelliance.kxqp.platform.PluginManagerProvider} launchingApp=ProcessRecord{a768e4 26625:com.excelliance.dualaid:lbcore/u0a1423} caller pid= 26518
06-24 16:46:21.788 I/        (26625): power log dlsym ok
06-24 16:46:21.790 D/SmtServService(26518): db write over
06-24 16:46:21.790 I/zygote  (26625): Reinit property: dalvik.vm.checkjni= false
06-24 16:46:21.791 D/SmtServService(26518): gameCenterFirstStart = true
06-24 16:46:21.795 W/X509TrustManager(26518): checkServerTrusted: SignatureException:null
06-24 16:46:21.796 W/X509TrustManager(26518): checkServerTrusted: SignatureException:error:04000073:RSA routines:OPENSSL_internal:DATA_TOO_LARGE_FOR_MODULUS
06-24 16:46:21.797 D/ActivityThread(26625): ActivityThread,attachApplication
06-24 16:46:21.798 D/ActivityManager(  657): ActivityManagerService,attachApplication,callingPid = 26625
06-24 16:46:21.802 W//system/bin/hwservicemanager(  416): Cannot open /odm/manifest.xml
06-24 16:46:21.811 W//system/bin/hwservicemanager(  416): Cannot open /odm/manifest.xml
06-24 16:46:21.811 I/GRALLOC (  679): 	 shrFd=10,fmt=0x1,intFmt=0x1,btStrd=256,size=4096,pid=679 
06-24 16:46:21.811 I/GRALLOC (  679): 	 yuv=2,w=16,h=16,Stride u=0 v=0,offset u=0 v=0 
06-24 16:46:21.811 I/GRALLOC (  679): 	 iova_size=4096,conUsg=0x100,proUsg=0x100,	 strd=64,[afbc]HdrStrd=0 PyldStrd=0 Scrmbl=0,ionhnd = 1 
06-24 16:46:21.813 D/HwFLClassLoader(26625): get used feature list :/feature/used-list failed!
06-24 16:46:21.813 D/HwFLClassLoader(26625): USE_FEATURE_LIST had not init! 
06-24 16:46:21.828 D/PMS11423(  657): package:com.excelliance.dualaid, input flags:128, output hwFlags:0
06-24 16:46:21.860 D/VersionManager(26518): uid=353
06-24 16:46:21.872 D/launch-time-RU(26625): preload 24 classes cost 15ms
06-24 16:46:21.904 D/ActivityThread(26625): Loading provider com.excelliance.dualaid:com.excelliance.kxqp.platform.PluginManagerProvider: com.excelliance.kxqp.platform.PluginManagerProvider
06-24 16:46:21.904 D/PMS11423(  657): package:com.excelliance.dualaid, input flags:0, output hwFlags:0
06-24 16:46:21.914 D/PMS1000 (  657): package:com.excelliance.dualaid, input flags:8192, output hwFlags:0
06-24 16:46:21.917 D/PMS1001 (  657): package:com.excelliance.dualaid, input flags:0, output hwFlags:0
06-24 16:46:21.923 D/PMS11423(  657): package:com.excelliance.dualaid, input flags:0, output hwFlags:0
06-24 16:46:21.925 D/PMS11423(  657): package:com.excelliance.dualaid:lbcore, input flags:0, output is null
06-24 16:46:21.926 I/Bluetooth_framework(  657): BluetoothManagerService:Added callback: android.bluetooth.IBluetoothManagerCallback$Stub$Proxy@be42f50:true pid = 26625
06-24 16:46:21.929 D/PMS11423(  657): package:com.excelliance.dualaid, input flags:128, output hwFlags:0
06-24 16:46:21.944 I/LBVMD-LBPMS(26625): LBVMRT: version 54302:543.02
06-24 16:46:21.945 E/zygote  (26625): Invalid capacity given to EnsureLocalCapacity: 800
06-24 16:46:21.958 I/HwCust  (26625): Constructor found for class android.net.HwCustConnectivityManagerImpl
06-24 16:46:21.958 D/HwCust  (26625): Create obj success use class android.net.HwCustConnectivityManagerImpl
06-24 16:46:21.964 D/PMS11423(  657): package:com.excelliance.dualaid, input flags:0, output hwFlags:0
06-24 16:46:21.973 D/PMS11423(  657): package:com.excelliance.dualaid, input flags:0, output hwFlags:0
06-24 16:46:21.974 D/HwArpVerifier(  657): performPollAndLog:
06-24 16:46:21.975 V/ActivityManager(  657): Successfully start provider ContentProviderRecord{d95514d u0 com.excelliance.dualaid/com.excelliance.kxqp.platform.PluginManagerProvider} launchingApp=ProcessRecord{a768e4 26625:com.excelliance.dualaid:lbcore/u0a1423} caller pid= 26518
06-24 16:46:21.975 E/MemoryLeakMonitorManager(26625): MemoryLeakMonitor.jar is not exist!
06-24 16:46:21.976 D/KXQPApplication(26625): run: initUserManager
06-24 16:46:21.976 E/MemoryLeakMonitorManager(26625): MemoryLeakMonitor.jar is not exist!
06-24 16:46:21.977 E/Minikin (26625): Could not get cmap table size!
06-24 16:46:21.978 D/PMS11423(  657): package:com.excelliance.dualaid, input flags:128, output hwFlags:0
06-24 16:46:21.978 D/hw_netstat(  657): total/12925/4408,com.excelliance.dualaid/11905/3724,com.tencent.mm/480/624,unknown:0/540/0,com.android.vending/0/60
06-24 16:46:21.981 E/MemoryLeakMonitorManager(26518): MemoryLeakMonitor.jar is not exist!
06-24 16:46:21.982 V/ActivityManager(  657): Attempted to start a foreground service (ComponentInfo{com.excelliance.dualaid/com.excelliance.kxqp.platform.TrampolineService}) with a broken notification (no icon: Notification(channel=null pri=0 contentView=null vibrate=null sound=null defaults=0x0 flags=0x40 color=0x00000000 vis=PRIVATE))
06-24 16:46:21.982 D/SmtServService(26518): MSG_LOAD_PLT after msg.obj
06-24 16:46:21.983 V/HwWidgetFactory(26625): : successes to get AllImpl object and return....
06-24 16:46:21.985 I/Pged-IPgedBinderService(  769): ****action is 2, pid num is 7***
06-24 16:46:21.985 I/Pged-Freezer(  769): thawPids
06-24 16:46:21.986 E/zygote  (26625): Invalid capacity given to EnsureLocalCapacity: 592
06-24 16:46:21.989 D/PgedBinderAdapter( 1699): unfrz ok, pid: [29457, 19894, 29531, 14942, 15544, 24379]
06-24 16:46:21.989 I/appium  (24379): Null child 1/5, parent: android.view.accessibility.AccessibilityNodeInfo@25b47; boundsInParent: Rect(0, 0 - 1080, 394); boundsInScreen: Rect(0, 660 - 1080, 1054); packageName: com.excelliance.dualaid; className: android.widget.LinearLayout; text: null; error: null; maxTextLength: -1; contentDescription: null; viewIdResName: com.excelliance.dualaid:id/ll_vip; checkable: false; checked: false; focusable: false; focused: false; selected: false; clickable: false; longClickable: false; contextClickable: false; enabled: true; password: false; scrollable: false; importantForAccessibility: false; actions: [AccessibilityAction: ACTION_SELECT - null, AccessibilityAction: ACTION_CLEAR_SELECTION - null, AccessibilityAction: ACTION_ACCESSIBILITY_FOCUS - null, AccessibilityAction: ACTION_SHOW_ON_SCREEN - null]
06-24 16:46:21.993 I/appium  (24379): Null child 2/5, parent: android.view.accessibility.AccessibilityNodeInfo@25b47; boundsInParent: Rect(0, 0 - 1080, 394); boundsInScreen: Rect(0, 660 - 1080, 1054); packageName: com.excelliance.dualaid; className: android.widget.LinearLayout; text: null; error: null; maxTextLength: -1; contentDescription: null; viewIdResName: com.excelliance.dualaid:id/ll_vip; checkable: false; checked: false; focusable: false; focused: false; selected: false; clickable: false; longClickable: false; contextClickable: false; enabled: true; password: false; scrollable: false; importantForAccessibility: false; actions: [AccessibilityAction: ACTION_SELECT - null, AccessibilityAction: ACTION_CLEAR_SELECTION - null, AccessibilityAction: ACTION_ACCESSIBILITY_FOCUS - null, AccessibilityAction: ACTION_SHOW_ON_SCREEN - null]
06-24 16:46:21.993 W/PackageParser(26625): No actions in intent filter at /data/app/com.huawei.hwid-Sc7ADDdoDYIYREll7tj_iw==/base.apk Binary XML file line #1412
06-24 16:46:21.993 I/appium  (24379): Null child 3/5, parent: android.view.accessibility.AccessibilityNodeInfo@25b47; boundsInParent: Rect(0, 0 - 1080, 394); boundsInScreen: Rect(0, 660 - 1080, 1054); packageName: com.excelliance.dualaid; className: android.widget.LinearLayout; text: null; error: null; maxTextLength: -1; contentDescription: null; viewIdResName: com.excelliance.dualaid:id/ll_vip; checkable: false; checked: false; focusable: false; focused: false; selected: false; clickable: false; longClickable: false; contextClickable: false; enabled: true; password: false; scrollable: false; importantForAccessibility: false; actions: [AccessibilityAction: ACTION_SELECT - null, AccessibilityAction: ACTION_CLEAR_SELECTION - null, AccessibilityAction: ACTION_ACCESSIBILITY_FOCUS - null, AccessibilityAction: ACTION_SHOW_ON_SCREEN - null]
06-24 16:46:21.994 I/appium  (24379): Null child 4/5, parent: android.view.accessibility.AccessibilityNodeInfo@25b47; boundsInParent: Rect(0, 0 - 1080, 394); boundsInScreen: Rect(0, 660 - 1080, 1054); packageName: com.excelliance.dualaid; className: android.widget.LinearLayout; text: null; error: null; maxTextLength: -1; contentDescription: null; viewIdResName: com.excelliance.dualaid:id/ll_vip; checkable: false; checked: false; focusable: false; focused: false; selected: false; clickable: false; longClickable: false; contextClickable: false; enabled: true; password: false; scrollable: false; importantForAccessibility: false; actions: [AccessibilityAction: ACTION_SELECT - null, AccessibilityAction: ACTION_CLEAR_SELECTION - null, AccessibilityAction: ACTION_ACCESSIBILITY_FOCUS - null, AccessibilityAction: ACTION_SHOW_ON_SCREEN - null]
06-24 16:46:21.994 I/appium  (24379): Null child 2/5, parent: android.view.accessibility.AccessibilityNodeInfo@253c5; boundsInParent: Rect(0, 0 - 1080, 1873); boundsInScreen: Rect(0, 240 - 1080, 1920); packageName: com.excelliance.dualaid; className: android.widget.LinearLayout; text: null; error: null; maxTextLength: -1; contentDescription: null; viewIdResName: null; checkable: false; checked: false; focusable: false; focused: false; selected: false; clickable: false; longClickable: false; contextClickable: false; enabled: true; password: false; scrollable: false; importantForAccessibility: false; actions: [AccessibilityAction: ACTION_SELECT - null, AccessibilityAction: ACTION_CLEAR_SELECTION - null, AccessibilityAction: ACTION_ACCESSIBILITY_FOCUS - null, AccessibilityAction: ACTION_SHOW_ON_SCREEN - null]
06-24 16:46:21.994 I/appium  (24379): Null child 3/5, parent: android.view.accessibility.AccessibilityNodeInfo@253c5; boundsInParent: Rect(0, 0 - 1080, 1873); boundsInScreen: Rect(0, 240 - 1080, 1920); packageName: com.excelliance.dualaid; className: android.widget.LinearLayout; text: null; error: null; maxTextLength: -1; contentDescription: null; viewIdResName: null; checkable: false; checked: false; focusable: false; focused: false; selected: false; clickable: false; longClickable: false; contextClickable: false; enabled: true; password: false; scrollable: false; importantForAccessibility: false; actions: [AccessibilityAction: ACTION_SELECT - null, AccessibilityAction: ACTION_CLEAR_SELECTION - null, AccessibilityAction: ACTION_ACCESSIBILITY_FOCUS - null, AccessibilityAction: ACTION_SHOW_ON_SCREEN - null]
06-24 16:46:21.994 I/appium  (24379): Null child 4/5, parent: android.view.accessibility.AccessibilityNodeInfo@253c5; boundsInParent: Rect(0, 0 - 1080, 1873); boundsInScreen: Rect(0, 240 - 1080, 1920); packageName: com.excelliance.dualaid; className: android.widget.LinearLayout; text: null; error: null; maxTextLength: -1; contentDescription: null; viewIdResName: null; checkable: false; checked: false; focusable: false; focused: false; selected: false; clickable: false; longClickable: false; contextClickable: false; enabled: true; password: false; scrollable: false; importantForAccessibility: false; actions: [AccessibilityAction: ACTION_SELECT - null, AccessibilityAction: ACTION_CLEAR_SELECTION - null, AccessibilityAction: ACTION_ACCESSIBILITY_FOCUS - null, AccessibilityAction: ACTION_SHOW_ON_SCREEN - null]
06-24 16:46:21.994 I/appium  (24379): Null child 1/2, parent: android.view.accessibility.AccessibilityNodeInfo@80007345; boundsInParent: Rect(0, 0 - 1080, 1920); boundsInScreen: Rect(0, 0 - 1080, 1920); packageName: com.excelliance.dualaid; className: android.widget.FrameLayout; text: null; error: null; maxTextLength: -1; contentDescription: null; viewIdResName: null; checkable: false; checked: false; focusable: false; focused: false; selected: false; clickable: false; longClickable: false; contextClickable: false; enabled: true; password: false; scrollable: false; importantForAccessibility: true; actions: [AccessibilityAction: ACTION_SELECT - null, AccessibilityAction: ACTION_CLEAR_SELECTION - null, AccessibilityAction: ACTION_ACCESSIBILITY_FOCUS - null, AccessibilityAction: ACTION_SHOW_ON_SCREEN - null]
06-24 16:46:21.994 I/appium  (24379): Fetch time: 5165ms
06-24 16:46:21.995 W/PackageParser(26625): No actions in intent filter at /data/app/com.huawei.hwid-Sc7ADDdoDYIYREll7tj_iw==/base.apk Binary XML file line #1680
06-24 16:46:21.995 W/PackageParser(26625): No actions in intent filter at /data/app/com.huawei.hwid-Sc7ADDdoDYIYREll7tj_iw==/base.apk Binary XML file line #1694
06-24 16:46:21.999 I/appium  (24379): AppiumResponse: {"sessionId":"12d3f873-0ea4-4775-928a-9964d13dcd6c","status":0,"value":"<?xml version=\"1.0\" encoding=\"UTF-8\"?><hierarchy rotation=\"0\"><android.widget.FrameLayout index=\"0\" text=\"\" class=\"android.widget.FrameLayout\" package=\"com.excelliance.dualaid\" content-desc=\"\" checkable=\"false\" checked=\"false\" clickable=\"false\" enabled=\"true\" focusable=\"false\" focused=\"false\" scrollable=\"false\" long-clickable=\"false\" password=\"false\" selected=\"false\" bounds=\"[0,0][1080,1920]\" resource-id=\"\" instance=\"0\"><android.widget.LinearLayout index=\"0\" text=\"\" class=\"android.widget.LinearLayout\" package=\"com.excelliance.dualaid\" content-desc=\"\" checkable=\"false\" checked=\"false\" clickable=\"false\" enabled=\"true\" focusable=\"false\" focused=\"false\" scrollable=\"false\" long-clickable=\"false\" password=\"false\" selected=\"false\" bounds=\"[0,0][1080,1920]\" resource-id=\"\" instance=\"0\"><android.widget.FrameLayout index=\"0\" text=\"\" class=\"android.widget.FrameLayout\" package=\"com.excelliance.dualaid\" content-desc=\"\" checkable=\"false\" checked=\"false\" clickable=\"false\" enabled=\"true\" focusable=\"false\" focused=\"false\" scrollable=\"false\" long-clickable=\"false\" password=\"false\" selected=\"false\" bounds=\"[0,72][1080,1920]\" resource-id=\"android:id\/content\" instance=\"1\"><android.widget.LinearLayout index=\"0\" text=\"\" class=\"android.widget.LinearLayout\" package=\"com.excelliance.dualaid\" content-desc=\"\" checkable=\"false\" checked=\"false\" clickable=\"false\" enabled=\"true\" focusable=\"false\" focused=\"false\" scrollable=\"false\" long-clickable=\"false\" password=\"false\" selected=\"false\" bounds=\"[0,72][1080,1920]\" resource-id=\"\" instance=\"1\"><android.widget.RelativeLayout index=\"0\" text=\"\" class=\"android.widget.RelativeLayout\" package=\"com.excelliance.dualaid\" content-desc=\"\" checkable=\"false\" checked=\"false\" clickable=\"false\" enabled=\"true\" focusable=\"false\" focused=\"false\" scrollable=\"false\" long-clickable=\"false\" password=\"false\" selected=\"false\" bounds=\"[0,72][1080,240]\" resource-id=\"com.excelliance.dualaid:id\/top\" instance=\"0\"><android.widget.ImageView NAF=\"true\" index=\"0\" text=\"\" class=\"android.widget.ImageView\" package=\"com.excelliance.dualaid\" content-desc=\"\" checkable=\"false\" checked=\"false\" clickable=\"true\" enabled=\"true\" focusable=\"true\" focused=\"false\" scrollable=\"false\" long-clickable=\"false\" password=\"false\" selected=\"false\" bounds=\"[0,105][144,207]\" resource-id=\"com.excelliance.dualaid:id\/iv_back\" instance=\"0\"\/><android.widget.TextView index=\"1\" text=\"个人中心\" class=\"android.widget.TextView\" package=\"com.excelliance.dualaid\" content-desc=\"\" checkable=\"false\" checked=\"false\" clickable=\"false\" enabled=\"true\" focusable=\"false\" focused=\"false\" scrollable=\"false\" long-clickable=\"false\" password=\"false\" selected=\"false\" bounds=\"[420,72][660,240]\" resource-id=\"com.excelliance.dualaid:id\/title\" instance=\"0\"\/><android.widget.FrameLayout NAF=\"true\" index=\"2\" text=\"\" class=\"android.widget.FrameLayout\" package=\"com.excelliance.dualaid\" content-desc=\"\" checkable=\"false\" checked=\"false\" clickable=\"true\" enabled=\"true\" focusable=\"true\" focused=\"false\" scrollable=\"false\" long-clickable=\"false\" password=\"false\" selected=\"false\" bounds=\"[960,72][1080,240]\" resource-id=\"com.excelliance.dualaid:id\/rl_notification_center\" instance=\"2\"><android.widget.ImageView index=\"0\" text=\"\" class=\"android.widget.ImageView\" package=\"com.excelliance.dualaid\" content-desc=\"\" checkable=\"false\" checked=\"false\" clickable=\"false\" enabled=\"true\" focusable=\"false\" focused=\"false\" scrollable=\"false\" long-clickable=\"false\" password=\"false\" selected=\"false\" bounds=\"[960,72][1080,240]\" resource-id=\"com.excelliance.dualaid:id\/iv_notification_center\" instance=\"1\"\/><\/android.widget.FrameLayout><\/android.widget.RelativeLayo
06-24 16:46:22.000 I/zygote64(  657): Background concurrent copying GC freed 27979(2MB) AllocSpace objects, 68(30MB) LOS objects, 28% free, 59MB/83MB, paused 598us total 153.901ms
06-24 16:46:22.010 I/appium  (24379): channel read invoked!
06-24 16:46:22.010 I/appium  (24379): channel read: GET /wd/hub/session/12d3f873-0ea4-4775-928a-9964d13dcd6c/source
06-24 16:46:22.012 D/HwNotificationManagerService(  657): recognize: tag=null, id=268435456, user=UserHandle{0}, pkg=com.excelliance.dualaid, uid=11423, callingPid=26625
06-24 16:46:22.012 D/PMS1000 (  657): package:com.excelliance.dualaid, input flags:0, output hwFlags:0
06-24 16:46:22.013 I/[HwRecSys]HwRecSysAidlService( 2647): doNotificationCollect -> current num:1
06-24 16:46:22.013 I/[HwRecSys]-Notification-NotificationUpdateController( 2647): startNotificationUpdate start!
06-24 16:46:22.013 W/SettingsEx( 2647): SettingsEx.Systemex.getInt deprecated use Settings.System.getInt instead ;callers=com.huawei.recsys.util.SystemUtil.getNotificationUpdateMode:169 com.huawei.recsys.util.SystemUtil.isAllowUpdate:104 com.huawei.recsys.controller.notification.http.NotificationUpdateController.startNotificationUpdate:85 
06-24 16:46:22.013 I/[HwRecSys]SystemUtil( 2647): isAllowUpdate mode:1
06-24 16:46:22.014 I/[HwRecSys]SystemUtil( 2647): isAllowUpdate isAllowUpdate:true
06-24 16:46:22.014 I/[HwRecSys]-Notification-NotificationUpdateController( 2647):  -> currentYear:2018
06-24 16:46:22.014 I/[HwRecSys]-Notification-NotificationUpdateController( 2647):  -> currentMonth:5
06-24 16:46:22.014 I/[HwRecSys]-Notification-NotificationUpdateController( 2647):  -> currentDay:24
06-24 16:46:22.014 I/[HwRecSys]-Notification-NotificationUpdateController( 2647):  -> oldYear:2018
06-24 16:46:22.014 I/[HwRecSys]-Notification-NotificationUpdateController( 2647):  -> oldMonth:5
06-24 16:46:22.014 I/[HwRecSys]-Notification-NotificationUpdateController( 2647):  -> oldDay:24
06-24 16:46:22.014 E/[HwRecSys]-Notification-NotificationUpdateController( 2647): startNotificationUpdate time is valid no need request
06-24 16:46:22.014 I/[HwRecSys]-Notification-NotificationController( 2647): doNotificationCollect start!
06-24 16:46:22.014 E/[HwRecSys]-Notification-NotificationController( 2647): HwDefaultLabels returnStr:107
06-24 16:46:22.015 E/[HwRecSys]-Notification-NotificationController( 2647): getChinese paramValue is null!
06-24 16:46:22.016 E/[HwRecSys]-Notification-NotificationController( 2647): doNotificationCollect getLabelByRegRules label:107
06-24 16:46:22.016 I/[HwRecSys]HwRecSysAidlService( 2647): doNotificationCollect ->  finally remote Num - 1 !
06-24 16:46:22.016 I/HwNotificationManagerService(  657): doNotificationCollect: pkg=com.excelliance.dualaid, uid=11423, hw_type=107, hw_btw=true
06-24 16:46:22.016 D/PMS1000 (  657): package:com.excelliance.dualaid, input flags:268435456, output hwFlags:0
06-24 16:46:22.016 D/PMS1000 (  657): package:com.excelliance.dualaid, input flags:0, output hwFlags:0
06-24 16:46:22.016 W/NotificationRecord(  657): Use default channel, The importance is:2
06-24 16:46:22.016 V/ActivityManager(  657): Attempted to start a foreground service (ComponentInfo{com.excelliance.dualaid/com.excelliance.kxqp.platform.TrampolineService$EmptyService}) with a broken notification (no icon: Notification(channel=null pri=0 contentView=null vibrate=null sound=null defaults=0x0 flags=0x40 color=0x00000000 vis=PRIVATE))
06-24 16:46:22.022 D/NotificationService(  657): mGameDndStatus is:false ,isGameDndSwitchOn is:false
06-24 16:46:22.023 D/HwNotificationManagerService(  657): recognize: tag=null, id=268435456, user=UserHandle{0}, pkg=com.excelliance.dualaid, uid=11423, callingPid=26625
06-24 16:46:22.023 D/PMS1000 (  657): package:com.excelliance.dualaid, input flags:0, output hwFlags:0
06-24 16:46:22.024 I/[HwRecSys]HwRecSysAidlService( 2647): doNotificationCollect -> current num:1
06-24 16:46:22.024 I/[HwRecSys]-Notification-NotificationUpdateController( 2647): startNotificationUpdate start!
06-24 16:46:22.024 W/SettingsEx( 2647): SettingsEx.Systemex.getInt deprecated use Settings.System.getInt instead ;callers=com.huawei.recsys.util.SystemUtil.getNotificationUpdateMode:169 com.huawei.recsys.util.SystemUtil.isAllowUpdate:104 com.huawei.recsys.controller.notification.http.NotificationUpdateController.startNotificationUpdate:85 
06-24 16:46:22.024 I/[HwRecSys]SystemUtil( 2647): isAllowUpdate mode:1
06-24 16:46:22.025 I/[HwRecSys]SystemUtil( 2647): isAllowUpdate isAllowUpdate:true
06-24 16:46:22.025 I/[HwRecSys]-Notification-NotificationUpdateController( 2647):  -> currentYear:2018
06-24 16:46:22.025 I/[HwRecSys]-Notification-NotificationUpdateController( 2647):  -> currentMonth:5
06-24 16:46:22.025 I/[HwRecSys]-Notification-NotificationUpdateController( 2647):  -> currentDay:24
06-24 16:46:22.025 I/[HwRecSys]-Notification-NotificationUpdateController( 2647):  -> oldYear:2018
06-24 16:46:22.025 I/[HwRecSys]-Notification-NotificationUpdateController( 2647):  -> oldMonth:5
06-24 16:46:22.025 I/[HwRecSys]-Notification-NotificationUpdateController( 2647):  -> oldDay:24
06-24 16:46:22.025 E/[HwRecSys]-Notification-NotificationUpdateController( 2647): startNotificationUpdate time is valid no need request
06-24 16:46:22.025 I/[HwRecSys]-Notification-NotificationController( 2647): doNotificationCollect start!
06-24 16:46:22.025 E/[HwRecSys]-Notification-NotificationController( 2647): HwDefaultLabels returnStr:107
06-24 16:46:22.026 E/[HwRecSys]-Notification-NotificationController( 2647): getChinese paramValue is null!
06-24 16:46:22.026 I/AppManager( 1699): app:com.excelliance.dualaid Notification update time:112720875
06-24 16:46:22.026 I/AppManager( 1699): app:com.excelliance.dualaid Notification persist:true  Ids:[268435456]
06-24 16:46:22.027 E/[HwRecSys]-Notification-NotificationController( 2647): doNotificationCollect getLabelByRegRules label:107
06-24 16:46:22.027 I/[HwRecSys]HwRecSysAidlService( 2647): doNotificationCollect ->  finally remote Num - 1 !
06-24 16:46:22.027 I/HwNotificationManagerService(  657): doNotificationCollect: pkg=com.excelliance.dualaid, uid=11423, hw_type=107, hw_btw=true
06-24 16:46:22.027 D/PMS1000 (  657): package:com.excelliance.dualaid, input flags:268435456, output hwFlags:0
06-24 16:46:22.027 D/PMS1000 (  657): package:com.excelliance.dualaid, input flags:0, output hwFlags:0
06-24 16:46:22.027 W/NotificationRecord(  657): Use default channel, The importance is:2
06-24 16:46:22.040 D/NotificationService(  657): mGameDndStatus is:false ,isGameDndSwitchOn is:false
06-24 16:46:22.045 W/zygote  (26625): Throwing OutOfMemoryError "EnsureLocalCapacity"
06-24 16:46:22.051 W/IPMSI   (26625): request permission: com.huawei.permission.sec.MDM.v2
06-24 16:46:22.051 W/IPMSI   (26625): request permission: com.huawei.authentication.HW_ACCESS_AUTH_SERVICE
06-24 16:46:22.051 W/IPMSI   (26625): request permission: com.huawei.appmarket.provider.readPermission
06-24 16:46:22.051 W/IPMSI   (26625): request permission: com.huawei.pushagent.permission.RICHMEDIA_PROVIDER
06-24 16:46:22.051 D/PMS10039(  657): package:com.excelliance.dualaid, input flags:1024, output hwFlags:0
06-24 16:46:22.073 D/PMS10039(  657): package:com.android.systemui, input flags:268436480, output hwFlags:0
06-24 16:46:22.077 D/HwCust  ( 1513): Create obj success use class com.android.systemui.statusbar.notification.HwCustNotificationInflaterImpl
06-24 16:46:22.079 I/FakeShadowView( 1513): radius18
06-24 16:46:22.080 D/PMS10039(  657): package:com.excelliance.dualaid, input flags:8704, output hwFlags:0
06-24 16:46:22.081 D/PMS10039(  657): package:com.excelliance.dualaid, input flags:8192, output hwFlags:0
06-24 16:46:22.083 W/HwPhoneLayoutInflater( 1513): onCreateView : ClassNotFoundException, In this case we want to let the base class take a crack at it
06-24 16:46:22.086 I/chatty  ( 1513): uid=10039(u0_a39) com.android.systemui identical 2 lines
06-24 16:46:22.087 W/HwPhoneLayoutInflater( 1513): onCreateView : ClassNotFoundException, In this case we want to let the base class take a crack at it
06-24 16:46:22.088 W/ResourceType( 1513): Failure getting entry for 0x01040255 (t=3 e=597) (error -75)
06-24 16:46:22.092 W/HwPhoneLayoutInflater( 1513): onCreateView : ClassNotFoundException, In this case we want to let the base class take a crack at it
06-24 16:46:22.097 I/chatty  ( 1513): uid=10039(u0_a39) com.android.systemui identical 2 lines
06-24 16:46:22.097 W/HwPhoneLayoutInflater( 1513): onCreateView : ClassNotFoundException, In this case we want to let the base class take a crack at it
06-24 16:46:22.099 W/ResourceType( 1513): Failure getting entry for 0x01040255 (t=3 e=597) (error -75)
06-24 16:46:22.111 W/HwPhoneLayoutInflater( 1513): onCreateView : ClassNotFoundException, In this case we want to let the base class take a crack at it
06-24 16:46:22.116 I/chatty  ( 1513): uid=10039(u0_a39) com.android.systemui identical 2 lines
06-24 16:46:22.117 W/HwPhoneLayoutInflater( 1513): onCreateView : ClassNotFoundException, In this case we want to let the base class take a crack at it
06-24 16:46:22.118 W/ResourceType( 1513): Failure getting entry for 0x01040255 (t=3 e=597) (error -75)
06-24 16:46:22.124 D/SmtServService(26518): MSG_LOAD_PLT GameUtil.isPtLoaded() = true
06-24 16:46:22.127 W/HwPhoneLayoutInflater( 1513): onCreateView : ClassNotFoundException, In this case we want to let the base class take a crack at it
06-24 16:46:22.130 I/chatty  ( 1513): uid=10039(u0_a39) com.android.systemui identical 2 lines
06-24 16:46:22.130 W/HwPhoneLayoutInflater( 1513): onCreateView : ClassNotFoundException, In this case we want to let the base class take a crack at it
06-24 16:46:22.131 W/ResourceType( 1513): Failure getting entry for 0x01040255 (t=3 e=597) (error -75)
06-24 16:46:22.133 D/PMS10039(  657): package:com.excelliance.dualaid, input flags:0, output hwFlags:0
06-24 16:46:22.135 D/HwPhoneStatusBar( 1513): No peeking: not allowed notification: 0|com.excelliance.dualaid|268435456|null|11423
06-24 16:46:22.142 I/PhoneStatusBar( 1513): updateNotificationShade: total=78, active=78
06-24 16:46:22.142 W/PhoneStatusBar( 1513): updateNotificationShade hasFaceDT: false; Detected:false
06-24 16:46:22.144 V/PhoneStatusBar( 1513): mStackScroller size:11,activeCount:78, childCnt:15
06-24 16:46:22.163 D/ReporterUtil( 1513):  e id:344 type:{pkg:com.excelliance.dualaid,hw_type:107,hw_btw:true,onGoing:true,importance:2}
06-24 16:46:22.164 E/BDLog   ( 1686): BD.FilterImpl:com.android.systemui 344 times= 200 over threshold
06-24 16:46:22.164 E/BDLog   ( 1686): BD.FilterImpl:com.android.systemui344 is illLegal
06-24 16:46:22.165 W/HwKeyguardDragHelper( 1513): AnimationBlocked
06-24 16:46:22.173 D/StatusBar( 1513): updateNotification(StatusBarNotification(pkg=com.excelliance.dualaid user=UserHandle{0} id=268435456 tag=null key=0|com.excelliance.dualaid|268435456|null|11423: Notification(channel=null pri=0 contentView=com.excelliance.dualaid/0x1090090 vibrate=null sound=null defaults=0x0 flags=0x62 color=0xff607d8b vis=PRIVATE)))
06-24 16:46:22.178 D/HwPhoneStatusBar( 1513): No peeking: not allowed notification: 0|com.excelliance.dualaid|268435456|null|11423
06-24 16:46:22.178 D/StatusBar( 1513): applyInPlace=true shouldPeek=false alertAgain=true
06-24 16:46:22.178 D/StatusBar( 1513): reusing notification for key: 0|com.excelliance.dualaid|268435456|null|11423
06-24 16:46:22.179 D/PMS10039(  657): package:com.excelliance.dualaid, input flags:8192, output hwFlags:0
06-24 16:46:22.187 I/PhoneStatusBar( 1513): updateNotificationShade: total=78, active=78
06-24 16:46:22.187 W/PhoneStatusBar( 1513): updateNotificationShade hasFaceDT: false; Detected:false
06-24 16:46:22.187 V/PhoneStatusBar( 1513): mStackScroller size:11,activeCount:78, childCnt:15
06-24 16:46:22.211 W/HwKeyguardDragHelper( 1513): AnimationBlocked
06-24 16:46:22.675 E/Thermal-daemon(  764): [battery] temp_new :37  temp_old :36
06-24 16:46:22.676 I/ThermalService( 1699): Receive temperature change, type: 9, temp: 37 from thermald
06-24 16:46:22.676 I/ThermalTrace_ThermalRaise( 1699): Battery:37
06-24 16:46:22.676 D/HwThermalStateManager( 1699): Thermal type: 9 cur_temperature:37
06-24 16:46:22.676 D/HwPolicyDispatcher( 1699): action period is 320s from last action, don't send to PG
06-24 16:46:22.677 E/Thermal-daemon(  764): Report temperature: [battery] temp :37  report_threshold:1
06-24 16:46:22.832 I/zygote64(  657): Background concurrent copying GC freed 58317(3MB) AllocSpace objects, 64(26MB) LOS objects, 26% free, 65MB/89MB, paused 1.561ms total 297.555ms
06-24 16:46:22.972 I/appium  (24379): Skipping invisible child: android.view.accessibility.AccessibilityNodeInfo@a05c; boundsInParent: Rect(0, 0 - 1080, 1920); boundsInScreen: Rect(1080, 0 - 1080, 1920); packageName: com.excelliance.dualaid; className: android.widget.RelativeLayout; text: null; error: null; maxTextLength: -1; contentDescription: null; viewIdResName: null; checkable: false; checked: false; focusable: false; focused: false; selected: false; clickable: false; longClickable: false; contextClickable: false; enabled: true; password: false; scrollable: false; importantForAccessibility: false; actions: [AccessibilityAction: ACTION_SELECT - null, AccessibilityAction: ACTION_CLEAR_SELECTION - null, AccessibilityAction: ACTION_ACCESSIBILITY_FOCUS - null, AccessibilityAction: ACTION_SHOW_ON_SCREEN - null]
06-24 16:46:22.974 I/appium  (24379): Skipping invisible child: android.view.accessibility.AccessibilityNodeInfo@a41d; boundsInParent: Rect(0, 0 - 1080, 1920); boundsInScreen: Rect(2160, 0 - 1080, 1920); packageName: com.excelliance.dualaid; className: android.widget.RelativeLayout; text: null; error: null; maxTextLength: -1; contentDescription: null; viewIdResName: null; checkable: false; checked: false; focusable: false; focused: false; selected: false; clickable: false; longClickable: false; contextClickable: false; enabled: true; password: false; scrollable: false; importantForAccessibility: false; actions: [AccessibilityAction: ACTION_SELECT - null, AccessibilityAction: ACTION_CLEAR_SELECTION - null, AccessibilityAction: ACTION_ACCESSIBILITY_FOCUS - null, AccessibilityAction: ACTION_SHOW_ON_SCREEN - null]
06-24 16:46:22.974 I/appium  (24379): Fetch time: 8ms
06-24 16:46:22.992 I/appium  (24379): AppiumResponse: {"sessionId":"12d3f873-0ea4-4775-928a-9964d13dcd6c","status":0,"value":"<?xml version=\"1.0\" encoding=\"UTF-8\"?><hierarchy rotation=\"0\"><android.widget.FrameLayout index=\"0\" text=\"\" class=\"android.widget.FrameLayout\" package=\"com.excelliance.dualaid\" content-desc=\"\" checkable=\"false\" checked=\"false\" clickable=\"false\" enabled=\"true\" focusable=\"false\" focused=\"false\" scrollable=\"false\" long-clickable=\"false\" password=\"false\" selected=\"false\" bounds=\"[0,0][1080,1920]\" resource-id=\"\" instance=\"0\"><android.widget.LinearLayout index=\"0\" text=\"\" class=\"android.widget.LinearLayout\" package=\"com.excelliance.dualaid\" content-desc=\"\" checkable=\"false\" checked=\"false\" clickable=\"false\" enabled=\"true\" focusable=\"false\" focused=\"false\" scrollable=\"false\" long-clickable=\"false\" password=\"false\" selected=\"false\" bounds=\"[0,0][1080,1920]\" resource-id=\"\" instance=\"0\"><android.widget.FrameLayout index=\"0\" text=\"\" class=\"android.widget.FrameLayout\" package=\"com.excelliance.dualaid\" content-desc=\"\" checkable=\"false\" checked=\"false\" clickable=\"false\" enabled=\"true\" focusable=\"false\" focused=\"false\" scrollable=\"false\" long-clickable=\"false\" password=\"false\" selected=\"false\" bounds=\"[0,0][1080,1920]\" resource-id=\"android:id\/content\" instance=\"1\"><android.widget.FrameLayout index=\"0\" text=\"\" class=\"android.widget.FrameLayout\" package=\"com.excelliance.dualaid\" content-desc=\"\" checkable=\"false\" checked=\"false\" clickable=\"false\" enabled=\"true\" focusable=\"false\" focused=\"false\" scrollable=\"false\" long-clickable=\"false\" password=\"false\" selected=\"false\" bounds=\"[0,0][1080,1920]\" resource-id=\"\" instance=\"2\"><android.widget.RelativeLayout index=\"0\" text=\"\" class=\"android.widget.RelativeLayout\" package=\"com.excelliance.dualaid\" content-desc=\"\" checkable=\"false\" checked=\"false\" clickable=\"false\" enabled=\"true\" focusable=\"false\" focused=\"false\" scrollable=\"false\" long-clickable=\"false\" password=\"false\" selected=\"false\" bounds=\"[0,0][1080,1920]\" resource-id=\"com.excelliance.dualaid:id\/rl_guide_original\" instance=\"0\"><android.support.v4.view.ViewPager index=\"0\" text=\"\" class=\"android.support.v4.view.ViewPager\" package=\"com.excelliance.dualaid\" content-desc=\"\" checkable=\"false\" checked=\"false\" clickable=\"false\" enabled=\"true\" focusable=\"true\" focused=\"false\" scrollable=\"true\" long-clickable=\"false\" password=\"false\" selected=\"false\" bounds=\"[0,0][1080,1920]\" resource-id=\"com.excelliance.dualaid:id\/vp_nav\" instance=\"0\"><android.widget.RelativeLayout index=\"0\" text=\"\" class=\"android.widget.RelativeLayout\" package=\"com.excelliance.dualaid\" content-desc=\"\" checkable=\"false\" checked=\"false\" clickable=\"false\" enabled=\"true\" focusable=\"false\" focused=\"false\" scrollable=\"false\" long-clickable=\"false\" password=\"false\" selected=\"false\" bounds=\"[0,0][1080,1920]\" resource-id=\"\" instance=\"1\"><android.view.View index=\"0\" text=\"\" class=\"android.view.View\" package=\"com.excelliance.dualaid\" content-desc=\"\" checkable=\"false\" checked=\"false\" clickable=\"false\" enabled=\"true\" focusable=\"false\" focused=\"false\" scrollable=\"false\" long-clickable=\"false\" password=\"false\" selected=\"false\" bounds=\"[0,0][1080,1920]\" resource-id=\"\" instance=\"0\"\/><android.widget.ImageView index=\"1\" text=\"\" class=\"android.widget.ImageView\" package=\"com.excelliance.dualaid\" content-desc=\"\" checkable=\"false\" checked=\"false\" clickable=\"false\" enabled=\"true\" focusable=\"false\" focused=\"false\" scrollable=\"false\" long-clickable=\"false\" password=\"false\" selected=\"false\" bounds=\"[345,303][990,1185]\" resource-id=\"com.excelliance.dualaid:id\/nav_chat\" instance=\"0\"\/><android.widget.ImageView index=\"2\" text=\"\" class=\"android.widget.ImageView\" package=\"com.excelliance.dualaid\" content-desc=\"\" checkable=\"false\" checked=\"false\" c
06-24 16:46:23.011 I/appium  (24379): channel read invoked!
06-24 16:46:23.011 I/appium  (24379): channel read: GET /wd/hub/session/12d3f873-0ea4-4775-928a-9964d13dcd6c/source
06-24 16:46:23.021 I/appium  (24379): Skipping invisible child: android.view.accessibility.AccessibilityNodeInfo@a05c; boundsInParent: Rect(0, 0 - 1080, 1920); boundsInScreen: Rect(1080, 0 - 1080, 1920); packageName: com.excelliance.dualaid; className: android.widget.RelativeLayout; text: null; error: null; maxTextLength: -1; contentDescription: null; viewIdResName: null; checkable: false; checked: false; focusable: false; focused: false; selected: false; clickable: false; longClickable: false; contextClickable: false; enabled: true; password: false; scrollable: false; importantForAccessibility: false; actions: [AccessibilityAction: ACTION_SELECT - null, AccessibilityAction: ACTION_CLEAR_SELECTION - null, AccessibilityAction: ACTION_ACCESSIBILITY_FOCUS - null, AccessibilityAction: ACTION_SHOW_ON_SCREEN - null]
06-24 16:46:23.022 I/appium  (24379): Skipping invisible child: android.view.accessibility.AccessibilityNodeInfo@a41d; boundsInParent: Rect(0, 0 - 1080, 1920); boundsInScreen: Rect(2160, 0 - 1080, 1920); packageName: com.excelliance.dualaid; className: android.widget.RelativeLayout; text: null; error: null; maxTextLength: -1; contentDescription: null; viewIdResName: null; checkable: false; checked: false; focusable: false; focused: false; selected: false; clickable: false; longClickable: false; contextClickable: false; enabled: true; password: false; scrollable: false; importantForAccessibility: false; actions: [AccessibilityAction: ACTION_SELECT - null, AccessibilityAction: ACTION_CLEAR_SELECTION - null, AccessibilityAction: ACTION_ACCESSIBILITY_FOCUS - null, AccessibilityAction: ACTION_SHOW_ON_SCREEN - null]
06-24 16:46:23.022 I/appium  (24379): Fetch time: 3ms
06-24 16:46:23.022 I/TrafficMonitor(  657): update:rxPkts:17,txPkts:20,rxBytes:8169,txBytes:2797
06-24 16:46:23.022 I/TrafficMonitor(  657): start expired. level:-1
06-24 16:46:23.023 I/TrafficMonitor(  657): gettimer:interval=2000
