06-24 16:28:30.360 D/PMS11423(  657): package:com.google.android.backuptransport, input flags:0, output hwFlags:0
06-24 16:28:30.360 D/PMS11423(  657): package:com.huawei.skytone, input flags:0, output hwFlags:0
06-24 16:28:30.361 D/PMS11423(  657): package:com.estrongs.android.pop, input flags:0, output hwFlags:0
06-24 16:28:30.361 D/PMS11423(  657): package:com.redfinger.app, input flags:0, output hwFlags:0
06-24 16:28:30.361 D/PMS11423(  657): package:com.android.vending, input flags:0, output hwFlags:0
06-24 16:28:30.361 D/PMS11423(  657): package:org.hapjs.mockup, input flags:0, output hwFlags:0
06-24 16:28:30.361 D/PMS11423(  657): package:com.huawei.gamebox, input flags:0, output hwFlags:603979776
06-24 16:28:30.361 D/PMS11423(  657): package:com.tencent.tmgp.pubgmhd-ext, input flags:0, output is null
06-24 16:28:30.361 D/PMS11423(  657): package:com.stickgame.los2, input flags:0, output hwFlags:0
06-24 16:28:30.362 D/PMS11423(  657): package:com.qihoo.appstore, input flags:0, output hwFlags:0
06-24 16:28:30.362 D/PMS11423(  657): package:com.huawei.android.thememanager, input flags:0, output hwFlags:0
06-24 16:28:30.362 D/PMS11423(  657): package:com.excean.parallelspace, input flags:0, output hwFlags:0
06-24 16:28:30.362 D/PMS11423(  657): package:com.UCMobile, input flags:0, output hwFlags:0
06-24 16:28:30.362 D/PMS11423(  657): package:com.bbk.appstore, input flags:0, output hwFlags:0
06-24 16:28:30.362 D/PMS11423(  657): package:com.excean.ppaid, input flags:0, output hwFlags:0
06-24 16:28:30.362 D/PMS11423(  657): package:com.netease.blockchain, input flags:0, output hwFlags:0
06-24 16:28:30.362 D/PMS11423(  657): package:com.huawei.camera, input flags:0, output hwFlags:0
06-24 16:28:30.363 D/PMS11423(  657): package:com.sinovatech.unicom.ui, input flags:0, output hwFlags:0
06-24 16:28:30.363 D/PMS11423(  657): package:com.huawei.phoneservice, input flags:0, output hwFlags:0
06-24 16:28:30.363 D/PMS11423(  657): package:com.crisisfire.android.nearme.gamecenter, input flags:0, output hwFlags:0
06-24 16:28:30.363 D/PMS11423(  657): package:com.antutu.benchmark.full, input flags:0, output hwFlags:0
06-24 16:28:30.363 D/PMS11423(  657): package:com.xunmeng.pinduoduo, input flags:0, output hwFlags:0
06-24 16:28:30.363 D/PMS11423(  657): package:com.zhuowang.cloneapp, input flags:0, output hwFlags:0
06-24 16:28:30.363 D/PMS11423(  657): package:com.excean.parallelspace.b64, input flags:0, output hwFlags:0
06-24 16:28:30.363 D/PMS11423(  657): package:com.excelliance.multiaccounts.b64, input flags:0, output hwFlags:0
06-24 16:28:30.364 D/PMS11423(  657): package:com.xiangyou.multispace, input flags:0, output hwFlags:0
06-24 16:28:30.364 D/PMS11423(  657): package:com.youlong.multiaccount, input flags:0, output hwFlags:0
06-24 16:28:30.364 D/PMS11423(  657): package:com.gameloft.android.ANMP.GloftA9HM, input flags:0, output hwFlags:0
06-24 16:28:30.364 D/PMS11423(  657): package:com.excelliance.dualaid.b64, input flags:0, output hwFlags:0
06-24 16:28:30.364 D/AddGameData(30411): switch_uninstall: 70
06-24 16:28:30.366 D/PMS1000 (  657): package:com.excelliance.dualaid, input flags:8192, output hwFlags:0
06-24 16:28:30.367 W/HSM     ( 1813): HoldService:toast switch is close!
06-24 16:28:30.368 W/InputMethodManager(30411): startInputReason = 1
06-24 16:28:30.368 D/ApplicationPackageManager(30411): queryIntentActivitiesAsUser blocked, Intent { act=android.intent.action.MAIN cat=[android.intent.category.LAUNCHER] pkg=com.huawei.hifolder }
06-24 16:28:30.368 D/HsmInterfaceImpl(30411): List []
06-24 16:28:30.370 I/wangchen( 7035): SysInfo.getSysParam: orientation=1||config d=3.0,w=1080,h=1920||metrics d=3.0,w=1080,h=1920||sdk=26,bar_h=72
06-24 16:28:30.370 I/KeymapLoader( 7035): w=1080 h=1920 ori=true appScale=3.3 s1=3.0
06-24 16:28:30.371 W/HSM     ( 1813): HoldService:toast switch is close!
06-24 16:28:30.372 D/ApplicationPackageManager(30411): queryIntentActivitiesAsUser blocked, Intent { act=android.intent.action.MAIN cat=[android.intent.category.LAUNCHER] pkg=com.github.shadowsocks }
06-24 16:28:30.372 D/HsmInterfaceImpl(30411): List [ResolveInfo{57d5949 com.github.shadowsocks/.MainActivity m=0x108000}]
06-24 16:28:30.387 I/GRALLOC (  679): 	 shrFd=10,fmt=0x1,intFmt=0x200000001,btStrd=4352,size=8486912,pid=679 
06-24 16:28:30.387 I/GRALLOC (  679): 	 yuv=2,w=1080,h=1920,Stride u=0 v=0,offset u=0 v=0 
06-24 16:28:30.387 I/GRALLOC (  679): 	 iova_size=8486912,conUsg=0xb00,proUsg=0xb00,	 strd=1088,[afbc]HdrStrd=1088 PyldStrd=69632 Scrmbl=2,ionhnd = 1 
06-24 16:28:30.393 D/WindowManager(  657): finishDrawingWindow: Window{bdb5a04 u0 com.excelliance.dualaid/com.excelliance.kxqp.ui.HelloActivity} mDrawState=DRAW_PENDING
06-24 16:28:30.394 V/WindowManager(  657): Checking 1 opening apps (frozen=false timeout=false)...
06-24 16:28:30.395 V/WindowManager(  657): Check opening app=AppWindowToken{8d5c21f token=Token{c66b1be ActivityRecord{c733079 u0 com.excelliance.dualaid/com.excelliance.kxqp.ui.HelloActivity t16045}}}: allDrawn=true startingDisplayed=false startingMoved=false isRelaunching()=false
06-24 16:28:30.395 D/PMS1000 (  657): package:com.excelliance.dualaid, input flags:8192, output hwFlags:0
06-24 16:28:30.396 W/HSM     ( 1813): HoldService:toast switch is close!
06-24 16:28:30.397 I/ActivityManager(  657): Displayed com.excelliance.dualaid/com.excelliance.kxqp.ui.HelloActivity: +219ms
06-24 16:28:30.397 D/ApplicationPackageManager(30411): queryIntentActivitiesAsUser blocked, Intent { act=android.intent.action.MAIN cat=[android.intent.category.LAUNCHER] pkg=com.excelliance.dualaid }
06-24 16:28:30.398 D/HsmInterfaceImpl(30411): List [ResolveInfo{e2d9f6f com.excelliance.dualaid/com.excelliance.kxqp.ui.HelloActivity m=0x108000}]
06-24 16:28:30.400 D/BarTransitions.HwPhoneStatusBarView( 1513): MODE_TRANSLUCENT -> MODE_TRANSPARENT animate=false
06-24 16:28:30.400 D/BarTransitions.HwPhoneStatusBarView( 1513): applyModeBackground oldMode=MODE_TRANSLUCENT newMode=MODE_TRANSPARENT animate=false
06-24 16:28:30.400 D/BarTransitions.HwNavigationBarView( 1513): MODE_OPAQUE -> MODE_TRANSPARENT animate=false
06-24 16:28:30.401 D/BarTransitions.HwNavigationBarView( 1513): applyModeBackground oldMode=MODE_OPAQUE newMode=MODE_TRANSPARENT animate=false
06-24 16:28:30.403 V/WindowManager(  657): Checking 0 opening apps (frozen=false timeout=false)...
06-24 16:28:30.408 I/GRALLOC (  679): 	 shrFd=10,fmt=0x1,intFmt=0x200000001,btStrd=4352,size=8486912,pid=679 
06-24 16:28:30.408 I/GRALLOC (  679): 	 yuv=2,w=1080,h=1920,Stride u=0 v=0,offset u=0 v=0 
06-24 16:28:30.408 I/GRALLOC (  679): 	 iova_size=8486912,conUsg=0xb00,proUsg=0xb00,	 strd=1088,[afbc]HdrStrd=1088 PyldStrd=69632 Scrmbl=2,ionhnd = 1 
06-24 16:28:30.412 I/GRALLOC (  679): 	 shrFd=10,fmt=0x1,intFmt=0x200000001,btStrd=4352,size=8486912,pid=679 
06-24 16:28:30.412 I/GRALLOC (  679): 	 yuv=2,w=1080,h=1920,Stride u=0 v=0,offset u=0 v=0 
06-24 16:28:30.412 I/GRALLOC (  679): 	 iova_size=8486912,conUsg=0xb00,proUsg=0xb00,	 strd=1088,[afbc]HdrStrd=1088 PyldStrd=69632 Scrmbl=2,ionhnd = 1 
06-24 16:28:30.418 E/BufferQueueProducer(  710): [com.excelliance.dualaid/com.excelliance.kxqp.swipe.NavActivity2#0] disconnect: not connected (req=1)
06-24 16:28:30.418 W/libEGL  (30411): EGLNativeWindowType 0xd0cbd808 disconnect failed
06-24 16:28:30.426 D/PMS1000 (  657): package:com.excelliance.dualaid, input flags:8192, output hwFlags:0
06-24 16:28:30.427 W/HSM     ( 1813): HoldService:toast switch is close!
06-24 16:28:30.428 D/ApplicationPackageManager(30411): queryIntentActivitiesAsUser blocked, Intent { act=android.intent.action.MAIN cat=[android.intent.category.LAUNCHER] pkg=com.tencent.tmgp.qqx5 }
06-24 16:28:30.428 D/HsmInterfaceImpl(30411): List [ResolveInfo{8b94105 com.tencent.tmgp.qqx5/.DGMMainActivity m=0x108000}]
06-24 16:28:30.460 D/HwBatteryService(  657): onUEvent fcpStatus = 0,scpStatus =0,ovpStatus=0
06-24 16:28:30.460 I/UsbDeviceManager(  657): water_intrused state= 0
06-24 16:28:30.470 D/PMS1000 (  657): package:com.excelliance.dualaid, input flags:8192, output hwFlags:0
06-24 16:28:30.471 W/HSM     ( 1813): HoldService:toast switch is close!
06-24 16:28:30.471 D/ApplicationPackageManager(30411): queryIntentActivitiesAsUser blocked, Intent { act=android.intent.action.MAIN cat=[android.intent.category.LAUNCHER] pkg=com.huawei.android.pushagent }
06-24 16:28:30.471 D/HsmInterfaceImpl(30411): List []
06-24 16:28:30.473 D/PMS1000 (  657): package:com.excelliance.dualaid, input flags:8192, output hwFlags:0
06-24 16:28:30.474 W/HSM     ( 1813): HoldService:toast switch is close!
06-24 16:28:30.474 I/MsgReceiver( 1699): intent action: android.intent.action.BATTERY_CHANGED
06-24 16:28:30.475 D/ApplicationPackageManager(30411): queryIntentActivitiesAsUser blocked, Intent { act=android.intent.action.MAIN cat=[android.intent.category.LAUNCHER] pkg=com.huawei.appmarket }
06-24 16:28:30.475 D/HsmInterfaceImpl(30411): List [ResolveInfo{81ec38b com.huawei.appmarket/.MainActivity m=0x108000}]
06-24 16:28:30.475 D/KeyguardUpdateMonitor( 1513): received broadcast android.intent.action.BATTERY_CHANGED
06-24 16:28:30.475 W/KeyguardUpdateMonitor( 1513): ACTION_BATTERY_CHANGED AMP: 500000; Volt: 4701000
06-24 16:28:30.476 I/CloudAlbum[8.1.2.302]( 2775): [OperationUtil] cancelNotify
06-24 16:28:30.476 D/HwInnerWifiManagerImpl(  657): SupplicantState = COMPLETED
06-24 16:28:30.477 D/HwInnerWifiManagerImpl(  657): isPhoneAP = false
06-24 16:28:30.477 D/WifiStateMachine(  657): mBcastReceiver: PluggedType = 2 mIsScanCtrlPluggedin = true
06-24 16:28:30.477 D/HwWifiService(  657): mPluggedType =2
06-24 16:28:30.477 D/WifiService(  657): onReceive, action:android.intent.action.BATTERY_CHANGED
06-24 16:28:30.477 D/WifiService(  657): ACTION_BATTERY_CHANGED pluggedType: 2
06-24 16:28:30.478 E/asset   (30411): createFromFile(): lock file /data/resource-cache/system@emui@base@overlay@frameworkhwexthonor@frameworkhwexthonor.apk@idmap.
06-24 16:28:30.478 E/asset   (30411): createFromFile(): lock file /data/resource-cache/system@emui@base@overlay@frameworkhwexthonor@frameworkhwexthonor.apk@idmap.
06-24 16:28:30.479 W/ResourceType(30411): Found multiple library tables, ignoring...
06-24 16:28:30.496 V/KeyguardUpdateMonitor( 1513): RefreshBatteryInfo isBatteryLow: 28
06-24 16:28:30.497 W/KeyguardUpdateMonitor( 1513): ChargingSpeed  Wattage: 2350500 ST: 5000000 --> 7500000
06-24 16:28:30.497 I/KgBattery( 1513): BatteryInfo updated:  2lPc0
06-24 16:28:30.497 W/AppHandler( 1513): sendMessage with obj100
06-24 16:28:30.497 D/KeyguardUpdateMonitor( 1513): handleBatteryUpdate
06-24 16:28:30.497 V/KeyguardUpdateMonitor( 1513): RefreshBatteryInfo isBatteryLow: 28
06-24 16:28:30.497 W/HwKeyguardBottomArea( 1513): updateBatteryInfo : false  true
06-24 16:28:30.498 W/HwLockScreenPanel( 1513): Handle message: 100
06-24 16:28:30.498 W/HwKeyguardBottomArea( 1513): updateBatteryInfo : false  true
06-24 16:28:30.498 W/HwLockScreenPanel( 1513): refreshBatteryInfo: null
06-24 16:28:30.498 W/KgBattery( 1513): getCharge info with type: text
06-24 16:28:30.502 D/HwRecentsLockUtils( 1513): Search
06-24 16:28:30.502 E/HsmCoreServiceImpl( 1478): onTransact in code is: 103
06-24 16:28:30.502 I/MediaProcessHandler( 1478): playingUids: 
06-24 16:28:30.503 D/ActivityManager(  657): Skipping, home or recents stack task: TaskRecord{333215f #15658 A=com.huawei.android.launcher U=0 StackId=0 sz=1}
06-24 16:28:30.503 D/ActivityManager(  657): Skipping intent:act=android.intent.action.MAIN cat=[android.intent.category.LAUNCHER] flg=0x10a00000 cmp=io.appium.settings/.Settings
06-24 16:28:30.503 D/ActivityManager(  657): Skipping intent:flg=0x10804000 cmp=com.android.systemui/.recents.RecentsActivity bnds=[48,928][1032,2296]
06-24 16:28:30.503 D/ActivityManager(  657): Skipping intent:flg=0x18800000 cmp=com.tencent.mm/.plugin.base.stub.WXPayEntryActivity
06-24 16:28:30.503 D/ActivityManager(  657): Skipping intent:flg=0x10800000 cmp=com.huawei.systemmanager/com.huawei.permissionmanager.ui.MainActivity
06-24 16:28:30.503 D/ActivityManager(  657): Skipping intent:flg=0x18800000 cmp=com.tencent.mm/.plugin.base.stub.WXEntryActivity
06-24 16:28:30.503 D/ActivityManager(  657): Skipping intent:act=com.huawei.action.VOICE_ASSISTANT flg=0x10800000 pkg=com.huawei.vassistant cmp=com.huawei.vassistant/.ui.main.VAssistantActivity
06-24 16:28:30.503 D/ActivityManager(  657): Skipping intent:act=com.huawei.android.launcher.action.ACCESS_SPLIT_SCREEN_APP cat=[android.intent.category.DEFAULT] flg=0x10804000 cmp=com.huawei.android.launcher/.splitscreen.SplitScreenAppActivity
06-24 16:28:30.503 D/ActivityManager(  657): Skipping intent:flg=0x10800000 pkg=com.excelliance.dualaid.b64 cmp=com.excelliance.dualaid.b64/com.excelliance.kxqp.sdk.PermissionRequestActivity
06-24 16:28:30.503 D/ActivityManager(  657): Skipping intent:act=android.intent.action.VIEW dat=content://com.excelliance.dualaid.fileProvider/external_storage_root/Download/apk/Multiple_64.apk typ=application/vnd.android.package-archive flg=0x10800001 cmp=com.android.packageinstaller/.InstallStart
06-24 16:28:30.503 D/ActivityManager(  657): Skipping intent:flg=0x10800000 cmp=com.android.systemui/.usb.HwUsbDebuggingActivity
06-24 16:28:30.503 D/ActivityManager(  657): Skipping intent:act=android.deviceinfo.chooser.action.LAUNCH flg=0x10800000 hwFlg=0x100 pkg=com.android.settings cmp=com.android.settings/.deviceinfo.UsbConnModeChooserActivity
06-24 16:28:30.503 D/ActivityManager(  657): Skipping intent:flg=0x10800000 cmp=com.zol.android/.push.KeepLiveActivity
06-24 16:28:30.503 D/ActivityManager(  657): Skipping intent:act=android.intent.action.MAIN cat=[android.intent.category.HOME] flg=0x10800300 cmp=com.android.settings/.FallbackHome
06-24 16:28:30.508 D/PMS1000 (  657): package:com.excelliance.dualaid, input flags:8192, output hwFlags:0
06-24 16:28:30.509 W/HSM     ( 1813): HoldService:toast switch is close!
06-24 16:28:30.509 D/ApplicationPackageManager(30411): queryIntentActivitiesAsUser blocked, Intent { act=android.intent.action.MAIN cat=[android.intent.category.LAUNCHER] pkg=com.wandoujia.phoenix2 }
06-24 16:28:30.510 D/HsmInterfaceImpl(30411): List [ResolveInfo{73d7d26 com.wandoujia.phoenix2/com.pp.assistant.activity.PPMainActivity m=0x108000}]
06-24 16:28:30.537 W/HSM     ( 1813): HoldService:toast switch is close!
06-24 16:28:30.538 D/ApplicationPackageManager(30411): queryIntentActivitiesAsUser blocked, Intent { act=android.intent.action.MAIN cat=[android.intent.category.LAUNCHER] pkg=com.tencent.mm }
06-24 16:28:30.538 D/HsmInterfaceImpl(30411): List [ResolveInfo{7694714 com.tencent.mm/.ui.LauncherUI m=0x108000}]
06-24 16:28:30.551 W/HSM     ( 1813): HoldService:toast switch is close!
06-24 16:28:30.551 D/ApplicationPackageManager(30411): queryIntentActivitiesAsUser blocked, Intent { act=android.intent.action.MAIN cat=[android.intent.category.LAUNCHER] pkg=com.android.providers.media }
06-24 16:28:30.551 D/HsmInterfaceImpl(30411): List []
06-24 16:28:30.554 W/HSM     ( 1813): HoldService:toast switch is close!
06-24 16:28:30.554 D/ApplicationPackageManager(30411): queryIntentActivitiesAsUser blocked, Intent { act=android.intent.action.MAIN cat=[android.intent.category.LAUNCHER] pkg=com.huawei.vassistant }
06-24 16:28:30.554 D/HsmInterfaceImpl(30411): List [ResolveInfo{8f38bbd com.huawei.vassistant/.ui.main.VAssistantActivity m=0x108000}]
06-24 16:28:30.557 E/asset   (30411): createFromFile(): lock file /data/resource-cache/system@emui@base@overlay@frameworkhwexthonor@frameworkhwexthonor.apk@idmap.
06-24 16:28:30.557 E/asset   (30411): createFromFile(): lock file /data/resource-cache/system@emui@base@overlay@frameworkhwexthonor@frameworkhwexthonor.apk@idmap.
06-24 16:28:30.558 W/ResourceType(30411): Found multiple library tables, ignoring...
06-24 16:28:30.606 W/HSM     ( 1813): HoldService:toast switch is close!
06-24 16:28:30.606 D/ApplicationPackageManager(30411): queryIntentActivitiesAsUser blocked, Intent { act=android.intent.action.MAIN cat=[android.intent.category.LAUNCHER] pkg=com.facebook.katana }
06-24 16:28:30.606 D/HsmInterfaceImpl(30411): List [ResolveInfo{11dc080 com.facebook.katana/.LoginActivity m=0x108000}]
06-24 16:28:30.619 V/ActivityManager(  657): Making visible and scheduling visibility: ActivityRecord{d5c9105 u0 com.huawei.android.launcher/.unihome.UniHomeLauncher t15658}
06-24 16:28:30.619 V/WindowManager(  657): No longer Stopped: AppWindowToken{d3a938b token=Token{377755a ActivityRecord{d5c9105 u0 com.huawei.android.launcher/.unihome.UniHomeLauncher t15658}}}
06-24 16:28:30.656 D/ActivityThread(30411): Remove activity client record, r= ActivityRecord{414755e token=android.os.BinderProxy@31abee5 {com.excelliance.dualaid/com.excelliance.kxqp.swipe.NavActivity2}} token= android.os.BinderProxy@31abee5
06-24 16:28:30.657 V/ActivityThread( 2519): Handle window ActivityRecord{4719bb8 token=android.os.BinderProxy@b3fca27 {com.huawei.android.launcher/com.huawei.android.launcher.unihome.UniHomeLauncher}} visibility: true
06-24 16:28:30.658 V/WindowManager(  657): removeIfPossible: Window{b8d417b u0 com.excelliance.dualaid/com.excelliance.kxqp.swipe.NavActivity2} callers=com.android.server.wm.WindowState.removeIfPossible:1914 com.android.server.wm.WindowManagerService.removeWindow:2022 com.android.server.wm.Session.remove:218 android.view.IWindowSession$Stub.onTransact:242 com.android.server.wm.Session.onTransact:161 
06-24 16:28:30.658 E/HwLauncher( 2519): SettingsEx , no such field.
06-24 16:28:30.658 W/HwLauncher( 2519): Clock getDataFormat the getSystemString failed.
06-24 16:28:30.659 I/WindowManager(  657): Destroying surface Surface(name=com.excelliance.dualaid/com.excelliance.kxqp.swipe.NavActivity2) called by com.android.server.wm.WindowStateAnimator.destroySurface:2060 com.android.server.wm.WindowStateAnimator.destroySurfaceLocked:873 com.android.server.wm.HwWindowStateAnimator.destroySurfaceLocked:1006 com.android.server.wm.WindowState.removeImmediately:1899 com.android.server.wm.WindowState.removeIfPossible:2051 com.android.server.wm.WindowState.removeIfPossible:1914 com.android.server.wm.WindowManagerService.removeWindow:2022 com.android.server.wm.Session.remove:218 
06-24 16:28:30.660 V/WindowManager(  657): postWindowRemoveCleanupLocked: Window{b8d417b u0 com.excelliance.dualaid/com.excelliance.kxqp.swipe.NavActivity2}
06-24 16:28:30.660 V/WindowManager(  657): Removing Window{b8d417b u0 com.excelliance.dualaid/com.excelliance.kxqp.swipe.NavActivity2} from AppWindowToken{5687314 token=Token{1c46967 ActivityRecord{925c926 u0 com.excelliance.dualaid/com.excelliance.kxqp.swipe.NavActivity2 t16045}}}
06-24 16:28:30.660 D/HwQoEUtils(  657): mForegroundAppPackageName: com.huawei.android.launcher ,score: 0
06-24 16:28:30.660 D/HwQoEUtils(  657): onForegroundAppWifiSleepChange: config:false, sleeptime:-1,type: 255, appname:com.huawei.android.launcher
06-24 16:28:30.666 D/HwQoEUtils(  657): APP type: 255 appName= com.huawei.android.launcher
06-24 16:28:30.666 D/HwQoEUtils(  657): no game, APP_TYPE_GAME, appName =com.huawei.android.launcher
06-24 16:28:30.667 D/HwGameAssistantController(  657): pid=2519, uid=10056, foreground=true
06-24 16:28:30.670 E/asset   (30411): createFromFile(): lock file /data/resource-cache/system@emui@base@overlay@frameworkhwexthonor@frameworkhwexthonor.apk@idmap.
06-24 16:28:30.670 E/asset   (30411): createFromFile(): lock file /data/resource-cache/system@emui@base@overlay@frameworkhwexthonor@frameworkhwexthonor.apk@idmap.
06-24 16:28:30.670 W/ResourceType(30411): Found multiple library tables, ignoring...
06-24 16:28:30.671 W/AwareLog(  657): SchedLevelBoost: onFgActivitiesChanged config not set!
06-24 16:28:30.672 V/WindowManager(  657): removeAppToken: AppWindowToken{5687314 token=Token{1c46967 ActivityRecord{925c926 u0 com.excelliance.dualaid/com.excelliance.kxqp.swipe.NavActivity2 t16045}}} delayed=false Callers=com.android.server.wm.DisplayContent.removeAppToken:985 com.android.server.wm.AppWindowContainerController.removeContainer:348 com.android.server.am.ActivityRecord.removeWindowContainer:1039 com.android.server.am.ActivityStack.removeActivityFromHistoryLocked:4491 
06-24 16:28:30.674 I/HwNetworkPolicy(  657): onTransact, code = 203
06-24 16:28:30.674 I/HwNetworkPolicyManager( 1813): getHwUidPolicy uid = 10056 policy = 0
06-24 16:28:30.685 I/GRALLOC (  679): 	 shrFd=10,fmt=0x1,intFmt=0x200000001,btStrd=4352,size=8486912,pid=679 
06-24 16:28:30.685 I/GRALLOC (  679): 	 yuv=2,w=1080,h=1920,Stride u=0 v=0,offset u=0 v=0 
06-24 16:28:30.685 I/GRALLOC (  679): 	 iova_size=8486912,conUsg=0x900,proUsg=0x900,	 strd=1088,[afbc]HdrStrd=1088 PyldStrd=69632 Scrmbl=2,ionhnd = 1 
06-24 16:28:30.689 I/chatty  (  679): uid=1000(system) allocator@2.0-s identical 1 line
06-24 16:28:30.692 I/GRALLOC (  679): 	 shrFd=10,fmt=0x1,intFmt=0x200000001,btStrd=4352,size=8486912,pid=679 
06-24 16:28:30.692 I/GRALLOC (  679): 	 yuv=2,w=1080,h=1920,Stride u=0 v=0,offset u=0 v=0 
06-24 16:28:30.692 I/GRALLOC (  679): 	 iova_size=8486912,conUsg=0x900,proUsg=0x900,	 strd=1088,[afbc]HdrStrd=1088 PyldStrd=69632 Scrmbl=2,ionhnd = 1 
06-24 16:28:30.695 D/mali_winsys( 2519): EGLint new_window_surface(egl_winsys_display *, void *, EGLSurface, EGLConfig, egl_winsys_surface **, egl_color_buffer_format *, EGLBoolean) returns 0x3000
06-24 16:28:30.717 D/PMS1000 (  657): package:com.excelliance.dualaid, input flags:8192, output hwFlags:0
06-24 16:28:30.719 W/HSM     ( 1813): HoldService:toast switch is close!
06-24 16:28:30.720 D/ApplicationPackageManager(30411): queryIntentActivitiesAsUser blocked, Intent { act=android.intent.action.MAIN cat=[android.intent.category.LAUNCHER] pkg=com.huawei.trustcircle }
06-24 16:28:30.720 D/HsmInterfaceImpl(30411): List []
06-24 16:28:30.726 D/PMS1000 (  657): package:com.excelliance.dualaid, input flags:8192, output hwFlags:0
06-24 16:28:30.727 W/HSM     ( 1813): HoldService:toast switch is close!
06-24 16:28:30.728 D/ApplicationPackageManager(30411): queryIntentActivitiesAsUser blocked, Intent { act=android.intent.action.MAIN cat=[android.intent.category.LAUNCHER] pkg=com.jingdong.app.mall }
06-24 16:28:30.728 D/HsmInterfaceImpl(30411): List [ResolveInfo{ede64ac com.jingdong.app.mall/.main.MainActivity m=0x108000}]
06-24 16:28:30.736 I/GRALLOC (  679): 	 shrFd=10,fmt=0x1,intFmt=0x200000001,btStrd=4352,size=8486912,pid=679 
06-24 16:28:30.736 I/GRALLOC (  679): 	 yuv=2,w=1080,h=1920,Stride u=0 v=0,offset u=0 v=0 
06-24 16:28:30.736 I/GRALLOC (  679): 	 iova_size=8486912,conUsg=0xb00,proUsg=0xb00,	 strd=1088,[afbc]HdrStrd=1088 PyldStrd=69632 Scrmbl=2,ionhnd = 1 
06-24 16:28:30.754 D/WindowManager(  657): finishDrawingWindow: Window{68d6975 u0 com.huawei.android.launcher/com.huawei.android.launcher.unihome.UniHomeLauncher} mDrawState=DRAW_PENDING
06-24 16:28:30.757 D/ImageWallpaper( 1513): onOffsetsChanged: xOffset=0.0, yOffset=0.0, xOffsetStep=0.0, yOffsetStep=0.0, xPixels=0, yPixels=0
06-24 16:28:30.758 D/ImageWallpaper( 1513): Suppressed drawFrame since redraw is not needed and offsets have not changed.sf=Rect(0, 0 - 2160, 1920)
06-24 16:28:30.758 D/ImageWallpaper( 1513): onVisibilityChanged: mVisible, visible=false, true
06-24 16:28:30.758 D/ImageWallpaper( 1513): Visibility changed to visible=true
06-24 16:28:30.759 D/ImageWallpaper( 1513): Suppressed drawFrame since redraw is not needed and offsets have not changed.sf=Rect(0, 0 - 2160, 1920)
06-24 16:28:30.761 W/JankService(  777): processEntry, not beta version or commercial log off
06-24 16:28:30.797 D/PMS1000 (  657): package:com.excelliance.dualaid, input flags:8192, output hwFlags:0
06-24 16:28:30.798 D/HwFLClassLoader( 2519): USE_FEATURE_LIST had not init! 
06-24 16:28:30.798 W/HSM     ( 1813): HoldService:toast switch is close!
06-24 16:28:30.801 D/ApplicationPackageManager(30411): queryIntentActivitiesAsUser blocked, Intent { act=android.intent.action.MAIN cat=[android.intent.category.LAUNCHER] pkg=com.tencent.mobileqq }
06-24 16:28:30.801 D/HsmInterfaceImpl(30411): List [ResolveInfo{27ad90a com.tencent.mobileqq/.activity.SplashActivity m=0x108000}]
06-24 16:28:30.807 E/asset   ( 2519): createFromFile(): lock file /data/resource-cache/system@emui@base@overlay@frameworkhwexthonor@frameworkhwexthonor.apk@idmap.
06-24 16:28:30.807 E/asset   ( 2519): createFromFile(): lock file /data/resource-cache/system@emui@base@overlay@frameworkhwexthonor@frameworkhwexthonor.apk@idmap.
06-24 16:28:30.807 W/ResourceType( 2519): Found multiple library tables, ignoring...
06-24 16:28:30.808 D/NetWorkUtils( 1513): mVSimCurCardType is -1
06-24 16:28:30.812 D/NetWorkUtils( 1513): mVSimCurCardType is -1
06-24 16:28:30.822 D/HwFLClassLoader( 2519): USE_FEATURE_LIST had not init! 
06-24 16:28:30.826 W/HSM     ( 1813): HoldService:toast switch is close!
06-24 16:28:30.828 D/ApplicationPackageManager(30411): queryIntentActivitiesAsUser blocked, Intent { act=android.intent.action.MAIN cat=[android.intent.category.LAUNCHER] pkg=com.zol.android }
06-24 16:28:30.828 E/asset   ( 2519): createFromFile(): lock file /data/resource-cache/system@emui@base@overlay@frameworkhwexthonor@frameworkhwexthonor.apk@idmap.
06-24 16:28:30.828 D/HsmInterfaceImpl(30411): List [ResolveInfo{42ba57b com.zol.android/.ui.FirstActivity m=0x108000}]
06-24 16:28:30.828 E/asset   ( 2519): createFromFile(): lock file /data/resource-cache/system@emui@base@overlay@frameworkhwexthonor@frameworkhwexthonor.apk@idmap.
06-24 16:28:30.828 W/ResourceType( 2519): Found multiple library tables, ignoring...
06-24 16:28:30.877 W/HSM     ( 1813): HoldService:toast switch is close!
06-24 16:28:30.879 D/ApplicationPackageManager(30411): queryIntentActivitiesAsUser blocked, Intent { act=android.intent.action.MAIN cat=[android.intent.category.LAUNCHER] pkg=com.huawei.hiskytone }
06-24 16:28:30.879 D/HsmInterfaceImpl(30411): List [ResolveInfo{924f3f1 com.huawei.hiskytone/com.huawei.skytone.account.welcome.SplashActivity m=0x108000}]
06-24 16:28:30.944 W/HSM     ( 1813): HoldService:toast switch is close!
06-24 16:28:30.945 D/ApplicationPackageManager(30411): queryIntentActivitiesAsUser blocked, Intent { act=android.intent.action.MAIN cat=[android.intent.category.LAUNCHER] pkg=com.huawei.hwid }
06-24 16:28:30.945 D/HsmInterfaceImpl(30411): List []
06-24 16:28:30.953 W/HSM     ( 1813): HoldService:toast switch is close!
06-24 16:28:30.958 D/ApplicationPackageManager(30411): queryIntentActivitiesAsUser blocked, Intent { act=android.intent.action.MAIN cat=[android.intent.category.LAUNCHER] pkg=com.sina.weibo }
06-24 16:28:30.958 D/HsmInterfaceImpl(30411): List [ResolveInfo{df69d44 com.sina.weibo/.SplashActivity m=0x108000}]
06-24 16:28:31.027 I/TrafficMonitor(  657): update:rxPkts:15,txPkts:20,rxBytes:7893,txBytes:2746
06-24 16:28:31.027 I/TrafficMonitor(  657): start expired. level:-1
06-24 16:28:31.027 I/TrafficMonitor(  657): gettimer:interval=2000
06-24 16:28:31.060 D/PMS1000 (  657): package:com.excelliance.dualaid, input flags:8192, output hwFlags:0
06-24 16:28:31.062 W/HSM     ( 1813): HoldService:toast switch is close!
06-24 16:28:31.063 D/ApplicationPackageManager(30411): queryIntentActivitiesAsUser blocked, Intent { act=android.intent.action.MAIN cat=[android.intent.category.LAUNCHER] pkg=com.antutu.ABenchMark }
06-24 16:28:31.063 D/HsmInterfaceImpl(30411): List [ResolveInfo{5a57f62 com.antutu.ABenchMark/.ABenchMarkStart m=0x108000}]
06-24 16:28:31.070 E/asset   ( 2519): createFromFile(): lock file /data/resource-cache/system@emui@base@overlay@frameworkhwexthonor@frameworkhwexthonor.apk@idmap.
06-24 16:28:31.070 E/asset   ( 2519): createFromFile(): lock file /data/resource-cache/system@emui@base@overlay@frameworkhwexthonor@frameworkhwexthonor.apk@idmap.
06-24 16:28:31.070 W/ResourceType( 2519): Found multiple library tables, ignoring...
06-24 16:28:31.082 D/HwFLClassLoader( 2519): USE_FEATURE_LIST had not init! 
06-24 16:28:31.101 I/NetworkSpeedManagerEx( 1513): mIsStop = false
06-24 16:28:31.102 I/NetworkSpeedManagerEx( 1513):  runInThread getTetherStats
06-24 16:28:31.103 I/NetworkSpeedManagerEx( 1513):  runInUI refreshSpeed
06-24 16:28:31.104 I/NetworkSpeedManagerEx( 1513): value=4443.0speed = 4.3
06-24 16:28:31.104 I/NetworkSpeedManagerEx( 1513): K/smIsShowLastSpeedValuefalse
06-24 16:28:31.104 I/NetworkSpeedView( 1513): /update(), speed=4.3
06-24 16:28:31.104 I/NetworkSpeedView( 1513): K/s parent class:class com.android.systemui.statusbar.HwSystemIcons
06-24 16:28:31.117 W/HSM     ( 1813): HoldService:toast switch is close!
06-24 16:28:31.118 D/ApplicationPackageManager(30411): queryIntentActivitiesAsUser blocked, Intent { act=android.intent.action.MAIN cat=[android.intent.category.LAUNCHER] pkg=com.sankuai.meituan.takeoutnew }
06-24 16:28:31.118 D/HsmInterfaceImpl(30411): List [ResolveInfo{16d3029 com.sankuai.meituan.takeoutnew/.ui.page.boot.WelcomeActivity m=0x108000}]
06-24 16:28:31.133 I/NetworkSpeedManagerEx( 1513): mIsStop = false
06-24 16:28:31.133 I/NetworkSpeedManagerEx( 1513):  runInThread getTetherStats
06-24 16:28:31.134 I/NetworkSpeedManagerEx( 1513):  runInUI refreshSpeed
06-24 16:28:31.136 I/NetworkSpeedManagerEx( 1513): value=4443.0speed = 4.3
06-24 16:28:31.136 I/NetworkSpeedManagerEx( 1513): K/smIsShowLastSpeedValuefalse
06-24 16:28:31.136 I/NetworkSpeedView( 1513): /update(), speed=4.3
06-24 16:28:31.136 I/NetworkSpeedView( 1513): K/s parent class:class com.android.systemui.statusbar.HwSystemIcons
06-24 16:28:31.168 W/HSM     ( 1813): HoldService:toast switch is close!
06-24 16:28:31.169 D/ApplicationPackageManager(30411): queryIntentActivitiesAsUser blocked, Intent { act=android.intent.action.MAIN cat=[android.intent.category.LAUNCHER] pkg=com.vmall.client }
06-24 16:28:31.169 D/HsmInterfaceImpl(30411): List [ResolveInfo{48f814f com.vmall.client/.splash.fragment.SplashActivity m=0x108000}]
06-24 16:28:31.201 D/HwArpVerifier(  657): performPollAndLog:
06-24 16:28:31.203 D/hw_netstat(  657): total/9609/4155,com.excelliance.dualaid/9209/3915,unknown:0/400/0,com.android.vending/0/240
06-24 16:28:31.220 W/HSM     ( 1813): HoldService:toast switch is close!
06-24 16:28:31.221 D/ApplicationPackageManager(30411): queryIntentActivitiesAsUser blocked, Intent { act=android.intent.action.MAIN cat=[android.intent.category.LAUNCHER] pkg=com.android.browser }
06-24 16:28:31.222 D/HsmInterfaceImpl(30411): List [ResolveInfo{70398ba com.android.browser/com.tencent.mtt.SplashActivity m=0x108000}]
06-24 16:28:31.232 W/OpenGLRenderer( 2519): Incorrectly called buildLayer on View: ShortcutAndWidgetContainer, destroying layer...
06-24 16:28:31.232 W/OpenGLRenderer( 2519): Incorrectly called buildLayer on View: ShortcutAndWidgetContainer, destroying layer...
06-24 16:28:31.236 I/GRALLOC (  679): 	 shrFd=10,fmt=0x1,intFmt=0x200000001,btStrd=4352,size=8486912,pid=679 
06-24 16:28:31.236 I/GRALLOC (  679): 	 yuv=2,w=1080,h=1920,Stride u=0 v=0,offset u=0 v=0 
06-24 16:28:31.236 I/GRALLOC (  679): 	 iova_size=8486912,conUsg=0xb00,proUsg=0xb00,	 strd=1088,[afbc]HdrStrd=1088 PyldStrd=69632 Scrmbl=2,ionhnd = 1 
06-24 16:28:31.275 W/HSM     ( 1813): HoldService:toast switch is close!
06-24 16:28:31.276 D/ApplicationPackageManager(30411): queryIntentActivitiesAsUser blocked, Intent { act=android.intent.action.MAIN cat=[android.intent.category.LAUNCHER] pkg=com.eg.android.AlipayGphone }
06-24 16:28:31.276 D/HsmInterfaceImpl(30411): List [ResolveInfo{389bb61 com.eg.android.AlipayGphone/.AlipayLogin m=0x108000}]
06-24 16:28:31.308 D/PMS1000 (  657): package:com.excelliance.dualaid, input flags:8192, output hwFlags:0
06-24 16:28:31.310 W/HSM     ( 1813): HoldService:toast switch is close!
06-24 16:28:31.310 D/ApplicationPackageManager(30411): queryIntentActivitiesAsUser blocked, Intent { act=android.intent.action.MAIN cat=[android.intent.category.LAUNCHER] pkg=com.android.mediacenter }
06-24 16:28:31.311 D/HsmInterfaceImpl(30411): List [ResolveInfo{7744b47 com.android.mediacenter/.PageActivity m=0x108000}]
06-24 16:28:31.318 E/asset   (30411): createFromFile(): lock file /data/resource-cache/system@emui@base@overlay@frameworkhwexthonor@frameworkhwexthonor.apk@idmap.
06-24 16:28:31.318 E/asset   (30411): createFromFile(): lock file /data/resource-cache/system@emui@base@overlay@frameworkhwexthonor@frameworkhwexthonor.apk@idmap.
06-24 16:28:31.319 W/ResourceType(30411): Found multiple library tables, ignoring...
06-24 16:28:31.374 W/HSM     ( 1813): HoldService:toast switch is close!
06-24 16:28:31.375 D/ApplicationPackageManager(30411): queryIntentActivitiesAsUser blocked, Intent { act=android.intent.action.MAIN cat=[android.intent.category.LAUNCHER] pkg=com.huawei.himovie }
06-24 16:28:31.375 D/HsmInterfaceImpl(30411): List [ResolveInfo{5308512 com.huawei.himovie/.ui.login.SplashScreenActivity m=0x108000}]
06-24 16:28:31.382 E/asset   (30411): createFromFile(): lock file /data/resource-cache/system@emui@base@overlay@frameworkhwexthonor@frameworkhwexthonor.apk@idmap.
06-24 16:28:31.382 E/asset   (30411): createFromFile(): lock file /data/resource-cache/system@emui@base@overlay@frameworkhwexthonor@frameworkhwexthonor.apk@idmap.
06-24 16:28:31.382 W/ResourceType(30411): Found multiple library tables, ignoring...
06-24 16:28:31.430 E/Thermal-daemon(  764): [ap] temp_new :40  temp_old :39
06-24 16:28:31.431 I/ThermalService( 1699): Receive temperature change, type: 0, temp: 40 from thermald
06-24 16:28:31.431 E/Thermal-daemon(  764): Report temperature: [ap] temp :40  report_threshold:1
06-24 16:28:31.432 D/HwThermalStateManager( 1699): Thermal type: 0 cur_temperature:40
06-24 16:28:31.434 W/HSM     ( 1813): HoldService:toast switch is close!
06-24 16:28:31.435 D/ApplicationPackageManager(30411): queryIntentActivitiesAsUser blocked, Intent { act=android.intent.action.MAIN cat=[android.intent.category.LAUNCHER] pkg=com.huawei.hnreader }
06-24 16:28:31.435 D/HsmInterfaceImpl(30411): List [ResolveInfo{dd57599 com.huawei.hnreader/com.qq.reader.activity.SplashActivity m=0x108000}]
06-24 16:28:31.444 E/asset   (30411): createFromFile(): lock file /data/resource-cache/system@emui@base@overlay@frameworkhwexthonor@frameworkhwexthonor.apk@idmap.
06-24 16:28:31.444 E/asset   (30411): createFromFile(): lock file /data/resource-cache/system@emui@base@overlay@frameworkhwexthonor@frameworkhwexthonor.apk@idmap.
06-24 16:28:31.444 W/ResourceType(30411): Found multiple library tables, ignoring...
06-24 16:28:31.495 W/HSM     ( 1813): HoldService:toast switch is close!
06-24 16:28:31.496 D/ApplicationPackageManager(30411): queryIntentActivitiesAsUser blocked, Intent { act=android.intent.action.MAIN cat=[android.intent.category.LAUNCHER] pkg=com.twitter.android }
06-24 16:28:31.496 D/HsmInterfaceImpl(30411): List [ResolveInfo{d01a90c com.twitter.android/.StartActivity m=0x108000}]
06-24 16:28:31.554 W/HSM     ( 1813): HoldService:toast switch is close!
06-24 16:28:31.555 D/ApplicationPackageManager(30411): queryIntentActivitiesAsUser blocked, Intent { act=android.intent.action.MAIN cat=[android.intent.category.LAUNCHER] pkg=com.baidu.input_huawei }
06-24 16:28:31.555 D/HsmInterfaceImpl(30411): List []
06-24 16:28:31.561 W/HSM     ( 1813): HoldService:toast switch is close!
06-24 16:28:31.562 D/ApplicationPackageManager(30411): queryIntentActivitiesAsUser blocked, Intent { act=android.intent.action.MAIN cat=[android.intent.category.LAUNCHER] pkg=com.google.android.gms }
06-24 16:28:31.562 D/HsmInterfaceImpl(30411): List []
06-24 16:28:31.569 W/HSM     ( 1813): HoldService:toast switch is close!
06-24 16:28:31.570 D/ApplicationPackageManager(30411): queryIntentActivitiesAsUser blocked, Intent { act=android.intent.action.MAIN cat=[android.intent.category.LAUNCHER] pkg=com.sankuai.meituan }
06-24 16:28:31.570 D/HsmInterfaceImpl(30411): List [ResolveInfo{c317d5b com.sankuai.meituan/com.meituan.android.pt.homepage.activity.Welcome m=0x108000}]
06-24 16:28:31.583 D/HwWifiStatStore(  657): handleMessage : 200
06-24 16:28:31.659 W/HSM     ( 1813): HoldService:toast switch is close!
06-24 16:28:31.659 D/ApplicationPackageManager(30411): queryIntentActivitiesAsUser blocked, Intent { act=android.intent.action.MAIN cat=[android.intent.category.LAUNCHER] pkg=com.tencent.news }
06-24 16:28:31.659 D/HsmInterfaceImpl(30411): List [ResolveInfo{3273ed1 com.tencent.news/.activity.SplashActivity m=0x108000}]
06-24 16:28:31.672 I/Pged-IPgedBinderService(  769): ****action is 2, pid num is 6***
06-24 16:28:31.672 I/Pged-Freezer(  769): thawPids
06-24 16:28:31.683 D/PgedBinderAdapter( 1699): unfrz ok, pid: [29457, 29531, 14942, 15544, 24379]
06-24 16:28:31.699 I/appium  (24379): Null child 0/1, parent: android.view.accessibility.AccessibilityNodeInfo@97fb; boundsInParent: Rect(0, 0 - 1080, 1920); boundsInScreen: Rect(0, 0 - 1080, 1920); packageName: com.excelliance.dualaid; className: android.widget.FrameLayout; text: null; error: null; maxTextLength: -1; contentDescription: null; viewIdResName: android:id/content; checkable: false; checked: false; focusable: false; focused: false; selected: false; clickable: false; longClickable: false; contextClickable: false; enabled: true; password: false; scrollable: false; importantForAccessibility: false; actions: [AccessibilityAction: ACTION_SELECT - null, AccessibilityAction: ACTION_CLEAR_SELECTION - null, AccessibilityAction: ACTION_ACCESSIBILITY_FOCUS - null, AccessibilityAction: ACTION_SHOW_ON_SCREEN - null]
06-24 16:28:31.699 I/appium  (24379): Fetch time: 13ms
06-24 16:28:31.713 D/PMS1000 (  657): package:com.excelliance.dualaid, input flags:8192, output hwFlags:0
06-24 16:28:31.714 W/HSM     ( 1813): HoldService:toast switch is close!
06-24 16:28:31.716 D/ApplicationPackageManager(30411): queryIntentActivitiesAsUser blocked, Intent { act=android.intent.action.MAIN cat=[android.intent.category.LAUNCHER] pkg=com.iflytek.speechsuite }
06-24 16:28:31.716 D/HsmInterfaceImpl(30411): List []
06-24 16:28:31.719 I/appium  (24379): AppiumResponse: {"sessionId":"12d3f873-0ea4-4775-928a-9964d13dcd6c","status":0,"value":"<?xml version=\"1.0\" encoding=\"UTF-8\"?><hierarchy rotation=\"0\"><android.widget.FrameLayout index=\"0\" text=\"\" class=\"android.widget.FrameLayout\" package=\"com.excelliance.dualaid\" content-desc=\"\" checkable=\"false\" checked=\"false\" clickable=\"false\" enabled=\"true\" focusable=\"false\" focused=\"false\" scrollable=\"false\" long-clickable=\"false\" password=\"false\" selected=\"false\" bounds=\"[0,0][1080,1920]\" resource-id=\"\" instance=\"0\"><android.widget.LinearLayout index=\"0\" text=\"\" class=\"android.widget.LinearLayout\" package=\"com.excelliance.dualaid\" content-desc=\"\" checkable=\"false\" checked=\"false\" clickable=\"false\" enabled=\"true\" focusable=\"false\" focused=\"false\" scrollable=\"false\" long-clickable=\"false\" password=\"false\" selected=\"false\" bounds=\"[0,0][1080,1920]\" resource-id=\"\" instance=\"0\"><android.widget.FrameLayout index=\"0\" text=\"\" class=\"android.widget.FrameLayout\" package=\"com.excelliance.dualaid\" content-desc=\"\" checkable=\"false\" checked=\"false\" clickable=\"false\" enabled=\"true\" focusable=\"false\" focused=\"false\" scrollable=\"false\" long-clickable=\"false\" password=\"false\" selected=\"false\" bounds=\"[0,0][1080,1920]\" resource-id=\"android:id\/content\" instance=\"1\"\/><\/android.widget.LinearLayout><\/android.widget.FrameLayout><\/hierarchy>"}
06-24 16:28:31.722 W/HSM     ( 1813): HoldService:toast switch is close!
06-24 16:28:31.723 D/ApplicationPackageManager(30411): queryIntentActivitiesAsUser blocked, Intent { act=android.intent.action.MAIN cat=[android.intent.category.LAUNCHER] pkg=com.tencent.android.qqdownloader }
06-24 16:28:31.723 D/HsmInterfaceImpl(30411): List [ResolveInfo{d009437 com.tencent.android.qqdownloader/com.tencent.pangu.link.SplashActivity m=0x108000}]
06-24 16:28:31.734 W/libc    (  493): Set property "hw.wifi.dns_stat" to "34679,30066,5028,1,52749"
06-24 16:28:31.744 I/appium  (24379): channel read invoked!
06-24 16:28:31.745 I/appium  (24379): channel read: GET /wd/hub/session/12d3f873-0ea4-4775-928a-9964d13dcd6c/source
06-24 16:28:31.779 D/PMS1000 (  657): package:com.excelliance.dualaid, input flags:8192, output hwFlags:0
06-24 16:28:31.780 W/HSM     ( 1813): HoldService:toast switch is close!
06-24 16:28:31.782 D/ApplicationPackageManager(30411): queryIntentActivitiesAsUser blocked, Intent { act=android.intent.action.MAIN cat=[android.intent.category.LAUNCHER] pkg=com.ifreetalk.ftalk }
06-24 16:28:31.782 D/HsmInterfaceImpl(30411): List [ResolveInfo{42056c2 com.ifreetalk.ftalk/.activity.DummyActivity m=0x108000}]
06-24 16:28:31.783 I/appium  (24379): Skipping invisible child: android.view.accessibility.AccessibilityNodeInfo@12a63; boundsInParent: Rect(0, 0 - 1080, 186); boundsInScreen: Rect(0, 1920 - 1080, 1920); packageName: com.excelliance.dualaid; className: android.view.View; text: null; error: null; maxTextLength: -1; contentDescription: null; viewIdResName: com.excelliance.dualaid:id/first_start_ok_after; checkable: false; checked: false; focusable: false; focused: false; selected: false; clickable: false; longClickable: false; contextClickable: false; enabled: true; password: false; scrollable: false; importantForAccessibility: false; actions: [AccessibilityAction: ACTION_SELECT - null, AccessibilityAction: ACTION_CLEAR_SELECTION - null, AccessibilityAction: ACTION_ACCESSIBILITY_FOCUS - null, AccessibilityAction: ACTION_SHOW_ON_SCREEN - null]
06-24 16:28:31.784 I/appium  (24379): Skipping invisible child: android.view.accessibility.AccessibilityNodeInfo@131e5; boundsInParent: Rect(0, 0 - 1080, 72); boundsInScreen: Rect(0, 0 - 1080, 72); packageName: com.excelliance.dualaid; className: android.view.View; text: null; error: null; maxTextLength: -1; contentDescription: null; viewIdResName: null; checkable: false; checked: false; focusable: false; focused: false; selected: false; clickable: false; longClickable: false; contextClickable: false; enabled: true; password: false; scrollable: false; importantForAccessibility: false; actions: [AccessibilityAction: ACTION_SELECT - null, AccessibilityAction: ACTION_CLEAR_SELECTION - null, AccessibilityAction: ACTION_ACCESSIBILITY_FOCUS - null, AccessibilityAction: ACTION_SHOW_ON_SCREEN - null]
06-24 16:28:31.785 I/appium  (24379): Fetch time: 25ms
06-24 16:28:31.806 W/HSM     ( 1813): HoldService:toast switch is close!
06-24 16:28:31.807 D/ApplicationPackageManager(30411): queryIntentActivitiesAsUser blocked, Intent { act=android.intent.action.MAIN cat=[android.intent.category.LAUNCHER] pkg=com.taobao.taobao }
06-24 16:28:31.807 D/HsmInterfaceImpl(30411): List [ResolveInfo{8403cd3 com.taobao.taobao/com.taobao.tao.welcome.Welcome m=0x108000}]
06-24 16:28:31.810 D/NetWorkUtils( 1513): mVSimCurCardType is -1
06-24 16:28:31.811 W/ResourceType( 1513): No package identifier when getting value for resource number 0x00000000
06-24 16:28:31.812 E/HwNotchUtils( 1513): setIconForView iconId is not found
06-24 16:28:31.813 D/NetWorkUtils( 1513): mVSimCurCardType is -1
06-24 16:28:31.814 W/ResourceType( 1513): No package identifier when getting value for resource number 0x00000000
06-24 16:28:31.814 E/HwNotchUtils( 1513): setIconForView iconId is not found
06-24 16:28:31.822 I/appium  (24379): AppiumResponse: {"sessionId":"12d3f873-0ea4-4775-928a-9964d13dcd6c","status":0,"value":"<?xml version=\"1.0\" encoding=\"UTF-8\"?><hierarchy rotation=\"0\"><android.widget.FrameLayout index=\"0\" text=\"\" class=\"android.widget.FrameLayout\" package=\"com.excelliance.dualaid\" content-desc=\"\" checkable=\"false\" checked=\"false\" clickable=\"false\" enabled=\"true\" focusable=\"false\" focused=\"false\" scrollable=\"false\" long-clickable=\"false\" password=\"false\" selected=\"false\" bounds=\"[0,0][1080,1920]\" resource-id=\"\" instance=\"0\"><android.widget.LinearLayout index=\"0\" text=\"\" class=\"android.widget.LinearLayout\" package=\"com.excelliance.dualaid\" content-desc=\"\" checkable=\"false\" checked=\"false\" clickable=\"false\" enabled=\"true\" focusable=\"false\" focused=\"false\" scrollable=\"false\" long-clickable=\"false\" password=\"false\" selected=\"false\" bounds=\"[0,0][1080,1920]\" resource-id=\"\" instance=\"0\"><android.widget.FrameLayout index=\"0\" text=\"\" class=\"android.widget.FrameLayout\" package=\"com.excelliance.dualaid\" content-desc=\"\" checkable=\"false\" checked=\"false\" clickable=\"false\" enabled=\"true\" focusable=\"false\" focused=\"false\" scrollable=\"false\" long-clickable=\"false\" password=\"false\" selected=\"false\" bounds=\"[0,72][1080,1920]\" resource-id=\"android:id\/content\" instance=\"1\"><android.widget.LinearLayout index=\"0\" text=\"\" class=\"android.widget.LinearLayout\" package=\"com.excelliance.dualaid\" content-desc=\"\" checkable=\"false\" checked=\"false\" clickable=\"false\" enabled=\"true\" focusable=\"false\" focused=\"false\" scrollable=\"false\" long-clickable=\"false\" password=\"false\" selected=\"false\" bounds=\"[0,72][1080,1920]\" resource-id=\"\" instance=\"1\"><android.widget.RelativeLayout index=\"0\" text=\"\" class=\"android.widget.RelativeLayout\" package=\"com.excelliance.dualaid\" content-desc=\"\" checkable=\"false\" checked=\"false\" clickable=\"false\" enabled=\"true\" focusable=\"false\" focused=\"false\" scrollable=\"false\" long-clickable=\"false\" password=\"false\" selected=\"false\" bounds=\"[0,72][1080,240]\" resource-id=\"com.excelliance.dualaid:id\/top\" instance=\"0\"><android.widget.TextView index=\"0\" text=\"登录\/注册\" class=\"android.widget.TextView\" package=\"com.excelliance.dualaid\" content-desc=\"\" checkable=\"false\" checked=\"false\" clickable=\"true\" enabled=\"true\" focusable=\"true\" focused=\"false\" scrollable=\"false\" long-clickable=\"false\" password=\"false\" selected=\"false\" bounds=\"[36,111][221,201]\" resource-id=\"com.excelliance.dualaid:id\/tv_login_in\" instance=\"0\"\/><android.widget.TextView index=\"1\" text=\"双开助手\" class=\"android.widget.TextView\" package=\"com.excelliance.dualaid\" content-desc=\"\" checkable=\"false\" checked=\"false\" clickable=\"false\" enabled=\"true\" focusable=\"false\" focused=\"false\" scrollable=\"false\" long-clickable=\"false\" password=\"false\" selected=\"false\" bounds=\"[420,115][660,196]\" resource-id=\"com.excelliance.dualaid:id\/first_tv_back\" instance=\"1\"\/><android.widget.TextView index=\"2\" text=\"跳过\" class=\"android.widget.TextView\" package=\"com.excelliance.dualaid\" content-desc=\"\" checkable=\"false\" checked=\"false\" clickable=\"true\" enabled=\"true\" focusable=\"true\" focused=\"false\" scrollable=\"false\" long-clickable=\"false\" password=\"false\" selected=\"false\" bounds=\"[960,111][1044,201]\" resource-id=\"com.excelliance.dualaid:id\/jump_to\" instance=\"2\"\/><\/android.widget.RelativeLayout><android.widget.RelativeLayout index=\"1\" text=\"\" class=\"android.widget.RelativeLayout\" package=\"com.excelliance.dualaid\" content-desc=\"\" checkable=\"false\" checked=\"false\" clickable=\"false\" enabled=\"true\" focusable=\"false\" focused=\"false\" scrollable=\"false\" long-clickable=\"false\" password=\"false\" selected=\"false\" bounds=\"[0,240][1080,454]\" resource-id=\"com.excelliance.dualaid:id\/rl_note\" instance=\"1\"><android.widget.ImageView index=\"0\" text=\"\"
06-24 16:28:31.855 I/appium  (24379): channel read invoked!
06-24 16:28:31.856 I/appium  (24379): channel read: POST /wd/hub/session/12d3f873-0ea4-4775-928a-9964d13dcd6c/element
06-24 16:28:31.856 I/appium  (24379): Find element command
06-24 16:28:31.857 D/appium  (24379): payload: {"strategy":"id","selector":"com.excelliance.dualaid:id/first_start_ok","context":"","multiple":false}
06-24 16:28:31.857 I/appium  (24379): find element command using 'id' with selector 'com.excelliance.dualaid:id/first_start_ok'.
06-24 16:28:31.858 W/HSM     ( 1813): HoldService:toast switch is close!
06-24 16:28:31.859 D/ApplicationPackageManager(30411): queryIntentActivitiesAsUser blocked, Intent { act=android.intent.action.MAIN cat=[android.intent.category.LAUNCHER] pkg=com.android.gallery3d }
06-24 16:28:31.859 D/HsmInterfaceImpl(30411): List [ResolveInfo{e51f709 com.android.gallery3d/com.huawei.gallery.app.GalleryMain m=0x108000}]
06-24 16:28:31.866 E/asset   (30411): createFromFile(): lock file /data/resource-cache/system@emui@base@overlay@frameworkhwexthonor@frameworkhwexthonor.apk@idmap.
06-24 16:28:31.866 E/asset   (30411): createFromFile(): lock file /data/resource-cache/system@emui@base@overlay@frameworkhwexthonor@frameworkhwexthonor.apk@idmap.
06-24 16:28:31.867 W/ResourceType(30411): Found multiple library tables, ignoring...
06-24 16:28:31.872 I/appium  (24379): AppiumResponse: {"sessionId":"12d3f873-0ea4-4775-928a-9964d13dcd6c","status":0,"value":{"ELEMENT":"2cdb2acf-927b-4e45-81c0-286dd3f54e28"}}
06-24 16:28:31.897 I/appium  (24379): channel read invoked!
06-24 16:28:31.897 I/appium  (24379): channel read: GET /wd/hub/session/12d3f873-0ea4-4775-928a-9964d13dcd6c/source
06-24 16:28:31.926 W/HSM     ( 1813): HoldService:toast switch is close!
06-24 16:28:31.927 D/ApplicationPackageManager(30411): queryIntentActivitiesAsUser blocked, Intent { act=android.intent.action.MAIN cat=[android.intent.category.LAUNCHER] pkg=com.pp.assistant }
06-24 16:28:31.927 D/HsmInterfaceImpl(30411): List [ResolveInfo{7c76d3c com.pp.assistant/.activity.MainActivity m=0x108000}]
