06-24 17:02:43.442 V/WindowManager(  657): addAppToken: AppWindowToken{e1e9ccf token=Token{c14892e ActivityRecord{bcffa9 u0 com.excelliance.dualaid/com.excelliance.kxqp.ui.HelloActivity t16074}}} controller={TaskWindowContainerController taskId=16074} at 2147483647
06-24 17:02:43.442 W/ResourceType( 2519): No known package when getting name for resource number 0x9c010000
06-24 17:02:43.443 W/ResourceType( 2519): No known package when getting name for resource number 0x9c010100
06-24 17:02:43.443 W/ResourceType( 2519): No known package when getting name for resource number 0x9c010200
06-24 17:02:43.443 I/PGServer( 1699): android calls fast hibernateApps
06-24 17:02:43.443 I/AppFastHibernation( 1699): fast hibernate duration: 1500 reason: start activity
06-24 17:02:43.444 W/ResourceType( 2519): No known package when getting name for resource number 0x9c010300
06-24 17:02:43.444 I/Pged-IPgedBinderService(  769): ****action is 1, pid num is 7***
06-24 17:02:43.444 I/Pged-Freezer(  769): freezePids
06-24 17:02:43.444 I/Pged-Freezer(  769): Freeze process: 29457
06-24 17:02:43.444 W/ResourceType( 2519): No known package when getting name for resource number 0x9c010001
06-24 17:02:43.444 I/Pged-Freezer(  769): Freeze process: 19894
06-24 17:02:43.444 I/Pged-Freezer(  769): Freeze process: 29531
06-24 17:02:43.445 I/Pged-Freezer(  769): Freeze process: 31476
06-24 17:02:43.445 W/ResourceType( 2519): No known package when getting name for resource number 0x9c010101
06-24 17:02:43.445 I/Pged-Freezer(  769): Freeze process: 32085
06-24 17:02:43.445 I/Pged-Freezer(  769): Freeze process: 6296
06-24 17:02:43.445 W/ResourceType( 2519): No known package when getting name for resource number 0x9c010201
06-24 17:02:43.445 D/PgedBinderAdapter( 1699): frz ok, pid: [29457, 19894, 29531, 31476, 32085, 6296]
06-24 17:02:43.446 W/ResourceType( 2519): No known package when getting name for resource number 0x9c010301
06-24 17:02:43.446 W/ResourceType( 2519): No known package when getting name for resource number 0x9c010002
06-24 17:02:43.447 W/ResourceType( 2519): No known package when getting name for resource number 0x9c010102
06-24 17:02:43.448 W/ResourceType( 2519): No known package when getting name for resource number 0x9c010202
06-24 17:02:43.448 W/ResourceType( 2519): No known package when getting name for resource number 0x9c010302
06-24 17:02:43.448 D/PMS1000 (  657): package:com.excelliance.dualaid, input flags:1, output hwFlags:0
06-24 17:02:43.449 W/ResourceType( 2519): No known package when getting name for resource number 0x9c010003
06-24 17:02:43.449 W/ResourceType( 2519): No known package when getting name for resource number 0x9c010103
06-24 17:02:43.450 W/ResourceType( 2519): No known package when getting name for resource number 0x9c010203
06-24 17:02:43.450 W/ResourceType( 2519): No known package when getting name for resource number 0x9c010303
06-24 17:02:43.451 W/ResourceType( 2519): No known package when getting name for resource number 0x9c010004
06-24 17:02:43.451 W/ResourceType( 2519): No known package when getting name for resource number 0x9c010104
06-24 17:02:43.451 W/ResourceType( 2519): No known package when getting name for resource number 0x9c010204
06-24 17:02:43.452 W/ResourceType( 2519): No known package when getting name for resource number 0x9c010304
06-24 17:02:43.455 D/MotionDetectionManager( 2519): stopMotionAppsReco motionApps: 403
06-24 17:02:43.455 D/MotionDetectionManager( 2519): stopMotionAppsReco not recognition motionApps 403
06-24 17:02:43.455 W/HwLauncher( 2519): Launcher.MotionManager stopMotionAppsReco service flg 403 is unavailable
06-24 17:02:43.456 V/ActivityManager(  657): startProcess: name=com.excelliance.dualaid:olle app=null knownToBeDead=true thread=null pid=-1
06-24 17:02:43.457 D/PMS1000 (  657): package:com.excelliance.dualaid, input flags:0, output hwFlags:0
06-24 17:02:43.467 I/        ( 6599): power log dlsym ok
06-24 17:02:43.467 I/ActivityManager(  657): Start proc 6599:com.excelliance.dualaid:olle/u0a1425 for activity com.excelliance.dualaid/com.excelliance.kxqp.ui.HelloActivity
06-24 17:02:43.469 V/WindowManager(  657): No longer Stopped: AppWindowToken{e1e9ccf token=Token{c14892e ActivityRecord{bcffa9 u0 com.excelliance.dualaid/com.excelliance.kxqp.ui.HelloActivity t16074}}}
06-24 17:02:43.469 V/ActivityManager(  657): startProcess: name=com.excelliance.dualaid:olle app=ProcessRecord{dea065c 6599:com.excelliance.dualaid:olle/u0a1425} knownToBeDead=true thread=null pid=6599
06-24 17:02:43.470 I/zygote  ( 6599): Reinit property: dalvik.vm.checkjni= false
06-24 17:02:43.479 D/ActivityThread( 6599): ActivityThread,attachApplication
06-24 17:02:43.480 D/ActivityManager(  657): ActivityManagerService,attachApplication,callingPid = 6599
06-24 17:02:43.484 V/WindowManager(  657): No longer Stopped: AppWindowToken{e1e9ccf token=Token{c14892e ActivityRecord{bcffa9 u0 com.excelliance.dualaid/com.excelliance.kxqp.ui.HelloActivity t16074}}}
06-24 17:02:43.495 V/WindowManager(  657): findFocusedWindow: AppWindowToken{d3a938b token=Token{377755a ActivityRecord{d5c9105 u0 com.huawei.android.launcher/.unihome.UniHomeLauncher t15658}}} below Reached focused app=AppWindowToken{e1e9ccf token=Token{c14892e ActivityRecord{bcffa9 u0 com.excelliance.dualaid/com.excelliance.kxqp.ui.HelloActivity t16074}}}
06-24 17:02:43.495 D/ScenarioService( 1699): front pkg : com.excelliance.dualaid launcher: false
06-24 17:02:43.495 D/ScenarioService( 1699): new above launcher front pkgs: [com.excelliance.dualaid]
06-24 17:02:43.496 I/AppsUsage( 1699): scnOff:false FgAPP:com.excelliance.dualaid BgAPP:com.huawei.android.launcher
06-24 17:02:43.497 D/EmcomManagerService(  657): forePackage name is com.excelliance.dualaid
06-24 17:02:43.497 D/HicomPolicyManager(  657): foreAppInfo = nullpkgName = com.excelliance.dualaid uid= 11425
06-24 17:02:43.497 E/HicomPolicyManager(  657): udp acc is not start yet!
06-24 17:02:43.497 D/HicomPolicyManager(  657): speed control is not start
06-24 17:02:43.497 E/HicomPolicyManager(  657): Network Evaluation is not start yet!
06-24 17:02:43.497 E/HicomPolicyManager(  657): foreground app info is null
06-24 17:02:43.500 D/[HwRecSys]HwRecSysService( 2647): onEvent actionID: 10000 msg:com.excelliance.dualaid		
06-24 17:02:43.500 E/[HwRecSys]HwRecSysService( 2647): getIsRportDirectService is false!
06-24 17:02:43.500 V/WindowManager(  657): Checking 1 opening apps (frozen=false timeout=false)...
06-24 17:02:43.500 V/WindowManager(  657): Check opening app=AppWindowToken{e1e9ccf token=Token{c14892e ActivityRecord{bcffa9 u0 com.excelliance.dualaid/com.excelliance.kxqp.ui.HelloActivity t16074}}}: allDrawn=false startingDisplayed=false startingMoved=false isRelaunching()=false
06-24 17:02:43.501 I/PGServer( 1699): report state:10010 event type:2 pid:0 uid:0 pkg:com.huawei.android.launcher to pid: 657
06-24 17:02:43.501 I/PGServer( 1699): report state:10010 event type:2 pid:0 uid:0 pkg:com.huawei.android.launcher to pid: 1699
06-24 17:02:43.501 I/SceneReceiver( 1699): state type: 10010 eventType:2 pid:0 uid:0 pkg:com.huawei.android.launcher
06-24 17:02:43.501 I/PGServer( 1699): report state:10000 event type:1 pid:0 uid:0 pkg:com.excelliance.dualaid to pid: 657
06-24 17:02:43.501 I/PGServer( 1699): report state:10000 event type:1 pid:0 uid:0 pkg:com.excelliance.dualaid to pid: 1699
06-24 17:02:43.501 I/SceneReceiver( 1699): state type: 10000 eventType:1 pid:0 uid:0 pkg:com.excelliance.dualaid
06-24 17:02:43.501 D/HwThermalStateManager( 1699): current foreapp pkg : com.excelliance.dualaid
06-24 17:02:43.501 I/PGServer( 1699): checkPkgType. calling pkg: android
06-24 17:02:43.501 I/PGServer( 1699): checkPkgType. calling pkg: android
06-24 17:02:43.504 D/HwQoEUtils(  657): mForegroundAppPackageName: com.excelliance.dualaid:olle ,score: 0
06-24 17:02:43.504 D/HwQoEUtils(  657): APP type: -1 appName= com.excelliance.dualaid:olle
06-24 17:02:43.504 D/HwQoEUtils(  657): RealAppName:com.excelliance.dualaid
06-24 17:02:43.504 D/HwQoEUtils(  657): no game, APP_TYPE_GAME, appName =com.excelliance.dualaid:olle
06-24 17:02:43.504 D/HwGameAssistantController(  657): pid=6599, uid=11425, foreground=true
06-24 17:02:43.505 W/AwareLog(  657): SchedLevelBoost: onFgActivitiesChanged config not set!
06-24 17:02:43.505 W//system/bin/hwservicemanager(  416): Cannot open /odm/manifest.xml
06-24 17:02:43.506 W/libc    ( 1699): Set property "sys.aps.gameProcessName" to ""
06-24 17:02:43.508 I/HwNetworkPolicy(  657): onTransact, code = 203
06-24 17:02:43.508 I/HwNetworkPolicyManager( 1813): getHwUidPolicy uid = 11425 policy = 0
06-24 17:02:43.508 W/libc    ( 1699): Set property "sys.aps.browserProcessName" to ""
06-24 17:02:43.518 W//system/bin/hwservicemanager(  416): Cannot open /odm/manifest.xml
06-24 17:02:43.519 D/HwFLClassLoader( 6599): get used feature list :/feature/used-list failed!
06-24 17:02:43.519 D/HwFLClassLoader( 6599): USE_FEATURE_LIST had not init! 
06-24 17:02:43.520 I/GRALLOC (  679): 	 shrFd=10,fmt=0x1,intFmt=0x1,btStrd=256,size=4096,pid=679 
06-24 17:02:43.520 I/GRALLOC (  679): 	 yuv=2,w=16,h=16,Stride u=0 v=0,offset u=0 v=0 
06-24 17:02:43.520 I/GRALLOC (  679): 	 iova_size=4096,conUsg=0x100,proUsg=0x100,	 strd=64,[afbc]HdrStrd=0 PyldStrd=0 Scrmbl=0,ionhnd = 1 
06-24 17:02:43.539 E/MemoryLeakMonitorManager( 6599): MemoryLeakMonitor.jar is not exist!
06-24 17:02:43.540 D/KXQPApplication( 6599): run: initUserManager
06-24 17:02:43.540 D/CrashHandler( 6599): CrashHandler
06-24 17:02:43.541 E/Minikin ( 6599): Could not get cmap table size!
06-24 17:02:43.541 D/PMS11425(  657): package:com.excelliance.dualaid, input flags:128, output hwFlags:0
06-24 17:02:43.551 I/HwCust  ( 6599): Constructor found for class android.app.HwCustActivityImpl
06-24 17:02:43.551 D/HwCust  ( 6599): Create obj success use class android.app.HwCustActivityImpl
06-24 17:02:43.553 V/HwPolicyFactory( 6599): : success to get AllImpl object and return....
06-24 17:02:43.555 I/HwCust  ( 6599): Constructor found for class android.app.HwCustHwWallpaperManagerImpl
06-24 17:02:43.555 D/HwCust  ( 6599): Create obj success use class android.app.HwCustHwWallpaperManagerImpl
06-24 17:02:43.556 D/PMS11425(  657): package:com.excelliance.dualaid, input flags:0, output hwFlags:0
06-24 17:02:43.557 V/HwWidgetFactory( 6599): : successes to get AllImpl object and return....
06-24 17:02:43.558 V/ActivityThread( 6599): ActivityThread,callActivityOnCreate
06-24 17:02:43.559 D/HelloActivity( 6599): Memory:25139M
06-24 17:02:43.560 D/HelloActivity( 6599): onCreate: true
06-24 17:02:43.562 D/HelloActivity( 6599): is code boot
06-24 17:02:43.565 D/HelloActivity( 6599): mIsNav = false
06-24 17:02:43.570 D/HwWifiStatStore(  657): handleMessage : 200
06-24 17:02:43.570 D/HwRecentsLockUtils( 1513): Search
06-24 17:02:43.571 E/HsmCoreServiceImpl( 1478): onTransact in code is: 103
06-24 17:02:43.571 I/MediaProcessHandler( 1478): playingUids: 
06-24 17:02:43.571 D/ActivityManager(  657): Skipping, home or recents stack task: TaskRecord{333215f #15658 A=com.huawei.android.launcher U=0 StackId=0 sz=1}
06-24 17:02:43.571 D/ActivityManager(  657): Skipping intent:flg=0x18800000 cmp=com.tencent.mm/.plugin.base.stub.WXPayEntryActivity
06-24 17:02:43.571 D/ActivityManager(  657): Skipping intent:act=android.intent.action.MAIN cat=[android.intent.category.LAUNCHER] flg=0x10a00000 cmp=io.appium.settings/.Settings
06-24 17:02:43.571 D/ActivityManager(  657): Skipping intent:flg=0x10804000 cmp=com.android.systemui/.recents.RecentsActivity bnds=[48,928][1032,2296]
06-24 17:02:43.571 D/ActivityManager(  657): Skipping intent:flg=0x10800000 cmp=com.huawei.systemmanager/com.huawei.permissionmanager.ui.MainActivity
06-24 17:02:43.571 D/ActivityManager(  657): Skipping intent:flg=0x18800000 cmp=com.tencent.mm/.plugin.base.stub.WXEntryActivity
06-24 17:02:43.571 D/ActivityManager(  657): Skipping intent:act=com.huawei.action.VOICE_ASSISTANT flg=0x10800000 pkg=com.huawei.vassistant cmp=com.huawei.vassistant/.ui.main.VAssistantActivity
06-24 17:02:43.571 D/ActivityManager(  657): Skipping intent:act=com.huawei.android.launcher.action.ACCESS_SPLIT_SCREEN_APP cat=[android.intent.category.DEFAULT] flg=0x10804000 cmp=com.huawei.android.launcher/.splitscreen.SplitScreenAppActivity
06-24 17:02:43.571 D/ActivityManager(  657): Skipping intent:flg=0x10800000 pkg=com.excelliance.dualaid.b64 cmp=com.excelliance.dualaid.b64/com.excelliance.kxqp.sdk.PermissionRequestActivity
06-24 17:02:43.571 D/ActivityManager(  657): Skipping intent:act=android.intent.action.VIEW dat=content://com.excelliance.dualaid.fileProvider/external_storage_root/Download/apk/Multiple_64.apk typ=application/vnd.android.package-archive flg=0x10800001 cmp=com.android.packageinstaller/.InstallStart
06-24 17:02:43.571 D/ActivityManager(  657): Skipping intent:flg=0x10800000 cmp=com.android.systemui/.usb.HwUsbDebuggingActivity
06-24 17:02:43.571 D/ActivityManager(  657): Skipping intent:act=android.deviceinfo.chooser.action.LAUNCH flg=0x10800000 hwFlg=0x100 pkg=com.android.settings cmp=com.android.settings/.deviceinfo.UsbConnModeChooserActivity
06-24 17:02:43.571 D/ActivityManager(  657): Skipping intent:flg=0x10800000 cmp=com.zol.android/.push.KeepLiveActivity
06-24 17:02:43.571 D/ActivityManager(  657): Skipping intent:act=android.intent.action.MAIN cat=[android.intent.category.HOME] flg=0x10800300 cmp=com.android.settings/.FallbackHome
06-24 17:02:43.572 D/HttpUtils( 6599): getDownloadMode()
06-24 17:02:43.572 D/NetUtils( 6599): init inited = true
06-24 17:02:43.573 D/HelloActivity( 6599): enter Nav2
06-24 17:02:43.577 D/NetworkSecurityConfig( 6599): No Network Security Config specified, using platform default
06-24 17:02:43.578 I/ActivityManager(  657): START u0 {pkg=com.excelliance.dualaid cmp=com.excelliance.dualaid/com.excelliance.kxqp.swipe.NavActivity2 (has extras)} from uid 11425
06-24 17:02:43.579 I/ActivityManager(  657): ActivityRecord info: ActivityInfo{5858f2a com.excelliance.kxqp.swipe.NavActivity2}
06-24 17:02:43.579 V/WindowManager(  657): findFocusedWindow: AppWindowToken{d3a938b token=Token{377755a ActivityRecord{d5c9105 u0 com.huawei.android.launcher/.unihome.UniHomeLauncher t15658}}} below Reached focused app=AppWindowToken{e1e9ccf token=Token{c14892e ActivityRecord{bcffa9 u0 com.excelliance.dualaid/com.excelliance.kxqp.ui.HelloActivity t16074}}}
06-24 17:02:43.581 V/WindowManager(  657): addAppToken: AppWindowToken{95b56c7 token=Token{df89006 ActivityRecord{413fae1 u0 com.excelliance.dualaid/com.excelliance.kxqp.swipe.NavActivity2 t16074}}} controller={TaskWindowContainerController taskId=16074} at 2147483647
06-24 17:02:43.588 V/ActivityManager(  657): startProcess: name=com.excelliance.dualaid app=null knownToBeDead=true thread=null pid=-1
06-24 17:02:43.588 D/PMS1000 (  657): package:com.excelliance.dualaid, input flags:0, output hwFlags:0
06-24 17:02:43.594 I/ActivityManager(  657): Start proc 6628:com.excelliance.dualaid/u0a1425 for service com.excelliance.dualaid/com.excelliance.kxqp.SmtServService
06-24 17:02:43.595 I/        ( 6628): power log dlsym ok
06-24 17:02:43.597 I/zygote  ( 6628): Reinit property: dalvik.vm.checkjni= false
06-24 17:02:43.604 D/HwNetworkManagementService(  657): code == CODE_GET_AD_KEY_LIST
06-24 17:02:43.604 D/HwNetworkManagementService(  657): appName = com.excelliance.dualaid  is not in the mAdViewMap! reply none
06-24 17:02:43.604 D/HwNetworkManagementService(  657): appName = com.excelliance.dualaid  is not in the mAdIdMap! reply none
06-24 17:02:43.605 D/ActivityThread( 6599): add activity client record, r= ActivityRecord{cbe2ddc token=android.os.BinderProxy@d13fa03 {com.excelliance.dualaid/com.excelliance.kxqp.ui.HelloActivity}} token= android.os.BinderProxy@d13fa03
06-24 17:02:43.605 D/ActivityThread( 6628): ActivityThread,attachApplication
06-24 17:02:43.605 D/ActivityManager(  657): ActivityManagerService,attachApplication,callingPid = 6628
06-24 17:02:43.608 V/WindowManager(  657): No longer Stopped: AppWindowToken{95b56c7 token=Token{df89006 ActivityRecord{413fae1 u0 com.excelliance.dualaid/com.excelliance.kxqp.swipe.NavActivity2 t16074}}}
06-24 17:02:43.608 D/ActivityManager(  657): allPausedActivitiesComplete: r=ActivityRecord{bcffa9 u0 com.excelliance.dualaid/com.excelliance.kxqp.ui.HelloActivity t16074 f} state=PAUSING
06-24 17:02:43.613 W//system/bin/hwservicemanager(  416): Cannot open /odm/manifest.xml
06-24 17:02:43.614 V/WindowManager(  657): No longer Stopped: AppWindowToken{95b56c7 token=Token{df89006 ActivityRecord{413fae1 u0 com.excelliance.dualaid/com.excelliance.kxqp.swipe.NavActivity2 t16074}}}
06-24 17:02:43.618 V/WindowManager(  657): Checking 1 opening apps (frozen=false timeout=false)...
06-24 17:02:43.619 V/WindowManager(  657): Check opening app=AppWindowToken{95b56c7 token=Token{df89006 ActivityRecord{413fae1 u0 com.excelliance.dualaid/com.excelliance.kxqp.swipe.NavActivity2 t16074}}}: allDrawn=false startingDisplayed=false startingMoved=false isRelaunching()=false
06-24 17:02:43.619 W/X509TrustManager( 6599): checkServerTrusted: SignatureException:null
06-24 17:02:43.619 W/X509TrustManager( 6599): checkServerTrusted: SignatureException:error:04000073:RSA routines:OPENSSL_internal:DATA_TOO_LARGE_FOR_MODULUS
06-24 17:02:43.621 D/HwCust  ( 6599): Create obj success use class android.app.HwCustActivityImpl
06-24 17:02:43.621 D/HwCust  ( 6599): Create obj success use class android.app.HwCustHwWallpaperManagerImpl
06-24 17:02:43.622 V/ActivityThread( 6599): ActivityThread,callActivityOnCreate
06-24 17:02:43.623 D/NetWorkUtils( 1513): mVSimCurCardType is -1
06-24 17:02:43.623 D/NetWorkUtils( 1513): mVSimCurCardType is -1
06-24 17:02:43.625 D/NavActivity2( 6599): onCreate
06-24 17:02:43.629 W//system/bin/hwservicemanager(  416): Cannot open /odm/manifest.xml
06-24 17:02:43.631 I/GRALLOC (  679): 	 shrFd=10,fmt=0x1,intFmt=0x1,btStrd=256,size=4096,pid=679 
06-24 17:02:43.631 I/GRALLOC (  679): 	 yuv=2,w=16,h=16,Stride u=0 v=0,offset u=0 v=0 
06-24 17:02:43.631 I/GRALLOC (  679): 	 iova_size=4096,conUsg=0x100,proUsg=0x100,	 strd=64,[afbc]HdrStrd=0 PyldStrd=0 Scrmbl=0,ionhnd = 1 
06-24 17:02:43.631 W/Utils   ( 6599): Utils_isSuperResolutionSupport [load libai_client.so failed]
06-24 17:02:43.633 D/CubicBezierInterpolator( 6599): CubicBezierInterpolator  mControlPoint1x = 0.23, mControlPoint1y = 0.06, mControlPoint2x = 0.09, mControlPoint2y = 0.97
06-24 17:02:43.633 D/CubicBezierInterpolator( 6599): CubicBezierInterpolator  mControlPoint1x = 0.6, mControlPoint1y = 0.9, mControlPoint2x = 0.8, mControlPoint2y = 1.0
06-24 17:02:43.634 D/CubicBezierInterpolator( 6599): CubicBezierInterpolator  mControlPoint1x = 0.23, mControlPoint1y = 0.06, mControlPoint2x = 0.09, mControlPoint2y = 0.97
06-24 17:02:43.634 D/CubicBezierInterpolator( 6599): CubicBezierInterpolator  mControlPoint1x = 0.6, mControlPoint1y = 0.9, mControlPoint2x = 0.8, mControlPoint2y = 1.0
06-24 17:02:43.634 D/CubicBezierInterpolator( 6599): CubicBezierInterpolator  mControlPoint1x = 0.23, mControlPoint1y = 0.06, mControlPoint2x = 0.09, mControlPoint2y = 0.97
06-24 17:02:43.634 D/CubicBezierInterpolator( 6599): CubicBezierInterpolator  mControlPoint1x = 0.6, mControlPoint1y = 0.9, mControlPoint2x = 0.8, mControlPoint2y = 1.0
06-24 17:02:43.634 D/CubicBezierInterpolator( 6599): CubicBezierInterpolator  mControlPoint1x = 0.23, mControlPoint1y = 0.06, mControlPoint2x = 0.09, mControlPoint2y = 0.97
06-24 17:02:43.634 D/CubicBezierInterpolator( 6599): CubicBezierInterpolator  mControlPoint1x = 0.6, mControlPoint1y = 0.9, mControlPoint2x = 0.8, mControlPoint2y = 1.0
06-24 17:02:43.638 D/HwFLClassLoader( 6628): get used feature list :/feature/used-list failed!
06-24 17:02:43.638 D/HwFLClassLoader( 6628): USE_FEATURE_LIST had not init! 
06-24 17:02:43.641 D/HwRTBlurUtils( 6599): check blur style for HwPhoneWindow-, themeResId : 0x7f0e000a, context : com.excelliance.kxqp.swipe.NavActivity2@794246b, Nhwext : 0, get Blur : disable with , null
06-24 17:02:43.642 D/HwRTBlurUtils( 6599): check blur style for HwPhoneWindow-, themeResId : 0x7f0e000a, context : com.excelliance.kxqp.swipe.NavActivity2@794246b, Nhwext : 0, get Blur : disable with , null
06-24 17:02:43.642 E/test    ( 6599): hw notch screen flag api error
06-24 17:02:43.644 D/ActivityThread( 6599): add activity client record, r= ActivityRecord{414755e token=android.os.BinderProxy@31abee5 {com.excelliance.dualaid/com.excelliance.kxqp.swipe.NavActivity2}} token= android.os.BinderProxy@31abee5
06-24 17:02:43.645 E/ViewUtils( 6599): setBgColor: view==null:top
06-24 17:02:43.648 I/zygote64(  657): Background concurrent copying GC freed 247285(16MB) AllocSpace objects, 156(50MB) LOS objects, 30% free, 54MB/78MB, paused 379us total 189.245ms
06-24 17:02:43.652 D/OpenGLRenderer( 6599):   HWUI Binary is  enabled
06-24 17:02:43.653 D/SurfaceFlinger(  710): SurfaceFlinger: getDisplayConfigs--3.000000, 1080, 1920
06-24 17:02:43.653 I/chatty  (  710): uid=1000(system) Binder:710_1 identical 1 line
06-24 17:02:43.653 D/SurfaceFlinger(  710): SurfaceFlinger: getDisplayConfigs--3.000000, 1080, 1920
06-24 17:02:43.654 D/OpenGLRenderer( 6599): HWUI GL Pipeline
06-24 17:02:43.658 D/PMS11425(  657): package:com.excelliance.dualaid, input flags:128, output hwFlags:0
06-24 17:02:43.658 V/WindowManager(  657): Adding Window{612b0db u0 com.excelliance.dualaid/com.excelliance.kxqp.swipe.NavActivity2} to AppWindowToken{95b56c7 token=Token{df89006 ActivityRecord{413fae1 u0 com.excelliance.dualaid/com.excelliance.kxqp.swipe.NavActivity2 t16074}}}
06-24 17:02:43.658 V/WindowManager(  657): addWindow: New client android.os.BinderProxy@27375ea: window=Window{612b0db u0 com.excelliance.dualaid/com.excelliance.kxqp.swipe.NavActivity2} Callers=com.android.server.wm.HwWindowManagerService.addWindow:562 com.android.server.wm.Session.addToDisplay:199 android.view.IWindowSession$Stub.onTransact:124 com.android.server.wm.Session.onTransact:161 android.os.Binder.execTransact:675 
06-24 17:02:43.662 D/PMS11425(  657): package:com.excelliance.dualaid, input flags:128, output hwFlags:0
06-24 17:02:43.663 D/HttpUtils( 6599): getResponseCode():200
06-24 17:02:43.663 D/WHEG    ( 6599): {"status":"0","controls":"","skip":"0"}
06-24 17:02:43.668 D/HwGalleryCacheManagerImpl( 6599): mIsEffect:false
06-24 17:02:43.669 D/PMS11425(  657): package:com.excelliance.dualaid, input flags:128, output hwFlags:0
06-24 17:02:43.669 V/WindowManager(  657): Checking 1 opening apps (frozen=false timeout=false)...
06-24 17:02:43.669 V/WindowManager(  657): Check opening app=AppWindowToken{95b56c7 token=Token{df89006 ActivityRecord{413fae1 u0 com.excelliance.dualaid/com.excelliance.kxqp.swipe.NavActivity2 t16074}}}: allDrawn=false startingDisplayed=false startingMoved=false isRelaunching()=false
06-24 17:02:43.670 D/PMS11425(  657): package:com.excelliance.dualaid, input flags:128, output hwFlags:0
06-24 17:02:43.675 I/chatty  (  657): uid=1000(system) Binder:657_20 identical 1 line
06-24 17:02:43.676 D/PMS11425(  657): package:com.excelliance.dualaid, input flags:128, output hwFlags:0
06-24 17:02:43.676 D/PMS11425(  657): package:com.excelliance.dualaid, input flags:128, output hwFlags:0
06-24 17:02:43.709 W/dex2oat ( 6660): Using default instruction set features for ARM CPU variant (default) using conservative defaults
06-24 17:02:43.710 I/dex2oat ( 6660): /system/bin/dex2oat -j4 --dex-file=/data/data/com.excelliance.dualaid/.platformcache/main.jar --output-vdex-fd=48 --oat-fd=49 --oat-location=/data/data/com.excelliance.dualaid/.platformcache/oat/arm/main.odex --compiler-filter=quicken
06-24 17:02:43.711 I/cutils-trace( 6660): atrace_init_once, trace_marker_path = /sys/kernel/debug/tracing/trace_marker
06-24 17:02:43.718 D/HwRecentsLockUtils( 1513): Search
06-24 17:02:43.718 E/HsmCoreServiceImpl( 1478): onTransact in code is: 103
06-24 17:02:43.719 I/MediaProcessHandler( 1478): playingUids: 
06-24 17:02:43.719 D/ActivityManager(  657): Skipping, home or recents stack task: TaskRecord{333215f #15658 A=com.huawei.android.launcher U=0 StackId=0 sz=1}
06-24 17:02:43.719 D/ActivityManager(  657): Skipping intent:flg=0x18800000 cmp=com.tencent.mm/.plugin.base.stub.WXPayEntryActivity
06-24 17:02:43.719 D/ActivityManager(  657): Skipping intent:act=android.intent.action.MAIN cat=[android.intent.category.LAUNCHER] flg=0x10a00000 cmp=io.appium.settings/.Settings
06-24 17:02:43.719 D/ActivityManager(  657): Skipping intent:flg=0x10804000 cmp=com.android.systemui/.recents.RecentsActivity bnds=[48,928][1032,2296]
06-24 17:02:43.719 D/ActivityManager(  657): Skipping intent:flg=0x10800000 cmp=com.huawei.systemmanager/com.huawei.permissionmanager.ui.MainActivity
06-24 17:02:43.719 D/ActivityManager(  657): Skipping intent:flg=0x18800000 cmp=com.tencent.mm/.plugin.base.stub.WXEntryActivity
06-24 17:02:43.719 D/ActivityManager(  657): Skipping intent:act=com.huawei.action.VOICE_ASSISTANT flg=0x10800000 pkg=com.huawei.vassistant cmp=com.huawei.vassistant/.ui.main.VAssistantActivity
06-24 17:02:43.719 D/ActivityManager(  657): Skipping intent:act=com.huawei.android.launcher.action.ACCESS_SPLIT_SCREEN_APP cat=[android.intent.category.DEFAULT] flg=0x10804000 cmp=com.huawei.android.launcher/.splitscreen.SplitScreenAppActivity
06-24 17:02:43.719 D/ActivityManager(  657): Skipping intent:flg=0x10800000 pkg=com.excelliance.dualaid.b64 cmp=com.excelliance.dualaid.b64/com.excelliance.kxqp.sdk.PermissionRequestActivity
06-24 17:02:43.719 D/ActivityManager(  657): Skipping intent:act=android.intent.action.VIEW dat=content://com.excelliance.dualaid.fileProvider/external_storage_root/Download/apk/Multiple_64.apk typ=application/vnd.android.package-archive flg=0x10800001 cmp=com.android.packageinstaller/.InstallStart
06-24 17:02:43.719 D/ActivityManager(  657): Skipping intent:flg=0x10800000 cmp=com.android.systemui/.usb.HwUsbDebuggingActivity
06-24 17:02:43.719 D/ActivityManager(  657): Skipping intent:act=android.deviceinfo.chooser.action.LAUNCH flg=0x10800000 hwFlg=0x100 pkg=com.android.settings cmp=com.android.settings/.deviceinfo.UsbConnModeChooserActivity
06-24 17:02:43.719 D/ActivityManager(  657): Skipping intent:flg=0x10800000 cmp=com.zol.android/.push.KeepLiveActivity
06-24 17:02:43.719 D/ActivityManager(  657): Skipping intent:act=android.intent.action.MAIN cat=[android.intent.category.HOME] flg=0x10800300 cmp=com.android.settings/.FallbackHome
06-24 17:02:43.739 D/MainActivity( 6599): instantiateItem: 2	android.widget.RelativeLayout{d00e2b1 V.E...... ......I. 0,0-0,0}
06-24 17:02:43.740 D/MainActivity( 6599): initPage3: 
06-24 17:02:43.743 V/WindowManager(  657): Checking 1 opening apps (frozen=false timeout=false)...
06-24 17:02:43.743 V/WindowManager(  657): Check opening app=AppWindowToken{95b56c7 token=Token{df89006 ActivityRecord{413fae1 u0 com.excelliance.dualaid/com.excelliance.kxqp.swipe.NavActivity2 t16074}}}: allDrawn=false startingDisplayed=false startingMoved=false isRelaunching()=false
06-24 17:02:43.745 V/HwPhoneWindowManager(  657): updateSystemUiColorLw window=Window{612b0db u0 com.excelliance.dualaid/com.excelliance.kxqp.swipe.NavActivity2},EmuiStyle=0,StatusBarColor=0xff000000,NavigationBarColor=0xff000000, mLastIsEmuiLightStyle=-1
06-24 17:02:43.746 D/HwPhoneWindowManager(  657): Transact:setSystemUIColor to status bar service
06-24 17:02:43.746 I/CommandQueue( 1513): updateBarBgColor
06-24 17:02:43.746 D/CommandQueue( 1513): CommandQueue, setBarBackgroundColor
06-24 17:02:43.747 V/WindowManager(  657): Checking 1 opening apps (frozen=false timeout=false)...
06-24 17:02:43.747 V/WindowManager(  657): Check opening app=AppWindowToken{95b56c7 token=Token{df89006 ActivityRecord{413fae1 u0 com.excelliance.dualaid/com.excelliance.kxqp.swipe.NavActivity2 t16074}}}: allDrawn=false startingDisplayed=false startingMoved=false isRelaunching()=false
06-24 17:02:43.751 I/GRALLOC (  679): 	 shrFd=10,fmt=0x1,intFmt=0x200000001,btStrd=4352,size=8486912,pid=679 
06-24 17:02:43.751 I/GRALLOC (  679): 	 yuv=2,w=1080,h=1920,Stride u=0 v=0,offset u=0 v=0 
06-24 17:02:43.751 I/GRALLOC (  679): 	 iova_size=8486912,conUsg=0x900,proUsg=0x900,	 strd=1088,[afbc]HdrStrd=1088 PyldStrd=69632 Scrmbl=2,ionhnd = 1 
06-24 17:02:43.751 D/TintManager( 1513): statusBarIconTint=#99FFFFFF,navigationBarIconTint=#FF000000
06-24 17:02:43.752 D/MainActivity( 6599): run: initPage3
06-24 17:02:43.752 V/MainActivity( 6599): onWindowFocusChanged: true
06-24 17:02:43.752 W/InputMethodManager( 6599): startInputReason = 1
06-24 17:02:43.753 I/OpenGLRenderer( 6599): Initialized EGL, version 1.4
06-24 17:02:43.753 D/OpenGLRenderer( 6599): Swap behavior 2
06-24 17:02:43.754 I/GRALLOC (  679): 	 shrFd=10,fmt=0x1,intFmt=0x200000001,btStrd=4352,size=8486912,pid=679 
06-24 17:02:43.754 I/GRALLOC (  679): 	 yuv=2,w=1080,h=1920,Stride u=0 v=0,offset u=0 v=0 
06-24 17:02:43.754 I/GRALLOC (  679): 	 iova_size=8486912,conUsg=0x900,proUsg=0x900,	 strd=1088,[afbc]HdrStrd=1088 PyldStrd=69632 Scrmbl=2,ionhnd = 1 
06-24 17:02:43.756 W/InputMethodManager( 6599): startInputReason = 5
06-24 17:02:43.757 I/GRALLOC (  679): 	 shrFd=10,fmt=0x1,intFmt=0x200000001,btStrd=4352,size=8486912,pid=679 
06-24 17:02:43.757 I/GRALLOC (  679): 	 yuv=2,w=1080,h=1920,Stride u=0 v=0,offset u=0 v=0 
06-24 17:02:43.757 I/GRALLOC (  679): 	 iova_size=8486912,conUsg=0x900,proUsg=0x900,	 strd=1088,[afbc]HdrStrd=1088 PyldStrd=69632 Scrmbl=2,ionhnd = 1 
06-24 17:02:43.759 I/wangchen( 7035): SysInfo.getSysParam: orientation=1||config d=3.0,w=1080,h=1920||metrics d=3.0,w=1080,h=1920||sdk=26,bar_h=72
06-24 17:02:43.759 I/KeymapLoader( 7035): w=1080 h=1920 ori=true appScale=3.3 s1=3.0
06-24 17:02:43.759 D/mali_winsys( 6599): EGLint new_window_surface(egl_winsys_display *, void *, EGLSurface, EGLConfig, egl_winsys_surface **, egl_color_buffer_format *, EGLBoolean) returns 0x3000
06-24 17:02:43.759 E/vndksupport( 6599): Could not load vendor/lib/egl/libGLES_mali_v2.so from sphal namespace: dlopen failed: library "vendor/lib/egl/libGLES_mali_v2.so" not found.
06-24 17:02:43.766 D/BarTransitions.HwPhoneStatusBarView( 1513): MODE_TRANSPARENT -> MODE_TRANSLUCENT animate=false
06-24 17:02:43.766 D/BarTransitions.HwPhoneStatusBarView( 1513): applyModeBackground oldMode=MODE_TRANSPARENT newMode=MODE_TRANSLUCENT animate=false
06-24 17:02:43.769 D/StatusBarIconController( 1513): setIconVisibility icon is null or visibility not change visibility=false
06-24 17:02:43.779 I/GRALLOC (  679): 	 shrFd=10,fmt=0x1,intFmt=0x200000001,btStrd=4352,size=8486912,pid=679 
06-24 17:02:43.779 I/GRALLOC (  679): 	 yuv=2,w=1080,h=1920,Stride u=0 v=0,offset u=0 v=0 
06-24 17:02:43.779 I/GRALLOC (  679): 	 iova_size=8486912,conUsg=0xb00,proUsg=0xb00,	 strd=1088,[afbc]HdrStrd=1088 PyldStrd=69632 Scrmbl=2,ionhnd = 1 
06-24 17:02:43.788 D/WindowManager(  657): finishDrawingWindow: Window{612b0db u0 com.excelliance.dualaid/com.excelliance.kxqp.swipe.NavActivity2} mDrawState=DRAW_PENDING
06-24 17:02:43.789 V/WindowManager(  657): Checking 1 opening apps (frozen=false timeout=false)...
06-24 17:02:43.789 V/WindowManager(  657): Check opening app=AppWindowToken{95b56c7 token=Token{df89006 ActivityRecord{413fae1 u0 com.excelliance.dualaid/com.excelliance.kxqp.swipe.NavActivity2 t16074}}}: allDrawn=true startingDisplayed=false startingMoved=false isRelaunching()=false
06-24 17:02:43.790 D/ImageWallpaper( 1513): onVisibilityChanged: mVisible, visible=true, false
06-24 17:02:43.790 D/ImageWallpaper( 1513): Visibility changed to visible=false
06-24 17:02:43.792 D/BarTransitions.HwPhoneStatusBarView( 1513): MODE_TRANSLUCENT -> MODE_TRANSPARENT animate=false
06-24 17:02:43.792 D/BarTransitions.HwPhoneStatusBarView( 1513): applyModeBackground oldMode=MODE_TRANSLUCENT newMode=MODE_TRANSPARENT animate=false
06-24 17:02:43.793 I/ActivityManager(  657): Displayed com.excelliance.dualaid/com.excelliance.kxqp.swipe.NavActivity2: +182ms (total +333ms)
06-24 17:02:43.801 I/WindowManager(  657): notifyAccessibilityButtonVisibilityChanged visible:false
06-24 17:02:43.802 E/BufferQueueProducer(  710): [com.huawei.android.launcher/com.huawei.android.launcher.unihome.UniHomeLauncher#0] disconnect: not connected (req=1)
06-24 17:02:43.803 W/libEGL  ( 2519): EGLNativeWindowType 0x74abe76010 disconnect failed
06-24 17:02:43.806 E/Thermal-daemon(  764): [battery] temp_new :37  temp_old :38
06-24 17:02:43.806 I/ThermalService( 1699): Receive temperature change, type: 9, temp: 37 from thermald
06-24 17:02:43.806 I/ThermalTrace_ThermalRaise( 1699): Battery:37
06-24 17:02:43.806 E/Thermal-daemon(  764): Report temperature: [battery] temp :37  report_threshold:1
06-24 17:02:43.807 D/HwThermalStateManager( 1699): Thermal type: 9 cur_temperature:37
06-24 17:02:43.807 D/HwPolicyDispatcher( 1699): action period is 50s from last action, don't send to PG
06-24 17:02:43.819 W/ActivityManager(  657): Sending non-protected broadcast huawei.action.floattasks.STATUS_BAR_STATE_CHANGED from system 1513:com.android.systemui/u0a39 pkg com.android.systemui
06-24 17:02:43.819 W/HwKeyguardDragHelper( 1513): AnimationBlocked
06-24 17:02:43.820 D/BarTransitions.HwPhoneStatusBarView( 1513): MODE_TRANSPARENT -> MODE_TRANSLUCENT animate=false
06-24 17:02:43.820 D/BarTransitions.HwPhoneStatusBarView( 1513): applyModeBackground oldMode=MODE_TRANSPARENT newMode=MODE_TRANSLUCENT animate=false
06-24 17:02:43.820 D/BarTransitions.HwNavigationBarView( 1513): MODE_TRANSLUCENT -> MODE_OPAQUE animate=false
06-24 17:02:43.820 D/BarTransitions.HwNavigationBarView( 1513): applyModeBackground oldMode=MODE_TRANSLUCENT newMode=MODE_OPAQUE animate=false
06-24 17:02:43.820 D/ActivityThread( 6599): Remove activity client record, r= ActivityRecord{cbe2ddc token=android.os.BinderProxy@d13fa03 {com.excelliance.dualaid/com.excelliance.kxqp.ui.HelloActivity}} token= android.os.BinderProxy@d13fa03
06-24 17:02:43.821 V/WindowManager(  657): notifyAppStopped: AppWindowToken{d3a938b token=Token{377755a ActivityRecord{d5c9105 u0 com.huawei.android.launcher/.unihome.UniHomeLauncher t15658}}}
06-24 17:02:43.821 E/WindowManager(  657): win=Window{68d6975 u0 com.huawei.android.launcher/com.huawei.android.launcher.unihome.UniHomeLauncher} destroySurfaces: appStopped=true win.mWindowRemovalAllowed=false win.mRemoveOnExit=false
06-24 17:02:43.821 I/WindowManager(  657): Destroying surface Surface(name=com.huawei.android.launcher/com.huawei.android.launcher.unihome.UniHomeLauncher) called by com.android.server.wm.WindowStateAnimator.destroySurface:2060 com.android.server.wm.WindowStateAnimator.destroySurfaceLocked:873 com.android.server.wm.HwWindowStateAnimator.destroySurfaceLocked:1006 com.android.server.wm.WindowState.destroyOrSaveSurfaceUnchecked:2990 com.android.server.wm.WindowState.destroySurface:2951 com.android.server.wm.AppWindowToken.destroySurfaces:654 com.android.server.wm.AppWindowToken.destroySurfaces:638 com.android.server.wm.AppWindowToken.notifyAppStopped:682 
06-24 17:02:43.823 V/WindowManager(  657): removeAppToken: AppWindowToken{e1e9ccf token=Token{c14892e ActivityRecord{bcffa9 u0 com.excelliance.dualaid/com.excelliance.kxqp.ui.HelloActivity t16074}}} delayed=false Callers=com.android.server.wm.DisplayContent.removeAppToken:985 com.android.server.wm.AppWindowContainerController.removeContainer:348 com.android.server.am.ActivityRecord.removeWindowContainer:1039 com.android.server.am.ActivityStack.removeActivityFromHistoryLocked:4491 
06-24 17:02:43.824 D/HwGameAssistantController(  657): pid=2519, uid=10056, foreground=false
06-24 17:02:43.824 W/AwareLog(  657): SchedLevelBoost: onFgActivitiesChanged config not set!
06-24 17:02:44.002 I/HwNormalizedSpline(  657): getEyeProtectionBrightnessLevel lux =239.0, mDefaultBrightnessFromLux =68.645
06-24 17:02:44.119 I/dex2oat ( 6660): dex2oat took 410.213ms (989.266ms cpu) (threads: 4) arena alloc=144KB (147944B) java alloc=2MB (3127336B) native alloc=4MB (4690608B) free=3MB (3173712B)
06-24 17:02:44.135 D/PMS11425(  657): package:com.excelliance.dualaid, input flags:128, output hwFlags:0
06-24 17:02:44.173 W/dex2oat ( 6698): Using default instruction set features for ARM CPU variant (default) using conservative defaults
06-24 17:02:44.173 I/dex2oat ( 6698): /system/bin/dex2oat -j4 --dex-file=/data/data/com.excelliance.dualaid/.platformcache/kxqpplatform2.jar --output-vdex-fd=49 --oat-fd=50 --oat-location=/data/data/com.excelliance.dualaid/.platformcache/oat/arm/kxqpplatform2.odex --compiler-filter=quicken
06-24 17:02:44.173 I/cutils-trace( 6698): atrace_init_once, trace_marker_path = /sys/kernel/debug/tracing/trace_marker
06-24 17:02:44.276 I/GRALLOC (  679): 	 shrFd=10,fmt=0x1,intFmt=0x200000001,btStrd=4352,size=8486912,pid=679 
06-24 17:02:44.276 I/GRALLOC (  679): 	 yuv=2,w=1080,h=1920,Stride u=0 v=0,offset u=0 v=0 
06-24 17:02:44.276 I/GRALLOC (  679): 	 iova_size=8486912,conUsg=0xb00,proUsg=0xb00,	 strd=1088,[afbc]HdrStrd=1088 PyldStrd=69632 Scrmbl=2,ionhnd = 1 
06-24 17:02:44.326 I/GRALLOC (  679): 	 shrFd=10,fmt=0x1,intFmt=0x200000001,btStrd=4352,size=8486912,pid=679 
06-24 17:02:44.326 I/GRALLOC (  679): 	 yuv=2,w=1080,h=1920,Stride u=0 v=0,offset u=0 v=0 
06-24 17:02:44.326 I/GRALLOC (  679): 	 iova_size=8486912,conUsg=0xb00,proUsg=0xb00,	 strd=1088,[afbc]HdrStrd=1088 PyldStrd=69632 Scrmbl=2,ionhnd = 1 
06-24 17:02:44.381 I/dex2oat ( 6698): dex2oat took 207.902ms (444.332ms cpu) (threads: 4) arena alloc=62KB (63808B) java alloc=2MB (2299856B) native alloc=2MB (2317496B) free=3MB (3449672B)
06-24 17:02:44.393 D/PMS11425(  657): package:com.excelliance.dualaid, input flags:0, output hwFlags:0
06-24 17:02:44.403 E/MemoryLeakMonitorManager( 6628): MemoryLeakMonitor.jar is not exist!
06-24 17:02:44.403 D/CrashHandler( 6628): CrashHandler
06-24 17:02:44.404 D/KXQPApplication( 6628): run: initUserManager
06-24 17:02:44.405 E/Minikin ( 6628): Could not get cmap table size!
06-24 17:02:44.406 D/PMS11425(  657): package:com.excelliance.dualaid, input flags:128, output hwFlags:0
06-24 17:02:44.413 D/AirPushService( 6628): 
06-24 17:02:44.413 D/SmtServService( 6628): MSG_LOAD_PLT GameUtil.isPtLoaded() = false
06-24 17:02:44.414 I/HwCust  ( 6628): Constructor found for class android.net.HwCustConnectivityManagerImpl
06-24 17:02:44.415 D/HwCust  ( 6628): Create obj success use class android.net.HwCustConnectivityManagerImpl
06-24 17:02:44.418 D/NetworkStateReceiver( 6628): netWorkConnected = true
06-24 17:02:44.419 D/AirPushUtils( 6628): startPushInfo
06-24 17:02:44.423 D/PMS1000 (  657): package:com.excelliance.dualaid, input flags:0, output hwFlags:0
06-24 17:02:44.423 D/PMS1000 (  657): package:com.excelliance.dualaid, input flags:8192, output hwFlags:0
06-24 17:02:44.424 D/AirPushService( 6628): Alarm
06-24 17:02:44.424 D/AirPushService( 6628): resetPushAlarm
06-24 17:02:44.426 D/SmtServService( 6628): pull info
06-24 17:02:44.426 D/SmtServService( 6628): diffTime = 1529830964426
06-24 17:02:44.426 D/SmtServService( 6628): pushInfoFromServer
06-24 17:02:44.427 D/PMS1001 (  657): package:com.excelliance.dualaid, input flags:0, output hwFlags:0
06-24 17:02:44.429 D/AirPushPreferences( 6628): setLastPushTime
06-24 17:02:44.430 D/PMS11425(  657): package:com.excelliance.dualaid, input flags:0, output hwFlags:0
06-24 17:02:44.436 D/PMS11425(  657): package:com.excelliance.dualaid, input flags:128, output hwFlags:0
06-24 17:02:44.450 D/launch-time-RU( 6628): preload 24 classes cost 35ms
06-24 17:02:44.450 D/PMS11425(  657): package:com.excelliance.dualaid, input flags:128, output hwFlags:0
06-24 17:02:44.451 D/PMS11425(  657): package:com.excelliance.dualaid, input flags:128, output hwFlags:0
06-24 17:02:44.451 D/StatisticsManager( 6628): Query time diff:1529830964451
06-24 17:02:44.457 D/PMS11425(  657): package:com.excelliance.dualaid, input flags:128, output hwFlags:0
06-24 17:02:44.480 D/StatisticsManager( 6628): Query time diff:1529830964480
06-24 17:02:44.488 D/AirPushDBHelper( 6628): onCreate: pushitemnew
06-24 17:02:44.489 D/StatisticsManager( 6628): Query time diff:1529830964489
06-24 17:02:44.490 D/AirPushDBHelper( 6628): selection = type=? and index_=(select max(index_) from pushitemnew where type=?) , key = vip
06-24 17:02:44.491 D/AirPushDBHelper( 6628): selection = type=? and index_=(select max(index_) from pushitemnew where type=?) , key = update
06-24 17:02:44.492 D/AirPushDBHelper( 6628): selection = type=? and index_=(select max(index_) from pushitemnew where type=?) , key = officalActivity
06-24 17:02:44.492 D/AirPushDBHelper( 6628): selection = type=? and index_=(select max(index_) from pushitemnew where type=?) , key = news
06-24 17:02:44.493 D/AirPushDBHelper( 6628): selection = type=? and index_=(select max(index_) from pushitemnew where type=?) , key = target
06-24 17:02:44.494 D/AirPushDBHelper( 6628): selection = type=? and index_=(select max(index_) from pushitemnew where type=?) , key = batch
06-24 17:02:44.494 D/AirPushDBHelper( 6628): selection = type=? and index_=(select max(index_) from pushitemnew where type=?) , key = skipTarget
06-24 17:02:44.494 D/AirPushDBHelper( 6628): selection = type=? and index_=(select max(index_) from pushitemnew where type=?) , key = thirdApp
06-24 17:02:44.495 D/PushItem( 6628): indexJson = {}
06-24 17:02:44.495 D/AirPushService( 6628): dataJson = {}
06-24 17:02:44.495 V/AirPushService( 6628): ver :e30%3D%0A
06-24 17:02:44.495 D/VersionManager( 6628): httpsRequest getURL = https://mto.multiopen.cn/pushmess.php?ver=466&mainver=231200&data=e30%3D%0A&wxCode=1321&subchid=1&sdkV=8.0.0&pkg=com.excelliance.dualaid&chid=10019&issl=1&compver=54302&wxVerName=6.6.7&vn=4.0.6&model=stf-al10&api=26&brand=honor&aid=f0c2426fc7560cf5
06-24 17:02:44.496 D/NetworkSecurityConfig( 6628): No Network Security Config specified, using platform default
06-24 17:02:44.510 D/GameUtil( 6628): getSDKDataParam totalmem:5.60GB
06-24 17:02:44.511 D/VersionManager( 6628): httpsRequest getURL = https://folder.appota.cn/genuser.php?chid=10019&subchid=1&vc=466&type=4&data=tbCbI6ooWmOSi%2BhP8At3K55rUDjOXjUCTTE1Q7OqeVGzpiL1Dx8z2UKsv%2F2w066OKzL65VOc%2FHNVNculXvpkfbOlpWKAPUf5ryVSFynVNa8UucDwm5e36rJ6e2Kpu%2B5ykc4DARTfkZV4Ad5N96d4%2BjApQCWZuWchybogtHpbAp5JGb2oE4RYpIUqF8au1pxTSmwBdD5PozvBfX2%2Bj4RIW8u13M8ksM63bQoy2eR4WdDx%2BqZexoey63Hms3xqJyQkd3PFvljbOMDFV5%2BIsI0F%2B0cTu0Poz37kp440m4BdEnDxUpl%2F2SWQiyGENywr4rII2GFixGV6F3FTP2B6Iz%2Bp9XPgTT1Q8jOobYd0%2B7qf7bpZ2AyYZuCae%2FN%2FDrbd9ARIKpXrBwZ7SdplMO1nzphjQUqGRQMAlrO9Oa0Du6EV17%2FgN7YtgBzuJRHbP0GgVSdnIEYbOUnjg9adLEk2nhpRcwGYdX7bJ5%2FC%2FGVy8QMvFO%2FVJ5uAYH82VV6bvSarVkuFeotJT4yadRHbDkYGgVZfCDPVS%2FOPcQttSZtkoN3AjIdEC3B%2BjPtytpdTQYFvI9Ol&issl=1
06-24 17:02:44.540 W/X509TrustManager( 6628): checkServerTrusted: SignatureException:null
06-24 17:02:44.541 W/X509TrustManager( 6628): checkServerTrusted: SignatureException:error:04000073:RSA routines:OPENSSL_internal:DATA_TOO_LARGE_FOR_MODULUS
06-24 17:02:44.547 W/X509TrustManager( 6628): checkServerTrusted: SignatureException:null
06-24 17:02:44.547 W/X509TrustManager( 6628): checkServerTrusted: SignatureException:error:04000073:RSA routines:OPENSSL_internal:DATA_TOO_LARGE_FOR_MODULUS
06-24 17:02:44.583 D/PMS1000 (  657): package:com.excelliance.dualaid, input flags:1024, output hwFlags:0
06-24 17:02:44.584 I/ActivityManager(  657): Need to start process com.excelliance.dualaid:lbcore for provider ContentProviderInfo{name=com.excelliance.dualaid:com.excelliance.kxqp.platform.PluginManagerProvider className=com.excelliance.kxqp.platform.PluginManagerProvider}, callerApp: ProcessRecord{53ec4f4 6628:com.excelliance.dualaid/u0a1425}
06-24 17:02:44.584 V/ActivityManager(  657): startProcess: name=com.excelliance.dualaid:lbcore app=null knownToBeDead=false thread=null pid=-1
06-24 17:02:44.584 D/PMS1000 (  657): package:com.excelliance.dualaid, input flags:0, output hwFlags:0
06-24 17:02:44.595 I/        ( 6754): power log dlsym ok
06-24 17:02:44.596 I/ActivityManager(  657): Start proc 6754:com.excelliance.dualaid:lbcore/u0a1425 for content provider com.excelliance.dualaid/com.excelliance.kxqp.platform.PluginManagerProvider
06-24 17:02:44.596 V/ActivityManager_MU(  657): Waiting to start provider ContentProviderRecord{cc08966 u0 com.excelliance.dualaid/com.excelliance.kxqp.platform.PluginManagerProvider} launchingApp=ProcessRecord{1447dc1 6754:com.excelliance.dualaid:lbcore/u0a1425} caller pid= 6628
06-24 17:02:44.596 D/HwBatteryService(  657): onUEvent fcpStatus = 0,scpStatus =0,ovpStatus=0
06-24 17:02:44.597 I/zygote  ( 6754): Reinit property: dalvik.vm.checkjni= false
06-24 17:02:44.597 I/UsbDeviceManager(  657): water_intrused state= 0
06-24 17:02:44.600 I/zygote  ( 6599): Do partial code cache collection, code=27KB, data=27KB
06-24 17:02:44.600 I/zygote  ( 6599): After code cache collection, code=27KB, data=27KB
06-24 17:02:44.600 I/zygote  ( 6599): Increasing code cache capacity to 128KB
06-24 17:02:44.602 D/ActivityThread( 6754): ActivityThread,attachApplication
06-24 17:02:44.603 D/ActivityManager(  657): ActivityManagerService,attachApplication,callingPid = 6754
06-24 17:02:44.610 W//system/bin/hwservicemanager(  416): Cannot open /odm/manifest.xml
06-24 17:02:44.618 D/HwInnerWifiManagerImpl(  657): SupplicantState = COMPLETED
06-24 17:02:44.618 D/HwInnerWifiManagerImpl(  657): isPhoneAP = false
06-24 17:02:44.618 D/WifiStateMachine(  657): mBcastReceiver: PluggedType = 2 mIsScanCtrlPluggedin = true
06-24 17:02:44.619 D/HwWifiService(  657): mPluggedType =2
06-24 17:02:44.619 D/WifiService(  657): onReceive, action:android.intent.action.BATTERY_CHANGED
06-24 17:02:44.619 D/WifiService(  657): ACTION_BATTERY_CHANGED pluggedType: 2
06-24 17:02:44.620 W//system/bin/hwservicemanager(  416): Cannot open /odm/manifest.xml
06-24 17:02:44.620 I/MsgReceiver( 1699): intent action: android.intent.action.BATTERY_CHANGED
06-24 17:02:44.620 D/KeyguardUpdateMonitor( 1513): received broadcast android.intent.action.BATTERY_CHANGED
06-24 17:02:44.620 W/KeyguardUpdateMonitor( 1513): ACTION_BATTERY_CHANGED AMP: 500000; Volt: 4701000
06-24 17:02:44.621 I/GRALLOC (  679): 	 shrFd=10,fmt=0x1,intFmt=0x1,btStrd=256,size=4096,pid=679 
06-24 17:02:44.621 I/GRALLOC (  679): 	 yuv=2,w=16,h=16,Stride u=0 v=0,offset u=0 v=0 
06-24 17:02:44.621 I/GRALLOC (  679): 	 iova_size=4096,conUsg=0x100,proUsg=0x100,	 strd=64,[afbc]HdrStrd=0 PyldStrd=0 Scrmbl=0,ionhnd = 1 
06-24 17:02:44.621 D/HwFLClassLoader( 6754): get used feature list :/feature/used-list failed!
06-24 17:02:44.621 D/HwFLClassLoader( 6754): USE_FEATURE_LIST had not init! 
06-24 17:02:44.623 D/VersionManager( 6628): uid=353
06-24 17:02:44.625 I/CloudAlbum[8.1.2.302]( 2775): [OperationUtil] cancelNotify
06-24 17:02:44.628 D/AirPushService( 6628): result = {"period":"r","vip":{"index_":"","data":""},"update":{"index_":"","data":""},"officalActivity":{"index_":"","data":""},"news":{"index_":"","data":""},"target":{"index_":"","data":""},"batch":{"index_":"","data":""},"skipTarget":{"index_":"","data":""},"thirdApp":{"index_":"","data":""}}
06-24 17:02:44.629 D/AirPushService( 6628): handleCheckerSaveToDB
06-24 17:02:44.629 D/AirPushUtils( 6628): startDbOver
06-24 17:02:44.631 D/SmtServService( 6628): db write over
06-24 17:02:44.633 D/SmtServService( 6628): gameCenterFirstStart = true
06-24 17:02:44.636 D/PMS11425(  657): package:com.excelliance.dualaid, input flags:128, output hwFlags:0
06-24 17:02:44.640 D/PMS11425(  657): package:com.excelliance.dualaid, input flags:128, output hwFlags:0
06-24 17:02:44.642 V/KeyguardUpdateMonitor( 1513): RefreshBatteryInfo isBatteryLow: 24
06-24 17:02:44.642 W/KeyguardUpdateMonitor( 1513): ChargingSpeed  Wattage: 2350500 ST: 5000000 --> 7500000
06-24 17:02:44.642 I/KgBattery( 1513): BatteryInfo updated:  2lPc0
06-24 17:02:44.642 W/AppHandler( 1513): sendMessage with obj100
06-24 17:02:44.642 D/KeyguardUpdateMonitor( 1513): handleBatteryUpdate
06-24 17:02:44.642 V/KeyguardUpdateMonitor( 1513): RefreshBatteryInfo isBatteryLow: 24
06-24 17:02:44.642 W/HwKeyguardBottomArea( 1513): updateBatteryInfo : false  true
06-24 17:02:44.643 W/HwLockScreenPanel( 1513): Handle message: 100
06-24 17:02:44.643 W/HwKeyguardBottomArea( 1513): updateBatteryInfo : false  true
06-24 17:02:44.643 W/HwLockScreenPanel( 1513): refreshBatteryInfo: null
06-24 17:02:44.643 W/KgBattery( 1513): getCharge info with type: text
06-24 17:02:44.678 D/launch-time-RU( 6754): preload 24 classes cost 19ms
06-24 17:02:44.718 D/ActivityThread( 6754): Loading provider com.excelliance.dualaid:com.excelliance.kxqp.platform.PluginManagerProvider: com.excelliance.kxqp.platform.PluginManagerProvider
06-24 17:02:44.718 D/PMS11425(  657): package:com.excelliance.dualaid, input flags:0, output hwFlags:0
06-24 17:02:44.726 D/PMS1000 (  657): package:com.excelliance.dualaid, input flags:8192, output hwFlags:0
06-24 17:02:44.728 D/PMS1001 (  657): package:com.excelliance.dualaid, input flags:0, output hwFlags:0
06-24 17:02:44.733 D/PMS11425(  657): package:com.excelliance.dualaid, input flags:0, output hwFlags:0
06-24 17:02:44.735 D/PMS11425(  657): package:com.excelliance.dualaid:lbcore, input flags:0, output is null
06-24 17:02:44.737 I/Bluetooth_framework(  657): BluetoothManagerService:Added callback: android.bluetooth.IBluetoothManagerCallback$Stub$Proxy@6da34fd:true pid = 6754
06-24 17:02:44.739 D/PMS11425(  657): package:com.excelliance.dualaid, input flags:128, output hwFlags:0
06-24 17:02:44.754 I/LBVMD-LBPMS( 6754): LBVMRT: version 54302:543.02
06-24 17:02:44.754 E/zygote  ( 6754): Invalid capacity given to EnsureLocalCapacity: 800
06-24 17:02:44.771 I/HwCust  ( 6754): Constructor found for class android.net.HwCustConnectivityManagerImpl
06-24 17:02:44.771 D/HwCust  ( 6754): Create obj success use class android.net.HwCustConnectivityManagerImpl
06-24 17:02:44.775 D/PMS11425(  657): package:com.excelliance.dualaid, input flags:0, output hwFlags:0
06-24 17:02:44.782 V/HwWidgetFactory( 6754): : successes to get AllImpl object and return....
06-24 17:02:44.784 D/PMS11425(  657): package:com.excelliance.dualaid, input flags:0, output hwFlags:0
06-24 17:02:44.784 D/PMS11425(  657): package:com.excelliance.dualaid, input flags:0, output hwFlags:0
