06-24 16:40:07.309 V/WindowManager(  657): Check opening app=AppWindowToken{e0c792b token=Token{4b0ed7a ActivityRecord{96e55a5 u0 com.excelliance.dualaid/com.excelliance.kxqp.ui.HelloActivity t16061}}}: allDrawn=false startingDisplayed=false startingMoved=false isRelaunching()=false
06-24 16:40:07.309 D/PMS11423(  657): package:com.android.browser, input flags:0, output hwFlags:0
06-24 16:40:07.309 W/ActivityManager(  657): Sending non-protected broadcast huawei.action.floattasks.STATUS_BAR_STATE_CHANGED from system 1513:com.android.systemui/u0a39 pkg com.android.systemui
06-24 16:40:07.309 D/PMS11423(  657): package:com.eg.android.AlipayGphone, input flags:0, output hwFlags:0
06-24 16:40:07.310 D/PMS11423(  657): package:com.android.mediacenter, input flags:0, output hwFlags:0
06-24 16:40:07.310 D/PMS11423(  657): package:com.huawei.himovie, input flags:0, output hwFlags:0
06-24 16:40:07.310 D/PMS11423(  657): package:com.huawei.hnreader, input flags:0, output hwFlags:67108864
06-24 16:40:07.310 D/PMS11423(  657): package:com.twitter.android, input flags:0, output hwFlags:0
06-24 16:40:07.310 D/PMS11423(  657): package:com.baidu.input_huawei, input flags:0, output hwFlags:0
06-24 16:40:07.310 D/PMS11423(  657): package:com.google.android.gms, input flags:0, output hwFlags:0
06-24 16:40:07.310 D/PMS11423(  657): package:com.sankuai.meituan, input flags:0, output hwFlags:0
06-24 16:40:07.311 D/PMS11423(  657): package:com.tencent.news, input flags:0, output hwFlags:0
06-24 16:40:07.311 D/PMS11423(  657): package:com.iflytek.speechsuite, input flags:0, output hwFlags:0
06-24 16:40:07.311 D/PMS11423(  657): package:com.qzone, input flags:0, output is null
06-24 16:40:07.311 D/PMS11423(  657): package:com.tencent.android.qqdownloader, input flags:0, output hwFlags:0
06-24 16:40:07.311 D/PMS11423(  657): package:com.tencent.now, input flags:0, output is null
06-24 16:40:07.311 D/PMS11423(  657): package:com.ifreetalk.ftalk, input flags:0, output hwFlags:0
06-24 16:40:07.311 D/PMS11423(  657): package:com.taobao.taobao, input flags:0, output hwFlags:0
06-24 16:40:07.311 D/PMS11423(  657): package:com.android.gallery3d, input flags:0, output hwFlags:0
06-24 16:40:07.312 D/PMS11423(  657): package:com.pp.assistant, input flags:0, output hwFlags:0
06-24 16:40:07.312 D/PMS11423(  657): package:com.oppo.market, input flags:0, output hwFlags:0
06-24 16:40:07.312 D/PMS11423(  657): package:com.excean.wxaid, input flags:0, output hwFlags:0
06-24 16:40:07.312 D/PMS11423(  657): package:com.huawei.intelligent, input flags:0, output hwFlags:0
06-24 16:40:07.312 D/PMS11423(  657): package:com.google.android.backuptransport, input flags:0, output hwFlags:0
06-24 16:40:07.312 D/PMS11423(  657): package:com.huawei.skytone, input flags:0, output hwFlags:0
06-24 16:40:07.312 D/PMS11423(  657): package:com.estrongs.android.pop, input flags:0, output hwFlags:0
06-24 16:40:07.313 D/PMS11423(  657): package:com.redfinger.app, input flags:0, output hwFlags:0
06-24 16:40:07.313 D/PMS11423(  657): package:com.android.vending, input flags:0, output hwFlags:0
06-24 16:40:07.313 D/PMS11423(  657): package:org.hapjs.mockup, input flags:0, output hwFlags:0
06-24 16:40:07.313 D/PMS11423(  657): package:com.huawei.gamebox, input flags:0, output hwFlags:603979776
06-24 16:40:07.313 D/PMS11423(  657): package:com.tencent.tmgp.pubgmhd-ext, input flags:0, output is null
06-24 16:40:07.313 D/PMS11423(  657): package:com.stickgame.los2, input flags:0, output hwFlags:0
06-24 16:40:07.313 D/PMS11423(  657): package:com.qihoo.appstore, input flags:0, output hwFlags:0
06-24 16:40:07.313 D/PMS11423(  657): package:com.huawei.android.thememanager, input flags:0, output hwFlags:0
06-24 16:40:07.314 D/PMS11423(  657): package:com.excean.parallelspace, input flags:0, output hwFlags:0
06-24 16:40:07.314 D/PMS11423(  657): package:com.UCMobile, input flags:0, output hwFlags:0
06-24 16:40:07.314 D/PMS11423(  657): package:com.bbk.appstore, input flags:0, output hwFlags:0
06-24 16:40:07.314 V/WindowManager(  657): Checking 1 opening apps (frozen=false timeout=false)...
06-24 16:40:07.314 V/WindowManager(  657): Check opening app=AppWindowToken{e0c792b token=Token{4b0ed7a ActivityRecord{96e55a5 u0 com.excelliance.dualaid/com.excelliance.kxqp.ui.HelloActivity t16061}}}: allDrawn=false startingDisplayed=false startingMoved=false isRelaunching()=false
06-24 16:40:07.314 D/PMS11423(  657): package:com.excean.ppaid, input flags:0, output hwFlags:0
06-24 16:40:07.314 D/PMS11423(  657): package:com.netease.blockchain, input flags:0, output hwFlags:0
06-24 16:40:07.314 D/PMS11423(  657): package:com.huawei.camera, input flags:0, output hwFlags:0
06-24 16:40:07.314 D/PMS11423(  657): package:com.sinovatech.unicom.ui, input flags:0, output hwFlags:0
06-24 16:40:07.315 D/PMS11423(  657): package:com.huawei.phoneservice, input flags:0, output hwFlags:0
06-24 16:40:07.315 I/GRALLOC (  679): 	 shrFd=10,fmt=0x1,intFmt=0x200000001,btStrd=4352,size=8486912,pid=679 
06-24 16:40:07.315 I/GRALLOC (  679): 	 yuv=2,w=1080,h=1920,Stride u=0 v=0,offset u=0 v=0 
06-24 16:40:07.315 I/GRALLOC (  679): 	 iova_size=8486912,conUsg=0x900,proUsg=0x900,	 strd=1088,[afbc]HdrStrd=1088 PyldStrd=69632 Scrmbl=2,ionhnd = 1 
06-24 16:40:07.315 D/PMS11423(  657): package:com.crisisfire.android.nearme.gamecenter, input flags:0, output hwFlags:0
06-24 16:40:07.315 D/PMS11423(  657): package:com.antutu.benchmark.full, input flags:0, output hwFlags:0
06-24 16:40:07.315 D/PMS11423(  657): package:com.xunmeng.pinduoduo, input flags:0, output hwFlags:0
06-24 16:40:07.315 W//system/bin/hwservicemanager(  416): Cannot open /odm/manifest.xml
06-24 16:40:07.315 D/PMS11423(  657): package:com.zhuowang.cloneapp, input flags:0, output hwFlags:0
06-24 16:40:07.315 D/PMS11423(  657): package:com.excean.parallelspace.b64, input flags:0, output hwFlags:0
06-24 16:40:07.315 D/PMS11423(  657): package:com.excelliance.multiaccounts.b64, input flags:0, output hwFlags:0
06-24 16:40:07.316 D/PMS11423(  657): package:com.xiangyou.multispace, input flags:0, output hwFlags:0
06-24 16:40:07.316 D/PMS11423(  657): package:com.youlong.multiaccount, input flags:0, output hwFlags:0
06-24 16:40:07.316 D/PMS11423(  657): package:com.gameloft.android.ANMP.GloftA9HM, input flags:0, output hwFlags:0
06-24 16:40:07.316 D/PMS11423(  657): package:com.excelliance.dualaid.b64, input flags:0, output hwFlags:0
06-24 16:40:07.316 D/AddGameData( 5557): switch_uninstall: 70
06-24 16:40:07.317 I/GRALLOC (  679): 	 shrFd=10,fmt=0x1,intFmt=0x200000001,btStrd=4352,size=8486912,pid=679 
06-24 16:40:07.317 I/GRALLOC (  679): 	 yuv=2,w=1080,h=1920,Stride u=0 v=0,offset u=0 v=0 
06-24 16:40:07.317 I/GRALLOC (  679): 	 iova_size=8486912,conUsg=0x900,proUsg=0x900,	 strd=1088,[afbc]HdrStrd=1088 PyldStrd=69632 Scrmbl=2,ionhnd = 1 
06-24 16:40:07.318 D/VersionManager( 5582): xml=<?xml version="1.0" encoding="utf-8"?><upinfo></upinfo>
06-24 16:40:07.319 I/GRALLOC (  679): 	 shrFd=10,fmt=0x1,intFmt=0x200000001,btStrd=4352,size=8486912,pid=679 
06-24 16:40:07.319 I/GRALLOC (  679): 	 yuv=2,w=1080,h=1920,Stride u=0 v=0,offset u=0 v=0 
06-24 16:40:07.319 I/GRALLOC (  679): 	 iova_size=8486912,conUsg=0x900,proUsg=0x900,	 strd=1088,[afbc]HdrStrd=1088 PyldStrd=69632 Scrmbl=2,ionhnd = 1 
06-24 16:40:07.319 D/mali_winsys( 5557): EGLint new_window_surface(egl_winsys_display *, void *, EGLSurface, EGLConfig, egl_winsys_surface **, egl_color_buffer_format *, EGLBoolean) returns 0x3000
06-24 16:40:07.320 D/PMS1000 (  657): package:com.excelliance.dualaid, input flags:8192, output hwFlags:0
06-24 16:40:07.321 W/HSM     ( 1813): HoldService:toast switch is close!
06-24 16:40:07.322 D/ApplicationPackageManager( 5557): queryIntentActivitiesAsUser blocked, Intent { act=android.intent.action.MAIN cat=[android.intent.category.LAUNCHER] pkg=com.huawei.hifolder }
06-24 16:40:07.322 D/HsmInterfaceImpl( 5557): List []
06-24 16:40:07.325 W/HSM     ( 1813): HoldService:toast switch is close!
06-24 16:40:07.326 D/ApplicationPackageManager( 5557): queryIntentActivitiesAsUser blocked, Intent { act=android.intent.action.MAIN cat=[android.intent.category.LAUNCHER] pkg=com.github.shadowsocks }
06-24 16:40:07.326 D/HsmInterfaceImpl( 5557): List [ResolveInfo{12fb133 com.github.shadowsocks/.MainActivity m=0x108000}]
06-24 16:40:07.328 W/InputMethodManager( 5557): startInputReason = 1
06-24 16:40:07.330 I/wangchen( 7035): SysInfo.getSysParam: orientation=1||config d=3.0,w=1080,h=1920||metrics d=3.0,w=1080,h=1920||sdk=26,bar_h=72
06-24 16:40:07.330 I/KeymapLoader( 7035): w=1080 h=1920 ori=true appScale=3.3 s1=3.0
06-24 16:40:07.349 W/HSM     ( 1813): HoldService:toast switch is close!
06-24 16:40:07.350 D/ApplicationPackageManager( 5557): queryIntentActivitiesAsUser blocked, Intent { act=android.intent.action.MAIN cat=[android.intent.category.LAUNCHER] pkg=com.excelliance.dualaid }
06-24 16:40:07.350 D/HsmInterfaceImpl( 5557): List [ResolveInfo{7c40895 com.excelliance.dualaid/com.excelliance.kxqp.ui.HelloActivity m=0x108000}]
06-24 16:40:07.351 I/GRALLOC (  679): 	 shrFd=10,fmt=0x1,intFmt=0x200000001,btStrd=4352,size=8486912,pid=679 
06-24 16:40:07.351 I/GRALLOC (  679): 	 yuv=2,w=1080,h=1920,Stride u=0 v=0,offset u=0 v=0 
06-24 16:40:07.351 I/GRALLOC (  679): 	 iova_size=8486912,conUsg=0xb00,proUsg=0xb00,	 strd=1088,[afbc]HdrStrd=1088 PyldStrd=69632 Scrmbl=2,ionhnd = 1 
06-24 16:40:07.358 D/WindowManager(  657): finishDrawingWindow: Window{a1459a0 u0 com.excelliance.dualaid/com.excelliance.kxqp.ui.HelloActivity} mDrawState=DRAW_PENDING
06-24 16:40:07.360 V/WindowManager(  657): Checking 1 opening apps (frozen=false timeout=false)...
06-24 16:40:07.360 V/WindowManager(  657): Check opening app=AppWindowToken{e0c792b token=Token{4b0ed7a ActivityRecord{96e55a5 u0 com.excelliance.dualaid/com.excelliance.kxqp.ui.HelloActivity t16061}}}: allDrawn=true startingDisplayed=false startingMoved=false isRelaunching()=false
06-24 16:40:07.366 I/ActivityManager(  657): Displayed com.excelliance.dualaid/com.excelliance.kxqp.ui.HelloActivity: +207ms
06-24 16:40:07.368 V/WindowManager(  657): Checking 0 opening apps (frozen=false timeout=false)...
06-24 16:40:07.369 D/SmtCntService( 5867): handleMessage: msg = 3
06-24 16:40:07.370 D/BarTransitions.HwPhoneStatusBarView( 1513): MODE_TRANSLUCENT -> MODE_TRANSPARENT animate=false
06-24 16:40:07.370 D/BarTransitions.HwPhoneStatusBarView( 1513): applyModeBackground oldMode=MODE_TRANSLUCENT newMode=MODE_TRANSPARENT animate=false
06-24 16:40:07.374 I/GRALLOC (  679): 	 shrFd=10,fmt=0x1,intFmt=0x200000001,btStrd=4352,size=8486912,pid=679 
06-24 16:40:07.374 I/GRALLOC (  679): 	 yuv=2,w=1080,h=1920,Stride u=0 v=0,offset u=0 v=0 
06-24 16:40:07.374 I/GRALLOC (  679): 	 iova_size=8486912,conUsg=0xb00,proUsg=0xb00,	 strd=1088,[afbc]HdrStrd=1088 PyldStrd=69632 Scrmbl=2,ionhnd = 1 
06-24 16:40:07.378 I/GRALLOC (  679): 	 shrFd=10,fmt=0x1,intFmt=0x200000001,btStrd=4352,size=8486912,pid=679 
06-24 16:40:07.378 I/GRALLOC (  679): 	 yuv=2,w=1080,h=1920,Stride u=0 v=0,offset u=0 v=0 
06-24 16:40:07.378 I/GRALLOC (  679): 	 iova_size=8486912,conUsg=0xb00,proUsg=0xb00,	 strd=1088,[afbc]HdrStrd=1088 PyldStrd=69632 Scrmbl=2,ionhnd = 1 
06-24 16:40:07.378 D/BarTransitions.HwNavigationBarView( 1513): MODE_OPAQUE -> MODE_TRANSPARENT animate=false
06-24 16:40:07.378 D/BarTransitions.HwNavigationBarView( 1513): applyModeBackground oldMode=MODE_OPAQUE newMode=MODE_TRANSPARENT animate=false
06-24 16:40:07.378 D/PMS1000 (  657): package:com.excelliance.dualaid, input flags:8192, output hwFlags:0
06-24 16:40:07.378 D/BarTransitions.HwNavigationBarView( 1513): applyModeBackground oldMode=MODE_OPAQUE newMode=MODE_TRANSPARENT animate=false
06-24 16:40:07.380 W/HSM     ( 1813): HoldService:toast switch is close!
06-24 16:40:07.380 D/ApplicationPackageManager( 5557): queryIntentActivitiesAsUser blocked, Intent { act=android.intent.action.MAIN cat=[android.intent.category.LAUNCHER] pkg=com.tencent.tmgp.qqx5 }
06-24 16:40:07.381 D/HsmInterfaceImpl( 5557): List [ResolveInfo{8b73d9b com.tencent.tmgp.qqx5/.DGMMainActivity m=0x108000}]
06-24 16:40:07.381 E/BufferQueueProducer(  710): [com.excelliance.dualaid/com.excelliance.kxqp.swipe.NavActivity2#0] disconnect: not connected (req=1)
06-24 16:40:07.382 W/libEGL  ( 5557): EGLNativeWindowType 0xd0cbd808 disconnect failed
06-24 16:40:07.423 D/PMS1000 (  657): package:com.excelliance.dualaid, input flags:8192, output hwFlags:0
06-24 16:40:07.424 W/HSM     ( 1813): HoldService:toast switch is close!
06-24 16:40:07.425 D/ApplicationPackageManager( 5557): queryIntentActivitiesAsUser blocked, Intent { act=android.intent.action.MAIN cat=[android.intent.category.LAUNCHER] pkg=com.huawei.android.pushagent }
06-24 16:40:07.425 D/HsmInterfaceImpl( 5557): List []
06-24 16:40:07.428 W/HSM     ( 1813): HoldService:toast switch is close!
06-24 16:40:07.428 D/ApplicationPackageManager( 5557): queryIntentActivitiesAsUser blocked, Intent { act=android.intent.action.MAIN cat=[android.intent.category.LAUNCHER] pkg=com.huawei.appmarket }
06-24 16:40:07.428 D/HsmInterfaceImpl( 5557): List [ResolveInfo{4299911 com.huawei.appmarket/.MainActivity m=0x108000}]
06-24 16:40:07.432 E/asset   ( 5557): createFromFile(): lock file /data/resource-cache/system@emui@base@overlay@frameworkhwexthonor@frameworkhwexthonor.apk@idmap.
06-24 16:40:07.432 E/asset   ( 5557): createFromFile(): lock file /data/resource-cache/system@emui@base@overlay@frameworkhwexthonor@frameworkhwexthonor.apk@idmap.
06-24 16:40:07.433 W/ResourceType( 5557): Found multiple library tables, ignoring...
06-24 16:40:07.462 D/PMS1000 (  657): package:com.excelliance.dualaid, input flags:8192, output hwFlags:0
06-24 16:40:07.463 W/HSM     ( 1813): HoldService:toast switch is close!
06-24 16:40:07.463 D/ApplicationPackageManager( 5557): queryIntentActivitiesAsUser blocked, Intent { act=android.intent.action.MAIN cat=[android.intent.category.LAUNCHER] pkg=com.wandoujia.phoenix2 }
06-24 16:40:07.463 D/HsmInterfaceImpl( 5557): List [ResolveInfo{222dce4 com.wandoujia.phoenix2/com.pp.assistant.activity.PPMainActivity m=0x108000}]
06-24 16:40:07.467 D/HwRecentsLockUtils( 1513): Search
06-24 16:40:07.468 E/HsmCoreServiceImpl( 1478): onTransact in code is: 103
06-24 16:40:07.468 I/MediaProcessHandler( 1478): playingUids: 
06-24 16:40:07.468 D/ActivityManager(  657): Skipping, home or recents stack task: TaskRecord{333215f #15658 A=com.huawei.android.launcher U=0 StackId=0 sz=1}
06-24 16:40:07.468 D/ActivityManager(  657): Skipping intent:act=android.intent.action.MAIN cat=[android.intent.category.LAUNCHER] flg=0x10a00000 cmp=io.appium.settings/.Settings
06-24 16:40:07.468 D/ActivityManager(  657): Skipping intent:flg=0x10804000 cmp=com.android.systemui/.recents.RecentsActivity bnds=[48,928][1032,2296]
06-24 16:40:07.468 D/ActivityManager(  657): Skipping intent:flg=0x18800000 cmp=com.tencent.mm/.plugin.base.stub.WXPayEntryActivity
06-24 16:40:07.468 D/ActivityManager(  657): Skipping intent:flg=0x10800000 cmp=com.huawei.systemmanager/com.huawei.permissionmanager.ui.MainActivity
06-24 16:40:07.468 D/ActivityManager(  657): Skipping intent:flg=0x18800000 cmp=com.tencent.mm/.plugin.base.stub.WXEntryActivity
06-24 16:40:07.468 D/ActivityManager(  657): Skipping intent:act=com.huawei.action.VOICE_ASSISTANT flg=0x10800000 pkg=com.huawei.vassistant cmp=com.huawei.vassistant/.ui.main.VAssistantActivity
06-24 16:40:07.468 D/ActivityManager(  657): Skipping intent:act=com.huawei.android.launcher.action.ACCESS_SPLIT_SCREEN_APP cat=[android.intent.category.DEFAULT] flg=0x10804000 cmp=com.huawei.android.launcher/.splitscreen.SplitScreenAppActivity
06-24 16:40:07.468 D/ActivityManager(  657): Skipping intent:flg=0x10800000 pkg=com.excelliance.dualaid.b64 cmp=com.excelliance.dualaid.b64/com.excelliance.kxqp.sdk.PermissionRequestActivity
06-24 16:40:07.468 D/ActivityManager(  657): Skipping intent:act=android.intent.action.VIEW dat=content://com.excelliance.dualaid.fileProvider/external_storage_root/Download/apk/Multiple_64.apk typ=application/vnd.android.package-archive flg=0x10800001 cmp=com.android.packageinstaller/.InstallStart
06-24 16:40:07.468 D/ActivityManager(  657): Skipping intent:flg=0x10800000 cmp=com.android.systemui/.usb.HwUsbDebuggingActivity
06-24 16:40:07.468 D/ActivityManager(  657): Skipping intent:act=android.deviceinfo.chooser.action.LAUNCH flg=0x10800000 hwFlg=0x100 pkg=com.android.settings cmp=com.android.settings/.deviceinfo.UsbConnModeChooserActivity
06-24 16:40:07.468 D/ActivityManager(  657): Skipping intent:flg=0x10800000 cmp=com.zol.android/.push.KeepLiveActivity
06-24 16:40:07.468 D/ActivityManager(  657): Skipping intent:act=android.intent.action.MAIN cat=[android.intent.category.HOME] flg=0x10800300 cmp=com.android.settings/.FallbackHome
06-24 16:40:07.490 D/PMS1000 (  657): package:com.excelliance.dualaid, input flags:8192, output hwFlags:0
06-24 16:40:07.490 W/HSM     ( 1813): HoldService:toast switch is close!
06-24 16:40:07.491 D/ApplicationPackageManager( 5557): queryIntentActivitiesAsUser blocked, Intent { act=android.intent.action.MAIN cat=[android.intent.category.LAUNCHER] pkg=com.tencent.mm }
06-24 16:40:07.491 D/HsmInterfaceImpl( 5557): List [ResolveInfo{d51d802 com.tencent.mm/.ui.LauncherUI m=0x108000}]
06-24 16:40:07.505 W/HSM     ( 1813): HoldService:toast switch is close!
06-24 16:40:07.506 D/ApplicationPackageManager( 5557): queryIntentActivitiesAsUser blocked, Intent { act=android.intent.action.MAIN cat=[android.intent.category.LAUNCHER] pkg=com.android.providers.media }
06-24 16:40:07.506 D/HsmInterfaceImpl( 5557): List []
06-24 16:40:07.509 W/HSM     ( 1813): HoldService:toast switch is close!
06-24 16:40:07.509 D/ApplicationPackageManager( 5557): queryIntentActivitiesAsUser blocked, Intent { act=android.intent.action.MAIN cat=[android.intent.category.LAUNCHER] pkg=com.huawei.vassistant }
06-24 16:40:07.509 D/HsmInterfaceImpl( 5557): List [ResolveInfo{f35c513 com.huawei.vassistant/.ui.main.VAssistantActivity m=0x108000}]
06-24 16:40:07.512 E/asset   ( 5557): createFromFile(): lock file /data/resource-cache/system@emui@base@overlay@frameworkhwexthonor@frameworkhwexthonor.apk@idmap.
06-24 16:40:07.512 E/asset   ( 5557): createFromFile(): lock file /data/resource-cache/system@emui@base@overlay@frameworkhwexthonor@frameworkhwexthonor.apk@idmap.
06-24 16:40:07.512 W/ResourceType( 5557): Found multiple library tables, ignoring...
06-24 16:40:07.543 D/PMS1000 (  657): package:com.excelliance.dualaid, input flags:8192, output hwFlags:0
06-24 16:40:07.544 I/TrafficMonitor(  657): expired arrive. level:-1
06-24 16:40:07.544 I/TrafficMonitor(  657): during_ms:2013,period_ms:2000
06-24 16:40:07.544 I/TrafficMonitor(  657): count:744,rx_sum:13,tx_sum:14,rxBytes:1511,during_ms:2013,rx_speed:750.6209637357179,tx_speed:634.3765524093393,rto:0.9285714285714286
06-24 16:40:07.544 W/HSM     ( 1813): HoldService:toast switch is close!
06-24 16:40:07.544 D/HuaweiWifiWatchdogStateMachine(  657): speed: rxpkt:13, rxSpd:750B/s, txpkt:14, txSpd:634
06-24 16:40:07.545 D/ApplicationPackageManager( 5557): queryIntentActivitiesAsUser blocked, Intent { act=android.intent.action.MAIN cat=[android.intent.category.LAUNCHER] pkg=com.facebook.katana }
06-24 16:40:07.545 D/HsmInterfaceImpl( 5557): List [ResolveInfo{f09724e com.facebook.katana/.LoginActivity m=0x108000}]
06-24 16:40:07.581 V/ActivityManager(  657): Making visible and scheduling visibility: ActivityRecord{d5c9105 u0 com.huawei.android.launcher/.unihome.UniHomeLauncher t15658}
06-24 16:40:07.581 V/WindowManager(  657): No longer Stopped: AppWindowToken{d3a938b token=Token{377755a ActivityRecord{d5c9105 u0 com.huawei.android.launcher/.unihome.UniHomeLauncher t15658}}}
06-24 16:40:07.586 E/asset   ( 5557): createFromFile(): lock file /data/resource-cache/system@emui@base@overlay@frameworkhwexthonor@frameworkhwexthonor.apk@idmap.
06-24 16:40:07.587 E/asset   ( 5557): createFromFile(): lock file /data/resource-cache/system@emui@base@overlay@frameworkhwexthonor@frameworkhwexthonor.apk@idmap.
06-24 16:40:07.587 W/ResourceType( 5557): Found multiple library tables, ignoring...
06-24 16:40:07.607 D/ActivityThread( 5557): Remove activity client record, r= ActivityRecord{414755e token=android.os.BinderProxy@31abee5 {com.excelliance.dualaid/com.excelliance.kxqp.swipe.NavActivity2}} token= android.os.BinderProxy@31abee5
06-24 16:40:07.608 D/HwQoEUtils(  657): mForegroundAppPackageName: com.huawei.android.launcher ,score: 0
06-24 16:40:07.608 D/HwQoEUtils(  657): onForegroundAppWifiSleepChange: config:false, sleeptime:-1,type: 255, appname:com.huawei.android.launcher
06-24 16:40:07.608 D/HwQoEUtils(  657): APP type: 255 appName= com.huawei.android.launcher
06-24 16:40:07.609 V/ActivityThread( 2519): Handle window ActivityRecord{4719bb8 token=android.os.BinderProxy@b3fca27 {com.huawei.android.launcher/com.huawei.android.launcher.unihome.UniHomeLauncher}} visibility: true
06-24 16:40:07.609 D/HwQoEUtils(  657): no game, APP_TYPE_GAME, appName =com.huawei.android.launcher
06-24 16:40:07.609 D/HwGameAssistantController(  657): pid=2519, uid=10056, foreground=true
06-24 16:40:07.609 V/WindowManager(  657): removeIfPossible: Window{219e96b u0 com.excelliance.dualaid/com.excelliance.kxqp.swipe.NavActivity2} callers=com.android.server.wm.WindowState.removeIfPossible:1914 com.android.server.wm.WindowManagerService.removeWindow:2022 com.android.server.wm.Session.remove:218 android.view.IWindowSession$Stub.onTransact:242 com.android.server.wm.Session.onTransact:161 
06-24 16:40:07.610 I/WindowManager(  657): Destroying surface Surface(name=com.excelliance.dualaid/com.excelliance.kxqp.swipe.NavActivity2) called by com.android.server.wm.WindowStateAnimator.destroySurface:2060 com.android.server.wm.WindowStateAnimator.destroySurfaceLocked:873 com.android.server.wm.HwWindowStateAnimator.destroySurfaceLocked:1006 com.android.server.wm.WindowState.removeImmediately:1899 com.android.server.wm.WindowState.removeIfPossible:2051 com.android.server.wm.WindowState.removeIfPossible:1914 com.android.server.wm.WindowManagerService.removeWindow:2022 com.android.server.wm.Session.remove:218 
06-24 16:40:07.610 V/WindowManager(  657): postWindowRemoveCleanupLocked: Window{219e96b u0 com.excelliance.dualaid/com.excelliance.kxqp.swipe.NavActivity2}
06-24 16:40:07.610 V/WindowManager(  657): Removing Window{219e96b u0 com.excelliance.dualaid/com.excelliance.kxqp.swipe.NavActivity2} from AppWindowToken{2c739d6 token=Token{6cee9f1 ActivityRecord{a032d98 u0 com.excelliance.dualaid/com.excelliance.kxqp.swipe.NavActivity2 t16061}}}
06-24 16:40:07.613 E/HwLauncher( 2519): SettingsEx , no such field.
06-24 16:40:07.613 W/HwLauncher( 2519): Clock getDataFormat the getSystemString failed.
06-24 16:40:07.619 W/AwareLog(  657): SchedLevelBoost: onFgActivitiesChanged config not set!
06-24 16:40:07.621 I/HwNetworkPolicy(  657): onTransact, code = 203
06-24 16:40:07.621 I/HwNetworkPolicyManager( 1813): getHwUidPolicy uid = 10056 policy = 0
06-24 16:40:07.621 V/WindowManager(  657): removeAppToken: AppWindowToken{2c739d6 token=Token{6cee9f1 ActivityRecord{a032d98 u0 com.excelliance.dualaid/com.excelliance.kxqp.swipe.NavActivity2 t16061}}} delayed=false Callers=com.android.server.wm.DisplayContent.removeAppToken:985 com.android.server.wm.AppWindowContainerController.removeContainer:348 com.android.server.am.ActivityRecord.removeWindowContainer:1039 com.android.server.am.ActivityStack.removeActivityFromHistoryLocked:4491 
06-24 16:40:07.622 D/PMS1000 (  657): package:com.excelliance.dualaid, input flags:8192, output hwFlags:0
06-24 16:40:07.622 D/mali_winsys( 2519): EGLint new_window_surface(egl_winsys_display *, void *, EGLSurface, EGLConfig, egl_winsys_surface **, egl_color_buffer_format *, EGLBoolean) returns 0x3000
06-24 16:40:07.624 I/GRALLOC (  679): 	 shrFd=10,fmt=0x1,intFmt=0x200000001,btStrd=4352,size=8486912,pid=679 
06-24 16:40:07.624 I/GRALLOC (  679): 	 yuv=2,w=1080,h=1920,Stride u=0 v=0,offset u=0 v=0 
06-24 16:40:07.624 I/GRALLOC (  679): 	 iova_size=8486912,conUsg=0x900,proUsg=0x900,	 strd=1088,[afbc]HdrStrd=1088 PyldStrd=69632 Scrmbl=2,ionhnd = 1 
06-24 16:40:07.624 W/HSM     ( 1813): HoldService:toast switch is close!
06-24 16:40:07.625 D/ApplicationPackageManager( 5557): queryIntentActivitiesAsUser blocked, Intent { act=android.intent.action.MAIN cat=[android.intent.category.LAUNCHER] pkg=com.huawei.trustcircle }
06-24 16:40:07.625 D/HsmInterfaceImpl( 5557): List []
06-24 16:40:07.627 I/GRALLOC (  679): 	 shrFd=10,fmt=0x1,intFmt=0x200000001,btStrd=4352,size=8486912,pid=679 
06-24 16:40:07.627 I/GRALLOC (  679): 	 yuv=2,w=1080,h=1920,Stride u=0 v=0,offset u=0 v=0 
06-24 16:40:07.627 I/GRALLOC (  679): 	 iova_size=8486912,conUsg=0x900,proUsg=0x900,	 strd=1088,[afbc]HdrStrd=1088 PyldStrd=69632 Scrmbl=2,ionhnd = 1 
06-24 16:40:07.630 W/HSM     ( 1813): HoldService:toast switch is close!
06-24 16:40:07.631 I/GRALLOC (  679): 	 shrFd=10,fmt=0x1,intFmt=0x200000001,btStrd=4352,size=8486912,pid=679 
06-24 16:40:07.631 I/GRALLOC (  679): 	 yuv=2,w=1080,h=1920,Stride u=0 v=0,offset u=0 v=0 
06-24 16:40:07.631 I/GRALLOC (  679): 	 iova_size=8486912,conUsg=0x900,proUsg=0x900,	 strd=1088,[afbc]HdrStrd=1088 PyldStrd=69632 Scrmbl=2,ionhnd = 1 
06-24 16:40:07.631 D/ApplicationPackageManager( 5557): queryIntentActivitiesAsUser blocked, Intent { act=android.intent.action.MAIN cat=[android.intent.category.LAUNCHER] pkg=com.jingdong.app.mall }
06-24 16:40:07.631 D/HsmInterfaceImpl( 5557): List [ResolveInfo{78e655a com.jingdong.app.mall/.main.MainActivity m=0x108000}]
06-24 16:40:07.648 I/GRALLOC (  679): 	 shrFd=10,fmt=0x1,intFmt=0x200000001,btStrd=4352,size=8486912,pid=679 
06-24 16:40:07.648 I/GRALLOC (  679): 	 yuv=2,w=1080,h=1920,Stride u=0 v=0,offset u=0 v=0 
06-24 16:40:07.648 I/GRALLOC (  679): 	 iova_size=8486912,conUsg=0xb00,proUsg=0xb00,	 strd=1088,[afbc]HdrStrd=1088 PyldStrd=69632 Scrmbl=2,ionhnd = 1 
06-24 16:40:07.654 E/asset   ( 2519): createFromFile(): lock file /data/resource-cache/system@emui@base@overlay@frameworkhwexthonor@frameworkhwexthonor.apk@idmap.
06-24 16:40:07.654 E/asset   ( 2519): createFromFile(): lock file /data/resource-cache/system@emui@base@overlay@frameworkhwexthonor@frameworkhwexthonor.apk@idmap.
06-24 16:40:07.654 W/ResourceType( 2519): Found multiple library tables, ignoring...
06-24 16:40:07.658 D/WindowManager(  657): finishDrawingWindow: Window{68d6975 u0 com.huawei.android.launcher/com.huawei.android.launcher.unihome.UniHomeLauncher} mDrawState=DRAW_PENDING
06-24 16:40:07.659 D/ImageWallpaper( 1513): onOffsetsChanged: xOffset=0.0, yOffset=0.0, xOffsetStep=0.0, yOffsetStep=0.0, xPixels=0, yPixels=0
06-24 16:40:07.659 D/ImageWallpaper( 1513): Suppressed drawFrame since redraw is not needed and offsets have not changed.sf=Rect(0, 0 - 2160, 1920)
06-24 16:40:07.659 D/ImageWallpaper( 1513): onVisibilityChanged: mVisible, visible=false, true
06-24 16:40:07.659 D/ImageWallpaper( 1513): Visibility changed to visible=true
06-24 16:40:07.659 D/ImageWallpaper( 1513): Suppressed drawFrame since redraw is not needed and offsets have not changed.sf=Rect(0, 0 - 2160, 1920)
06-24 16:40:07.668 D/HwFLClassLoader( 2519): USE_FEATURE_LIST had not init! 
06-24 16:40:07.669 D/PMS1000 (  657): package:com.excelliance.dualaid, input flags:8192, output hwFlags:0
06-24 16:40:07.669 W/HSM     ( 1813): HoldService:toast switch is close!
06-24 16:40:07.671 D/ApplicationPackageManager( 5557): queryIntentActivitiesAsUser blocked, Intent { act=android.intent.action.MAIN cat=[android.intent.category.LAUNCHER] pkg=com.tencent.mobileqq }
06-24 16:40:07.671 D/HsmInterfaceImpl( 5557): List [ResolveInfo{d2fcc68 com.tencent.mobileqq/.activity.SplashActivity m=0x108000}]
06-24 16:40:07.674 E/asset   ( 2519): createFromFile(): lock file /data/resource-cache/system@emui@base@overlay@frameworkhwexthonor@frameworkhwexthonor.apk@idmap.
06-24 16:40:07.674 E/asset   ( 2519): createFromFile(): lock file /data/resource-cache/system@emui@base@overlay@frameworkhwexthonor@frameworkhwexthonor.apk@idmap.
06-24 16:40:07.674 W/ResourceType( 2519): Found multiple library tables, ignoring...
06-24 16:40:07.685 D/PMS1000 (  657): package:com.excelliance.dualaid, input flags:8192, output hwFlags:0
06-24 16:40:07.685 W/HSM     ( 1813): HoldService:toast switch is close!
06-24 16:40:07.686 D/ApplicationPackageManager( 5557): queryIntentActivitiesAsUser blocked, Intent { act=android.intent.action.MAIN cat=[android.intent.category.LAUNCHER] pkg=com.zol.android }
06-24 16:40:07.686 D/HsmInterfaceImpl( 5557): List [ResolveInfo{e11e881 com.zol.android/.ui.FirstActivity m=0x108000}]
06-24 16:40:07.712 W/HSM     ( 1813): HoldService:toast switch is close!
06-24 16:40:07.713 D/ApplicationPackageManager( 5557): queryIntentActivitiesAsUser blocked, Intent { act=android.intent.action.MAIN cat=[android.intent.category.LAUNCHER] pkg=com.huawei.hiskytone }
06-24 16:40:07.713 D/HsmInterfaceImpl( 5557): List [ResolveInfo{2b40d67 com.huawei.hiskytone/com.huawei.skytone.account.welcome.SplashActivity m=0x108000}]
06-24 16:40:07.753 D/PMS1000 (  657): package:com.excelliance.dualaid, input flags:8192, output hwFlags:0
06-24 16:40:07.754 W/HSM     ( 1813): HoldService:toast switch is close!
06-24 16:40:07.755 D/ApplicationPackageManager( 5557): queryIntentActivitiesAsUser blocked, Intent { act=android.intent.action.MAIN cat=[android.intent.category.LAUNCHER] pkg=com.huawei.hwid }
06-24 16:40:07.755 D/HsmInterfaceImpl( 5557): List []
06-24 16:40:07.758 W/HSM     ( 1813): HoldService:toast switch is close!
06-24 16:40:07.758 D/ApplicationPackageManager( 5557): queryIntentActivitiesAsUser blocked, Intent { act=android.intent.action.MAIN cat=[android.intent.category.LAUNCHER] pkg=com.sina.weibo }
06-24 16:40:07.759 D/HsmInterfaceImpl( 5557): List [ResolveInfo{57445b2 com.sina.weibo/.SplashActivity m=0x108000}]
06-24 16:40:07.797 D/HwFLClassLoader( 2519): USE_FEATURE_LIST had not init! 
06-24 16:40:07.814 D/PMS1000 (  657): package:com.excelliance.dualaid, input flags:8192, output hwFlags:0
06-24 16:40:07.814 E/asset   ( 2519): createFromFile(): lock file /data/resource-cache/system@emui@base@overlay@frameworkhwexthonor@frameworkhwexthonor.apk@idmap.
06-24 16:40:07.814 E/asset   ( 2519): createFromFile(): lock file /data/resource-cache/system@emui@base@overlay@frameworkhwexthonor@frameworkhwexthonor.apk@idmap.
06-24 16:40:07.814 W/ResourceType( 2519): Found multiple library tables, ignoring...
06-24 16:40:07.815 W/HSM     ( 1813): HoldService:toast switch is close!
06-24 16:40:07.816 D/ApplicationPackageManager( 5557): queryIntentActivitiesAsUser blocked, Intent { act=android.intent.action.MAIN cat=[android.intent.category.LAUNCHER] pkg=com.antutu.ABenchMark }
06-24 16:40:07.816 D/HsmInterfaceImpl( 5557): List [ResolveInfo{11dc080 com.antutu.ABenchMark/.ABenchMarkStart m=0x108000}]
06-24 16:40:07.819 D/HwFLClassLoader( 2519): USE_FEATURE_LIST had not init! 
06-24 16:40:07.843 W/HSM     ( 1813): HoldService:toast switch is close!
06-24 16:40:07.843 D/ApplicationPackageManager( 5557): queryIntentActivitiesAsUser blocked, Intent { act=android.intent.action.MAIN cat=[android.intent.category.LAUNCHER] pkg=com.sankuai.meituan.takeoutnew }
06-24 16:40:07.843 D/HsmInterfaceImpl( 5557): List [ResolveInfo{8eb425f com.sankuai.meituan.takeoutnew/.ui.page.boot.WelcomeActivity m=0x108000}]
06-24 16:40:07.872 W/HSM     ( 1813): HoldService:toast switch is close!
06-24 16:40:07.872 D/ApplicationPackageManager( 5557): queryIntentActivitiesAsUser blocked, Intent { act=android.intent.action.MAIN cat=[android.intent.category.LAUNCHER] pkg=com.vmall.client }
06-24 16:40:07.872 D/HsmInterfaceImpl( 5557): List [ResolveInfo{657575 com.vmall.client/.splash.fragment.SplashActivity m=0x108000}]
06-24 16:40:07.898 W/HSM     ( 1813): HoldService:toast switch is close!
06-24 16:40:07.898 D/ApplicationPackageManager( 5557): queryIntentActivitiesAsUser blocked, Intent { act=android.intent.action.MAIN cat=[android.intent.category.LAUNCHER] pkg=com.android.browser }
06-24 16:40:07.898 D/HsmInterfaceImpl( 5557): List [ResolveInfo{b231f98 com.android.browser/com.tencent.mtt.SplashActivity m=0x108000}]
06-24 16:40:07.933 W/HSM     ( 1813): HoldService:toast switch is close!
06-24 16:40:07.933 D/ApplicationPackageManager( 5557): queryIntentActivitiesAsUser blocked, Intent { act=android.intent.action.MAIN cat=[android.intent.category.LAUNCHER] pkg=com.eg.android.AlipayGphone }
06-24 16:40:07.933 D/HsmInterfaceImpl( 5557): List [ResolveInfo{f451e57 com.eg.android.AlipayGphone/.AlipayLogin m=0x108000}]
06-24 16:40:07.955 W/HSM     ( 1813): HoldService:toast switch is close!
06-24 16:40:07.955 D/ApplicationPackageManager( 5557): queryIntentActivitiesAsUser blocked, Intent { act=android.intent.action.MAIN cat=[android.intent.category.LAUNCHER] pkg=com.android.mediacenter }
06-24 16:40:07.955 D/HsmInterfaceImpl( 5557): List [ResolveInfo{c83de2d com.android.mediacenter/.PageActivity m=0x108000}]
06-24 16:40:07.960 E/asset   ( 5557): createFromFile(): lock file /data/resource-cache/system@emui@base@overlay@frameworkhwexthonor@frameworkhwexthonor.apk@idmap.
06-24 16:40:07.960 E/asset   ( 5557): createFromFile(): lock file /data/resource-cache/system@emui@base@overlay@frameworkhwexthonor@frameworkhwexthonor.apk@idmap.
06-24 16:40:07.961 W/ResourceType( 5557): Found multiple library tables, ignoring...
06-24 16:40:07.968 I/NetworkSpeedManagerEx( 1513): mIsStop = false
06-24 16:40:07.968 I/NetworkSpeedManagerEx( 1513):  runInThread getTetherStats
06-24 16:40:07.970 I/NetworkSpeedManagerEx( 1513):  runInUI refreshSpeed
06-24 16:40:07.971 I/NetworkSpeedManagerEx( 1513): value=4494.3335speed = 4.4
06-24 16:40:07.971 I/NetworkSpeedManagerEx( 1513): K/smIsShowLastSpeedValuefalse
06-24 16:40:07.971 I/NetworkSpeedView( 1513): /update(), speed=4.4
06-24 16:40:07.971 I/NetworkSpeedView( 1513): K/s parent class:class com.android.systemui.statusbar.HwSystemIcons
06-24 16:40:07.992 I/NetworkSpeedManagerEx( 1513): mIsStop = false
06-24 16:40:07.992 I/NetworkSpeedManagerEx( 1513):  runInThread getTetherStats
06-24 16:40:07.993 W/HSM     ( 1813): HoldService:toast switch is close!
06-24 16:40:07.994 D/ApplicationPackageManager( 5557): queryIntentActivitiesAsUser blocked, Intent { act=android.intent.action.MAIN cat=[android.intent.category.LAUNCHER] pkg=com.huawei.himovie }
06-24 16:40:07.994 D/HsmInterfaceImpl( 5557): List [ResolveInfo{36249b0 com.huawei.himovie/.ui.login.SplashScreenActivity m=0x108000}]
06-24 16:40:07.994 I/NetworkSpeedManagerEx( 1513):  runInUI refreshSpeed
06-24 16:40:07.995 I/NetworkSpeedManagerEx( 1513): value=4494.3335speed = 4.4
06-24 16:40:07.995 I/NetworkSpeedManagerEx( 1513): K/smIsShowLastSpeedValuefalse
06-24 16:40:07.995 I/NetworkSpeedView( 1513): /update(), speed=4.4
06-24 16:40:07.995 I/NetworkSpeedView( 1513): K/s parent class:class com.android.systemui.statusbar.HwSystemIcons
06-24 16:40:07.997 E/asset   ( 5557): createFromFile(): lock file /data/resource-cache/system@emui@base@overlay@frameworkhwexthonor@frameworkhwexthonor.apk@idmap.
06-24 16:40:07.997 E/asset   ( 5557): createFromFile(): lock file /data/resource-cache/system@emui@base@overlay@frameworkhwexthonor@frameworkhwexthonor.apk@idmap.
06-24 16:40:07.997 W/ResourceType( 5557): Found multiple library tables, ignoring...
06-24 16:40:08.025 W/HSM     ( 1813): HoldService:toast switch is close!
06-24 16:40:08.026 D/ApplicationPackageManager( 5557): queryIntentActivitiesAsUser blocked, Intent { act=android.intent.action.MAIN cat=[android.intent.category.LAUNCHER] pkg=com.huawei.hnreader }
06-24 16:40:08.026 D/HsmInterfaceImpl( 5557): List [ResolveInfo{48f814f com.huawei.hnreader/com.qq.reader.activity.SplashActivity m=0x108000}]
06-24 16:40:08.030 E/asset   ( 5557): createFromFile(): lock file /data/resource-cache/system@emui@base@overlay@frameworkhwexthonor@frameworkhwexthonor.apk@idmap.
06-24 16:40:08.030 E/asset   ( 5557): createFromFile(): lock file /data/resource-cache/system@emui@base@overlay@frameworkhwexthonor@frameworkhwexthonor.apk@idmap.
06-24 16:40:08.030 W/ResourceType( 5557): Found multiple library tables, ignoring...
06-24 16:40:08.056 D/PMS1000 (  657): package:com.excelliance.dualaid, input flags:8192, output hwFlags:0
06-24 16:40:08.057 W/HSM     ( 1813): HoldService:toast switch is close!
06-24 16:40:08.058 D/ApplicationPackageManager( 5557): queryIntentActivitiesAsUser blocked, Intent { act=android.intent.action.MAIN cat=[android.intent.category.LAUNCHER] pkg=com.twitter.android }
06-24 16:40:08.058 D/HsmInterfaceImpl( 5557): List [ResolveInfo{70398ba com.twitter.android/.StartActivity m=0x108000}]
06-24 16:40:08.093 W/HSM     ( 1813): HoldService:toast switch is close!
06-24 16:40:08.094 D/ApplicationPackageManager( 5557): queryIntentActivitiesAsUser blocked, Intent { act=android.intent.action.MAIN cat=[android.intent.category.LAUNCHER] pkg=com.baidu.input_huawei }
06-24 16:40:08.094 D/HsmInterfaceImpl( 5557): List []
06-24 16:40:08.098 W/HSM     ( 1813): HoldService:toast switch is close!
06-24 16:40:08.098 D/ApplicationPackageManager( 5557): queryIntentActivitiesAsUser blocked, Intent { act=android.intent.action.MAIN cat=[android.intent.category.LAUNCHER] pkg=com.google.android.gms }
06-24 16:40:08.098 D/HsmInterfaceImpl( 5557): List []
06-24 16:40:08.102 W/HSM     ( 1813): HoldService:toast switch is close!
06-24 16:40:08.103 D/ApplicationPackageManager( 5557): queryIntentActivitiesAsUser blocked, Intent { act=android.intent.action.MAIN cat=[android.intent.category.LAUNCHER] pkg=com.sankuai.meituan }
06-24 16:40:08.103 D/HsmInterfaceImpl( 5557): List [ResolveInfo{389bb61 com.sankuai.meituan/com.meituan.android.pt.homepage.activity.Welcome m=0x108000}]
06-24 16:40:08.153 W/OpenGLRenderer( 2519): Incorrectly called buildLayer on View: ShortcutAndWidgetContainer, destroying layer...
06-24 16:40:08.153 W/OpenGLRenderer( 2519): Incorrectly called buildLayer on View: ShortcutAndWidgetContainer, destroying layer...
06-24 16:40:08.154 I/GRALLOC (  679): 	 shrFd=10,fmt=0x1,intFmt=0x200000001,btStrd=4352,size=8486912,pid=679 
06-24 16:40:08.154 I/GRALLOC (  679): 	 yuv=2,w=1080,h=1920,Stride u=0 v=0,offset u=0 v=0 
06-24 16:40:08.154 I/GRALLOC (  679): 	 iova_size=8486912,conUsg=0xb00,proUsg=0xb00,	 strd=1088,[afbc]HdrStrd=1088 PyldStrd=69632 Scrmbl=2,ionhnd = 1 
06-24 16:40:08.154 W/HSM     ( 1813): HoldService:toast switch is close!
06-24 16:40:08.155 D/ApplicationPackageManager( 5557): queryIntentActivitiesAsUser blocked, Intent { act=android.intent.action.MAIN cat=[android.intent.category.LAUNCHER] pkg=com.tencent.news }
06-24 16:40:08.155 D/HsmInterfaceImpl( 5557): List [ResolveInfo{7744b47 com.tencent.news/.activity.SplashActivity m=0x108000}]
06-24 16:40:08.181 W/HSM     ( 1813): HoldService:toast switch is close!
06-24 16:40:08.181 D/ApplicationPackageManager( 5557): queryIntentActivitiesAsUser blocked, Intent { act=android.intent.action.MAIN cat=[android.intent.category.LAUNCHER] pkg=com.iflytek.speechsuite }
06-24 16:40:08.181 D/HsmInterfaceImpl( 5557): List []
06-24 16:40:08.183 W/HSM     ( 1813): HoldService:toast switch is close!
06-24 16:40:08.184 D/ApplicationPackageManager( 5557): queryIntentActivitiesAsUser blocked, Intent { act=android.intent.action.MAIN cat=[android.intent.category.LAUNCHER] pkg=com.tencent.android.qqdownloader }
06-24 16:40:08.184 D/HsmInterfaceImpl( 5557): List [ResolveInfo{8c5ac9d com.tencent.android.qqdownloader/com.tencent.pangu.link.SplashActivity m=0x108000}]
06-24 16:40:08.216 W/HSM     ( 1813): HoldService:toast switch is close!
06-24 16:40:08.216 D/ApplicationPackageManager( 5557): queryIntentActivitiesAsUser blocked, Intent { act=android.intent.action.MAIN cat=[android.intent.category.LAUNCHER] pkg=com.ifreetalk.ftalk }
06-24 16:40:08.216 D/HsmInterfaceImpl( 5557): List [ResolveInfo{c2054e3 com.ifreetalk.ftalk/.activity.DummyActivity m=0x108000}]
06-24 16:40:08.231 W/HSM     ( 1813): HoldService:toast switch is close!
06-24 16:40:08.232 D/ApplicationPackageManager( 5557): queryIntentActivitiesAsUser blocked, Intent { act=android.intent.action.MAIN cat=[android.intent.category.LAUNCHER] pkg=com.taobao.taobao }
06-24 16:40:08.232 D/HsmInterfaceImpl( 5557): List [ResolveInfo{e337ee0 com.taobao.taobao/com.taobao.tao.welcome.Welcome m=0x108000}]
06-24 16:40:08.259 W/HSM     ( 1813): HoldService:toast switch is close!
06-24 16:40:08.259 D/ApplicationPackageManager( 5557): queryIntentActivitiesAsUser blocked, Intent { act=android.intent.action.MAIN cat=[android.intent.category.LAUNCHER] pkg=com.android.gallery3d }
06-24 16:40:08.259 D/HsmInterfaceImpl( 5557): List [ResolveInfo{b0de05e com.android.gallery3d/com.huawei.gallery.app.GalleryMain m=0x108000}]
06-24 16:40:08.263 E/asset   ( 5557): createFromFile(): lock file /data/resource-cache/system@emui@base@overlay@frameworkhwexthonor@frameworkhwexthonor.apk@idmap.
06-24 16:40:08.263 E/asset   ( 5557): createFromFile(): lock file /data/resource-cache/system@emui@base@overlay@frameworkhwexthonor@frameworkhwexthonor.apk@idmap.
06-24 16:40:08.263 W/ResourceType( 5557): Found multiple library tables, ignoring...
06-24 16:40:08.296 D/PMS1000 (  657): package:com.excelliance.dualaid, input flags:8192, output hwFlags:0
06-24 16:40:08.297 W/HSM     ( 1813): HoldService:toast switch is close!
06-24 16:40:08.297 D/ApplicationPackageManager( 5557): queryIntentActivitiesAsUser blocked, Intent { act=android.intent.action.MAIN cat=[android.intent.category.LAUNCHER] pkg=com.pp.assistant }
06-24 16:40:08.298 D/HsmInterfaceImpl( 5557): List [ResolveInfo{67ed255 com.pp.assistant/.activity.MainActivity m=0x108000}]
06-24 16:40:08.323 D/PMS1000 (  657): package:com.excelliance.dualaid, input flags:8192, output hwFlags:0
06-24 16:40:08.323 W/HSM     ( 1813): HoldService:toast switch is close!
06-24 16:40:08.324 D/ApplicationPackageManager( 5557): queryIntentActivitiesAsUser blocked, Intent { act=android.intent.action.MAIN cat=[android.intent.category.LAUNCHER] pkg=com.oppo.market }
06-24 16:40:08.324 D/HsmInterfaceImpl( 5557): List [ResolveInfo{c317d5b com.oppo.market/.activity.MainActivity m=0x108000}]
06-24 16:40:08.364 W/HSM     ( 1813): HoldService:toast switch is close!
06-24 16:40:08.365 D/ApplicationPackageManager( 5557): queryIntentActivitiesAsUser blocked, Intent { act=android.intent.action.MAIN cat=[android.intent.category.LAUNCHER] pkg=com.excean.wxaid }
06-24 16:40:08.365 D/HsmInterfaceImpl( 5557): List [ResolveInfo{3273ed1 com.excean.wxaid/com.excelliance.kxqp.ui.HelloActivity m=0x108000}]
06-24 16:40:08.394 W/HwResourcesImpl( 5557): icon in pkg com.excean.wxaid is too large.sDefaultSizeWithoutEdge = 188bmp.getWidth() = 1536
06-24 16:40:08.410 W/HSM     ( 1813): HoldService:toast switch is close!
06-24 16:40:08.410 D/ApplicationPackageManager( 5557): queryIntentActivitiesAsUser blocked, Intent { act=android.intent.action.MAIN cat=[android.intent.category.LAUNCHER] pkg=com.huawei.intelligent }
06-24 16:40:08.411 D/HsmInterfaceImpl( 5557): List []
06-24 16:40:08.412 W/HSM     ( 1813): HoldService:toast switch is close!
06-24 16:40:08.413 D/ApplicationPackageManager( 5557): queryIntentActivitiesAsUser blocked, Intent { act=android.intent.action.MAIN cat=[android.intent.category.LAUNCHER] pkg=com.google.android.backuptransport }
06-24 16:40:08.413 D/HsmInterfaceImpl( 5557): List []
06-24 16:40:08.415 W/HSM     ( 1813): HoldService:toast switch is close!
06-24 16:40:08.415 D/ApplicationPackageManager( 5557): queryIntentActivitiesAsUser blocked, Intent { act=android.intent.action.MAIN cat=[android.intent.category.LAUNCHER] pkg=com.huawei.skytone }
06-24 16:40:08.415 D/HsmInterfaceImpl( 5557): List []
06-24 16:40:08.417 W/HSM     ( 1813): HoldService:toast switch is close!
06-24 16:40:08.417 D/ApplicationPackageManager( 5557): queryIntentActivitiesAsUser blocked, Intent { act=android.intent.action.MAIN cat=[android.intent.category.LAUNCHER] pkg=com.estrongs.android.pop }
06-24 16:40:08.417 D/HsmInterfaceImpl( 5557): List [ResolveInfo{d009437 com.estrongs.android.pop/.app.openscreenad.NewSplashActivity m=0x108000}]
06-24 16:40:08.449 W/HSM     ( 1813): HoldService:toast switch is close!
06-24 16:40:08.449 D/ApplicationPackageManager( 5557): queryIntentActivitiesAsUser blocked, Intent { act=android.intent.action.MAIN cat=[android.intent.category.LAUNCHER] pkg=com.redfinger.app }
06-24 16:40:08.449 D/HsmInterfaceImpl( 5557): List [ResolveInfo{b0ff70d com.redfinger.app/.activity.SplashActivity m=0x108000}]
06-24 16:40:08.478 W/HSM     ( 1813): HoldService:toast switch is close!
06-24 16:40:08.478 D/ApplicationPackageManager( 5557): queryIntentActivitiesAsUser blocked, Intent { act=android.intent.action.MAIN cat=[android.intent.category.LAUNCHER] pkg=com.android.vending }
06-24 16:40:08.478 D/HsmInterfaceImpl( 5557): List [ResolveInfo{8403cd3 com.android.vending/.AssetBrowserActivity m=0x108000}]
06-24 16:40:08.509 W/HSM     ( 1813): HoldService:toast switch is close!
06-24 16:40:08.509 D/ApplicationPackageManager( 5557): queryIntentActivitiesAsUser blocked, Intent { act=android.intent.action.MAIN cat=[android.intent.category.LAUNCHER] pkg=org.hapjs.mockup }
06-24 16:40:08.509 D/HsmInterfaceImpl( 5557): List [ResolveInfo{7c7d32f org.hapjs.mockup/.activity.MainActivity m=0x108000}]
06-24 16:40:08.517 D/HwWifiStatStore(  657): handleMessage : 200
06-24 16:40:08.531 W/HSM     ( 1813): HoldService:toast switch is close!
06-24 16:40:08.532 D/ApplicationPackageManager( 5557): queryIntentActivitiesAsUser blocked, Intent { act=android.intent.action.MAIN cat=[android.intent.category.LAUNCHER] pkg=com.huawei.gamebox }
06-24 16:40:08.532 D/HsmInterfaceImpl( 5557): List [ResolveInfo{b99fac5 com.huawei.gamebox/.GameBoxActivity m=0x108000}]
06-24 16:40:08.536 E/asset   ( 5557): createFromFile(): lock file /data/resource-cache/system@emui@base@overlay@frameworkhwexthonor@frameworkhwexthonor.apk@idmap.
06-24 16:40:08.536 E/asset   ( 5557): createFromFile(): lock file /data/resource-cache/system@emui@base@overlay@frameworkhwexthonor@frameworkhwexthonor.apk@idmap.
06-24 16:40:08.536 W/ResourceType( 5557): Found multiple library tables, ignoring...
06-24 16:40:08.558 I/TrafficMonitor(  657): update:rxPkts:18,txPkts:19,rxBytes:8123,txBytes:2686
06-24 16:40:08.558 I/TrafficMonitor(  657): start expired. level:-1
06-24 16:40:08.558 I/TrafficMonitor(  657): gettimer:interval=2000
06-24 16:40:08.564 W/HSM     ( 1813): HoldService:toast switch is close!
06-24 16:40:08.565 D/ApplicationPackageManager( 5557): queryIntentActivitiesAsUser blocked, Intent { act=android.intent.action.MAIN cat=[android.intent.category.LAUNCHER] pkg=com.stickgame.los2 }
06-24 16:40:08.565 D/HsmInterfaceImpl( 5557): List [ResolveInfo{13c2128 com.stickgame.los2/com.DBGame.DiabloLOL.DiabloLOL m=0x108000}]
06-24 16:40:08.603 W/HSM     ( 1813): HoldService:toast switch is close!
06-24 16:40:08.603 D/ApplicationPackageManager( 5557): queryIntentActivitiesAsUser blocked, Intent { act=android.intent.action.MAIN cat=[android.intent.category.LAUNCHER] pkg=com.qihoo.appstore }
06-24 16:40:08.603 D/HsmInterfaceImpl( 5557): List [ResolveInfo{cc7bfe6 com.qihoo.appstore/.home.LauncherActivity m=0x108000}]
06-24 16:40:08.630 W/HSM     ( 1813): HoldService:toast switch is close!
06-24 16:40:08.630 D/ApplicationPackageManager( 5557): queryIntentActivitiesAsUser blocked, Intent { act=android.intent.action.MAIN cat=[android.intent.category.LAUNCHER] pkg=com.huawei.android.thememanager }
06-24 16:40:08.631 D/HsmInterfaceImpl( 5557): List [ResolveInfo{6c627d4 com.huawei.android.thememanager/.HwThemeManagerActivity m=0x108000}]
06-24 16:40:08.633 E/asset   ( 5557): createFromFile(): lock file /data/resource-cache/system@emui@base@overlay@frameworkhwexthonor@frameworkhwexthonor.apk@idmap.
06-24 16:40:08.633 E/asset   ( 5557): createFromFile(): lock file /data/resource-cache/system@emui@base@overlay@frameworkhwexthonor@frameworkhwexthonor.apk@idmap.
06-24 16:40:08.633 W/ResourceType( 5557): Found multiple library tables, ignoring...
06-24 16:40:08.657 I/Pged-IPgedBinderService(  769): ****action is 2, pid num is 7***
06-24 16:40:08.657 I/Pged-Freezer(  769): thawPids
06-24 16:40:08.665 D/PMS1000 (  657): package:com.excelliance.dualaid, input flags:8192, output hwFlags:0
06-24 16:40:08.666 W/HSM     ( 1813): HoldService:toast switch is close!
06-24 16:40:08.667 D/ApplicationPackageManager( 5557): queryIntentActivitiesAsUser blocked, Intent { act=android.intent.action.MAIN cat=[android.intent.category.LAUNCHER] pkg=com.excean.parallelspace }
06-24 16:40:08.667 D/HsmInterfaceImpl( 5557): List [ResolveInfo{8e200c3 com.excean.parallelspace/com.excelliance.kxqp.ui.HelloActivity m=0x108000}]
06-24 16:40:08.669 D/PgedBinderAdapter( 1699): unfrz ok, pid: [29457, 19894, 29531, 14942, 15544, 24379]
06-24 16:40:08.677 I/appium  (24379): Null child 0/1, parent: android.view.accessibility.AccessibilityNodeInfo@800072fc; boundsInParent: Rect(0, 0 - 1080, 1920); boundsInScreen: Rect(0, 0 - 1080, 1920); packageName: com.excelliance.dualaid; className: android.widget.FrameLayout; text: null; error: null; maxTextLength: -1; contentDescription: null; viewIdResName: null; checkable: false; checked: false; focusable: false; focused: false; selected: false; clickable: false; longClickable: false; contextClickable: false; enabled: true; password: false; scrollable: false; importantForAccessibility: true; actions: [AccessibilityAction: ACTION_SELECT - null, AccessibilityAction: ACTION_CLEAR_SELECTION - null, AccessibilityAction: ACTION_ACCESSIBILITY_FOCUS - null, AccessibilityAction: ACTION_SHOW_ON_SCREEN - null]
06-24 16:40:08.677 I/appium  (24379): Fetch time: 4ms
