06-24 15:26:18.443 I/HwNotificationManagerService(  657): doNotificationCollect: pkg=com.excelliance.dualaid, uid=11421, hw_type=107, hw_btw=true
06-24 15:26:18.443 I/NetworkSpeedManagerEx( 1513):  runInUI refreshSpeed
06-24 15:26:18.443 D/PMS1000 (  657): package:com.excelliance.dualaid, input flags:268435456, output hwFlags:0
06-24 15:26:18.443 D/PMS1000 (  657): package:com.excelliance.dualaid, input flags:0, output hwFlags:0
06-24 15:26:18.443 W/NotificationRecord(  657): Use default channel, The importance is:2
06-24 15:26:18.443 D/PMS1000 (  657): package:com.excelliance.dualaid, input flags:0, output hwFlags:0
06-24 15:26:18.443 V/ActivityManager(  657): Attempted to start a foreground service (ComponentInfo{com.excelliance.dualaid/com.excelliance.kxqp.platform.TrampolineService$EmptyService}) with a broken notification (no icon: Notification(channel=null pri=0 contentView=null vibrate=null sound=null defaults=0x0 flags=0x40 color=0x00000000 vis=PRIVATE))
06-24 15:26:18.443 I/NetworkSpeedManagerEx( 1513): value=5383.0speed = 5.3
06-24 15:26:18.443 I/NetworkSpeedManagerEx( 1513): K/smIsShowLastSpeedValuefalse
06-24 15:26:18.443 I/NetworkSpeedView( 1513): /update(), speed=5.3
06-24 15:26:18.443 I/NetworkSpeedView( 1513): K/s parent class:class com.android.systemui.statusbar.HwSystemIcons
06-24 15:26:18.445 D/HwNotificationManagerService(  657): recognize: tag=null, id=268435456, user=UserHandle{0}, pkg=com.excelliance.dualaid, uid=11421, callingPid=27919
06-24 15:26:18.446 D/NotificationService(  657): mGameDndStatus is:false ,isGameDndSwitchOn is:false
06-24 15:26:18.446 D/PMS1000 (  657): package:com.excelliance.dualaid, input flags:0, output hwFlags:0
06-24 15:26:18.446 I/[HwRecSys]HwRecSysAidlService( 2647): doNotificationCollect -> current num:1
06-24 15:26:18.446 I/[HwRecSys]-Notification-NotificationUpdateController( 2647): startNotificationUpdate start!
06-24 15:26:18.446 W/SettingsEx( 2647): SettingsEx.Systemex.getInt deprecated use Settings.System.getInt instead ;callers=com.huawei.recsys.util.SystemUtil.getNotificationUpdateMode:169 com.huawei.recsys.util.SystemUtil.isAllowUpdate:104 com.huawei.recsys.controller.notification.http.NotificationUpdateController.startNotificationUpdate:85 
06-24 15:26:18.446 I/[HwRecSys]SystemUtil( 2647): isAllowUpdate mode:1
06-24 15:26:18.447 I/[HwRecSys]SystemUtil( 2647): isAllowUpdate isAllowUpdate:true
06-24 15:26:18.447 I/[HwRecSys]-Notification-NotificationUpdateController( 2647):  -> currentYear:2018
06-24 15:26:18.447 I/[HwRecSys]-Notification-NotificationUpdateController( 2647):  -> currentMonth:5
06-24 15:26:18.447 I/[HwRecSys]-Notification-NotificationUpdateController( 2647):  -> currentDay:24
06-24 15:26:18.447 I/[HwRecSys]-Notification-NotificationUpdateController( 2647):  -> oldYear:2018
06-24 15:26:18.447 I/[HwRecSys]-Notification-NotificationUpdateController( 2647):  -> oldMonth:5
06-24 15:26:18.447 I/[HwRecSys]-Notification-NotificationUpdateController( 2647):  -> oldDay:24
06-24 15:26:18.447 E/[HwRecSys]-Notification-NotificationUpdateController( 2647): startNotificationUpdate time is valid no need request
06-24 15:26:18.447 I/[HwRecSys]-Notification-NotificationController( 2647): doNotificationCollect start!
06-24 15:26:18.447 E/[HwRecSys]-Notification-NotificationController( 2647): HwDefaultLabels returnStr:107
06-24 15:26:18.447 E/[HwRecSys]-Notification-NotificationController( 2647): getChinese paramValue is null!
06-24 15:26:18.448 E/[HwRecSys]-Notification-NotificationController( 2647): doNotificationCollect getLabelByRegRules label:107
06-24 15:26:18.448 I/[HwRecSys]HwRecSysAidlService( 2647): doNotificationCollect ->  finally remote Num - 1 !
06-24 15:26:18.449 I/HwNotificationManagerService(  657): doNotificationCollect: pkg=com.excelliance.dualaid, uid=11421, hw_type=107, hw_btw=true
06-24 15:26:18.449 D/PMS1000 (  657): package:com.excelliance.dualaid, input flags:268435456, output hwFlags:0
06-24 15:26:18.449 D/PMS1000 (  657): package:com.excelliance.dualaid, input flags:0, output hwFlags:0
06-24 15:26:18.449 W/NotificationRecord(  657): Use default channel, The importance is:2
06-24 15:26:18.449 I/AppManager( 1699): app:com.excelliance.dualaid Notification update time:107917298
06-24 15:26:18.449 I/AppManager( 1699): app:com.excelliance.dualaid Notification persist:true  Ids:[268435456]
06-24 15:26:18.452 D/NotificationService(  657): mGameDndStatus is:false ,isGameDndSwitchOn is:false
06-24 15:26:18.459 D/PMS10039(  657): package:com.excelliance.dualaid, input flags:1024, output hwFlags:0
06-24 15:26:18.460 D/PMS10039(  657): package:com.android.systemui, input flags:268436480, output hwFlags:0
06-24 15:26:18.462 D/HwCust  ( 1513): Create obj success use class com.android.systemui.statusbar.notification.HwCustNotificationInflaterImpl
06-24 15:26:18.463 I/FakeShadowView( 1513): radius18
06-24 15:26:18.463 D/PMS10039(  657): package:com.excelliance.dualaid, input flags:8704, output hwFlags:0
06-24 15:26:18.463 D/PMS10039(  657): package:com.excelliance.dualaid, input flags:8192, output hwFlags:0
06-24 15:26:18.464 D/HwFLClassLoader( 1513): USE_FEATURE_LIST had not init! 
06-24 15:26:18.464 W/HwPhoneLayoutInflater( 1513): onCreateView : ClassNotFoundException, In this case we want to let the base class take a crack at it
06-24 15:26:18.466 I/chatty  ( 1513): uid=10039(u0_a39) com.android.systemui identical 2 lines
06-24 15:26:18.466 W/HwPhoneLayoutInflater( 1513): onCreateView : ClassNotFoundException, In this case we want to let the base class take a crack at it
06-24 15:26:18.466 W/ResourceType( 1513): Failure getting entry for 0x01040255 (t=3 e=597) (error -75)
06-24 15:26:18.469 W/HwPhoneLayoutInflater( 1513): onCreateView : ClassNotFoundException, In this case we want to let the base class take a crack at it
06-24 15:26:18.470 I/chatty  ( 1513): uid=10039(u0_a39) com.android.systemui identical 2 lines
06-24 15:26:18.470 W/HwPhoneLayoutInflater( 1513): onCreateView : ClassNotFoundException, In this case we want to let the base class take a crack at it
06-24 15:26:18.471 W/ResourceType( 1513): Failure getting entry for 0x01040255 (t=3 e=597) (error -75)
06-24 15:26:18.475 W/HwPhoneLayoutInflater( 1513): onCreateView : ClassNotFoundException, In this case we want to let the base class take a crack at it
06-24 15:26:18.475 W/HwPhoneLayoutInflater( 1513): onCreateView : ClassNotFoundException, In this case we want to let the base class take a crack at it
06-24 15:26:18.475 W/zygote  (27919): Throwing OutOfMemoryError "EnsureLocalCapacity"
06-24 15:26:18.477 W/HwPhoneLayoutInflater( 1513): onCreateView : ClassNotFoundException, In this case we want to let the base class take a crack at it
06-24 15:26:18.477 W/HwPhoneLayoutInflater( 1513): onCreateView : ClassNotFoundException, In this case we want to let the base class take a crack at it
06-24 15:26:18.477 W/ResourceType( 1513): Failure getting entry for 0x01040255 (t=3 e=597) (error -75)
06-24 15:26:18.481 W/HwPhoneLayoutInflater( 1513): onCreateView : ClassNotFoundException, In this case we want to let the base class take a crack at it
06-24 15:26:18.481 W/HwPhoneLayoutInflater( 1513): onCreateView : ClassNotFoundException, In this case we want to let the base class take a crack at it
06-24 15:26:18.482 W/IPMSI   (27919): request permission: com.huawei.permission.sec.MDM.v2
06-24 15:26:18.482 W/IPMSI   (27919): request permission: com.huawei.authentication.HW_ACCESS_AUTH_SERVICE
06-24 15:26:18.482 W/IPMSI   (27919): request permission: com.huawei.appmarket.provider.readPermission
06-24 15:26:18.482 W/IPMSI   (27919): request permission: com.huawei.pushagent.permission.RICHMEDIA_PROVIDER
06-24 15:26:18.483 W/HwPhoneLayoutInflater( 1513): onCreateView : ClassNotFoundException, In this case we want to let the base class take a crack at it
06-24 15:26:18.483 W/HwPhoneLayoutInflater( 1513): onCreateView : ClassNotFoundException, In this case we want to let the base class take a crack at it
06-24 15:26:18.483 W/ResourceType( 1513): Failure getting entry for 0x01040255 (t=3 e=597) (error -75)
06-24 15:26:18.486 D/PMS10039(  657): package:com.excelliance.dualaid, input flags:0, output hwFlags:0
06-24 15:26:18.488 D/HwPhoneStatusBar( 1513): No peeking: not allowed notification: 0|com.excelliance.dualaid|268435456|null|11421
06-24 15:26:18.494 I/PhoneStatusBar( 1513): updateNotificationShade: total=73, active=73
06-24 15:26:18.494 W/PhoneStatusBar( 1513): updateNotificationShade hasFaceDT: false; Detected:false
06-24 15:26:18.497 V/PhoneStatusBar( 1513): mStackScroller size:11,activeCount:73, childCnt:15
06-24 15:26:18.518 D/ReporterUtil( 1513):  e id:344 type:{pkg:com.excelliance.dualaid,hw_type:107,hw_btw:true,onGoing:true,importance:2}
06-24 15:26:18.519 E/BDLog   ( 1686): BD.FilterImpl:com.android.systemui 344 times= 200 over threshold
06-24 15:26:18.519 E/BDLog   ( 1686): BD.FilterImpl:com.android.systemui344 is illLegal
06-24 15:26:18.519 W/HwKeyguardDragHelper( 1513): AnimationBlocked
06-24 15:26:18.527 I/NetworkSpeedManagerEx( 1513): mIsStop = false
06-24 15:26:18.528 I/NetworkSpeedManagerEx( 1513):  runInThread getTetherStats
06-24 15:26:18.528 D/StatusBar( 1513): updateNotification(StatusBarNotification(pkg=com.excelliance.dualaid user=UserHandle{0} id=268435456 tag=null key=0|com.excelliance.dualaid|268435456|null|11421: Notification(channel=null pri=0 contentView=com.excelliance.dualaid/0x1090090 vibrate=null sound=null defaults=0x0 flags=0x62 color=0xff607d8b vis=PRIVATE)))
06-24 15:26:18.532 D/HwPhoneStatusBar( 1513): No peeking: not allowed notification: 0|com.excelliance.dualaid|268435456|null|11421
06-24 15:26:18.532 D/StatusBar( 1513): applyInPlace=true shouldPeek=false alertAgain=true
06-24 15:26:18.532 D/StatusBar( 1513): reusing notification for key: 0|com.excelliance.dualaid|268435456|null|11421
06-24 15:26:18.533 D/PMS10039(  657): package:com.excelliance.dualaid, input flags:8192, output hwFlags:0
06-24 15:26:18.539 I/PhoneStatusBar( 1513): updateNotificationShade: total=73, active=73
06-24 15:26:18.539 W/PhoneStatusBar( 1513): updateNotificationShade hasFaceDT: false; Detected:false
06-24 15:26:18.540 V/PhoneStatusBar( 1513): mStackScroller size:11,activeCount:73, childCnt:15
06-24 15:26:18.545 D/SmtServService(27792): MSG_LOAD_PLT GameUtil.isPtLoaded() = true
06-24 15:26:18.560 I/NetworkSpeedManagerEx( 1513):  runInUI refreshSpeed
06-24 15:26:18.560 I/NetworkSpeedManagerEx( 1513): value=5383.0speed = 5.3
06-24 15:26:18.560 I/NetworkSpeedManagerEx( 1513): K/smIsShowLastSpeedValuefalse
06-24 15:26:18.561 I/NetworkSpeedView( 1513): /update(), speed=5.3
06-24 15:26:18.561 I/NetworkSpeedView( 1513): K/s parent class:class com.android.systemui.statusbar.HwSystemIcons
06-24 15:26:18.561 W/HwKeyguardDragHelper( 1513): AnimationBlocked
06-24 15:26:18.570 I/Pged-IPgedBinderService(  769): ****action is 2, pid num is 6***
06-24 15:26:18.570 I/Pged-Freezer(  769): thawPids
06-24 15:26:18.574 D/PgedBinderAdapter( 1699): unfrz ok, pid: [29457, 29531, 29347, 27318, 27449]
06-24 15:26:18.579 I/appium  (27449): Null child 5/20, parent: android.view.accessibility.AccessibilityNodeInfo@c3f8; boundsInParent: Rect(0, 0 - 1056, 1550); boundsInScreen: Rect(12, 0 - 1068, 1514); packageName: com.huawei.android.launcher; className: android.view.ViewGroup; text: null; error: null; maxTextLength: -1; contentDescription: null; viewIdResName: null; checkable: false; checked: false; focusable: false; focused: false; selected: false; clickable: false; longClickable: false; contextClickable: false; enabled: true; password: false; scrollable: false; importantForAccessibility: false; actions: [AccessibilityAction: ACTION_SELECT - null, AccessibilityAction: ACTION_CLEAR_SELECTION - null, AccessibilityAction: ACTION_ACCESSIBILITY_FOCUS - null, AccessibilityAction: ACTION_SHOW_ON_SCREEN - null]
06-24 15:26:18.584 I/appium  (27449): Null child 6/20, parent: android.view.accessibility.AccessibilityNodeInfo@c3f8; boundsInParent: Rect(0, 0 - 1056, 1550); boundsInScreen: Rect(12, 0 - 1068, 1514); packageName: com.huawei.android.launcher; className: android.view.ViewGroup; text: null; error: null; maxTextLength: -1; contentDescription: null; viewIdResName: null; checkable: false; checked: false; focusable: false; focused: false; selected: false; clickable: false; longClickable: false; contextClickable: false; enabled: true; password: false; scrollable: false; importantForAccessibility: false; actions: [AccessibilityAction: ACTION_SELECT - null, AccessibilityAction: ACTION_CLEAR_SELECTION - null, AccessibilityAction: ACTION_ACCESSIBILITY_FOCUS - null, AccessibilityAction: ACTION_SHOW_ON_SCREEN - null]
06-24 15:26:18.585 I/appium  (27449): Null child 7/20, parent: android.view.accessibility.AccessibilityNodeInfo@c3f8; boundsInParent: Rect(0, 0 - 1056, 1550); boundsInScreen: Rect(12, 0 - 1068, 1514); packageName: com.huawei.android.launcher; className: android.view.ViewGroup; text: null; error: null; maxTextLength: -1; contentDescription: null; viewIdResName: null; checkable: false; checked: false; focusable: false; focused: false; selected: false; clickable: false; longClickable: false; contextClickable: false; enabled: true; password: false; scrollable: false; importantForAccessibility: false; actions: [AccessibilityAction: ACTION_SELECT - null, AccessibilityAction: ACTION_CLEAR_SELECTION - null, AccessibilityAction: ACTION_ACCESSIBILITY_FOCUS - null, AccessibilityAction: ACTION_SHOW_ON_SCREEN - null]
06-24 15:26:18.587 I/appium  (27449): Null child 8/20, parent: android.view.accessibility.AccessibilityNodeInfo@c3f8; boundsInParent: Rect(0, 0 - 1056, 1550); boundsInScreen: Rect(12, 0 - 1068, 1514); packageName: com.huawei.android.launcher; className: android.view.ViewGroup; text: null; error: null; maxTextLength: -1; contentDescription: null; viewIdResName: null; checkable: false; checked: false; focusable: false; focused: false; selected: false; clickable: false; longClickable: false; contextClickable: false; enabled: true; password: false; scrollable: false; importantForAccessibility: false; actions: [AccessibilityAction: ACTION_SELECT - null, AccessibilityAction: ACTION_CLEAR_SELECTION - null, AccessibilityAction: ACTION_ACCESSIBILITY_FOCUS - null, AccessibilityAction: ACTION_SHOW_ON_SCREEN - null]
06-24 15:26:18.588 I/appium  (27449): Null child 9/20, parent: android.view.accessibility.AccessibilityNodeInfo@c3f8; boundsInParent: Rect(0, 0 - 1056, 1550); boundsInScreen: Rect(12, 0 - 1068, 1514); packageName: com.huawei.android.launcher; className: android.view.ViewGroup; text: null; error: null; maxTextLength: -1; contentDescription: null; viewIdResName: null; checkable: false; checked: false; focusable: false; focused: false; selected: false; clickable: false; longClickable: false; contextClickable: false; enabled: true; password: false; scrollable: false; importantForAccessibility: false; actions: [AccessibilityAction: ACTION_SELECT - null, AccessibilityAction: ACTION_CLEAR_SELECTION - null, AccessibilityAction: ACTION_ACCESSIBILITY_FOCUS - null, AccessibilityAction: ACTION_SHOW_ON_SCREEN - null]
06-24 15:26:18.590 I/appium  (27449): Null child 10/20, parent: android.view.accessibility.AccessibilityNodeInfo@c3f8; boundsInParent: Rect(0, 0 - 1056, 1550); boundsInScreen: Rect(12, 0 - 1068, 1514); packageName: com.huawei.android.launcher; className: android.view.ViewGroup; text: null; error: null; maxTextLength: -1; contentDescription: null; viewIdResName: null; checkable: false; checked: false; focusable: false; focused: false; selected: false; clickable: false; longClickable: false; contextClickable: false; enabled: true; password: false; scrollable: false; importantForAccessibility: false; actions: [AccessibilityAction: ACTION_SELECT - null, AccessibilityAction: ACTION_CLEAR_SELECTION - null, AccessibilityAction: ACTION_ACCESSIBILITY_FOCUS - null, AccessibilityAction: ACTION_SHOW_ON_SCREEN - null]
06-24 15:26:18.592 I/appium  (27449): Null child 11/20, parent: android.view.accessibility.AccessibilityNodeInfo@c3f8; boundsInParent: Rect(0, 0 - 1056, 1550); boundsInScreen: Rect(12, 0 - 1068, 1514); packageName: com.huawei.android.launcher; className: android.view.ViewGroup; text: null; error: null; maxTextLength: -1; contentDescription: null; viewIdResName: null; checkable: false; checked: false; focusable: false; focused: false; selected: false; clickable: false; longClickable: false; contextClickable: false; enabled: true; password: false; scrollable: false; importantForAccessibility: false; actions: [AccessibilityAction: ACTION_SELECT - null, AccessibilityAction: ACTION_CLEAR_SELECTION - null, AccessibilityAction: ACTION_ACCESSIBILITY_FOCUS - null, AccessibilityAction: ACTION_SHOW_ON_SCREEN - null]
06-24 15:26:18.593 I/appium  (27449): Null child 12/20, parent: android.view.accessibility.AccessibilityNodeInfo@c3f8; boundsInParent: Rect(0, 0 - 1056, 1550); boundsInScreen: Rect(12, 0 - 1068, 1514); packageName: com.huawei.android.launcher; className: android.view.ViewGroup; text: null; error: null; maxTextLength: -1; contentDescription: null; viewIdResName: null; checkable: false; checked: false; focusable: false; focused: false; selected: false; clickable: false; longClickable: false; contextClickable: false; enabled: true; password: false; scrollable: false; importantForAccessibility: false; actions: [AccessibilityAction: ACTION_SELECT - null, AccessibilityAction: ACTION_CLEAR_SELECTION - null, AccessibilityAction: ACTION_ACCESSIBILITY_FOCUS - null, AccessibilityAction: ACTION_SHOW_ON_SCREEN - null]
06-24 15:26:18.595 I/appium  (27449): Null child 13/20, parent: android.view.accessibility.AccessibilityNodeInfo@c3f8; boundsInParent: Rect(0, 0 - 1056, 1550); boundsInScreen: Rect(12, 0 - 1068, 1514); packageName: com.huawei.android.launcher; className: android.view.ViewGroup; text: null; error: null; maxTextLength: -1; contentDescription: null; viewIdResName: null; checkable: false; checked: false; focusable: false; focused: false; selected: false; clickable: false; longClickable: false; contextClickable: false; enabled: true; password: false; scrollable: false; importantForAccessibility: false; actions: [AccessibilityAction: ACTION_SELECT - null, AccessibilityAction: ACTION_CLEAR_SELECTION - null, AccessibilityAction: ACTION_ACCESSIBILITY_FOCUS - null, AccessibilityAction: ACTION_SHOW_ON_SCREEN - null]
06-24 15:26:18.596 I/appium  (27449): Null child 14/20, parent: android.view.accessibility.AccessibilityNodeInfo@c3f8; boundsInParent: Rect(0, 0 - 1056, 1550); boundsInScreen: Rect(12, 0 - 1068, 1514); packageName: com.huawei.android.launcher; className: android.view.ViewGroup; text: null; error: null; maxTextLength: -1; contentDescription: null; viewIdResName: null; checkable: false; checked: false; focusable: false; focused: false; selected: false; clickable: false; longClickable: false; contextClickable: false; enabled: true; password: false; scrollable: false; importantForAccessibility: false; actions: [AccessibilityAction: ACTION_SELECT - null, AccessibilityAction: ACTION_CLEAR_SELECTION - null, AccessibilityAction: ACTION_ACCESSIBILITY_FOCUS - null, AccessibilityAction: ACTION_SHOW_ON_SCREEN - null]
06-24 15:26:18.598 I/appium  (27449): Null child 15/20, parent: android.view.accessibility.AccessibilityNodeInfo@c3f8; boundsInParent: Rect(0, 0 - 1056, 1550); boundsInScreen: Rect(12, 0 - 1068, 1514); packageName: com.huawei.android.launcher; className: android.view.ViewGroup; text: null; error: null; maxTextLength: -1; contentDescription: null; viewIdResName: null; checkable: false; checked: false; focusable: false; focused: false; selected: false; clickable: false; longClickable: false; contextClickable: false; enabled: true; password: false; scrollable: false; importantForAccessibility: false; actions: [AccessibilityAction: ACTION_SELECT - null, AccessibilityAction: ACTION_CLEAR_SELECTION - null, AccessibilityAction: ACTION_ACCESSIBILITY_FOCUS - null, AccessibilityAction: ACTION_SHOW_ON_SCREEN - null]
06-24 15:26:18.599 I/appium  (27449): Null child 16/20, parent: android.view.accessibility.AccessibilityNodeInfo@c3f8; boundsInParent: Rect(0, 0 - 1056, 1550); boundsInScreen: Rect(12, 0 - 1068, 1514); packageName: com.huawei.android.launcher; className: android.view.ViewGroup; text: null; error: null; maxTextLength: -1; contentDescription: null; viewIdResName: null; checkable: false; checked: false; focusable: false; focused: false; selected: false; clickable: false; longClickable: false; contextClickable: false; enabled: true; password: false; scrollable: false; importantForAccessibility: false; actions: [AccessibilityAction: ACTION_SELECT - null, AccessibilityAction: ACTION_CLEAR_SELECTION - null, AccessibilityAction: ACTION_ACCESSIBILITY_FOCUS - null, AccessibilityAction: ACTION_SHOW_ON_SCREEN - null]
06-24 15:26:18.601 I/appium  (27449): Null child 17/20, parent: android.view.accessibility.AccessibilityNodeInfo@c3f8; boundsInParent: Rect(0, 0 - 1056, 1550); boundsInScreen: Rect(12, 0 - 1068, 1514); packageName: com.huawei.android.launcher; className: android.view.ViewGroup; text: null; error: null; maxTextLength: -1; contentDescription: null; viewIdResName: null; checkable: false; checked: false; focusable: false; focused: false; selected: false; clickable: false; longClickable: false; contextClickable: false; enabled: true; password: false; scrollable: false; importantForAccessibility: false; actions: [AccessibilityAction: ACTION_SELECT - null, AccessibilityAction: ACTION_CLEAR_SELECTION - null, AccessibilityAction: ACTION_ACCESSIBILITY_FOCUS - null, AccessibilityAction: ACTION_SHOW_ON_SCREEN - null]
06-24 15:26:18.602 I/appium  (27449): Null child 18/20, parent: android.view.accessibility.AccessibilityNodeInfo@c3f8; boundsInParent: Rect(0, 0 - 1056, 1550); boundsInScreen: Rect(12, 0 - 1068, 1514); packageName: com.huawei.android.launcher; className: android.view.ViewGroup; text: null; error: null; maxTextLength: -1; contentDescription: null; viewIdResName: null; checkable: false; checked: false; focusable: false; focused: false; selected: false; clickable: false; longClickable: false; contextClickable: false; enabled: true; password: false; scrollable: false; importantForAccessibility: false; actions: [AccessibilityAction: ACTION_SELECT - null, AccessibilityAction: ACTION_CLEAR_SELECTION - null, AccessibilityAction: ACTION_ACCESSIBILITY_FOCUS - null, AccessibilityAction: ACTION_SHOW_ON_SCREEN - null]
06-24 15:26:18.602 I/appium  (27449): Null child 19/20, parent: android.view.accessibility.AccessibilityNodeInfo@c3f8; boundsInParent: Rect(0, 0 - 1056, 1550); boundsInScreen: Rect(12, 0 - 1068, 1514); packageName: com.huawei.android.launcher; className: android.view.ViewGroup; text: null; error: null; maxTextLength: -1; contentDescription: null; viewIdResName: null; checkable: false; checked: false; focusable: false; focused: false; selected: false; clickable: false; longClickable: false; contextClickable: false; enabled: true; password: false; scrollable: false; importantForAccessibility: false; actions: [AccessibilityAction: ACTION_SELECT - null, AccessibilityAction: ACTION_CLEAR_SELECTION - null, AccessibilityAction: ACTION_ACCESSIBILITY_FOCUS - null, AccessibilityAction: ACTION_SHOW_ON_SCREEN - null]
06-24 15:26:18.603 I/appium  (27449): Null child 2/3, parent: android.view.accessibility.AccessibilityNodeInfo@9aad; boundsInParent: Rect(0, 0 - 1080, 1580); boundsInScreen: Rect(0, 0 - 1080, 1532); packageName: com.huawei.android.launcher; className: android.view.ViewGroup; text: null; error: null; maxTextLength: -1; contentDescription: null; viewIdResName: com.huawei.android.launcher:id/workspace_screen; checkable: false; checked: false; focusable: false; focused: false; selected: false; clickable: true; longClickable: true; contextClickable: false; enabled: true; password: false; scrollable: false; importantForAccessibility: true; actions: [AccessibilityAction: ACTION_SELECT - null, AccessibilityAction: ACTION_CLEAR_SELECTION - null, AccessibilityAction: ACTION_CLICK - null, AccessibilityAction: ACTION_LONG_CLICK - null, AccessibilityAction: ACTION_ACCESSIBILITY_FOCUS - null, AccessibilityAction: ACTION_SHOW_ON_SCREEN - null]
06-24 15:26:18.603 I/appium  (27449): Null child 3/4, parent: android.view.accessibility.AccessibilityNodeInfo@78e4; boundsInParent: Rect(2160, 0 - 3240, 1920); boundsInScreen: Rect(0, 0 - 1080, 1920); packageName: com.huawei.android.launcher; className: android.view.ViewGroup; text: null; error: null; maxTextLength: -1; contentDescription:  3  4 ; viewIdResName: com.huawei.android.launcher:id/workspace; checkable: false; checked: false; focusable: false; focused: false; selected: false; clickable: false; longClickable: false; contextClickable: false; enabled: true; password: false; scrollable: true; importantForAccessibility: true; actions: [AccessibilityAction: ACTION_SELECT - null, AccessibilityAction: ACTION_CLEAR_SELECTION - null, AccessibilityAction: ACTION_ACCESSIBILITY_FOCUS - null, AccessibilityAction: ACTION_NEXT_AT_MOVEMENT_GRANULARITY - null, AccessibilityAction: ACTION_PREVIOUS_AT_MOVEMENT_GRANULARITY - null, AccessibilityAction: ACTION_SET_SELECTION - null, AccessibilityAction: ACTION_SHOW_ON_SCREEN - null]
06-24 15:26:18.604 I/appium  (27449): Null child 1/4, parent: android.view.accessibility.AccessibilityNodeInfo@8ba9; boundsInParent: Rect(0, 0 - 1080, 1920); boundsInScreen: Rect(0, 0 - 1080, 1920); packageName: com.huawei.android.launcher; className: android.widget.FrameLayout; text: null; error: null; maxTextLength: -1; contentDescription: null; viewIdResName: com.huawei.android.launcher:id/drag_layer; checkable: false; checked: false; focusable: false; focused: false; selected: false; clickable: false; longClickable: false; contextClickable: false; enabled: true; password: false; scrollable: false; importantForAccessibility: false; actions: [AccessibilityAction: ACTION_SELECT - null, AccessibilityAction: ACTION_CLEAR_SELECTION - null, AccessibilityAction: ACTION_ACCESSIBILITY_FOCUS - null, AccessibilityAction: ACTION_SHOW_ON_SCREEN - null]
06-24 15:26:18.604 I/appium  (27449): Null child 2/4, parent: android.view.accessibility.AccessibilityNodeInfo@8ba9; boundsInParent: Rect(0, 0 - 1080, 1920); boundsInScreen: Rect(0, 0 - 1080, 1920); packageName: com.huawei.android.launcher; className: android.widget.FrameLayout; text: null; error: null; maxTextLength: -1; contentDescription: null; viewIdResName: com.huawei.android.launcher:id/drag_layer; checkable: false; checked: false; focusable: false; focused: false; selected: false; clickable: false; longClickable: false; contextClickable: false; enabled: true; password: false; scrollable: false; importantForAccessibility: false; actions: [AccessibilityAction: ACTION_SELECT - null, AccessibilityAction: ACTION_CLEAR_SELECTION - null, AccessibilityAction: ACTION_ACCESSIBILITY_FOCUS - null, AccessibilityAction: ACTION_SHOW_ON_SCREEN - null]
06-24 15:26:18.604 I/appium  (27449): Null child 3/4, parent: android.view.accessibility.AccessibilityNodeInfo@8ba9; boundsInParent: Rect(0, 0 - 1080, 1920); boundsInScreen: Rect(0, 0 - 1080, 1920); packageName: com.huawei.android.launcher; className: android.widget.FrameLayout; text: null; error: null; maxTextLength: -1; contentDescription: null; viewIdResName: com.huawei.android.launcher:id/drag_layer; checkable: false; checked: false; focusable: false; focused: false; selected: false; clickable: false; longClickable: false; contextClickable: false; enabled: true; password: false; scrollable: false; importantForAccessibility: false; actions: [AccessibilityAction: ACTION_SELECT - null, AccessibilityAction: ACTION_CLEAR_SELECTION - null, AccessibilityAction: ACTION_ACCESSIBILITY_FOCUS - null, AccessibilityAction: ACTION_SHOW_ON_SCREEN - null]
06-24 15:26:18.604 I/appium  (27449): Fetch time: 1555ms
06-24 15:26:18.616 I/appium  (27449): AppiumResponse: {"sessionId":"430f898e-b004-401b-98f6-7aab5063465f","status":0,"value":"<?xml version=\"1.0\" encoding=\"UTF-8\"?><hierarchy rotation=\"0\"><android.widget.FrameLayout index=\"0\" text=\"\" class=\"android.widget.FrameLayout\" package=\"com.huawei.android.launcher\" content-desc=\"\" checkable=\"false\" checked=\"false\" clickable=\"false\" enabled=\"true\" focusable=\"false\" focused=\"false\" scrollable=\"false\" long-clickable=\"false\" password=\"false\" selected=\"false\" bounds=\"[0,0][1080,1920]\" resource-id=\"\" instance=\"0\"><android.widget.LinearLayout index=\"0\" text=\"\" class=\"android.widget.LinearLayout\" package=\"com.huawei.android.launcher\" content-desc=\"\" checkable=\"false\" checked=\"false\" clickable=\"false\" enabled=\"true\" focusable=\"false\" focused=\"false\" scrollable=\"false\" long-clickable=\"false\" password=\"false\" selected=\"false\" bounds=\"[0,0][1080,1920]\" resource-id=\"\" instance=\"0\"><android.widget.FrameLayout index=\"0\" text=\"\" class=\"android.widget.FrameLayout\" package=\"com.huawei.android.launcher\" content-desc=\"\" checkable=\"false\" checked=\"false\" clickable=\"false\" enabled=\"true\" focusable=\"false\" focused=\"false\" scrollable=\"false\" long-clickable=\"false\" password=\"false\" selected=\"false\" bounds=\"[0,0][1080,1920]\" resource-id=\"android:id\/content\" instance=\"1\"><android.widget.FrameLayout index=\"0\" text=\"\" class=\"android.widget.FrameLayout\" package=\"com.huawei.android.launcher\" content-desc=\"\" checkable=\"false\" checked=\"false\" clickable=\"false\" enabled=\"true\" focusable=\"false\" focused=\"false\" scrollable=\"false\" long-clickable=\"false\" password=\"false\" selected=\"false\" bounds=\"[0,0][1080,1920]\" resource-id=\"com.huawei.android.launcher:id\/drag_layer\" instance=\"2\"><android.view.ViewGroup index=\"0\" text=\"\" class=\"android.view.ViewGroup\" package=\"com.huawei.android.launcher\" content-desc=\" 3  4 \" checkable=\"false\" checked=\"false\" clickable=\"false\" enabled=\"true\" focusable=\"false\" focused=\"false\" scrollable=\"true\" long-clickable=\"false\" password=\"false\" selected=\"false\" bounds=\"[0,0][1080,1920]\" resource-id=\"com.huawei.android.launcher:id\/workspace\" instance=\"0\"><android.view.ViewGroup index=\"2\" text=\"\" class=\"android.view.ViewGroup\" package=\"com.huawei.android.launcher\" content-desc=\"\" checkable=\"false\" checked=\"false\" clickable=\"true\" enabled=\"true\" focusable=\"false\" focused=\"false\" scrollable=\"false\" long-clickable=\"true\" password=\"false\" selected=\"false\" bounds=\"[0,0][1080,1532]\" resource-id=\"com.huawei.android.launcher:id\/workspace_screen\" instance=\"1\"><android.widget.FrameLayout index=\"0\" text=\"\" class=\"android.widget.FrameLayout\" package=\"com.huawei.android.launcher\" content-desc=\"\" checkable=\"false\" checked=\"false\" clickable=\"false\" enabled=\"true\" focusable=\"false\" focused=\"false\" scrollable=\"false\" long-clickable=\"false\" password=\"false\" selected=\"false\" bounds=\"[12,0][1068,1514]\" resource-id=\"\" instance=\"3\"\/><android.view.ViewGroup index=\"1\" text=\"\" class=\"android.view.ViewGroup\" package=\"com.huawei.android.launcher\" content-desc=\"\" checkable=\"false\" checked=\"false\" clickable=\"false\" enabled=\"true\" focusable=\"false\" focused=\"false\" scrollable=\"false\" long-clickable=\"false\" password=\"false\" selected=\"false\" bounds=\"[12,0][1068,1514]\" resource-id=\"\" instance=\"2\"><android.widget.TextView index=\"0\" text=\"iTest\" class=\"android.widget.TextView\" package=\"com.huawei.android.launcher\" content-desc=\"\" checkable=\"false\" checked=\"false\" clickable=\"true\" enabled=\"true\" focusable=\"true\" focused=\"false\" scrollable=\"false\" long-clickable=\"true\" password=\"false\" selected=\"false\" bounds=\"[12,84][276,370]\" resource-id=\"\" instance=\"0\"\/><android.widget.TextView index=\"1\" text=\"WhatsApp\" class=\"android.widget.TextView\" package=\"com.huawei.android.launcher\" content-
06-24 15:26:18.655 I/appium  (27449): channel read invoked!
06-24 15:26:18.655 I/appium  (27449): channel read: POST /wd/hub/session/430f898e-b004-401b-98f6-7aab5063465f/element
06-24 15:26:18.656 I/appium  (27449): Find element command
06-24 15:26:18.657 D/appium  (27449): payload: {"strategy":"id","selector":"com.excelliance.dualaid:id/bt_explore","context":"","multiple":false}
06-24 15:26:18.657 I/appium  (27449): find element command using 'id' with selector 'com.excelliance.dualaid:id/bt_explore'.
06-24 15:26:18.679 D/HwArpVerifier(  657): getGateWayARPResponses: arp rtt = 8
06-24 15:26:18.679 E/HwCHRWifiRSSIGroupSummery(  657): updatArpSummery mRSSI:-39  HwCHRWifiRSSIGroup [rssi_index=4, rtt_tcp_packets=0, rtt_tcp_duration=0, rtt_lan_duration=101, rtt_lan_failures=0, rtt_lan_succ=11, rtt_lan_max=12, rtt_lan_min=3,same_area_frequency=0,adjacent_area_frequency=0]
06-24 15:26:18.686 D/HwArpVerifier(  657): There are 1 mac address for gateway 
06-24 15:26:18.686 D/HwArpVerifier(  657): from HEART_CHECK transmit to state:HEART_CHECK
06-24 15:26:18.686 D/HwArpVerifier(  657): msg what=124 arg1(token)=6 arg2(mode)=0 delay=30000
06-24 15:26:18.686 D/HwArpVerifier(  657): performPollAndLog:
06-24 15:26:18.690 D/hw_netstat(  657): total/22295/6417,com.excelliance.dualaid/15834/4820,android.uid.system:1000/5745/1397,unknown:0/716/80,com.google.uid.shared:10089/0/120
06-24 15:26:18.741 I/TrafficMonitor(  657): update:rxPkts:24,txPkts:27,rxBytes:12097,txBytes:3724
06-24 15:26:18.741 I/TrafficMonitor(  657): start expired. level:-1
06-24 15:26:18.741 I/TrafficMonitor(  657): gettimer:interval=2000
06-24 15:26:18.907 I/PhoneStatusBar( 1513): updateNotificationShade: total=73, active=73
06-24 15:26:18.907 W/PhoneStatusBar( 1513): updateNotificationShade hasFaceDT: false; Detected:false
06-24 15:26:18.908 V/PhoneStatusBar( 1513): mStackScroller size:11,activeCount:73, childCnt:15
06-24 15:26:18.960 W/HwKeyguardDragHelper( 1513): AnimationBlocked
06-24 15:26:18.985 I/PhoneStatusBar( 1513): updateNotificationShade: total=73, active=73
06-24 15:26:18.985 W/PhoneStatusBar( 1513): updateNotificationShade hasFaceDT: false; Detected:false
06-24 15:26:18.986 V/PhoneStatusBar( 1513): mStackScroller size:11,activeCount:73, childCnt:15
06-24 15:26:19.027 I/PhoneStatusBar( 1513): updateNotificationShade: total=73, active=73
06-24 15:26:19.027 W/PhoneStatusBar( 1513): updateNotificationShade hasFaceDT: false; Detected:false
06-24 15:26:19.027 V/PhoneStatusBar( 1513): mStackScroller size:11,activeCount:73, childCnt:15
06-24 15:26:19.060 W/HwKeyguardDragHelper( 1513): AnimationBlocked
06-24 15:26:19.080 I/PhoneStatusBar( 1513): updateNotificationShade: total=73, active=73
06-24 15:26:19.080 W/PhoneStatusBar( 1513): updateNotificationShade hasFaceDT: false; Detected:false
06-24 15:26:19.081 V/PhoneStatusBar( 1513): mStackScroller size:11,activeCount:73, childCnt:15
06-24 15:26:19.121 I/PhoneStatusBar( 1513): updateNotificationShade: total=73, active=73
06-24 15:26:19.121 W/PhoneStatusBar( 1513): updateNotificationShade hasFaceDT: false; Detected:false
06-24 15:26:19.122 V/PhoneStatusBar( 1513): mStackScroller size:11,activeCount:73, childCnt:15
06-24 15:26:19.147 W/HwKeyguardDragHelper( 1513): AnimationBlocked
06-24 15:26:19.160 I/PhoneStatusBar( 1513): updateNotificationShade: total=73, active=73
06-24 15:26:19.160 W/PhoneStatusBar( 1513): updateNotificationShade hasFaceDT: false; Detected:false
06-24 15:26:19.160 V/PhoneStatusBar( 1513): mStackScroller size:11,activeCount:73, childCnt:15
06-24 15:26:19.188 I/PhoneStatusBar( 1513): updateNotificationShade: total=73, active=73
06-24 15:26:19.188 W/PhoneStatusBar( 1513): updateNotificationShade hasFaceDT: false; Detected:false
06-24 15:26:19.188 V/PhoneStatusBar( 1513): mStackScroller size:11,activeCount:73, childCnt:15
06-24 15:26:19.210 I/PhoneStatusBar( 1513): updateNotificationShade: total=73, active=73
06-24 15:26:19.210 W/PhoneStatusBar( 1513): updateNotificationShade hasFaceDT: false; Detected:false
06-24 15:26:19.211 V/PhoneStatusBar( 1513): mStackScroller size:11,activeCount:73, childCnt:15
06-24 15:26:19.235 I/PhoneStatusBar( 1513): updateNotificationShade: total=73, active=73
06-24 15:26:19.235 W/PhoneStatusBar( 1513): updateNotificationShade hasFaceDT: false; Detected:false
06-24 15:26:19.235 V/PhoneStatusBar( 1513): mStackScroller size:11,activeCount:73, childCnt:15
06-24 15:26:19.262 I/PhoneStatusBar( 1513): updateNotificationShade: total=73, active=73
06-24 15:26:19.262 W/PhoneStatusBar( 1513): updateNotificationShade hasFaceDT: false; Detected:false
06-24 15:26:19.262 V/PhoneStatusBar( 1513): mStackScroller size:11,activeCount:73, childCnt:15
06-24 15:26:19.288 W/HwKeyguardDragHelper( 1513): AnimationBlocked
06-24 15:26:19.303 I/PhoneStatusBar( 1513): updateNotificationShade: total=73, active=73
06-24 15:26:19.303 W/PhoneStatusBar( 1513): updateNotificationShade hasFaceDT: false; Detected:false
06-24 15:26:19.303 V/PhoneStatusBar( 1513): mStackScroller size:11,activeCount:73, childCnt:15
06-24 15:26:19.305 I/zygote64(  657): Background concurrent copying GC freed 586640(22MB) AllocSpace objects, 41(2MB) LOS objects, 30% free, 55MB/79MB, paused 1.614ms total 191.067ms
06-24 15:26:19.337 I/PhoneStatusBar( 1513): updateNotificationShade: total=73, active=73
06-24 15:26:19.337 W/PhoneStatusBar( 1513): updateNotificationShade hasFaceDT: false; Detected:false
06-24 15:26:19.337 V/PhoneStatusBar( 1513): mStackScroller size:11,activeCount:73, childCnt:15
06-24 15:26:19.374 I/PhoneStatusBar( 1513): updateNotificationShade: total=73, active=73
06-24 15:26:19.374 W/PhoneStatusBar( 1513): updateNotificationShade hasFaceDT: false; Detected:false
06-24 15:26:19.374 V/PhoneStatusBar( 1513): mStackScroller size:11,activeCount:73, childCnt:15
06-24 15:26:19.383 I/CloudAlbum[8.1.2.302]( 2775): [OperationUtil] cancelNotify
06-24 15:26:19.385 D/HwInnerWifiManagerImpl(  657): SupplicantState = COMPLETED
06-24 15:26:19.385 D/HwInnerWifiManagerImpl(  657): isPhoneAP = false
06-24 15:26:19.385 D/WifiStateMachine(  657): mBcastReceiver: PluggedType = 2 mIsScanCtrlPluggedin = true
06-24 15:26:19.385 D/HwWifiService(  657): mPluggedType =2
06-24 15:26:19.385 D/WifiService(  657): onReceive, action:android.intent.action.BATTERY_CHANGED
06-24 15:26:19.385 D/WifiService(  657): ACTION_BATTERY_CHANGED pluggedType: 2
06-24 15:26:19.385 I/MsgReceiver( 1699): intent action: android.intent.action.BATTERY_CHANGED
06-24 15:26:19.396 I/zygote64( 1513): Background concurrent copying GC freed 434234(19MB) AllocSpace objects, 6(1536KB) LOS objects, 49% free, 22MB/45MB, paused 720us total 126.544ms
06-24 15:26:19.397 W/HwKeyguardDragHelper( 1513): AnimationBlocked
06-24 15:26:19.403 D/KeyguardUpdateMonitor( 1513): received broadcast android.intent.action.BATTERY_CHANGED
06-24 15:26:19.403 W/KeyguardUpdateMonitor( 1513): ACTION_BATTERY_CHANGED AMP: 500000; Volt: 4697000
06-24 15:26:19.414 V/KeyguardUpdateMonitor( 1513): RefreshBatteryInfo isBatteryLow: 38
06-24 15:26:19.414 W/KeyguardUpdateMonitor( 1513): ChargingSpeed  Wattage: 2348500 ST: 5000000 --> 7500000
06-24 15:26:19.414 I/KgBattery( 1513): BatteryInfo updated:  2lPc0
06-24 15:26:19.414 W/AppHandler( 1513): sendMessage with obj100
06-24 15:26:19.414 D/KeyguardUpdateMonitor( 1513): handleBatteryUpdate
06-24 15:26:19.418 W/HwLockScreenPanel( 1513): Handle message: 100
06-24 15:26:19.418 W/HwKeyguardBottomArea( 1513): updateBatteryInfo : false  true
06-24 15:26:19.418 W/HwLockScreenPanel( 1513): refreshBatteryInfo: null
06-24 15:26:19.418 W/KgBattery( 1513): getCharge info with type: text
06-24 15:26:19.532 I/appium  (27449): AppiumResponse: {"sessionId":"430f898e-b004-401b-98f6-7aab5063465f","status":7,"value":"An element could not be located on the page using the given search parameters."}
06-24 15:26:19.552 W/libc    (  493): Set property "hw.wifi.dns_stat" to "28732,24518,5028,1,51942"
06-24 15:26:19.567 I/appium  (27449): channel read invoked!
06-24 15:26:19.567 I/appium  (27449): channel read: GET /wd/hub/session/430f898e-b004-401b-98f6-7aab5063465f/source
06-24 15:26:19.577 I/appium  (27449): Skipping invisible child: android.view.accessibility.AccessibilityNodeInfo@a23f; boundsInParent: Rect(0, 0 - 1080, 1920); boundsInScreen: Rect(1080, 0 - 1080, 1920); packageName: com.excelliance.dualaid; className: android.widget.RelativeLayout; text: null; error: null; maxTextLength: -1; contentDescription: null; viewIdResName: null; checkable: false; checked: false; focusable: false; focused: false; selected: false; clickable: false; longClickable: false; contextClickable: false; enabled: true; password: false; scrollable: false; importantForAccessibility: false; actions: [AccessibilityAction: ACTION_SELECT - null, AccessibilityAction: ACTION_CLEAR_SELECTION - null, AccessibilityAction: ACTION_ACCESSIBILITY_FOCUS - null, AccessibilityAction: ACTION_SHOW_ON_SCREEN - null]
06-24 15:26:19.578 I/appium  (27449): Skipping invisible child: android.view.accessibility.AccessibilityNodeInfo@a600; boundsInParent: Rect(0, 0 - 1080, 1920); boundsInScreen: Rect(2160, 0 - 1080, 1920); packageName: com.excelliance.dualaid; className: android.widget.RelativeLayout; text: null; error: null; maxTextLength: -1; contentDescription: null; viewIdResName: null; checkable: false; checked: false; focusable: false; focused: false; selected: false; clickable: false; longClickable: false; contextClickable: false; enabled: true; password: false; scrollable: false; importantForAccessibility: false; actions: [AccessibilityAction: ACTION_SELECT - null, AccessibilityAction: ACTION_CLEAR_SELECTION - null, AccessibilityAction: ACTION_ACCESSIBILITY_FOCUS - null, AccessibilityAction: ACTION_SHOW_ON_SCREEN - null]
06-24 15:26:19.578 I/appium  (27449): Fetch time: 3ms
06-24 15:26:19.585 I/appium  (27449): AppiumResponse: {"sessionId":"430f898e-b004-401b-98f6-7aab5063465f","status":0,"value":"<?xml version=\"1.0\" encoding=\"UTF-8\"?><hierarchy rotation=\"0\"><android.widget.FrameLayout index=\"0\" text=\"\" class=\"android.widget.FrameLayout\" package=\"com.excelliance.dualaid\" content-desc=\"\" checkable=\"false\" checked=\"false\" clickable=\"false\" enabled=\"true\" focusable=\"false\" focused=\"false\" scrollable=\"false\" long-clickable=\"false\" password=\"false\" selected=\"false\" bounds=\"[0,0][1080,1920]\" resource-id=\"\" instance=\"0\"><android.widget.LinearLayout index=\"0\" text=\"\" class=\"android.widget.LinearLayout\" package=\"com.excelliance.dualaid\" content-desc=\"\" checkable=\"false\" checked=\"false\" clickable=\"false\" enabled=\"true\" focusable=\"false\" focused=\"false\" scrollable=\"false\" long-clickable=\"false\" password=\"false\" selected=\"false\" bounds=\"[0,0][1080,1920]\" resource-id=\"\" instance=\"0\"><android.widget.FrameLayout index=\"0\" text=\"\" class=\"android.widget.FrameLayout\" package=\"com.excelliance.dualaid\" content-desc=\"\" checkable=\"false\" checked=\"false\" clickable=\"false\" enabled=\"true\" focusable=\"false\" focused=\"false\" scrollable=\"false\" long-clickable=\"false\" password=\"false\" selected=\"false\" bounds=\"[0,0][1080,1920]\" resource-id=\"android:id\/content\" instance=\"1\"><android.widget.FrameLayout index=\"0\" text=\"\" class=\"android.widget.FrameLayout\" package=\"com.excelliance.dualaid\" content-desc=\"\" checkable=\"false\" checked=\"false\" clickable=\"false\" enabled=\"true\" focusable=\"false\" focused=\"false\" scrollable=\"false\" long-clickable=\"false\" password=\"false\" selected=\"false\" bounds=\"[0,0][1080,1920]\" resource-id=\"\" instance=\"2\"><android.widget.RelativeLayout index=\"0\" text=\"\" class=\"android.widget.RelativeLayout\" package=\"com.excelliance.dualaid\" content-desc=\"\" checkable=\"false\" checked=\"false\" clickable=\"false\" enabled=\"true\" focusable=\"false\" focused=\"false\" scrollable=\"false\" long-clickable=\"false\" password=\"false\" selected=\"false\" bounds=\"[0,0][1080,1920]\" resource-id=\"com.excelliance.dualaid:id\/rl_guide_original\" instance=\"0\"><android.support.v4.view.ViewPager index=\"0\" text=\"\" class=\"android.support.v4.view.ViewPager\" package=\"com.excelliance.dualaid\" content-desc=\"\" checkable=\"false\" checked=\"false\" clickable=\"false\" enabled=\"true\" focusable=\"true\" focused=\"false\" scrollable=\"true\" long-clickable=\"false\" password=\"false\" selected=\"false\" bounds=\"[0,0][1080,1920]\" resource-id=\"com.excelliance.dualaid:id\/vp_nav\" instance=\"0\"><android.widget.RelativeLayout index=\"0\" text=\"\" class=\"android.widget.RelativeLayout\" package=\"com.excelliance.dualaid\" content-desc=\"\" checkable=\"false\" checked=\"false\" clickable=\"false\" enabled=\"true\" focusable=\"false\" focused=\"false\" scrollable=\"false\" long-clickable=\"false\" password=\"false\" selected=\"false\" bounds=\"[0,0][1080,1920]\" resource-id=\"\" instance=\"1\"><android.view.View index=\"0\" text=\"\" class=\"android.view.View\" package=\"com.excelliance.dualaid\" content-desc=\"\" checkable=\"false\" checked=\"false\" clickable=\"false\" enabled=\"true\" focusable=\"false\" focused=\"false\" scrollable=\"false\" long-clickable=\"false\" password=\"false\" selected=\"false\" bounds=\"[0,0][1080,1920]\" resource-id=\"\" instance=\"0\"\/><android.widget.ImageView index=\"1\" text=\"\" class=\"android.widget.ImageView\" package=\"com.excelliance.dualaid\" content-desc=\"\" checkable=\"false\" checked=\"false\" clickable=\"false\" enabled=\"true\" focusable=\"false\" focused=\"false\" scrollable=\"false\" long-clickable=\"false\" password=\"false\" selected=\"false\" bounds=\"[345,303][990,1185]\" resource-id=\"com.excelliance.dualaid:id\/nav_chat\" instance=\"0\"\/><android.widget.ImageView index=\"2\" text=\"\" class=\"android.widget.ImageView\" package=\"com.excelliance.dualaid\" content-desc=\"\" checkable=\"false\" checked=\"false\" c
06-24 15:26:19.607 I/appium  (27449): channel read invoked!
06-24 15:26:19.608 I/appium  (27449): channel read: GET /wd/hub/session/430f898e-b004-401b-98f6-7aab5063465f/source
06-24 15:26:19.618 I/appium  (27449): Skipping invisible child: android.view.accessibility.AccessibilityNodeInfo@a23f; boundsInParent: Rect(0, 0 - 1080, 1920); boundsInScreen: Rect(1080, 0 - 1080, 1920); packageName: com.excelliance.dualaid; className: android.widget.RelativeLayout; text: null; error: null; maxTextLength: -1; contentDescription: null; viewIdResName: null; checkable: false; checked: false; focusable: false; focused: false; selected: false; clickable: false; longClickable: false; contextClickable: false; enabled: true; password: false; scrollable: false; importantForAccessibility: false; actions: [AccessibilityAction: ACTION_SELECT - null, AccessibilityAction: ACTION_CLEAR_SELECTION - null, AccessibilityAction: ACTION_ACCESSIBILITY_FOCUS - null, AccessibilityAction: ACTION_SHOW_ON_SCREEN - null]
06-24 15:26:19.618 I/appium  (27449): Skipping invisible child: android.view.accessibility.AccessibilityNodeInfo@a600; boundsInParent: Rect(0, 0 - 1080, 1920); boundsInScreen: Rect(2160, 0 - 1080, 1920); packageName: com.excelliance.dualaid; className: android.widget.RelativeLayout; text: null; error: null; maxTextLength: -1; contentDescription: null; viewIdResName: null; checkable: false; checked: false; focusable: false; focused: false; selected: false; clickable: false; longClickable: false; contextClickable: false; enabled: true; password: false; scrollable: false; importantForAccessibility: false; actions: [AccessibilityAction: ACTION_SELECT - null, AccessibilityAction: ACTION_CLEAR_SELECTION - null, AccessibilityAction: ACTION_ACCESSIBILITY_FOCUS - null, AccessibilityAction: ACTION_SHOW_ON_SCREEN - null]
06-24 15:26:19.618 I/appium  (27449): Fetch time: 3ms
