06-24 15:31:04.200 I/appium  (29532): Skipping invisible child: android.view.accessibility.AccessibilityNodeInfo@11e3f; boundsInParent: Rect(0, 0 - 1080, 0); boundsInScreen: Rect(0, 1726 - 1080, 1726); packageName: com.excelliance.dualaid; className: android.widget.LinearLayout; text: null; error: null; maxTextLength: -1; contentDescription: null; viewIdResName: com.excelliance.dualaid:id/layout_container; checkable: false; checked: false; focusable: false; focused: false; selected: false; clickable: false; longClickable: false; contextClickable: false; enabled: true; password: false; scrollable: false; importantForAccessibility: false; actions: [AccessibilityAction: ACTION_SELECT - null, AccessibilityAction: ACTION_CLEAR_SELECTION - null, AccessibilityAction: ACTION_ACCESSIBILITY_FOCUS - null, AccessibilityAction: ACTION_SHOW_ON_SCREEN - null]
06-24 15:31:04.201 I/appium  (29532): Skipping invisible child: android.view.accessibility.AccessibilityNodeInfo@10f3b; boundsInParent: Rect(0, 0 - 1080, 0); boundsInScreen: Rect(0, 1726 - 1080, 1726); packageName: com.excelliance.dualaid; className: android.widget.FrameLayout; text: null; error: null; maxTextLength: -1; contentDescription: null; viewIdResName: com.excelliance.dualaid:id/fl_off_standard_position; checkable: false; checked: false; focusable: false; focused: false; selected: false; clickable: false; longClickable: false; contextClickable: false; enabled: true; password: false; scrollable: false; importantForAccessibility: false; actions: [AccessibilityAction: ACTION_SELECT - null, AccessibilityAction: ACTION_CLEAR_SELECTION - null, AccessibilityAction: ACTION_ACCESSIBILITY_FOCUS - null, AccessibilityAction: ACTION_SHOW_ON_SCREEN - null]
06-24 15:31:04.202 D/MainFragment( 1206): handleMessage msg.what:45
06-24 15:31:04.202 I/appium  (29532): Skipping invisible child: android.view.accessibility.AccessibilityNodeInfo@c066; boundsInParent: Rect(0, 0 - 1080, 194); boundsInScreen: Rect(0, 1726 - 1080, 1920); packageName: com.excelliance.dualaid; className: android.view.View; text: null; error: null; maxTextLength: -1; contentDescription: null; viewIdResName: com.excelliance.dualaid:id/shadow_view; checkable: false; checked: false; focusable: false; focused: false; selected: false; clickable: true; longClickable: false; contextClickable: false; enabled: true; password: false; scrollable: false; importantForAccessibility: true; actions: [AccessibilityAction: ACTION_SELECT - null, AccessibilityAction: ACTION_CLEAR_SELECTION - null, AccessibilityAction: ACTION_CLICK - null, AccessibilityAction: ACTION_ACCESSIBILITY_FOCUS - null, AccessibilityAction: ACTION_SHOW_ON_SCREEN - null]
06-24 15:31:04.202 V/ChannelManager( 1206): initChannelDao
06-24 15:31:04.202 D/LBService( 2587): add o=com.android.ggapsvc.LBService, busyCount=1
06-24 15:31:04.202 D/LBService( 2587): onStartCommand action=com.excelliance.dualaid.action.downloadcomp
06-24 15:31:04.203 D/MainFragment( 1206): handleMessage final msg.what:45, take:1
06-24 15:31:04.204 V/ChannelManager( 1206): parseChannels
06-24 15:31:04.204 D/LBService( 2587): add o=com.android.ggapsvc.LBService, busyCount=2
06-24 15:31:04.204 D/LBService( 2587): remove o=com.android.ggapsvc.LBService, busyCount=1
06-24 15:31:04.204 I/appium  (29532): Skipping invisible child: android.view.accessibility.AccessibilityNodeInfo@10037; boundsInParent: Rect(0, 0 - 1080, 0); boundsInScreen: Rect(0, 1920 - 1080, 1920); packageName: com.excelliance.dualaid; className: android.widget.FrameLayout; text: null; error: null; maxTextLength: -1; contentDescription: null; viewIdResName: com.excelliance.dualaid:id/fl_stream_new; checkable: false; checked: false; focusable: false; focused: false; selected: false; clickable: false; longClickable: false; contextClickable: false; enabled: true; password: false; scrollable: false; importantForAccessibility: false; actions: [AccessibilityAction: ACTION_SELECT - null, AccessibilityAction: ACTION_CLEAR_SELECTION - null, AccessibilityAction: ACTION_ACCESSIBILITY_FOCUS - null, AccessibilityAction: ACTION_SHOW_ON_SCREEN - null]
06-24 15:31:04.205 D/Arm64Utils( 1206): checkVersion_64
06-24 15:31:04.206 I/appium  (29532): Skipping invisible child: android.view.accessibility.AccessibilityNodeInfo@9adc; boundsInParent: Rect(0, 0 - 1080, 168); boundsInScreen: Rect(0, 72 - 1080, 240); packageName: com.excelliance.dualaid; className: android.widget.RelativeLayout; text: null; error: null; maxTextLength: -1; contentDescription: null; viewIdResName: com.excelliance.dualaid:id/menu_top; checkable: false; checked: false; focusable: true; focused: false; selected: false; clickable: true; longClickable: false; contextClickable: false; enabled: true; password: false; scrollable: false; importantForAccessibility: true; actions: [AccessibilityAction: ACTION_FOCUS - null, AccessibilityAction: ACTION_SELECT - null, AccessibilityAction: ACTION_CLEAR_SELECTION - null, AccessibilityAction: ACTION_CLICK - null, AccessibilityAction: ACTION_ACCESSIBILITY_FOCUS - null, AccessibilityAction: ACTION_SHOW_ON_SCREEN - null]
06-24 15:31:04.206 D/DownloadComponentService( 2587): gameId:null check:false gameLib:null url:null gameType:0  savePath:null dmd5:null autodl:false downloadGame:true alarmCheck:false owenShortcutfalse
06-24 15:31:04.206 I/appium  (29532): Skipping invisible child: android.view.accessibility.AccessibilityNodeInfo@d6ec; boundsInParent: Rect(0, 0 - 1080, 0); boundsInScreen: Rect(0, 240 - 1080, 240); packageName: com.excelliance.dualaid; className: android.view.View; text: null; error: null; maxTextLength: -1; contentDescription: null; viewIdResName: com.excelliance.dualaid:id/view_bottom; checkable: false; checked: false; focusable: false; focused: false; selected: false; clickable: false; longClickable: false; contextClickable: false; enabled: true; password: false; scrollable: false; importantForAccessibility: false; actions: [AccessibilityAction: ACTION_SELECT - null, AccessibilityAction: ACTION_CLEAR_SELECTION - null, AccessibilityAction: ACTION_ACCESSIBILITY_FOCUS - null, AccessibilityAction: ACTION_SHOW_ON_SCREEN - null]
06-24 15:31:04.206 I/appium  (29532): Skipping invisible child: android.view.accessibility.AccessibilityNodeInfo@daad; boundsInParent: Rect(0, 0 - 156, 156); boundsInScreen: Rect(888, 1614 - 1044, 1770); packageName: com.excelliance.dualaid; className: android.widget.FrameLayout; text: null; error: null; maxTextLength: -1; contentDescription: null; viewIdResName: com.excelliance.dualaid:id/fl_add_refresh; checkable: false; checked: false; focusable: false; focused: false; selected: false; clickable: false; longClickable: false; contextClickable: false; enabled: true; password: false; scrollable: false; importantForAccessibility: false; actions: [AccessibilityAction: ACTION_SELECT - null, AccessibilityAction: ACTION_CLEAR_SELECTION - null, AccessibilityAction: ACTION_ACCESSIBILITY_FOCUS - null, AccessibilityAction: ACTION_SHOW_ON_SCREEN - null]
06-24 15:31:04.206 D/PMS11422(  657): package:com.excelliance.dualaid.b64, input flags:0, output hwFlags:0
06-24 15:31:04.206 D/LBService( 2587): remove o=com.android.ggapsvc.LBService, busyCount=0
06-24 15:31:04.206 I/appium  (29532): Fetch time: 143ms
06-24 15:31:04.206 D/PMS11422(  657): package:com.excelliance.dualaid, input flags:128, output hwFlags:0
06-24 15:31:04.207 D/LBService( 2587): add o=com.excelliance.kxqp.d$2, busyCount=1
06-24 15:31:04.207 D/MainFragment( 1206): initStreamAdFragment
06-24 15:31:04.208 D/PMS11422(  657): package:com.excelliance.dualaid, input flags:128, output hwFlags:0
06-24 15:31:04.208 D/PMS11422(  657): package:com.excelliance.dualaid, input flags:128, output hwFlags:0
06-24 15:31:04.208 D/PayUtil ( 1206): sRid = 
06-24 15:31:04.214 D/MainFragment( 1206): handleMessage msg.what:43
06-24 15:31:04.217 D/SPAESUtil( 1206): v_p_no
06-24 15:31:04.217 D/MainFragment( 1206): handleMessage final msg.what:43, take:3
06-24 15:31:04.223 E/Reflecting  getMessage( 1206): com.excelliance.kxqp.ads.guangdiantongnew.GdtnewFactory 
06-24 15:31:04.223 E/Reflecting   getLocalizedMessage( 1206): com.excelliance.kxqp.ads.guangdiantongnew.GdtnewFactory 
06-24 15:31:04.223 D/Reflecting( 1206): com.excelliance.kxqp.ads.guangdiantongnew.GdtnewFactory
06-24 15:31:04.224 D/PMS11422(  657): package:com.excelliance.dualaid, input flags:128, output hwFlags:0
06-24 15:31:04.224 I/appium  (29532): AppiumResponse: {"sessionId":"2d604340-25b7-4bc5-874b-09ac3bd169d8","status":0,"value":"<?xml version=\"1.0\" encoding=\"UTF-8\"?><hierarchy rotation=\"0\"><android.widget.FrameLayout index=\"0\" text=\"\" class=\"android.widget.FrameLayout\" package=\"com.excelliance.dualaid\" content-desc=\"\" checkable=\"false\" checked=\"false\" clickable=\"false\" enabled=\"true\" focusable=\"false\" focused=\"false\" scrollable=\"false\" long-clickable=\"false\" password=\"false\" selected=\"false\" bounds=\"[0,0][1080,1920]\" resource-id=\"\" instance=\"0\"><android.widget.LinearLayout index=\"0\" text=\"\" class=\"android.widget.LinearLayout\" package=\"com.excelliance.dualaid\" content-desc=\"\" checkable=\"false\" checked=\"false\" clickable=\"false\" enabled=\"true\" focusable=\"false\" focused=\"false\" scrollable=\"false\" long-clickable=\"false\" password=\"false\" selected=\"false\" bounds=\"[0,0][1080,1920]\" resource-id=\"\" instance=\"0\"><android.widget.FrameLayout index=\"0\" text=\"\" class=\"android.widget.FrameLayout\" package=\"com.excelliance.dualaid\" content-desc=\"\" checkable=\"false\" checked=\"false\" clickable=\"false\" enabled=\"true\" focusable=\"false\" focused=\"false\" scrollable=\"false\" long-clickable=\"false\" password=\"false\" selected=\"false\" bounds=\"[0,0][1080,1920]\" resource-id=\"android:id\/content\" instance=\"1\"><android.widget.FrameLayout index=\"0\" text=\"\" class=\"android.widget.FrameLayout\" package=\"com.excelliance.dualaid\" content-desc=\"\" checkable=\"false\" checked=\"false\" clickable=\"false\" enabled=\"true\" focusable=\"false\" focused=\"false\" scrollable=\"false\" long-clickable=\"false\" password=\"false\" selected=\"false\" bounds=\"[0,0][1080,1920]\" resource-id=\"com.excelliance.dualaid:id\/mainactivity\" instance=\"2\"><android.widget.FrameLayout index=\"0\" text=\"\" class=\"android.widget.FrameLayout\" package=\"com.excelliance.dualaid\" content-desc=\"\" checkable=\"false\" checked=\"false\" clickable=\"false\" enabled=\"true\" focusable=\"false\" focused=\"false\" scrollable=\"false\" long-clickable=\"false\" password=\"false\" selected=\"false\" bounds=\"[0,0][1080,1920]\" resource-id=\"\" instance=\"3\"><android.widget.RelativeLayout index=\"0\" text=\"\" class=\"android.widget.RelativeLayout\" package=\"com.excelliance.dualaid\" content-desc=\"\" checkable=\"false\" checked=\"false\" clickable=\"true\" enabled=\"true\" focusable=\"true\" focused=\"false\" scrollable=\"false\" long-clickable=\"false\" password=\"false\" selected=\"false\" bounds=\"[0,0][1080,1920]\" resource-id=\"com.excelliance.dualaid:id\/full_layout\" instance=\"0\"><android.widget.ScrollView index=\"1\" text=\"\" class=\"android.widget.ScrollView\" package=\"com.excelliance.dualaid\" content-desc=\"\" checkable=\"false\" checked=\"false\" clickable=\"false\" enabled=\"true\" focusable=\"true\" focused=\"false\" scrollable=\"false\" long-clickable=\"false\" password=\"false\" selected=\"false\" bounds=\"[0,72][1080,1920]\" resource-id=\"com.excelliance.dualaid:id\/main_scroller\" instance=\"0\"><android.widget.RelativeLayout index=\"0\" text=\"\" class=\"android.widget.RelativeLayout\" package=\"com.excelliance.dualaid\" content-desc=\"\" checkable=\"false\" checked=\"false\" clickable=\"false\" enabled=\"true\" focusable=\"false\" focused=\"false\" scrollable=\"false\" long-clickable=\"false\" password=\"false\" selected=\"false\" bounds=\"[0,72][1080,1920]\" resource-id=\"com.excelliance.dualaid:id\/rl_mainScroll\" instance=\"1\"><android.widget.LinearLayout index=\"1\" text=\"\" class=\"android.widget.LinearLayout\" package=\"com.excelliance.dualaid\" content-desc=\"\" checkable=\"false\" checked=\"false\" clickable=\"false\" enabled=\"true\" focusable=\"false\" focused=\"false\" scrollable=\"false\" long-clickable=\"false\" password=\"false\" selected=\"false\" bounds=\"[0,240][1080,1726]\" resource-id=\"com.excelliance.dualaid:id\/center\" instance=\"1\"><android.widget.RelativeLayout index=\"1\" text=\"\" class=\"android.widget.RelativeLayout\"
06-24 15:31:04.224 E/Reflecting  getMessage( 1206): com.excelliance.kxqp.ads.guangdiantongnew.GdtnewFactory 
06-24 15:31:04.224 E/Reflecting   getLocalizedMessage( 1206): com.excelliance.kxqp.ads.guangdiantongnew.GdtnewFactory 
06-24 15:31:04.224 D/Reflecting( 1206): com.excelliance.kxqp.ads.guangdiantongnew.GdtnewFactory
06-24 15:31:04.228 V/InitialData( 1206): capitalize:Gdtnew
06-24 15:31:04.229 V/GameUtil( 1206): getCurrentVersionByKey : gdtnew	current_gdtnew_version	GdtnewVersion
06-24 15:31:04.241 D/PMS11422(  657): package:com.excelliance.dualaid, input flags:128, output hwFlags:0
06-24 15:31:04.242 V/GameUtil( 1206): saveVersionToFileByKey  xml_key :gdtnew  result:0
06-24 15:31:04.250 D/PMS11422(  657): package:com.excelliance.dualaid, input flags:0, output hwFlags:0
06-24 15:31:04.254 V/GameUtil( 1206): getCurrentVersionByKey  gdtnew:0
06-24 15:31:04.254 V/InitialData( 1206): capitalize:Gdtnew
06-24 15:31:04.255 D/PMS11422(  657): package:com.excelliance.dualaid, input flags:128, output hwFlags:0
06-24 15:31:04.256 D/lyl     ( 1206): file:gdtnew.jar   pay.jar
06-24 15:31:04.256 E/InitialData( 1206): gdtnew.jar not exist
06-24 15:31:04.256 V/InitialData( 1206): gdtnewVersion:0    gdtnew_version:0    current_gdtnew_version:0
06-24 15:31:04.256 D/InitialData( 1206): current not exits identifing = gdtnew, current_jar_version = 0
06-24 15:31:04.256 V/GameUtil( 1206): saveVersionToFileByKey  xml_key :gdtnew  result:0
06-24 15:31:04.257 D/InitialData( 1206): identifing = gdtnew, jarPath = /data/data/com.excelliance.dualaid/.platformcache/tmp/gdtnew/gdtnew.jar
06-24 15:31:04.259 V/InitialData( 1206): capitalize:Gdtnew
06-24 15:31:04.259 V/GameUtil( 1206): getCurrentVersionByKey : gdtnew	current_gdtnew_version	GdtnewVersion
06-24 15:31:04.261 V/GameUtil( 1206): saveVersionToFileByKey  xml_key :gdtnew  result:0
06-24 15:31:04.261 V/GameUtil( 1206): getCurrentVersionByKey  gdtnew:0
06-24 15:31:04.261 V/InitialData( 1206): capitalize:Gdtnew
06-24 15:31:04.263 D/InitialData( 1206): assets not exists /data/data/com.excelliance.dualaid/.platformcache/tmp/gdtnew/gdtnew.jar
06-24 15:31:04.263 V/MainActivity( 1206): load GDT jar success
06-24 15:31:04.273 D/PMS1000 (  657): package:com.excelliance.dualaid, input flags:8192, output hwFlags:0
06-24 15:31:04.274 I/appium  (29532): channel read invoked!
06-24 15:31:04.275 I/appium  (29532): channel read: GET /wd/hub/session/2d604340-25b7-4bc5-874b-09ac3bd169d8/source
06-24 15:31:04.275 W/HSM     ( 1813): HoldService:toast switch is close!
06-24 15:31:04.276 D/PayUtil ( 2587): sp is empty
06-24 15:31:04.277 D/ApplicationPackageManager( 1206): getInstalledPackages blocked, userId 0
06-24 15:31:04.280 D/HsmInterfaceImpl( 1206): List [PackageInfo{7c7d32f com.huawei.hifolder}, PackageInfo{7c76d3c com.github.shadowsocks}, PackageInfo{b99fac5 com.excelliance.dualaid}]
06-24 15:31:04.283 D/PMS1000 (  657): package:com.excelliance.dualaid, input flags:8192, output hwFlags:0
06-24 15:31:04.284 D/PayUtil ( 2587): 本地不存在文件
06-24 15:31:04.285 W/HSM     ( 1813): HoldService:toast switch is close!
06-24 15:31:04.286 D/ApplicationPackageManager( 1206): getInstalledPackages blocked, userId 0
06-24 15:31:04.287 D/HsmInterfaceImpl( 1206): List [PackageInfo{188734b com.huawei.hifolder}, PackageInfo{13c2128 com.github.shadowsocks}, PackageInfo{5a47e41 com.excelliance.dualaid}]
06-24 15:31:04.291 D/PMS11422(  657): package:com.excelliance.dualaid, input flags:128, output hwFlags:0
06-24 15:31:04.294 D/PMS11422(  657): package:com.excelliance.dualaid, input flags:128, output hwFlags:0
06-24 15:31:04.294 D/PMS11422(  657): package:com.excelliance.dualaid, input flags:128, output hwFlags:0
06-24 15:31:04.300 D/PMS11422(  657): package:com.excelliance.dualaid, input flags:128, output hwFlags:0
06-24 15:31:04.304 I/chatty  (  657): uid=1000(system) Binder:657_3 identical 2 lines
06-24 15:31:04.304 D/PMS11422(  657): package:com.excelliance.dualaid, input flags:128, output hwFlags:0
06-24 15:31:04.317 D/PMS1000 (  657): package:com.excelliance.dualaid, input flags:8192, output hwFlags:0
06-24 15:31:04.321 W/X509TrustManager( 1206): checkServerTrusted: SignatureException:null
06-24 15:31:04.322 W/X509TrustManager( 1206): checkServerTrusted: SignatureException:error:04000073:RSA routines:OPENSSL_internal:DATA_TOO_LARGE_FOR_MODULUS
06-24 15:31:04.325 D/PMS1001 (  657): package:com.excelliance.dualaid, input flags:0, output hwFlags:0
06-24 15:31:04.326 W/X509TrustManager( 1206): checkServerTrusted: SignatureException:null
06-24 15:31:04.327 W/X509TrustManager( 1206): checkServerTrusted: SignatureException:error:04000073:RSA routines:OPENSSL_internal:DATA_TOO_LARGE_FOR_MODULUS
06-24 15:31:04.341 D/VersionManager( 2587): file exists /storage/emulated/0/.dygameres.apps/game_res/3rd/config/
06-24 15:31:04.347 D/VersionManager( 2587): httpsRequest getURL = https://folder.appota.cn/newofflinead.php?vc=466&vn=4.0.6&chid=10019&subchid=1&imei=867180035321712&imsi=460011092513889&lang=zh_CN&uflag=3&uid=353&type=20&pkg=com.excelliance.dualaid&api=26&release=8.0.0&abi=armeabi-v7a&abi2=armeabi&abilist=arm64-v8a%2Carmeabi-v7a%2Carmeabi&abilist32=armeabi-v7a%2Carmeabi&abilist64=arm64-v8a&brand=HONOR&manufacturer=HUAWEI&model=STF-AL10&product=STF-AL10&tp=3&feature=1&newuser=1&issl=1
06-24 15:31:04.348 D/NetworkSecurityConfig( 2587): No Network Security Config specified, using platform default
06-24 15:31:04.369 D/MainFragment( 1206): verName = 4.0.6
06-24 15:31:04.370 D/MainFragment( 1206): handleMessage msg.what:10
06-24 15:31:04.370 D/MainFragment( 1206): serverVersionCode = 466
06-24 15:31:04.373 D/MainFragment( 1206): handleMessage final msg.what:10, take:3
06-24 15:31:04.410 W/X509TrustManager( 2587): checkServerTrusted: SignatureException:null
06-24 15:31:04.412 W/X509TrustManager( 2587): checkServerTrusted: SignatureException:error:04000073:RSA routines:OPENSSL_internal:DATA_TOO_LARGE_FOR_MODULUS
06-24 15:31:04.505 D/VersionManager( 2587): qdl getURL = https://folder.appota.cn/newofflinead.php?vc=466&vn=4.0.6&chid=10019&subchid=1&imei=867180035321712&imsi=460011092513889&lang=zh_CN&uflag=3&uid=353&type=20&pkg=com.excelliance.dualaid&api=26&release=8.0.0&abi=armeabi-v7a&abi2=armeabi&abilist=arm64-v8a%2Carmeabi-v7a%2Carmeabi&abilist32=armeabi-v7a%2Carmeabi&abilist64=arm64-v8a&brand=HONOR&manufacturer=HUAWEI&model=STF-AL10&product=STF-AL10&tp=3&feature=1&newuser=1&issl=1
06-24 15:31:04.511 D/VersionManager( 2587): queryDlList result:<?xml version="1.0" encoding="utf-8"?><listpack ver="1.0"><gamelist><icon pos = "1" con = "-1"/><glist gid="10279"  gfup="0" gname="消息未读" glib="" gpath="http://www.hzhuanqu.com/Ad/SK/index01.html " gsize="0" ppath="https://cdn.multiopen.cn/origicon/3rdicon/iconpath/10279/6b8d8c3c27f614fdd0c96af4759af3e9.gif" ppath1="https://cdn.multiopen.cn/origicon/3rdicon/iconpath/10279/131cb0cff26c4434d2b48ffc02d7753f.png" gtype="3" gtime="0" gcid=""  patch="0" omd5="" nmd5="" dmd5="" flag="83" notifytitle="" notifymsg="" tm="own" adt="3" adp="1" getime="" promsg="" proic="" probabity="1000" /></gamelist></listpack>
06-24 15:31:04.520 D/VersionManager( 2587): getPartialDownload file exists /storage/emulated/0/.dygameres.apps/game_res/3rd/downloading/
06-24 15:31:04.528 V/VersionManager( 2587): icon:{"con":-1,"pos":1}
06-24 15:31:04.532 V/StatisticsBySpImpl( 2587): init   isFirstCheck
06-24 15:31:04.549 D/VersionManager( 2587): forceUpdate=0
06-24 15:31:04.567 D/VersionManager( 2587): queryDlList final result:
06-24 15:31:04.567 D/VersionManager( 2587): <?xml version="1.0" encoding="utf-8"?><listpack ver="1.0"><gamelist><icon pos = "1" con = "-1"/><glist gid="10279"  gfup="0" gname="消息未读" glib="" gpath="http://www.hzhuanqu.com/Ad/SK/index01.html " gsize="0" ppath="https://cdn.multiopen.cn/origicon/3rdicon/iconpath/10279/6b8d8c3c27f614fdd0c96af4759af3e9.gif" ppath1="https://cdn.multiopen.cn/origicon/3rdicon/iconpath/10279/131cb0cff26c4434d2b48ffc02d7753f.png" gtype="3" gtime="0" gcid=""  patch="0" omd5="" nmd5="" dmd5="" flag="83" notifytitle="" notifymsg="" tm="own" adt="3" adp="1" getime="" promsg="" proic="" probabity="1000" /></gamelist></listpack>
06-24 15:31:04.571 V/AddGameData( 2587): Manufacturer:HUAWEI
06-24 15:31:04.624 D/PMS1000 (  657): package:com.excelliance.dualaid, input flags:0, output hwFlags:0
06-24 15:31:04.626 D/PMS1000 (  657): package:com.excelliance.dualaid, input flags:8192, output hwFlags:0
06-24 15:31:04.640 D/PMS1000 (  657): package:com.excelliance.dualaid, input flags:8192, output hwFlags:0
06-24 15:31:04.645 W/HSM     ( 1813): HoldService:toast switch is close!
06-24 15:31:04.647 D/ApplicationPackageManager( 2587): getInstalledApplications blocked
06-24 15:31:04.650 D/HsmInterfaceImpl( 2587): List [ApplicationInfo{5353e99 com.huawei.hifolder}, ApplicationInfo{414755e com.github.shadowsocks}, ApplicationInfo{d2ccd3f com.excelliance.dualaid}]
06-24 15:31:04.650 V/AddGameData( 2587): appInfoList.size():3
06-24 15:31:04.650 V/AddGameData( 2587): can read pkg:com.github.shadowsocks
06-24 15:31:04.702 W/HSM     ( 1813): HoldService:toast switch is close!
06-24 15:31:04.704 D/ApplicationPackageManager( 2587): getInstalledApplications blocked
06-24 15:31:04.706 D/HsmInterfaceImpl( 2587): List [ApplicationInfo{56c60c com.huawei.hifolder}, ApplicationInfo{e922b55 com.github.shadowsocks}, ApplicationInfo{62e896a com.excelliance.dualaid}]
06-24 15:31:04.735 D/PMS11422(  657): package:com.tencent.tmgp.qqx5, input flags:0, output hwFlags:0
06-24 15:31:04.735 D/PMS11422(  657): package:com.huawei.android.pushagent, input flags:0, output hwFlags:0
06-24 15:31:04.736 D/PMS11422(  657): package:com.huawei.appmarket, input flags:0, output hwFlags:0
06-24 15:31:04.736 D/PMS11422(  657): package:com.wandoujia.phoenix2, input flags:0, output hwFlags:0
06-24 15:31:04.738 D/PMS11422(  657): package:com.tencent.mm, input flags:0, output hwFlags:0
06-24 15:31:04.739 D/PMS11422(  657): package:com.android.providers.media, input flags:0, output hwFlags:0
06-24 15:31:04.741 D/PMS11422(  657): package:com.huawei.vassistant, input flags:0, output hwFlags:0
06-24 15:31:04.742 D/PMS11422(  657): package:com.android.contacts, input flags:0, output hwFlags:0
06-24 15:31:04.744 D/PMS11422(  657): package:com.facebook.katana, input flags:0, output hwFlags:0
06-24 15:31:04.745 D/PMS11422(  657): package:com.huawei.hidisk, input flags:0, output hwFlags:536870912
06-24 15:31:04.747 D/PMS11422(  657): package:com.huawei.trustcircle, input flags:0, output hwFlags:0
06-24 15:31:04.748 D/PMS11422(  657): package:com.jingdong.app.mall, input flags:0, output hwFlags:0
06-24 15:31:04.750 D/PMS11422(  657): package:com.tencent.mobileqq, input flags:0, output hwFlags:0
06-24 15:31:04.751 D/PMS11422(  657): package:com.zol.android, input flags:0, output hwFlags:0
06-24 15:31:04.753 D/PMS11422(  657): package:com.huawei.hiskytone, input flags:0, output hwFlags:603979776
06-24 15:31:04.754 D/PMS11422(  657): package:com.huawei.hwid, input flags:0, output hwFlags:0
06-24 15:31:04.755 D/PMS11422(  657): package:com.sina.weibo, input flags:0, output hwFlags:0
06-24 15:31:04.757 D/PMS11422(  657): package:com.antutu.ABenchMark, input flags:0, output hwFlags:0
06-24 15:31:04.759 D/PMS11422(  657): package:com.sankuai.meituan.takeoutnew, input flags:0, output hwFlags:0
06-24 15:31:04.761 D/PMS11422(  657): package:com.vmall.client, input flags:0, output hwFlags:67108864
06-24 15:31:04.763 D/PMS11422(  657): package:com.android.browser, input flags:0, output hwFlags:0
06-24 15:31:04.764 D/PMS11422(  657): package:com.eg.android.AlipayGphone, input flags:0, output hwFlags:0
06-24 15:31:04.766 D/PMS11422(  657): package:com.android.mediacenter, input flags:0, output hwFlags:0
06-24 15:31:04.768 D/PMS11422(  657): package:com.huawei.himovie, input flags:0, output hwFlags:0
06-24 15:31:04.769 D/PMS11422(  657): package:com.huawei.hnreader, input flags:0, output hwFlags:67108864
06-24 15:31:04.771 D/PMS11422(  657): package:com.twitter.android, input flags:0, output hwFlags:0
06-24 15:31:04.772 D/PMS11422(  657): package:com.baidu.input_huawei, input flags:0, output hwFlags:0
06-24 15:31:04.773 D/PMS11422(  657): package:com.google.android.gms, input flags:0, output hwFlags:0
06-24 15:31:04.775 D/PMS11422(  657): package:com.sankuai.meituan, input flags:0, output hwFlags:0
06-24 15:31:04.776 D/PMS11422(  657): package:com.tencent.news, input flags:0, output hwFlags:0
06-24 15:31:04.778 D/PMS11422(  657): package:com.iflytek.speechsuite, input flags:0, output hwFlags:0
06-24 15:31:04.779 D/PMS11422(  657): package:com.qzone, input flags:0, output is null
06-24 15:31:04.779 I/appium  (29532): Skipping invisible child: android.view.accessibility.AccessibilityNodeInfo@d32b; boundsInParent: Rect(0, 0 - 1080, 72); boundsInScreen: Rect(0, 0 - 1080, 72); packageName: com.excelliance.dualaid; className: android.view.View; text: null; error: null; maxTextLength: -1; contentDescription: null; viewIdResName: com.excelliance.dualaid:id/custom_status_bar; checkable: false; checked: false; focusable: false; focused: false; selected: false; clickable: false; longClickable: false; contextClickable: false; enabled: true; password: false; scrollable: false; importantForAccessibility: false; actions: [AccessibilityAction: ACTION_SELECT - null, AccessibilityAction: ACTION_CLEAR_SELECTION - null, AccessibilityAction: ACTION_ACCESSIBILITY_FOCUS - null, AccessibilityAction: ACTION_SHOW_ON_SCREEN - null]
06-24 15:31:04.781 D/PMS11422(  657): package:com.tencent.android.qqdownloader, input flags:0, output hwFlags:0
06-24 15:31:04.782 D/PMS11422(  657): package:com.tencent.now, input flags:0, output is null
06-24 15:31:04.783 D/PMS11422(  657): package:com.ifreetalk.ftalk, input flags:0, output hwFlags:0
06-24 15:31:04.785 D/PMS11422(  657): package:com.taobao.taobao, input flags:0, output hwFlags:0
06-24 15:31:04.786 D/PMS11422(  657): package:com.android.gallery3d, input flags:0, output hwFlags:0
06-24 15:31:04.788 D/PMS11422(  657): package:com.pp.assistant, input flags:0, output hwFlags:0
06-24 15:31:04.789 D/PMS11422(  657): package:com.oppo.market, input flags:0, output hwFlags:0
06-24 15:31:04.791 D/PMS11422(  657): package:com.excean.wxaid, input flags:0, output hwFlags:0
06-24 15:31:04.792 D/PMS11422(  657): package:com.huawei.intelligent, input flags:0, output hwFlags:0
06-24 15:31:04.793 D/PMS11422(  657): package:com.google.android.backuptransport, input flags:0, output hwFlags:0
06-24 15:31:04.795 D/PMS11422(  657): package:com.huawei.skytone, input flags:0, output hwFlags:0
06-24 15:31:04.796 D/PMS11422(  657): package:com.estrongs.android.pop, input flags:0, output hwFlags:0
06-24 15:31:04.798 D/PMS11422(  657): package:com.redfinger.app, input flags:0, output hwFlags:0
06-24 15:31:04.799 D/PMS11422(  657): package:com.android.vending, input flags:0, output hwFlags:0
06-24 15:31:04.801 D/PMS11422(  657): package:org.hapjs.mockup, input flags:0, output hwFlags:0
06-24 15:31:04.802 D/PMS11422(  657): package:com.huawei.gamebox, input flags:0, output hwFlags:603979776
06-24 15:31:04.804 D/PMS11422(  657): package:com.tencent.tmgp.pubgmhd-ext, input flags:0, output is null
06-24 15:31:04.805 D/PMS11422(  657): package:com.stickgame.los2, input flags:0, output hwFlags:0
06-24 15:31:04.806 D/PMS11422(  657): package:com.qihoo.appstore, input flags:0, output hwFlags:0
06-24 15:31:04.808 D/PMS11422(  657): package:com.huawei.android.thememanager, input flags:0, output hwFlags:0
06-24 15:31:04.809 D/PMS11422(  657): package:com.excean.parallelspace, input flags:0, output hwFlags:0
06-24 15:31:04.811 D/PMS11422(  657): package:com.UCMobile, input flags:0, output hwFlags:0
06-24 15:31:04.812 D/PMS11422(  657): package:com.bbk.appstore, input flags:0, output hwFlags:0
06-24 15:31:04.814 D/PMS11422(  657): package:com.excean.ppaid, input flags:0, output hwFlags:0
06-24 15:31:04.815 D/PMS11422(  657): package:com.netease.blockchain, input flags:0, output hwFlags:0
06-24 15:31:04.817 D/PMS11422(  657): package:com.huawei.camera, input flags:0, output hwFlags:0
06-24 15:31:04.818 D/PMS11422(  657): package:com.sinovatech.unicom.ui, input flags:0, output hwFlags:0
06-24 15:31:04.820 D/PMS11422(  657): package:com.huawei.phoneservice, input flags:0, output hwFlags:0
06-24 15:31:04.822 D/PMS11422(  657): package:com.crisisfire.android.nearme.gamecenter, input flags:0, output hwFlags:0
06-24 15:31:04.824 D/PMS11422(  657): package:com.antutu.benchmark.full, input flags:0, output hwFlags:0
06-24 15:31:04.825 D/PMS11422(  657): package:com.xunmeng.pinduoduo, input flags:0, output hwFlags:0
06-24 15:31:04.827 D/PMS11422(  657): package:com.zhuowang.cloneapp, input flags:0, output hwFlags:0
06-24 15:31:04.828 D/PMS11422(  657): package:com.excean.parallelspace.b64, input flags:0, output hwFlags:0
06-24 15:31:04.830 D/PMS11422(  657): package:com.excelliance.multiaccounts.b64, input flags:0, output hwFlags:0
06-24 15:31:04.831 I/appium  (29532): Skipping invisible child: android.view.accessibility.AccessibilityNodeInfo@11e3f; boundsInParent: Rect(0, 0 - 1080, 0); boundsInScreen: Rect(0, 1726 - 1080, 1726); packageName: com.excelliance.dualaid; className: android.widget.LinearLayout; text: null; error: null; maxTextLength: -1; contentDescription: null; viewIdResName: com.excelliance.dualaid:id/layout_container; checkable: false; checked: false; focusable: false; focused: false; selected: false; clickable: false; longClickable: false; contextClickable: false; enabled: true; password: false; scrollable: false; importantForAccessibility: false; actions: [AccessibilityAction: ACTION_SELECT - null, AccessibilityAction: ACTION_CLEAR_SELECTION - null, AccessibilityAction: ACTION_ACCESSIBILITY_FOCUS - null, AccessibilityAction: ACTION_SHOW_ON_SCREEN - null]
06-24 15:31:04.831 D/PMS11422(  657): package:com.xiangyou.multispace, input flags:0, output hwFlags:0
06-24 15:31:04.832 I/appium  (29532): Skipping invisible child: android.view.accessibility.AccessibilityNodeInfo@10f3b; boundsInParent: Rect(0, 0 - 1080, 0); boundsInScreen: Rect(0, 1726 - 1080, 1726); packageName: com.excelliance.dualaid; className: android.widget.FrameLayout; text: null; error: null; maxTextLength: -1; contentDescription: null; viewIdResName: com.excelliance.dualaid:id/fl_off_standard_position; checkable: false; checked: false; focusable: false; focused: false; selected: false; clickable: false; longClickable: false; contextClickable: false; enabled: true; password: false; scrollable: false; importantForAccessibility: false; actions: [AccessibilityAction: ACTION_SELECT - null, AccessibilityAction: ACTION_CLEAR_SELECTION - null, AccessibilityAction: ACTION_ACCESSIBILITY_FOCUS - null, AccessibilityAction: ACTION_SHOW_ON_SCREEN - null]
06-24 15:31:04.833 D/PMS11422(  657): package:com.youlong.multiaccount, input flags:0, output hwFlags:0
06-24 15:31:04.833 I/appium  (29532): Skipping invisible child: android.view.accessibility.AccessibilityNodeInfo@10037; boundsInParent: Rect(0, 0 - 1080, 0); boundsInScreen: Rect(0, 1920 - 1080, 1920); packageName: com.excelliance.dualaid; className: android.widget.FrameLayout; text: null; error: null; maxTextLength: -1; contentDescription: null; viewIdResName: com.excelliance.dualaid:id/fl_stream_new; checkable: false; checked: false; focusable: false; focused: false; selected: false; clickable: false; longClickable: false; contextClickable: false; enabled: true; password: false; scrollable: false; importantForAccessibility: false; actions: [AccessibilityAction: ACTION_SELECT - null, AccessibilityAction: ACTION_CLEAR_SELECTION - null, AccessibilityAction: ACTION_ACCESSIBILITY_FOCUS - null, AccessibilityAction: ACTION_SHOW_ON_SCREEN - null]
06-24 15:31:04.835 D/PMS11422(  657): package:com.gameloft.android.ANMP.GloftA9HM, input flags:0, output hwFlags:0
06-24 15:31:04.836 I/appium  (29532): Skipping invisible child: android.view.accessibility.AccessibilityNodeInfo@d6ec; boundsInParent: Rect(0, 0 - 1080, 0); boundsInScreen: Rect(0, 240 - 1080, 240); packageName: com.excelliance.dualaid; className: android.view.View; text: null; error: null; maxTextLength: -1; contentDescription: null; viewIdResName: com.excelliance.dualaid:id/view_bottom; checkable: false; checked: false; focusable: false; focused: false; selected: false; clickable: false; longClickable: false; contextClickable: false; enabled: true; password: false; scrollable: false; importantForAccessibility: false; actions: [AccessibilityAction: ACTION_SELECT - null, AccessibilityAction: ACTION_CLEAR_SELECTION - null, AccessibilityAction: ACTION_ACCESSIBILITY_FOCUS - null, AccessibilityAction: ACTION_SHOW_ON_SCREEN - null]
06-24 15:31:04.836 D/PMS11422(  657): package:com.excelliance.dualaid.b64, input flags:0, output hwFlags:0
06-24 15:31:04.837 D/AddGameData( 2587): switch_uninstall: 70
06-24 15:31:04.838 I/appium  (29532): Fetch time: 71ms
06-24 15:31:04.838 D/PMS11422(  657): package:com.huawei.hifolder, input flags:0, output hwFlags:33554432
06-24 15:31:04.840 D/PMS11422(  657): package:com.github.shadowsocks, input flags:0, output hwFlags:0
06-24 15:31:04.842 D/PMS11422(  657): package:com.excelliance.dualaid, input flags:0, output hwFlags:0
06-24 15:31:04.844 D/PMS11422(  657): package:com.tencent.tmgp.qqx5, input flags:0, output hwFlags:0
06-24 15:31:04.846 D/PMS11422(  657): package:com.huawei.android.pushagent, input flags:0, output hwFlags:0
06-24 15:31:04.848 D/PMS11422(  657): package:com.huawei.appmarket, input flags:0, output hwFlags:0
06-24 15:31:04.849 D/PMS11422(  657): package:com.wandoujia.phoenix2, input flags:0, output hwFlags:0
06-24 15:31:04.851 D/PMS11422(  657): package:com.tencent.mm, input flags:0, output hwFlags:0
06-24 15:31:04.854 D/PMS11422(  657): package:com.android.providers.media, input flags:0, output hwFlags:0
06-24 15:31:04.856 D/PMS11422(  657): package:com.huawei.vassistant, input flags:0, output hwFlags:0
06-24 15:31:04.860 D/PMS11422(  657): package:com.android.contacts, input flags:0, output hwFlags:0
06-24 15:31:04.862 D/PMS11422(  657): package:com.facebook.katana, input flags:0, output hwFlags:0
06-24 15:31:04.864 D/PMS11422(  657): package:com.huawei.hidisk, input flags:0, output hwFlags:536870912
06-24 15:31:04.866 D/PMS11422(  657): package:com.huawei.trustcircle, input flags:0, output hwFlags:0
06-24 15:31:04.868 D/PMS11422(  657): package:com.jingdong.app.mall, input flags:0, output hwFlags:0
06-24 15:31:04.870 D/PMS11422(  657): package:com.tencent.mobileqq, input flags:0, output hwFlags:0
06-24 15:31:04.872 D/PMS11422(  657): package:com.zol.android, input flags:0, output hwFlags:0
06-24 15:31:04.874 D/PMS11422(  657): package:com.huawei.hiskytone, input flags:0, output hwFlags:603979776
06-24 15:31:04.876 D/PMS11422(  657): package:com.huawei.hwid, input flags:0, output hwFlags:0
06-24 15:31:04.878 D/PMS11422(  657): package:com.sina.weibo, input flags:0, output hwFlags:0
06-24 15:31:04.881 D/PMS11422(  657): package:com.antutu.ABenchMark, input flags:0, output hwFlags:0
06-24 15:31:04.883 D/PMS11422(  657): package:com.sankuai.meituan.takeoutnew, input flags:0, output hwFlags:0
06-24 15:31:04.885 D/PMS11422(  657): package:com.vmall.client, input flags:0, output hwFlags:67108864
06-24 15:31:04.887 D/PMS11422(  657): package:com.android.browser, input flags:0, output hwFlags:0
06-24 15:31:04.889 D/PMS11422(  657): package:com.eg.android.AlipayGphone, input flags:0, output hwFlags:0
06-24 15:31:04.892 D/PMS11422(  657): package:com.android.mediacenter, input flags:0, output hwFlags:0
06-24 15:31:04.894 D/PMS11422(  657): package:com.huawei.himovie, input flags:0, output hwFlags:0
06-24 15:31:04.895 I/appium  (29532): AppiumResponse: {"sessionId":"2d604340-25b7-4bc5-874b-09ac3bd169d8","status":0,"value":"<?xml version=\"1.0\" encoding=\"UTF-8\"?><hierarchy rotation=\"0\"><android.widget.FrameLayout index=\"0\" text=\"\" class=\"android.widget.FrameLayout\" package=\"com.excelliance.dualaid\" content-desc=\"\" checkable=\"false\" checked=\"false\" clickable=\"false\" enabled=\"true\" focusable=\"false\" focused=\"false\" scrollable=\"false\" long-clickable=\"false\" password=\"false\" selected=\"false\" bounds=\"[0,0][1080,1920]\" resource-id=\"\" instance=\"0\"><android.widget.LinearLayout index=\"0\" text=\"\" class=\"android.widget.LinearLayout\" package=\"com.excelliance.dualaid\" content-desc=\"\" checkable=\"false\" checked=\"false\" clickable=\"false\" enabled=\"true\" focusable=\"false\" focused=\"false\" scrollable=\"false\" long-clickable=\"false\" password=\"false\" selected=\"false\" bounds=\"[0,0][1080,1920]\" resource-id=\"\" instance=\"0\"><android.widget.FrameLayout index=\"0\" text=\"\" class=\"android.widget.FrameLayout\" package=\"com.excelliance.dualaid\" content-desc=\"\" checkable=\"false\" checked=\"false\" clickable=\"false\" enabled=\"true\" focusable=\"false\" focused=\"false\" scrollable=\"false\" long-clickable=\"false\" password=\"false\" selected=\"false\" bounds=\"[0,0][1080,1920]\" resource-id=\"android:id\/content\" instance=\"1\"><android.widget.FrameLayout index=\"0\" text=\"\" class=\"android.widget.FrameLayout\" package=\"com.excelliance.dualaid\" content-desc=\"\" checkable=\"false\" checked=\"false\" clickable=\"false\" enabled=\"true\" focusable=\"false\" focused=\"false\" scrollable=\"false\" long-clickable=\"false\" password=\"false\" selected=\"false\" bounds=\"[0,0][1080,1920]\" resource-id=\"com.excelliance.dualaid:id\/mainactivity\" instance=\"2\"><android.widget.FrameLayout index=\"0\" text=\"\" class=\"android.widget.FrameLayout\" package=\"com.excelliance.dualaid\" content-desc=\"\" checkable=\"false\" checked=\"false\" clickable=\"false\" enabled=\"true\" focusable=\"false\" focused=\"false\" scrollable=\"false\" long-clickable=\"false\" password=\"false\" selected=\"false\" bounds=\"[0,0][1080,1920]\" resource-id=\"\" instance=\"3\"><android.widget.RelativeLayout index=\"0\" text=\"\" class=\"android.widget.RelativeLayout\" package=\"com.excelliance.dualaid\" content-desc=\"\" checkable=\"false\" checked=\"false\" clickable=\"true\" enabled=\"true\" focusable=\"true\" focused=\"false\" scrollable=\"false\" long-clickable=\"false\" password=\"false\" selected=\"false\" bounds=\"[0,0][1080,1920]\" resource-id=\"com.excelliance.dualaid:id\/full_layout\" instance=\"0\"><android.widget.ScrollView index=\"1\" text=\"\" class=\"android.widget.ScrollView\" package=\"com.excelliance.dualaid\" content-desc=\"\" checkable=\"false\" checked=\"false\" clickable=\"false\" enabled=\"true\" focusable=\"true\" focused=\"false\" scrollable=\"false\" long-clickable=\"false\" password=\"false\" selected=\"false\" bounds=\"[0,72][1080,1920]\" resource-id=\"com.excelliance.dualaid:id\/main_scroller\" instance=\"0\"><android.widget.RelativeLayout index=\"0\" text=\"\" class=\"android.widget.RelativeLayout\" package=\"com.excelliance.dualaid\" content-desc=\"\" checkable=\"false\" checked=\"false\" clickable=\"false\" enabled=\"true\" focusable=\"false\" focused=\"false\" scrollable=\"false\" long-clickable=\"false\" password=\"false\" selected=\"false\" bounds=\"[0,72][1080,1920]\" resource-id=\"com.excelliance.dualaid:id\/rl_mainScroll\" instance=\"1\"><android.view.View index=\"0\" text=\"\" class=\"android.view.View\" package=\"com.excelliance.dualaid\" content-desc=\"\" checkable=\"false\" checked=\"false\" clickable=\"false\" enabled=\"true\" focusable=\"false\" focused=\"false\" scrollable=\"false\" long-clickable=\"false\" password=\"false\" selected=\"false\" bounds=\"[0,72][1080,240]\" resource-id=\"com.excelliance.dualaid:id\/view_placeholder\" instance=\"0\"\/><android.widget.LinearLayout index=\"1\" text=\"\" class=\"android.widget.LinearLayout\" package=\"com
06-24 15:31:04.895 D/PMS11422(  657): package:com.huawei.hnreader, input flags:0, output hwFlags:67108864
06-24 15:31:04.897 D/PMS11422(  657): package:com.twitter.android, input flags:0, output hwFlags:0
06-24 15:31:04.898 D/PMS11422(  657): package:com.baidu.input_huawei, input flags:0, output hwFlags:0
06-24 15:31:04.900 D/PMS11422(  657): package:com.google.android.gms, input flags:0, output hwFlags:0
06-24 15:31:04.902 D/PMS11422(  657): package:com.sankuai.meituan, input flags:0, output hwFlags:0
06-24 15:31:04.904 D/PMS11422(  657): package:com.tencent.news, input flags:0, output hwFlags:0
06-24 15:31:04.906 D/PMS11422(  657): package:com.iflytek.speechsuite, input flags:0, output hwFlags:0
06-24 15:31:04.908 D/PMS11422(  657): package:com.tencent.android.qqdownloader, input flags:0, output hwFlags:0
06-24 15:31:04.910 D/PMS11422(  657): package:com.ifreetalk.ftalk, input flags:0, output hwFlags:0
06-24 15:31:04.912 D/PMS11422(  657): package:com.taobao.taobao, input flags:0, output hwFlags:0
06-24 15:31:04.914 D/PMS11422(  657): package:com.android.gallery3d, input flags:0, output hwFlags:0
06-24 15:31:04.916 D/PMS11422(  657): package:com.pp.assistant, input flags:0, output hwFlags:0
06-24 15:31:04.919 D/PMS11422(  657): package:com.oppo.market, input flags:0, output hwFlags:0
06-24 15:31:04.921 D/PMS11422(  657): package:com.excean.wxaid, input flags:0, output hwFlags:0
06-24 15:31:04.922 D/PMS11422(  657): package:com.huawei.intelligent, input flags:0, output hwFlags:0
06-24 15:31:04.924 D/PMS11422(  657): package:com.google.android.backuptransport, input flags:0, output hwFlags:0
06-24 15:31:04.926 D/PMS11422(  657): package:com.huawei.skytone, input flags:0, output hwFlags:0
06-24 15:31:04.928 D/PMS11422(  657): package:com.estrongs.android.pop, input flags:0, output hwFlags:0
06-24 15:31:04.930 D/PMS11422(  657): package:com.redfinger.app, input flags:0, output hwFlags:0
06-24 15:31:04.932 D/PMS11422(  657): package:com.android.vending, input flags:0, output hwFlags:0
06-24 15:31:04.934 D/PMS11422(  657): package:org.hapjs.mockup, input flags:0, output hwFlags:0
06-24 15:31:04.936 D/PMS11422(  657): package:com.huawei.gamebox, input flags:0, output hwFlags:603979776
06-24 15:31:04.937 W/libc    (  493): Set property "hw.wifi.dns_stat" to "29117,24870,5028,1,51984"
06-24 15:31:04.938 D/PMS11422(  657): package:com.stickgame.los2, input flags:0, output hwFlags:0
06-24 15:31:04.939 D/PMS11422(  657): package:com.qihoo.appstore, input flags:0, output hwFlags:0
06-24 15:31:04.941 D/PMS11422(  657): package:com.huawei.android.thememanager, input flags:0, output hwFlags:0
06-24 15:31:04.944 D/PMS11422(  657): package:com.excean.parallelspace, input flags:0, output hwFlags:0
06-24 15:31:04.946 D/PMS11422(  657): package:com.UCMobile, input flags:0, output hwFlags:0
06-24 15:31:04.947 D/PMS11422(  657): package:com.bbk.appstore, input flags:0, output hwFlags:0
06-24 15:31:04.948 D/PMS11422(  657): package:com.excean.ppaid, input flags:0, output hwFlags:0
06-24 15:31:04.950 D/PMS11422(  657): package:com.netease.blockchain, input flags:0, output hwFlags:0
06-24 15:31:04.951 D/PMS11422(  657): package:com.huawei.camera, input flags:0, output hwFlags:0
06-24 15:31:04.952 D/PMS11422(  657): package:com.sinovatech.unicom.ui, input flags:0, output hwFlags:0
06-24 15:31:04.953 D/PMS11422(  657): package:com.huawei.phoneservice, input flags:0, output hwFlags:0
06-24 15:31:04.955 D/PMS11422(  657): package:com.crisisfire.android.nearme.gamecenter, input flags:0, output hwFlags:0
06-24 15:31:04.956 I/appium  (29532): channel read invoked!
06-24 15:31:04.956 D/PMS11422(  657): package:com.antutu.benchmark.full, input flags:0, output hwFlags:0
06-24 15:31:04.956 I/appium  (29532): channel read: POST /wd/hub/session/2d604340-25b7-4bc5-874b-09ac3bd169d8/element
06-24 15:31:04.956 D/PMS11422(  657): package:com.antutu.benchmark.full, input flags:0, output hwFlags:0
06-24 15:31:04.956 I/appium  (29532): Find element command
06-24 15:31:04.957 D/PMS11422(  657): package:com.xunmeng.pinduoduo, input flags:0, output hwFlags:0
06-24 15:31:04.957 D/appium  (29532): payload: {"strategy":"id","selector":"com.excelliance.dualaid:id/tv_bt_add","context":"","multiple":false}
06-24 15:31:04.958 I/appium  (29532): find element command using 'id' with selector 'com.excelliance.dualaid:id/tv_bt_add'.
06-24 15:31:04.959 D/PMS11422(  657): package:com.zhuowang.cloneapp, input flags:0, output hwFlags:0
06-24 15:31:04.961 D/PMS11422(  657): package:com.excean.parallelspace.b64, input flags:0, output hwFlags:0
06-24 15:31:04.965 D/PMS11422(  657): package:com.excelliance.multiaccounts.b64, input flags:0, output hwFlags:0
06-24 15:31:04.968 D/PMS11422(  657): package:com.xiangyou.multispace, input flags:0, output hwFlags:0
06-24 15:31:04.970 D/PMS11422(  657): package:com.youlong.multiaccount, input flags:0, output hwFlags:0
06-24 15:31:04.972 D/PMS11422(  657): package:com.gameloft.android.ANMP.GloftA9HM, input flags:0, output hwFlags:0
06-24 15:31:04.974 D/PMS11422(  657): package:com.excelliance.dualaid.b64, input flags:0, output hwFlags:0
06-24 15:31:04.979 D/PMS11422(  657): package:com.excelliance.dualaid, input flags:128, output hwFlags:0
06-24 15:31:04.980 I/appium  (29532): AppiumResponse: {"sessionId":"2d604340-25b7-4bc5-874b-09ac3bd169d8","status":0,"value":{"ELEMENT":"56385b75-a998-4cf7-a2e6-167d63cd3d09"}}
06-24 15:31:04.996 I/chatty  (  657): uid=1000(system) Binder:657_19 identical 3 lines
06-24 15:31:04.997 D/PMS11422(  657): package:com.excelliance.dualaid, input flags:128, output hwFlags:0
06-24 15:31:05.009 D/PMS11422(  657): package:com.excelliance.dualaid, input flags:128, output hwFlags:0
06-24 15:31:05.009 I/TrafficMonitor(  657): update:rxPkts:82,txPkts:101,rxBytes:36913,txBytes:13324
06-24 15:31:05.010 I/TrafficMonitor(  657): no expired. level:3
06-24 15:31:05.010 I/TrafficMonitor(  657): gettimer:interval=2000
06-24 15:31:05.010 I/TrafficMonitor(  657): during_ms:2003,period_ms:2000
06-24 15:31:05.010 I/TrafficMonitor(  657): count:676,rx_sum:82,tx_sum:101,rxBytes:36913,during_ms:2003,rx_speed:18428.856714927606,tx_speed:6652.021967049425,rto:0.8118811881188119
06-24 15:31:05.010 D/HuaweiWifiWatchdogStateMachine(  657): speed: rxpkt:82, rxSpd:18428B/s, txpkt:101, txSpd:6652
06-24 15:31:05.011 D/PMS11422(  657): package:com.excelliance.dualaid, input flags:128, output hwFlags:0
06-24 15:31:05.016 I/appium  (29532): channel read invoked!
06-24 15:31:05.017 I/appium  (29532): channel read: GET /wd/hub/session/2d604340-25b7-4bc5-874b-09ac3bd169d8/source
06-24 15:31:05.028 I/chatty  (  657): uid=1000(system) Binder:657_19 identical 1 line
06-24 15:31:05.030 D/PMS11422(  657): package:com.excelliance.dualaid, input flags:128, output hwFlags:0
06-24 15:31:05.033 D/PMS11422(  657): package:com.excelliance.dualaid, input flags:128, output hwFlags:0
06-24 15:31:05.041 I/appium  (29532): Skipping invisible child: android.view.accessibility.AccessibilityNodeInfo@d32b; boundsInParent: Rect(0, 0 - 1080, 72); boundsInScreen: Rect(0, 0 - 1080, 72); packageName: com.excelliance.dualaid; className: android.view.View; text: null; error: null; maxTextLength: -1; contentDescription: null; viewIdResName: com.excelliance.dualaid:id/custom_status_bar; checkable: false; checked: false; focusable: false; focused: false; selected: false; clickable: false; longClickable: false; contextClickable: false; enabled: true; password: false; scrollable: false; importantForAccessibility: false; actions: [AccessibilityAction: ACTION_SELECT - null, AccessibilityAction: ACTION_CLEAR_SELECTION - null, AccessibilityAction: ACTION_ACCESSIBILITY_FOCUS - null, AccessibilityAction: ACTION_SHOW_ON_SCREEN - null]
06-24 15:31:05.044 D/PMS11422(  657): package:com.excelliance.dualaid, input flags:128, output hwFlags:0
06-24 15:31:05.060 I/chatty  (  657): uid=1000(system) Binder:657_19 identical 5 lines
06-24 15:31:05.062 D/PMS11422(  657): package:com.excelliance.dualaid, input flags:128, output hwFlags:0
06-24 15:31:05.071 D/PMS11422(  657): package:com.excelliance.dualaid, input flags:128, output hwFlags:0
06-24 15:31:05.086 I/appium  (29532): Skipping invisible child: android.view.accessibility.AccessibilityNodeInfo@11e3f; boundsInParent: Rect(0, 0 - 1080, 0); boundsInScreen: Rect(0, 1726 - 1080, 1726); packageName: com.excelliance.dualaid; className: android.widget.LinearLayout; text: null; error: null; maxTextLength: -1; contentDescription: null; viewIdResName: com.excelliance.dualaid:id/layout_container; checkable: false; checked: false; focusable: false; focused: false; selected: false; clickable: false; longClickable: false; contextClickable: false; enabled: true; password: false; scrollable: false; importantForAccessibility: false; actions: [AccessibilityAction: ACTION_SELECT - null, AccessibilityAction: ACTION_CLEAR_SELECTION - null, AccessibilityAction: ACTION_ACCESSIBILITY_FOCUS - null, AccessibilityAction: ACTION_SHOW_ON_SCREEN - null]
06-24 15:31:05.087 I/appium  (29532): Skipping invisible child: android.view.accessibility.AccessibilityNodeInfo@10f3b; boundsInParent: Rect(0, 0 - 1080, 0); boundsInScreen: Rect(0, 1726 - 1080, 1726); packageName: com.excelliance.dualaid; className: android.widget.FrameLayout; text: null; error: null; maxTextLength: -1; contentDescription: null; viewIdResName: com.excelliance.dualaid:id/fl_off_standard_position; checkable: false; checked: false; focusable: false; focused: false; selected: false; clickable: false; longClickable: false; contextClickable: false; enabled: true; password: false; scrollable: false; importantForAccessibility: false; actions: [AccessibilityAction: ACTION_SELECT - null, AccessibilityAction: ACTION_CLEAR_SELECTION - null, AccessibilityAction: ACTION_ACCESSIBILITY_FOCUS - null, AccessibilityAction: ACTION_SHOW_ON_SCREEN - null]
