06-24 16:27:54.893 V/GameUtil(27935): getCurrentVersionByKey : hi6250_notification	current_hi6250_notification_version	Hi6250_notificationVersion
06-24 16:27:54.894 V/GameUtil(27935): saveVersionToFileByKey  xml_key :hi6250_notification  result:-1
06-24 16:27:54.896 V/GameUtil(27935): getCurrentVersionByKey  hi6250_notification:-1
06-24 16:27:54.897 E/HwResourcesImpl(27906): readDefaultConfig : FileNotFoundException
06-24 16:27:54.899 V/VersionManager(27935): ver source:{"hi6250_launch":"0","hi6250_applist":"0","hi6250_notification":"0"}
06-24 16:27:54.899 V/VersionManager(27935): ver :eyJoaTYyNTBfbGF1bmNoIjoiMCIsImhpNjI1MF9hcHBsaXN0IjoiMCIsImhpNjI1MF9ub3RpZmlj%0AYXRpb24iOiIwIn0%3D%0A
06-24 16:27:54.901 I/HwCust  (27906): Constructor found for class android.content.res.HwCustHwResourcesImpl
06-24 16:27:54.901 D/HwCust  (27906): Create obj success use class android.content.res.HwCustHwResourcesImpl
06-24 16:27:54.902 V/UrlUtil (27935): https://mto.multiopen.cn/dynamicphoneres.php?sdkver=2009&apkver=466&vn=4.0.6&compver=54302&mainver=231200&ver=eyJoaTYyNTBfbGF1bmNoIjoiMCIsImhpNjI1MF9hcHBsaXN0IjoiMCIsImhpNjI1MF9ub3RpZmlj%0AYXRpb24iOiIwIn0%3D%0A&chid=10019&subchid=1&type=20&uflag=2&pkg=com.excelliance.dualaid&api=26&release=8.0.0&abi=armeabi-v7a&abi2=armeabi&abilist=arm64-v8a%2Carmeabi-v7a%2Carmeabi&abilist32=armeabi-v7a%2Carmeabi&abilist64=arm64-v8a&brand=HONOR&manufacturer=HUAWEI&model=STF-AL10&product=STF-AL10&issl=1&sign=30820271308201daa0030201020204520332c2300d06092a864886f70d0101050500307c310b300906035504061302434e3111300f060355040813085368616e
06-24 16:27:54.902 D/VersionManager(27935): httpsRequest getURL = https://mto.multiopen.cn/dynamicphoneres.php?sdkver=2009&apkver=466&vn=4.0.6&compver=54302&mainver=231200&ver=eyJoaTYyNTBfbGF1bmNoIjoiMCIsImhpNjI1MF9hcHBsaXN0IjoiMCIsImhpNjI1MF9ub3RpZmlj%0AYXRpb24iOiIwIn0%3D%0A&chid=10019&subchid=1&type=20&uflag=2&pkg=com.excelliance.dualaid&api=26&release=8.0.0&abi=armeabi-v7a&abi2=armeabi&abilist=arm64-v8a%2Carmeabi-v7a%2Carmeabi&abilist32=armeabi-v7a%2Carmeabi&abilist64=arm64-v8a&brand=HONOR&manufacturer=HUAWEI&model=STF-AL10&product=STF-AL10&issl=1&sign=30820271308201daa0030201020204520332c2300d06092a864886f70d0101050500307c310b300906035504061302434e3111300f060355040813085368616e
06-24 16:27:54.916 I/NetworkSpeedManagerEx( 1513): mIsStop = false
06-24 16:27:54.916 I/NetworkSpeedManagerEx( 1513):  runInThread getTetherStats
06-24 16:27:54.916 I/NetworkSpeedManagerEx( 1513):  runInUI refreshSpeed
06-24 16:27:54.916 D/PMS11423(  657): package:com.tencent.mm, input flags:0, output hwFlags:0
06-24 16:27:54.917 I/NetworkSpeedManagerEx( 1513): value=1065.0speed = 1
06-24 16:27:54.917 I/NetworkSpeedManagerEx( 1513): K/smIsShowLastSpeedValuefalse
06-24 16:27:54.917 I/NetworkSpeedView( 1513): /update(), speed=1
06-24 16:27:54.917 I/NetworkSpeedView( 1513): K/s parent class:class com.android.systemui.statusbar.HwSystemIcons
06-24 16:27:54.919 D/PMS11423(  657): package:com.tencent.mobileqq, input flags:0, output hwFlags:0
06-24 16:27:54.924 W/X509TrustManager(27906): checkServerTrusted: SignatureException:null
06-24 16:27:54.924 W/X509TrustManager(27906): checkServerTrusted: SignatureException:error:04000073:RSA routines:OPENSSL_internal:DATA_TOO_LARGE_FOR_MODULUS
06-24 16:27:54.938 D/PMS11423(  657): package:com.tencent.mobileqq, input flags:0, output hwFlags:0
06-24 16:27:54.938 I/NetworkSpeedManagerEx( 1513): mIsStop = false
06-24 16:27:54.939 I/NetworkSpeedManagerEx( 1513):  runInThread getTetherStats
06-24 16:27:54.939 D/PMS11423(  657): package:com.ifreetalk.ftalk, input flags:0, output hwFlags:0
06-24 16:27:54.939 I/NetworkSpeedManagerEx( 1513):  runInUI refreshSpeed
06-24 16:27:54.940 I/NetworkSpeedManagerEx( 1513): value=3370.0speed = 3.3
06-24 16:27:54.940 I/NetworkSpeedManagerEx( 1513): K/smIsShowLastSpeedValuefalse
06-24 16:27:54.940 I/NetworkSpeedView( 1513): /update(), speed=3.3
06-24 16:27:54.940 I/NetworkSpeedView( 1513): K/s parent class:class com.android.systemui.statusbar.HwSystemIcons
06-24 16:27:54.942 W/X509TrustManager(27935): checkServerTrusted: SignatureException:null
06-24 16:27:54.942 W/X509TrustManager(27935): checkServerTrusted: SignatureException:error:04000073:RSA routines:OPENSSL_internal:DATA_TOO_LARGE_FOR_MODULUS
06-24 16:27:54.945 D/HwRecentsLockUtils( 1513): Search
06-24 16:27:54.945 E/HsmCoreServiceImpl( 1478): onTransact in code is: 103
06-24 16:27:54.945 I/MediaProcessHandler( 1478): playingUids: 
06-24 16:27:54.947 D/ActivityManager(  657): Skipping, home or recents stack task: TaskRecord{333215f #15658 A=com.huawei.android.launcher U=0 StackId=0 sz=1}
06-24 16:27:54.947 D/ActivityManager(  657): Skipping intent:act=android.intent.action.MAIN cat=[android.intent.category.LAUNCHER] flg=0x10a00000 cmp=io.appium.settings/.Settings
06-24 16:27:54.947 D/ActivityManager(  657): Skipping intent:flg=0x10804000 cmp=com.android.systemui/.recents.RecentsActivity bnds=[48,928][1032,2296]
06-24 16:27:54.947 D/ActivityManager(  657): Skipping intent:flg=0x18800000 cmp=com.tencent.mm/.plugin.base.stub.WXPayEntryActivity
06-24 16:27:54.947 D/ActivityManager(  657): Skipping intent:flg=0x10800000 cmp=com.huawei.systemmanager/com.huawei.permissionmanager.ui.MainActivity
06-24 16:27:54.947 D/ActivityManager(  657): Skipping intent:flg=0x18800000 cmp=com.tencent.mm/.plugin.base.stub.WXEntryActivity
06-24 16:27:54.947 D/ActivityManager(  657): Skipping intent:act=com.huawei.action.VOICE_ASSISTANT flg=0x10800000 pkg=com.huawei.vassistant cmp=com.huawei.vassistant/.ui.main.VAssistantActivity
06-24 16:27:54.947 D/ActivityManager(  657): Skipping intent:act=com.huawei.android.launcher.action.ACCESS_SPLIT_SCREEN_APP cat=[android.intent.category.DEFAULT] flg=0x10804000 cmp=com.huawei.android.launcher/.splitscreen.SplitScreenAppActivity
06-24 16:27:54.947 D/ActivityManager(  657): Skipping intent:flg=0x10800000 pkg=com.excelliance.dualaid.b64 cmp=com.excelliance.dualaid.b64/com.excelliance.kxqp.sdk.PermissionRequestActivity
06-24 16:27:54.947 D/ActivityManager(  657): Skipping intent:act=android.intent.action.VIEW dat=content://com.excelliance.dualaid.fileProvider/external_storage_root/Download/apk/Multiple_64.apk typ=application/vnd.android.package-archive flg=0x10800001 cmp=com.android.packageinstaller/.InstallStart
06-24 16:27:54.947 D/ActivityManager(  657): Skipping intent:flg=0x10800000 cmp=com.android.systemui/.usb.HwUsbDebuggingActivity
06-24 16:27:54.947 D/ActivityManager(  657): Skipping intent:act=android.deviceinfo.chooser.action.LAUNCH flg=0x10800000 hwFlg=0x100 pkg=com.android.settings cmp=com.android.settings/.deviceinfo.UsbConnModeChooserActivity
06-24 16:27:54.947 D/ActivityManager(  657): Skipping intent:flg=0x10800000 cmp=com.zol.android/.push.KeepLiveActivity
06-24 16:27:54.947 D/ActivityManager(  657): Skipping intent:act=android.intent.action.MAIN cat=[android.intent.category.HOME] flg=0x10800300 cmp=com.android.settings/.FallbackHome
06-24 16:27:54.958 D/PMS11423(  657): package:com.ifreetalk.ftalk, input flags:0, output hwFlags:0
06-24 16:27:54.959 V/HelloActivity(27906): end add appType：0
06-24 16:27:54.963 I/zygote  (27906): Do partial code cache collection, code=63KB, data=51KB
06-24 16:27:54.963 I/zygote  (27906): After code cache collection, code=62KB, data=51KB
06-24 16:27:54.963 I/zygote  (27906): Increasing code cache capacity to 256KB
06-24 16:27:54.976 D/ActivityThread(27906): add activity client record, r= ActivityRecord{2c2a792 token=android.os.BinderProxy@f7a1593 {com.excelliance.dualaid/com.excelliance.kxqp.ui.HelloActivity}} token= android.os.BinderProxy@f7a1593
06-24 16:27:54.978 D/OpenGLRenderer(27906):   HWUI Binary is  enabled
06-24 16:27:54.979 V/WindowManager(  657): Adding Window{e75b06e u0 com.excelliance.dualaid/com.excelliance.kxqp.ui.HelloActivity} to AppWindowToken{ab247b1 token=Token{9866a58 ActivityRecord{bb6633b u0 com.excelliance.dualaid/com.excelliance.kxqp.ui.HelloActivity t16043}}}
06-24 16:27:54.980 V/WindowManager(  657): addWindow: New client android.os.BinderProxy@d593be9: window=Window{e75b06e u0 com.excelliance.dualaid/com.excelliance.kxqp.ui.HelloActivity} Callers=com.android.server.wm.HwWindowManagerService.addWindow:562 com.android.server.wm.Session.addToDisplay:199 android.view.IWindowSession$Stub.onTransact:124 com.android.server.wm.Session.onTransact:161 android.os.Binder.execTransact:675 
06-24 16:27:54.981 V/MainActivity(27906): onWindowFocusChanged: false
06-24 16:27:54.981 D/MainActivity(27906): onWindowFocusChanged: end
06-24 16:27:54.981 I/TrafficMonitor(  657): update:rxPkts:22,txPkts:28,rxBytes:8341,txBytes:3743
06-24 16:27:54.981 I/TrafficMonitor(  657): start expired. level:-1
06-24 16:27:54.981 D/HelloActivity(27906): upload: com.tencent.mm,com.tencent.mobileqq,com.ifreetalk.ftalk
06-24 16:27:54.981 I/TrafficMonitor(  657): gettimer:interval=2000
06-24 16:27:54.983 E/SmtServService(27935): firststartcom.tencent.mm,com.tencent.mobileqq,com.ifreetalk.ftalk
06-24 16:27:54.984 D/OpenGLRenderer(27906):   HWUI Binary is  enabled
06-24 16:27:54.986 D/PMS11423(  657): package:com.android.mms, input flags:0, output hwFlags:0
06-24 16:27:54.986 D/PMS11423(  657): package:com.android.settings, input flags:0, output hwFlags:0
06-24 16:27:54.986 D/PMS11423(  657): package:com.android.contacts, input flags:0, output hwFlags:0
06-24 16:27:54.999 V/WindowManager(  657): Checking 1 opening apps (frozen=false timeout=false)...
06-24 16:27:54.999 V/WindowManager(  657): Check opening app=AppWindowToken{ab247b1 token=Token{9866a58 ActivityRecord{bb6633b u0 com.excelliance.dualaid/com.excelliance.kxqp.ui.HelloActivity t16043}}}: allDrawn=false startingDisplayed=false startingMoved=false isRelaunching()=false
06-24 16:27:55.001 D/PMS1000 (  657): package:com.excelliance.dualaid, input flags:8192, output hwFlags:0
06-24 16:27:55.002 V/HwPhoneWindowManager(  657): updateSystemUiColorLw window=Window{e75b06e u0 com.excelliance.dualaid/com.excelliance.kxqp.ui.HelloActivity},EmuiStyle=0,StatusBarColor=0x0,NavigationBarColor=0xff000000, mLastIsEmuiLightStyle=-1
06-24 16:27:55.002 D/HwPhoneWindowManager(  657): Transact:setSystemUIColor to status bar service
06-24 16:27:55.002 W/HSM     ( 1813): HoldService:toast switch is close!
06-24 16:27:55.002 I/CommandQueue( 1513): updateBarBgColor
06-24 16:27:55.002 D/CommandQueue( 1513): CommandQueue, setBarBackgroundColor
06-24 16:27:55.002 D/TintManager( 1513): statusBarIconTint=#99FFFFFF,navigationBarIconTint=#FF000000
06-24 16:27:55.003 D/ApplicationPackageManager(27906): getInstalledApplications blocked
06-24 16:27:55.003 D/HsmInterfaceImpl(27906): List [ApplicationInfo{c67b351 com.huawei.hifolder}, ApplicationInfo{27037b6 com.github.shadowsocks}, ApplicationInfo{7855cb7 com.excelliance.dualaid}]
06-24 16:27:55.003 W/ActivityManager(  657): Sending non-protected broadcast huawei.action.floattasks.STATUS_BAR_STATE_CHANGED from system 1513:com.android.systemui/u0a39 pkg com.android.systemui
06-24 16:27:55.003 I/WindowManager(  657): notifyAccessibilityButtonVisibilityChanged visible:false
06-24 16:27:55.006 V/WindowManager(  657): Checking 1 opening apps (frozen=false timeout=false)...
06-24 16:27:55.006 V/WindowManager(  657): Check opening app=AppWindowToken{ab247b1 token=Token{9866a58 ActivityRecord{bb6633b u0 com.excelliance.dualaid/com.excelliance.kxqp.ui.HelloActivity t16043}}}: allDrawn=false startingDisplayed=false startingMoved=false isRelaunching()=false
06-24 16:27:55.009 D/PMS11423(  657): package:com.tencent.tmgp.qqx5, input flags:0, output hwFlags:0
06-24 16:27:55.010 I/GRALLOC (  679): 	 shrFd=10,fmt=0x1,intFmt=0x200000001,btStrd=4352,size=8486912,pid=679 
06-24 16:27:55.010 I/GRALLOC (  679): 	 yuv=2,w=1080,h=1920,Stride u=0 v=0,offset u=0 v=0 
06-24 16:27:55.010 I/GRALLOC (  679): 	 iova_size=8486912,conUsg=0x900,proUsg=0x900,	 strd=1088,[afbc]HdrStrd=1088 PyldStrd=69632 Scrmbl=2,ionhnd = 1 
06-24 16:27:55.010 D/PMS11423(  657): package:com.huawei.android.pushagent, input flags:0, output hwFlags:0
06-24 16:27:55.010 V/WindowManager(  657): Checking 1 opening apps (frozen=false timeout=false)...
06-24 16:27:55.010 V/WindowManager(  657): Check opening app=AppWindowToken{ab247b1 token=Token{9866a58 ActivityRecord{bb6633b u0 com.excelliance.dualaid/com.excelliance.kxqp.ui.HelloActivity t16043}}}: allDrawn=false startingDisplayed=false startingMoved=false isRelaunching()=false
06-24 16:27:55.011 D/PMS11423(  657): package:com.huawei.appmarket, input flags:0, output hwFlags:0
06-24 16:27:55.011 D/PMS11423(  657): package:com.wandoujia.phoenix2, input flags:0, output hwFlags:0
06-24 16:27:55.011 D/PMS11423(  657): package:com.tencent.mm, input flags:0, output hwFlags:0
06-24 16:27:55.011 D/PMS11423(  657): package:com.android.providers.media, input flags:0, output hwFlags:0
06-24 16:27:55.011 D/PMS11423(  657): package:com.huawei.vassistant, input flags:0, output hwFlags:0
06-24 16:27:55.011 W//system/bin/hwservicemanager(  416): Cannot open /odm/manifest.xml
06-24 16:27:55.011 D/PMS11423(  657): package:com.android.contacts, input flags:0, output hwFlags:0
06-24 16:27:55.012 D/PMS11423(  657): package:com.facebook.katana, input flags:0, output hwFlags:0
06-24 16:27:55.012 D/PMS11423(  657): package:com.huawei.hidisk, input flags:0, output hwFlags:536870912
06-24 16:27:55.012 D/PMS11423(  657): package:com.huawei.trustcircle, input flags:0, output hwFlags:0
06-24 16:27:55.012 I/GRALLOC (  679): 	 shrFd=10,fmt=0x1,intFmt=0x200000001,btStrd=4352,size=8486912,pid=679 
06-24 16:27:55.012 I/GRALLOC (  679): 	 yuv=2,w=1080,h=1920,Stride u=0 v=0,offset u=0 v=0 
06-24 16:27:55.012 I/GRALLOC (  679): 	 iova_size=8486912,conUsg=0x900,proUsg=0x900,	 strd=1088,[afbc]HdrStrd=1088 PyldStrd=69632 Scrmbl=2,ionhnd = 1 
06-24 16:27:55.013 D/PMS11423(  657): package:com.jingdong.app.mall, input flags:0, output hwFlags:0
06-24 16:27:55.013 D/PMS11423(  657): package:com.tencent.mobileqq, input flags:0, output hwFlags:0
06-24 16:27:55.013 D/PMS11423(  657): package:com.zol.android, input flags:0, output hwFlags:0
06-24 16:27:55.013 D/PMS11423(  657): package:com.huawei.hiskytone, input flags:0, output hwFlags:603979776
06-24 16:27:55.014 D/PMS11423(  657): package:com.huawei.hwid, input flags:0, output hwFlags:0
06-24 16:27:55.014 D/PMS11423(  657): package:com.sina.weibo, input flags:0, output hwFlags:0
06-24 16:27:55.015 D/PMS11423(  657): package:com.antutu.ABenchMark, input flags:0, output hwFlags:0
06-24 16:27:55.015 D/mali_winsys(27906): EGLint new_window_surface(egl_winsys_display *, void *, EGLSurface, EGLConfig, egl_winsys_surface **, egl_color_buffer_format *, EGLBoolean) returns 0x3000
06-24 16:27:55.015 D/PMS11423(  657): package:com.sankuai.meituan.takeoutnew, input flags:0, output hwFlags:0
06-24 16:27:55.016 D/PMS11423(  657): package:com.vmall.client, input flags:0, output hwFlags:67108864
06-24 16:27:55.017 D/PMS11423(  657): package:com.android.browser, input flags:0, output hwFlags:0
06-24 16:27:55.017 D/PMS11423(  657): package:com.eg.android.AlipayGphone, input flags:0, output hwFlags:0
06-24 16:27:55.018 D/PMS11423(  657): package:com.android.mediacenter, input flags:0, output hwFlags:0
06-24 16:27:55.019 D/PMS11423(  657): package:com.huawei.himovie, input flags:0, output hwFlags:0
06-24 16:27:55.020 D/PMS11423(  657): package:com.huawei.hnreader, input flags:0, output hwFlags:67108864
06-24 16:27:55.021 D/PMS11423(  657): package:com.twitter.android, input flags:0, output hwFlags:0
06-24 16:27:55.021 D/PMS11423(  657): package:com.baidu.input_huawei, input flags:0, output hwFlags:0
06-24 16:27:55.022 D/PMS11423(  657): package:com.google.android.gms, input flags:0, output hwFlags:0
06-24 16:27:55.022 D/PMS11423(  657): package:com.sankuai.meituan, input flags:0, output hwFlags:0
06-24 16:27:55.022 D/PMS11423(  657): package:com.tencent.news, input flags:0, output hwFlags:0
06-24 16:27:55.022 D/PMS11423(  657): package:com.iflytek.speechsuite, input flags:0, output hwFlags:0
06-24 16:27:55.023 D/PMS11423(  657): package:com.qzone, input flags:0, output is null
06-24 16:27:55.023 D/PMS11423(  657): package:com.tencent.android.qqdownloader, input flags:0, output hwFlags:0
06-24 16:27:55.023 D/PMS11423(  657): package:com.tencent.now, input flags:0, output is null
06-24 16:27:55.023 D/PMS11423(  657): package:com.ifreetalk.ftalk, input flags:0, output hwFlags:0
06-24 16:27:55.023 D/PMS11423(  657): package:com.taobao.taobao, input flags:0, output hwFlags:0
06-24 16:27:55.023 D/PMS11423(  657): package:com.android.gallery3d, input flags:0, output hwFlags:0
06-24 16:27:55.023 D/PMS11423(  657): package:com.pp.assistant, input flags:0, output hwFlags:0
06-24 16:27:55.024 D/PMS11423(  657): package:com.oppo.market, input flags:0, output hwFlags:0
06-24 16:27:55.024 D/PMS11423(  657): package:com.excean.wxaid, input flags:0, output hwFlags:0
06-24 16:27:55.024 D/PMS11423(  657): package:com.huawei.intelligent, input flags:0, output hwFlags:0
06-24 16:27:55.024 D/PMS11423(  657): package:com.google.android.backuptransport, input flags:0, output hwFlags:0
06-24 16:27:55.024 D/PMS11423(  657): package:com.huawei.skytone, input flags:0, output hwFlags:0
06-24 16:27:55.024 D/PMS11423(  657): package:com.estrongs.android.pop, input flags:0, output hwFlags:0
06-24 16:27:55.024 D/PMS11423(  657): package:com.redfinger.app, input flags:0, output hwFlags:0
06-24 16:27:55.024 D/PMS11423(  657): package:com.android.vending, input flags:0, output hwFlags:0
06-24 16:27:55.025 D/PMS11423(  657): package:org.hapjs.mockup, input flags:0, output hwFlags:0
06-24 16:27:55.025 D/PMS11423(  657): package:com.huawei.gamebox, input flags:0, output hwFlags:603979776
06-24 16:27:55.025 D/PMS11423(  657): package:com.tencent.tmgp.pubgmhd-ext, input flags:0, output is null
06-24 16:27:55.025 D/PMS11423(  657): package:com.stickgame.los2, input flags:0, output hwFlags:0
06-24 16:27:55.025 D/PMS11423(  657): package:com.qihoo.appstore, input flags:0, output hwFlags:0
06-24 16:27:55.025 D/PMS11423(  657): package:com.huawei.android.thememanager, input flags:0, output hwFlags:0
06-24 16:27:55.025 D/PMS11423(  657): package:com.excean.parallelspace, input flags:0, output hwFlags:0
06-24 16:27:55.025 D/PMS11423(  657): package:com.UCMobile, input flags:0, output hwFlags:0
06-24 16:27:55.026 D/PMS11423(  657): package:com.bbk.appstore, input flags:0, output hwFlags:0
06-24 16:27:55.026 D/PMS11423(  657): package:com.excean.ppaid, input flags:0, output hwFlags:0
06-24 16:27:55.026 D/PMS11423(  657): package:com.netease.blockchain, input flags:0, output hwFlags:0
06-24 16:27:55.026 D/PMS11423(  657): package:com.huawei.camera, input flags:0, output hwFlags:0
06-24 16:27:55.026 D/PMS11423(  657): package:com.sinovatech.unicom.ui, input flags:0, output hwFlags:0
06-24 16:27:55.026 D/PMS11423(  657): package:com.huawei.phoneservice, input flags:0, output hwFlags:0
06-24 16:27:55.026 D/PMS11423(  657): package:com.crisisfire.android.nearme.gamecenter, input flags:0, output hwFlags:0
06-24 16:27:55.027 D/PMS11423(  657): package:com.antutu.benchmark.full, input flags:0, output hwFlags:0
06-24 16:27:55.027 D/PMS11423(  657): package:com.xunmeng.pinduoduo, input flags:0, output hwFlags:0
06-24 16:27:55.027 D/PMS11423(  657): package:com.zhuowang.cloneapp, input flags:0, output hwFlags:0
06-24 16:27:55.027 D/PMS11423(  657): package:com.excean.parallelspace.b64, input flags:0, output hwFlags:0
06-24 16:27:55.027 D/PMS11423(  657): package:com.excelliance.multiaccounts.b64, input flags:0, output hwFlags:0
06-24 16:27:55.027 D/PMS11423(  657): package:com.xiangyou.multispace, input flags:0, output hwFlags:0
06-24 16:27:55.028 D/PMS11423(  657): package:com.youlong.multiaccount, input flags:0, output hwFlags:0
06-24 16:27:55.028 D/PMS11423(  657): package:com.gameloft.android.ANMP.GloftA9HM, input flags:0, output hwFlags:0
06-24 16:27:55.028 D/PMS11423(  657): package:com.excelliance.dualaid.b64, input flags:0, output hwFlags:0
06-24 16:27:55.029 D/AddGameData(27906): switch_uninstall: 70
06-24 16:27:55.029 W/InputMethodManager(27906): startInputReason = 1
06-24 16:27:55.031 D/PMS1000 (  657): package:com.excelliance.dualaid, input flags:8192, output hwFlags:0
06-24 16:27:55.031 I/wangchen( 7035): SysInfo.getSysParam: orientation=1||config d=3.0,w=1080,h=1920||metrics d=3.0,w=1080,h=1920||sdk=26,bar_h=72
06-24 16:27:55.031 I/KeymapLoader( 7035): w=1080 h=1920 ori=true appScale=3.3 s1=3.0
06-24 16:27:55.032 W/HSM     ( 1813): HoldService:toast switch is close!
06-24 16:27:55.032 D/ApplicationPackageManager(27906): queryIntentActivitiesAsUser blocked, Intent { act=android.intent.action.MAIN cat=[android.intent.category.LAUNCHER] pkg=com.huawei.hifolder }
06-24 16:27:55.033 D/HsmInterfaceImpl(27906): List []
06-24 16:27:55.035 D/PMS1000 (  657): package:com.excelliance.dualaid, input flags:8192, output hwFlags:0
06-24 16:27:55.036 W/HSM     ( 1813): HoldService:toast switch is close!
06-24 16:27:55.036 D/ApplicationPackageManager(27906): queryIntentActivitiesAsUser blocked, Intent { act=android.intent.action.MAIN cat=[android.intent.category.LAUNCHER] pkg=com.github.shadowsocks }
06-24 16:27:55.037 D/HsmInterfaceImpl(27906): List [ResolveInfo{57d5949 com.github.shadowsocks/.MainActivity m=0x108000}]
06-24 16:27:55.045 I/GRALLOC (  679): 	 shrFd=10,fmt=0x1,intFmt=0x200000001,btStrd=4352,size=8486912,pid=679 
06-24 16:27:55.045 I/GRALLOC (  679): 	 yuv=2,w=1080,h=1920,Stride u=0 v=0,offset u=0 v=0 
06-24 16:27:55.045 I/GRALLOC (  679): 	 iova_size=8486912,conUsg=0xb00,proUsg=0xb00,	 strd=1088,[afbc]HdrStrd=1088 PyldStrd=69632 Scrmbl=2,ionhnd = 1 
06-24 16:27:55.053 D/WindowManager(  657): finishDrawingWindow: Window{e75b06e u0 com.excelliance.dualaid/com.excelliance.kxqp.ui.HelloActivity} mDrawState=DRAW_PENDING
06-24 16:27:55.055 V/WindowManager(  657): Checking 1 opening apps (frozen=false timeout=false)...
06-24 16:27:55.055 V/WindowManager(  657): Check opening app=AppWindowToken{ab247b1 token=Token{9866a58 ActivityRecord{bb6633b u0 com.excelliance.dualaid/com.excelliance.kxqp.ui.HelloActivity t16043}}}: allDrawn=true startingDisplayed=false startingMoved=false isRelaunching()=false
06-24 16:27:55.059 I/ActivityManager(  657): Displayed com.excelliance.dualaid/com.excelliance.kxqp.ui.HelloActivity: +216ms
06-24 16:27:55.061 V/WindowManager(  657): Checking 0 opening apps (frozen=false timeout=false)...
06-24 16:27:55.065 D/BarTransitions.HwPhoneStatusBarView( 1513): MODE_TRANSLUCENT -> MODE_TRANSPARENT animate=false
06-24 16:27:55.065 D/BarTransitions.HwPhoneStatusBarView( 1513): applyModeBackground oldMode=MODE_TRANSLUCENT newMode=MODE_TRANSPARENT animate=false
06-24 16:27:55.065 D/PMS1000 (  657): package:com.excelliance.dualaid, input flags:8192, output hwFlags:0
06-24 16:27:55.066 I/GRALLOC (  679): 	 shrFd=10,fmt=0x1,intFmt=0x200000001,btStrd=4352,size=8486912,pid=679 
06-24 16:27:55.066 I/GRALLOC (  679): 	 yuv=2,w=1080,h=1920,Stride u=0 v=0,offset u=0 v=0 
06-24 16:27:55.066 I/GRALLOC (  679): 	 iova_size=8486912,conUsg=0xb00,proUsg=0xb00,	 strd=1088,[afbc]HdrStrd=1088 PyldStrd=69632 Scrmbl=2,ionhnd = 1 
06-24 16:27:55.066 W/HSM     ( 1813): HoldService:toast switch is close!
06-24 16:27:55.067 D/ApplicationPackageManager(27906): queryIntentActivitiesAsUser blocked, Intent { act=android.intent.action.MAIN cat=[android.intent.category.LAUNCHER] pkg=com.excelliance.dualaid }
06-24 16:27:55.067 D/HsmInterfaceImpl(27906): List [ResolveInfo{e2d9f6f com.excelliance.dualaid/com.excelliance.kxqp.ui.HelloActivity m=0x108000}]
06-24 16:27:55.069 I/GRALLOC (  679): 	 shrFd=10,fmt=0x1,intFmt=0x200000001,btStrd=4352,size=8486912,pid=679 
06-24 16:27:55.069 I/GRALLOC (  679): 	 yuv=2,w=1080,h=1920,Stride u=0 v=0,offset u=0 v=0 
06-24 16:27:55.069 I/GRALLOC (  679): 	 iova_size=8486912,conUsg=0xb00,proUsg=0xb00,	 strd=1088,[afbc]HdrStrd=1088 PyldStrd=69632 Scrmbl=2,ionhnd = 1 
06-24 16:27:55.073 D/BarTransitions.HwNavigationBarView( 1513): MODE_OPAQUE -> MODE_TRANSPARENT animate=false
06-24 16:27:55.073 D/BarTransitions.HwNavigationBarView( 1513): applyModeBackground oldMode=MODE_OPAQUE newMode=MODE_TRANSPARENT animate=false
06-24 16:27:55.073 E/BufferQueueProducer(  710): [com.excelliance.dualaid/com.excelliance.kxqp.swipe.NavActivity2#0] disconnect: not connected (req=1)
06-24 16:27:55.073 W/libEGL  (27906): EGLNativeWindowType 0xd0cbd808 disconnect failed
06-24 16:27:55.097 W/HSM     ( 1813): HoldService:toast switch is close!
06-24 16:27:55.098 D/ApplicationPackageManager(27906): queryIntentActivitiesAsUser blocked, Intent { act=android.intent.action.MAIN cat=[android.intent.category.LAUNCHER] pkg=com.tencent.tmgp.qqx5 }
06-24 16:27:55.098 D/HsmInterfaceImpl(27906): List [ResolveInfo{8b94105 com.tencent.tmgp.qqx5/.DGMMainActivity m=0x108000}]
06-24 16:27:55.126 D/HwArpVerifier(  657): getGateWayARPResponses: arp rtt = 8
06-24 16:27:55.127 E/HwCHRWifiRSSIGroupSummery(  657): updatArpSummery mRSSI:-45  HwCHRWifiRSSIGroup [rssi_index=4, rtt_tcp_packets=0, rtt_tcp_duration=0, rtt_lan_duration=1108, rtt_lan_failures=0, rtt_lan_succ=130, rtt_lan_max=14, rtt_lan_min=3,same_area_frequency=0,adjacent_area_frequency=0]
06-24 16:27:55.141 D/PMS1000 (  657): package:com.excelliance.dualaid, input flags:8192, output hwFlags:0
06-24 16:27:55.142 W/HSM     ( 1813): HoldService:toast switch is close!
06-24 16:27:55.142 D/HwArpVerifier(  657): There are 1 mac address for gateway 
06-24 16:27:55.142 D/HwArpVerifier(  657): from HEART_CHECK transmit to state:HEART_CHECK
06-24 16:27:55.142 D/HwArpVerifier(  657): msg what=124 arg1(token)=6 arg2(mode)=0 delay=30000
06-24 16:27:55.142 D/HwArpVerifier(  657): performPollAndLog:
06-24 16:27:55.143 D/ApplicationPackageManager(27906): queryIntentActivitiesAsUser blocked, Intent { act=android.intent.action.MAIN cat=[android.intent.category.LAUNCHER] pkg=com.huawei.android.pushagent }
06-24 16:27:55.143 D/HsmInterfaceImpl(27906): List []
06-24 16:27:55.143 D/hw_netstat(  657): total/8878/4195,com.excelliance.dualaid/8572/3835,unknown:0/306/0,com.android.vending/0/240,com.google.uid.shared:10089/0/120
06-24 16:27:55.145 D/PMS1000 (  657): package:com.excelliance.dualaid, input flags:8192, output hwFlags:0
06-24 16:27:55.146 W/HSM     ( 1813): HoldService:toast switch is close!
06-24 16:27:55.146 D/ApplicationPackageManager(27906): queryIntentActivitiesAsUser blocked, Intent { act=android.intent.action.MAIN cat=[android.intent.category.LAUNCHER] pkg=com.huawei.appmarket }
06-24 16:27:55.147 D/HsmInterfaceImpl(27906): List [ResolveInfo{81ec38b com.huawei.appmarket/.MainActivity m=0x108000}]
06-24 16:27:55.150 E/asset   (27906): createFromFile(): lock file /data/resource-cache/system@emui@base@overlay@frameworkhwexthonor@frameworkhwexthonor.apk@idmap.
06-24 16:27:55.150 E/asset   (27906): createFromFile(): lock file /data/resource-cache/system@emui@base@overlay@frameworkhwexthonor@frameworkhwexthonor.apk@idmap.
06-24 16:27:55.151 W/ResourceType(27906): Found multiple library tables, ignoring...
06-24 16:27:55.160 D/HwRecentsLockUtils( 1513): Search
06-24 16:27:55.160 E/HsmCoreServiceImpl( 1478): onTransact in code is: 103
06-24 16:27:55.160 I/MediaProcessHandler( 1478): playingUids: 
06-24 16:27:55.161 D/ActivityManager(  657): Skipping, home or recents stack task: TaskRecord{333215f #15658 A=com.huawei.android.launcher U=0 StackId=0 sz=1}
06-24 16:27:55.161 D/ActivityManager(  657): Skipping intent:act=android.intent.action.MAIN cat=[android.intent.category.LAUNCHER] flg=0x10a00000 cmp=io.appium.settings/.Settings
06-24 16:27:55.161 D/ActivityManager(  657): Skipping intent:flg=0x10804000 cmp=com.android.systemui/.recents.RecentsActivity bnds=[48,928][1032,2296]
06-24 16:27:55.161 D/ActivityManager(  657): Skipping intent:flg=0x18800000 cmp=com.tencent.mm/.plugin.base.stub.WXPayEntryActivity
06-24 16:27:55.161 D/ActivityManager(  657): Skipping intent:flg=0x10800000 cmp=com.huawei.systemmanager/com.huawei.permissionmanager.ui.MainActivity
06-24 16:27:55.161 D/ActivityManager(  657): Skipping intent:flg=0x18800000 cmp=com.tencent.mm/.plugin.base.stub.WXEntryActivity
06-24 16:27:55.161 D/ActivityManager(  657): Skipping intent:act=com.huawei.action.VOICE_ASSISTANT flg=0x10800000 pkg=com.huawei.vassistant cmp=com.huawei.vassistant/.ui.main.VAssistantActivity
06-24 16:27:55.161 D/ActivityManager(  657): Skipping intent:act=com.huawei.android.launcher.action.ACCESS_SPLIT_SCREEN_APP cat=[android.intent.category.DEFAULT] flg=0x10804000 cmp=com.huawei.android.launcher/.splitscreen.SplitScreenAppActivity
06-24 16:27:55.161 D/ActivityManager(  657): Skipping intent:flg=0x10800000 pkg=com.excelliance.dualaid.b64 cmp=com.excelliance.dualaid.b64/com.excelliance.kxqp.sdk.PermissionRequestActivity
06-24 16:27:55.161 D/ActivityManager(  657): Skipping intent:act=android.intent.action.VIEW dat=content://com.excelliance.dualaid.fileProvider/external_storage_root/Download/apk/Multiple_64.apk typ=application/vnd.android.package-archive flg=0x10800001 cmp=com.android.packageinstaller/.InstallStart
06-24 16:27:55.161 D/ActivityManager(  657): Skipping intent:flg=0x10800000 cmp=com.android.systemui/.usb.HwUsbDebuggingActivity
06-24 16:27:55.161 D/ActivityManager(  657): Skipping intent:act=android.deviceinfo.chooser.action.LAUNCH flg=0x10800000 hwFlg=0x100 pkg=com.android.settings cmp=com.android.settings/.deviceinfo.UsbConnModeChooserActivity
06-24 16:27:55.161 D/ActivityManager(  657): Skipping intent:flg=0x10800000 cmp=com.zol.android/.push.KeepLiveActivity
06-24 16:27:55.161 D/ActivityManager(  657): Skipping intent:act=android.intent.action.MAIN cat=[android.intent.category.HOME] flg=0x10800300 cmp=com.android.settings/.FallbackHome
06-24 16:27:55.180 D/PMS1000 (  657): package:com.excelliance.dualaid, input flags:8192, output hwFlags:0
06-24 16:27:55.181 W/HSM     ( 1813): HoldService:toast switch is close!
06-24 16:27:55.181 D/ApplicationPackageManager(27906): queryIntentActivitiesAsUser blocked, Intent { act=android.intent.action.MAIN cat=[android.intent.category.LAUNCHER] pkg=com.wandoujia.phoenix2 }
06-24 16:27:55.181 D/HsmInterfaceImpl(27906): List [ResolveInfo{73d7d26 com.wandoujia.phoenix2/com.pp.assistant.activity.PPMainActivity m=0x108000}]
06-24 16:27:55.208 D/PMS1000 (  657): package:com.excelliance.dualaid, input flags:8192, output hwFlags:0
06-24 16:27:55.209 W/HSM     ( 1813): HoldService:toast switch is close!
06-24 16:27:55.210 D/ApplicationPackageManager(27906): queryIntentActivitiesAsUser blocked, Intent { act=android.intent.action.MAIN cat=[android.intent.category.LAUNCHER] pkg=com.tencent.mm }
06-24 16:27:55.210 D/HsmInterfaceImpl(27906): List [ResolveInfo{7694714 com.tencent.mm/.ui.LauncherUI m=0x108000}]
06-24 16:27:55.211 D/HelloActivity(27906): onSuccess: respone:{"code":1,"message":"success","data":{"switch":1},"service":"onekeyswitch"}
06-24 16:27:55.216 D/VersionManager(27935): xml=<?xml version="1.0" encoding="utf-8"?><upinfo></upinfo>
06-24 16:27:55.225 W/HSM     ( 1813): HoldService:toast switch is close!
06-24 16:27:55.226 D/ApplicationPackageManager(27906): queryIntentActivitiesAsUser blocked, Intent { act=android.intent.action.MAIN cat=[android.intent.category.LAUNCHER] pkg=com.android.providers.media }
06-24 16:27:55.226 D/HsmInterfaceImpl(27906): List []
06-24 16:27:55.229 W/HSM     ( 1813): HoldService:toast switch is close!
06-24 16:27:55.230 D/ApplicationPackageManager(27906): queryIntentActivitiesAsUser blocked, Intent { act=android.intent.action.MAIN cat=[android.intent.category.LAUNCHER] pkg=com.huawei.vassistant }
06-24 16:27:55.230 D/HsmInterfaceImpl(27906): List [ResolveInfo{8f38bbd com.huawei.vassistant/.ui.main.VAssistantActivity m=0x108000}]
06-24 16:27:55.234 E/asset   (27906): createFromFile(): lock file /data/resource-cache/system@emui@base@overlay@frameworkhwexthonor@frameworkhwexthonor.apk@idmap.
06-24 16:27:55.234 E/asset   (27906): createFromFile(): lock file /data/resource-cache/system@emui@base@overlay@frameworkhwexthonor@frameworkhwexthonor.apk@idmap.
06-24 16:27:55.234 W/ResourceType(27906): Found multiple library tables, ignoring...
06-24 16:27:55.277 V/ActivityManager(  657): Making visible and scheduling visibility: ActivityRecord{d5c9105 u0 com.huawei.android.launcher/.unihome.UniHomeLauncher t15658}
06-24 16:27:55.278 V/WindowManager(  657): No longer Stopped: AppWindowToken{d3a938b token=Token{377755a ActivityRecord{d5c9105 u0 com.huawei.android.launcher/.unihome.UniHomeLauncher t15658}}}
06-24 16:27:55.329 D/PMS1000 (  657): package:com.excelliance.dualaid, input flags:8192, output hwFlags:0
06-24 16:27:55.330 D/ActivityThread(27906): Remove activity client record, r= ActivityRecord{414755e token=android.os.BinderProxy@31abee5 {com.excelliance.dualaid/com.excelliance.kxqp.swipe.NavActivity2}} token= android.os.BinderProxy@31abee5
06-24 16:27:55.330 V/ActivityThread( 2519): Handle window ActivityRecord{4719bb8 token=android.os.BinderProxy@b3fca27 {com.huawei.android.launcher/com.huawei.android.launcher.unihome.UniHomeLauncher}} visibility: true
06-24 16:27:55.332 E/HwLauncher( 2519): SettingsEx , no such field.
06-24 16:27:55.332 W/HwLauncher( 2519): Clock getDataFormat the getSystemString failed.
06-24 16:27:55.332 V/WindowManager(  657): removeIfPossible: Window{259562 u0 com.excelliance.dualaid/com.excelliance.kxqp.swipe.NavActivity2} callers=com.android.server.wm.WindowState.removeIfPossible:1914 com.android.server.wm.WindowManagerService.removeWindow:2022 com.android.server.wm.Session.remove:218 android.view.IWindowSession$Stub.onTransact:242 com.android.server.wm.Session.onTransact:161 
06-24 16:27:55.333 I/WindowManager(  657): Destroying surface Surface(name=com.excelliance.dualaid/com.excelliance.kxqp.swipe.NavActivity2) called by com.android.server.wm.WindowStateAnimator.destroySurface:2060 com.android.server.wm.WindowStateAnimator.destroySurfaceLocked:873 com.android.server.wm.HwWindowStateAnimator.destroySurfaceLocked:1006 com.android.server.wm.WindowState.removeImmediately:1899 com.android.server.wm.WindowState.removeIfPossible:2051 com.android.server.wm.WindowState.removeIfPossible:1914 com.android.server.wm.WindowManagerService.removeWindow:2022 com.android.server.wm.Session.remove:218 
06-24 16:27:55.333 D/HwQoEUtils(  657): mForegroundAppPackageName: com.huawei.android.launcher ,score: 0
06-24 16:27:55.334 D/HwQoEUtils(  657): onForegroundAppWifiSleepChange: config:false, sleeptime:-1,type: 255, appname:com.huawei.android.launcher
06-24 16:27:55.334 D/HwQoEUtils(  657): APP type: 255 appName= com.huawei.android.launcher
06-24 16:27:55.334 V/WindowManager(  657): postWindowRemoveCleanupLocked: Window{259562 u0 com.excelliance.dualaid/com.excelliance.kxqp.swipe.NavActivity2}
06-24 16:27:55.334 D/HwQoEUtils(  657): no game, APP_TYPE_GAME, appName =com.huawei.android.launcher
06-24 16:27:55.334 V/WindowManager(  657): Removing Window{259562 u0 com.excelliance.dualaid/com.excelliance.kxqp.swipe.NavActivity2} from AppWindowToken{8b5005f token=Token{9df00fe ActivityRecord{2ea34b9 u0 com.excelliance.dualaid/com.excelliance.kxqp.swipe.NavActivity2 t16043}}}
06-24 16:27:55.335 D/HwGameAssistantController(  657): pid=2519, uid=10056, foreground=true
06-24 16:27:55.337 W/HSM     ( 1813): HoldService:toast switch is close!
06-24 16:27:55.342 V/WindowManager(  657): removeAppToken: AppWindowToken{8b5005f token=Token{9df00fe ActivityRecord{2ea34b9 u0 com.excelliance.dualaid/com.excelliance.kxqp.swipe.NavActivity2 t16043}}} delayed=false Callers=com.android.server.wm.DisplayContent.removeAppToken:985 com.android.server.wm.AppWindowContainerController.removeContainer:348 com.android.server.am.ActivityRecord.removeWindowContainer:1039 com.android.server.am.ActivityStack.removeActivityFromHistoryLocked:4491 
06-24 16:27:55.343 D/ApplicationPackageManager(27906): queryIntentActivitiesAsUser blocked, Intent { act=android.intent.action.MAIN cat=[android.intent.category.LAUNCHER] pkg=com.facebook.katana }
06-24 16:27:55.344 D/HsmInterfaceImpl(27906): List [ResolveInfo{11dc080 com.facebook.katana/.LoginActivity m=0x108000}]
06-24 16:27:55.346 I/HwNetworkPolicy(  657): onTransact, code = 203
06-24 16:27:55.346 I/HwNetworkPolicyManager( 1813): getHwUidPolicy uid = 10056 policy = 0
06-24 16:27:55.358 D/mali_winsys( 2519): EGLint new_window_surface(egl_winsys_display *, void *, EGLSurface, EGLConfig, egl_winsys_surface **, egl_color_buffer_format *, EGLBoolean) returns 0x3000
06-24 16:27:55.358 I/GRALLOC (  679): 	 shrFd=10,fmt=0x1,intFmt=0x200000001,btStrd=4352,size=8486912,pid=679 
06-24 16:27:55.358 I/GRALLOC (  679): 	 yuv=2,w=1080,h=1920,Stride u=0 v=0,offset u=0 v=0 
06-24 16:27:55.358 I/GRALLOC (  679): 	 iova_size=8486912,conUsg=0x900,proUsg=0x900,	 strd=1088,[afbc]HdrStrd=1088 PyldStrd=69632 Scrmbl=2,ionhnd = 1 
06-24 16:27:55.364 I/chatty  (  679): uid=1000(system) allocator@2.0-s identical 1 line
06-24 16:27:55.368 I/GRALLOC (  679): 	 shrFd=10,fmt=0x1,intFmt=0x200000001,btStrd=4352,size=8486912,pid=679 
06-24 16:27:55.368 I/GRALLOC (  679): 	 yuv=2,w=1080,h=1920,Stride u=0 v=0,offset u=0 v=0 
06-24 16:27:55.368 I/GRALLOC (  679): 	 iova_size=8486912,conUsg=0x900,proUsg=0x900,	 strd=1088,[afbc]HdrStrd=1088 PyldStrd=69632 Scrmbl=2,ionhnd = 1 
06-24 16:27:55.371 W/AwareLog(  657): SchedLevelBoost: onFgActivitiesChanged config not set!
06-24 16:27:55.409 I/GRALLOC (  679): 	 shrFd=10,fmt=0x1,intFmt=0x200000001,btStrd=4352,size=8486912,pid=679 
06-24 16:27:55.409 I/GRALLOC (  679): 	 yuv=2,w=1080,h=1920,Stride u=0 v=0,offset u=0 v=0 
06-24 16:27:55.409 I/GRALLOC (  679): 	 iova_size=8486912,conUsg=0xb00,proUsg=0xb00,	 strd=1088,[afbc]HdrStrd=1088 PyldStrd=69632 Scrmbl=2,ionhnd = 1 
06-24 16:27:55.427 D/WindowManager(  657): finishDrawingWindow: Window{68d6975 u0 com.huawei.android.launcher/com.huawei.android.launcher.unihome.UniHomeLauncher} mDrawState=DRAW_PENDING
06-24 16:27:55.433 D/ImageWallpaper( 1513): onOffsetsChanged: xOffset=0.0, yOffset=0.0, xOffsetStep=0.0, yOffsetStep=0.0, xPixels=0, yPixels=0
06-24 16:27:55.433 D/ImageWallpaper( 1513): Suppressed drawFrame since redraw is not needed and offsets have not changed.sf=Rect(0, 0 - 2160, 1920)
06-24 16:27:55.434 D/ImageWallpaper( 1513): onVisibilityChanged: mVisible, visible=false, true
06-24 16:27:55.434 D/ImageWallpaper( 1513): Visibility changed to visible=true
06-24 16:27:55.434 D/ImageWallpaper( 1513): Suppressed drawFrame since redraw is not needed and offsets have not changed.sf=Rect(0, 0 - 2160, 1920)
06-24 16:27:55.436 W/JankService(  777): processEntry, not beta version or commercial log off
06-24 16:27:55.439 E/asset   (27906): createFromFile(): lock file /data/resource-cache/system@emui@base@overlay@frameworkhwexthonor@frameworkhwexthonor.apk@idmap.
06-24 16:27:55.439 E/asset   (27906): createFromFile(): lock file /data/resource-cache/system@emui@base@overlay@frameworkhwexthonor@frameworkhwexthonor.apk@idmap.
06-24 16:27:55.439 W/ResourceType(27906): Found multiple library tables, ignoring...
06-24 16:27:55.478 D/HwFLClassLoader( 2519): USE_FEATURE_LIST had not init! 
06-24 16:27:55.488 E/asset   ( 2519): createFromFile(): lock file /data/resource-cache/system@emui@base@overlay@frameworkhwexthonor@frameworkhwexthonor.apk@idmap.
06-24 16:27:55.488 E/asset   ( 2519): createFromFile(): lock file /data/resource-cache/system@emui@base@overlay@frameworkhwexthonor@frameworkhwexthonor.apk@idmap.
06-24 16:27:55.488 W/ResourceType( 2519): Found multiple library tables, ignoring...
06-24 16:27:55.491 D/PMS1000 (  657): package:com.excelliance.dualaid, input flags:8192, output hwFlags:0
06-24 16:27:55.492 W/HSM     ( 1813): HoldService:toast switch is close!
06-24 16:27:55.495 D/ApplicationPackageManager(27906): queryIntentActivitiesAsUser blocked, Intent { act=android.intent.action.MAIN cat=[android.intent.category.LAUNCHER] pkg=com.huawei.trustcircle }
06-24 16:27:55.495 D/HsmInterfaceImpl(27906): List []
06-24 16:27:55.501 W/HSM     ( 1813): HoldService:toast switch is close!
06-24 16:27:55.502 D/ApplicationPackageManager(27906): queryIntentActivitiesAsUser blocked, Intent { act=android.intent.action.MAIN cat=[android.intent.category.LAUNCHER] pkg=com.jingdong.app.mall }
06-24 16:27:55.503 D/HsmInterfaceImpl(27906): List [ResolveInfo{ede64ac com.jingdong.app.mall/.main.MainActivity m=0x108000}]
06-24 16:27:55.504 D/HwFLClassLoader( 2519): USE_FEATURE_LIST had not init! 
06-24 16:27:55.509 E/asset   ( 2519): createFromFile(): lock file /data/resource-cache/system@emui@base@overlay@frameworkhwexthonor@frameworkhwexthonor.apk@idmap.
06-24 16:27:55.509 E/asset   ( 2519): createFromFile(): lock file /data/resource-cache/system@emui@base@overlay@frameworkhwexthonor@frameworkhwexthonor.apk@idmap.
06-24 16:27:55.509 W/ResourceType( 2519): Found multiple library tables, ignoring...
06-24 16:27:55.539 D/HwWifiStatStore(  657): handleMessage : 200
06-24 16:27:55.577 W/HSM     ( 1813): HoldService:toast switch is close!
06-24 16:27:55.578 D/ApplicationPackageManager(27906): queryIntentActivitiesAsUser blocked, Intent { act=android.intent.action.MAIN cat=[android.intent.category.LAUNCHER] pkg=com.tencent.mobileqq }
06-24 16:27:55.578 D/HsmInterfaceImpl(27906): List [ResolveInfo{27ad90a com.tencent.mobileqq/.activity.SplashActivity m=0x108000}]
06-24 16:27:55.602 W/HSM     ( 1813): HoldService:toast switch is close!
06-24 16:27:55.604 D/ApplicationPackageManager(27906): queryIntentActivitiesAsUser blocked, Intent { act=android.intent.action.MAIN cat=[android.intent.category.LAUNCHER] pkg=com.zol.android }
06-24 16:27:55.604 D/HsmInterfaceImpl(27906): List [ResolveInfo{42ba57b com.zol.android/.ui.FirstActivity m=0x108000}]
06-24 16:27:55.658 W/HSM     ( 1813): HoldService:toast switch is close!
06-24 16:27:55.661 D/ApplicationPackageManager(27906): queryIntentActivitiesAsUser blocked, Intent { act=android.intent.action.MAIN cat=[android.intent.category.LAUNCHER] pkg=com.huawei.hiskytone }
06-24 16:27:55.661 D/HsmInterfaceImpl(27906): List [ResolveInfo{924f3f1 com.huawei.hiskytone/com.huawei.skytone.account.welcome.SplashActivity m=0x108000}]
06-24 16:27:55.728 D/PMS1000 (  657): package:com.excelliance.dualaid, input flags:8192, output hwFlags:0
06-24 16:27:55.730 W/HSM     ( 1813): HoldService:toast switch is close!
06-24 16:27:55.732 D/ApplicationPackageManager(27906): queryIntentActivitiesAsUser blocked, Intent { act=android.intent.action.MAIN cat=[android.intent.category.LAUNCHER] pkg=com.huawei.hwid }
06-24 16:27:55.732 D/HsmInterfaceImpl(27906): List []
06-24 16:27:55.734 D/NetWorkUtils( 1513): mVSimCurCardType is -1
06-24 16:27:55.738 D/PMS1000 (  657): package:com.excelliance.dualaid, input flags:8192, output hwFlags:0
06-24 16:27:55.740 W/HSM     ( 1813): HoldService:toast switch is close!
06-24 16:27:55.741 D/ApplicationPackageManager(27906): queryIntentActivitiesAsUser blocked, Intent { act=android.intent.action.MAIN cat=[android.intent.category.LAUNCHER] pkg=com.sina.weibo }
06-24 16:27:55.742 D/HsmInterfaceImpl(27906): List [ResolveInfo{df69d44 com.sina.weibo/.SplashActivity m=0x108000}]
06-24 16:27:55.757 E/asset   ( 2519): createFromFile(): lock file /data/resource-cache/system@emui@base@overlay@frameworkhwexthonor@frameworkhwexthonor.apk@idmap.
06-24 16:27:55.757 E/asset   ( 2519): createFromFile(): lock file /data/resource-cache/system@emui@base@overlay@frameworkhwexthonor@frameworkhwexthonor.apk@idmap.
06-24 16:27:55.757 W/ResourceType( 2519): Found multiple library tables, ignoring...
06-24 16:27:55.768 D/HwFLClassLoader( 2519): USE_FEATURE_LIST had not init! 
06-24 16:27:55.846 W/HSM     ( 1813): HoldService:toast switch is close!
06-24 16:27:55.847 D/ApplicationPackageManager(27906): queryIntentActivitiesAsUser blocked, Intent { act=android.intent.action.MAIN cat=[android.intent.category.LAUNCHER] pkg=com.antutu.ABenchMark }
06-24 16:27:55.847 D/HsmInterfaceImpl(27906): List [ResolveInfo{5a57f62 com.antutu.ABenchMark/.ABenchMarkStart m=0x108000}]
06-24 16:27:55.903 W/HSM     ( 1813): HoldService:toast switch is close!
06-24 16:27:55.905 D/ApplicationPackageManager(27906): queryIntentActivitiesAsUser blocked, Intent { act=android.intent.action.MAIN cat=[android.intent.category.LAUNCHER] pkg=com.sankuai.meituan.takeoutnew }
06-24 16:27:55.905 D/HsmInterfaceImpl(27906): List [ResolveInfo{16d3029 com.sankuai.meituan.takeoutnew/.ui.page.boot.WelcomeActivity m=0x108000}]
06-24 16:27:55.910 W/OpenGLRenderer( 2519): Incorrectly called buildLayer on View: ShortcutAndWidgetContainer, destroying layer...
06-24 16:27:55.910 W/OpenGLRenderer( 2519): Incorrectly called buildLayer on View: ShortcutAndWidgetContainer, destroying layer...
06-24 16:27:55.915 I/GRALLOC (  679): 	 shrFd=10,fmt=0x1,intFmt=0x200000001,btStrd=4352,size=8486912,pid=679 
06-24 16:27:55.915 I/GRALLOC (  679): 	 yuv=2,w=1080,h=1920,Stride u=0 v=0,offset u=0 v=0 
06-24 16:27:55.915 I/GRALLOC (  679): 	 iova_size=8486912,conUsg=0xb00,proUsg=0xb00,	 strd=1088,[afbc]HdrStrd=1088 PyldStrd=69632 Scrmbl=2,ionhnd = 1 
06-24 16:27:55.957 D/PMS1000 (  657): package:com.excelliance.dualaid, input flags:8192, output hwFlags:0
06-24 16:27:55.958 W/HSM     ( 1813): HoldService:toast switch is close!
06-24 16:27:55.960 D/ApplicationPackageManager(27906): queryIntentActivitiesAsUser blocked, Intent { act=android.intent.action.MAIN cat=[android.intent.category.LAUNCHER] pkg=com.vmall.client }
06-24 16:27:55.960 D/HsmInterfaceImpl(27906): List [ResolveInfo{48f814f com.vmall.client/.splash.fragment.SplashActivity m=0x108000}]
06-24 16:27:56.009 D/PMS1000 (  657): package:com.excelliance.dualaid, input flags:8192, output hwFlags:0
06-24 16:27:56.011 W/HSM     ( 1813): HoldService:toast switch is close!
06-24 16:27:56.012 D/ApplicationPackageManager(27906): queryIntentActivitiesAsUser blocked, Intent { act=android.intent.action.MAIN cat=[android.intent.category.LAUNCHER] pkg=com.android.browser }
06-24 16:27:56.012 D/HsmInterfaceImpl(27906): List [ResolveInfo{70398ba com.android.browser/com.tencent.mtt.SplashActivity m=0x108000}]
06-24 16:27:56.076 D/PMS1000 (  657): package:com.excelliance.dualaid, input flags:8192, output hwFlags:0
06-24 16:27:56.078 W/HSM     ( 1813): HoldService:toast switch is close!
06-24 16:27:56.079 D/ApplicationPackageManager(27906): queryIntentActivitiesAsUser blocked, Intent { act=android.intent.action.MAIN cat=[android.intent.category.LAUNCHER] pkg=com.eg.android.AlipayGphone }
06-24 16:27:56.079 D/HsmInterfaceImpl(27906): List [ResolveInfo{389bb61 com.eg.android.AlipayGphone/.AlipayLogin m=0x108000}]
06-24 16:27:56.117 D/PMS1000 (  657): package:com.excelliance.dualaid, input flags:8192, output hwFlags:0
06-24 16:27:56.119 W/HSM     ( 1813): HoldService:toast switch is close!
06-24 16:27:56.120 D/ApplicationPackageManager(27906): queryIntentActivitiesAsUser blocked, Intent { act=android.intent.action.MAIN cat=[android.intent.category.LAUNCHER] pkg=com.android.mediacenter }
06-24 16:27:56.120 D/HsmInterfaceImpl(27906): List [ResolveInfo{7744b47 com.android.mediacenter/.PageActivity m=0x108000}]
06-24 16:27:56.131 E/asset   (27906): createFromFile(): lock file /data/resource-cache/system@emui@base@overlay@frameworkhwexthonor@frameworkhwexthonor.apk@idmap.
06-24 16:27:56.131 E/asset   (27906): createFromFile(): lock file /data/resource-cache/system@emui@base@overlay@frameworkhwexthonor@frameworkhwexthonor.apk@idmap.
06-24 16:27:56.131 W/ResourceType(27906): Found multiple library tables, ignoring...
06-24 16:27:56.192 W/HSM     ( 1813): HoldService:toast switch is close!
06-24 16:27:56.192 D/ApplicationPackageManager(27906): queryIntentActivitiesAsUser blocked, Intent { act=android.intent.action.MAIN cat=[android.intent.category.LAUNCHER] pkg=com.huawei.himovie }
06-24 16:27:56.193 D/HsmInterfaceImpl(27906): List [ResolveInfo{5308512 com.huawei.himovie/.ui.login.SplashScreenActivity m=0x108000}]
06-24 16:27:56.200 E/asset   (27906): createFromFile(): lock file /data/resource-cache/system@emui@base@overlay@frameworkhwexthonor@frameworkhwexthonor.apk@idmap.
06-24 16:27:56.200 E/asset   (27906): createFromFile(): lock file /data/resource-cache/system@emui@base@overlay@frameworkhwexthonor@frameworkhwexthonor.apk@idmap.
06-24 16:27:56.200 W/ResourceType(27906): Found multiple library tables, ignoring...
06-24 16:27:56.252 W/HSM     ( 1813): HoldService:toast switch is close!
06-24 16:27:56.253 D/ApplicationPackageManager(27906): queryIntentActivitiesAsUser blocked, Intent { act=android.intent.action.MAIN cat=[android.intent.category.LAUNCHER] pkg=com.huawei.hnreader }
06-24 16:27:56.253 D/HsmInterfaceImpl(27906): List [ResolveInfo{dd57599 com.huawei.hnreader/com.qq.reader.activity.SplashActivity m=0x108000}]
06-24 16:27:56.261 E/asset   (27906): createFromFile(): lock file /data/resource-cache/system@emui@base@overlay@frameworkhwexthonor@frameworkhwexthonor.apk@idmap.
06-24 16:27:56.261 E/asset   (27906): createFromFile(): lock file /data/resource-cache/system@emui@base@overlay@frameworkhwexthonor@frameworkhwexthonor.apk@idmap.
06-24 16:27:56.261 W/ResourceType(27906): Found multiple library tables, ignoring...
06-24 16:27:56.314 W/HSM     ( 1813): HoldService:toast switch is close!
06-24 16:27:56.315 D/ApplicationPackageManager(27906): queryIntentActivitiesAsUser blocked, Intent { act=android.intent.action.MAIN cat=[android.intent.category.LAUNCHER] pkg=com.twitter.android }
06-24 16:27:56.316 D/HsmInterfaceImpl(27906): List [ResolveInfo{d01a90c com.twitter.android/.StartActivity m=0x108000}]
06-24 16:27:56.320 E/WifiHAL (  706): enter wifi_get_link_stats
06-24 16:27:56.333 E/wificond(  765): Failed to get NL80211_STA_INFO_CNAHLOAD
06-24 16:27:56.333 E/WificondControl(  657): Noise: -91, Snr: 0, Chload: -1
06-24 16:27:56.334 D/HwWifiCHRStateManager(  657): handleMessage : 1001
06-24 16:27:56.334 D/HwWifiCHRStateManager(  657): handleUpdateChannel:5805
06-24 16:27:56.334 V/HwWifiServiceFactory(  657): get AllImpl object = com.android.server.wifi.HwWifiServiceFactoryImpl@a390a53
06-24 16:27:56.337 D/WifiScoreReport(  657): Score = 100, wifiConnectivityManagerEnabled = false, lowScoreCount = 0
